12:16:42.849 [main] DEBUG org.jboss.logging - Logging Provider: org.jboss.logging.Slf4jLoggerProvider
12:16:42.909 [main] DEBUG o.h.jpa.HibernatePersistenceProvider - Located and parsed 2 persistence units; checking each
12:16:42.910 [main] DEBUG o.h.jpa.HibernatePersistenceProvider - Checking persistence-unit [name=HomeworkS3D3, explicit-provider=null] against incoming persistence unit name [BuildWeek_4]
12:16:42.910 [main] DEBUG o.h.jpa.HibernatePersistenceProvider - Excluding from consideration due to name mis-match
12:16:42.910 [main] DEBUG o.h.jpa.HibernatePersistenceProvider - Checking persistence-unit [name=BuildWeek_4, explicit-provider=null] against incoming persistence unit name [BuildWeek_4]
12:16:42.910 [main] DEBUG o.h.jpa.boot.spi.ProviderChecker - No PersistenceProvider explicitly requested, assuming Hibernate
12:16:42.914 [main] DEBUG o.h.jpa.internal.util.LogHelper - PersistenceUnitInfo [
	name: BuildWeek_4
	persistence provider classname: null
	classloader: null
	excludeUnlistedClasses: false
	JTA datasource: null
	Non JTA datasource: null
	Transaction type: RESOURCE_LOCAL
	PU root URL: file:/C:/Users/total/Desktop/All/Epicode/fs0223-Luca-Sernicola-BackEnd/BuildWeek_4/target/classes/
	Shared Cache Mode: null
	Validation Mode: null
	Jar files URLs []
	Managed classes names []
	Mapping files names []
	Properties [
		javax.persistence.jdbc.driver: org.postgresql.Driver
		javax.persistence.jdbc.password: root
		hibernate.dialect: org.hibernate.dialect.PostgreSQLDialect
		javax.persistence.jdbc.url: jdbc:postgresql://localhost:5432/BuildWeek_4
		hibernate.hbm2ddl.auto: update
		javax.persistence.jdbc.user: postgres]
12:16:42.917 [main] DEBUG o.h.i.internal.IntegratorServiceImpl - Adding Integrator [org.hibernate.cfg.beanvalidation.BeanValidationIntegrator].
12:16:42.918 [main] DEBUG o.h.i.internal.IntegratorServiceImpl - Adding Integrator [org.hibernate.secure.spi.JaccIntegrator].
12:16:42.921 [main] DEBUG o.h.i.internal.IntegratorServiceImpl - Adding Integrator [org.hibernate.cache.internal.CollectionCacheInvalidator].
12:16:42.945 [main] INFO  org.hibernate.Version - HHH000412: Hibernate ORM core version 5.6.15.Final
12:16:42.946 [main] DEBUG org.hibernate.cfg.Environment - HHH000206: hibernate.properties not found
12:16:43.049 [main] DEBUG o.h.service.spi.ServiceBinding - Overriding existing service binding [org.hibernate.secure.spi.JaccService]
12:16:43.057 [main] DEBUG o.h.c.i.RegionFactoryInitiator - Cannot default RegionFactory based on registered strategies as `[]` RegionFactory strategies were registered
12:16:43.057 [main] DEBUG o.h.c.i.RegionFactoryInitiator - Cache region factory : org.hibernate.cache.internal.NoCachingRegionFactory
12:16:43.069 [main] INFO  o.h.annotations.common.Version - HCANN000001: Hibernate Commons Annotations {5.1.2.Final}
12:16:43.127 [main] DEBUG o.hibernate.type.BasicTypeRegistry - Adding type registration boolean -> org.hibernate.type.BooleanType@726e5805
12:16:43.128 [main] DEBUG o.hibernate.type.BasicTypeRegistry - Adding type registration boolean -> org.hibernate.type.BooleanType@726e5805
12:16:43.128 [main] DEBUG o.hibernate.type.BasicTypeRegistry - Adding type registration java.lang.Boolean -> org.hibernate.type.BooleanType@726e5805
12:16:43.128 [main] DEBUG o.hibernate.type.BasicTypeRegistry - Adding type registration numeric_boolean -> org.hibernate.type.NumericBooleanType@e077866
12:16:43.128 [main] DEBUG o.hibernate.type.BasicTypeRegistry - Adding type registration true_false -> org.hibernate.type.TrueFalseType@a8e6492
12:16:43.128 [main] DEBUG o.hibernate.type.BasicTypeRegistry - Adding type registration yes_no -> org.hibernate.type.YesNoType@2e11485
12:16:43.130 [main] DEBUG o.hibernate.type.BasicTypeRegistry - Adding type registration byte -> org.hibernate.type.ByteType@75c9e76b
12:16:43.130 [main] DEBUG o.hibernate.type.BasicTypeRegistry - Adding type registration byte -> org.hibernate.type.ByteType@75c9e76b
12:16:43.130 [main] DEBUG o.hibernate.type.BasicTypeRegistry - Adding type registration java.lang.Byte -> org.hibernate.type.ByteType@75c9e76b
12:16:43.131 [main] DEBUG o.hibernate.type.BasicTypeRegistry - Adding type registration character -> org.hibernate.type.CharacterType@12bcd0c0
12:16:43.131 [main] DEBUG o.hibernate.type.BasicTypeRegistry - Adding type registration char -> org.hibernate.type.CharacterType@12bcd0c0
12:16:43.131 [main] DEBUG o.hibernate.type.BasicTypeRegistry - Adding type registration java.lang.Character -> org.hibernate.type.CharacterType@12bcd0c0
12:16:43.131 [main] DEBUG o.hibernate.type.BasicTypeRegistry - Adding type registration short -> org.hibernate.type.ShortType@58ebfd03
12:16:43.132 [main] DEBUG o.hibernate.type.BasicTypeRegistry - Adding type registration short -> org.hibernate.type.ShortType@58ebfd03
12:16:43.132 [main] DEBUG o.hibernate.type.BasicTypeRegistry - Adding type registration java.lang.Short -> org.hibernate.type.ShortType@58ebfd03
12:16:43.132 [main] DEBUG o.hibernate.type.BasicTypeRegistry - Adding type registration integer -> org.hibernate.type.IntegerType@5c87bfe2
12:16:43.132 [main] DEBUG o.hibernate.type.BasicTypeRegistry - Adding type registration int -> org.hibernate.type.IntegerType@5c87bfe2
12:16:43.132 [main] DEBUG o.hibernate.type.BasicTypeRegistry - Adding type registration java.lang.Integer -> org.hibernate.type.IntegerType@5c87bfe2
12:16:43.133 [main] DEBUG o.hibernate.type.BasicTypeRegistry - Adding type registration long -> org.hibernate.type.LongType@7a791b66
12:16:43.133 [main] DEBUG o.hibernate.type.BasicTypeRegistry - Adding type registration long -> org.hibernate.type.LongType@7a791b66
12:16:43.133 [main] DEBUG o.hibernate.type.BasicTypeRegistry - Adding type registration java.lang.Long -> org.hibernate.type.LongType@7a791b66
12:16:43.133 [main] DEBUG o.hibernate.type.BasicTypeRegistry - Adding type registration float -> org.hibernate.type.FloatType@4fc5e095
12:16:43.134 [main] DEBUG o.hibernate.type.BasicTypeRegistry - Adding type registration float -> org.hibernate.type.FloatType@4fc5e095
12:16:43.134 [main] DEBUG o.hibernate.type.BasicTypeRegistry - Adding type registration java.lang.Float -> org.hibernate.type.FloatType@4fc5e095
12:16:43.134 [main] DEBUG o.hibernate.type.BasicTypeRegistry - Adding type registration double -> org.hibernate.type.DoubleType@62ea3440
12:16:43.134 [main] DEBUG o.hibernate.type.BasicTypeRegistry - Adding type registration double -> org.hibernate.type.DoubleType@62ea3440
12:16:43.134 [main] DEBUG o.hibernate.type.BasicTypeRegistry - Adding type registration java.lang.Double -> org.hibernate.type.DoubleType@62ea3440
12:16:43.135 [main] DEBUG o.hibernate.type.BasicTypeRegistry - Adding type registration big_decimal -> org.hibernate.type.BigDecimalType@749c877b
12:16:43.135 [main] DEBUG o.hibernate.type.BasicTypeRegistry - Adding type registration java.math.BigDecimal -> org.hibernate.type.BigDecimalType@749c877b
12:16:43.135 [main] DEBUG o.hibernate.type.BasicTypeRegistry - Adding type registration big_integer -> org.hibernate.type.BigIntegerType@160ac7fb
12:16:43.135 [main] DEBUG o.hibernate.type.BasicTypeRegistry - Adding type registration java.math.BigInteger -> org.hibernate.type.BigIntegerType@160ac7fb
12:16:43.136 [main] DEBUG o.hibernate.type.BasicTypeRegistry - Adding type registration string -> org.hibernate.type.StringType@618c5d94
12:16:43.136 [main] DEBUG o.hibernate.type.BasicTypeRegistry - Adding type registration java.lang.String -> org.hibernate.type.StringType@618c5d94
12:16:43.136 [main] DEBUG o.hibernate.type.BasicTypeRegistry - Adding type registration nstring -> org.hibernate.type.StringNVarcharType@1e63ec0b
12:16:43.136 [main] DEBUG o.hibernate.type.BasicTypeRegistry - Adding type registration ncharacter -> org.hibernate.type.CharacterNCharType@295eaa7c
12:16:43.137 [main] DEBUG o.hibernate.type.BasicTypeRegistry - Adding type registration url -> org.hibernate.type.UrlType@1dd0e7c4
12:16:43.137 [main] DEBUG o.hibernate.type.BasicTypeRegistry - Adding type registration java.net.URL -> org.hibernate.type.UrlType@1dd0e7c4
12:16:43.137 [main] DEBUG o.hibernate.type.BasicTypeRegistry - Adding type registration Duration -> org.hibernate.type.DurationType@37bd68c3
12:16:43.137 [main] DEBUG o.hibernate.type.BasicTypeRegistry - Adding type registration java.time.Duration -> org.hibernate.type.DurationType@37bd68c3
12:16:43.138 [main] DEBUG o.hibernate.type.BasicTypeRegistry - Adding type registration Instant -> org.hibernate.type.InstantType@4bff1903
12:16:43.138 [main] DEBUG o.hibernate.type.BasicTypeRegistry - Adding type registration java.time.Instant -> org.hibernate.type.InstantType@4bff1903
12:16:43.139 [main] DEBUG o.hibernate.type.BasicTypeRegistry - Adding type registration LocalDateTime -> org.hibernate.type.LocalDateTimeType@f79a760
12:16:43.139 [main] DEBUG o.hibernate.type.BasicTypeRegistry - Adding type registration java.time.LocalDateTime -> org.hibernate.type.LocalDateTimeType@f79a760
12:16:43.139 [main] DEBUG o.hibernate.type.BasicTypeRegistry - Adding type registration LocalDate -> org.hibernate.type.LocalDateType@652a7737
12:16:43.139 [main] DEBUG o.hibernate.type.BasicTypeRegistry - Adding type registration java.time.LocalDate -> org.hibernate.type.LocalDateType@652a7737
12:16:43.140 [main] DEBUG o.hibernate.type.BasicTypeRegistry - Adding type registration LocalTime -> org.hibernate.type.LocalTimeType@4e28bdd1
12:16:43.140 [main] DEBUG o.hibernate.type.BasicTypeRegistry - Adding type registration java.time.LocalTime -> org.hibernate.type.LocalTimeType@4e28bdd1
12:16:43.141 [main] DEBUG o.hibernate.type.BasicTypeRegistry - Adding type registration OffsetDateTime -> org.hibernate.type.OffsetDateTimeType@a8c1f44
12:16:43.141 [main] DEBUG o.hibernate.type.BasicTypeRegistry - Adding type registration java.time.OffsetDateTime -> org.hibernate.type.OffsetDateTimeType@a8c1f44
12:16:43.141 [main] DEBUG o.hibernate.type.BasicTypeRegistry - Adding type registration OffsetTime -> org.hibernate.type.OffsetTimeType@78a287ed
12:16:43.141 [main] DEBUG o.hibernate.type.BasicTypeRegistry - Adding type registration java.time.OffsetTime -> org.hibernate.type.OffsetTimeType@78a287ed
12:16:43.142 [main] DEBUG o.hibernate.type.BasicTypeRegistry - Adding type registration ZonedDateTime -> org.hibernate.type.ZonedDateTimeType@2b43529a
12:16:43.142 [main] DEBUG o.hibernate.type.BasicTypeRegistry - Adding type registration java.time.ZonedDateTime -> org.hibernate.type.ZonedDateTimeType@2b43529a
12:16:43.144 [main] DEBUG o.hibernate.type.BasicTypeRegistry - Adding type registration date -> org.hibernate.type.DateType@3829ac1
12:16:43.144 [main] DEBUG o.hibernate.type.BasicTypeRegistry - Adding type registration java.sql.Date -> org.hibernate.type.DateType@3829ac1
12:16:43.144 [main] DEBUG o.hibernate.type.BasicTypeRegistry - Adding type registration time -> org.hibernate.type.TimeType@2dbe250d
12:16:43.144 [main] DEBUG o.hibernate.type.BasicTypeRegistry - Adding type registration java.sql.Time -> org.hibernate.type.TimeType@2dbe250d
12:16:43.145 [main] DEBUG o.hibernate.type.BasicTypeRegistry - Adding type registration timestamp -> org.hibernate.type.TimestampType@47404bea
12:16:43.145 [main] DEBUG o.hibernate.type.BasicTypeRegistry - Adding type registration java.sql.Timestamp -> org.hibernate.type.TimestampType@47404bea
12:16:43.145 [main] DEBUG o.hibernate.type.BasicTypeRegistry - Adding type registration java.util.Date -> org.hibernate.type.TimestampType@47404bea
12:16:43.146 [main] DEBUG o.hibernate.type.BasicTypeRegistry - Adding type registration dbtimestamp -> org.hibernate.type.DbTimestampType@29e6eb25
12:16:43.148 [main] DEBUG o.hibernate.type.BasicTypeRegistry - Adding type registration calendar -> org.hibernate.type.CalendarType@275fe372
12:16:43.148 [main] DEBUG o.hibernate.type.BasicTypeRegistry - Adding type registration java.util.Calendar -> org.hibernate.type.CalendarType@275fe372
12:16:43.148 [main] DEBUG o.hibernate.type.BasicTypeRegistry - Adding type registration java.util.GregorianCalendar -> org.hibernate.type.CalendarType@275fe372
12:16:43.148 [main] DEBUG o.hibernate.type.BasicTypeRegistry - Adding type registration calendar_date -> org.hibernate.type.CalendarDateType@366ef90e
12:16:43.148 [main] DEBUG o.hibernate.type.BasicTypeRegistry - Adding type registration calendar_time -> org.hibernate.type.CalendarTimeType@21aa6d6c
12:16:43.148 [main] DEBUG o.hibernate.type.BasicTypeRegistry - Adding type registration locale -> org.hibernate.type.LocaleType@3f446bef
12:16:43.148 [main] DEBUG o.hibernate.type.BasicTypeRegistry - Adding type registration java.util.Locale -> org.hibernate.type.LocaleType@3f446bef
12:16:43.150 [main] DEBUG o.hibernate.type.BasicTypeRegistry - Adding type registration currency -> org.hibernate.type.CurrencyType@1c80e49b
12:16:43.150 [main] DEBUG o.hibernate.type.BasicTypeRegistry - Adding type registration java.util.Currency -> org.hibernate.type.CurrencyType@1c80e49b
12:16:43.151 [main] DEBUG o.hibernate.type.BasicTypeRegistry - Adding type registration timezone -> org.hibernate.type.TimeZoneType@56f6d40b
12:16:43.151 [main] DEBUG o.hibernate.type.BasicTypeRegistry - Adding type registration java.util.TimeZone -> org.hibernate.type.TimeZoneType@56f6d40b
12:16:43.151 [main] DEBUG o.hibernate.type.BasicTypeRegistry - Adding type registration class -> org.hibernate.type.ClassType@7e3060d8
12:16:43.151 [main] DEBUG o.hibernate.type.BasicTypeRegistry - Adding type registration java.lang.Class -> org.hibernate.type.ClassType@7e3060d8
12:16:43.152 [main] DEBUG o.hibernate.type.BasicTypeRegistry - Adding type registration uuid-binary -> org.hibernate.type.UUIDBinaryType@2e54db99
12:16:43.152 [main] DEBUG o.hibernate.type.BasicTypeRegistry - Adding type registration java.util.UUID -> org.hibernate.type.UUIDBinaryType@2e54db99
12:16:43.152 [main] DEBUG o.hibernate.type.BasicTypeRegistry - Adding type registration uuid-char -> org.hibernate.type.UUIDCharType@65a4798f
12:16:43.152 [main] DEBUG o.hibernate.type.BasicTypeRegistry - Adding type registration binary -> org.hibernate.type.BinaryType@773cbf4f
12:16:43.152 [main] DEBUG o.hibernate.type.BasicTypeRegistry - Adding type registration byte[] -> org.hibernate.type.BinaryType@773cbf4f
12:16:43.152 [main] DEBUG o.hibernate.type.BasicTypeRegistry - Adding type registration [B -> org.hibernate.type.BinaryType@773cbf4f
12:16:43.153 [main] DEBUG o.hibernate.type.BasicTypeRegistry - Adding type registration wrapper-binary -> org.hibernate.type.WrapperBinaryType@69637b10
12:16:43.153 [main] DEBUG o.hibernate.type.BasicTypeRegistry - Adding type registration Byte[] -> org.hibernate.type.WrapperBinaryType@69637b10
12:16:43.153 [main] DEBUG o.hibernate.type.BasicTypeRegistry - Adding type registration [Ljava.lang.Byte; -> org.hibernate.type.WrapperBinaryType@69637b10
12:16:43.154 [main] DEBUG o.hibernate.type.BasicTypeRegistry - Adding type registration row_version -> org.hibernate.type.RowVersionType@470a696f
12:16:43.154 [main] DEBUG o.hibernate.type.BasicTypeRegistry - Adding type registration image -> org.hibernate.type.ImageType@3f1c5af9
12:16:43.154 [main] DEBUG o.hibernate.type.BasicTypeRegistry - Adding type registration characters -> org.hibernate.type.CharArrayType@1de5f0ef
12:16:43.154 [main] DEBUG o.hibernate.type.BasicTypeRegistry - Adding type registration char[] -> org.hibernate.type.CharArrayType@1de5f0ef
12:16:43.154 [main] DEBUG o.hibernate.type.BasicTypeRegistry - Adding type registration [C -> org.hibernate.type.CharArrayType@1de5f0ef
12:16:43.155 [main] DEBUG o.hibernate.type.BasicTypeRegistry - Adding type registration wrapper-characters -> org.hibernate.type.CharacterArrayType@3ce3db41
12:16:43.155 [main] DEBUG o.hibernate.type.BasicTypeRegistry - Adding type registration [Ljava.lang.Character; -> org.hibernate.type.CharacterArrayType@3ce3db41
12:16:43.155 [main] DEBUG o.hibernate.type.BasicTypeRegistry - Adding type registration Character[] -> org.hibernate.type.CharacterArrayType@3ce3db41
12:16:43.155 [main] DEBUG o.hibernate.type.BasicTypeRegistry - Adding type registration text -> org.hibernate.type.TextType@2c3dec30
12:16:43.156 [main] DEBUG o.hibernate.type.BasicTypeRegistry - Adding type registration ntext -> org.hibernate.type.NTextType@3fc9dfc5
12:16:43.156 [main] DEBUG o.hibernate.type.BasicTypeRegistry - Adding type registration blob -> org.hibernate.type.BlobType@4ba534b0
12:16:43.156 [main] DEBUG o.hibernate.type.BasicTypeRegistry - Adding type registration java.sql.Blob -> org.hibernate.type.BlobType@4ba534b0
12:16:43.157 [main] DEBUG o.hibernate.type.BasicTypeRegistry - Adding type registration materialized_blob -> org.hibernate.type.MaterializedBlobType@4e517165
12:16:43.157 [main] DEBUG o.hibernate.type.BasicTypeRegistry - Adding type registration clob -> org.hibernate.type.ClobType@34625ccd
12:16:43.157 [main] DEBUG o.hibernate.type.BasicTypeRegistry - Adding type registration java.sql.Clob -> org.hibernate.type.ClobType@34625ccd
12:16:43.158 [main] DEBUG o.hibernate.type.BasicTypeRegistry - Adding type registration nclob -> org.hibernate.type.NClobType@346939bf
12:16:43.158 [main] DEBUG o.hibernate.type.BasicTypeRegistry - Adding type registration java.sql.NClob -> org.hibernate.type.NClobType@346939bf
12:16:43.158 [main] DEBUG o.hibernate.type.BasicTypeRegistry - Adding type registration materialized_clob -> org.hibernate.type.MaterializedClobType@9bd0fa6
12:16:43.159 [main] DEBUG o.hibernate.type.BasicTypeRegistry - Adding type registration materialized_nclob -> org.hibernate.type.MaterializedNClobType@f6c03cb
12:16:43.159 [main] DEBUG o.hibernate.type.BasicTypeRegistry - Adding type registration serializable -> org.hibernate.type.SerializableType@1c9f0a20
12:16:43.161 [main] DEBUG o.hibernate.type.BasicTypeRegistry - Adding type registration object -> org.hibernate.type.ObjectType@4ae33a11
12:16:43.161 [main] DEBUG o.hibernate.type.BasicTypeRegistry - Adding type registration java.lang.Object -> org.hibernate.type.ObjectType@4ae33a11
12:16:43.161 [main] DEBUG o.hibernate.type.BasicTypeRegistry - Adding type registration imm_date -> org.hibernate.type.AdaptedImmutableType@5049d8b2
12:16:43.161 [main] DEBUG o.hibernate.type.BasicTypeRegistry - Adding type registration imm_time -> org.hibernate.type.AdaptedImmutableType@6d0b5baf
12:16:43.162 [main] DEBUG o.hibernate.type.BasicTypeRegistry - Adding type registration imm_timestamp -> org.hibernate.type.AdaptedImmutableType@631e06ab
12:16:43.162 [main] DEBUG o.hibernate.type.BasicTypeRegistry - Adding type registration imm_dbtimestamp -> org.hibernate.type.AdaptedImmutableType@2a3591c5
12:16:43.162 [main] DEBUG o.hibernate.type.BasicTypeRegistry - Adding type registration imm_calendar -> org.hibernate.type.AdaptedImmutableType@34a75079
12:16:43.162 [main] DEBUG o.hibernate.type.BasicTypeRegistry - Adding type registration imm_calendar_date -> org.hibernate.type.AdaptedImmutableType@346a361
12:16:43.162 [main] DEBUG o.hibernate.type.BasicTypeRegistry - Adding type registration imm_binary -> org.hibernate.type.AdaptedImmutableType@107ed6fc
12:16:43.162 [main] DEBUG o.hibernate.type.BasicTypeRegistry - Adding type registration imm_serializable -> org.hibernate.type.AdaptedImmutableType@1643d68f
12:16:43.169 [main] DEBUG o.h.b.internal.BootstrapContextImpl - Injecting ScanEnvironment [org.hibernate.jpa.boot.internal.StandardJpaScanEnvironmentImpl@c7a975a] into BootstrapContext; was [null]
12:16:43.170 [main] DEBUG o.h.b.internal.BootstrapContextImpl - Injecting ScanOptions [org.hibernate.boot.archive.scan.internal.StandardScanOptions@2c1b9e4b] into BootstrapContext; was [org.hibernate.boot.archive.scan.internal.StandardScanOptions@757d6814]
12:16:43.205 [main] DEBUG o.h.b.internal.BootstrapContextImpl - Injecting JPA temp ClassLoader [null] into BootstrapContext; was [null]
12:16:43.205 [main] DEBUG o.h.b.internal.ClassLoaderAccessImpl - ClassLoaderAccessImpl#injectTempClassLoader(null) [was null]
12:16:43.211 [main] DEBUG o.h.i.f.i.DefaultIdentifierGeneratorFactory - Registering IdentifierGenerator strategy [uuid2] -> [org.hibernate.id.UUIDGenerator]
12:16:43.211 [main] DEBUG o.h.i.f.i.DefaultIdentifierGeneratorFactory - Registering IdentifierGenerator strategy [guid] -> [org.hibernate.id.GUIDGenerator]
12:16:43.212 [main] DEBUG o.h.i.f.i.DefaultIdentifierGeneratorFactory - Registering IdentifierGenerator strategy [uuid] -> [org.hibernate.id.UUIDHexGenerator]
12:16:43.212 [main] DEBUG o.h.i.f.i.DefaultIdentifierGeneratorFactory - Registering IdentifierGenerator strategy [uuid.hex] -> [org.hibernate.id.UUIDHexGenerator]
12:16:43.212 [main] DEBUG o.h.i.f.i.DefaultIdentifierGeneratorFactory - Registering IdentifierGenerator strategy [assigned] -> [org.hibernate.id.Assigned]
12:16:43.213 [main] DEBUG o.h.i.f.i.DefaultIdentifierGeneratorFactory - Registering IdentifierGenerator strategy [identity] -> [org.hibernate.id.IdentityGenerator]
12:16:43.213 [main] DEBUG o.h.i.f.i.DefaultIdentifierGeneratorFactory - Registering IdentifierGenerator strategy [select] -> [org.hibernate.id.SelectGenerator]
12:16:43.214 [main] DEBUG o.h.i.f.i.DefaultIdentifierGeneratorFactory - Registering IdentifierGenerator strategy [sequence] -> [org.hibernate.id.enhanced.SequenceStyleGenerator]
12:16:43.214 [main] DEBUG o.h.i.f.i.DefaultIdentifierGeneratorFactory - Registering IdentifierGenerator strategy [seqhilo] -> [org.hibernate.id.SequenceHiLoGenerator]
12:16:43.215 [main] DEBUG o.h.i.f.i.DefaultIdentifierGeneratorFactory - Registering IdentifierGenerator strategy [increment] -> [org.hibernate.id.IncrementGenerator]
12:16:43.215 [main] DEBUG o.h.i.f.i.DefaultIdentifierGeneratorFactory - Registering IdentifierGenerator strategy [foreign] -> [org.hibernate.id.ForeignGenerator]
12:16:43.215 [main] DEBUG o.h.i.f.i.DefaultIdentifierGeneratorFactory - Registering IdentifierGenerator strategy [sequence-identity] -> [org.hibernate.id.SequenceIdentityGenerator]
12:16:43.215 [main] DEBUG o.h.i.f.i.DefaultIdentifierGeneratorFactory - Registering IdentifierGenerator strategy [enhanced-sequence] -> [org.hibernate.id.enhanced.SequenceStyleGenerator]
12:16:43.216 [main] DEBUG o.h.i.f.i.DefaultIdentifierGeneratorFactory - Registering IdentifierGenerator strategy [enhanced-table] -> [org.hibernate.id.enhanced.TableGenerator]
12:16:43.218 [main] WARN  o.hibernate.orm.connections.pooling - HHH10001002: Using Hibernate built-in connection pool (not for production use!)
12:16:43.222 [main] INFO  o.hibernate.orm.connections.pooling - HHH10001005: using driver [org.postgresql.Driver] at URL [jdbc:postgresql://localhost:5432/BuildWeek_4]
12:16:43.222 [main] INFO  o.hibernate.orm.connections.pooling - HHH10001001: Connection properties: {password=root, user=postgres}
12:16:43.222 [main] INFO  o.hibernate.orm.connections.pooling - HHH10001003: Autocommit mode: false
12:16:43.224 [main] DEBUG o.h.e.j.c.i.DriverManagerConnectionProviderImpl - Initializing Connection pool with 1 Connections
12:16:43.225 [main] INFO  o.h.e.j.c.i.DriverManagerConnectionProviderImpl - HHH000115: Hibernate connection pool size: 20 (min=1)
12:16:43.366 [main] WARN  o.h.e.j.e.i.JdbcEnvironmentInitiator - HHH000342: Could not obtain connection to query metadata
java.lang.IllegalStateException: Cannot get a connection as the driver manager is not properly initialized
	at org.hibernate.engine.jdbc.connections.internal.DriverManagerConnectionProviderImpl.getConnection(DriverManagerConnectionProviderImpl.java:220)
	at org.hibernate.engine.jdbc.env.internal.JdbcEnvironmentInitiator$ConnectionProviderJdbcConnectionAccess.obtainConnection(JdbcEnvironmentInitiator.java:181)
	at org.hibernate.engine.jdbc.env.internal.JdbcEnvironmentInitiator.initiateService(JdbcEnvironmentInitiator.java:68)
	at org.hibernate.engine.jdbc.env.internal.JdbcEnvironmentInitiator.initiateService(JdbcEnvironmentInitiator.java:35)
	at org.hibernate.boot.registry.internal.StandardServiceRegistryImpl.initiateService(StandardServiceRegistryImpl.java:101)
	at org.hibernate.service.internal.AbstractServiceRegistryImpl.createService(AbstractServiceRegistryImpl.java:272)
	at org.hibernate.service.internal.AbstractServiceRegistryImpl.initializeService(AbstractServiceRegistryImpl.java:246)
	at org.hibernate.service.internal.AbstractServiceRegistryImpl.getService(AbstractServiceRegistryImpl.java:223)
	at org.hibernate.engine.jdbc.internal.JdbcServicesImpl.configure(JdbcServicesImpl.java:51)
	at org.hibernate.boot.registry.internal.StandardServiceRegistryImpl.configureService(StandardServiceRegistryImpl.java:107)
	at org.hibernate.service.internal.AbstractServiceRegistryImpl.initializeService(AbstractServiceRegistryImpl.java:255)
	at org.hibernate.service.internal.AbstractServiceRegistryImpl.getService(AbstractServiceRegistryImpl.java:223)
	at org.hibernate.engine.jdbc.connections.internal.BasicConnectionCreator.convertSqlException(BasicConnectionCreator.java:129)
	at org.hibernate.engine.jdbc.connections.internal.DriverConnectionCreator.makeConnection(DriverConnectionCreator.java:42)
	at org.hibernate.engine.jdbc.connections.internal.BasicConnectionCreator.createConnection(BasicConnectionCreator.java:62)
	at org.hibernate.engine.jdbc.connections.internal.DriverManagerConnectionProviderImpl$PooledConnections.addConnections(DriverManagerConnectionProviderImpl.java:457)
	at org.hibernate.engine.jdbc.connections.internal.DriverManagerConnectionProviderImpl$PooledConnections.<init>(DriverManagerConnectionProviderImpl.java:323)
	at org.hibernate.engine.jdbc.connections.internal.DriverManagerConnectionProviderImpl$PooledConnections.<init>(DriverManagerConnectionProviderImpl.java:297)
	at org.hibernate.engine.jdbc.connections.internal.DriverManagerConnectionProviderImpl$PooledConnections$Builder.build(DriverManagerConnectionProviderImpl.java:501)
	at org.hibernate.engine.jdbc.connections.internal.DriverManagerConnectionProviderImpl.buildPool(DriverManagerConnectionProviderImpl.java:101)
	at org.hibernate.engine.jdbc.connections.internal.DriverManagerConnectionProviderImpl.configure(DriverManagerConnectionProviderImpl.java:76)
	at org.hibernate.boot.registry.internal.StandardServiceRegistryImpl.configureService(StandardServiceRegistryImpl.java:107)
	at org.hibernate.service.internal.AbstractServiceRegistryImpl.initializeService(AbstractServiceRegistryImpl.java:255)
	at org.hibernate.service.internal.AbstractServiceRegistryImpl.getService(AbstractServiceRegistryImpl.java:223)
	at org.hibernate.engine.jdbc.env.internal.JdbcEnvironmentInitiator.buildJdbcConnectionAccess(JdbcEnvironmentInitiator.java:146)
	at org.hibernate.engine.jdbc.env.internal.JdbcEnvironmentInitiator.initiateService(JdbcEnvironmentInitiator.java:66)
	at org.hibernate.engine.jdbc.env.internal.JdbcEnvironmentInitiator.initiateService(JdbcEnvironmentInitiator.java:35)
	at org.hibernate.boot.registry.internal.StandardServiceRegistryImpl.initiateService(StandardServiceRegistryImpl.java:101)
	at org.hibernate.service.internal.AbstractServiceRegistryImpl.createService(AbstractServiceRegistryImpl.java:272)
	at org.hibernate.service.internal.AbstractServiceRegistryImpl.initializeService(AbstractServiceRegistryImpl.java:246)
	at org.hibernate.service.internal.AbstractServiceRegistryImpl.getService(AbstractServiceRegistryImpl.java:223)
	at org.hibernate.id.factory.internal.DefaultIdentifierGeneratorFactory.injectServices(DefaultIdentifierGeneratorFactory.java:175)
	at org.hibernate.service.internal.AbstractServiceRegistryImpl.injectDependencies(AbstractServiceRegistryImpl.java:295)
	at org.hibernate.service.internal.AbstractServiceRegistryImpl.initializeService(AbstractServiceRegistryImpl.java:252)
	at org.hibernate.service.internal.AbstractServiceRegistryImpl.getService(AbstractServiceRegistryImpl.java:223)
	at org.hibernate.boot.internal.InFlightMetadataCollectorImpl.<init>(InFlightMetadataCollectorImpl.java:173)
	at org.hibernate.boot.model.process.spi.MetadataBuildingProcess.complete(MetadataBuildingProcess.java:127)
	at org.hibernate.jpa.boot.internal.EntityManagerFactoryBuilderImpl.metadata(EntityManagerFactoryBuilderImpl.java:1460)
	at org.hibernate.jpa.boot.internal.EntityManagerFactoryBuilderImpl.build(EntityManagerFactoryBuilderImpl.java:1494)
	at org.hibernate.jpa.HibernatePersistenceProvider.createEntityManagerFactory(HibernatePersistenceProvider.java:56)
	at javax.persistence.Persistence.createEntityManagerFactory(Persistence.java:79)
	at javax.persistence.Persistence.createEntityManagerFactory(Persistence.java:54)
	at Utils.JpaUtils.<clinit>(JpaUtils.java:13)
	at MainClass.MainClass.main(MainClass.java:16)
12:16:43.378 [main] INFO  org.hibernate.dialect.Dialect - HHH000400: Using dialect: org.hibernate.dialect.PostgreSQLDialect
12:16:43.388 [main] DEBUG o.h.e.j.e.i.LobCreatorBuilderImpl - HHH000422: Disabling contextual LOB creation as connection was null
12:16:43.389 [main] DEBUG o.h.e.jdbc.spi.SqlExceptionHelper - Error calling Driver#connect [null]
org.postgresql.util.PSQLException: FATALE: il database "BuildWeek_4" non esiste
	at org.postgresql.core.v3.QueryExecutorImpl.receiveErrorResponse(QueryExecutorImpl.java:2713)
	at org.postgresql.core.v3.QueryExecutorImpl.readStartupMessages(QueryExecutorImpl.java:2825)
	at org.postgresql.core.v3.QueryExecutorImpl.<init>(QueryExecutorImpl.java:175)
	at org.postgresql.core.v3.ConnectionFactoryImpl.openConnectionImpl(ConnectionFactoryImpl.java:313)
	at org.postgresql.core.ConnectionFactory.openConnection(ConnectionFactory.java:54)
	at org.postgresql.jdbc.PgConnection.<init>(PgConnection.java:263)
	at org.postgresql.Driver.makeConnection(Driver.java:443)
	at org.postgresql.Driver.connect(Driver.java:297)
	at org.hibernate.engine.jdbc.connections.internal.DriverConnectionCreator.makeConnection(DriverConnectionCreator.java:39)
	at org.hibernate.engine.jdbc.connections.internal.BasicConnectionCreator.createConnection(BasicConnectionCreator.java:62)
	at org.hibernate.engine.jdbc.connections.internal.DriverManagerConnectionProviderImpl$PooledConnections.addConnections(DriverManagerConnectionProviderImpl.java:457)
	at org.hibernate.engine.jdbc.connections.internal.DriverManagerConnectionProviderImpl$PooledConnections.<init>(DriverManagerConnectionProviderImpl.java:323)
	at org.hibernate.engine.jdbc.connections.internal.DriverManagerConnectionProviderImpl$PooledConnections.<init>(DriverManagerConnectionProviderImpl.java:297)
	at org.hibernate.engine.jdbc.connections.internal.DriverManagerConnectionProviderImpl$PooledConnections$Builder.build(DriverManagerConnectionProviderImpl.java:501)
	at org.hibernate.engine.jdbc.connections.internal.DriverManagerConnectionProviderImpl.buildPool(DriverManagerConnectionProviderImpl.java:101)
	at org.hibernate.engine.jdbc.connections.internal.DriverManagerConnectionProviderImpl.configure(DriverManagerConnectionProviderImpl.java:76)
	at org.hibernate.boot.registry.internal.StandardServiceRegistryImpl.configureService(StandardServiceRegistryImpl.java:107)
	at org.hibernate.service.internal.AbstractServiceRegistryImpl.initializeService(AbstractServiceRegistryImpl.java:255)
	at org.hibernate.service.internal.AbstractServiceRegistryImpl.getService(AbstractServiceRegistryImpl.java:223)
	at org.hibernate.engine.jdbc.env.internal.JdbcEnvironmentInitiator.buildJdbcConnectionAccess(JdbcEnvironmentInitiator.java:146)
	at org.hibernate.engine.jdbc.env.internal.JdbcEnvironmentInitiator.initiateService(JdbcEnvironmentInitiator.java:66)
	at org.hibernate.engine.jdbc.env.internal.JdbcEnvironmentInitiator.initiateService(JdbcEnvironmentInitiator.java:35)
	at org.hibernate.boot.registry.internal.StandardServiceRegistryImpl.initiateService(StandardServiceRegistryImpl.java:101)
	at org.hibernate.service.internal.AbstractServiceRegistryImpl.createService(AbstractServiceRegistryImpl.java:272)
	at org.hibernate.service.internal.AbstractServiceRegistryImpl.initializeService(AbstractServiceRegistryImpl.java:246)
	at org.hibernate.service.internal.AbstractServiceRegistryImpl.getService(AbstractServiceRegistryImpl.java:223)
	at org.hibernate.id.factory.internal.DefaultIdentifierGeneratorFactory.injectServices(DefaultIdentifierGeneratorFactory.java:175)
	at org.hibernate.service.internal.AbstractServiceRegistryImpl.injectDependencies(AbstractServiceRegistryImpl.java:295)
	at org.hibernate.service.internal.AbstractServiceRegistryImpl.initializeService(AbstractServiceRegistryImpl.java:252)
	at org.hibernate.service.internal.AbstractServiceRegistryImpl.getService(AbstractServiceRegistryImpl.java:223)
	at org.hibernate.boot.internal.InFlightMetadataCollectorImpl.<init>(InFlightMetadataCollectorImpl.java:173)
	at org.hibernate.boot.model.process.spi.MetadataBuildingProcess.complete(MetadataBuildingProcess.java:127)
	at org.hibernate.jpa.boot.internal.EntityManagerFactoryBuilderImpl.metadata(EntityManagerFactoryBuilderImpl.java:1460)
	at org.hibernate.jpa.boot.internal.EntityManagerFactoryBuilderImpl.build(EntityManagerFactoryBuilderImpl.java:1494)
	at org.hibernate.jpa.HibernatePersistenceProvider.createEntityManagerFactory(HibernatePersistenceProvider.java:56)
	at javax.persistence.Persistence.createEntityManagerFactory(Persistence.java:79)
	at javax.persistence.Persistence.createEntityManagerFactory(Persistence.java:54)
	at Utils.JpaUtils.<clinit>(JpaUtils.java:13)
	at MainClass.MainClass.main(MainClass.java:16)
12:16:43.389 [main] WARN  o.h.e.jdbc.spi.SqlExceptionHelper - SQL Error: 0, SQLState: 3D000
12:16:43.389 [main] ERROR o.h.e.jdbc.spi.SqlExceptionHelper - FATALE: il database "BuildWeek_4" non esiste
12:16:43.390 [main] DEBUG o.h.service.spi.ServiceBinding - Overriding existing service binding [org.hibernate.engine.jdbc.connections.spi.ConnectionProvider]
12:17:31.199 [main] DEBUG org.jboss.logging - Logging Provider: org.jboss.logging.Slf4jLoggerProvider
12:17:31.259 [main] DEBUG o.h.jpa.HibernatePersistenceProvider - Located and parsed 2 persistence units; checking each
12:17:31.259 [main] DEBUG o.h.jpa.HibernatePersistenceProvider - Checking persistence-unit [name=HomeworkS3D3, explicit-provider=null] against incoming persistence unit name [BuildWeek_4]
12:17:31.259 [main] DEBUG o.h.jpa.HibernatePersistenceProvider - Excluding from consideration due to name mis-match
12:17:31.259 [main] DEBUG o.h.jpa.HibernatePersistenceProvider - Checking persistence-unit [name=BuildWeek_4, explicit-provider=null] against incoming persistence unit name [BuildWeek_4]
12:17:31.259 [main] DEBUG o.h.jpa.boot.spi.ProviderChecker - No PersistenceProvider explicitly requested, assuming Hibernate
12:17:31.263 [main] DEBUG o.h.jpa.internal.util.LogHelper - PersistenceUnitInfo [
	name: BuildWeek_4
	persistence provider classname: null
	classloader: null
	excludeUnlistedClasses: false
	JTA datasource: null
	Non JTA datasource: null
	Transaction type: RESOURCE_LOCAL
	PU root URL: file:/C:/Users/total/Desktop/All/Epicode/fs0223-Luca-Sernicola-BackEnd/BuildWeek_4/target/classes/
	Shared Cache Mode: null
	Validation Mode: null
	Jar files URLs []
	Managed classes names []
	Mapping files names []
	Properties [
		javax.persistence.jdbc.driver: org.postgresql.Driver
		javax.persistence.jdbc.password: root
		hibernate.dialect: org.hibernate.dialect.PostgreSQLDialect
		javax.persistence.jdbc.url: jdbc:postgresql://localhost:5432/BuildWeek
		hibernate.hbm2ddl.auto: update
		javax.persistence.jdbc.user: postgres]
12:17:31.265 [main] DEBUG o.h.i.internal.IntegratorServiceImpl - Adding Integrator [org.hibernate.cfg.beanvalidation.BeanValidationIntegrator].
12:17:31.266 [main] DEBUG o.h.i.internal.IntegratorServiceImpl - Adding Integrator [org.hibernate.secure.spi.JaccIntegrator].
12:17:31.268 [main] DEBUG o.h.i.internal.IntegratorServiceImpl - Adding Integrator [org.hibernate.cache.internal.CollectionCacheInvalidator].
12:17:31.292 [main] INFO  org.hibernate.Version - HHH000412: Hibernate ORM core version 5.6.15.Final
12:17:31.293 [main] DEBUG org.hibernate.cfg.Environment - HHH000206: hibernate.properties not found
12:17:31.395 [main] DEBUG o.h.service.spi.ServiceBinding - Overriding existing service binding [org.hibernate.secure.spi.JaccService]
12:17:31.403 [main] DEBUG o.h.c.i.RegionFactoryInitiator - Cannot default RegionFactory based on registered strategies as `[]` RegionFactory strategies were registered
12:17:31.404 [main] DEBUG o.h.c.i.RegionFactoryInitiator - Cache region factory : org.hibernate.cache.internal.NoCachingRegionFactory
12:17:31.416 [main] INFO  o.h.annotations.common.Version - HCANN000001: Hibernate Commons Annotations {5.1.2.Final}
12:17:31.470 [main] DEBUG o.hibernate.type.BasicTypeRegistry - Adding type registration boolean -> org.hibernate.type.BooleanType@726e5805
12:17:31.470 [main] DEBUG o.hibernate.type.BasicTypeRegistry - Adding type registration boolean -> org.hibernate.type.BooleanType@726e5805
12:17:31.471 [main] DEBUG o.hibernate.type.BasicTypeRegistry - Adding type registration java.lang.Boolean -> org.hibernate.type.BooleanType@726e5805
12:17:31.471 [main] DEBUG o.hibernate.type.BasicTypeRegistry - Adding type registration numeric_boolean -> org.hibernate.type.NumericBooleanType@e077866
12:17:31.471 [main] DEBUG o.hibernate.type.BasicTypeRegistry - Adding type registration true_false -> org.hibernate.type.TrueFalseType@a8e6492
12:17:31.471 [main] DEBUG o.hibernate.type.BasicTypeRegistry - Adding type registration yes_no -> org.hibernate.type.YesNoType@2e11485
12:17:31.472 [main] DEBUG o.hibernate.type.BasicTypeRegistry - Adding type registration byte -> org.hibernate.type.ByteType@75c9e76b
12:17:31.472 [main] DEBUG o.hibernate.type.BasicTypeRegistry - Adding type registration byte -> org.hibernate.type.ByteType@75c9e76b
12:17:31.472 [main] DEBUG o.hibernate.type.BasicTypeRegistry - Adding type registration java.lang.Byte -> org.hibernate.type.ByteType@75c9e76b
12:17:31.473 [main] DEBUG o.hibernate.type.BasicTypeRegistry - Adding type registration character -> org.hibernate.type.CharacterType@12bcd0c0
12:17:31.473 [main] DEBUG o.hibernate.type.BasicTypeRegistry - Adding type registration char -> org.hibernate.type.CharacterType@12bcd0c0
12:17:31.473 [main] DEBUG o.hibernate.type.BasicTypeRegistry - Adding type registration java.lang.Character -> org.hibernate.type.CharacterType@12bcd0c0
12:17:31.474 [main] DEBUG o.hibernate.type.BasicTypeRegistry - Adding type registration short -> org.hibernate.type.ShortType@58ebfd03
12:17:31.474 [main] DEBUG o.hibernate.type.BasicTypeRegistry - Adding type registration short -> org.hibernate.type.ShortType@58ebfd03
12:17:31.474 [main] DEBUG o.hibernate.type.BasicTypeRegistry - Adding type registration java.lang.Short -> org.hibernate.type.ShortType@58ebfd03
12:17:31.474 [main] DEBUG o.hibernate.type.BasicTypeRegistry - Adding type registration integer -> org.hibernate.type.IntegerType@5c87bfe2
12:17:31.474 [main] DEBUG o.hibernate.type.BasicTypeRegistry - Adding type registration int -> org.hibernate.type.IntegerType@5c87bfe2
12:17:31.474 [main] DEBUG o.hibernate.type.BasicTypeRegistry - Adding type registration java.lang.Integer -> org.hibernate.type.IntegerType@5c87bfe2
12:17:31.475 [main] DEBUG o.hibernate.type.BasicTypeRegistry - Adding type registration long -> org.hibernate.type.LongType@7a791b66
12:17:31.475 [main] DEBUG o.hibernate.type.BasicTypeRegistry - Adding type registration long -> org.hibernate.type.LongType@7a791b66
12:17:31.475 [main] DEBUG o.hibernate.type.BasicTypeRegistry - Adding type registration java.lang.Long -> org.hibernate.type.LongType@7a791b66
12:17:31.476 [main] DEBUG o.hibernate.type.BasicTypeRegistry - Adding type registration float -> org.hibernate.type.FloatType@4fc5e095
12:17:31.476 [main] DEBUG o.hibernate.type.BasicTypeRegistry - Adding type registration float -> org.hibernate.type.FloatType@4fc5e095
12:17:31.476 [main] DEBUG o.hibernate.type.BasicTypeRegistry - Adding type registration java.lang.Float -> org.hibernate.type.FloatType@4fc5e095
12:17:31.476 [main] DEBUG o.hibernate.type.BasicTypeRegistry - Adding type registration double -> org.hibernate.type.DoubleType@62ea3440
12:17:31.476 [main] DEBUG o.hibernate.type.BasicTypeRegistry - Adding type registration double -> org.hibernate.type.DoubleType@62ea3440
12:17:31.476 [main] DEBUG o.hibernate.type.BasicTypeRegistry - Adding type registration java.lang.Double -> org.hibernate.type.DoubleType@62ea3440
12:17:31.477 [main] DEBUG o.hibernate.type.BasicTypeRegistry - Adding type registration big_decimal -> org.hibernate.type.BigDecimalType@749c877b
12:17:31.477 [main] DEBUG o.hibernate.type.BasicTypeRegistry - Adding type registration java.math.BigDecimal -> org.hibernate.type.BigDecimalType@749c877b
12:17:31.477 [main] DEBUG o.hibernate.type.BasicTypeRegistry - Adding type registration big_integer -> org.hibernate.type.BigIntegerType@160ac7fb
12:17:31.477 [main] DEBUG o.hibernate.type.BasicTypeRegistry - Adding type registration java.math.BigInteger -> org.hibernate.type.BigIntegerType@160ac7fb
12:17:31.477 [main] DEBUG o.hibernate.type.BasicTypeRegistry - Adding type registration string -> org.hibernate.type.StringType@618c5d94
12:17:31.477 [main] DEBUG o.hibernate.type.BasicTypeRegistry - Adding type registration java.lang.String -> org.hibernate.type.StringType@618c5d94
12:17:31.479 [main] DEBUG o.hibernate.type.BasicTypeRegistry - Adding type registration nstring -> org.hibernate.type.StringNVarcharType@1e63ec0b
12:17:31.479 [main] DEBUG o.hibernate.type.BasicTypeRegistry - Adding type registration ncharacter -> org.hibernate.type.CharacterNCharType@295eaa7c
12:17:31.480 [main] DEBUG o.hibernate.type.BasicTypeRegistry - Adding type registration url -> org.hibernate.type.UrlType@1dd0e7c4
12:17:31.480 [main] DEBUG o.hibernate.type.BasicTypeRegistry - Adding type registration java.net.URL -> org.hibernate.type.UrlType@1dd0e7c4
12:17:31.480 [main] DEBUG o.hibernate.type.BasicTypeRegistry - Adding type registration Duration -> org.hibernate.type.DurationType@37bd68c3
12:17:31.480 [main] DEBUG o.hibernate.type.BasicTypeRegistry - Adding type registration java.time.Duration -> org.hibernate.type.DurationType@37bd68c3
12:17:31.481 [main] DEBUG o.hibernate.type.BasicTypeRegistry - Adding type registration Instant -> org.hibernate.type.InstantType@4bff1903
12:17:31.481 [main] DEBUG o.hibernate.type.BasicTypeRegistry - Adding type registration java.time.Instant -> org.hibernate.type.InstantType@4bff1903
12:17:31.481 [main] DEBUG o.hibernate.type.BasicTypeRegistry - Adding type registration LocalDateTime -> org.hibernate.type.LocalDateTimeType@f79a760
12:17:31.481 [main] DEBUG o.hibernate.type.BasicTypeRegistry - Adding type registration java.time.LocalDateTime -> org.hibernate.type.LocalDateTimeType@f79a760
12:17:31.482 [main] DEBUG o.hibernate.type.BasicTypeRegistry - Adding type registration LocalDate -> org.hibernate.type.LocalDateType@652a7737
12:17:31.482 [main] DEBUG o.hibernate.type.BasicTypeRegistry - Adding type registration java.time.LocalDate -> org.hibernate.type.LocalDateType@652a7737
12:17:31.482 [main] DEBUG o.hibernate.type.BasicTypeRegistry - Adding type registration LocalTime -> org.hibernate.type.LocalTimeType@4e28bdd1
12:17:31.483 [main] DEBUG o.hibernate.type.BasicTypeRegistry - Adding type registration java.time.LocalTime -> org.hibernate.type.LocalTimeType@4e28bdd1
12:17:31.483 [main] DEBUG o.hibernate.type.BasicTypeRegistry - Adding type registration OffsetDateTime -> org.hibernate.type.OffsetDateTimeType@a8c1f44
12:17:31.483 [main] DEBUG o.hibernate.type.BasicTypeRegistry - Adding type registration java.time.OffsetDateTime -> org.hibernate.type.OffsetDateTimeType@a8c1f44
12:17:31.484 [main] DEBUG o.hibernate.type.BasicTypeRegistry - Adding type registration OffsetTime -> org.hibernate.type.OffsetTimeType@78a287ed
12:17:31.484 [main] DEBUG o.hibernate.type.BasicTypeRegistry - Adding type registration java.time.OffsetTime -> org.hibernate.type.OffsetTimeType@78a287ed
12:17:31.485 [main] DEBUG o.hibernate.type.BasicTypeRegistry - Adding type registration ZonedDateTime -> org.hibernate.type.ZonedDateTimeType@2b43529a
12:17:31.485 [main] DEBUG o.hibernate.type.BasicTypeRegistry - Adding type registration java.time.ZonedDateTime -> org.hibernate.type.ZonedDateTimeType@2b43529a
12:17:31.486 [main] DEBUG o.hibernate.type.BasicTypeRegistry - Adding type registration date -> org.hibernate.type.DateType@3829ac1
12:17:31.486 [main] DEBUG o.hibernate.type.BasicTypeRegistry - Adding type registration java.sql.Date -> org.hibernate.type.DateType@3829ac1
12:17:31.487 [main] DEBUG o.hibernate.type.BasicTypeRegistry - Adding type registration time -> org.hibernate.type.TimeType@2dbe250d
12:17:31.487 [main] DEBUG o.hibernate.type.BasicTypeRegistry - Adding type registration java.sql.Time -> org.hibernate.type.TimeType@2dbe250d
12:17:31.487 [main] DEBUG o.hibernate.type.BasicTypeRegistry - Adding type registration timestamp -> org.hibernate.type.TimestampType@47404bea
12:17:31.487 [main] DEBUG o.hibernate.type.BasicTypeRegistry - Adding type registration java.sql.Timestamp -> org.hibernate.type.TimestampType@47404bea
12:17:31.487 [main] DEBUG o.hibernate.type.BasicTypeRegistry - Adding type registration java.util.Date -> org.hibernate.type.TimestampType@47404bea
12:17:31.489 [main] DEBUG o.hibernate.type.BasicTypeRegistry - Adding type registration dbtimestamp -> org.hibernate.type.DbTimestampType@29e6eb25
12:17:31.490 [main] DEBUG o.hibernate.type.BasicTypeRegistry - Adding type registration calendar -> org.hibernate.type.CalendarType@275fe372
12:17:31.490 [main] DEBUG o.hibernate.type.BasicTypeRegistry - Adding type registration java.util.Calendar -> org.hibernate.type.CalendarType@275fe372
12:17:31.490 [main] DEBUG o.hibernate.type.BasicTypeRegistry - Adding type registration java.util.GregorianCalendar -> org.hibernate.type.CalendarType@275fe372
12:17:31.491 [main] DEBUG o.hibernate.type.BasicTypeRegistry - Adding type registration calendar_date -> org.hibernate.type.CalendarDateType@366ef90e
12:17:31.491 [main] DEBUG o.hibernate.type.BasicTypeRegistry - Adding type registration calendar_time -> org.hibernate.type.CalendarTimeType@21aa6d6c
12:17:31.492 [main] DEBUG o.hibernate.type.BasicTypeRegistry - Adding type registration locale -> org.hibernate.type.LocaleType@3f446bef
12:17:31.492 [main] DEBUG o.hibernate.type.BasicTypeRegistry - Adding type registration java.util.Locale -> org.hibernate.type.LocaleType@3f446bef
12:17:31.492 [main] DEBUG o.hibernate.type.BasicTypeRegistry - Adding type registration currency -> org.hibernate.type.CurrencyType@1c80e49b
12:17:31.493 [main] DEBUG o.hibernate.type.BasicTypeRegistry - Adding type registration java.util.Currency -> org.hibernate.type.CurrencyType@1c80e49b
12:17:31.493 [main] DEBUG o.hibernate.type.BasicTypeRegistry - Adding type registration timezone -> org.hibernate.type.TimeZoneType@56f6d40b
12:17:31.493 [main] DEBUG o.hibernate.type.BasicTypeRegistry - Adding type registration java.util.TimeZone -> org.hibernate.type.TimeZoneType@56f6d40b
12:17:31.493 [main] DEBUG o.hibernate.type.BasicTypeRegistry - Adding type registration class -> org.hibernate.type.ClassType@7e3060d8
12:17:31.493 [main] DEBUG o.hibernate.type.BasicTypeRegistry - Adding type registration java.lang.Class -> org.hibernate.type.ClassType@7e3060d8
12:17:31.494 [main] DEBUG o.hibernate.type.BasicTypeRegistry - Adding type registration uuid-binary -> org.hibernate.type.UUIDBinaryType@2e54db99
12:17:31.494 [main] DEBUG o.hibernate.type.BasicTypeRegistry - Adding type registration java.util.UUID -> org.hibernate.type.UUIDBinaryType@2e54db99
12:17:31.494 [main] DEBUG o.hibernate.type.BasicTypeRegistry - Adding type registration uuid-char -> org.hibernate.type.UUIDCharType@65a4798f
12:17:31.495 [main] DEBUG o.hibernate.type.BasicTypeRegistry - Adding type registration binary -> org.hibernate.type.BinaryType@773cbf4f
12:17:31.495 [main] DEBUG o.hibernate.type.BasicTypeRegistry - Adding type registration byte[] -> org.hibernate.type.BinaryType@773cbf4f
12:17:31.495 [main] DEBUG o.hibernate.type.BasicTypeRegistry - Adding type registration [B -> org.hibernate.type.BinaryType@773cbf4f
12:17:31.495 [main] DEBUG o.hibernate.type.BasicTypeRegistry - Adding type registration wrapper-binary -> org.hibernate.type.WrapperBinaryType@69637b10
12:17:31.495 [main] DEBUG o.hibernate.type.BasicTypeRegistry - Adding type registration Byte[] -> org.hibernate.type.WrapperBinaryType@69637b10
12:17:31.495 [main] DEBUG o.hibernate.type.BasicTypeRegistry - Adding type registration [Ljava.lang.Byte; -> org.hibernate.type.WrapperBinaryType@69637b10
12:17:31.496 [main] DEBUG o.hibernate.type.BasicTypeRegistry - Adding type registration row_version -> org.hibernate.type.RowVersionType@470a696f
12:17:31.496 [main] DEBUG o.hibernate.type.BasicTypeRegistry - Adding type registration image -> org.hibernate.type.ImageType@3f1c5af9
12:17:31.497 [main] DEBUG o.hibernate.type.BasicTypeRegistry - Adding type registration characters -> org.hibernate.type.CharArrayType@1de5f0ef
12:17:31.497 [main] DEBUG o.hibernate.type.BasicTypeRegistry - Adding type registration char[] -> org.hibernate.type.CharArrayType@1de5f0ef
12:17:31.497 [main] DEBUG o.hibernate.type.BasicTypeRegistry - Adding type registration [C -> org.hibernate.type.CharArrayType@1de5f0ef
12:17:31.497 [main] DEBUG o.hibernate.type.BasicTypeRegistry - Adding type registration wrapper-characters -> org.hibernate.type.CharacterArrayType@3ce3db41
12:17:31.497 [main] DEBUG o.hibernate.type.BasicTypeRegistry - Adding type registration [Ljava.lang.Character; -> org.hibernate.type.CharacterArrayType@3ce3db41
12:17:31.497 [main] DEBUG o.hibernate.type.BasicTypeRegistry - Adding type registration Character[] -> org.hibernate.type.CharacterArrayType@3ce3db41
12:17:31.498 [main] DEBUG o.hibernate.type.BasicTypeRegistry - Adding type registration text -> org.hibernate.type.TextType@2c3dec30
12:17:31.498 [main] DEBUG o.hibernate.type.BasicTypeRegistry - Adding type registration ntext -> org.hibernate.type.NTextType@3fc9dfc5
12:17:31.499 [main] DEBUG o.hibernate.type.BasicTypeRegistry - Adding type registration blob -> org.hibernate.type.BlobType@4ba534b0
12:17:31.499 [main] DEBUG o.hibernate.type.BasicTypeRegistry - Adding type registration java.sql.Blob -> org.hibernate.type.BlobType@4ba534b0
12:17:31.499 [main] DEBUG o.hibernate.type.BasicTypeRegistry - Adding type registration materialized_blob -> org.hibernate.type.MaterializedBlobType@4e517165
12:17:31.500 [main] DEBUG o.hibernate.type.BasicTypeRegistry - Adding type registration clob -> org.hibernate.type.ClobType@34625ccd
12:17:31.500 [main] DEBUG o.hibernate.type.BasicTypeRegistry - Adding type registration java.sql.Clob -> org.hibernate.type.ClobType@34625ccd
12:17:31.500 [main] DEBUG o.hibernate.type.BasicTypeRegistry - Adding type registration nclob -> org.hibernate.type.NClobType@346939bf
12:17:31.500 [main] DEBUG o.hibernate.type.BasicTypeRegistry - Adding type registration java.sql.NClob -> org.hibernate.type.NClobType@346939bf
12:17:31.501 [main] DEBUG o.hibernate.type.BasicTypeRegistry - Adding type registration materialized_clob -> org.hibernate.type.MaterializedClobType@9bd0fa6
12:17:31.501 [main] DEBUG o.hibernate.type.BasicTypeRegistry - Adding type registration materialized_nclob -> org.hibernate.type.MaterializedNClobType@f6c03cb
12:17:31.502 [main] DEBUG o.hibernate.type.BasicTypeRegistry - Adding type registration serializable -> org.hibernate.type.SerializableType@1c9f0a20
12:17:31.503 [main] DEBUG o.hibernate.type.BasicTypeRegistry - Adding type registration object -> org.hibernate.type.ObjectType@4ae33a11
12:17:31.503 [main] DEBUG o.hibernate.type.BasicTypeRegistry - Adding type registration java.lang.Object -> org.hibernate.type.ObjectType@4ae33a11
12:17:31.504 [main] DEBUG o.hibernate.type.BasicTypeRegistry - Adding type registration imm_date -> org.hibernate.type.AdaptedImmutableType@5049d8b2
12:17:31.504 [main] DEBUG o.hibernate.type.BasicTypeRegistry - Adding type registration imm_time -> org.hibernate.type.AdaptedImmutableType@6d0b5baf
12:17:31.504 [main] DEBUG o.hibernate.type.BasicTypeRegistry - Adding type registration imm_timestamp -> org.hibernate.type.AdaptedImmutableType@631e06ab
12:17:31.504 [main] DEBUG o.hibernate.type.BasicTypeRegistry - Adding type registration imm_dbtimestamp -> org.hibernate.type.AdaptedImmutableType@2a3591c5
12:17:31.504 [main] DEBUG o.hibernate.type.BasicTypeRegistry - Adding type registration imm_calendar -> org.hibernate.type.AdaptedImmutableType@34a75079
12:17:31.504 [main] DEBUG o.hibernate.type.BasicTypeRegistry - Adding type registration imm_calendar_date -> org.hibernate.type.AdaptedImmutableType@346a361
12:17:31.504 [main] DEBUG o.hibernate.type.BasicTypeRegistry - Adding type registration imm_binary -> org.hibernate.type.AdaptedImmutableType@107ed6fc
12:17:31.504 [main] DEBUG o.hibernate.type.BasicTypeRegistry - Adding type registration imm_serializable -> org.hibernate.type.AdaptedImmutableType@1643d68f
12:17:31.511 [main] DEBUG o.h.b.internal.BootstrapContextImpl - Injecting ScanEnvironment [org.hibernate.jpa.boot.internal.StandardJpaScanEnvironmentImpl@c7a975a] into BootstrapContext; was [null]
12:17:31.511 [main] DEBUG o.h.b.internal.BootstrapContextImpl - Injecting ScanOptions [org.hibernate.boot.archive.scan.internal.StandardScanOptions@2c1b9e4b] into BootstrapContext; was [org.hibernate.boot.archive.scan.internal.StandardScanOptions@757d6814]
12:17:31.548 [main] DEBUG o.h.b.internal.BootstrapContextImpl - Injecting JPA temp ClassLoader [null] into BootstrapContext; was [null]
12:17:31.548 [main] DEBUG o.h.b.internal.ClassLoaderAccessImpl - ClassLoaderAccessImpl#injectTempClassLoader(null) [was null]
12:17:31.555 [main] DEBUG o.h.i.f.i.DefaultIdentifierGeneratorFactory - Registering IdentifierGenerator strategy [uuid2] -> [org.hibernate.id.UUIDGenerator]
12:17:31.555 [main] DEBUG o.h.i.f.i.DefaultIdentifierGeneratorFactory - Registering IdentifierGenerator strategy [guid] -> [org.hibernate.id.GUIDGenerator]
12:17:31.555 [main] DEBUG o.h.i.f.i.DefaultIdentifierGeneratorFactory - Registering IdentifierGenerator strategy [uuid] -> [org.hibernate.id.UUIDHexGenerator]
12:17:31.556 [main] DEBUG o.h.i.f.i.DefaultIdentifierGeneratorFactory - Registering IdentifierGenerator strategy [uuid.hex] -> [org.hibernate.id.UUIDHexGenerator]
12:17:31.556 [main] DEBUG o.h.i.f.i.DefaultIdentifierGeneratorFactory - Registering IdentifierGenerator strategy [assigned] -> [org.hibernate.id.Assigned]
12:17:31.556 [main] DEBUG o.h.i.f.i.DefaultIdentifierGeneratorFactory - Registering IdentifierGenerator strategy [identity] -> [org.hibernate.id.IdentityGenerator]
12:17:31.556 [main] DEBUG o.h.i.f.i.DefaultIdentifierGeneratorFactory - Registering IdentifierGenerator strategy [select] -> [org.hibernate.id.SelectGenerator]
12:17:31.557 [main] DEBUG o.h.i.f.i.DefaultIdentifierGeneratorFactory - Registering IdentifierGenerator strategy [sequence] -> [org.hibernate.id.enhanced.SequenceStyleGenerator]
12:17:31.557 [main] DEBUG o.h.i.f.i.DefaultIdentifierGeneratorFactory - Registering IdentifierGenerator strategy [seqhilo] -> [org.hibernate.id.SequenceHiLoGenerator]
12:17:31.557 [main] DEBUG o.h.i.f.i.DefaultIdentifierGeneratorFactory - Registering IdentifierGenerator strategy [increment] -> [org.hibernate.id.IncrementGenerator]
12:17:31.557 [main] DEBUG o.h.i.f.i.DefaultIdentifierGeneratorFactory - Registering IdentifierGenerator strategy [foreign] -> [org.hibernate.id.ForeignGenerator]
12:17:31.559 [main] DEBUG o.h.i.f.i.DefaultIdentifierGeneratorFactory - Registering IdentifierGenerator strategy [sequence-identity] -> [org.hibernate.id.SequenceIdentityGenerator]
12:17:31.559 [main] DEBUG o.h.i.f.i.DefaultIdentifierGeneratorFactory - Registering IdentifierGenerator strategy [enhanced-sequence] -> [org.hibernate.id.enhanced.SequenceStyleGenerator]
12:17:31.559 [main] DEBUG o.h.i.f.i.DefaultIdentifierGeneratorFactory - Registering IdentifierGenerator strategy [enhanced-table] -> [org.hibernate.id.enhanced.TableGenerator]
12:17:31.561 [main] WARN  o.hibernate.orm.connections.pooling - HHH10001002: Using Hibernate built-in connection pool (not for production use!)
12:17:31.564 [main] INFO  o.hibernate.orm.connections.pooling - HHH10001005: using driver [org.postgresql.Driver] at URL [jdbc:postgresql://localhost:5432/BuildWeek]
12:17:31.564 [main] INFO  o.hibernate.orm.connections.pooling - HHH10001001: Connection properties: {password=root, user=postgres}
12:17:31.564 [main] INFO  o.hibernate.orm.connections.pooling - HHH10001003: Autocommit mode: false
12:17:31.566 [main] DEBUG o.h.e.j.c.i.DriverManagerConnectionProviderImpl - Initializing Connection pool with 1 Connections
12:17:31.566 [main] INFO  o.h.e.j.c.i.DriverManagerConnectionProviderImpl - HHH000115: Hibernate connection pool size: 20 (min=1)
12:17:31.725 [main] DEBUG o.h.e.j.e.i.JdbcEnvironmentInitiator - Database ->
       name : PostgreSQL
    version : 15.3
      major : 15
      minor : 3
12:17:31.725 [main] DEBUG o.h.e.j.e.i.JdbcEnvironmentInitiator - Driver ->
       name : PostgreSQL JDBC Driver
    version : 42.6.0
      major : 42
      minor : 6
12:17:31.725 [main] DEBUG o.h.e.j.e.i.JdbcEnvironmentInitiator - JDBC version : 4.2
12:17:31.732 [main] INFO  org.hibernate.dialect.Dialect - HHH000400: Using dialect: org.hibernate.dialect.PostgreSQLDialect
12:17:31.742 [main] DEBUG o.h.e.j.e.s.IdentifierHelperBuilder - JDBC driver metadata reported database stores quoted identifiers in neither upper, lower nor mixed case
12:17:31.761 [main] DEBUG o.hibernate.type.BasicTypeRegistry - Adding type registration pg-uuid -> org.hibernate.type.PostgresUUIDType@5e3a39cd
12:17:31.761 [main] DEBUG o.hibernate.type.BasicTypeRegistry - Adding type registration java.util.UUID -> org.hibernate.type.PostgresUUIDType@5e3a39cd
12:17:31.761 [main] DEBUG o.hibernate.type.BasicTypeRegistry - HHH000270: Type registration [java.util.UUID] overrides previous : org.hibernate.type.UUIDBinaryType@2e54db99
12:17:31.763 [main] DEBUG o.h.type.spi.TypeConfiguration$Scope - Scoping TypeConfiguration [org.hibernate.type.spi.TypeConfiguration@1917d90f] to MetadataBuildingContext [org.hibernate.boot.internal.MetadataBuildingContextRootImpl@66bfd864]
12:17:31.789 [main] DEBUG o.h.boot.model.relational.Namespace - Created database namespace [logicalName=Name{catalog=null, schema=null}, physicalName=Name{catalog=null, schema=null}]
12:17:31.797 [main] DEBUG org.hibernate.cfg.AnnotationBinder - Binding entity from annotated class: Abstract.TicketSeller
12:17:31.809 [main] DEBUG org.hibernate.cfg.Ejb3Column - Binding column: Ejb3DiscriminatorColumn{logicalColumnName'Elementi', discriminatorTypeName='string'}
12:17:31.813 [main] DEBUG o.h.cfg.annotations.EntityBinder - Import with entity name TicketSeller
12:17:31.816 [main] DEBUG o.h.cfg.annotations.EntityBinder - Bind entity Abstract.TicketSeller on table TicketSeller
12:17:31.833 [main] DEBUG org.hibernate.cfg.Ejb3Column - Binding column: Ejb3Column{table=org.hibernate.mapping.Table(TicketSeller), mappingColumn=id, insertable=true, updatable=true, unique=false}
12:17:31.835 [main] DEBUG o.h.b.internal.ClassLoaderAccessImpl - Not known whether passed class name [Abstract.TicketSeller] is safe
12:17:31.835 [main] DEBUG o.h.b.internal.ClassLoaderAccessImpl - No temp ClassLoader provided; using live ClassLoader for loading potentially unsafe class : Abstract.TicketSeller
12:17:31.836 [main] DEBUG o.h.cfg.annotations.PropertyBinder - MetadataSourceProcessor property id with lazy=false
12:17:31.837 [main] DEBUG o.h.cfg.AbstractPropertyHolder - Attempting to locate auto-apply AttributeConverter for property [Abstract.TicketSeller:id]
12:17:31.838 [main] DEBUG o.h.c.annotations.SimpleValueBinder - building SimpleValue for id
12:17:31.839 [main] DEBUG o.h.cfg.annotations.PropertyBinder - Building property id
12:17:31.843 [main] DEBUG org.hibernate.cfg.BinderHelper - #makeIdGenerator(org.hibernate.mapping.SimpleValue([org.hibernate.mapping.Column(id)]), id, org.hibernate.id.enhanced.SequenceStyleGenerator, elCat_seq, ...)
12:17:31.844 [main] DEBUG org.hibernate.cfg.Ejb3Column - Binding column: Ejb3Column{table=org.hibernate.mapping.Table(TicketSeller), mappingColumn=seller_name, insertable=true, updatable=true, unique=false}
12:17:31.844 [main] DEBUG o.h.cfg.annotations.PropertyBinder - MetadataSourceProcessor property name with lazy=false
12:17:31.844 [main] DEBUG o.h.cfg.AbstractPropertyHolder - Attempting to locate auto-apply AttributeConverter for property [Abstract.TicketSeller:name]
12:17:31.845 [main] DEBUG o.h.c.annotations.SimpleValueBinder - building SimpleValue for name
12:17:31.845 [main] DEBUG o.h.cfg.annotations.PropertyBinder - Building property name
12:17:31.846 [main] DEBUG org.hibernate.cfg.Ejb3Column - Binding column: Ejb3JoinColumn{logicalColumnName='null', referencedColumn='null', mappedBy=''}
12:17:31.846 [main] DEBUG org.hibernate.cfg.Ejb3Column - Binding column: Ejb3Column{table=org.hibernate.mapping.Table(TicketSeller), mappingColumn=passes, insertable=true, updatable=true, unique=false}
12:17:31.847 [main] DEBUG org.hibernate.cfg.Ejb3Column - Binding column: Ejb3Column{table=org.hibernate.mapping.Table(TicketSeller), mappingColumn=null, insertable=true, updatable=true, unique=false}
12:17:31.853 [main] DEBUG org.hibernate.cfg.Ejb3Column - Binding column: Ejb3Column{table=org.hibernate.mapping.Table(TicketSeller), mappingColumn=element, insertable=true, updatable=true, unique=false}
12:17:31.853 [main] DEBUG org.hibernate.cfg.Ejb3Column - Binding column: Ejb3Column{table=org.hibernate.mapping.Table(TicketSeller), mappingColumn=passes_KEY, insertable=true, updatable=true, unique=false}
12:17:31.854 [main] DEBUG org.hibernate.cfg.Ejb3Column - Binding column: Ejb3JoinColumn{logicalColumnName='passes_KEY', referencedColumn='null', mappedBy='null'}
12:17:31.854 [main] DEBUG org.hibernate.cfg.Ejb3Column - Binding column: Ejb3JoinColumn{logicalColumnName='null', referencedColumn='null', mappedBy=''}
12:17:31.854 [main] DEBUG org.hibernate.cfg.Ejb3Column - Binding column: Ejb3JoinColumn{logicalColumnName='null', referencedColumn='null', mappedBy=''}
12:17:31.855 [main] DEBUG o.h.cfg.annotations.CollectionBinder - Collection role: Abstract.TicketSeller.passes
12:17:31.856 [main] DEBUG o.h.cfg.annotations.PropertyBinder - Building property passes
12:17:31.857 [main] DEBUG org.hibernate.cfg.Ejb3Column - Binding column: Ejb3JoinColumn{logicalColumnName='null', referencedColumn='null', mappedBy=''}
12:17:31.857 [main] DEBUG org.hibernate.cfg.Ejb3Column - Binding column: Ejb3Column{table=org.hibernate.mapping.Table(TicketSeller), mappingColumn=tickets, insertable=true, updatable=true, unique=false}
12:17:31.857 [main] DEBUG org.hibernate.cfg.Ejb3Column - Binding column: Ejb3Column{table=org.hibernate.mapping.Table(TicketSeller), mappingColumn=null, insertable=true, updatable=true, unique=false}
12:17:31.857 [main] DEBUG org.hibernate.cfg.Ejb3Column - Binding column: Ejb3Column{table=org.hibernate.mapping.Table(TicketSeller), mappingColumn=element, insertable=true, updatable=true, unique=false}
12:17:31.857 [main] DEBUG org.hibernate.cfg.Ejb3Column - Binding column: Ejb3Column{table=org.hibernate.mapping.Table(TicketSeller), mappingColumn=tickets_KEY, insertable=true, updatable=true, unique=false}
12:17:31.857 [main] DEBUG org.hibernate.cfg.Ejb3Column - Binding column: Ejb3JoinColumn{logicalColumnName='tickets_KEY', referencedColumn='null', mappedBy='null'}
12:17:31.857 [main] DEBUG org.hibernate.cfg.Ejb3Column - Binding column: Ejb3JoinColumn{logicalColumnName='null', referencedColumn='null', mappedBy=''}
12:17:31.857 [main] DEBUG org.hibernate.cfg.Ejb3Column - Binding column: Ejb3JoinColumn{logicalColumnName='null', referencedColumn='null', mappedBy=''}
12:17:31.857 [main] DEBUG o.h.cfg.annotations.CollectionBinder - Collection role: Abstract.TicketSeller.tickets
12:17:31.857 [main] DEBUG o.h.cfg.annotations.PropertyBinder - Building property tickets
12:17:31.862 [main] DEBUG org.hibernate.cfg.AnnotationBinder - Binding entity from annotated class: Classes.Card
12:17:31.862 [main] DEBUG org.hibernate.cfg.Ejb3Column - Binding column: Ejb3DiscriminatorColumn{logicalColumnName'DTYPE', discriminatorTypeName='string'}
12:17:31.862 [main] DEBUG o.h.cfg.annotations.EntityBinder - Import with entity name Card
12:17:31.862 [main] DEBUG o.h.cfg.annotations.EntityBinder - Bind entity Classes.Card on table Card
12:17:31.864 [main] DEBUG org.hibernate.cfg.Ejb3Column - Binding column: Ejb3Column{table=org.hibernate.mapping.Table(Card), mappingColumn=id, insertable=true, updatable=true, unique=false}
12:17:31.864 [main] DEBUG o.h.b.internal.ClassLoaderAccessImpl - Not known whether passed class name [Classes.Card] is safe
12:17:31.864 [main] DEBUG o.h.b.internal.ClassLoaderAccessImpl - No temp ClassLoader provided; using live ClassLoader for loading potentially unsafe class : Classes.Card
12:17:31.864 [main] DEBUG o.h.cfg.annotations.PropertyBinder - MetadataSourceProcessor property id with lazy=false
12:17:31.864 [main] DEBUG o.h.cfg.AbstractPropertyHolder - Attempting to locate auto-apply AttributeConverter for property [Classes.Card:id]
12:17:31.864 [main] DEBUG o.h.c.annotations.SimpleValueBinder - building SimpleValue for id
12:17:31.864 [main] DEBUG o.h.cfg.annotations.PropertyBinder - Building property id
12:17:31.864 [main] DEBUG org.hibernate.cfg.BinderHelper - #makeIdGenerator(org.hibernate.mapping.SimpleValue([org.hibernate.mapping.Column(id)]), id, identity, , ...)
12:17:31.864 [main] DEBUG org.hibernate.cfg.Ejb3Column - Binding column: Ejb3Column{table=org.hibernate.mapping.Table(Card), mappingColumn=emissionDate, insertable=true, updatable=true, unique=false}
12:17:31.864 [main] DEBUG o.h.cfg.annotations.PropertyBinder - MetadataSourceProcessor property emissionDate with lazy=false
12:17:31.864 [main] DEBUG o.h.cfg.AbstractPropertyHolder - Attempting to locate auto-apply AttributeConverter for property [Classes.Card:emissionDate]
12:17:31.864 [main] DEBUG o.h.c.annotations.SimpleValueBinder - building SimpleValue for emissionDate
12:17:31.864 [main] DEBUG o.h.cfg.annotations.PropertyBinder - Building property emissionDate
12:17:31.864 [main] DEBUG org.hibernate.cfg.Ejb3Column - Binding column: Ejb3Column{table=org.hibernate.mapping.Table(Card), mappingColumn=expirationDate, insertable=true, updatable=true, unique=false}
12:17:31.864 [main] DEBUG o.h.cfg.annotations.PropertyBinder - MetadataSourceProcessor property expirationDate with lazy=false
12:17:31.864 [main] DEBUG o.h.cfg.AbstractPropertyHolder - Attempting to locate auto-apply AttributeConverter for property [Classes.Card:expirationDate]
12:17:31.865 [main] DEBUG o.h.c.annotations.SimpleValueBinder - building SimpleValue for expirationDate
12:17:31.865 [main] DEBUG o.h.cfg.annotations.PropertyBinder - Building property expirationDate
12:17:31.865 [main] DEBUG org.hibernate.cfg.Ejb3Column - Binding column: Ejb3JoinColumn{logicalColumnName='null', referencedColumn='null', mappedBy=''}
12:17:31.865 [main] DEBUG org.hibernate.cfg.Ejb3Column - Binding column: Ejb3Column{table=org.hibernate.mapping.Table(Card), mappingColumn=person, insertable=true, updatable=true, unique=false}
12:17:31.866 [main] DEBUG o.h.cfg.annotations.PropertyBinder - Building property person
12:17:31.867 [main] DEBUG org.hibernate.cfg.AnnotationBinder - Binding entity from annotated class: Classes.Person
12:17:31.867 [main] DEBUG org.hibernate.cfg.Ejb3Column - Binding column: Ejb3DiscriminatorColumn{logicalColumnName'DTYPE', discriminatorTypeName='string'}
12:17:31.867 [main] DEBUG o.h.cfg.annotations.EntityBinder - Import with entity name Person
12:17:31.867 [main] DEBUG o.h.cfg.annotations.EntityBinder - Bind entity Classes.Person on table Person
12:17:31.868 [main] DEBUG org.hibernate.cfg.Ejb3Column - Binding column: Ejb3Column{table=org.hibernate.mapping.Table(Person), mappingColumn=id, insertable=true, updatable=true, unique=false}
12:17:31.868 [main] DEBUG o.h.b.internal.ClassLoaderAccessImpl - Not known whether passed class name [Classes.Person] is safe
12:17:31.868 [main] DEBUG o.h.b.internal.ClassLoaderAccessImpl - No temp ClassLoader provided; using live ClassLoader for loading potentially unsafe class : Classes.Person
12:17:31.868 [main] DEBUG o.h.cfg.annotations.PropertyBinder - MetadataSourceProcessor property id with lazy=false
12:17:31.868 [main] DEBUG o.h.cfg.AbstractPropertyHolder - Attempting to locate auto-apply AttributeConverter for property [Classes.Person:id]
12:17:31.868 [main] DEBUG o.h.c.annotations.SimpleValueBinder - building SimpleValue for id
12:17:31.868 [main] DEBUG o.h.cfg.annotations.PropertyBinder - Building property id
12:17:31.868 [main] DEBUG org.hibernate.cfg.BinderHelper - #makeIdGenerator(org.hibernate.mapping.SimpleValue([org.hibernate.mapping.Column(id)]), id, identity, , ...)
12:17:31.868 [main] DEBUG org.hibernate.cfg.Ejb3Column - Binding column: Ejb3Column{table=org.hibernate.mapping.Table(Person), mappingColumn=birthdate, insertable=true, updatable=true, unique=false}
12:17:31.868 [main] DEBUG o.h.cfg.annotations.PropertyBinder - MetadataSourceProcessor property birthdate with lazy=false
12:17:31.868 [main] DEBUG o.h.cfg.AbstractPropertyHolder - Attempting to locate auto-apply AttributeConverter for property [Classes.Person:birthdate]
12:17:31.868 [main] DEBUG o.h.c.annotations.SimpleValueBinder - building SimpleValue for birthdate
12:17:31.868 [main] DEBUG o.h.cfg.annotations.PropertyBinder - Building property birthdate
12:17:31.868 [main] DEBUG org.hibernate.cfg.Ejb3Column - Binding column: Ejb3JoinColumn{logicalColumnName='null', referencedColumn='null', mappedBy=''}
12:17:31.868 [main] DEBUG org.hibernate.cfg.Ejb3Column - Binding column: Ejb3Column{table=org.hibernate.mapping.Table(Person), mappingColumn=cardNum, insertable=true, updatable=true, unique=false}
12:17:31.869 [main] DEBUG o.h.cfg.annotations.PropertyBinder - Building property cardNum
12:17:31.869 [main] DEBUG org.hibernate.cfg.Ejb3Column - Binding column: Ejb3Column{table=org.hibernate.mapping.Table(Person), mappingColumn=firstName, insertable=true, updatable=true, unique=false}
12:17:31.869 [main] DEBUG o.h.cfg.annotations.PropertyBinder - MetadataSourceProcessor property firstName with lazy=false
12:17:31.869 [main] DEBUG o.h.cfg.AbstractPropertyHolder - Attempting to locate auto-apply AttributeConverter for property [Classes.Person:firstName]
12:17:31.869 [main] DEBUG o.h.c.annotations.SimpleValueBinder - building SimpleValue for firstName
12:17:31.869 [main] DEBUG o.h.cfg.annotations.PropertyBinder - Building property firstName
12:17:31.869 [main] DEBUG org.hibernate.cfg.Ejb3Column - Binding column: Ejb3Column{table=org.hibernate.mapping.Table(Person), mappingColumn=lastName, insertable=true, updatable=true, unique=false}
12:17:31.869 [main] DEBUG o.h.cfg.annotations.PropertyBinder - MetadataSourceProcessor property lastName with lazy=false
12:17:31.869 [main] DEBUG o.h.cfg.AbstractPropertyHolder - Attempting to locate auto-apply AttributeConverter for property [Classes.Person:lastName]
12:17:31.869 [main] DEBUG o.h.c.annotations.SimpleValueBinder - building SimpleValue for lastName
12:17:31.869 [main] DEBUG o.h.cfg.annotations.PropertyBinder - Building property lastName
12:17:31.870 [main] DEBUG org.hibernate.cfg.AnnotationBinder - Binding entity from annotated class: Classes.Ticket
12:17:31.870 [main] DEBUG org.hibernate.cfg.Ejb3Column - Binding column: Ejb3DiscriminatorColumn{logicalColumnName'DTYPE', discriminatorTypeName='string'}
12:17:31.870 [main] DEBUG o.h.cfg.annotations.EntityBinder - Import with entity name Ticket
12:17:31.870 [main] DEBUG o.h.cfg.annotations.EntityBinder - Bind entity Classes.Ticket on table Ticket
12:17:31.872 [main] DEBUG org.hibernate.cfg.Ejb3Column - Binding column: Ejb3Column{table=org.hibernate.mapping.Table(Ticket), mappingColumn=id, insertable=true, updatable=true, unique=false}
12:17:31.872 [main] DEBUG o.h.b.internal.ClassLoaderAccessImpl - Not known whether passed class name [Classes.Ticket] is safe
12:17:31.872 [main] DEBUG o.h.b.internal.ClassLoaderAccessImpl - No temp ClassLoader provided; using live ClassLoader for loading potentially unsafe class : Classes.Ticket
12:17:31.872 [main] DEBUG o.h.cfg.annotations.PropertyBinder - MetadataSourceProcessor property id with lazy=false
12:17:31.872 [main] DEBUG o.h.cfg.AbstractPropertyHolder - Attempting to locate auto-apply AttributeConverter for property [Classes.Ticket:id]
12:17:31.872 [main] DEBUG o.h.c.annotations.SimpleValueBinder - building SimpleValue for id
12:17:31.873 [main] DEBUG o.h.cfg.annotations.PropertyBinder - Building property id
12:17:31.873 [main] DEBUG org.hibernate.cfg.BinderHelper - #makeIdGenerator(org.hibernate.mapping.SimpleValue([org.hibernate.mapping.Column(id)]), id, identity, , ...)
12:17:31.873 [main] DEBUG org.hibernate.cfg.Ejb3Column - Binding column: Ejb3JoinColumn{logicalColumnName='null', referencedColumn='null', mappedBy='null'}
12:17:31.873 [main] DEBUG org.hibernate.cfg.Ejb3Column - Binding column: Ejb3Column{table=org.hibernate.mapping.Table(Ticket), mappingColumn=seller, insertable=true, updatable=true, unique=false}
12:17:31.873 [main] DEBUG o.h.cfg.annotations.PropertyBinder - Building property seller
12:17:31.873 [main] DEBUG org.hibernate.cfg.AnnotationBinder - Binding entity from annotated class: Classes.Pass
12:17:31.874 [main] DEBUG o.h.cfg.annotations.EntityBinder - Import with entity name Pass
12:17:31.875 [main] DEBUG org.hibernate.cfg.Ejb3Column - Binding column: Ejb3JoinColumn{logicalColumnName='null', referencedColumn='null', mappedBy=''}
12:17:31.876 [main] DEBUG org.hibernate.cfg.Ejb3Column - Binding column: Ejb3Column{table=org.hibernate.mapping.Table(Ticket), mappingColumn=person, insertable=true, updatable=true, unique=false}
12:17:31.876 [main] DEBUG o.h.cfg.annotations.PropertyBinder - Building property person
12:17:31.876 [main] DEBUG org.hibernate.cfg.Ejb3Column - Binding column: Ejb3JoinColumn{logicalColumnName='null', referencedColumn='null', mappedBy='null'}
12:17:31.876 [main] DEBUG org.hibernate.cfg.Ejb3Column - Binding column: Ejb3Column{table=org.hibernate.mapping.Table(Ticket), mappingColumn=sellers, insertable=true, updatable=true, unique=false}
12:17:31.876 [main] DEBUG o.h.cfg.annotations.PropertyBinder - Building property sellers
12:17:31.876 [main] DEBUG org.hibernate.cfg.Ejb3Column - Binding column: Ejb3Column{table=org.hibernate.mapping.Table(Ticket), mappingColumn=validity, insertable=true, updatable=true, unique=false}
12:17:31.876 [main] DEBUG o.h.cfg.annotations.PropertyBinder - MetadataSourceProcessor property validity with lazy=false
12:17:31.876 [main] DEBUG o.h.cfg.AbstractPropertyHolder - Attempting to locate auto-apply AttributeConverter for property [Classes.Pass:validity]
12:17:31.878 [main] DEBUG o.h.c.annotations.SimpleValueBinder - building SimpleValue for validity
12:17:31.878 [main] DEBUG o.h.cfg.annotations.PropertyBinder - Building property validity
12:17:31.878 [main] DEBUG org.hibernate.cfg.AnnotationBinder - Binding entity from annotated class: Classes.Shop
12:17:31.878 [main] DEBUG o.h.cfg.annotations.EntityBinder - Import with entity name Shop
12:17:31.879 [main] DEBUG org.hibernate.cfg.AnnotationBinder - Skipping attribute [java.util.List : passes] as it was already processed as part of super hierarchy
12:17:31.879 [main] DEBUG org.hibernate.cfg.Ejb3Column - Binding column: Ejb3JoinColumn{logicalColumnName='null', referencedColumn='null', mappedBy=''}
12:17:31.879 [main] DEBUG org.hibernate.cfg.Ejb3Column - Binding column: Ejb3Column{table=org.hibernate.mapping.Table(TicketSeller), mappingColumn=people, insertable=true, updatable=true, unique=false}
12:17:31.880 [main] DEBUG org.hibernate.cfg.Ejb3Column - Binding column: Ejb3Column{table=org.hibernate.mapping.Table(TicketSeller), mappingColumn=null, insertable=true, updatable=true, unique=false}
12:17:31.880 [main] DEBUG org.hibernate.cfg.Ejb3Column - Binding column: Ejb3Column{table=org.hibernate.mapping.Table(TicketSeller), mappingColumn=element, insertable=true, updatable=true, unique=false}
12:17:31.880 [main] DEBUG org.hibernate.cfg.Ejb3Column - Binding column: Ejb3Column{table=org.hibernate.mapping.Table(TicketSeller), mappingColumn=people_KEY, insertable=true, updatable=true, unique=false}
12:17:31.880 [main] DEBUG org.hibernate.cfg.Ejb3Column - Binding column: Ejb3JoinColumn{logicalColumnName='people_KEY', referencedColumn='null', mappedBy='null'}
12:17:31.880 [main] DEBUG org.hibernate.cfg.Ejb3Column - Binding column: Ejb3JoinColumn{logicalColumnName='null', referencedColumn='null', mappedBy=''}
12:17:31.880 [main] DEBUG org.hibernate.cfg.Ejb3Column - Binding column: Ejb3JoinColumn{logicalColumnName='null', referencedColumn='null', mappedBy=''}
12:17:31.880 [main] DEBUG o.h.cfg.annotations.CollectionBinder - Collection role: Classes.Shop.people
12:17:31.880 [main] DEBUG o.h.cfg.annotations.PropertyBinder - Building property people
12:17:31.880 [main] DEBUG org.hibernate.cfg.AnnotationBinder - Skipping attribute [java.util.List : tickets] as it was already processed as part of super hierarchy
12:17:31.881 [main] DEBUG org.hibernate.cfg.AnnotationBinder - Binding entity from annotated class: Classes.VendingMachine
12:17:31.881 [main] DEBUG o.h.cfg.annotations.EntityBinder - Import with entity name VendingMachine
12:17:31.881 [main] DEBUG org.hibernate.cfg.Ejb3Column - Binding column: Ejb3Column{table=org.hibernate.mapping.Table(TicketSeller), mappingColumn=isWorking, insertable=true, updatable=true, unique=false}
12:17:31.881 [main] DEBUG o.h.cfg.annotations.PropertyBinder - MetadataSourceProcessor property isWorking with lazy=false
12:17:31.881 [main] DEBUG o.h.cfg.AbstractPropertyHolder - Attempting to locate auto-apply AttributeConverter for property [Classes.VendingMachine:isWorking]
12:17:31.881 [main] DEBUG o.h.c.annotations.SimpleValueBinder - building SimpleValue for isWorking
12:17:31.881 [main] DEBUG o.h.cfg.annotations.PropertyBinder - Building property isWorking
12:17:31.883 [main] DEBUG o.h.c.annotations.SimpleValueBinder - Starting fillSimpleValue for id
12:17:31.883 [main] DEBUG o.h.c.annotations.SimpleValueBinder - Starting fillSimpleValue for name
12:17:31.883 [main] DEBUG o.h.c.annotations.SimpleValueBinder - Starting fillSimpleValue for id
12:17:31.883 [main] DEBUG o.h.c.annotations.SimpleValueBinder - Starting fillSimpleValue for emissionDate
12:17:31.883 [main] DEBUG o.h.c.annotations.SimpleValueBinder - Starting fillSimpleValue for expirationDate
12:17:31.883 [main] DEBUG o.h.c.annotations.SimpleValueBinder - Starting fillSimpleValue for id
12:17:31.883 [main] DEBUG o.h.c.annotations.SimpleValueBinder - Starting fillSimpleValue for birthdate
12:17:31.883 [main] DEBUG o.h.c.annotations.SimpleValueBinder - Starting fillSimpleValue for firstName
12:17:31.883 [main] DEBUG o.h.c.annotations.SimpleValueBinder - Starting fillSimpleValue for lastName
12:17:31.883 [main] DEBUG o.h.c.annotations.SimpleValueBinder - Starting fillSimpleValue for id
12:17:31.883 [main] DEBUG o.h.c.annotations.SimpleValueBinder - Starting fillSimpleValue for validity
12:17:31.884 [main] DEBUG o.h.c.annotations.SimpleValueBinder - Starting fillSimpleValue for isWorking
12:17:31.887 [main] DEBUG org.hibernate.mapping.PrimaryKey - Forcing column [id] to be non-null as it is part of the primary key for table [ticketseller]
12:17:31.887 [main] DEBUG org.hibernate.mapping.PrimaryKey - Forcing column [id] to be non-null as it is part of the primary key for table [card]
12:17:31.887 [main] DEBUG org.hibernate.mapping.PrimaryKey - Forcing column [id] to be non-null as it is part of the primary key for table [person]
12:17:31.887 [main] DEBUG org.hibernate.mapping.PrimaryKey - Forcing column [id] to be non-null as it is part of the primary key for table [ticket]
12:17:31.889 [main] DEBUG o.hibernate.cfg.CollectionSecondPass - Second pass for collection: Classes.Shop.people
12:17:31.889 [main] DEBUG o.h.cfg.annotations.CollectionBinder - Binding a OneToMany: Classes.Shop.people through an association table
12:17:31.894 [main] DEBUG o.hibernate.cfg.CollectionSecondPass - Mapped collection key: Shop_id, element: people_id
12:17:31.894 [main] DEBUG o.hibernate.cfg.CollectionSecondPass - Second pass for collection: Abstract.TicketSeller.tickets
12:17:31.894 [main] DEBUG o.h.cfg.annotations.CollectionBinder - Binding a OneToMany: Abstract.TicketSeller.tickets through an association table
12:17:31.894 [main] DEBUG o.hibernate.cfg.CollectionSecondPass - Mapped collection key: TicketSeller_id, element: tickets_id
12:17:31.894 [main] DEBUG o.hibernate.cfg.CollectionSecondPass - Second pass for collection: Abstract.TicketSeller.passes
12:17:31.894 [main] DEBUG o.h.cfg.annotations.CollectionBinder - Binding a OneToMany: Abstract.TicketSeller.passes through an association table
12:17:31.895 [main] DEBUG o.hibernate.cfg.CollectionSecondPass - Mapped collection key: TicketSeller_id, element: passes_id
12:17:31.895 [main] DEBUG o.h.b.i.InFlightMetadataCollectorImpl - Resolving reference to class: Classes.Person
12:17:31.897 [main] DEBUG o.h.b.i.InFlightMetadataCollectorImpl - Resolving reference to class: Classes.Card
12:17:31.897 [main] DEBUG o.h.b.i.InFlightMetadataCollectorImpl - Resolving reference to class: Abstract.TicketSeller
12:17:31.897 [main] DEBUG o.h.b.i.InFlightMetadataCollectorImpl - Resolving reference to class: Classes.Person
12:17:31.897 [main] DEBUG o.h.b.i.InFlightMetadataCollectorImpl - Resolving reference to class: Abstract.TicketSeller
12:17:31.897 [main] DEBUG o.h.b.i.InFlightMetadataCollectorImpl - Resolving reference to class: Classes.Person
12:17:31.897 [main] DEBUG o.h.b.i.InFlightMetadataCollectorImpl - Resolving reference to class: Classes.Shop
12:17:31.897 [main] DEBUG o.h.b.i.InFlightMetadataCollectorImpl - Resolving reference to class: Classes.Ticket
12:17:31.898 [main] DEBUG o.h.b.i.InFlightMetadataCollectorImpl - Resolving reference to class: Abstract.TicketSeller
12:17:31.898 [main] DEBUG o.h.b.i.InFlightMetadataCollectorImpl - Resolving reference to class: Classes.Pass
12:17:31.899 [main] DEBUG o.h.b.i.InFlightMetadataCollectorImpl - Resolving reference to class: Classes.Person
12:17:31.899 [main] DEBUG o.h.b.i.InFlightMetadataCollectorImpl - Resolving reference to class: Classes.Card
12:17:31.899 [main] DEBUG o.h.b.i.InFlightMetadataCollectorImpl - Resolving reference to class: Abstract.TicketSeller
12:17:31.899 [main] DEBUG o.h.b.i.InFlightMetadataCollectorImpl - Resolving reference to class: Classes.Person
12:17:31.899 [main] DEBUG o.h.b.i.InFlightMetadataCollectorImpl - Resolving reference to class: Abstract.TicketSeller
12:17:31.899 [main] DEBUG o.h.b.i.InFlightMetadataCollectorImpl - Resolving reference to class: Classes.Person
12:17:31.899 [main] DEBUG o.h.b.i.InFlightMetadataCollectorImpl - Resolving reference to class: Classes.Shop
12:17:31.899 [main] DEBUG o.h.b.i.InFlightMetadataCollectorImpl - Resolving reference to class: Classes.Ticket
12:17:31.899 [main] DEBUG o.h.b.i.InFlightMetadataCollectorImpl - Resolving reference to class: Abstract.TicketSeller
12:17:31.899 [main] DEBUG o.h.b.i.InFlightMetadataCollectorImpl - Resolving reference to class: Classes.Pass
12:17:31.928 [main] DEBUG o.h.internal.SessionFactoryImpl - Building session factory
12:17:31.928 [main] DEBUG org.hibernate.cfg.Settings - SessionFactory name : null
12:17:31.928 [main] DEBUG org.hibernate.cfg.Settings - Automatic flush during beforeCompletion(): enabled
12:17:31.928 [main] DEBUG org.hibernate.cfg.Settings - Automatic session close at end of transaction: disabled
12:17:31.928 [main] DEBUG org.hibernate.cfg.Settings - Statistics: disabled
12:17:31.928 [main] DEBUG org.hibernate.cfg.Settings - Deleted entity synthetic identifier rollback: disabled
12:17:31.928 [main] DEBUG org.hibernate.cfg.Settings - Default entity-mode: pojo
12:17:31.929 [main] DEBUG org.hibernate.cfg.Settings - Check Nullability in Core (should be disabled when Bean Validation is on): enabled
12:17:31.929 [main] DEBUG org.hibernate.cfg.Settings - Allow initialization of lazy state outside session : disabled
12:17:31.929 [main] DEBUG org.hibernate.cfg.Settings - Using BatchFetchStyle : LEGACY
12:17:31.929 [main] DEBUG org.hibernate.cfg.Settings - Default batch fetch size: -1
12:17:31.929 [main] DEBUG org.hibernate.cfg.Settings - Maximum outer join fetch depth: null
12:17:31.929 [main] DEBUG org.hibernate.cfg.Settings - Default null ordering: NONE
12:17:31.929 [main] DEBUG org.hibernate.cfg.Settings - Order SQL updates by primary key: disabled
12:17:31.929 [main] DEBUG org.hibernate.cfg.Settings - Order SQL inserts for batching: disabled
12:17:31.929 [main] DEBUG org.hibernate.cfg.Settings - multi-tenancy strategy : NONE
12:17:31.929 [main] DEBUG org.hibernate.cfg.Settings - JTA Track by Thread: enabled
12:17:31.929 [main] DEBUG org.hibernate.cfg.Settings - Query language substitutions: {}
12:17:31.929 [main] DEBUG org.hibernate.cfg.Settings - Named query checking : enabled
12:17:31.929 [main] DEBUG org.hibernate.cfg.Settings - Second-level cache: disabled
12:17:31.929 [main] DEBUG org.hibernate.cfg.Settings - Second-level query cache: disabled
12:17:31.929 [main] DEBUG org.hibernate.cfg.Settings - Second-level query cache factory: null
12:17:31.929 [main] DEBUG org.hibernate.cfg.Settings - Second-level cache region prefix: null
12:17:31.929 [main] DEBUG org.hibernate.cfg.Settings - Optimize second-level cache for minimal puts: disabled
12:17:31.930 [main] DEBUG org.hibernate.cfg.Settings - Structured second-level cache entries: disabled
12:17:31.930 [main] DEBUG org.hibernate.cfg.Settings - Second-level cache direct-reference entries: disabled
12:17:31.930 [main] DEBUG org.hibernate.cfg.Settings - Automatic eviction of collection cache: disabled
12:17:31.930 [main] DEBUG org.hibernate.cfg.Settings - JDBC batch size: 15
12:17:31.930 [main] DEBUG org.hibernate.cfg.Settings - JDBC batch updates for versioned data: enabled
12:17:31.930 [main] DEBUG org.hibernate.cfg.Settings - Scrollable result sets: enabled
12:17:31.930 [main] DEBUG org.hibernate.cfg.Settings - Wrap result sets: disabled
12:17:31.930 [main] DEBUG org.hibernate.cfg.Settings - JDBC3 getGeneratedKeys(): enabled
12:17:31.930 [main] DEBUG org.hibernate.cfg.Settings - JDBC result set fetch size: null
12:17:31.930 [main] DEBUG org.hibernate.cfg.Settings - Connection release mode: AFTER_TRANSACTION
12:17:31.930 [main] DEBUG org.hibernate.cfg.Settings - Generate SQL with comments: disabled
12:17:31.930 [main] DEBUG org.hibernate.cfg.Settings - JPA compliance - query : disabled
12:17:31.930 [main] DEBUG org.hibernate.cfg.Settings - JPA compliance - closed-handling : disabled
12:17:31.930 [main] DEBUG org.hibernate.cfg.Settings - JPA compliance - lists : disabled
12:17:31.930 [main] DEBUG org.hibernate.cfg.Settings - JPA compliance - transactions : disabled
12:17:31.935 [main] DEBUG o.h.b.internal.ClassLoaderAccessImpl - Not known whether passed class name [Classes.Pass] is safe
12:17:31.935 [main] DEBUG o.h.b.internal.ClassLoaderAccessImpl - No temp ClassLoader provided; using live ClassLoader for loading potentially unsafe class : Classes.Pass
12:17:31.935 [main] DEBUG o.h.b.internal.ClassLoaderAccessImpl - Not known whether passed class name [Classes.Shop] is safe
12:17:31.935 [main] DEBUG o.h.b.internal.ClassLoaderAccessImpl - No temp ClassLoader provided; using live ClassLoader for loading potentially unsafe class : Classes.Shop
12:17:31.935 [main] DEBUG o.h.b.internal.ClassLoaderAccessImpl - Not known whether passed class name [Classes.VendingMachine] is safe
12:17:31.935 [main] DEBUG o.h.b.internal.ClassLoaderAccessImpl - No temp ClassLoader provided; using live ClassLoader for loading potentially unsafe class : Classes.VendingMachine
12:17:31.962 [main] DEBUG o.h.s.i.SessionFactoryServiceRegistryImpl - EventListenerRegistry access via ServiceRegistry is deprecated.  Use `sessionFactory.getEventEngine().getListenerRegistry()` instead
12:17:31.963 [main] DEBUG o.h.s.i.SessionFactoryServiceRegistryImpl - EventListenerRegistry access via ServiceRegistry is deprecated.  Use `sessionFactory.getEventEngine().getListenerRegistry()` instead
12:17:31.971 [main] DEBUG o.h.internal.SessionFactoryImpl - Session factory constructed with filter configurations : {}
12:17:31.971 [main] DEBUG o.h.internal.SessionFactoryImpl - Instantiating session factory with properties: {java.specification.version=17, sun.cpu.isalist=amd64, sun.jnu.encoding=Cp1252, hibernate.dialect=org.hibernate.dialect.PostgreSQLDialect, java.class.path=C:\Users\total\Desktop\All\Epicode\fs0223-Luca-Sernicola-BackEnd\BuildWeek_4\target\classes;C:\Users\total\.m2\repository\ch\qos\logback\logback-classic\1.4.8\logback-classic-1.4.8.jar;C:\Users\total\.m2\repository\ch\qos\logback\logback-core\1.4.8\logback-core-1.4.8.jar;C:\Users\total\.m2\repository\org\slf4j\slf4j-api\2.0.7\slf4j-api-2.0.7.jar;C:\Users\total\.m2\repository\commons-io\commons-io\2.13.0\commons-io-2.13.0.jar;C:\Users\total\.m2\repository\org\postgresql\postgresql\42.6.0\postgresql-42.6.0.jar;C:\Users\total\.m2\repository\org\checkerframework\checker-qual\3.31.0\checker-qual-3.31.0.jar;C:\Users\total\.m2\repository\org\hibernate\hibernate-core\5.6.15.Final\hibernate-core-5.6.15.Final.jar;C:\Users\total\.m2\repository\org\jboss\logging\jboss-logging\3.4.3.Final\jboss-logging-3.4.3.Final.jar;C:\Users\total\.m2\repository\javax\persistence\javax.persistence-api\2.2\javax.persistence-api-2.2.jar;C:\Users\total\.m2\repository\net\bytebuddy\byte-buddy\1.12.18\byte-buddy-1.12.18.jar;C:\Users\total\.m2\repository\antlr\antlr\2.7.7\antlr-2.7.7.jar;C:\Users\total\.m2\repository\org\jboss\spec\javax\transaction\jboss-transaction-api_1.2_spec\1.1.1.Final\jboss-transaction-api_1.2_spec-1.1.1.Final.jar;C:\Users\total\.m2\repository\org\jboss\jandex\2.4.2.Final\jandex-2.4.2.Final.jar;C:\Users\total\.m2\repository\com\fasterxml\classmate\1.5.1\classmate-1.5.1.jar;C:\Users\total\.m2\repository\javax\activation\javax.activation-api\1.2.0\javax.activation-api-1.2.0.jar;C:\Users\total\.m2\repository\org\hibernate\common\hibernate-commons-annotations\5.1.2.Final\hibernate-commons-annotations-5.1.2.Final.jar;C:\Users\total\.m2\repository\javax\xml\bind\jaxb-api\2.3.1\jaxb-api-2.3.1.jar;C:\Users\total\.m2\repository\org\glassfish\jaxb\jaxb-runtime\2.3.1\jaxb-runtime-2.3.1.jar;C:\Users\total\.m2\repository\org\glassfish\jaxb\txw2\2.3.1\txw2-2.3.1.jar;C:\Users\total\.m2\repository\com\sun\istack\istack-commons-runtime\3.0.7\istack-commons-runtime-3.0.7.jar;C:\Users\total\.m2\repository\org\jvnet\staxex\stax-ex\1.8\stax-ex-1.8.jar;C:\Users\total\.m2\repository\com\sun\xml\fastinfoset\FastInfoset\1.2.15\FastInfoset-1.2.15.jar;C:\Users\total\Desktop\All\Epicode\fs0223-Luca-Sernicola-BackEnd\Homework_W3_D3\target\classes, java.vm.vendor=Eclipse Adoptium, sun.arch.data.model=64, user.variant=, java.vendor.url=https://adoptium.net/, user.timezone=Europe/Rome, javax.persistence.jdbc.url=jdbc:postgresql://localhost:5432/BuildWeek, javax.persistence.jdbc.user=****, java.vm.specification.version=17, os.name=Windows 11, jakarta.persistence.jdbc.password=****, sun.java.launcher=SUN_STANDARD, user.country=US, local.setting.IS_JTA_TXN_COORD=false, sun.boot.library.path=C:\Users\total\.p2\pool\plugins\org.eclipse.justj.openjdk.hotspot.jre.full.win32.x86_64_17.0.7.v20230425-1502\jre\bin, sun.java.command=MainClass.MainClass, jdk.debug=release, jakarta.persistence.jdbc.driver=org.postgresql.Driver, sun.cpu.endian=little, user.home=C:\Users\total, user.language=en, java.specification.vendor=Oracle Corporation, java.version.date=2023-04-18, java.home=C:\Users\total\.p2\pool\plugins\org.eclipse.justj.openjdk.hotspot.jre.full.win32.x86_64_17.0.7.v20230425-1502\jre, file.separator=\, java.vm.compressedOopsMode=Zero based, jakarta.persistence.jdbc.user=****, line.separator=
, hibernate.persistenceUnitName=BuildWeek_4, java.vm.specification.vendor=Oracle Corporation, java.specification.name=Java Platform API Specification, hibernate.transaction.coordinator_class=class org.hibernate.resource.transaction.backend.jdbc.internal.JdbcResourceLocalTransactionCoordinatorBuilderImpl, javax.persistence.jdbc.driver=org.postgresql.Driver, hibernate.hbm2ddl.auto=update, user.script=, sun.management.compiler=HotSpot 64-Bit Tiered Compilers, java.runtime.version=17.0.7+7, user.name=total, path.separator=;, hibernate.connection.username=****, os.version=10.0, java.runtime.name=OpenJDK Runtime Environment, hibernate.connection.url=jdbc:postgresql://localhost:5432/BuildWeek, file.encoding=UTF-8, hibernate.ejb.persistenceUnitName=BuildWeek_4, java.vm.name=OpenJDK 64-Bit Server VM, java.vendor.version=Temurin-17.0.7+7, hibernate.connection.driver_class=org.postgresql.Driver, java.vendor.url.bug=https://github.com/adoptium/adoptium-support/issues, java.io.tmpdir=C:\Users\total\AppData\Local\Temp\, java.version=17.0.7, user.dir=C:\Users\total\Desktop\All\Epicode\fs0223-Luca-Sernicola-BackEnd\BuildWeek_4, os.arch=amd64, java.vm.specification.name=Java Virtual Machine Specification, hibernate.connection.password=****, sun.os.patch.level=, jakarta.persistence.jdbc.url=jdbc:postgresql://localhost:5432/BuildWeek, hibernate.boot.CfgXmlAccessService.key=org.hibernate.boot.registry.StandardServiceRegistryBuilder$1@16eedaa6, native.encoding=Cp1252, java.library.path=C:\Users\total\.p2\pool\plugins\org.eclipse.justj.openjdk.hotspot.jre.full.win32.x86_64_17.0.7.v20230425-1502\jre\bin;C:\windows\Sun\Java\bin;C:\windows\system32;C:\windows;C:/Users/total/.p2/pool/plugins/org.eclipse.justj.openjdk.hotspot.jre.full.win32.x86_64_17.0.7.v20230425-1502/jre/bin/server;C:/Users/total/.p2/pool/plugins/org.eclipse.justj.openjdk.hotspot.jre.full.win32.x86_64_17.0.7.v20230425-1502/jre/bin;C:\Program Files\Eclipse Adoptium\jdk-17.0.7.7-hotspot\bin;C:\Program Files (x86)\NVIDIA Corporation\PhysX\Common;C:\windows\system32;C:\windows;C:\windows\System32\Wbem;C:\windows\System32\WindowsPowerShell\v1.0\;C:\windows\System32\OpenSSH\;C:\Program Files\Git\cmd;C:\Program Files\nodejs\;C:\Users\total\AppData\Local\Microsoft\WindowsApps;C:\Users\total\AppData\Local\Programs\Microsoft VS Code\bin;C:\Users\total\AppData\Roaming\npm;C:\Users\total\AppData\Local\GitHubDesktop\bin;C:\windows\System32;;., java.vendor=Eclipse Adoptium, java.vm.info=mixed mode, java.vm.version=17.0.7+7, hibernate.bytecode.use_reflection_optimizer=false, sun.io.unicode.encoding=UnicodeLittle, javax.persistence.jdbc.password=****, java.class.version=61.0}
12:17:31.984 [main] DEBUG o.h.secure.spi.JaccIntegrator - Skipping JACC integration as it was not enabled
12:17:31.988 [main] DEBUG org.hibernate.type.EnumType - Using ORDINAL-based conversion for Enum Enums.Validity
12:17:31.988 [main] DEBUG o.h.internal.SessionFactoryImpl - Instantiated session factory
12:17:31.988 [main] DEBUG o.h.type.spi.TypeConfiguration$Scope - Scoping TypeConfiguration [org.hibernate.type.spi.TypeConfiguration@1917d90f] to SessionFactoryImpl [org.hibernate.internal.SessionFactoryImpl@77eb5790]
12:17:32.029 [main] DEBUG o.h.b.internal.ClassLoaderAccessImpl - Not known whether passed class name [Abstract.TicketSeller] is safe
12:17:32.029 [main] DEBUG o.h.b.internal.ClassLoaderAccessImpl - No temp ClassLoader provided; using live ClassLoader for loading potentially unsafe class : Abstract.TicketSeller
12:17:32.031 [main] DEBUG o.h.b.internal.ClassLoaderAccessImpl - Not known whether passed class name [Classes.Shop] is safe
12:17:32.031 [main] DEBUG o.h.b.internal.ClassLoaderAccessImpl - No temp ClassLoader provided; using live ClassLoader for loading potentially unsafe class : Classes.Shop
12:17:32.031 [main] DEBUG o.h.b.internal.ClassLoaderAccessImpl - Not known whether passed class name [Classes.VendingMachine] is safe
12:17:32.031 [main] DEBUG o.h.b.internal.ClassLoaderAccessImpl - No temp ClassLoader provided; using live ClassLoader for loading potentially unsafe class : Classes.VendingMachine
12:17:32.147 [main] DEBUG o.hibernate.orm.bytecode.interceptor - To-one property `Classes.Card#person` was mapped with LAZY + NO_PROXY but the class was not enhanced
12:17:32.147 [main] DEBUG o.hibernate.orm.bytecode.interceptor - To-one property `Classes.Card#person` was mapped with LAZY + NO_PROXY but the class was not enhanced
12:17:32.147 [main] DEBUG o.h.b.internal.ClassLoaderAccessImpl - Not known whether passed class name [Classes.Card] is safe
12:17:32.147 [main] DEBUG o.h.b.internal.ClassLoaderAccessImpl - No temp ClassLoader provided; using live ClassLoader for loading potentially unsafe class : Classes.Card
12:17:32.154 [main] DEBUG o.hibernate.orm.bytecode.interceptor - To-one property `Classes.Card#person` was mapped with LAZY + NO_PROXY but the class was not enhanced
12:17:32.154 [main] DEBUG o.hibernate.orm.bytecode.interceptor - To-one property `Classes.Card#person` was mapped with LAZY + NO_PROXY but the class was not enhanced
12:17:32.155 [main] DEBUG o.hibernate.orm.bytecode.interceptor - To-one property `Classes.Person#cardNum` was mapped with LAZY + NO_PROXY but the class was not enhanced
12:17:32.155 [main] DEBUG o.hibernate.orm.bytecode.interceptor - To-one property `Classes.Person#cardNum` was mapped with LAZY + NO_PROXY but the class was not enhanced
12:17:32.155 [main] DEBUG o.h.b.internal.ClassLoaderAccessImpl - Not known whether passed class name [Classes.Person] is safe
12:17:32.155 [main] DEBUG o.h.b.internal.ClassLoaderAccessImpl - No temp ClassLoader provided; using live ClassLoader for loading potentially unsafe class : Classes.Person
12:17:32.161 [main] DEBUG o.hibernate.orm.bytecode.interceptor - To-one property `Classes.Person#cardNum` was mapped with LAZY + NO_PROXY but the class was not enhanced
12:17:32.161 [main] DEBUG o.hibernate.orm.bytecode.interceptor - To-one property `Classes.Person#cardNum` was mapped with LAZY + NO_PROXY but the class was not enhanced
12:17:32.161 [main] DEBUG o.hibernate.orm.bytecode.interceptor - To-one property `Classes.Ticket#seller` was mapped with LAZY + NO_PROXY but the class was not enhanced
12:17:32.162 [main] DEBUG o.hibernate.orm.bytecode.interceptor - To-one property `Classes.Ticket#seller` was mapped with LAZY + NO_PROXY but the class was not enhanced
12:17:32.162 [main] DEBUG o.hibernate.orm.bytecode.interceptor - To-one property `Classes.Pass#person` was mapped with LAZY + NO_PROXY but the class was not enhanced
12:17:32.162 [main] DEBUG o.hibernate.orm.bytecode.interceptor - To-one property `Classes.Pass#person` was mapped with LAZY + NO_PROXY but the class was not enhanced
12:17:32.162 [main] DEBUG o.hibernate.orm.bytecode.interceptor - To-one property `Classes.Pass#sellers` was mapped with LAZY + NO_PROXY but the class was not enhanced
12:17:32.162 [main] DEBUG o.hibernate.orm.bytecode.interceptor - To-one property `Classes.Pass#sellers` was mapped with LAZY + NO_PROXY but the class was not enhanced
12:17:32.162 [main] DEBUG o.h.b.internal.ClassLoaderAccessImpl - Not known whether passed class name [Classes.Pass] is safe
12:17:32.162 [main] DEBUG o.h.b.internal.ClassLoaderAccessImpl - No temp ClassLoader provided; using live ClassLoader for loading potentially unsafe class : Classes.Pass
12:17:32.168 [main] DEBUG o.hibernate.orm.bytecode.interceptor - To-one property `Classes.Ticket#seller` was mapped with LAZY + NO_PROXY but the class was not enhanced
12:17:32.168 [main] DEBUG o.hibernate.orm.bytecode.interceptor - To-one property `Classes.Pass#person` was mapped with LAZY + NO_PROXY but the class was not enhanced
12:17:32.168 [main] DEBUG o.hibernate.orm.bytecode.interceptor - To-one property `Classes.Pass#sellers` was mapped with LAZY + NO_PROXY but the class was not enhanced
12:17:32.168 [main] DEBUG o.hibernate.orm.bytecode.interceptor - To-one property `Classes.Ticket#seller` was mapped with LAZY + NO_PROXY but the class was not enhanced
12:17:32.168 [main] DEBUG o.hibernate.orm.bytecode.interceptor - To-one property `Classes.Pass#person` was mapped with LAZY + NO_PROXY but the class was not enhanced
12:17:32.168 [main] DEBUG o.hibernate.orm.bytecode.interceptor - To-one property `Classes.Pass#sellers` was mapped with LAZY + NO_PROXY but the class was not enhanced
12:17:32.173 [main] DEBUG o.hibernate.orm.bytecode.interceptor - To-one property `Classes.Ticket#seller` was mapped with LAZY + NO_PROXY but the class was not enhanced
12:17:32.173 [main] DEBUG o.hibernate.orm.bytecode.interceptor - To-one property `Classes.Ticket#seller` was mapped with LAZY + NO_PROXY but the class was not enhanced
12:17:32.173 [main] DEBUG o.h.b.internal.ClassLoaderAccessImpl - Not known whether passed class name [Classes.Ticket] is safe
12:17:32.173 [main] DEBUG o.h.b.internal.ClassLoaderAccessImpl - No temp ClassLoader provided; using live ClassLoader for loading potentially unsafe class : Classes.Ticket
12:17:32.176 [main] DEBUG o.hibernate.orm.bytecode.interceptor - To-one property `Classes.Ticket#seller` was mapped with LAZY + NO_PROXY but the class was not enhanced
12:17:32.176 [main] DEBUG o.hibernate.orm.bytecode.interceptor - To-one property `Classes.Ticket#seller` was mapped with LAZY + NO_PROXY but the class was not enhanced
12:17:32.176 [main] DEBUG o.hibernate.orm.bytecode.interceptor - To-one property `Classes.Pass#person` was mapped with LAZY + NO_PROXY but the class was not enhanced
12:17:32.176 [main] DEBUG o.hibernate.orm.bytecode.interceptor - To-one property `Classes.Pass#sellers` was mapped with LAZY + NO_PROXY but the class was not enhanced
12:17:32.187 [main] DEBUG o.h.p.c.AbstractCollectionPersister - Static SQL for collection: Abstract.TicketSeller.tickets
12:17:32.187 [main] DEBUG o.h.p.c.AbstractCollectionPersister -  Row insert: insert into TicketSeller_Ticket (TicketSeller_id, tickets_id) values (?, ?)
12:17:32.187 [main] DEBUG o.h.p.c.AbstractCollectionPersister -  Row update: update TicketSeller_Ticket set tickets_id=? where TicketSeller_id=? and tickets_id=?
12:17:32.187 [main] DEBUG o.h.p.c.AbstractCollectionPersister -  Row delete: delete from TicketSeller_Ticket where TicketSeller_id=? and tickets_id=?
12:17:32.187 [main] DEBUG o.h.p.c.AbstractCollectionPersister -  One-shot delete: delete from TicketSeller_Ticket where TicketSeller_id=?
12:17:32.187 [main] DEBUG o.h.p.c.AbstractCollectionPersister - Static SQL for collection: Abstract.TicketSeller.passes
12:17:32.188 [main] DEBUG o.h.p.c.AbstractCollectionPersister -  Row insert: insert into TicketSeller_Ticket (TicketSeller_id, passes_id) values (?, ?)
12:17:32.188 [main] DEBUG o.h.p.c.AbstractCollectionPersister -  Row update: update TicketSeller_Ticket set passes_id=? where TicketSeller_id=? and passes_id=?
12:17:32.188 [main] DEBUG o.h.p.c.AbstractCollectionPersister -  Row delete: delete from TicketSeller_Ticket where TicketSeller_id=? and passes_id=?
12:17:32.188 [main] DEBUG o.h.p.c.AbstractCollectionPersister -  One-shot delete: delete from TicketSeller_Ticket where TicketSeller_id=?
12:17:32.188 [main] DEBUG o.h.p.c.AbstractCollectionPersister - Static SQL for collection: Classes.Shop.people
12:17:32.188 [main] DEBUG o.h.p.c.AbstractCollectionPersister -  Row insert: insert into TicketSeller_Person (Shop_id, people_id) values (?, ?)
12:17:32.188 [main] DEBUG o.h.p.c.AbstractCollectionPersister -  Row update: update TicketSeller_Person set people_id=? where Shop_id=? and people_id=?
12:17:32.188 [main] DEBUG o.h.p.c.AbstractCollectionPersister -  Row delete: delete from TicketSeller_Person where Shop_id=? and people_id=?
12:17:32.188 [main] DEBUG o.h.p.c.AbstractCollectionPersister -  One-shot delete: delete from TicketSeller_Person where Shop_id=?
12:17:32.189 [main] DEBUG o.h.p.entity.AbstractEntityPersister - Static SQL for entity: Abstract.TicketSeller
12:17:32.189 [main] DEBUG o.h.p.entity.AbstractEntityPersister -  Version select: select id from TicketSeller where id =?
12:17:32.189 [main] DEBUG o.h.p.entity.AbstractEntityPersister -  Snapshot select: select ticketsell_.id, ticketsell_.seller_name as seller_n3_3_ from TicketSeller ticketsell_ where ticketsell_.id=?
12:17:32.189 [main] DEBUG o.h.p.entity.AbstractEntityPersister -  Insert 0: insert into TicketSeller (seller_name, Elementi, id) values (?, 'TicketSeller', ?)
12:17:32.189 [main] DEBUG o.h.p.entity.AbstractEntityPersister -  Update 0: update TicketSeller set seller_name=? where id=?
12:17:32.189 [main] DEBUG o.h.p.entity.AbstractEntityPersister -  Delete 0: delete from TicketSeller where id=?
12:17:32.203 [main] DEBUG o.h.l.p.b.i.spaces.QuerySpacesImpl - Adding QuerySpace : uid = <gen:0> -> org.hibernate.loader.plan.build.internal.spaces.EntityQuerySpaceImpl@188598ad]
12:17:32.204 [main] DEBUG o.h.p.w.spi.MetamodelGraphWalker - Visiting attribute path : name
12:17:32.204 [main] DEBUG o.h.p.w.spi.MetamodelGraphWalker - Visiting attribute path : passes
12:17:32.206 [main] DEBUG o.h.l.p.b.i.spaces.QuerySpacesImpl - Adding QuerySpace : uid = <gen:1> -> org.hibernate.loader.plan.build.internal.spaces.CollectionQuerySpaceImpl@4a3bd45b]
12:17:32.207 [main] DEBUG o.h.l.p.b.i.spaces.QuerySpacesImpl - Adding QuerySpace : uid = <gen:2> -> org.hibernate.loader.plan.build.internal.spaces.EntityQuerySpaceImpl@3330f3ad]
12:17:32.207 [main] DEBUG o.h.p.w.spi.MetamodelGraphWalker - Visiting attribute path : tickets
12:17:32.207 [main] DEBUG o.h.l.p.b.i.spaces.QuerySpacesImpl - Adding QuerySpace : uid = <gen:3> -> org.hibernate.loader.plan.build.internal.spaces.CollectionQuerySpaceImpl@756aadfc]
12:17:32.207 [main] DEBUG o.h.l.p.b.i.spaces.QuerySpacesImpl - Adding QuerySpace : uid = <gen:4> -> org.hibernate.loader.plan.build.internal.spaces.EntityQuerySpaceImpl@705a8dbc]
12:17:32.207 [main] DEBUG o.h.p.w.spi.MetamodelGraphWalker - Visiting attribute path : people
12:17:32.207 [main] DEBUG o.h.l.p.b.i.spaces.QuerySpacesImpl - Adding QuerySpace : uid = <gen:5> -> org.hibernate.loader.plan.build.internal.spaces.CollectionQuerySpaceImpl@40729f01]
12:17:32.207 [main] DEBUG o.h.l.p.b.i.spaces.QuerySpacesImpl - Adding QuerySpace : uid = <gen:6> -> org.hibernate.loader.plan.build.internal.spaces.EntityQuerySpaceImpl@d535a3d]
12:17:32.207 [main] DEBUG o.h.p.w.spi.MetamodelGraphWalker - Visiting attribute path : isWorking
12:17:32.207 [main] DEBUG o.h.l.p.b.i.FetchStyleLoadPlanBuildingAssociationVisitationStrategy - Building LoadPlan...
12:17:32.213 [main] DEBUG o.h.l.p.e.i.LoadQueryJoinAndFetchProcessor - processing queryspace <gen:0>
12:17:32.215 [main] DEBUG o.h.l.p.b.spi.LoadPlanTreePrinter - LoadPlan(entity=Abstract.TicketSeller)
    - Returns
       - EntityReturnImpl(entity=Abstract.TicketSeller, querySpaceUid=<gen:0>, path=Abstract.TicketSeller)
          - CollectionAttributeFetchImpl(collection=Abstract.TicketSeller.passes, querySpaceUid=<gen:1>, path=Abstract.TicketSeller.passes)
             - (collection element) CollectionFetchableElementEntityGraph(entity=Classes.Pass, querySpaceUid=<gen:2>, path=Abstract.TicketSeller.passes.<elements>)
          - CollectionAttributeFetchImpl(collection=Abstract.TicketSeller.tickets, querySpaceUid=<gen:3>, path=Abstract.TicketSeller.tickets)
             - (collection element) CollectionFetchableElementEntityGraph(entity=Classes.Ticket, querySpaceUid=<gen:4>, path=Abstract.TicketSeller.tickets.<elements>)
          - CollectionAttributeFetchImpl(collection=Classes.Shop.people, querySpaceUid=<gen:5>, path=Abstract.TicketSeller.people)
             - (collection element) CollectionFetchableElementEntityGraph(entity=Classes.Person, querySpaceUid=<gen:6>, path=Abstract.TicketSeller.people.<elements>)
    - QuerySpaces
       - EntityQuerySpaceImpl(uid=<gen:0>, entity=Abstract.TicketSeller)
          - SQL table alias mapping - ticketsell0_
          - alias suffix - 0_
          - suffixed key columns - {id2_3_0_}

12:17:32.215 [main] DEBUG o.h.loader.entity.plan.EntityLoader - Static select for entity Abstract.TicketSeller [NONE]: select ticketsell0_.id as id2_3_0_, ticketsell0_.seller_name as seller_n3_3_0_, ticketsell0_.isWorking as isworkin4_3_0_, ticketsell0_.Elementi as elementi1_3_0_ from TicketSeller ticketsell0_ where ticketsell0_.id=?
12:17:32.217 [main] DEBUG o.h.p.entity.AbstractEntityPersister - Static SQL for entity: Classes.Card
12:17:32.217 [main] DEBUG o.h.p.entity.AbstractEntityPersister -  Version select: select id from Card where id =?
12:17:32.217 [main] DEBUG o.h.p.entity.AbstractEntityPersister -  Snapshot select: select card_.id, card_.emissionDate as emission2_0_, card_.expirationDate as expirati3_0_, card_.person_id as person_i4_0_ from Card card_ where card_.id=?
12:17:32.217 [main] DEBUG o.h.p.entity.AbstractEntityPersister -  Insert 0: insert into Card (emissionDate, expirationDate, person_id, id) values (?, ?, ?, ?)
12:17:32.217 [main] DEBUG o.h.p.entity.AbstractEntityPersister -  Update 0: update Card set emissionDate=?, expirationDate=?, person_id=? where id=?
12:17:32.217 [main] DEBUG o.h.p.entity.AbstractEntityPersister -  Delete 0: delete from Card where id=?
12:17:32.217 [main] DEBUG o.h.p.entity.AbstractEntityPersister -  Identity insert: insert into Card (emissionDate, expirationDate, person_id) values (?, ?, ?)
12:17:32.217 [main] DEBUG o.h.l.p.b.i.spaces.QuerySpacesImpl - Adding QuerySpace : uid = <gen:0> -> org.hibernate.loader.plan.build.internal.spaces.EntityQuerySpaceImpl@6c8dbf56]
12:17:32.217 [main] DEBUG o.h.p.w.spi.MetamodelGraphWalker - Visiting attribute path : emissionDate
12:17:32.217 [main] DEBUG o.h.p.w.spi.MetamodelGraphWalker - Visiting attribute path : expirationDate
12:17:32.217 [main] DEBUG o.h.p.w.spi.MetamodelGraphWalker - Visiting attribute path : person
12:17:32.217 [main] DEBUG o.h.l.p.b.i.spaces.QuerySpacesImpl - Adding QuerySpace : uid = <gen:1> -> org.hibernate.loader.plan.build.internal.spaces.EntityQuerySpaceImpl@36c2d629]
12:17:32.217 [main] DEBUG o.h.p.w.spi.MetamodelGraphWalker - Visiting attribute path : person.birthdate
12:17:32.217 [main] DEBUG o.h.p.w.spi.MetamodelGraphWalker - Visiting attribute path : person.cardNum
12:17:32.217 [main] DEBUG o.h.l.p.b.i.spaces.QuerySpacesImpl - Adding QuerySpace : uid = <gen:2> -> org.hibernate.loader.plan.build.internal.spaces.EntityQuerySpaceImpl@7da34b26]
12:17:32.217 [main] DEBUG o.h.p.w.spi.MetamodelGraphWalker - Visiting attribute path : person.cardNum.emissionDate
12:17:32.217 [main] DEBUG o.h.p.w.spi.MetamodelGraphWalker - Visiting attribute path : person.cardNum.expirationDate
12:17:32.217 [main] DEBUG o.h.p.w.spi.MetamodelGraphWalker - Visiting attribute path : person.cardNum.person
12:17:32.217 [main] DEBUG o.h.p.w.spi.MetamodelGraphWalker - Property path deemed to be circular : person.cardNum.person
12:17:32.219 [main] DEBUG o.h.p.w.spi.MetamodelGraphWalker - Visiting attribute path : person.firstName
12:17:32.219 [main] DEBUG o.h.p.w.spi.MetamodelGraphWalker - Visiting attribute path : person.lastName
12:17:32.219 [main] DEBUG o.h.l.p.b.i.FetchStyleLoadPlanBuildingAssociationVisitationStrategy - Building LoadPlan...
12:17:32.219 [main] DEBUG o.h.l.p.e.i.LoadQueryJoinAndFetchProcessor - processing queryspace <gen:0>
12:17:32.220 [main] DEBUG o.h.l.p.b.spi.LoadPlanTreePrinter - LoadPlan(entity=Classes.Card)
    - Returns
       - EntityReturnImpl(entity=Classes.Card, querySpaceUid=<gen:0>, path=Classes.Card)
          - EntityAttributeFetchImpl(entity=Classes.Person, querySpaceUid=<gen:1>, path=Classes.Card.person)
             - EntityAttributeFetchImpl(entity=Classes.Card, querySpaceUid=<gen:2>, path=Classes.Card.person.cardNum)
    - QuerySpaces
       - EntityQuerySpaceImpl(uid=<gen:0>, entity=Classes.Card)
          - SQL table alias mapping - card0_
          - alias suffix - 0_
          - suffixed key columns - {id1_0_0_}
          - JOIN (JoinDefinedByMetadata(person)) : <gen:0> -> <gen:1>
             - EntityQuerySpaceImpl(uid=<gen:1>, entity=Classes.Person)
                - SQL table alias mapping - person1_
                - alias suffix - 1_
                - suffixed key columns - {id1_1_1_}
                - JOIN (JoinDefinedByMetadata(cardNum)) : <gen:1> -> <gen:2>
                   - EntityQuerySpaceImpl(uid=<gen:2>, entity=Classes.Card)
                      - SQL table alias mapping - card2_
                      - alias suffix - 2_
                      - suffixed key columns - {id1_0_2_}

12:17:32.220 [main] DEBUG o.h.loader.entity.plan.EntityLoader - Static select for entity Classes.Card [NONE]: select card0_.id as id1_0_0_, card0_.emissionDate as emission2_0_0_, card0_.expirationDate as expirati3_0_0_, card0_.person_id as person_i4_0_0_, person1_.id as id1_1_1_, person1_.birthdate as birthdat2_1_1_, person1_.cardNum_id as cardnum_5_1_1_, person1_.firstName as firstnam3_1_1_, person1_.lastName as lastname4_1_1_, card2_.id as id1_0_2_, card2_.emissionDate as emission2_0_2_, card2_.expirationDate as expirati3_0_2_, card2_.person_id as person_i4_0_2_ from Card card0_ left outer join Person person1_ on card0_.person_id=person1_.id left outer join Card card2_ on person1_.cardNum_id=card2_.id where card0_.id=?
12:17:32.220 [main] DEBUG o.h.p.entity.AbstractEntityPersister - Static SQL for entity: Classes.Person
12:17:32.220 [main] DEBUG o.h.p.entity.AbstractEntityPersister -  Version select: select id from Person where id =?
12:17:32.220 [main] DEBUG o.h.p.entity.AbstractEntityPersister -  Snapshot select: select person_.id, person_.birthdate as birthdat2_1_, person_.cardNum_id as cardnum_5_1_, person_.firstName as firstnam3_1_, person_.lastName as lastname4_1_ from Person person_ where person_.id=?
12:17:32.220 [main] DEBUG o.h.p.entity.AbstractEntityPersister -  Insert 0: insert into Person (birthdate, cardNum_id, firstName, lastName, id) values (?, ?, ?, ?, ?)
12:17:32.220 [main] DEBUG o.h.p.entity.AbstractEntityPersister -  Update 0: update Person set birthdate=?, cardNum_id=?, firstName=?, lastName=? where id=?
12:17:32.220 [main] DEBUG o.h.p.entity.AbstractEntityPersister -  Delete 0: delete from Person where id=?
12:17:32.220 [main] DEBUG o.h.p.entity.AbstractEntityPersister -  Identity insert: insert into Person (birthdate, cardNum_id, firstName, lastName) values (?, ?, ?, ?)
12:17:32.220 [main] DEBUG o.h.l.p.b.i.spaces.QuerySpacesImpl - Adding QuerySpace : uid = <gen:0> -> org.hibernate.loader.plan.build.internal.spaces.EntityQuerySpaceImpl@2c9a6717]
12:17:32.220 [main] DEBUG o.h.p.w.spi.MetamodelGraphWalker - Visiting attribute path : birthdate
12:17:32.220 [main] DEBUG o.h.p.w.spi.MetamodelGraphWalker - Visiting attribute path : cardNum
12:17:32.220 [main] DEBUG o.h.l.p.b.i.spaces.QuerySpacesImpl - Adding QuerySpace : uid = <gen:1> -> org.hibernate.loader.plan.build.internal.spaces.EntityQuerySpaceImpl@6d091cad]
12:17:32.220 [main] DEBUG o.h.p.w.spi.MetamodelGraphWalker - Visiting attribute path : cardNum.emissionDate
12:17:32.220 [main] DEBUG o.h.p.w.spi.MetamodelGraphWalker - Visiting attribute path : cardNum.expirationDate
12:17:32.220 [main] DEBUG o.h.p.w.spi.MetamodelGraphWalker - Visiting attribute path : cardNum.person
12:17:32.220 [main] DEBUG o.h.l.p.b.i.spaces.QuerySpacesImpl - Adding QuerySpace : uid = <gen:2> -> org.hibernate.loader.plan.build.internal.spaces.EntityQuerySpaceImpl@3bb5ceb]
12:17:32.220 [main] DEBUG o.h.p.w.spi.MetamodelGraphWalker - Visiting attribute path : cardNum.person.birthdate
12:17:32.220 [main] DEBUG o.h.p.w.spi.MetamodelGraphWalker - Visiting attribute path : cardNum.person.cardNum
12:17:32.220 [main] DEBUG o.h.p.w.spi.MetamodelGraphWalker - Property path deemed to be circular : cardNum.person.cardNum
12:17:32.220 [main] DEBUG o.h.p.w.spi.MetamodelGraphWalker - Visiting attribute path : cardNum.person.firstName
12:17:32.220 [main] DEBUG o.h.p.w.spi.MetamodelGraphWalker - Visiting attribute path : cardNum.person.lastName
12:17:32.220 [main] DEBUG o.h.p.w.spi.MetamodelGraphWalker - Visiting attribute path : firstName
12:17:32.220 [main] DEBUG o.h.p.w.spi.MetamodelGraphWalker - Visiting attribute path : lastName
12:17:32.220 [main] DEBUG o.h.l.p.b.i.FetchStyleLoadPlanBuildingAssociationVisitationStrategy - Building LoadPlan...
12:17:32.220 [main] DEBUG o.h.l.p.e.i.LoadQueryJoinAndFetchProcessor - processing queryspace <gen:0>
12:17:32.221 [main] DEBUG o.h.l.p.b.spi.LoadPlanTreePrinter - LoadPlan(entity=Classes.Person)
    - Returns
       - EntityReturnImpl(entity=Classes.Person, querySpaceUid=<gen:0>, path=Classes.Person)
          - EntityAttributeFetchImpl(entity=Classes.Card, querySpaceUid=<gen:1>, path=Classes.Person.cardNum)
             - EntityAttributeFetchImpl(entity=Classes.Person, querySpaceUid=<gen:2>, path=Classes.Person.cardNum.person)
    - QuerySpaces
       - EntityQuerySpaceImpl(uid=<gen:0>, entity=Classes.Person)
          - SQL table alias mapping - person0_
          - alias suffix - 0_
          - suffixed key columns - {id1_1_0_}
          - JOIN (JoinDefinedByMetadata(cardNum)) : <gen:0> -> <gen:1>
             - EntityQuerySpaceImpl(uid=<gen:1>, entity=Classes.Card)
                - SQL table alias mapping - card1_
                - alias suffix - 1_
                - suffixed key columns - {id1_0_1_}
                - JOIN (JoinDefinedByMetadata(person)) : <gen:1> -> <gen:2>
                   - EntityQuerySpaceImpl(uid=<gen:2>, entity=Classes.Person)
                      - SQL table alias mapping - person2_
                      - alias suffix - 2_
                      - suffixed key columns - {id1_1_2_}

12:17:32.221 [main] DEBUG o.h.loader.entity.plan.EntityLoader - Static select for entity Classes.Person [NONE]: select person0_.id as id1_1_0_, person0_.birthdate as birthdat2_1_0_, person0_.cardNum_id as cardnum_5_1_0_, person0_.firstName as firstnam3_1_0_, person0_.lastName as lastname4_1_0_, card1_.id as id1_0_1_, card1_.emissionDate as emission2_0_1_, card1_.expirationDate as expirati3_0_1_, card1_.person_id as person_i4_0_1_, person2_.id as id1_1_2_, person2_.birthdate as birthdat2_1_2_, person2_.cardNum_id as cardnum_5_1_2_, person2_.firstName as firstnam3_1_2_, person2_.lastName as lastname4_1_2_ from Person person0_ left outer join Card card1_ on person0_.cardNum_id=card1_.id left outer join Person person2_ on card1_.person_id=person2_.id where person0_.id=?
12:17:32.221 [main] DEBUG o.h.p.entity.AbstractEntityPersister - Static SQL for entity: Classes.Pass
12:17:32.221 [main] DEBUG o.h.p.entity.AbstractEntityPersister -  Version select: select id from Ticket where id =?
12:17:32.221 [main] DEBUG o.h.p.entity.AbstractEntityPersister -  Snapshot select: select pass_.id, pass_.seller_id as seller_i4_2_, pass_.person_id as person_i5_2_, pass_.sellers_id as sellers_6_2_, pass_.validity as validity3_2_ from Ticket pass_ where pass_.id=?
12:17:32.221 [main] DEBUG o.h.p.entity.AbstractEntityPersister -  Insert 0: insert into Ticket (seller_id, person_id, sellers_id, validity, DTYPE, id) values (?, ?, ?, ?, 'Pass', ?)
12:17:32.221 [main] DEBUG o.h.p.entity.AbstractEntityPersister -  Update 0: update Ticket set seller_id=?, person_id=?, sellers_id=?, validity=? where id=?
12:17:32.221 [main] DEBUG o.h.p.entity.AbstractEntityPersister -  Delete 0: delete from Ticket where id=?
12:17:32.221 [main] DEBUG o.h.p.entity.AbstractEntityPersister -  Identity insert: insert into Ticket (seller_id, person_id, sellers_id, validity, DTYPE) values (?, ?, ?, ?, 'Pass')
12:17:32.221 [main] DEBUG o.h.l.p.b.i.spaces.QuerySpacesImpl - Adding QuerySpace : uid = <gen:0> -> org.hibernate.loader.plan.build.internal.spaces.EntityQuerySpaceImpl@3ba0ae41]
12:17:32.221 [main] DEBUG o.h.p.w.spi.MetamodelGraphWalker - Visiting attribute path : seller
12:17:32.221 [main] DEBUG o.h.l.p.b.i.spaces.QuerySpacesImpl - Adding QuerySpace : uid = <gen:1> -> org.hibernate.loader.plan.build.internal.spaces.EntityQuerySpaceImpl@2ffb3aec]
12:17:32.221 [main] DEBUG o.h.p.w.spi.MetamodelGraphWalker - Visiting attribute path : seller.name
12:17:32.221 [main] DEBUG o.h.p.w.spi.MetamodelGraphWalker - Visiting attribute path : seller.passes
12:17:32.221 [main] DEBUG o.h.l.p.b.i.spaces.QuerySpacesImpl - Adding QuerySpace : uid = <gen:2> -> org.hibernate.loader.plan.build.internal.spaces.CollectionQuerySpaceImpl@46039a21]
12:17:32.221 [main] DEBUG o.h.l.p.b.i.spaces.QuerySpacesImpl - Adding QuerySpace : uid = <gen:3> -> org.hibernate.loader.plan.build.internal.spaces.EntityQuerySpaceImpl@431e86b1]
12:17:32.221 [main] DEBUG o.h.p.w.spi.MetamodelGraphWalker - Visiting attribute path : seller.tickets
12:17:32.221 [main] DEBUG o.h.l.p.b.i.spaces.QuerySpacesImpl - Adding QuerySpace : uid = <gen:4> -> org.hibernate.loader.plan.build.internal.spaces.CollectionQuerySpaceImpl@35c4e864]
12:17:32.221 [main] DEBUG o.h.l.p.b.i.spaces.QuerySpacesImpl - Adding QuerySpace : uid = <gen:5> -> org.hibernate.loader.plan.build.internal.spaces.EntityQuerySpaceImpl@32a2a6be]
12:17:32.221 [main] DEBUG o.h.p.w.spi.MetamodelGraphWalker - Visiting attribute path : seller.people
12:17:32.221 [main] DEBUG o.h.l.p.b.i.spaces.QuerySpacesImpl - Adding QuerySpace : uid = <gen:6> -> org.hibernate.loader.plan.build.internal.spaces.CollectionQuerySpaceImpl@682af059]
12:17:32.221 [main] DEBUG o.h.l.p.b.i.spaces.QuerySpacesImpl - Adding QuerySpace : uid = <gen:7> -> org.hibernate.loader.plan.build.internal.spaces.EntityQuerySpaceImpl@5f36c8e3]
12:17:32.221 [main] DEBUG o.h.p.w.spi.MetamodelGraphWalker - Visiting attribute path : seller.isWorking
12:17:32.221 [main] DEBUG o.h.p.w.spi.MetamodelGraphWalker - Visiting attribute path : person
12:17:32.221 [main] DEBUG o.h.l.p.b.i.spaces.QuerySpacesImpl - Adding QuerySpace : uid = <gen:8> -> org.hibernate.loader.plan.build.internal.spaces.EntityQuerySpaceImpl@4da39ca9]
12:17:32.221 [main] DEBUG o.h.p.w.spi.MetamodelGraphWalker - Visiting attribute path : person.birthdate
12:17:32.221 [main] DEBUG o.h.p.w.spi.MetamodelGraphWalker - Visiting attribute path : person.cardNum
12:17:32.222 [main] DEBUG o.h.l.p.b.i.spaces.QuerySpacesImpl - Adding QuerySpace : uid = <gen:9> -> org.hibernate.loader.plan.build.internal.spaces.EntityQuerySpaceImpl@5584d9c6]
12:17:32.222 [main] DEBUG o.h.p.w.spi.MetamodelGraphWalker - Visiting attribute path : person.cardNum.emissionDate
12:17:32.222 [main] DEBUG o.h.p.w.spi.MetamodelGraphWalker - Visiting attribute path : person.cardNum.expirationDate
12:17:32.222 [main] DEBUG o.h.p.w.spi.MetamodelGraphWalker - Visiting attribute path : person.cardNum.person
12:17:32.222 [main] DEBUG o.h.l.p.b.i.spaces.QuerySpacesImpl - Adding QuerySpace : uid = <gen:10> -> org.hibernate.loader.plan.build.internal.spaces.EntityQuerySpaceImpl@6d0be7ab]
12:17:32.222 [main] DEBUG o.h.p.w.spi.MetamodelGraphWalker - Visiting attribute path : person.cardNum.person.birthdate
12:17:32.222 [main] DEBUG o.h.p.w.spi.MetamodelGraphWalker - Visiting attribute path : person.cardNum.person.cardNum
12:17:32.222 [main] DEBUG o.h.p.w.spi.MetamodelGraphWalker - Property path deemed to be circular : person.cardNum.person.cardNum
12:17:32.222 [main] DEBUG o.h.p.w.spi.MetamodelGraphWalker - Visiting attribute path : person.cardNum.person.firstName
12:17:32.222 [main] DEBUG o.h.p.w.spi.MetamodelGraphWalker - Visiting attribute path : person.cardNum.person.lastName
12:17:32.222 [main] DEBUG o.h.p.w.spi.MetamodelGraphWalker - Visiting attribute path : person.firstName
12:17:32.222 [main] DEBUG o.h.p.w.spi.MetamodelGraphWalker - Visiting attribute path : person.lastName
12:17:32.222 [main] DEBUG o.h.p.w.spi.MetamodelGraphWalker - Visiting attribute path : sellers
12:17:32.222 [main] DEBUG o.h.l.p.b.i.spaces.QuerySpacesImpl - Adding QuerySpace : uid = <gen:11> -> org.hibernate.loader.plan.build.internal.spaces.EntityQuerySpaceImpl@6ef60295]
12:17:32.222 [main] DEBUG o.h.p.w.spi.MetamodelGraphWalker - Visiting attribute path : sellers.name
12:17:32.222 [main] DEBUG o.h.p.w.spi.MetamodelGraphWalker - Visiting attribute path : sellers.passes
12:17:32.222 [main] DEBUG o.h.l.p.b.i.spaces.QuerySpacesImpl - Adding QuerySpace : uid = <gen:12> -> org.hibernate.loader.plan.build.internal.spaces.CollectionQuerySpaceImpl@3234474]
12:17:32.222 [main] DEBUG o.h.l.p.b.i.spaces.QuerySpacesImpl - Adding QuerySpace : uid = <gen:13> -> org.hibernate.loader.plan.build.internal.spaces.EntityQuerySpaceImpl@631cb129]
12:17:32.222 [main] DEBUG o.h.p.w.spi.MetamodelGraphWalker - Visiting attribute path : sellers.tickets
12:17:32.222 [main] DEBUG o.h.l.p.b.i.spaces.QuerySpacesImpl - Adding QuerySpace : uid = <gen:14> -> org.hibernate.loader.plan.build.internal.spaces.CollectionQuerySpaceImpl@3d20e575]
12:17:32.222 [main] DEBUG o.h.l.p.b.i.spaces.QuerySpacesImpl - Adding QuerySpace : uid = <gen:15> -> org.hibernate.loader.plan.build.internal.spaces.EntityQuerySpaceImpl@3252747e]
12:17:32.222 [main] DEBUG o.h.p.w.spi.MetamodelGraphWalker - Visiting attribute path : sellers.people
12:17:32.222 [main] DEBUG o.h.l.p.b.i.spaces.QuerySpacesImpl - Adding QuerySpace : uid = <gen:16> -> org.hibernate.loader.plan.build.internal.spaces.CollectionQuerySpaceImpl@2b4b96a4]
12:17:32.222 [main] DEBUG o.h.l.p.b.i.spaces.QuerySpacesImpl - Adding QuerySpace : uid = <gen:17> -> org.hibernate.loader.plan.build.internal.spaces.EntityQuerySpaceImpl@2dd8ff1d]
12:17:32.222 [main] DEBUG o.h.p.w.spi.MetamodelGraphWalker - Visiting attribute path : sellers.isWorking
12:17:32.222 [main] DEBUG o.h.p.w.spi.MetamodelGraphWalker - Visiting attribute path : validity
12:17:32.222 [main] DEBUG o.h.l.p.b.i.FetchStyleLoadPlanBuildingAssociationVisitationStrategy - Building LoadPlan...
12:17:32.222 [main] DEBUG o.h.l.p.e.i.LoadQueryJoinAndFetchProcessor - processing queryspace <gen:0>
12:17:32.223 [main] DEBUG o.h.l.p.b.spi.LoadPlanTreePrinter - LoadPlan(entity=Classes.Pass)
    - Returns
       - EntityReturnImpl(entity=Classes.Pass, querySpaceUid=<gen:0>, path=Classes.Pass)
          - EntityAttributeFetchImpl(entity=Abstract.TicketSeller, querySpaceUid=<gen:1>, path=Classes.Pass.seller)
             - CollectionAttributeFetchImpl(collection=Abstract.TicketSeller.passes, querySpaceUid=<gen:2>, path=Classes.Pass.seller.passes)
                - (collection element) CollectionFetchableElementEntityGraph(entity=Classes.Pass, querySpaceUid=<gen:3>, path=Classes.Pass.seller.passes.<elements>)
             - CollectionAttributeFetchImpl(collection=Abstract.TicketSeller.tickets, querySpaceUid=<gen:4>, path=Classes.Pass.seller.tickets)
                - (collection element) CollectionFetchableElementEntityGraph(entity=Classes.Ticket, querySpaceUid=<gen:5>, path=Classes.Pass.seller.tickets.<elements>)
             - CollectionAttributeFetchImpl(collection=Classes.Shop.people, querySpaceUid=<gen:6>, path=Classes.Pass.seller.people)
                - (collection element) CollectionFetchableElementEntityGraph(entity=Classes.Person, querySpaceUid=<gen:7>, path=Classes.Pass.seller.people.<elements>)
          - EntityAttributeFetchImpl(entity=Classes.Person, querySpaceUid=<gen:8>, path=Classes.Pass.person)
             - EntityAttributeFetchImpl(entity=Classes.Card, querySpaceUid=<gen:9>, path=Classes.Pass.person.cardNum)
                - EntityAttributeFetchImpl(entity=Classes.Person, querySpaceUid=<gen:10>, path=Classes.Pass.person.cardNum.person)
          - EntityAttributeFetchImpl(entity=Abstract.TicketSeller, querySpaceUid=<gen:11>, path=Classes.Pass.sellers)
             - CollectionAttributeFetchImpl(collection=Abstract.TicketSeller.passes, querySpaceUid=<gen:12>, path=Classes.Pass.sellers.passes)
                - (collection element) CollectionFetchableElementEntityGraph(entity=Classes.Pass, querySpaceUid=<gen:13>, path=Classes.Pass.sellers.passes.<elements>)
             - CollectionAttributeFetchImpl(collection=Abstract.TicketSeller.tickets, querySpaceUid=<gen:14>, path=Classes.Pass.sellers.tickets)
                - (collection element) CollectionFetchableElementEntityGraph(entity=Classes.Ticket, querySpaceUid=<gen:15>, path=Classes.Pass.sellers.tickets.<elements>)
             - CollectionAttributeFetchImpl(collection=Classes.Shop.people, querySpaceUid=<gen:16>, path=Classes.Pass.sellers.people)
                - (collection element) CollectionFetchableElementEntityGraph(entity=Classes.Person, querySpaceUid=<gen:17>, path=Classes.Pass.sellers.people.<elements>)
    - QuerySpaces
       - EntityQuerySpaceImpl(uid=<gen:0>, entity=Classes.Pass)
          - SQL table alias mapping - pass0_
          - alias suffix - 0_
          - suffixed key columns - {id2_2_0_}
          - JOIN (JoinDefinedByMetadata(seller)) : <gen:0> -> <gen:1>
             - EntityQuerySpaceImpl(uid=<gen:1>, entity=Abstract.TicketSeller)
                - SQL table alias mapping - ticketsell1_
                - alias suffix - 1_
                - suffixed key columns - {id2_3_1_}
          - JOIN (JoinDefinedByMetadata(person)) : <gen:0> -> <gen:8>
             - EntityQuerySpaceImpl(uid=<gen:8>, entity=Classes.Person)
                - SQL table alias mapping - person2_
                - alias suffix - 2_
                - suffixed key columns - {id1_1_2_}
                - JOIN (JoinDefinedByMetadata(cardNum)) : <gen:8> -> <gen:9>
                   - EntityQuerySpaceImpl(uid=<gen:9>, entity=Classes.Card)
                      - SQL table alias mapping - card3_
                      - alias suffix - 3_
                      - suffixed key columns - {id1_0_3_}
                      - JOIN (JoinDefinedByMetadata(person)) : <gen:9> -> <gen:10>
                         - EntityQuerySpaceImpl(uid=<gen:10>, entity=Classes.Person)
                            - SQL table alias mapping - person4_
                            - alias suffix - 4_
                            - suffixed key columns - {id1_1_4_}
          - JOIN (JoinDefinedByMetadata(sellers)) : <gen:0> -> <gen:11>
             - EntityQuerySpaceImpl(uid=<gen:11>, entity=Abstract.TicketSeller)
                - SQL table alias mapping - ticketsell5_
                - alias suffix - 5_
                - suffixed key columns - {id2_3_5_}

12:17:32.223 [main] DEBUG o.h.loader.entity.plan.EntityLoader - Static select for entity Classes.Pass [NONE]: select pass0_.id as id2_2_0_, pass0_.seller_id as seller_i4_2_0_, pass0_.person_id as person_i5_2_0_, pass0_.sellers_id as sellers_6_2_0_, pass0_.validity as validity3_2_0_, ticketsell1_.id as id2_3_1_, ticketsell1_.seller_name as seller_n3_3_1_, ticketsell1_.isWorking as isworkin4_3_1_, ticketsell1_.Elementi as elementi1_3_1_, person2_.id as id1_1_2_, person2_.birthdate as birthdat2_1_2_, person2_.cardNum_id as cardnum_5_1_2_, person2_.firstName as firstnam3_1_2_, person2_.lastName as lastname4_1_2_, card3_.id as id1_0_3_, card3_.emissionDate as emission2_0_3_, card3_.expirationDate as expirati3_0_3_, card3_.person_id as person_i4_0_3_, person4_.id as id1_1_4_, person4_.birthdate as birthdat2_1_4_, person4_.cardNum_id as cardnum_5_1_4_, person4_.firstName as firstnam3_1_4_, person4_.lastName as lastname4_1_4_, ticketsell5_.id as id2_3_5_, ticketsell5_.seller_name as seller_n3_3_5_, ticketsell5_.isWorking as isworkin4_3_5_, ticketsell5_.Elementi as elementi1_3_5_ from Ticket pass0_ left outer join TicketSeller ticketsell1_ on pass0_.seller_id=ticketsell1_.id left outer join Person person2_ on pass0_.person_id=person2_.id left outer join Card card3_ on person2_.cardNum_id=card3_.id left outer join Person person4_ on card3_.person_id=person4_.id left outer join TicketSeller ticketsell5_ on pass0_.sellers_id=ticketsell5_.id where pass0_.id=? and pass0_.DTYPE='Pass'
12:17:32.223 [main] DEBUG o.h.p.entity.AbstractEntityPersister - Static SQL for entity: Classes.Shop
12:17:32.223 [main] DEBUG o.h.p.entity.AbstractEntityPersister -  Version select: select id from TicketSeller where id =?
12:17:32.223 [main] DEBUG o.h.p.entity.AbstractEntityPersister -  Snapshot select: select shop_.id, shop_.seller_name as seller_n3_3_ from TicketSeller shop_ where shop_.id=?
12:17:32.223 [main] DEBUG o.h.p.entity.AbstractEntityPersister -  Insert 0: insert into TicketSeller (seller_name, Elementi, id) values (?, 'shop', ?)
12:17:32.223 [main] DEBUG o.h.p.entity.AbstractEntityPersister -  Update 0: update TicketSeller set seller_name=? where id=?
12:17:32.223 [main] DEBUG o.h.p.entity.AbstractEntityPersister -  Delete 0: delete from TicketSeller where id=?
12:17:32.223 [main] DEBUG o.h.l.p.b.i.spaces.QuerySpacesImpl - Adding QuerySpace : uid = <gen:0> -> org.hibernate.loader.plan.build.internal.spaces.EntityQuerySpaceImpl@17e9bc9e]
12:17:32.223 [main] DEBUG o.h.p.w.spi.MetamodelGraphWalker - Visiting attribute path : name
12:17:32.223 [main] DEBUG o.h.p.w.spi.MetamodelGraphWalker - Visiting attribute path : passes
12:17:32.223 [main] DEBUG o.h.l.p.b.i.spaces.QuerySpacesImpl - Adding QuerySpace : uid = <gen:1> -> org.hibernate.loader.plan.build.internal.spaces.CollectionQuerySpaceImpl@4130955c]
12:17:32.223 [main] DEBUG o.h.l.p.b.i.spaces.QuerySpacesImpl - Adding QuerySpace : uid = <gen:2> -> org.hibernate.loader.plan.build.internal.spaces.EntityQuerySpaceImpl@2bfaba70]
12:17:32.223 [main] DEBUG o.h.p.w.spi.MetamodelGraphWalker - Visiting attribute path : tickets
12:17:32.223 [main] DEBUG o.h.l.p.b.i.spaces.QuerySpacesImpl - Adding QuerySpace : uid = <gen:3> -> org.hibernate.loader.plan.build.internal.spaces.CollectionQuerySpaceImpl@71adfedd]
12:17:32.223 [main] DEBUG o.h.l.p.b.i.spaces.QuerySpacesImpl - Adding QuerySpace : uid = <gen:4> -> org.hibernate.loader.plan.build.internal.spaces.EntityQuerySpaceImpl@9301672]
12:17:32.223 [main] DEBUG o.h.p.w.spi.MetamodelGraphWalker - Visiting attribute path : people
12:17:32.223 [main] DEBUG o.h.l.p.b.i.spaces.QuerySpacesImpl - Adding QuerySpace : uid = <gen:5> -> org.hibernate.loader.plan.build.internal.spaces.CollectionQuerySpaceImpl@4ceff87d]
12:17:32.223 [main] DEBUG o.h.l.p.b.i.spaces.QuerySpacesImpl - Adding QuerySpace : uid = <gen:6> -> org.hibernate.loader.plan.build.internal.spaces.EntityQuerySpaceImpl@3238e2aa]
12:17:32.223 [main] DEBUG o.h.l.p.b.i.FetchStyleLoadPlanBuildingAssociationVisitationStrategy - Building LoadPlan...
12:17:32.223 [main] DEBUG o.h.l.p.e.i.LoadQueryJoinAndFetchProcessor - processing queryspace <gen:0>
12:17:32.224 [main] DEBUG o.h.l.p.b.spi.LoadPlanTreePrinter - LoadPlan(entity=Classes.Shop)
    - Returns
       - EntityReturnImpl(entity=Classes.Shop, querySpaceUid=<gen:0>, path=Classes.Shop)
          - CollectionAttributeFetchImpl(collection=Abstract.TicketSeller.passes, querySpaceUid=<gen:1>, path=Classes.Shop.passes)
             - (collection element) CollectionFetchableElementEntityGraph(entity=Classes.Pass, querySpaceUid=<gen:2>, path=Classes.Shop.passes.<elements>)
          - CollectionAttributeFetchImpl(collection=Abstract.TicketSeller.tickets, querySpaceUid=<gen:3>, path=Classes.Shop.tickets)
             - (collection element) CollectionFetchableElementEntityGraph(entity=Classes.Ticket, querySpaceUid=<gen:4>, path=Classes.Shop.tickets.<elements>)
          - CollectionAttributeFetchImpl(collection=Classes.Shop.people, querySpaceUid=<gen:5>, path=Classes.Shop.people)
             - (collection element) CollectionFetchableElementEntityGraph(entity=Classes.Person, querySpaceUid=<gen:6>, path=Classes.Shop.people.<elements>)
    - QuerySpaces
       - EntityQuerySpaceImpl(uid=<gen:0>, entity=Classes.Shop)
          - SQL table alias mapping - shop0_
          - alias suffix - 0_
          - suffixed key columns - {id2_3_0_}

12:17:32.224 [main] DEBUG o.h.loader.entity.plan.EntityLoader - Static select for entity Classes.Shop [NONE]: select shop0_.id as id2_3_0_, shop0_.seller_name as seller_n3_3_0_ from TicketSeller shop0_ where shop0_.id=? and shop0_.Elementi='shop'
12:17:32.224 [main] DEBUG o.h.p.entity.AbstractEntityPersister - Static SQL for entity: Classes.Ticket
12:17:32.224 [main] DEBUG o.h.p.entity.AbstractEntityPersister -  Version select: select id from Ticket where id =?
12:17:32.224 [main] DEBUG o.h.p.entity.AbstractEntityPersister -  Snapshot select: select ticket_.id, ticket_.seller_id as seller_i4_2_ from Ticket ticket_ where ticket_.id=?
12:17:32.224 [main] DEBUG o.h.p.entity.AbstractEntityPersister -  Insert 0: insert into Ticket (seller_id, DTYPE, id) values (?, 'Ticket', ?)
12:17:32.224 [main] DEBUG o.h.p.entity.AbstractEntityPersister -  Update 0: update Ticket set seller_id=? where id=?
12:17:32.224 [main] DEBUG o.h.p.entity.AbstractEntityPersister -  Delete 0: delete from Ticket where id=?
12:17:32.224 [main] DEBUG o.h.p.entity.AbstractEntityPersister -  Identity insert: insert into Ticket (seller_id, DTYPE) values (?, 'Ticket')
12:17:32.224 [main] DEBUG o.h.l.p.b.i.spaces.QuerySpacesImpl - Adding QuerySpace : uid = <gen:0> -> org.hibernate.loader.plan.build.internal.spaces.EntityQuerySpaceImpl@2c7db926]
12:17:32.224 [main] DEBUG o.h.p.w.spi.MetamodelGraphWalker - Visiting attribute path : seller
12:17:32.224 [main] DEBUG o.h.l.p.b.i.spaces.QuerySpacesImpl - Adding QuerySpace : uid = <gen:1> -> org.hibernate.loader.plan.build.internal.spaces.EntityQuerySpaceImpl@1668919e]
12:17:32.224 [main] DEBUG o.h.p.w.spi.MetamodelGraphWalker - Visiting attribute path : seller.name
12:17:32.224 [main] DEBUG o.h.p.w.spi.MetamodelGraphWalker - Visiting attribute path : seller.passes
12:17:32.224 [main] DEBUG o.h.l.p.b.i.spaces.QuerySpacesImpl - Adding QuerySpace : uid = <gen:2> -> org.hibernate.loader.plan.build.internal.spaces.CollectionQuerySpaceImpl@22c53d82]
12:17:32.224 [main] DEBUG o.h.l.p.b.i.spaces.QuerySpacesImpl - Adding QuerySpace : uid = <gen:3> -> org.hibernate.loader.plan.build.internal.spaces.EntityQuerySpaceImpl@3a6045c6]
12:17:32.224 [main] DEBUG o.h.p.w.spi.MetamodelGraphWalker - Visiting attribute path : seller.tickets
12:17:32.224 [main] DEBUG o.h.l.p.b.i.spaces.QuerySpacesImpl - Adding QuerySpace : uid = <gen:4> -> org.hibernate.loader.plan.build.internal.spaces.CollectionQuerySpaceImpl@68d6d775]
12:17:32.224 [main] DEBUG o.h.l.p.b.i.spaces.QuerySpacesImpl - Adding QuerySpace : uid = <gen:5> -> org.hibernate.loader.plan.build.internal.spaces.EntityQuerySpaceImpl@b67cc70]
12:17:32.224 [main] DEBUG o.h.p.w.spi.MetamodelGraphWalker - Visiting attribute path : seller.people
12:17:32.224 [main] DEBUG o.h.l.p.b.i.spaces.QuerySpacesImpl - Adding QuerySpace : uid = <gen:6> -> org.hibernate.loader.plan.build.internal.spaces.CollectionQuerySpaceImpl@45c9b3]
12:17:32.224 [main] DEBUG o.h.l.p.b.i.spaces.QuerySpacesImpl - Adding QuerySpace : uid = <gen:7> -> org.hibernate.loader.plan.build.internal.spaces.EntityQuerySpaceImpl@38b3f208]
12:17:32.224 [main] DEBUG o.h.p.w.spi.MetamodelGraphWalker - Visiting attribute path : seller.isWorking
12:17:32.224 [main] DEBUG o.h.p.w.spi.MetamodelGraphWalker - Visiting attribute path : person
12:17:32.224 [main] DEBUG o.h.l.p.b.i.spaces.QuerySpacesImpl - Adding QuerySpace : uid = <gen:8> -> org.hibernate.loader.plan.build.internal.spaces.EntityQuerySpaceImpl@6680f714]
12:17:32.224 [main] DEBUG o.h.p.w.spi.MetamodelGraphWalker - Visiting attribute path : person.birthdate
12:17:32.224 [main] DEBUG o.h.p.w.spi.MetamodelGraphWalker - Visiting attribute path : person.cardNum
12:17:32.224 [main] DEBUG o.h.l.p.b.i.spaces.QuerySpacesImpl - Adding QuerySpace : uid = <gen:9> -> org.hibernate.loader.plan.build.internal.spaces.EntityQuerySpaceImpl@7d97e06c]
12:17:32.224 [main] DEBUG o.h.p.w.spi.MetamodelGraphWalker - Visiting attribute path : person.cardNum.emissionDate
12:17:32.224 [main] DEBUG o.h.p.w.spi.MetamodelGraphWalker - Visiting attribute path : person.cardNum.expirationDate
12:17:32.224 [main] DEBUG o.h.p.w.spi.MetamodelGraphWalker - Visiting attribute path : person.cardNum.person
12:17:32.224 [main] DEBUG o.h.l.p.b.i.spaces.QuerySpacesImpl - Adding QuerySpace : uid = <gen:10> -> org.hibernate.loader.plan.build.internal.spaces.EntityQuerySpaceImpl@3b4a1a75]
12:17:32.224 [main] DEBUG o.h.p.w.spi.MetamodelGraphWalker - Visiting attribute path : person.cardNum.person.birthdate
12:17:32.224 [main] DEBUG o.h.p.w.spi.MetamodelGraphWalker - Visiting attribute path : person.cardNum.person.cardNum
12:17:32.224 [main] DEBUG o.h.p.w.spi.MetamodelGraphWalker - Property path deemed to be circular : person.cardNum.person.cardNum
12:17:32.224 [main] DEBUG o.h.p.w.spi.MetamodelGraphWalker - Visiting attribute path : person.cardNum.person.firstName
12:17:32.224 [main] DEBUG o.h.p.w.spi.MetamodelGraphWalker - Visiting attribute path : person.cardNum.person.lastName
12:17:32.225 [main] DEBUG o.h.p.w.spi.MetamodelGraphWalker - Visiting attribute path : person.firstName
12:17:32.225 [main] DEBUG o.h.p.w.spi.MetamodelGraphWalker - Visiting attribute path : person.lastName
12:17:32.225 [main] DEBUG o.h.p.w.spi.MetamodelGraphWalker - Visiting attribute path : sellers
12:17:32.225 [main] DEBUG o.h.l.p.b.i.spaces.QuerySpacesImpl - Adding QuerySpace : uid = <gen:11> -> org.hibernate.loader.plan.build.internal.spaces.EntityQuerySpaceImpl@276cc8dc]
12:17:32.225 [main] DEBUG o.h.p.w.spi.MetamodelGraphWalker - Visiting attribute path : sellers.name
12:17:32.225 [main] DEBUG o.h.p.w.spi.MetamodelGraphWalker - Visiting attribute path : sellers.passes
12:17:32.225 [main] DEBUG o.h.l.p.b.i.spaces.QuerySpacesImpl - Adding QuerySpace : uid = <gen:12> -> org.hibernate.loader.plan.build.internal.spaces.CollectionQuerySpaceImpl@d3f4505]
12:17:32.225 [main] DEBUG o.h.l.p.b.i.spaces.QuerySpacesImpl - Adding QuerySpace : uid = <gen:13> -> org.hibernate.loader.plan.build.internal.spaces.EntityQuerySpaceImpl@3eb292cd]
12:17:32.225 [main] DEBUG o.h.p.w.spi.MetamodelGraphWalker - Visiting attribute path : sellers.tickets
12:17:32.225 [main] DEBUG o.h.l.p.b.i.spaces.QuerySpacesImpl - Adding QuerySpace : uid = <gen:14> -> org.hibernate.loader.plan.build.internal.spaces.CollectionQuerySpaceImpl@7fd987ef]
12:17:32.225 [main] DEBUG o.h.l.p.b.i.spaces.QuerySpacesImpl - Adding QuerySpace : uid = <gen:15> -> org.hibernate.loader.plan.build.internal.spaces.EntityQuerySpaceImpl@7209ffb5]
12:17:32.225 [main] DEBUG o.h.p.w.spi.MetamodelGraphWalker - Visiting attribute path : sellers.people
12:17:32.225 [main] DEBUG o.h.l.p.b.i.spaces.QuerySpacesImpl - Adding QuerySpace : uid = <gen:16> -> org.hibernate.loader.plan.build.internal.spaces.CollectionQuerySpaceImpl@5e99b9c]
12:17:32.225 [main] DEBUG o.h.l.p.b.i.spaces.QuerySpacesImpl - Adding QuerySpace : uid = <gen:17> -> org.hibernate.loader.plan.build.internal.spaces.EntityQuerySpaceImpl@2fe74516]
12:17:32.225 [main] DEBUG o.h.p.w.spi.MetamodelGraphWalker - Visiting attribute path : sellers.isWorking
12:17:32.225 [main] DEBUG o.h.p.w.spi.MetamodelGraphWalker - Visiting attribute path : validity
12:17:32.225 [main] DEBUG o.h.l.p.b.i.FetchStyleLoadPlanBuildingAssociationVisitationStrategy - Building LoadPlan...
12:17:32.225 [main] DEBUG o.h.l.p.e.i.LoadQueryJoinAndFetchProcessor - processing queryspace <gen:0>
12:17:32.225 [main] DEBUG o.h.l.p.b.spi.LoadPlanTreePrinter - LoadPlan(entity=Classes.Ticket)
    - Returns
       - EntityReturnImpl(entity=Classes.Ticket, querySpaceUid=<gen:0>, path=Classes.Ticket)
          - EntityAttributeFetchImpl(entity=Abstract.TicketSeller, querySpaceUid=<gen:1>, path=Classes.Ticket.seller)
             - CollectionAttributeFetchImpl(collection=Abstract.TicketSeller.passes, querySpaceUid=<gen:2>, path=Classes.Ticket.seller.passes)
                - (collection element) CollectionFetchableElementEntityGraph(entity=Classes.Pass, querySpaceUid=<gen:3>, path=Classes.Ticket.seller.passes.<elements>)
             - CollectionAttributeFetchImpl(collection=Abstract.TicketSeller.tickets, querySpaceUid=<gen:4>, path=Classes.Ticket.seller.tickets)
                - (collection element) CollectionFetchableElementEntityGraph(entity=Classes.Ticket, querySpaceUid=<gen:5>, path=Classes.Ticket.seller.tickets.<elements>)
             - CollectionAttributeFetchImpl(collection=Classes.Shop.people, querySpaceUid=<gen:6>, path=Classes.Ticket.seller.people)
                - (collection element) CollectionFetchableElementEntityGraph(entity=Classes.Person, querySpaceUid=<gen:7>, path=Classes.Ticket.seller.people.<elements>)
          - EntityAttributeFetchImpl(entity=Classes.Person, querySpaceUid=<gen:8>, path=Classes.Ticket.person)
             - EntityAttributeFetchImpl(entity=Classes.Card, querySpaceUid=<gen:9>, path=Classes.Ticket.person.cardNum)
                - EntityAttributeFetchImpl(entity=Classes.Person, querySpaceUid=<gen:10>, path=Classes.Ticket.person.cardNum.person)
          - EntityAttributeFetchImpl(entity=Abstract.TicketSeller, querySpaceUid=<gen:11>, path=Classes.Ticket.sellers)
             - CollectionAttributeFetchImpl(collection=Abstract.TicketSeller.passes, querySpaceUid=<gen:12>, path=Classes.Ticket.sellers.passes)
                - (collection element) CollectionFetchableElementEntityGraph(entity=Classes.Pass, querySpaceUid=<gen:13>, path=Classes.Ticket.sellers.passes.<elements>)
             - CollectionAttributeFetchImpl(collection=Abstract.TicketSeller.tickets, querySpaceUid=<gen:14>, path=Classes.Ticket.sellers.tickets)
                - (collection element) CollectionFetchableElementEntityGraph(entity=Classes.Ticket, querySpaceUid=<gen:15>, path=Classes.Ticket.sellers.tickets.<elements>)
             - CollectionAttributeFetchImpl(collection=Classes.Shop.people, querySpaceUid=<gen:16>, path=Classes.Ticket.sellers.people)
                - (collection element) CollectionFetchableElementEntityGraph(entity=Classes.Person, querySpaceUid=<gen:17>, path=Classes.Ticket.sellers.people.<elements>)
    - QuerySpaces
       - EntityQuerySpaceImpl(uid=<gen:0>, entity=Classes.Ticket)
          - SQL table alias mapping - ticket0_
          - alias suffix - 0_
          - suffixed key columns - {id2_2_0_}
          - JOIN (JoinDefinedByMetadata(seller)) : <gen:0> -> <gen:1>
             - EntityQuerySpaceImpl(uid=<gen:1>, entity=Abstract.TicketSeller)
                - SQL table alias mapping - ticketsell1_
                - alias suffix - 1_
                - suffixed key columns - {id2_3_1_}
          - JOIN (JoinDefinedByMetadata(person)) : <gen:0> -> <gen:8>
             - EntityQuerySpaceImpl(uid=<gen:8>, entity=Classes.Person)
                - SQL table alias mapping - person2_
                - alias suffix - 2_
                - suffixed key columns - {id1_1_2_}
                - JOIN (JoinDefinedByMetadata(cardNum)) : <gen:8> -> <gen:9>
                   - EntityQuerySpaceImpl(uid=<gen:9>, entity=Classes.Card)
                      - SQL table alias mapping - card3_
                      - alias suffix - 3_
                      - suffixed key columns - {id1_0_3_}
                      - JOIN (JoinDefinedByMetadata(person)) : <gen:9> -> <gen:10>
                         - EntityQuerySpaceImpl(uid=<gen:10>, entity=Classes.Person)
                            - SQL table alias mapping - person4_
                            - alias suffix - 4_
                            - suffixed key columns - {id1_1_4_}
          - JOIN (JoinDefinedByMetadata(sellers)) : <gen:0> -> <gen:11>
             - EntityQuerySpaceImpl(uid=<gen:11>, entity=Abstract.TicketSeller)
                - SQL table alias mapping - ticketsell5_
                - alias suffix - 5_
                - suffixed key columns - {id2_3_5_}

12:17:32.226 [main] DEBUG o.h.loader.entity.plan.EntityLoader - Static select for entity Classes.Ticket [NONE]: select ticket0_.id as id2_2_0_, ticket0_.seller_id as seller_i4_2_0_, ticket0_.person_id as person_i5_2_0_, ticket0_.sellers_id as sellers_6_2_0_, ticket0_.validity as validity3_2_0_, ticket0_.DTYPE as dtype1_2_0_, ticketsell1_.id as id2_3_1_, ticketsell1_.seller_name as seller_n3_3_1_, ticketsell1_.isWorking as isworkin4_3_1_, ticketsell1_.Elementi as elementi1_3_1_, person2_.id as id1_1_2_, person2_.birthdate as birthdat2_1_2_, person2_.cardNum_id as cardnum_5_1_2_, person2_.firstName as firstnam3_1_2_, person2_.lastName as lastname4_1_2_, card3_.id as id1_0_3_, card3_.emissionDate as emission2_0_3_, card3_.expirationDate as expirati3_0_3_, card3_.person_id as person_i4_0_3_, person4_.id as id1_1_4_, person4_.birthdate as birthdat2_1_4_, person4_.cardNum_id as cardnum_5_1_4_, person4_.firstName as firstnam3_1_4_, person4_.lastName as lastname4_1_4_, ticketsell5_.id as id2_3_5_, ticketsell5_.seller_name as seller_n3_3_5_, ticketsell5_.isWorking as isworkin4_3_5_, ticketsell5_.Elementi as elementi1_3_5_ from Ticket ticket0_ left outer join TicketSeller ticketsell1_ on ticket0_.seller_id=ticketsell1_.id left outer join Person person2_ on ticket0_.person_id=person2_.id left outer join Card card3_ on person2_.cardNum_id=card3_.id left outer join Person person4_ on card3_.person_id=person4_.id left outer join TicketSeller ticketsell5_ on ticket0_.sellers_id=ticketsell5_.id where ticket0_.id=?
12:17:32.226 [main] DEBUG o.h.p.entity.AbstractEntityPersister - Static SQL for entity: Classes.VendingMachine
12:17:32.226 [main] DEBUG o.h.p.entity.AbstractEntityPersister -  Version select: select id from TicketSeller where id =?
12:17:32.226 [main] DEBUG o.h.p.entity.AbstractEntityPersister -  Snapshot select: select vendingmac_.id, vendingmac_.seller_name as seller_n3_3_, vendingmac_.isWorking as isworkin4_3_ from TicketSeller vendingmac_ where vendingmac_.id=?
12:17:32.226 [main] DEBUG o.h.p.entity.AbstractEntityPersister -  Insert 0: insert into TicketSeller (seller_name, isWorking, Elementi, id) values (?, ?, 'vending_machine', ?)
12:17:32.226 [main] DEBUG o.h.p.entity.AbstractEntityPersister -  Update 0: update TicketSeller set seller_name=?, isWorking=? where id=?
12:17:32.226 [main] DEBUG o.h.p.entity.AbstractEntityPersister -  Delete 0: delete from TicketSeller where id=?
12:17:32.226 [main] DEBUG o.h.l.p.b.i.spaces.QuerySpacesImpl - Adding QuerySpace : uid = <gen:0> -> org.hibernate.loader.plan.build.internal.spaces.EntityQuerySpaceImpl@1c3259fa]
12:17:32.226 [main] DEBUG o.h.p.w.spi.MetamodelGraphWalker - Visiting attribute path : name
12:17:32.226 [main] DEBUG o.h.p.w.spi.MetamodelGraphWalker - Visiting attribute path : passes
12:17:32.226 [main] DEBUG o.h.l.p.b.i.spaces.QuerySpacesImpl - Adding QuerySpace : uid = <gen:1> -> org.hibernate.loader.plan.build.internal.spaces.CollectionQuerySpaceImpl@6807a356]
12:17:32.226 [main] DEBUG o.h.l.p.b.i.spaces.QuerySpacesImpl - Adding QuerySpace : uid = <gen:2> -> org.hibernate.loader.plan.build.internal.spaces.EntityQuerySpaceImpl@7ddd84b5]
12:17:32.226 [main] DEBUG o.h.p.w.spi.MetamodelGraphWalker - Visiting attribute path : tickets
12:17:32.226 [main] DEBUG o.h.l.p.b.i.spaces.QuerySpacesImpl - Adding QuerySpace : uid = <gen:3> -> org.hibernate.loader.plan.build.internal.spaces.CollectionQuerySpaceImpl@73aeef7d]
12:17:32.226 [main] DEBUG o.h.l.p.b.i.spaces.QuerySpacesImpl - Adding QuerySpace : uid = <gen:4> -> org.hibernate.loader.plan.build.internal.spaces.EntityQuerySpaceImpl@d675f9f]
12:17:32.226 [main] DEBUG o.h.p.w.spi.MetamodelGraphWalker - Visiting attribute path : isWorking
12:17:32.226 [main] DEBUG o.h.l.p.b.i.FetchStyleLoadPlanBuildingAssociationVisitationStrategy - Building LoadPlan...
12:17:32.226 [main] DEBUG o.h.l.p.e.i.LoadQueryJoinAndFetchProcessor - processing queryspace <gen:0>
12:17:32.226 [main] DEBUG o.h.l.p.b.spi.LoadPlanTreePrinter - LoadPlan(entity=Classes.VendingMachine)
    - Returns
       - EntityReturnImpl(entity=Classes.VendingMachine, querySpaceUid=<gen:0>, path=Classes.VendingMachine)
          - CollectionAttributeFetchImpl(collection=Abstract.TicketSeller.passes, querySpaceUid=<gen:1>, path=Classes.VendingMachine.passes)
             - (collection element) CollectionFetchableElementEntityGraph(entity=Classes.Pass, querySpaceUid=<gen:2>, path=Classes.VendingMachine.passes.<elements>)
          - CollectionAttributeFetchImpl(collection=Abstract.TicketSeller.tickets, querySpaceUid=<gen:3>, path=Classes.VendingMachine.tickets)
             - (collection element) CollectionFetchableElementEntityGraph(entity=Classes.Ticket, querySpaceUid=<gen:4>, path=Classes.VendingMachine.tickets.<elements>)
    - QuerySpaces
       - EntityQuerySpaceImpl(uid=<gen:0>, entity=Classes.VendingMachine)
          - SQL table alias mapping - vendingmac0_
          - alias suffix - 0_
          - suffixed key columns - {id2_3_0_}

12:17:32.226 [main] DEBUG o.h.loader.entity.plan.EntityLoader - Static select for entity Classes.VendingMachine [NONE]: select vendingmac0_.id as id2_3_0_, vendingmac0_.seller_name as seller_n3_3_0_, vendingmac0_.isWorking as isworkin4_3_0_ from TicketSeller vendingmac0_ where vendingmac0_.id=? and vendingmac0_.Elementi='vending_machine'
12:17:32.228 [main] DEBUG o.h.l.p.b.i.spaces.QuerySpacesImpl - Adding QuerySpace : uid = <gen:0> -> org.hibernate.loader.plan.build.internal.spaces.CollectionQuerySpaceImpl@2db1b657]
12:17:32.228 [main] DEBUG o.h.l.p.b.i.spaces.QuerySpacesImpl - Adding QuerySpace : uid = <gen:1> -> org.hibernate.loader.plan.build.internal.spaces.EntityQuerySpaceImpl@7e351d7]
12:17:32.229 [main] DEBUG o.h.p.w.spi.MetamodelGraphWalker - Visiting attribute path : seller
12:17:32.229 [main] DEBUG o.h.l.p.b.i.spaces.QuerySpacesImpl - Adding QuerySpace : uid = <gen:2> -> org.hibernate.loader.plan.build.internal.spaces.EntityQuerySpaceImpl@39ee94de]
12:17:32.229 [main] DEBUG o.h.p.w.spi.MetamodelGraphWalker - Visiting attribute path : seller.name
12:17:32.229 [main] DEBUG o.h.p.w.spi.MetamodelGraphWalker - Visiting attribute path : seller.passes
12:17:32.229 [main] DEBUG o.h.p.w.spi.MetamodelGraphWalker - Property path deemed to be circular : seller.passes
12:17:32.229 [main] DEBUG o.h.p.w.spi.MetamodelGraphWalker - Visiting attribute path : seller.tickets
12:17:32.229 [main] DEBUG o.h.p.w.spi.MetamodelGraphWalker - Property path deemed to be circular : seller.tickets
12:17:32.229 [main] DEBUG o.h.p.w.spi.MetamodelGraphWalker - Visiting attribute path : seller.people
12:17:32.229 [main] DEBUG o.h.l.p.b.i.spaces.QuerySpacesImpl - Adding QuerySpace : uid = <gen:3> -> org.hibernate.loader.plan.build.internal.spaces.CollectionQuerySpaceImpl@4c6b4ed7]
12:17:32.229 [main] DEBUG o.h.l.p.b.i.spaces.QuerySpacesImpl - Adding QuerySpace : uid = <gen:4> -> org.hibernate.loader.plan.build.internal.spaces.EntityQuerySpaceImpl@21263314]
12:17:32.229 [main] DEBUG o.h.p.w.spi.MetamodelGraphWalker - Visiting attribute path : seller.isWorking
12:17:32.229 [main] DEBUG o.h.p.w.spi.MetamodelGraphWalker - Visiting attribute path : person
12:17:32.229 [main] DEBUG o.h.l.p.b.i.spaces.QuerySpacesImpl - Adding QuerySpace : uid = <gen:5> -> org.hibernate.loader.plan.build.internal.spaces.EntityQuerySpaceImpl@6ca30b8a]
12:17:32.229 [main] DEBUG o.h.p.w.spi.MetamodelGraphWalker - Visiting attribute path : person.birthdate
12:17:32.229 [main] DEBUG o.h.p.w.spi.MetamodelGraphWalker - Visiting attribute path : person.cardNum
12:17:32.229 [main] DEBUG o.h.l.p.b.i.spaces.QuerySpacesImpl - Adding QuerySpace : uid = <gen:6> -> org.hibernate.loader.plan.build.internal.spaces.EntityQuerySpaceImpl@5c9934da]
12:17:32.229 [main] DEBUG o.h.p.w.spi.MetamodelGraphWalker - Visiting attribute path : person.cardNum.emissionDate
12:17:32.229 [main] DEBUG o.h.p.w.spi.MetamodelGraphWalker - Visiting attribute path : person.cardNum.expirationDate
12:17:32.229 [main] DEBUG o.h.p.w.spi.MetamodelGraphWalker - Visiting attribute path : person.cardNum.person
12:17:32.229 [main] DEBUG o.h.l.p.b.i.spaces.QuerySpacesImpl - Adding QuerySpace : uid = <gen:7> -> org.hibernate.loader.plan.build.internal.spaces.EntityQuerySpaceImpl@383caf89]
12:17:32.229 [main] DEBUG o.h.p.w.spi.MetamodelGraphWalker - Visiting attribute path : person.cardNum.person.birthdate
12:17:32.229 [main] DEBUG o.h.p.w.spi.MetamodelGraphWalker - Visiting attribute path : person.cardNum.person.cardNum
12:17:32.229 [main] DEBUG o.h.p.w.spi.MetamodelGraphWalker - Property path deemed to be circular : person.cardNum.person.cardNum
12:17:32.229 [main] DEBUG o.h.p.w.spi.MetamodelGraphWalker - Visiting attribute path : person.cardNum.person.firstName
12:17:32.229 [main] DEBUG o.h.p.w.spi.MetamodelGraphWalker - Visiting attribute path : person.cardNum.person.lastName
12:17:32.229 [main] DEBUG o.h.p.w.spi.MetamodelGraphWalker - Visiting attribute path : person.firstName
12:17:32.229 [main] DEBUG o.h.p.w.spi.MetamodelGraphWalker - Visiting attribute path : person.lastName
12:17:32.229 [main] DEBUG o.h.p.w.spi.MetamodelGraphWalker - Visiting attribute path : sellers
12:17:32.229 [main] DEBUG o.h.l.p.b.i.spaces.QuerySpacesImpl - Adding QuerySpace : uid = <gen:8> -> org.hibernate.loader.plan.build.internal.spaces.EntityQuerySpaceImpl@71ed560f]
12:17:32.229 [main] DEBUG o.h.p.w.spi.MetamodelGraphWalker - Visiting attribute path : sellers.name
12:17:32.229 [main] DEBUG o.h.p.w.spi.MetamodelGraphWalker - Visiting attribute path : sellers.passes
12:17:32.229 [main] DEBUG o.h.p.w.spi.MetamodelGraphWalker - Property path deemed to be circular : sellers.passes
12:17:32.229 [main] DEBUG o.h.p.w.spi.MetamodelGraphWalker - Visiting attribute path : sellers.tickets
12:17:32.229 [main] DEBUG o.h.p.w.spi.MetamodelGraphWalker - Property path deemed to be circular : sellers.tickets
12:17:32.229 [main] DEBUG o.h.p.w.spi.MetamodelGraphWalker - Visiting attribute path : sellers.people
12:17:32.229 [main] DEBUG o.h.l.p.b.i.spaces.QuerySpacesImpl - Adding QuerySpace : uid = <gen:9> -> org.hibernate.loader.plan.build.internal.spaces.CollectionQuerySpaceImpl@58253c57]
12:17:32.229 [main] DEBUG o.h.l.p.b.i.spaces.QuerySpacesImpl - Adding QuerySpace : uid = <gen:10> -> org.hibernate.loader.plan.build.internal.spaces.EntityQuerySpaceImpl@b73433]
12:17:32.229 [main] DEBUG o.h.p.w.spi.MetamodelGraphWalker - Visiting attribute path : sellers.isWorking
12:17:32.229 [main] DEBUG o.h.p.w.spi.MetamodelGraphWalker - Visiting attribute path : validity
12:17:32.229 [main] DEBUG o.h.l.p.b.i.FetchStyleLoadPlanBuildingAssociationVisitationStrategy - Building LoadPlan...
12:17:32.232 [main] DEBUG o.h.l.p.e.i.LoadQueryJoinAndFetchProcessor - processing queryspace <gen:0>
12:17:32.232 [main] DEBUG o.h.l.p.b.spi.LoadPlanTreePrinter - LoadPlan(collection=Abstract.TicketSeller.tickets)
    - Returns
       - CollectionReturnImpl(collection=Abstract.TicketSeller.tickets, querySpaceUid=<gen:0>, path=[Abstract.TicketSeller.tickets])
          - (collection element) CollectionFetchableElementEntityGraph(entity=Classes.Ticket, querySpaceUid=<gen:1>, path=[Abstract.TicketSeller.tickets].<elements>)
             - EntityAttributeFetchImpl(entity=Abstract.TicketSeller, querySpaceUid=<gen:2>, path=[Abstract.TicketSeller.tickets].<elements>.seller)
                - CollectionAttributeFetchImpl(collection=Classes.Shop.people, querySpaceUid=<gen:3>, path=[Abstract.TicketSeller.tickets].<elements>.seller.people)
                   - (collection element) CollectionFetchableElementEntityGraph(entity=Classes.Person, querySpaceUid=<gen:4>, path=[Abstract.TicketSeller.tickets].<elements>.seller.people.<elements>)
             - EntityAttributeFetchImpl(entity=Classes.Person, querySpaceUid=<gen:5>, path=[Abstract.TicketSeller.tickets].<elements>.person)
                - EntityAttributeFetchImpl(entity=Classes.Card, querySpaceUid=<gen:6>, path=[Abstract.TicketSeller.tickets].<elements>.person.cardNum)
                   - EntityAttributeFetchImpl(entity=Classes.Person, querySpaceUid=<gen:7>, path=[Abstract.TicketSeller.tickets].<elements>.person.cardNum.person)
             - EntityAttributeFetchImpl(entity=Abstract.TicketSeller, querySpaceUid=<gen:8>, path=[Abstract.TicketSeller.tickets].<elements>.sellers)
                - CollectionAttributeFetchImpl(collection=Classes.Shop.people, querySpaceUid=<gen:9>, path=[Abstract.TicketSeller.tickets].<elements>.sellers.people)
                   - (collection element) CollectionFetchableElementEntityGraph(entity=Classes.Person, querySpaceUid=<gen:10>, path=[Abstract.TicketSeller.tickets].<elements>.sellers.people.<elements>)
    - QuerySpaces
       - CollectionQuerySpaceImpl(uid=<gen:0>, collection=Abstract.TicketSeller.tickets)
          - SQL table alias mapping - tickets0_
          - alias suffix - 0_
          - suffixed key columns - {ticketse1_5_0_}
          - entity-element alias suffix - 1_
          - 1_entity-element suffixed key columns - id2_2_1_
          - JOIN (JoinDefinedByMetadata(elements)) : <gen:0> -> <gen:1>
             - EntityQuerySpaceImpl(uid=<gen:1>, entity=Classes.Ticket)
                - SQL table alias mapping - ticket1_
                - alias suffix - 1_
                - suffixed key columns - {id2_2_1_}
                - JOIN (JoinDefinedByMetadata(seller)) : <gen:1> -> <gen:2>
                   - EntityQuerySpaceImpl(uid=<gen:2>, entity=Abstract.TicketSeller)
                      - SQL table alias mapping - ticketsell2_
                      - alias suffix - 2_
                      - suffixed key columns - {id2_3_2_}
                - JOIN (JoinDefinedByMetadata(person)) : <gen:1> -> <gen:5>
                   - EntityQuerySpaceImpl(uid=<gen:5>, entity=Classes.Person)
                      - SQL table alias mapping - person3_
                      - alias suffix - 3_
                      - suffixed key columns - {id1_1_3_}
                      - JOIN (JoinDefinedByMetadata(cardNum)) : <gen:5> -> <gen:6>
                         - EntityQuerySpaceImpl(uid=<gen:6>, entity=Classes.Card)
                            - SQL table alias mapping - card4_
                            - alias suffix - 4_
                            - suffixed key columns - {id1_0_4_}
                            - JOIN (JoinDefinedByMetadata(person)) : <gen:6> -> <gen:7>
                               - EntityQuerySpaceImpl(uid=<gen:7>, entity=Classes.Person)
                                  - SQL table alias mapping - person5_
                                  - alias suffix - 5_
                                  - suffixed key columns - {id1_1_5_}
                - JOIN (JoinDefinedByMetadata(sellers)) : <gen:1> -> <gen:8>
                   - EntityQuerySpaceImpl(uid=<gen:8>, entity=Abstract.TicketSeller)
                      - SQL table alias mapping - ticketsell6_
                      - alias suffix - 6_
                      - suffixed key columns - {id2_3_6_}

12:17:32.233 [main] DEBUG o.h.l.c.plan.CollectionLoader - Static select for collection Abstract.TicketSeller.tickets: select tickets0_.TicketSeller_id as ticketse1_5_0_, tickets0_.tickets_id as tickets_2_5_0_, ticket1_.id as id2_2_1_, ticket1_.seller_id as seller_i4_2_1_, ticket1_.person_id as person_i5_2_1_, ticket1_.sellers_id as sellers_6_2_1_, ticket1_.validity as validity3_2_1_, ticket1_.DTYPE as dtype1_2_1_, ticketsell2_.id as id2_3_2_, ticketsell2_.seller_name as seller_n3_3_2_, ticketsell2_.isWorking as isworkin4_3_2_, ticketsell2_.Elementi as elementi1_3_2_, person3_.id as id1_1_3_, person3_.birthdate as birthdat2_1_3_, person3_.cardNum_id as cardnum_5_1_3_, person3_.firstName as firstnam3_1_3_, person3_.lastName as lastname4_1_3_, card4_.id as id1_0_4_, card4_.emissionDate as emission2_0_4_, card4_.expirationDate as expirati3_0_4_, card4_.person_id as person_i4_0_4_, person5_.id as id1_1_5_, person5_.birthdate as birthdat2_1_5_, person5_.cardNum_id as cardnum_5_1_5_, person5_.firstName as firstnam3_1_5_, person5_.lastName as lastname4_1_5_, ticketsell6_.id as id2_3_6_, ticketsell6_.seller_name as seller_n3_3_6_, ticketsell6_.isWorking as isworkin4_3_6_, ticketsell6_.Elementi as elementi1_3_6_ from TicketSeller_Ticket tickets0_ inner join Ticket ticket1_ on tickets0_.tickets_id=ticket1_.id left outer join TicketSeller ticketsell2_ on ticket1_.seller_id=ticketsell2_.id left outer join Person person3_ on ticket1_.person_id=person3_.id left outer join Card card4_ on person3_.cardNum_id=card4_.id left outer join Person person5_ on card4_.person_id=person5_.id left outer join TicketSeller ticketsell6_ on ticket1_.sellers_id=ticketsell6_.id where tickets0_.TicketSeller_id=?
12:17:32.233 [main] DEBUG o.h.l.p.b.i.spaces.QuerySpacesImpl - Adding QuerySpace : uid = <gen:0> -> org.hibernate.loader.plan.build.internal.spaces.CollectionQuerySpaceImpl@30ec7d21]
12:17:32.233 [main] DEBUG o.h.l.p.b.i.spaces.QuerySpacesImpl - Adding QuerySpace : uid = <gen:1> -> org.hibernate.loader.plan.build.internal.spaces.EntityQuerySpaceImpl@70025b99]
12:17:32.233 [main] DEBUG o.h.p.w.spi.MetamodelGraphWalker - Visiting attribute path : seller
12:17:32.233 [main] DEBUG o.h.l.p.b.i.spaces.QuerySpacesImpl - Adding QuerySpace : uid = <gen:2> -> org.hibernate.loader.plan.build.internal.spaces.EntityQuerySpaceImpl@2262d6d5]
12:17:32.233 [main] DEBUG o.h.p.w.spi.MetamodelGraphWalker - Visiting attribute path : seller.name
12:17:32.233 [main] DEBUG o.h.p.w.spi.MetamodelGraphWalker - Visiting attribute path : seller.passes
12:17:32.233 [main] DEBUG o.h.p.w.spi.MetamodelGraphWalker - Property path deemed to be circular : seller.passes
12:17:32.233 [main] DEBUG o.h.p.w.spi.MetamodelGraphWalker - Visiting attribute path : seller.tickets
12:17:32.233 [main] DEBUG o.h.p.w.spi.MetamodelGraphWalker - Property path deemed to be circular : seller.tickets
12:17:32.233 [main] DEBUG o.h.p.w.spi.MetamodelGraphWalker - Visiting attribute path : seller.people
12:17:32.233 [main] DEBUG o.h.l.p.b.i.spaces.QuerySpacesImpl - Adding QuerySpace : uid = <gen:3> -> org.hibernate.loader.plan.build.internal.spaces.CollectionQuerySpaceImpl@6ff0b1cc]
12:17:32.233 [main] DEBUG o.h.l.p.b.i.spaces.QuerySpacesImpl - Adding QuerySpace : uid = <gen:4> -> org.hibernate.loader.plan.build.internal.spaces.EntityQuerySpaceImpl@3b55dd15]
12:17:32.233 [main] DEBUG o.h.p.w.spi.MetamodelGraphWalker - Visiting attribute path : seller.isWorking
12:17:32.233 [main] DEBUG o.h.p.w.spi.MetamodelGraphWalker - Visiting attribute path : person
12:17:32.233 [main] DEBUG o.h.l.p.b.i.spaces.QuerySpacesImpl - Adding QuerySpace : uid = <gen:5> -> org.hibernate.loader.plan.build.internal.spaces.EntityQuerySpaceImpl@f3560d4]
12:17:32.233 [main] DEBUG o.h.p.w.spi.MetamodelGraphWalker - Visiting attribute path : person.birthdate
12:17:32.233 [main] DEBUG o.h.p.w.spi.MetamodelGraphWalker - Visiting attribute path : person.cardNum
12:17:32.233 [main] DEBUG o.h.l.p.b.i.spaces.QuerySpacesImpl - Adding QuerySpace : uid = <gen:6> -> org.hibernate.loader.plan.build.internal.spaces.EntityQuerySpaceImpl@51b77cdf]
12:17:32.233 [main] DEBUG o.h.p.w.spi.MetamodelGraphWalker - Visiting attribute path : person.cardNum.emissionDate
12:17:32.233 [main] DEBUG o.h.p.w.spi.MetamodelGraphWalker - Visiting attribute path : person.cardNum.expirationDate
12:17:32.233 [main] DEBUG o.h.p.w.spi.MetamodelGraphWalker - Visiting attribute path : person.cardNum.person
12:17:32.233 [main] DEBUG o.h.l.p.b.i.spaces.QuerySpacesImpl - Adding QuerySpace : uid = <gen:7> -> org.hibernate.loader.plan.build.internal.spaces.EntityQuerySpaceImpl@6088451e]
12:17:32.233 [main] DEBUG o.h.p.w.spi.MetamodelGraphWalker - Visiting attribute path : person.cardNum.person.birthdate
12:17:32.233 [main] DEBUG o.h.p.w.spi.MetamodelGraphWalker - Visiting attribute path : person.cardNum.person.cardNum
12:17:32.233 [main] DEBUG o.h.p.w.spi.MetamodelGraphWalker - Property path deemed to be circular : person.cardNum.person.cardNum
12:17:32.233 [main] DEBUG o.h.p.w.spi.MetamodelGraphWalker - Visiting attribute path : person.cardNum.person.firstName
12:17:32.233 [main] DEBUG o.h.p.w.spi.MetamodelGraphWalker - Visiting attribute path : person.cardNum.person.lastName
12:17:32.233 [main] DEBUG o.h.p.w.spi.MetamodelGraphWalker - Visiting attribute path : person.firstName
12:17:32.233 [main] DEBUG o.h.p.w.spi.MetamodelGraphWalker - Visiting attribute path : person.lastName
12:17:32.233 [main] DEBUG o.h.p.w.spi.MetamodelGraphWalker - Visiting attribute path : sellers
12:17:32.233 [main] DEBUG o.h.l.p.b.i.spaces.QuerySpacesImpl - Adding QuerySpace : uid = <gen:8> -> org.hibernate.loader.plan.build.internal.spaces.EntityQuerySpaceImpl@2f10f633]
12:17:32.234 [main] DEBUG o.h.p.w.spi.MetamodelGraphWalker - Visiting attribute path : sellers.name
12:17:32.234 [main] DEBUG o.h.p.w.spi.MetamodelGraphWalker - Visiting attribute path : sellers.passes
12:17:32.234 [main] DEBUG o.h.p.w.spi.MetamodelGraphWalker - Property path deemed to be circular : sellers.passes
12:17:32.234 [main] DEBUG o.h.p.w.spi.MetamodelGraphWalker - Visiting attribute path : sellers.tickets
12:17:32.234 [main] DEBUG o.h.p.w.spi.MetamodelGraphWalker - Property path deemed to be circular : sellers.tickets
12:17:32.234 [main] DEBUG o.h.p.w.spi.MetamodelGraphWalker - Visiting attribute path : sellers.people
12:17:32.234 [main] DEBUG o.h.l.p.b.i.spaces.QuerySpacesImpl - Adding QuerySpace : uid = <gen:9> -> org.hibernate.loader.plan.build.internal.spaces.CollectionQuerySpaceImpl@3440e9cd]
12:17:32.234 [main] DEBUG o.h.l.p.b.i.spaces.QuerySpacesImpl - Adding QuerySpace : uid = <gen:10> -> org.hibernate.loader.plan.build.internal.spaces.EntityQuerySpaceImpl@28a9494b]
12:17:32.234 [main] DEBUG o.h.p.w.spi.MetamodelGraphWalker - Visiting attribute path : sellers.isWorking
12:17:32.234 [main] DEBUG o.h.p.w.spi.MetamodelGraphWalker - Visiting attribute path : validity
12:17:32.234 [main] DEBUG o.h.l.p.b.i.FetchStyleLoadPlanBuildingAssociationVisitationStrategy - Building LoadPlan...
12:17:32.234 [main] DEBUG o.h.l.p.e.i.LoadQueryJoinAndFetchProcessor - processing queryspace <gen:0>
12:17:32.234 [main] DEBUG o.h.l.p.b.spi.LoadPlanTreePrinter - LoadPlan(collection=Abstract.TicketSeller.passes)
    - Returns
       - CollectionReturnImpl(collection=Abstract.TicketSeller.passes, querySpaceUid=<gen:0>, path=[Abstract.TicketSeller.passes])
          - (collection element) CollectionFetchableElementEntityGraph(entity=Classes.Pass, querySpaceUid=<gen:1>, path=[Abstract.TicketSeller.passes].<elements>)
             - EntityAttributeFetchImpl(entity=Abstract.TicketSeller, querySpaceUid=<gen:2>, path=[Abstract.TicketSeller.passes].<elements>.seller)
                - CollectionAttributeFetchImpl(collection=Classes.Shop.people, querySpaceUid=<gen:3>, path=[Abstract.TicketSeller.passes].<elements>.seller.people)
                   - (collection element) CollectionFetchableElementEntityGraph(entity=Classes.Person, querySpaceUid=<gen:4>, path=[Abstract.TicketSeller.passes].<elements>.seller.people.<elements>)
             - EntityAttributeFetchImpl(entity=Classes.Person, querySpaceUid=<gen:5>, path=[Abstract.TicketSeller.passes].<elements>.person)
                - EntityAttributeFetchImpl(entity=Classes.Card, querySpaceUid=<gen:6>, path=[Abstract.TicketSeller.passes].<elements>.person.cardNum)
                   - EntityAttributeFetchImpl(entity=Classes.Person, querySpaceUid=<gen:7>, path=[Abstract.TicketSeller.passes].<elements>.person.cardNum.person)
             - EntityAttributeFetchImpl(entity=Abstract.TicketSeller, querySpaceUid=<gen:8>, path=[Abstract.TicketSeller.passes].<elements>.sellers)
                - CollectionAttributeFetchImpl(collection=Classes.Shop.people, querySpaceUid=<gen:9>, path=[Abstract.TicketSeller.passes].<elements>.sellers.people)
                   - (collection element) CollectionFetchableElementEntityGraph(entity=Classes.Person, querySpaceUid=<gen:10>, path=[Abstract.TicketSeller.passes].<elements>.sellers.people.<elements>)
    - QuerySpaces
       - CollectionQuerySpaceImpl(uid=<gen:0>, collection=Abstract.TicketSeller.passes)
          - SQL table alias mapping - passes0_
          - alias suffix - 0_
          - suffixed key columns - {ticketse1_5_0_}
          - entity-element alias suffix - 1_
          - 1_entity-element suffixed key columns - id2_2_1_
          - JOIN (JoinDefinedByMetadata(elements)) : <gen:0> -> <gen:1>
             - EntityQuerySpaceImpl(uid=<gen:1>, entity=Classes.Pass)
                - SQL table alias mapping - pass1_
                - alias suffix - 1_
                - suffixed key columns - {id2_2_1_}
                - JOIN (JoinDefinedByMetadata(seller)) : <gen:1> -> <gen:2>
                   - EntityQuerySpaceImpl(uid=<gen:2>, entity=Abstract.TicketSeller)
                      - SQL table alias mapping - ticketsell2_
                      - alias suffix - 2_
                      - suffixed key columns - {id2_3_2_}
                - JOIN (JoinDefinedByMetadata(person)) : <gen:1> -> <gen:5>
                   - EntityQuerySpaceImpl(uid=<gen:5>, entity=Classes.Person)
                      - SQL table alias mapping - person3_
                      - alias suffix - 3_
                      - suffixed key columns - {id1_1_3_}
                      - JOIN (JoinDefinedByMetadata(cardNum)) : <gen:5> -> <gen:6>
                         - EntityQuerySpaceImpl(uid=<gen:6>, entity=Classes.Card)
                            - SQL table alias mapping - card4_
                            - alias suffix - 4_
                            - suffixed key columns - {id1_0_4_}
                            - JOIN (JoinDefinedByMetadata(person)) : <gen:6> -> <gen:7>
                               - EntityQuerySpaceImpl(uid=<gen:7>, entity=Classes.Person)
                                  - SQL table alias mapping - person5_
                                  - alias suffix - 5_
                                  - suffixed key columns - {id1_1_5_}
                - JOIN (JoinDefinedByMetadata(sellers)) : <gen:1> -> <gen:8>
                   - EntityQuerySpaceImpl(uid=<gen:8>, entity=Abstract.TicketSeller)
                      - SQL table alias mapping - ticketsell6_
                      - alias suffix - 6_
                      - suffixed key columns - {id2_3_6_}

12:17:32.234 [main] DEBUG o.h.l.c.plan.CollectionLoader - Static select for collection Abstract.TicketSeller.passes: select passes0_.TicketSeller_id as ticketse1_5_0_, passes0_.passes_id as passes_i3_5_0_, pass1_.id as id2_2_1_, pass1_.seller_id as seller_i4_2_1_, pass1_.person_id as person_i5_2_1_, pass1_.sellers_id as sellers_6_2_1_, pass1_.validity as validity3_2_1_, ticketsell2_.id as id2_3_2_, ticketsell2_.seller_name as seller_n3_3_2_, ticketsell2_.isWorking as isworkin4_3_2_, ticketsell2_.Elementi as elementi1_3_2_, person3_.id as id1_1_3_, person3_.birthdate as birthdat2_1_3_, person3_.cardNum_id as cardnum_5_1_3_, person3_.firstName as firstnam3_1_3_, person3_.lastName as lastname4_1_3_, card4_.id as id1_0_4_, card4_.emissionDate as emission2_0_4_, card4_.expirationDate as expirati3_0_4_, card4_.person_id as person_i4_0_4_, person5_.id as id1_1_5_, person5_.birthdate as birthdat2_1_5_, person5_.cardNum_id as cardnum_5_1_5_, person5_.firstName as firstnam3_1_5_, person5_.lastName as lastname4_1_5_, ticketsell6_.id as id2_3_6_, ticketsell6_.seller_name as seller_n3_3_6_, ticketsell6_.isWorking as isworkin4_3_6_, ticketsell6_.Elementi as elementi1_3_6_ from TicketSeller_Ticket passes0_ inner join Ticket pass1_ on passes0_.passes_id=pass1_.id left outer join TicketSeller ticketsell2_ on pass1_.seller_id=ticketsell2_.id left outer join Person person3_ on pass1_.person_id=person3_.id left outer join Card card4_ on person3_.cardNum_id=card4_.id left outer join Person person5_ on card4_.person_id=person5_.id left outer join TicketSeller ticketsell6_ on pass1_.sellers_id=ticketsell6_.id where passes0_.TicketSeller_id=?
12:17:32.234 [main] DEBUG o.h.l.p.b.i.spaces.QuerySpacesImpl - Adding QuerySpace : uid = <gen:0> -> org.hibernate.loader.plan.build.internal.spaces.CollectionQuerySpaceImpl@a09303]
12:17:32.234 [main] DEBUG o.h.l.p.b.i.spaces.QuerySpacesImpl - Adding QuerySpace : uid = <gen:1> -> org.hibernate.loader.plan.build.internal.spaces.EntityQuerySpaceImpl@1163a27]
12:17:32.235 [main] DEBUG o.h.p.w.spi.MetamodelGraphWalker - Visiting attribute path : birthdate
12:17:32.235 [main] DEBUG o.h.p.w.spi.MetamodelGraphWalker - Visiting attribute path : cardNum
12:17:32.235 [main] DEBUG o.h.l.p.b.i.spaces.QuerySpacesImpl - Adding QuerySpace : uid = <gen:2> -> org.hibernate.loader.plan.build.internal.spaces.EntityQuerySpaceImpl@5416f8db]
12:17:32.235 [main] DEBUG o.h.p.w.spi.MetamodelGraphWalker - Visiting attribute path : cardNum.emissionDate
12:17:32.235 [main] DEBUG o.h.p.w.spi.MetamodelGraphWalker - Visiting attribute path : cardNum.expirationDate
12:17:32.235 [main] DEBUG o.h.p.w.spi.MetamodelGraphWalker - Visiting attribute path : cardNum.person
12:17:32.235 [main] DEBUG o.h.l.p.b.i.spaces.QuerySpacesImpl - Adding QuerySpace : uid = <gen:3> -> org.hibernate.loader.plan.build.internal.spaces.EntityQuerySpaceImpl@b0fd744]
12:17:32.235 [main] DEBUG o.h.p.w.spi.MetamodelGraphWalker - Visiting attribute path : cardNum.person.birthdate
12:17:32.235 [main] DEBUG o.h.p.w.spi.MetamodelGraphWalker - Visiting attribute path : cardNum.person.cardNum
12:17:32.235 [main] DEBUG o.h.p.w.spi.MetamodelGraphWalker - Property path deemed to be circular : cardNum.person.cardNum
12:17:32.235 [main] DEBUG o.h.p.w.spi.MetamodelGraphWalker - Visiting attribute path : cardNum.person.firstName
12:17:32.235 [main] DEBUG o.h.p.w.spi.MetamodelGraphWalker - Visiting attribute path : cardNum.person.lastName
12:17:32.235 [main] DEBUG o.h.p.w.spi.MetamodelGraphWalker - Visiting attribute path : firstName
12:17:32.235 [main] DEBUG o.h.p.w.spi.MetamodelGraphWalker - Visiting attribute path : lastName
12:17:32.235 [main] DEBUG o.h.l.p.b.i.FetchStyleLoadPlanBuildingAssociationVisitationStrategy - Building LoadPlan...
12:17:32.235 [main] DEBUG o.h.l.p.e.i.LoadQueryJoinAndFetchProcessor - processing queryspace <gen:0>
12:17:32.235 [main] DEBUG o.h.l.p.b.spi.LoadPlanTreePrinter - LoadPlan(collection=Classes.Shop.people)
    - Returns
       - CollectionReturnImpl(collection=Classes.Shop.people, querySpaceUid=<gen:0>, path=[Classes.Shop.people])
          - (collection element) CollectionFetchableElementEntityGraph(entity=Classes.Person, querySpaceUid=<gen:1>, path=[Classes.Shop.people].<elements>)
             - EntityAttributeFetchImpl(entity=Classes.Card, querySpaceUid=<gen:2>, path=[Classes.Shop.people].<elements>.cardNum)
                - EntityAttributeFetchImpl(entity=Classes.Person, querySpaceUid=<gen:3>, path=[Classes.Shop.people].<elements>.cardNum.person)
    - QuerySpaces
       - CollectionQuerySpaceImpl(uid=<gen:0>, collection=Classes.Shop.people)
          - SQL table alias mapping - people0_
          - alias suffix - 0_
          - suffixed key columns - {shop_id1_4_0_}
          - entity-element alias suffix - 1_
          - 1_entity-element suffixed key columns - id1_1_1_
          - JOIN (JoinDefinedByMetadata(elements)) : <gen:0> -> <gen:1>
             - EntityQuerySpaceImpl(uid=<gen:1>, entity=Classes.Person)
                - SQL table alias mapping - person1_
                - alias suffix - 1_
                - suffixed key columns - {id1_1_1_}
                - JOIN (JoinDefinedByMetadata(cardNum)) : <gen:1> -> <gen:2>
                   - EntityQuerySpaceImpl(uid=<gen:2>, entity=Classes.Card)
                      - SQL table alias mapping - card2_
                      - alias suffix - 2_
                      - suffixed key columns - {id1_0_2_}
                      - JOIN (JoinDefinedByMetadata(person)) : <gen:2> -> <gen:3>
                         - EntityQuerySpaceImpl(uid=<gen:3>, entity=Classes.Person)
                            - SQL table alias mapping - person3_
                            - alias suffix - 3_
                            - suffixed key columns - {id1_1_3_}

12:17:32.235 [main] DEBUG o.h.l.c.plan.CollectionLoader - Static select for collection Classes.Shop.people: select people0_.Shop_id as shop_id1_4_0_, people0_.people_id as people_i2_4_0_, person1_.id as id1_1_1_, person1_.birthdate as birthdat2_1_1_, person1_.cardNum_id as cardnum_5_1_1_, person1_.firstName as firstnam3_1_1_, person1_.lastName as lastname4_1_1_, card2_.id as id1_0_2_, card2_.emissionDate as emission2_0_2_, card2_.expirationDate as expirati3_0_2_, card2_.person_id as person_i4_0_2_, person3_.id as id1_1_3_, person3_.birthdate as birthdat2_1_3_, person3_.cardNum_id as cardnum_5_1_3_, person3_.firstName as firstnam3_1_3_, person3_.lastName as lastname4_1_3_ from TicketSeller_Person people0_ inner join Person person1_ on people0_.people_id=person1_.id left outer join Card card2_ on person1_.cardNum_id=card2_.id left outer join Person person3_ on card2_.person_id=person3_.id where people0_.Shop_id=?
12:17:32.262 [main] INFO  o.hibernate.orm.connections.access - HHH10001501: Connection obtained from JdbcConnectionAccess [org.hibernate.engine.jdbc.env.internal.JdbcEnvironmentInitiator$ConnectionProviderJdbcConnectionAccess@4733f6f5] for (non-JTA) DDL execution was not in auto-commit mode; the Connection 'local transaction' will be committed and the Connection will be set into auto-commit mode.
12:17:32.278 [main] DEBUG org.hibernate.SQL - create table Card (id  bigserial not null, emissionDate date, expirationDate date, person_id int8, primary key (id))
12:17:32.284 [main] DEBUG org.hibernate.SQL - create table Person (id  bigserial not null, birthdate date, firstName varchar(255), lastName varchar(255), cardNum_id int8, primary key (id))
12:17:32.291 [main] DEBUG org.hibernate.SQL - create table Ticket (DTYPE varchar(31) not null, id  bigserial not null, validity int4, seller_id int8, person_id int8, sellers_id int8, primary key (id))
12:17:32.294 [main] DEBUG org.hibernate.SQL - create table TicketSeller (Elementi varchar(31) not null, id int8 not null, seller_name varchar(255), isWorking boolean, primary key (id))
12:17:32.296 [main] DEBUG org.hibernate.SQL - create table TicketSeller_Person (Shop_id int8 not null, people_id int8 not null)
12:17:32.297 [main] DEBUG org.hibernate.SQL - create table TicketSeller_Ticket (TicketSeller_id int8 not null, tickets_id int8 not null, passes_id int8 not null)
12:17:32.298 [main] DEBUG org.hibernate.SQL - alter table TicketSeller_Person drop constraint UK_ai91gq8fhkroqx2rp41m6talc
12:17:32.303 [main] DEBUG org.hibernate.SQL - alter table TicketSeller_Person add constraint UK_ai91gq8fhkroqx2rp41m6talc unique (people_id)
12:17:32.305 [main] DEBUG org.hibernate.SQL - alter table TicketSeller_Ticket drop constraint UK_k834ugpetlwypcxyr9ixpj5l9
12:17:32.305 [main] DEBUG org.hibernate.SQL - alter table TicketSeller_Ticket add constraint UK_k834ugpetlwypcxyr9ixpj5l9 unique (tickets_id)
12:17:32.306 [main] DEBUG org.hibernate.SQL - alter table TicketSeller_Ticket drop constraint UK_p0wft060m43vlctr268jk9xbh
12:17:32.307 [main] DEBUG org.hibernate.SQL - alter table TicketSeller_Ticket add constraint UK_p0wft060m43vlctr268jk9xbh unique (passes_id)
12:17:32.308 [main] DEBUG org.hibernate.SQL - create sequence elCat_seq start 1 increment 1
12:17:32.309 [main] DEBUG org.hibernate.SQL - alter table Card add constraint FKdgahmpw022f4io346medf56bc foreign key (person_id) references Person
12:17:32.311 [main] DEBUG org.hibernate.SQL - alter table Person add constraint FKs21rn7ccb83aj3cyc94hxfhwo foreign key (cardNum_id) references Card
12:17:32.312 [main] DEBUG org.hibernate.SQL - alter table Ticket add constraint FKn548mjt1wwsm5w53k3k4ey46h foreign key (seller_id) references TicketSeller
12:17:32.313 [main] DEBUG org.hibernate.SQL - alter table Ticket add constraint FK2e9x965i3fqmd3y2ej3snooiu foreign key (person_id) references Person
12:17:32.314 [main] DEBUG org.hibernate.SQL - alter table Ticket add constraint FKsiyf4ehc03m2eydqipouu1sv6 foreign key (sellers_id) references TicketSeller
12:17:32.315 [main] DEBUG org.hibernate.SQL - alter table TicketSeller_Person add constraint FKpdm50odrap7flx0mqxll1ijqk foreign key (people_id) references Person
12:17:32.316 [main] DEBUG org.hibernate.SQL - alter table TicketSeller_Person add constraint FKcprrp3n4sr4mfk8045v3t32kv foreign key (Shop_id) references TicketSeller
12:17:32.317 [main] DEBUG org.hibernate.SQL - alter table TicketSeller_Ticket add constraint FK9ay6oetne9fqum7e7q6swoex1 foreign key (tickets_id) references Ticket
12:17:32.318 [main] DEBUG org.hibernate.SQL - alter table TicketSeller_Ticket add constraint FKoryv8myjly3celjm0okrl97th foreign key (TicketSeller_id) references TicketSeller
12:17:32.319 [main] DEBUG org.hibernate.SQL - alter table TicketSeller_Ticket add constraint FKicc9dun6l77nvk7nqitj832sv foreign key (passes_id) references Ticket
12:17:32.320 [main] DEBUG o.h.e.t.j.p.i.JtaPlatformInitiator - No JtaPlatform was specified, checking resolver
12:17:32.322 [main] DEBUG o.h.e.t.j.p.i.JtaPlatformResolverInitiator - No JtaPlatformResolver was specified, using default [org.hibernate.engine.transaction.jta.platform.internal.StandardJtaPlatformResolver]
12:17:32.325 [main] DEBUG o.h.e.t.j.p.i.StandardJtaPlatformResolver - Could not resolve JtaPlatform, using default [org.hibernate.engine.transaction.jta.platform.internal.NoJtaPlatform]
12:17:32.325 [main] INFO  o.h.e.t.j.p.i.JtaPlatformInitiator - HHH000490: Using JtaPlatform implementation: [org.hibernate.engine.transaction.jta.platform.internal.NoJtaPlatform]
12:17:32.328 [main] DEBUG o.h.s.i.SessionFactoryServiceRegistryImpl - EventListenerRegistry access via ServiceRegistry is deprecated.  Use `sessionFactory.getEventEngine().getListenerRegistry()` instead
12:17:32.328 [main] DEBUG o.h.h.i.QueryTranslatorFactoryInitiator - QueryTranslatorFactory: org.hibernate.hql.internal.ast.ASTQueryTranslatorFactory@60ed12e8
12:17:32.331 [main] DEBUG o.h.query.spi.NamedQueryRepository - Checking 0 named HQL queries
12:17:32.331 [main] DEBUG o.h.query.spi.NamedQueryRepository - Checking 0 named SQL queries
12:17:32.332 [main] DEBUG o.h.internal.SessionFactoryRegistry - Initializing SessionFactoryRegistry : org.hibernate.internal.SessionFactoryRegistry@79d3473e
12:17:32.333 [main] DEBUG o.h.internal.SessionFactoryRegistry - Registering SessionFactory: 0cd1830c-47e5-462e-83f1-5e134d97965e (<unnamed>)
12:17:32.333 [main] DEBUG o.h.internal.SessionFactoryRegistry - Not binding SessionFactory to JNDI, no JNDI name configured
12:17:32.367 [main] DEBUG o.h.s.internal.StatisticsInitiator - Statistics initialized [enabled=false]
12:17:32.370 [main] DEBUG o.h.e.t.internal.TransactionImpl - On TransactionImpl creation, JpaCompliance#isJpaTransactionComplianceEnabled == false
12:17:32.371 [main] DEBUG o.h.e.t.internal.TransactionImpl - begin
12:17:32.379 [main] DEBUG o.hibernate.engine.spi.ActionQueue - Executing identity-insert immediately
12:17:32.381 [main] DEBUG org.hibernate.SQL - insert into Person (birthdate, cardNum_id, firstName, lastName) values (?, ?, ?, ?)
12:17:32.385 [main] DEBUG o.h.id.IdentifierGeneratorHelper - Natively generated identity: 1
12:17:32.385 [main] DEBUG o.h.r.j.i.ResourceRegistryStandardImpl - HHH000387: ResultSet's statement was not registered
12:17:32.386 [main] DEBUG o.h.e.t.internal.TransactionImpl - committing
12:17:32.386 [main] DEBUG o.h.e.i.AbstractFlushingEventListener - Processing flush-time cascades
12:17:32.389 [main] DEBUG o.h.r.t.b.j.i.JdbcResourceLocalTransactionCoordinatorImpl - JDBC transaction marked for rollback-only (exception provided for stack trace)
java.lang.Exception: exception just for purpose of providing stack trace
	at org.hibernate.resource.transaction.backend.jdbc.internal.JdbcResourceLocalTransactionCoordinatorImpl$TransactionDriverControlImpl.markRollbackOnly(JdbcResourceLocalTransactionCoordinatorImpl.java:324)
	at org.hibernate.engine.transaction.internal.TransactionImpl.markRollbackOnly(TransactionImpl.java:203)
	at org.hibernate.internal.AbstractSharedSessionContract.markForRollbackOnly(AbstractSharedSessionContract.java:428)
	at org.hibernate.internal.ExceptionConverterImpl.convert(ExceptionConverterImpl.java:145)
	at org.hibernate.internal.ExceptionConverterImpl.convert(ExceptionConverterImpl.java:181)
	at org.hibernate.internal.ExceptionConverterImpl.convert(ExceptionConverterImpl.java:188)
	at org.hibernate.internal.SessionImpl.doFlush(SessionImpl.java:1411)
	at org.hibernate.internal.SessionImpl.managedFlush(SessionImpl.java:489)
	at org.hibernate.internal.SessionImpl.flushBeforeTransactionCompletion(SessionImpl.java:3303)
	at org.hibernate.internal.SessionImpl.beforeTransactionCompletion(SessionImpl.java:2438)
	at org.hibernate.engine.jdbc.internal.JdbcCoordinatorImpl.beforeTransactionCompletion(JdbcCoordinatorImpl.java:449)
	at org.hibernate.resource.transaction.backend.jdbc.internal.JdbcResourceLocalTransactionCoordinatorImpl.beforeCompletionCallback(JdbcResourceLocalTransactionCoordinatorImpl.java:183)
	at org.hibernate.resource.transaction.backend.jdbc.internal.JdbcResourceLocalTransactionCoordinatorImpl.access$300(JdbcResourceLocalTransactionCoordinatorImpl.java:40)
	at org.hibernate.resource.transaction.backend.jdbc.internal.JdbcResourceLocalTransactionCoordinatorImpl$TransactionDriverControlImpl.commit(JdbcResourceLocalTransactionCoordinatorImpl.java:281)
	at org.hibernate.engine.transaction.internal.TransactionImpl.commit(TransactionImpl.java:101)
	at ClassesDAO.PersonDAO.savePerson(PersonDAO.java:19)
	at MainClass.MainClass.main(MainClass.java:17)
12:17:32.390 [main] DEBUG o.h.r.t.b.j.i.JdbcResourceLocalTransactionCoordinatorImpl - JDBC transaction marked for rollback-only (exception provided for stack trace)
java.lang.Exception: exception just for purpose of providing stack trace
	at org.hibernate.resource.transaction.backend.jdbc.internal.JdbcResourceLocalTransactionCoordinatorImpl$TransactionDriverControlImpl.markRollbackOnly(JdbcResourceLocalTransactionCoordinatorImpl.java:324)
	at org.hibernate.resource.transaction.backend.jdbc.internal.JdbcResourceLocalTransactionCoordinatorImpl.beforeCompletionCallback(JdbcResourceLocalTransactionCoordinatorImpl.java:192)
	at org.hibernate.resource.transaction.backend.jdbc.internal.JdbcResourceLocalTransactionCoordinatorImpl.access$300(JdbcResourceLocalTransactionCoordinatorImpl.java:40)
	at org.hibernate.resource.transaction.backend.jdbc.internal.JdbcResourceLocalTransactionCoordinatorImpl$TransactionDriverControlImpl.commit(JdbcResourceLocalTransactionCoordinatorImpl.java:281)
	at org.hibernate.engine.transaction.internal.TransactionImpl.commit(TransactionImpl.java:101)
	at ClassesDAO.PersonDAO.savePerson(PersonDAO.java:19)
	at MainClass.MainClass.main(MainClass.java:17)
12:17:32.391 [main] DEBUG o.h.r.j.i.LogicalConnectionManagedImpl - Initiating JDBC connection release from afterTransaction
12:17:32.391 [main] DEBUG o.h.r.j.i.LogicalConnectionManagedImpl - Initiating JDBC connection release from afterTransaction
12:17:32.392 [main] DEBUG o.h.e.t.internal.TransactionImpl - rollback() called on an inactive transaction
12:18:37.335 [main] DEBUG org.jboss.logging - Logging Provider: org.jboss.logging.Slf4jLoggerProvider
12:18:37.394 [main] DEBUG o.h.jpa.HibernatePersistenceProvider - Located and parsed 2 persistence units; checking each
12:18:37.395 [main] DEBUG o.h.jpa.HibernatePersistenceProvider - Checking persistence-unit [name=HomeworkS3D3, explicit-provider=null] against incoming persistence unit name [BuildWeek_4]
12:18:37.395 [main] DEBUG o.h.jpa.HibernatePersistenceProvider - Excluding from consideration due to name mis-match
12:18:37.395 [main] DEBUG o.h.jpa.HibernatePersistenceProvider - Checking persistence-unit [name=BuildWeek_4, explicit-provider=null] against incoming persistence unit name [BuildWeek_4]
12:18:37.395 [main] DEBUG o.h.jpa.boot.spi.ProviderChecker - No PersistenceProvider explicitly requested, assuming Hibernate
12:18:37.398 [main] DEBUG o.h.jpa.internal.util.LogHelper - PersistenceUnitInfo [
	name: BuildWeek_4
	persistence provider classname: null
	classloader: null
	excludeUnlistedClasses: false
	JTA datasource: null
	Non JTA datasource: null
	Transaction type: RESOURCE_LOCAL
	PU root URL: file:/C:/Users/total/Desktop/All/Epicode/fs0223-Luca-Sernicola-BackEnd/BuildWeek_4/target/classes/
	Shared Cache Mode: null
	Validation Mode: null
	Jar files URLs []
	Managed classes names []
	Mapping files names []
	Properties [
		javax.persistence.jdbc.driver: org.postgresql.Driver
		javax.persistence.jdbc.password: root
		hibernate.dialect: org.hibernate.dialect.PostgreSQLDialect
		javax.persistence.jdbc.url: jdbc:postgresql://localhost:5432/BuildWeek
		hibernate.hbm2ddl.auto: update
		javax.persistence.jdbc.user: postgres]
12:18:37.401 [main] DEBUG o.h.i.internal.IntegratorServiceImpl - Adding Integrator [org.hibernate.cfg.beanvalidation.BeanValidationIntegrator].
12:18:37.402 [main] DEBUG o.h.i.internal.IntegratorServiceImpl - Adding Integrator [org.hibernate.secure.spi.JaccIntegrator].
12:18:37.404 [main] DEBUG o.h.i.internal.IntegratorServiceImpl - Adding Integrator [org.hibernate.cache.internal.CollectionCacheInvalidator].
12:18:37.429 [main] INFO  org.hibernate.Version - HHH000412: Hibernate ORM core version 5.6.15.Final
12:18:37.429 [main] DEBUG org.hibernate.cfg.Environment - HHH000206: hibernate.properties not found
12:18:37.531 [main] DEBUG o.h.service.spi.ServiceBinding - Overriding existing service binding [org.hibernate.secure.spi.JaccService]
12:18:37.540 [main] DEBUG o.h.c.i.RegionFactoryInitiator - Cannot default RegionFactory based on registered strategies as `[]` RegionFactory strategies were registered
12:18:37.540 [main] DEBUG o.h.c.i.RegionFactoryInitiator - Cache region factory : org.hibernate.cache.internal.NoCachingRegionFactory
12:18:37.551 [main] INFO  o.h.annotations.common.Version - HCANN000001: Hibernate Commons Annotations {5.1.2.Final}
12:18:37.604 [main] DEBUG o.hibernate.type.BasicTypeRegistry - Adding type registration boolean -> org.hibernate.type.BooleanType@726e5805
12:18:37.604 [main] DEBUG o.hibernate.type.BasicTypeRegistry - Adding type registration boolean -> org.hibernate.type.BooleanType@726e5805
12:18:37.605 [main] DEBUG o.hibernate.type.BasicTypeRegistry - Adding type registration java.lang.Boolean -> org.hibernate.type.BooleanType@726e5805
12:18:37.605 [main] DEBUG o.hibernate.type.BasicTypeRegistry - Adding type registration numeric_boolean -> org.hibernate.type.NumericBooleanType@e077866
12:18:37.605 [main] DEBUG o.hibernate.type.BasicTypeRegistry - Adding type registration true_false -> org.hibernate.type.TrueFalseType@a8e6492
12:18:37.606 [main] DEBUG o.hibernate.type.BasicTypeRegistry - Adding type registration yes_no -> org.hibernate.type.YesNoType@2e11485
12:18:37.606 [main] DEBUG o.hibernate.type.BasicTypeRegistry - Adding type registration byte -> org.hibernate.type.ByteType@75c9e76b
12:18:37.606 [main] DEBUG o.hibernate.type.BasicTypeRegistry - Adding type registration byte -> org.hibernate.type.ByteType@75c9e76b
12:18:37.606 [main] DEBUG o.hibernate.type.BasicTypeRegistry - Adding type registration java.lang.Byte -> org.hibernate.type.ByteType@75c9e76b
12:18:37.606 [main] DEBUG o.hibernate.type.BasicTypeRegistry - Adding type registration character -> org.hibernate.type.CharacterType@12bcd0c0
12:18:37.606 [main] DEBUG o.hibernate.type.BasicTypeRegistry - Adding type registration char -> org.hibernate.type.CharacterType@12bcd0c0
12:18:37.606 [main] DEBUG o.hibernate.type.BasicTypeRegistry - Adding type registration java.lang.Character -> org.hibernate.type.CharacterType@12bcd0c0
12:18:37.608 [main] DEBUG o.hibernate.type.BasicTypeRegistry - Adding type registration short -> org.hibernate.type.ShortType@58ebfd03
12:18:37.608 [main] DEBUG o.hibernate.type.BasicTypeRegistry - Adding type registration short -> org.hibernate.type.ShortType@58ebfd03
12:18:37.608 [main] DEBUG o.hibernate.type.BasicTypeRegistry - Adding type registration java.lang.Short -> org.hibernate.type.ShortType@58ebfd03
12:18:37.609 [main] DEBUG o.hibernate.type.BasicTypeRegistry - Adding type registration integer -> org.hibernate.type.IntegerType@5c87bfe2
12:18:37.609 [main] DEBUG o.hibernate.type.BasicTypeRegistry - Adding type registration int -> org.hibernate.type.IntegerType@5c87bfe2
12:18:37.609 [main] DEBUG o.hibernate.type.BasicTypeRegistry - Adding type registration java.lang.Integer -> org.hibernate.type.IntegerType@5c87bfe2
12:18:37.609 [main] DEBUG o.hibernate.type.BasicTypeRegistry - Adding type registration long -> org.hibernate.type.LongType@7a791b66
12:18:37.609 [main] DEBUG o.hibernate.type.BasicTypeRegistry - Adding type registration long -> org.hibernate.type.LongType@7a791b66
12:18:37.609 [main] DEBUG o.hibernate.type.BasicTypeRegistry - Adding type registration java.lang.Long -> org.hibernate.type.LongType@7a791b66
12:18:37.610 [main] DEBUG o.hibernate.type.BasicTypeRegistry - Adding type registration float -> org.hibernate.type.FloatType@4fc5e095
12:18:37.610 [main] DEBUG o.hibernate.type.BasicTypeRegistry - Adding type registration float -> org.hibernate.type.FloatType@4fc5e095
12:18:37.610 [main] DEBUG o.hibernate.type.BasicTypeRegistry - Adding type registration java.lang.Float -> org.hibernate.type.FloatType@4fc5e095
12:18:37.610 [main] DEBUG o.hibernate.type.BasicTypeRegistry - Adding type registration double -> org.hibernate.type.DoubleType@62ea3440
12:18:37.610 [main] DEBUG o.hibernate.type.BasicTypeRegistry - Adding type registration double -> org.hibernate.type.DoubleType@62ea3440
12:18:37.611 [main] DEBUG o.hibernate.type.BasicTypeRegistry - Adding type registration java.lang.Double -> org.hibernate.type.DoubleType@62ea3440
12:18:37.611 [main] DEBUG o.hibernate.type.BasicTypeRegistry - Adding type registration big_decimal -> org.hibernate.type.BigDecimalType@749c877b
12:18:37.611 [main] DEBUG o.hibernate.type.BasicTypeRegistry - Adding type registration java.math.BigDecimal -> org.hibernate.type.BigDecimalType@749c877b
12:18:37.611 [main] DEBUG o.hibernate.type.BasicTypeRegistry - Adding type registration big_integer -> org.hibernate.type.BigIntegerType@160ac7fb
12:18:37.612 [main] DEBUG o.hibernate.type.BasicTypeRegistry - Adding type registration java.math.BigInteger -> org.hibernate.type.BigIntegerType@160ac7fb
12:18:37.612 [main] DEBUG o.hibernate.type.BasicTypeRegistry - Adding type registration string -> org.hibernate.type.StringType@618c5d94
12:18:37.612 [main] DEBUG o.hibernate.type.BasicTypeRegistry - Adding type registration java.lang.String -> org.hibernate.type.StringType@618c5d94
12:18:37.612 [main] DEBUG o.hibernate.type.BasicTypeRegistry - Adding type registration nstring -> org.hibernate.type.StringNVarcharType@1e63ec0b
12:18:37.613 [main] DEBUG o.hibernate.type.BasicTypeRegistry - Adding type registration ncharacter -> org.hibernate.type.CharacterNCharType@295eaa7c
12:18:37.613 [main] DEBUG o.hibernate.type.BasicTypeRegistry - Adding type registration url -> org.hibernate.type.UrlType@1dd0e7c4
12:18:37.613 [main] DEBUG o.hibernate.type.BasicTypeRegistry - Adding type registration java.net.URL -> org.hibernate.type.UrlType@1dd0e7c4
12:18:37.613 [main] DEBUG o.hibernate.type.BasicTypeRegistry - Adding type registration Duration -> org.hibernate.type.DurationType@37bd68c3
12:18:37.614 [main] DEBUG o.hibernate.type.BasicTypeRegistry - Adding type registration java.time.Duration -> org.hibernate.type.DurationType@37bd68c3
12:18:37.614 [main] DEBUG o.hibernate.type.BasicTypeRegistry - Adding type registration Instant -> org.hibernate.type.InstantType@4bff1903
12:18:37.614 [main] DEBUG o.hibernate.type.BasicTypeRegistry - Adding type registration java.time.Instant -> org.hibernate.type.InstantType@4bff1903
12:18:37.615 [main] DEBUG o.hibernate.type.BasicTypeRegistry - Adding type registration LocalDateTime -> org.hibernate.type.LocalDateTimeType@f79a760
12:18:37.615 [main] DEBUG o.hibernate.type.BasicTypeRegistry - Adding type registration java.time.LocalDateTime -> org.hibernate.type.LocalDateTimeType@f79a760
12:18:37.615 [main] DEBUG o.hibernate.type.BasicTypeRegistry - Adding type registration LocalDate -> org.hibernate.type.LocalDateType@652a7737
12:18:37.615 [main] DEBUG o.hibernate.type.BasicTypeRegistry - Adding type registration java.time.LocalDate -> org.hibernate.type.LocalDateType@652a7737
12:18:37.616 [main] DEBUG o.hibernate.type.BasicTypeRegistry - Adding type registration LocalTime -> org.hibernate.type.LocalTimeType@4e28bdd1
12:18:37.616 [main] DEBUG o.hibernate.type.BasicTypeRegistry - Adding type registration java.time.LocalTime -> org.hibernate.type.LocalTimeType@4e28bdd1
12:18:37.617 [main] DEBUG o.hibernate.type.BasicTypeRegistry - Adding type registration OffsetDateTime -> org.hibernate.type.OffsetDateTimeType@a8c1f44
12:18:37.617 [main] DEBUG o.hibernate.type.BasicTypeRegistry - Adding type registration java.time.OffsetDateTime -> org.hibernate.type.OffsetDateTimeType@a8c1f44
12:18:37.617 [main] DEBUG o.hibernate.type.BasicTypeRegistry - Adding type registration OffsetTime -> org.hibernate.type.OffsetTimeType@78a287ed
12:18:37.617 [main] DEBUG o.hibernate.type.BasicTypeRegistry - Adding type registration java.time.OffsetTime -> org.hibernate.type.OffsetTimeType@78a287ed
12:18:37.618 [main] DEBUG o.hibernate.type.BasicTypeRegistry - Adding type registration ZonedDateTime -> org.hibernate.type.ZonedDateTimeType@2b43529a
12:18:37.618 [main] DEBUG o.hibernate.type.BasicTypeRegistry - Adding type registration java.time.ZonedDateTime -> org.hibernate.type.ZonedDateTimeType@2b43529a
12:18:37.619 [main] DEBUG o.hibernate.type.BasicTypeRegistry - Adding type registration date -> org.hibernate.type.DateType@3829ac1
12:18:37.619 [main] DEBUG o.hibernate.type.BasicTypeRegistry - Adding type registration java.sql.Date -> org.hibernate.type.DateType@3829ac1
12:18:37.620 [main] DEBUG o.hibernate.type.BasicTypeRegistry - Adding type registration time -> org.hibernate.type.TimeType@2dbe250d
12:18:37.620 [main] DEBUG o.hibernate.type.BasicTypeRegistry - Adding type registration java.sql.Time -> org.hibernate.type.TimeType@2dbe250d
12:18:37.620 [main] DEBUG o.hibernate.type.BasicTypeRegistry - Adding type registration timestamp -> org.hibernate.type.TimestampType@47404bea
12:18:37.620 [main] DEBUG o.hibernate.type.BasicTypeRegistry - Adding type registration java.sql.Timestamp -> org.hibernate.type.TimestampType@47404bea
12:18:37.621 [main] DEBUG o.hibernate.type.BasicTypeRegistry - Adding type registration java.util.Date -> org.hibernate.type.TimestampType@47404bea
12:18:37.621 [main] DEBUG o.hibernate.type.BasicTypeRegistry - Adding type registration dbtimestamp -> org.hibernate.type.DbTimestampType@29e6eb25
12:18:37.623 [main] DEBUG o.hibernate.type.BasicTypeRegistry - Adding type registration calendar -> org.hibernate.type.CalendarType@275fe372
12:18:37.623 [main] DEBUG o.hibernate.type.BasicTypeRegistry - Adding type registration java.util.Calendar -> org.hibernate.type.CalendarType@275fe372
12:18:37.623 [main] DEBUG o.hibernate.type.BasicTypeRegistry - Adding type registration java.util.GregorianCalendar -> org.hibernate.type.CalendarType@275fe372
12:18:37.623 [main] DEBUG o.hibernate.type.BasicTypeRegistry - Adding type registration calendar_date -> org.hibernate.type.CalendarDateType@366ef90e
12:18:37.623 [main] DEBUG o.hibernate.type.BasicTypeRegistry - Adding type registration calendar_time -> org.hibernate.type.CalendarTimeType@21aa6d6c
12:18:37.624 [main] DEBUG o.hibernate.type.BasicTypeRegistry - Adding type registration locale -> org.hibernate.type.LocaleType@3f446bef
12:18:37.624 [main] DEBUG o.hibernate.type.BasicTypeRegistry - Adding type registration java.util.Locale -> org.hibernate.type.LocaleType@3f446bef
12:18:37.625 [main] DEBUG o.hibernate.type.BasicTypeRegistry - Adding type registration currency -> org.hibernate.type.CurrencyType@1c80e49b
12:18:37.625 [main] DEBUG o.hibernate.type.BasicTypeRegistry - Adding type registration java.util.Currency -> org.hibernate.type.CurrencyType@1c80e49b
12:18:37.625 [main] DEBUG o.hibernate.type.BasicTypeRegistry - Adding type registration timezone -> org.hibernate.type.TimeZoneType@56f6d40b
12:18:37.625 [main] DEBUG o.hibernate.type.BasicTypeRegistry - Adding type registration java.util.TimeZone -> org.hibernate.type.TimeZoneType@56f6d40b
12:18:37.625 [main] DEBUG o.hibernate.type.BasicTypeRegistry - Adding type registration class -> org.hibernate.type.ClassType@7e3060d8
12:18:37.626 [main] DEBUG o.hibernate.type.BasicTypeRegistry - Adding type registration java.lang.Class -> org.hibernate.type.ClassType@7e3060d8
12:18:37.626 [main] DEBUG o.hibernate.type.BasicTypeRegistry - Adding type registration uuid-binary -> org.hibernate.type.UUIDBinaryType@2e54db99
12:18:37.626 [main] DEBUG o.hibernate.type.BasicTypeRegistry - Adding type registration java.util.UUID -> org.hibernate.type.UUIDBinaryType@2e54db99
12:18:37.626 [main] DEBUG o.hibernate.type.BasicTypeRegistry - Adding type registration uuid-char -> org.hibernate.type.UUIDCharType@65a4798f
12:18:37.627 [main] DEBUG o.hibernate.type.BasicTypeRegistry - Adding type registration binary -> org.hibernate.type.BinaryType@773cbf4f
12:18:37.627 [main] DEBUG o.hibernate.type.BasicTypeRegistry - Adding type registration byte[] -> org.hibernate.type.BinaryType@773cbf4f
12:18:37.627 [main] DEBUG o.hibernate.type.BasicTypeRegistry - Adding type registration [B -> org.hibernate.type.BinaryType@773cbf4f
12:18:37.627 [main] DEBUG o.hibernate.type.BasicTypeRegistry - Adding type registration wrapper-binary -> org.hibernate.type.WrapperBinaryType@69637b10
12:18:37.627 [main] DEBUG o.hibernate.type.BasicTypeRegistry - Adding type registration Byte[] -> org.hibernate.type.WrapperBinaryType@69637b10
12:18:37.627 [main] DEBUG o.hibernate.type.BasicTypeRegistry - Adding type registration [Ljava.lang.Byte; -> org.hibernate.type.WrapperBinaryType@69637b10
12:18:37.628 [main] DEBUG o.hibernate.type.BasicTypeRegistry - Adding type registration row_version -> org.hibernate.type.RowVersionType@470a696f
12:18:37.628 [main] DEBUG o.hibernate.type.BasicTypeRegistry - Adding type registration image -> org.hibernate.type.ImageType@3f1c5af9
12:18:37.629 [main] DEBUG o.hibernate.type.BasicTypeRegistry - Adding type registration characters -> org.hibernate.type.CharArrayType@1de5f0ef
12:18:37.629 [main] DEBUG o.hibernate.type.BasicTypeRegistry - Adding type registration char[] -> org.hibernate.type.CharArrayType@1de5f0ef
12:18:37.629 [main] DEBUG o.hibernate.type.BasicTypeRegistry - Adding type registration [C -> org.hibernate.type.CharArrayType@1de5f0ef
12:18:37.629 [main] DEBUG o.hibernate.type.BasicTypeRegistry - Adding type registration wrapper-characters -> org.hibernate.type.CharacterArrayType@3ce3db41
12:18:37.629 [main] DEBUG o.hibernate.type.BasicTypeRegistry - Adding type registration [Ljava.lang.Character; -> org.hibernate.type.CharacterArrayType@3ce3db41
12:18:37.629 [main] DEBUG o.hibernate.type.BasicTypeRegistry - Adding type registration Character[] -> org.hibernate.type.CharacterArrayType@3ce3db41
12:18:37.630 [main] DEBUG o.hibernate.type.BasicTypeRegistry - Adding type registration text -> org.hibernate.type.TextType@2c3dec30
12:18:37.630 [main] DEBUG o.hibernate.type.BasicTypeRegistry - Adding type registration ntext -> org.hibernate.type.NTextType@3fc9dfc5
12:18:37.631 [main] DEBUG o.hibernate.type.BasicTypeRegistry - Adding type registration blob -> org.hibernate.type.BlobType@4ba534b0
12:18:37.631 [main] DEBUG o.hibernate.type.BasicTypeRegistry - Adding type registration java.sql.Blob -> org.hibernate.type.BlobType@4ba534b0
12:18:37.631 [main] DEBUG o.hibernate.type.BasicTypeRegistry - Adding type registration materialized_blob -> org.hibernate.type.MaterializedBlobType@4e517165
12:18:37.632 [main] DEBUG o.hibernate.type.BasicTypeRegistry - Adding type registration clob -> org.hibernate.type.ClobType@34625ccd
12:18:37.632 [main] DEBUG o.hibernate.type.BasicTypeRegistry - Adding type registration java.sql.Clob -> org.hibernate.type.ClobType@34625ccd
12:18:37.632 [main] DEBUG o.hibernate.type.BasicTypeRegistry - Adding type registration nclob -> org.hibernate.type.NClobType@346939bf
12:18:37.633 [main] DEBUG o.hibernate.type.BasicTypeRegistry - Adding type registration java.sql.NClob -> org.hibernate.type.NClobType@346939bf
12:18:37.633 [main] DEBUG o.hibernate.type.BasicTypeRegistry - Adding type registration materialized_clob -> org.hibernate.type.MaterializedClobType@9bd0fa6
12:18:37.633 [main] DEBUG o.hibernate.type.BasicTypeRegistry - Adding type registration materialized_nclob -> org.hibernate.type.MaterializedNClobType@f6c03cb
12:18:37.634 [main] DEBUG o.hibernate.type.BasicTypeRegistry - Adding type registration serializable -> org.hibernate.type.SerializableType@1c9f0a20
12:18:37.635 [main] DEBUG o.hibernate.type.BasicTypeRegistry - Adding type registration object -> org.hibernate.type.ObjectType@4ae33a11
12:18:37.635 [main] DEBUG o.hibernate.type.BasicTypeRegistry - Adding type registration java.lang.Object -> org.hibernate.type.ObjectType@4ae33a11
12:18:37.636 [main] DEBUG o.hibernate.type.BasicTypeRegistry - Adding type registration imm_date -> org.hibernate.type.AdaptedImmutableType@5049d8b2
12:18:37.636 [main] DEBUG o.hibernate.type.BasicTypeRegistry - Adding type registration imm_time -> org.hibernate.type.AdaptedImmutableType@6d0b5baf
12:18:37.636 [main] DEBUG o.hibernate.type.BasicTypeRegistry - Adding type registration imm_timestamp -> org.hibernate.type.AdaptedImmutableType@631e06ab
12:18:37.636 [main] DEBUG o.hibernate.type.BasicTypeRegistry - Adding type registration imm_dbtimestamp -> org.hibernate.type.AdaptedImmutableType@2a3591c5
12:18:37.636 [main] DEBUG o.hibernate.type.BasicTypeRegistry - Adding type registration imm_calendar -> org.hibernate.type.AdaptedImmutableType@34a75079
12:18:37.636 [main] DEBUG o.hibernate.type.BasicTypeRegistry - Adding type registration imm_calendar_date -> org.hibernate.type.AdaptedImmutableType@346a361
12:18:37.636 [main] DEBUG o.hibernate.type.BasicTypeRegistry - Adding type registration imm_binary -> org.hibernate.type.AdaptedImmutableType@107ed6fc
12:18:37.636 [main] DEBUG o.hibernate.type.BasicTypeRegistry - Adding type registration imm_serializable -> org.hibernate.type.AdaptedImmutableType@1643d68f
12:18:37.642 [main] DEBUG o.h.b.internal.BootstrapContextImpl - Injecting ScanEnvironment [org.hibernate.jpa.boot.internal.StandardJpaScanEnvironmentImpl@c7a975a] into BootstrapContext; was [null]
12:18:37.642 [main] DEBUG o.h.b.internal.BootstrapContextImpl - Injecting ScanOptions [org.hibernate.boot.archive.scan.internal.StandardScanOptions@2c1b9e4b] into BootstrapContext; was [org.hibernate.boot.archive.scan.internal.StandardScanOptions@757d6814]
12:18:37.676 [main] DEBUG o.h.b.internal.BootstrapContextImpl - Injecting JPA temp ClassLoader [null] into BootstrapContext; was [null]
12:18:37.676 [main] DEBUG o.h.b.internal.ClassLoaderAccessImpl - ClassLoaderAccessImpl#injectTempClassLoader(null) [was null]
12:18:37.683 [main] DEBUG o.h.i.f.i.DefaultIdentifierGeneratorFactory - Registering IdentifierGenerator strategy [uuid2] -> [org.hibernate.id.UUIDGenerator]
12:18:37.683 [main] DEBUG o.h.i.f.i.DefaultIdentifierGeneratorFactory - Registering IdentifierGenerator strategy [guid] -> [org.hibernate.id.GUIDGenerator]
12:18:37.683 [main] DEBUG o.h.i.f.i.DefaultIdentifierGeneratorFactory - Registering IdentifierGenerator strategy [uuid] -> [org.hibernate.id.UUIDHexGenerator]
12:18:37.684 [main] DEBUG o.h.i.f.i.DefaultIdentifierGeneratorFactory - Registering IdentifierGenerator strategy [uuid.hex] -> [org.hibernate.id.UUIDHexGenerator]
12:18:37.684 [main] DEBUG o.h.i.f.i.DefaultIdentifierGeneratorFactory - Registering IdentifierGenerator strategy [assigned] -> [org.hibernate.id.Assigned]
12:18:37.684 [main] DEBUG o.h.i.f.i.DefaultIdentifierGeneratorFactory - Registering IdentifierGenerator strategy [identity] -> [org.hibernate.id.IdentityGenerator]
12:18:37.684 [main] DEBUG o.h.i.f.i.DefaultIdentifierGeneratorFactory - Registering IdentifierGenerator strategy [select] -> [org.hibernate.id.SelectGenerator]
12:18:37.685 [main] DEBUG o.h.i.f.i.DefaultIdentifierGeneratorFactory - Registering IdentifierGenerator strategy [sequence] -> [org.hibernate.id.enhanced.SequenceStyleGenerator]
12:18:37.686 [main] DEBUG o.h.i.f.i.DefaultIdentifierGeneratorFactory - Registering IdentifierGenerator strategy [seqhilo] -> [org.hibernate.id.SequenceHiLoGenerator]
12:18:37.686 [main] DEBUG o.h.i.f.i.DefaultIdentifierGeneratorFactory - Registering IdentifierGenerator strategy [increment] -> [org.hibernate.id.IncrementGenerator]
12:18:37.686 [main] DEBUG o.h.i.f.i.DefaultIdentifierGeneratorFactory - Registering IdentifierGenerator strategy [foreign] -> [org.hibernate.id.ForeignGenerator]
12:18:37.687 [main] DEBUG o.h.i.f.i.DefaultIdentifierGeneratorFactory - Registering IdentifierGenerator strategy [sequence-identity] -> [org.hibernate.id.SequenceIdentityGenerator]
12:18:37.687 [main] DEBUG o.h.i.f.i.DefaultIdentifierGeneratorFactory - Registering IdentifierGenerator strategy [enhanced-sequence] -> [org.hibernate.id.enhanced.SequenceStyleGenerator]
12:18:37.687 [main] DEBUG o.h.i.f.i.DefaultIdentifierGeneratorFactory - Registering IdentifierGenerator strategy [enhanced-table] -> [org.hibernate.id.enhanced.TableGenerator]
12:18:37.690 [main] WARN  o.hibernate.orm.connections.pooling - HHH10001002: Using Hibernate built-in connection pool (not for production use!)
12:18:37.693 [main] INFO  o.hibernate.orm.connections.pooling - HHH10001005: using driver [org.postgresql.Driver] at URL [jdbc:postgresql://localhost:5432/BuildWeek]
12:18:37.693 [main] INFO  o.hibernate.orm.connections.pooling - HHH10001001: Connection properties: {password=root, user=postgres}
12:18:37.693 [main] INFO  o.hibernate.orm.connections.pooling - HHH10001003: Autocommit mode: false
12:18:37.695 [main] DEBUG o.h.e.j.c.i.DriverManagerConnectionProviderImpl - Initializing Connection pool with 1 Connections
12:18:37.695 [main] INFO  o.h.e.j.c.i.DriverManagerConnectionProviderImpl - HHH000115: Hibernate connection pool size: 20 (min=1)
12:18:37.846 [main] DEBUG o.h.e.j.e.i.JdbcEnvironmentInitiator - Database ->
       name : PostgreSQL
    version : 15.3
      major : 15
      minor : 3
12:18:37.846 [main] DEBUG o.h.e.j.e.i.JdbcEnvironmentInitiator - Driver ->
       name : PostgreSQL JDBC Driver
    version : 42.6.0
      major : 42
      minor : 6
12:18:37.846 [main] DEBUG o.h.e.j.e.i.JdbcEnvironmentInitiator - JDBC version : 4.2
12:18:37.853 [main] INFO  org.hibernate.dialect.Dialect - HHH000400: Using dialect: org.hibernate.dialect.PostgreSQLDialect
12:18:37.861 [main] DEBUG o.h.e.j.e.s.IdentifierHelperBuilder - JDBC driver metadata reported database stores quoted identifiers in neither upper, lower nor mixed case
12:18:37.879 [main] DEBUG o.hibernate.type.BasicTypeRegistry - Adding type registration pg-uuid -> org.hibernate.type.PostgresUUIDType@488b50ec
12:18:37.879 [main] DEBUG o.hibernate.type.BasicTypeRegistry - Adding type registration java.util.UUID -> org.hibernate.type.PostgresUUIDType@488b50ec
12:18:37.879 [main] DEBUG o.hibernate.type.BasicTypeRegistry - HHH000270: Type registration [java.util.UUID] overrides previous : org.hibernate.type.UUIDBinaryType@2e54db99
12:18:37.881 [main] DEBUG o.h.type.spi.TypeConfiguration$Scope - Scoping TypeConfiguration [org.hibernate.type.spi.TypeConfiguration@3a095ec0] to MetadataBuildingContext [org.hibernate.boot.internal.MetadataBuildingContextRootImpl@4f20a5e0]
12:18:37.904 [main] DEBUG o.h.boot.model.relational.Namespace - Created database namespace [logicalName=Name{catalog=null, schema=null}, physicalName=Name{catalog=null, schema=null}]
12:18:37.912 [main] DEBUG org.hibernate.cfg.AnnotationBinder - Binding entity from annotated class: Abstract.TicketSeller
12:18:37.920 [main] DEBUG org.hibernate.cfg.Ejb3Column - Binding column: Ejb3DiscriminatorColumn{logicalColumnName'Elementi', discriminatorTypeName='string'}
12:18:37.923 [main] DEBUG o.h.cfg.annotations.EntityBinder - Import with entity name TicketSeller
12:18:37.926 [main] DEBUG o.h.cfg.annotations.EntityBinder - Bind entity Abstract.TicketSeller on table TicketSeller
12:18:37.942 [main] DEBUG org.hibernate.cfg.Ejb3Column - Binding column: Ejb3Column{table=org.hibernate.mapping.Table(TicketSeller), mappingColumn=id, insertable=true, updatable=true, unique=false}
12:18:37.944 [main] DEBUG o.h.b.internal.ClassLoaderAccessImpl - Not known whether passed class name [Abstract.TicketSeller] is safe
12:18:37.944 [main] DEBUG o.h.b.internal.ClassLoaderAccessImpl - No temp ClassLoader provided; using live ClassLoader for loading potentially unsafe class : Abstract.TicketSeller
12:18:37.945 [main] DEBUG o.h.cfg.annotations.PropertyBinder - MetadataSourceProcessor property id with lazy=false
12:18:37.946 [main] DEBUG o.h.cfg.AbstractPropertyHolder - Attempting to locate auto-apply AttributeConverter for property [Abstract.TicketSeller:id]
12:18:37.948 [main] DEBUG o.h.c.annotations.SimpleValueBinder - building SimpleValue for id
12:18:37.948 [main] DEBUG o.h.cfg.annotations.PropertyBinder - Building property id
12:18:37.951 [main] DEBUG org.hibernate.cfg.BinderHelper - #makeIdGenerator(org.hibernate.mapping.SimpleValue([org.hibernate.mapping.Column(id)]), id, org.hibernate.id.enhanced.SequenceStyleGenerator, elCat_seq, ...)
12:18:37.953 [main] DEBUG org.hibernate.cfg.Ejb3Column - Binding column: Ejb3Column{table=org.hibernate.mapping.Table(TicketSeller), mappingColumn=seller_name, insertable=true, updatable=true, unique=false}
12:18:37.953 [main] DEBUG o.h.cfg.annotations.PropertyBinder - MetadataSourceProcessor property name with lazy=false
12:18:37.953 [main] DEBUG o.h.cfg.AbstractPropertyHolder - Attempting to locate auto-apply AttributeConverter for property [Abstract.TicketSeller:name]
12:18:37.953 [main] DEBUG o.h.c.annotations.SimpleValueBinder - building SimpleValue for name
12:18:37.953 [main] DEBUG o.h.cfg.annotations.PropertyBinder - Building property name
12:18:37.954 [main] DEBUG org.hibernate.cfg.Ejb3Column - Binding column: Ejb3JoinColumn{logicalColumnName='null', referencedColumn='null', mappedBy=''}
12:18:37.954 [main] DEBUG org.hibernate.cfg.Ejb3Column - Binding column: Ejb3Column{table=org.hibernate.mapping.Table(TicketSeller), mappingColumn=passes, insertable=true, updatable=true, unique=false}
12:18:37.955 [main] DEBUG org.hibernate.cfg.Ejb3Column - Binding column: Ejb3Column{table=org.hibernate.mapping.Table(TicketSeller), mappingColumn=null, insertable=true, updatable=true, unique=false}
12:18:37.960 [main] DEBUG org.hibernate.cfg.Ejb3Column - Binding column: Ejb3Column{table=org.hibernate.mapping.Table(TicketSeller), mappingColumn=element, insertable=true, updatable=true, unique=false}
12:18:37.960 [main] DEBUG org.hibernate.cfg.Ejb3Column - Binding column: Ejb3Column{table=org.hibernate.mapping.Table(TicketSeller), mappingColumn=passes_KEY, insertable=true, updatable=true, unique=false}
12:18:37.961 [main] DEBUG org.hibernate.cfg.Ejb3Column - Binding column: Ejb3JoinColumn{logicalColumnName='passes_KEY', referencedColumn='null', mappedBy='null'}
12:18:37.962 [main] DEBUG org.hibernate.cfg.Ejb3Column - Binding column: Ejb3JoinColumn{logicalColumnName='null', referencedColumn='null', mappedBy=''}
12:18:37.962 [main] DEBUG org.hibernate.cfg.Ejb3Column - Binding column: Ejb3JoinColumn{logicalColumnName='null', referencedColumn='null', mappedBy=''}
12:18:37.962 [main] DEBUG o.h.cfg.annotations.CollectionBinder - Collection role: Abstract.TicketSeller.passes
12:18:37.963 [main] DEBUG o.h.cfg.annotations.PropertyBinder - Building property passes
12:18:37.963 [main] DEBUG org.hibernate.cfg.Ejb3Column - Binding column: Ejb3JoinColumn{logicalColumnName='null', referencedColumn='null', mappedBy=''}
12:18:37.964 [main] DEBUG org.hibernate.cfg.Ejb3Column - Binding column: Ejb3Column{table=org.hibernate.mapping.Table(TicketSeller), mappingColumn=tickets, insertable=true, updatable=true, unique=false}
12:18:37.964 [main] DEBUG org.hibernate.cfg.Ejb3Column - Binding column: Ejb3Column{table=org.hibernate.mapping.Table(TicketSeller), mappingColumn=null, insertable=true, updatable=true, unique=false}
12:18:37.964 [main] DEBUG org.hibernate.cfg.Ejb3Column - Binding column: Ejb3Column{table=org.hibernate.mapping.Table(TicketSeller), mappingColumn=element, insertable=true, updatable=true, unique=false}
12:18:37.964 [main] DEBUG org.hibernate.cfg.Ejb3Column - Binding column: Ejb3Column{table=org.hibernate.mapping.Table(TicketSeller), mappingColumn=tickets_KEY, insertable=true, updatable=true, unique=false}
12:18:37.964 [main] DEBUG org.hibernate.cfg.Ejb3Column - Binding column: Ejb3JoinColumn{logicalColumnName='tickets_KEY', referencedColumn='null', mappedBy='null'}
12:18:37.964 [main] DEBUG org.hibernate.cfg.Ejb3Column - Binding column: Ejb3JoinColumn{logicalColumnName='null', referencedColumn='null', mappedBy=''}
12:18:37.964 [main] DEBUG org.hibernate.cfg.Ejb3Column - Binding column: Ejb3JoinColumn{logicalColumnName='null', referencedColumn='null', mappedBy=''}
12:18:37.964 [main] DEBUG o.h.cfg.annotations.CollectionBinder - Collection role: Abstract.TicketSeller.tickets
12:18:37.964 [main] DEBUG o.h.cfg.annotations.PropertyBinder - Building property tickets
12:18:37.967 [main] DEBUG org.hibernate.cfg.AnnotationBinder - Binding entity from annotated class: Classes.Card
12:18:37.968 [main] DEBUG org.hibernate.cfg.Ejb3Column - Binding column: Ejb3DiscriminatorColumn{logicalColumnName'DTYPE', discriminatorTypeName='string'}
12:18:37.968 [main] DEBUG o.h.cfg.annotations.EntityBinder - Import with entity name Card
12:18:37.968 [main] DEBUG o.h.cfg.annotations.EntityBinder - Bind entity Classes.Card on table Card
12:18:37.969 [main] DEBUG org.hibernate.cfg.Ejb3Column - Binding column: Ejb3Column{table=org.hibernate.mapping.Table(Card), mappingColumn=id, insertable=true, updatable=true, unique=false}
12:18:37.970 [main] DEBUG o.h.b.internal.ClassLoaderAccessImpl - Not known whether passed class name [Classes.Card] is safe
12:18:37.970 [main] DEBUG o.h.b.internal.ClassLoaderAccessImpl - No temp ClassLoader provided; using live ClassLoader for loading potentially unsafe class : Classes.Card
12:18:37.970 [main] DEBUG o.h.cfg.annotations.PropertyBinder - MetadataSourceProcessor property id with lazy=false
12:18:37.970 [main] DEBUG o.h.cfg.AbstractPropertyHolder - Attempting to locate auto-apply AttributeConverter for property [Classes.Card:id]
12:18:37.970 [main] DEBUG o.h.c.annotations.SimpleValueBinder - building SimpleValue for id
12:18:37.970 [main] DEBUG o.h.cfg.annotations.PropertyBinder - Building property id
12:18:37.970 [main] DEBUG org.hibernate.cfg.BinderHelper - #makeIdGenerator(org.hibernate.mapping.SimpleValue([org.hibernate.mapping.Column(id)]), id, identity, , ...)
12:18:37.970 [main] DEBUG org.hibernate.cfg.Ejb3Column - Binding column: Ejb3Column{table=org.hibernate.mapping.Table(Card), mappingColumn=emissionDate, insertable=true, updatable=true, unique=false}
12:18:37.970 [main] DEBUG o.h.cfg.annotations.PropertyBinder - MetadataSourceProcessor property emissionDate with lazy=false
12:18:37.970 [main] DEBUG o.h.cfg.AbstractPropertyHolder - Attempting to locate auto-apply AttributeConverter for property [Classes.Card:emissionDate]
12:18:37.970 [main] DEBUG o.h.c.annotations.SimpleValueBinder - building SimpleValue for emissionDate
12:18:37.970 [main] DEBUG o.h.cfg.annotations.PropertyBinder - Building property emissionDate
12:18:37.971 [main] DEBUG org.hibernate.cfg.Ejb3Column - Binding column: Ejb3Column{table=org.hibernate.mapping.Table(Card), mappingColumn=expirationDate, insertable=true, updatable=true, unique=false}
12:18:37.971 [main] DEBUG o.h.cfg.annotations.PropertyBinder - MetadataSourceProcessor property expirationDate with lazy=false
12:18:37.971 [main] DEBUG o.h.cfg.AbstractPropertyHolder - Attempting to locate auto-apply AttributeConverter for property [Classes.Card:expirationDate]
12:18:37.971 [main] DEBUG o.h.c.annotations.SimpleValueBinder - building SimpleValue for expirationDate
12:18:37.971 [main] DEBUG o.h.cfg.annotations.PropertyBinder - Building property expirationDate
12:18:37.971 [main] DEBUG org.hibernate.cfg.Ejb3Column - Binding column: Ejb3JoinColumn{logicalColumnName='null', referencedColumn='null', mappedBy=''}
12:18:37.971 [main] DEBUG org.hibernate.cfg.Ejb3Column - Binding column: Ejb3Column{table=org.hibernate.mapping.Table(Card), mappingColumn=person, insertable=true, updatable=true, unique=false}
12:18:37.972 [main] DEBUG o.h.cfg.annotations.PropertyBinder - Building property person
12:18:37.973 [main] DEBUG org.hibernate.cfg.AnnotationBinder - Binding entity from annotated class: Classes.Person
12:18:37.973 [main] DEBUG org.hibernate.cfg.Ejb3Column - Binding column: Ejb3DiscriminatorColumn{logicalColumnName'DTYPE', discriminatorTypeName='string'}
12:18:37.973 [main] DEBUG o.h.cfg.annotations.EntityBinder - Import with entity name Person
12:18:37.973 [main] DEBUG o.h.cfg.annotations.EntityBinder - Bind entity Classes.Person on table Person
12:18:37.973 [main] DEBUG org.hibernate.cfg.Ejb3Column - Binding column: Ejb3Column{table=org.hibernate.mapping.Table(Person), mappingColumn=id, insertable=true, updatable=true, unique=false}
12:18:37.973 [main] DEBUG o.h.b.internal.ClassLoaderAccessImpl - Not known whether passed class name [Classes.Person] is safe
12:18:37.973 [main] DEBUG o.h.b.internal.ClassLoaderAccessImpl - No temp ClassLoader provided; using live ClassLoader for loading potentially unsafe class : Classes.Person
12:18:37.974 [main] DEBUG o.h.cfg.annotations.PropertyBinder - MetadataSourceProcessor property id with lazy=false
12:18:37.974 [main] DEBUG o.h.cfg.AbstractPropertyHolder - Attempting to locate auto-apply AttributeConverter for property [Classes.Person:id]
12:18:37.974 [main] DEBUG o.h.c.annotations.SimpleValueBinder - building SimpleValue for id
12:18:37.974 [main] DEBUG o.h.cfg.annotations.PropertyBinder - Building property id
12:18:37.974 [main] DEBUG org.hibernate.cfg.BinderHelper - #makeIdGenerator(org.hibernate.mapping.SimpleValue([org.hibernate.mapping.Column(id)]), id, identity, , ...)
12:18:37.974 [main] DEBUG org.hibernate.cfg.Ejb3Column - Binding column: Ejb3Column{table=org.hibernate.mapping.Table(Person), mappingColumn=birthdate, insertable=true, updatable=true, unique=false}
12:18:37.974 [main] DEBUG o.h.cfg.annotations.PropertyBinder - MetadataSourceProcessor property birthdate with lazy=false
12:18:37.974 [main] DEBUG o.h.cfg.AbstractPropertyHolder - Attempting to locate auto-apply AttributeConverter for property [Classes.Person:birthdate]
12:18:37.974 [main] DEBUG o.h.c.annotations.SimpleValueBinder - building SimpleValue for birthdate
12:18:37.974 [main] DEBUG o.h.cfg.annotations.PropertyBinder - Building property birthdate
12:18:37.974 [main] DEBUG org.hibernate.cfg.Ejb3Column - Binding column: Ejb3JoinColumn{logicalColumnName='null', referencedColumn='null', mappedBy=''}
12:18:37.974 [main] DEBUG org.hibernate.cfg.Ejb3Column - Binding column: Ejb3Column{table=org.hibernate.mapping.Table(Person), mappingColumn=cardNum, insertable=true, updatable=true, unique=false}
12:18:37.975 [main] DEBUG o.h.cfg.annotations.PropertyBinder - Building property cardNum
12:18:37.975 [main] DEBUG org.hibernate.cfg.Ejb3Column - Binding column: Ejb3Column{table=org.hibernate.mapping.Table(Person), mappingColumn=firstName, insertable=true, updatable=true, unique=false}
12:18:37.975 [main] DEBUG o.h.cfg.annotations.PropertyBinder - MetadataSourceProcessor property firstName with lazy=false
12:18:37.975 [main] DEBUG o.h.cfg.AbstractPropertyHolder - Attempting to locate auto-apply AttributeConverter for property [Classes.Person:firstName]
12:18:37.975 [main] DEBUG o.h.c.annotations.SimpleValueBinder - building SimpleValue for firstName
12:18:37.975 [main] DEBUG o.h.cfg.annotations.PropertyBinder - Building property firstName
12:18:37.975 [main] DEBUG org.hibernate.cfg.Ejb3Column - Binding column: Ejb3Column{table=org.hibernate.mapping.Table(Person), mappingColumn=lastName, insertable=true, updatable=true, unique=false}
12:18:37.975 [main] DEBUG o.h.cfg.annotations.PropertyBinder - MetadataSourceProcessor property lastName with lazy=false
12:18:37.975 [main] DEBUG o.h.cfg.AbstractPropertyHolder - Attempting to locate auto-apply AttributeConverter for property [Classes.Person:lastName]
12:18:37.975 [main] DEBUG o.h.c.annotations.SimpleValueBinder - building SimpleValue for lastName
12:18:37.975 [main] DEBUG o.h.cfg.annotations.PropertyBinder - Building property lastName
12:18:37.975 [main] DEBUG org.hibernate.cfg.AnnotationBinder - Binding entity from annotated class: Classes.Ticket
12:18:37.976 [main] DEBUG org.hibernate.cfg.Ejb3Column - Binding column: Ejb3DiscriminatorColumn{logicalColumnName'DTYPE', discriminatorTypeName='string'}
12:18:37.976 [main] DEBUG o.h.cfg.annotations.EntityBinder - Import with entity name Ticket
12:18:37.976 [main] DEBUG o.h.cfg.annotations.EntityBinder - Bind entity Classes.Ticket on table Ticket
12:18:37.977 [main] DEBUG org.hibernate.cfg.Ejb3Column - Binding column: Ejb3Column{table=org.hibernate.mapping.Table(Ticket), mappingColumn=id, insertable=true, updatable=true, unique=false}
12:18:37.977 [main] DEBUG o.h.b.internal.ClassLoaderAccessImpl - Not known whether passed class name [Classes.Ticket] is safe
12:18:37.977 [main] DEBUG o.h.b.internal.ClassLoaderAccessImpl - No temp ClassLoader provided; using live ClassLoader for loading potentially unsafe class : Classes.Ticket
12:18:37.977 [main] DEBUG o.h.cfg.annotations.PropertyBinder - MetadataSourceProcessor property id with lazy=false
12:18:37.977 [main] DEBUG o.h.cfg.AbstractPropertyHolder - Attempting to locate auto-apply AttributeConverter for property [Classes.Ticket:id]
12:18:37.977 [main] DEBUG o.h.c.annotations.SimpleValueBinder - building SimpleValue for id
12:18:37.977 [main] DEBUG o.h.cfg.annotations.PropertyBinder - Building property id
12:18:37.977 [main] DEBUG org.hibernate.cfg.BinderHelper - #makeIdGenerator(org.hibernate.mapping.SimpleValue([org.hibernate.mapping.Column(id)]), id, identity, , ...)
12:18:37.977 [main] DEBUG org.hibernate.cfg.Ejb3Column - Binding column: Ejb3JoinColumn{logicalColumnName='null', referencedColumn='null', mappedBy='null'}
12:18:37.977 [main] DEBUG org.hibernate.cfg.Ejb3Column - Binding column: Ejb3Column{table=org.hibernate.mapping.Table(Ticket), mappingColumn=seller, insertable=true, updatable=true, unique=false}
12:18:37.978 [main] DEBUG o.h.cfg.annotations.PropertyBinder - Building property seller
12:18:37.978 [main] DEBUG org.hibernate.cfg.AnnotationBinder - Binding entity from annotated class: Classes.Pass
12:18:37.978 [main] DEBUG o.h.cfg.annotations.EntityBinder - Import with entity name Pass
12:18:37.979 [main] DEBUG org.hibernate.cfg.Ejb3Column - Binding column: Ejb3JoinColumn{logicalColumnName='null', referencedColumn='null', mappedBy=''}
12:18:37.980 [main] DEBUG org.hibernate.cfg.Ejb3Column - Binding column: Ejb3Column{table=org.hibernate.mapping.Table(Ticket), mappingColumn=person, insertable=true, updatable=true, unique=false}
12:18:37.980 [main] DEBUG o.h.cfg.annotations.PropertyBinder - Building property person
12:18:37.980 [main] DEBUG org.hibernate.cfg.Ejb3Column - Binding column: Ejb3JoinColumn{logicalColumnName='null', referencedColumn='null', mappedBy='null'}
12:18:37.980 [main] DEBUG org.hibernate.cfg.Ejb3Column - Binding column: Ejb3Column{table=org.hibernate.mapping.Table(Ticket), mappingColumn=sellers, insertable=true, updatable=true, unique=false}
12:18:37.980 [main] DEBUG o.h.cfg.annotations.PropertyBinder - Building property sellers
12:18:37.980 [main] DEBUG org.hibernate.cfg.Ejb3Column - Binding column: Ejb3Column{table=org.hibernate.mapping.Table(Ticket), mappingColumn=validity, insertable=true, updatable=true, unique=false}
12:18:37.980 [main] DEBUG o.h.cfg.annotations.PropertyBinder - MetadataSourceProcessor property validity with lazy=false
12:18:37.980 [main] DEBUG o.h.cfg.AbstractPropertyHolder - Attempting to locate auto-apply AttributeConverter for property [Classes.Pass:validity]
12:18:37.981 [main] DEBUG o.h.c.annotations.SimpleValueBinder - building SimpleValue for validity
12:18:37.981 [main] DEBUG o.h.cfg.annotations.PropertyBinder - Building property validity
12:18:37.982 [main] DEBUG org.hibernate.cfg.AnnotationBinder - Binding entity from annotated class: Classes.Shop
12:18:37.982 [main] DEBUG o.h.cfg.annotations.EntityBinder - Import with entity name Shop
12:18:37.982 [main] DEBUG org.hibernate.cfg.AnnotationBinder - Skipping attribute [java.util.List : passes] as it was already processed as part of super hierarchy
12:18:37.982 [main] DEBUG org.hibernate.cfg.Ejb3Column - Binding column: Ejb3JoinColumn{logicalColumnName='null', referencedColumn='null', mappedBy=''}
12:18:37.982 [main] DEBUG org.hibernate.cfg.Ejb3Column - Binding column: Ejb3Column{table=org.hibernate.mapping.Table(TicketSeller), mappingColumn=people, insertable=true, updatable=true, unique=false}
12:18:37.983 [main] DEBUG org.hibernate.cfg.Ejb3Column - Binding column: Ejb3Column{table=org.hibernate.mapping.Table(TicketSeller), mappingColumn=null, insertable=true, updatable=true, unique=false}
12:18:37.983 [main] DEBUG org.hibernate.cfg.Ejb3Column - Binding column: Ejb3Column{table=org.hibernate.mapping.Table(TicketSeller), mappingColumn=element, insertable=true, updatable=true, unique=false}
12:18:37.983 [main] DEBUG org.hibernate.cfg.Ejb3Column - Binding column: Ejb3Column{table=org.hibernate.mapping.Table(TicketSeller), mappingColumn=people_KEY, insertable=true, updatable=true, unique=false}
12:18:37.983 [main] DEBUG org.hibernate.cfg.Ejb3Column - Binding column: Ejb3JoinColumn{logicalColumnName='people_KEY', referencedColumn='null', mappedBy='null'}
12:18:37.983 [main] DEBUG org.hibernate.cfg.Ejb3Column - Binding column: Ejb3JoinColumn{logicalColumnName='null', referencedColumn='null', mappedBy=''}
12:18:37.983 [main] DEBUG org.hibernate.cfg.Ejb3Column - Binding column: Ejb3JoinColumn{logicalColumnName='null', referencedColumn='null', mappedBy=''}
12:18:37.983 [main] DEBUG o.h.cfg.annotations.CollectionBinder - Collection role: Classes.Shop.people
12:18:37.983 [main] DEBUG o.h.cfg.annotations.PropertyBinder - Building property people
12:18:37.983 [main] DEBUG org.hibernate.cfg.AnnotationBinder - Skipping attribute [java.util.List : tickets] as it was already processed as part of super hierarchy
12:18:37.983 [main] DEBUG org.hibernate.cfg.AnnotationBinder - Binding entity from annotated class: Classes.VendingMachine
12:18:37.983 [main] DEBUG o.h.cfg.annotations.EntityBinder - Import with entity name VendingMachine
12:18:37.984 [main] DEBUG org.hibernate.cfg.Ejb3Column - Binding column: Ejb3Column{table=org.hibernate.mapping.Table(TicketSeller), mappingColumn=isWorking, insertable=true, updatable=true, unique=false}
12:18:37.984 [main] DEBUG o.h.cfg.annotations.PropertyBinder - MetadataSourceProcessor property isWorking with lazy=false
12:18:37.984 [main] DEBUG o.h.cfg.AbstractPropertyHolder - Attempting to locate auto-apply AttributeConverter for property [Classes.VendingMachine:isWorking]
12:18:37.984 [main] DEBUG o.h.c.annotations.SimpleValueBinder - building SimpleValue for isWorking
12:18:37.984 [main] DEBUG o.h.cfg.annotations.PropertyBinder - Building property isWorking
12:18:37.985 [main] DEBUG o.h.c.annotations.SimpleValueBinder - Starting fillSimpleValue for id
12:18:37.985 [main] DEBUG o.h.c.annotations.SimpleValueBinder - Starting fillSimpleValue for name
12:18:37.985 [main] DEBUG o.h.c.annotations.SimpleValueBinder - Starting fillSimpleValue for id
12:18:37.985 [main] DEBUG o.h.c.annotations.SimpleValueBinder - Starting fillSimpleValue for emissionDate
12:18:37.985 [main] DEBUG o.h.c.annotations.SimpleValueBinder - Starting fillSimpleValue for expirationDate
12:18:37.985 [main] DEBUG o.h.c.annotations.SimpleValueBinder - Starting fillSimpleValue for id
12:18:37.985 [main] DEBUG o.h.c.annotations.SimpleValueBinder - Starting fillSimpleValue for birthdate
12:18:37.985 [main] DEBUG o.h.c.annotations.SimpleValueBinder - Starting fillSimpleValue for firstName
12:18:37.985 [main] DEBUG o.h.c.annotations.SimpleValueBinder - Starting fillSimpleValue for lastName
12:18:37.986 [main] DEBUG o.h.c.annotations.SimpleValueBinder - Starting fillSimpleValue for id
12:18:37.986 [main] DEBUG o.h.c.annotations.SimpleValueBinder - Starting fillSimpleValue for validity
12:18:37.986 [main] DEBUG o.h.c.annotations.SimpleValueBinder - Starting fillSimpleValue for isWorking
12:18:37.990 [main] DEBUG org.hibernate.mapping.PrimaryKey - Forcing column [id] to be non-null as it is part of the primary key for table [ticketseller]
12:18:37.990 [main] DEBUG org.hibernate.mapping.PrimaryKey - Forcing column [id] to be non-null as it is part of the primary key for table [card]
12:18:37.990 [main] DEBUG org.hibernate.mapping.PrimaryKey - Forcing column [id] to be non-null as it is part of the primary key for table [person]
12:18:37.991 [main] DEBUG org.hibernate.mapping.PrimaryKey - Forcing column [id] to be non-null as it is part of the primary key for table [ticket]
12:18:37.991 [main] DEBUG o.hibernate.cfg.CollectionSecondPass - Second pass for collection: Classes.Shop.people
12:18:37.991 [main] DEBUG o.h.cfg.annotations.CollectionBinder - Binding a OneToMany: Classes.Shop.people through an association table
12:18:37.995 [main] DEBUG o.hibernate.cfg.CollectionSecondPass - Mapped collection key: Shop_id, element: people_id
12:18:37.995 [main] DEBUG o.hibernate.cfg.CollectionSecondPass - Second pass for collection: Abstract.TicketSeller.tickets
12:18:37.995 [main] DEBUG o.h.cfg.annotations.CollectionBinder - Binding a OneToMany: Abstract.TicketSeller.tickets through an association table
12:18:37.996 [main] DEBUG o.hibernate.cfg.CollectionSecondPass - Mapped collection key: TicketSeller_id, element: tickets_id
12:18:37.996 [main] DEBUG o.hibernate.cfg.CollectionSecondPass - Second pass for collection: Abstract.TicketSeller.passes
12:18:37.996 [main] DEBUG o.h.cfg.annotations.CollectionBinder - Binding a OneToMany: Abstract.TicketSeller.passes through an association table
12:18:37.996 [main] DEBUG o.hibernate.cfg.CollectionSecondPass - Mapped collection key: TicketSeller_id, element: passes_id
12:18:37.996 [main] DEBUG o.h.b.i.InFlightMetadataCollectorImpl - Resolving reference to class: Classes.Person
12:18:37.997 [main] DEBUG o.h.b.i.InFlightMetadataCollectorImpl - Resolving reference to class: Classes.Card
12:18:37.997 [main] DEBUG o.h.b.i.InFlightMetadataCollectorImpl - Resolving reference to class: Abstract.TicketSeller
12:18:37.997 [main] DEBUG o.h.b.i.InFlightMetadataCollectorImpl - Resolving reference to class: Classes.Person
12:18:37.997 [main] DEBUG o.h.b.i.InFlightMetadataCollectorImpl - Resolving reference to class: Abstract.TicketSeller
12:18:37.997 [main] DEBUG o.h.b.i.InFlightMetadataCollectorImpl - Resolving reference to class: Classes.Person
12:18:37.997 [main] DEBUG o.h.b.i.InFlightMetadataCollectorImpl - Resolving reference to class: Classes.Shop
12:18:37.997 [main] DEBUG o.h.b.i.InFlightMetadataCollectorImpl - Resolving reference to class: Classes.Ticket
12:18:37.997 [main] DEBUG o.h.b.i.InFlightMetadataCollectorImpl - Resolving reference to class: Abstract.TicketSeller
12:18:37.998 [main] DEBUG o.h.b.i.InFlightMetadataCollectorImpl - Resolving reference to class: Classes.Pass
12:18:37.998 [main] DEBUG o.h.b.i.InFlightMetadataCollectorImpl - Resolving reference to class: Classes.Person
12:18:37.998 [main] DEBUG o.h.b.i.InFlightMetadataCollectorImpl - Resolving reference to class: Classes.Card
12:18:37.998 [main] DEBUG o.h.b.i.InFlightMetadataCollectorImpl - Resolving reference to class: Abstract.TicketSeller
12:18:37.998 [main] DEBUG o.h.b.i.InFlightMetadataCollectorImpl - Resolving reference to class: Classes.Person
12:18:38.000 [main] DEBUG o.h.b.i.InFlightMetadataCollectorImpl - Resolving reference to class: Abstract.TicketSeller
12:18:38.000 [main] DEBUG o.h.b.i.InFlightMetadataCollectorImpl - Resolving reference to class: Classes.Person
12:18:38.000 [main] DEBUG o.h.b.i.InFlightMetadataCollectorImpl - Resolving reference to class: Classes.Shop
12:18:38.000 [main] DEBUG o.h.b.i.InFlightMetadataCollectorImpl - Resolving reference to class: Classes.Ticket
12:18:38.000 [main] DEBUG o.h.b.i.InFlightMetadataCollectorImpl - Resolving reference to class: Abstract.TicketSeller
12:18:38.000 [main] DEBUG o.h.b.i.InFlightMetadataCollectorImpl - Resolving reference to class: Classes.Pass
12:18:38.027 [main] DEBUG o.h.internal.SessionFactoryImpl - Building session factory
12:18:38.027 [main] DEBUG org.hibernate.cfg.Settings - SessionFactory name : null
12:18:38.027 [main] DEBUG org.hibernate.cfg.Settings - Automatic flush during beforeCompletion(): enabled
12:18:38.027 [main] DEBUG org.hibernate.cfg.Settings - Automatic session close at end of transaction: disabled
12:18:38.027 [main] DEBUG org.hibernate.cfg.Settings - Statistics: disabled
12:18:38.027 [main] DEBUG org.hibernate.cfg.Settings - Deleted entity synthetic identifier rollback: disabled
12:18:38.027 [main] DEBUG org.hibernate.cfg.Settings - Default entity-mode: pojo
12:18:38.027 [main] DEBUG org.hibernate.cfg.Settings - Check Nullability in Core (should be disabled when Bean Validation is on): enabled
12:18:38.027 [main] DEBUG org.hibernate.cfg.Settings - Allow initialization of lazy state outside session : disabled
12:18:38.027 [main] DEBUG org.hibernate.cfg.Settings - Using BatchFetchStyle : LEGACY
12:18:38.027 [main] DEBUG org.hibernate.cfg.Settings - Default batch fetch size: -1
12:18:38.027 [main] DEBUG org.hibernate.cfg.Settings - Maximum outer join fetch depth: null
12:18:38.027 [main] DEBUG org.hibernate.cfg.Settings - Default null ordering: NONE
12:18:38.027 [main] DEBUG org.hibernate.cfg.Settings - Order SQL updates by primary key: disabled
12:18:38.027 [main] DEBUG org.hibernate.cfg.Settings - Order SQL inserts for batching: disabled
12:18:38.027 [main] DEBUG org.hibernate.cfg.Settings - multi-tenancy strategy : NONE
12:18:38.027 [main] DEBUG org.hibernate.cfg.Settings - JTA Track by Thread: enabled
12:18:38.027 [main] DEBUG org.hibernate.cfg.Settings - Query language substitutions: {}
12:18:38.027 [main] DEBUG org.hibernate.cfg.Settings - Named query checking : enabled
12:18:38.027 [main] DEBUG org.hibernate.cfg.Settings - Second-level cache: disabled
12:18:38.027 [main] DEBUG org.hibernate.cfg.Settings - Second-level query cache: disabled
12:18:38.027 [main] DEBUG org.hibernate.cfg.Settings - Second-level query cache factory: null
12:18:38.027 [main] DEBUG org.hibernate.cfg.Settings - Second-level cache region prefix: null
12:18:38.028 [main] DEBUG org.hibernate.cfg.Settings - Optimize second-level cache for minimal puts: disabled
12:18:38.028 [main] DEBUG org.hibernate.cfg.Settings - Structured second-level cache entries: disabled
12:18:38.028 [main] DEBUG org.hibernate.cfg.Settings - Second-level cache direct-reference entries: disabled
12:18:38.028 [main] DEBUG org.hibernate.cfg.Settings - Automatic eviction of collection cache: disabled
12:18:38.028 [main] DEBUG org.hibernate.cfg.Settings - JDBC batch size: 15
12:18:38.028 [main] DEBUG org.hibernate.cfg.Settings - JDBC batch updates for versioned data: enabled
12:18:38.028 [main] DEBUG org.hibernate.cfg.Settings - Scrollable result sets: enabled
12:18:38.028 [main] DEBUG org.hibernate.cfg.Settings - Wrap result sets: disabled
12:18:38.028 [main] DEBUG org.hibernate.cfg.Settings - JDBC3 getGeneratedKeys(): enabled
12:18:38.028 [main] DEBUG org.hibernate.cfg.Settings - JDBC result set fetch size: null
12:18:38.028 [main] DEBUG org.hibernate.cfg.Settings - Connection release mode: AFTER_TRANSACTION
12:18:38.028 [main] DEBUG org.hibernate.cfg.Settings - Generate SQL with comments: disabled
12:18:38.028 [main] DEBUG org.hibernate.cfg.Settings - JPA compliance - query : disabled
12:18:38.028 [main] DEBUG org.hibernate.cfg.Settings - JPA compliance - closed-handling : disabled
12:18:38.028 [main] DEBUG org.hibernate.cfg.Settings - JPA compliance - lists : disabled
12:18:38.028 [main] DEBUG org.hibernate.cfg.Settings - JPA compliance - transactions : disabled
12:18:38.033 [main] DEBUG o.h.b.internal.ClassLoaderAccessImpl - Not known whether passed class name [Classes.Pass] is safe
12:18:38.034 [main] DEBUG o.h.b.internal.ClassLoaderAccessImpl - No temp ClassLoader provided; using live ClassLoader for loading potentially unsafe class : Classes.Pass
12:18:38.034 [main] DEBUG o.h.b.internal.ClassLoaderAccessImpl - Not known whether passed class name [Classes.Shop] is safe
12:18:38.034 [main] DEBUG o.h.b.internal.ClassLoaderAccessImpl - No temp ClassLoader provided; using live ClassLoader for loading potentially unsafe class : Classes.Shop
12:18:38.034 [main] DEBUG o.h.b.internal.ClassLoaderAccessImpl - Not known whether passed class name [Classes.VendingMachine] is safe
12:18:38.034 [main] DEBUG o.h.b.internal.ClassLoaderAccessImpl - No temp ClassLoader provided; using live ClassLoader for loading potentially unsafe class : Classes.VendingMachine
12:18:38.060 [main] DEBUG o.h.s.i.SessionFactoryServiceRegistryImpl - EventListenerRegistry access via ServiceRegistry is deprecated.  Use `sessionFactory.getEventEngine().getListenerRegistry()` instead
12:18:38.060 [main] DEBUG o.h.s.i.SessionFactoryServiceRegistryImpl - EventListenerRegistry access via ServiceRegistry is deprecated.  Use `sessionFactory.getEventEngine().getListenerRegistry()` instead
12:18:38.068 [main] DEBUG o.h.internal.SessionFactoryImpl - Session factory constructed with filter configurations : {}
12:18:38.068 [main] DEBUG o.h.internal.SessionFactoryImpl - Instantiating session factory with properties: {java.specification.version=17, sun.cpu.isalist=amd64, sun.jnu.encoding=Cp1252, hibernate.dialect=org.hibernate.dialect.PostgreSQLDialect, java.class.path=C:\Users\total\Desktop\All\Epicode\fs0223-Luca-Sernicola-BackEnd\BuildWeek_4\target\classes;C:\Users\total\.m2\repository\ch\qos\logback\logback-classic\1.4.8\logback-classic-1.4.8.jar;C:\Users\total\.m2\repository\ch\qos\logback\logback-core\1.4.8\logback-core-1.4.8.jar;C:\Users\total\.m2\repository\org\slf4j\slf4j-api\2.0.7\slf4j-api-2.0.7.jar;C:\Users\total\.m2\repository\commons-io\commons-io\2.13.0\commons-io-2.13.0.jar;C:\Users\total\.m2\repository\org\postgresql\postgresql\42.6.0\postgresql-42.6.0.jar;C:\Users\total\.m2\repository\org\checkerframework\checker-qual\3.31.0\checker-qual-3.31.0.jar;C:\Users\total\.m2\repository\org\hibernate\hibernate-core\5.6.15.Final\hibernate-core-5.6.15.Final.jar;C:\Users\total\.m2\repository\org\jboss\logging\jboss-logging\3.4.3.Final\jboss-logging-3.4.3.Final.jar;C:\Users\total\.m2\repository\javax\persistence\javax.persistence-api\2.2\javax.persistence-api-2.2.jar;C:\Users\total\.m2\repository\net\bytebuddy\byte-buddy\1.12.18\byte-buddy-1.12.18.jar;C:\Users\total\.m2\repository\antlr\antlr\2.7.7\antlr-2.7.7.jar;C:\Users\total\.m2\repository\org\jboss\spec\javax\transaction\jboss-transaction-api_1.2_spec\1.1.1.Final\jboss-transaction-api_1.2_spec-1.1.1.Final.jar;C:\Users\total\.m2\repository\org\jboss\jandex\2.4.2.Final\jandex-2.4.2.Final.jar;C:\Users\total\.m2\repository\com\fasterxml\classmate\1.5.1\classmate-1.5.1.jar;C:\Users\total\.m2\repository\javax\activation\javax.activation-api\1.2.0\javax.activation-api-1.2.0.jar;C:\Users\total\.m2\repository\org\hibernate\common\hibernate-commons-annotations\5.1.2.Final\hibernate-commons-annotations-5.1.2.Final.jar;C:\Users\total\.m2\repository\javax\xml\bind\jaxb-api\2.3.1\jaxb-api-2.3.1.jar;C:\Users\total\.m2\repository\org\glassfish\jaxb\jaxb-runtime\2.3.1\jaxb-runtime-2.3.1.jar;C:\Users\total\.m2\repository\org\glassfish\jaxb\txw2\2.3.1\txw2-2.3.1.jar;C:\Users\total\.m2\repository\com\sun\istack\istack-commons-runtime\3.0.7\istack-commons-runtime-3.0.7.jar;C:\Users\total\.m2\repository\org\jvnet\staxex\stax-ex\1.8\stax-ex-1.8.jar;C:\Users\total\.m2\repository\com\sun\xml\fastinfoset\FastInfoset\1.2.15\FastInfoset-1.2.15.jar;C:\Users\total\Desktop\All\Epicode\fs0223-Luca-Sernicola-BackEnd\Homework_W3_D3\target\classes, java.vm.vendor=Eclipse Adoptium, sun.arch.data.model=64, user.variant=, java.vendor.url=https://adoptium.net/, user.timezone=Europe/Rome, javax.persistence.jdbc.url=jdbc:postgresql://localhost:5432/BuildWeek, javax.persistence.jdbc.user=****, java.vm.specification.version=17, os.name=Windows 11, jakarta.persistence.jdbc.password=****, sun.java.launcher=SUN_STANDARD, user.country=US, local.setting.IS_JTA_TXN_COORD=false, sun.boot.library.path=C:\Users\total\.p2\pool\plugins\org.eclipse.justj.openjdk.hotspot.jre.full.win32.x86_64_17.0.7.v20230425-1502\jre\bin, sun.java.command=MainClass.MainClass, jdk.debug=release, jakarta.persistence.jdbc.driver=org.postgresql.Driver, sun.cpu.endian=little, user.home=C:\Users\total, user.language=en, java.specification.vendor=Oracle Corporation, java.version.date=2023-04-18, java.home=C:\Users\total\.p2\pool\plugins\org.eclipse.justj.openjdk.hotspot.jre.full.win32.x86_64_17.0.7.v20230425-1502\jre, file.separator=\, java.vm.compressedOopsMode=Zero based, jakarta.persistence.jdbc.user=****, line.separator=
, hibernate.persistenceUnitName=BuildWeek_4, java.vm.specification.vendor=Oracle Corporation, java.specification.name=Java Platform API Specification, hibernate.transaction.coordinator_class=class org.hibernate.resource.transaction.backend.jdbc.internal.JdbcResourceLocalTransactionCoordinatorBuilderImpl, javax.persistence.jdbc.driver=org.postgresql.Driver, hibernate.hbm2ddl.auto=update, user.script=, sun.management.compiler=HotSpot 64-Bit Tiered Compilers, java.runtime.version=17.0.7+7, user.name=total, path.separator=;, hibernate.connection.username=****, os.version=10.0, java.runtime.name=OpenJDK Runtime Environment, hibernate.connection.url=jdbc:postgresql://localhost:5432/BuildWeek, file.encoding=UTF-8, hibernate.ejb.persistenceUnitName=BuildWeek_4, java.vm.name=OpenJDK 64-Bit Server VM, java.vendor.version=Temurin-17.0.7+7, hibernate.connection.driver_class=org.postgresql.Driver, java.vendor.url.bug=https://github.com/adoptium/adoptium-support/issues, java.io.tmpdir=C:\Users\total\AppData\Local\Temp\, java.version=17.0.7, user.dir=C:\Users\total\Desktop\All\Epicode\fs0223-Luca-Sernicola-BackEnd\BuildWeek_4, os.arch=amd64, java.vm.specification.name=Java Virtual Machine Specification, hibernate.connection.password=****, sun.os.patch.level=, jakarta.persistence.jdbc.url=jdbc:postgresql://localhost:5432/BuildWeek, hibernate.boot.CfgXmlAccessService.key=org.hibernate.boot.registry.StandardServiceRegistryBuilder$1@7942a854, native.encoding=Cp1252, java.library.path=C:\Users\total\.p2\pool\plugins\org.eclipse.justj.openjdk.hotspot.jre.full.win32.x86_64_17.0.7.v20230425-1502\jre\bin;C:\windows\Sun\Java\bin;C:\windows\system32;C:\windows;C:/Users/total/.p2/pool/plugins/org.eclipse.justj.openjdk.hotspot.jre.full.win32.x86_64_17.0.7.v20230425-1502/jre/bin/server;C:/Users/total/.p2/pool/plugins/org.eclipse.justj.openjdk.hotspot.jre.full.win32.x86_64_17.0.7.v20230425-1502/jre/bin;C:\Program Files\Eclipse Adoptium\jdk-17.0.7.7-hotspot\bin;C:\Program Files (x86)\NVIDIA Corporation\PhysX\Common;C:\windows\system32;C:\windows;C:\windows\System32\Wbem;C:\windows\System32\WindowsPowerShell\v1.0\;C:\windows\System32\OpenSSH\;C:\Program Files\Git\cmd;C:\Program Files\nodejs\;C:\Users\total\AppData\Local\Microsoft\WindowsApps;C:\Users\total\AppData\Local\Programs\Microsoft VS Code\bin;C:\Users\total\AppData\Roaming\npm;C:\Users\total\AppData\Local\GitHubDesktop\bin;C:\windows\System32;;., java.vendor=Eclipse Adoptium, java.vm.info=mixed mode, java.vm.version=17.0.7+7, hibernate.bytecode.use_reflection_optimizer=false, sun.io.unicode.encoding=UnicodeLittle, javax.persistence.jdbc.password=****, java.class.version=61.0}
12:18:38.077 [main] DEBUG o.h.secure.spi.JaccIntegrator - Skipping JACC integration as it was not enabled
12:18:38.081 [main] DEBUG org.hibernate.type.EnumType - Using ORDINAL-based conversion for Enum Enums.Validity
12:18:38.082 [main] DEBUG o.h.internal.SessionFactoryImpl - Instantiated session factory
12:18:38.082 [main] DEBUG o.h.type.spi.TypeConfiguration$Scope - Scoping TypeConfiguration [org.hibernate.type.spi.TypeConfiguration@3a095ec0] to SessionFactoryImpl [org.hibernate.internal.SessionFactoryImpl@10cd6753]
12:18:38.116 [main] DEBUG o.h.b.internal.ClassLoaderAccessImpl - Not known whether passed class name [Abstract.TicketSeller] is safe
12:18:38.116 [main] DEBUG o.h.b.internal.ClassLoaderAccessImpl - No temp ClassLoader provided; using live ClassLoader for loading potentially unsafe class : Abstract.TicketSeller
12:18:38.118 [main] DEBUG o.h.b.internal.ClassLoaderAccessImpl - Not known whether passed class name [Classes.Shop] is safe
12:18:38.118 [main] DEBUG o.h.b.internal.ClassLoaderAccessImpl - No temp ClassLoader provided; using live ClassLoader for loading potentially unsafe class : Classes.Shop
12:18:38.118 [main] DEBUG o.h.b.internal.ClassLoaderAccessImpl - Not known whether passed class name [Classes.VendingMachine] is safe
12:18:38.118 [main] DEBUG o.h.b.internal.ClassLoaderAccessImpl - No temp ClassLoader provided; using live ClassLoader for loading potentially unsafe class : Classes.VendingMachine
12:18:38.223 [main] DEBUG o.hibernate.orm.bytecode.interceptor - To-one property `Classes.Card#person` was mapped with LAZY + NO_PROXY but the class was not enhanced
12:18:38.223 [main] DEBUG o.hibernate.orm.bytecode.interceptor - To-one property `Classes.Card#person` was mapped with LAZY + NO_PROXY but the class was not enhanced
12:18:38.223 [main] DEBUG o.h.b.internal.ClassLoaderAccessImpl - Not known whether passed class name [Classes.Card] is safe
12:18:38.223 [main] DEBUG o.h.b.internal.ClassLoaderAccessImpl - No temp ClassLoader provided; using live ClassLoader for loading potentially unsafe class : Classes.Card
12:18:38.232 [main] DEBUG o.hibernate.orm.bytecode.interceptor - To-one property `Classes.Card#person` was mapped with LAZY + NO_PROXY but the class was not enhanced
12:18:38.232 [main] DEBUG o.hibernate.orm.bytecode.interceptor - To-one property `Classes.Card#person` was mapped with LAZY + NO_PROXY but the class was not enhanced
12:18:38.232 [main] DEBUG o.hibernate.orm.bytecode.interceptor - To-one property `Classes.Person#cardNum` was mapped with LAZY + NO_PROXY but the class was not enhanced
12:18:38.232 [main] DEBUG o.hibernate.orm.bytecode.interceptor - To-one property `Classes.Person#cardNum` was mapped with LAZY + NO_PROXY but the class was not enhanced
12:18:38.232 [main] DEBUG o.h.b.internal.ClassLoaderAccessImpl - Not known whether passed class name [Classes.Person] is safe
12:18:38.232 [main] DEBUG o.h.b.internal.ClassLoaderAccessImpl - No temp ClassLoader provided; using live ClassLoader for loading potentially unsafe class : Classes.Person
12:18:38.240 [main] DEBUG o.hibernate.orm.bytecode.interceptor - To-one property `Classes.Person#cardNum` was mapped with LAZY + NO_PROXY but the class was not enhanced
12:18:38.240 [main] DEBUG o.hibernate.orm.bytecode.interceptor - To-one property `Classes.Person#cardNum` was mapped with LAZY + NO_PROXY but the class was not enhanced
12:18:38.240 [main] DEBUG o.hibernate.orm.bytecode.interceptor - To-one property `Classes.Ticket#seller` was mapped with LAZY + NO_PROXY but the class was not enhanced
12:18:38.240 [main] DEBUG o.hibernate.orm.bytecode.interceptor - To-one property `Classes.Ticket#seller` was mapped with LAZY + NO_PROXY but the class was not enhanced
12:18:38.240 [main] DEBUG o.hibernate.orm.bytecode.interceptor - To-one property `Classes.Pass#person` was mapped with LAZY + NO_PROXY but the class was not enhanced
12:18:38.240 [main] DEBUG o.hibernate.orm.bytecode.interceptor - To-one property `Classes.Pass#person` was mapped with LAZY + NO_PROXY but the class was not enhanced
12:18:38.240 [main] DEBUG o.hibernate.orm.bytecode.interceptor - To-one property `Classes.Pass#sellers` was mapped with LAZY + NO_PROXY but the class was not enhanced
12:18:38.240 [main] DEBUG o.hibernate.orm.bytecode.interceptor - To-one property `Classes.Pass#sellers` was mapped with LAZY + NO_PROXY but the class was not enhanced
12:18:38.240 [main] DEBUG o.h.b.internal.ClassLoaderAccessImpl - Not known whether passed class name [Classes.Pass] is safe
12:18:38.240 [main] DEBUG o.h.b.internal.ClassLoaderAccessImpl - No temp ClassLoader provided; using live ClassLoader for loading potentially unsafe class : Classes.Pass
12:18:38.246 [main] DEBUG o.hibernate.orm.bytecode.interceptor - To-one property `Classes.Ticket#seller` was mapped with LAZY + NO_PROXY but the class was not enhanced
12:18:38.246 [main] DEBUG o.hibernate.orm.bytecode.interceptor - To-one property `Classes.Pass#person` was mapped with LAZY + NO_PROXY but the class was not enhanced
12:18:38.246 [main] DEBUG o.hibernate.orm.bytecode.interceptor - To-one property `Classes.Pass#sellers` was mapped with LAZY + NO_PROXY but the class was not enhanced
12:18:38.246 [main] DEBUG o.hibernate.orm.bytecode.interceptor - To-one property `Classes.Ticket#seller` was mapped with LAZY + NO_PROXY but the class was not enhanced
12:18:38.246 [main] DEBUG o.hibernate.orm.bytecode.interceptor - To-one property `Classes.Pass#person` was mapped with LAZY + NO_PROXY but the class was not enhanced
12:18:38.246 [main] DEBUG o.hibernate.orm.bytecode.interceptor - To-one property `Classes.Pass#sellers` was mapped with LAZY + NO_PROXY but the class was not enhanced
12:18:38.251 [main] DEBUG o.hibernate.orm.bytecode.interceptor - To-one property `Classes.Ticket#seller` was mapped with LAZY + NO_PROXY but the class was not enhanced
12:18:38.251 [main] DEBUG o.hibernate.orm.bytecode.interceptor - To-one property `Classes.Ticket#seller` was mapped with LAZY + NO_PROXY but the class was not enhanced
12:18:38.251 [main] DEBUG o.h.b.internal.ClassLoaderAccessImpl - Not known whether passed class name [Classes.Ticket] is safe
12:18:38.251 [main] DEBUG o.h.b.internal.ClassLoaderAccessImpl - No temp ClassLoader provided; using live ClassLoader for loading potentially unsafe class : Classes.Ticket
12:18:38.255 [main] DEBUG o.hibernate.orm.bytecode.interceptor - To-one property `Classes.Ticket#seller` was mapped with LAZY + NO_PROXY but the class was not enhanced
12:18:38.255 [main] DEBUG o.hibernate.orm.bytecode.interceptor - To-one property `Classes.Ticket#seller` was mapped with LAZY + NO_PROXY but the class was not enhanced
12:18:38.255 [main] DEBUG o.hibernate.orm.bytecode.interceptor - To-one property `Classes.Pass#person` was mapped with LAZY + NO_PROXY but the class was not enhanced
12:18:38.255 [main] DEBUG o.hibernate.orm.bytecode.interceptor - To-one property `Classes.Pass#sellers` was mapped with LAZY + NO_PROXY but the class was not enhanced
12:18:38.266 [main] DEBUG o.h.p.c.AbstractCollectionPersister - Static SQL for collection: Abstract.TicketSeller.tickets
12:18:38.266 [main] DEBUG o.h.p.c.AbstractCollectionPersister -  Row insert: insert into TicketSeller_Ticket (TicketSeller_id, tickets_id) values (?, ?)
12:18:38.266 [main] DEBUG o.h.p.c.AbstractCollectionPersister -  Row update: update TicketSeller_Ticket set tickets_id=? where TicketSeller_id=? and tickets_id=?
12:18:38.266 [main] DEBUG o.h.p.c.AbstractCollectionPersister -  Row delete: delete from TicketSeller_Ticket where TicketSeller_id=? and tickets_id=?
12:18:38.266 [main] DEBUG o.h.p.c.AbstractCollectionPersister -  One-shot delete: delete from TicketSeller_Ticket where TicketSeller_id=?
12:18:38.266 [main] DEBUG o.h.p.c.AbstractCollectionPersister - Static SQL for collection: Abstract.TicketSeller.passes
12:18:38.266 [main] DEBUG o.h.p.c.AbstractCollectionPersister -  Row insert: insert into TicketSeller_Ticket (TicketSeller_id, passes_id) values (?, ?)
12:18:38.266 [main] DEBUG o.h.p.c.AbstractCollectionPersister -  Row update: update TicketSeller_Ticket set passes_id=? where TicketSeller_id=? and passes_id=?
12:18:38.266 [main] DEBUG o.h.p.c.AbstractCollectionPersister -  Row delete: delete from TicketSeller_Ticket where TicketSeller_id=? and passes_id=?
12:18:38.266 [main] DEBUG o.h.p.c.AbstractCollectionPersister -  One-shot delete: delete from TicketSeller_Ticket where TicketSeller_id=?
12:18:38.266 [main] DEBUG o.h.p.c.AbstractCollectionPersister - Static SQL for collection: Classes.Shop.people
12:18:38.266 [main] DEBUG o.h.p.c.AbstractCollectionPersister -  Row insert: insert into TicketSeller_Person (Shop_id, people_id) values (?, ?)
12:18:38.266 [main] DEBUG o.h.p.c.AbstractCollectionPersister -  Row update: update TicketSeller_Person set people_id=? where Shop_id=? and people_id=?
12:18:38.266 [main] DEBUG o.h.p.c.AbstractCollectionPersister -  Row delete: delete from TicketSeller_Person where Shop_id=? and people_id=?
12:18:38.266 [main] DEBUG o.h.p.c.AbstractCollectionPersister -  One-shot delete: delete from TicketSeller_Person where Shop_id=?
12:18:38.267 [main] DEBUG o.h.p.entity.AbstractEntityPersister - Static SQL for entity: Abstract.TicketSeller
12:18:38.267 [main] DEBUG o.h.p.entity.AbstractEntityPersister -  Version select: select id from TicketSeller where id =?
12:18:38.268 [main] DEBUG o.h.p.entity.AbstractEntityPersister -  Snapshot select: select ticketsell_.id, ticketsell_.seller_name as seller_n3_3_ from TicketSeller ticketsell_ where ticketsell_.id=?
12:18:38.268 [main] DEBUG o.h.p.entity.AbstractEntityPersister -  Insert 0: insert into TicketSeller (seller_name, Elementi, id) values (?, 'TicketSeller', ?)
12:18:38.268 [main] DEBUG o.h.p.entity.AbstractEntityPersister -  Update 0: update TicketSeller set seller_name=? where id=?
12:18:38.268 [main] DEBUG o.h.p.entity.AbstractEntityPersister -  Delete 0: delete from TicketSeller where id=?
12:18:38.280 [main] DEBUG o.h.l.p.b.i.spaces.QuerySpacesImpl - Adding QuerySpace : uid = <gen:0> -> org.hibernate.loader.plan.build.internal.spaces.EntityQuerySpaceImpl@43b5021c]
12:18:38.281 [main] DEBUG o.h.p.w.spi.MetamodelGraphWalker - Visiting attribute path : name
12:18:38.281 [main] DEBUG o.h.p.w.spi.MetamodelGraphWalker - Visiting attribute path : passes
12:18:38.283 [main] DEBUG o.h.l.p.b.i.spaces.QuerySpacesImpl - Adding QuerySpace : uid = <gen:1> -> org.hibernate.loader.plan.build.internal.spaces.CollectionQuerySpaceImpl@69cd1085]
12:18:38.284 [main] DEBUG o.h.l.p.b.i.spaces.QuerySpacesImpl - Adding QuerySpace : uid = <gen:2> -> org.hibernate.loader.plan.build.internal.spaces.EntityQuerySpaceImpl@4ecd00b5]
12:18:38.284 [main] DEBUG o.h.p.w.spi.MetamodelGraphWalker - Visiting attribute path : tickets
12:18:38.284 [main] DEBUG o.h.l.p.b.i.spaces.QuerySpacesImpl - Adding QuerySpace : uid = <gen:3> -> org.hibernate.loader.plan.build.internal.spaces.CollectionQuerySpaceImpl@27df95e]
12:18:38.284 [main] DEBUG o.h.l.p.b.i.spaces.QuerySpacesImpl - Adding QuerySpace : uid = <gen:4> -> org.hibernate.loader.plan.build.internal.spaces.EntityQuerySpaceImpl@b46e103]
12:18:38.284 [main] DEBUG o.h.p.w.spi.MetamodelGraphWalker - Visiting attribute path : people
12:18:38.284 [main] DEBUG o.h.l.p.b.i.spaces.QuerySpacesImpl - Adding QuerySpace : uid = <gen:5> -> org.hibernate.loader.plan.build.internal.spaces.CollectionQuerySpaceImpl@2b0e9f30]
12:18:38.284 [main] DEBUG o.h.l.p.b.i.spaces.QuerySpacesImpl - Adding QuerySpace : uid = <gen:6> -> org.hibernate.loader.plan.build.internal.spaces.EntityQuerySpaceImpl@5eea5627]
12:18:38.284 [main] DEBUG o.h.p.w.spi.MetamodelGraphWalker - Visiting attribute path : isWorking
12:18:38.284 [main] DEBUG o.h.l.p.b.i.FetchStyleLoadPlanBuildingAssociationVisitationStrategy - Building LoadPlan...
12:18:38.290 [main] DEBUG o.h.l.p.e.i.LoadQueryJoinAndFetchProcessor - processing queryspace <gen:0>
12:18:38.292 [main] DEBUG o.h.l.p.b.spi.LoadPlanTreePrinter - LoadPlan(entity=Abstract.TicketSeller)
    - Returns
       - EntityReturnImpl(entity=Abstract.TicketSeller, querySpaceUid=<gen:0>, path=Abstract.TicketSeller)
          - CollectionAttributeFetchImpl(collection=Abstract.TicketSeller.passes, querySpaceUid=<gen:1>, path=Abstract.TicketSeller.passes)
             - (collection element) CollectionFetchableElementEntityGraph(entity=Classes.Pass, querySpaceUid=<gen:2>, path=Abstract.TicketSeller.passes.<elements>)
          - CollectionAttributeFetchImpl(collection=Abstract.TicketSeller.tickets, querySpaceUid=<gen:3>, path=Abstract.TicketSeller.tickets)
             - (collection element) CollectionFetchableElementEntityGraph(entity=Classes.Ticket, querySpaceUid=<gen:4>, path=Abstract.TicketSeller.tickets.<elements>)
          - CollectionAttributeFetchImpl(collection=Classes.Shop.people, querySpaceUid=<gen:5>, path=Abstract.TicketSeller.people)
             - (collection element) CollectionFetchableElementEntityGraph(entity=Classes.Person, querySpaceUid=<gen:6>, path=Abstract.TicketSeller.people.<elements>)
    - QuerySpaces
       - EntityQuerySpaceImpl(uid=<gen:0>, entity=Abstract.TicketSeller)
          - SQL table alias mapping - ticketsell0_
          - alias suffix - 0_
          - suffixed key columns - {id2_3_0_}

12:18:38.292 [main] DEBUG o.h.loader.entity.plan.EntityLoader - Static select for entity Abstract.TicketSeller [NONE]: select ticketsell0_.id as id2_3_0_, ticketsell0_.seller_name as seller_n3_3_0_, ticketsell0_.isWorking as isworkin4_3_0_, ticketsell0_.Elementi as elementi1_3_0_ from TicketSeller ticketsell0_ where ticketsell0_.id=?
12:18:38.293 [main] DEBUG o.h.p.entity.AbstractEntityPersister - Static SQL for entity: Classes.Card
12:18:38.293 [main] DEBUG o.h.p.entity.AbstractEntityPersister -  Version select: select id from Card where id =?
12:18:38.293 [main] DEBUG o.h.p.entity.AbstractEntityPersister -  Snapshot select: select card_.id, card_.emissionDate as emission2_0_, card_.expirationDate as expirati3_0_, card_.person_id as person_i4_0_ from Card card_ where card_.id=?
12:18:38.293 [main] DEBUG o.h.p.entity.AbstractEntityPersister -  Insert 0: insert into Card (emissionDate, expirationDate, person_id, id) values (?, ?, ?, ?)
12:18:38.293 [main] DEBUG o.h.p.entity.AbstractEntityPersister -  Update 0: update Card set emissionDate=?, expirationDate=?, person_id=? where id=?
12:18:38.293 [main] DEBUG o.h.p.entity.AbstractEntityPersister -  Delete 0: delete from Card where id=?
12:18:38.293 [main] DEBUG o.h.p.entity.AbstractEntityPersister -  Identity insert: insert into Card (emissionDate, expirationDate, person_id) values (?, ?, ?)
12:18:38.293 [main] DEBUG o.h.l.p.b.i.spaces.QuerySpacesImpl - Adding QuerySpace : uid = <gen:0> -> org.hibernate.loader.plan.build.internal.spaces.EntityQuerySpaceImpl@5f1483fd]
12:18:38.293 [main] DEBUG o.h.p.w.spi.MetamodelGraphWalker - Visiting attribute path : emissionDate
12:18:38.294 [main] DEBUG o.h.p.w.spi.MetamodelGraphWalker - Visiting attribute path : expirationDate
12:18:38.294 [main] DEBUG o.h.p.w.spi.MetamodelGraphWalker - Visiting attribute path : person
12:18:38.294 [main] DEBUG o.h.l.p.b.i.spaces.QuerySpacesImpl - Adding QuerySpace : uid = <gen:1> -> org.hibernate.loader.plan.build.internal.spaces.EntityQuerySpaceImpl@6e03db1f]
12:18:38.294 [main] DEBUG o.h.p.w.spi.MetamodelGraphWalker - Visiting attribute path : person.birthdate
12:18:38.294 [main] DEBUG o.h.p.w.spi.MetamodelGraphWalker - Visiting attribute path : person.cardNum
12:18:38.295 [main] DEBUG o.h.l.p.b.i.spaces.QuerySpacesImpl - Adding QuerySpace : uid = <gen:2> -> org.hibernate.loader.plan.build.internal.spaces.EntityQuerySpaceImpl@7c37f145]
12:18:38.295 [main] DEBUG o.h.p.w.spi.MetamodelGraphWalker - Visiting attribute path : person.cardNum.emissionDate
12:18:38.295 [main] DEBUG o.h.p.w.spi.MetamodelGraphWalker - Visiting attribute path : person.cardNum.expirationDate
12:18:38.295 [main] DEBUG o.h.p.w.spi.MetamodelGraphWalker - Visiting attribute path : person.cardNum.person
12:18:38.295 [main] DEBUG o.h.p.w.spi.MetamodelGraphWalker - Property path deemed to be circular : person.cardNum.person
12:18:38.295 [main] DEBUG o.h.p.w.spi.MetamodelGraphWalker - Visiting attribute path : person.firstName
12:18:38.295 [main] DEBUG o.h.p.w.spi.MetamodelGraphWalker - Visiting attribute path : person.lastName
12:18:38.295 [main] DEBUG o.h.l.p.b.i.FetchStyleLoadPlanBuildingAssociationVisitationStrategy - Building LoadPlan...
12:18:38.295 [main] DEBUG o.h.l.p.e.i.LoadQueryJoinAndFetchProcessor - processing queryspace <gen:0>
12:18:38.296 [main] DEBUG o.h.l.p.b.spi.LoadPlanTreePrinter - LoadPlan(entity=Classes.Card)
    - Returns
       - EntityReturnImpl(entity=Classes.Card, querySpaceUid=<gen:0>, path=Classes.Card)
          - EntityAttributeFetchImpl(entity=Classes.Person, querySpaceUid=<gen:1>, path=Classes.Card.person)
             - EntityAttributeFetchImpl(entity=Classes.Card, querySpaceUid=<gen:2>, path=Classes.Card.person.cardNum)
    - QuerySpaces
       - EntityQuerySpaceImpl(uid=<gen:0>, entity=Classes.Card)
          - SQL table alias mapping - card0_
          - alias suffix - 0_
          - suffixed key columns - {id1_0_0_}
          - JOIN (JoinDefinedByMetadata(person)) : <gen:0> -> <gen:1>
             - EntityQuerySpaceImpl(uid=<gen:1>, entity=Classes.Person)
                - SQL table alias mapping - person1_
                - alias suffix - 1_
                - suffixed key columns - {id1_1_1_}
                - JOIN (JoinDefinedByMetadata(cardNum)) : <gen:1> -> <gen:2>
                   - EntityQuerySpaceImpl(uid=<gen:2>, entity=Classes.Card)
                      - SQL table alias mapping - card2_
                      - alias suffix - 2_
                      - suffixed key columns - {id1_0_2_}

12:18:38.296 [main] DEBUG o.h.loader.entity.plan.EntityLoader - Static select for entity Classes.Card [NONE]: select card0_.id as id1_0_0_, card0_.emissionDate as emission2_0_0_, card0_.expirationDate as expirati3_0_0_, card0_.person_id as person_i4_0_0_, person1_.id as id1_1_1_, person1_.birthdate as birthdat2_1_1_, person1_.cardNum_id as cardnum_5_1_1_, person1_.firstName as firstnam3_1_1_, person1_.lastName as lastname4_1_1_, card2_.id as id1_0_2_, card2_.emissionDate as emission2_0_2_, card2_.expirationDate as expirati3_0_2_, card2_.person_id as person_i4_0_2_ from Card card0_ left outer join Person person1_ on card0_.person_id=person1_.id left outer join Card card2_ on person1_.cardNum_id=card2_.id where card0_.id=?
12:18:38.296 [main] DEBUG o.h.p.entity.AbstractEntityPersister - Static SQL for entity: Classes.Person
12:18:38.296 [main] DEBUG o.h.p.entity.AbstractEntityPersister -  Version select: select id from Person where id =?
12:18:38.296 [main] DEBUG o.h.p.entity.AbstractEntityPersister -  Snapshot select: select person_.id, person_.birthdate as birthdat2_1_, person_.cardNum_id as cardnum_5_1_, person_.firstName as firstnam3_1_, person_.lastName as lastname4_1_ from Person person_ where person_.id=?
12:18:38.296 [main] DEBUG o.h.p.entity.AbstractEntityPersister -  Insert 0: insert into Person (birthdate, cardNum_id, firstName, lastName, id) values (?, ?, ?, ?, ?)
12:18:38.296 [main] DEBUG o.h.p.entity.AbstractEntityPersister -  Update 0: update Person set birthdate=?, cardNum_id=?, firstName=?, lastName=? where id=?
12:18:38.296 [main] DEBUG o.h.p.entity.AbstractEntityPersister -  Delete 0: delete from Person where id=?
12:18:38.296 [main] DEBUG o.h.p.entity.AbstractEntityPersister -  Identity insert: insert into Person (birthdate, cardNum_id, firstName, lastName) values (?, ?, ?, ?)
12:18:38.296 [main] DEBUG o.h.l.p.b.i.spaces.QuerySpacesImpl - Adding QuerySpace : uid = <gen:0> -> org.hibernate.loader.plan.build.internal.spaces.EntityQuerySpaceImpl@7da34b26]
12:18:38.296 [main] DEBUG o.h.p.w.spi.MetamodelGraphWalker - Visiting attribute path : birthdate
12:18:38.296 [main] DEBUG o.h.p.w.spi.MetamodelGraphWalker - Visiting attribute path : cardNum
12:18:38.296 [main] DEBUG o.h.l.p.b.i.spaces.QuerySpacesImpl - Adding QuerySpace : uid = <gen:1> -> org.hibernate.loader.plan.build.internal.spaces.EntityQuerySpaceImpl@3b2553d9]
12:18:38.296 [main] DEBUG o.h.p.w.spi.MetamodelGraphWalker - Visiting attribute path : cardNum.emissionDate
12:18:38.296 [main] DEBUG o.h.p.w.spi.MetamodelGraphWalker - Visiting attribute path : cardNum.expirationDate
12:18:38.296 [main] DEBUG o.h.p.w.spi.MetamodelGraphWalker - Visiting attribute path : cardNum.person
12:18:38.296 [main] DEBUG o.h.l.p.b.i.spaces.QuerySpacesImpl - Adding QuerySpace : uid = <gen:2> -> org.hibernate.loader.plan.build.internal.spaces.EntityQuerySpaceImpl@12a2585b]
12:18:38.296 [main] DEBUG o.h.p.w.spi.MetamodelGraphWalker - Visiting attribute path : cardNum.person.birthdate
12:18:38.296 [main] DEBUG o.h.p.w.spi.MetamodelGraphWalker - Visiting attribute path : cardNum.person.cardNum
12:18:38.296 [main] DEBUG o.h.p.w.spi.MetamodelGraphWalker - Property path deemed to be circular : cardNum.person.cardNum
12:18:38.296 [main] DEBUG o.h.p.w.spi.MetamodelGraphWalker - Visiting attribute path : cardNum.person.firstName
12:18:38.296 [main] DEBUG o.h.p.w.spi.MetamodelGraphWalker - Visiting attribute path : cardNum.person.lastName
12:18:38.296 [main] DEBUG o.h.p.w.spi.MetamodelGraphWalker - Visiting attribute path : firstName
12:18:38.296 [main] DEBUG o.h.p.w.spi.MetamodelGraphWalker - Visiting attribute path : lastName
12:18:38.296 [main] DEBUG o.h.l.p.b.i.FetchStyleLoadPlanBuildingAssociationVisitationStrategy - Building LoadPlan...
12:18:38.297 [main] DEBUG o.h.l.p.e.i.LoadQueryJoinAndFetchProcessor - processing queryspace <gen:0>
12:18:38.297 [main] DEBUG o.h.l.p.b.spi.LoadPlanTreePrinter - LoadPlan(entity=Classes.Person)
    - Returns
       - EntityReturnImpl(entity=Classes.Person, querySpaceUid=<gen:0>, path=Classes.Person)
          - EntityAttributeFetchImpl(entity=Classes.Card, querySpaceUid=<gen:1>, path=Classes.Person.cardNum)
             - EntityAttributeFetchImpl(entity=Classes.Person, querySpaceUid=<gen:2>, path=Classes.Person.cardNum.person)
    - QuerySpaces
       - EntityQuerySpaceImpl(uid=<gen:0>, entity=Classes.Person)
          - SQL table alias mapping - person0_
          - alias suffix - 0_
          - suffixed key columns - {id1_1_0_}
          - JOIN (JoinDefinedByMetadata(cardNum)) : <gen:0> -> <gen:1>
             - EntityQuerySpaceImpl(uid=<gen:1>, entity=Classes.Card)
                - SQL table alias mapping - card1_
                - alias suffix - 1_
                - suffixed key columns - {id1_0_1_}
                - JOIN (JoinDefinedByMetadata(person)) : <gen:1> -> <gen:2>
                   - EntityQuerySpaceImpl(uid=<gen:2>, entity=Classes.Person)
                      - SQL table alias mapping - person2_
                      - alias suffix - 2_
                      - suffixed key columns - {id1_1_2_}

12:18:38.297 [main] DEBUG o.h.loader.entity.plan.EntityLoader - Static select for entity Classes.Person [NONE]: select person0_.id as id1_1_0_, person0_.birthdate as birthdat2_1_0_, person0_.cardNum_id as cardnum_5_1_0_, person0_.firstName as firstnam3_1_0_, person0_.lastName as lastname4_1_0_, card1_.id as id1_0_1_, card1_.emissionDate as emission2_0_1_, card1_.expirationDate as expirati3_0_1_, card1_.person_id as person_i4_0_1_, person2_.id as id1_1_2_, person2_.birthdate as birthdat2_1_2_, person2_.cardNum_id as cardnum_5_1_2_, person2_.firstName as firstnam3_1_2_, person2_.lastName as lastname4_1_2_ from Person person0_ left outer join Card card1_ on person0_.cardNum_id=card1_.id left outer join Person person2_ on card1_.person_id=person2_.id where person0_.id=?
12:18:38.297 [main] DEBUG o.h.p.entity.AbstractEntityPersister - Static SQL for entity: Classes.Pass
12:18:38.297 [main] DEBUG o.h.p.entity.AbstractEntityPersister -  Version select: select id from Ticket where id =?
12:18:38.297 [main] DEBUG o.h.p.entity.AbstractEntityPersister -  Snapshot select: select pass_.id, pass_.seller_id as seller_i4_2_, pass_.person_id as person_i5_2_, pass_.sellers_id as sellers_6_2_, pass_.validity as validity3_2_ from Ticket pass_ where pass_.id=?
12:18:38.297 [main] DEBUG o.h.p.entity.AbstractEntityPersister -  Insert 0: insert into Ticket (seller_id, person_id, sellers_id, validity, DTYPE, id) values (?, ?, ?, ?, 'Pass', ?)
12:18:38.297 [main] DEBUG o.h.p.entity.AbstractEntityPersister -  Update 0: update Ticket set seller_id=?, person_id=?, sellers_id=?, validity=? where id=?
12:18:38.297 [main] DEBUG o.h.p.entity.AbstractEntityPersister -  Delete 0: delete from Ticket where id=?
12:18:38.297 [main] DEBUG o.h.p.entity.AbstractEntityPersister -  Identity insert: insert into Ticket (seller_id, person_id, sellers_id, validity, DTYPE) values (?, ?, ?, ?, 'Pass')
12:18:38.297 [main] DEBUG o.h.l.p.b.i.spaces.QuerySpacesImpl - Adding QuerySpace : uid = <gen:0> -> org.hibernate.loader.plan.build.internal.spaces.EntityQuerySpaceImpl@309cedb6]
12:18:38.297 [main] DEBUG o.h.p.w.spi.MetamodelGraphWalker - Visiting attribute path : seller
12:18:38.297 [main] DEBUG o.h.l.p.b.i.spaces.QuerySpacesImpl - Adding QuerySpace : uid = <gen:1> -> org.hibernate.loader.plan.build.internal.spaces.EntityQuerySpaceImpl@3bf54172]
12:18:38.297 [main] DEBUG o.h.p.w.spi.MetamodelGraphWalker - Visiting attribute path : seller.name
12:18:38.297 [main] DEBUG o.h.p.w.spi.MetamodelGraphWalker - Visiting attribute path : seller.passes
12:18:38.297 [main] DEBUG o.h.l.p.b.i.spaces.QuerySpacesImpl - Adding QuerySpace : uid = <gen:2> -> org.hibernate.loader.plan.build.internal.spaces.CollectionQuerySpaceImpl@7b3cde6f]
12:18:38.297 [main] DEBUG o.h.l.p.b.i.spaces.QuerySpacesImpl - Adding QuerySpace : uid = <gen:3> -> org.hibernate.loader.plan.build.internal.spaces.EntityQuerySpaceImpl@6d091cad]
12:18:38.297 [main] DEBUG o.h.p.w.spi.MetamodelGraphWalker - Visiting attribute path : seller.tickets
12:18:38.297 [main] DEBUG o.h.l.p.b.i.spaces.QuerySpacesImpl - Adding QuerySpace : uid = <gen:4> -> org.hibernate.loader.plan.build.internal.spaces.CollectionQuerySpaceImpl@7c663eaf]
12:18:38.297 [main] DEBUG o.h.l.p.b.i.spaces.QuerySpacesImpl - Adding QuerySpace : uid = <gen:5> -> org.hibernate.loader.plan.build.internal.spaces.EntityQuerySpaceImpl@3bb5ceb]
12:18:38.297 [main] DEBUG o.h.p.w.spi.MetamodelGraphWalker - Visiting attribute path : seller.people
12:18:38.297 [main] DEBUG o.h.l.p.b.i.spaces.QuerySpacesImpl - Adding QuerySpace : uid = <gen:6> -> org.hibernate.loader.plan.build.internal.spaces.CollectionQuerySpaceImpl@1e692555]
12:18:38.297 [main] DEBUG o.h.l.p.b.i.spaces.QuerySpacesImpl - Adding QuerySpace : uid = <gen:7> -> org.hibernate.loader.plan.build.internal.spaces.EntityQuerySpaceImpl@3ba0ae41]
12:18:38.297 [main] DEBUG o.h.p.w.spi.MetamodelGraphWalker - Visiting attribute path : seller.isWorking
12:18:38.297 [main] DEBUG o.h.p.w.spi.MetamodelGraphWalker - Visiting attribute path : person
12:18:38.298 [main] DEBUG o.h.l.p.b.i.spaces.QuerySpacesImpl - Adding QuerySpace : uid = <gen:8> -> org.hibernate.loader.plan.build.internal.spaces.EntityQuerySpaceImpl@76fe6cdc]
12:18:38.298 [main] DEBUG o.h.p.w.spi.MetamodelGraphWalker - Visiting attribute path : person.birthdate
12:18:38.298 [main] DEBUG o.h.p.w.spi.MetamodelGraphWalker - Visiting attribute path : person.cardNum
12:18:38.298 [main] DEBUG o.h.l.p.b.i.spaces.QuerySpacesImpl - Adding QuerySpace : uid = <gen:9> -> org.hibernate.loader.plan.build.internal.spaces.EntityQuerySpaceImpl@786ff1cb]
12:18:38.298 [main] DEBUG o.h.p.w.spi.MetamodelGraphWalker - Visiting attribute path : person.cardNum.emissionDate
12:18:38.298 [main] DEBUG o.h.p.w.spi.MetamodelGraphWalker - Visiting attribute path : person.cardNum.expirationDate
12:18:38.298 [main] DEBUG o.h.p.w.spi.MetamodelGraphWalker - Visiting attribute path : person.cardNum.person
12:18:38.298 [main] DEBUG o.h.l.p.b.i.spaces.QuerySpacesImpl - Adding QuerySpace : uid = <gen:10> -> org.hibernate.loader.plan.build.internal.spaces.EntityQuerySpaceImpl@431e86b1]
12:18:38.298 [main] DEBUG o.h.p.w.spi.MetamodelGraphWalker - Visiting attribute path : person.cardNum.person.birthdate
12:18:38.298 [main] DEBUG o.h.p.w.spi.MetamodelGraphWalker - Visiting attribute path : person.cardNum.person.cardNum
12:18:38.298 [main] DEBUG o.h.p.w.spi.MetamodelGraphWalker - Property path deemed to be circular : person.cardNum.person.cardNum
12:18:38.298 [main] DEBUG o.h.p.w.spi.MetamodelGraphWalker - Visiting attribute path : person.cardNum.person.firstName
12:18:38.298 [main] DEBUG o.h.p.w.spi.MetamodelGraphWalker - Visiting attribute path : person.cardNum.person.lastName
12:18:38.298 [main] DEBUG o.h.p.w.spi.MetamodelGraphWalker - Visiting attribute path : person.firstName
12:18:38.298 [main] DEBUG o.h.p.w.spi.MetamodelGraphWalker - Visiting attribute path : person.lastName
12:18:38.298 [main] DEBUG o.h.p.w.spi.MetamodelGraphWalker - Visiting attribute path : sellers
12:18:38.298 [main] DEBUG o.h.l.p.b.i.spaces.QuerySpacesImpl - Adding QuerySpace : uid = <gen:11> -> org.hibernate.loader.plan.build.internal.spaces.EntityQuerySpaceImpl@32a2a6be]
12:18:38.298 [main] DEBUG o.h.p.w.spi.MetamodelGraphWalker - Visiting attribute path : sellers.name
12:18:38.298 [main] DEBUG o.h.p.w.spi.MetamodelGraphWalker - Visiting attribute path : sellers.passes
12:18:38.298 [main] DEBUG o.h.l.p.b.i.spaces.QuerySpacesImpl - Adding QuerySpace : uid = <gen:12> -> org.hibernate.loader.plan.build.internal.spaces.CollectionQuerySpaceImpl@5f36c8e3]
12:18:38.298 [main] DEBUG o.h.l.p.b.i.spaces.QuerySpacesImpl - Adding QuerySpace : uid = <gen:13> -> org.hibernate.loader.plan.build.internal.spaces.EntityQuerySpaceImpl@4da39ca9]
12:18:38.298 [main] DEBUG o.h.p.w.spi.MetamodelGraphWalker - Visiting attribute path : sellers.tickets
12:18:38.298 [main] DEBUG o.h.l.p.b.i.spaces.QuerySpacesImpl - Adding QuerySpace : uid = <gen:14> -> org.hibernate.loader.plan.build.internal.spaces.CollectionQuerySpaceImpl@6a9344f5]
12:18:38.298 [main] DEBUG o.h.l.p.b.i.spaces.QuerySpacesImpl - Adding QuerySpace : uid = <gen:15> -> org.hibernate.loader.plan.build.internal.spaces.EntityQuerySpaceImpl@5584d9c6]
12:18:38.298 [main] DEBUG o.h.p.w.spi.MetamodelGraphWalker - Visiting attribute path : sellers.people
12:18:38.298 [main] DEBUG o.h.l.p.b.i.spaces.QuerySpacesImpl - Adding QuerySpace : uid = <gen:16> -> org.hibernate.loader.plan.build.internal.spaces.CollectionQuerySpaceImpl@3c9c6245]
12:18:38.298 [main] DEBUG o.h.l.p.b.i.spaces.QuerySpacesImpl - Adding QuerySpace : uid = <gen:17> -> org.hibernate.loader.plan.build.internal.spaces.EntityQuerySpaceImpl@6d0be7ab]
12:18:38.298 [main] DEBUG o.h.p.w.spi.MetamodelGraphWalker - Visiting attribute path : sellers.isWorking
12:18:38.298 [main] DEBUG o.h.p.w.spi.MetamodelGraphWalker - Visiting attribute path : validity
12:18:38.298 [main] DEBUG o.h.l.p.b.i.FetchStyleLoadPlanBuildingAssociationVisitationStrategy - Building LoadPlan...
12:18:38.299 [main] DEBUG o.h.l.p.e.i.LoadQueryJoinAndFetchProcessor - processing queryspace <gen:0>
12:18:38.299 [main] DEBUG o.h.l.p.b.spi.LoadPlanTreePrinter - LoadPlan(entity=Classes.Pass)
    - Returns
       - EntityReturnImpl(entity=Classes.Pass, querySpaceUid=<gen:0>, path=Classes.Pass)
          - EntityAttributeFetchImpl(entity=Abstract.TicketSeller, querySpaceUid=<gen:1>, path=Classes.Pass.seller)
             - CollectionAttributeFetchImpl(collection=Abstract.TicketSeller.passes, querySpaceUid=<gen:2>, path=Classes.Pass.seller.passes)
                - (collection element) CollectionFetchableElementEntityGraph(entity=Classes.Pass, querySpaceUid=<gen:3>, path=Classes.Pass.seller.passes.<elements>)
             - CollectionAttributeFetchImpl(collection=Abstract.TicketSeller.tickets, querySpaceUid=<gen:4>, path=Classes.Pass.seller.tickets)
                - (collection element) CollectionFetchableElementEntityGraph(entity=Classes.Ticket, querySpaceUid=<gen:5>, path=Classes.Pass.seller.tickets.<elements>)
             - CollectionAttributeFetchImpl(collection=Classes.Shop.people, querySpaceUid=<gen:6>, path=Classes.Pass.seller.people)
                - (collection element) CollectionFetchableElementEntityGraph(entity=Classes.Person, querySpaceUid=<gen:7>, path=Classes.Pass.seller.people.<elements>)
          - EntityAttributeFetchImpl(entity=Classes.Person, querySpaceUid=<gen:8>, path=Classes.Pass.person)
             - EntityAttributeFetchImpl(entity=Classes.Card, querySpaceUid=<gen:9>, path=Classes.Pass.person.cardNum)
                - EntityAttributeFetchImpl(entity=Classes.Person, querySpaceUid=<gen:10>, path=Classes.Pass.person.cardNum.person)
          - EntityAttributeFetchImpl(entity=Abstract.TicketSeller, querySpaceUid=<gen:11>, path=Classes.Pass.sellers)
             - CollectionAttributeFetchImpl(collection=Abstract.TicketSeller.passes, querySpaceUid=<gen:12>, path=Classes.Pass.sellers.passes)
                - (collection element) CollectionFetchableElementEntityGraph(entity=Classes.Pass, querySpaceUid=<gen:13>, path=Classes.Pass.sellers.passes.<elements>)
             - CollectionAttributeFetchImpl(collection=Abstract.TicketSeller.tickets, querySpaceUid=<gen:14>, path=Classes.Pass.sellers.tickets)
                - (collection element) CollectionFetchableElementEntityGraph(entity=Classes.Ticket, querySpaceUid=<gen:15>, path=Classes.Pass.sellers.tickets.<elements>)
             - CollectionAttributeFetchImpl(collection=Classes.Shop.people, querySpaceUid=<gen:16>, path=Classes.Pass.sellers.people)
                - (collection element) CollectionFetchableElementEntityGraph(entity=Classes.Person, querySpaceUid=<gen:17>, path=Classes.Pass.sellers.people.<elements>)
    - QuerySpaces
       - EntityQuerySpaceImpl(uid=<gen:0>, entity=Classes.Pass)
          - SQL table alias mapping - pass0_
          - alias suffix - 0_
          - suffixed key columns - {id2_2_0_}
          - JOIN (JoinDefinedByMetadata(seller)) : <gen:0> -> <gen:1>
             - EntityQuerySpaceImpl(uid=<gen:1>, entity=Abstract.TicketSeller)
                - SQL table alias mapping - ticketsell1_
                - alias suffix - 1_
                - suffixed key columns - {id2_3_1_}
          - JOIN (JoinDefinedByMetadata(person)) : <gen:0> -> <gen:8>
             - EntityQuerySpaceImpl(uid=<gen:8>, entity=Classes.Person)
                - SQL table alias mapping - person2_
                - alias suffix - 2_
                - suffixed key columns - {id1_1_2_}
                - JOIN (JoinDefinedByMetadata(cardNum)) : <gen:8> -> <gen:9>
                   - EntityQuerySpaceImpl(uid=<gen:9>, entity=Classes.Card)
                      - SQL table alias mapping - card3_
                      - alias suffix - 3_
                      - suffixed key columns - {id1_0_3_}
                      - JOIN (JoinDefinedByMetadata(person)) : <gen:9> -> <gen:10>
                         - EntityQuerySpaceImpl(uid=<gen:10>, entity=Classes.Person)
                            - SQL table alias mapping - person4_
                            - alias suffix - 4_
                            - suffixed key columns - {id1_1_4_}
          - JOIN (JoinDefinedByMetadata(sellers)) : <gen:0> -> <gen:11>
             - EntityQuerySpaceImpl(uid=<gen:11>, entity=Abstract.TicketSeller)
                - SQL table alias mapping - ticketsell5_
                - alias suffix - 5_
                - suffixed key columns - {id2_3_5_}

12:18:38.299 [main] DEBUG o.h.loader.entity.plan.EntityLoader - Static select for entity Classes.Pass [NONE]: select pass0_.id as id2_2_0_, pass0_.seller_id as seller_i4_2_0_, pass0_.person_id as person_i5_2_0_, pass0_.sellers_id as sellers_6_2_0_, pass0_.validity as validity3_2_0_, ticketsell1_.id as id2_3_1_, ticketsell1_.seller_name as seller_n3_3_1_, ticketsell1_.isWorking as isworkin4_3_1_, ticketsell1_.Elementi as elementi1_3_1_, person2_.id as id1_1_2_, person2_.birthdate as birthdat2_1_2_, person2_.cardNum_id as cardnum_5_1_2_, person2_.firstName as firstnam3_1_2_, person2_.lastName as lastname4_1_2_, card3_.id as id1_0_3_, card3_.emissionDate as emission2_0_3_, card3_.expirationDate as expirati3_0_3_, card3_.person_id as person_i4_0_3_, person4_.id as id1_1_4_, person4_.birthdate as birthdat2_1_4_, person4_.cardNum_id as cardnum_5_1_4_, person4_.firstName as firstnam3_1_4_, person4_.lastName as lastname4_1_4_, ticketsell5_.id as id2_3_5_, ticketsell5_.seller_name as seller_n3_3_5_, ticketsell5_.isWorking as isworkin4_3_5_, ticketsell5_.Elementi as elementi1_3_5_ from Ticket pass0_ left outer join TicketSeller ticketsell1_ on pass0_.seller_id=ticketsell1_.id left outer join Person person2_ on pass0_.person_id=person2_.id left outer join Card card3_ on person2_.cardNum_id=card3_.id left outer join Person person4_ on card3_.person_id=person4_.id left outer join TicketSeller ticketsell5_ on pass0_.sellers_id=ticketsell5_.id where pass0_.id=? and pass0_.DTYPE='Pass'
12:18:38.299 [main] DEBUG o.h.p.entity.AbstractEntityPersister - Static SQL for entity: Classes.Shop
12:18:38.299 [main] DEBUG o.h.p.entity.AbstractEntityPersister -  Version select: select id from TicketSeller where id =?
12:18:38.299 [main] DEBUG o.h.p.entity.AbstractEntityPersister -  Snapshot select: select shop_.id, shop_.seller_name as seller_n3_3_ from TicketSeller shop_ where shop_.id=?
12:18:38.299 [main] DEBUG o.h.p.entity.AbstractEntityPersister -  Insert 0: insert into TicketSeller (seller_name, Elementi, id) values (?, 'shop', ?)
12:18:38.299 [main] DEBUG o.h.p.entity.AbstractEntityPersister -  Update 0: update TicketSeller set seller_name=? where id=?
12:18:38.299 [main] DEBUG o.h.p.entity.AbstractEntityPersister -  Delete 0: delete from TicketSeller where id=?
12:18:38.299 [main] DEBUG o.h.l.p.b.i.spaces.QuerySpacesImpl - Adding QuerySpace : uid = <gen:0> -> org.hibernate.loader.plan.build.internal.spaces.EntityQuerySpaceImpl@1d4fb213]
12:18:38.299 [main] DEBUG o.h.p.w.spi.MetamodelGraphWalker - Visiting attribute path : name
12:18:38.299 [main] DEBUG o.h.p.w.spi.MetamodelGraphWalker - Visiting attribute path : passes
12:18:38.299 [main] DEBUG o.h.l.p.b.i.spaces.QuerySpacesImpl - Adding QuerySpace : uid = <gen:1> -> org.hibernate.loader.plan.build.internal.spaces.CollectionQuerySpaceImpl@3127cb44]
12:18:38.300 [main] DEBUG o.h.l.p.b.i.spaces.QuerySpacesImpl - Adding QuerySpace : uid = <gen:2> -> org.hibernate.loader.plan.build.internal.spaces.EntityQuerySpaceImpl@3234474]
12:18:38.300 [main] DEBUG o.h.p.w.spi.MetamodelGraphWalker - Visiting attribute path : tickets
12:18:38.300 [main] DEBUG o.h.l.p.b.i.spaces.QuerySpacesImpl - Adding QuerySpace : uid = <gen:3> -> org.hibernate.loader.plan.build.internal.spaces.CollectionQuerySpaceImpl@631cb129]
12:18:38.300 [main] DEBUG o.h.l.p.b.i.spaces.QuerySpacesImpl - Adding QuerySpace : uid = <gen:4> -> org.hibernate.loader.plan.build.internal.spaces.EntityQuerySpaceImpl@3d20e575]
12:18:38.300 [main] DEBUG o.h.p.w.spi.MetamodelGraphWalker - Visiting attribute path : people
12:18:38.300 [main] DEBUG o.h.l.p.b.i.spaces.QuerySpacesImpl - Adding QuerySpace : uid = <gen:5> -> org.hibernate.loader.plan.build.internal.spaces.CollectionQuerySpaceImpl@3252747e]
12:18:38.300 [main] DEBUG o.h.l.p.b.i.spaces.QuerySpacesImpl - Adding QuerySpace : uid = <gen:6> -> org.hibernate.loader.plan.build.internal.spaces.EntityQuerySpaceImpl@2b4b96a4]
12:18:38.300 [main] DEBUG o.h.l.p.b.i.FetchStyleLoadPlanBuildingAssociationVisitationStrategy - Building LoadPlan...
12:18:38.300 [main] DEBUG o.h.l.p.e.i.LoadQueryJoinAndFetchProcessor - processing queryspace <gen:0>
12:18:38.300 [main] DEBUG o.h.l.p.b.spi.LoadPlanTreePrinter - LoadPlan(entity=Classes.Shop)
    - Returns
       - EntityReturnImpl(entity=Classes.Shop, querySpaceUid=<gen:0>, path=Classes.Shop)
          - CollectionAttributeFetchImpl(collection=Abstract.TicketSeller.passes, querySpaceUid=<gen:1>, path=Classes.Shop.passes)
             - (collection element) CollectionFetchableElementEntityGraph(entity=Classes.Pass, querySpaceUid=<gen:2>, path=Classes.Shop.passes.<elements>)
          - CollectionAttributeFetchImpl(collection=Abstract.TicketSeller.tickets, querySpaceUid=<gen:3>, path=Classes.Shop.tickets)
             - (collection element) CollectionFetchableElementEntityGraph(entity=Classes.Ticket, querySpaceUid=<gen:4>, path=Classes.Shop.tickets.<elements>)
          - CollectionAttributeFetchImpl(collection=Classes.Shop.people, querySpaceUid=<gen:5>, path=Classes.Shop.people)
             - (collection element) CollectionFetchableElementEntityGraph(entity=Classes.Person, querySpaceUid=<gen:6>, path=Classes.Shop.people.<elements>)
    - QuerySpaces
       - EntityQuerySpaceImpl(uid=<gen:0>, entity=Classes.Shop)
          - SQL table alias mapping - shop0_
          - alias suffix - 0_
          - suffixed key columns - {id2_3_0_}

12:18:38.300 [main] DEBUG o.h.loader.entity.plan.EntityLoader - Static select for entity Classes.Shop [NONE]: select shop0_.id as id2_3_0_, shop0_.seller_name as seller_n3_3_0_ from TicketSeller shop0_ where shop0_.id=? and shop0_.Elementi='shop'
12:18:38.300 [main] DEBUG o.h.p.entity.AbstractEntityPersister - Static SQL for entity: Classes.Ticket
12:18:38.300 [main] DEBUG o.h.p.entity.AbstractEntityPersister -  Version select: select id from Ticket where id =?
12:18:38.300 [main] DEBUG o.h.p.entity.AbstractEntityPersister -  Snapshot select: select ticket_.id, ticket_.seller_id as seller_i4_2_ from Ticket ticket_ where ticket_.id=?
12:18:38.300 [main] DEBUG o.h.p.entity.AbstractEntityPersister -  Insert 0: insert into Ticket (seller_id, DTYPE, id) values (?, 'Ticket', ?)
12:18:38.300 [main] DEBUG o.h.p.entity.AbstractEntityPersister -  Update 0: update Ticket set seller_id=? where id=?
12:18:38.300 [main] DEBUG o.h.p.entity.AbstractEntityPersister -  Delete 0: delete from Ticket where id=?
12:18:38.300 [main] DEBUG o.h.p.entity.AbstractEntityPersister -  Identity insert: insert into Ticket (seller_id, DTYPE) values (?, 'Ticket')
12:18:38.300 [main] DEBUG o.h.l.p.b.i.spaces.QuerySpacesImpl - Adding QuerySpace : uid = <gen:0> -> org.hibernate.loader.plan.build.internal.spaces.EntityQuerySpaceImpl@2dd8ff1d]
12:18:38.300 [main] DEBUG o.h.p.w.spi.MetamodelGraphWalker - Visiting attribute path : seller
12:18:38.300 [main] DEBUG o.h.l.p.b.i.spaces.QuerySpacesImpl - Adding QuerySpace : uid = <gen:1> -> org.hibernate.loader.plan.build.internal.spaces.EntityQuerySpaceImpl@36b9cb99]
12:18:38.300 [main] DEBUG o.h.p.w.spi.MetamodelGraphWalker - Visiting attribute path : seller.name
12:18:38.300 [main] DEBUG o.h.p.w.spi.MetamodelGraphWalker - Visiting attribute path : seller.passes
12:18:38.300 [main] DEBUG o.h.l.p.b.i.spaces.QuerySpacesImpl - Adding QuerySpace : uid = <gen:2> -> org.hibernate.loader.plan.build.internal.spaces.CollectionQuerySpaceImpl@2bfaba70]
12:18:38.300 [main] DEBUG o.h.l.p.b.i.spaces.QuerySpacesImpl - Adding QuerySpace : uid = <gen:3> -> org.hibernate.loader.plan.build.internal.spaces.EntityQuerySpaceImpl@71adfedd]
12:18:38.300 [main] DEBUG o.h.p.w.spi.MetamodelGraphWalker - Visiting attribute path : seller.tickets
12:18:38.300 [main] DEBUG o.h.l.p.b.i.spaces.QuerySpacesImpl - Adding QuerySpace : uid = <gen:4> -> org.hibernate.loader.plan.build.internal.spaces.CollectionQuerySpaceImpl@9301672]
12:18:38.300 [main] DEBUG o.h.l.p.b.i.spaces.QuerySpacesImpl - Adding QuerySpace : uid = <gen:5> -> org.hibernate.loader.plan.build.internal.spaces.EntityQuerySpaceImpl@4ceff87d]
12:18:38.300 [main] DEBUG o.h.p.w.spi.MetamodelGraphWalker - Visiting attribute path : seller.people
12:18:38.300 [main] DEBUG o.h.l.p.b.i.spaces.QuerySpacesImpl - Adding QuerySpace : uid = <gen:6> -> org.hibernate.loader.plan.build.internal.spaces.CollectionQuerySpaceImpl@3238e2aa]
12:18:38.300 [main] DEBUG o.h.l.p.b.i.spaces.QuerySpacesImpl - Adding QuerySpace : uid = <gen:7> -> org.hibernate.loader.plan.build.internal.spaces.EntityQuerySpaceImpl@2c7db926]
12:18:38.301 [main] DEBUG o.h.p.w.spi.MetamodelGraphWalker - Visiting attribute path : seller.isWorking
12:18:38.301 [main] DEBUG o.h.p.w.spi.MetamodelGraphWalker - Visiting attribute path : person
12:18:38.301 [main] DEBUG o.h.l.p.b.i.spaces.QuerySpacesImpl - Adding QuerySpace : uid = <gen:8> -> org.hibernate.loader.plan.build.internal.spaces.EntityQuerySpaceImpl@2577a95d]
12:18:38.301 [main] DEBUG o.h.p.w.spi.MetamodelGraphWalker - Visiting attribute path : person.birthdate
12:18:38.301 [main] DEBUG o.h.p.w.spi.MetamodelGraphWalker - Visiting attribute path : person.cardNum
12:18:38.301 [main] DEBUG o.h.l.p.b.i.spaces.QuerySpacesImpl - Adding QuerySpace : uid = <gen:9> -> org.hibernate.loader.plan.build.internal.spaces.EntityQuerySpaceImpl@63300c4b]
12:18:38.301 [main] DEBUG o.h.p.w.spi.MetamodelGraphWalker - Visiting attribute path : person.cardNum.emissionDate
12:18:38.301 [main] DEBUG o.h.p.w.spi.MetamodelGraphWalker - Visiting attribute path : person.cardNum.expirationDate
12:18:38.301 [main] DEBUG o.h.p.w.spi.MetamodelGraphWalker - Visiting attribute path : person.cardNum.person
12:18:38.301 [main] DEBUG o.h.l.p.b.i.spaces.QuerySpacesImpl - Adding QuerySpace : uid = <gen:10> -> org.hibernate.loader.plan.build.internal.spaces.EntityQuerySpaceImpl@3a6045c6]
12:18:38.301 [main] DEBUG o.h.p.w.spi.MetamodelGraphWalker - Visiting attribute path : person.cardNum.person.birthdate
12:18:38.301 [main] DEBUG o.h.p.w.spi.MetamodelGraphWalker - Visiting attribute path : person.cardNum.person.cardNum
12:18:38.301 [main] DEBUG o.h.p.w.spi.MetamodelGraphWalker - Property path deemed to be circular : person.cardNum.person.cardNum
12:18:38.301 [main] DEBUG o.h.p.w.spi.MetamodelGraphWalker - Visiting attribute path : person.cardNum.person.firstName
12:18:38.301 [main] DEBUG o.h.p.w.spi.MetamodelGraphWalker - Visiting attribute path : person.cardNum.person.lastName
12:18:38.301 [main] DEBUG o.h.p.w.spi.MetamodelGraphWalker - Visiting attribute path : person.firstName
12:18:38.301 [main] DEBUG o.h.p.w.spi.MetamodelGraphWalker - Visiting attribute path : person.lastName
12:18:38.301 [main] DEBUG o.h.p.w.spi.MetamodelGraphWalker - Visiting attribute path : sellers
12:18:38.301 [main] DEBUG o.h.l.p.b.i.spaces.QuerySpacesImpl - Adding QuerySpace : uid = <gen:11> -> org.hibernate.loader.plan.build.internal.spaces.EntityQuerySpaceImpl@b67cc70]
12:18:38.301 [main] DEBUG o.h.p.w.spi.MetamodelGraphWalker - Visiting attribute path : sellers.name
12:18:38.301 [main] DEBUG o.h.p.w.spi.MetamodelGraphWalker - Visiting attribute path : sellers.passes
12:18:38.301 [main] DEBUG o.h.l.p.b.i.spaces.QuerySpacesImpl - Adding QuerySpace : uid = <gen:12> -> org.hibernate.loader.plan.build.internal.spaces.CollectionQuerySpaceImpl@38b3f208]
12:18:38.301 [main] DEBUG o.h.l.p.b.i.spaces.QuerySpacesImpl - Adding QuerySpace : uid = <gen:13> -> org.hibernate.loader.plan.build.internal.spaces.EntityQuerySpaceImpl@6680f714]
12:18:38.301 [main] DEBUG o.h.p.w.spi.MetamodelGraphWalker - Visiting attribute path : sellers.tickets
12:18:38.301 [main] DEBUG o.h.l.p.b.i.spaces.QuerySpacesImpl - Adding QuerySpace : uid = <gen:14> -> org.hibernate.loader.plan.build.internal.spaces.CollectionQuerySpaceImpl@53b1a3f8]
12:18:38.301 [main] DEBUG o.h.l.p.b.i.spaces.QuerySpacesImpl - Adding QuerySpace : uid = <gen:15> -> org.hibernate.loader.plan.build.internal.spaces.EntityQuerySpaceImpl@7d97e06c]
12:18:38.301 [main] DEBUG o.h.p.w.spi.MetamodelGraphWalker - Visiting attribute path : sellers.people
12:18:38.301 [main] DEBUG o.h.l.p.b.i.spaces.QuerySpacesImpl - Adding QuerySpace : uid = <gen:16> -> org.hibernate.loader.plan.build.internal.spaces.CollectionQuerySpaceImpl@5a936e64]
12:18:38.301 [main] DEBUG o.h.l.p.b.i.spaces.QuerySpacesImpl - Adding QuerySpace : uid = <gen:17> -> org.hibernate.loader.plan.build.internal.spaces.EntityQuerySpaceImpl@3b4a1a75]
12:18:38.301 [main] DEBUG o.h.p.w.spi.MetamodelGraphWalker - Visiting attribute path : sellers.isWorking
12:18:38.301 [main] DEBUG o.h.p.w.spi.MetamodelGraphWalker - Visiting attribute path : validity
12:18:38.301 [main] DEBUG o.h.l.p.b.i.FetchStyleLoadPlanBuildingAssociationVisitationStrategy - Building LoadPlan...
12:18:38.301 [main] DEBUG o.h.l.p.e.i.LoadQueryJoinAndFetchProcessor - processing queryspace <gen:0>
12:18:38.302 [main] DEBUG o.h.l.p.b.spi.LoadPlanTreePrinter - LoadPlan(entity=Classes.Ticket)
    - Returns
       - EntityReturnImpl(entity=Classes.Ticket, querySpaceUid=<gen:0>, path=Classes.Ticket)
          - EntityAttributeFetchImpl(entity=Abstract.TicketSeller, querySpaceUid=<gen:1>, path=Classes.Ticket.seller)
             - CollectionAttributeFetchImpl(collection=Abstract.TicketSeller.passes, querySpaceUid=<gen:2>, path=Classes.Ticket.seller.passes)
                - (collection element) CollectionFetchableElementEntityGraph(entity=Classes.Pass, querySpaceUid=<gen:3>, path=Classes.Ticket.seller.passes.<elements>)
             - CollectionAttributeFetchImpl(collection=Abstract.TicketSeller.tickets, querySpaceUid=<gen:4>, path=Classes.Ticket.seller.tickets)
                - (collection element) CollectionFetchableElementEntityGraph(entity=Classes.Ticket, querySpaceUid=<gen:5>, path=Classes.Ticket.seller.tickets.<elements>)
             - CollectionAttributeFetchImpl(collection=Classes.Shop.people, querySpaceUid=<gen:6>, path=Classes.Ticket.seller.people)
                - (collection element) CollectionFetchableElementEntityGraph(entity=Classes.Person, querySpaceUid=<gen:7>, path=Classes.Ticket.seller.people.<elements>)
          - EntityAttributeFetchImpl(entity=Classes.Person, querySpaceUid=<gen:8>, path=Classes.Ticket.person)
             - EntityAttributeFetchImpl(entity=Classes.Card, querySpaceUid=<gen:9>, path=Classes.Ticket.person.cardNum)
                - EntityAttributeFetchImpl(entity=Classes.Person, querySpaceUid=<gen:10>, path=Classes.Ticket.person.cardNum.person)
          - EntityAttributeFetchImpl(entity=Abstract.TicketSeller, querySpaceUid=<gen:11>, path=Classes.Ticket.sellers)
             - CollectionAttributeFetchImpl(collection=Abstract.TicketSeller.passes, querySpaceUid=<gen:12>, path=Classes.Ticket.sellers.passes)
                - (collection element) CollectionFetchableElementEntityGraph(entity=Classes.Pass, querySpaceUid=<gen:13>, path=Classes.Ticket.sellers.passes.<elements>)
             - CollectionAttributeFetchImpl(collection=Abstract.TicketSeller.tickets, querySpaceUid=<gen:14>, path=Classes.Ticket.sellers.tickets)
                - (collection element) CollectionFetchableElementEntityGraph(entity=Classes.Ticket, querySpaceUid=<gen:15>, path=Classes.Ticket.sellers.tickets.<elements>)
             - CollectionAttributeFetchImpl(collection=Classes.Shop.people, querySpaceUid=<gen:16>, path=Classes.Ticket.sellers.people)
                - (collection element) CollectionFetchableElementEntityGraph(entity=Classes.Person, querySpaceUid=<gen:17>, path=Classes.Ticket.sellers.people.<elements>)
    - QuerySpaces
       - EntityQuerySpaceImpl(uid=<gen:0>, entity=Classes.Ticket)
          - SQL table alias mapping - ticket0_
          - alias suffix - 0_
          - suffixed key columns - {id2_2_0_}
          - JOIN (JoinDefinedByMetadata(seller)) : <gen:0> -> <gen:1>
             - EntityQuerySpaceImpl(uid=<gen:1>, entity=Abstract.TicketSeller)
                - SQL table alias mapping - ticketsell1_
                - alias suffix - 1_
                - suffixed key columns - {id2_3_1_}
          - JOIN (JoinDefinedByMetadata(person)) : <gen:0> -> <gen:8>
             - EntityQuerySpaceImpl(uid=<gen:8>, entity=Classes.Person)
                - SQL table alias mapping - person2_
                - alias suffix - 2_
                - suffixed key columns - {id1_1_2_}
                - JOIN (JoinDefinedByMetadata(cardNum)) : <gen:8> -> <gen:9>
                   - EntityQuerySpaceImpl(uid=<gen:9>, entity=Classes.Card)
                      - SQL table alias mapping - card3_
                      - alias suffix - 3_
                      - suffixed key columns - {id1_0_3_}
                      - JOIN (JoinDefinedByMetadata(person)) : <gen:9> -> <gen:10>
                         - EntityQuerySpaceImpl(uid=<gen:10>, entity=Classes.Person)
                            - SQL table alias mapping - person4_
                            - alias suffix - 4_
                            - suffixed key columns - {id1_1_4_}
          - JOIN (JoinDefinedByMetadata(sellers)) : <gen:0> -> <gen:11>
             - EntityQuerySpaceImpl(uid=<gen:11>, entity=Abstract.TicketSeller)
                - SQL table alias mapping - ticketsell5_
                - alias suffix - 5_
                - suffixed key columns - {id2_3_5_}

12:18:38.302 [main] DEBUG o.h.loader.entity.plan.EntityLoader - Static select for entity Classes.Ticket [NONE]: select ticket0_.id as id2_2_0_, ticket0_.seller_id as seller_i4_2_0_, ticket0_.person_id as person_i5_2_0_, ticket0_.sellers_id as sellers_6_2_0_, ticket0_.validity as validity3_2_0_, ticket0_.DTYPE as dtype1_2_0_, ticketsell1_.id as id2_3_1_, ticketsell1_.seller_name as seller_n3_3_1_, ticketsell1_.isWorking as isworkin4_3_1_, ticketsell1_.Elementi as elementi1_3_1_, person2_.id as id1_1_2_, person2_.birthdate as birthdat2_1_2_, person2_.cardNum_id as cardnum_5_1_2_, person2_.firstName as firstnam3_1_2_, person2_.lastName as lastname4_1_2_, card3_.id as id1_0_3_, card3_.emissionDate as emission2_0_3_, card3_.expirationDate as expirati3_0_3_, card3_.person_id as person_i4_0_3_, person4_.id as id1_1_4_, person4_.birthdate as birthdat2_1_4_, person4_.cardNum_id as cardnum_5_1_4_, person4_.firstName as firstnam3_1_4_, person4_.lastName as lastname4_1_4_, ticketsell5_.id as id2_3_5_, ticketsell5_.seller_name as seller_n3_3_5_, ticketsell5_.isWorking as isworkin4_3_5_, ticketsell5_.Elementi as elementi1_3_5_ from Ticket ticket0_ left outer join TicketSeller ticketsell1_ on ticket0_.seller_id=ticketsell1_.id left outer join Person person2_ on ticket0_.person_id=person2_.id left outer join Card card3_ on person2_.cardNum_id=card3_.id left outer join Person person4_ on card3_.person_id=person4_.id left outer join TicketSeller ticketsell5_ on ticket0_.sellers_id=ticketsell5_.id where ticket0_.id=?
12:18:38.302 [main] DEBUG o.h.p.entity.AbstractEntityPersister - Static SQL for entity: Classes.VendingMachine
12:18:38.302 [main] DEBUG o.h.p.entity.AbstractEntityPersister -  Version select: select id from TicketSeller where id =?
12:18:38.302 [main] DEBUG o.h.p.entity.AbstractEntityPersister -  Snapshot select: select vendingmac_.id, vendingmac_.seller_name as seller_n3_3_, vendingmac_.isWorking as isworkin4_3_ from TicketSeller vendingmac_ where vendingmac_.id=?
12:18:38.302 [main] DEBUG o.h.p.entity.AbstractEntityPersister -  Insert 0: insert into TicketSeller (seller_name, isWorking, Elementi, id) values (?, ?, 'vending_machine', ?)
12:18:38.302 [main] DEBUG o.h.p.entity.AbstractEntityPersister -  Update 0: update TicketSeller set seller_name=?, isWorking=? where id=?
12:18:38.302 [main] DEBUG o.h.p.entity.AbstractEntityPersister -  Delete 0: delete from TicketSeller where id=?
12:18:38.302 [main] DEBUG o.h.l.p.b.i.spaces.QuerySpacesImpl - Adding QuerySpace : uid = <gen:0> -> org.hibernate.loader.plan.build.internal.spaces.EntityQuerySpaceImpl@65bad087]
12:18:38.302 [main] DEBUG o.h.p.w.spi.MetamodelGraphWalker - Visiting attribute path : name
12:18:38.302 [main] DEBUG o.h.p.w.spi.MetamodelGraphWalker - Visiting attribute path : passes
12:18:38.302 [main] DEBUG o.h.l.p.b.i.spaces.QuerySpacesImpl - Adding QuerySpace : uid = <gen:1> -> org.hibernate.loader.plan.build.internal.spaces.CollectionQuerySpaceImpl@66cd621b]
12:18:38.302 [main] DEBUG o.h.l.p.b.i.spaces.QuerySpacesImpl - Adding QuerySpace : uid = <gen:2> -> org.hibernate.loader.plan.build.internal.spaces.EntityQuerySpaceImpl@d3f4505]
12:18:38.302 [main] DEBUG o.h.p.w.spi.MetamodelGraphWalker - Visiting attribute path : tickets
12:18:38.302 [main] DEBUG o.h.l.p.b.i.spaces.QuerySpacesImpl - Adding QuerySpace : uid = <gen:3> -> org.hibernate.loader.plan.build.internal.spaces.CollectionQuerySpaceImpl@3eb292cd]
12:18:38.302 [main] DEBUG o.h.l.p.b.i.spaces.QuerySpacesImpl - Adding QuerySpace : uid = <gen:4> -> org.hibernate.loader.plan.build.internal.spaces.EntityQuerySpaceImpl@7fd987ef]
12:18:38.302 [main] DEBUG o.h.p.w.spi.MetamodelGraphWalker - Visiting attribute path : isWorking
12:18:38.302 [main] DEBUG o.h.l.p.b.i.FetchStyleLoadPlanBuildingAssociationVisitationStrategy - Building LoadPlan...
12:18:38.302 [main] DEBUG o.h.l.p.e.i.LoadQueryJoinAndFetchProcessor - processing queryspace <gen:0>
12:18:38.302 [main] DEBUG o.h.l.p.b.spi.LoadPlanTreePrinter - LoadPlan(entity=Classes.VendingMachine)
    - Returns
       - EntityReturnImpl(entity=Classes.VendingMachine, querySpaceUid=<gen:0>, path=Classes.VendingMachine)
          - CollectionAttributeFetchImpl(collection=Abstract.TicketSeller.passes, querySpaceUid=<gen:1>, path=Classes.VendingMachine.passes)
             - (collection element) CollectionFetchableElementEntityGraph(entity=Classes.Pass, querySpaceUid=<gen:2>, path=Classes.VendingMachine.passes.<elements>)
          - CollectionAttributeFetchImpl(collection=Abstract.TicketSeller.tickets, querySpaceUid=<gen:3>, path=Classes.VendingMachine.tickets)
             - (collection element) CollectionFetchableElementEntityGraph(entity=Classes.Ticket, querySpaceUid=<gen:4>, path=Classes.VendingMachine.tickets.<elements>)
    - QuerySpaces
       - EntityQuerySpaceImpl(uid=<gen:0>, entity=Classes.VendingMachine)
          - SQL table alias mapping - vendingmac0_
          - alias suffix - 0_
          - suffixed key columns - {id2_3_0_}

12:18:38.303 [main] DEBUG o.h.loader.entity.plan.EntityLoader - Static select for entity Classes.VendingMachine [NONE]: select vendingmac0_.id as id2_3_0_, vendingmac0_.seller_name as seller_n3_3_0_, vendingmac0_.isWorking as isworkin4_3_0_ from TicketSeller vendingmac0_ where vendingmac0_.id=? and vendingmac0_.Elementi='vending_machine'
12:18:38.305 [main] DEBUG o.h.l.p.b.i.spaces.QuerySpacesImpl - Adding QuerySpace : uid = <gen:0> -> org.hibernate.loader.plan.build.internal.spaces.CollectionQuerySpaceImpl@20eaeaf8]
12:18:38.305 [main] DEBUG o.h.l.p.b.i.spaces.QuerySpacesImpl - Adding QuerySpace : uid = <gen:1> -> org.hibernate.loader.plan.build.internal.spaces.EntityQuerySpaceImpl@748ac6f3]
12:18:38.305 [main] DEBUG o.h.p.w.spi.MetamodelGraphWalker - Visiting attribute path : seller
12:18:38.305 [main] DEBUG o.h.l.p.b.i.spaces.QuerySpacesImpl - Adding QuerySpace : uid = <gen:2> -> org.hibernate.loader.plan.build.internal.spaces.EntityQuerySpaceImpl@7e351d7]
12:18:38.305 [main] DEBUG o.h.p.w.spi.MetamodelGraphWalker - Visiting attribute path : seller.name
12:18:38.305 [main] DEBUG o.h.p.w.spi.MetamodelGraphWalker - Visiting attribute path : seller.passes
12:18:38.305 [main] DEBUG o.h.p.w.spi.MetamodelGraphWalker - Property path deemed to be circular : seller.passes
12:18:38.305 [main] DEBUG o.h.p.w.spi.MetamodelGraphWalker - Visiting attribute path : seller.tickets
12:18:38.305 [main] DEBUG o.h.p.w.spi.MetamodelGraphWalker - Property path deemed to be circular : seller.tickets
12:18:38.305 [main] DEBUG o.h.p.w.spi.MetamodelGraphWalker - Visiting attribute path : seller.people
12:18:38.305 [main] DEBUG o.h.l.p.b.i.spaces.QuerySpacesImpl - Adding QuerySpace : uid = <gen:3> -> org.hibernate.loader.plan.build.internal.spaces.CollectionQuerySpaceImpl@d902300]
12:18:38.305 [main] DEBUG o.h.l.p.b.i.spaces.QuerySpacesImpl - Adding QuerySpace : uid = <gen:4> -> org.hibernate.loader.plan.build.internal.spaces.EntityQuerySpaceImpl@2db33feb]
12:18:38.305 [main] DEBUG o.h.p.w.spi.MetamodelGraphWalker - Visiting attribute path : seller.isWorking
12:18:38.305 [main] DEBUG o.h.p.w.spi.MetamodelGraphWalker - Visiting attribute path : person
12:18:38.305 [main] DEBUG o.h.l.p.b.i.spaces.QuerySpacesImpl - Adding QuerySpace : uid = <gen:5> -> org.hibernate.loader.plan.build.internal.spaces.EntityQuerySpaceImpl@30c3ae63]
12:18:38.305 [main] DEBUG o.h.p.w.spi.MetamodelGraphWalker - Visiting attribute path : person.birthdate
12:18:38.305 [main] DEBUG o.h.p.w.spi.MetamodelGraphWalker - Visiting attribute path : person.cardNum
12:18:38.305 [main] DEBUG o.h.l.p.b.i.spaces.QuerySpacesImpl - Adding QuerySpace : uid = <gen:6> -> org.hibernate.loader.plan.build.internal.spaces.EntityQuerySpaceImpl@54e12f4c]
12:18:38.306 [main] DEBUG o.h.p.w.spi.MetamodelGraphWalker - Visiting attribute path : person.cardNum.emissionDate
12:18:38.306 [main] DEBUG o.h.p.w.spi.MetamodelGraphWalker - Visiting attribute path : person.cardNum.expirationDate
12:18:38.306 [main] DEBUG o.h.p.w.spi.MetamodelGraphWalker - Visiting attribute path : person.cardNum.person
12:18:38.306 [main] DEBUG o.h.l.p.b.i.spaces.QuerySpacesImpl - Adding QuerySpace : uid = <gen:7> -> org.hibernate.loader.plan.build.internal.spaces.EntityQuerySpaceImpl@4d84049a]
12:18:38.306 [main] DEBUG o.h.p.w.spi.MetamodelGraphWalker - Visiting attribute path : person.cardNum.person.birthdate
12:18:38.306 [main] DEBUG o.h.p.w.spi.MetamodelGraphWalker - Visiting attribute path : person.cardNum.person.cardNum
12:18:38.306 [main] DEBUG o.h.p.w.spi.MetamodelGraphWalker - Property path deemed to be circular : person.cardNum.person.cardNum
12:18:38.306 [main] DEBUG o.h.p.w.spi.MetamodelGraphWalker - Visiting attribute path : person.cardNum.person.firstName
12:18:38.306 [main] DEBUG o.h.p.w.spi.MetamodelGraphWalker - Visiting attribute path : person.cardNum.person.lastName
12:18:38.306 [main] DEBUG o.h.p.w.spi.MetamodelGraphWalker - Visiting attribute path : person.firstName
12:18:38.306 [main] DEBUG o.h.p.w.spi.MetamodelGraphWalker - Visiting attribute path : person.lastName
12:18:38.306 [main] DEBUG o.h.p.w.spi.MetamodelGraphWalker - Visiting attribute path : sellers
12:18:38.306 [main] DEBUG o.h.l.p.b.i.spaces.QuerySpacesImpl - Adding QuerySpace : uid = <gen:8> -> org.hibernate.loader.plan.build.internal.spaces.EntityQuerySpaceImpl@642857e0]
12:18:38.306 [main] DEBUG o.h.p.w.spi.MetamodelGraphWalker - Visiting attribute path : sellers.name
12:18:38.306 [main] DEBUG o.h.p.w.spi.MetamodelGraphWalker - Visiting attribute path : sellers.passes
12:18:38.306 [main] DEBUG o.h.p.w.spi.MetamodelGraphWalker - Property path deemed to be circular : sellers.passes
12:18:38.306 [main] DEBUG o.h.p.w.spi.MetamodelGraphWalker - Visiting attribute path : sellers.tickets
12:18:38.306 [main] DEBUG o.h.p.w.spi.MetamodelGraphWalker - Property path deemed to be circular : sellers.tickets
12:18:38.306 [main] DEBUG o.h.p.w.spi.MetamodelGraphWalker - Visiting attribute path : sellers.people
12:18:38.306 [main] DEBUG o.h.l.p.b.i.spaces.QuerySpacesImpl - Adding QuerySpace : uid = <gen:9> -> org.hibernate.loader.plan.build.internal.spaces.CollectionQuerySpaceImpl@21263314]
12:18:38.306 [main] DEBUG o.h.l.p.b.i.spaces.QuerySpacesImpl - Adding QuerySpace : uid = <gen:10> -> org.hibernate.loader.plan.build.internal.spaces.EntityQuerySpaceImpl@6ca30b8a]
12:18:38.306 [main] DEBUG o.h.p.w.spi.MetamodelGraphWalker - Visiting attribute path : sellers.isWorking
12:18:38.306 [main] DEBUG o.h.p.w.spi.MetamodelGraphWalker - Visiting attribute path : validity
12:18:38.306 [main] DEBUG o.h.l.p.b.i.FetchStyleLoadPlanBuildingAssociationVisitationStrategy - Building LoadPlan...
12:18:38.308 [main] DEBUG o.h.l.p.e.i.LoadQueryJoinAndFetchProcessor - processing queryspace <gen:0>
12:18:38.308 [main] DEBUG o.h.l.p.b.spi.LoadPlanTreePrinter - LoadPlan(collection=Abstract.TicketSeller.tickets)
    - Returns
       - CollectionReturnImpl(collection=Abstract.TicketSeller.tickets, querySpaceUid=<gen:0>, path=[Abstract.TicketSeller.tickets])
          - (collection element) CollectionFetchableElementEntityGraph(entity=Classes.Ticket, querySpaceUid=<gen:1>, path=[Abstract.TicketSeller.tickets].<elements>)
             - EntityAttributeFetchImpl(entity=Abstract.TicketSeller, querySpaceUid=<gen:2>, path=[Abstract.TicketSeller.tickets].<elements>.seller)
                - CollectionAttributeFetchImpl(collection=Classes.Shop.people, querySpaceUid=<gen:3>, path=[Abstract.TicketSeller.tickets].<elements>.seller.people)
                   - (collection element) CollectionFetchableElementEntityGraph(entity=Classes.Person, querySpaceUid=<gen:4>, path=[Abstract.TicketSeller.tickets].<elements>.seller.people.<elements>)
             - EntityAttributeFetchImpl(entity=Classes.Person, querySpaceUid=<gen:5>, path=[Abstract.TicketSeller.tickets].<elements>.person)
                - EntityAttributeFetchImpl(entity=Classes.Card, querySpaceUid=<gen:6>, path=[Abstract.TicketSeller.tickets].<elements>.person.cardNum)
                   - EntityAttributeFetchImpl(entity=Classes.Person, querySpaceUid=<gen:7>, path=[Abstract.TicketSeller.tickets].<elements>.person.cardNum.person)
             - EntityAttributeFetchImpl(entity=Abstract.TicketSeller, querySpaceUid=<gen:8>, path=[Abstract.TicketSeller.tickets].<elements>.sellers)
                - CollectionAttributeFetchImpl(collection=Classes.Shop.people, querySpaceUid=<gen:9>, path=[Abstract.TicketSeller.tickets].<elements>.sellers.people)
                   - (collection element) CollectionFetchableElementEntityGraph(entity=Classes.Person, querySpaceUid=<gen:10>, path=[Abstract.TicketSeller.tickets].<elements>.sellers.people.<elements>)
    - QuerySpaces
       - CollectionQuerySpaceImpl(uid=<gen:0>, collection=Abstract.TicketSeller.tickets)
          - SQL table alias mapping - tickets0_
          - alias suffix - 0_
          - suffixed key columns - {ticketse1_5_0_}
          - entity-element alias suffix - 1_
          - 1_entity-element suffixed key columns - id2_2_1_
          - JOIN (JoinDefinedByMetadata(elements)) : <gen:0> -> <gen:1>
             - EntityQuerySpaceImpl(uid=<gen:1>, entity=Classes.Ticket)
                - SQL table alias mapping - ticket1_
                - alias suffix - 1_
                - suffixed key columns - {id2_2_1_}
                - JOIN (JoinDefinedByMetadata(seller)) : <gen:1> -> <gen:2>
                   - EntityQuerySpaceImpl(uid=<gen:2>, entity=Abstract.TicketSeller)
                      - SQL table alias mapping - ticketsell2_
                      - alias suffix - 2_
                      - suffixed key columns - {id2_3_2_}
                - JOIN (JoinDefinedByMetadata(person)) : <gen:1> -> <gen:5>
                   - EntityQuerySpaceImpl(uid=<gen:5>, entity=Classes.Person)
                      - SQL table alias mapping - person3_
                      - alias suffix - 3_
                      - suffixed key columns - {id1_1_3_}
                      - JOIN (JoinDefinedByMetadata(cardNum)) : <gen:5> -> <gen:6>
                         - EntityQuerySpaceImpl(uid=<gen:6>, entity=Classes.Card)
                            - SQL table alias mapping - card4_
                            - alias suffix - 4_
                            - suffixed key columns - {id1_0_4_}
                            - JOIN (JoinDefinedByMetadata(person)) : <gen:6> -> <gen:7>
                               - EntityQuerySpaceImpl(uid=<gen:7>, entity=Classes.Person)
                                  - SQL table alias mapping - person5_
                                  - alias suffix - 5_
                                  - suffixed key columns - {id1_1_5_}
                - JOIN (JoinDefinedByMetadata(sellers)) : <gen:1> -> <gen:8>
                   - EntityQuerySpaceImpl(uid=<gen:8>, entity=Abstract.TicketSeller)
                      - SQL table alias mapping - ticketsell6_
                      - alias suffix - 6_
                      - suffixed key columns - {id2_3_6_}

12:18:38.308 [main] DEBUG o.h.l.c.plan.CollectionLoader - Static select for collection Abstract.TicketSeller.tickets: select tickets0_.TicketSeller_id as ticketse1_5_0_, tickets0_.tickets_id as tickets_2_5_0_, ticket1_.id as id2_2_1_, ticket1_.seller_id as seller_i4_2_1_, ticket1_.person_id as person_i5_2_1_, ticket1_.sellers_id as sellers_6_2_1_, ticket1_.validity as validity3_2_1_, ticket1_.DTYPE as dtype1_2_1_, ticketsell2_.id as id2_3_2_, ticketsell2_.seller_name as seller_n3_3_2_, ticketsell2_.isWorking as isworkin4_3_2_, ticketsell2_.Elementi as elementi1_3_2_, person3_.id as id1_1_3_, person3_.birthdate as birthdat2_1_3_, person3_.cardNum_id as cardnum_5_1_3_, person3_.firstName as firstnam3_1_3_, person3_.lastName as lastname4_1_3_, card4_.id as id1_0_4_, card4_.emissionDate as emission2_0_4_, card4_.expirationDate as expirati3_0_4_, card4_.person_id as person_i4_0_4_, person5_.id as id1_1_5_, person5_.birthdate as birthdat2_1_5_, person5_.cardNum_id as cardnum_5_1_5_, person5_.firstName as firstnam3_1_5_, person5_.lastName as lastname4_1_5_, ticketsell6_.id as id2_3_6_, ticketsell6_.seller_name as seller_n3_3_6_, ticketsell6_.isWorking as isworkin4_3_6_, ticketsell6_.Elementi as elementi1_3_6_ from TicketSeller_Ticket tickets0_ inner join Ticket ticket1_ on tickets0_.tickets_id=ticket1_.id left outer join TicketSeller ticketsell2_ on ticket1_.seller_id=ticketsell2_.id left outer join Person person3_ on ticket1_.person_id=person3_.id left outer join Card card4_ on person3_.cardNum_id=card4_.id left outer join Person person5_ on card4_.person_id=person5_.id left outer join TicketSeller ticketsell6_ on ticket1_.sellers_id=ticketsell6_.id where tickets0_.TicketSeller_id=?
12:18:38.308 [main] DEBUG o.h.l.p.b.i.spaces.QuerySpacesImpl - Adding QuerySpace : uid = <gen:0> -> org.hibernate.loader.plan.build.internal.spaces.CollectionQuerySpaceImpl@111d5c97]
12:18:38.308 [main] DEBUG o.h.l.p.b.i.spaces.QuerySpacesImpl - Adding QuerySpace : uid = <gen:1> -> org.hibernate.loader.plan.build.internal.spaces.EntityQuerySpaceImpl@29c17c3d]
12:18:38.308 [main] DEBUG o.h.p.w.spi.MetamodelGraphWalker - Visiting attribute path : seller
12:18:38.308 [main] DEBUG o.h.l.p.b.i.spaces.QuerySpacesImpl - Adding QuerySpace : uid = <gen:2> -> org.hibernate.loader.plan.build.internal.spaces.EntityQuerySpaceImpl@6d67f5eb]
12:18:38.308 [main] DEBUG o.h.p.w.spi.MetamodelGraphWalker - Visiting attribute path : seller.name
12:18:38.308 [main] DEBUG o.h.p.w.spi.MetamodelGraphWalker - Visiting attribute path : seller.passes
12:18:38.308 [main] DEBUG o.h.p.w.spi.MetamodelGraphWalker - Property path deemed to be circular : seller.passes
12:18:38.308 [main] DEBUG o.h.p.w.spi.MetamodelGraphWalker - Visiting attribute path : seller.tickets
12:18:38.309 [main] DEBUG o.h.p.w.spi.MetamodelGraphWalker - Property path deemed to be circular : seller.tickets
12:18:38.309 [main] DEBUG o.h.p.w.spi.MetamodelGraphWalker - Visiting attribute path : seller.people
12:18:38.309 [main] DEBUG o.h.l.p.b.i.spaces.QuerySpacesImpl - Adding QuerySpace : uid = <gen:3> -> org.hibernate.loader.plan.build.internal.spaces.CollectionQuerySpaceImpl@3e1fd62b]
12:18:38.309 [main] DEBUG o.h.l.p.b.i.spaces.QuerySpacesImpl - Adding QuerySpace : uid = <gen:4> -> org.hibernate.loader.plan.build.internal.spaces.EntityQuerySpaceImpl@7112ce6]
12:18:38.309 [main] DEBUG o.h.p.w.spi.MetamodelGraphWalker - Visiting attribute path : seller.isWorking
12:18:38.309 [main] DEBUG o.h.p.w.spi.MetamodelGraphWalker - Visiting attribute path : person
12:18:38.309 [main] DEBUG o.h.l.p.b.i.spaces.QuerySpacesImpl - Adding QuerySpace : uid = <gen:5> -> org.hibernate.loader.plan.build.internal.spaces.EntityQuerySpaceImpl@558b4942]
12:18:38.309 [main] DEBUG o.h.p.w.spi.MetamodelGraphWalker - Visiting attribute path : person.birthdate
12:18:38.309 [main] DEBUG o.h.p.w.spi.MetamodelGraphWalker - Visiting attribute path : person.cardNum
12:18:38.309 [main] DEBUG o.h.l.p.b.i.spaces.QuerySpacesImpl - Adding QuerySpace : uid = <gen:6> -> org.hibernate.loader.plan.build.internal.spaces.EntityQuerySpaceImpl@70025b99]
12:18:38.309 [main] DEBUG o.h.p.w.spi.MetamodelGraphWalker - Visiting attribute path : person.cardNum.emissionDate
12:18:38.309 [main] DEBUG o.h.p.w.spi.MetamodelGraphWalker - Visiting attribute path : person.cardNum.expirationDate
12:18:38.309 [main] DEBUG o.h.p.w.spi.MetamodelGraphWalker - Visiting attribute path : person.cardNum.person
12:18:38.309 [main] DEBUG o.h.l.p.b.i.spaces.QuerySpacesImpl - Adding QuerySpace : uid = <gen:7> -> org.hibernate.loader.plan.build.internal.spaces.EntityQuerySpaceImpl@7134b8a7]
12:18:38.309 [main] DEBUG o.h.p.w.spi.MetamodelGraphWalker - Visiting attribute path : person.cardNum.person.birthdate
12:18:38.309 [main] DEBUG o.h.p.w.spi.MetamodelGraphWalker - Visiting attribute path : person.cardNum.person.cardNum
12:18:38.309 [main] DEBUG o.h.p.w.spi.MetamodelGraphWalker - Property path deemed to be circular : person.cardNum.person.cardNum
12:18:38.309 [main] DEBUG o.h.p.w.spi.MetamodelGraphWalker - Visiting attribute path : person.cardNum.person.firstName
12:18:38.309 [main] DEBUG o.h.p.w.spi.MetamodelGraphWalker - Visiting attribute path : person.cardNum.person.lastName
12:18:38.309 [main] DEBUG o.h.p.w.spi.MetamodelGraphWalker - Visiting attribute path : person.firstName
12:18:38.309 [main] DEBUG o.h.p.w.spi.MetamodelGraphWalker - Visiting attribute path : person.lastName
12:18:38.309 [main] DEBUG o.h.p.w.spi.MetamodelGraphWalker - Visiting attribute path : sellers
12:18:38.309 [main] DEBUG o.h.l.p.b.i.spaces.QuerySpacesImpl - Adding QuerySpace : uid = <gen:8> -> org.hibernate.loader.plan.build.internal.spaces.EntityQuerySpaceImpl@40de8f93]
12:18:38.309 [main] DEBUG o.h.p.w.spi.MetamodelGraphWalker - Visiting attribute path : sellers.name
12:18:38.309 [main] DEBUG o.h.p.w.spi.MetamodelGraphWalker - Visiting attribute path : sellers.passes
12:18:38.309 [main] DEBUG o.h.p.w.spi.MetamodelGraphWalker - Property path deemed to be circular : sellers.passes
12:18:38.309 [main] DEBUG o.h.p.w.spi.MetamodelGraphWalker - Visiting attribute path : sellers.tickets
12:18:38.309 [main] DEBUG o.h.p.w.spi.MetamodelGraphWalker - Property path deemed to be circular : sellers.tickets
12:18:38.309 [main] DEBUG o.h.p.w.spi.MetamodelGraphWalker - Visiting attribute path : sellers.people
12:18:38.309 [main] DEBUG o.h.l.p.b.i.spaces.QuerySpacesImpl - Adding QuerySpace : uid = <gen:9> -> org.hibernate.loader.plan.build.internal.spaces.CollectionQuerySpaceImpl@3b55dd15]
12:18:38.309 [main] DEBUG o.h.l.p.b.i.spaces.QuerySpacesImpl - Adding QuerySpace : uid = <gen:10> -> org.hibernate.loader.plan.build.internal.spaces.EntityQuerySpaceImpl@f3560d4]
12:18:38.309 [main] DEBUG o.h.p.w.spi.MetamodelGraphWalker - Visiting attribute path : sellers.isWorking
12:18:38.309 [main] DEBUG o.h.p.w.spi.MetamodelGraphWalker - Visiting attribute path : validity
12:18:38.309 [main] DEBUG o.h.l.p.b.i.FetchStyleLoadPlanBuildingAssociationVisitationStrategy - Building LoadPlan...
12:18:38.309 [main] DEBUG o.h.l.p.e.i.LoadQueryJoinAndFetchProcessor - processing queryspace <gen:0>
12:18:38.310 [main] DEBUG o.h.l.p.b.spi.LoadPlanTreePrinter - LoadPlan(collection=Abstract.TicketSeller.passes)
    - Returns
       - CollectionReturnImpl(collection=Abstract.TicketSeller.passes, querySpaceUid=<gen:0>, path=[Abstract.TicketSeller.passes])
          - (collection element) CollectionFetchableElementEntityGraph(entity=Classes.Pass, querySpaceUid=<gen:1>, path=[Abstract.TicketSeller.passes].<elements>)
             - EntityAttributeFetchImpl(entity=Abstract.TicketSeller, querySpaceUid=<gen:2>, path=[Abstract.TicketSeller.passes].<elements>.seller)
                - CollectionAttributeFetchImpl(collection=Classes.Shop.people, querySpaceUid=<gen:3>, path=[Abstract.TicketSeller.passes].<elements>.seller.people)
                   - (collection element) CollectionFetchableElementEntityGraph(entity=Classes.Person, querySpaceUid=<gen:4>, path=[Abstract.TicketSeller.passes].<elements>.seller.people.<elements>)
             - EntityAttributeFetchImpl(entity=Classes.Person, querySpaceUid=<gen:5>, path=[Abstract.TicketSeller.passes].<elements>.person)
                - EntityAttributeFetchImpl(entity=Classes.Card, querySpaceUid=<gen:6>, path=[Abstract.TicketSeller.passes].<elements>.person.cardNum)
                   - EntityAttributeFetchImpl(entity=Classes.Person, querySpaceUid=<gen:7>, path=[Abstract.TicketSeller.passes].<elements>.person.cardNum.person)
             - EntityAttributeFetchImpl(entity=Abstract.TicketSeller, querySpaceUid=<gen:8>, path=[Abstract.TicketSeller.passes].<elements>.sellers)
                - CollectionAttributeFetchImpl(collection=Classes.Shop.people, querySpaceUid=<gen:9>, path=[Abstract.TicketSeller.passes].<elements>.sellers.people)
                   - (collection element) CollectionFetchableElementEntityGraph(entity=Classes.Person, querySpaceUid=<gen:10>, path=[Abstract.TicketSeller.passes].<elements>.sellers.people.<elements>)
    - QuerySpaces
       - CollectionQuerySpaceImpl(uid=<gen:0>, collection=Abstract.TicketSeller.passes)
          - SQL table alias mapping - passes0_
          - alias suffix - 0_
          - suffixed key columns - {ticketse1_5_0_}
          - entity-element alias suffix - 1_
          - 1_entity-element suffixed key columns - id2_2_1_
          - JOIN (JoinDefinedByMetadata(elements)) : <gen:0> -> <gen:1>
             - EntityQuerySpaceImpl(uid=<gen:1>, entity=Classes.Pass)
                - SQL table alias mapping - pass1_
                - alias suffix - 1_
                - suffixed key columns - {id2_2_1_}
                - JOIN (JoinDefinedByMetadata(seller)) : <gen:1> -> <gen:2>
                   - EntityQuerySpaceImpl(uid=<gen:2>, entity=Abstract.TicketSeller)
                      - SQL table alias mapping - ticketsell2_
                      - alias suffix - 2_
                      - suffixed key columns - {id2_3_2_}
                - JOIN (JoinDefinedByMetadata(person)) : <gen:1> -> <gen:5>
                   - EntityQuerySpaceImpl(uid=<gen:5>, entity=Classes.Person)
                      - SQL table alias mapping - person3_
                      - alias suffix - 3_
                      - suffixed key columns - {id1_1_3_}
                      - JOIN (JoinDefinedByMetadata(cardNum)) : <gen:5> -> <gen:6>
                         - EntityQuerySpaceImpl(uid=<gen:6>, entity=Classes.Card)
                            - SQL table alias mapping - card4_
                            - alias suffix - 4_
                            - suffixed key columns - {id1_0_4_}
                            - JOIN (JoinDefinedByMetadata(person)) : <gen:6> -> <gen:7>
                               - EntityQuerySpaceImpl(uid=<gen:7>, entity=Classes.Person)
                                  - SQL table alias mapping - person5_
                                  - alias suffix - 5_
                                  - suffixed key columns - {id1_1_5_}
                - JOIN (JoinDefinedByMetadata(sellers)) : <gen:1> -> <gen:8>
                   - EntityQuerySpaceImpl(uid=<gen:8>, entity=Abstract.TicketSeller)
                      - SQL table alias mapping - ticketsell6_
                      - alias suffix - 6_
                      - suffixed key columns - {id2_3_6_}

12:18:38.310 [main] DEBUG o.h.l.c.plan.CollectionLoader - Static select for collection Abstract.TicketSeller.passes: select passes0_.TicketSeller_id as ticketse1_5_0_, passes0_.passes_id as passes_i3_5_0_, pass1_.id as id2_2_1_, pass1_.seller_id as seller_i4_2_1_, pass1_.person_id as person_i5_2_1_, pass1_.sellers_id as sellers_6_2_1_, pass1_.validity as validity3_2_1_, ticketsell2_.id as id2_3_2_, ticketsell2_.seller_name as seller_n3_3_2_, ticketsell2_.isWorking as isworkin4_3_2_, ticketsell2_.Elementi as elementi1_3_2_, person3_.id as id1_1_3_, person3_.birthdate as birthdat2_1_3_, person3_.cardNum_id as cardnum_5_1_3_, person3_.firstName as firstnam3_1_3_, person3_.lastName as lastname4_1_3_, card4_.id as id1_0_4_, card4_.emissionDate as emission2_0_4_, card4_.expirationDate as expirati3_0_4_, card4_.person_id as person_i4_0_4_, person5_.id as id1_1_5_, person5_.birthdate as birthdat2_1_5_, person5_.cardNum_id as cardnum_5_1_5_, person5_.firstName as firstnam3_1_5_, person5_.lastName as lastname4_1_5_, ticketsell6_.id as id2_3_6_, ticketsell6_.seller_name as seller_n3_3_6_, ticketsell6_.isWorking as isworkin4_3_6_, ticketsell6_.Elementi as elementi1_3_6_ from TicketSeller_Ticket passes0_ inner join Ticket pass1_ on passes0_.passes_id=pass1_.id left outer join TicketSeller ticketsell2_ on pass1_.seller_id=ticketsell2_.id left outer join Person person3_ on pass1_.person_id=person3_.id left outer join Card card4_ on person3_.cardNum_id=card4_.id left outer join Person person5_ on card4_.person_id=person5_.id left outer join TicketSeller ticketsell6_ on pass1_.sellers_id=ticketsell6_.id where passes0_.TicketSeller_id=?
12:18:38.310 [main] DEBUG o.h.l.p.b.i.spaces.QuerySpacesImpl - Adding QuerySpace : uid = <gen:0> -> org.hibernate.loader.plan.build.internal.spaces.CollectionQuerySpaceImpl@3ba3d4b6]
12:18:38.310 [main] DEBUG o.h.l.p.b.i.spaces.QuerySpacesImpl - Adding QuerySpace : uid = <gen:1> -> org.hibernate.loader.plan.build.internal.spaces.EntityQuerySpaceImpl@51b77cdf]
12:18:38.310 [main] DEBUG o.h.p.w.spi.MetamodelGraphWalker - Visiting attribute path : birthdate
12:18:38.310 [main] DEBUG o.h.p.w.spi.MetamodelGraphWalker - Visiting attribute path : cardNum
12:18:38.310 [main] DEBUG o.h.l.p.b.i.spaces.QuerySpacesImpl - Adding QuerySpace : uid = <gen:2> -> org.hibernate.loader.plan.build.internal.spaces.EntityQuerySpaceImpl@45ab3bdd]
12:18:38.310 [main] DEBUG o.h.p.w.spi.MetamodelGraphWalker - Visiting attribute path : cardNum.emissionDate
12:18:38.310 [main] DEBUG o.h.p.w.spi.MetamodelGraphWalker - Visiting attribute path : cardNum.expirationDate
12:18:38.310 [main] DEBUG o.h.p.w.spi.MetamodelGraphWalker - Visiting attribute path : cardNum.person
12:18:38.310 [main] DEBUG o.h.l.p.b.i.spaces.QuerySpacesImpl - Adding QuerySpace : uid = <gen:3> -> org.hibernate.loader.plan.build.internal.spaces.EntityQuerySpaceImpl@1642eeae]
12:18:38.310 [main] DEBUG o.h.p.w.spi.MetamodelGraphWalker - Visiting attribute path : cardNum.person.birthdate
12:18:38.310 [main] DEBUG o.h.p.w.spi.MetamodelGraphWalker - Visiting attribute path : cardNum.person.cardNum
12:18:38.310 [main] DEBUG o.h.p.w.spi.MetamodelGraphWalker - Property path deemed to be circular : cardNum.person.cardNum
12:18:38.310 [main] DEBUG o.h.p.w.spi.MetamodelGraphWalker - Visiting attribute path : cardNum.person.firstName
12:18:38.310 [main] DEBUG o.h.p.w.spi.MetamodelGraphWalker - Visiting attribute path : cardNum.person.lastName
12:18:38.310 [main] DEBUG o.h.p.w.spi.MetamodelGraphWalker - Visiting attribute path : firstName
12:18:38.310 [main] DEBUG o.h.p.w.spi.MetamodelGraphWalker - Visiting attribute path : lastName
12:18:38.310 [main] DEBUG o.h.l.p.b.i.FetchStyleLoadPlanBuildingAssociationVisitationStrategy - Building LoadPlan...
12:18:38.310 [main] DEBUG o.h.l.p.e.i.LoadQueryJoinAndFetchProcessor - processing queryspace <gen:0>
12:18:38.311 [main] DEBUG o.h.l.p.b.spi.LoadPlanTreePrinter - LoadPlan(collection=Classes.Shop.people)
    - Returns
       - CollectionReturnImpl(collection=Classes.Shop.people, querySpaceUid=<gen:0>, path=[Classes.Shop.people])
          - (collection element) CollectionFetchableElementEntityGraph(entity=Classes.Person, querySpaceUid=<gen:1>, path=[Classes.Shop.people].<elements>)
             - EntityAttributeFetchImpl(entity=Classes.Card, querySpaceUid=<gen:2>, path=[Classes.Shop.people].<elements>.cardNum)
                - EntityAttributeFetchImpl(entity=Classes.Person, querySpaceUid=<gen:3>, path=[Classes.Shop.people].<elements>.cardNum.person)
    - QuerySpaces
       - CollectionQuerySpaceImpl(uid=<gen:0>, collection=Classes.Shop.people)
          - SQL table alias mapping - people0_
          - alias suffix - 0_
          - suffixed key columns - {shop_id1_4_0_}
          - entity-element alias suffix - 1_
          - 1_entity-element suffixed key columns - id1_1_1_
          - JOIN (JoinDefinedByMetadata(elements)) : <gen:0> -> <gen:1>
             - EntityQuerySpaceImpl(uid=<gen:1>, entity=Classes.Person)
                - SQL table alias mapping - person1_
                - alias suffix - 1_
                - suffixed key columns - {id1_1_1_}
                - JOIN (JoinDefinedByMetadata(cardNum)) : <gen:1> -> <gen:2>
                   - EntityQuerySpaceImpl(uid=<gen:2>, entity=Classes.Card)
                      - SQL table alias mapping - card2_
                      - alias suffix - 2_
                      - suffixed key columns - {id1_0_2_}
                      - JOIN (JoinDefinedByMetadata(person)) : <gen:2> -> <gen:3>
                         - EntityQuerySpaceImpl(uid=<gen:3>, entity=Classes.Person)
                            - SQL table alias mapping - person3_
                            - alias suffix - 3_
                            - suffixed key columns - {id1_1_3_}

12:18:38.311 [main] DEBUG o.h.l.c.plan.CollectionLoader - Static select for collection Classes.Shop.people: select people0_.Shop_id as shop_id1_4_0_, people0_.people_id as people_i2_4_0_, person1_.id as id1_1_1_, person1_.birthdate as birthdat2_1_1_, person1_.cardNum_id as cardnum_5_1_1_, person1_.firstName as firstnam3_1_1_, person1_.lastName as lastname4_1_1_, card2_.id as id1_0_2_, card2_.emissionDate as emission2_0_2_, card2_.expirationDate as expirati3_0_2_, card2_.person_id as person_i4_0_2_, person3_.id as id1_1_3_, person3_.birthdate as birthdat2_1_3_, person3_.cardNum_id as cardnum_5_1_3_, person3_.firstName as firstnam3_1_3_, person3_.lastName as lastname4_1_3_ from TicketSeller_Person people0_ inner join Person person1_ on people0_.people_id=person1_.id left outer join Card card2_ on person1_.cardNum_id=card2_.id left outer join Person person3_ on card2_.person_id=person3_.id where people0_.Shop_id=?
12:18:38.336 [main] INFO  o.hibernate.orm.connections.access - HHH10001501: Connection obtained from JdbcConnectionAccess [org.hibernate.engine.jdbc.env.internal.JdbcEnvironmentInitiator$ConnectionProviderJdbcConnectionAccess@7b5b5bfe] for (non-JTA) DDL execution was not in auto-commit mode; the Connection 'local transaction' will be committed and the Connection will be set into auto-commit mode.
12:18:38.354 [main] DEBUG org.hibernate.mapping.Table - No alter strings for table : Card
12:18:38.354 [main] DEBUG org.hibernate.mapping.Table - No alter strings for table : Person
12:18:38.354 [main] DEBUG org.hibernate.mapping.Table - No alter strings for table : Ticket
12:18:38.354 [main] DEBUG org.hibernate.mapping.Table - No alter strings for table : TicketSeller
12:18:38.354 [main] DEBUG org.hibernate.mapping.Table - No alter strings for table : TicketSeller_Person
12:18:38.354 [main] DEBUG org.hibernate.mapping.Table - No alter strings for table : TicketSeller_Ticket
12:18:38.420 [main] DEBUG o.h.e.t.j.p.i.JtaPlatformInitiator - No JtaPlatform was specified, checking resolver
12:18:38.421 [main] DEBUG o.h.e.t.j.p.i.JtaPlatformResolverInitiator - No JtaPlatformResolver was specified, using default [org.hibernate.engine.transaction.jta.platform.internal.StandardJtaPlatformResolver]
12:18:38.424 [main] DEBUG o.h.e.t.j.p.i.StandardJtaPlatformResolver - Could not resolve JtaPlatform, using default [org.hibernate.engine.transaction.jta.platform.internal.NoJtaPlatform]
12:18:38.424 [main] INFO  o.h.e.t.j.p.i.JtaPlatformInitiator - HHH000490: Using JtaPlatform implementation: [org.hibernate.engine.transaction.jta.platform.internal.NoJtaPlatform]
12:18:38.428 [main] DEBUG o.h.s.i.SessionFactoryServiceRegistryImpl - EventListenerRegistry access via ServiceRegistry is deprecated.  Use `sessionFactory.getEventEngine().getListenerRegistry()` instead
12:18:38.428 [main] DEBUG o.h.h.i.QueryTranslatorFactoryInitiator - QueryTranslatorFactory: org.hibernate.hql.internal.ast.ASTQueryTranslatorFactory@67d32a54
12:18:38.431 [main] DEBUG o.h.query.spi.NamedQueryRepository - Checking 0 named HQL queries
12:18:38.431 [main] DEBUG o.h.query.spi.NamedQueryRepository - Checking 0 named SQL queries
12:18:38.431 [main] DEBUG o.h.internal.SessionFactoryRegistry - Initializing SessionFactoryRegistry : org.hibernate.internal.SessionFactoryRegistry@66fb45e5
12:18:38.432 [main] DEBUG o.h.internal.SessionFactoryRegistry - Registering SessionFactory: 3f3efd16-22d7-4211-9a31-547d6fbb1b8c (<unnamed>)
12:18:38.432 [main] DEBUG o.h.internal.SessionFactoryRegistry - Not binding SessionFactory to JNDI, no JNDI name configured
12:18:38.462 [main] DEBUG o.h.s.internal.StatisticsInitiator - Statistics initialized [enabled=false]
12:18:38.467 [main] DEBUG o.h.e.t.internal.TransactionImpl - On TransactionImpl creation, JpaCompliance#isJpaTransactionComplianceEnabled == false
12:18:38.467 [main] DEBUG o.h.e.t.internal.TransactionImpl - begin
12:18:38.474 [main] DEBUG o.hibernate.engine.spi.ActionQueue - Executing identity-insert immediately
12:18:38.476 [main] DEBUG org.hibernate.SQL - insert into Card (emissionDate, expirationDate, person_id) values (?, ?, ?)
12:18:38.478 [main] DEBUG o.h.id.IdentifierGeneratorHelper - Natively generated identity: 1
12:18:38.478 [main] DEBUG o.h.r.j.i.ResourceRegistryStandardImpl - HHH000387: ResultSet's statement was not registered
12:18:38.480 [main] DEBUG o.h.e.t.internal.TransactionImpl - committing
12:18:38.480 [main] DEBUG o.h.e.i.AbstractFlushingEventListener - Processing flush-time cascades
12:18:38.480 [main] DEBUG o.h.e.i.AbstractFlushingEventListener - Dirty checking collections
12:18:38.483 [main] DEBUG o.h.e.i.AbstractFlushingEventListener - Flushed: 0 insertions, 0 updates, 0 deletions to 1 objects
12:18:38.483 [main] DEBUG o.h.e.i.AbstractFlushingEventListener - Flushed: 0 (re)creations, 0 updates, 0 removals to 0 collections
12:18:38.483 [main] DEBUG o.h.internal.util.EntityPrinter - Listing entities:
12:18:38.484 [main] DEBUG o.h.internal.util.EntityPrinter - Classes.Card{emissionDate=2023-02-12, person=null, id=1, expirationDate=2024-02-12}
12:18:38.485 [main] DEBUG o.h.r.j.i.LogicalConnectionManagedImpl - Initiating JDBC connection release from afterTransaction
12:18:38.485 [main] DEBUG o.h.r.j.i.LogicalConnectionManagedImpl - Initiating JDBC connection release from afterTransaction
12:18:38.490 [main] DEBUG org.hibernate.loader.Loader - Static select for action ACTION_REFRESH on entity Classes.Card: select card0_.id as id1_0_0_, card0_.emissionDate as emission2_0_0_, card0_.expirationDate as expirati3_0_0_, card0_.person_id as person_i4_0_0_ from Card card0_ where card0_.id=?
12:18:38.491 [main] DEBUG org.hibernate.loader.Loader - Loading entity: [Classes.Card#1]
12:18:38.492 [main] DEBUG org.hibernate.SQL - select card0_.id as id1_0_0_, card0_.emissionDate as emission2_0_0_, card0_.expirationDate as expirati3_0_0_, card0_.person_id as person_i4_0_0_ from Card card0_ where card0_.id=?
12:18:38.494 [main] DEBUG org.hibernate.loader.Loader - Result set row: 0
12:18:38.494 [main] DEBUG org.hibernate.loader.Loader - Result row: EntityKey[Classes.Card#1]
12:18:38.497 [main] DEBUG o.h.engine.internal.TwoPhaseLoad - Resolving attributes for [Classes.Card#1]
12:18:38.497 [main] DEBUG o.h.engine.internal.TwoPhaseLoad - Processing attribute `emissionDate` : value = 2023-02-12
12:18:38.497 [main] DEBUG o.h.engine.internal.TwoPhaseLoad - Attribute (`emissionDate`)  - enhanced for lazy-loading? - false
12:18:38.497 [main] DEBUG o.h.engine.internal.TwoPhaseLoad - Processing attribute `expirationDate` : value = 2024-02-12
12:18:38.497 [main] DEBUG o.h.engine.internal.TwoPhaseLoad - Attribute (`expirationDate`)  - enhanced for lazy-loading? - false
12:18:38.497 [main] DEBUG o.h.engine.internal.TwoPhaseLoad - Processing attribute `person` : value = null
12:18:38.497 [main] DEBUG o.h.engine.internal.TwoPhaseLoad - Attribute (`person`)  - enhanced for lazy-loading? - false
12:18:38.497 [main] DEBUG o.h.engine.internal.TwoPhaseLoad - Done materializing entity [Classes.Card#1]
12:18:38.497 [main] DEBUG org.hibernate.loader.Loader - Done entity load
12:18:51.129 [main] DEBUG org.jboss.logging - Logging Provider: org.jboss.logging.Slf4jLoggerProvider
12:18:51.188 [main] DEBUG o.h.jpa.HibernatePersistenceProvider - Located and parsed 2 persistence units; checking each
12:18:51.188 [main] DEBUG o.h.jpa.HibernatePersistenceProvider - Checking persistence-unit [name=HomeworkS3D3, explicit-provider=null] against incoming persistence unit name [BuildWeek_4]
12:18:51.188 [main] DEBUG o.h.jpa.HibernatePersistenceProvider - Excluding from consideration due to name mis-match
12:18:51.188 [main] DEBUG o.h.jpa.HibernatePersistenceProvider - Checking persistence-unit [name=BuildWeek_4, explicit-provider=null] against incoming persistence unit name [BuildWeek_4]
12:18:51.188 [main] DEBUG o.h.jpa.boot.spi.ProviderChecker - No PersistenceProvider explicitly requested, assuming Hibernate
12:18:51.191 [main] DEBUG o.h.jpa.internal.util.LogHelper - PersistenceUnitInfo [
	name: BuildWeek_4
	persistence provider classname: null
	classloader: null
	excludeUnlistedClasses: false
	JTA datasource: null
	Non JTA datasource: null
	Transaction type: RESOURCE_LOCAL
	PU root URL: file:/C:/Users/total/Desktop/All/Epicode/fs0223-Luca-Sernicola-BackEnd/BuildWeek_4/target/classes/
	Shared Cache Mode: null
	Validation Mode: null
	Jar files URLs []
	Managed classes names []
	Mapping files names []
	Properties [
		javax.persistence.jdbc.driver: org.postgresql.Driver
		javax.persistence.jdbc.password: root
		hibernate.dialect: org.hibernate.dialect.PostgreSQLDialect
		javax.persistence.jdbc.url: jdbc:postgresql://localhost:5432/BuildWeek
		hibernate.hbm2ddl.auto: update
		javax.persistence.jdbc.user: postgres]
12:18:51.194 [main] DEBUG o.h.i.internal.IntegratorServiceImpl - Adding Integrator [org.hibernate.cfg.beanvalidation.BeanValidationIntegrator].
12:18:51.195 [main] DEBUG o.h.i.internal.IntegratorServiceImpl - Adding Integrator [org.hibernate.secure.spi.JaccIntegrator].
12:18:51.198 [main] DEBUG o.h.i.internal.IntegratorServiceImpl - Adding Integrator [org.hibernate.cache.internal.CollectionCacheInvalidator].
12:18:51.220 [main] INFO  org.hibernate.Version - HHH000412: Hibernate ORM core version 5.6.15.Final
12:18:51.221 [main] DEBUG org.hibernate.cfg.Environment - HHH000206: hibernate.properties not found
12:18:51.321 [main] DEBUG o.h.service.spi.ServiceBinding - Overriding existing service binding [org.hibernate.secure.spi.JaccService]
12:18:51.329 [main] DEBUG o.h.c.i.RegionFactoryInitiator - Cannot default RegionFactory based on registered strategies as `[]` RegionFactory strategies were registered
12:18:51.329 [main] DEBUG o.h.c.i.RegionFactoryInitiator - Cache region factory : org.hibernate.cache.internal.NoCachingRegionFactory
12:18:51.340 [main] INFO  o.h.annotations.common.Version - HCANN000001: Hibernate Commons Annotations {5.1.2.Final}
12:18:51.394 [main] DEBUG o.hibernate.type.BasicTypeRegistry - Adding type registration boolean -> org.hibernate.type.BooleanType@726e5805
12:18:51.394 [main] DEBUG o.hibernate.type.BasicTypeRegistry - Adding type registration boolean -> org.hibernate.type.BooleanType@726e5805
12:18:51.394 [main] DEBUG o.hibernate.type.BasicTypeRegistry - Adding type registration java.lang.Boolean -> org.hibernate.type.BooleanType@726e5805
12:18:51.394 [main] DEBUG o.hibernate.type.BasicTypeRegistry - Adding type registration numeric_boolean -> org.hibernate.type.NumericBooleanType@e077866
12:18:51.395 [main] DEBUG o.hibernate.type.BasicTypeRegistry - Adding type registration true_false -> org.hibernate.type.TrueFalseType@a8e6492
12:18:51.395 [main] DEBUG o.hibernate.type.BasicTypeRegistry - Adding type registration yes_no -> org.hibernate.type.YesNoType@2e11485
12:18:51.396 [main] DEBUG o.hibernate.type.BasicTypeRegistry - Adding type registration byte -> org.hibernate.type.ByteType@75c9e76b
12:18:51.396 [main] DEBUG o.hibernate.type.BasicTypeRegistry - Adding type registration byte -> org.hibernate.type.ByteType@75c9e76b
12:18:51.396 [main] DEBUG o.hibernate.type.BasicTypeRegistry - Adding type registration java.lang.Byte -> org.hibernate.type.ByteType@75c9e76b
12:18:51.396 [main] DEBUG o.hibernate.type.BasicTypeRegistry - Adding type registration character -> org.hibernate.type.CharacterType@12bcd0c0
12:18:51.396 [main] DEBUG o.hibernate.type.BasicTypeRegistry - Adding type registration char -> org.hibernate.type.CharacterType@12bcd0c0
12:18:51.396 [main] DEBUG o.hibernate.type.BasicTypeRegistry - Adding type registration java.lang.Character -> org.hibernate.type.CharacterType@12bcd0c0
12:18:51.396 [main] DEBUG o.hibernate.type.BasicTypeRegistry - Adding type registration short -> org.hibernate.type.ShortType@58ebfd03
12:18:51.396 [main] DEBUG o.hibernate.type.BasicTypeRegistry - Adding type registration short -> org.hibernate.type.ShortType@58ebfd03
12:18:51.398 [main] DEBUG o.hibernate.type.BasicTypeRegistry - Adding type registration java.lang.Short -> org.hibernate.type.ShortType@58ebfd03
12:18:51.398 [main] DEBUG o.hibernate.type.BasicTypeRegistry - Adding type registration integer -> org.hibernate.type.IntegerType@5c87bfe2
12:18:51.398 [main] DEBUG o.hibernate.type.BasicTypeRegistry - Adding type registration int -> org.hibernate.type.IntegerType@5c87bfe2
12:18:51.398 [main] DEBUG o.hibernate.type.BasicTypeRegistry - Adding type registration java.lang.Integer -> org.hibernate.type.IntegerType@5c87bfe2
12:18:51.399 [main] DEBUG o.hibernate.type.BasicTypeRegistry - Adding type registration long -> org.hibernate.type.LongType@7a791b66
12:18:51.399 [main] DEBUG o.hibernate.type.BasicTypeRegistry - Adding type registration long -> org.hibernate.type.LongType@7a791b66
12:18:51.399 [main] DEBUG o.hibernate.type.BasicTypeRegistry - Adding type registration java.lang.Long -> org.hibernate.type.LongType@7a791b66
12:18:51.399 [main] DEBUG o.hibernate.type.BasicTypeRegistry - Adding type registration float -> org.hibernate.type.FloatType@4fc5e095
12:18:51.399 [main] DEBUG o.hibernate.type.BasicTypeRegistry - Adding type registration float -> org.hibernate.type.FloatType@4fc5e095
12:18:51.399 [main] DEBUG o.hibernate.type.BasicTypeRegistry - Adding type registration java.lang.Float -> org.hibernate.type.FloatType@4fc5e095
12:18:51.399 [main] DEBUG o.hibernate.type.BasicTypeRegistry - Adding type registration double -> org.hibernate.type.DoubleType@62ea3440
12:18:51.400 [main] DEBUG o.hibernate.type.BasicTypeRegistry - Adding type registration double -> org.hibernate.type.DoubleType@62ea3440
12:18:51.400 [main] DEBUG o.hibernate.type.BasicTypeRegistry - Adding type registration java.lang.Double -> org.hibernate.type.DoubleType@62ea3440
12:18:51.400 [main] DEBUG o.hibernate.type.BasicTypeRegistry - Adding type registration big_decimal -> org.hibernate.type.BigDecimalType@749c877b
12:18:51.400 [main] DEBUG o.hibernate.type.BasicTypeRegistry - Adding type registration java.math.BigDecimal -> org.hibernate.type.BigDecimalType@749c877b
12:18:51.401 [main] DEBUG o.hibernate.type.BasicTypeRegistry - Adding type registration big_integer -> org.hibernate.type.BigIntegerType@160ac7fb
12:18:51.401 [main] DEBUG o.hibernate.type.BasicTypeRegistry - Adding type registration java.math.BigInteger -> org.hibernate.type.BigIntegerType@160ac7fb
12:18:51.401 [main] DEBUG o.hibernate.type.BasicTypeRegistry - Adding type registration string -> org.hibernate.type.StringType@618c5d94
12:18:51.401 [main] DEBUG o.hibernate.type.BasicTypeRegistry - Adding type registration java.lang.String -> org.hibernate.type.StringType@618c5d94
12:18:51.401 [main] DEBUG o.hibernate.type.BasicTypeRegistry - Adding type registration nstring -> org.hibernate.type.StringNVarcharType@1e63ec0b
12:18:51.402 [main] DEBUG o.hibernate.type.BasicTypeRegistry - Adding type registration ncharacter -> org.hibernate.type.CharacterNCharType@295eaa7c
12:18:51.402 [main] DEBUG o.hibernate.type.BasicTypeRegistry - Adding type registration url -> org.hibernate.type.UrlType@1dd0e7c4
12:18:51.402 [main] DEBUG o.hibernate.type.BasicTypeRegistry - Adding type registration java.net.URL -> org.hibernate.type.UrlType@1dd0e7c4
12:18:51.403 [main] DEBUG o.hibernate.type.BasicTypeRegistry - Adding type registration Duration -> org.hibernate.type.DurationType@37bd68c3
12:18:51.403 [main] DEBUG o.hibernate.type.BasicTypeRegistry - Adding type registration java.time.Duration -> org.hibernate.type.DurationType@37bd68c3
12:18:51.403 [main] DEBUG o.hibernate.type.BasicTypeRegistry - Adding type registration Instant -> org.hibernate.type.InstantType@4bff1903
12:18:51.403 [main] DEBUG o.hibernate.type.BasicTypeRegistry - Adding type registration java.time.Instant -> org.hibernate.type.InstantType@4bff1903
12:18:51.404 [main] DEBUG o.hibernate.type.BasicTypeRegistry - Adding type registration LocalDateTime -> org.hibernate.type.LocalDateTimeType@f79a760
12:18:51.404 [main] DEBUG o.hibernate.type.BasicTypeRegistry - Adding type registration java.time.LocalDateTime -> org.hibernate.type.LocalDateTimeType@f79a760
12:18:51.404 [main] DEBUG o.hibernate.type.BasicTypeRegistry - Adding type registration LocalDate -> org.hibernate.type.LocalDateType@652a7737
12:18:51.404 [main] DEBUG o.hibernate.type.BasicTypeRegistry - Adding type registration java.time.LocalDate -> org.hibernate.type.LocalDateType@652a7737
12:18:51.405 [main] DEBUG o.hibernate.type.BasicTypeRegistry - Adding type registration LocalTime -> org.hibernate.type.LocalTimeType@4e28bdd1
12:18:51.405 [main] DEBUG o.hibernate.type.BasicTypeRegistry - Adding type registration java.time.LocalTime -> org.hibernate.type.LocalTimeType@4e28bdd1
12:18:51.406 [main] DEBUG o.hibernate.type.BasicTypeRegistry - Adding type registration OffsetDateTime -> org.hibernate.type.OffsetDateTimeType@a8c1f44
12:18:51.406 [main] DEBUG o.hibernate.type.BasicTypeRegistry - Adding type registration java.time.OffsetDateTime -> org.hibernate.type.OffsetDateTimeType@a8c1f44
12:18:51.406 [main] DEBUG o.hibernate.type.BasicTypeRegistry - Adding type registration OffsetTime -> org.hibernate.type.OffsetTimeType@78a287ed
12:18:51.406 [main] DEBUG o.hibernate.type.BasicTypeRegistry - Adding type registration java.time.OffsetTime -> org.hibernate.type.OffsetTimeType@78a287ed
12:18:51.406 [main] DEBUG o.hibernate.type.BasicTypeRegistry - Adding type registration ZonedDateTime -> org.hibernate.type.ZonedDateTimeType@2b43529a
12:18:51.406 [main] DEBUG o.hibernate.type.BasicTypeRegistry - Adding type registration java.time.ZonedDateTime -> org.hibernate.type.ZonedDateTimeType@2b43529a
12:18:51.408 [main] DEBUG o.hibernate.type.BasicTypeRegistry - Adding type registration date -> org.hibernate.type.DateType@3829ac1
12:18:51.408 [main] DEBUG o.hibernate.type.BasicTypeRegistry - Adding type registration java.sql.Date -> org.hibernate.type.DateType@3829ac1
12:18:51.409 [main] DEBUG o.hibernate.type.BasicTypeRegistry - Adding type registration time -> org.hibernate.type.TimeType@2dbe250d
12:18:51.409 [main] DEBUG o.hibernate.type.BasicTypeRegistry - Adding type registration java.sql.Time -> org.hibernate.type.TimeType@2dbe250d
12:18:51.409 [main] DEBUG o.hibernate.type.BasicTypeRegistry - Adding type registration timestamp -> org.hibernate.type.TimestampType@47404bea
12:18:51.409 [main] DEBUG o.hibernate.type.BasicTypeRegistry - Adding type registration java.sql.Timestamp -> org.hibernate.type.TimestampType@47404bea
12:18:51.409 [main] DEBUG o.hibernate.type.BasicTypeRegistry - Adding type registration java.util.Date -> org.hibernate.type.TimestampType@47404bea
12:18:51.410 [main] DEBUG o.hibernate.type.BasicTypeRegistry - Adding type registration dbtimestamp -> org.hibernate.type.DbTimestampType@29e6eb25
12:18:51.411 [main] DEBUG o.hibernate.type.BasicTypeRegistry - Adding type registration calendar -> org.hibernate.type.CalendarType@275fe372
12:18:51.412 [main] DEBUG o.hibernate.type.BasicTypeRegistry - Adding type registration java.util.Calendar -> org.hibernate.type.CalendarType@275fe372
12:18:51.412 [main] DEBUG o.hibernate.type.BasicTypeRegistry - Adding type registration java.util.GregorianCalendar -> org.hibernate.type.CalendarType@275fe372
12:18:51.412 [main] DEBUG o.hibernate.type.BasicTypeRegistry - Adding type registration calendar_date -> org.hibernate.type.CalendarDateType@366ef90e
12:18:51.412 [main] DEBUG o.hibernate.type.BasicTypeRegistry - Adding type registration calendar_time -> org.hibernate.type.CalendarTimeType@21aa6d6c
12:18:51.413 [main] DEBUG o.hibernate.type.BasicTypeRegistry - Adding type registration locale -> org.hibernate.type.LocaleType@3f446bef
12:18:51.413 [main] DEBUG o.hibernate.type.BasicTypeRegistry - Adding type registration java.util.Locale -> org.hibernate.type.LocaleType@3f446bef
12:18:51.414 [main] DEBUG o.hibernate.type.BasicTypeRegistry - Adding type registration currency -> org.hibernate.type.CurrencyType@1c80e49b
12:18:51.414 [main] DEBUG o.hibernate.type.BasicTypeRegistry - Adding type registration java.util.Currency -> org.hibernate.type.CurrencyType@1c80e49b
12:18:51.414 [main] DEBUG o.hibernate.type.BasicTypeRegistry - Adding type registration timezone -> org.hibernate.type.TimeZoneType@56f6d40b
12:18:51.414 [main] DEBUG o.hibernate.type.BasicTypeRegistry - Adding type registration java.util.TimeZone -> org.hibernate.type.TimeZoneType@56f6d40b
12:18:51.414 [main] DEBUG o.hibernate.type.BasicTypeRegistry - Adding type registration class -> org.hibernate.type.ClassType@7e3060d8
12:18:51.415 [main] DEBUG o.hibernate.type.BasicTypeRegistry - Adding type registration java.lang.Class -> org.hibernate.type.ClassType@7e3060d8
12:18:51.415 [main] DEBUG o.hibernate.type.BasicTypeRegistry - Adding type registration uuid-binary -> org.hibernate.type.UUIDBinaryType@2e54db99
12:18:51.415 [main] DEBUG o.hibernate.type.BasicTypeRegistry - Adding type registration java.util.UUID -> org.hibernate.type.UUIDBinaryType@2e54db99
12:18:51.415 [main] DEBUG o.hibernate.type.BasicTypeRegistry - Adding type registration uuid-char -> org.hibernate.type.UUIDCharType@65a4798f
12:18:51.416 [main] DEBUG o.hibernate.type.BasicTypeRegistry - Adding type registration binary -> org.hibernate.type.BinaryType@773cbf4f
12:18:51.416 [main] DEBUG o.hibernate.type.BasicTypeRegistry - Adding type registration byte[] -> org.hibernate.type.BinaryType@773cbf4f
12:18:51.416 [main] DEBUG o.hibernate.type.BasicTypeRegistry - Adding type registration [B -> org.hibernate.type.BinaryType@773cbf4f
12:18:51.416 [main] DEBUG o.hibernate.type.BasicTypeRegistry - Adding type registration wrapper-binary -> org.hibernate.type.WrapperBinaryType@69637b10
12:18:51.416 [main] DEBUG o.hibernate.type.BasicTypeRegistry - Adding type registration Byte[] -> org.hibernate.type.WrapperBinaryType@69637b10
12:18:51.416 [main] DEBUG o.hibernate.type.BasicTypeRegistry - Adding type registration [Ljava.lang.Byte; -> org.hibernate.type.WrapperBinaryType@69637b10
12:18:51.416 [main] DEBUG o.hibernate.type.BasicTypeRegistry - Adding type registration row_version -> org.hibernate.type.RowVersionType@470a696f
12:18:51.418 [main] DEBUG o.hibernate.type.BasicTypeRegistry - Adding type registration image -> org.hibernate.type.ImageType@3f1c5af9
12:18:51.418 [main] DEBUG o.hibernate.type.BasicTypeRegistry - Adding type registration characters -> org.hibernate.type.CharArrayType@1de5f0ef
12:18:51.418 [main] DEBUG o.hibernate.type.BasicTypeRegistry - Adding type registration char[] -> org.hibernate.type.CharArrayType@1de5f0ef
12:18:51.418 [main] DEBUG o.hibernate.type.BasicTypeRegistry - Adding type registration [C -> org.hibernate.type.CharArrayType@1de5f0ef
12:18:51.419 [main] DEBUG o.hibernate.type.BasicTypeRegistry - Adding type registration wrapper-characters -> org.hibernate.type.CharacterArrayType@3ce3db41
12:18:51.419 [main] DEBUG o.hibernate.type.BasicTypeRegistry - Adding type registration [Ljava.lang.Character; -> org.hibernate.type.CharacterArrayType@3ce3db41
12:18:51.419 [main] DEBUG o.hibernate.type.BasicTypeRegistry - Adding type registration Character[] -> org.hibernate.type.CharacterArrayType@3ce3db41
12:18:51.419 [main] DEBUG o.hibernate.type.BasicTypeRegistry - Adding type registration text -> org.hibernate.type.TextType@2c3dec30
12:18:51.419 [main] DEBUG o.hibernate.type.BasicTypeRegistry - Adding type registration ntext -> org.hibernate.type.NTextType@3fc9dfc5
12:18:51.420 [main] DEBUG o.hibernate.type.BasicTypeRegistry - Adding type registration blob -> org.hibernate.type.BlobType@4ba534b0
12:18:51.420 [main] DEBUG o.hibernate.type.BasicTypeRegistry - Adding type registration java.sql.Blob -> org.hibernate.type.BlobType@4ba534b0
12:18:51.420 [main] DEBUG o.hibernate.type.BasicTypeRegistry - Adding type registration materialized_blob -> org.hibernate.type.MaterializedBlobType@4e517165
12:18:51.421 [main] DEBUG o.hibernate.type.BasicTypeRegistry - Adding type registration clob -> org.hibernate.type.ClobType@34625ccd
12:18:51.421 [main] DEBUG o.hibernate.type.BasicTypeRegistry - Adding type registration java.sql.Clob -> org.hibernate.type.ClobType@34625ccd
12:18:51.422 [main] DEBUG o.hibernate.type.BasicTypeRegistry - Adding type registration nclob -> org.hibernate.type.NClobType@346939bf
12:18:51.422 [main] DEBUG o.hibernate.type.BasicTypeRegistry - Adding type registration java.sql.NClob -> org.hibernate.type.NClobType@346939bf
12:18:51.422 [main] DEBUG o.hibernate.type.BasicTypeRegistry - Adding type registration materialized_clob -> org.hibernate.type.MaterializedClobType@9bd0fa6
12:18:51.422 [main] DEBUG o.hibernate.type.BasicTypeRegistry - Adding type registration materialized_nclob -> org.hibernate.type.MaterializedNClobType@f6c03cb
12:18:51.423 [main] DEBUG o.hibernate.type.BasicTypeRegistry - Adding type registration serializable -> org.hibernate.type.SerializableType@1c9f0a20
12:18:51.425 [main] DEBUG o.hibernate.type.BasicTypeRegistry - Adding type registration object -> org.hibernate.type.ObjectType@4ae33a11
12:18:51.425 [main] DEBUG o.hibernate.type.BasicTypeRegistry - Adding type registration java.lang.Object -> org.hibernate.type.ObjectType@4ae33a11
12:18:51.425 [main] DEBUG o.hibernate.type.BasicTypeRegistry - Adding type registration imm_date -> org.hibernate.type.AdaptedImmutableType@5049d8b2
12:18:51.425 [main] DEBUG o.hibernate.type.BasicTypeRegistry - Adding type registration imm_time -> org.hibernate.type.AdaptedImmutableType@6d0b5baf
12:18:51.425 [main] DEBUG o.hibernate.type.BasicTypeRegistry - Adding type registration imm_timestamp -> org.hibernate.type.AdaptedImmutableType@631e06ab
12:18:51.425 [main] DEBUG o.hibernate.type.BasicTypeRegistry - Adding type registration imm_dbtimestamp -> org.hibernate.type.AdaptedImmutableType@2a3591c5
12:18:51.425 [main] DEBUG o.hibernate.type.BasicTypeRegistry - Adding type registration imm_calendar -> org.hibernate.type.AdaptedImmutableType@34a75079
12:18:51.425 [main] DEBUG o.hibernate.type.BasicTypeRegistry - Adding type registration imm_calendar_date -> org.hibernate.type.AdaptedImmutableType@346a361
12:18:51.425 [main] DEBUG o.hibernate.type.BasicTypeRegistry - Adding type registration imm_binary -> org.hibernate.type.AdaptedImmutableType@107ed6fc
12:18:51.425 [main] DEBUG o.hibernate.type.BasicTypeRegistry - Adding type registration imm_serializable -> org.hibernate.type.AdaptedImmutableType@1643d68f
12:18:51.432 [main] DEBUG o.h.b.internal.BootstrapContextImpl - Injecting ScanEnvironment [org.hibernate.jpa.boot.internal.StandardJpaScanEnvironmentImpl@c7a975a] into BootstrapContext; was [null]
12:18:51.432 [main] DEBUG o.h.b.internal.BootstrapContextImpl - Injecting ScanOptions [org.hibernate.boot.archive.scan.internal.StandardScanOptions@2c1b9e4b] into BootstrapContext; was [org.hibernate.boot.archive.scan.internal.StandardScanOptions@757d6814]
12:18:51.464 [main] DEBUG o.h.b.internal.BootstrapContextImpl - Injecting JPA temp ClassLoader [null] into BootstrapContext; was [null]
12:18:51.465 [main] DEBUG o.h.b.internal.ClassLoaderAccessImpl - ClassLoaderAccessImpl#injectTempClassLoader(null) [was null]
12:18:51.471 [main] DEBUG o.h.i.f.i.DefaultIdentifierGeneratorFactory - Registering IdentifierGenerator strategy [uuid2] -> [org.hibernate.id.UUIDGenerator]
12:18:51.471 [main] DEBUG o.h.i.f.i.DefaultIdentifierGeneratorFactory - Registering IdentifierGenerator strategy [guid] -> [org.hibernate.id.GUIDGenerator]
12:18:51.471 [main] DEBUG o.h.i.f.i.DefaultIdentifierGeneratorFactory - Registering IdentifierGenerator strategy [uuid] -> [org.hibernate.id.UUIDHexGenerator]
12:18:51.471 [main] DEBUG o.h.i.f.i.DefaultIdentifierGeneratorFactory - Registering IdentifierGenerator strategy [uuid.hex] -> [org.hibernate.id.UUIDHexGenerator]
12:18:51.471 [main] DEBUG o.h.i.f.i.DefaultIdentifierGeneratorFactory - Registering IdentifierGenerator strategy [assigned] -> [org.hibernate.id.Assigned]
12:18:51.472 [main] DEBUG o.h.i.f.i.DefaultIdentifierGeneratorFactory - Registering IdentifierGenerator strategy [identity] -> [org.hibernate.id.IdentityGenerator]
12:18:51.472 [main] DEBUG o.h.i.f.i.DefaultIdentifierGeneratorFactory - Registering IdentifierGenerator strategy [select] -> [org.hibernate.id.SelectGenerator]
12:18:51.473 [main] DEBUG o.h.i.f.i.DefaultIdentifierGeneratorFactory - Registering IdentifierGenerator strategy [sequence] -> [org.hibernate.id.enhanced.SequenceStyleGenerator]
12:18:51.473 [main] DEBUG o.h.i.f.i.DefaultIdentifierGeneratorFactory - Registering IdentifierGenerator strategy [seqhilo] -> [org.hibernate.id.SequenceHiLoGenerator]
12:18:51.474 [main] DEBUG o.h.i.f.i.DefaultIdentifierGeneratorFactory - Registering IdentifierGenerator strategy [increment] -> [org.hibernate.id.IncrementGenerator]
12:18:51.474 [main] DEBUG o.h.i.f.i.DefaultIdentifierGeneratorFactory - Registering IdentifierGenerator strategy [foreign] -> [org.hibernate.id.ForeignGenerator]
12:18:51.474 [main] DEBUG o.h.i.f.i.DefaultIdentifierGeneratorFactory - Registering IdentifierGenerator strategy [sequence-identity] -> [org.hibernate.id.SequenceIdentityGenerator]
12:18:51.474 [main] DEBUG o.h.i.f.i.DefaultIdentifierGeneratorFactory - Registering IdentifierGenerator strategy [enhanced-sequence] -> [org.hibernate.id.enhanced.SequenceStyleGenerator]
12:18:51.475 [main] DEBUG o.h.i.f.i.DefaultIdentifierGeneratorFactory - Registering IdentifierGenerator strategy [enhanced-table] -> [org.hibernate.id.enhanced.TableGenerator]
12:18:51.477 [main] WARN  o.hibernate.orm.connections.pooling - HHH10001002: Using Hibernate built-in connection pool (not for production use!)
12:18:51.480 [main] INFO  o.hibernate.orm.connections.pooling - HHH10001005: using driver [org.postgresql.Driver] at URL [jdbc:postgresql://localhost:5432/BuildWeek]
12:18:51.480 [main] INFO  o.hibernate.orm.connections.pooling - HHH10001001: Connection properties: {password=root, user=postgres}
12:18:51.480 [main] INFO  o.hibernate.orm.connections.pooling - HHH10001003: Autocommit mode: false
12:18:51.482 [main] DEBUG o.h.e.j.c.i.DriverManagerConnectionProviderImpl - Initializing Connection pool with 1 Connections
12:18:51.482 [main] INFO  o.h.e.j.c.i.DriverManagerConnectionProviderImpl - HHH000115: Hibernate connection pool size: 20 (min=1)
12:18:51.633 [main] DEBUG o.h.e.j.e.i.JdbcEnvironmentInitiator - Database ->
       name : PostgreSQL
    version : 15.3
      major : 15
      minor : 3
12:18:51.633 [main] DEBUG o.h.e.j.e.i.JdbcEnvironmentInitiator - Driver ->
       name : PostgreSQL JDBC Driver
    version : 42.6.0
      major : 42
      minor : 6
12:18:51.633 [main] DEBUG o.h.e.j.e.i.JdbcEnvironmentInitiator - JDBC version : 4.2
12:18:51.641 [main] INFO  org.hibernate.dialect.Dialect - HHH000400: Using dialect: org.hibernate.dialect.PostgreSQLDialect
12:18:51.649 [main] DEBUG o.h.e.j.e.s.IdentifierHelperBuilder - JDBC driver metadata reported database stores quoted identifiers in neither upper, lower nor mixed case
12:18:51.668 [main] DEBUG o.hibernate.type.BasicTypeRegistry - Adding type registration pg-uuid -> org.hibernate.type.PostgresUUIDType@f9b5552
12:18:51.668 [main] DEBUG o.hibernate.type.BasicTypeRegistry - Adding type registration java.util.UUID -> org.hibernate.type.PostgresUUIDType@f9b5552
12:18:51.668 [main] DEBUG o.hibernate.type.BasicTypeRegistry - HHH000270: Type registration [java.util.UUID] overrides previous : org.hibernate.type.UUIDBinaryType@2e54db99
12:18:51.669 [main] DEBUG o.h.type.spi.TypeConfiguration$Scope - Scoping TypeConfiguration [org.hibernate.type.spi.TypeConfiguration@27b22f74] to MetadataBuildingContext [org.hibernate.boot.internal.MetadataBuildingContextRootImpl@22fba58c]
12:18:51.690 [main] DEBUG o.h.boot.model.relational.Namespace - Created database namespace [logicalName=Name{catalog=null, schema=null}, physicalName=Name{catalog=null, schema=null}]
12:18:51.699 [main] DEBUG org.hibernate.cfg.AnnotationBinder - Binding entity from annotated class: Abstract.TicketSeller
12:18:51.708 [main] DEBUG org.hibernate.cfg.Ejb3Column - Binding column: Ejb3DiscriminatorColumn{logicalColumnName'Elementi', discriminatorTypeName='string'}
12:18:51.711 [main] DEBUG o.h.cfg.annotations.EntityBinder - Import with entity name TicketSeller
12:18:51.714 [main] DEBUG o.h.cfg.annotations.EntityBinder - Bind entity Abstract.TicketSeller on table TicketSeller
12:18:51.730 [main] DEBUG org.hibernate.cfg.Ejb3Column - Binding column: Ejb3Column{table=org.hibernate.mapping.Table(TicketSeller), mappingColumn=id, insertable=true, updatable=true, unique=false}
12:18:51.731 [main] DEBUG o.h.b.internal.ClassLoaderAccessImpl - Not known whether passed class name [Abstract.TicketSeller] is safe
12:18:51.731 [main] DEBUG o.h.b.internal.ClassLoaderAccessImpl - No temp ClassLoader provided; using live ClassLoader for loading potentially unsafe class : Abstract.TicketSeller
12:18:51.732 [main] DEBUG o.h.cfg.annotations.PropertyBinder - MetadataSourceProcessor property id with lazy=false
12:18:51.733 [main] DEBUG o.h.cfg.AbstractPropertyHolder - Attempting to locate auto-apply AttributeConverter for property [Abstract.TicketSeller:id]
12:18:51.734 [main] DEBUG o.h.c.annotations.SimpleValueBinder - building SimpleValue for id
12:18:51.734 [main] DEBUG o.h.cfg.annotations.PropertyBinder - Building property id
12:18:51.737 [main] DEBUG org.hibernate.cfg.BinderHelper - #makeIdGenerator(org.hibernate.mapping.SimpleValue([org.hibernate.mapping.Column(id)]), id, org.hibernate.id.enhanced.SequenceStyleGenerator, elCat_seq, ...)
12:18:51.738 [main] DEBUG org.hibernate.cfg.Ejb3Column - Binding column: Ejb3Column{table=org.hibernate.mapping.Table(TicketSeller), mappingColumn=seller_name, insertable=true, updatable=true, unique=false}
12:18:51.738 [main] DEBUG o.h.cfg.annotations.PropertyBinder - MetadataSourceProcessor property name with lazy=false
12:18:51.738 [main] DEBUG o.h.cfg.AbstractPropertyHolder - Attempting to locate auto-apply AttributeConverter for property [Abstract.TicketSeller:name]
12:18:51.738 [main] DEBUG o.h.c.annotations.SimpleValueBinder - building SimpleValue for name
12:18:51.738 [main] DEBUG o.h.cfg.annotations.PropertyBinder - Building property name
12:18:51.738 [main] DEBUG org.hibernate.cfg.Ejb3Column - Binding column: Ejb3JoinColumn{logicalColumnName='null', referencedColumn='null', mappedBy=''}
12:18:51.738 [main] DEBUG org.hibernate.cfg.Ejb3Column - Binding column: Ejb3Column{table=org.hibernate.mapping.Table(TicketSeller), mappingColumn=passes, insertable=true, updatable=true, unique=false}
12:18:51.740 [main] DEBUG org.hibernate.cfg.Ejb3Column - Binding column: Ejb3Column{table=org.hibernate.mapping.Table(TicketSeller), mappingColumn=null, insertable=true, updatable=true, unique=false}
12:18:51.745 [main] DEBUG org.hibernate.cfg.Ejb3Column - Binding column: Ejb3Column{table=org.hibernate.mapping.Table(TicketSeller), mappingColumn=element, insertable=true, updatable=true, unique=false}
12:18:51.745 [main] DEBUG org.hibernate.cfg.Ejb3Column - Binding column: Ejb3Column{table=org.hibernate.mapping.Table(TicketSeller), mappingColumn=passes_KEY, insertable=true, updatable=true, unique=false}
12:18:51.745 [main] DEBUG org.hibernate.cfg.Ejb3Column - Binding column: Ejb3JoinColumn{logicalColumnName='passes_KEY', referencedColumn='null', mappedBy='null'}
12:18:51.746 [main] DEBUG org.hibernate.cfg.Ejb3Column - Binding column: Ejb3JoinColumn{logicalColumnName='null', referencedColumn='null', mappedBy=''}
12:18:51.746 [main] DEBUG org.hibernate.cfg.Ejb3Column - Binding column: Ejb3JoinColumn{logicalColumnName='null', referencedColumn='null', mappedBy=''}
12:18:51.746 [main] DEBUG o.h.cfg.annotations.CollectionBinder - Collection role: Abstract.TicketSeller.passes
12:18:51.747 [main] DEBUG o.h.cfg.annotations.PropertyBinder - Building property passes
12:18:51.748 [main] DEBUG org.hibernate.cfg.Ejb3Column - Binding column: Ejb3JoinColumn{logicalColumnName='null', referencedColumn='null', mappedBy=''}
12:18:51.748 [main] DEBUG org.hibernate.cfg.Ejb3Column - Binding column: Ejb3Column{table=org.hibernate.mapping.Table(TicketSeller), mappingColumn=tickets, insertable=true, updatable=true, unique=false}
12:18:51.748 [main] DEBUG org.hibernate.cfg.Ejb3Column - Binding column: Ejb3Column{table=org.hibernate.mapping.Table(TicketSeller), mappingColumn=null, insertable=true, updatable=true, unique=false}
12:18:51.748 [main] DEBUG org.hibernate.cfg.Ejb3Column - Binding column: Ejb3Column{table=org.hibernate.mapping.Table(TicketSeller), mappingColumn=element, insertable=true, updatable=true, unique=false}
12:18:51.748 [main] DEBUG org.hibernate.cfg.Ejb3Column - Binding column: Ejb3Column{table=org.hibernate.mapping.Table(TicketSeller), mappingColumn=tickets_KEY, insertable=true, updatable=true, unique=false}
12:18:51.748 [main] DEBUG org.hibernate.cfg.Ejb3Column - Binding column: Ejb3JoinColumn{logicalColumnName='tickets_KEY', referencedColumn='null', mappedBy='null'}
12:18:51.748 [main] DEBUG org.hibernate.cfg.Ejb3Column - Binding column: Ejb3JoinColumn{logicalColumnName='null', referencedColumn='null', mappedBy=''}
12:18:51.748 [main] DEBUG org.hibernate.cfg.Ejb3Column - Binding column: Ejb3JoinColumn{logicalColumnName='null', referencedColumn='null', mappedBy=''}
12:18:51.748 [main] DEBUG o.h.cfg.annotations.CollectionBinder - Collection role: Abstract.TicketSeller.tickets
12:18:51.748 [main] DEBUG o.h.cfg.annotations.PropertyBinder - Building property tickets
12:18:51.751 [main] DEBUG org.hibernate.cfg.AnnotationBinder - Binding entity from annotated class: Classes.Card
12:18:51.751 [main] DEBUG org.hibernate.cfg.Ejb3Column - Binding column: Ejb3DiscriminatorColumn{logicalColumnName'DTYPE', discriminatorTypeName='string'}
12:18:51.751 [main] DEBUG o.h.cfg.annotations.EntityBinder - Import with entity name Card
12:18:51.751 [main] DEBUG o.h.cfg.annotations.EntityBinder - Bind entity Classes.Card on table Card
12:18:51.752 [main] DEBUG org.hibernate.cfg.Ejb3Column - Binding column: Ejb3Column{table=org.hibernate.mapping.Table(Card), mappingColumn=id, insertable=true, updatable=true, unique=false}
12:18:51.752 [main] DEBUG o.h.b.internal.ClassLoaderAccessImpl - Not known whether passed class name [Classes.Card] is safe
12:18:51.752 [main] DEBUG o.h.b.internal.ClassLoaderAccessImpl - No temp ClassLoader provided; using live ClassLoader for loading potentially unsafe class : Classes.Card
12:18:51.752 [main] DEBUG o.h.cfg.annotations.PropertyBinder - MetadataSourceProcessor property id with lazy=false
12:18:51.752 [main] DEBUG o.h.cfg.AbstractPropertyHolder - Attempting to locate auto-apply AttributeConverter for property [Classes.Card:id]
12:18:51.753 [main] DEBUG o.h.c.annotations.SimpleValueBinder - building SimpleValue for id
12:18:51.753 [main] DEBUG o.h.cfg.annotations.PropertyBinder - Building property id
12:18:51.753 [main] DEBUG org.hibernate.cfg.BinderHelper - #makeIdGenerator(org.hibernate.mapping.SimpleValue([org.hibernate.mapping.Column(id)]), id, identity, , ...)
12:18:51.753 [main] DEBUG org.hibernate.cfg.Ejb3Column - Binding column: Ejb3Column{table=org.hibernate.mapping.Table(Card), mappingColumn=emissionDate, insertable=true, updatable=true, unique=false}
12:18:51.753 [main] DEBUG o.h.cfg.annotations.PropertyBinder - MetadataSourceProcessor property emissionDate with lazy=false
12:18:51.753 [main] DEBUG o.h.cfg.AbstractPropertyHolder - Attempting to locate auto-apply AttributeConverter for property [Classes.Card:emissionDate]
12:18:51.753 [main] DEBUG o.h.c.annotations.SimpleValueBinder - building SimpleValue for emissionDate
12:18:51.753 [main] DEBUG o.h.cfg.annotations.PropertyBinder - Building property emissionDate
12:18:51.753 [main] DEBUG org.hibernate.cfg.Ejb3Column - Binding column: Ejb3Column{table=org.hibernate.mapping.Table(Card), mappingColumn=expirationDate, insertable=true, updatable=true, unique=false}
12:18:51.753 [main] DEBUG o.h.cfg.annotations.PropertyBinder - MetadataSourceProcessor property expirationDate with lazy=false
12:18:51.753 [main] DEBUG o.h.cfg.AbstractPropertyHolder - Attempting to locate auto-apply AttributeConverter for property [Classes.Card:expirationDate]
12:18:51.753 [main] DEBUG o.h.c.annotations.SimpleValueBinder - building SimpleValue for expirationDate
12:18:51.753 [main] DEBUG o.h.cfg.annotations.PropertyBinder - Building property expirationDate
12:18:51.754 [main] DEBUG org.hibernate.cfg.Ejb3Column - Binding column: Ejb3JoinColumn{logicalColumnName='null', referencedColumn='null', mappedBy=''}
12:18:51.754 [main] DEBUG org.hibernate.cfg.Ejb3Column - Binding column: Ejb3Column{table=org.hibernate.mapping.Table(Card), mappingColumn=person, insertable=true, updatable=true, unique=false}
12:18:51.755 [main] DEBUG o.h.cfg.annotations.PropertyBinder - Building property person
12:18:51.755 [main] DEBUG org.hibernate.cfg.AnnotationBinder - Binding entity from annotated class: Classes.Person
12:18:51.755 [main] DEBUG org.hibernate.cfg.Ejb3Column - Binding column: Ejb3DiscriminatorColumn{logicalColumnName'DTYPE', discriminatorTypeName='string'}
12:18:51.755 [main] DEBUG o.h.cfg.annotations.EntityBinder - Import with entity name Person
12:18:51.756 [main] DEBUG o.h.cfg.annotations.EntityBinder - Bind entity Classes.Person on table Person
12:18:51.756 [main] DEBUG org.hibernate.cfg.Ejb3Column - Binding column: Ejb3Column{table=org.hibernate.mapping.Table(Person), mappingColumn=id, insertable=true, updatable=true, unique=false}
12:18:51.756 [main] DEBUG o.h.b.internal.ClassLoaderAccessImpl - Not known whether passed class name [Classes.Person] is safe
12:18:51.756 [main] DEBUG o.h.b.internal.ClassLoaderAccessImpl - No temp ClassLoader provided; using live ClassLoader for loading potentially unsafe class : Classes.Person
12:18:51.756 [main] DEBUG o.h.cfg.annotations.PropertyBinder - MetadataSourceProcessor property id with lazy=false
12:18:51.756 [main] DEBUG o.h.cfg.AbstractPropertyHolder - Attempting to locate auto-apply AttributeConverter for property [Classes.Person:id]
12:18:51.756 [main] DEBUG o.h.c.annotations.SimpleValueBinder - building SimpleValue for id
12:18:51.756 [main] DEBUG o.h.cfg.annotations.PropertyBinder - Building property id
12:18:51.756 [main] DEBUG org.hibernate.cfg.BinderHelper - #makeIdGenerator(org.hibernate.mapping.SimpleValue([org.hibernate.mapping.Column(id)]), id, identity, , ...)
12:18:51.756 [main] DEBUG org.hibernate.cfg.Ejb3Column - Binding column: Ejb3Column{table=org.hibernate.mapping.Table(Person), mappingColumn=birthdate, insertable=true, updatable=true, unique=false}
12:18:51.756 [main] DEBUG o.h.cfg.annotations.PropertyBinder - MetadataSourceProcessor property birthdate with lazy=false
12:18:51.756 [main] DEBUG o.h.cfg.AbstractPropertyHolder - Attempting to locate auto-apply AttributeConverter for property [Classes.Person:birthdate]
12:18:51.756 [main] DEBUG o.h.c.annotations.SimpleValueBinder - building SimpleValue for birthdate
12:18:51.756 [main] DEBUG o.h.cfg.annotations.PropertyBinder - Building property birthdate
12:18:51.756 [main] DEBUG org.hibernate.cfg.Ejb3Column - Binding column: Ejb3JoinColumn{logicalColumnName='null', referencedColumn='null', mappedBy=''}
12:18:51.756 [main] DEBUG org.hibernate.cfg.Ejb3Column - Binding column: Ejb3Column{table=org.hibernate.mapping.Table(Person), mappingColumn=cardNum, insertable=true, updatable=true, unique=false}
12:18:51.756 [main] DEBUG o.h.cfg.annotations.PropertyBinder - Building property cardNum
12:18:51.756 [main] DEBUG org.hibernate.cfg.Ejb3Column - Binding column: Ejb3Column{table=org.hibernate.mapping.Table(Person), mappingColumn=firstName, insertable=true, updatable=true, unique=false}
12:18:51.756 [main] DEBUG o.h.cfg.annotations.PropertyBinder - MetadataSourceProcessor property firstName with lazy=false
12:18:51.756 [main] DEBUG o.h.cfg.AbstractPropertyHolder - Attempting to locate auto-apply AttributeConverter for property [Classes.Person:firstName]
12:18:51.756 [main] DEBUG o.h.c.annotations.SimpleValueBinder - building SimpleValue for firstName
12:18:51.756 [main] DEBUG o.h.cfg.annotations.PropertyBinder - Building property firstName
12:18:51.758 [main] DEBUG org.hibernate.cfg.Ejb3Column - Binding column: Ejb3Column{table=org.hibernate.mapping.Table(Person), mappingColumn=lastName, insertable=true, updatable=true, unique=false}
12:18:51.758 [main] DEBUG o.h.cfg.annotations.PropertyBinder - MetadataSourceProcessor property lastName with lazy=false
12:18:51.758 [main] DEBUG o.h.cfg.AbstractPropertyHolder - Attempting to locate auto-apply AttributeConverter for property [Classes.Person:lastName]
12:18:51.758 [main] DEBUG o.h.c.annotations.SimpleValueBinder - building SimpleValue for lastName
12:18:51.758 [main] DEBUG o.h.cfg.annotations.PropertyBinder - Building property lastName
12:18:51.758 [main] DEBUG org.hibernate.cfg.AnnotationBinder - Binding entity from annotated class: Classes.Ticket
12:18:51.758 [main] DEBUG org.hibernate.cfg.Ejb3Column - Binding column: Ejb3DiscriminatorColumn{logicalColumnName'DTYPE', discriminatorTypeName='string'}
12:18:51.758 [main] DEBUG o.h.cfg.annotations.EntityBinder - Import with entity name Ticket
12:18:51.758 [main] DEBUG o.h.cfg.annotations.EntityBinder - Bind entity Classes.Ticket on table Ticket
12:18:51.759 [main] DEBUG org.hibernate.cfg.Ejb3Column - Binding column: Ejb3Column{table=org.hibernate.mapping.Table(Ticket), mappingColumn=id, insertable=true, updatable=true, unique=false}
12:18:51.760 [main] DEBUG o.h.b.internal.ClassLoaderAccessImpl - Not known whether passed class name [Classes.Ticket] is safe
12:18:51.760 [main] DEBUG o.h.b.internal.ClassLoaderAccessImpl - No temp ClassLoader provided; using live ClassLoader for loading potentially unsafe class : Classes.Ticket
12:18:51.760 [main] DEBUG o.h.cfg.annotations.PropertyBinder - MetadataSourceProcessor property id with lazy=false
12:18:51.760 [main] DEBUG o.h.cfg.AbstractPropertyHolder - Attempting to locate auto-apply AttributeConverter for property [Classes.Ticket:id]
12:18:51.760 [main] DEBUG o.h.c.annotations.SimpleValueBinder - building SimpleValue for id
12:18:51.760 [main] DEBUG o.h.cfg.annotations.PropertyBinder - Building property id
12:18:51.760 [main] DEBUG org.hibernate.cfg.BinderHelper - #makeIdGenerator(org.hibernate.mapping.SimpleValue([org.hibernate.mapping.Column(id)]), id, identity, , ...)
12:18:51.760 [main] DEBUG org.hibernate.cfg.Ejb3Column - Binding column: Ejb3JoinColumn{logicalColumnName='null', referencedColumn='null', mappedBy='null'}
12:18:51.760 [main] DEBUG org.hibernate.cfg.Ejb3Column - Binding column: Ejb3Column{table=org.hibernate.mapping.Table(Ticket), mappingColumn=seller, insertable=true, updatable=true, unique=false}
12:18:51.760 [main] DEBUG o.h.cfg.annotations.PropertyBinder - Building property seller
12:18:51.760 [main] DEBUG org.hibernate.cfg.AnnotationBinder - Binding entity from annotated class: Classes.Pass
12:18:51.761 [main] DEBUG o.h.cfg.annotations.EntityBinder - Import with entity name Pass
12:18:51.762 [main] DEBUG org.hibernate.cfg.Ejb3Column - Binding column: Ejb3JoinColumn{logicalColumnName='null', referencedColumn='null', mappedBy=''}
12:18:51.762 [main] DEBUG org.hibernate.cfg.Ejb3Column - Binding column: Ejb3Column{table=org.hibernate.mapping.Table(Ticket), mappingColumn=person, insertable=true, updatable=true, unique=false}
12:18:51.762 [main] DEBUG o.h.cfg.annotations.PropertyBinder - Building property person
12:18:51.762 [main] DEBUG org.hibernate.cfg.Ejb3Column - Binding column: Ejb3JoinColumn{logicalColumnName='null', referencedColumn='null', mappedBy='null'}
12:18:51.762 [main] DEBUG org.hibernate.cfg.Ejb3Column - Binding column: Ejb3Column{table=org.hibernate.mapping.Table(Ticket), mappingColumn=sellers, insertable=true, updatable=true, unique=false}
12:18:51.762 [main] DEBUG o.h.cfg.annotations.PropertyBinder - Building property sellers
12:18:51.762 [main] DEBUG org.hibernate.cfg.Ejb3Column - Binding column: Ejb3Column{table=org.hibernate.mapping.Table(Ticket), mappingColumn=validity, insertable=true, updatable=true, unique=false}
12:18:51.762 [main] DEBUG o.h.cfg.annotations.PropertyBinder - MetadataSourceProcessor property validity with lazy=false
12:18:51.762 [main] DEBUG o.h.cfg.AbstractPropertyHolder - Attempting to locate auto-apply AttributeConverter for property [Classes.Pass:validity]
12:18:51.764 [main] DEBUG o.h.c.annotations.SimpleValueBinder - building SimpleValue for validity
12:18:51.764 [main] DEBUG o.h.cfg.annotations.PropertyBinder - Building property validity
12:18:51.764 [main] DEBUG org.hibernate.cfg.AnnotationBinder - Binding entity from annotated class: Classes.Shop
12:18:51.764 [main] DEBUG o.h.cfg.annotations.EntityBinder - Import with entity name Shop
12:18:51.765 [main] DEBUG org.hibernate.cfg.AnnotationBinder - Skipping attribute [java.util.List : passes] as it was already processed as part of super hierarchy
12:18:51.765 [main] DEBUG org.hibernate.cfg.Ejb3Column - Binding column: Ejb3JoinColumn{logicalColumnName='null', referencedColumn='null', mappedBy=''}
12:18:51.765 [main] DEBUG org.hibernate.cfg.Ejb3Column - Binding column: Ejb3Column{table=org.hibernate.mapping.Table(TicketSeller), mappingColumn=people, insertable=true, updatable=true, unique=false}
12:18:51.765 [main] DEBUG org.hibernate.cfg.Ejb3Column - Binding column: Ejb3Column{table=org.hibernate.mapping.Table(TicketSeller), mappingColumn=null, insertable=true, updatable=true, unique=false}
12:18:51.765 [main] DEBUG org.hibernate.cfg.Ejb3Column - Binding column: Ejb3Column{table=org.hibernate.mapping.Table(TicketSeller), mappingColumn=element, insertable=true, updatable=true, unique=false}
12:18:51.765 [main] DEBUG org.hibernate.cfg.Ejb3Column - Binding column: Ejb3Column{table=org.hibernate.mapping.Table(TicketSeller), mappingColumn=people_KEY, insertable=true, updatable=true, unique=false}
12:18:51.765 [main] DEBUG org.hibernate.cfg.Ejb3Column - Binding column: Ejb3JoinColumn{logicalColumnName='people_KEY', referencedColumn='null', mappedBy='null'}
12:18:51.765 [main] DEBUG org.hibernate.cfg.Ejb3Column - Binding column: Ejb3JoinColumn{logicalColumnName='null', referencedColumn='null', mappedBy=''}
12:18:51.765 [main] DEBUG org.hibernate.cfg.Ejb3Column - Binding column: Ejb3JoinColumn{logicalColumnName='null', referencedColumn='null', mappedBy=''}
12:18:51.765 [main] DEBUG o.h.cfg.annotations.CollectionBinder - Collection role: Classes.Shop.people
12:18:51.765 [main] DEBUG o.h.cfg.annotations.PropertyBinder - Building property people
12:18:51.765 [main] DEBUG org.hibernate.cfg.AnnotationBinder - Skipping attribute [java.util.List : tickets] as it was already processed as part of super hierarchy
12:18:51.765 [main] DEBUG org.hibernate.cfg.AnnotationBinder - Binding entity from annotated class: Classes.VendingMachine
12:18:51.766 [main] DEBUG o.h.cfg.annotations.EntityBinder - Import with entity name VendingMachine
12:18:51.766 [main] DEBUG org.hibernate.cfg.Ejb3Column - Binding column: Ejb3Column{table=org.hibernate.mapping.Table(TicketSeller), mappingColumn=isWorking, insertable=true, updatable=true, unique=false}
12:18:51.766 [main] DEBUG o.h.cfg.annotations.PropertyBinder - MetadataSourceProcessor property isWorking with lazy=false
12:18:51.766 [main] DEBUG o.h.cfg.AbstractPropertyHolder - Attempting to locate auto-apply AttributeConverter for property [Classes.VendingMachine:isWorking]
12:18:51.766 [main] DEBUG o.h.c.annotations.SimpleValueBinder - building SimpleValue for isWorking
12:18:51.766 [main] DEBUG o.h.cfg.annotations.PropertyBinder - Building property isWorking
12:18:51.767 [main] DEBUG o.h.c.annotations.SimpleValueBinder - Starting fillSimpleValue for id
12:18:51.767 [main] DEBUG o.h.c.annotations.SimpleValueBinder - Starting fillSimpleValue for name
12:18:51.767 [main] DEBUG o.h.c.annotations.SimpleValueBinder - Starting fillSimpleValue for id
12:18:51.767 [main] DEBUG o.h.c.annotations.SimpleValueBinder - Starting fillSimpleValue for emissionDate
12:18:51.767 [main] DEBUG o.h.c.annotations.SimpleValueBinder - Starting fillSimpleValue for expirationDate
12:18:51.768 [main] DEBUG o.h.c.annotations.SimpleValueBinder - Starting fillSimpleValue for id
12:18:51.768 [main] DEBUG o.h.c.annotations.SimpleValueBinder - Starting fillSimpleValue for birthdate
12:18:51.768 [main] DEBUG o.h.c.annotations.SimpleValueBinder - Starting fillSimpleValue for firstName
12:18:51.768 [main] DEBUG o.h.c.annotations.SimpleValueBinder - Starting fillSimpleValue for lastName
12:18:51.768 [main] DEBUG o.h.c.annotations.SimpleValueBinder - Starting fillSimpleValue for id
12:18:51.768 [main] DEBUG o.h.c.annotations.SimpleValueBinder - Starting fillSimpleValue for validity
12:18:51.768 [main] DEBUG o.h.c.annotations.SimpleValueBinder - Starting fillSimpleValue for isWorking
12:18:51.771 [main] DEBUG org.hibernate.mapping.PrimaryKey - Forcing column [id] to be non-null as it is part of the primary key for table [ticketseller]
12:18:51.772 [main] DEBUG org.hibernate.mapping.PrimaryKey - Forcing column [id] to be non-null as it is part of the primary key for table [card]
12:18:51.772 [main] DEBUG org.hibernate.mapping.PrimaryKey - Forcing column [id] to be non-null as it is part of the primary key for table [person]
12:18:51.772 [main] DEBUG org.hibernate.mapping.PrimaryKey - Forcing column [id] to be non-null as it is part of the primary key for table [ticket]
12:18:51.772 [main] DEBUG o.hibernate.cfg.CollectionSecondPass - Second pass for collection: Classes.Shop.people
12:18:51.772 [main] DEBUG o.h.cfg.annotations.CollectionBinder - Binding a OneToMany: Classes.Shop.people through an association table
12:18:51.776 [main] DEBUG o.hibernate.cfg.CollectionSecondPass - Mapped collection key: Shop_id, element: people_id
12:18:51.776 [main] DEBUG o.hibernate.cfg.CollectionSecondPass - Second pass for collection: Abstract.TicketSeller.tickets
12:18:51.776 [main] DEBUG o.h.cfg.annotations.CollectionBinder - Binding a OneToMany: Abstract.TicketSeller.tickets through an association table
12:18:51.776 [main] DEBUG o.hibernate.cfg.CollectionSecondPass - Mapped collection key: TicketSeller_id, element: tickets_id
12:18:51.776 [main] DEBUG o.hibernate.cfg.CollectionSecondPass - Second pass for collection: Abstract.TicketSeller.passes
12:18:51.776 [main] DEBUG o.h.cfg.annotations.CollectionBinder - Binding a OneToMany: Abstract.TicketSeller.passes through an association table
12:18:51.777 [main] DEBUG o.hibernate.cfg.CollectionSecondPass - Mapped collection key: TicketSeller_id, element: passes_id
12:18:51.777 [main] DEBUG o.h.b.i.InFlightMetadataCollectorImpl - Resolving reference to class: Classes.Person
12:18:51.778 [main] DEBUG o.h.b.i.InFlightMetadataCollectorImpl - Resolving reference to class: Classes.Card
12:18:51.778 [main] DEBUG o.h.b.i.InFlightMetadataCollectorImpl - Resolving reference to class: Abstract.TicketSeller
12:18:51.778 [main] DEBUG o.h.b.i.InFlightMetadataCollectorImpl - Resolving reference to class: Classes.Person
12:18:51.778 [main] DEBUG o.h.b.i.InFlightMetadataCollectorImpl - Resolving reference to class: Abstract.TicketSeller
12:18:51.778 [main] DEBUG o.h.b.i.InFlightMetadataCollectorImpl - Resolving reference to class: Classes.Person
12:18:51.778 [main] DEBUG o.h.b.i.InFlightMetadataCollectorImpl - Resolving reference to class: Classes.Shop
12:18:51.778 [main] DEBUG o.h.b.i.InFlightMetadataCollectorImpl - Resolving reference to class: Classes.Ticket
12:18:51.779 [main] DEBUG o.h.b.i.InFlightMetadataCollectorImpl - Resolving reference to class: Abstract.TicketSeller
12:18:51.779 [main] DEBUG o.h.b.i.InFlightMetadataCollectorImpl - Resolving reference to class: Classes.Pass
12:18:51.780 [main] DEBUG o.h.b.i.InFlightMetadataCollectorImpl - Resolving reference to class: Classes.Person
12:18:51.780 [main] DEBUG o.h.b.i.InFlightMetadataCollectorImpl - Resolving reference to class: Classes.Card
12:18:51.780 [main] DEBUG o.h.b.i.InFlightMetadataCollectorImpl - Resolving reference to class: Abstract.TicketSeller
12:18:51.780 [main] DEBUG o.h.b.i.InFlightMetadataCollectorImpl - Resolving reference to class: Classes.Person
12:18:51.780 [main] DEBUG o.h.b.i.InFlightMetadataCollectorImpl - Resolving reference to class: Abstract.TicketSeller
12:18:51.780 [main] DEBUG o.h.b.i.InFlightMetadataCollectorImpl - Resolving reference to class: Classes.Person
12:18:51.780 [main] DEBUG o.h.b.i.InFlightMetadataCollectorImpl - Resolving reference to class: Classes.Shop
12:18:51.780 [main] DEBUG o.h.b.i.InFlightMetadataCollectorImpl - Resolving reference to class: Classes.Ticket
12:18:51.780 [main] DEBUG o.h.b.i.InFlightMetadataCollectorImpl - Resolving reference to class: Abstract.TicketSeller
12:18:51.780 [main] DEBUG o.h.b.i.InFlightMetadataCollectorImpl - Resolving reference to class: Classes.Pass
12:18:51.808 [main] DEBUG o.h.internal.SessionFactoryImpl - Building session factory
12:18:51.810 [main] DEBUG org.hibernate.cfg.Settings - SessionFactory name : null
12:18:51.810 [main] DEBUG org.hibernate.cfg.Settings - Automatic flush during beforeCompletion(): enabled
12:18:51.810 [main] DEBUG org.hibernate.cfg.Settings - Automatic session close at end of transaction: disabled
12:18:51.810 [main] DEBUG org.hibernate.cfg.Settings - Statistics: disabled
12:18:51.810 [main] DEBUG org.hibernate.cfg.Settings - Deleted entity synthetic identifier rollback: disabled
12:18:51.810 [main] DEBUG org.hibernate.cfg.Settings - Default entity-mode: pojo
12:18:51.810 [main] DEBUG org.hibernate.cfg.Settings - Check Nullability in Core (should be disabled when Bean Validation is on): enabled
12:18:51.810 [main] DEBUG org.hibernate.cfg.Settings - Allow initialization of lazy state outside session : disabled
12:18:51.810 [main] DEBUG org.hibernate.cfg.Settings - Using BatchFetchStyle : LEGACY
12:18:51.810 [main] DEBUG org.hibernate.cfg.Settings - Default batch fetch size: -1
12:18:51.810 [main] DEBUG org.hibernate.cfg.Settings - Maximum outer join fetch depth: null
12:18:51.810 [main] DEBUG org.hibernate.cfg.Settings - Default null ordering: NONE
12:18:51.810 [main] DEBUG org.hibernate.cfg.Settings - Order SQL updates by primary key: disabled
12:18:51.810 [main] DEBUG org.hibernate.cfg.Settings - Order SQL inserts for batching: disabled
12:18:51.810 [main] DEBUG org.hibernate.cfg.Settings - multi-tenancy strategy : NONE
12:18:51.810 [main] DEBUG org.hibernate.cfg.Settings - JTA Track by Thread: enabled
12:18:51.810 [main] DEBUG org.hibernate.cfg.Settings - Query language substitutions: {}
12:18:51.810 [main] DEBUG org.hibernate.cfg.Settings - Named query checking : enabled
12:18:51.810 [main] DEBUG org.hibernate.cfg.Settings - Second-level cache: disabled
12:18:51.810 [main] DEBUG org.hibernate.cfg.Settings - Second-level query cache: disabled
12:18:51.810 [main] DEBUG org.hibernate.cfg.Settings - Second-level query cache factory: null
12:18:51.810 [main] DEBUG org.hibernate.cfg.Settings - Second-level cache region prefix: null
12:18:51.810 [main] DEBUG org.hibernate.cfg.Settings - Optimize second-level cache for minimal puts: disabled
12:18:51.810 [main] DEBUG org.hibernate.cfg.Settings - Structured second-level cache entries: disabled
12:18:51.811 [main] DEBUG org.hibernate.cfg.Settings - Second-level cache direct-reference entries: disabled
12:18:51.811 [main] DEBUG org.hibernate.cfg.Settings - Automatic eviction of collection cache: disabled
12:18:51.811 [main] DEBUG org.hibernate.cfg.Settings - JDBC batch size: 15
12:18:51.811 [main] DEBUG org.hibernate.cfg.Settings - JDBC batch updates for versioned data: enabled
12:18:51.811 [main] DEBUG org.hibernate.cfg.Settings - Scrollable result sets: enabled
12:18:51.811 [main] DEBUG org.hibernate.cfg.Settings - Wrap result sets: disabled
12:18:51.811 [main] DEBUG org.hibernate.cfg.Settings - JDBC3 getGeneratedKeys(): enabled
12:18:51.811 [main] DEBUG org.hibernate.cfg.Settings - JDBC result set fetch size: null
12:18:51.811 [main] DEBUG org.hibernate.cfg.Settings - Connection release mode: AFTER_TRANSACTION
12:18:51.811 [main] DEBUG org.hibernate.cfg.Settings - Generate SQL with comments: disabled
12:18:51.811 [main] DEBUG org.hibernate.cfg.Settings - JPA compliance - query : disabled
12:18:51.811 [main] DEBUG org.hibernate.cfg.Settings - JPA compliance - closed-handling : disabled
12:18:51.811 [main] DEBUG org.hibernate.cfg.Settings - JPA compliance - lists : disabled
12:18:51.811 [main] DEBUG org.hibernate.cfg.Settings - JPA compliance - transactions : disabled
12:18:51.817 [main] DEBUG o.h.b.internal.ClassLoaderAccessImpl - Not known whether passed class name [Classes.Pass] is safe
12:18:51.817 [main] DEBUG o.h.b.internal.ClassLoaderAccessImpl - No temp ClassLoader provided; using live ClassLoader for loading potentially unsafe class : Classes.Pass
12:18:51.817 [main] DEBUG o.h.b.internal.ClassLoaderAccessImpl - Not known whether passed class name [Classes.Shop] is safe
12:18:51.817 [main] DEBUG o.h.b.internal.ClassLoaderAccessImpl - No temp ClassLoader provided; using live ClassLoader for loading potentially unsafe class : Classes.Shop
12:18:51.817 [main] DEBUG o.h.b.internal.ClassLoaderAccessImpl - Not known whether passed class name [Classes.VendingMachine] is safe
12:18:51.817 [main] DEBUG o.h.b.internal.ClassLoaderAccessImpl - No temp ClassLoader provided; using live ClassLoader for loading potentially unsafe class : Classes.VendingMachine
12:18:51.843 [main] DEBUG o.h.s.i.SessionFactoryServiceRegistryImpl - EventListenerRegistry access via ServiceRegistry is deprecated.  Use `sessionFactory.getEventEngine().getListenerRegistry()` instead
12:18:51.844 [main] DEBUG o.h.s.i.SessionFactoryServiceRegistryImpl - EventListenerRegistry access via ServiceRegistry is deprecated.  Use `sessionFactory.getEventEngine().getListenerRegistry()` instead
12:18:51.853 [main] DEBUG o.h.internal.SessionFactoryImpl - Session factory constructed with filter configurations : {}
12:18:51.854 [main] DEBUG o.h.internal.SessionFactoryImpl - Instantiating session factory with properties: {java.specification.version=17, sun.cpu.isalist=amd64, sun.jnu.encoding=Cp1252, hibernate.dialect=org.hibernate.dialect.PostgreSQLDialect, java.class.path=C:\Users\total\Desktop\All\Epicode\fs0223-Luca-Sernicola-BackEnd\BuildWeek_4\target\classes;C:\Users\total\.m2\repository\ch\qos\logback\logback-classic\1.4.8\logback-classic-1.4.8.jar;C:\Users\total\.m2\repository\ch\qos\logback\logback-core\1.4.8\logback-core-1.4.8.jar;C:\Users\total\.m2\repository\org\slf4j\slf4j-api\2.0.7\slf4j-api-2.0.7.jar;C:\Users\total\.m2\repository\commons-io\commons-io\2.13.0\commons-io-2.13.0.jar;C:\Users\total\.m2\repository\org\postgresql\postgresql\42.6.0\postgresql-42.6.0.jar;C:\Users\total\.m2\repository\org\checkerframework\checker-qual\3.31.0\checker-qual-3.31.0.jar;C:\Users\total\.m2\repository\org\hibernate\hibernate-core\5.6.15.Final\hibernate-core-5.6.15.Final.jar;C:\Users\total\.m2\repository\org\jboss\logging\jboss-logging\3.4.3.Final\jboss-logging-3.4.3.Final.jar;C:\Users\total\.m2\repository\javax\persistence\javax.persistence-api\2.2\javax.persistence-api-2.2.jar;C:\Users\total\.m2\repository\net\bytebuddy\byte-buddy\1.12.18\byte-buddy-1.12.18.jar;C:\Users\total\.m2\repository\antlr\antlr\2.7.7\antlr-2.7.7.jar;C:\Users\total\.m2\repository\org\jboss\spec\javax\transaction\jboss-transaction-api_1.2_spec\1.1.1.Final\jboss-transaction-api_1.2_spec-1.1.1.Final.jar;C:\Users\total\.m2\repository\org\jboss\jandex\2.4.2.Final\jandex-2.4.2.Final.jar;C:\Users\total\.m2\repository\com\fasterxml\classmate\1.5.1\classmate-1.5.1.jar;C:\Users\total\.m2\repository\javax\activation\javax.activation-api\1.2.0\javax.activation-api-1.2.0.jar;C:\Users\total\.m2\repository\org\hibernate\common\hibernate-commons-annotations\5.1.2.Final\hibernate-commons-annotations-5.1.2.Final.jar;C:\Users\total\.m2\repository\javax\xml\bind\jaxb-api\2.3.1\jaxb-api-2.3.1.jar;C:\Users\total\.m2\repository\org\glassfish\jaxb\jaxb-runtime\2.3.1\jaxb-runtime-2.3.1.jar;C:\Users\total\.m2\repository\org\glassfish\jaxb\txw2\2.3.1\txw2-2.3.1.jar;C:\Users\total\.m2\repository\com\sun\istack\istack-commons-runtime\3.0.7\istack-commons-runtime-3.0.7.jar;C:\Users\total\.m2\repository\org\jvnet\staxex\stax-ex\1.8\stax-ex-1.8.jar;C:\Users\total\.m2\repository\com\sun\xml\fastinfoset\FastInfoset\1.2.15\FastInfoset-1.2.15.jar;C:\Users\total\Desktop\All\Epicode\fs0223-Luca-Sernicola-BackEnd\Homework_W3_D3\target\classes, java.vm.vendor=Eclipse Adoptium, sun.arch.data.model=64, user.variant=, java.vendor.url=https://adoptium.net/, user.timezone=Europe/Rome, javax.persistence.jdbc.url=jdbc:postgresql://localhost:5432/BuildWeek, javax.persistence.jdbc.user=****, java.vm.specification.version=17, os.name=Windows 11, jakarta.persistence.jdbc.password=****, sun.java.launcher=SUN_STANDARD, user.country=US, local.setting.IS_JTA_TXN_COORD=false, sun.boot.library.path=C:\Users\total\.p2\pool\plugins\org.eclipse.justj.openjdk.hotspot.jre.full.win32.x86_64_17.0.7.v20230425-1502\jre\bin, sun.java.command=MainClass.MainClass, jdk.debug=release, jakarta.persistence.jdbc.driver=org.postgresql.Driver, sun.cpu.endian=little, user.home=C:\Users\total, user.language=en, java.specification.vendor=Oracle Corporation, java.version.date=2023-04-18, java.home=C:\Users\total\.p2\pool\plugins\org.eclipse.justj.openjdk.hotspot.jre.full.win32.x86_64_17.0.7.v20230425-1502\jre, file.separator=\, java.vm.compressedOopsMode=Zero based, jakarta.persistence.jdbc.user=****, line.separator=
, hibernate.persistenceUnitName=BuildWeek_4, java.vm.specification.vendor=Oracle Corporation, java.specification.name=Java Platform API Specification, hibernate.transaction.coordinator_class=class org.hibernate.resource.transaction.backend.jdbc.internal.JdbcResourceLocalTransactionCoordinatorBuilderImpl, javax.persistence.jdbc.driver=org.postgresql.Driver, hibernate.hbm2ddl.auto=update, user.script=, sun.management.compiler=HotSpot 64-Bit Tiered Compilers, java.runtime.version=17.0.7+7, user.name=total, path.separator=;, hibernate.connection.username=****, os.version=10.0, java.runtime.name=OpenJDK Runtime Environment, hibernate.connection.url=jdbc:postgresql://localhost:5432/BuildWeek, file.encoding=UTF-8, hibernate.ejb.persistenceUnitName=BuildWeek_4, java.vm.name=OpenJDK 64-Bit Server VM, java.vendor.version=Temurin-17.0.7+7, hibernate.connection.driver_class=org.postgresql.Driver, java.vendor.url.bug=https://github.com/adoptium/adoptium-support/issues, java.io.tmpdir=C:\Users\total\AppData\Local\Temp\, java.version=17.0.7, user.dir=C:\Users\total\Desktop\All\Epicode\fs0223-Luca-Sernicola-BackEnd\BuildWeek_4, os.arch=amd64, java.vm.specification.name=Java Virtual Machine Specification, hibernate.connection.password=****, sun.os.patch.level=, jakarta.persistence.jdbc.url=jdbc:postgresql://localhost:5432/BuildWeek, hibernate.boot.CfgXmlAccessService.key=org.hibernate.boot.registry.StandardServiceRegistryBuilder$1@499ef98e, native.encoding=Cp1252, java.library.path=C:\Users\total\.p2\pool\plugins\org.eclipse.justj.openjdk.hotspot.jre.full.win32.x86_64_17.0.7.v20230425-1502\jre\bin;C:\windows\Sun\Java\bin;C:\windows\system32;C:\windows;C:/Users/total/.p2/pool/plugins/org.eclipse.justj.openjdk.hotspot.jre.full.win32.x86_64_17.0.7.v20230425-1502/jre/bin/server;C:/Users/total/.p2/pool/plugins/org.eclipse.justj.openjdk.hotspot.jre.full.win32.x86_64_17.0.7.v20230425-1502/jre/bin;C:\Program Files\Eclipse Adoptium\jdk-17.0.7.7-hotspot\bin;C:\Program Files (x86)\NVIDIA Corporation\PhysX\Common;C:\windows\system32;C:\windows;C:\windows\System32\Wbem;C:\windows\System32\WindowsPowerShell\v1.0\;C:\windows\System32\OpenSSH\;C:\Program Files\Git\cmd;C:\Program Files\nodejs\;C:\Users\total\AppData\Local\Microsoft\WindowsApps;C:\Users\total\AppData\Local\Programs\Microsoft VS Code\bin;C:\Users\total\AppData\Roaming\npm;C:\Users\total\AppData\Local\GitHubDesktop\bin;C:\windows\System32;;., java.vendor=Eclipse Adoptium, java.vm.info=mixed mode, java.vm.version=17.0.7+7, hibernate.bytecode.use_reflection_optimizer=false, sun.io.unicode.encoding=UnicodeLittle, javax.persistence.jdbc.password=****, java.class.version=61.0}
12:18:51.862 [main] DEBUG o.h.secure.spi.JaccIntegrator - Skipping JACC integration as it was not enabled
12:18:51.865 [main] DEBUG org.hibernate.type.EnumType - Using ORDINAL-based conversion for Enum Enums.Validity
12:18:51.866 [main] DEBUG o.h.internal.SessionFactoryImpl - Instantiated session factory
12:18:51.866 [main] DEBUG o.h.type.spi.TypeConfiguration$Scope - Scoping TypeConfiguration [org.hibernate.type.spi.TypeConfiguration@27b22f74] to SessionFactoryImpl [org.hibernate.internal.SessionFactoryImpl@13da7ab0]
12:18:51.899 [main] DEBUG o.h.b.internal.ClassLoaderAccessImpl - Not known whether passed class name [Abstract.TicketSeller] is safe
12:18:51.900 [main] DEBUG o.h.b.internal.ClassLoaderAccessImpl - No temp ClassLoader provided; using live ClassLoader for loading potentially unsafe class : Abstract.TicketSeller
12:18:51.901 [main] DEBUG o.h.b.internal.ClassLoaderAccessImpl - Not known whether passed class name [Classes.Shop] is safe
12:18:51.902 [main] DEBUG o.h.b.internal.ClassLoaderAccessImpl - No temp ClassLoader provided; using live ClassLoader for loading potentially unsafe class : Classes.Shop
12:18:51.902 [main] DEBUG o.h.b.internal.ClassLoaderAccessImpl - Not known whether passed class name [Classes.VendingMachine] is safe
12:18:51.902 [main] DEBUG o.h.b.internal.ClassLoaderAccessImpl - No temp ClassLoader provided; using live ClassLoader for loading potentially unsafe class : Classes.VendingMachine
12:18:52.009 [main] DEBUG o.hibernate.orm.bytecode.interceptor - To-one property `Classes.Card#person` was mapped with LAZY + NO_PROXY but the class was not enhanced
12:18:52.009 [main] DEBUG o.hibernate.orm.bytecode.interceptor - To-one property `Classes.Card#person` was mapped with LAZY + NO_PROXY but the class was not enhanced
12:18:52.009 [main] DEBUG o.h.b.internal.ClassLoaderAccessImpl - Not known whether passed class name [Classes.Card] is safe
12:18:52.009 [main] DEBUG o.h.b.internal.ClassLoaderAccessImpl - No temp ClassLoader provided; using live ClassLoader for loading potentially unsafe class : Classes.Card
12:18:52.016 [main] DEBUG o.hibernate.orm.bytecode.interceptor - To-one property `Classes.Card#person` was mapped with LAZY + NO_PROXY but the class was not enhanced
12:18:52.016 [main] DEBUG o.hibernate.orm.bytecode.interceptor - To-one property `Classes.Card#person` was mapped with LAZY + NO_PROXY but the class was not enhanced
12:18:52.018 [main] DEBUG o.hibernate.orm.bytecode.interceptor - To-one property `Classes.Person#cardNum` was mapped with LAZY + NO_PROXY but the class was not enhanced
12:18:52.018 [main] DEBUG o.hibernate.orm.bytecode.interceptor - To-one property `Classes.Person#cardNum` was mapped with LAZY + NO_PROXY but the class was not enhanced
12:18:52.018 [main] DEBUG o.h.b.internal.ClassLoaderAccessImpl - Not known whether passed class name [Classes.Person] is safe
12:18:52.018 [main] DEBUG o.h.b.internal.ClassLoaderAccessImpl - No temp ClassLoader provided; using live ClassLoader for loading potentially unsafe class : Classes.Person
12:18:52.024 [main] DEBUG o.hibernate.orm.bytecode.interceptor - To-one property `Classes.Person#cardNum` was mapped with LAZY + NO_PROXY but the class was not enhanced
12:18:52.024 [main] DEBUG o.hibernate.orm.bytecode.interceptor - To-one property `Classes.Person#cardNum` was mapped with LAZY + NO_PROXY but the class was not enhanced
12:18:52.025 [main] DEBUG o.hibernate.orm.bytecode.interceptor - To-one property `Classes.Ticket#seller` was mapped with LAZY + NO_PROXY but the class was not enhanced
12:18:52.025 [main] DEBUG o.hibernate.orm.bytecode.interceptor - To-one property `Classes.Ticket#seller` was mapped with LAZY + NO_PROXY but the class was not enhanced
12:18:52.025 [main] DEBUG o.hibernate.orm.bytecode.interceptor - To-one property `Classes.Pass#person` was mapped with LAZY + NO_PROXY but the class was not enhanced
12:18:52.025 [main] DEBUG o.hibernate.orm.bytecode.interceptor - To-one property `Classes.Pass#person` was mapped with LAZY + NO_PROXY but the class was not enhanced
12:18:52.025 [main] DEBUG o.hibernate.orm.bytecode.interceptor - To-one property `Classes.Pass#sellers` was mapped with LAZY + NO_PROXY but the class was not enhanced
12:18:52.025 [main] DEBUG o.hibernate.orm.bytecode.interceptor - To-one property `Classes.Pass#sellers` was mapped with LAZY + NO_PROXY but the class was not enhanced
12:18:52.025 [main] DEBUG o.h.b.internal.ClassLoaderAccessImpl - Not known whether passed class name [Classes.Pass] is safe
12:18:52.025 [main] DEBUG o.h.b.internal.ClassLoaderAccessImpl - No temp ClassLoader provided; using live ClassLoader for loading potentially unsafe class : Classes.Pass
12:18:52.031 [main] DEBUG o.hibernate.orm.bytecode.interceptor - To-one property `Classes.Ticket#seller` was mapped with LAZY + NO_PROXY but the class was not enhanced
12:18:52.031 [main] DEBUG o.hibernate.orm.bytecode.interceptor - To-one property `Classes.Pass#person` was mapped with LAZY + NO_PROXY but the class was not enhanced
12:18:52.031 [main] DEBUG o.hibernate.orm.bytecode.interceptor - To-one property `Classes.Pass#sellers` was mapped with LAZY + NO_PROXY but the class was not enhanced
12:18:52.031 [main] DEBUG o.hibernate.orm.bytecode.interceptor - To-one property `Classes.Ticket#seller` was mapped with LAZY + NO_PROXY but the class was not enhanced
12:18:52.031 [main] DEBUG o.hibernate.orm.bytecode.interceptor - To-one property `Classes.Pass#person` was mapped with LAZY + NO_PROXY but the class was not enhanced
12:18:52.031 [main] DEBUG o.hibernate.orm.bytecode.interceptor - To-one property `Classes.Pass#sellers` was mapped with LAZY + NO_PROXY but the class was not enhanced
12:18:52.036 [main] DEBUG o.hibernate.orm.bytecode.interceptor - To-one property `Classes.Ticket#seller` was mapped with LAZY + NO_PROXY but the class was not enhanced
12:18:52.036 [main] DEBUG o.hibernate.orm.bytecode.interceptor - To-one property `Classes.Ticket#seller` was mapped with LAZY + NO_PROXY but the class was not enhanced
12:18:52.036 [main] DEBUG o.h.b.internal.ClassLoaderAccessImpl - Not known whether passed class name [Classes.Ticket] is safe
12:18:52.036 [main] DEBUG o.h.b.internal.ClassLoaderAccessImpl - No temp ClassLoader provided; using live ClassLoader for loading potentially unsafe class : Classes.Ticket
12:18:52.040 [main] DEBUG o.hibernate.orm.bytecode.interceptor - To-one property `Classes.Ticket#seller` was mapped with LAZY + NO_PROXY but the class was not enhanced
12:18:52.040 [main] DEBUG o.hibernate.orm.bytecode.interceptor - To-one property `Classes.Ticket#seller` was mapped with LAZY + NO_PROXY but the class was not enhanced
12:18:52.040 [main] DEBUG o.hibernate.orm.bytecode.interceptor - To-one property `Classes.Pass#person` was mapped with LAZY + NO_PROXY but the class was not enhanced
12:18:52.040 [main] DEBUG o.hibernate.orm.bytecode.interceptor - To-one property `Classes.Pass#sellers` was mapped with LAZY + NO_PROXY but the class was not enhanced
12:18:52.050 [main] DEBUG o.h.p.c.AbstractCollectionPersister - Static SQL for collection: Abstract.TicketSeller.tickets
12:18:52.050 [main] DEBUG o.h.p.c.AbstractCollectionPersister -  Row insert: insert into TicketSeller_Ticket (TicketSeller_id, tickets_id) values (?, ?)
12:18:52.050 [main] DEBUG o.h.p.c.AbstractCollectionPersister -  Row update: update TicketSeller_Ticket set tickets_id=? where TicketSeller_id=? and tickets_id=?
12:18:52.050 [main] DEBUG o.h.p.c.AbstractCollectionPersister -  Row delete: delete from TicketSeller_Ticket where TicketSeller_id=? and tickets_id=?
12:18:52.050 [main] DEBUG o.h.p.c.AbstractCollectionPersister -  One-shot delete: delete from TicketSeller_Ticket where TicketSeller_id=?
12:18:52.051 [main] DEBUG o.h.p.c.AbstractCollectionPersister - Static SQL for collection: Abstract.TicketSeller.passes
12:18:52.051 [main] DEBUG o.h.p.c.AbstractCollectionPersister -  Row insert: insert into TicketSeller_Ticket (TicketSeller_id, passes_id) values (?, ?)
12:18:52.051 [main] DEBUG o.h.p.c.AbstractCollectionPersister -  Row update: update TicketSeller_Ticket set passes_id=? where TicketSeller_id=? and passes_id=?
12:18:52.051 [main] DEBUG o.h.p.c.AbstractCollectionPersister -  Row delete: delete from TicketSeller_Ticket where TicketSeller_id=? and passes_id=?
12:18:52.051 [main] DEBUG o.h.p.c.AbstractCollectionPersister -  One-shot delete: delete from TicketSeller_Ticket where TicketSeller_id=?
12:18:52.051 [main] DEBUG o.h.p.c.AbstractCollectionPersister - Static SQL for collection: Classes.Shop.people
12:18:52.051 [main] DEBUG o.h.p.c.AbstractCollectionPersister -  Row insert: insert into TicketSeller_Person (Shop_id, people_id) values (?, ?)
12:18:52.051 [main] DEBUG o.h.p.c.AbstractCollectionPersister -  Row update: update TicketSeller_Person set people_id=? where Shop_id=? and people_id=?
12:18:52.051 [main] DEBUG o.h.p.c.AbstractCollectionPersister -  Row delete: delete from TicketSeller_Person where Shop_id=? and people_id=?
12:18:52.051 [main] DEBUG o.h.p.c.AbstractCollectionPersister -  One-shot delete: delete from TicketSeller_Person where Shop_id=?
12:18:52.053 [main] DEBUG o.h.p.entity.AbstractEntityPersister - Static SQL for entity: Abstract.TicketSeller
12:18:52.053 [main] DEBUG o.h.p.entity.AbstractEntityPersister -  Version select: select id from TicketSeller where id =?
12:18:52.053 [main] DEBUG o.h.p.entity.AbstractEntityPersister -  Snapshot select: select ticketsell_.id, ticketsell_.seller_name as seller_n3_3_ from TicketSeller ticketsell_ where ticketsell_.id=?
12:18:52.053 [main] DEBUG o.h.p.entity.AbstractEntityPersister -  Insert 0: insert into TicketSeller (seller_name, Elementi, id) values (?, 'TicketSeller', ?)
12:18:52.053 [main] DEBUG o.h.p.entity.AbstractEntityPersister -  Update 0: update TicketSeller set seller_name=? where id=?
12:18:52.053 [main] DEBUG o.h.p.entity.AbstractEntityPersister -  Delete 0: delete from TicketSeller where id=?
12:18:52.064 [main] DEBUG o.h.l.p.b.i.spaces.QuerySpacesImpl - Adding QuerySpace : uid = <gen:0> -> org.hibernate.loader.plan.build.internal.spaces.EntityQuerySpaceImpl@590f0c50]
12:18:52.065 [main] DEBUG o.h.p.w.spi.MetamodelGraphWalker - Visiting attribute path : name
12:18:52.065 [main] DEBUG o.h.p.w.spi.MetamodelGraphWalker - Visiting attribute path : passes
12:18:52.067 [main] DEBUG o.h.l.p.b.i.spaces.QuerySpacesImpl - Adding QuerySpace : uid = <gen:1> -> org.hibernate.loader.plan.build.internal.spaces.CollectionQuerySpaceImpl@5d7399f9]
12:18:52.068 [main] DEBUG o.h.l.p.b.i.spaces.QuerySpacesImpl - Adding QuerySpace : uid = <gen:2> -> org.hibernate.loader.plan.build.internal.spaces.EntityQuerySpaceImpl@27df95e]
12:18:52.068 [main] DEBUG o.h.p.w.spi.MetamodelGraphWalker - Visiting attribute path : tickets
12:18:52.068 [main] DEBUG o.h.l.p.b.i.spaces.QuerySpacesImpl - Adding QuerySpace : uid = <gen:3> -> org.hibernate.loader.plan.build.internal.spaces.CollectionQuerySpaceImpl@f425231]
12:18:52.068 [main] DEBUG o.h.l.p.b.i.spaces.QuerySpacesImpl - Adding QuerySpace : uid = <gen:4> -> org.hibernate.loader.plan.build.internal.spaces.EntityQuerySpaceImpl@506aabf6]
12:18:52.068 [main] DEBUG o.h.p.w.spi.MetamodelGraphWalker - Visiting attribute path : people
12:18:52.068 [main] DEBUG o.h.l.p.b.i.spaces.QuerySpacesImpl - Adding QuerySpace : uid = <gen:5> -> org.hibernate.loader.plan.build.internal.spaces.CollectionQuerySpaceImpl@5cbd94b2]
12:18:52.068 [main] DEBUG o.h.l.p.b.i.spaces.QuerySpacesImpl - Adding QuerySpace : uid = <gen:6> -> org.hibernate.loader.plan.build.internal.spaces.EntityQuerySpaceImpl@6824b913]
12:18:52.068 [main] DEBUG o.h.p.w.spi.MetamodelGraphWalker - Visiting attribute path : isWorking
12:18:52.068 [main] DEBUG o.h.l.p.b.i.FetchStyleLoadPlanBuildingAssociationVisitationStrategy - Building LoadPlan...
12:18:52.074 [main] DEBUG o.h.l.p.e.i.LoadQueryJoinAndFetchProcessor - processing queryspace <gen:0>
12:18:52.076 [main] DEBUG o.h.l.p.b.spi.LoadPlanTreePrinter - LoadPlan(entity=Abstract.TicketSeller)
    - Returns
       - EntityReturnImpl(entity=Abstract.TicketSeller, querySpaceUid=<gen:0>, path=Abstract.TicketSeller)
          - CollectionAttributeFetchImpl(collection=Abstract.TicketSeller.passes, querySpaceUid=<gen:1>, path=Abstract.TicketSeller.passes)
             - (collection element) CollectionFetchableElementEntityGraph(entity=Classes.Pass, querySpaceUid=<gen:2>, path=Abstract.TicketSeller.passes.<elements>)
          - CollectionAttributeFetchImpl(collection=Abstract.TicketSeller.tickets, querySpaceUid=<gen:3>, path=Abstract.TicketSeller.tickets)
             - (collection element) CollectionFetchableElementEntityGraph(entity=Classes.Ticket, querySpaceUid=<gen:4>, path=Abstract.TicketSeller.tickets.<elements>)
          - CollectionAttributeFetchImpl(collection=Classes.Shop.people, querySpaceUid=<gen:5>, path=Abstract.TicketSeller.people)
             - (collection element) CollectionFetchableElementEntityGraph(entity=Classes.Person, querySpaceUid=<gen:6>, path=Abstract.TicketSeller.people.<elements>)
    - QuerySpaces
       - EntityQuerySpaceImpl(uid=<gen:0>, entity=Abstract.TicketSeller)
          - SQL table alias mapping - ticketsell0_
          - alias suffix - 0_
          - suffixed key columns - {id2_3_0_}

12:18:52.076 [main] DEBUG o.h.loader.entity.plan.EntityLoader - Static select for entity Abstract.TicketSeller [NONE]: select ticketsell0_.id as id2_3_0_, ticketsell0_.seller_name as seller_n3_3_0_, ticketsell0_.isWorking as isworkin4_3_0_, ticketsell0_.Elementi as elementi1_3_0_ from TicketSeller ticketsell0_ where ticketsell0_.id=?
12:18:52.077 [main] DEBUG o.h.p.entity.AbstractEntityPersister - Static SQL for entity: Classes.Card
12:18:52.077 [main] DEBUG o.h.p.entity.AbstractEntityPersister -  Version select: select id from Card where id =?
12:18:52.077 [main] DEBUG o.h.p.entity.AbstractEntityPersister -  Snapshot select: select card_.id, card_.emissionDate as emission2_0_, card_.expirationDate as expirati3_0_, card_.person_id as person_i4_0_ from Card card_ where card_.id=?
12:18:52.077 [main] DEBUG o.h.p.entity.AbstractEntityPersister -  Insert 0: insert into Card (emissionDate, expirationDate, person_id, id) values (?, ?, ?, ?)
12:18:52.077 [main] DEBUG o.h.p.entity.AbstractEntityPersister -  Update 0: update Card set emissionDate=?, expirationDate=?, person_id=? where id=?
12:18:52.077 [main] DEBUG o.h.p.entity.AbstractEntityPersister -  Delete 0: delete from Card where id=?
12:18:52.077 [main] DEBUG o.h.p.entity.AbstractEntityPersister -  Identity insert: insert into Card (emissionDate, expirationDate, person_id) values (?, ?, ?)
12:18:52.077 [main] DEBUG o.h.l.p.b.i.spaces.QuerySpacesImpl - Adding QuerySpace : uid = <gen:0> -> org.hibernate.loader.plan.build.internal.spaces.EntityQuerySpaceImpl@6ebc9573]
12:18:52.077 [main] DEBUG o.h.p.w.spi.MetamodelGraphWalker - Visiting attribute path : emissionDate
12:18:52.077 [main] DEBUG o.h.p.w.spi.MetamodelGraphWalker - Visiting attribute path : expirationDate
12:18:52.077 [main] DEBUG o.h.p.w.spi.MetamodelGraphWalker - Visiting attribute path : person
12:18:52.078 [main] DEBUG o.h.l.p.b.i.spaces.QuerySpacesImpl - Adding QuerySpace : uid = <gen:1> -> org.hibernate.loader.plan.build.internal.spaces.EntityQuerySpaceImpl@630390b9]
12:18:52.078 [main] DEBUG o.h.p.w.spi.MetamodelGraphWalker - Visiting attribute path : person.birthdate
12:18:52.078 [main] DEBUG o.h.p.w.spi.MetamodelGraphWalker - Visiting attribute path : person.cardNum
12:18:52.078 [main] DEBUG o.h.l.p.b.i.spaces.QuerySpacesImpl - Adding QuerySpace : uid = <gen:2> -> org.hibernate.loader.plan.build.internal.spaces.EntityQuerySpaceImpl@7f4701b1]
12:18:52.078 [main] DEBUG o.h.p.w.spi.MetamodelGraphWalker - Visiting attribute path : person.cardNum.emissionDate
12:18:52.078 [main] DEBUG o.h.p.w.spi.MetamodelGraphWalker - Visiting attribute path : person.cardNum.expirationDate
12:18:52.078 [main] DEBUG o.h.p.w.spi.MetamodelGraphWalker - Visiting attribute path : person.cardNum.person
12:18:52.078 [main] DEBUG o.h.p.w.spi.MetamodelGraphWalker - Property path deemed to be circular : person.cardNum.person
12:18:52.079 [main] DEBUG o.h.p.w.spi.MetamodelGraphWalker - Visiting attribute path : person.firstName
12:18:52.079 [main] DEBUG o.h.p.w.spi.MetamodelGraphWalker - Visiting attribute path : person.lastName
12:18:52.079 [main] DEBUG o.h.l.p.b.i.FetchStyleLoadPlanBuildingAssociationVisitationStrategy - Building LoadPlan...
12:18:52.079 [main] DEBUG o.h.l.p.e.i.LoadQueryJoinAndFetchProcessor - processing queryspace <gen:0>
12:18:52.079 [main] DEBUG o.h.l.p.b.spi.LoadPlanTreePrinter - LoadPlan(entity=Classes.Card)
    - Returns
       - EntityReturnImpl(entity=Classes.Card, querySpaceUid=<gen:0>, path=Classes.Card)
          - EntityAttributeFetchImpl(entity=Classes.Person, querySpaceUid=<gen:1>, path=Classes.Card.person)
             - EntityAttributeFetchImpl(entity=Classes.Card, querySpaceUid=<gen:2>, path=Classes.Card.person.cardNum)
    - QuerySpaces
       - EntityQuerySpaceImpl(uid=<gen:0>, entity=Classes.Card)
          - SQL table alias mapping - card0_
          - alias suffix - 0_
          - suffixed key columns - {id1_0_0_}
          - JOIN (JoinDefinedByMetadata(person)) : <gen:0> -> <gen:1>
             - EntityQuerySpaceImpl(uid=<gen:1>, entity=Classes.Person)
                - SQL table alias mapping - person1_
                - alias suffix - 1_
                - suffixed key columns - {id1_1_1_}
                - JOIN (JoinDefinedByMetadata(cardNum)) : <gen:1> -> <gen:2>
                   - EntityQuerySpaceImpl(uid=<gen:2>, entity=Classes.Card)
                      - SQL table alias mapping - card2_
                      - alias suffix - 2_
                      - suffixed key columns - {id1_0_2_}

12:18:52.079 [main] DEBUG o.h.loader.entity.plan.EntityLoader - Static select for entity Classes.Card [NONE]: select card0_.id as id1_0_0_, card0_.emissionDate as emission2_0_0_, card0_.expirationDate as expirati3_0_0_, card0_.person_id as person_i4_0_0_, person1_.id as id1_1_1_, person1_.birthdate as birthdat2_1_1_, person1_.cardNum_id as cardnum_5_1_1_, person1_.firstName as firstnam3_1_1_, person1_.lastName as lastname4_1_1_, card2_.id as id1_0_2_, card2_.emissionDate as emission2_0_2_, card2_.expirationDate as expirati3_0_2_, card2_.person_id as person_i4_0_2_ from Card card0_ left outer join Person person1_ on card0_.person_id=person1_.id left outer join Card card2_ on person1_.cardNum_id=card2_.id where card0_.id=?
12:18:52.079 [main] DEBUG o.h.p.entity.AbstractEntityPersister - Static SQL for entity: Classes.Person
12:18:52.079 [main] DEBUG o.h.p.entity.AbstractEntityPersister -  Version select: select id from Person where id =?
12:18:52.079 [main] DEBUG o.h.p.entity.AbstractEntityPersister -  Snapshot select: select person_.id, person_.birthdate as birthdat2_1_, person_.cardNum_id as cardnum_5_1_, person_.firstName as firstnam3_1_, person_.lastName as lastname4_1_ from Person person_ where person_.id=?
12:18:52.079 [main] DEBUG o.h.p.entity.AbstractEntityPersister -  Insert 0: insert into Person (birthdate, cardNum_id, firstName, lastName, id) values (?, ?, ?, ?, ?)
12:18:52.079 [main] DEBUG o.h.p.entity.AbstractEntityPersister -  Update 0: update Person set birthdate=?, cardNum_id=?, firstName=?, lastName=? where id=?
12:18:52.079 [main] DEBUG o.h.p.entity.AbstractEntityPersister -  Delete 0: delete from Person where id=?
12:18:52.080 [main] DEBUG o.h.p.entity.AbstractEntityPersister -  Identity insert: insert into Person (birthdate, cardNum_id, firstName, lastName) values (?, ?, ?, ?)
12:18:52.080 [main] DEBUG o.h.l.p.b.i.spaces.QuerySpacesImpl - Adding QuerySpace : uid = <gen:0> -> org.hibernate.loader.plan.build.internal.spaces.EntityQuerySpaceImpl@21b6c9c2]
12:18:52.080 [main] DEBUG o.h.p.w.spi.MetamodelGraphWalker - Visiting attribute path : birthdate
12:18:52.080 [main] DEBUG o.h.p.w.spi.MetamodelGraphWalker - Visiting attribute path : cardNum
12:18:52.080 [main] DEBUG o.h.l.p.b.i.spaces.QuerySpacesImpl - Adding QuerySpace : uid = <gen:1> -> org.hibernate.loader.plan.build.internal.spaces.EntityQuerySpaceImpl@3b95a6db]
12:18:52.080 [main] DEBUG o.h.p.w.spi.MetamodelGraphWalker - Visiting attribute path : cardNum.emissionDate
12:18:52.080 [main] DEBUG o.h.p.w.spi.MetamodelGraphWalker - Visiting attribute path : cardNum.expirationDate
12:18:52.080 [main] DEBUG o.h.p.w.spi.MetamodelGraphWalker - Visiting attribute path : cardNum.person
12:18:52.080 [main] DEBUG o.h.l.p.b.i.spaces.QuerySpacesImpl - Adding QuerySpace : uid = <gen:2> -> org.hibernate.loader.plan.build.internal.spaces.EntityQuerySpaceImpl@2c9a6717]
12:18:52.080 [main] DEBUG o.h.p.w.spi.MetamodelGraphWalker - Visiting attribute path : cardNum.person.birthdate
12:18:52.080 [main] DEBUG o.h.p.w.spi.MetamodelGraphWalker - Visiting attribute path : cardNum.person.cardNum
12:18:52.080 [main] DEBUG o.h.p.w.spi.MetamodelGraphWalker - Property path deemed to be circular : cardNum.person.cardNum
12:18:52.080 [main] DEBUG o.h.p.w.spi.MetamodelGraphWalker - Visiting attribute path : cardNum.person.firstName
12:18:52.080 [main] DEBUG o.h.p.w.spi.MetamodelGraphWalker - Visiting attribute path : cardNum.person.lastName
12:18:52.080 [main] DEBUG o.h.p.w.spi.MetamodelGraphWalker - Visiting attribute path : firstName
12:18:52.080 [main] DEBUG o.h.p.w.spi.MetamodelGraphWalker - Visiting attribute path : lastName
12:18:52.080 [main] DEBUG o.h.l.p.b.i.FetchStyleLoadPlanBuildingAssociationVisitationStrategy - Building LoadPlan...
12:18:52.080 [main] DEBUG o.h.l.p.e.i.LoadQueryJoinAndFetchProcessor - processing queryspace <gen:0>
12:18:52.080 [main] DEBUG o.h.l.p.b.spi.LoadPlanTreePrinter - LoadPlan(entity=Classes.Person)
    - Returns
       - EntityReturnImpl(entity=Classes.Person, querySpaceUid=<gen:0>, path=Classes.Person)
          - EntityAttributeFetchImpl(entity=Classes.Card, querySpaceUid=<gen:1>, path=Classes.Person.cardNum)
             - EntityAttributeFetchImpl(entity=Classes.Person, querySpaceUid=<gen:2>, path=Classes.Person.cardNum.person)
    - QuerySpaces
       - EntityQuerySpaceImpl(uid=<gen:0>, entity=Classes.Person)
          - SQL table alias mapping - person0_
          - alias suffix - 0_
          - suffixed key columns - {id1_1_0_}
          - JOIN (JoinDefinedByMetadata(cardNum)) : <gen:0> -> <gen:1>
             - EntityQuerySpaceImpl(uid=<gen:1>, entity=Classes.Card)
                - SQL table alias mapping - card1_
                - alias suffix - 1_
                - suffixed key columns - {id1_0_1_}
                - JOIN (JoinDefinedByMetadata(person)) : <gen:1> -> <gen:2>
                   - EntityQuerySpaceImpl(uid=<gen:2>, entity=Classes.Person)
                      - SQL table alias mapping - person2_
                      - alias suffix - 2_
                      - suffixed key columns - {id1_1_2_}

12:18:52.081 [main] DEBUG o.h.loader.entity.plan.EntityLoader - Static select for entity Classes.Person [NONE]: select person0_.id as id1_1_0_, person0_.birthdate as birthdat2_1_0_, person0_.cardNum_id as cardnum_5_1_0_, person0_.firstName as firstnam3_1_0_, person0_.lastName as lastname4_1_0_, card1_.id as id1_0_1_, card1_.emissionDate as emission2_0_1_, card1_.expirationDate as expirati3_0_1_, card1_.person_id as person_i4_0_1_, person2_.id as id1_1_2_, person2_.birthdate as birthdat2_1_2_, person2_.cardNum_id as cardnum_5_1_2_, person2_.firstName as firstnam3_1_2_, person2_.lastName as lastname4_1_2_ from Person person0_ left outer join Card card1_ on person0_.cardNum_id=card1_.id left outer join Person person2_ on card1_.person_id=person2_.id where person0_.id=?
12:18:52.081 [main] DEBUG o.h.p.entity.AbstractEntityPersister - Static SQL for entity: Classes.Pass
12:18:52.081 [main] DEBUG o.h.p.entity.AbstractEntityPersister -  Version select: select id from Ticket where id =?
12:18:52.081 [main] DEBUG o.h.p.entity.AbstractEntityPersister -  Snapshot select: select pass_.id, pass_.seller_id as seller_i4_2_, pass_.person_id as person_i5_2_, pass_.sellers_id as sellers_6_2_, pass_.validity as validity3_2_ from Ticket pass_ where pass_.id=?
12:18:52.081 [main] DEBUG o.h.p.entity.AbstractEntityPersister -  Insert 0: insert into Ticket (seller_id, person_id, sellers_id, validity, DTYPE, id) values (?, ?, ?, ?, 'Pass', ?)
12:18:52.081 [main] DEBUG o.h.p.entity.AbstractEntityPersister -  Update 0: update Ticket set seller_id=?, person_id=?, sellers_id=?, validity=? where id=?
12:18:52.081 [main] DEBUG o.h.p.entity.AbstractEntityPersister -  Delete 0: delete from Ticket where id=?
12:18:52.081 [main] DEBUG o.h.p.entity.AbstractEntityPersister -  Identity insert: insert into Ticket (seller_id, person_id, sellers_id, validity, DTYPE) values (?, ?, ?, ?, 'Pass')
12:18:52.081 [main] DEBUG o.h.l.p.b.i.spaces.QuerySpacesImpl - Adding QuerySpace : uid = <gen:0> -> org.hibernate.loader.plan.build.internal.spaces.EntityQuerySpaceImpl@6d091cad]
12:18:52.081 [main] DEBUG o.h.p.w.spi.MetamodelGraphWalker - Visiting attribute path : seller
12:18:52.081 [main] DEBUG o.h.l.p.b.i.spaces.QuerySpacesImpl - Adding QuerySpace : uid = <gen:1> -> org.hibernate.loader.plan.build.internal.spaces.EntityQuerySpaceImpl@3bb5ceb]
12:18:52.081 [main] DEBUG o.h.p.w.spi.MetamodelGraphWalker - Visiting attribute path : seller.name
12:18:52.081 [main] DEBUG o.h.p.w.spi.MetamodelGraphWalker - Visiting attribute path : seller.passes
12:18:52.081 [main] DEBUG o.h.l.p.b.i.spaces.QuerySpacesImpl - Adding QuerySpace : uid = <gen:2> -> org.hibernate.loader.plan.build.internal.spaces.CollectionQuerySpaceImpl@3ba0ae41]
12:18:52.081 [main] DEBUG o.h.l.p.b.i.spaces.QuerySpacesImpl - Adding QuerySpace : uid = <gen:3> -> org.hibernate.loader.plan.build.internal.spaces.EntityQuerySpaceImpl@76fe6cdc]
12:18:52.081 [main] DEBUG o.h.p.w.spi.MetamodelGraphWalker - Visiting attribute path : seller.tickets
12:18:52.081 [main] DEBUG o.h.l.p.b.i.spaces.QuerySpacesImpl - Adding QuerySpace : uid = <gen:4> -> org.hibernate.loader.plan.build.internal.spaces.CollectionQuerySpaceImpl@2ffb3aec]
12:18:52.081 [main] DEBUG o.h.l.p.b.i.spaces.QuerySpacesImpl - Adding QuerySpace : uid = <gen:5> -> org.hibernate.loader.plan.build.internal.spaces.EntityQuerySpaceImpl@786ff1cb]
12:18:52.081 [main] DEBUG o.h.p.w.spi.MetamodelGraphWalker - Visiting attribute path : seller.people
12:18:52.081 [main] DEBUG o.h.l.p.b.i.spaces.QuerySpacesImpl - Adding QuerySpace : uid = <gen:6> -> org.hibernate.loader.plan.build.internal.spaces.CollectionQuerySpaceImpl@46039a21]
12:18:52.081 [main] DEBUG o.h.l.p.b.i.spaces.QuerySpacesImpl - Adding QuerySpace : uid = <gen:7> -> org.hibernate.loader.plan.build.internal.spaces.EntityQuerySpaceImpl@431e86b1]
12:18:52.081 [main] DEBUG o.h.p.w.spi.MetamodelGraphWalker - Visiting attribute path : seller.isWorking
12:18:52.081 [main] DEBUG o.h.p.w.spi.MetamodelGraphWalker - Visiting attribute path : person
12:18:52.081 [main] DEBUG o.h.l.p.b.i.spaces.QuerySpacesImpl - Adding QuerySpace : uid = <gen:8> -> org.hibernate.loader.plan.build.internal.spaces.EntityQuerySpaceImpl@35c4e864]
12:18:52.081 [main] DEBUG o.h.p.w.spi.MetamodelGraphWalker - Visiting attribute path : person.birthdate
12:18:52.081 [main] DEBUG o.h.p.w.spi.MetamodelGraphWalker - Visiting attribute path : person.cardNum
12:18:52.081 [main] DEBUG o.h.l.p.b.i.spaces.QuerySpacesImpl - Adding QuerySpace : uid = <gen:9> -> org.hibernate.loader.plan.build.internal.spaces.EntityQuerySpaceImpl@682af059]
12:18:52.081 [main] DEBUG o.h.p.w.spi.MetamodelGraphWalker - Visiting attribute path : person.cardNum.emissionDate
12:18:52.081 [main] DEBUG o.h.p.w.spi.MetamodelGraphWalker - Visiting attribute path : person.cardNum.expirationDate
12:18:52.081 [main] DEBUG o.h.p.w.spi.MetamodelGraphWalker - Visiting attribute path : person.cardNum.person
12:18:52.081 [main] DEBUG o.h.l.p.b.i.spaces.QuerySpacesImpl - Adding QuerySpace : uid = <gen:10> -> org.hibernate.loader.plan.build.internal.spaces.EntityQuerySpaceImpl@4da39ca9]
12:18:52.081 [main] DEBUG o.h.p.w.spi.MetamodelGraphWalker - Visiting attribute path : person.cardNum.person.birthdate
12:18:52.081 [main] DEBUG o.h.p.w.spi.MetamodelGraphWalker - Visiting attribute path : person.cardNum.person.cardNum
12:18:52.081 [main] DEBUG o.h.p.w.spi.MetamodelGraphWalker - Property path deemed to be circular : person.cardNum.person.cardNum
12:18:52.082 [main] DEBUG o.h.p.w.spi.MetamodelGraphWalker - Visiting attribute path : person.cardNum.person.firstName
12:18:52.082 [main] DEBUG o.h.p.w.spi.MetamodelGraphWalker - Visiting attribute path : person.cardNum.person.lastName
12:18:52.082 [main] DEBUG o.h.p.w.spi.MetamodelGraphWalker - Visiting attribute path : person.firstName
12:18:52.082 [main] DEBUG o.h.p.w.spi.MetamodelGraphWalker - Visiting attribute path : person.lastName
12:18:52.082 [main] DEBUG o.h.p.w.spi.MetamodelGraphWalker - Visiting attribute path : sellers
12:18:52.082 [main] DEBUG o.h.l.p.b.i.spaces.QuerySpacesImpl - Adding QuerySpace : uid = <gen:11> -> org.hibernate.loader.plan.build.internal.spaces.EntityQuerySpaceImpl@5584d9c6]
12:18:52.082 [main] DEBUG o.h.p.w.spi.MetamodelGraphWalker - Visiting attribute path : sellers.name
12:18:52.082 [main] DEBUG o.h.p.w.spi.MetamodelGraphWalker - Visiting attribute path : sellers.passes
12:18:52.082 [main] DEBUG o.h.l.p.b.i.spaces.QuerySpacesImpl - Adding QuerySpace : uid = <gen:12> -> org.hibernate.loader.plan.build.internal.spaces.CollectionQuerySpaceImpl@6d0be7ab]
12:18:52.082 [main] DEBUG o.h.l.p.b.i.spaces.QuerySpacesImpl - Adding QuerySpace : uid = <gen:13> -> org.hibernate.loader.plan.build.internal.spaces.EntityQuerySpaceImpl@1d4fb213]
12:18:52.082 [main] DEBUG o.h.p.w.spi.MetamodelGraphWalker - Visiting attribute path : sellers.tickets
12:18:52.082 [main] DEBUG o.h.l.p.b.i.spaces.QuerySpacesImpl - Adding QuerySpace : uid = <gen:14> -> org.hibernate.loader.plan.build.internal.spaces.CollectionQuerySpaceImpl@6ef60295]
12:18:52.082 [main] DEBUG o.h.l.p.b.i.spaces.QuerySpacesImpl - Adding QuerySpace : uid = <gen:15> -> org.hibernate.loader.plan.build.internal.spaces.EntityQuerySpaceImpl@3127cb44]
12:18:52.082 [main] DEBUG o.h.p.w.spi.MetamodelGraphWalker - Visiting attribute path : sellers.people
12:18:52.082 [main] DEBUG o.h.l.p.b.i.spaces.QuerySpacesImpl - Adding QuerySpace : uid = <gen:16> -> org.hibernate.loader.plan.build.internal.spaces.CollectionQuerySpaceImpl@3234474]
12:18:52.082 [main] DEBUG o.h.l.p.b.i.spaces.QuerySpacesImpl - Adding QuerySpace : uid = <gen:17> -> org.hibernate.loader.plan.build.internal.spaces.EntityQuerySpaceImpl@631cb129]
12:18:52.082 [main] DEBUG o.h.p.w.spi.MetamodelGraphWalker - Visiting attribute path : sellers.isWorking
12:18:52.082 [main] DEBUG o.h.p.w.spi.MetamodelGraphWalker - Visiting attribute path : validity
12:18:52.082 [main] DEBUG o.h.l.p.b.i.FetchStyleLoadPlanBuildingAssociationVisitationStrategy - Building LoadPlan...
12:18:52.082 [main] DEBUG o.h.l.p.e.i.LoadQueryJoinAndFetchProcessor - processing queryspace <gen:0>
12:18:52.083 [main] DEBUG o.h.l.p.b.spi.LoadPlanTreePrinter - LoadPlan(entity=Classes.Pass)
    - Returns
       - EntityReturnImpl(entity=Classes.Pass, querySpaceUid=<gen:0>, path=Classes.Pass)
          - EntityAttributeFetchImpl(entity=Abstract.TicketSeller, querySpaceUid=<gen:1>, path=Classes.Pass.seller)
             - CollectionAttributeFetchImpl(collection=Abstract.TicketSeller.passes, querySpaceUid=<gen:2>, path=Classes.Pass.seller.passes)
                - (collection element) CollectionFetchableElementEntityGraph(entity=Classes.Pass, querySpaceUid=<gen:3>, path=Classes.Pass.seller.passes.<elements>)
             - CollectionAttributeFetchImpl(collection=Abstract.TicketSeller.tickets, querySpaceUid=<gen:4>, path=Classes.Pass.seller.tickets)
                - (collection element) CollectionFetchableElementEntityGraph(entity=Classes.Ticket, querySpaceUid=<gen:5>, path=Classes.Pass.seller.tickets.<elements>)
             - CollectionAttributeFetchImpl(collection=Classes.Shop.people, querySpaceUid=<gen:6>, path=Classes.Pass.seller.people)
                - (collection element) CollectionFetchableElementEntityGraph(entity=Classes.Person, querySpaceUid=<gen:7>, path=Classes.Pass.seller.people.<elements>)
          - EntityAttributeFetchImpl(entity=Classes.Person, querySpaceUid=<gen:8>, path=Classes.Pass.person)
             - EntityAttributeFetchImpl(entity=Classes.Card, querySpaceUid=<gen:9>, path=Classes.Pass.person.cardNum)
                - EntityAttributeFetchImpl(entity=Classes.Person, querySpaceUid=<gen:10>, path=Classes.Pass.person.cardNum.person)
          - EntityAttributeFetchImpl(entity=Abstract.TicketSeller, querySpaceUid=<gen:11>, path=Classes.Pass.sellers)
             - CollectionAttributeFetchImpl(collection=Abstract.TicketSeller.passes, querySpaceUid=<gen:12>, path=Classes.Pass.sellers.passes)
                - (collection element) CollectionFetchableElementEntityGraph(entity=Classes.Pass, querySpaceUid=<gen:13>, path=Classes.Pass.sellers.passes.<elements>)
             - CollectionAttributeFetchImpl(collection=Abstract.TicketSeller.tickets, querySpaceUid=<gen:14>, path=Classes.Pass.sellers.tickets)
                - (collection element) CollectionFetchableElementEntityGraph(entity=Classes.Ticket, querySpaceUid=<gen:15>, path=Classes.Pass.sellers.tickets.<elements>)
             - CollectionAttributeFetchImpl(collection=Classes.Shop.people, querySpaceUid=<gen:16>, path=Classes.Pass.sellers.people)
                - (collection element) CollectionFetchableElementEntityGraph(entity=Classes.Person, querySpaceUid=<gen:17>, path=Classes.Pass.sellers.people.<elements>)
    - QuerySpaces
       - EntityQuerySpaceImpl(uid=<gen:0>, entity=Classes.Pass)
          - SQL table alias mapping - pass0_
          - alias suffix - 0_
          - suffixed key columns - {id2_2_0_}
          - JOIN (JoinDefinedByMetadata(seller)) : <gen:0> -> <gen:1>
             - EntityQuerySpaceImpl(uid=<gen:1>, entity=Abstract.TicketSeller)
                - SQL table alias mapping - ticketsell1_
                - alias suffix - 1_
                - suffixed key columns - {id2_3_1_}
          - JOIN (JoinDefinedByMetadata(person)) : <gen:0> -> <gen:8>
             - EntityQuerySpaceImpl(uid=<gen:8>, entity=Classes.Person)
                - SQL table alias mapping - person2_
                - alias suffix - 2_
                - suffixed key columns - {id1_1_2_}
                - JOIN (JoinDefinedByMetadata(cardNum)) : <gen:8> -> <gen:9>
                   - EntityQuerySpaceImpl(uid=<gen:9>, entity=Classes.Card)
                      - SQL table alias mapping - card3_
                      - alias suffix - 3_
                      - suffixed key columns - {id1_0_3_}
                      - JOIN (JoinDefinedByMetadata(person)) : <gen:9> -> <gen:10>
                         - EntityQuerySpaceImpl(uid=<gen:10>, entity=Classes.Person)
                            - SQL table alias mapping - person4_
                            - alias suffix - 4_
                            - suffixed key columns - {id1_1_4_}
          - JOIN (JoinDefinedByMetadata(sellers)) : <gen:0> -> <gen:11>
             - EntityQuerySpaceImpl(uid=<gen:11>, entity=Abstract.TicketSeller)
                - SQL table alias mapping - ticketsell5_
                - alias suffix - 5_
                - suffixed key columns - {id2_3_5_}

12:18:52.083 [main] DEBUG o.h.loader.entity.plan.EntityLoader - Static select for entity Classes.Pass [NONE]: select pass0_.id as id2_2_0_, pass0_.seller_id as seller_i4_2_0_, pass0_.person_id as person_i5_2_0_, pass0_.sellers_id as sellers_6_2_0_, pass0_.validity as validity3_2_0_, ticketsell1_.id as id2_3_1_, ticketsell1_.seller_name as seller_n3_3_1_, ticketsell1_.isWorking as isworkin4_3_1_, ticketsell1_.Elementi as elementi1_3_1_, person2_.id as id1_1_2_, person2_.birthdate as birthdat2_1_2_, person2_.cardNum_id as cardnum_5_1_2_, person2_.firstName as firstnam3_1_2_, person2_.lastName as lastname4_1_2_, card3_.id as id1_0_3_, card3_.emissionDate as emission2_0_3_, card3_.expirationDate as expirati3_0_3_, card3_.person_id as person_i4_0_3_, person4_.id as id1_1_4_, person4_.birthdate as birthdat2_1_4_, person4_.cardNum_id as cardnum_5_1_4_, person4_.firstName as firstnam3_1_4_, person4_.lastName as lastname4_1_4_, ticketsell5_.id as id2_3_5_, ticketsell5_.seller_name as seller_n3_3_5_, ticketsell5_.isWorking as isworkin4_3_5_, ticketsell5_.Elementi as elementi1_3_5_ from Ticket pass0_ left outer join TicketSeller ticketsell1_ on pass0_.seller_id=ticketsell1_.id left outer join Person person2_ on pass0_.person_id=person2_.id left outer join Card card3_ on person2_.cardNum_id=card3_.id left outer join Person person4_ on card3_.person_id=person4_.id left outer join TicketSeller ticketsell5_ on pass0_.sellers_id=ticketsell5_.id where pass0_.id=? and pass0_.DTYPE='Pass'
12:18:52.083 [main] DEBUG o.h.p.entity.AbstractEntityPersister - Static SQL for entity: Classes.Shop
12:18:52.083 [main] DEBUG o.h.p.entity.AbstractEntityPersister -  Version select: select id from TicketSeller where id =?
12:18:52.083 [main] DEBUG o.h.p.entity.AbstractEntityPersister -  Snapshot select: select shop_.id, shop_.seller_name as seller_n3_3_ from TicketSeller shop_ where shop_.id=?
12:18:52.083 [main] DEBUG o.h.p.entity.AbstractEntityPersister -  Insert 0: insert into TicketSeller (seller_name, Elementi, id) values (?, 'shop', ?)
12:18:52.083 [main] DEBUG o.h.p.entity.AbstractEntityPersister -  Update 0: update TicketSeller set seller_name=? where id=?
12:18:52.083 [main] DEBUG o.h.p.entity.AbstractEntityPersister -  Delete 0: delete from TicketSeller where id=?
12:18:52.083 [main] DEBUG o.h.l.p.b.i.spaces.QuerySpacesImpl - Adding QuerySpace : uid = <gen:0> -> org.hibernate.loader.plan.build.internal.spaces.EntityQuerySpaceImpl@3d20e575]
12:18:52.083 [main] DEBUG o.h.p.w.spi.MetamodelGraphWalker - Visiting attribute path : name
12:18:52.083 [main] DEBUG o.h.p.w.spi.MetamodelGraphWalker - Visiting attribute path : passes
12:18:52.083 [main] DEBUG o.h.l.p.b.i.spaces.QuerySpacesImpl - Adding QuerySpace : uid = <gen:1> -> org.hibernate.loader.plan.build.internal.spaces.CollectionQuerySpaceImpl@2b4b96a4]
12:18:52.083 [main] DEBUG o.h.l.p.b.i.spaces.QuerySpacesImpl - Adding QuerySpace : uid = <gen:2> -> org.hibernate.loader.plan.build.internal.spaces.EntityQuerySpaceImpl@2dd8ff1d]
12:18:52.083 [main] DEBUG o.h.p.w.spi.MetamodelGraphWalker - Visiting attribute path : tickets
12:18:52.083 [main] DEBUG o.h.l.p.b.i.spaces.QuerySpacesImpl - Adding QuerySpace : uid = <gen:3> -> org.hibernate.loader.plan.build.internal.spaces.CollectionQuerySpaceImpl@17e9bc9e]
12:18:52.083 [main] DEBUG o.h.l.p.b.i.spaces.QuerySpacesImpl - Adding QuerySpace : uid = <gen:4> -> org.hibernate.loader.plan.build.internal.spaces.EntityQuerySpaceImpl@36b9cb99]
12:18:52.083 [main] DEBUG o.h.p.w.spi.MetamodelGraphWalker - Visiting attribute path : people
12:18:52.083 [main] DEBUG o.h.l.p.b.i.spaces.QuerySpacesImpl - Adding QuerySpace : uid = <gen:5> -> org.hibernate.loader.plan.build.internal.spaces.CollectionQuerySpaceImpl@4130955c]
12:18:52.083 [main] DEBUG o.h.l.p.b.i.spaces.QuerySpacesImpl - Adding QuerySpace : uid = <gen:6> -> org.hibernate.loader.plan.build.internal.spaces.EntityQuerySpaceImpl@2bfaba70]
12:18:52.083 [main] DEBUG o.h.l.p.b.i.FetchStyleLoadPlanBuildingAssociationVisitationStrategy - Building LoadPlan...
12:18:52.083 [main] DEBUG o.h.l.p.e.i.LoadQueryJoinAndFetchProcessor - processing queryspace <gen:0>
12:18:52.083 [main] DEBUG o.h.l.p.b.spi.LoadPlanTreePrinter - LoadPlan(entity=Classes.Shop)
    - Returns
       - EntityReturnImpl(entity=Classes.Shop, querySpaceUid=<gen:0>, path=Classes.Shop)
          - CollectionAttributeFetchImpl(collection=Abstract.TicketSeller.passes, querySpaceUid=<gen:1>, path=Classes.Shop.passes)
             - (collection element) CollectionFetchableElementEntityGraph(entity=Classes.Pass, querySpaceUid=<gen:2>, path=Classes.Shop.passes.<elements>)
          - CollectionAttributeFetchImpl(collection=Abstract.TicketSeller.tickets, querySpaceUid=<gen:3>, path=Classes.Shop.tickets)
             - (collection element) CollectionFetchableElementEntityGraph(entity=Classes.Ticket, querySpaceUid=<gen:4>, path=Classes.Shop.tickets.<elements>)
          - CollectionAttributeFetchImpl(collection=Classes.Shop.people, querySpaceUid=<gen:5>, path=Classes.Shop.people)
             - (collection element) CollectionFetchableElementEntityGraph(entity=Classes.Person, querySpaceUid=<gen:6>, path=Classes.Shop.people.<elements>)
    - QuerySpaces
       - EntityQuerySpaceImpl(uid=<gen:0>, entity=Classes.Shop)
          - SQL table alias mapping - shop0_
          - alias suffix - 0_
          - suffixed key columns - {id2_3_0_}

12:18:52.083 [main] DEBUG o.h.loader.entity.plan.EntityLoader - Static select for entity Classes.Shop [NONE]: select shop0_.id as id2_3_0_, shop0_.seller_name as seller_n3_3_0_ from TicketSeller shop0_ where shop0_.id=? and shop0_.Elementi='shop'
12:18:52.083 [main] DEBUG o.h.p.entity.AbstractEntityPersister - Static SQL for entity: Classes.Ticket
12:18:52.083 [main] DEBUG o.h.p.entity.AbstractEntityPersister -  Version select: select id from Ticket where id =?
12:18:52.083 [main] DEBUG o.h.p.entity.AbstractEntityPersister -  Snapshot select: select ticket_.id, ticket_.seller_id as seller_i4_2_ from Ticket ticket_ where ticket_.id=?
12:18:52.083 [main] DEBUG o.h.p.entity.AbstractEntityPersister -  Insert 0: insert into Ticket (seller_id, DTYPE, id) values (?, 'Ticket', ?)
12:18:52.083 [main] DEBUG o.h.p.entity.AbstractEntityPersister -  Update 0: update Ticket set seller_id=? where id=?
12:18:52.083 [main] DEBUG o.h.p.entity.AbstractEntityPersister -  Delete 0: delete from Ticket where id=?
12:18:52.083 [main] DEBUG o.h.p.entity.AbstractEntityPersister -  Identity insert: insert into Ticket (seller_id, DTYPE) values (?, 'Ticket')
12:18:52.083 [main] DEBUG o.h.l.p.b.i.spaces.QuerySpacesImpl - Adding QuerySpace : uid = <gen:0> -> org.hibernate.loader.plan.build.internal.spaces.EntityQuerySpaceImpl@71adfedd]
12:18:52.084 [main] DEBUG o.h.p.w.spi.MetamodelGraphWalker - Visiting attribute path : seller
12:18:52.084 [main] DEBUG o.h.l.p.b.i.spaces.QuerySpacesImpl - Adding QuerySpace : uid = <gen:1> -> org.hibernate.loader.plan.build.internal.spaces.EntityQuerySpaceImpl@4ceff87d]
12:18:52.084 [main] DEBUG o.h.p.w.spi.MetamodelGraphWalker - Visiting attribute path : seller.name
12:18:52.084 [main] DEBUG o.h.p.w.spi.MetamodelGraphWalker - Visiting attribute path : seller.passes
12:18:52.084 [main] DEBUG o.h.l.p.b.i.spaces.QuerySpacesImpl - Adding QuerySpace : uid = <gen:2> -> org.hibernate.loader.plan.build.internal.spaces.CollectionQuerySpaceImpl@2c7db926]
12:18:52.084 [main] DEBUG o.h.l.p.b.i.spaces.QuerySpacesImpl - Adding QuerySpace : uid = <gen:3> -> org.hibernate.loader.plan.build.internal.spaces.EntityQuerySpaceImpl@2577a95d]
12:18:52.084 [main] DEBUG o.h.p.w.spi.MetamodelGraphWalker - Visiting attribute path : seller.tickets
12:18:52.084 [main] DEBUG o.h.l.p.b.i.spaces.QuerySpacesImpl - Adding QuerySpace : uid = <gen:4> -> org.hibernate.loader.plan.build.internal.spaces.CollectionQuerySpaceImpl@1668919e]
12:18:52.084 [main] DEBUG o.h.l.p.b.i.spaces.QuerySpacesImpl - Adding QuerySpace : uid = <gen:5> -> org.hibernate.loader.plan.build.internal.spaces.EntityQuerySpaceImpl@63300c4b]
12:18:52.084 [main] DEBUG o.h.p.w.spi.MetamodelGraphWalker - Visiting attribute path : seller.people
12:18:52.084 [main] DEBUG o.h.l.p.b.i.spaces.QuerySpacesImpl - Adding QuerySpace : uid = <gen:6> -> org.hibernate.loader.plan.build.internal.spaces.CollectionQuerySpaceImpl@22c53d82]
12:18:52.084 [main] DEBUG o.h.l.p.b.i.spaces.QuerySpacesImpl - Adding QuerySpace : uid = <gen:7> -> org.hibernate.loader.plan.build.internal.spaces.EntityQuerySpaceImpl@3a6045c6]
12:18:52.084 [main] DEBUG o.h.p.w.spi.MetamodelGraphWalker - Visiting attribute path : seller.isWorking
12:18:52.084 [main] DEBUG o.h.p.w.spi.MetamodelGraphWalker - Visiting attribute path : person
12:18:52.084 [main] DEBUG o.h.l.p.b.i.spaces.QuerySpacesImpl - Adding QuerySpace : uid = <gen:8> -> org.hibernate.loader.plan.build.internal.spaces.EntityQuerySpaceImpl@68d6d775]
12:18:52.084 [main] DEBUG o.h.p.w.spi.MetamodelGraphWalker - Visiting attribute path : person.birthdate
12:18:52.084 [main] DEBUG o.h.p.w.spi.MetamodelGraphWalker - Visiting attribute path : person.cardNum
12:18:52.084 [main] DEBUG o.h.l.p.b.i.spaces.QuerySpacesImpl - Adding QuerySpace : uid = <gen:9> -> org.hibernate.loader.plan.build.internal.spaces.EntityQuerySpaceImpl@45c9b3]
12:18:52.084 [main] DEBUG o.h.p.w.spi.MetamodelGraphWalker - Visiting attribute path : person.cardNum.emissionDate
12:18:52.084 [main] DEBUG o.h.p.w.spi.MetamodelGraphWalker - Visiting attribute path : person.cardNum.expirationDate
12:18:52.084 [main] DEBUG o.h.p.w.spi.MetamodelGraphWalker - Visiting attribute path : person.cardNum.person
12:18:52.084 [main] DEBUG o.h.l.p.b.i.spaces.QuerySpacesImpl - Adding QuerySpace : uid = <gen:10> -> org.hibernate.loader.plan.build.internal.spaces.EntityQuerySpaceImpl@6680f714]
12:18:52.084 [main] DEBUG o.h.p.w.spi.MetamodelGraphWalker - Visiting attribute path : person.cardNum.person.birthdate
12:18:52.084 [main] DEBUG o.h.p.w.spi.MetamodelGraphWalker - Visiting attribute path : person.cardNum.person.cardNum
12:18:52.084 [main] DEBUG o.h.p.w.spi.MetamodelGraphWalker - Property path deemed to be circular : person.cardNum.person.cardNum
12:18:52.084 [main] DEBUG o.h.p.w.spi.MetamodelGraphWalker - Visiting attribute path : person.cardNum.person.firstName
12:18:52.084 [main] DEBUG o.h.p.w.spi.MetamodelGraphWalker - Visiting attribute path : person.cardNum.person.lastName
12:18:52.084 [main] DEBUG o.h.p.w.spi.MetamodelGraphWalker - Visiting attribute path : person.firstName
12:18:52.084 [main] DEBUG o.h.p.w.spi.MetamodelGraphWalker - Visiting attribute path : person.lastName
12:18:52.084 [main] DEBUG o.h.p.w.spi.MetamodelGraphWalker - Visiting attribute path : sellers
12:18:52.084 [main] DEBUG o.h.l.p.b.i.spaces.QuerySpacesImpl - Adding QuerySpace : uid = <gen:11> -> org.hibernate.loader.plan.build.internal.spaces.EntityQuerySpaceImpl@7d97e06c]
12:18:52.084 [main] DEBUG o.h.p.w.spi.MetamodelGraphWalker - Visiting attribute path : sellers.name
12:18:52.085 [main] DEBUG o.h.p.w.spi.MetamodelGraphWalker - Visiting attribute path : sellers.passes
12:18:52.085 [main] DEBUG o.h.l.p.b.i.spaces.QuerySpacesImpl - Adding QuerySpace : uid = <gen:12> -> org.hibernate.loader.plan.build.internal.spaces.CollectionQuerySpaceImpl@3b4a1a75]
12:18:52.085 [main] DEBUG o.h.l.p.b.i.spaces.QuerySpacesImpl - Adding QuerySpace : uid = <gen:13> -> org.hibernate.loader.plan.build.internal.spaces.EntityQuerySpaceImpl@65bad087]
12:18:52.085 [main] DEBUG o.h.p.w.spi.MetamodelGraphWalker - Visiting attribute path : sellers.tickets
12:18:52.085 [main] DEBUG o.h.l.p.b.i.spaces.QuerySpacesImpl - Adding QuerySpace : uid = <gen:14> -> org.hibernate.loader.plan.build.internal.spaces.CollectionQuerySpaceImpl@276cc8dc]
12:18:52.085 [main] DEBUG o.h.l.p.b.i.spaces.QuerySpacesImpl - Adding QuerySpace : uid = <gen:15> -> org.hibernate.loader.plan.build.internal.spaces.EntityQuerySpaceImpl@66cd621b]
12:18:52.085 [main] DEBUG o.h.p.w.spi.MetamodelGraphWalker - Visiting attribute path : sellers.people
12:18:52.085 [main] DEBUG o.h.l.p.b.i.spaces.QuerySpacesImpl - Adding QuerySpace : uid = <gen:16> -> org.hibernate.loader.plan.build.internal.spaces.CollectionQuerySpaceImpl@d3f4505]
12:18:52.085 [main] DEBUG o.h.l.p.b.i.spaces.QuerySpacesImpl - Adding QuerySpace : uid = <gen:17> -> org.hibernate.loader.plan.build.internal.spaces.EntityQuerySpaceImpl@3eb292cd]
12:18:52.085 [main] DEBUG o.h.p.w.spi.MetamodelGraphWalker - Visiting attribute path : sellers.isWorking
12:18:52.085 [main] DEBUG o.h.p.w.spi.MetamodelGraphWalker - Visiting attribute path : validity
12:18:52.085 [main] DEBUG o.h.l.p.b.i.FetchStyleLoadPlanBuildingAssociationVisitationStrategy - Building LoadPlan...
12:18:52.085 [main] DEBUG o.h.l.p.e.i.LoadQueryJoinAndFetchProcessor - processing queryspace <gen:0>
12:18:52.085 [main] DEBUG o.h.l.p.b.spi.LoadPlanTreePrinter - LoadPlan(entity=Classes.Ticket)
    - Returns
       - EntityReturnImpl(entity=Classes.Ticket, querySpaceUid=<gen:0>, path=Classes.Ticket)
          - EntityAttributeFetchImpl(entity=Abstract.TicketSeller, querySpaceUid=<gen:1>, path=Classes.Ticket.seller)
             - CollectionAttributeFetchImpl(collection=Abstract.TicketSeller.passes, querySpaceUid=<gen:2>, path=Classes.Ticket.seller.passes)
                - (collection element) CollectionFetchableElementEntityGraph(entity=Classes.Pass, querySpaceUid=<gen:3>, path=Classes.Ticket.seller.passes.<elements>)
             - CollectionAttributeFetchImpl(collection=Abstract.TicketSeller.tickets, querySpaceUid=<gen:4>, path=Classes.Ticket.seller.tickets)
                - (collection element) CollectionFetchableElementEntityGraph(entity=Classes.Ticket, querySpaceUid=<gen:5>, path=Classes.Ticket.seller.tickets.<elements>)
             - CollectionAttributeFetchImpl(collection=Classes.Shop.people, querySpaceUid=<gen:6>, path=Classes.Ticket.seller.people)
                - (collection element) CollectionFetchableElementEntityGraph(entity=Classes.Person, querySpaceUid=<gen:7>, path=Classes.Ticket.seller.people.<elements>)
          - EntityAttributeFetchImpl(entity=Classes.Person, querySpaceUid=<gen:8>, path=Classes.Ticket.person)
             - EntityAttributeFetchImpl(entity=Classes.Card, querySpaceUid=<gen:9>, path=Classes.Ticket.person.cardNum)
                - EntityAttributeFetchImpl(entity=Classes.Person, querySpaceUid=<gen:10>, path=Classes.Ticket.person.cardNum.person)
          - EntityAttributeFetchImpl(entity=Abstract.TicketSeller, querySpaceUid=<gen:11>, path=Classes.Ticket.sellers)
             - CollectionAttributeFetchImpl(collection=Abstract.TicketSeller.passes, querySpaceUid=<gen:12>, path=Classes.Ticket.sellers.passes)
                - (collection element) CollectionFetchableElementEntityGraph(entity=Classes.Pass, querySpaceUid=<gen:13>, path=Classes.Ticket.sellers.passes.<elements>)
             - CollectionAttributeFetchImpl(collection=Abstract.TicketSeller.tickets, querySpaceUid=<gen:14>, path=Classes.Ticket.sellers.tickets)
                - (collection element) CollectionFetchableElementEntityGraph(entity=Classes.Ticket, querySpaceUid=<gen:15>, path=Classes.Ticket.sellers.tickets.<elements>)
             - CollectionAttributeFetchImpl(collection=Classes.Shop.people, querySpaceUid=<gen:16>, path=Classes.Ticket.sellers.people)
                - (collection element) CollectionFetchableElementEntityGraph(entity=Classes.Person, querySpaceUid=<gen:17>, path=Classes.Ticket.sellers.people.<elements>)
    - QuerySpaces
       - EntityQuerySpaceImpl(uid=<gen:0>, entity=Classes.Ticket)
          - SQL table alias mapping - ticket0_
          - alias suffix - 0_
          - suffixed key columns - {id2_2_0_}
          - JOIN (JoinDefinedByMetadata(seller)) : <gen:0> -> <gen:1>
             - EntityQuerySpaceImpl(uid=<gen:1>, entity=Abstract.TicketSeller)
                - SQL table alias mapping - ticketsell1_
                - alias suffix - 1_
                - suffixed key columns - {id2_3_1_}
          - JOIN (JoinDefinedByMetadata(person)) : <gen:0> -> <gen:8>
             - EntityQuerySpaceImpl(uid=<gen:8>, entity=Classes.Person)
                - SQL table alias mapping - person2_
                - alias suffix - 2_
                - suffixed key columns - {id1_1_2_}
                - JOIN (JoinDefinedByMetadata(cardNum)) : <gen:8> -> <gen:9>
                   - EntityQuerySpaceImpl(uid=<gen:9>, entity=Classes.Card)
                      - SQL table alias mapping - card3_
                      - alias suffix - 3_
                      - suffixed key columns - {id1_0_3_}
                      - JOIN (JoinDefinedByMetadata(person)) : <gen:9> -> <gen:10>
                         - EntityQuerySpaceImpl(uid=<gen:10>, entity=Classes.Person)
                            - SQL table alias mapping - person4_
                            - alias suffix - 4_
                            - suffixed key columns - {id1_1_4_}
          - JOIN (JoinDefinedByMetadata(sellers)) : <gen:0> -> <gen:11>
             - EntityQuerySpaceImpl(uid=<gen:11>, entity=Abstract.TicketSeller)
                - SQL table alias mapping - ticketsell5_
                - alias suffix - 5_
                - suffixed key columns - {id2_3_5_}

12:18:52.085 [main] DEBUG o.h.loader.entity.plan.EntityLoader - Static select for entity Classes.Ticket [NONE]: select ticket0_.id as id2_2_0_, ticket0_.seller_id as seller_i4_2_0_, ticket0_.person_id as person_i5_2_0_, ticket0_.sellers_id as sellers_6_2_0_, ticket0_.validity as validity3_2_0_, ticket0_.DTYPE as dtype1_2_0_, ticketsell1_.id as id2_3_1_, ticketsell1_.seller_name as seller_n3_3_1_, ticketsell1_.isWorking as isworkin4_3_1_, ticketsell1_.Elementi as elementi1_3_1_, person2_.id as id1_1_2_, person2_.birthdate as birthdat2_1_2_, person2_.cardNum_id as cardnum_5_1_2_, person2_.firstName as firstnam3_1_2_, person2_.lastName as lastname4_1_2_, card3_.id as id1_0_3_, card3_.emissionDate as emission2_0_3_, card3_.expirationDate as expirati3_0_3_, card3_.person_id as person_i4_0_3_, person4_.id as id1_1_4_, person4_.birthdate as birthdat2_1_4_, person4_.cardNum_id as cardnum_5_1_4_, person4_.firstName as firstnam3_1_4_, person4_.lastName as lastname4_1_4_, ticketsell5_.id as id2_3_5_, ticketsell5_.seller_name as seller_n3_3_5_, ticketsell5_.isWorking as isworkin4_3_5_, ticketsell5_.Elementi as elementi1_3_5_ from Ticket ticket0_ left outer join TicketSeller ticketsell1_ on ticket0_.seller_id=ticketsell1_.id left outer join Person person2_ on ticket0_.person_id=person2_.id left outer join Card card3_ on person2_.cardNum_id=card3_.id left outer join Person person4_ on card3_.person_id=person4_.id left outer join TicketSeller ticketsell5_ on ticket0_.sellers_id=ticketsell5_.id where ticket0_.id=?
12:18:52.086 [main] DEBUG o.h.p.entity.AbstractEntityPersister - Static SQL for entity: Classes.VendingMachine
12:18:52.086 [main] DEBUG o.h.p.entity.AbstractEntityPersister -  Version select: select id from TicketSeller where id =?
12:18:52.086 [main] DEBUG o.h.p.entity.AbstractEntityPersister -  Snapshot select: select vendingmac_.id, vendingmac_.seller_name as seller_n3_3_, vendingmac_.isWorking as isworkin4_3_ from TicketSeller vendingmac_ where vendingmac_.id=?
12:18:52.086 [main] DEBUG o.h.p.entity.AbstractEntityPersister -  Insert 0: insert into TicketSeller (seller_name, isWorking, Elementi, id) values (?, ?, 'vending_machine', ?)
12:18:52.086 [main] DEBUG o.h.p.entity.AbstractEntityPersister -  Update 0: update TicketSeller set seller_name=?, isWorking=? where id=?
12:18:52.086 [main] DEBUG o.h.p.entity.AbstractEntityPersister -  Delete 0: delete from TicketSeller where id=?
12:18:52.086 [main] DEBUG o.h.l.p.b.i.spaces.QuerySpacesImpl - Adding QuerySpace : uid = <gen:0> -> org.hibernate.loader.plan.build.internal.spaces.EntityQuerySpaceImpl@7fd987ef]
12:18:52.086 [main] DEBUG o.h.p.w.spi.MetamodelGraphWalker - Visiting attribute path : name
12:18:52.086 [main] DEBUG o.h.p.w.spi.MetamodelGraphWalker - Visiting attribute path : passes
12:18:52.086 [main] DEBUG o.h.l.p.b.i.spaces.QuerySpacesImpl - Adding QuerySpace : uid = <gen:1> -> org.hibernate.loader.plan.build.internal.spaces.CollectionQuerySpaceImpl@5e99b9c]
12:18:52.086 [main] DEBUG o.h.l.p.b.i.spaces.QuerySpacesImpl - Adding QuerySpace : uid = <gen:2> -> org.hibernate.loader.plan.build.internal.spaces.EntityQuerySpaceImpl@2fe74516]
12:18:52.086 [main] DEBUG o.h.p.w.spi.MetamodelGraphWalker - Visiting attribute path : tickets
12:18:52.086 [main] DEBUG o.h.l.p.b.i.spaces.QuerySpacesImpl - Adding QuerySpace : uid = <gen:3> -> org.hibernate.loader.plan.build.internal.spaces.CollectionQuerySpaceImpl@1c3259fa]
12:18:52.086 [main] DEBUG o.h.l.p.b.i.spaces.QuerySpacesImpl - Adding QuerySpace : uid = <gen:4> -> org.hibernate.loader.plan.build.internal.spaces.EntityQuerySpaceImpl@217bf99e]
12:18:52.086 [main] DEBUG o.h.p.w.spi.MetamodelGraphWalker - Visiting attribute path : isWorking
12:18:52.086 [main] DEBUG o.h.l.p.b.i.FetchStyleLoadPlanBuildingAssociationVisitationStrategy - Building LoadPlan...
12:18:52.086 [main] DEBUG o.h.l.p.e.i.LoadQueryJoinAndFetchProcessor - processing queryspace <gen:0>
12:18:52.086 [main] DEBUG o.h.l.p.b.spi.LoadPlanTreePrinter - LoadPlan(entity=Classes.VendingMachine)
    - Returns
       - EntityReturnImpl(entity=Classes.VendingMachine, querySpaceUid=<gen:0>, path=Classes.VendingMachine)
          - CollectionAttributeFetchImpl(collection=Abstract.TicketSeller.passes, querySpaceUid=<gen:1>, path=Classes.VendingMachine.passes)
             - (collection element) CollectionFetchableElementEntityGraph(entity=Classes.Pass, querySpaceUid=<gen:2>, path=Classes.VendingMachine.passes.<elements>)
          - CollectionAttributeFetchImpl(collection=Abstract.TicketSeller.tickets, querySpaceUid=<gen:3>, path=Classes.VendingMachine.tickets)
             - (collection element) CollectionFetchableElementEntityGraph(entity=Classes.Ticket, querySpaceUid=<gen:4>, path=Classes.VendingMachine.tickets.<elements>)
    - QuerySpaces
       - EntityQuerySpaceImpl(uid=<gen:0>, entity=Classes.VendingMachine)
          - SQL table alias mapping - vendingmac0_
          - alias suffix - 0_
          - suffixed key columns - {id2_3_0_}

12:18:52.086 [main] DEBUG o.h.loader.entity.plan.EntityLoader - Static select for entity Classes.VendingMachine [NONE]: select vendingmac0_.id as id2_3_0_, vendingmac0_.seller_name as seller_n3_3_0_, vendingmac0_.isWorking as isworkin4_3_0_ from TicketSeller vendingmac0_ where vendingmac0_.id=? and vendingmac0_.Elementi='vending_machine'
12:18:52.088 [main] DEBUG o.h.l.p.b.i.spaces.QuerySpacesImpl - Adding QuerySpace : uid = <gen:0> -> org.hibernate.loader.plan.build.internal.spaces.CollectionQuerySpaceImpl@3aaa3c39]
12:18:52.088 [main] DEBUG o.h.l.p.b.i.spaces.QuerySpacesImpl - Adding QuerySpace : uid = <gen:1> -> org.hibernate.loader.plan.build.internal.spaces.EntityQuerySpaceImpl@65a9ea3c]
12:18:52.089 [main] DEBUG o.h.p.w.spi.MetamodelGraphWalker - Visiting attribute path : seller
12:18:52.089 [main] DEBUG o.h.l.p.b.i.spaces.QuerySpacesImpl - Adding QuerySpace : uid = <gen:2> -> org.hibernate.loader.plan.build.internal.spaces.EntityQuerySpaceImpl@58658f63]
12:18:52.089 [main] DEBUG o.h.p.w.spi.MetamodelGraphWalker - Visiting attribute path : seller.name
12:18:52.089 [main] DEBUG o.h.p.w.spi.MetamodelGraphWalker - Visiting attribute path : seller.passes
12:18:52.089 [main] DEBUG o.h.p.w.spi.MetamodelGraphWalker - Property path deemed to be circular : seller.passes
12:18:52.089 [main] DEBUG o.h.p.w.spi.MetamodelGraphWalker - Visiting attribute path : seller.tickets
12:18:52.089 [main] DEBUG o.h.p.w.spi.MetamodelGraphWalker - Property path deemed to be circular : seller.tickets
12:18:52.089 [main] DEBUG o.h.p.w.spi.MetamodelGraphWalker - Visiting attribute path : seller.people
12:18:52.089 [main] DEBUG o.h.l.p.b.i.spaces.QuerySpacesImpl - Adding QuerySpace : uid = <gen:3> -> org.hibernate.loader.plan.build.internal.spaces.CollectionQuerySpaceImpl@60990e5c]
12:18:52.089 [main] DEBUG o.h.l.p.b.i.spaces.QuerySpacesImpl - Adding QuerySpace : uid = <gen:4> -> org.hibernate.loader.plan.build.internal.spaces.EntityQuerySpaceImpl@4d84049a]
12:18:52.089 [main] DEBUG o.h.p.w.spi.MetamodelGraphWalker - Visiting attribute path : seller.isWorking
12:18:52.089 [main] DEBUG o.h.p.w.spi.MetamodelGraphWalker - Visiting attribute path : person
12:18:52.089 [main] DEBUG o.h.l.p.b.i.spaces.QuerySpacesImpl - Adding QuerySpace : uid = <gen:5> -> org.hibernate.loader.plan.build.internal.spaces.EntityQuerySpaceImpl@39ee94de]
12:18:52.089 [main] DEBUG o.h.p.w.spi.MetamodelGraphWalker - Visiting attribute path : person.birthdate
12:18:52.089 [main] DEBUG o.h.p.w.spi.MetamodelGraphWalker - Visiting attribute path : person.cardNum
12:18:52.089 [main] DEBUG o.h.l.p.b.i.spaces.QuerySpacesImpl - Adding QuerySpace : uid = <gen:6> -> org.hibernate.loader.plan.build.internal.spaces.EntityQuerySpaceImpl@4c6b4ed7]
12:18:52.089 [main] DEBUG o.h.p.w.spi.MetamodelGraphWalker - Visiting attribute path : person.cardNum.emissionDate
12:18:52.089 [main] DEBUG o.h.p.w.spi.MetamodelGraphWalker - Visiting attribute path : person.cardNum.expirationDate
12:18:52.089 [main] DEBUG o.h.p.w.spi.MetamodelGraphWalker - Visiting attribute path : person.cardNum.person
12:18:52.089 [main] DEBUG o.h.l.p.b.i.spaces.QuerySpacesImpl - Adding QuerySpace : uid = <gen:7> -> org.hibernate.loader.plan.build.internal.spaces.EntityQuerySpaceImpl@6ca30b8a]
12:18:52.089 [main] DEBUG o.h.p.w.spi.MetamodelGraphWalker - Visiting attribute path : person.cardNum.person.birthdate
12:18:52.089 [main] DEBUG o.h.p.w.spi.MetamodelGraphWalker - Visiting attribute path : person.cardNum.person.cardNum
12:18:52.089 [main] DEBUG o.h.p.w.spi.MetamodelGraphWalker - Property path deemed to be circular : person.cardNum.person.cardNum
12:18:52.089 [main] DEBUG o.h.p.w.spi.MetamodelGraphWalker - Visiting attribute path : person.cardNum.person.firstName
12:18:52.089 [main] DEBUG o.h.p.w.spi.MetamodelGraphWalker - Visiting attribute path : person.cardNum.person.lastName
12:18:52.089 [main] DEBUG o.h.p.w.spi.MetamodelGraphWalker - Visiting attribute path : person.firstName
12:18:52.089 [main] DEBUG o.h.p.w.spi.MetamodelGraphWalker - Visiting attribute path : person.lastName
12:18:52.089 [main] DEBUG o.h.p.w.spi.MetamodelGraphWalker - Visiting attribute path : sellers
12:18:52.089 [main] DEBUG o.h.l.p.b.i.spaces.QuerySpacesImpl - Adding QuerySpace : uid = <gen:8> -> org.hibernate.loader.plan.build.internal.spaces.EntityQuerySpaceImpl@5c9934da]
12:18:52.089 [main] DEBUG o.h.p.w.spi.MetamodelGraphWalker - Visiting attribute path : sellers.name
12:18:52.089 [main] DEBUG o.h.p.w.spi.MetamodelGraphWalker - Visiting attribute path : sellers.passes
12:18:52.089 [main] DEBUG o.h.p.w.spi.MetamodelGraphWalker - Property path deemed to be circular : sellers.passes
12:18:52.089 [main] DEBUG o.h.p.w.spi.MetamodelGraphWalker - Visiting attribute path : sellers.tickets
12:18:52.090 [main] DEBUG o.h.p.w.spi.MetamodelGraphWalker - Property path deemed to be circular : sellers.tickets
12:18:52.090 [main] DEBUG o.h.p.w.spi.MetamodelGraphWalker - Visiting attribute path : sellers.people
12:18:52.090 [main] DEBUG o.h.l.p.b.i.spaces.QuerySpacesImpl - Adding QuerySpace : uid = <gen:9> -> org.hibernate.loader.plan.build.internal.spaces.CollectionQuerySpaceImpl@383caf89]
12:18:52.090 [main] DEBUG o.h.l.p.b.i.spaces.QuerySpacesImpl - Adding QuerySpace : uid = <gen:10> -> org.hibernate.loader.plan.build.internal.spaces.EntityQuerySpaceImpl@64c781a9]
12:18:52.090 [main] DEBUG o.h.p.w.spi.MetamodelGraphWalker - Visiting attribute path : sellers.isWorking
12:18:52.090 [main] DEBUG o.h.p.w.spi.MetamodelGraphWalker - Visiting attribute path : validity
12:18:52.090 [main] DEBUG o.h.l.p.b.i.FetchStyleLoadPlanBuildingAssociationVisitationStrategy - Building LoadPlan...
12:18:52.091 [main] DEBUG o.h.l.p.e.i.LoadQueryJoinAndFetchProcessor - processing queryspace <gen:0>
12:18:52.092 [main] DEBUG o.h.l.p.b.spi.LoadPlanTreePrinter - LoadPlan(collection=Abstract.TicketSeller.tickets)
    - Returns
       - CollectionReturnImpl(collection=Abstract.TicketSeller.tickets, querySpaceUid=<gen:0>, path=[Abstract.TicketSeller.tickets])
          - (collection element) CollectionFetchableElementEntityGraph(entity=Classes.Ticket, querySpaceUid=<gen:1>, path=[Abstract.TicketSeller.tickets].<elements>)
             - EntityAttributeFetchImpl(entity=Abstract.TicketSeller, querySpaceUid=<gen:2>, path=[Abstract.TicketSeller.tickets].<elements>.seller)
                - CollectionAttributeFetchImpl(collection=Classes.Shop.people, querySpaceUid=<gen:3>, path=[Abstract.TicketSeller.tickets].<elements>.seller.people)
                   - (collection element) CollectionFetchableElementEntityGraph(entity=Classes.Person, querySpaceUid=<gen:4>, path=[Abstract.TicketSeller.tickets].<elements>.seller.people.<elements>)
             - EntityAttributeFetchImpl(entity=Classes.Person, querySpaceUid=<gen:5>, path=[Abstract.TicketSeller.tickets].<elements>.person)
                - EntityAttributeFetchImpl(entity=Classes.Card, querySpaceUid=<gen:6>, path=[Abstract.TicketSeller.tickets].<elements>.person.cardNum)
                   - EntityAttributeFetchImpl(entity=Classes.Person, querySpaceUid=<gen:7>, path=[Abstract.TicketSeller.tickets].<elements>.person.cardNum.person)
             - EntityAttributeFetchImpl(entity=Abstract.TicketSeller, querySpaceUid=<gen:8>, path=[Abstract.TicketSeller.tickets].<elements>.sellers)
                - CollectionAttributeFetchImpl(collection=Classes.Shop.people, querySpaceUid=<gen:9>, path=[Abstract.TicketSeller.tickets].<elements>.sellers.people)
                   - (collection element) CollectionFetchableElementEntityGraph(entity=Classes.Person, querySpaceUid=<gen:10>, path=[Abstract.TicketSeller.tickets].<elements>.sellers.people.<elements>)
    - QuerySpaces
       - CollectionQuerySpaceImpl(uid=<gen:0>, collection=Abstract.TicketSeller.tickets)
          - SQL table alias mapping - tickets0_
          - alias suffix - 0_
          - suffixed key columns - {ticketse1_5_0_}
          - entity-element alias suffix - 1_
          - 1_entity-element suffixed key columns - id2_2_1_
          - JOIN (JoinDefinedByMetadata(elements)) : <gen:0> -> <gen:1>
             - EntityQuerySpaceImpl(uid=<gen:1>, entity=Classes.Ticket)
                - SQL table alias mapping - ticket1_
                - alias suffix - 1_
                - suffixed key columns - {id2_2_1_}
                - JOIN (JoinDefinedByMetadata(seller)) : <gen:1> -> <gen:2>
                   - EntityQuerySpaceImpl(uid=<gen:2>, entity=Abstract.TicketSeller)
                      - SQL table alias mapping - ticketsell2_
                      - alias suffix - 2_
                      - suffixed key columns - {id2_3_2_}
                - JOIN (JoinDefinedByMetadata(person)) : <gen:1> -> <gen:5>
                   - EntityQuerySpaceImpl(uid=<gen:5>, entity=Classes.Person)
                      - SQL table alias mapping - person3_
                      - alias suffix - 3_
                      - suffixed key columns - {id1_1_3_}
                      - JOIN (JoinDefinedByMetadata(cardNum)) : <gen:5> -> <gen:6>
                         - EntityQuerySpaceImpl(uid=<gen:6>, entity=Classes.Card)
                            - SQL table alias mapping - card4_
                            - alias suffix - 4_
                            - suffixed key columns - {id1_0_4_}
                            - JOIN (JoinDefinedByMetadata(person)) : <gen:6> -> <gen:7>
                               - EntityQuerySpaceImpl(uid=<gen:7>, entity=Classes.Person)
                                  - SQL table alias mapping - person5_
                                  - alias suffix - 5_
                                  - suffixed key columns - {id1_1_5_}
                - JOIN (JoinDefinedByMetadata(sellers)) : <gen:1> -> <gen:8>
                   - EntityQuerySpaceImpl(uid=<gen:8>, entity=Abstract.TicketSeller)
                      - SQL table alias mapping - ticketsell6_
                      - alias suffix - 6_
                      - suffixed key columns - {id2_3_6_}

12:18:52.092 [main] DEBUG o.h.l.c.plan.CollectionLoader - Static select for collection Abstract.TicketSeller.tickets: select tickets0_.TicketSeller_id as ticketse1_5_0_, tickets0_.tickets_id as tickets_2_5_0_, ticket1_.id as id2_2_1_, ticket1_.seller_id as seller_i4_2_1_, ticket1_.person_id as person_i5_2_1_, ticket1_.sellers_id as sellers_6_2_1_, ticket1_.validity as validity3_2_1_, ticket1_.DTYPE as dtype1_2_1_, ticketsell2_.id as id2_3_2_, ticketsell2_.seller_name as seller_n3_3_2_, ticketsell2_.isWorking as isworkin4_3_2_, ticketsell2_.Elementi as elementi1_3_2_, person3_.id as id1_1_3_, person3_.birthdate as birthdat2_1_3_, person3_.cardNum_id as cardnum_5_1_3_, person3_.firstName as firstnam3_1_3_, person3_.lastName as lastname4_1_3_, card4_.id as id1_0_4_, card4_.emissionDate as emission2_0_4_, card4_.expirationDate as expirati3_0_4_, card4_.person_id as person_i4_0_4_, person5_.id as id1_1_5_, person5_.birthdate as birthdat2_1_5_, person5_.cardNum_id as cardnum_5_1_5_, person5_.firstName as firstnam3_1_5_, person5_.lastName as lastname4_1_5_, ticketsell6_.id as id2_3_6_, ticketsell6_.seller_name as seller_n3_3_6_, ticketsell6_.isWorking as isworkin4_3_6_, ticketsell6_.Elementi as elementi1_3_6_ from TicketSeller_Ticket tickets0_ inner join Ticket ticket1_ on tickets0_.tickets_id=ticket1_.id left outer join TicketSeller ticketsell2_ on ticket1_.seller_id=ticketsell2_.id left outer join Person person3_ on ticket1_.person_id=person3_.id left outer join Card card4_ on person3_.cardNum_id=card4_.id left outer join Person person5_ on card4_.person_id=person5_.id left outer join TicketSeller ticketsell6_ on ticket1_.sellers_id=ticketsell6_.id where tickets0_.TicketSeller_id=?
12:18:52.092 [main] DEBUG o.h.l.p.b.i.spaces.QuerySpacesImpl - Adding QuerySpace : uid = <gen:0> -> org.hibernate.loader.plan.build.internal.spaces.CollectionQuerySpaceImpl@4f654cee]
12:18:52.092 [main] DEBUG o.h.l.p.b.i.spaces.QuerySpacesImpl - Adding QuerySpace : uid = <gen:1> -> org.hibernate.loader.plan.build.internal.spaces.EntityQuerySpaceImpl@3e1fd62b]
12:18:52.092 [main] DEBUG o.h.p.w.spi.MetamodelGraphWalker - Visiting attribute path : seller
12:18:52.092 [main] DEBUG o.h.l.p.b.i.spaces.QuerySpacesImpl - Adding QuerySpace : uid = <gen:2> -> org.hibernate.loader.plan.build.internal.spaces.EntityQuerySpaceImpl@30ec7d21]
12:18:52.092 [main] DEBUG o.h.p.w.spi.MetamodelGraphWalker - Visiting attribute path : seller.name
12:18:52.092 [main] DEBUG o.h.p.w.spi.MetamodelGraphWalker - Visiting attribute path : seller.passes
12:18:52.092 [main] DEBUG o.h.p.w.spi.MetamodelGraphWalker - Property path deemed to be circular : seller.passes
12:18:52.092 [main] DEBUG o.h.p.w.spi.MetamodelGraphWalker - Visiting attribute path : seller.tickets
12:18:52.092 [main] DEBUG o.h.p.w.spi.MetamodelGraphWalker - Property path deemed to be circular : seller.tickets
12:18:52.092 [main] DEBUG o.h.p.w.spi.MetamodelGraphWalker - Visiting attribute path : seller.people
12:18:52.092 [main] DEBUG o.h.l.p.b.i.spaces.QuerySpacesImpl - Adding QuerySpace : uid = <gen:3> -> org.hibernate.loader.plan.build.internal.spaces.CollectionQuerySpaceImpl@7efa3f63]
12:18:52.092 [main] DEBUG o.h.l.p.b.i.spaces.QuerySpacesImpl - Adding QuerySpace : uid = <gen:4> -> org.hibernate.loader.plan.build.internal.spaces.EntityQuerySpaceImpl@7134b8a7]
12:18:52.092 [main] DEBUG o.h.p.w.spi.MetamodelGraphWalker - Visiting attribute path : seller.isWorking
12:18:52.092 [main] DEBUG o.h.p.w.spi.MetamodelGraphWalker - Visiting attribute path : person
12:18:52.092 [main] DEBUG o.h.l.p.b.i.spaces.QuerySpacesImpl - Adding QuerySpace : uid = <gen:5> -> org.hibernate.loader.plan.build.internal.spaces.EntityQuerySpaceImpl@2262d6d5]
12:18:52.092 [main] DEBUG o.h.p.w.spi.MetamodelGraphWalker - Visiting attribute path : person.birthdate
12:18:52.093 [main] DEBUG o.h.p.w.spi.MetamodelGraphWalker - Visiting attribute path : person.cardNum
12:18:52.093 [main] DEBUG o.h.l.p.b.i.spaces.QuerySpacesImpl - Adding QuerySpace : uid = <gen:6> -> org.hibernate.loader.plan.build.internal.spaces.EntityQuerySpaceImpl@6ff0b1cc]
12:18:52.093 [main] DEBUG o.h.p.w.spi.MetamodelGraphWalker - Visiting attribute path : person.cardNum.emissionDate
12:18:52.093 [main] DEBUG o.h.p.w.spi.MetamodelGraphWalker - Visiting attribute path : person.cardNum.expirationDate
12:18:52.093 [main] DEBUG o.h.p.w.spi.MetamodelGraphWalker - Visiting attribute path : person.cardNum.person
12:18:52.093 [main] DEBUG o.h.l.p.b.i.spaces.QuerySpacesImpl - Adding QuerySpace : uid = <gen:7> -> org.hibernate.loader.plan.build.internal.spaces.EntityQuerySpaceImpl@f3560d4]
12:18:52.093 [main] DEBUG o.h.p.w.spi.MetamodelGraphWalker - Visiting attribute path : person.cardNum.person.birthdate
12:18:52.093 [main] DEBUG o.h.p.w.spi.MetamodelGraphWalker - Visiting attribute path : person.cardNum.person.cardNum
12:18:52.093 [main] DEBUG o.h.p.w.spi.MetamodelGraphWalker - Property path deemed to be circular : person.cardNum.person.cardNum
12:18:52.093 [main] DEBUG o.h.p.w.spi.MetamodelGraphWalker - Visiting attribute path : person.cardNum.person.firstName
12:18:52.093 [main] DEBUG o.h.p.w.spi.MetamodelGraphWalker - Visiting attribute path : person.cardNum.person.lastName
12:18:52.093 [main] DEBUG o.h.p.w.spi.MetamodelGraphWalker - Visiting attribute path : person.firstName
12:18:52.093 [main] DEBUG o.h.p.w.spi.MetamodelGraphWalker - Visiting attribute path : person.lastName
12:18:52.093 [main] DEBUG o.h.p.w.spi.MetamodelGraphWalker - Visiting attribute path : sellers
12:18:52.093 [main] DEBUG o.h.l.p.b.i.spaces.QuerySpacesImpl - Adding QuerySpace : uid = <gen:8> -> org.hibernate.loader.plan.build.internal.spaces.EntityQuerySpaceImpl@51b77cdf]
12:18:52.093 [main] DEBUG o.h.p.w.spi.MetamodelGraphWalker - Visiting attribute path : sellers.name
12:18:52.093 [main] DEBUG o.h.p.w.spi.MetamodelGraphWalker - Visiting attribute path : sellers.passes
12:18:52.093 [main] DEBUG o.h.p.w.spi.MetamodelGraphWalker - Property path deemed to be circular : sellers.passes
12:18:52.093 [main] DEBUG o.h.p.w.spi.MetamodelGraphWalker - Visiting attribute path : sellers.tickets
12:18:52.093 [main] DEBUG o.h.p.w.spi.MetamodelGraphWalker - Property path deemed to be circular : sellers.tickets
12:18:52.093 [main] DEBUG o.h.p.w.spi.MetamodelGraphWalker - Visiting attribute path : sellers.people
12:18:52.093 [main] DEBUG o.h.l.p.b.i.spaces.QuerySpacesImpl - Adding QuerySpace : uid = <gen:9> -> org.hibernate.loader.plan.build.internal.spaces.CollectionQuerySpaceImpl@6088451e]
12:18:52.093 [main] DEBUG o.h.l.p.b.i.spaces.QuerySpacesImpl - Adding QuerySpace : uid = <gen:10> -> org.hibernate.loader.plan.build.internal.spaces.EntityQuerySpaceImpl@45ab3bdd]
12:18:52.093 [main] DEBUG o.h.p.w.spi.MetamodelGraphWalker - Visiting attribute path : sellers.isWorking
12:18:52.093 [main] DEBUG o.h.p.w.spi.MetamodelGraphWalker - Visiting attribute path : validity
12:18:52.093 [main] DEBUG o.h.l.p.b.i.FetchStyleLoadPlanBuildingAssociationVisitationStrategy - Building LoadPlan...
12:18:52.093 [main] DEBUG o.h.l.p.e.i.LoadQueryJoinAndFetchProcessor - processing queryspace <gen:0>
12:18:52.094 [main] DEBUG o.h.l.p.b.spi.LoadPlanTreePrinter - LoadPlan(collection=Abstract.TicketSeller.passes)
    - Returns
       - CollectionReturnImpl(collection=Abstract.TicketSeller.passes, querySpaceUid=<gen:0>, path=[Abstract.TicketSeller.passes])
          - (collection element) CollectionFetchableElementEntityGraph(entity=Classes.Pass, querySpaceUid=<gen:1>, path=[Abstract.TicketSeller.passes].<elements>)
             - EntityAttributeFetchImpl(entity=Abstract.TicketSeller, querySpaceUid=<gen:2>, path=[Abstract.TicketSeller.passes].<elements>.seller)
                - CollectionAttributeFetchImpl(collection=Classes.Shop.people, querySpaceUid=<gen:3>, path=[Abstract.TicketSeller.passes].<elements>.seller.people)
                   - (collection element) CollectionFetchableElementEntityGraph(entity=Classes.Person, querySpaceUid=<gen:4>, path=[Abstract.TicketSeller.passes].<elements>.seller.people.<elements>)
             - EntityAttributeFetchImpl(entity=Classes.Person, querySpaceUid=<gen:5>, path=[Abstract.TicketSeller.passes].<elements>.person)
                - EntityAttributeFetchImpl(entity=Classes.Card, querySpaceUid=<gen:6>, path=[Abstract.TicketSeller.passes].<elements>.person.cardNum)
                   - EntityAttributeFetchImpl(entity=Classes.Person, querySpaceUid=<gen:7>, path=[Abstract.TicketSeller.passes].<elements>.person.cardNum.person)
             - EntityAttributeFetchImpl(entity=Abstract.TicketSeller, querySpaceUid=<gen:8>, path=[Abstract.TicketSeller.passes].<elements>.sellers)
                - CollectionAttributeFetchImpl(collection=Classes.Shop.people, querySpaceUid=<gen:9>, path=[Abstract.TicketSeller.passes].<elements>.sellers.people)
                   - (collection element) CollectionFetchableElementEntityGraph(entity=Classes.Person, querySpaceUid=<gen:10>, path=[Abstract.TicketSeller.passes].<elements>.sellers.people.<elements>)
    - QuerySpaces
       - CollectionQuerySpaceImpl(uid=<gen:0>, collection=Abstract.TicketSeller.passes)
          - SQL table alias mapping - passes0_
          - alias suffix - 0_
          - suffixed key columns - {ticketse1_5_0_}
          - entity-element alias suffix - 1_
          - 1_entity-element suffixed key columns - id2_2_1_
          - JOIN (JoinDefinedByMetadata(elements)) : <gen:0> -> <gen:1>
             - EntityQuerySpaceImpl(uid=<gen:1>, entity=Classes.Pass)
                - SQL table alias mapping - pass1_
                - alias suffix - 1_
                - suffixed key columns - {id2_2_1_}
                - JOIN (JoinDefinedByMetadata(seller)) : <gen:1> -> <gen:2>
                   - EntityQuerySpaceImpl(uid=<gen:2>, entity=Abstract.TicketSeller)
                      - SQL table alias mapping - ticketsell2_
                      - alias suffix - 2_
                      - suffixed key columns - {id2_3_2_}
                - JOIN (JoinDefinedByMetadata(person)) : <gen:1> -> <gen:5>
                   - EntityQuerySpaceImpl(uid=<gen:5>, entity=Classes.Person)
                      - SQL table alias mapping - person3_
                      - alias suffix - 3_
                      - suffixed key columns - {id1_1_3_}
                      - JOIN (JoinDefinedByMetadata(cardNum)) : <gen:5> -> <gen:6>
                         - EntityQuerySpaceImpl(uid=<gen:6>, entity=Classes.Card)
                            - SQL table alias mapping - card4_
                            - alias suffix - 4_
                            - suffixed key columns - {id1_0_4_}
                            - JOIN (JoinDefinedByMetadata(person)) : <gen:6> -> <gen:7>
                               - EntityQuerySpaceImpl(uid=<gen:7>, entity=Classes.Person)
                                  - SQL table alias mapping - person5_
                                  - alias suffix - 5_
                                  - suffixed key columns - {id1_1_5_}
                - JOIN (JoinDefinedByMetadata(sellers)) : <gen:1> -> <gen:8>
                   - EntityQuerySpaceImpl(uid=<gen:8>, entity=Abstract.TicketSeller)
                      - SQL table alias mapping - ticketsell6_
                      - alias suffix - 6_
                      - suffixed key columns - {id2_3_6_}

12:18:52.094 [main] DEBUG o.h.l.c.plan.CollectionLoader - Static select for collection Abstract.TicketSeller.passes: select passes0_.TicketSeller_id as ticketse1_5_0_, passes0_.passes_id as passes_i3_5_0_, pass1_.id as id2_2_1_, pass1_.seller_id as seller_i4_2_1_, pass1_.person_id as person_i5_2_1_, pass1_.sellers_id as sellers_6_2_1_, pass1_.validity as validity3_2_1_, ticketsell2_.id as id2_3_2_, ticketsell2_.seller_name as seller_n3_3_2_, ticketsell2_.isWorking as isworkin4_3_2_, ticketsell2_.Elementi as elementi1_3_2_, person3_.id as id1_1_3_, person3_.birthdate as birthdat2_1_3_, person3_.cardNum_id as cardnum_5_1_3_, person3_.firstName as firstnam3_1_3_, person3_.lastName as lastname4_1_3_, card4_.id as id1_0_4_, card4_.emissionDate as emission2_0_4_, card4_.expirationDate as expirati3_0_4_, card4_.person_id as person_i4_0_4_, person5_.id as id1_1_5_, person5_.birthdate as birthdat2_1_5_, person5_.cardNum_id as cardnum_5_1_5_, person5_.firstName as firstnam3_1_5_, person5_.lastName as lastname4_1_5_, ticketsell6_.id as id2_3_6_, ticketsell6_.seller_name as seller_n3_3_6_, ticketsell6_.isWorking as isworkin4_3_6_, ticketsell6_.Elementi as elementi1_3_6_ from TicketSeller_Ticket passes0_ inner join Ticket pass1_ on passes0_.passes_id=pass1_.id left outer join TicketSeller ticketsell2_ on pass1_.seller_id=ticketsell2_.id left outer join Person person3_ on pass1_.person_id=person3_.id left outer join Card card4_ on person3_.cardNum_id=card4_.id left outer join Person person5_ on card4_.person_id=person5_.id left outer join TicketSeller ticketsell6_ on pass1_.sellers_id=ticketsell6_.id where passes0_.TicketSeller_id=?
12:18:52.094 [main] DEBUG o.h.l.p.b.i.spaces.QuerySpacesImpl - Adding QuerySpace : uid = <gen:0> -> org.hibernate.loader.plan.build.internal.spaces.CollectionQuerySpaceImpl@2f10f633]
12:18:52.094 [main] DEBUG o.h.l.p.b.i.spaces.QuerySpacesImpl - Adding QuerySpace : uid = <gen:1> -> org.hibernate.loader.plan.build.internal.spaces.EntityQuerySpaceImpl@1642eeae]
12:18:52.094 [main] DEBUG o.h.p.w.spi.MetamodelGraphWalker - Visiting attribute path : birthdate
12:18:52.094 [main] DEBUG o.h.p.w.spi.MetamodelGraphWalker - Visiting attribute path : cardNum
12:18:52.094 [main] DEBUG o.h.l.p.b.i.spaces.QuerySpacesImpl - Adding QuerySpace : uid = <gen:2> -> org.hibernate.loader.plan.build.internal.spaces.EntityQuerySpaceImpl@a09303]
12:18:52.094 [main] DEBUG o.h.p.w.spi.MetamodelGraphWalker - Visiting attribute path : cardNum.emissionDate
12:18:52.094 [main] DEBUG o.h.p.w.spi.MetamodelGraphWalker - Visiting attribute path : cardNum.expirationDate
12:18:52.094 [main] DEBUG o.h.p.w.spi.MetamodelGraphWalker - Visiting attribute path : cardNum.person
12:18:52.094 [main] DEBUG o.h.l.p.b.i.spaces.QuerySpacesImpl - Adding QuerySpace : uid = <gen:3> -> org.hibernate.loader.plan.build.internal.spaces.EntityQuerySpaceImpl@322ba549]
12:18:52.094 [main] DEBUG o.h.p.w.spi.MetamodelGraphWalker - Visiting attribute path : cardNum.person.birthdate
12:18:52.094 [main] DEBUG o.h.p.w.spi.MetamodelGraphWalker - Visiting attribute path : cardNum.person.cardNum
12:18:52.094 [main] DEBUG o.h.p.w.spi.MetamodelGraphWalker - Property path deemed to be circular : cardNum.person.cardNum
12:18:52.094 [main] DEBUG o.h.p.w.spi.MetamodelGraphWalker - Visiting attribute path : cardNum.person.firstName
12:18:52.094 [main] DEBUG o.h.p.w.spi.MetamodelGraphWalker - Visiting attribute path : cardNum.person.lastName
12:18:52.094 [main] DEBUG o.h.p.w.spi.MetamodelGraphWalker - Visiting attribute path : firstName
12:18:52.094 [main] DEBUG o.h.p.w.spi.MetamodelGraphWalker - Visiting attribute path : lastName
12:18:52.094 [main] DEBUG o.h.l.p.b.i.FetchStyleLoadPlanBuildingAssociationVisitationStrategy - Building LoadPlan...
12:18:52.094 [main] DEBUG o.h.l.p.e.i.LoadQueryJoinAndFetchProcessor - processing queryspace <gen:0>
12:18:52.094 [main] DEBUG o.h.l.p.b.spi.LoadPlanTreePrinter - LoadPlan(collection=Classes.Shop.people)
    - Returns
       - CollectionReturnImpl(collection=Classes.Shop.people, querySpaceUid=<gen:0>, path=[Classes.Shop.people])
          - (collection element) CollectionFetchableElementEntityGraph(entity=Classes.Person, querySpaceUid=<gen:1>, path=[Classes.Shop.people].<elements>)
             - EntityAttributeFetchImpl(entity=Classes.Card, querySpaceUid=<gen:2>, path=[Classes.Shop.people].<elements>.cardNum)
                - EntityAttributeFetchImpl(entity=Classes.Person, querySpaceUid=<gen:3>, path=[Classes.Shop.people].<elements>.cardNum.person)
    - QuerySpaces
       - CollectionQuerySpaceImpl(uid=<gen:0>, collection=Classes.Shop.people)
          - SQL table alias mapping - people0_
          - alias suffix - 0_
          - suffixed key columns - {shop_id1_4_0_}
          - entity-element alias suffix - 1_
          - 1_entity-element suffixed key columns - id1_1_1_
          - JOIN (JoinDefinedByMetadata(elements)) : <gen:0> -> <gen:1>
             - EntityQuerySpaceImpl(uid=<gen:1>, entity=Classes.Person)
                - SQL table alias mapping - person1_
                - alias suffix - 1_
                - suffixed key columns - {id1_1_1_}
                - JOIN (JoinDefinedByMetadata(cardNum)) : <gen:1> -> <gen:2>
                   - EntityQuerySpaceImpl(uid=<gen:2>, entity=Classes.Card)
                      - SQL table alias mapping - card2_
                      - alias suffix - 2_
                      - suffixed key columns - {id1_0_2_}
                      - JOIN (JoinDefinedByMetadata(person)) : <gen:2> -> <gen:3>
                         - EntityQuerySpaceImpl(uid=<gen:3>, entity=Classes.Person)
                            - SQL table alias mapping - person3_
                            - alias suffix - 3_
                            - suffixed key columns - {id1_1_3_}

12:18:52.094 [main] DEBUG o.h.l.c.plan.CollectionLoader - Static select for collection Classes.Shop.people: select people0_.Shop_id as shop_id1_4_0_, people0_.people_id as people_i2_4_0_, person1_.id as id1_1_1_, person1_.birthdate as birthdat2_1_1_, person1_.cardNum_id as cardnum_5_1_1_, person1_.firstName as firstnam3_1_1_, person1_.lastName as lastname4_1_1_, card2_.id as id1_0_2_, card2_.emissionDate as emission2_0_2_, card2_.expirationDate as expirati3_0_2_, card2_.person_id as person_i4_0_2_, person3_.id as id1_1_3_, person3_.birthdate as birthdat2_1_3_, person3_.cardNum_id as cardnum_5_1_3_, person3_.firstName as firstnam3_1_3_, person3_.lastName as lastname4_1_3_ from TicketSeller_Person people0_ inner join Person person1_ on people0_.people_id=person1_.id left outer join Card card2_ on person1_.cardNum_id=card2_.id left outer join Person person3_ on card2_.person_id=person3_.id where people0_.Shop_id=?
12:18:52.118 [main] INFO  o.hibernate.orm.connections.access - HHH10001501: Connection obtained from JdbcConnectionAccess [org.hibernate.engine.jdbc.env.internal.JdbcEnvironmentInitiator$ConnectionProviderJdbcConnectionAccess@42d6c12d] for (non-JTA) DDL execution was not in auto-commit mode; the Connection 'local transaction' will be committed and the Connection will be set into auto-commit mode.
12:18:52.136 [main] DEBUG org.hibernate.mapping.Table - No alter strings for table : Card
12:18:52.136 [main] DEBUG org.hibernate.mapping.Table - No alter strings for table : Person
12:18:52.136 [main] DEBUG org.hibernate.mapping.Table - No alter strings for table : Ticket
12:18:52.136 [main] DEBUG org.hibernate.mapping.Table - No alter strings for table : TicketSeller
12:18:52.136 [main] DEBUG org.hibernate.mapping.Table - No alter strings for table : TicketSeller_Person
12:18:52.136 [main] DEBUG org.hibernate.mapping.Table - No alter strings for table : TicketSeller_Ticket
12:18:52.206 [main] DEBUG o.h.e.t.j.p.i.JtaPlatformInitiator - No JtaPlatform was specified, checking resolver
12:18:52.207 [main] DEBUG o.h.e.t.j.p.i.JtaPlatformResolverInitiator - No JtaPlatformResolver was specified, using default [org.hibernate.engine.transaction.jta.platform.internal.StandardJtaPlatformResolver]
12:18:52.210 [main] DEBUG o.h.e.t.j.p.i.StandardJtaPlatformResolver - Could not resolve JtaPlatform, using default [org.hibernate.engine.transaction.jta.platform.internal.NoJtaPlatform]
12:18:52.211 [main] INFO  o.h.e.t.j.p.i.JtaPlatformInitiator - HHH000490: Using JtaPlatform implementation: [org.hibernate.engine.transaction.jta.platform.internal.NoJtaPlatform]
12:18:52.213 [main] DEBUG o.h.s.i.SessionFactoryServiceRegistryImpl - EventListenerRegistry access via ServiceRegistry is deprecated.  Use `sessionFactory.getEventEngine().getListenerRegistry()` instead
12:18:52.214 [main] DEBUG o.h.h.i.QueryTranslatorFactoryInitiator - QueryTranslatorFactory: org.hibernate.hql.internal.ast.ASTQueryTranslatorFactory@4735d6e5
12:18:52.216 [main] DEBUG o.h.query.spi.NamedQueryRepository - Checking 0 named HQL queries
12:18:52.216 [main] DEBUG o.h.query.spi.NamedQueryRepository - Checking 0 named SQL queries
12:18:52.217 [main] DEBUG o.h.internal.SessionFactoryRegistry - Initializing SessionFactoryRegistry : org.hibernate.internal.SessionFactoryRegistry@56846330
12:18:52.218 [main] DEBUG o.h.internal.SessionFactoryRegistry - Registering SessionFactory: 6ff39648-d713-42e0-b40c-8367cf1a0139 (<unnamed>)
12:18:52.218 [main] DEBUG o.h.internal.SessionFactoryRegistry - Not binding SessionFactory to JNDI, no JNDI name configured
12:18:52.248 [main] DEBUG o.h.s.internal.StatisticsInitiator - Statistics initialized [enabled=false]
12:18:52.252 [main] DEBUG o.h.e.t.internal.TransactionImpl - On TransactionImpl creation, JpaCompliance#isJpaTransactionComplianceEnabled == false
12:18:52.252 [main] DEBUG o.h.e.t.internal.TransactionImpl - begin
12:18:52.260 [main] DEBUG o.hibernate.engine.spi.ActionQueue - Executing identity-insert immediately
12:18:52.262 [main] DEBUG org.hibernate.SQL - insert into Person (birthdate, cardNum_id, firstName, lastName) values (?, ?, ?, ?)
12:18:52.264 [main] DEBUG o.h.id.IdentifierGeneratorHelper - Natively generated identity: 2
12:18:52.264 [main] DEBUG o.h.r.j.i.ResourceRegistryStandardImpl - HHH000387: ResultSet's statement was not registered
12:18:52.266 [main] DEBUG o.h.e.t.internal.TransactionImpl - committing
12:18:52.266 [main] DEBUG o.h.e.i.AbstractFlushingEventListener - Processing flush-time cascades
12:18:52.269 [main] DEBUG o.h.r.t.b.j.i.JdbcResourceLocalTransactionCoordinatorImpl - JDBC transaction marked for rollback-only (exception provided for stack trace)
java.lang.Exception: exception just for purpose of providing stack trace
	at org.hibernate.resource.transaction.backend.jdbc.internal.JdbcResourceLocalTransactionCoordinatorImpl$TransactionDriverControlImpl.markRollbackOnly(JdbcResourceLocalTransactionCoordinatorImpl.java:324)
	at org.hibernate.engine.transaction.internal.TransactionImpl.markRollbackOnly(TransactionImpl.java:203)
	at org.hibernate.internal.AbstractSharedSessionContract.markForRollbackOnly(AbstractSharedSessionContract.java:428)
	at org.hibernate.internal.ExceptionConverterImpl.convert(ExceptionConverterImpl.java:145)
	at org.hibernate.internal.ExceptionConverterImpl.convert(ExceptionConverterImpl.java:181)
	at org.hibernate.internal.ExceptionConverterImpl.convert(ExceptionConverterImpl.java:188)
	at org.hibernate.internal.SessionImpl.doFlush(SessionImpl.java:1411)
	at org.hibernate.internal.SessionImpl.managedFlush(SessionImpl.java:489)
	at org.hibernate.internal.SessionImpl.flushBeforeTransactionCompletion(SessionImpl.java:3303)
	at org.hibernate.internal.SessionImpl.beforeTransactionCompletion(SessionImpl.java:2438)
	at org.hibernate.engine.jdbc.internal.JdbcCoordinatorImpl.beforeTransactionCompletion(JdbcCoordinatorImpl.java:449)
	at org.hibernate.resource.transaction.backend.jdbc.internal.JdbcResourceLocalTransactionCoordinatorImpl.beforeCompletionCallback(JdbcResourceLocalTransactionCoordinatorImpl.java:183)
	at org.hibernate.resource.transaction.backend.jdbc.internal.JdbcResourceLocalTransactionCoordinatorImpl.access$300(JdbcResourceLocalTransactionCoordinatorImpl.java:40)
	at org.hibernate.resource.transaction.backend.jdbc.internal.JdbcResourceLocalTransactionCoordinatorImpl$TransactionDriverControlImpl.commit(JdbcResourceLocalTransactionCoordinatorImpl.java:281)
	at org.hibernate.engine.transaction.internal.TransactionImpl.commit(TransactionImpl.java:101)
	at ClassesDAO.PersonDAO.savePerson(PersonDAO.java:19)
	at MainClass.MainClass.main(MainClass.java:20)
12:18:52.271 [main] DEBUG o.h.r.t.b.j.i.JdbcResourceLocalTransactionCoordinatorImpl - JDBC transaction marked for rollback-only (exception provided for stack trace)
java.lang.Exception: exception just for purpose of providing stack trace
	at org.hibernate.resource.transaction.backend.jdbc.internal.JdbcResourceLocalTransactionCoordinatorImpl$TransactionDriverControlImpl.markRollbackOnly(JdbcResourceLocalTransactionCoordinatorImpl.java:324)
	at org.hibernate.resource.transaction.backend.jdbc.internal.JdbcResourceLocalTransactionCoordinatorImpl.beforeCompletionCallback(JdbcResourceLocalTransactionCoordinatorImpl.java:192)
	at org.hibernate.resource.transaction.backend.jdbc.internal.JdbcResourceLocalTransactionCoordinatorImpl.access$300(JdbcResourceLocalTransactionCoordinatorImpl.java:40)
	at org.hibernate.resource.transaction.backend.jdbc.internal.JdbcResourceLocalTransactionCoordinatorImpl$TransactionDriverControlImpl.commit(JdbcResourceLocalTransactionCoordinatorImpl.java:281)
	at org.hibernate.engine.transaction.internal.TransactionImpl.commit(TransactionImpl.java:101)
	at ClassesDAO.PersonDAO.savePerson(PersonDAO.java:19)
	at MainClass.MainClass.main(MainClass.java:20)
12:18:52.272 [main] DEBUG o.h.r.j.i.LogicalConnectionManagedImpl - Initiating JDBC connection release from afterTransaction
12:18:52.272 [main] DEBUG o.h.r.j.i.LogicalConnectionManagedImpl - Initiating JDBC connection release from afterTransaction
12:18:52.273 [main] DEBUG o.h.e.t.internal.TransactionImpl - rollback() called on an inactive transaction
12:20:24.057 [main] DEBUG org.jboss.logging - Logging Provider: org.jboss.logging.Slf4jLoggerProvider
12:20:24.117 [main] DEBUG o.h.jpa.HibernatePersistenceProvider - Located and parsed 2 persistence units; checking each
12:20:24.117 [main] DEBUG o.h.jpa.HibernatePersistenceProvider - Checking persistence-unit [name=HomeworkS3D3, explicit-provider=null] against incoming persistence unit name [BuildWeek_4]
12:20:24.117 [main] DEBUG o.h.jpa.HibernatePersistenceProvider - Excluding from consideration due to name mis-match
12:20:24.117 [main] DEBUG o.h.jpa.HibernatePersistenceProvider - Checking persistence-unit [name=BuildWeek_4, explicit-provider=null] against incoming persistence unit name [BuildWeek_4]
12:20:24.118 [main] DEBUG o.h.jpa.boot.spi.ProviderChecker - No PersistenceProvider explicitly requested, assuming Hibernate
12:20:24.121 [main] DEBUG o.h.jpa.internal.util.LogHelper - PersistenceUnitInfo [
	name: BuildWeek_4
	persistence provider classname: null
	classloader: null
	excludeUnlistedClasses: false
	JTA datasource: null
	Non JTA datasource: null
	Transaction type: RESOURCE_LOCAL
	PU root URL: file:/C:/Users/total/Desktop/All/Epicode/fs0223-Luca-Sernicola-BackEnd/BuildWeek_4/target/classes/
	Shared Cache Mode: null
	Validation Mode: null
	Jar files URLs []
	Managed classes names []
	Mapping files names []
	Properties [
		javax.persistence.jdbc.driver: org.postgresql.Driver
		javax.persistence.jdbc.password: root
		hibernate.dialect: org.hibernate.dialect.PostgreSQLDialect
		javax.persistence.jdbc.url: jdbc:postgresql://localhost:5432/BuildWeek
		hibernate.hbm2ddl.auto: update
		javax.persistence.jdbc.user: postgres]
12:20:24.124 [main] DEBUG o.h.i.internal.IntegratorServiceImpl - Adding Integrator [org.hibernate.cfg.beanvalidation.BeanValidationIntegrator].
12:20:24.125 [main] DEBUG o.h.i.internal.IntegratorServiceImpl - Adding Integrator [org.hibernate.secure.spi.JaccIntegrator].
12:20:24.128 [main] DEBUG o.h.i.internal.IntegratorServiceImpl - Adding Integrator [org.hibernate.cache.internal.CollectionCacheInvalidator].
12:20:24.153 [main] INFO  org.hibernate.Version - HHH000412: Hibernate ORM core version 5.6.15.Final
12:20:24.154 [main] DEBUG org.hibernate.cfg.Environment - HHH000206: hibernate.properties not found
12:20:24.253 [main] DEBUG o.h.service.spi.ServiceBinding - Overriding existing service binding [org.hibernate.secure.spi.JaccService]
12:20:24.261 [main] DEBUG o.h.c.i.RegionFactoryInitiator - Cannot default RegionFactory based on registered strategies as `[]` RegionFactory strategies were registered
12:20:24.262 [main] DEBUG o.h.c.i.RegionFactoryInitiator - Cache region factory : org.hibernate.cache.internal.NoCachingRegionFactory
12:20:24.273 [main] INFO  o.h.annotations.common.Version - HCANN000001: Hibernate Commons Annotations {5.1.2.Final}
12:20:24.330 [main] DEBUG o.hibernate.type.BasicTypeRegistry - Adding type registration boolean -> org.hibernate.type.BooleanType@726e5805
12:20:24.331 [main] DEBUG o.hibernate.type.BasicTypeRegistry - Adding type registration boolean -> org.hibernate.type.BooleanType@726e5805
12:20:24.331 [main] DEBUG o.hibernate.type.BasicTypeRegistry - Adding type registration java.lang.Boolean -> org.hibernate.type.BooleanType@726e5805
12:20:24.331 [main] DEBUG o.hibernate.type.BasicTypeRegistry - Adding type registration numeric_boolean -> org.hibernate.type.NumericBooleanType@e077866
12:20:24.331 [main] DEBUG o.hibernate.type.BasicTypeRegistry - Adding type registration true_false -> org.hibernate.type.TrueFalseType@a8e6492
12:20:24.331 [main] DEBUG o.hibernate.type.BasicTypeRegistry - Adding type registration yes_no -> org.hibernate.type.YesNoType@2e11485
12:20:24.332 [main] DEBUG o.hibernate.type.BasicTypeRegistry - Adding type registration byte -> org.hibernate.type.ByteType@75c9e76b
12:20:24.332 [main] DEBUG o.hibernate.type.BasicTypeRegistry - Adding type registration byte -> org.hibernate.type.ByteType@75c9e76b
12:20:24.332 [main] DEBUG o.hibernate.type.BasicTypeRegistry - Adding type registration java.lang.Byte -> org.hibernate.type.ByteType@75c9e76b
12:20:24.332 [main] DEBUG o.hibernate.type.BasicTypeRegistry - Adding type registration character -> org.hibernate.type.CharacterType@12bcd0c0
12:20:24.332 [main] DEBUG o.hibernate.type.BasicTypeRegistry - Adding type registration char -> org.hibernate.type.CharacterType@12bcd0c0
12:20:24.332 [main] DEBUG o.hibernate.type.BasicTypeRegistry - Adding type registration java.lang.Character -> org.hibernate.type.CharacterType@12bcd0c0
12:20:24.333 [main] DEBUG o.hibernate.type.BasicTypeRegistry - Adding type registration short -> org.hibernate.type.ShortType@58ebfd03
12:20:24.333 [main] DEBUG o.hibernate.type.BasicTypeRegistry - Adding type registration short -> org.hibernate.type.ShortType@58ebfd03
12:20:24.333 [main] DEBUG o.hibernate.type.BasicTypeRegistry - Adding type registration java.lang.Short -> org.hibernate.type.ShortType@58ebfd03
12:20:24.334 [main] DEBUG o.hibernate.type.BasicTypeRegistry - Adding type registration integer -> org.hibernate.type.IntegerType@5c87bfe2
12:20:24.334 [main] DEBUG o.hibernate.type.BasicTypeRegistry - Adding type registration int -> org.hibernate.type.IntegerType@5c87bfe2
12:20:24.334 [main] DEBUG o.hibernate.type.BasicTypeRegistry - Adding type registration java.lang.Integer -> org.hibernate.type.IntegerType@5c87bfe2
12:20:24.334 [main] DEBUG o.hibernate.type.BasicTypeRegistry - Adding type registration long -> org.hibernate.type.LongType@7a791b66
12:20:24.334 [main] DEBUG o.hibernate.type.BasicTypeRegistry - Adding type registration long -> org.hibernate.type.LongType@7a791b66
12:20:24.334 [main] DEBUG o.hibernate.type.BasicTypeRegistry - Adding type registration java.lang.Long -> org.hibernate.type.LongType@7a791b66
12:20:24.335 [main] DEBUG o.hibernate.type.BasicTypeRegistry - Adding type registration float -> org.hibernate.type.FloatType@4fc5e095
12:20:24.335 [main] DEBUG o.hibernate.type.BasicTypeRegistry - Adding type registration float -> org.hibernate.type.FloatType@4fc5e095
12:20:24.335 [main] DEBUG o.hibernate.type.BasicTypeRegistry - Adding type registration java.lang.Float -> org.hibernate.type.FloatType@4fc5e095
12:20:24.335 [main] DEBUG o.hibernate.type.BasicTypeRegistry - Adding type registration double -> org.hibernate.type.DoubleType@62ea3440
12:20:24.335 [main] DEBUG o.hibernate.type.BasicTypeRegistry - Adding type registration double -> org.hibernate.type.DoubleType@62ea3440
12:20:24.335 [main] DEBUG o.hibernate.type.BasicTypeRegistry - Adding type registration java.lang.Double -> org.hibernate.type.DoubleType@62ea3440
12:20:24.336 [main] DEBUG o.hibernate.type.BasicTypeRegistry - Adding type registration big_decimal -> org.hibernate.type.BigDecimalType@749c877b
12:20:24.336 [main] DEBUG o.hibernate.type.BasicTypeRegistry - Adding type registration java.math.BigDecimal -> org.hibernate.type.BigDecimalType@749c877b
12:20:24.336 [main] DEBUG o.hibernate.type.BasicTypeRegistry - Adding type registration big_integer -> org.hibernate.type.BigIntegerType@160ac7fb
12:20:24.337 [main] DEBUG o.hibernate.type.BasicTypeRegistry - Adding type registration java.math.BigInteger -> org.hibernate.type.BigIntegerType@160ac7fb
12:20:24.337 [main] DEBUG o.hibernate.type.BasicTypeRegistry - Adding type registration string -> org.hibernate.type.StringType@618c5d94
12:20:24.337 [main] DEBUG o.hibernate.type.BasicTypeRegistry - Adding type registration java.lang.String -> org.hibernate.type.StringType@618c5d94
12:20:24.337 [main] DEBUG o.hibernate.type.BasicTypeRegistry - Adding type registration nstring -> org.hibernate.type.StringNVarcharType@1e63ec0b
12:20:24.338 [main] DEBUG o.hibernate.type.BasicTypeRegistry - Adding type registration ncharacter -> org.hibernate.type.CharacterNCharType@295eaa7c
12:20:24.338 [main] DEBUG o.hibernate.type.BasicTypeRegistry - Adding type registration url -> org.hibernate.type.UrlType@1dd0e7c4
12:20:24.338 [main] DEBUG o.hibernate.type.BasicTypeRegistry - Adding type registration java.net.URL -> org.hibernate.type.UrlType@1dd0e7c4
12:20:24.339 [main] DEBUG o.hibernate.type.BasicTypeRegistry - Adding type registration Duration -> org.hibernate.type.DurationType@37bd68c3
12:20:24.339 [main] DEBUG o.hibernate.type.BasicTypeRegistry - Adding type registration java.time.Duration -> org.hibernate.type.DurationType@37bd68c3
12:20:24.339 [main] DEBUG o.hibernate.type.BasicTypeRegistry - Adding type registration Instant -> org.hibernate.type.InstantType@4bff1903
12:20:24.339 [main] DEBUG o.hibernate.type.BasicTypeRegistry - Adding type registration java.time.Instant -> org.hibernate.type.InstantType@4bff1903
12:20:24.341 [main] DEBUG o.hibernate.type.BasicTypeRegistry - Adding type registration LocalDateTime -> org.hibernate.type.LocalDateTimeType@f79a760
12:20:24.341 [main] DEBUG o.hibernate.type.BasicTypeRegistry - Adding type registration java.time.LocalDateTime -> org.hibernate.type.LocalDateTimeType@f79a760
12:20:24.341 [main] DEBUG o.hibernate.type.BasicTypeRegistry - Adding type registration LocalDate -> org.hibernate.type.LocalDateType@652a7737
12:20:24.341 [main] DEBUG o.hibernate.type.BasicTypeRegistry - Adding type registration java.time.LocalDate -> org.hibernate.type.LocalDateType@652a7737
12:20:24.342 [main] DEBUG o.hibernate.type.BasicTypeRegistry - Adding type registration LocalTime -> org.hibernate.type.LocalTimeType@4e28bdd1
12:20:24.342 [main] DEBUG o.hibernate.type.BasicTypeRegistry - Adding type registration java.time.LocalTime -> org.hibernate.type.LocalTimeType@4e28bdd1
12:20:24.343 [main] DEBUG o.hibernate.type.BasicTypeRegistry - Adding type registration OffsetDateTime -> org.hibernate.type.OffsetDateTimeType@a8c1f44
12:20:24.343 [main] DEBUG o.hibernate.type.BasicTypeRegistry - Adding type registration java.time.OffsetDateTime -> org.hibernate.type.OffsetDateTimeType@a8c1f44
12:20:24.343 [main] DEBUG o.hibernate.type.BasicTypeRegistry - Adding type registration OffsetTime -> org.hibernate.type.OffsetTimeType@78a287ed
12:20:24.344 [main] DEBUG o.hibernate.type.BasicTypeRegistry - Adding type registration java.time.OffsetTime -> org.hibernate.type.OffsetTimeType@78a287ed
12:20:24.344 [main] DEBUG o.hibernate.type.BasicTypeRegistry - Adding type registration ZonedDateTime -> org.hibernate.type.ZonedDateTimeType@2b43529a
12:20:24.344 [main] DEBUG o.hibernate.type.BasicTypeRegistry - Adding type registration java.time.ZonedDateTime -> org.hibernate.type.ZonedDateTimeType@2b43529a
12:20:24.345 [main] DEBUG o.hibernate.type.BasicTypeRegistry - Adding type registration date -> org.hibernate.type.DateType@3829ac1
12:20:24.345 [main] DEBUG o.hibernate.type.BasicTypeRegistry - Adding type registration java.sql.Date -> org.hibernate.type.DateType@3829ac1
12:20:24.346 [main] DEBUG o.hibernate.type.BasicTypeRegistry - Adding type registration time -> org.hibernate.type.TimeType@2dbe250d
12:20:24.346 [main] DEBUG o.hibernate.type.BasicTypeRegistry - Adding type registration java.sql.Time -> org.hibernate.type.TimeType@2dbe250d
12:20:24.347 [main] DEBUG o.hibernate.type.BasicTypeRegistry - Adding type registration timestamp -> org.hibernate.type.TimestampType@47404bea
12:20:24.347 [main] DEBUG o.hibernate.type.BasicTypeRegistry - Adding type registration java.sql.Timestamp -> org.hibernate.type.TimestampType@47404bea
12:20:24.347 [main] DEBUG o.hibernate.type.BasicTypeRegistry - Adding type registration java.util.Date -> org.hibernate.type.TimestampType@47404bea
12:20:24.348 [main] DEBUG o.hibernate.type.BasicTypeRegistry - Adding type registration dbtimestamp -> org.hibernate.type.DbTimestampType@29e6eb25
12:20:24.349 [main] DEBUG o.hibernate.type.BasicTypeRegistry - Adding type registration calendar -> org.hibernate.type.CalendarType@275fe372
12:20:24.349 [main] DEBUG o.hibernate.type.BasicTypeRegistry - Adding type registration java.util.Calendar -> org.hibernate.type.CalendarType@275fe372
12:20:24.349 [main] DEBUG o.hibernate.type.BasicTypeRegistry - Adding type registration java.util.GregorianCalendar -> org.hibernate.type.CalendarType@275fe372
12:20:24.349 [main] DEBUG o.hibernate.type.BasicTypeRegistry - Adding type registration calendar_date -> org.hibernate.type.CalendarDateType@366ef90e
12:20:24.350 [main] DEBUG o.hibernate.type.BasicTypeRegistry - Adding type registration calendar_time -> org.hibernate.type.CalendarTimeType@21aa6d6c
12:20:24.350 [main] DEBUG o.hibernate.type.BasicTypeRegistry - Adding type registration locale -> org.hibernate.type.LocaleType@3f446bef
12:20:24.350 [main] DEBUG o.hibernate.type.BasicTypeRegistry - Adding type registration java.util.Locale -> org.hibernate.type.LocaleType@3f446bef
12:20:24.351 [main] DEBUG o.hibernate.type.BasicTypeRegistry - Adding type registration currency -> org.hibernate.type.CurrencyType@1c80e49b
12:20:24.351 [main] DEBUG o.hibernate.type.BasicTypeRegistry - Adding type registration java.util.Currency -> org.hibernate.type.CurrencyType@1c80e49b
12:20:24.351 [main] DEBUG o.hibernate.type.BasicTypeRegistry - Adding type registration timezone -> org.hibernate.type.TimeZoneType@56f6d40b
12:20:24.351 [main] DEBUG o.hibernate.type.BasicTypeRegistry - Adding type registration java.util.TimeZone -> org.hibernate.type.TimeZoneType@56f6d40b
12:20:24.352 [main] DEBUG o.hibernate.type.BasicTypeRegistry - Adding type registration class -> org.hibernate.type.ClassType@7e3060d8
12:20:24.352 [main] DEBUG o.hibernate.type.BasicTypeRegistry - Adding type registration java.lang.Class -> org.hibernate.type.ClassType@7e3060d8
12:20:24.352 [main] DEBUG o.hibernate.type.BasicTypeRegistry - Adding type registration uuid-binary -> org.hibernate.type.UUIDBinaryType@2e54db99
12:20:24.352 [main] DEBUG o.hibernate.type.BasicTypeRegistry - Adding type registration java.util.UUID -> org.hibernate.type.UUIDBinaryType@2e54db99
12:20:24.352 [main] DEBUG o.hibernate.type.BasicTypeRegistry - Adding type registration uuid-char -> org.hibernate.type.UUIDCharType@65a4798f
12:20:24.353 [main] DEBUG o.hibernate.type.BasicTypeRegistry - Adding type registration binary -> org.hibernate.type.BinaryType@773cbf4f
12:20:24.353 [main] DEBUG o.hibernate.type.BasicTypeRegistry - Adding type registration byte[] -> org.hibernate.type.BinaryType@773cbf4f
12:20:24.353 [main] DEBUG o.hibernate.type.BasicTypeRegistry - Adding type registration [B -> org.hibernate.type.BinaryType@773cbf4f
12:20:24.354 [main] DEBUG o.hibernate.type.BasicTypeRegistry - Adding type registration wrapper-binary -> org.hibernate.type.WrapperBinaryType@69637b10
12:20:24.354 [main] DEBUG o.hibernate.type.BasicTypeRegistry - Adding type registration Byte[] -> org.hibernate.type.WrapperBinaryType@69637b10
12:20:24.354 [main] DEBUG o.hibernate.type.BasicTypeRegistry - Adding type registration [Ljava.lang.Byte; -> org.hibernate.type.WrapperBinaryType@69637b10
12:20:24.354 [main] DEBUG o.hibernate.type.BasicTypeRegistry - Adding type registration row_version -> org.hibernate.type.RowVersionType@470a696f
12:20:24.354 [main] DEBUG o.hibernate.type.BasicTypeRegistry - Adding type registration image -> org.hibernate.type.ImageType@3f1c5af9
12:20:24.355 [main] DEBUG o.hibernate.type.BasicTypeRegistry - Adding type registration characters -> org.hibernate.type.CharArrayType@1de5f0ef
12:20:24.355 [main] DEBUG o.hibernate.type.BasicTypeRegistry - Adding type registration char[] -> org.hibernate.type.CharArrayType@1de5f0ef
12:20:24.355 [main] DEBUG o.hibernate.type.BasicTypeRegistry - Adding type registration [C -> org.hibernate.type.CharArrayType@1de5f0ef
12:20:24.355 [main] DEBUG o.hibernate.type.BasicTypeRegistry - Adding type registration wrapper-characters -> org.hibernate.type.CharacterArrayType@3ce3db41
12:20:24.355 [main] DEBUG o.hibernate.type.BasicTypeRegistry - Adding type registration [Ljava.lang.Character; -> org.hibernate.type.CharacterArrayType@3ce3db41
12:20:24.355 [main] DEBUG o.hibernate.type.BasicTypeRegistry - Adding type registration Character[] -> org.hibernate.type.CharacterArrayType@3ce3db41
12:20:24.356 [main] DEBUG o.hibernate.type.BasicTypeRegistry - Adding type registration text -> org.hibernate.type.TextType@2c3dec30
12:20:24.356 [main] DEBUG o.hibernate.type.BasicTypeRegistry - Adding type registration ntext -> org.hibernate.type.NTextType@3fc9dfc5
12:20:24.357 [main] DEBUG o.hibernate.type.BasicTypeRegistry - Adding type registration blob -> org.hibernate.type.BlobType@4ba534b0
12:20:24.357 [main] DEBUG o.hibernate.type.BasicTypeRegistry - Adding type registration java.sql.Blob -> org.hibernate.type.BlobType@4ba534b0
12:20:24.357 [main] DEBUG o.hibernate.type.BasicTypeRegistry - Adding type registration materialized_blob -> org.hibernate.type.MaterializedBlobType@4e517165
12:20:24.357 [main] DEBUG o.hibernate.type.BasicTypeRegistry - Adding type registration clob -> org.hibernate.type.ClobType@34625ccd
12:20:24.357 [main] DEBUG o.hibernate.type.BasicTypeRegistry - Adding type registration java.sql.Clob -> org.hibernate.type.ClobType@34625ccd
12:20:24.358 [main] DEBUG o.hibernate.type.BasicTypeRegistry - Adding type registration nclob -> org.hibernate.type.NClobType@346939bf
12:20:24.358 [main] DEBUG o.hibernate.type.BasicTypeRegistry - Adding type registration java.sql.NClob -> org.hibernate.type.NClobType@346939bf
12:20:24.358 [main] DEBUG o.hibernate.type.BasicTypeRegistry - Adding type registration materialized_clob -> org.hibernate.type.MaterializedClobType@9bd0fa6
12:20:24.358 [main] DEBUG o.hibernate.type.BasicTypeRegistry - Adding type registration materialized_nclob -> org.hibernate.type.MaterializedNClobType@f6c03cb
12:20:24.359 [main] DEBUG o.hibernate.type.BasicTypeRegistry - Adding type registration serializable -> org.hibernate.type.SerializableType@1c9f0a20
12:20:24.360 [main] DEBUG o.hibernate.type.BasicTypeRegistry - Adding type registration object -> org.hibernate.type.ObjectType@4ae33a11
12:20:24.360 [main] DEBUG o.hibernate.type.BasicTypeRegistry - Adding type registration java.lang.Object -> org.hibernate.type.ObjectType@4ae33a11
12:20:24.361 [main] DEBUG o.hibernate.type.BasicTypeRegistry - Adding type registration imm_date -> org.hibernate.type.AdaptedImmutableType@5049d8b2
12:20:24.361 [main] DEBUG o.hibernate.type.BasicTypeRegistry - Adding type registration imm_time -> org.hibernate.type.AdaptedImmutableType@6d0b5baf
12:20:24.361 [main] DEBUG o.hibernate.type.BasicTypeRegistry - Adding type registration imm_timestamp -> org.hibernate.type.AdaptedImmutableType@631e06ab
12:20:24.361 [main] DEBUG o.hibernate.type.BasicTypeRegistry - Adding type registration imm_dbtimestamp -> org.hibernate.type.AdaptedImmutableType@2a3591c5
12:20:24.361 [main] DEBUG o.hibernate.type.BasicTypeRegistry - Adding type registration imm_calendar -> org.hibernate.type.AdaptedImmutableType@34a75079
12:20:24.361 [main] DEBUG o.hibernate.type.BasicTypeRegistry - Adding type registration imm_calendar_date -> org.hibernate.type.AdaptedImmutableType@346a361
12:20:24.361 [main] DEBUG o.hibernate.type.BasicTypeRegistry - Adding type registration imm_binary -> org.hibernate.type.AdaptedImmutableType@107ed6fc
12:20:24.361 [main] DEBUG o.hibernate.type.BasicTypeRegistry - Adding type registration imm_serializable -> org.hibernate.type.AdaptedImmutableType@1643d68f
12:20:24.368 [main] DEBUG o.h.b.internal.BootstrapContextImpl - Injecting ScanEnvironment [org.hibernate.jpa.boot.internal.StandardJpaScanEnvironmentImpl@c7a975a] into BootstrapContext; was [null]
12:20:24.368 [main] DEBUG o.h.b.internal.BootstrapContextImpl - Injecting ScanOptions [org.hibernate.boot.archive.scan.internal.StandardScanOptions@2c1b9e4b] into BootstrapContext; was [org.hibernate.boot.archive.scan.internal.StandardScanOptions@757d6814]
12:20:24.401 [main] DEBUG o.h.b.internal.BootstrapContextImpl - Injecting JPA temp ClassLoader [null] into BootstrapContext; was [null]
12:20:24.401 [main] DEBUG o.h.b.internal.ClassLoaderAccessImpl - ClassLoaderAccessImpl#injectTempClassLoader(null) [was null]
12:20:24.407 [main] DEBUG o.h.i.f.i.DefaultIdentifierGeneratorFactory - Registering IdentifierGenerator strategy [uuid2] -> [org.hibernate.id.UUIDGenerator]
12:20:24.407 [main] DEBUG o.h.i.f.i.DefaultIdentifierGeneratorFactory - Registering IdentifierGenerator strategy [guid] -> [org.hibernate.id.GUIDGenerator]
12:20:24.408 [main] DEBUG o.h.i.f.i.DefaultIdentifierGeneratorFactory - Registering IdentifierGenerator strategy [uuid] -> [org.hibernate.id.UUIDHexGenerator]
12:20:24.408 [main] DEBUG o.h.i.f.i.DefaultIdentifierGeneratorFactory - Registering IdentifierGenerator strategy [uuid.hex] -> [org.hibernate.id.UUIDHexGenerator]
12:20:24.408 [main] DEBUG o.h.i.f.i.DefaultIdentifierGeneratorFactory - Registering IdentifierGenerator strategy [assigned] -> [org.hibernate.id.Assigned]
12:20:24.409 [main] DEBUG o.h.i.f.i.DefaultIdentifierGeneratorFactory - Registering IdentifierGenerator strategy [identity] -> [org.hibernate.id.IdentityGenerator]
12:20:24.409 [main] DEBUG o.h.i.f.i.DefaultIdentifierGeneratorFactory - Registering IdentifierGenerator strategy [select] -> [org.hibernate.id.SelectGenerator]
12:20:24.409 [main] DEBUG o.h.i.f.i.DefaultIdentifierGeneratorFactory - Registering IdentifierGenerator strategy [sequence] -> [org.hibernate.id.enhanced.SequenceStyleGenerator]
12:20:24.410 [main] DEBUG o.h.i.f.i.DefaultIdentifierGeneratorFactory - Registering IdentifierGenerator strategy [seqhilo] -> [org.hibernate.id.SequenceHiLoGenerator]
12:20:24.410 [main] DEBUG o.h.i.f.i.DefaultIdentifierGeneratorFactory - Registering IdentifierGenerator strategy [increment] -> [org.hibernate.id.IncrementGenerator]
12:20:24.410 [main] DEBUG o.h.i.f.i.DefaultIdentifierGeneratorFactory - Registering IdentifierGenerator strategy [foreign] -> [org.hibernate.id.ForeignGenerator]
12:20:24.411 [main] DEBUG o.h.i.f.i.DefaultIdentifierGeneratorFactory - Registering IdentifierGenerator strategy [sequence-identity] -> [org.hibernate.id.SequenceIdentityGenerator]
12:20:24.411 [main] DEBUG o.h.i.f.i.DefaultIdentifierGeneratorFactory - Registering IdentifierGenerator strategy [enhanced-sequence] -> [org.hibernate.id.enhanced.SequenceStyleGenerator]
12:20:24.411 [main] DEBUG o.h.i.f.i.DefaultIdentifierGeneratorFactory - Registering IdentifierGenerator strategy [enhanced-table] -> [org.hibernate.id.enhanced.TableGenerator]
12:20:24.413 [main] WARN  o.hibernate.orm.connections.pooling - HHH10001002: Using Hibernate built-in connection pool (not for production use!)
12:20:24.416 [main] INFO  o.hibernate.orm.connections.pooling - HHH10001005: using driver [org.postgresql.Driver] at URL [jdbc:postgresql://localhost:5432/BuildWeek]
12:20:24.417 [main] INFO  o.hibernate.orm.connections.pooling - HHH10001001: Connection properties: {password=root, user=postgres}
12:20:24.417 [main] INFO  o.hibernate.orm.connections.pooling - HHH10001003: Autocommit mode: false
12:20:24.418 [main] DEBUG o.h.e.j.c.i.DriverManagerConnectionProviderImpl - Initializing Connection pool with 1 Connections
12:20:24.418 [main] INFO  o.h.e.j.c.i.DriverManagerConnectionProviderImpl - HHH000115: Hibernate connection pool size: 20 (min=1)
12:20:24.569 [main] DEBUG o.h.e.j.e.i.JdbcEnvironmentInitiator - Database ->
       name : PostgreSQL
    version : 15.3
      major : 15
      minor : 3
12:20:24.570 [main] DEBUG o.h.e.j.e.i.JdbcEnvironmentInitiator - Driver ->
       name : PostgreSQL JDBC Driver
    version : 42.6.0
      major : 42
      minor : 6
12:20:24.570 [main] DEBUG o.h.e.j.e.i.JdbcEnvironmentInitiator - JDBC version : 4.2
12:20:24.576 [main] INFO  org.hibernate.dialect.Dialect - HHH000400: Using dialect: org.hibernate.dialect.PostgreSQLDialect
12:20:24.585 [main] DEBUG o.h.e.j.e.s.IdentifierHelperBuilder - JDBC driver metadata reported database stores quoted identifiers in neither upper, lower nor mixed case
12:20:24.603 [main] DEBUG o.hibernate.type.BasicTypeRegistry - Adding type registration pg-uuid -> org.hibernate.type.PostgresUUIDType@488b50ec
12:20:24.603 [main] DEBUG o.hibernate.type.BasicTypeRegistry - Adding type registration java.util.UUID -> org.hibernate.type.PostgresUUIDType@488b50ec
12:20:24.603 [main] DEBUG o.hibernate.type.BasicTypeRegistry - HHH000270: Type registration [java.util.UUID] overrides previous : org.hibernate.type.UUIDBinaryType@2e54db99
12:20:24.604 [main] DEBUG o.h.type.spi.TypeConfiguration$Scope - Scoping TypeConfiguration [org.hibernate.type.spi.TypeConfiguration@3a095ec0] to MetadataBuildingContext [org.hibernate.boot.internal.MetadataBuildingContextRootImpl@4f20a5e0]
12:20:24.627 [main] DEBUG o.h.boot.model.relational.Namespace - Created database namespace [logicalName=Name{catalog=null, schema=null}, physicalName=Name{catalog=null, schema=null}]
12:20:24.635 [main] DEBUG org.hibernate.cfg.AnnotationBinder - Binding entity from annotated class: Abstract.TicketSeller
12:20:24.644 [main] DEBUG org.hibernate.cfg.Ejb3Column - Binding column: Ejb3DiscriminatorColumn{logicalColumnName'Elementi', discriminatorTypeName='string'}
12:20:24.647 [main] DEBUG o.h.cfg.annotations.EntityBinder - Import with entity name TicketSeller
12:20:24.650 [main] DEBUG o.h.cfg.annotations.EntityBinder - Bind entity Abstract.TicketSeller on table TicketSeller
12:20:24.665 [main] DEBUG org.hibernate.cfg.Ejb3Column - Binding column: Ejb3Column{table=org.hibernate.mapping.Table(TicketSeller), mappingColumn=id, insertable=true, updatable=true, unique=false}
12:20:24.666 [main] DEBUG o.h.b.internal.ClassLoaderAccessImpl - Not known whether passed class name [Abstract.TicketSeller] is safe
12:20:24.666 [main] DEBUG o.h.b.internal.ClassLoaderAccessImpl - No temp ClassLoader provided; using live ClassLoader for loading potentially unsafe class : Abstract.TicketSeller
12:20:24.667 [main] DEBUG o.h.cfg.annotations.PropertyBinder - MetadataSourceProcessor property id with lazy=false
12:20:24.668 [main] DEBUG o.h.cfg.AbstractPropertyHolder - Attempting to locate auto-apply AttributeConverter for property [Abstract.TicketSeller:id]
12:20:24.669 [main] DEBUG o.h.c.annotations.SimpleValueBinder - building SimpleValue for id
12:20:24.670 [main] DEBUG o.h.cfg.annotations.PropertyBinder - Building property id
12:20:24.672 [main] DEBUG org.hibernate.cfg.BinderHelper - #makeIdGenerator(org.hibernate.mapping.SimpleValue([org.hibernate.mapping.Column(id)]), id, org.hibernate.id.enhanced.SequenceStyleGenerator, elCat_seq, ...)
12:20:24.673 [main] DEBUG org.hibernate.cfg.Ejb3Column - Binding column: Ejb3Column{table=org.hibernate.mapping.Table(TicketSeller), mappingColumn=seller_name, insertable=true, updatable=true, unique=false}
12:20:24.674 [main] DEBUG o.h.cfg.annotations.PropertyBinder - MetadataSourceProcessor property name with lazy=false
12:20:24.674 [main] DEBUG o.h.cfg.AbstractPropertyHolder - Attempting to locate auto-apply AttributeConverter for property [Abstract.TicketSeller:name]
12:20:24.674 [main] DEBUG o.h.c.annotations.SimpleValueBinder - building SimpleValue for name
12:20:24.674 [main] DEBUG o.h.cfg.annotations.PropertyBinder - Building property name
12:20:24.675 [main] DEBUG org.hibernate.cfg.Ejb3Column - Binding column: Ejb3JoinColumn{logicalColumnName='null', referencedColumn='null', mappedBy=''}
12:20:24.675 [main] DEBUG org.hibernate.cfg.Ejb3Column - Binding column: Ejb3Column{table=org.hibernate.mapping.Table(TicketSeller), mappingColumn=passes, insertable=true, updatable=true, unique=false}
12:20:24.676 [main] DEBUG org.hibernate.cfg.Ejb3Column - Binding column: Ejb3Column{table=org.hibernate.mapping.Table(TicketSeller), mappingColumn=null, insertable=true, updatable=true, unique=false}
12:20:24.681 [main] DEBUG org.hibernate.cfg.Ejb3Column - Binding column: Ejb3Column{table=org.hibernate.mapping.Table(TicketSeller), mappingColumn=element, insertable=true, updatable=true, unique=false}
12:20:24.682 [main] DEBUG org.hibernate.cfg.Ejb3Column - Binding column: Ejb3Column{table=org.hibernate.mapping.Table(TicketSeller), mappingColumn=passes_KEY, insertable=true, updatable=true, unique=false}
12:20:24.682 [main] DEBUG org.hibernate.cfg.Ejb3Column - Binding column: Ejb3JoinColumn{logicalColumnName='passes_KEY', referencedColumn='null', mappedBy='null'}
12:20:24.683 [main] DEBUG org.hibernate.cfg.Ejb3Column - Binding column: Ejb3JoinColumn{logicalColumnName='null', referencedColumn='null', mappedBy=''}
12:20:24.683 [main] DEBUG org.hibernate.cfg.Ejb3Column - Binding column: Ejb3JoinColumn{logicalColumnName='null', referencedColumn='null', mappedBy=''}
12:20:24.683 [main] DEBUG o.h.cfg.annotations.CollectionBinder - Collection role: Abstract.TicketSeller.passes
12:20:24.684 [main] DEBUG o.h.cfg.annotations.PropertyBinder - Building property passes
12:20:24.684 [main] DEBUG org.hibernate.cfg.Ejb3Column - Binding column: Ejb3JoinColumn{logicalColumnName='null', referencedColumn='null', mappedBy=''}
12:20:24.684 [main] DEBUG org.hibernate.cfg.Ejb3Column - Binding column: Ejb3Column{table=org.hibernate.mapping.Table(TicketSeller), mappingColumn=tickets, insertable=true, updatable=true, unique=false}
12:20:24.684 [main] DEBUG org.hibernate.cfg.Ejb3Column - Binding column: Ejb3Column{table=org.hibernate.mapping.Table(TicketSeller), mappingColumn=null, insertable=true, updatable=true, unique=false}
12:20:24.685 [main] DEBUG org.hibernate.cfg.Ejb3Column - Binding column: Ejb3Column{table=org.hibernate.mapping.Table(TicketSeller), mappingColumn=element, insertable=true, updatable=true, unique=false}
12:20:24.685 [main] DEBUG org.hibernate.cfg.Ejb3Column - Binding column: Ejb3Column{table=org.hibernate.mapping.Table(TicketSeller), mappingColumn=tickets_KEY, insertable=true, updatable=true, unique=false}
12:20:24.685 [main] DEBUG org.hibernate.cfg.Ejb3Column - Binding column: Ejb3JoinColumn{logicalColumnName='tickets_KEY', referencedColumn='null', mappedBy='null'}
12:20:24.685 [main] DEBUG org.hibernate.cfg.Ejb3Column - Binding column: Ejb3JoinColumn{logicalColumnName='null', referencedColumn='null', mappedBy=''}
12:20:24.685 [main] DEBUG org.hibernate.cfg.Ejb3Column - Binding column: Ejb3JoinColumn{logicalColumnName='null', referencedColumn='null', mappedBy=''}
12:20:24.685 [main] DEBUG o.h.cfg.annotations.CollectionBinder - Collection role: Abstract.TicketSeller.tickets
12:20:24.685 [main] DEBUG o.h.cfg.annotations.PropertyBinder - Building property tickets
12:20:24.688 [main] DEBUG org.hibernate.cfg.AnnotationBinder - Binding entity from annotated class: Classes.Card
12:20:24.689 [main] DEBUG org.hibernate.cfg.Ejb3Column - Binding column: Ejb3DiscriminatorColumn{logicalColumnName'DTYPE', discriminatorTypeName='string'}
12:20:24.689 [main] DEBUG o.h.cfg.annotations.EntityBinder - Import with entity name Card
12:20:24.689 [main] DEBUG o.h.cfg.annotations.EntityBinder - Bind entity Classes.Card on table Card
12:20:24.690 [main] DEBUG org.hibernate.cfg.Ejb3Column - Binding column: Ejb3Column{table=org.hibernate.mapping.Table(Card), mappingColumn=id, insertable=true, updatable=true, unique=false}
12:20:24.691 [main] DEBUG o.h.b.internal.ClassLoaderAccessImpl - Not known whether passed class name [Classes.Card] is safe
12:20:24.691 [main] DEBUG o.h.b.internal.ClassLoaderAccessImpl - No temp ClassLoader provided; using live ClassLoader for loading potentially unsafe class : Classes.Card
12:20:24.691 [main] DEBUG o.h.cfg.annotations.PropertyBinder - MetadataSourceProcessor property id with lazy=false
12:20:24.691 [main] DEBUG o.h.cfg.AbstractPropertyHolder - Attempting to locate auto-apply AttributeConverter for property [Classes.Card:id]
12:20:24.691 [main] DEBUG o.h.c.annotations.SimpleValueBinder - building SimpleValue for id
12:20:24.691 [main] DEBUG o.h.cfg.annotations.PropertyBinder - Building property id
12:20:24.691 [main] DEBUG org.hibernate.cfg.BinderHelper - #makeIdGenerator(org.hibernate.mapping.SimpleValue([org.hibernate.mapping.Column(id)]), id, identity, , ...)
12:20:24.691 [main] DEBUG org.hibernate.cfg.Ejb3Column - Binding column: Ejb3Column{table=org.hibernate.mapping.Table(Card), mappingColumn=emissionDate, insertable=true, updatable=true, unique=false}
12:20:24.691 [main] DEBUG o.h.cfg.annotations.PropertyBinder - MetadataSourceProcessor property emissionDate with lazy=false
12:20:24.691 [main] DEBUG o.h.cfg.AbstractPropertyHolder - Attempting to locate auto-apply AttributeConverter for property [Classes.Card:emissionDate]
12:20:24.691 [main] DEBUG o.h.c.annotations.SimpleValueBinder - building SimpleValue for emissionDate
12:20:24.691 [main] DEBUG o.h.cfg.annotations.PropertyBinder - Building property emissionDate
12:20:24.691 [main] DEBUG org.hibernate.cfg.Ejb3Column - Binding column: Ejb3Column{table=org.hibernate.mapping.Table(Card), mappingColumn=expirationDate, insertable=true, updatable=true, unique=false}
12:20:24.691 [main] DEBUG o.h.cfg.annotations.PropertyBinder - MetadataSourceProcessor property expirationDate with lazy=false
12:20:24.691 [main] DEBUG o.h.cfg.AbstractPropertyHolder - Attempting to locate auto-apply AttributeConverter for property [Classes.Card:expirationDate]
12:20:24.691 [main] DEBUG o.h.c.annotations.SimpleValueBinder - building SimpleValue for expirationDate
12:20:24.691 [main] DEBUG o.h.cfg.annotations.PropertyBinder - Building property expirationDate
12:20:24.691 [main] DEBUG org.hibernate.cfg.Ejb3Column - Binding column: Ejb3JoinColumn{logicalColumnName='null', referencedColumn='null', mappedBy=''}
12:20:24.692 [main] DEBUG org.hibernate.cfg.Ejb3Column - Binding column: Ejb3Column{table=org.hibernate.mapping.Table(Card), mappingColumn=person, insertable=true, updatable=true, unique=false}
12:20:24.692 [main] DEBUG o.h.cfg.annotations.PropertyBinder - Building property person
12:20:24.693 [main] DEBUG org.hibernate.cfg.AnnotationBinder - Binding entity from annotated class: Classes.Person
12:20:24.693 [main] DEBUG org.hibernate.cfg.Ejb3Column - Binding column: Ejb3DiscriminatorColumn{logicalColumnName'DTYPE', discriminatorTypeName='string'}
12:20:24.693 [main] DEBUG o.h.cfg.annotations.EntityBinder - Import with entity name Person
12:20:24.693 [main] DEBUG o.h.cfg.annotations.EntityBinder - Bind entity Classes.Person on table Person
12:20:24.694 [main] DEBUG org.hibernate.cfg.Ejb3Column - Binding column: Ejb3Column{table=org.hibernate.mapping.Table(Person), mappingColumn=id, insertable=true, updatable=true, unique=false}
12:20:24.694 [main] DEBUG o.h.b.internal.ClassLoaderAccessImpl - Not known whether passed class name [Classes.Person] is safe
12:20:24.694 [main] DEBUG o.h.b.internal.ClassLoaderAccessImpl - No temp ClassLoader provided; using live ClassLoader for loading potentially unsafe class : Classes.Person
12:20:24.694 [main] DEBUG o.h.cfg.annotations.PropertyBinder - MetadataSourceProcessor property id with lazy=false
12:20:24.694 [main] DEBUG o.h.cfg.AbstractPropertyHolder - Attempting to locate auto-apply AttributeConverter for property [Classes.Person:id]
12:20:24.694 [main] DEBUG o.h.c.annotations.SimpleValueBinder - building SimpleValue for id
12:20:24.694 [main] DEBUG o.h.cfg.annotations.PropertyBinder - Building property id
12:20:24.694 [main] DEBUG org.hibernate.cfg.BinderHelper - #makeIdGenerator(org.hibernate.mapping.SimpleValue([org.hibernate.mapping.Column(id)]), id, identity, , ...)
12:20:24.694 [main] DEBUG org.hibernate.cfg.Ejb3Column - Binding column: Ejb3Column{table=org.hibernate.mapping.Table(Person), mappingColumn=birthdate, insertable=true, updatable=true, unique=false}
12:20:24.694 [main] DEBUG o.h.cfg.annotations.PropertyBinder - MetadataSourceProcessor property birthdate with lazy=false
12:20:24.694 [main] DEBUG o.h.cfg.AbstractPropertyHolder - Attempting to locate auto-apply AttributeConverter for property [Classes.Person:birthdate]
12:20:24.694 [main] DEBUG o.h.c.annotations.SimpleValueBinder - building SimpleValue for birthdate
12:20:24.694 [main] DEBUG o.h.cfg.annotations.PropertyBinder - Building property birthdate
12:20:24.694 [main] DEBUG org.hibernate.cfg.Ejb3Column - Binding column: Ejb3JoinColumn{logicalColumnName='null', referencedColumn='null', mappedBy=''}
12:20:24.694 [main] DEBUG org.hibernate.cfg.Ejb3Column - Binding column: Ejb3Column{table=org.hibernate.mapping.Table(Person), mappingColumn=cardNum, insertable=true, updatable=true, unique=false}
12:20:24.694 [main] DEBUG o.h.cfg.annotations.PropertyBinder - Building property cardNum
12:20:24.694 [main] DEBUG org.hibernate.cfg.Ejb3Column - Binding column: Ejb3Column{table=org.hibernate.mapping.Table(Person), mappingColumn=firstName, insertable=true, updatable=true, unique=false}
12:20:24.695 [main] DEBUG o.h.cfg.annotations.PropertyBinder - MetadataSourceProcessor property firstName with lazy=false
12:20:24.695 [main] DEBUG o.h.cfg.AbstractPropertyHolder - Attempting to locate auto-apply AttributeConverter for property [Classes.Person:firstName]
12:20:24.695 [main] DEBUG o.h.c.annotations.SimpleValueBinder - building SimpleValue for firstName
12:20:24.695 [main] DEBUG o.h.cfg.annotations.PropertyBinder - Building property firstName
12:20:24.695 [main] DEBUG org.hibernate.cfg.Ejb3Column - Binding column: Ejb3Column{table=org.hibernate.mapping.Table(Person), mappingColumn=lastName, insertable=true, updatable=true, unique=false}
12:20:24.695 [main] DEBUG o.h.cfg.annotations.PropertyBinder - MetadataSourceProcessor property lastName with lazy=false
12:20:24.695 [main] DEBUG o.h.cfg.AbstractPropertyHolder - Attempting to locate auto-apply AttributeConverter for property [Classes.Person:lastName]
12:20:24.695 [main] DEBUG o.h.c.annotations.SimpleValueBinder - building SimpleValue for lastName
12:20:24.695 [main] DEBUG o.h.cfg.annotations.PropertyBinder - Building property lastName
12:20:24.695 [main] DEBUG org.hibernate.cfg.AnnotationBinder - Binding entity from annotated class: Classes.Ticket
12:20:24.695 [main] DEBUG org.hibernate.cfg.Ejb3Column - Binding column: Ejb3DiscriminatorColumn{logicalColumnName'DTYPE', discriminatorTypeName='string'}
12:20:24.695 [main] DEBUG o.h.cfg.annotations.EntityBinder - Import with entity name Ticket
12:20:24.695 [main] DEBUG o.h.cfg.annotations.EntityBinder - Bind entity Classes.Ticket on table Ticket
12:20:24.697 [main] DEBUG org.hibernate.cfg.Ejb3Column - Binding column: Ejb3Column{table=org.hibernate.mapping.Table(Ticket), mappingColumn=id, insertable=true, updatable=true, unique=false}
12:20:24.697 [main] DEBUG o.h.b.internal.ClassLoaderAccessImpl - Not known whether passed class name [Classes.Ticket] is safe
12:20:24.697 [main] DEBUG o.h.b.internal.ClassLoaderAccessImpl - No temp ClassLoader provided; using live ClassLoader for loading potentially unsafe class : Classes.Ticket
12:20:24.697 [main] DEBUG o.h.cfg.annotations.PropertyBinder - MetadataSourceProcessor property id with lazy=false
12:20:24.697 [main] DEBUG o.h.cfg.AbstractPropertyHolder - Attempting to locate auto-apply AttributeConverter for property [Classes.Ticket:id]
12:20:24.697 [main] DEBUG o.h.c.annotations.SimpleValueBinder - building SimpleValue for id
12:20:24.697 [main] DEBUG o.h.cfg.annotations.PropertyBinder - Building property id
12:20:24.697 [main] DEBUG org.hibernate.cfg.BinderHelper - #makeIdGenerator(org.hibernate.mapping.SimpleValue([org.hibernate.mapping.Column(id)]), id, identity, , ...)
12:20:24.697 [main] DEBUG org.hibernate.cfg.Ejb3Column - Binding column: Ejb3JoinColumn{logicalColumnName='null', referencedColumn='null', mappedBy='null'}
12:20:24.697 [main] DEBUG org.hibernate.cfg.Ejb3Column - Binding column: Ejb3Column{table=org.hibernate.mapping.Table(Ticket), mappingColumn=seller, insertable=true, updatable=true, unique=false}
12:20:24.697 [main] DEBUG o.h.cfg.annotations.PropertyBinder - Building property seller
12:20:24.697 [main] DEBUG org.hibernate.cfg.AnnotationBinder - Binding entity from annotated class: Classes.Pass
12:20:24.698 [main] DEBUG o.h.cfg.annotations.EntityBinder - Import with entity name Pass
12:20:24.699 [main] DEBUG org.hibernate.cfg.Ejb3Column - Binding column: Ejb3JoinColumn{logicalColumnName='null', referencedColumn='null', mappedBy=''}
12:20:24.699 [main] DEBUG org.hibernate.cfg.Ejb3Column - Binding column: Ejb3Column{table=org.hibernate.mapping.Table(Ticket), mappingColumn=person, insertable=true, updatable=true, unique=false}
12:20:24.699 [main] DEBUG o.h.cfg.annotations.PropertyBinder - Building property person
12:20:24.699 [main] DEBUG org.hibernate.cfg.Ejb3Column - Binding column: Ejb3JoinColumn{logicalColumnName='null', referencedColumn='null', mappedBy='null'}
12:20:24.699 [main] DEBUG org.hibernate.cfg.Ejb3Column - Binding column: Ejb3Column{table=org.hibernate.mapping.Table(Ticket), mappingColumn=sellers, insertable=true, updatable=true, unique=false}
12:20:24.699 [main] DEBUG o.h.cfg.annotations.PropertyBinder - Building property sellers
12:20:24.699 [main] DEBUG org.hibernate.cfg.Ejb3Column - Binding column: Ejb3Column{table=org.hibernate.mapping.Table(Ticket), mappingColumn=validity, insertable=true, updatable=true, unique=false}
12:20:24.699 [main] DEBUG o.h.cfg.annotations.PropertyBinder - MetadataSourceProcessor property validity with lazy=false
12:20:24.699 [main] DEBUG o.h.cfg.AbstractPropertyHolder - Attempting to locate auto-apply AttributeConverter for property [Classes.Pass:validity]
12:20:24.701 [main] DEBUG o.h.c.annotations.SimpleValueBinder - building SimpleValue for validity
12:20:24.701 [main] DEBUG o.h.cfg.annotations.PropertyBinder - Building property validity
12:20:24.701 [main] DEBUG org.hibernate.cfg.AnnotationBinder - Binding entity from annotated class: Classes.Shop
12:20:24.701 [main] DEBUG o.h.cfg.annotations.EntityBinder - Import with entity name Shop
12:20:24.702 [main] DEBUG org.hibernate.cfg.AnnotationBinder - Skipping attribute [java.util.List : passes] as it was already processed as part of super hierarchy
12:20:24.702 [main] DEBUG org.hibernate.cfg.Ejb3Column - Binding column: Ejb3JoinColumn{logicalColumnName='null', referencedColumn='null', mappedBy=''}
12:20:24.702 [main] DEBUG org.hibernate.cfg.Ejb3Column - Binding column: Ejb3Column{table=org.hibernate.mapping.Table(TicketSeller), mappingColumn=people, insertable=true, updatable=true, unique=false}
12:20:24.702 [main] DEBUG org.hibernate.cfg.Ejb3Column - Binding column: Ejb3Column{table=org.hibernate.mapping.Table(TicketSeller), mappingColumn=null, insertable=true, updatable=true, unique=false}
12:20:24.702 [main] DEBUG org.hibernate.cfg.Ejb3Column - Binding column: Ejb3Column{table=org.hibernate.mapping.Table(TicketSeller), mappingColumn=element, insertable=true, updatable=true, unique=false}
12:20:24.702 [main] DEBUG org.hibernate.cfg.Ejb3Column - Binding column: Ejb3Column{table=org.hibernate.mapping.Table(TicketSeller), mappingColumn=people_KEY, insertable=true, updatable=true, unique=false}
12:20:24.702 [main] DEBUG org.hibernate.cfg.Ejb3Column - Binding column: Ejb3JoinColumn{logicalColumnName='people_KEY', referencedColumn='null', mappedBy='null'}
12:20:24.702 [main] DEBUG org.hibernate.cfg.Ejb3Column - Binding column: Ejb3JoinColumn{logicalColumnName='null', referencedColumn='null', mappedBy=''}
12:20:24.702 [main] DEBUG org.hibernate.cfg.Ejb3Column - Binding column: Ejb3JoinColumn{logicalColumnName='null', referencedColumn='null', mappedBy=''}
12:20:24.702 [main] DEBUG o.h.cfg.annotations.CollectionBinder - Collection role: Classes.Shop.people
12:20:24.702 [main] DEBUG o.h.cfg.annotations.PropertyBinder - Building property people
12:20:24.703 [main] DEBUG org.hibernate.cfg.AnnotationBinder - Skipping attribute [java.util.List : tickets] as it was already processed as part of super hierarchy
12:20:24.703 [main] DEBUG org.hibernate.cfg.AnnotationBinder - Binding entity from annotated class: Classes.VendingMachine
12:20:24.703 [main] DEBUG o.h.cfg.annotations.EntityBinder - Import with entity name VendingMachine
12:20:24.703 [main] DEBUG org.hibernate.cfg.Ejb3Column - Binding column: Ejb3Column{table=org.hibernate.mapping.Table(TicketSeller), mappingColumn=isWorking, insertable=true, updatable=true, unique=false}
12:20:24.703 [main] DEBUG o.h.cfg.annotations.PropertyBinder - MetadataSourceProcessor property isWorking with lazy=false
12:20:24.703 [main] DEBUG o.h.cfg.AbstractPropertyHolder - Attempting to locate auto-apply AttributeConverter for property [Classes.VendingMachine:isWorking]
12:20:24.704 [main] DEBUG o.h.c.annotations.SimpleValueBinder - building SimpleValue for isWorking
12:20:24.704 [main] DEBUG o.h.cfg.annotations.PropertyBinder - Building property isWorking
12:20:24.705 [main] DEBUG o.h.c.annotations.SimpleValueBinder - Starting fillSimpleValue for id
12:20:24.705 [main] DEBUG o.h.c.annotations.SimpleValueBinder - Starting fillSimpleValue for name
12:20:24.705 [main] DEBUG o.h.c.annotations.SimpleValueBinder - Starting fillSimpleValue for id
12:20:24.705 [main] DEBUG o.h.c.annotations.SimpleValueBinder - Starting fillSimpleValue for emissionDate
12:20:24.705 [main] DEBUG o.h.c.annotations.SimpleValueBinder - Starting fillSimpleValue for expirationDate
12:20:24.705 [main] DEBUG o.h.c.annotations.SimpleValueBinder - Starting fillSimpleValue for id
12:20:24.705 [main] DEBUG o.h.c.annotations.SimpleValueBinder - Starting fillSimpleValue for birthdate
12:20:24.705 [main] DEBUG o.h.c.annotations.SimpleValueBinder - Starting fillSimpleValue for firstName
12:20:24.705 [main] DEBUG o.h.c.annotations.SimpleValueBinder - Starting fillSimpleValue for lastName
12:20:24.705 [main] DEBUG o.h.c.annotations.SimpleValueBinder - Starting fillSimpleValue for id
12:20:24.705 [main] DEBUG o.h.c.annotations.SimpleValueBinder - Starting fillSimpleValue for validity
12:20:24.707 [main] DEBUG o.h.c.annotations.SimpleValueBinder - Starting fillSimpleValue for isWorking
12:20:24.710 [main] DEBUG org.hibernate.mapping.PrimaryKey - Forcing column [id] to be non-null as it is part of the primary key for table [ticketseller]
12:20:24.710 [main] DEBUG org.hibernate.mapping.PrimaryKey - Forcing column [id] to be non-null as it is part of the primary key for table [card]
12:20:24.710 [main] DEBUG org.hibernate.mapping.PrimaryKey - Forcing column [id] to be non-null as it is part of the primary key for table [person]
12:20:24.710 [main] DEBUG org.hibernate.mapping.PrimaryKey - Forcing column [id] to be non-null as it is part of the primary key for table [ticket]
12:20:24.710 [main] DEBUG o.hibernate.cfg.CollectionSecondPass - Second pass for collection: Classes.Shop.people
12:20:24.710 [main] DEBUG o.h.cfg.annotations.CollectionBinder - Binding a OneToMany: Classes.Shop.people through an association table
12:20:24.714 [main] DEBUG o.hibernate.cfg.CollectionSecondPass - Mapped collection key: Shop_id, element: people_id
12:20:24.715 [main] DEBUG o.hibernate.cfg.CollectionSecondPass - Second pass for collection: Abstract.TicketSeller.tickets
12:20:24.715 [main] DEBUG o.h.cfg.annotations.CollectionBinder - Binding a OneToMany: Abstract.TicketSeller.tickets through an association table
12:20:24.715 [main] DEBUG o.hibernate.cfg.CollectionSecondPass - Mapped collection key: TicketSeller_id, element: tickets_id
12:20:24.715 [main] DEBUG o.hibernate.cfg.CollectionSecondPass - Second pass for collection: Abstract.TicketSeller.passes
12:20:24.715 [main] DEBUG o.h.cfg.annotations.CollectionBinder - Binding a OneToMany: Abstract.TicketSeller.passes through an association table
12:20:24.715 [main] DEBUG o.hibernate.cfg.CollectionSecondPass - Mapped collection key: TicketSeller_id, element: passes_id
12:20:24.715 [main] DEBUG o.h.b.i.InFlightMetadataCollectorImpl - Resolving reference to class: Classes.Person
12:20:24.716 [main] DEBUG o.h.b.i.InFlightMetadataCollectorImpl - Resolving reference to class: Classes.Card
12:20:24.717 [main] DEBUG o.h.b.i.InFlightMetadataCollectorImpl - Resolving reference to class: Abstract.TicketSeller
12:20:24.717 [main] DEBUG o.h.b.i.InFlightMetadataCollectorImpl - Resolving reference to class: Classes.Person
12:20:24.717 [main] DEBUG o.h.b.i.InFlightMetadataCollectorImpl - Resolving reference to class: Abstract.TicketSeller
12:20:24.717 [main] DEBUG o.h.b.i.InFlightMetadataCollectorImpl - Resolving reference to class: Classes.Person
12:20:24.717 [main] DEBUG o.h.b.i.InFlightMetadataCollectorImpl - Resolving reference to class: Classes.Shop
12:20:24.717 [main] DEBUG o.h.b.i.InFlightMetadataCollectorImpl - Resolving reference to class: Classes.Ticket
12:20:24.717 [main] DEBUG o.h.b.i.InFlightMetadataCollectorImpl - Resolving reference to class: Abstract.TicketSeller
12:20:24.717 [main] DEBUG o.h.b.i.InFlightMetadataCollectorImpl - Resolving reference to class: Classes.Pass
12:20:24.718 [main] DEBUG o.h.b.i.InFlightMetadataCollectorImpl - Resolving reference to class: Classes.Person
12:20:24.718 [main] DEBUG o.h.b.i.InFlightMetadataCollectorImpl - Resolving reference to class: Classes.Card
12:20:24.718 [main] DEBUG o.h.b.i.InFlightMetadataCollectorImpl - Resolving reference to class: Abstract.TicketSeller
12:20:24.718 [main] DEBUG o.h.b.i.InFlightMetadataCollectorImpl - Resolving reference to class: Classes.Person
12:20:24.718 [main] DEBUG o.h.b.i.InFlightMetadataCollectorImpl - Resolving reference to class: Abstract.TicketSeller
12:20:24.718 [main] DEBUG o.h.b.i.InFlightMetadataCollectorImpl - Resolving reference to class: Classes.Person
12:20:24.718 [main] DEBUG o.h.b.i.InFlightMetadataCollectorImpl - Resolving reference to class: Classes.Shop
12:20:24.718 [main] DEBUG o.h.b.i.InFlightMetadataCollectorImpl - Resolving reference to class: Classes.Ticket
12:20:24.718 [main] DEBUG o.h.b.i.InFlightMetadataCollectorImpl - Resolving reference to class: Abstract.TicketSeller
12:20:24.718 [main] DEBUG o.h.b.i.InFlightMetadataCollectorImpl - Resolving reference to class: Classes.Pass
12:20:24.747 [main] DEBUG o.h.internal.SessionFactoryImpl - Building session factory
12:20:24.748 [main] DEBUG org.hibernate.cfg.Settings - SessionFactory name : null
12:20:24.748 [main] DEBUG org.hibernate.cfg.Settings - Automatic flush during beforeCompletion(): enabled
12:20:24.748 [main] DEBUG org.hibernate.cfg.Settings - Automatic session close at end of transaction: disabled
12:20:24.748 [main] DEBUG org.hibernate.cfg.Settings - Statistics: disabled
12:20:24.748 [main] DEBUG org.hibernate.cfg.Settings - Deleted entity synthetic identifier rollback: disabled
12:20:24.748 [main] DEBUG org.hibernate.cfg.Settings - Default entity-mode: pojo
12:20:24.748 [main] DEBUG org.hibernate.cfg.Settings - Check Nullability in Core (should be disabled when Bean Validation is on): enabled
12:20:24.748 [main] DEBUG org.hibernate.cfg.Settings - Allow initialization of lazy state outside session : disabled
12:20:24.748 [main] DEBUG org.hibernate.cfg.Settings - Using BatchFetchStyle : LEGACY
12:20:24.748 [main] DEBUG org.hibernate.cfg.Settings - Default batch fetch size: -1
12:20:24.748 [main] DEBUG org.hibernate.cfg.Settings - Maximum outer join fetch depth: null
12:20:24.748 [main] DEBUG org.hibernate.cfg.Settings - Default null ordering: NONE
12:20:24.748 [main] DEBUG org.hibernate.cfg.Settings - Order SQL updates by primary key: disabled
12:20:24.748 [main] DEBUG org.hibernate.cfg.Settings - Order SQL inserts for batching: disabled
12:20:24.748 [main] DEBUG org.hibernate.cfg.Settings - multi-tenancy strategy : NONE
12:20:24.748 [main] DEBUG org.hibernate.cfg.Settings - JTA Track by Thread: enabled
12:20:24.748 [main] DEBUG org.hibernate.cfg.Settings - Query language substitutions: {}
12:20:24.748 [main] DEBUG org.hibernate.cfg.Settings - Named query checking : enabled
12:20:24.748 [main] DEBUG org.hibernate.cfg.Settings - Second-level cache: disabled
12:20:24.748 [main] DEBUG org.hibernate.cfg.Settings - Second-level query cache: disabled
12:20:24.748 [main] DEBUG org.hibernate.cfg.Settings - Second-level query cache factory: null
12:20:24.748 [main] DEBUG org.hibernate.cfg.Settings - Second-level cache region prefix: null
12:20:24.748 [main] DEBUG org.hibernate.cfg.Settings - Optimize second-level cache for minimal puts: disabled
12:20:24.748 [main] DEBUG org.hibernate.cfg.Settings - Structured second-level cache entries: disabled
12:20:24.749 [main] DEBUG org.hibernate.cfg.Settings - Second-level cache direct-reference entries: disabled
12:20:24.749 [main] DEBUG org.hibernate.cfg.Settings - Automatic eviction of collection cache: disabled
12:20:24.749 [main] DEBUG org.hibernate.cfg.Settings - JDBC batch size: 15
12:20:24.749 [main] DEBUG org.hibernate.cfg.Settings - JDBC batch updates for versioned data: enabled
12:20:24.749 [main] DEBUG org.hibernate.cfg.Settings - Scrollable result sets: enabled
12:20:24.749 [main] DEBUG org.hibernate.cfg.Settings - Wrap result sets: disabled
12:20:24.749 [main] DEBUG org.hibernate.cfg.Settings - JDBC3 getGeneratedKeys(): enabled
12:20:24.749 [main] DEBUG org.hibernate.cfg.Settings - JDBC result set fetch size: null
12:20:24.749 [main] DEBUG org.hibernate.cfg.Settings - Connection release mode: AFTER_TRANSACTION
12:20:24.749 [main] DEBUG org.hibernate.cfg.Settings - Generate SQL with comments: disabled
12:20:24.749 [main] DEBUG org.hibernate.cfg.Settings - JPA compliance - query : disabled
12:20:24.749 [main] DEBUG org.hibernate.cfg.Settings - JPA compliance - closed-handling : disabled
12:20:24.749 [main] DEBUG org.hibernate.cfg.Settings - JPA compliance - lists : disabled
12:20:24.749 [main] DEBUG org.hibernate.cfg.Settings - JPA compliance - transactions : disabled
12:20:24.755 [main] DEBUG o.h.b.internal.ClassLoaderAccessImpl - Not known whether passed class name [Classes.Pass] is safe
12:20:24.755 [main] DEBUG o.h.b.internal.ClassLoaderAccessImpl - No temp ClassLoader provided; using live ClassLoader for loading potentially unsafe class : Classes.Pass
12:20:24.755 [main] DEBUG o.h.b.internal.ClassLoaderAccessImpl - Not known whether passed class name [Classes.Shop] is safe
12:20:24.755 [main] DEBUG o.h.b.internal.ClassLoaderAccessImpl - No temp ClassLoader provided; using live ClassLoader for loading potentially unsafe class : Classes.Shop
12:20:24.755 [main] DEBUG o.h.b.internal.ClassLoaderAccessImpl - Not known whether passed class name [Classes.VendingMachine] is safe
12:20:24.755 [main] DEBUG o.h.b.internal.ClassLoaderAccessImpl - No temp ClassLoader provided; using live ClassLoader for loading potentially unsafe class : Classes.VendingMachine
12:20:24.783 [main] DEBUG o.h.s.i.SessionFactoryServiceRegistryImpl - EventListenerRegistry access via ServiceRegistry is deprecated.  Use `sessionFactory.getEventEngine().getListenerRegistry()` instead
12:20:24.784 [main] DEBUG o.h.s.i.SessionFactoryServiceRegistryImpl - EventListenerRegistry access via ServiceRegistry is deprecated.  Use `sessionFactory.getEventEngine().getListenerRegistry()` instead
12:20:24.792 [main] DEBUG o.h.internal.SessionFactoryImpl - Session factory constructed with filter configurations : {}
12:20:24.792 [main] DEBUG o.h.internal.SessionFactoryImpl - Instantiating session factory with properties: {java.specification.version=17, sun.cpu.isalist=amd64, sun.jnu.encoding=Cp1252, hibernate.dialect=org.hibernate.dialect.PostgreSQLDialect, java.class.path=C:\Users\total\Desktop\All\Epicode\fs0223-Luca-Sernicola-BackEnd\BuildWeek_4\target\classes;C:\Users\total\.m2\repository\ch\qos\logback\logback-classic\1.4.8\logback-classic-1.4.8.jar;C:\Users\total\.m2\repository\ch\qos\logback\logback-core\1.4.8\logback-core-1.4.8.jar;C:\Users\total\.m2\repository\org\slf4j\slf4j-api\2.0.7\slf4j-api-2.0.7.jar;C:\Users\total\.m2\repository\commons-io\commons-io\2.13.0\commons-io-2.13.0.jar;C:\Users\total\.m2\repository\org\postgresql\postgresql\42.6.0\postgresql-42.6.0.jar;C:\Users\total\.m2\repository\org\checkerframework\checker-qual\3.31.0\checker-qual-3.31.0.jar;C:\Users\total\.m2\repository\org\hibernate\hibernate-core\5.6.15.Final\hibernate-core-5.6.15.Final.jar;C:\Users\total\.m2\repository\org\jboss\logging\jboss-logging\3.4.3.Final\jboss-logging-3.4.3.Final.jar;C:\Users\total\.m2\repository\javax\persistence\javax.persistence-api\2.2\javax.persistence-api-2.2.jar;C:\Users\total\.m2\repository\net\bytebuddy\byte-buddy\1.12.18\byte-buddy-1.12.18.jar;C:\Users\total\.m2\repository\antlr\antlr\2.7.7\antlr-2.7.7.jar;C:\Users\total\.m2\repository\org\jboss\spec\javax\transaction\jboss-transaction-api_1.2_spec\1.1.1.Final\jboss-transaction-api_1.2_spec-1.1.1.Final.jar;C:\Users\total\.m2\repository\org\jboss\jandex\2.4.2.Final\jandex-2.4.2.Final.jar;C:\Users\total\.m2\repository\com\fasterxml\classmate\1.5.1\classmate-1.5.1.jar;C:\Users\total\.m2\repository\javax\activation\javax.activation-api\1.2.0\javax.activation-api-1.2.0.jar;C:\Users\total\.m2\repository\org\hibernate\common\hibernate-commons-annotations\5.1.2.Final\hibernate-commons-annotations-5.1.2.Final.jar;C:\Users\total\.m2\repository\javax\xml\bind\jaxb-api\2.3.1\jaxb-api-2.3.1.jar;C:\Users\total\.m2\repository\org\glassfish\jaxb\jaxb-runtime\2.3.1\jaxb-runtime-2.3.1.jar;C:\Users\total\.m2\repository\org\glassfish\jaxb\txw2\2.3.1\txw2-2.3.1.jar;C:\Users\total\.m2\repository\com\sun\istack\istack-commons-runtime\3.0.7\istack-commons-runtime-3.0.7.jar;C:\Users\total\.m2\repository\org\jvnet\staxex\stax-ex\1.8\stax-ex-1.8.jar;C:\Users\total\.m2\repository\com\sun\xml\fastinfoset\FastInfoset\1.2.15\FastInfoset-1.2.15.jar;C:\Users\total\Desktop\All\Epicode\fs0223-Luca-Sernicola-BackEnd\Homework_W3_D3\target\classes, java.vm.vendor=Eclipse Adoptium, sun.arch.data.model=64, user.variant=, java.vendor.url=https://adoptium.net/, user.timezone=Europe/Rome, javax.persistence.jdbc.url=jdbc:postgresql://localhost:5432/BuildWeek, javax.persistence.jdbc.user=****, java.vm.specification.version=17, os.name=Windows 11, jakarta.persistence.jdbc.password=****, sun.java.launcher=SUN_STANDARD, user.country=US, local.setting.IS_JTA_TXN_COORD=false, sun.boot.library.path=C:\Users\total\.p2\pool\plugins\org.eclipse.justj.openjdk.hotspot.jre.full.win32.x86_64_17.0.7.v20230425-1502\jre\bin, sun.java.command=MainClass.MainClass, jdk.debug=release, jakarta.persistence.jdbc.driver=org.postgresql.Driver, sun.cpu.endian=little, user.home=C:\Users\total, user.language=en, java.specification.vendor=Oracle Corporation, java.version.date=2023-04-18, java.home=C:\Users\total\.p2\pool\plugins\org.eclipse.justj.openjdk.hotspot.jre.full.win32.x86_64_17.0.7.v20230425-1502\jre, file.separator=\, java.vm.compressedOopsMode=Zero based, jakarta.persistence.jdbc.user=****, line.separator=
, hibernate.persistenceUnitName=BuildWeek_4, java.vm.specification.vendor=Oracle Corporation, java.specification.name=Java Platform API Specification, hibernate.transaction.coordinator_class=class org.hibernate.resource.transaction.backend.jdbc.internal.JdbcResourceLocalTransactionCoordinatorBuilderImpl, javax.persistence.jdbc.driver=org.postgresql.Driver, hibernate.hbm2ddl.auto=update, user.script=, sun.management.compiler=HotSpot 64-Bit Tiered Compilers, java.runtime.version=17.0.7+7, user.name=total, path.separator=;, hibernate.connection.username=****, os.version=10.0, java.runtime.name=OpenJDK Runtime Environment, hibernate.connection.url=jdbc:postgresql://localhost:5432/BuildWeek, file.encoding=UTF-8, hibernate.ejb.persistenceUnitName=BuildWeek_4, java.vm.name=OpenJDK 64-Bit Server VM, java.vendor.version=Temurin-17.0.7+7, hibernate.connection.driver_class=org.postgresql.Driver, java.vendor.url.bug=https://github.com/adoptium/adoptium-support/issues, java.io.tmpdir=C:\Users\total\AppData\Local\Temp\, java.version=17.0.7, user.dir=C:\Users\total\Desktop\All\Epicode\fs0223-Luca-Sernicola-BackEnd\BuildWeek_4, os.arch=amd64, java.vm.specification.name=Java Virtual Machine Specification, hibernate.connection.password=****, sun.os.patch.level=, jakarta.persistence.jdbc.url=jdbc:postgresql://localhost:5432/BuildWeek, hibernate.boot.CfgXmlAccessService.key=org.hibernate.boot.registry.StandardServiceRegistryBuilder$1@7942a854, native.encoding=Cp1252, java.library.path=C:\Users\total\.p2\pool\plugins\org.eclipse.justj.openjdk.hotspot.jre.full.win32.x86_64_17.0.7.v20230425-1502\jre\bin;C:\windows\Sun\Java\bin;C:\windows\system32;C:\windows;C:/Users/total/.p2/pool/plugins/org.eclipse.justj.openjdk.hotspot.jre.full.win32.x86_64_17.0.7.v20230425-1502/jre/bin/server;C:/Users/total/.p2/pool/plugins/org.eclipse.justj.openjdk.hotspot.jre.full.win32.x86_64_17.0.7.v20230425-1502/jre/bin;C:\Program Files\Eclipse Adoptium\jdk-17.0.7.7-hotspot\bin;C:\Program Files (x86)\NVIDIA Corporation\PhysX\Common;C:\windows\system32;C:\windows;C:\windows\System32\Wbem;C:\windows\System32\WindowsPowerShell\v1.0\;C:\windows\System32\OpenSSH\;C:\Program Files\Git\cmd;C:\Program Files\nodejs\;C:\Users\total\AppData\Local\Microsoft\WindowsApps;C:\Users\total\AppData\Local\Programs\Microsoft VS Code\bin;C:\Users\total\AppData\Roaming\npm;C:\Users\total\AppData\Local\GitHubDesktop\bin;C:\windows\System32;;., java.vendor=Eclipse Adoptium, java.vm.info=mixed mode, java.vm.version=17.0.7+7, hibernate.bytecode.use_reflection_optimizer=false, sun.io.unicode.encoding=UnicodeLittle, javax.persistence.jdbc.password=****, java.class.version=61.0}
12:20:24.802 [main] DEBUG o.h.secure.spi.JaccIntegrator - Skipping JACC integration as it was not enabled
12:20:24.805 [main] DEBUG org.hibernate.type.EnumType - Using ORDINAL-based conversion for Enum Enums.Validity
12:20:24.807 [main] DEBUG o.h.internal.SessionFactoryImpl - Instantiated session factory
12:20:24.807 [main] DEBUG o.h.type.spi.TypeConfiguration$Scope - Scoping TypeConfiguration [org.hibernate.type.spi.TypeConfiguration@3a095ec0] to SessionFactoryImpl [org.hibernate.internal.SessionFactoryImpl@10cd6753]
12:20:24.841 [main] DEBUG o.h.b.internal.ClassLoaderAccessImpl - Not known whether passed class name [Abstract.TicketSeller] is safe
12:20:24.841 [main] DEBUG o.h.b.internal.ClassLoaderAccessImpl - No temp ClassLoader provided; using live ClassLoader for loading potentially unsafe class : Abstract.TicketSeller
12:20:24.843 [main] DEBUG o.h.b.internal.ClassLoaderAccessImpl - Not known whether passed class name [Classes.Shop] is safe
12:20:24.843 [main] DEBUG o.h.b.internal.ClassLoaderAccessImpl - No temp ClassLoader provided; using live ClassLoader for loading potentially unsafe class : Classes.Shop
12:20:24.843 [main] DEBUG o.h.b.internal.ClassLoaderAccessImpl - Not known whether passed class name [Classes.VendingMachine] is safe
12:20:24.843 [main] DEBUG o.h.b.internal.ClassLoaderAccessImpl - No temp ClassLoader provided; using live ClassLoader for loading potentially unsafe class : Classes.VendingMachine
12:20:24.947 [main] DEBUG o.hibernate.orm.bytecode.interceptor - To-one property `Classes.Card#person` was mapped with LAZY + NO_PROXY but the class was not enhanced
12:20:24.947 [main] DEBUG o.hibernate.orm.bytecode.interceptor - To-one property `Classes.Card#person` was mapped with LAZY + NO_PROXY but the class was not enhanced
12:20:24.947 [main] DEBUG o.h.b.internal.ClassLoaderAccessImpl - Not known whether passed class name [Classes.Card] is safe
12:20:24.947 [main] DEBUG o.h.b.internal.ClassLoaderAccessImpl - No temp ClassLoader provided; using live ClassLoader for loading potentially unsafe class : Classes.Card
12:20:24.955 [main] DEBUG o.hibernate.orm.bytecode.interceptor - To-one property `Classes.Card#person` was mapped with LAZY + NO_PROXY but the class was not enhanced
12:20:24.955 [main] DEBUG o.hibernate.orm.bytecode.interceptor - To-one property `Classes.Card#person` was mapped with LAZY + NO_PROXY but the class was not enhanced
12:20:24.955 [main] DEBUG o.hibernate.orm.bytecode.interceptor - To-one property `Classes.Person#cardNum` was mapped with LAZY + NO_PROXY but the class was not enhanced
12:20:24.955 [main] DEBUG o.hibernate.orm.bytecode.interceptor - To-one property `Classes.Person#cardNum` was mapped with LAZY + NO_PROXY but the class was not enhanced
12:20:24.955 [main] DEBUG o.h.b.internal.ClassLoaderAccessImpl - Not known whether passed class name [Classes.Person] is safe
12:20:24.955 [main] DEBUG o.h.b.internal.ClassLoaderAccessImpl - No temp ClassLoader provided; using live ClassLoader for loading potentially unsafe class : Classes.Person
12:20:24.962 [main] DEBUG o.hibernate.orm.bytecode.interceptor - To-one property `Classes.Person#cardNum` was mapped with LAZY + NO_PROXY but the class was not enhanced
12:20:24.962 [main] DEBUG o.hibernate.orm.bytecode.interceptor - To-one property `Classes.Person#cardNum` was mapped with LAZY + NO_PROXY but the class was not enhanced
12:20:24.962 [main] DEBUG o.hibernate.orm.bytecode.interceptor - To-one property `Classes.Ticket#seller` was mapped with LAZY + NO_PROXY but the class was not enhanced
12:20:24.962 [main] DEBUG o.hibernate.orm.bytecode.interceptor - To-one property `Classes.Ticket#seller` was mapped with LAZY + NO_PROXY but the class was not enhanced
12:20:24.962 [main] DEBUG o.hibernate.orm.bytecode.interceptor - To-one property `Classes.Pass#person` was mapped with LAZY + NO_PROXY but the class was not enhanced
12:20:24.962 [main] DEBUG o.hibernate.orm.bytecode.interceptor - To-one property `Classes.Pass#person` was mapped with LAZY + NO_PROXY but the class was not enhanced
12:20:24.962 [main] DEBUG o.hibernate.orm.bytecode.interceptor - To-one property `Classes.Pass#sellers` was mapped with LAZY + NO_PROXY but the class was not enhanced
12:20:24.962 [main] DEBUG o.hibernate.orm.bytecode.interceptor - To-one property `Classes.Pass#sellers` was mapped with LAZY + NO_PROXY but the class was not enhanced
12:20:24.962 [main] DEBUG o.h.b.internal.ClassLoaderAccessImpl - Not known whether passed class name [Classes.Pass] is safe
12:20:24.962 [main] DEBUG o.h.b.internal.ClassLoaderAccessImpl - No temp ClassLoader provided; using live ClassLoader for loading potentially unsafe class : Classes.Pass
12:20:24.969 [main] DEBUG o.hibernate.orm.bytecode.interceptor - To-one property `Classes.Ticket#seller` was mapped with LAZY + NO_PROXY but the class was not enhanced
12:20:24.969 [main] DEBUG o.hibernate.orm.bytecode.interceptor - To-one property `Classes.Pass#person` was mapped with LAZY + NO_PROXY but the class was not enhanced
12:20:24.969 [main] DEBUG o.hibernate.orm.bytecode.interceptor - To-one property `Classes.Pass#sellers` was mapped with LAZY + NO_PROXY but the class was not enhanced
12:20:24.969 [main] DEBUG o.hibernate.orm.bytecode.interceptor - To-one property `Classes.Ticket#seller` was mapped with LAZY + NO_PROXY but the class was not enhanced
12:20:24.970 [main] DEBUG o.hibernate.orm.bytecode.interceptor - To-one property `Classes.Pass#person` was mapped with LAZY + NO_PROXY but the class was not enhanced
12:20:24.970 [main] DEBUG o.hibernate.orm.bytecode.interceptor - To-one property `Classes.Pass#sellers` was mapped with LAZY + NO_PROXY but the class was not enhanced
12:20:24.974 [main] DEBUG o.hibernate.orm.bytecode.interceptor - To-one property `Classes.Ticket#seller` was mapped with LAZY + NO_PROXY but the class was not enhanced
12:20:24.975 [main] DEBUG o.hibernate.orm.bytecode.interceptor - To-one property `Classes.Ticket#seller` was mapped with LAZY + NO_PROXY but the class was not enhanced
12:20:24.975 [main] DEBUG o.h.b.internal.ClassLoaderAccessImpl - Not known whether passed class name [Classes.Ticket] is safe
12:20:24.975 [main] DEBUG o.h.b.internal.ClassLoaderAccessImpl - No temp ClassLoader provided; using live ClassLoader for loading potentially unsafe class : Classes.Ticket
12:20:24.979 [main] DEBUG o.hibernate.orm.bytecode.interceptor - To-one property `Classes.Ticket#seller` was mapped with LAZY + NO_PROXY but the class was not enhanced
12:20:24.979 [main] DEBUG o.hibernate.orm.bytecode.interceptor - To-one property `Classes.Ticket#seller` was mapped with LAZY + NO_PROXY but the class was not enhanced
12:20:24.979 [main] DEBUG o.hibernate.orm.bytecode.interceptor - To-one property `Classes.Pass#person` was mapped with LAZY + NO_PROXY but the class was not enhanced
12:20:24.979 [main] DEBUG o.hibernate.orm.bytecode.interceptor - To-one property `Classes.Pass#sellers` was mapped with LAZY + NO_PROXY but the class was not enhanced
12:20:24.990 [main] DEBUG o.h.p.c.AbstractCollectionPersister - Static SQL for collection: Abstract.TicketSeller.tickets
12:20:24.990 [main] DEBUG o.h.p.c.AbstractCollectionPersister -  Row insert: insert into TicketSeller_Ticket (TicketSeller_id, tickets_id) values (?, ?)
12:20:24.990 [main] DEBUG o.h.p.c.AbstractCollectionPersister -  Row update: update TicketSeller_Ticket set tickets_id=? where TicketSeller_id=? and tickets_id=?
12:20:24.990 [main] DEBUG o.h.p.c.AbstractCollectionPersister -  Row delete: delete from TicketSeller_Ticket where TicketSeller_id=? and tickets_id=?
12:20:24.990 [main] DEBUG o.h.p.c.AbstractCollectionPersister -  One-shot delete: delete from TicketSeller_Ticket where TicketSeller_id=?
12:20:24.990 [main] DEBUG o.h.p.c.AbstractCollectionPersister - Static SQL for collection: Abstract.TicketSeller.passes
12:20:24.990 [main] DEBUG o.h.p.c.AbstractCollectionPersister -  Row insert: insert into TicketSeller_Ticket (TicketSeller_id, passes_id) values (?, ?)
12:20:24.990 [main] DEBUG o.h.p.c.AbstractCollectionPersister -  Row update: update TicketSeller_Ticket set passes_id=? where TicketSeller_id=? and passes_id=?
12:20:24.990 [main] DEBUG o.h.p.c.AbstractCollectionPersister -  Row delete: delete from TicketSeller_Ticket where TicketSeller_id=? and passes_id=?
12:20:24.990 [main] DEBUG o.h.p.c.AbstractCollectionPersister -  One-shot delete: delete from TicketSeller_Ticket where TicketSeller_id=?
12:20:24.990 [main] DEBUG o.h.p.c.AbstractCollectionPersister - Static SQL for collection: Classes.Shop.people
12:20:24.990 [main] DEBUG o.h.p.c.AbstractCollectionPersister -  Row insert: insert into TicketSeller_Person (Shop_id, people_id) values (?, ?)
12:20:24.990 [main] DEBUG o.h.p.c.AbstractCollectionPersister -  Row update: update TicketSeller_Person set people_id=? where Shop_id=? and people_id=?
12:20:24.990 [main] DEBUG o.h.p.c.AbstractCollectionPersister -  Row delete: delete from TicketSeller_Person where Shop_id=? and people_id=?
12:20:24.990 [main] DEBUG o.h.p.c.AbstractCollectionPersister -  One-shot delete: delete from TicketSeller_Person where Shop_id=?
12:20:24.992 [main] DEBUG o.h.p.entity.AbstractEntityPersister - Static SQL for entity: Abstract.TicketSeller
12:20:24.992 [main] DEBUG o.h.p.entity.AbstractEntityPersister -  Version select: select id from TicketSeller where id =?
12:20:24.992 [main] DEBUG o.h.p.entity.AbstractEntityPersister -  Snapshot select: select ticketsell_.id, ticketsell_.seller_name as seller_n3_3_ from TicketSeller ticketsell_ where ticketsell_.id=?
12:20:24.992 [main] DEBUG o.h.p.entity.AbstractEntityPersister -  Insert 0: insert into TicketSeller (seller_name, Elementi, id) values (?, 'TicketSeller', ?)
12:20:24.992 [main] DEBUG o.h.p.entity.AbstractEntityPersister -  Update 0: update TicketSeller set seller_name=? where id=?
12:20:24.992 [main] DEBUG o.h.p.entity.AbstractEntityPersister -  Delete 0: delete from TicketSeller where id=?
12:20:25.005 [main] DEBUG o.h.l.p.b.i.spaces.QuerySpacesImpl - Adding QuerySpace : uid = <gen:0> -> org.hibernate.loader.plan.build.internal.spaces.EntityQuerySpaceImpl@43b5021c]
12:20:25.005 [main] DEBUG o.h.p.w.spi.MetamodelGraphWalker - Visiting attribute path : name
12:20:25.006 [main] DEBUG o.h.p.w.spi.MetamodelGraphWalker - Visiting attribute path : passes
12:20:25.007 [main] DEBUG o.h.l.p.b.i.spaces.QuerySpacesImpl - Adding QuerySpace : uid = <gen:1> -> org.hibernate.loader.plan.build.internal.spaces.CollectionQuerySpaceImpl@69cd1085]
12:20:25.008 [main] DEBUG o.h.l.p.b.i.spaces.QuerySpacesImpl - Adding QuerySpace : uid = <gen:2> -> org.hibernate.loader.plan.build.internal.spaces.EntityQuerySpaceImpl@4ecd00b5]
12:20:25.008 [main] DEBUG o.h.p.w.spi.MetamodelGraphWalker - Visiting attribute path : tickets
12:20:25.008 [main] DEBUG o.h.l.p.b.i.spaces.QuerySpacesImpl - Adding QuerySpace : uid = <gen:3> -> org.hibernate.loader.plan.build.internal.spaces.CollectionQuerySpaceImpl@27df95e]
12:20:25.008 [main] DEBUG o.h.l.p.b.i.spaces.QuerySpacesImpl - Adding QuerySpace : uid = <gen:4> -> org.hibernate.loader.plan.build.internal.spaces.EntityQuerySpaceImpl@b46e103]
12:20:25.008 [main] DEBUG o.h.p.w.spi.MetamodelGraphWalker - Visiting attribute path : people
12:20:25.008 [main] DEBUG o.h.l.p.b.i.spaces.QuerySpacesImpl - Adding QuerySpace : uid = <gen:5> -> org.hibernate.loader.plan.build.internal.spaces.CollectionQuerySpaceImpl@2b0e9f30]
12:20:25.008 [main] DEBUG o.h.l.p.b.i.spaces.QuerySpacesImpl - Adding QuerySpace : uid = <gen:6> -> org.hibernate.loader.plan.build.internal.spaces.EntityQuerySpaceImpl@5eea5627]
12:20:25.009 [main] DEBUG o.h.p.w.spi.MetamodelGraphWalker - Visiting attribute path : isWorking
12:20:25.009 [main] DEBUG o.h.l.p.b.i.FetchStyleLoadPlanBuildingAssociationVisitationStrategy - Building LoadPlan...
12:20:25.014 [main] DEBUG o.h.l.p.e.i.LoadQueryJoinAndFetchProcessor - processing queryspace <gen:0>
12:20:25.015 [main] DEBUG o.h.l.p.b.spi.LoadPlanTreePrinter - LoadPlan(entity=Abstract.TicketSeller)
    - Returns
       - EntityReturnImpl(entity=Abstract.TicketSeller, querySpaceUid=<gen:0>, path=Abstract.TicketSeller)
          - CollectionAttributeFetchImpl(collection=Abstract.TicketSeller.passes, querySpaceUid=<gen:1>, path=Abstract.TicketSeller.passes)
             - (collection element) CollectionFetchableElementEntityGraph(entity=Classes.Pass, querySpaceUid=<gen:2>, path=Abstract.TicketSeller.passes.<elements>)
          - CollectionAttributeFetchImpl(collection=Abstract.TicketSeller.tickets, querySpaceUid=<gen:3>, path=Abstract.TicketSeller.tickets)
             - (collection element) CollectionFetchableElementEntityGraph(entity=Classes.Ticket, querySpaceUid=<gen:4>, path=Abstract.TicketSeller.tickets.<elements>)
          - CollectionAttributeFetchImpl(collection=Classes.Shop.people, querySpaceUid=<gen:5>, path=Abstract.TicketSeller.people)
             - (collection element) CollectionFetchableElementEntityGraph(entity=Classes.Person, querySpaceUid=<gen:6>, path=Abstract.TicketSeller.people.<elements>)
    - QuerySpaces
       - EntityQuerySpaceImpl(uid=<gen:0>, entity=Abstract.TicketSeller)
          - SQL table alias mapping - ticketsell0_
          - alias suffix - 0_
          - suffixed key columns - {id2_3_0_}

12:20:25.016 [main] DEBUG o.h.loader.entity.plan.EntityLoader - Static select for entity Abstract.TicketSeller [NONE]: select ticketsell0_.id as id2_3_0_, ticketsell0_.seller_name as seller_n3_3_0_, ticketsell0_.isWorking as isworkin4_3_0_, ticketsell0_.Elementi as elementi1_3_0_ from TicketSeller ticketsell0_ where ticketsell0_.id=?
12:20:25.017 [main] DEBUG o.h.p.entity.AbstractEntityPersister - Static SQL for entity: Classes.Card
12:20:25.017 [main] DEBUG o.h.p.entity.AbstractEntityPersister -  Version select: select id from Card where id =?
12:20:25.017 [main] DEBUG o.h.p.entity.AbstractEntityPersister -  Snapshot select: select card_.id, card_.emissionDate as emission2_0_, card_.expirationDate as expirati3_0_, card_.person_id as person_i4_0_ from Card card_ where card_.id=?
12:20:25.017 [main] DEBUG o.h.p.entity.AbstractEntityPersister -  Insert 0: insert into Card (emissionDate, expirationDate, person_id, id) values (?, ?, ?, ?)
12:20:25.017 [main] DEBUG o.h.p.entity.AbstractEntityPersister -  Update 0: update Card set emissionDate=?, expirationDate=?, person_id=? where id=?
12:20:25.017 [main] DEBUG o.h.p.entity.AbstractEntityPersister -  Delete 0: delete from Card where id=?
12:20:25.017 [main] DEBUG o.h.p.entity.AbstractEntityPersister -  Identity insert: insert into Card (emissionDate, expirationDate, person_id) values (?, ?, ?)
12:20:25.017 [main] DEBUG o.h.l.p.b.i.spaces.QuerySpacesImpl - Adding QuerySpace : uid = <gen:0> -> org.hibernate.loader.plan.build.internal.spaces.EntityQuerySpaceImpl@5f1483fd]
12:20:25.017 [main] DEBUG o.h.p.w.spi.MetamodelGraphWalker - Visiting attribute path : emissionDate
12:20:25.017 [main] DEBUG o.h.p.w.spi.MetamodelGraphWalker - Visiting attribute path : expirationDate
12:20:25.017 [main] DEBUG o.h.p.w.spi.MetamodelGraphWalker - Visiting attribute path : person
12:20:25.017 [main] DEBUG o.h.l.p.b.i.spaces.QuerySpacesImpl - Adding QuerySpace : uid = <gen:1> -> org.hibernate.loader.plan.build.internal.spaces.EntityQuerySpaceImpl@6e03db1f]
12:20:25.018 [main] DEBUG o.h.p.w.spi.MetamodelGraphWalker - Visiting attribute path : person.birthdate
12:20:25.018 [main] DEBUG o.h.p.w.spi.MetamodelGraphWalker - Visiting attribute path : person.cardNum
12:20:25.018 [main] DEBUG o.h.l.p.b.i.spaces.QuerySpacesImpl - Adding QuerySpace : uid = <gen:2> -> org.hibernate.loader.plan.build.internal.spaces.EntityQuerySpaceImpl@7c37f145]
12:20:25.018 [main] DEBUG o.h.p.w.spi.MetamodelGraphWalker - Visiting attribute path : person.cardNum.emissionDate
12:20:25.018 [main] DEBUG o.h.p.w.spi.MetamodelGraphWalker - Visiting attribute path : person.cardNum.expirationDate
12:20:25.018 [main] DEBUG o.h.p.w.spi.MetamodelGraphWalker - Visiting attribute path : person.cardNum.person
12:20:25.018 [main] DEBUG o.h.p.w.spi.MetamodelGraphWalker - Property path deemed to be circular : person.cardNum.person
12:20:25.019 [main] DEBUG o.h.p.w.spi.MetamodelGraphWalker - Visiting attribute path : person.firstName
12:20:25.019 [main] DEBUG o.h.p.w.spi.MetamodelGraphWalker - Visiting attribute path : person.lastName
12:20:25.019 [main] DEBUG o.h.l.p.b.i.FetchStyleLoadPlanBuildingAssociationVisitationStrategy - Building LoadPlan...
12:20:25.019 [main] DEBUG o.h.l.p.e.i.LoadQueryJoinAndFetchProcessor - processing queryspace <gen:0>
12:20:25.019 [main] DEBUG o.h.l.p.b.spi.LoadPlanTreePrinter - LoadPlan(entity=Classes.Card)
    - Returns
       - EntityReturnImpl(entity=Classes.Card, querySpaceUid=<gen:0>, path=Classes.Card)
          - EntityAttributeFetchImpl(entity=Classes.Person, querySpaceUid=<gen:1>, path=Classes.Card.person)
             - EntityAttributeFetchImpl(entity=Classes.Card, querySpaceUid=<gen:2>, path=Classes.Card.person.cardNum)
    - QuerySpaces
       - EntityQuerySpaceImpl(uid=<gen:0>, entity=Classes.Card)
          - SQL table alias mapping - card0_
          - alias suffix - 0_
          - suffixed key columns - {id1_0_0_}
          - JOIN (JoinDefinedByMetadata(person)) : <gen:0> -> <gen:1>
             - EntityQuerySpaceImpl(uid=<gen:1>, entity=Classes.Person)
                - SQL table alias mapping - person1_
                - alias suffix - 1_
                - suffixed key columns - {id1_1_1_}
                - JOIN (JoinDefinedByMetadata(cardNum)) : <gen:1> -> <gen:2>
                   - EntityQuerySpaceImpl(uid=<gen:2>, entity=Classes.Card)
                      - SQL table alias mapping - card2_
                      - alias suffix - 2_
                      - suffixed key columns - {id1_0_2_}

12:20:25.019 [main] DEBUG o.h.loader.entity.plan.EntityLoader - Static select for entity Classes.Card [NONE]: select card0_.id as id1_0_0_, card0_.emissionDate as emission2_0_0_, card0_.expirationDate as expirati3_0_0_, card0_.person_id as person_i4_0_0_, person1_.id as id1_1_1_, person1_.birthdate as birthdat2_1_1_, person1_.cardNum_id as cardnum_5_1_1_, person1_.firstName as firstnam3_1_1_, person1_.lastName as lastname4_1_1_, card2_.id as id1_0_2_, card2_.emissionDate as emission2_0_2_, card2_.expirationDate as expirati3_0_2_, card2_.person_id as person_i4_0_2_ from Card card0_ left outer join Person person1_ on card0_.person_id=person1_.id left outer join Card card2_ on person1_.cardNum_id=card2_.id where card0_.id=?
12:20:25.020 [main] DEBUG o.h.p.entity.AbstractEntityPersister - Static SQL for entity: Classes.Person
12:20:25.020 [main] DEBUG o.h.p.entity.AbstractEntityPersister -  Version select: select id from Person where id =?
12:20:25.020 [main] DEBUG o.h.p.entity.AbstractEntityPersister -  Snapshot select: select person_.id, person_.birthdate as birthdat2_1_, person_.cardNum_id as cardnum_5_1_, person_.firstName as firstnam3_1_, person_.lastName as lastname4_1_ from Person person_ where person_.id=?
12:20:25.020 [main] DEBUG o.h.p.entity.AbstractEntityPersister -  Insert 0: insert into Person (birthdate, cardNum_id, firstName, lastName, id) values (?, ?, ?, ?, ?)
12:20:25.020 [main] DEBUG o.h.p.entity.AbstractEntityPersister -  Update 0: update Person set birthdate=?, cardNum_id=?, firstName=?, lastName=? where id=?
12:20:25.020 [main] DEBUG o.h.p.entity.AbstractEntityPersister -  Delete 0: delete from Person where id=?
12:20:25.020 [main] DEBUG o.h.p.entity.AbstractEntityPersister -  Identity insert: insert into Person (birthdate, cardNum_id, firstName, lastName) values (?, ?, ?, ?)
12:20:25.020 [main] DEBUG o.h.l.p.b.i.spaces.QuerySpacesImpl - Adding QuerySpace : uid = <gen:0> -> org.hibernate.loader.plan.build.internal.spaces.EntityQuerySpaceImpl@7da34b26]
12:20:25.020 [main] DEBUG o.h.p.w.spi.MetamodelGraphWalker - Visiting attribute path : birthdate
12:20:25.020 [main] DEBUG o.h.p.w.spi.MetamodelGraphWalker - Visiting attribute path : cardNum
12:20:25.020 [main] DEBUG o.h.l.p.b.i.spaces.QuerySpacesImpl - Adding QuerySpace : uid = <gen:1> -> org.hibernate.loader.plan.build.internal.spaces.EntityQuerySpaceImpl@3b2553d9]
12:20:25.020 [main] DEBUG o.h.p.w.spi.MetamodelGraphWalker - Visiting attribute path : cardNum.emissionDate
12:20:25.020 [main] DEBUG o.h.p.w.spi.MetamodelGraphWalker - Visiting attribute path : cardNum.expirationDate
12:20:25.020 [main] DEBUG o.h.p.w.spi.MetamodelGraphWalker - Visiting attribute path : cardNum.person
12:20:25.020 [main] DEBUG o.h.l.p.b.i.spaces.QuerySpacesImpl - Adding QuerySpace : uid = <gen:2> -> org.hibernate.loader.plan.build.internal.spaces.EntityQuerySpaceImpl@12a2585b]
12:20:25.020 [main] DEBUG o.h.p.w.spi.MetamodelGraphWalker - Visiting attribute path : cardNum.person.birthdate
12:20:25.020 [main] DEBUG o.h.p.w.spi.MetamodelGraphWalker - Visiting attribute path : cardNum.person.cardNum
12:20:25.020 [main] DEBUG o.h.p.w.spi.MetamodelGraphWalker - Property path deemed to be circular : cardNum.person.cardNum
12:20:25.020 [main] DEBUG o.h.p.w.spi.MetamodelGraphWalker - Visiting attribute path : cardNum.person.firstName
12:20:25.020 [main] DEBUG o.h.p.w.spi.MetamodelGraphWalker - Visiting attribute path : cardNum.person.lastName
12:20:25.020 [main] DEBUG o.h.p.w.spi.MetamodelGraphWalker - Visiting attribute path : firstName
12:20:25.020 [main] DEBUG o.h.p.w.spi.MetamodelGraphWalker - Visiting attribute path : lastName
12:20:25.020 [main] DEBUG o.h.l.p.b.i.FetchStyleLoadPlanBuildingAssociationVisitationStrategy - Building LoadPlan...
12:20:25.020 [main] DEBUG o.h.l.p.e.i.LoadQueryJoinAndFetchProcessor - processing queryspace <gen:0>
12:20:25.021 [main] DEBUG o.h.l.p.b.spi.LoadPlanTreePrinter - LoadPlan(entity=Classes.Person)
    - Returns
       - EntityReturnImpl(entity=Classes.Person, querySpaceUid=<gen:0>, path=Classes.Person)
          - EntityAttributeFetchImpl(entity=Classes.Card, querySpaceUid=<gen:1>, path=Classes.Person.cardNum)
             - EntityAttributeFetchImpl(entity=Classes.Person, querySpaceUid=<gen:2>, path=Classes.Person.cardNum.person)
    - QuerySpaces
       - EntityQuerySpaceImpl(uid=<gen:0>, entity=Classes.Person)
          - SQL table alias mapping - person0_
          - alias suffix - 0_
          - suffixed key columns - {id1_1_0_}
          - JOIN (JoinDefinedByMetadata(cardNum)) : <gen:0> -> <gen:1>
             - EntityQuerySpaceImpl(uid=<gen:1>, entity=Classes.Card)
                - SQL table alias mapping - card1_
                - alias suffix - 1_
                - suffixed key columns - {id1_0_1_}
                - JOIN (JoinDefinedByMetadata(person)) : <gen:1> -> <gen:2>
                   - EntityQuerySpaceImpl(uid=<gen:2>, entity=Classes.Person)
                      - SQL table alias mapping - person2_
                      - alias suffix - 2_
                      - suffixed key columns - {id1_1_2_}

12:20:25.021 [main] DEBUG o.h.loader.entity.plan.EntityLoader - Static select for entity Classes.Person [NONE]: select person0_.id as id1_1_0_, person0_.birthdate as birthdat2_1_0_, person0_.cardNum_id as cardnum_5_1_0_, person0_.firstName as firstnam3_1_0_, person0_.lastName as lastname4_1_0_, card1_.id as id1_0_1_, card1_.emissionDate as emission2_0_1_, card1_.expirationDate as expirati3_0_1_, card1_.person_id as person_i4_0_1_, person2_.id as id1_1_2_, person2_.birthdate as birthdat2_1_2_, person2_.cardNum_id as cardnum_5_1_2_, person2_.firstName as firstnam3_1_2_, person2_.lastName as lastname4_1_2_ from Person person0_ left outer join Card card1_ on person0_.cardNum_id=card1_.id left outer join Person person2_ on card1_.person_id=person2_.id where person0_.id=?
12:20:25.021 [main] DEBUG o.h.p.entity.AbstractEntityPersister - Static SQL for entity: Classes.Pass
12:20:25.021 [main] DEBUG o.h.p.entity.AbstractEntityPersister -  Version select: select id from Ticket where id =?
12:20:25.021 [main] DEBUG o.h.p.entity.AbstractEntityPersister -  Snapshot select: select pass_.id, pass_.seller_id as seller_i4_2_, pass_.person_id as person_i5_2_, pass_.sellers_id as sellers_6_2_, pass_.validity as validity3_2_ from Ticket pass_ where pass_.id=?
12:20:25.021 [main] DEBUG o.h.p.entity.AbstractEntityPersister -  Insert 0: insert into Ticket (seller_id, person_id, sellers_id, validity, DTYPE, id) values (?, ?, ?, ?, 'Pass', ?)
12:20:25.021 [main] DEBUG o.h.p.entity.AbstractEntityPersister -  Update 0: update Ticket set seller_id=?, person_id=?, sellers_id=?, validity=? where id=?
12:20:25.021 [main] DEBUG o.h.p.entity.AbstractEntityPersister -  Delete 0: delete from Ticket where id=?
12:20:25.021 [main] DEBUG o.h.p.entity.AbstractEntityPersister -  Identity insert: insert into Ticket (seller_id, person_id, sellers_id, validity, DTYPE) values (?, ?, ?, ?, 'Pass')
12:20:25.021 [main] DEBUG o.h.l.p.b.i.spaces.QuerySpacesImpl - Adding QuerySpace : uid = <gen:0> -> org.hibernate.loader.plan.build.internal.spaces.EntityQuerySpaceImpl@309cedb6]
12:20:25.021 [main] DEBUG o.h.p.w.spi.MetamodelGraphWalker - Visiting attribute path : seller
12:20:25.021 [main] DEBUG o.h.l.p.b.i.spaces.QuerySpacesImpl - Adding QuerySpace : uid = <gen:1> -> org.hibernate.loader.plan.build.internal.spaces.EntityQuerySpaceImpl@3bf54172]
12:20:25.021 [main] DEBUG o.h.p.w.spi.MetamodelGraphWalker - Visiting attribute path : seller.name
12:20:25.021 [main] DEBUG o.h.p.w.spi.MetamodelGraphWalker - Visiting attribute path : seller.passes
12:20:25.021 [main] DEBUG o.h.l.p.b.i.spaces.QuerySpacesImpl - Adding QuerySpace : uid = <gen:2> -> org.hibernate.loader.plan.build.internal.spaces.CollectionQuerySpaceImpl@7b3cde6f]
12:20:25.021 [main] DEBUG o.h.l.p.b.i.spaces.QuerySpacesImpl - Adding QuerySpace : uid = <gen:3> -> org.hibernate.loader.plan.build.internal.spaces.EntityQuerySpaceImpl@6d091cad]
12:20:25.021 [main] DEBUG o.h.p.w.spi.MetamodelGraphWalker - Visiting attribute path : seller.tickets
12:20:25.021 [main] DEBUG o.h.l.p.b.i.spaces.QuerySpacesImpl - Adding QuerySpace : uid = <gen:4> -> org.hibernate.loader.plan.build.internal.spaces.CollectionQuerySpaceImpl@7c663eaf]
12:20:25.021 [main] DEBUG o.h.l.p.b.i.spaces.QuerySpacesImpl - Adding QuerySpace : uid = <gen:5> -> org.hibernate.loader.plan.build.internal.spaces.EntityQuerySpaceImpl@3bb5ceb]
12:20:25.021 [main] DEBUG o.h.p.w.spi.MetamodelGraphWalker - Visiting attribute path : seller.people
12:20:25.021 [main] DEBUG o.h.l.p.b.i.spaces.QuerySpacesImpl - Adding QuerySpace : uid = <gen:6> -> org.hibernate.loader.plan.build.internal.spaces.CollectionQuerySpaceImpl@1e692555]
12:20:25.021 [main] DEBUG o.h.l.p.b.i.spaces.QuerySpacesImpl - Adding QuerySpace : uid = <gen:7> -> org.hibernate.loader.plan.build.internal.spaces.EntityQuerySpaceImpl@3ba0ae41]
12:20:25.021 [main] DEBUG o.h.p.w.spi.MetamodelGraphWalker - Visiting attribute path : seller.isWorking
12:20:25.021 [main] DEBUG o.h.p.w.spi.MetamodelGraphWalker - Visiting attribute path : person
12:20:25.021 [main] DEBUG o.h.l.p.b.i.spaces.QuerySpacesImpl - Adding QuerySpace : uid = <gen:8> -> org.hibernate.loader.plan.build.internal.spaces.EntityQuerySpaceImpl@76fe6cdc]
12:20:25.021 [main] DEBUG o.h.p.w.spi.MetamodelGraphWalker - Visiting attribute path : person.birthdate
12:20:25.021 [main] DEBUG o.h.p.w.spi.MetamodelGraphWalker - Visiting attribute path : person.cardNum
12:20:25.021 [main] DEBUG o.h.l.p.b.i.spaces.QuerySpacesImpl - Adding QuerySpace : uid = <gen:9> -> org.hibernate.loader.plan.build.internal.spaces.EntityQuerySpaceImpl@786ff1cb]
12:20:25.021 [main] DEBUG o.h.p.w.spi.MetamodelGraphWalker - Visiting attribute path : person.cardNum.emissionDate
12:20:25.021 [main] DEBUG o.h.p.w.spi.MetamodelGraphWalker - Visiting attribute path : person.cardNum.expirationDate
12:20:25.021 [main] DEBUG o.h.p.w.spi.MetamodelGraphWalker - Visiting attribute path : person.cardNum.person
12:20:25.022 [main] DEBUG o.h.l.p.b.i.spaces.QuerySpacesImpl - Adding QuerySpace : uid = <gen:10> -> org.hibernate.loader.plan.build.internal.spaces.EntityQuerySpaceImpl@431e86b1]
12:20:25.022 [main] DEBUG o.h.p.w.spi.MetamodelGraphWalker - Visiting attribute path : person.cardNum.person.birthdate
12:20:25.022 [main] DEBUG o.h.p.w.spi.MetamodelGraphWalker - Visiting attribute path : person.cardNum.person.cardNum
12:20:25.022 [main] DEBUG o.h.p.w.spi.MetamodelGraphWalker - Property path deemed to be circular : person.cardNum.person.cardNum
12:20:25.022 [main] DEBUG o.h.p.w.spi.MetamodelGraphWalker - Visiting attribute path : person.cardNum.person.firstName
12:20:25.022 [main] DEBUG o.h.p.w.spi.MetamodelGraphWalker - Visiting attribute path : person.cardNum.person.lastName
12:20:25.022 [main] DEBUG o.h.p.w.spi.MetamodelGraphWalker - Visiting attribute path : person.firstName
12:20:25.022 [main] DEBUG o.h.p.w.spi.MetamodelGraphWalker - Visiting attribute path : person.lastName
12:20:25.022 [main] DEBUG o.h.p.w.spi.MetamodelGraphWalker - Visiting attribute path : sellers
12:20:25.022 [main] DEBUG o.h.l.p.b.i.spaces.QuerySpacesImpl - Adding QuerySpace : uid = <gen:11> -> org.hibernate.loader.plan.build.internal.spaces.EntityQuerySpaceImpl@32a2a6be]
12:20:25.022 [main] DEBUG o.h.p.w.spi.MetamodelGraphWalker - Visiting attribute path : sellers.name
12:20:25.022 [main] DEBUG o.h.p.w.spi.MetamodelGraphWalker - Visiting attribute path : sellers.passes
12:20:25.022 [main] DEBUG o.h.l.p.b.i.spaces.QuerySpacesImpl - Adding QuerySpace : uid = <gen:12> -> org.hibernate.loader.plan.build.internal.spaces.CollectionQuerySpaceImpl@5f36c8e3]
12:20:25.022 [main] DEBUG o.h.l.p.b.i.spaces.QuerySpacesImpl - Adding QuerySpace : uid = <gen:13> -> org.hibernate.loader.plan.build.internal.spaces.EntityQuerySpaceImpl@4da39ca9]
12:20:25.022 [main] DEBUG o.h.p.w.spi.MetamodelGraphWalker - Visiting attribute path : sellers.tickets
12:20:25.022 [main] DEBUG o.h.l.p.b.i.spaces.QuerySpacesImpl - Adding QuerySpace : uid = <gen:14> -> org.hibernate.loader.plan.build.internal.spaces.CollectionQuerySpaceImpl@6a9344f5]
12:20:25.022 [main] DEBUG o.h.l.p.b.i.spaces.QuerySpacesImpl - Adding QuerySpace : uid = <gen:15> -> org.hibernate.loader.plan.build.internal.spaces.EntityQuerySpaceImpl@5584d9c6]
12:20:25.022 [main] DEBUG o.h.p.w.spi.MetamodelGraphWalker - Visiting attribute path : sellers.people
12:20:25.022 [main] DEBUG o.h.l.p.b.i.spaces.QuerySpacesImpl - Adding QuerySpace : uid = <gen:16> -> org.hibernate.loader.plan.build.internal.spaces.CollectionQuerySpaceImpl@3c9c6245]
12:20:25.022 [main] DEBUG o.h.l.p.b.i.spaces.QuerySpacesImpl - Adding QuerySpace : uid = <gen:17> -> org.hibernate.loader.plan.build.internal.spaces.EntityQuerySpaceImpl@6d0be7ab]
12:20:25.022 [main] DEBUG o.h.p.w.spi.MetamodelGraphWalker - Visiting attribute path : sellers.isWorking
12:20:25.022 [main] DEBUG o.h.p.w.spi.MetamodelGraphWalker - Visiting attribute path : validity
12:20:25.022 [main] DEBUG o.h.l.p.b.i.FetchStyleLoadPlanBuildingAssociationVisitationStrategy - Building LoadPlan...
12:20:25.023 [main] DEBUG o.h.l.p.e.i.LoadQueryJoinAndFetchProcessor - processing queryspace <gen:0>
12:20:25.023 [main] DEBUG o.h.l.p.b.spi.LoadPlanTreePrinter - LoadPlan(entity=Classes.Pass)
    - Returns
       - EntityReturnImpl(entity=Classes.Pass, querySpaceUid=<gen:0>, path=Classes.Pass)
          - EntityAttributeFetchImpl(entity=Abstract.TicketSeller, querySpaceUid=<gen:1>, path=Classes.Pass.seller)
             - CollectionAttributeFetchImpl(collection=Abstract.TicketSeller.passes, querySpaceUid=<gen:2>, path=Classes.Pass.seller.passes)
                - (collection element) CollectionFetchableElementEntityGraph(entity=Classes.Pass, querySpaceUid=<gen:3>, path=Classes.Pass.seller.passes.<elements>)
             - CollectionAttributeFetchImpl(collection=Abstract.TicketSeller.tickets, querySpaceUid=<gen:4>, path=Classes.Pass.seller.tickets)
                - (collection element) CollectionFetchableElementEntityGraph(entity=Classes.Ticket, querySpaceUid=<gen:5>, path=Classes.Pass.seller.tickets.<elements>)
             - CollectionAttributeFetchImpl(collection=Classes.Shop.people, querySpaceUid=<gen:6>, path=Classes.Pass.seller.people)
                - (collection element) CollectionFetchableElementEntityGraph(entity=Classes.Person, querySpaceUid=<gen:7>, path=Classes.Pass.seller.people.<elements>)
          - EntityAttributeFetchImpl(entity=Classes.Person, querySpaceUid=<gen:8>, path=Classes.Pass.person)
             - EntityAttributeFetchImpl(entity=Classes.Card, querySpaceUid=<gen:9>, path=Classes.Pass.person.cardNum)
                - EntityAttributeFetchImpl(entity=Classes.Person, querySpaceUid=<gen:10>, path=Classes.Pass.person.cardNum.person)
          - EntityAttributeFetchImpl(entity=Abstract.TicketSeller, querySpaceUid=<gen:11>, path=Classes.Pass.sellers)
             - CollectionAttributeFetchImpl(collection=Abstract.TicketSeller.passes, querySpaceUid=<gen:12>, path=Classes.Pass.sellers.passes)
                - (collection element) CollectionFetchableElementEntityGraph(entity=Classes.Pass, querySpaceUid=<gen:13>, path=Classes.Pass.sellers.passes.<elements>)
             - CollectionAttributeFetchImpl(collection=Abstract.TicketSeller.tickets, querySpaceUid=<gen:14>, path=Classes.Pass.sellers.tickets)
                - (collection element) CollectionFetchableElementEntityGraph(entity=Classes.Ticket, querySpaceUid=<gen:15>, path=Classes.Pass.sellers.tickets.<elements>)
             - CollectionAttributeFetchImpl(collection=Classes.Shop.people, querySpaceUid=<gen:16>, path=Classes.Pass.sellers.people)
                - (collection element) CollectionFetchableElementEntityGraph(entity=Classes.Person, querySpaceUid=<gen:17>, path=Classes.Pass.sellers.people.<elements>)
    - QuerySpaces
       - EntityQuerySpaceImpl(uid=<gen:0>, entity=Classes.Pass)
          - SQL table alias mapping - pass0_
          - alias suffix - 0_
          - suffixed key columns - {id2_2_0_}
          - JOIN (JoinDefinedByMetadata(seller)) : <gen:0> -> <gen:1>
             - EntityQuerySpaceImpl(uid=<gen:1>, entity=Abstract.TicketSeller)
                - SQL table alias mapping - ticketsell1_
                - alias suffix - 1_
                - suffixed key columns - {id2_3_1_}
          - JOIN (JoinDefinedByMetadata(person)) : <gen:0> -> <gen:8>
             - EntityQuerySpaceImpl(uid=<gen:8>, entity=Classes.Person)
                - SQL table alias mapping - person2_
                - alias suffix - 2_
                - suffixed key columns - {id1_1_2_}
                - JOIN (JoinDefinedByMetadata(cardNum)) : <gen:8> -> <gen:9>
                   - EntityQuerySpaceImpl(uid=<gen:9>, entity=Classes.Card)
                      - SQL table alias mapping - card3_
                      - alias suffix - 3_
                      - suffixed key columns - {id1_0_3_}
                      - JOIN (JoinDefinedByMetadata(person)) : <gen:9> -> <gen:10>
                         - EntityQuerySpaceImpl(uid=<gen:10>, entity=Classes.Person)
                            - SQL table alias mapping - person4_
                            - alias suffix - 4_
                            - suffixed key columns - {id1_1_4_}
          - JOIN (JoinDefinedByMetadata(sellers)) : <gen:0> -> <gen:11>
             - EntityQuerySpaceImpl(uid=<gen:11>, entity=Abstract.TicketSeller)
                - SQL table alias mapping - ticketsell5_
                - alias suffix - 5_
                - suffixed key columns - {id2_3_5_}

12:20:25.023 [main] DEBUG o.h.loader.entity.plan.EntityLoader - Static select for entity Classes.Pass [NONE]: select pass0_.id as id2_2_0_, pass0_.seller_id as seller_i4_2_0_, pass0_.person_id as person_i5_2_0_, pass0_.sellers_id as sellers_6_2_0_, pass0_.validity as validity3_2_0_, ticketsell1_.id as id2_3_1_, ticketsell1_.seller_name as seller_n3_3_1_, ticketsell1_.isWorking as isworkin4_3_1_, ticketsell1_.Elementi as elementi1_3_1_, person2_.id as id1_1_2_, person2_.birthdate as birthdat2_1_2_, person2_.cardNum_id as cardnum_5_1_2_, person2_.firstName as firstnam3_1_2_, person2_.lastName as lastname4_1_2_, card3_.id as id1_0_3_, card3_.emissionDate as emission2_0_3_, card3_.expirationDate as expirati3_0_3_, card3_.person_id as person_i4_0_3_, person4_.id as id1_1_4_, person4_.birthdate as birthdat2_1_4_, person4_.cardNum_id as cardnum_5_1_4_, person4_.firstName as firstnam3_1_4_, person4_.lastName as lastname4_1_4_, ticketsell5_.id as id2_3_5_, ticketsell5_.seller_name as seller_n3_3_5_, ticketsell5_.isWorking as isworkin4_3_5_, ticketsell5_.Elementi as elementi1_3_5_ from Ticket pass0_ left outer join TicketSeller ticketsell1_ on pass0_.seller_id=ticketsell1_.id left outer join Person person2_ on pass0_.person_id=person2_.id left outer join Card card3_ on person2_.cardNum_id=card3_.id left outer join Person person4_ on card3_.person_id=person4_.id left outer join TicketSeller ticketsell5_ on pass0_.sellers_id=ticketsell5_.id where pass0_.id=? and pass0_.DTYPE='Pass'
12:20:25.023 [main] DEBUG o.h.p.entity.AbstractEntityPersister - Static SQL for entity: Classes.Shop
12:20:25.023 [main] DEBUG o.h.p.entity.AbstractEntityPersister -  Version select: select id from TicketSeller where id =?
12:20:25.023 [main] DEBUG o.h.p.entity.AbstractEntityPersister -  Snapshot select: select shop_.id, shop_.seller_name as seller_n3_3_ from TicketSeller shop_ where shop_.id=?
12:20:25.023 [main] DEBUG o.h.p.entity.AbstractEntityPersister -  Insert 0: insert into TicketSeller (seller_name, Elementi, id) values (?, 'shop', ?)
12:20:25.023 [main] DEBUG o.h.p.entity.AbstractEntityPersister -  Update 0: update TicketSeller set seller_name=? where id=?
12:20:25.023 [main] DEBUG o.h.p.entity.AbstractEntityPersister -  Delete 0: delete from TicketSeller where id=?
12:20:25.023 [main] DEBUG o.h.l.p.b.i.spaces.QuerySpacesImpl - Adding QuerySpace : uid = <gen:0> -> org.hibernate.loader.plan.build.internal.spaces.EntityQuerySpaceImpl@1d4fb213]
12:20:25.023 [main] DEBUG o.h.p.w.spi.MetamodelGraphWalker - Visiting attribute path : name
12:20:25.023 [main] DEBUG o.h.p.w.spi.MetamodelGraphWalker - Visiting attribute path : passes
12:20:25.023 [main] DEBUG o.h.l.p.b.i.spaces.QuerySpacesImpl - Adding QuerySpace : uid = <gen:1> -> org.hibernate.loader.plan.build.internal.spaces.CollectionQuerySpaceImpl@3127cb44]
12:20:25.023 [main] DEBUG o.h.l.p.b.i.spaces.QuerySpacesImpl - Adding QuerySpace : uid = <gen:2> -> org.hibernate.loader.plan.build.internal.spaces.EntityQuerySpaceImpl@3234474]
12:20:25.023 [main] DEBUG o.h.p.w.spi.MetamodelGraphWalker - Visiting attribute path : tickets
12:20:25.024 [main] DEBUG o.h.l.p.b.i.spaces.QuerySpacesImpl - Adding QuerySpace : uid = <gen:3> -> org.hibernate.loader.plan.build.internal.spaces.CollectionQuerySpaceImpl@631cb129]
12:20:25.024 [main] DEBUG o.h.l.p.b.i.spaces.QuerySpacesImpl - Adding QuerySpace : uid = <gen:4> -> org.hibernate.loader.plan.build.internal.spaces.EntityQuerySpaceImpl@3d20e575]
12:20:25.024 [main] DEBUG o.h.p.w.spi.MetamodelGraphWalker - Visiting attribute path : people
12:20:25.024 [main] DEBUG o.h.l.p.b.i.spaces.QuerySpacesImpl - Adding QuerySpace : uid = <gen:5> -> org.hibernate.loader.plan.build.internal.spaces.CollectionQuerySpaceImpl@3252747e]
12:20:25.024 [main] DEBUG o.h.l.p.b.i.spaces.QuerySpacesImpl - Adding QuerySpace : uid = <gen:6> -> org.hibernate.loader.plan.build.internal.spaces.EntityQuerySpaceImpl@2b4b96a4]
12:20:25.024 [main] DEBUG o.h.l.p.b.i.FetchStyleLoadPlanBuildingAssociationVisitationStrategy - Building LoadPlan...
12:20:25.024 [main] DEBUG o.h.l.p.e.i.LoadQueryJoinAndFetchProcessor - processing queryspace <gen:0>
12:20:25.024 [main] DEBUG o.h.l.p.b.spi.LoadPlanTreePrinter - LoadPlan(entity=Classes.Shop)
    - Returns
       - EntityReturnImpl(entity=Classes.Shop, querySpaceUid=<gen:0>, path=Classes.Shop)
          - CollectionAttributeFetchImpl(collection=Abstract.TicketSeller.passes, querySpaceUid=<gen:1>, path=Classes.Shop.passes)
             - (collection element) CollectionFetchableElementEntityGraph(entity=Classes.Pass, querySpaceUid=<gen:2>, path=Classes.Shop.passes.<elements>)
          - CollectionAttributeFetchImpl(collection=Abstract.TicketSeller.tickets, querySpaceUid=<gen:3>, path=Classes.Shop.tickets)
             - (collection element) CollectionFetchableElementEntityGraph(entity=Classes.Ticket, querySpaceUid=<gen:4>, path=Classes.Shop.tickets.<elements>)
          - CollectionAttributeFetchImpl(collection=Classes.Shop.people, querySpaceUid=<gen:5>, path=Classes.Shop.people)
             - (collection element) CollectionFetchableElementEntityGraph(entity=Classes.Person, querySpaceUid=<gen:6>, path=Classes.Shop.people.<elements>)
    - QuerySpaces
       - EntityQuerySpaceImpl(uid=<gen:0>, entity=Classes.Shop)
          - SQL table alias mapping - shop0_
          - alias suffix - 0_
          - suffixed key columns - {id2_3_0_}

12:20:25.024 [main] DEBUG o.h.loader.entity.plan.EntityLoader - Static select for entity Classes.Shop [NONE]: select shop0_.id as id2_3_0_, shop0_.seller_name as seller_n3_3_0_ from TicketSeller shop0_ where shop0_.id=? and shop0_.Elementi='shop'
12:20:25.024 [main] DEBUG o.h.p.entity.AbstractEntityPersister - Static SQL for entity: Classes.Ticket
12:20:25.024 [main] DEBUG o.h.p.entity.AbstractEntityPersister -  Version select: select id from Ticket where id =?
12:20:25.024 [main] DEBUG o.h.p.entity.AbstractEntityPersister -  Snapshot select: select ticket_.id, ticket_.seller_id as seller_i4_2_ from Ticket ticket_ where ticket_.id=?
12:20:25.024 [main] DEBUG o.h.p.entity.AbstractEntityPersister -  Insert 0: insert into Ticket (seller_id, DTYPE, id) values (?, 'Ticket', ?)
12:20:25.024 [main] DEBUG o.h.p.entity.AbstractEntityPersister -  Update 0: update Ticket set seller_id=? where id=?
12:20:25.024 [main] DEBUG o.h.p.entity.AbstractEntityPersister -  Delete 0: delete from Ticket where id=?
12:20:25.024 [main] DEBUG o.h.p.entity.AbstractEntityPersister -  Identity insert: insert into Ticket (seller_id, DTYPE) values (?, 'Ticket')
12:20:25.024 [main] DEBUG o.h.l.p.b.i.spaces.QuerySpacesImpl - Adding QuerySpace : uid = <gen:0> -> org.hibernate.loader.plan.build.internal.spaces.EntityQuerySpaceImpl@2dd8ff1d]
12:20:25.024 [main] DEBUG o.h.p.w.spi.MetamodelGraphWalker - Visiting attribute path : seller
12:20:25.024 [main] DEBUG o.h.l.p.b.i.spaces.QuerySpacesImpl - Adding QuerySpace : uid = <gen:1> -> org.hibernate.loader.plan.build.internal.spaces.EntityQuerySpaceImpl@36b9cb99]
12:20:25.024 [main] DEBUG o.h.p.w.spi.MetamodelGraphWalker - Visiting attribute path : seller.name
12:20:25.024 [main] DEBUG o.h.p.w.spi.MetamodelGraphWalker - Visiting attribute path : seller.passes
12:20:25.024 [main] DEBUG o.h.l.p.b.i.spaces.QuerySpacesImpl - Adding QuerySpace : uid = <gen:2> -> org.hibernate.loader.plan.build.internal.spaces.CollectionQuerySpaceImpl@2bfaba70]
12:20:25.024 [main] DEBUG o.h.l.p.b.i.spaces.QuerySpacesImpl - Adding QuerySpace : uid = <gen:3> -> org.hibernate.loader.plan.build.internal.spaces.EntityQuerySpaceImpl@71adfedd]
12:20:25.024 [main] DEBUG o.h.p.w.spi.MetamodelGraphWalker - Visiting attribute path : seller.tickets
12:20:25.024 [main] DEBUG o.h.l.p.b.i.spaces.QuerySpacesImpl - Adding QuerySpace : uid = <gen:4> -> org.hibernate.loader.plan.build.internal.spaces.CollectionQuerySpaceImpl@9301672]
12:20:25.024 [main] DEBUG o.h.l.p.b.i.spaces.QuerySpacesImpl - Adding QuerySpace : uid = <gen:5> -> org.hibernate.loader.plan.build.internal.spaces.EntityQuerySpaceImpl@4ceff87d]
12:20:25.024 [main] DEBUG o.h.p.w.spi.MetamodelGraphWalker - Visiting attribute path : seller.people
12:20:25.024 [main] DEBUG o.h.l.p.b.i.spaces.QuerySpacesImpl - Adding QuerySpace : uid = <gen:6> -> org.hibernate.loader.plan.build.internal.spaces.CollectionQuerySpaceImpl@3238e2aa]
12:20:25.024 [main] DEBUG o.h.l.p.b.i.spaces.QuerySpacesImpl - Adding QuerySpace : uid = <gen:7> -> org.hibernate.loader.plan.build.internal.spaces.EntityQuerySpaceImpl@2c7db926]
12:20:25.024 [main] DEBUG o.h.p.w.spi.MetamodelGraphWalker - Visiting attribute path : seller.isWorking
12:20:25.025 [main] DEBUG o.h.p.w.spi.MetamodelGraphWalker - Visiting attribute path : person
12:20:25.025 [main] DEBUG o.h.l.p.b.i.spaces.QuerySpacesImpl - Adding QuerySpace : uid = <gen:8> -> org.hibernate.loader.plan.build.internal.spaces.EntityQuerySpaceImpl@2577a95d]
12:20:25.025 [main] DEBUG o.h.p.w.spi.MetamodelGraphWalker - Visiting attribute path : person.birthdate
12:20:25.025 [main] DEBUG o.h.p.w.spi.MetamodelGraphWalker - Visiting attribute path : person.cardNum
12:20:25.025 [main] DEBUG o.h.l.p.b.i.spaces.QuerySpacesImpl - Adding QuerySpace : uid = <gen:9> -> org.hibernate.loader.plan.build.internal.spaces.EntityQuerySpaceImpl@63300c4b]
12:20:25.025 [main] DEBUG o.h.p.w.spi.MetamodelGraphWalker - Visiting attribute path : person.cardNum.emissionDate
12:20:25.025 [main] DEBUG o.h.p.w.spi.MetamodelGraphWalker - Visiting attribute path : person.cardNum.expirationDate
12:20:25.025 [main] DEBUG o.h.p.w.spi.MetamodelGraphWalker - Visiting attribute path : person.cardNum.person
12:20:25.025 [main] DEBUG o.h.l.p.b.i.spaces.QuerySpacesImpl - Adding QuerySpace : uid = <gen:10> -> org.hibernate.loader.plan.build.internal.spaces.EntityQuerySpaceImpl@3a6045c6]
12:20:25.025 [main] DEBUG o.h.p.w.spi.MetamodelGraphWalker - Visiting attribute path : person.cardNum.person.birthdate
12:20:25.025 [main] DEBUG o.h.p.w.spi.MetamodelGraphWalker - Visiting attribute path : person.cardNum.person.cardNum
12:20:25.025 [main] DEBUG o.h.p.w.spi.MetamodelGraphWalker - Property path deemed to be circular : person.cardNum.person.cardNum
12:20:25.025 [main] DEBUG o.h.p.w.spi.MetamodelGraphWalker - Visiting attribute path : person.cardNum.person.firstName
12:20:25.025 [main] DEBUG o.h.p.w.spi.MetamodelGraphWalker - Visiting attribute path : person.cardNum.person.lastName
12:20:25.025 [main] DEBUG o.h.p.w.spi.MetamodelGraphWalker - Visiting attribute path : person.firstName
12:20:25.025 [main] DEBUG o.h.p.w.spi.MetamodelGraphWalker - Visiting attribute path : person.lastName
12:20:25.025 [main] DEBUG o.h.p.w.spi.MetamodelGraphWalker - Visiting attribute path : sellers
12:20:25.025 [main] DEBUG o.h.l.p.b.i.spaces.QuerySpacesImpl - Adding QuerySpace : uid = <gen:11> -> org.hibernate.loader.plan.build.internal.spaces.EntityQuerySpaceImpl@b67cc70]
12:20:25.025 [main] DEBUG o.h.p.w.spi.MetamodelGraphWalker - Visiting attribute path : sellers.name
12:20:25.025 [main] DEBUG o.h.p.w.spi.MetamodelGraphWalker - Visiting attribute path : sellers.passes
12:20:25.025 [main] DEBUG o.h.l.p.b.i.spaces.QuerySpacesImpl - Adding QuerySpace : uid = <gen:12> -> org.hibernate.loader.plan.build.internal.spaces.CollectionQuerySpaceImpl@38b3f208]
12:20:25.025 [main] DEBUG o.h.l.p.b.i.spaces.QuerySpacesImpl - Adding QuerySpace : uid = <gen:13> -> org.hibernate.loader.plan.build.internal.spaces.EntityQuerySpaceImpl@6680f714]
12:20:25.025 [main] DEBUG o.h.p.w.spi.MetamodelGraphWalker - Visiting attribute path : sellers.tickets
12:20:25.025 [main] DEBUG o.h.l.p.b.i.spaces.QuerySpacesImpl - Adding QuerySpace : uid = <gen:14> -> org.hibernate.loader.plan.build.internal.spaces.CollectionQuerySpaceImpl@53b1a3f8]
12:20:25.025 [main] DEBUG o.h.l.p.b.i.spaces.QuerySpacesImpl - Adding QuerySpace : uid = <gen:15> -> org.hibernate.loader.plan.build.internal.spaces.EntityQuerySpaceImpl@7d97e06c]
12:20:25.025 [main] DEBUG o.h.p.w.spi.MetamodelGraphWalker - Visiting attribute path : sellers.people
12:20:25.025 [main] DEBUG o.h.l.p.b.i.spaces.QuerySpacesImpl - Adding QuerySpace : uid = <gen:16> -> org.hibernate.loader.plan.build.internal.spaces.CollectionQuerySpaceImpl@5a936e64]
12:20:25.025 [main] DEBUG o.h.l.p.b.i.spaces.QuerySpacesImpl - Adding QuerySpace : uid = <gen:17> -> org.hibernate.loader.plan.build.internal.spaces.EntityQuerySpaceImpl@3b4a1a75]
12:20:25.025 [main] DEBUG o.h.p.w.spi.MetamodelGraphWalker - Visiting attribute path : sellers.isWorking
12:20:25.025 [main] DEBUG o.h.p.w.spi.MetamodelGraphWalker - Visiting attribute path : validity
12:20:25.025 [main] DEBUG o.h.l.p.b.i.FetchStyleLoadPlanBuildingAssociationVisitationStrategy - Building LoadPlan...
12:20:25.025 [main] DEBUG o.h.l.p.e.i.LoadQueryJoinAndFetchProcessor - processing queryspace <gen:0>
12:20:25.026 [main] DEBUG o.h.l.p.b.spi.LoadPlanTreePrinter - LoadPlan(entity=Classes.Ticket)
    - Returns
       - EntityReturnImpl(entity=Classes.Ticket, querySpaceUid=<gen:0>, path=Classes.Ticket)
          - EntityAttributeFetchImpl(entity=Abstract.TicketSeller, querySpaceUid=<gen:1>, path=Classes.Ticket.seller)
             - CollectionAttributeFetchImpl(collection=Abstract.TicketSeller.passes, querySpaceUid=<gen:2>, path=Classes.Ticket.seller.passes)
                - (collection element) CollectionFetchableElementEntityGraph(entity=Classes.Pass, querySpaceUid=<gen:3>, path=Classes.Ticket.seller.passes.<elements>)
             - CollectionAttributeFetchImpl(collection=Abstract.TicketSeller.tickets, querySpaceUid=<gen:4>, path=Classes.Ticket.seller.tickets)
                - (collection element) CollectionFetchableElementEntityGraph(entity=Classes.Ticket, querySpaceUid=<gen:5>, path=Classes.Ticket.seller.tickets.<elements>)
             - CollectionAttributeFetchImpl(collection=Classes.Shop.people, querySpaceUid=<gen:6>, path=Classes.Ticket.seller.people)
                - (collection element) CollectionFetchableElementEntityGraph(entity=Classes.Person, querySpaceUid=<gen:7>, path=Classes.Ticket.seller.people.<elements>)
          - EntityAttributeFetchImpl(entity=Classes.Person, querySpaceUid=<gen:8>, path=Classes.Ticket.person)
             - EntityAttributeFetchImpl(entity=Classes.Card, querySpaceUid=<gen:9>, path=Classes.Ticket.person.cardNum)
                - EntityAttributeFetchImpl(entity=Classes.Person, querySpaceUid=<gen:10>, path=Classes.Ticket.person.cardNum.person)
          - EntityAttributeFetchImpl(entity=Abstract.TicketSeller, querySpaceUid=<gen:11>, path=Classes.Ticket.sellers)
             - CollectionAttributeFetchImpl(collection=Abstract.TicketSeller.passes, querySpaceUid=<gen:12>, path=Classes.Ticket.sellers.passes)
                - (collection element) CollectionFetchableElementEntityGraph(entity=Classes.Pass, querySpaceUid=<gen:13>, path=Classes.Ticket.sellers.passes.<elements>)
             - CollectionAttributeFetchImpl(collection=Abstract.TicketSeller.tickets, querySpaceUid=<gen:14>, path=Classes.Ticket.sellers.tickets)
                - (collection element) CollectionFetchableElementEntityGraph(entity=Classes.Ticket, querySpaceUid=<gen:15>, path=Classes.Ticket.sellers.tickets.<elements>)
             - CollectionAttributeFetchImpl(collection=Classes.Shop.people, querySpaceUid=<gen:16>, path=Classes.Ticket.sellers.people)
                - (collection element) CollectionFetchableElementEntityGraph(entity=Classes.Person, querySpaceUid=<gen:17>, path=Classes.Ticket.sellers.people.<elements>)
    - QuerySpaces
       - EntityQuerySpaceImpl(uid=<gen:0>, entity=Classes.Ticket)
          - SQL table alias mapping - ticket0_
          - alias suffix - 0_
          - suffixed key columns - {id2_2_0_}
          - JOIN (JoinDefinedByMetadata(seller)) : <gen:0> -> <gen:1>
             - EntityQuerySpaceImpl(uid=<gen:1>, entity=Abstract.TicketSeller)
                - SQL table alias mapping - ticketsell1_
                - alias suffix - 1_
                - suffixed key columns - {id2_3_1_}
          - JOIN (JoinDefinedByMetadata(person)) : <gen:0> -> <gen:8>
             - EntityQuerySpaceImpl(uid=<gen:8>, entity=Classes.Person)
                - SQL table alias mapping - person2_
                - alias suffix - 2_
                - suffixed key columns - {id1_1_2_}
                - JOIN (JoinDefinedByMetadata(cardNum)) : <gen:8> -> <gen:9>
                   - EntityQuerySpaceImpl(uid=<gen:9>, entity=Classes.Card)
                      - SQL table alias mapping - card3_
                      - alias suffix - 3_
                      - suffixed key columns - {id1_0_3_}
                      - JOIN (JoinDefinedByMetadata(person)) : <gen:9> -> <gen:10>
                         - EntityQuerySpaceImpl(uid=<gen:10>, entity=Classes.Person)
                            - SQL table alias mapping - person4_
                            - alias suffix - 4_
                            - suffixed key columns - {id1_1_4_}
          - JOIN (JoinDefinedByMetadata(sellers)) : <gen:0> -> <gen:11>
             - EntityQuerySpaceImpl(uid=<gen:11>, entity=Abstract.TicketSeller)
                - SQL table alias mapping - ticketsell5_
                - alias suffix - 5_
                - suffixed key columns - {id2_3_5_}

12:20:25.026 [main] DEBUG o.h.loader.entity.plan.EntityLoader - Static select for entity Classes.Ticket [NONE]: select ticket0_.id as id2_2_0_, ticket0_.seller_id as seller_i4_2_0_, ticket0_.person_id as person_i5_2_0_, ticket0_.sellers_id as sellers_6_2_0_, ticket0_.validity as validity3_2_0_, ticket0_.DTYPE as dtype1_2_0_, ticketsell1_.id as id2_3_1_, ticketsell1_.seller_name as seller_n3_3_1_, ticketsell1_.isWorking as isworkin4_3_1_, ticketsell1_.Elementi as elementi1_3_1_, person2_.id as id1_1_2_, person2_.birthdate as birthdat2_1_2_, person2_.cardNum_id as cardnum_5_1_2_, person2_.firstName as firstnam3_1_2_, person2_.lastName as lastname4_1_2_, card3_.id as id1_0_3_, card3_.emissionDate as emission2_0_3_, card3_.expirationDate as expirati3_0_3_, card3_.person_id as person_i4_0_3_, person4_.id as id1_1_4_, person4_.birthdate as birthdat2_1_4_, person4_.cardNum_id as cardnum_5_1_4_, person4_.firstName as firstnam3_1_4_, person4_.lastName as lastname4_1_4_, ticketsell5_.id as id2_3_5_, ticketsell5_.seller_name as seller_n3_3_5_, ticketsell5_.isWorking as isworkin4_3_5_, ticketsell5_.Elementi as elementi1_3_5_ from Ticket ticket0_ left outer join TicketSeller ticketsell1_ on ticket0_.seller_id=ticketsell1_.id left outer join Person person2_ on ticket0_.person_id=person2_.id left outer join Card card3_ on person2_.cardNum_id=card3_.id left outer join Person person4_ on card3_.person_id=person4_.id left outer join TicketSeller ticketsell5_ on ticket0_.sellers_id=ticketsell5_.id where ticket0_.id=?
12:20:25.026 [main] DEBUG o.h.p.entity.AbstractEntityPersister - Static SQL for entity: Classes.VendingMachine
12:20:25.026 [main] DEBUG o.h.p.entity.AbstractEntityPersister -  Version select: select id from TicketSeller where id =?
12:20:25.026 [main] DEBUG o.h.p.entity.AbstractEntityPersister -  Snapshot select: select vendingmac_.id, vendingmac_.seller_name as seller_n3_3_, vendingmac_.isWorking as isworkin4_3_ from TicketSeller vendingmac_ where vendingmac_.id=?
12:20:25.026 [main] DEBUG o.h.p.entity.AbstractEntityPersister -  Insert 0: insert into TicketSeller (seller_name, isWorking, Elementi, id) values (?, ?, 'vending_machine', ?)
12:20:25.026 [main] DEBUG o.h.p.entity.AbstractEntityPersister -  Update 0: update TicketSeller set seller_name=?, isWorking=? where id=?
12:20:25.026 [main] DEBUG o.h.p.entity.AbstractEntityPersister -  Delete 0: delete from TicketSeller where id=?
12:20:25.026 [main] DEBUG o.h.l.p.b.i.spaces.QuerySpacesImpl - Adding QuerySpace : uid = <gen:0> -> org.hibernate.loader.plan.build.internal.spaces.EntityQuerySpaceImpl@65bad087]
12:20:25.026 [main] DEBUG o.h.p.w.spi.MetamodelGraphWalker - Visiting attribute path : name
12:20:25.026 [main] DEBUG o.h.p.w.spi.MetamodelGraphWalker - Visiting attribute path : passes
12:20:25.026 [main] DEBUG o.h.l.p.b.i.spaces.QuerySpacesImpl - Adding QuerySpace : uid = <gen:1> -> org.hibernate.loader.plan.build.internal.spaces.CollectionQuerySpaceImpl@66cd621b]
12:20:25.027 [main] DEBUG o.h.l.p.b.i.spaces.QuerySpacesImpl - Adding QuerySpace : uid = <gen:2> -> org.hibernate.loader.plan.build.internal.spaces.EntityQuerySpaceImpl@d3f4505]
12:20:25.027 [main] DEBUG o.h.p.w.spi.MetamodelGraphWalker - Visiting attribute path : tickets
12:20:25.027 [main] DEBUG o.h.l.p.b.i.spaces.QuerySpacesImpl - Adding QuerySpace : uid = <gen:3> -> org.hibernate.loader.plan.build.internal.spaces.CollectionQuerySpaceImpl@3eb292cd]
12:20:25.027 [main] DEBUG o.h.l.p.b.i.spaces.QuerySpacesImpl - Adding QuerySpace : uid = <gen:4> -> org.hibernate.loader.plan.build.internal.spaces.EntityQuerySpaceImpl@7fd987ef]
12:20:25.027 [main] DEBUG o.h.p.w.spi.MetamodelGraphWalker - Visiting attribute path : isWorking
12:20:25.027 [main] DEBUG o.h.l.p.b.i.FetchStyleLoadPlanBuildingAssociationVisitationStrategy - Building LoadPlan...
12:20:25.027 [main] DEBUG o.h.l.p.e.i.LoadQueryJoinAndFetchProcessor - processing queryspace <gen:0>
12:20:25.027 [main] DEBUG o.h.l.p.b.spi.LoadPlanTreePrinter - LoadPlan(entity=Classes.VendingMachine)
    - Returns
       - EntityReturnImpl(entity=Classes.VendingMachine, querySpaceUid=<gen:0>, path=Classes.VendingMachine)
          - CollectionAttributeFetchImpl(collection=Abstract.TicketSeller.passes, querySpaceUid=<gen:1>, path=Classes.VendingMachine.passes)
             - (collection element) CollectionFetchableElementEntityGraph(entity=Classes.Pass, querySpaceUid=<gen:2>, path=Classes.VendingMachine.passes.<elements>)
          - CollectionAttributeFetchImpl(collection=Abstract.TicketSeller.tickets, querySpaceUid=<gen:3>, path=Classes.VendingMachine.tickets)
             - (collection element) CollectionFetchableElementEntityGraph(entity=Classes.Ticket, querySpaceUid=<gen:4>, path=Classes.VendingMachine.tickets.<elements>)
    - QuerySpaces
       - EntityQuerySpaceImpl(uid=<gen:0>, entity=Classes.VendingMachine)
          - SQL table alias mapping - vendingmac0_
          - alias suffix - 0_
          - suffixed key columns - {id2_3_0_}

12:20:25.027 [main] DEBUG o.h.loader.entity.plan.EntityLoader - Static select for entity Classes.VendingMachine [NONE]: select vendingmac0_.id as id2_3_0_, vendingmac0_.seller_name as seller_n3_3_0_, vendingmac0_.isWorking as isworkin4_3_0_ from TicketSeller vendingmac0_ where vendingmac0_.id=? and vendingmac0_.Elementi='vending_machine'
12:20:25.029 [main] DEBUG o.h.l.p.b.i.spaces.QuerySpacesImpl - Adding QuerySpace : uid = <gen:0> -> org.hibernate.loader.plan.build.internal.spaces.CollectionQuerySpaceImpl@20eaeaf8]
12:20:25.029 [main] DEBUG o.h.l.p.b.i.spaces.QuerySpacesImpl - Adding QuerySpace : uid = <gen:1> -> org.hibernate.loader.plan.build.internal.spaces.EntityQuerySpaceImpl@748ac6f3]
12:20:25.030 [main] DEBUG o.h.p.w.spi.MetamodelGraphWalker - Visiting attribute path : seller
12:20:25.030 [main] DEBUG o.h.l.p.b.i.spaces.QuerySpacesImpl - Adding QuerySpace : uid = <gen:2> -> org.hibernate.loader.plan.build.internal.spaces.EntityQuerySpaceImpl@7e351d7]
12:20:25.030 [main] DEBUG o.h.p.w.spi.MetamodelGraphWalker - Visiting attribute path : seller.name
12:20:25.030 [main] DEBUG o.h.p.w.spi.MetamodelGraphWalker - Visiting attribute path : seller.passes
12:20:25.030 [main] DEBUG o.h.p.w.spi.MetamodelGraphWalker - Property path deemed to be circular : seller.passes
12:20:25.030 [main] DEBUG o.h.p.w.spi.MetamodelGraphWalker - Visiting attribute path : seller.tickets
12:20:25.030 [main] DEBUG o.h.p.w.spi.MetamodelGraphWalker - Property path deemed to be circular : seller.tickets
12:20:25.030 [main] DEBUG o.h.p.w.spi.MetamodelGraphWalker - Visiting attribute path : seller.people
12:20:25.030 [main] DEBUG o.h.l.p.b.i.spaces.QuerySpacesImpl - Adding QuerySpace : uid = <gen:3> -> org.hibernate.loader.plan.build.internal.spaces.CollectionQuerySpaceImpl@d902300]
12:20:25.030 [main] DEBUG o.h.l.p.b.i.spaces.QuerySpacesImpl - Adding QuerySpace : uid = <gen:4> -> org.hibernate.loader.plan.build.internal.spaces.EntityQuerySpaceImpl@2db33feb]
12:20:25.030 [main] DEBUG o.h.p.w.spi.MetamodelGraphWalker - Visiting attribute path : seller.isWorking
12:20:25.030 [main] DEBUG o.h.p.w.spi.MetamodelGraphWalker - Visiting attribute path : person
12:20:25.030 [main] DEBUG o.h.l.p.b.i.spaces.QuerySpacesImpl - Adding QuerySpace : uid = <gen:5> -> org.hibernate.loader.plan.build.internal.spaces.EntityQuerySpaceImpl@30c3ae63]
12:20:25.030 [main] DEBUG o.h.p.w.spi.MetamodelGraphWalker - Visiting attribute path : person.birthdate
12:20:25.030 [main] DEBUG o.h.p.w.spi.MetamodelGraphWalker - Visiting attribute path : person.cardNum
12:20:25.030 [main] DEBUG o.h.l.p.b.i.spaces.QuerySpacesImpl - Adding QuerySpace : uid = <gen:6> -> org.hibernate.loader.plan.build.internal.spaces.EntityQuerySpaceImpl@54e12f4c]
12:20:25.031 [main] DEBUG o.h.p.w.spi.MetamodelGraphWalker - Visiting attribute path : person.cardNum.emissionDate
12:20:25.031 [main] DEBUG o.h.p.w.spi.MetamodelGraphWalker - Visiting attribute path : person.cardNum.expirationDate
12:20:25.031 [main] DEBUG o.h.p.w.spi.MetamodelGraphWalker - Visiting attribute path : person.cardNum.person
12:20:25.031 [main] DEBUG o.h.l.p.b.i.spaces.QuerySpacesImpl - Adding QuerySpace : uid = <gen:7> -> org.hibernate.loader.plan.build.internal.spaces.EntityQuerySpaceImpl@4d84049a]
12:20:25.031 [main] DEBUG o.h.p.w.spi.MetamodelGraphWalker - Visiting attribute path : person.cardNum.person.birthdate
12:20:25.031 [main] DEBUG o.h.p.w.spi.MetamodelGraphWalker - Visiting attribute path : person.cardNum.person.cardNum
12:20:25.031 [main] DEBUG o.h.p.w.spi.MetamodelGraphWalker - Property path deemed to be circular : person.cardNum.person.cardNum
12:20:25.031 [main] DEBUG o.h.p.w.spi.MetamodelGraphWalker - Visiting attribute path : person.cardNum.person.firstName
12:20:25.031 [main] DEBUG o.h.p.w.spi.MetamodelGraphWalker - Visiting attribute path : person.cardNum.person.lastName
12:20:25.031 [main] DEBUG o.h.p.w.spi.MetamodelGraphWalker - Visiting attribute path : person.firstName
12:20:25.031 [main] DEBUG o.h.p.w.spi.MetamodelGraphWalker - Visiting attribute path : person.lastName
12:20:25.031 [main] DEBUG o.h.p.w.spi.MetamodelGraphWalker - Visiting attribute path : sellers
12:20:25.031 [main] DEBUG o.h.l.p.b.i.spaces.QuerySpacesImpl - Adding QuerySpace : uid = <gen:8> -> org.hibernate.loader.plan.build.internal.spaces.EntityQuerySpaceImpl@642857e0]
12:20:25.031 [main] DEBUG o.h.p.w.spi.MetamodelGraphWalker - Visiting attribute path : sellers.name
12:20:25.031 [main] DEBUG o.h.p.w.spi.MetamodelGraphWalker - Visiting attribute path : sellers.passes
12:20:25.031 [main] DEBUG o.h.p.w.spi.MetamodelGraphWalker - Property path deemed to be circular : sellers.passes
12:20:25.031 [main] DEBUG o.h.p.w.spi.MetamodelGraphWalker - Visiting attribute path : sellers.tickets
12:20:25.031 [main] DEBUG o.h.p.w.spi.MetamodelGraphWalker - Property path deemed to be circular : sellers.tickets
12:20:25.031 [main] DEBUG o.h.p.w.spi.MetamodelGraphWalker - Visiting attribute path : sellers.people
12:20:25.031 [main] DEBUG o.h.l.p.b.i.spaces.QuerySpacesImpl - Adding QuerySpace : uid = <gen:9> -> org.hibernate.loader.plan.build.internal.spaces.CollectionQuerySpaceImpl@21263314]
12:20:25.031 [main] DEBUG o.h.l.p.b.i.spaces.QuerySpacesImpl - Adding QuerySpace : uid = <gen:10> -> org.hibernate.loader.plan.build.internal.spaces.EntityQuerySpaceImpl@6ca30b8a]
12:20:25.031 [main] DEBUG o.h.p.w.spi.MetamodelGraphWalker - Visiting attribute path : sellers.isWorking
12:20:25.031 [main] DEBUG o.h.p.w.spi.MetamodelGraphWalker - Visiting attribute path : validity
12:20:25.031 [main] DEBUG o.h.l.p.b.i.FetchStyleLoadPlanBuildingAssociationVisitationStrategy - Building LoadPlan...
12:20:25.034 [main] DEBUG o.h.l.p.e.i.LoadQueryJoinAndFetchProcessor - processing queryspace <gen:0>
12:20:25.034 [main] DEBUG o.h.l.p.b.spi.LoadPlanTreePrinter - LoadPlan(collection=Abstract.TicketSeller.tickets)
    - Returns
       - CollectionReturnImpl(collection=Abstract.TicketSeller.tickets, querySpaceUid=<gen:0>, path=[Abstract.TicketSeller.tickets])
          - (collection element) CollectionFetchableElementEntityGraph(entity=Classes.Ticket, querySpaceUid=<gen:1>, path=[Abstract.TicketSeller.tickets].<elements>)
             - EntityAttributeFetchImpl(entity=Abstract.TicketSeller, querySpaceUid=<gen:2>, path=[Abstract.TicketSeller.tickets].<elements>.seller)
                - CollectionAttributeFetchImpl(collection=Classes.Shop.people, querySpaceUid=<gen:3>, path=[Abstract.TicketSeller.tickets].<elements>.seller.people)
                   - (collection element) CollectionFetchableElementEntityGraph(entity=Classes.Person, querySpaceUid=<gen:4>, path=[Abstract.TicketSeller.tickets].<elements>.seller.people.<elements>)
             - EntityAttributeFetchImpl(entity=Classes.Person, querySpaceUid=<gen:5>, path=[Abstract.TicketSeller.tickets].<elements>.person)
                - EntityAttributeFetchImpl(entity=Classes.Card, querySpaceUid=<gen:6>, path=[Abstract.TicketSeller.tickets].<elements>.person.cardNum)
                   - EntityAttributeFetchImpl(entity=Classes.Person, querySpaceUid=<gen:7>, path=[Abstract.TicketSeller.tickets].<elements>.person.cardNum.person)
             - EntityAttributeFetchImpl(entity=Abstract.TicketSeller, querySpaceUid=<gen:8>, path=[Abstract.TicketSeller.tickets].<elements>.sellers)
                - CollectionAttributeFetchImpl(collection=Classes.Shop.people, querySpaceUid=<gen:9>, path=[Abstract.TicketSeller.tickets].<elements>.sellers.people)
                   - (collection element) CollectionFetchableElementEntityGraph(entity=Classes.Person, querySpaceUid=<gen:10>, path=[Abstract.TicketSeller.tickets].<elements>.sellers.people.<elements>)
    - QuerySpaces
       - CollectionQuerySpaceImpl(uid=<gen:0>, collection=Abstract.TicketSeller.tickets)
          - SQL table alias mapping - tickets0_
          - alias suffix - 0_
          - suffixed key columns - {ticketse1_5_0_}
          - entity-element alias suffix - 1_
          - 1_entity-element suffixed key columns - id2_2_1_
          - JOIN (JoinDefinedByMetadata(elements)) : <gen:0> -> <gen:1>
             - EntityQuerySpaceImpl(uid=<gen:1>, entity=Classes.Ticket)
                - SQL table alias mapping - ticket1_
                - alias suffix - 1_
                - suffixed key columns - {id2_2_1_}
                - JOIN (JoinDefinedByMetadata(seller)) : <gen:1> -> <gen:2>
                   - EntityQuerySpaceImpl(uid=<gen:2>, entity=Abstract.TicketSeller)
                      - SQL table alias mapping - ticketsell2_
                      - alias suffix - 2_
                      - suffixed key columns - {id2_3_2_}
                - JOIN (JoinDefinedByMetadata(person)) : <gen:1> -> <gen:5>
                   - EntityQuerySpaceImpl(uid=<gen:5>, entity=Classes.Person)
                      - SQL table alias mapping - person3_
                      - alias suffix - 3_
                      - suffixed key columns - {id1_1_3_}
                      - JOIN (JoinDefinedByMetadata(cardNum)) : <gen:5> -> <gen:6>
                         - EntityQuerySpaceImpl(uid=<gen:6>, entity=Classes.Card)
                            - SQL table alias mapping - card4_
                            - alias suffix - 4_
                            - suffixed key columns - {id1_0_4_}
                            - JOIN (JoinDefinedByMetadata(person)) : <gen:6> -> <gen:7>
                               - EntityQuerySpaceImpl(uid=<gen:7>, entity=Classes.Person)
                                  - SQL table alias mapping - person5_
                                  - alias suffix - 5_
                                  - suffixed key columns - {id1_1_5_}
                - JOIN (JoinDefinedByMetadata(sellers)) : <gen:1> -> <gen:8>
                   - EntityQuerySpaceImpl(uid=<gen:8>, entity=Abstract.TicketSeller)
                      - SQL table alias mapping - ticketsell6_
                      - alias suffix - 6_
                      - suffixed key columns - {id2_3_6_}

12:20:25.034 [main] DEBUG o.h.l.c.plan.CollectionLoader - Static select for collection Abstract.TicketSeller.tickets: select tickets0_.TicketSeller_id as ticketse1_5_0_, tickets0_.tickets_id as tickets_2_5_0_, ticket1_.id as id2_2_1_, ticket1_.seller_id as seller_i4_2_1_, ticket1_.person_id as person_i5_2_1_, ticket1_.sellers_id as sellers_6_2_1_, ticket1_.validity as validity3_2_1_, ticket1_.DTYPE as dtype1_2_1_, ticketsell2_.id as id2_3_2_, ticketsell2_.seller_name as seller_n3_3_2_, ticketsell2_.isWorking as isworkin4_3_2_, ticketsell2_.Elementi as elementi1_3_2_, person3_.id as id1_1_3_, person3_.birthdate as birthdat2_1_3_, person3_.cardNum_id as cardnum_5_1_3_, person3_.firstName as firstnam3_1_3_, person3_.lastName as lastname4_1_3_, card4_.id as id1_0_4_, card4_.emissionDate as emission2_0_4_, card4_.expirationDate as expirati3_0_4_, card4_.person_id as person_i4_0_4_, person5_.id as id1_1_5_, person5_.birthdate as birthdat2_1_5_, person5_.cardNum_id as cardnum_5_1_5_, person5_.firstName as firstnam3_1_5_, person5_.lastName as lastname4_1_5_, ticketsell6_.id as id2_3_6_, ticketsell6_.seller_name as seller_n3_3_6_, ticketsell6_.isWorking as isworkin4_3_6_, ticketsell6_.Elementi as elementi1_3_6_ from TicketSeller_Ticket tickets0_ inner join Ticket ticket1_ on tickets0_.tickets_id=ticket1_.id left outer join TicketSeller ticketsell2_ on ticket1_.seller_id=ticketsell2_.id left outer join Person person3_ on ticket1_.person_id=person3_.id left outer join Card card4_ on person3_.cardNum_id=card4_.id left outer join Person person5_ on card4_.person_id=person5_.id left outer join TicketSeller ticketsell6_ on ticket1_.sellers_id=ticketsell6_.id where tickets0_.TicketSeller_id=?
12:20:25.034 [main] DEBUG o.h.l.p.b.i.spaces.QuerySpacesImpl - Adding QuerySpace : uid = <gen:0> -> org.hibernate.loader.plan.build.internal.spaces.CollectionQuerySpaceImpl@111d5c97]
12:20:25.034 [main] DEBUG o.h.l.p.b.i.spaces.QuerySpacesImpl - Adding QuerySpace : uid = <gen:1> -> org.hibernate.loader.plan.build.internal.spaces.EntityQuerySpaceImpl@29c17c3d]
12:20:25.034 [main] DEBUG o.h.p.w.spi.MetamodelGraphWalker - Visiting attribute path : seller
12:20:25.034 [main] DEBUG o.h.l.p.b.i.spaces.QuerySpacesImpl - Adding QuerySpace : uid = <gen:2> -> org.hibernate.loader.plan.build.internal.spaces.EntityQuerySpaceImpl@6d67f5eb]
12:20:25.035 [main] DEBUG o.h.p.w.spi.MetamodelGraphWalker - Visiting attribute path : seller.name
12:20:25.035 [main] DEBUG o.h.p.w.spi.MetamodelGraphWalker - Visiting attribute path : seller.passes
12:20:25.035 [main] DEBUG o.h.p.w.spi.MetamodelGraphWalker - Property path deemed to be circular : seller.passes
12:20:25.035 [main] DEBUG o.h.p.w.spi.MetamodelGraphWalker - Visiting attribute path : seller.tickets
12:20:25.035 [main] DEBUG o.h.p.w.spi.MetamodelGraphWalker - Property path deemed to be circular : seller.tickets
12:20:25.035 [main] DEBUG o.h.p.w.spi.MetamodelGraphWalker - Visiting attribute path : seller.people
12:20:25.035 [main] DEBUG o.h.l.p.b.i.spaces.QuerySpacesImpl - Adding QuerySpace : uid = <gen:3> -> org.hibernate.loader.plan.build.internal.spaces.CollectionQuerySpaceImpl@3e1fd62b]
12:20:25.035 [main] DEBUG o.h.l.p.b.i.spaces.QuerySpacesImpl - Adding QuerySpace : uid = <gen:4> -> org.hibernate.loader.plan.build.internal.spaces.EntityQuerySpaceImpl@7112ce6]
12:20:25.035 [main] DEBUG o.h.p.w.spi.MetamodelGraphWalker - Visiting attribute path : seller.isWorking
12:20:25.035 [main] DEBUG o.h.p.w.spi.MetamodelGraphWalker - Visiting attribute path : person
12:20:25.035 [main] DEBUG o.h.l.p.b.i.spaces.QuerySpacesImpl - Adding QuerySpace : uid = <gen:5> -> org.hibernate.loader.plan.build.internal.spaces.EntityQuerySpaceImpl@558b4942]
12:20:25.035 [main] DEBUG o.h.p.w.spi.MetamodelGraphWalker - Visiting attribute path : person.birthdate
12:20:25.035 [main] DEBUG o.h.p.w.spi.MetamodelGraphWalker - Visiting attribute path : person.cardNum
12:20:25.035 [main] DEBUG o.h.l.p.b.i.spaces.QuerySpacesImpl - Adding QuerySpace : uid = <gen:6> -> org.hibernate.loader.plan.build.internal.spaces.EntityQuerySpaceImpl@70025b99]
12:20:25.035 [main] DEBUG o.h.p.w.spi.MetamodelGraphWalker - Visiting attribute path : person.cardNum.emissionDate
12:20:25.035 [main] DEBUG o.h.p.w.spi.MetamodelGraphWalker - Visiting attribute path : person.cardNum.expirationDate
12:20:25.035 [main] DEBUG o.h.p.w.spi.MetamodelGraphWalker - Visiting attribute path : person.cardNum.person
12:20:25.035 [main] DEBUG o.h.l.p.b.i.spaces.QuerySpacesImpl - Adding QuerySpace : uid = <gen:7> -> org.hibernate.loader.plan.build.internal.spaces.EntityQuerySpaceImpl@7134b8a7]
12:20:25.035 [main] DEBUG o.h.p.w.spi.MetamodelGraphWalker - Visiting attribute path : person.cardNum.person.birthdate
12:20:25.035 [main] DEBUG o.h.p.w.spi.MetamodelGraphWalker - Visiting attribute path : person.cardNum.person.cardNum
12:20:25.035 [main] DEBUG o.h.p.w.spi.MetamodelGraphWalker - Property path deemed to be circular : person.cardNum.person.cardNum
12:20:25.035 [main] DEBUG o.h.p.w.spi.MetamodelGraphWalker - Visiting attribute path : person.cardNum.person.firstName
12:20:25.035 [main] DEBUG o.h.p.w.spi.MetamodelGraphWalker - Visiting attribute path : person.cardNum.person.lastName
12:20:25.035 [main] DEBUG o.h.p.w.spi.MetamodelGraphWalker - Visiting attribute path : person.firstName
12:20:25.035 [main] DEBUG o.h.p.w.spi.MetamodelGraphWalker - Visiting attribute path : person.lastName
12:20:25.035 [main] DEBUG o.h.p.w.spi.MetamodelGraphWalker - Visiting attribute path : sellers
12:20:25.035 [main] DEBUG o.h.l.p.b.i.spaces.QuerySpacesImpl - Adding QuerySpace : uid = <gen:8> -> org.hibernate.loader.plan.build.internal.spaces.EntityQuerySpaceImpl@40de8f93]
12:20:25.035 [main] DEBUG o.h.p.w.spi.MetamodelGraphWalker - Visiting attribute path : sellers.name
12:20:25.035 [main] DEBUG o.h.p.w.spi.MetamodelGraphWalker - Visiting attribute path : sellers.passes
12:20:25.035 [main] DEBUG o.h.p.w.spi.MetamodelGraphWalker - Property path deemed to be circular : sellers.passes
12:20:25.035 [main] DEBUG o.h.p.w.spi.MetamodelGraphWalker - Visiting attribute path : sellers.tickets
12:20:25.035 [main] DEBUG o.h.p.w.spi.MetamodelGraphWalker - Property path deemed to be circular : sellers.tickets
12:20:25.035 [main] DEBUG o.h.p.w.spi.MetamodelGraphWalker - Visiting attribute path : sellers.people
12:20:25.035 [main] DEBUG o.h.l.p.b.i.spaces.QuerySpacesImpl - Adding QuerySpace : uid = <gen:9> -> org.hibernate.loader.plan.build.internal.spaces.CollectionQuerySpaceImpl@3b55dd15]
12:20:25.035 [main] DEBUG o.h.l.p.b.i.spaces.QuerySpacesImpl - Adding QuerySpace : uid = <gen:10> -> org.hibernate.loader.plan.build.internal.spaces.EntityQuerySpaceImpl@f3560d4]
12:20:25.035 [main] DEBUG o.h.p.w.spi.MetamodelGraphWalker - Visiting attribute path : sellers.isWorking
12:20:25.035 [main] DEBUG o.h.p.w.spi.MetamodelGraphWalker - Visiting attribute path : validity
12:20:25.035 [main] DEBUG o.h.l.p.b.i.FetchStyleLoadPlanBuildingAssociationVisitationStrategy - Building LoadPlan...
12:20:25.035 [main] DEBUG o.h.l.p.e.i.LoadQueryJoinAndFetchProcessor - processing queryspace <gen:0>
12:20:25.036 [main] DEBUG o.h.l.p.b.spi.LoadPlanTreePrinter - LoadPlan(collection=Abstract.TicketSeller.passes)
    - Returns
       - CollectionReturnImpl(collection=Abstract.TicketSeller.passes, querySpaceUid=<gen:0>, path=[Abstract.TicketSeller.passes])
          - (collection element) CollectionFetchableElementEntityGraph(entity=Classes.Pass, querySpaceUid=<gen:1>, path=[Abstract.TicketSeller.passes].<elements>)
             - EntityAttributeFetchImpl(entity=Abstract.TicketSeller, querySpaceUid=<gen:2>, path=[Abstract.TicketSeller.passes].<elements>.seller)
                - CollectionAttributeFetchImpl(collection=Classes.Shop.people, querySpaceUid=<gen:3>, path=[Abstract.TicketSeller.passes].<elements>.seller.people)
                   - (collection element) CollectionFetchableElementEntityGraph(entity=Classes.Person, querySpaceUid=<gen:4>, path=[Abstract.TicketSeller.passes].<elements>.seller.people.<elements>)
             - EntityAttributeFetchImpl(entity=Classes.Person, querySpaceUid=<gen:5>, path=[Abstract.TicketSeller.passes].<elements>.person)
                - EntityAttributeFetchImpl(entity=Classes.Card, querySpaceUid=<gen:6>, path=[Abstract.TicketSeller.passes].<elements>.person.cardNum)
                   - EntityAttributeFetchImpl(entity=Classes.Person, querySpaceUid=<gen:7>, path=[Abstract.TicketSeller.passes].<elements>.person.cardNum.person)
             - EntityAttributeFetchImpl(entity=Abstract.TicketSeller, querySpaceUid=<gen:8>, path=[Abstract.TicketSeller.passes].<elements>.sellers)
                - CollectionAttributeFetchImpl(collection=Classes.Shop.people, querySpaceUid=<gen:9>, path=[Abstract.TicketSeller.passes].<elements>.sellers.people)
                   - (collection element) CollectionFetchableElementEntityGraph(entity=Classes.Person, querySpaceUid=<gen:10>, path=[Abstract.TicketSeller.passes].<elements>.sellers.people.<elements>)
    - QuerySpaces
       - CollectionQuerySpaceImpl(uid=<gen:0>, collection=Abstract.TicketSeller.passes)
          - SQL table alias mapping - passes0_
          - alias suffix - 0_
          - suffixed key columns - {ticketse1_5_0_}
          - entity-element alias suffix - 1_
          - 1_entity-element suffixed key columns - id2_2_1_
          - JOIN (JoinDefinedByMetadata(elements)) : <gen:0> -> <gen:1>
             - EntityQuerySpaceImpl(uid=<gen:1>, entity=Classes.Pass)
                - SQL table alias mapping - pass1_
                - alias suffix - 1_
                - suffixed key columns - {id2_2_1_}
                - JOIN (JoinDefinedByMetadata(seller)) : <gen:1> -> <gen:2>
                   - EntityQuerySpaceImpl(uid=<gen:2>, entity=Abstract.TicketSeller)
                      - SQL table alias mapping - ticketsell2_
                      - alias suffix - 2_
                      - suffixed key columns - {id2_3_2_}
                - JOIN (JoinDefinedByMetadata(person)) : <gen:1> -> <gen:5>
                   - EntityQuerySpaceImpl(uid=<gen:5>, entity=Classes.Person)
                      - SQL table alias mapping - person3_
                      - alias suffix - 3_
                      - suffixed key columns - {id1_1_3_}
                      - JOIN (JoinDefinedByMetadata(cardNum)) : <gen:5> -> <gen:6>
                         - EntityQuerySpaceImpl(uid=<gen:6>, entity=Classes.Card)
                            - SQL table alias mapping - card4_
                            - alias suffix - 4_
                            - suffixed key columns - {id1_0_4_}
                            - JOIN (JoinDefinedByMetadata(person)) : <gen:6> -> <gen:7>
                               - EntityQuerySpaceImpl(uid=<gen:7>, entity=Classes.Person)
                                  - SQL table alias mapping - person5_
                                  - alias suffix - 5_
                                  - suffixed key columns - {id1_1_5_}
                - JOIN (JoinDefinedByMetadata(sellers)) : <gen:1> -> <gen:8>
                   - EntityQuerySpaceImpl(uid=<gen:8>, entity=Abstract.TicketSeller)
                      - SQL table alias mapping - ticketsell6_
                      - alias suffix - 6_
                      - suffixed key columns - {id2_3_6_}

12:20:25.036 [main] DEBUG o.h.l.c.plan.CollectionLoader - Static select for collection Abstract.TicketSeller.passes: select passes0_.TicketSeller_id as ticketse1_5_0_, passes0_.passes_id as passes_i3_5_0_, pass1_.id as id2_2_1_, pass1_.seller_id as seller_i4_2_1_, pass1_.person_id as person_i5_2_1_, pass1_.sellers_id as sellers_6_2_1_, pass1_.validity as validity3_2_1_, ticketsell2_.id as id2_3_2_, ticketsell2_.seller_name as seller_n3_3_2_, ticketsell2_.isWorking as isworkin4_3_2_, ticketsell2_.Elementi as elementi1_3_2_, person3_.id as id1_1_3_, person3_.birthdate as birthdat2_1_3_, person3_.cardNum_id as cardnum_5_1_3_, person3_.firstName as firstnam3_1_3_, person3_.lastName as lastname4_1_3_, card4_.id as id1_0_4_, card4_.emissionDate as emission2_0_4_, card4_.expirationDate as expirati3_0_4_, card4_.person_id as person_i4_0_4_, person5_.id as id1_1_5_, person5_.birthdate as birthdat2_1_5_, person5_.cardNum_id as cardnum_5_1_5_, person5_.firstName as firstnam3_1_5_, person5_.lastName as lastname4_1_5_, ticketsell6_.id as id2_3_6_, ticketsell6_.seller_name as seller_n3_3_6_, ticketsell6_.isWorking as isworkin4_3_6_, ticketsell6_.Elementi as elementi1_3_6_ from TicketSeller_Ticket passes0_ inner join Ticket pass1_ on passes0_.passes_id=pass1_.id left outer join TicketSeller ticketsell2_ on pass1_.seller_id=ticketsell2_.id left outer join Person person3_ on pass1_.person_id=person3_.id left outer join Card card4_ on person3_.cardNum_id=card4_.id left outer join Person person5_ on card4_.person_id=person5_.id left outer join TicketSeller ticketsell6_ on pass1_.sellers_id=ticketsell6_.id where passes0_.TicketSeller_id=?
12:20:25.036 [main] DEBUG o.h.l.p.b.i.spaces.QuerySpacesImpl - Adding QuerySpace : uid = <gen:0> -> org.hibernate.loader.plan.build.internal.spaces.CollectionQuerySpaceImpl@3ba3d4b6]
12:20:25.036 [main] DEBUG o.h.l.p.b.i.spaces.QuerySpacesImpl - Adding QuerySpace : uid = <gen:1> -> org.hibernate.loader.plan.build.internal.spaces.EntityQuerySpaceImpl@51b77cdf]
12:20:25.036 [main] DEBUG o.h.p.w.spi.MetamodelGraphWalker - Visiting attribute path : birthdate
12:20:25.036 [main] DEBUG o.h.p.w.spi.MetamodelGraphWalker - Visiting attribute path : cardNum
12:20:25.036 [main] DEBUG o.h.l.p.b.i.spaces.QuerySpacesImpl - Adding QuerySpace : uid = <gen:2> -> org.hibernate.loader.plan.build.internal.spaces.EntityQuerySpaceImpl@45ab3bdd]
12:20:25.036 [main] DEBUG o.h.p.w.spi.MetamodelGraphWalker - Visiting attribute path : cardNum.emissionDate
12:20:25.036 [main] DEBUG o.h.p.w.spi.MetamodelGraphWalker - Visiting attribute path : cardNum.expirationDate
12:20:25.036 [main] DEBUG o.h.p.w.spi.MetamodelGraphWalker - Visiting attribute path : cardNum.person
12:20:25.036 [main] DEBUG o.h.l.p.b.i.spaces.QuerySpacesImpl - Adding QuerySpace : uid = <gen:3> -> org.hibernate.loader.plan.build.internal.spaces.EntityQuerySpaceImpl@1642eeae]
12:20:25.036 [main] DEBUG o.h.p.w.spi.MetamodelGraphWalker - Visiting attribute path : cardNum.person.birthdate
12:20:25.036 [main] DEBUG o.h.p.w.spi.MetamodelGraphWalker - Visiting attribute path : cardNum.person.cardNum
12:20:25.036 [main] DEBUG o.h.p.w.spi.MetamodelGraphWalker - Property path deemed to be circular : cardNum.person.cardNum
12:20:25.036 [main] DEBUG o.h.p.w.spi.MetamodelGraphWalker - Visiting attribute path : cardNum.person.firstName
12:20:25.036 [main] DEBUG o.h.p.w.spi.MetamodelGraphWalker - Visiting attribute path : cardNum.person.lastName
12:20:25.036 [main] DEBUG o.h.p.w.spi.MetamodelGraphWalker - Visiting attribute path : firstName
12:20:25.036 [main] DEBUG o.h.p.w.spi.MetamodelGraphWalker - Visiting attribute path : lastName
12:20:25.036 [main] DEBUG o.h.l.p.b.i.FetchStyleLoadPlanBuildingAssociationVisitationStrategy - Building LoadPlan...
12:20:25.036 [main] DEBUG o.h.l.p.e.i.LoadQueryJoinAndFetchProcessor - processing queryspace <gen:0>
12:20:25.036 [main] DEBUG o.h.l.p.b.spi.LoadPlanTreePrinter - LoadPlan(collection=Classes.Shop.people)
    - Returns
       - CollectionReturnImpl(collection=Classes.Shop.people, querySpaceUid=<gen:0>, path=[Classes.Shop.people])
          - (collection element) CollectionFetchableElementEntityGraph(entity=Classes.Person, querySpaceUid=<gen:1>, path=[Classes.Shop.people].<elements>)
             - EntityAttributeFetchImpl(entity=Classes.Card, querySpaceUid=<gen:2>, path=[Classes.Shop.people].<elements>.cardNum)
                - EntityAttributeFetchImpl(entity=Classes.Person, querySpaceUid=<gen:3>, path=[Classes.Shop.people].<elements>.cardNum.person)
    - QuerySpaces
       - CollectionQuerySpaceImpl(uid=<gen:0>, collection=Classes.Shop.people)
          - SQL table alias mapping - people0_
          - alias suffix - 0_
          - suffixed key columns - {shop_id1_4_0_}
          - entity-element alias suffix - 1_
          - 1_entity-element suffixed key columns - id1_1_1_
          - JOIN (JoinDefinedByMetadata(elements)) : <gen:0> -> <gen:1>
             - EntityQuerySpaceImpl(uid=<gen:1>, entity=Classes.Person)
                - SQL table alias mapping - person1_
                - alias suffix - 1_
                - suffixed key columns - {id1_1_1_}
                - JOIN (JoinDefinedByMetadata(cardNum)) : <gen:1> -> <gen:2>
                   - EntityQuerySpaceImpl(uid=<gen:2>, entity=Classes.Card)
                      - SQL table alias mapping - card2_
                      - alias suffix - 2_
                      - suffixed key columns - {id1_0_2_}
                      - JOIN (JoinDefinedByMetadata(person)) : <gen:2> -> <gen:3>
                         - EntityQuerySpaceImpl(uid=<gen:3>, entity=Classes.Person)
                            - SQL table alias mapping - person3_
                            - alias suffix - 3_
                            - suffixed key columns - {id1_1_3_}

12:20:25.037 [main] DEBUG o.h.l.c.plan.CollectionLoader - Static select for collection Classes.Shop.people: select people0_.Shop_id as shop_id1_4_0_, people0_.people_id as people_i2_4_0_, person1_.id as id1_1_1_, person1_.birthdate as birthdat2_1_1_, person1_.cardNum_id as cardnum_5_1_1_, person1_.firstName as firstnam3_1_1_, person1_.lastName as lastname4_1_1_, card2_.id as id1_0_2_, card2_.emissionDate as emission2_0_2_, card2_.expirationDate as expirati3_0_2_, card2_.person_id as person_i4_0_2_, person3_.id as id1_1_3_, person3_.birthdate as birthdat2_1_3_, person3_.cardNum_id as cardnum_5_1_3_, person3_.firstName as firstnam3_1_3_, person3_.lastName as lastname4_1_3_ from TicketSeller_Person people0_ inner join Person person1_ on people0_.people_id=person1_.id left outer join Card card2_ on person1_.cardNum_id=card2_.id left outer join Person person3_ on card2_.person_id=person3_.id where people0_.Shop_id=?
12:20:25.061 [main] INFO  o.hibernate.orm.connections.access - HHH10001501: Connection obtained from JdbcConnectionAccess [org.hibernate.engine.jdbc.env.internal.JdbcEnvironmentInitiator$ConnectionProviderJdbcConnectionAccess@7b5b5bfe] for (non-JTA) DDL execution was not in auto-commit mode; the Connection 'local transaction' will be committed and the Connection will be set into auto-commit mode.
12:20:25.077 [main] DEBUG org.hibernate.mapping.Table - No alter strings for table : Card
12:20:25.077 [main] DEBUG org.hibernate.mapping.Table - No alter strings for table : Person
12:20:25.077 [main] DEBUG org.hibernate.mapping.Table - No alter strings for table : Ticket
12:20:25.077 [main] DEBUG org.hibernate.mapping.Table - No alter strings for table : TicketSeller
12:20:25.077 [main] DEBUG org.hibernate.mapping.Table - No alter strings for table : TicketSeller_Person
12:20:25.077 [main] DEBUG org.hibernate.mapping.Table - No alter strings for table : TicketSeller_Ticket
12:20:25.142 [main] DEBUG o.h.e.t.j.p.i.JtaPlatformInitiator - No JtaPlatform was specified, checking resolver
12:20:25.143 [main] DEBUG o.h.e.t.j.p.i.JtaPlatformResolverInitiator - No JtaPlatformResolver was specified, using default [org.hibernate.engine.transaction.jta.platform.internal.StandardJtaPlatformResolver]
12:20:25.145 [main] DEBUG o.h.e.t.j.p.i.StandardJtaPlatformResolver - Could not resolve JtaPlatform, using default [org.hibernate.engine.transaction.jta.platform.internal.NoJtaPlatform]
12:20:25.145 [main] INFO  o.h.e.t.j.p.i.JtaPlatformInitiator - HHH000490: Using JtaPlatform implementation: [org.hibernate.engine.transaction.jta.platform.internal.NoJtaPlatform]
12:20:25.149 [main] DEBUG o.h.s.i.SessionFactoryServiceRegistryImpl - EventListenerRegistry access via ServiceRegistry is deprecated.  Use `sessionFactory.getEventEngine().getListenerRegistry()` instead
12:20:25.149 [main] DEBUG o.h.h.i.QueryTranslatorFactoryInitiator - QueryTranslatorFactory: org.hibernate.hql.internal.ast.ASTQueryTranslatorFactory@67d32a54
12:20:25.152 [main] DEBUG o.h.query.spi.NamedQueryRepository - Checking 0 named HQL queries
12:20:25.152 [main] DEBUG o.h.query.spi.NamedQueryRepository - Checking 0 named SQL queries
12:20:25.152 [main] DEBUG o.h.internal.SessionFactoryRegistry - Initializing SessionFactoryRegistry : org.hibernate.internal.SessionFactoryRegistry@66fb45e5
12:20:25.153 [main] DEBUG o.h.internal.SessionFactoryRegistry - Registering SessionFactory: ddd615a9-b8f1-48eb-9e7b-09e0c0f3e199 (<unnamed>)
12:20:25.153 [main] DEBUG o.h.internal.SessionFactoryRegistry - Not binding SessionFactory to JNDI, no JNDI name configured
12:20:25.182 [main] DEBUG o.h.s.internal.StatisticsInitiator - Statistics initialized [enabled=false]
12:20:25.185 [main] DEBUG o.h.e.t.internal.TransactionImpl - On TransactionImpl creation, JpaCompliance#isJpaTransactionComplianceEnabled == false
12:20:25.185 [main] DEBUG o.h.e.t.internal.TransactionImpl - begin
12:20:25.193 [main] DEBUG o.hibernate.engine.spi.ActionQueue - Executing identity-insert immediately
12:20:25.194 [main] DEBUG org.hibernate.SQL - insert into Person (birthdate, cardNum_id, firstName, lastName) values (?, ?, ?, ?)
12:20:25.197 [main] DEBUG o.h.id.IdentifierGeneratorHelper - Natively generated identity: 3
12:20:25.197 [main] DEBUG o.h.r.j.i.ResourceRegistryStandardImpl - HHH000387: ResultSet's statement was not registered
12:20:25.199 [main] DEBUG o.h.e.t.internal.TransactionImpl - committing
12:20:25.199 [main] DEBUG o.h.e.i.AbstractFlushingEventListener - Processing flush-time cascades
12:20:25.200 [main] DEBUG o.h.e.i.AbstractFlushingEventListener - Dirty checking collections
12:20:25.202 [main] DEBUG o.h.e.i.AbstractFlushingEventListener - Flushed: 0 insertions, 0 updates, 0 deletions to 1 objects
12:20:25.202 [main] DEBUG o.h.e.i.AbstractFlushingEventListener - Flushed: 0 (re)creations, 0 updates, 0 removals to 0 collections
12:20:25.202 [main] DEBUG o.h.internal.util.EntityPrinter - Listing entities:
12:20:25.203 [main] DEBUG o.h.internal.util.EntityPrinter - Classes.Person{firstName=Francesca, lastName=Neri, cardNum=null, birthdate=1977-03-22, id=3}
12:20:25.206 [main] DEBUG o.h.r.j.i.LogicalConnectionManagedImpl - Initiating JDBC connection release from afterTransaction
12:20:25.206 [main] DEBUG o.h.r.j.i.LogicalConnectionManagedImpl - Initiating JDBC connection release from afterTransaction
12:20:25.211 [main] DEBUG org.hibernate.loader.Loader - Static select for action ACTION_REFRESH on entity Classes.Person: select person0_.id as id1_1_0_, person0_.birthdate as birthdat2_1_0_, person0_.cardNum_id as cardnum_5_1_0_, person0_.firstName as firstnam3_1_0_, person0_.lastName as lastname4_1_0_ from Person person0_ where person0_.id=?
12:20:25.211 [main] DEBUG org.hibernate.loader.Loader - Loading entity: [Classes.Person#3]
12:20:25.212 [main] DEBUG org.hibernate.SQL - select person0_.id as id1_1_0_, person0_.birthdate as birthdat2_1_0_, person0_.cardNum_id as cardnum_5_1_0_, person0_.firstName as firstnam3_1_0_, person0_.lastName as lastname4_1_0_ from Person person0_ where person0_.id=?
12:20:25.214 [main] DEBUG org.hibernate.loader.Loader - Result set row: 0
12:20:25.214 [main] DEBUG org.hibernate.loader.Loader - Result row: EntityKey[Classes.Person#3]
12:20:25.216 [main] DEBUG o.h.engine.internal.TwoPhaseLoad - Resolving attributes for [Classes.Person#3]
12:20:25.216 [main] DEBUG o.h.engine.internal.TwoPhaseLoad - Processing attribute `birthdate` : value = 1977-03-22
12:20:25.216 [main] DEBUG o.h.engine.internal.TwoPhaseLoad - Attribute (`birthdate`)  - enhanced for lazy-loading? - false
12:20:25.216 [main] DEBUG o.h.engine.internal.TwoPhaseLoad - Processing attribute `cardNum` : value = null
12:20:25.216 [main] DEBUG o.h.engine.internal.TwoPhaseLoad - Attribute (`cardNum`)  - enhanced for lazy-loading? - false
12:20:25.216 [main] DEBUG o.h.engine.internal.TwoPhaseLoad - Processing attribute `firstName` : value = Francesca
12:20:25.216 [main] DEBUG o.h.engine.internal.TwoPhaseLoad - Attribute (`firstName`)  - enhanced for lazy-loading? - false
12:20:25.216 [main] DEBUG o.h.engine.internal.TwoPhaseLoad - Processing attribute `lastName` : value = Neri
12:20:25.216 [main] DEBUG o.h.engine.internal.TwoPhaseLoad - Attribute (`lastName`)  - enhanced for lazy-loading? - false
12:20:25.216 [main] DEBUG o.h.engine.internal.TwoPhaseLoad - Done materializing entity [Classes.Person#3]
12:20:25.217 [main] DEBUG org.hibernate.loader.Loader - Done entity load
12:26:45.943 [main] DEBUG org.jboss.logging - Logging Provider: org.jboss.logging.Slf4jLoggerProvider
12:26:46.004 [main] DEBUG o.h.jpa.HibernatePersistenceProvider - Located and parsed 2 persistence units; checking each
12:26:46.004 [main] DEBUG o.h.jpa.HibernatePersistenceProvider - Checking persistence-unit [name=HomeworkS3D3, explicit-provider=null] against incoming persistence unit name [BuildWeek_4]
12:26:46.004 [main] DEBUG o.h.jpa.HibernatePersistenceProvider - Excluding from consideration due to name mis-match
12:26:46.004 [main] DEBUG o.h.jpa.HibernatePersistenceProvider - Checking persistence-unit [name=BuildWeek_4, explicit-provider=null] against incoming persistence unit name [BuildWeek_4]
12:26:46.005 [main] DEBUG o.h.jpa.boot.spi.ProviderChecker - No PersistenceProvider explicitly requested, assuming Hibernate
12:26:46.009 [main] DEBUG o.h.jpa.internal.util.LogHelper - PersistenceUnitInfo [
	name: BuildWeek_4
	persistence provider classname: null
	classloader: null
	excludeUnlistedClasses: false
	JTA datasource: null
	Non JTA datasource: null
	Transaction type: RESOURCE_LOCAL
	PU root URL: file:/C:/Users/total/Desktop/All/Epicode/fs0223-Luca-Sernicola-BackEnd/BuildWeek_4/target/classes/
	Shared Cache Mode: null
	Validation Mode: null
	Jar files URLs []
	Managed classes names []
	Mapping files names []
	Properties [
		javax.persistence.jdbc.driver: org.postgresql.Driver
		javax.persistence.jdbc.password: root
		hibernate.dialect: org.hibernate.dialect.PostgreSQLDialect
		javax.persistence.jdbc.url: jdbc:postgresql://localhost:5432/BuildWeek
		hibernate.hbm2ddl.auto: update
		javax.persistence.jdbc.user: postgres]
12:26:46.016 [main] DEBUG o.h.i.internal.IntegratorServiceImpl - Adding Integrator [org.hibernate.cfg.beanvalidation.BeanValidationIntegrator].
12:26:46.017 [main] DEBUG o.h.i.internal.IntegratorServiceImpl - Adding Integrator [org.hibernate.secure.spi.JaccIntegrator].
12:26:46.019 [main] DEBUG o.h.i.internal.IntegratorServiceImpl - Adding Integrator [org.hibernate.cache.internal.CollectionCacheInvalidator].
12:26:46.049 [main] INFO  org.hibernate.Version - HHH000412: Hibernate ORM core version 5.6.15.Final
12:26:46.049 [main] DEBUG org.hibernate.cfg.Environment - HHH000206: hibernate.properties not found
12:26:46.151 [main] DEBUG o.h.service.spi.ServiceBinding - Overriding existing service binding [org.hibernate.secure.spi.JaccService]
12:26:46.158 [main] DEBUG o.h.c.i.RegionFactoryInitiator - Cannot default RegionFactory based on registered strategies as `[]` RegionFactory strategies were registered
12:26:46.159 [main] DEBUG o.h.c.i.RegionFactoryInitiator - Cache region factory : org.hibernate.cache.internal.NoCachingRegionFactory
12:26:46.170 [main] INFO  o.h.annotations.common.Version - HCANN000001: Hibernate Commons Annotations {5.1.2.Final}
12:26:46.223 [main] DEBUG o.hibernate.type.BasicTypeRegistry - Adding type registration boolean -> org.hibernate.type.BooleanType@726e5805
12:26:46.223 [main] DEBUG o.hibernate.type.BasicTypeRegistry - Adding type registration boolean -> org.hibernate.type.BooleanType@726e5805
12:26:46.223 [main] DEBUG o.hibernate.type.BasicTypeRegistry - Adding type registration java.lang.Boolean -> org.hibernate.type.BooleanType@726e5805
12:26:46.224 [main] DEBUG o.hibernate.type.BasicTypeRegistry - Adding type registration numeric_boolean -> org.hibernate.type.NumericBooleanType@e077866
12:26:46.224 [main] DEBUG o.hibernate.type.BasicTypeRegistry - Adding type registration true_false -> org.hibernate.type.TrueFalseType@a8e6492
12:26:46.225 [main] DEBUG o.hibernate.type.BasicTypeRegistry - Adding type registration yes_no -> org.hibernate.type.YesNoType@2e11485
12:26:46.225 [main] DEBUG o.hibernate.type.BasicTypeRegistry - Adding type registration byte -> org.hibernate.type.ByteType@75c9e76b
12:26:46.225 [main] DEBUG o.hibernate.type.BasicTypeRegistry - Adding type registration byte -> org.hibernate.type.ByteType@75c9e76b
12:26:46.225 [main] DEBUG o.hibernate.type.BasicTypeRegistry - Adding type registration java.lang.Byte -> org.hibernate.type.ByteType@75c9e76b
12:26:46.226 [main] DEBUG o.hibernate.type.BasicTypeRegistry - Adding type registration character -> org.hibernate.type.CharacterType@12bcd0c0
12:26:46.226 [main] DEBUG o.hibernate.type.BasicTypeRegistry - Adding type registration char -> org.hibernate.type.CharacterType@12bcd0c0
12:26:46.226 [main] DEBUG o.hibernate.type.BasicTypeRegistry - Adding type registration java.lang.Character -> org.hibernate.type.CharacterType@12bcd0c0
12:26:46.227 [main] DEBUG o.hibernate.type.BasicTypeRegistry - Adding type registration short -> org.hibernate.type.ShortType@58ebfd03
12:26:46.227 [main] DEBUG o.hibernate.type.BasicTypeRegistry - Adding type registration short -> org.hibernate.type.ShortType@58ebfd03
12:26:46.227 [main] DEBUG o.hibernate.type.BasicTypeRegistry - Adding type registration java.lang.Short -> org.hibernate.type.ShortType@58ebfd03
12:26:46.227 [main] DEBUG o.hibernate.type.BasicTypeRegistry - Adding type registration integer -> org.hibernate.type.IntegerType@5c87bfe2
12:26:46.227 [main] DEBUG o.hibernate.type.BasicTypeRegistry - Adding type registration int -> org.hibernate.type.IntegerType@5c87bfe2
12:26:46.227 [main] DEBUG o.hibernate.type.BasicTypeRegistry - Adding type registration java.lang.Integer -> org.hibernate.type.IntegerType@5c87bfe2
12:26:46.228 [main] DEBUG o.hibernate.type.BasicTypeRegistry - Adding type registration long -> org.hibernate.type.LongType@7a791b66
12:26:46.228 [main] DEBUG o.hibernate.type.BasicTypeRegistry - Adding type registration long -> org.hibernate.type.LongType@7a791b66
12:26:46.228 [main] DEBUG o.hibernate.type.BasicTypeRegistry - Adding type registration java.lang.Long -> org.hibernate.type.LongType@7a791b66
12:26:46.229 [main] DEBUG o.hibernate.type.BasicTypeRegistry - Adding type registration float -> org.hibernate.type.FloatType@4fc5e095
12:26:46.229 [main] DEBUG o.hibernate.type.BasicTypeRegistry - Adding type registration float -> org.hibernate.type.FloatType@4fc5e095
12:26:46.229 [main] DEBUG o.hibernate.type.BasicTypeRegistry - Adding type registration java.lang.Float -> org.hibernate.type.FloatType@4fc5e095
12:26:46.229 [main] DEBUG o.hibernate.type.BasicTypeRegistry - Adding type registration double -> org.hibernate.type.DoubleType@62ea3440
12:26:46.229 [main] DEBUG o.hibernate.type.BasicTypeRegistry - Adding type registration double -> org.hibernate.type.DoubleType@62ea3440
12:26:46.229 [main] DEBUG o.hibernate.type.BasicTypeRegistry - Adding type registration java.lang.Double -> org.hibernate.type.DoubleType@62ea3440
12:26:46.229 [main] DEBUG o.hibernate.type.BasicTypeRegistry - Adding type registration big_decimal -> org.hibernate.type.BigDecimalType@749c877b
12:26:46.229 [main] DEBUG o.hibernate.type.BasicTypeRegistry - Adding type registration java.math.BigDecimal -> org.hibernate.type.BigDecimalType@749c877b
12:26:46.231 [main] DEBUG o.hibernate.type.BasicTypeRegistry - Adding type registration big_integer -> org.hibernate.type.BigIntegerType@160ac7fb
12:26:46.231 [main] DEBUG o.hibernate.type.BasicTypeRegistry - Adding type registration java.math.BigInteger -> org.hibernate.type.BigIntegerType@160ac7fb
12:26:46.231 [main] DEBUG o.hibernate.type.BasicTypeRegistry - Adding type registration string -> org.hibernate.type.StringType@618c5d94
12:26:46.231 [main] DEBUG o.hibernate.type.BasicTypeRegistry - Adding type registration java.lang.String -> org.hibernate.type.StringType@618c5d94
12:26:46.232 [main] DEBUG o.hibernate.type.BasicTypeRegistry - Adding type registration nstring -> org.hibernate.type.StringNVarcharType@1e63ec0b
12:26:46.232 [main] DEBUG o.hibernate.type.BasicTypeRegistry - Adding type registration ncharacter -> org.hibernate.type.CharacterNCharType@295eaa7c
12:26:46.232 [main] DEBUG o.hibernate.type.BasicTypeRegistry - Adding type registration url -> org.hibernate.type.UrlType@1dd0e7c4
12:26:46.232 [main] DEBUG o.hibernate.type.BasicTypeRegistry - Adding type registration java.net.URL -> org.hibernate.type.UrlType@1dd0e7c4
12:26:46.233 [main] DEBUG o.hibernate.type.BasicTypeRegistry - Adding type registration Duration -> org.hibernate.type.DurationType@37bd68c3
12:26:46.233 [main] DEBUG o.hibernate.type.BasicTypeRegistry - Adding type registration java.time.Duration -> org.hibernate.type.DurationType@37bd68c3
12:26:46.233 [main] DEBUG o.hibernate.type.BasicTypeRegistry - Adding type registration Instant -> org.hibernate.type.InstantType@4bff1903
12:26:46.233 [main] DEBUG o.hibernate.type.BasicTypeRegistry - Adding type registration java.time.Instant -> org.hibernate.type.InstantType@4bff1903
12:26:46.235 [main] DEBUG o.hibernate.type.BasicTypeRegistry - Adding type registration LocalDateTime -> org.hibernate.type.LocalDateTimeType@f79a760
12:26:46.235 [main] DEBUG o.hibernate.type.BasicTypeRegistry - Adding type registration java.time.LocalDateTime -> org.hibernate.type.LocalDateTimeType@f79a760
12:26:46.235 [main] DEBUG o.hibernate.type.BasicTypeRegistry - Adding type registration LocalDate -> org.hibernate.type.LocalDateType@652a7737
12:26:46.235 [main] DEBUG o.hibernate.type.BasicTypeRegistry - Adding type registration java.time.LocalDate -> org.hibernate.type.LocalDateType@652a7737
12:26:46.235 [main] DEBUG o.hibernate.type.BasicTypeRegistry - Adding type registration LocalTime -> org.hibernate.type.LocalTimeType@4e28bdd1
12:26:46.235 [main] DEBUG o.hibernate.type.BasicTypeRegistry - Adding type registration java.time.LocalTime -> org.hibernate.type.LocalTimeType@4e28bdd1
12:26:46.236 [main] DEBUG o.hibernate.type.BasicTypeRegistry - Adding type registration OffsetDateTime -> org.hibernate.type.OffsetDateTimeType@a8c1f44
12:26:46.236 [main] DEBUG o.hibernate.type.BasicTypeRegistry - Adding type registration java.time.OffsetDateTime -> org.hibernate.type.OffsetDateTimeType@a8c1f44
12:26:46.237 [main] DEBUG o.hibernate.type.BasicTypeRegistry - Adding type registration OffsetTime -> org.hibernate.type.OffsetTimeType@78a287ed
12:26:46.237 [main] DEBUG o.hibernate.type.BasicTypeRegistry - Adding type registration java.time.OffsetTime -> org.hibernate.type.OffsetTimeType@78a287ed
12:26:46.238 [main] DEBUG o.hibernate.type.BasicTypeRegistry - Adding type registration ZonedDateTime -> org.hibernate.type.ZonedDateTimeType@2b43529a
12:26:46.238 [main] DEBUG o.hibernate.type.BasicTypeRegistry - Adding type registration java.time.ZonedDateTime -> org.hibernate.type.ZonedDateTimeType@2b43529a
12:26:46.239 [main] DEBUG o.hibernate.type.BasicTypeRegistry - Adding type registration date -> org.hibernate.type.DateType@3829ac1
12:26:46.239 [main] DEBUG o.hibernate.type.BasicTypeRegistry - Adding type registration java.sql.Date -> org.hibernate.type.DateType@3829ac1
12:26:46.239 [main] DEBUG o.hibernate.type.BasicTypeRegistry - Adding type registration time -> org.hibernate.type.TimeType@2dbe250d
12:26:46.239 [main] DEBUG o.hibernate.type.BasicTypeRegistry - Adding type registration java.sql.Time -> org.hibernate.type.TimeType@2dbe250d
12:26:46.241 [main] DEBUG o.hibernate.type.BasicTypeRegistry - Adding type registration timestamp -> org.hibernate.type.TimestampType@47404bea
12:26:46.241 [main] DEBUG o.hibernate.type.BasicTypeRegistry - Adding type registration java.sql.Timestamp -> org.hibernate.type.TimestampType@47404bea
12:26:46.241 [main] DEBUG o.hibernate.type.BasicTypeRegistry - Adding type registration java.util.Date -> org.hibernate.type.TimestampType@47404bea
12:26:46.242 [main] DEBUG o.hibernate.type.BasicTypeRegistry - Adding type registration dbtimestamp -> org.hibernate.type.DbTimestampType@29e6eb25
12:26:46.243 [main] DEBUG o.hibernate.type.BasicTypeRegistry - Adding type registration calendar -> org.hibernate.type.CalendarType@275fe372
12:26:46.243 [main] DEBUG o.hibernate.type.BasicTypeRegistry - Adding type registration java.util.Calendar -> org.hibernate.type.CalendarType@275fe372
12:26:46.243 [main] DEBUG o.hibernate.type.BasicTypeRegistry - Adding type registration java.util.GregorianCalendar -> org.hibernate.type.CalendarType@275fe372
12:26:46.243 [main] DEBUG o.hibernate.type.BasicTypeRegistry - Adding type registration calendar_date -> org.hibernate.type.CalendarDateType@366ef90e
12:26:46.244 [main] DEBUG o.hibernate.type.BasicTypeRegistry - Adding type registration calendar_time -> org.hibernate.type.CalendarTimeType@21aa6d6c
12:26:46.244 [main] DEBUG o.hibernate.type.BasicTypeRegistry - Adding type registration locale -> org.hibernate.type.LocaleType@3f446bef
12:26:46.244 [main] DEBUG o.hibernate.type.BasicTypeRegistry - Adding type registration java.util.Locale -> org.hibernate.type.LocaleType@3f446bef
12:26:46.245 [main] DEBUG o.hibernate.type.BasicTypeRegistry - Adding type registration currency -> org.hibernate.type.CurrencyType@1c80e49b
12:26:46.245 [main] DEBUG o.hibernate.type.BasicTypeRegistry - Adding type registration java.util.Currency -> org.hibernate.type.CurrencyType@1c80e49b
12:26:46.246 [main] DEBUG o.hibernate.type.BasicTypeRegistry - Adding type registration timezone -> org.hibernate.type.TimeZoneType@56f6d40b
12:26:46.246 [main] DEBUG o.hibernate.type.BasicTypeRegistry - Adding type registration java.util.TimeZone -> org.hibernate.type.TimeZoneType@56f6d40b
12:26:46.246 [main] DEBUG o.hibernate.type.BasicTypeRegistry - Adding type registration class -> org.hibernate.type.ClassType@7e3060d8
12:26:46.246 [main] DEBUG o.hibernate.type.BasicTypeRegistry - Adding type registration java.lang.Class -> org.hibernate.type.ClassType@7e3060d8
12:26:46.246 [main] DEBUG o.hibernate.type.BasicTypeRegistry - Adding type registration uuid-binary -> org.hibernate.type.UUIDBinaryType@2e54db99
12:26:46.246 [main] DEBUG o.hibernate.type.BasicTypeRegistry - Adding type registration java.util.UUID -> org.hibernate.type.UUIDBinaryType@2e54db99
12:26:46.247 [main] DEBUG o.hibernate.type.BasicTypeRegistry - Adding type registration uuid-char -> org.hibernate.type.UUIDCharType@65a4798f
12:26:46.247 [main] DEBUG o.hibernate.type.BasicTypeRegistry - Adding type registration binary -> org.hibernate.type.BinaryType@773cbf4f
12:26:46.247 [main] DEBUG o.hibernate.type.BasicTypeRegistry - Adding type registration byte[] -> org.hibernate.type.BinaryType@773cbf4f
12:26:46.247 [main] DEBUG o.hibernate.type.BasicTypeRegistry - Adding type registration [B -> org.hibernate.type.BinaryType@773cbf4f
12:26:46.248 [main] DEBUG o.hibernate.type.BasicTypeRegistry - Adding type registration wrapper-binary -> org.hibernate.type.WrapperBinaryType@69637b10
12:26:46.248 [main] DEBUG o.hibernate.type.BasicTypeRegistry - Adding type registration Byte[] -> org.hibernate.type.WrapperBinaryType@69637b10
12:26:46.248 [main] DEBUG o.hibernate.type.BasicTypeRegistry - Adding type registration [Ljava.lang.Byte; -> org.hibernate.type.WrapperBinaryType@69637b10
12:26:46.248 [main] DEBUG o.hibernate.type.BasicTypeRegistry - Adding type registration row_version -> org.hibernate.type.RowVersionType@470a696f
12:26:46.248 [main] DEBUG o.hibernate.type.BasicTypeRegistry - Adding type registration image -> org.hibernate.type.ImageType@3f1c5af9
12:26:46.249 [main] DEBUG o.hibernate.type.BasicTypeRegistry - Adding type registration characters -> org.hibernate.type.CharArrayType@1de5f0ef
12:26:46.249 [main] DEBUG o.hibernate.type.BasicTypeRegistry - Adding type registration char[] -> org.hibernate.type.CharArrayType@1de5f0ef
12:26:46.249 [main] DEBUG o.hibernate.type.BasicTypeRegistry - Adding type registration [C -> org.hibernate.type.CharArrayType@1de5f0ef
12:26:46.249 [main] DEBUG o.hibernate.type.BasicTypeRegistry - Adding type registration wrapper-characters -> org.hibernate.type.CharacterArrayType@3ce3db41
12:26:46.250 [main] DEBUG o.hibernate.type.BasicTypeRegistry - Adding type registration [Ljava.lang.Character; -> org.hibernate.type.CharacterArrayType@3ce3db41
12:26:46.250 [main] DEBUG o.hibernate.type.BasicTypeRegistry - Adding type registration Character[] -> org.hibernate.type.CharacterArrayType@3ce3db41
12:26:46.250 [main] DEBUG o.hibernate.type.BasicTypeRegistry - Adding type registration text -> org.hibernate.type.TextType@2c3dec30
12:26:46.250 [main] DEBUG o.hibernate.type.BasicTypeRegistry - Adding type registration ntext -> org.hibernate.type.NTextType@3fc9dfc5
12:26:46.251 [main] DEBUG o.hibernate.type.BasicTypeRegistry - Adding type registration blob -> org.hibernate.type.BlobType@4ba534b0
12:26:46.251 [main] DEBUG o.hibernate.type.BasicTypeRegistry - Adding type registration java.sql.Blob -> org.hibernate.type.BlobType@4ba534b0
12:26:46.251 [main] DEBUG o.hibernate.type.BasicTypeRegistry - Adding type registration materialized_blob -> org.hibernate.type.MaterializedBlobType@4e517165
12:26:46.252 [main] DEBUG o.hibernate.type.BasicTypeRegistry - Adding type registration clob -> org.hibernate.type.ClobType@34625ccd
12:26:46.252 [main] DEBUG o.hibernate.type.BasicTypeRegistry - Adding type registration java.sql.Clob -> org.hibernate.type.ClobType@34625ccd
12:26:46.252 [main] DEBUG o.hibernate.type.BasicTypeRegistry - Adding type registration nclob -> org.hibernate.type.NClobType@346939bf
12:26:46.252 [main] DEBUG o.hibernate.type.BasicTypeRegistry - Adding type registration java.sql.NClob -> org.hibernate.type.NClobType@346939bf
12:26:46.253 [main] DEBUG o.hibernate.type.BasicTypeRegistry - Adding type registration materialized_clob -> org.hibernate.type.MaterializedClobType@9bd0fa6
12:26:46.253 [main] DEBUG o.hibernate.type.BasicTypeRegistry - Adding type registration materialized_nclob -> org.hibernate.type.MaterializedNClobType@f6c03cb
12:26:46.254 [main] DEBUG o.hibernate.type.BasicTypeRegistry - Adding type registration serializable -> org.hibernate.type.SerializableType@1c9f0a20
12:26:46.255 [main] DEBUG o.hibernate.type.BasicTypeRegistry - Adding type registration object -> org.hibernate.type.ObjectType@4ae33a11
12:26:46.255 [main] DEBUG o.hibernate.type.BasicTypeRegistry - Adding type registration java.lang.Object -> org.hibernate.type.ObjectType@4ae33a11
12:26:46.256 [main] DEBUG o.hibernate.type.BasicTypeRegistry - Adding type registration imm_date -> org.hibernate.type.AdaptedImmutableType@5049d8b2
12:26:46.256 [main] DEBUG o.hibernate.type.BasicTypeRegistry - Adding type registration imm_time -> org.hibernate.type.AdaptedImmutableType@6d0b5baf
12:26:46.256 [main] DEBUG o.hibernate.type.BasicTypeRegistry - Adding type registration imm_timestamp -> org.hibernate.type.AdaptedImmutableType@631e06ab
12:26:46.256 [main] DEBUG o.hibernate.type.BasicTypeRegistry - Adding type registration imm_dbtimestamp -> org.hibernate.type.AdaptedImmutableType@2a3591c5
12:26:46.256 [main] DEBUG o.hibernate.type.BasicTypeRegistry - Adding type registration imm_calendar -> org.hibernate.type.AdaptedImmutableType@34a75079
12:26:46.256 [main] DEBUG o.hibernate.type.BasicTypeRegistry - Adding type registration imm_calendar_date -> org.hibernate.type.AdaptedImmutableType@346a361
12:26:46.256 [main] DEBUG o.hibernate.type.BasicTypeRegistry - Adding type registration imm_binary -> org.hibernate.type.AdaptedImmutableType@107ed6fc
12:26:46.256 [main] DEBUG o.hibernate.type.BasicTypeRegistry - Adding type registration imm_serializable -> org.hibernate.type.AdaptedImmutableType@1643d68f
12:26:46.263 [main] DEBUG o.h.b.internal.BootstrapContextImpl - Injecting ScanEnvironment [org.hibernate.jpa.boot.internal.StandardJpaScanEnvironmentImpl@c7a975a] into BootstrapContext; was [null]
12:26:46.263 [main] DEBUG o.h.b.internal.BootstrapContextImpl - Injecting ScanOptions [org.hibernate.boot.archive.scan.internal.StandardScanOptions@2c1b9e4b] into BootstrapContext; was [org.hibernate.boot.archive.scan.internal.StandardScanOptions@757d6814]
12:26:46.298 [main] DEBUG o.h.b.internal.BootstrapContextImpl - Injecting JPA temp ClassLoader [null] into BootstrapContext; was [null]
12:26:46.298 [main] DEBUG o.h.b.internal.ClassLoaderAccessImpl - ClassLoaderAccessImpl#injectTempClassLoader(null) [was null]
12:26:46.304 [main] DEBUG o.h.i.f.i.DefaultIdentifierGeneratorFactory - Registering IdentifierGenerator strategy [uuid2] -> [org.hibernate.id.UUIDGenerator]
12:26:46.305 [main] DEBUG o.h.i.f.i.DefaultIdentifierGeneratorFactory - Registering IdentifierGenerator strategy [guid] -> [org.hibernate.id.GUIDGenerator]
12:26:46.305 [main] DEBUG o.h.i.f.i.DefaultIdentifierGeneratorFactory - Registering IdentifierGenerator strategy [uuid] -> [org.hibernate.id.UUIDHexGenerator]
12:26:46.305 [main] DEBUG o.h.i.f.i.DefaultIdentifierGeneratorFactory - Registering IdentifierGenerator strategy [uuid.hex] -> [org.hibernate.id.UUIDHexGenerator]
12:26:46.305 [main] DEBUG o.h.i.f.i.DefaultIdentifierGeneratorFactory - Registering IdentifierGenerator strategy [assigned] -> [org.hibernate.id.Assigned]
12:26:46.306 [main] DEBUG o.h.i.f.i.DefaultIdentifierGeneratorFactory - Registering IdentifierGenerator strategy [identity] -> [org.hibernate.id.IdentityGenerator]
12:26:46.306 [main] DEBUG o.h.i.f.i.DefaultIdentifierGeneratorFactory - Registering IdentifierGenerator strategy [select] -> [org.hibernate.id.SelectGenerator]
12:26:46.307 [main] DEBUG o.h.i.f.i.DefaultIdentifierGeneratorFactory - Registering IdentifierGenerator strategy [sequence] -> [org.hibernate.id.enhanced.SequenceStyleGenerator]
12:26:46.307 [main] DEBUG o.h.i.f.i.DefaultIdentifierGeneratorFactory - Registering IdentifierGenerator strategy [seqhilo] -> [org.hibernate.id.SequenceHiLoGenerator]
12:26:46.307 [main] DEBUG o.h.i.f.i.DefaultIdentifierGeneratorFactory - Registering IdentifierGenerator strategy [increment] -> [org.hibernate.id.IncrementGenerator]
12:26:46.308 [main] DEBUG o.h.i.f.i.DefaultIdentifierGeneratorFactory - Registering IdentifierGenerator strategy [foreign] -> [org.hibernate.id.ForeignGenerator]
12:26:46.308 [main] DEBUG o.h.i.f.i.DefaultIdentifierGeneratorFactory - Registering IdentifierGenerator strategy [sequence-identity] -> [org.hibernate.id.SequenceIdentityGenerator]
12:26:46.308 [main] DEBUG o.h.i.f.i.DefaultIdentifierGeneratorFactory - Registering IdentifierGenerator strategy [enhanced-sequence] -> [org.hibernate.id.enhanced.SequenceStyleGenerator]
12:26:46.308 [main] DEBUG o.h.i.f.i.DefaultIdentifierGeneratorFactory - Registering IdentifierGenerator strategy [enhanced-table] -> [org.hibernate.id.enhanced.TableGenerator]
12:26:46.311 [main] WARN  o.hibernate.orm.connections.pooling - HHH10001002: Using Hibernate built-in connection pool (not for production use!)
12:26:46.314 [main] INFO  o.hibernate.orm.connections.pooling - HHH10001005: using driver [org.postgresql.Driver] at URL [jdbc:postgresql://localhost:5432/BuildWeek]
12:26:46.315 [main] INFO  o.hibernate.orm.connections.pooling - HHH10001001: Connection properties: {password=root, user=postgres}
12:26:46.315 [main] INFO  o.hibernate.orm.connections.pooling - HHH10001003: Autocommit mode: false
12:26:46.317 [main] DEBUG o.h.e.j.c.i.DriverManagerConnectionProviderImpl - Initializing Connection pool with 1 Connections
12:26:46.317 [main] INFO  o.h.e.j.c.i.DriverManagerConnectionProviderImpl - HHH000115: Hibernate connection pool size: 20 (min=1)
12:26:46.474 [main] DEBUG o.h.e.j.e.i.JdbcEnvironmentInitiator - Database ->
       name : PostgreSQL
    version : 15.3
      major : 15
      minor : 3
12:26:46.475 [main] DEBUG o.h.e.j.e.i.JdbcEnvironmentInitiator - Driver ->
       name : PostgreSQL JDBC Driver
    version : 42.6.0
      major : 42
      minor : 6
12:26:46.475 [main] DEBUG o.h.e.j.e.i.JdbcEnvironmentInitiator - JDBC version : 4.2
12:26:46.481 [main] INFO  org.hibernate.dialect.Dialect - HHH000400: Using dialect: org.hibernate.dialect.PostgreSQLDialect
12:26:46.489 [main] DEBUG o.h.e.j.e.s.IdentifierHelperBuilder - JDBC driver metadata reported database stores quoted identifiers in neither upper, lower nor mixed case
12:26:46.509 [main] DEBUG o.hibernate.type.BasicTypeRegistry - Adding type registration pg-uuid -> org.hibernate.type.PostgresUUIDType@3a095ec0
12:26:46.509 [main] DEBUG o.hibernate.type.BasicTypeRegistry - Adding type registration java.util.UUID -> org.hibernate.type.PostgresUUIDType@3a095ec0
12:26:46.509 [main] DEBUG o.hibernate.type.BasicTypeRegistry - HHH000270: Type registration [java.util.UUID] overrides previous : org.hibernate.type.UUIDBinaryType@2e54db99
12:26:46.511 [main] DEBUG o.h.type.spi.TypeConfiguration$Scope - Scoping TypeConfiguration [org.hibernate.type.spi.TypeConfiguration@1e6308a9] to MetadataBuildingContext [org.hibernate.boot.internal.MetadataBuildingContextRootImpl@30cecdca]
12:26:46.534 [main] DEBUG o.h.boot.model.relational.Namespace - Created database namespace [logicalName=Name{catalog=null, schema=null}, physicalName=Name{catalog=null, schema=null}]
12:26:46.543 [main] DEBUG org.hibernate.cfg.AnnotationBinder - Binding entity from annotated class: Abstract.TicketSeller
12:26:46.554 [main] DEBUG org.hibernate.cfg.Ejb3Column - Binding column: Ejb3DiscriminatorColumn{logicalColumnName'Elementi', discriminatorTypeName='string'}
12:26:46.557 [main] DEBUG o.h.cfg.annotations.EntityBinder - Import with entity name TicketSeller
12:26:46.561 [main] DEBUG o.h.cfg.annotations.EntityBinder - Bind entity Abstract.TicketSeller on table TicketSeller
12:26:46.579 [main] DEBUG org.hibernate.cfg.Ejb3Column - Binding column: Ejb3Column{table=org.hibernate.mapping.Table(TicketSeller), mappingColumn=id, insertable=true, updatable=true, unique=false}
12:26:46.580 [main] DEBUG o.h.b.internal.ClassLoaderAccessImpl - Not known whether passed class name [Abstract.TicketSeller] is safe
12:26:46.580 [main] DEBUG o.h.b.internal.ClassLoaderAccessImpl - No temp ClassLoader provided; using live ClassLoader for loading potentially unsafe class : Abstract.TicketSeller
12:26:46.581 [main] DEBUG o.h.cfg.annotations.PropertyBinder - MetadataSourceProcessor property id with lazy=false
12:26:46.583 [main] DEBUG o.h.cfg.AbstractPropertyHolder - Attempting to locate auto-apply AttributeConverter for property [Abstract.TicketSeller:id]
12:26:46.584 [main] DEBUG o.h.c.annotations.SimpleValueBinder - building SimpleValue for id
12:26:46.585 [main] DEBUG o.h.cfg.annotations.PropertyBinder - Building property id
12:26:46.587 [main] DEBUG org.hibernate.cfg.BinderHelper - #makeIdGenerator(org.hibernate.mapping.SimpleValue([org.hibernate.mapping.Column(id)]), id, org.hibernate.id.enhanced.SequenceStyleGenerator, elCat_seq, ...)
12:26:46.588 [main] DEBUG org.hibernate.cfg.Ejb3Column - Binding column: Ejb3Column{table=org.hibernate.mapping.Table(TicketSeller), mappingColumn=seller_name, insertable=true, updatable=true, unique=false}
12:26:46.589 [main] DEBUG o.h.cfg.annotations.PropertyBinder - MetadataSourceProcessor property name with lazy=false
12:26:46.589 [main] DEBUG o.h.cfg.AbstractPropertyHolder - Attempting to locate auto-apply AttributeConverter for property [Abstract.TicketSeller:name]
12:26:46.589 [main] DEBUG o.h.c.annotations.SimpleValueBinder - building SimpleValue for name
12:26:46.589 [main] DEBUG o.h.cfg.annotations.PropertyBinder - Building property name
12:26:46.589 [main] DEBUG org.hibernate.cfg.Ejb3Column - Binding column: Ejb3JoinColumn{logicalColumnName='null', referencedColumn='null', mappedBy=''}
12:26:46.589 [main] DEBUG org.hibernate.cfg.Ejb3Column - Binding column: Ejb3Column{table=org.hibernate.mapping.Table(TicketSeller), mappingColumn=passes, insertable=true, updatable=true, unique=false}
12:26:46.591 [main] DEBUG org.hibernate.cfg.Ejb3Column - Binding column: Ejb3Column{table=org.hibernate.mapping.Table(TicketSeller), mappingColumn=null, insertable=true, updatable=true, unique=false}
12:26:46.596 [main] DEBUG org.hibernate.cfg.Ejb3Column - Binding column: Ejb3Column{table=org.hibernate.mapping.Table(TicketSeller), mappingColumn=element, insertable=true, updatable=true, unique=false}
12:26:46.596 [main] DEBUG org.hibernate.cfg.Ejb3Column - Binding column: Ejb3Column{table=org.hibernate.mapping.Table(TicketSeller), mappingColumn=passes_KEY, insertable=true, updatable=true, unique=false}
12:26:46.596 [main] DEBUG org.hibernate.cfg.Ejb3Column - Binding column: Ejb3JoinColumn{logicalColumnName='passes_KEY', referencedColumn='null', mappedBy='null'}
12:26:46.597 [main] DEBUG org.hibernate.cfg.Ejb3Column - Binding column: Ejb3JoinColumn{logicalColumnName='null', referencedColumn='null', mappedBy=''}
12:26:46.597 [main] DEBUG org.hibernate.cfg.Ejb3Column - Binding column: Ejb3JoinColumn{logicalColumnName='null', referencedColumn='null', mappedBy=''}
12:26:46.598 [main] DEBUG o.h.cfg.annotations.CollectionBinder - Collection role: Abstract.TicketSeller.passes
12:26:46.599 [main] DEBUG o.h.cfg.annotations.PropertyBinder - Building property passes
12:26:46.599 [main] DEBUG org.hibernate.cfg.Ejb3Column - Binding column: Ejb3JoinColumn{logicalColumnName='null', referencedColumn='null', mappedBy=''}
12:26:46.599 [main] DEBUG org.hibernate.cfg.Ejb3Column - Binding column: Ejb3Column{table=org.hibernate.mapping.Table(TicketSeller), mappingColumn=tickets, insertable=true, updatable=true, unique=false}
12:26:46.599 [main] DEBUG org.hibernate.cfg.Ejb3Column - Binding column: Ejb3Column{table=org.hibernate.mapping.Table(TicketSeller), mappingColumn=null, insertable=true, updatable=true, unique=false}
12:26:46.599 [main] DEBUG org.hibernate.cfg.Ejb3Column - Binding column: Ejb3Column{table=org.hibernate.mapping.Table(TicketSeller), mappingColumn=element, insertable=true, updatable=true, unique=false}
12:26:46.599 [main] DEBUG org.hibernate.cfg.Ejb3Column - Binding column: Ejb3Column{table=org.hibernate.mapping.Table(TicketSeller), mappingColumn=tickets_KEY, insertable=true, updatable=true, unique=false}
12:26:46.599 [main] DEBUG org.hibernate.cfg.Ejb3Column - Binding column: Ejb3JoinColumn{logicalColumnName='tickets_KEY', referencedColumn='null', mappedBy='null'}
12:26:46.599 [main] DEBUG org.hibernate.cfg.Ejb3Column - Binding column: Ejb3JoinColumn{logicalColumnName='null', referencedColumn='null', mappedBy=''}
12:26:46.599 [main] DEBUG org.hibernate.cfg.Ejb3Column - Binding column: Ejb3JoinColumn{logicalColumnName='null', referencedColumn='null', mappedBy=''}
12:26:46.601 [main] DEBUG o.h.cfg.annotations.CollectionBinder - Collection role: Abstract.TicketSeller.tickets
12:26:46.601 [main] DEBUG o.h.cfg.annotations.PropertyBinder - Building property tickets
12:26:46.604 [main] DEBUG org.hibernate.cfg.AnnotationBinder - Binding entity from annotated class: Classes.Card
12:26:46.604 [main] DEBUG org.hibernate.cfg.Ejb3Column - Binding column: Ejb3DiscriminatorColumn{logicalColumnName'DTYPE', discriminatorTypeName='string'}
12:26:46.604 [main] DEBUG o.h.cfg.annotations.EntityBinder - Import with entity name Card
12:26:46.604 [main] DEBUG o.h.cfg.annotations.EntityBinder - Bind entity Classes.Card on table Card
12:26:46.606 [main] DEBUG org.hibernate.cfg.Ejb3Column - Binding column: Ejb3Column{table=org.hibernate.mapping.Table(Card), mappingColumn=id, insertable=true, updatable=true, unique=false}
12:26:46.606 [main] DEBUG o.h.b.internal.ClassLoaderAccessImpl - Not known whether passed class name [Classes.Card] is safe
12:26:46.606 [main] DEBUG o.h.b.internal.ClassLoaderAccessImpl - No temp ClassLoader provided; using live ClassLoader for loading potentially unsafe class : Classes.Card
12:26:46.606 [main] DEBUG o.h.cfg.annotations.PropertyBinder - MetadataSourceProcessor property id with lazy=false
12:26:46.606 [main] DEBUG o.h.cfg.AbstractPropertyHolder - Attempting to locate auto-apply AttributeConverter for property [Classes.Card:id]
12:26:46.606 [main] DEBUG o.h.c.annotations.SimpleValueBinder - building SimpleValue for id
12:26:46.606 [main] DEBUG o.h.cfg.annotations.PropertyBinder - Building property id
12:26:46.606 [main] DEBUG org.hibernate.cfg.BinderHelper - #makeIdGenerator(org.hibernate.mapping.SimpleValue([org.hibernate.mapping.Column(id)]), id, identity, , ...)
12:26:46.606 [main] DEBUG org.hibernate.cfg.Ejb3Column - Binding column: Ejb3Column{table=org.hibernate.mapping.Table(Card), mappingColumn=emissionDate, insertable=true, updatable=true, unique=false}
12:26:46.606 [main] DEBUG o.h.cfg.annotations.PropertyBinder - MetadataSourceProcessor property emissionDate with lazy=false
12:26:46.606 [main] DEBUG o.h.cfg.AbstractPropertyHolder - Attempting to locate auto-apply AttributeConverter for property [Classes.Card:emissionDate]
12:26:46.606 [main] DEBUG o.h.c.annotations.SimpleValueBinder - building SimpleValue for emissionDate
12:26:46.607 [main] DEBUG o.h.cfg.annotations.PropertyBinder - Building property emissionDate
12:26:46.607 [main] DEBUG org.hibernate.cfg.Ejb3Column - Binding column: Ejb3Column{table=org.hibernate.mapping.Table(Card), mappingColumn=expirationDate, insertable=true, updatable=true, unique=false}
12:26:46.607 [main] DEBUG o.h.cfg.annotations.PropertyBinder - MetadataSourceProcessor property expirationDate with lazy=false
12:26:46.607 [main] DEBUG o.h.cfg.AbstractPropertyHolder - Attempting to locate auto-apply AttributeConverter for property [Classes.Card:expirationDate]
12:26:46.607 [main] DEBUG o.h.c.annotations.SimpleValueBinder - building SimpleValue for expirationDate
12:26:46.607 [main] DEBUG o.h.cfg.annotations.PropertyBinder - Building property expirationDate
12:26:46.607 [main] DEBUG org.hibernate.cfg.Ejb3Column - Binding column: Ejb3JoinColumn{logicalColumnName='null', referencedColumn='null', mappedBy=''}
12:26:46.607 [main] DEBUG org.hibernate.cfg.Ejb3Column - Binding column: Ejb3Column{table=org.hibernate.mapping.Table(Card), mappingColumn=person, insertable=true, updatable=true, unique=false}
12:26:46.608 [main] DEBUG o.h.cfg.annotations.PropertyBinder - Building property person
12:26:46.609 [main] DEBUG org.hibernate.cfg.AnnotationBinder - Binding entity from annotated class: Classes.Person
12:26:46.609 [main] DEBUG org.hibernate.cfg.Ejb3Column - Binding column: Ejb3DiscriminatorColumn{logicalColumnName'DTYPE', discriminatorTypeName='string'}
12:26:46.609 [main] DEBUG o.h.cfg.annotations.EntityBinder - Import with entity name Person
12:26:46.609 [main] DEBUG o.h.cfg.annotations.EntityBinder - Bind entity Classes.Person on table Person
12:26:46.609 [main] DEBUG org.hibernate.cfg.Ejb3Column - Binding column: Ejb3Column{table=org.hibernate.mapping.Table(Person), mappingColumn=id, insertable=true, updatable=true, unique=false}
12:26:46.609 [main] DEBUG o.h.b.internal.ClassLoaderAccessImpl - Not known whether passed class name [Classes.Person] is safe
12:26:46.609 [main] DEBUG o.h.b.internal.ClassLoaderAccessImpl - No temp ClassLoader provided; using live ClassLoader for loading potentially unsafe class : Classes.Person
12:26:46.609 [main] DEBUG o.h.cfg.annotations.PropertyBinder - MetadataSourceProcessor property id with lazy=false
12:26:46.609 [main] DEBUG o.h.cfg.AbstractPropertyHolder - Attempting to locate auto-apply AttributeConverter for property [Classes.Person:id]
12:26:46.609 [main] DEBUG o.h.c.annotations.SimpleValueBinder - building SimpleValue for id
12:26:46.610 [main] DEBUG o.h.cfg.annotations.PropertyBinder - Building property id
12:26:46.610 [main] DEBUG org.hibernate.cfg.BinderHelper - #makeIdGenerator(org.hibernate.mapping.SimpleValue([org.hibernate.mapping.Column(id)]), id, identity, , ...)
12:26:46.610 [main] DEBUG org.hibernate.cfg.Ejb3Column - Binding column: Ejb3Column{table=org.hibernate.mapping.Table(Person), mappingColumn=birthdate, insertable=true, updatable=true, unique=false}
12:26:46.610 [main] DEBUG o.h.cfg.annotations.PropertyBinder - MetadataSourceProcessor property birthdate with lazy=false
12:26:46.610 [main] DEBUG o.h.cfg.AbstractPropertyHolder - Attempting to locate auto-apply AttributeConverter for property [Classes.Person:birthdate]
12:26:46.610 [main] DEBUG o.h.c.annotations.SimpleValueBinder - building SimpleValue for birthdate
12:26:46.610 [main] DEBUG o.h.cfg.annotations.PropertyBinder - Building property birthdate
12:26:46.610 [main] DEBUG org.hibernate.cfg.Ejb3Column - Binding column: Ejb3JoinColumn{logicalColumnName='null', referencedColumn='null', mappedBy='person'}
12:26:46.610 [main] DEBUG org.hibernate.cfg.Ejb3Column - Binding column: Ejb3Column{table=org.hibernate.mapping.Table(Person), mappingColumn=cardNum, insertable=true, updatable=true, unique=false}
12:26:46.611 [main] DEBUG org.hibernate.cfg.Ejb3Column - Binding column: Ejb3Column{table=org.hibernate.mapping.Table(Person), mappingColumn=firstName, insertable=true, updatable=true, unique=false}
12:26:46.611 [main] DEBUG o.h.cfg.annotations.PropertyBinder - MetadataSourceProcessor property firstName with lazy=false
12:26:46.611 [main] DEBUG o.h.cfg.AbstractPropertyHolder - Attempting to locate auto-apply AttributeConverter for property [Classes.Person:firstName]
12:26:46.611 [main] DEBUG o.h.c.annotations.SimpleValueBinder - building SimpleValue for firstName
12:26:46.611 [main] DEBUG o.h.cfg.annotations.PropertyBinder - Building property firstName
12:26:46.611 [main] DEBUG org.hibernate.cfg.Ejb3Column - Binding column: Ejb3Column{table=org.hibernate.mapping.Table(Person), mappingColumn=lastName, insertable=true, updatable=true, unique=false}
12:26:46.611 [main] DEBUG o.h.cfg.annotations.PropertyBinder - MetadataSourceProcessor property lastName with lazy=false
12:26:46.611 [main] DEBUG o.h.cfg.AbstractPropertyHolder - Attempting to locate auto-apply AttributeConverter for property [Classes.Person:lastName]
12:26:46.611 [main] DEBUG o.h.c.annotations.SimpleValueBinder - building SimpleValue for lastName
12:26:46.611 [main] DEBUG o.h.cfg.annotations.PropertyBinder - Building property lastName
12:26:46.612 [main] DEBUG org.hibernate.cfg.AnnotationBinder - Binding entity from annotated class: Classes.Ticket
12:26:46.612 [main] DEBUG org.hibernate.cfg.Ejb3Column - Binding column: Ejb3DiscriminatorColumn{logicalColumnName'DTYPE', discriminatorTypeName='string'}
12:26:46.612 [main] DEBUG o.h.cfg.annotations.EntityBinder - Import with entity name Ticket
12:26:46.612 [main] DEBUG o.h.cfg.annotations.EntityBinder - Bind entity Classes.Ticket on table Ticket
12:26:46.614 [main] DEBUG org.hibernate.cfg.Ejb3Column - Binding column: Ejb3Column{table=org.hibernate.mapping.Table(Ticket), mappingColumn=id, insertable=true, updatable=true, unique=false}
12:26:46.614 [main] DEBUG o.h.b.internal.ClassLoaderAccessImpl - Not known whether passed class name [Classes.Ticket] is safe
12:26:46.614 [main] DEBUG o.h.b.internal.ClassLoaderAccessImpl - No temp ClassLoader provided; using live ClassLoader for loading potentially unsafe class : Classes.Ticket
12:26:46.614 [main] DEBUG o.h.cfg.annotations.PropertyBinder - MetadataSourceProcessor property id with lazy=false
12:26:46.614 [main] DEBUG o.h.cfg.AbstractPropertyHolder - Attempting to locate auto-apply AttributeConverter for property [Classes.Ticket:id]
12:26:46.614 [main] DEBUG o.h.c.annotations.SimpleValueBinder - building SimpleValue for id
12:26:46.614 [main] DEBUG o.h.cfg.annotations.PropertyBinder - Building property id
12:26:46.614 [main] DEBUG org.hibernate.cfg.BinderHelper - #makeIdGenerator(org.hibernate.mapping.SimpleValue([org.hibernate.mapping.Column(id)]), id, identity, , ...)
12:26:46.614 [main] DEBUG org.hibernate.cfg.Ejb3Column - Binding column: Ejb3JoinColumn{logicalColumnName='null', referencedColumn='null', mappedBy='null'}
12:26:46.614 [main] DEBUG org.hibernate.cfg.Ejb3Column - Binding column: Ejb3Column{table=org.hibernate.mapping.Table(Ticket), mappingColumn=seller, insertable=true, updatable=true, unique=false}
12:26:46.614 [main] DEBUG o.h.cfg.annotations.PropertyBinder - Building property seller
12:26:46.614 [main] DEBUG org.hibernate.cfg.AnnotationBinder - Binding entity from annotated class: Classes.Pass
12:26:46.615 [main] DEBUG o.h.cfg.annotations.EntityBinder - Import with entity name Pass
12:26:46.615 [main] DEBUG org.hibernate.cfg.Ejb3Column - Binding column: Ejb3JoinColumn{logicalColumnName='null', referencedColumn='null', mappedBy=''}
12:26:46.616 [main] DEBUG org.hibernate.cfg.Ejb3Column - Binding column: Ejb3Column{table=org.hibernate.mapping.Table(Ticket), mappingColumn=person, insertable=true, updatable=true, unique=false}
12:26:46.616 [main] DEBUG o.h.cfg.annotations.PropertyBinder - Building property person
12:26:46.616 [main] DEBUG org.hibernate.cfg.Ejb3Column - Binding column: Ejb3JoinColumn{logicalColumnName='null', referencedColumn='null', mappedBy='null'}
12:26:46.616 [main] DEBUG org.hibernate.cfg.Ejb3Column - Binding column: Ejb3Column{table=org.hibernate.mapping.Table(Ticket), mappingColumn=sellers, insertable=true, updatable=true, unique=false}
12:26:46.616 [main] DEBUG o.h.cfg.annotations.PropertyBinder - Building property sellers
12:26:46.616 [main] DEBUG org.hibernate.cfg.Ejb3Column - Binding column: Ejb3Column{table=org.hibernate.mapping.Table(Ticket), mappingColumn=validity, insertable=true, updatable=true, unique=false}
12:26:46.616 [main] DEBUG o.h.cfg.annotations.PropertyBinder - MetadataSourceProcessor property validity with lazy=false
12:26:46.616 [main] DEBUG o.h.cfg.AbstractPropertyHolder - Attempting to locate auto-apply AttributeConverter for property [Classes.Pass:validity]
12:26:46.617 [main] DEBUG o.h.c.annotations.SimpleValueBinder - building SimpleValue for validity
12:26:46.617 [main] DEBUG o.h.cfg.annotations.PropertyBinder - Building property validity
12:26:46.617 [main] DEBUG org.hibernate.cfg.AnnotationBinder - Binding entity from annotated class: Classes.Shop
12:26:46.617 [main] DEBUG o.h.cfg.annotations.EntityBinder - Import with entity name Shop
12:26:46.618 [main] DEBUG org.hibernate.cfg.AnnotationBinder - Skipping attribute [java.util.List : passes] as it was already processed as part of super hierarchy
12:26:46.618 [main] DEBUG org.hibernate.cfg.Ejb3Column - Binding column: Ejb3JoinColumn{logicalColumnName='null', referencedColumn='null', mappedBy=''}
12:26:46.618 [main] DEBUG org.hibernate.cfg.Ejb3Column - Binding column: Ejb3Column{table=org.hibernate.mapping.Table(TicketSeller), mappingColumn=people, insertable=true, updatable=true, unique=false}
12:26:46.618 [main] DEBUG org.hibernate.cfg.Ejb3Column - Binding column: Ejb3Column{table=org.hibernate.mapping.Table(TicketSeller), mappingColumn=null, insertable=true, updatable=true, unique=false}
12:26:46.619 [main] DEBUG org.hibernate.cfg.Ejb3Column - Binding column: Ejb3Column{table=org.hibernate.mapping.Table(TicketSeller), mappingColumn=element, insertable=true, updatable=true, unique=false}
12:26:46.619 [main] DEBUG org.hibernate.cfg.Ejb3Column - Binding column: Ejb3Column{table=org.hibernate.mapping.Table(TicketSeller), mappingColumn=people_KEY, insertable=true, updatable=true, unique=false}
12:26:46.619 [main] DEBUG org.hibernate.cfg.Ejb3Column - Binding column: Ejb3JoinColumn{logicalColumnName='people_KEY', referencedColumn='null', mappedBy='null'}
12:26:46.619 [main] DEBUG org.hibernate.cfg.Ejb3Column - Binding column: Ejb3JoinColumn{logicalColumnName='null', referencedColumn='null', mappedBy=''}
12:26:46.619 [main] DEBUG org.hibernate.cfg.Ejb3Column - Binding column: Ejb3JoinColumn{logicalColumnName='null', referencedColumn='null', mappedBy=''}
12:26:46.619 [main] DEBUG o.h.cfg.annotations.CollectionBinder - Collection role: Classes.Shop.people
12:26:46.619 [main] DEBUG o.h.cfg.annotations.PropertyBinder - Building property people
12:26:46.619 [main] DEBUG org.hibernate.cfg.AnnotationBinder - Skipping attribute [java.util.List : tickets] as it was already processed as part of super hierarchy
12:26:46.619 [main] DEBUG org.hibernate.cfg.AnnotationBinder - Binding entity from annotated class: Classes.VendingMachine
12:26:46.619 [main] DEBUG o.h.cfg.annotations.EntityBinder - Import with entity name VendingMachine
12:26:46.619 [main] DEBUG org.hibernate.cfg.Ejb3Column - Binding column: Ejb3Column{table=org.hibernate.mapping.Table(TicketSeller), mappingColumn=isWorking, insertable=true, updatable=true, unique=false}
12:26:46.620 [main] DEBUG o.h.cfg.annotations.PropertyBinder - MetadataSourceProcessor property isWorking with lazy=false
12:26:46.620 [main] DEBUG o.h.cfg.AbstractPropertyHolder - Attempting to locate auto-apply AttributeConverter for property [Classes.VendingMachine:isWorking]
12:26:46.620 [main] DEBUG o.h.c.annotations.SimpleValueBinder - building SimpleValue for isWorking
12:26:46.620 [main] DEBUG o.h.cfg.annotations.PropertyBinder - Building property isWorking
12:26:46.621 [main] DEBUG o.h.c.annotations.SimpleValueBinder - Starting fillSimpleValue for id
12:26:46.621 [main] DEBUG o.h.c.annotations.SimpleValueBinder - Starting fillSimpleValue for name
12:26:46.621 [main] DEBUG o.h.c.annotations.SimpleValueBinder - Starting fillSimpleValue for id
12:26:46.621 [main] DEBUG o.h.c.annotations.SimpleValueBinder - Starting fillSimpleValue for emissionDate
12:26:46.621 [main] DEBUG o.h.c.annotations.SimpleValueBinder - Starting fillSimpleValue for expirationDate
12:26:46.621 [main] DEBUG o.h.c.annotations.SimpleValueBinder - Starting fillSimpleValue for id
12:26:46.621 [main] DEBUG o.h.c.annotations.SimpleValueBinder - Starting fillSimpleValue for birthdate
12:26:46.621 [main] DEBUG o.h.c.annotations.SimpleValueBinder - Starting fillSimpleValue for firstName
12:26:46.621 [main] DEBUG o.h.c.annotations.SimpleValueBinder - Starting fillSimpleValue for lastName
12:26:46.621 [main] DEBUG o.h.c.annotations.SimpleValueBinder - Starting fillSimpleValue for id
12:26:46.621 [main] DEBUG o.h.c.annotations.SimpleValueBinder - Starting fillSimpleValue for validity
12:26:46.622 [main] DEBUG o.h.c.annotations.SimpleValueBinder - Starting fillSimpleValue for isWorking
12:26:46.626 [main] DEBUG org.hibernate.mapping.PrimaryKey - Forcing column [id] to be non-null as it is part of the primary key for table [ticketseller]
12:26:46.626 [main] DEBUG org.hibernate.mapping.PrimaryKey - Forcing column [id] to be non-null as it is part of the primary key for table [card]
12:26:46.626 [main] DEBUG org.hibernate.mapping.PrimaryKey - Forcing column [id] to be non-null as it is part of the primary key for table [person]
12:26:46.626 [main] DEBUG org.hibernate.mapping.PrimaryKey - Forcing column [id] to be non-null as it is part of the primary key for table [ticket]
12:26:46.626 [main] DEBUG o.hibernate.cfg.CollectionSecondPass - Second pass for collection: Classes.Shop.people
12:26:46.626 [main] DEBUG o.h.cfg.annotations.CollectionBinder - Binding a OneToMany: Classes.Shop.people through an association table
12:26:46.631 [main] DEBUG o.hibernate.cfg.CollectionSecondPass - Mapped collection key: Shop_id, element: people_id
12:26:46.631 [main] DEBUG o.hibernate.cfg.CollectionSecondPass - Second pass for collection: Abstract.TicketSeller.tickets
12:26:46.631 [main] DEBUG o.h.cfg.annotations.CollectionBinder - Binding a OneToMany: Abstract.TicketSeller.tickets through an association table
12:26:46.631 [main] DEBUG o.hibernate.cfg.CollectionSecondPass - Mapped collection key: TicketSeller_id, element: tickets_id
12:26:46.631 [main] DEBUG o.hibernate.cfg.CollectionSecondPass - Second pass for collection: Abstract.TicketSeller.passes
12:26:46.631 [main] DEBUG o.h.cfg.annotations.CollectionBinder - Binding a OneToMany: Abstract.TicketSeller.passes through an association table
12:26:46.632 [main] DEBUG o.hibernate.cfg.CollectionSecondPass - Mapped collection key: TicketSeller_id, element: passes_id
12:26:46.633 [main] DEBUG o.h.cfg.annotations.PropertyBinder - Building property cardNum
12:26:46.633 [main] DEBUG o.h.b.i.InFlightMetadataCollectorImpl - Processing association property references
12:26:46.633 [main] DEBUG o.h.b.i.InFlightMetadataCollectorImpl - Resolving reference to class: Classes.Person
12:26:46.634 [main] DEBUG o.h.b.i.InFlightMetadataCollectorImpl - Resolving reference to class: Abstract.TicketSeller
12:26:46.635 [main] DEBUG o.h.b.i.InFlightMetadataCollectorImpl - Resolving reference to class: Classes.Person
12:26:46.635 [main] DEBUG o.h.b.i.InFlightMetadataCollectorImpl - Resolving reference to class: Abstract.TicketSeller
12:26:46.635 [main] DEBUG o.h.b.i.InFlightMetadataCollectorImpl - Resolving reference to class: Classes.Person
12:26:46.635 [main] DEBUG o.h.b.i.InFlightMetadataCollectorImpl - Resolving reference to class: Classes.Shop
12:26:46.635 [main] DEBUG o.h.b.i.InFlightMetadataCollectorImpl - Resolving reference to class: Classes.Ticket
12:26:46.635 [main] DEBUG o.h.b.i.InFlightMetadataCollectorImpl - Resolving reference to class: Abstract.TicketSeller
12:26:46.635 [main] DEBUG o.h.b.i.InFlightMetadataCollectorImpl - Resolving reference to class: Classes.Pass
12:26:46.636 [main] DEBUG o.h.b.i.InFlightMetadataCollectorImpl - Processing association property references
12:26:46.636 [main] DEBUG o.h.b.i.InFlightMetadataCollectorImpl - Resolving reference to class: Classes.Person
12:26:46.637 [main] DEBUG o.h.b.i.InFlightMetadataCollectorImpl - Resolving reference to class: Abstract.TicketSeller
12:26:46.637 [main] DEBUG o.h.b.i.InFlightMetadataCollectorImpl - Resolving reference to class: Classes.Person
12:26:46.637 [main] DEBUG o.h.b.i.InFlightMetadataCollectorImpl - Resolving reference to class: Abstract.TicketSeller
12:26:46.637 [main] DEBUG o.h.b.i.InFlightMetadataCollectorImpl - Resolving reference to class: Classes.Person
12:26:46.637 [main] DEBUG o.h.b.i.InFlightMetadataCollectorImpl - Resolving reference to class: Classes.Shop
12:26:46.637 [main] DEBUG o.h.b.i.InFlightMetadataCollectorImpl - Resolving reference to class: Classes.Ticket
12:26:46.637 [main] DEBUG o.h.b.i.InFlightMetadataCollectorImpl - Resolving reference to class: Abstract.TicketSeller
12:26:46.637 [main] DEBUG o.h.b.i.InFlightMetadataCollectorImpl - Resolving reference to class: Classes.Pass
12:26:46.667 [main] DEBUG o.h.internal.SessionFactoryImpl - Building session factory
12:26:46.667 [main] DEBUG org.hibernate.cfg.Settings - SessionFactory name : null
12:26:46.667 [main] DEBUG org.hibernate.cfg.Settings - Automatic flush during beforeCompletion(): enabled
12:26:46.667 [main] DEBUG org.hibernate.cfg.Settings - Automatic session close at end of transaction: disabled
12:26:46.667 [main] DEBUG org.hibernate.cfg.Settings - Statistics: disabled
12:26:46.667 [main] DEBUG org.hibernate.cfg.Settings - Deleted entity synthetic identifier rollback: disabled
12:26:46.667 [main] DEBUG org.hibernate.cfg.Settings - Default entity-mode: pojo
12:26:46.667 [main] DEBUG org.hibernate.cfg.Settings - Check Nullability in Core (should be disabled when Bean Validation is on): enabled
12:26:46.667 [main] DEBUG org.hibernate.cfg.Settings - Allow initialization of lazy state outside session : disabled
12:26:46.667 [main] DEBUG org.hibernate.cfg.Settings - Using BatchFetchStyle : LEGACY
12:26:46.668 [main] DEBUG org.hibernate.cfg.Settings - Default batch fetch size: -1
12:26:46.668 [main] DEBUG org.hibernate.cfg.Settings - Maximum outer join fetch depth: null
12:26:46.668 [main] DEBUG org.hibernate.cfg.Settings - Default null ordering: NONE
12:26:46.668 [main] DEBUG org.hibernate.cfg.Settings - Order SQL updates by primary key: disabled
12:26:46.668 [main] DEBUG org.hibernate.cfg.Settings - Order SQL inserts for batching: disabled
12:26:46.668 [main] DEBUG org.hibernate.cfg.Settings - multi-tenancy strategy : NONE
12:26:46.668 [main] DEBUG org.hibernate.cfg.Settings - JTA Track by Thread: enabled
12:26:46.668 [main] DEBUG org.hibernate.cfg.Settings - Query language substitutions: {}
12:26:46.668 [main] DEBUG org.hibernate.cfg.Settings - Named query checking : enabled
12:26:46.668 [main] DEBUG org.hibernate.cfg.Settings - Second-level cache: disabled
12:26:46.668 [main] DEBUG org.hibernate.cfg.Settings - Second-level query cache: disabled
12:26:46.668 [main] DEBUG org.hibernate.cfg.Settings - Second-level query cache factory: null
12:26:46.668 [main] DEBUG org.hibernate.cfg.Settings - Second-level cache region prefix: null
12:26:46.668 [main] DEBUG org.hibernate.cfg.Settings - Optimize second-level cache for minimal puts: disabled
12:26:46.668 [main] DEBUG org.hibernate.cfg.Settings - Structured second-level cache entries: disabled
12:26:46.668 [main] DEBUG org.hibernate.cfg.Settings - Second-level cache direct-reference entries: disabled
12:26:46.668 [main] DEBUG org.hibernate.cfg.Settings - Automatic eviction of collection cache: disabled
12:26:46.668 [main] DEBUG org.hibernate.cfg.Settings - JDBC batch size: 15
12:26:46.668 [main] DEBUG org.hibernate.cfg.Settings - JDBC batch updates for versioned data: enabled
12:26:46.668 [main] DEBUG org.hibernate.cfg.Settings - Scrollable result sets: enabled
12:26:46.668 [main] DEBUG org.hibernate.cfg.Settings - Wrap result sets: disabled
12:26:46.668 [main] DEBUG org.hibernate.cfg.Settings - JDBC3 getGeneratedKeys(): enabled
12:26:46.668 [main] DEBUG org.hibernate.cfg.Settings - JDBC result set fetch size: null
12:26:46.668 [main] DEBUG org.hibernate.cfg.Settings - Connection release mode: AFTER_TRANSACTION
12:26:46.668 [main] DEBUG org.hibernate.cfg.Settings - Generate SQL with comments: disabled
12:26:46.668 [main] DEBUG org.hibernate.cfg.Settings - JPA compliance - query : disabled
12:26:46.668 [main] DEBUG org.hibernate.cfg.Settings - JPA compliance - closed-handling : disabled
12:26:46.668 [main] DEBUG org.hibernate.cfg.Settings - JPA compliance - lists : disabled
12:26:46.668 [main] DEBUG org.hibernate.cfg.Settings - JPA compliance - transactions : disabled
12:26:46.674 [main] DEBUG o.h.b.internal.ClassLoaderAccessImpl - Not known whether passed class name [Classes.Pass] is safe
12:26:46.674 [main] DEBUG o.h.b.internal.ClassLoaderAccessImpl - No temp ClassLoader provided; using live ClassLoader for loading potentially unsafe class : Classes.Pass
12:26:46.674 [main] DEBUG o.h.b.internal.ClassLoaderAccessImpl - Not known whether passed class name [Classes.Shop] is safe
12:26:46.674 [main] DEBUG o.h.b.internal.ClassLoaderAccessImpl - No temp ClassLoader provided; using live ClassLoader for loading potentially unsafe class : Classes.Shop
12:26:46.674 [main] DEBUG o.h.b.internal.ClassLoaderAccessImpl - Not known whether passed class name [Classes.VendingMachine] is safe
12:26:46.674 [main] DEBUG o.h.b.internal.ClassLoaderAccessImpl - No temp ClassLoader provided; using live ClassLoader for loading potentially unsafe class : Classes.VendingMachine
12:26:46.700 [main] DEBUG o.h.s.i.SessionFactoryServiceRegistryImpl - EventListenerRegistry access via ServiceRegistry is deprecated.  Use `sessionFactory.getEventEngine().getListenerRegistry()` instead
12:26:46.701 [main] DEBUG o.h.s.i.SessionFactoryServiceRegistryImpl - EventListenerRegistry access via ServiceRegistry is deprecated.  Use `sessionFactory.getEventEngine().getListenerRegistry()` instead
12:26:46.709 [main] DEBUG o.h.internal.SessionFactoryImpl - Session factory constructed with filter configurations : {}
12:26:46.710 [main] DEBUG o.h.internal.SessionFactoryImpl - Instantiating session factory with properties: {java.specification.version=17, sun.cpu.isalist=amd64, sun.jnu.encoding=Cp1252, hibernate.dialect=org.hibernate.dialect.PostgreSQLDialect, java.class.path=C:\Users\total\Desktop\All\Epicode\fs0223-Luca-Sernicola-BackEnd\BuildWeek_4\target\classes;C:\Users\total\.m2\repository\ch\qos\logback\logback-classic\1.4.8\logback-classic-1.4.8.jar;C:\Users\total\.m2\repository\ch\qos\logback\logback-core\1.4.8\logback-core-1.4.8.jar;C:\Users\total\.m2\repository\org\slf4j\slf4j-api\2.0.7\slf4j-api-2.0.7.jar;C:\Users\total\.m2\repository\commons-io\commons-io\2.13.0\commons-io-2.13.0.jar;C:\Users\total\.m2\repository\org\postgresql\postgresql\42.6.0\postgresql-42.6.0.jar;C:\Users\total\.m2\repository\org\checkerframework\checker-qual\3.31.0\checker-qual-3.31.0.jar;C:\Users\total\.m2\repository\org\hibernate\hibernate-core\5.6.15.Final\hibernate-core-5.6.15.Final.jar;C:\Users\total\.m2\repository\org\jboss\logging\jboss-logging\3.4.3.Final\jboss-logging-3.4.3.Final.jar;C:\Users\total\.m2\repository\javax\persistence\javax.persistence-api\2.2\javax.persistence-api-2.2.jar;C:\Users\total\.m2\repository\net\bytebuddy\byte-buddy\1.12.18\byte-buddy-1.12.18.jar;C:\Users\total\.m2\repository\antlr\antlr\2.7.7\antlr-2.7.7.jar;C:\Users\total\.m2\repository\org\jboss\spec\javax\transaction\jboss-transaction-api_1.2_spec\1.1.1.Final\jboss-transaction-api_1.2_spec-1.1.1.Final.jar;C:\Users\total\.m2\repository\org\jboss\jandex\2.4.2.Final\jandex-2.4.2.Final.jar;C:\Users\total\.m2\repository\com\fasterxml\classmate\1.5.1\classmate-1.5.1.jar;C:\Users\total\.m2\repository\javax\activation\javax.activation-api\1.2.0\javax.activation-api-1.2.0.jar;C:\Users\total\.m2\repository\org\hibernate\common\hibernate-commons-annotations\5.1.2.Final\hibernate-commons-annotations-5.1.2.Final.jar;C:\Users\total\.m2\repository\javax\xml\bind\jaxb-api\2.3.1\jaxb-api-2.3.1.jar;C:\Users\total\.m2\repository\org\glassfish\jaxb\jaxb-runtime\2.3.1\jaxb-runtime-2.3.1.jar;C:\Users\total\.m2\repository\org\glassfish\jaxb\txw2\2.3.1\txw2-2.3.1.jar;C:\Users\total\.m2\repository\com\sun\istack\istack-commons-runtime\3.0.7\istack-commons-runtime-3.0.7.jar;C:\Users\total\.m2\repository\org\jvnet\staxex\stax-ex\1.8\stax-ex-1.8.jar;C:\Users\total\.m2\repository\com\sun\xml\fastinfoset\FastInfoset\1.2.15\FastInfoset-1.2.15.jar;C:\Users\total\Desktop\All\Epicode\fs0223-Luca-Sernicola-BackEnd\Homework_W3_D3\target\classes, java.vm.vendor=Eclipse Adoptium, sun.arch.data.model=64, user.variant=, java.vendor.url=https://adoptium.net/, user.timezone=Europe/Rome, javax.persistence.jdbc.url=jdbc:postgresql://localhost:5432/BuildWeek, javax.persistence.jdbc.user=****, java.vm.specification.version=17, os.name=Windows 11, jakarta.persistence.jdbc.password=****, sun.java.launcher=SUN_STANDARD, user.country=US, local.setting.IS_JTA_TXN_COORD=false, sun.boot.library.path=C:\Users\total\.p2\pool\plugins\org.eclipse.justj.openjdk.hotspot.jre.full.win32.x86_64_17.0.7.v20230425-1502\jre\bin, sun.java.command=MainClass.MainClass, jdk.debug=release, jakarta.persistence.jdbc.driver=org.postgresql.Driver, sun.cpu.endian=little, user.home=C:\Users\total, user.language=en, java.specification.vendor=Oracle Corporation, java.version.date=2023-04-18, java.home=C:\Users\total\.p2\pool\plugins\org.eclipse.justj.openjdk.hotspot.jre.full.win32.x86_64_17.0.7.v20230425-1502\jre, file.separator=\, java.vm.compressedOopsMode=Zero based, jakarta.persistence.jdbc.user=****, line.separator=
, hibernate.persistenceUnitName=BuildWeek_4, java.vm.specification.vendor=Oracle Corporation, java.specification.name=Java Platform API Specification, hibernate.transaction.coordinator_class=class org.hibernate.resource.transaction.backend.jdbc.internal.JdbcResourceLocalTransactionCoordinatorBuilderImpl, javax.persistence.jdbc.driver=org.postgresql.Driver, hibernate.hbm2ddl.auto=update, user.script=, sun.management.compiler=HotSpot 64-Bit Tiered Compilers, java.runtime.version=17.0.7+7, user.name=total, path.separator=;, hibernate.connection.username=****, os.version=10.0, java.runtime.name=OpenJDK Runtime Environment, hibernate.connection.url=jdbc:postgresql://localhost:5432/BuildWeek, file.encoding=UTF-8, hibernate.ejb.persistenceUnitName=BuildWeek_4, java.vm.name=OpenJDK 64-Bit Server VM, java.vendor.version=Temurin-17.0.7+7, hibernate.connection.driver_class=org.postgresql.Driver, java.vendor.url.bug=https://github.com/adoptium/adoptium-support/issues, java.io.tmpdir=C:\Users\total\AppData\Local\Temp\, java.version=17.0.7, user.dir=C:\Users\total\Desktop\All\Epicode\fs0223-Luca-Sernicola-BackEnd\BuildWeek_4, os.arch=amd64, java.vm.specification.name=Java Virtual Machine Specification, hibernate.connection.password=****, sun.os.patch.level=, jakarta.persistence.jdbc.url=jdbc:postgresql://localhost:5432/BuildWeek, hibernate.boot.CfgXmlAccessService.key=org.hibernate.boot.registry.StandardServiceRegistryBuilder$1@6c518474, native.encoding=Cp1252, java.library.path=C:\Users\total\.p2\pool\plugins\org.eclipse.justj.openjdk.hotspot.jre.full.win32.x86_64_17.0.7.v20230425-1502\jre\bin;C:\windows\Sun\Java\bin;C:\windows\system32;C:\windows;C:/Users/total/.p2/pool/plugins/org.eclipse.justj.openjdk.hotspot.jre.full.win32.x86_64_17.0.7.v20230425-1502/jre/bin/server;C:/Users/total/.p2/pool/plugins/org.eclipse.justj.openjdk.hotspot.jre.full.win32.x86_64_17.0.7.v20230425-1502/jre/bin;C:\Program Files\Eclipse Adoptium\jdk-17.0.7.7-hotspot\bin;C:\Program Files (x86)\NVIDIA Corporation\PhysX\Common;C:\windows\system32;C:\windows;C:\windows\System32\Wbem;C:\windows\System32\WindowsPowerShell\v1.0\;C:\windows\System32\OpenSSH\;C:\Program Files\Git\cmd;C:\Program Files\nodejs\;C:\Users\total\AppData\Local\Microsoft\WindowsApps;C:\Users\total\AppData\Local\Programs\Microsoft VS Code\bin;C:\Users\total\AppData\Roaming\npm;C:\Users\total\AppData\Local\GitHubDesktop\bin;C:\windows\System32;;., java.vendor=Eclipse Adoptium, java.vm.info=mixed mode, java.vm.version=17.0.7+7, hibernate.bytecode.use_reflection_optimizer=false, sun.io.unicode.encoding=UnicodeLittle, javax.persistence.jdbc.password=****, java.class.version=61.0}
12:26:46.719 [main] DEBUG o.h.secure.spi.JaccIntegrator - Skipping JACC integration as it was not enabled
12:26:46.722 [main] DEBUG org.hibernate.type.EnumType - Using ORDINAL-based conversion for Enum Enums.Validity
12:26:46.723 [main] DEBUG o.h.internal.SessionFactoryImpl - Instantiated session factory
12:26:46.723 [main] DEBUG o.h.type.spi.TypeConfiguration$Scope - Scoping TypeConfiguration [org.hibernate.type.spi.TypeConfiguration@1e6308a9] to SessionFactoryImpl [org.hibernate.internal.SessionFactoryImpl@53a9fcfd]
12:26:46.755 [main] DEBUG o.h.b.internal.ClassLoaderAccessImpl - Not known whether passed class name [Abstract.TicketSeller] is safe
12:26:46.755 [main] DEBUG o.h.b.internal.ClassLoaderAccessImpl - No temp ClassLoader provided; using live ClassLoader for loading potentially unsafe class : Abstract.TicketSeller
12:26:46.758 [main] DEBUG o.h.b.internal.ClassLoaderAccessImpl - Not known whether passed class name [Classes.Shop] is safe
12:26:46.758 [main] DEBUG o.h.b.internal.ClassLoaderAccessImpl - No temp ClassLoader provided; using live ClassLoader for loading potentially unsafe class : Classes.Shop
12:26:46.758 [main] DEBUG o.h.b.internal.ClassLoaderAccessImpl - Not known whether passed class name [Classes.VendingMachine] is safe
12:26:46.758 [main] DEBUG o.h.b.internal.ClassLoaderAccessImpl - No temp ClassLoader provided; using live ClassLoader for loading potentially unsafe class : Classes.VendingMachine
12:26:46.865 [main] DEBUG o.hibernate.orm.bytecode.interceptor - To-one property `Classes.Card#person` was mapped with LAZY + NO_PROXY but the class was not enhanced
12:26:46.865 [main] DEBUG o.hibernate.orm.bytecode.interceptor - To-one property `Classes.Card#person` was mapped with LAZY + NO_PROXY but the class was not enhanced
12:26:46.865 [main] DEBUG o.h.b.internal.ClassLoaderAccessImpl - Not known whether passed class name [Classes.Card] is safe
12:26:46.865 [main] DEBUG o.h.b.internal.ClassLoaderAccessImpl - No temp ClassLoader provided; using live ClassLoader for loading potentially unsafe class : Classes.Card
12:26:46.873 [main] DEBUG o.hibernate.orm.bytecode.interceptor - To-one property `Classes.Card#person` was mapped with LAZY + NO_PROXY but the class was not enhanced
12:26:46.874 [main] DEBUG o.hibernate.orm.bytecode.interceptor - To-one property `Classes.Card#person` was mapped with LAZY + NO_PROXY but the class was not enhanced
12:26:46.874 [main] DEBUG o.hibernate.orm.bytecode.interceptor - To-one property `Classes.Person#cardNum` was mapped with LAZY + NO_PROXY but the class was not enhanced
12:26:46.874 [main] DEBUG o.hibernate.orm.bytecode.interceptor - To-one property `Classes.Person#cardNum` was mapped with LAZY + NO_PROXY but the class was not enhanced
12:26:46.874 [main] DEBUG o.h.b.internal.ClassLoaderAccessImpl - Not known whether passed class name [Classes.Person] is safe
12:26:46.874 [main] DEBUG o.h.b.internal.ClassLoaderAccessImpl - No temp ClassLoader provided; using live ClassLoader for loading potentially unsafe class : Classes.Person
12:26:46.881 [main] DEBUG o.hibernate.orm.bytecode.interceptor - To-one property `Classes.Person#cardNum` was mapped with LAZY + NO_PROXY but the class was not enhanced
12:26:46.881 [main] DEBUG o.hibernate.orm.bytecode.interceptor - To-one property `Classes.Person#cardNum` was mapped with LAZY + NO_PROXY but the class was not enhanced
12:26:46.881 [main] DEBUG o.hibernate.orm.bytecode.interceptor - To-one property `Classes.Ticket#seller` was mapped with LAZY + NO_PROXY but the class was not enhanced
12:26:46.881 [main] DEBUG o.hibernate.orm.bytecode.interceptor - To-one property `Classes.Ticket#seller` was mapped with LAZY + NO_PROXY but the class was not enhanced
12:26:46.881 [main] DEBUG o.hibernate.orm.bytecode.interceptor - To-one property `Classes.Pass#person` was mapped with LAZY + NO_PROXY but the class was not enhanced
12:26:46.881 [main] DEBUG o.hibernate.orm.bytecode.interceptor - To-one property `Classes.Pass#person` was mapped with LAZY + NO_PROXY but the class was not enhanced
12:26:46.881 [main] DEBUG o.hibernate.orm.bytecode.interceptor - To-one property `Classes.Pass#sellers` was mapped with LAZY + NO_PROXY but the class was not enhanced
12:26:46.881 [main] DEBUG o.hibernate.orm.bytecode.interceptor - To-one property `Classes.Pass#sellers` was mapped with LAZY + NO_PROXY but the class was not enhanced
12:26:46.881 [main] DEBUG o.h.b.internal.ClassLoaderAccessImpl - Not known whether passed class name [Classes.Pass] is safe
12:26:46.881 [main] DEBUG o.h.b.internal.ClassLoaderAccessImpl - No temp ClassLoader provided; using live ClassLoader for loading potentially unsafe class : Classes.Pass
12:26:46.887 [main] DEBUG o.hibernate.orm.bytecode.interceptor - To-one property `Classes.Ticket#seller` was mapped with LAZY + NO_PROXY but the class was not enhanced
12:26:46.887 [main] DEBUG o.hibernate.orm.bytecode.interceptor - To-one property `Classes.Pass#person` was mapped with LAZY + NO_PROXY but the class was not enhanced
12:26:46.887 [main] DEBUG o.hibernate.orm.bytecode.interceptor - To-one property `Classes.Pass#sellers` was mapped with LAZY + NO_PROXY but the class was not enhanced
12:26:46.887 [main] DEBUG o.hibernate.orm.bytecode.interceptor - To-one property `Classes.Ticket#seller` was mapped with LAZY + NO_PROXY but the class was not enhanced
12:26:46.887 [main] DEBUG o.hibernate.orm.bytecode.interceptor - To-one property `Classes.Pass#person` was mapped with LAZY + NO_PROXY but the class was not enhanced
12:26:46.887 [main] DEBUG o.hibernate.orm.bytecode.interceptor - To-one property `Classes.Pass#sellers` was mapped with LAZY + NO_PROXY but the class was not enhanced
12:26:46.891 [main] DEBUG o.hibernate.orm.bytecode.interceptor - To-one property `Classes.Ticket#seller` was mapped with LAZY + NO_PROXY but the class was not enhanced
12:26:46.891 [main] DEBUG o.hibernate.orm.bytecode.interceptor - To-one property `Classes.Ticket#seller` was mapped with LAZY + NO_PROXY but the class was not enhanced
12:26:46.891 [main] DEBUG o.h.b.internal.ClassLoaderAccessImpl - Not known whether passed class name [Classes.Ticket] is safe
12:26:46.891 [main] DEBUG o.h.b.internal.ClassLoaderAccessImpl - No temp ClassLoader provided; using live ClassLoader for loading potentially unsafe class : Classes.Ticket
12:26:46.896 [main] DEBUG o.hibernate.orm.bytecode.interceptor - To-one property `Classes.Ticket#seller` was mapped with LAZY + NO_PROXY but the class was not enhanced
12:26:46.896 [main] DEBUG o.hibernate.orm.bytecode.interceptor - To-one property `Classes.Ticket#seller` was mapped with LAZY + NO_PROXY but the class was not enhanced
12:26:46.896 [main] DEBUG o.hibernate.orm.bytecode.interceptor - To-one property `Classes.Pass#person` was mapped with LAZY + NO_PROXY but the class was not enhanced
12:26:46.896 [main] DEBUG o.hibernate.orm.bytecode.interceptor - To-one property `Classes.Pass#sellers` was mapped with LAZY + NO_PROXY but the class was not enhanced
12:26:46.906 [main] DEBUG o.h.p.c.AbstractCollectionPersister - Static SQL for collection: Abstract.TicketSeller.tickets
12:26:46.906 [main] DEBUG o.h.p.c.AbstractCollectionPersister -  Row insert: insert into TicketSeller_Ticket (TicketSeller_id, tickets_id) values (?, ?)
12:26:46.906 [main] DEBUG o.h.p.c.AbstractCollectionPersister -  Row update: update TicketSeller_Ticket set tickets_id=? where TicketSeller_id=? and tickets_id=?
12:26:46.906 [main] DEBUG o.h.p.c.AbstractCollectionPersister -  Row delete: delete from TicketSeller_Ticket where TicketSeller_id=? and tickets_id=?
12:26:46.906 [main] DEBUG o.h.p.c.AbstractCollectionPersister -  One-shot delete: delete from TicketSeller_Ticket where TicketSeller_id=?
12:26:46.906 [main] DEBUG o.h.p.c.AbstractCollectionPersister - Static SQL for collection: Abstract.TicketSeller.passes
12:26:46.906 [main] DEBUG o.h.p.c.AbstractCollectionPersister -  Row insert: insert into TicketSeller_Ticket (TicketSeller_id, passes_id) values (?, ?)
12:26:46.906 [main] DEBUG o.h.p.c.AbstractCollectionPersister -  Row update: update TicketSeller_Ticket set passes_id=? where TicketSeller_id=? and passes_id=?
12:26:46.906 [main] DEBUG o.h.p.c.AbstractCollectionPersister -  Row delete: delete from TicketSeller_Ticket where TicketSeller_id=? and passes_id=?
12:26:46.906 [main] DEBUG o.h.p.c.AbstractCollectionPersister -  One-shot delete: delete from TicketSeller_Ticket where TicketSeller_id=?
12:26:46.906 [main] DEBUG o.h.p.c.AbstractCollectionPersister - Static SQL for collection: Classes.Shop.people
12:26:46.906 [main] DEBUG o.h.p.c.AbstractCollectionPersister -  Row insert: insert into TicketSeller_Person (Shop_id, people_id) values (?, ?)
12:26:46.906 [main] DEBUG o.h.p.c.AbstractCollectionPersister -  Row update: update TicketSeller_Person set people_id=? where Shop_id=? and people_id=?
12:26:46.906 [main] DEBUG o.h.p.c.AbstractCollectionPersister -  Row delete: delete from TicketSeller_Person where Shop_id=? and people_id=?
12:26:46.906 [main] DEBUG o.h.p.c.AbstractCollectionPersister -  One-shot delete: delete from TicketSeller_Person where Shop_id=?
12:26:46.908 [main] DEBUG o.h.p.entity.AbstractEntityPersister - Static SQL for entity: Abstract.TicketSeller
12:26:46.908 [main] DEBUG o.h.p.entity.AbstractEntityPersister -  Version select: select id from TicketSeller where id =?
12:26:46.908 [main] DEBUG o.h.p.entity.AbstractEntityPersister -  Snapshot select: select ticketsell_.id, ticketsell_.seller_name as seller_n3_3_ from TicketSeller ticketsell_ where ticketsell_.id=?
12:26:46.908 [main] DEBUG o.h.p.entity.AbstractEntityPersister -  Insert 0: insert into TicketSeller (seller_name, Elementi, id) values (?, 'TicketSeller', ?)
12:26:46.908 [main] DEBUG o.h.p.entity.AbstractEntityPersister -  Update 0: update TicketSeller set seller_name=? where id=?
12:26:46.908 [main] DEBUG o.h.p.entity.AbstractEntityPersister -  Delete 0: delete from TicketSeller where id=?
12:26:46.921 [main] DEBUG o.h.l.p.b.i.spaces.QuerySpacesImpl - Adding QuerySpace : uid = <gen:0> -> org.hibernate.loader.plan.build.internal.spaces.EntityQuerySpaceImpl@7eb200ce]
12:26:46.921 [main] DEBUG o.h.p.w.spi.MetamodelGraphWalker - Visiting attribute path : name
12:26:46.921 [main] DEBUG o.h.p.w.spi.MetamodelGraphWalker - Visiting attribute path : passes
12:26:46.923 [main] DEBUG o.h.l.p.b.i.spaces.QuerySpacesImpl - Adding QuerySpace : uid = <gen:1> -> org.hibernate.loader.plan.build.internal.spaces.CollectionQuerySpaceImpl@6824b913]
12:26:46.924 [main] DEBUG o.h.l.p.b.i.spaces.QuerySpacesImpl - Adding QuerySpace : uid = <gen:2> -> org.hibernate.loader.plan.build.internal.spaces.EntityQuerySpaceImpl@24a2e565]
12:26:46.924 [main] DEBUG o.h.p.w.spi.MetamodelGraphWalker - Visiting attribute path : tickets
12:26:46.924 [main] DEBUG o.h.l.p.b.i.spaces.QuerySpacesImpl - Adding QuerySpace : uid = <gen:3> -> org.hibernate.loader.plan.build.internal.spaces.CollectionQuerySpaceImpl@37e69c43]
12:26:46.924 [main] DEBUG o.h.l.p.b.i.spaces.QuerySpacesImpl - Adding QuerySpace : uid = <gen:4> -> org.hibernate.loader.plan.build.internal.spaces.EntityQuerySpaceImpl@5c7dfc05]
12:26:46.924 [main] DEBUG o.h.p.w.spi.MetamodelGraphWalker - Visiting attribute path : people
12:26:46.924 [main] DEBUG o.h.l.p.b.i.spaces.QuerySpacesImpl - Adding QuerySpace : uid = <gen:5> -> org.hibernate.loader.plan.build.internal.spaces.CollectionQuerySpaceImpl@345d053b]
12:26:46.924 [main] DEBUG o.h.l.p.b.i.spaces.QuerySpacesImpl - Adding QuerySpace : uid = <gen:6> -> org.hibernate.loader.plan.build.internal.spaces.EntityQuerySpaceImpl@3d0cac1f]
12:26:46.924 [main] DEBUG o.h.p.w.spi.MetamodelGraphWalker - Visiting attribute path : isWorking
12:26:46.924 [main] DEBUG o.h.l.p.b.i.FetchStyleLoadPlanBuildingAssociationVisitationStrategy - Building LoadPlan...
12:26:46.930 [main] DEBUG o.h.l.p.e.i.LoadQueryJoinAndFetchProcessor - processing queryspace <gen:0>
12:26:46.932 [main] DEBUG o.h.l.p.b.spi.LoadPlanTreePrinter - LoadPlan(entity=Abstract.TicketSeller)
    - Returns
       - EntityReturnImpl(entity=Abstract.TicketSeller, querySpaceUid=<gen:0>, path=Abstract.TicketSeller)
          - CollectionAttributeFetchImpl(collection=Abstract.TicketSeller.passes, querySpaceUid=<gen:1>, path=Abstract.TicketSeller.passes)
             - (collection element) CollectionFetchableElementEntityGraph(entity=Classes.Pass, querySpaceUid=<gen:2>, path=Abstract.TicketSeller.passes.<elements>)
          - CollectionAttributeFetchImpl(collection=Abstract.TicketSeller.tickets, querySpaceUid=<gen:3>, path=Abstract.TicketSeller.tickets)
             - (collection element) CollectionFetchableElementEntityGraph(entity=Classes.Ticket, querySpaceUid=<gen:4>, path=Abstract.TicketSeller.tickets.<elements>)
          - CollectionAttributeFetchImpl(collection=Classes.Shop.people, querySpaceUid=<gen:5>, path=Abstract.TicketSeller.people)
             - (collection element) CollectionFetchableElementEntityGraph(entity=Classes.Person, querySpaceUid=<gen:6>, path=Abstract.TicketSeller.people.<elements>)
    - QuerySpaces
       - EntityQuerySpaceImpl(uid=<gen:0>, entity=Abstract.TicketSeller)
          - SQL table alias mapping - ticketsell0_
          - alias suffix - 0_
          - suffixed key columns - {id2_3_0_}

12:26:46.933 [main] DEBUG o.h.loader.entity.plan.EntityLoader - Static select for entity Abstract.TicketSeller [NONE]: select ticketsell0_.id as id2_3_0_, ticketsell0_.seller_name as seller_n3_3_0_, ticketsell0_.isWorking as isworkin4_3_0_, ticketsell0_.Elementi as elementi1_3_0_ from TicketSeller ticketsell0_ where ticketsell0_.id=?
12:26:46.934 [main] DEBUG o.h.p.entity.AbstractEntityPersister - Static SQL for entity: Classes.Card
12:26:46.934 [main] DEBUG o.h.p.entity.AbstractEntityPersister -  Version select: select id from Card where id =?
12:26:46.934 [main] DEBUG o.h.p.entity.AbstractEntityPersister -  Snapshot select: select card_.id, card_.emissionDate as emission2_0_, card_.expirationDate as expirati3_0_, card_.person_id as person_i4_0_ from Card card_ where card_.id=?
12:26:46.934 [main] DEBUG o.h.p.entity.AbstractEntityPersister -  Insert 0: insert into Card (emissionDate, expirationDate, person_id, id) values (?, ?, ?, ?)
12:26:46.934 [main] DEBUG o.h.p.entity.AbstractEntityPersister -  Update 0: update Card set emissionDate=?, expirationDate=?, person_id=? where id=?
12:26:46.934 [main] DEBUG o.h.p.entity.AbstractEntityPersister -  Delete 0: delete from Card where id=?
12:26:46.934 [main] DEBUG o.h.p.entity.AbstractEntityPersister -  Identity insert: insert into Card (emissionDate, expirationDate, person_id) values (?, ?, ?)
12:26:46.934 [main] DEBUG o.h.l.p.b.i.spaces.QuerySpacesImpl - Adding QuerySpace : uid = <gen:0> -> org.hibernate.loader.plan.build.internal.spaces.EntityQuerySpaceImpl@10c47c79]
12:26:46.934 [main] DEBUG o.h.p.w.spi.MetamodelGraphWalker - Visiting attribute path : emissionDate
12:26:46.934 [main] DEBUG o.h.p.w.spi.MetamodelGraphWalker - Visiting attribute path : expirationDate
12:26:46.934 [main] DEBUG o.h.p.w.spi.MetamodelGraphWalker - Visiting attribute path : person
12:26:46.934 [main] DEBUG o.h.l.p.b.i.spaces.QuerySpacesImpl - Adding QuerySpace : uid = <gen:1> -> org.hibernate.loader.plan.build.internal.spaces.EntityQuerySpaceImpl@753fd7a1]
12:26:46.935 [main] DEBUG o.h.p.w.spi.MetamodelGraphWalker - Visiting attribute path : person.birthdate
12:26:46.935 [main] DEBUG o.h.p.w.spi.MetamodelGraphWalker - Visiting attribute path : person.firstName
12:26:46.935 [main] DEBUG o.h.p.w.spi.MetamodelGraphWalker - Visiting attribute path : person.lastName
12:26:46.935 [main] DEBUG o.h.p.w.spi.MetamodelGraphWalker - Visiting attribute path : person.cardNum
12:26:46.936 [main] DEBUG o.h.p.w.spi.MetamodelGraphWalker - Property path deemed to be circular : person.cardNum
12:26:46.936 [main] DEBUG o.h.l.p.b.i.FetchStyleLoadPlanBuildingAssociationVisitationStrategy - Building LoadPlan...
12:26:46.936 [main] DEBUG o.h.l.p.e.i.LoadQueryJoinAndFetchProcessor - processing queryspace <gen:0>
12:26:46.936 [main] DEBUG o.h.l.p.b.spi.LoadPlanTreePrinter - LoadPlan(entity=Classes.Card)
    - Returns
       - EntityReturnImpl(entity=Classes.Card, querySpaceUid=<gen:0>, path=Classes.Card)
          - EntityAttributeFetchImpl(entity=Classes.Person, querySpaceUid=<gen:1>, path=Classes.Card.person)
    - QuerySpaces
       - EntityQuerySpaceImpl(uid=<gen:0>, entity=Classes.Card)
          - SQL table alias mapping - card0_
          - alias suffix - 0_
          - suffixed key columns - {id1_0_0_}
          - JOIN (JoinDefinedByMetadata(person)) : <gen:0> -> <gen:1>
             - EntityQuerySpaceImpl(uid=<gen:1>, entity=Classes.Person)
                - SQL table alias mapping - person1_
                - alias suffix - 1_
                - suffixed key columns - {id1_1_1_}

12:26:46.936 [main] DEBUG o.h.loader.entity.plan.EntityLoader - Static select for entity Classes.Card [NONE]: select card0_.id as id1_0_0_, card0_.emissionDate as emission2_0_0_, card0_.expirationDate as expirati3_0_0_, card0_.person_id as person_i4_0_0_, person1_.id as id1_1_1_, person1_.birthdate as birthdat2_1_1_, person1_.firstName as firstnam3_1_1_, person1_.lastName as lastname4_1_1_ from Card card0_ left outer join Person person1_ on card0_.person_id=person1_.id where card0_.id=?
12:26:46.940 [main] DEBUG org.hibernate.loader.Loader - Static select for entity Classes.Card [NONE]: select card0_.id as id1_0_1_, card0_.emissionDate as emission2_0_1_, card0_.expirationDate as expirati3_0_1_, card0_.person_id as person_i4_0_1_, person1_.id as id1_1_0_, person1_.birthdate as birthdat2_1_0_, person1_.firstName as firstnam3_1_0_, person1_.lastName as lastname4_1_0_ from Card card0_ left outer join Person person1_ on card0_.person_id=person1_.id where card0_.person_id=?
12:26:46.941 [main] DEBUG o.h.p.entity.AbstractEntityPersister - Static SQL for entity: Classes.Person
12:26:46.941 [main] DEBUG o.h.p.entity.AbstractEntityPersister -  Version select: select id from Person where id =?
12:26:46.941 [main] DEBUG o.h.p.entity.AbstractEntityPersister -  Snapshot select: select person_.id, person_.birthdate as birthdat2_1_, person_.firstName as firstnam3_1_, person_.lastName as lastname4_1_ from Person person_ where person_.id=?
12:26:46.941 [main] DEBUG o.h.p.entity.AbstractEntityPersister -  Insert 0: insert into Person (birthdate, firstName, lastName, id) values (?, ?, ?, ?)
12:26:46.941 [main] DEBUG o.h.p.entity.AbstractEntityPersister -  Update 0: update Person set birthdate=?, firstName=?, lastName=? where id=?
12:26:46.941 [main] DEBUG o.h.p.entity.AbstractEntityPersister -  Delete 0: delete from Person where id=?
12:26:46.941 [main] DEBUG o.h.p.entity.AbstractEntityPersister -  Identity insert: insert into Person (birthdate, firstName, lastName) values (?, ?, ?)
12:26:46.941 [main] DEBUG o.h.l.p.b.i.spaces.QuerySpacesImpl - Adding QuerySpace : uid = <gen:0> -> org.hibernate.loader.plan.build.internal.spaces.EntityQuerySpaceImpl@7209ffb5]
12:26:46.941 [main] DEBUG o.h.p.w.spi.MetamodelGraphWalker - Visiting attribute path : birthdate
12:26:46.941 [main] DEBUG o.h.p.w.spi.MetamodelGraphWalker - Visiting attribute path : firstName
12:26:46.941 [main] DEBUG o.h.p.w.spi.MetamodelGraphWalker - Visiting attribute path : lastName
12:26:46.941 [main] DEBUG o.h.p.w.spi.MetamodelGraphWalker - Visiting attribute path : cardNum
12:26:46.941 [main] DEBUG o.h.l.p.b.i.spaces.QuerySpacesImpl - Adding QuerySpace : uid = <gen:1> -> org.hibernate.loader.plan.build.internal.spaces.EntityQuerySpaceImpl@2fe74516]
12:26:46.941 [main] DEBUG o.h.p.w.spi.MetamodelGraphWalker - Visiting attribute path : cardNum.emissionDate
12:26:46.941 [main] DEBUG o.h.p.w.spi.MetamodelGraphWalker - Visiting attribute path : cardNum.expirationDate
12:26:46.941 [main] DEBUG o.h.p.w.spi.MetamodelGraphWalker - Visiting attribute path : cardNum.person
12:26:46.941 [main] DEBUG o.h.p.w.spi.MetamodelGraphWalker - Property path deemed to be circular : cardNum.person
12:26:46.941 [main] DEBUG o.h.l.p.b.i.FetchStyleLoadPlanBuildingAssociationVisitationStrategy - Building LoadPlan...
12:26:46.941 [main] DEBUG o.h.l.p.e.i.LoadQueryJoinAndFetchProcessor - processing queryspace <gen:0>
12:26:46.941 [main] DEBUG o.h.l.p.b.spi.LoadPlanTreePrinter - LoadPlan(entity=Classes.Person)
    - Returns
       - EntityReturnImpl(entity=Classes.Person, querySpaceUid=<gen:0>, path=Classes.Person)
          - EntityAttributeFetchImpl(entity=Classes.Card, querySpaceUid=<gen:1>, path=Classes.Person.cardNum)
    - QuerySpaces
       - EntityQuerySpaceImpl(uid=<gen:0>, entity=Classes.Person)
          - SQL table alias mapping - person0_
          - alias suffix - 0_
          - suffixed key columns - {id1_1_0_}
          - JOIN (JoinDefinedByMetadata(cardNum)) : <gen:0> -> <gen:1>
             - EntityQuerySpaceImpl(uid=<gen:1>, entity=Classes.Card)
                - SQL table alias mapping - card1_
                - alias suffix - 1_
                - suffixed key columns - {id1_0_1_}

12:26:46.941 [main] DEBUG o.h.loader.entity.plan.EntityLoader - Static select for entity Classes.Person [NONE]: select person0_.id as id1_1_0_, person0_.birthdate as birthdat2_1_0_, person0_.firstName as firstnam3_1_0_, person0_.lastName as lastname4_1_0_, card1_.id as id1_0_1_, card1_.emissionDate as emission2_0_1_, card1_.expirationDate as expirati3_0_1_, card1_.person_id as person_i4_0_1_ from Person person0_ left outer join Card card1_ on person0_.id=card1_.person_id where person0_.id=?
12:26:46.941 [main] DEBUG o.h.p.entity.AbstractEntityPersister - Static SQL for entity: Classes.Pass
12:26:46.941 [main] DEBUG o.h.p.entity.AbstractEntityPersister -  Version select: select id from Ticket where id =?
12:26:46.941 [main] DEBUG o.h.p.entity.AbstractEntityPersister -  Snapshot select: select pass_.id, pass_.seller_id as seller_i4_2_, pass_.person_id as person_i5_2_, pass_.sellers_id as sellers_6_2_, pass_.validity as validity3_2_ from Ticket pass_ where pass_.id=?
12:26:46.941 [main] DEBUG o.h.p.entity.AbstractEntityPersister -  Insert 0: insert into Ticket (seller_id, person_id, sellers_id, validity, DTYPE, id) values (?, ?, ?, ?, 'Pass', ?)
12:26:46.941 [main] DEBUG o.h.p.entity.AbstractEntityPersister -  Update 0: update Ticket set seller_id=?, person_id=?, sellers_id=?, validity=? where id=?
12:26:46.941 [main] DEBUG o.h.p.entity.AbstractEntityPersister -  Delete 0: delete from Ticket where id=?
12:26:46.941 [main] DEBUG o.h.p.entity.AbstractEntityPersister -  Identity insert: insert into Ticket (seller_id, person_id, sellers_id, validity, DTYPE) values (?, ?, ?, ?, 'Pass')
12:26:46.941 [main] DEBUG o.h.l.p.b.i.spaces.QuerySpacesImpl - Adding QuerySpace : uid = <gen:0> -> org.hibernate.loader.plan.build.internal.spaces.EntityQuerySpaceImpl@217bf99e]
12:26:46.941 [main] DEBUG o.h.p.w.spi.MetamodelGraphWalker - Visiting attribute path : seller
12:26:46.941 [main] DEBUG o.h.l.p.b.i.spaces.QuerySpacesImpl - Adding QuerySpace : uid = <gen:1> -> org.hibernate.loader.plan.build.internal.spaces.EntityQuerySpaceImpl@7ddd84b5]
12:26:46.941 [main] DEBUG o.h.p.w.spi.MetamodelGraphWalker - Visiting attribute path : seller.name
12:26:46.941 [main] DEBUG o.h.p.w.spi.MetamodelGraphWalker - Visiting attribute path : seller.passes
12:26:46.941 [main] DEBUG o.h.l.p.b.i.spaces.QuerySpacesImpl - Adding QuerySpace : uid = <gen:2> -> org.hibernate.loader.plan.build.internal.spaces.CollectionQuerySpaceImpl@d675f9f]
12:26:46.941 [main] DEBUG o.h.l.p.b.i.spaces.QuerySpacesImpl - Adding QuerySpace : uid = <gen:3> -> org.hibernate.loader.plan.build.internal.spaces.EntityQuerySpaceImpl@58af5076]
12:26:46.941 [main] DEBUG o.h.p.w.spi.MetamodelGraphWalker - Visiting attribute path : seller.tickets
12:26:46.941 [main] DEBUG o.h.l.p.b.i.spaces.QuerySpacesImpl - Adding QuerySpace : uid = <gen:4> -> org.hibernate.loader.plan.build.internal.spaces.CollectionQuerySpaceImpl@49469ffa]
12:26:46.941 [main] DEBUG o.h.l.p.b.i.spaces.QuerySpacesImpl - Adding QuerySpace : uid = <gen:5> -> org.hibernate.loader.plan.build.internal.spaces.EntityQuerySpaceImpl@4d9754a8]
12:26:46.941 [main] DEBUG o.h.p.w.spi.MetamodelGraphWalker - Visiting attribute path : seller.people
12:26:46.941 [main] DEBUG o.h.l.p.b.i.spaces.QuerySpacesImpl - Adding QuerySpace : uid = <gen:6> -> org.hibernate.loader.plan.build.internal.spaces.CollectionQuerySpaceImpl@7a3b7122]
12:26:46.941 [main] DEBUG o.h.l.p.b.i.spaces.QuerySpacesImpl - Adding QuerySpace : uid = <gen:7> -> org.hibernate.loader.plan.build.internal.spaces.EntityQuerySpaceImpl@58b5a2f3]
12:26:46.941 [main] DEBUG o.h.p.w.spi.MetamodelGraphWalker - Visiting attribute path : seller.isWorking
12:26:46.941 [main] DEBUG o.h.p.w.spi.MetamodelGraphWalker - Visiting attribute path : person
12:26:46.941 [main] DEBUG o.h.l.p.b.i.spaces.QuerySpacesImpl - Adding QuerySpace : uid = <gen:8> -> org.hibernate.loader.plan.build.internal.spaces.EntityQuerySpaceImpl@25f15f50]
12:26:46.941 [main] DEBUG o.h.p.w.spi.MetamodelGraphWalker - Visiting attribute path : person.birthdate
12:26:46.941 [main] DEBUG o.h.p.w.spi.MetamodelGraphWalker - Visiting attribute path : person.firstName
12:26:46.941 [main] DEBUG o.h.p.w.spi.MetamodelGraphWalker - Visiting attribute path : person.lastName
12:26:46.941 [main] DEBUG o.h.p.w.spi.MetamodelGraphWalker - Visiting attribute path : person.cardNum
12:26:46.941 [main] DEBUG o.h.l.p.b.i.spaces.QuerySpacesImpl - Adding QuerySpace : uid = <gen:9> -> org.hibernate.loader.plan.build.internal.spaces.EntityQuerySpaceImpl@7327a447]
12:26:46.941 [main] DEBUG o.h.p.w.spi.MetamodelGraphWalker - Visiting attribute path : person.cardNum.emissionDate
12:26:46.941 [main] DEBUG o.h.p.w.spi.MetamodelGraphWalker - Visiting attribute path : person.cardNum.expirationDate
12:26:46.941 [main] DEBUG o.h.p.w.spi.MetamodelGraphWalker - Visiting attribute path : person.cardNum.person
12:26:46.941 [main] DEBUG o.h.p.w.spi.MetamodelGraphWalker - Property path deemed to be circular : person.cardNum.person
12:26:46.941 [main] DEBUG o.h.p.w.spi.MetamodelGraphWalker - Visiting attribute path : sellers
12:26:46.943 [main] DEBUG o.h.l.p.b.i.spaces.QuerySpacesImpl - Adding QuerySpace : uid = <gen:10> -> org.hibernate.loader.plan.build.internal.spaces.EntityQuerySpaceImpl@2954f6ab]
12:26:46.943 [main] DEBUG o.h.p.w.spi.MetamodelGraphWalker - Visiting attribute path : sellers.name
12:26:46.943 [main] DEBUG o.h.p.w.spi.MetamodelGraphWalker - Visiting attribute path : sellers.passes
12:26:46.943 [main] DEBUG o.h.l.p.b.i.spaces.QuerySpacesImpl - Adding QuerySpace : uid = <gen:11> -> org.hibernate.loader.plan.build.internal.spaces.CollectionQuerySpaceImpl@163042ea]
12:26:46.943 [main] DEBUG o.h.l.p.b.i.spaces.QuerySpacesImpl - Adding QuerySpace : uid = <gen:12> -> org.hibernate.loader.plan.build.internal.spaces.EntityQuerySpaceImpl@11d045b4]
12:26:46.943 [main] DEBUG o.h.p.w.spi.MetamodelGraphWalker - Visiting attribute path : sellers.tickets
12:26:46.943 [main] DEBUG o.h.l.p.b.i.spaces.QuerySpacesImpl - Adding QuerySpace : uid = <gen:13> -> org.hibernate.loader.plan.build.internal.spaces.CollectionQuerySpaceImpl@1fbf088b]
12:26:46.943 [main] DEBUG o.h.l.p.b.i.spaces.QuerySpacesImpl - Adding QuerySpace : uid = <gen:14> -> org.hibernate.loader.plan.build.internal.spaces.EntityQuerySpaceImpl@1943c1f2]
12:26:46.943 [main] DEBUG o.h.p.w.spi.MetamodelGraphWalker - Visiting attribute path : sellers.people
12:26:46.943 [main] DEBUG o.h.l.p.b.i.spaces.QuerySpacesImpl - Adding QuerySpace : uid = <gen:15> -> org.hibernate.loader.plan.build.internal.spaces.CollectionQuerySpaceImpl@d70f722]
12:26:46.943 [main] DEBUG o.h.l.p.b.i.spaces.QuerySpacesImpl - Adding QuerySpace : uid = <gen:16> -> org.hibernate.loader.plan.build.internal.spaces.EntityQuerySpaceImpl@1e1eeedd]
12:26:46.943 [main] DEBUG o.h.p.w.spi.MetamodelGraphWalker - Visiting attribute path : sellers.isWorking
12:26:46.943 [main] DEBUG o.h.p.w.spi.MetamodelGraphWalker - Visiting attribute path : validity
12:26:46.943 [main] DEBUG o.h.l.p.b.i.FetchStyleLoadPlanBuildingAssociationVisitationStrategy - Building LoadPlan...
12:26:46.943 [main] DEBUG o.h.l.p.e.i.LoadQueryJoinAndFetchProcessor - processing queryspace <gen:0>
12:26:46.943 [main] DEBUG o.h.l.p.b.spi.LoadPlanTreePrinter - LoadPlan(entity=Classes.Pass)
    - Returns
       - EntityReturnImpl(entity=Classes.Pass, querySpaceUid=<gen:0>, path=Classes.Pass)
          - EntityAttributeFetchImpl(entity=Abstract.TicketSeller, querySpaceUid=<gen:1>, path=Classes.Pass.seller)
             - CollectionAttributeFetchImpl(collection=Abstract.TicketSeller.passes, querySpaceUid=<gen:2>, path=Classes.Pass.seller.passes)
                - (collection element) CollectionFetchableElementEntityGraph(entity=Classes.Pass, querySpaceUid=<gen:3>, path=Classes.Pass.seller.passes.<elements>)
             - CollectionAttributeFetchImpl(collection=Abstract.TicketSeller.tickets, querySpaceUid=<gen:4>, path=Classes.Pass.seller.tickets)
                - (collection element) CollectionFetchableElementEntityGraph(entity=Classes.Ticket, querySpaceUid=<gen:5>, path=Classes.Pass.seller.tickets.<elements>)
             - CollectionAttributeFetchImpl(collection=Classes.Shop.people, querySpaceUid=<gen:6>, path=Classes.Pass.seller.people)
                - (collection element) CollectionFetchableElementEntityGraph(entity=Classes.Person, querySpaceUid=<gen:7>, path=Classes.Pass.seller.people.<elements>)
          - EntityAttributeFetchImpl(entity=Classes.Person, querySpaceUid=<gen:8>, path=Classes.Pass.person)
             - EntityAttributeFetchImpl(entity=Classes.Card, querySpaceUid=<gen:9>, path=Classes.Pass.person.cardNum)
          - EntityAttributeFetchImpl(entity=Abstract.TicketSeller, querySpaceUid=<gen:10>, path=Classes.Pass.sellers)
             - CollectionAttributeFetchImpl(collection=Abstract.TicketSeller.passes, querySpaceUid=<gen:11>, path=Classes.Pass.sellers.passes)
                - (collection element) CollectionFetchableElementEntityGraph(entity=Classes.Pass, querySpaceUid=<gen:12>, path=Classes.Pass.sellers.passes.<elements>)
             - CollectionAttributeFetchImpl(collection=Abstract.TicketSeller.tickets, querySpaceUid=<gen:13>, path=Classes.Pass.sellers.tickets)
                - (collection element) CollectionFetchableElementEntityGraph(entity=Classes.Ticket, querySpaceUid=<gen:14>, path=Classes.Pass.sellers.tickets.<elements>)
             - CollectionAttributeFetchImpl(collection=Classes.Shop.people, querySpaceUid=<gen:15>, path=Classes.Pass.sellers.people)
                - (collection element) CollectionFetchableElementEntityGraph(entity=Classes.Person, querySpaceUid=<gen:16>, path=Classes.Pass.sellers.people.<elements>)
    - QuerySpaces
       - EntityQuerySpaceImpl(uid=<gen:0>, entity=Classes.Pass)
          - SQL table alias mapping - pass0_
          - alias suffix - 0_
          - suffixed key columns - {id2_2_0_}
          - JOIN (JoinDefinedByMetadata(seller)) : <gen:0> -> <gen:1>
             - EntityQuerySpaceImpl(uid=<gen:1>, entity=Abstract.TicketSeller)
                - SQL table alias mapping - ticketsell1_
                - alias suffix - 1_
                - suffixed key columns - {id2_3_1_}
          - JOIN (JoinDefinedByMetadata(person)) : <gen:0> -> <gen:8>
             - EntityQuerySpaceImpl(uid=<gen:8>, entity=Classes.Person)
                - SQL table alias mapping - person2_
                - alias suffix - 2_
                - suffixed key columns - {id1_1_2_}
                - JOIN (JoinDefinedByMetadata(cardNum)) : <gen:8> -> <gen:9>
                   - EntityQuerySpaceImpl(uid=<gen:9>, entity=Classes.Card)
                      - SQL table alias mapping - card3_
                      - alias suffix - 3_
                      - suffixed key columns - {id1_0_3_}
          - JOIN (JoinDefinedByMetadata(sellers)) : <gen:0> -> <gen:10>
             - EntityQuerySpaceImpl(uid=<gen:10>, entity=Abstract.TicketSeller)
                - SQL table alias mapping - ticketsell4_
                - alias suffix - 4_
                - suffixed key columns - {id2_3_4_}

12:26:46.944 [main] DEBUG o.h.loader.entity.plan.EntityLoader - Static select for entity Classes.Pass [NONE]: select pass0_.id as id2_2_0_, pass0_.seller_id as seller_i4_2_0_, pass0_.person_id as person_i5_2_0_, pass0_.sellers_id as sellers_6_2_0_, pass0_.validity as validity3_2_0_, ticketsell1_.id as id2_3_1_, ticketsell1_.seller_name as seller_n3_3_1_, ticketsell1_.isWorking as isworkin4_3_1_, ticketsell1_.Elementi as elementi1_3_1_, person2_.id as id1_1_2_, person2_.birthdate as birthdat2_1_2_, person2_.firstName as firstnam3_1_2_, person2_.lastName as lastname4_1_2_, card3_.id as id1_0_3_, card3_.emissionDate as emission2_0_3_, card3_.expirationDate as expirati3_0_3_, card3_.person_id as person_i4_0_3_, ticketsell4_.id as id2_3_4_, ticketsell4_.seller_name as seller_n3_3_4_, ticketsell4_.isWorking as isworkin4_3_4_, ticketsell4_.Elementi as elementi1_3_4_ from Ticket pass0_ left outer join TicketSeller ticketsell1_ on pass0_.seller_id=ticketsell1_.id left outer join Person person2_ on pass0_.person_id=person2_.id left outer join Card card3_ on person2_.id=card3_.person_id left outer join TicketSeller ticketsell4_ on pass0_.sellers_id=ticketsell4_.id where pass0_.id=? and pass0_.DTYPE='Pass'
12:26:46.944 [main] DEBUG o.h.p.entity.AbstractEntityPersister - Static SQL for entity: Classes.Shop
12:26:46.944 [main] DEBUG o.h.p.entity.AbstractEntityPersister -  Version select: select id from TicketSeller where id =?
12:26:46.944 [main] DEBUG o.h.p.entity.AbstractEntityPersister -  Snapshot select: select shop_.id, shop_.seller_name as seller_n3_3_ from TicketSeller shop_ where shop_.id=?
12:26:46.944 [main] DEBUG o.h.p.entity.AbstractEntityPersister -  Insert 0: insert into TicketSeller (seller_name, Elementi, id) values (?, 'shop', ?)
12:26:46.944 [main] DEBUG o.h.p.entity.AbstractEntityPersister -  Update 0: update TicketSeller set seller_name=? where id=?
12:26:46.944 [main] DEBUG o.h.p.entity.AbstractEntityPersister -  Delete 0: delete from TicketSeller where id=?
12:26:46.944 [main] DEBUG o.h.l.p.b.i.spaces.QuerySpacesImpl - Adding QuerySpace : uid = <gen:0> -> org.hibernate.loader.plan.build.internal.spaces.EntityQuerySpaceImpl@798256c5]
12:26:46.944 [main] DEBUG o.h.p.w.spi.MetamodelGraphWalker - Visiting attribute path : name
12:26:46.944 [main] DEBUG o.h.p.w.spi.MetamodelGraphWalker - Visiting attribute path : passes
12:26:46.944 [main] DEBUG o.h.l.p.b.i.spaces.QuerySpacesImpl - Adding QuerySpace : uid = <gen:1> -> org.hibernate.loader.plan.build.internal.spaces.CollectionQuerySpaceImpl@748a654a]
12:26:46.944 [main] DEBUG o.h.l.p.b.i.spaces.QuerySpacesImpl - Adding QuerySpace : uid = <gen:2> -> org.hibernate.loader.plan.build.internal.spaces.EntityQuerySpaceImpl@1d8b0500]
12:26:46.944 [main] DEBUG o.h.p.w.spi.MetamodelGraphWalker - Visiting attribute path : tickets
12:26:46.944 [main] DEBUG o.h.l.p.b.i.spaces.QuerySpacesImpl - Adding QuerySpace : uid = <gen:3> -> org.hibernate.loader.plan.build.internal.spaces.CollectionQuerySpaceImpl@76544c0a]
12:26:46.944 [main] DEBUG o.h.l.p.b.i.spaces.QuerySpacesImpl - Adding QuerySpace : uid = <gen:4> -> org.hibernate.loader.plan.build.internal.spaces.EntityQuerySpaceImpl@428bdd72]
12:26:46.944 [main] DEBUG o.h.p.w.spi.MetamodelGraphWalker - Visiting attribute path : people
12:26:46.944 [main] DEBUG o.h.l.p.b.i.spaces.QuerySpacesImpl - Adding QuerySpace : uid = <gen:5> -> org.hibernate.loader.plan.build.internal.spaces.CollectionQuerySpaceImpl@650c405c]
12:26:46.944 [main] DEBUG o.h.l.p.b.i.spaces.QuerySpacesImpl - Adding QuerySpace : uid = <gen:6> -> org.hibernate.loader.plan.build.internal.spaces.EntityQuerySpaceImpl@20eaeaf8]
12:26:46.944 [main] DEBUG o.h.l.p.b.i.FetchStyleLoadPlanBuildingAssociationVisitationStrategy - Building LoadPlan...
12:26:46.944 [main] DEBUG o.h.l.p.e.i.LoadQueryJoinAndFetchProcessor - processing queryspace <gen:0>
12:26:46.944 [main] DEBUG o.h.l.p.b.spi.LoadPlanTreePrinter - LoadPlan(entity=Classes.Shop)
    - Returns
       - EntityReturnImpl(entity=Classes.Shop, querySpaceUid=<gen:0>, path=Classes.Shop)
          - CollectionAttributeFetchImpl(collection=Abstract.TicketSeller.passes, querySpaceUid=<gen:1>, path=Classes.Shop.passes)
             - (collection element) CollectionFetchableElementEntityGraph(entity=Classes.Pass, querySpaceUid=<gen:2>, path=Classes.Shop.passes.<elements>)
          - CollectionAttributeFetchImpl(collection=Abstract.TicketSeller.tickets, querySpaceUid=<gen:3>, path=Classes.Shop.tickets)
             - (collection element) CollectionFetchableElementEntityGraph(entity=Classes.Ticket, querySpaceUid=<gen:4>, path=Classes.Shop.tickets.<elements>)
          - CollectionAttributeFetchImpl(collection=Classes.Shop.people, querySpaceUid=<gen:5>, path=Classes.Shop.people)
             - (collection element) CollectionFetchableElementEntityGraph(entity=Classes.Person, querySpaceUid=<gen:6>, path=Classes.Shop.people.<elements>)
    - QuerySpaces
       - EntityQuerySpaceImpl(uid=<gen:0>, entity=Classes.Shop)
          - SQL table alias mapping - shop0_
          - alias suffix - 0_
          - suffixed key columns - {id2_3_0_}

12:26:46.944 [main] DEBUG o.h.loader.entity.plan.EntityLoader - Static select for entity Classes.Shop [NONE]: select shop0_.id as id2_3_0_, shop0_.seller_name as seller_n3_3_0_ from TicketSeller shop0_ where shop0_.id=? and shop0_.Elementi='shop'
12:26:46.944 [main] DEBUG o.h.p.entity.AbstractEntityPersister - Static SQL for entity: Classes.Ticket
12:26:46.944 [main] DEBUG o.h.p.entity.AbstractEntityPersister -  Version select: select id from Ticket where id =?
12:26:46.944 [main] DEBUG o.h.p.entity.AbstractEntityPersister -  Snapshot select: select ticket_.id, ticket_.seller_id as seller_i4_2_ from Ticket ticket_ where ticket_.id=?
12:26:46.944 [main] DEBUG o.h.p.entity.AbstractEntityPersister -  Insert 0: insert into Ticket (seller_id, DTYPE, id) values (?, 'Ticket', ?)
12:26:46.944 [main] DEBUG o.h.p.entity.AbstractEntityPersister -  Update 0: update Ticket set seller_id=? where id=?
12:26:46.944 [main] DEBUG o.h.p.entity.AbstractEntityPersister -  Delete 0: delete from Ticket where id=?
12:26:46.944 [main] DEBUG o.h.p.entity.AbstractEntityPersister -  Identity insert: insert into Ticket (seller_id, DTYPE) values (?, 'Ticket')
12:26:46.944 [main] DEBUG o.h.l.p.b.i.spaces.QuerySpacesImpl - Adding QuerySpace : uid = <gen:0> -> org.hibernate.loader.plan.build.internal.spaces.EntityQuerySpaceImpl@748ac6f3]
12:26:46.944 [main] DEBUG o.h.p.w.spi.MetamodelGraphWalker - Visiting attribute path : seller
12:26:46.944 [main] DEBUG o.h.l.p.b.i.spaces.QuerySpacesImpl - Adding QuerySpace : uid = <gen:1> -> org.hibernate.loader.plan.build.internal.spaces.EntityQuerySpaceImpl@6fff46bf]
12:26:46.945 [main] DEBUG o.h.p.w.spi.MetamodelGraphWalker - Visiting attribute path : seller.name
12:26:46.945 [main] DEBUG o.h.p.w.spi.MetamodelGraphWalker - Visiting attribute path : seller.passes
12:26:46.945 [main] DEBUG o.h.l.p.b.i.spaces.QuerySpacesImpl - Adding QuerySpace : uid = <gen:2> -> org.hibernate.loader.plan.build.internal.spaces.CollectionQuerySpaceImpl@3aaa3c39]
12:26:46.945 [main] DEBUG o.h.l.p.b.i.spaces.QuerySpacesImpl - Adding QuerySpace : uid = <gen:3> -> org.hibernate.loader.plan.build.internal.spaces.EntityQuerySpaceImpl@65a9ea3c]
12:26:46.945 [main] DEBUG o.h.p.w.spi.MetamodelGraphWalker - Visiting attribute path : seller.tickets
12:26:46.945 [main] DEBUG o.h.l.p.b.i.spaces.QuerySpacesImpl - Adding QuerySpace : uid = <gen:4> -> org.hibernate.loader.plan.build.internal.spaces.CollectionQuerySpaceImpl@70f68288]
12:26:46.945 [main] DEBUG o.h.l.p.b.i.spaces.QuerySpacesImpl - Adding QuerySpace : uid = <gen:5> -> org.hibernate.loader.plan.build.internal.spaces.EntityQuerySpaceImpl@46911148]
12:26:46.945 [main] DEBUG o.h.p.w.spi.MetamodelGraphWalker - Visiting attribute path : seller.people
12:26:46.945 [main] DEBUG o.h.l.p.b.i.spaces.QuerySpacesImpl - Adding QuerySpace : uid = <gen:6> -> org.hibernate.loader.plan.build.internal.spaces.CollectionQuerySpaceImpl@2db1b657]
12:26:46.945 [main] DEBUG o.h.l.p.b.i.spaces.QuerySpacesImpl - Adding QuerySpace : uid = <gen:7> -> org.hibernate.loader.plan.build.internal.spaces.EntityQuerySpaceImpl@7e351d7]
12:26:46.945 [main] DEBUG o.h.p.w.spi.MetamodelGraphWalker - Visiting attribute path : seller.isWorking
12:26:46.945 [main] DEBUG o.h.p.w.spi.MetamodelGraphWalker - Visiting attribute path : person
12:26:46.945 [main] DEBUG o.h.l.p.b.i.spaces.QuerySpacesImpl - Adding QuerySpace : uid = <gen:8> -> org.hibernate.loader.plan.build.internal.spaces.EntityQuerySpaceImpl@43c57161]
12:26:46.945 [main] DEBUG o.h.p.w.spi.MetamodelGraphWalker - Visiting attribute path : person.birthdate
12:26:46.945 [main] DEBUG o.h.p.w.spi.MetamodelGraphWalker - Visiting attribute path : person.firstName
12:26:46.945 [main] DEBUG o.h.p.w.spi.MetamodelGraphWalker - Visiting attribute path : person.lastName
12:26:46.945 [main] DEBUG o.h.p.w.spi.MetamodelGraphWalker - Visiting attribute path : person.cardNum
12:26:46.945 [main] DEBUG o.h.l.p.b.i.spaces.QuerySpacesImpl - Adding QuerySpace : uid = <gen:9> -> org.hibernate.loader.plan.build.internal.spaces.EntityQuerySpaceImpl@2db33feb]
12:26:46.945 [main] DEBUG o.h.p.w.spi.MetamodelGraphWalker - Visiting attribute path : person.cardNum.emissionDate
12:26:46.945 [main] DEBUG o.h.p.w.spi.MetamodelGraphWalker - Visiting attribute path : person.cardNum.expirationDate
12:26:46.945 [main] DEBUG o.h.p.w.spi.MetamodelGraphWalker - Visiting attribute path : person.cardNum.person
12:26:46.945 [main] DEBUG o.h.p.w.spi.MetamodelGraphWalker - Property path deemed to be circular : person.cardNum.person
12:26:46.945 [main] DEBUG o.h.p.w.spi.MetamodelGraphWalker - Visiting attribute path : sellers
12:26:46.945 [main] DEBUG o.h.l.p.b.i.spaces.QuerySpacesImpl - Adding QuerySpace : uid = <gen:10> -> org.hibernate.loader.plan.build.internal.spaces.EntityQuerySpaceImpl@58658f63]
12:26:46.945 [main] DEBUG o.h.p.w.spi.MetamodelGraphWalker - Visiting attribute path : sellers.name
12:26:46.945 [main] DEBUG o.h.p.w.spi.MetamodelGraphWalker - Visiting attribute path : sellers.passes
12:26:46.945 [main] DEBUG o.h.l.p.b.i.spaces.QuerySpacesImpl - Adding QuerySpace : uid = <gen:11> -> org.hibernate.loader.plan.build.internal.spaces.CollectionQuerySpaceImpl@60990e5c]
12:26:46.945 [main] DEBUG o.h.l.p.b.i.spaces.QuerySpacesImpl - Adding QuerySpace : uid = <gen:12> -> org.hibernate.loader.plan.build.internal.spaces.EntityQuerySpaceImpl@4d84049a]
12:26:46.945 [main] DEBUG o.h.p.w.spi.MetamodelGraphWalker - Visiting attribute path : sellers.tickets
12:26:46.945 [main] DEBUG o.h.l.p.b.i.spaces.QuerySpacesImpl - Adding QuerySpace : uid = <gen:13> -> org.hibernate.loader.plan.build.internal.spaces.CollectionQuerySpaceImpl@39ee94de]
12:26:46.945 [main] DEBUG o.h.l.p.b.i.spaces.QuerySpacesImpl - Adding QuerySpace : uid = <gen:14> -> org.hibernate.loader.plan.build.internal.spaces.EntityQuerySpaceImpl@642857e0]
12:26:46.945 [main] DEBUG o.h.p.w.spi.MetamodelGraphWalker - Visiting attribute path : sellers.people
12:26:46.945 [main] DEBUG o.h.l.p.b.i.spaces.QuerySpacesImpl - Adding QuerySpace : uid = <gen:15> -> org.hibernate.loader.plan.build.internal.spaces.CollectionQuerySpaceImpl@4c6b4ed7]
12:26:46.945 [main] DEBUG o.h.l.p.b.i.spaces.QuerySpacesImpl - Adding QuerySpace : uid = <gen:16> -> org.hibernate.loader.plan.build.internal.spaces.EntityQuerySpaceImpl@21263314]
12:26:46.945 [main] DEBUG o.h.p.w.spi.MetamodelGraphWalker - Visiting attribute path : sellers.isWorking
12:26:46.945 [main] DEBUG o.h.p.w.spi.MetamodelGraphWalker - Visiting attribute path : validity
12:26:46.945 [main] DEBUG o.h.l.p.b.i.FetchStyleLoadPlanBuildingAssociationVisitationStrategy - Building LoadPlan...
12:26:46.946 [main] DEBUG o.h.l.p.e.i.LoadQueryJoinAndFetchProcessor - processing queryspace <gen:0>
12:26:46.946 [main] DEBUG o.h.l.p.b.spi.LoadPlanTreePrinter - LoadPlan(entity=Classes.Ticket)
    - Returns
       - EntityReturnImpl(entity=Classes.Ticket, querySpaceUid=<gen:0>, path=Classes.Ticket)
          - EntityAttributeFetchImpl(entity=Abstract.TicketSeller, querySpaceUid=<gen:1>, path=Classes.Ticket.seller)
             - CollectionAttributeFetchImpl(collection=Abstract.TicketSeller.passes, querySpaceUid=<gen:2>, path=Classes.Ticket.seller.passes)
                - (collection element) CollectionFetchableElementEntityGraph(entity=Classes.Pass, querySpaceUid=<gen:3>, path=Classes.Ticket.seller.passes.<elements>)
             - CollectionAttributeFetchImpl(collection=Abstract.TicketSeller.tickets, querySpaceUid=<gen:4>, path=Classes.Ticket.seller.tickets)
                - (collection element) CollectionFetchableElementEntityGraph(entity=Classes.Ticket, querySpaceUid=<gen:5>, path=Classes.Ticket.seller.tickets.<elements>)
             - CollectionAttributeFetchImpl(collection=Classes.Shop.people, querySpaceUid=<gen:6>, path=Classes.Ticket.seller.people)
                - (collection element) CollectionFetchableElementEntityGraph(entity=Classes.Person, querySpaceUid=<gen:7>, path=Classes.Ticket.seller.people.<elements>)
          - EntityAttributeFetchImpl(entity=Classes.Person, querySpaceUid=<gen:8>, path=Classes.Ticket.person)
             - EntityAttributeFetchImpl(entity=Classes.Card, querySpaceUid=<gen:9>, path=Classes.Ticket.person.cardNum)
          - EntityAttributeFetchImpl(entity=Abstract.TicketSeller, querySpaceUid=<gen:10>, path=Classes.Ticket.sellers)
             - CollectionAttributeFetchImpl(collection=Abstract.TicketSeller.passes, querySpaceUid=<gen:11>, path=Classes.Ticket.sellers.passes)
                - (collection element) CollectionFetchableElementEntityGraph(entity=Classes.Pass, querySpaceUid=<gen:12>, path=Classes.Ticket.sellers.passes.<elements>)
             - CollectionAttributeFetchImpl(collection=Abstract.TicketSeller.tickets, querySpaceUid=<gen:13>, path=Classes.Ticket.sellers.tickets)
                - (collection element) CollectionFetchableElementEntityGraph(entity=Classes.Ticket, querySpaceUid=<gen:14>, path=Classes.Ticket.sellers.tickets.<elements>)
             - CollectionAttributeFetchImpl(collection=Classes.Shop.people, querySpaceUid=<gen:15>, path=Classes.Ticket.sellers.people)
                - (collection element) CollectionFetchableElementEntityGraph(entity=Classes.Person, querySpaceUid=<gen:16>, path=Classes.Ticket.sellers.people.<elements>)
    - QuerySpaces
       - EntityQuerySpaceImpl(uid=<gen:0>, entity=Classes.Ticket)
          - SQL table alias mapping - ticket0_
          - alias suffix - 0_
          - suffixed key columns - {id2_2_0_}
          - JOIN (JoinDefinedByMetadata(seller)) : <gen:0> -> <gen:1>
             - EntityQuerySpaceImpl(uid=<gen:1>, entity=Abstract.TicketSeller)
                - SQL table alias mapping - ticketsell1_
                - alias suffix - 1_
                - suffixed key columns - {id2_3_1_}
          - JOIN (JoinDefinedByMetadata(person)) : <gen:0> -> <gen:8>
             - EntityQuerySpaceImpl(uid=<gen:8>, entity=Classes.Person)
                - SQL table alias mapping - person2_
                - alias suffix - 2_
                - suffixed key columns - {id1_1_2_}
                - JOIN (JoinDefinedByMetadata(cardNum)) : <gen:8> -> <gen:9>
                   - EntityQuerySpaceImpl(uid=<gen:9>, entity=Classes.Card)
                      - SQL table alias mapping - card3_
                      - alias suffix - 3_
                      - suffixed key columns - {id1_0_3_}
          - JOIN (JoinDefinedByMetadata(sellers)) : <gen:0> -> <gen:10>
             - EntityQuerySpaceImpl(uid=<gen:10>, entity=Abstract.TicketSeller)
                - SQL table alias mapping - ticketsell4_
                - alias suffix - 4_
                - suffixed key columns - {id2_3_4_}

12:26:46.946 [main] DEBUG o.h.loader.entity.plan.EntityLoader - Static select for entity Classes.Ticket [NONE]: select ticket0_.id as id2_2_0_, ticket0_.seller_id as seller_i4_2_0_, ticket0_.person_id as person_i5_2_0_, ticket0_.sellers_id as sellers_6_2_0_, ticket0_.validity as validity3_2_0_, ticket0_.DTYPE as dtype1_2_0_, ticketsell1_.id as id2_3_1_, ticketsell1_.seller_name as seller_n3_3_1_, ticketsell1_.isWorking as isworkin4_3_1_, ticketsell1_.Elementi as elementi1_3_1_, person2_.id as id1_1_2_, person2_.birthdate as birthdat2_1_2_, person2_.firstName as firstnam3_1_2_, person2_.lastName as lastname4_1_2_, card3_.id as id1_0_3_, card3_.emissionDate as emission2_0_3_, card3_.expirationDate as expirati3_0_3_, card3_.person_id as person_i4_0_3_, ticketsell4_.id as id2_3_4_, ticketsell4_.seller_name as seller_n3_3_4_, ticketsell4_.isWorking as isworkin4_3_4_, ticketsell4_.Elementi as elementi1_3_4_ from Ticket ticket0_ left outer join TicketSeller ticketsell1_ on ticket0_.seller_id=ticketsell1_.id left outer join Person person2_ on ticket0_.person_id=person2_.id left outer join Card card3_ on person2_.id=card3_.person_id left outer join TicketSeller ticketsell4_ on ticket0_.sellers_id=ticketsell4_.id where ticket0_.id=?
12:26:46.946 [main] DEBUG o.h.p.entity.AbstractEntityPersister - Static SQL for entity: Classes.VendingMachine
12:26:46.946 [main] DEBUG o.h.p.entity.AbstractEntityPersister -  Version select: select id from TicketSeller where id =?
12:26:46.946 [main] DEBUG o.h.p.entity.AbstractEntityPersister -  Snapshot select: select vendingmac_.id, vendingmac_.seller_name as seller_n3_3_, vendingmac_.isWorking as isworkin4_3_ from TicketSeller vendingmac_ where vendingmac_.id=?
12:26:46.946 [main] DEBUG o.h.p.entity.AbstractEntityPersister -  Insert 0: insert into TicketSeller (seller_name, isWorking, Elementi, id) values (?, ?, 'vending_machine', ?)
12:26:46.946 [main] DEBUG o.h.p.entity.AbstractEntityPersister -  Update 0: update TicketSeller set seller_name=?, isWorking=? where id=?
12:26:46.946 [main] DEBUG o.h.p.entity.AbstractEntityPersister -  Delete 0: delete from TicketSeller where id=?
12:26:46.946 [main] DEBUG o.h.l.p.b.i.spaces.QuerySpacesImpl - Adding QuerySpace : uid = <gen:0> -> org.hibernate.loader.plan.build.internal.spaces.EntityQuerySpaceImpl@6ca30b8a]
12:26:46.946 [main] DEBUG o.h.p.w.spi.MetamodelGraphWalker - Visiting attribute path : name
12:26:46.946 [main] DEBUG o.h.p.w.spi.MetamodelGraphWalker - Visiting attribute path : passes
12:26:46.946 [main] DEBUG o.h.l.p.b.i.spaces.QuerySpacesImpl - Adding QuerySpace : uid = <gen:1> -> org.hibernate.loader.plan.build.internal.spaces.CollectionQuerySpaceImpl@5c9934da]
12:26:46.946 [main] DEBUG o.h.l.p.b.i.spaces.QuerySpacesImpl - Adding QuerySpace : uid = <gen:2> -> org.hibernate.loader.plan.build.internal.spaces.EntityQuerySpaceImpl@4cb702ce]
12:26:46.946 [main] DEBUG o.h.p.w.spi.MetamodelGraphWalker - Visiting attribute path : tickets
12:26:46.946 [main] DEBUG o.h.l.p.b.i.spaces.QuerySpacesImpl - Adding QuerySpace : uid = <gen:3> -> org.hibernate.loader.plan.build.internal.spaces.CollectionQuerySpaceImpl@383caf89]
12:26:46.946 [main] DEBUG o.h.l.p.b.i.spaces.QuerySpacesImpl - Adding QuerySpace : uid = <gen:4> -> org.hibernate.loader.plan.build.internal.spaces.EntityQuerySpaceImpl@64c781a9]
12:26:46.946 [main] DEBUG o.h.p.w.spi.MetamodelGraphWalker - Visiting attribute path : isWorking
12:26:46.946 [main] DEBUG o.h.l.p.b.i.FetchStyleLoadPlanBuildingAssociationVisitationStrategy - Building LoadPlan...
12:26:46.947 [main] DEBUG o.h.l.p.e.i.LoadQueryJoinAndFetchProcessor - processing queryspace <gen:0>
12:26:46.947 [main] DEBUG o.h.l.p.b.spi.LoadPlanTreePrinter - LoadPlan(entity=Classes.VendingMachine)
    - Returns
       - EntityReturnImpl(entity=Classes.VendingMachine, querySpaceUid=<gen:0>, path=Classes.VendingMachine)
          - CollectionAttributeFetchImpl(collection=Abstract.TicketSeller.passes, querySpaceUid=<gen:1>, path=Classes.VendingMachine.passes)
             - (collection element) CollectionFetchableElementEntityGraph(entity=Classes.Pass, querySpaceUid=<gen:2>, path=Classes.VendingMachine.passes.<elements>)
          - CollectionAttributeFetchImpl(collection=Abstract.TicketSeller.tickets, querySpaceUid=<gen:3>, path=Classes.VendingMachine.tickets)
             - (collection element) CollectionFetchableElementEntityGraph(entity=Classes.Ticket, querySpaceUid=<gen:4>, path=Classes.VendingMachine.tickets.<elements>)
    - QuerySpaces
       - EntityQuerySpaceImpl(uid=<gen:0>, entity=Classes.VendingMachine)
          - SQL table alias mapping - vendingmac0_
          - alias suffix - 0_
          - suffixed key columns - {id2_3_0_}

12:26:46.947 [main] DEBUG o.h.loader.entity.plan.EntityLoader - Static select for entity Classes.VendingMachine [NONE]: select vendingmac0_.id as id2_3_0_, vendingmac0_.seller_name as seller_n3_3_0_, vendingmac0_.isWorking as isworkin4_3_0_ from TicketSeller vendingmac0_ where vendingmac0_.id=? and vendingmac0_.Elementi='vending_machine'
12:26:46.949 [main] DEBUG o.h.l.p.b.i.spaces.QuerySpacesImpl - Adding QuerySpace : uid = <gen:0> -> org.hibernate.loader.plan.build.internal.spaces.CollectionQuerySpaceImpl@558b4942]
12:26:46.949 [main] DEBUG o.h.l.p.b.i.spaces.QuerySpacesImpl - Adding QuerySpace : uid = <gen:1> -> org.hibernate.loader.plan.build.internal.spaces.EntityQuerySpaceImpl@30ec7d21]
12:26:46.949 [main] DEBUG o.h.p.w.spi.MetamodelGraphWalker - Visiting attribute path : seller
12:26:46.949 [main] DEBUG o.h.l.p.b.i.spaces.QuerySpacesImpl - Adding QuerySpace : uid = <gen:2> -> org.hibernate.loader.plan.build.internal.spaces.EntityQuerySpaceImpl@3ba3d4b6]
12:26:46.949 [main] DEBUG o.h.p.w.spi.MetamodelGraphWalker - Visiting attribute path : seller.name
12:26:46.949 [main] DEBUG o.h.p.w.spi.MetamodelGraphWalker - Visiting attribute path : seller.passes
12:26:46.949 [main] DEBUG o.h.p.w.spi.MetamodelGraphWalker - Property path deemed to be circular : seller.passes
12:26:46.949 [main] DEBUG o.h.p.w.spi.MetamodelGraphWalker - Visiting attribute path : seller.tickets
12:26:46.949 [main] DEBUG o.h.p.w.spi.MetamodelGraphWalker - Property path deemed to be circular : seller.tickets
12:26:46.949 [main] DEBUG o.h.p.w.spi.MetamodelGraphWalker - Visiting attribute path : seller.people
12:26:46.949 [main] DEBUG o.h.l.p.b.i.spaces.QuerySpacesImpl - Adding QuerySpace : uid = <gen:3> -> org.hibernate.loader.plan.build.internal.spaces.CollectionQuerySpaceImpl@441fbe89]
12:26:46.949 [main] DEBUG o.h.l.p.b.i.spaces.QuerySpacesImpl - Adding QuerySpace : uid = <gen:4> -> org.hibernate.loader.plan.build.internal.spaces.EntityQuerySpaceImpl@6088451e]
12:26:46.949 [main] DEBUG o.h.p.w.spi.MetamodelGraphWalker - Visiting attribute path : seller.isWorking
12:26:46.949 [main] DEBUG o.h.p.w.spi.MetamodelGraphWalker - Visiting attribute path : person
12:26:46.949 [main] DEBUG o.h.l.p.b.i.spaces.QuerySpacesImpl - Adding QuerySpace : uid = <gen:5> -> org.hibernate.loader.plan.build.internal.spaces.EntityQuerySpaceImpl@45ab3bdd]
12:26:46.949 [main] DEBUG o.h.p.w.spi.MetamodelGraphWalker - Visiting attribute path : person.birthdate
12:26:46.949 [main] DEBUG o.h.p.w.spi.MetamodelGraphWalker - Visiting attribute path : person.firstName
12:26:46.949 [main] DEBUG o.h.p.w.spi.MetamodelGraphWalker - Visiting attribute path : person.lastName
12:26:46.949 [main] DEBUG o.h.p.w.spi.MetamodelGraphWalker - Visiting attribute path : person.cardNum
12:26:46.949 [main] DEBUG o.h.l.p.b.i.spaces.QuerySpacesImpl - Adding QuerySpace : uid = <gen:6> -> org.hibernate.loader.plan.build.internal.spaces.EntityQuerySpaceImpl@1642eeae]
12:26:46.949 [main] DEBUG o.h.p.w.spi.MetamodelGraphWalker - Visiting attribute path : person.cardNum.emissionDate
12:26:46.949 [main] DEBUG o.h.p.w.spi.MetamodelGraphWalker - Visiting attribute path : person.cardNum.expirationDate
12:26:46.949 [main] DEBUG o.h.p.w.spi.MetamodelGraphWalker - Visiting attribute path : person.cardNum.person
12:26:46.950 [main] DEBUG o.h.p.w.spi.MetamodelGraphWalker - Property path deemed to be circular : person.cardNum.person
12:26:46.950 [main] DEBUG o.h.p.w.spi.MetamodelGraphWalker - Visiting attribute path : sellers
12:26:46.950 [main] DEBUG o.h.l.p.b.i.spaces.QuerySpacesImpl - Adding QuerySpace : uid = <gen:7> -> org.hibernate.loader.plan.build.internal.spaces.EntityQuerySpaceImpl@28a9494b]
12:26:46.950 [main] DEBUG o.h.p.w.spi.MetamodelGraphWalker - Visiting attribute path : sellers.name
12:26:46.950 [main] DEBUG o.h.p.w.spi.MetamodelGraphWalker - Visiting attribute path : sellers.passes
12:26:46.950 [main] DEBUG o.h.p.w.spi.MetamodelGraphWalker - Property path deemed to be circular : sellers.passes
12:26:46.950 [main] DEBUG o.h.p.w.spi.MetamodelGraphWalker - Visiting attribute path : sellers.tickets
12:26:46.950 [main] DEBUG o.h.p.w.spi.MetamodelGraphWalker - Property path deemed to be circular : sellers.tickets
12:26:46.950 [main] DEBUG o.h.p.w.spi.MetamodelGraphWalker - Visiting attribute path : sellers.people
12:26:46.950 [main] DEBUG o.h.l.p.b.i.spaces.QuerySpacesImpl - Adding QuerySpace : uid = <gen:8> -> org.hibernate.loader.plan.build.internal.spaces.CollectionQuerySpaceImpl@1163a27]
12:26:46.950 [main] DEBUG o.h.l.p.b.i.spaces.QuerySpacesImpl - Adding QuerySpace : uid = <gen:9> -> org.hibernate.loader.plan.build.internal.spaces.EntityQuerySpaceImpl@322ba549]
12:26:46.950 [main] DEBUG o.h.p.w.spi.MetamodelGraphWalker - Visiting attribute path : sellers.isWorking
12:26:46.950 [main] DEBUG o.h.p.w.spi.MetamodelGraphWalker - Visiting attribute path : validity
12:26:46.950 [main] DEBUG o.h.l.p.b.i.FetchStyleLoadPlanBuildingAssociationVisitationStrategy - Building LoadPlan...
12:26:46.951 [main] DEBUG o.h.l.p.e.i.LoadQueryJoinAndFetchProcessor - processing queryspace <gen:0>
12:26:46.952 [main] DEBUG o.h.l.p.b.spi.LoadPlanTreePrinter - LoadPlan(collection=Abstract.TicketSeller.tickets)
    - Returns
       - CollectionReturnImpl(collection=Abstract.TicketSeller.tickets, querySpaceUid=<gen:0>, path=[Abstract.TicketSeller.tickets])
          - (collection element) CollectionFetchableElementEntityGraph(entity=Classes.Ticket, querySpaceUid=<gen:1>, path=[Abstract.TicketSeller.tickets].<elements>)
             - EntityAttributeFetchImpl(entity=Abstract.TicketSeller, querySpaceUid=<gen:2>, path=[Abstract.TicketSeller.tickets].<elements>.seller)
                - CollectionAttributeFetchImpl(collection=Classes.Shop.people, querySpaceUid=<gen:3>, path=[Abstract.TicketSeller.tickets].<elements>.seller.people)
                   - (collection element) CollectionFetchableElementEntityGraph(entity=Classes.Person, querySpaceUid=<gen:4>, path=[Abstract.TicketSeller.tickets].<elements>.seller.people.<elements>)
             - EntityAttributeFetchImpl(entity=Classes.Person, querySpaceUid=<gen:5>, path=[Abstract.TicketSeller.tickets].<elements>.person)
                - EntityAttributeFetchImpl(entity=Classes.Card, querySpaceUid=<gen:6>, path=[Abstract.TicketSeller.tickets].<elements>.person.cardNum)
             - EntityAttributeFetchImpl(entity=Abstract.TicketSeller, querySpaceUid=<gen:7>, path=[Abstract.TicketSeller.tickets].<elements>.sellers)
                - CollectionAttributeFetchImpl(collection=Classes.Shop.people, querySpaceUid=<gen:8>, path=[Abstract.TicketSeller.tickets].<elements>.sellers.people)
                   - (collection element) CollectionFetchableElementEntityGraph(entity=Classes.Person, querySpaceUid=<gen:9>, path=[Abstract.TicketSeller.tickets].<elements>.sellers.people.<elements>)
    - QuerySpaces
       - CollectionQuerySpaceImpl(uid=<gen:0>, collection=Abstract.TicketSeller.tickets)
          - SQL table alias mapping - tickets0_
          - alias suffix - 0_
          - suffixed key columns - {ticketse1_5_0_}
          - entity-element alias suffix - 1_
          - 1_entity-element suffixed key columns - id2_2_1_
          - JOIN (JoinDefinedByMetadata(elements)) : <gen:0> -> <gen:1>
             - EntityQuerySpaceImpl(uid=<gen:1>, entity=Classes.Ticket)
                - SQL table alias mapping - ticket1_
                - alias suffix - 1_
                - suffixed key columns - {id2_2_1_}
                - JOIN (JoinDefinedByMetadata(seller)) : <gen:1> -> <gen:2>
                   - EntityQuerySpaceImpl(uid=<gen:2>, entity=Abstract.TicketSeller)
                      - SQL table alias mapping - ticketsell2_
                      - alias suffix - 2_
                      - suffixed key columns - {id2_3_2_}
                - JOIN (JoinDefinedByMetadata(person)) : <gen:1> -> <gen:5>
                   - EntityQuerySpaceImpl(uid=<gen:5>, entity=Classes.Person)
                      - SQL table alias mapping - person3_
                      - alias suffix - 3_
                      - suffixed key columns - {id1_1_3_}
                      - JOIN (JoinDefinedByMetadata(cardNum)) : <gen:5> -> <gen:6>
                         - EntityQuerySpaceImpl(uid=<gen:6>, entity=Classes.Card)
                            - SQL table alias mapping - card4_
                            - alias suffix - 4_
                            - suffixed key columns - {id1_0_4_}
                - JOIN (JoinDefinedByMetadata(sellers)) : <gen:1> -> <gen:7>
                   - EntityQuerySpaceImpl(uid=<gen:7>, entity=Abstract.TicketSeller)
                      - SQL table alias mapping - ticketsell5_
                      - alias suffix - 5_
                      - suffixed key columns - {id2_3_5_}

12:26:46.952 [main] DEBUG o.h.l.c.plan.CollectionLoader - Static select for collection Abstract.TicketSeller.tickets: select tickets0_.TicketSeller_id as ticketse1_5_0_, tickets0_.tickets_id as tickets_2_5_0_, ticket1_.id as id2_2_1_, ticket1_.seller_id as seller_i4_2_1_, ticket1_.person_id as person_i5_2_1_, ticket1_.sellers_id as sellers_6_2_1_, ticket1_.validity as validity3_2_1_, ticket1_.DTYPE as dtype1_2_1_, ticketsell2_.id as id2_3_2_, ticketsell2_.seller_name as seller_n3_3_2_, ticketsell2_.isWorking as isworkin4_3_2_, ticketsell2_.Elementi as elementi1_3_2_, person3_.id as id1_1_3_, person3_.birthdate as birthdat2_1_3_, person3_.firstName as firstnam3_1_3_, person3_.lastName as lastname4_1_3_, card4_.id as id1_0_4_, card4_.emissionDate as emission2_0_4_, card4_.expirationDate as expirati3_0_4_, card4_.person_id as person_i4_0_4_, ticketsell5_.id as id2_3_5_, ticketsell5_.seller_name as seller_n3_3_5_, ticketsell5_.isWorking as isworkin4_3_5_, ticketsell5_.Elementi as elementi1_3_5_ from TicketSeller_Ticket tickets0_ inner join Ticket ticket1_ on tickets0_.tickets_id=ticket1_.id left outer join TicketSeller ticketsell2_ on ticket1_.seller_id=ticketsell2_.id left outer join Person person3_ on ticket1_.person_id=person3_.id left outer join Card card4_ on person3_.id=card4_.person_id left outer join TicketSeller ticketsell5_ on ticket1_.sellers_id=ticketsell5_.id where tickets0_.TicketSeller_id=?
12:26:46.952 [main] DEBUG o.h.l.p.b.i.spaces.QuerySpacesImpl - Adding QuerySpace : uid = <gen:0> -> org.hibernate.loader.plan.build.internal.spaces.CollectionQuerySpaceImpl@5f05c8d6]
12:26:46.952 [main] DEBUG o.h.l.p.b.i.spaces.QuerySpacesImpl - Adding QuerySpace : uid = <gen:1> -> org.hibernate.loader.plan.build.internal.spaces.EntityQuerySpaceImpl@68e02f33]
12:26:46.952 [main] DEBUG o.h.p.w.spi.MetamodelGraphWalker - Visiting attribute path : seller
12:26:46.952 [main] DEBUG o.h.l.p.b.i.spaces.QuerySpacesImpl - Adding QuerySpace : uid = <gen:2> -> org.hibernate.loader.plan.build.internal.spaces.EntityQuerySpaceImpl@7cfac39f]
12:26:46.952 [main] DEBUG o.h.p.w.spi.MetamodelGraphWalker - Visiting attribute path : seller.name
12:26:46.952 [main] DEBUG o.h.p.w.spi.MetamodelGraphWalker - Visiting attribute path : seller.passes
12:26:46.952 [main] DEBUG o.h.p.w.spi.MetamodelGraphWalker - Property path deemed to be circular : seller.passes
12:26:46.952 [main] DEBUG o.h.p.w.spi.MetamodelGraphWalker - Visiting attribute path : seller.tickets
12:26:46.952 [main] DEBUG o.h.p.w.spi.MetamodelGraphWalker - Property path deemed to be circular : seller.tickets
12:26:46.952 [main] DEBUG o.h.p.w.spi.MetamodelGraphWalker - Visiting attribute path : seller.people
12:26:46.952 [main] DEBUG o.h.l.p.b.i.spaces.QuerySpacesImpl - Adding QuerySpace : uid = <gen:3> -> org.hibernate.loader.plan.build.internal.spaces.CollectionQuerySpaceImpl@50eb4a2c]
12:26:46.952 [main] DEBUG o.h.l.p.b.i.spaces.QuerySpacesImpl - Adding QuerySpace : uid = <gen:4> -> org.hibernate.loader.plan.build.internal.spaces.EntityQuerySpaceImpl@1a256d80]
12:26:46.952 [main] DEBUG o.h.p.w.spi.MetamodelGraphWalker - Visiting attribute path : seller.isWorking
12:26:46.952 [main] DEBUG o.h.p.w.spi.MetamodelGraphWalker - Visiting attribute path : person
12:26:46.952 [main] DEBUG o.h.l.p.b.i.spaces.QuerySpacesImpl - Adding QuerySpace : uid = <gen:5> -> org.hibernate.loader.plan.build.internal.spaces.EntityQuerySpaceImpl@3069a360]
12:26:46.953 [main] DEBUG o.h.p.w.spi.MetamodelGraphWalker - Visiting attribute path : person.birthdate
12:26:46.953 [main] DEBUG o.h.p.w.spi.MetamodelGraphWalker - Visiting attribute path : person.firstName
12:26:46.953 [main] DEBUG o.h.p.w.spi.MetamodelGraphWalker - Visiting attribute path : person.lastName
12:26:46.953 [main] DEBUG o.h.p.w.spi.MetamodelGraphWalker - Visiting attribute path : person.cardNum
12:26:46.953 [main] DEBUG o.h.l.p.b.i.spaces.QuerySpacesImpl - Adding QuerySpace : uid = <gen:6> -> org.hibernate.loader.plan.build.internal.spaces.EntityQuerySpaceImpl@7885776b]
12:26:46.953 [main] DEBUG o.h.p.w.spi.MetamodelGraphWalker - Visiting attribute path : person.cardNum.emissionDate
12:26:46.953 [main] DEBUG o.h.p.w.spi.MetamodelGraphWalker - Visiting attribute path : person.cardNum.expirationDate
12:26:46.953 [main] DEBUG o.h.p.w.spi.MetamodelGraphWalker - Visiting attribute path : person.cardNum.person
12:26:46.953 [main] DEBUG o.h.p.w.spi.MetamodelGraphWalker - Property path deemed to be circular : person.cardNum.person
12:26:46.953 [main] DEBUG o.h.p.w.spi.MetamodelGraphWalker - Visiting attribute path : sellers
12:26:46.953 [main] DEBUG o.h.l.p.b.i.spaces.QuerySpacesImpl - Adding QuerySpace : uid = <gen:7> -> org.hibernate.loader.plan.build.internal.spaces.EntityQuerySpaceImpl@3472947a]
12:26:46.953 [main] DEBUG o.h.p.w.spi.MetamodelGraphWalker - Visiting attribute path : sellers.name
12:26:46.953 [main] DEBUG o.h.p.w.spi.MetamodelGraphWalker - Visiting attribute path : sellers.passes
12:26:46.953 [main] DEBUG o.h.p.w.spi.MetamodelGraphWalker - Property path deemed to be circular : sellers.passes
12:26:46.953 [main] DEBUG o.h.p.w.spi.MetamodelGraphWalker - Visiting attribute path : sellers.tickets
12:26:46.953 [main] DEBUG o.h.p.w.spi.MetamodelGraphWalker - Property path deemed to be circular : sellers.tickets
12:26:46.953 [main] DEBUG o.h.p.w.spi.MetamodelGraphWalker - Visiting attribute path : sellers.people
12:26:46.953 [main] DEBUG o.h.l.p.b.i.spaces.QuerySpacesImpl - Adding QuerySpace : uid = <gen:8> -> org.hibernate.loader.plan.build.internal.spaces.CollectionQuerySpaceImpl@3a3ed300]
12:26:46.953 [main] DEBUG o.h.l.p.b.i.spaces.QuerySpacesImpl - Adding QuerySpace : uid = <gen:9> -> org.hibernate.loader.plan.build.internal.spaces.EntityQuerySpaceImpl@1984212d]
12:26:46.953 [main] DEBUG o.h.p.w.spi.MetamodelGraphWalker - Visiting attribute path : sellers.isWorking
12:26:46.953 [main] DEBUG o.h.p.w.spi.MetamodelGraphWalker - Visiting attribute path : validity
12:26:46.953 [main] DEBUG o.h.l.p.b.i.FetchStyleLoadPlanBuildingAssociationVisitationStrategy - Building LoadPlan...
12:26:46.953 [main] DEBUG o.h.l.p.e.i.LoadQueryJoinAndFetchProcessor - processing queryspace <gen:0>
12:26:46.953 [main] DEBUG o.h.l.p.b.spi.LoadPlanTreePrinter - LoadPlan(collection=Abstract.TicketSeller.passes)
    - Returns
       - CollectionReturnImpl(collection=Abstract.TicketSeller.passes, querySpaceUid=<gen:0>, path=[Abstract.TicketSeller.passes])
          - (collection element) CollectionFetchableElementEntityGraph(entity=Classes.Pass, querySpaceUid=<gen:1>, path=[Abstract.TicketSeller.passes].<elements>)
             - EntityAttributeFetchImpl(entity=Abstract.TicketSeller, querySpaceUid=<gen:2>, path=[Abstract.TicketSeller.passes].<elements>.seller)
                - CollectionAttributeFetchImpl(collection=Classes.Shop.people, querySpaceUid=<gen:3>, path=[Abstract.TicketSeller.passes].<elements>.seller.people)
                   - (collection element) CollectionFetchableElementEntityGraph(entity=Classes.Person, querySpaceUid=<gen:4>, path=[Abstract.TicketSeller.passes].<elements>.seller.people.<elements>)
             - EntityAttributeFetchImpl(entity=Classes.Person, querySpaceUid=<gen:5>, path=[Abstract.TicketSeller.passes].<elements>.person)
                - EntityAttributeFetchImpl(entity=Classes.Card, querySpaceUid=<gen:6>, path=[Abstract.TicketSeller.passes].<elements>.person.cardNum)
             - EntityAttributeFetchImpl(entity=Abstract.TicketSeller, querySpaceUid=<gen:7>, path=[Abstract.TicketSeller.passes].<elements>.sellers)
                - CollectionAttributeFetchImpl(collection=Classes.Shop.people, querySpaceUid=<gen:8>, path=[Abstract.TicketSeller.passes].<elements>.sellers.people)
                   - (collection element) CollectionFetchableElementEntityGraph(entity=Classes.Person, querySpaceUid=<gen:9>, path=[Abstract.TicketSeller.passes].<elements>.sellers.people.<elements>)
    - QuerySpaces
       - CollectionQuerySpaceImpl(uid=<gen:0>, collection=Abstract.TicketSeller.passes)
          - SQL table alias mapping - passes0_
          - alias suffix - 0_
          - suffixed key columns - {ticketse1_5_0_}
          - entity-element alias suffix - 1_
          - 1_entity-element suffixed key columns - id2_2_1_
          - JOIN (JoinDefinedByMetadata(elements)) : <gen:0> -> <gen:1>
             - EntityQuerySpaceImpl(uid=<gen:1>, entity=Classes.Pass)
                - SQL table alias mapping - pass1_
                - alias suffix - 1_
                - suffixed key columns - {id2_2_1_}
                - JOIN (JoinDefinedByMetadata(seller)) : <gen:1> -> <gen:2>
                   - EntityQuerySpaceImpl(uid=<gen:2>, entity=Abstract.TicketSeller)
                      - SQL table alias mapping - ticketsell2_
                      - alias suffix - 2_
                      - suffixed key columns - {id2_3_2_}
                - JOIN (JoinDefinedByMetadata(person)) : <gen:1> -> <gen:5>
                   - EntityQuerySpaceImpl(uid=<gen:5>, entity=Classes.Person)
                      - SQL table alias mapping - person3_
                      - alias suffix - 3_
                      - suffixed key columns - {id1_1_3_}
                      - JOIN (JoinDefinedByMetadata(cardNum)) : <gen:5> -> <gen:6>
                         - EntityQuerySpaceImpl(uid=<gen:6>, entity=Classes.Card)
                            - SQL table alias mapping - card4_
                            - alias suffix - 4_
                            - suffixed key columns - {id1_0_4_}
                - JOIN (JoinDefinedByMetadata(sellers)) : <gen:1> -> <gen:7>
                   - EntityQuerySpaceImpl(uid=<gen:7>, entity=Abstract.TicketSeller)
                      - SQL table alias mapping - ticketsell5_
                      - alias suffix - 5_
                      - suffixed key columns - {id2_3_5_}

12:26:46.953 [main] DEBUG o.h.l.c.plan.CollectionLoader - Static select for collection Abstract.TicketSeller.passes: select passes0_.TicketSeller_id as ticketse1_5_0_, passes0_.passes_id as passes_i3_5_0_, pass1_.id as id2_2_1_, pass1_.seller_id as seller_i4_2_1_, pass1_.person_id as person_i5_2_1_, pass1_.sellers_id as sellers_6_2_1_, pass1_.validity as validity3_2_1_, ticketsell2_.id as id2_3_2_, ticketsell2_.seller_name as seller_n3_3_2_, ticketsell2_.isWorking as isworkin4_3_2_, ticketsell2_.Elementi as elementi1_3_2_, person3_.id as id1_1_3_, person3_.birthdate as birthdat2_1_3_, person3_.firstName as firstnam3_1_3_, person3_.lastName as lastname4_1_3_, card4_.id as id1_0_4_, card4_.emissionDate as emission2_0_4_, card4_.expirationDate as expirati3_0_4_, card4_.person_id as person_i4_0_4_, ticketsell5_.id as id2_3_5_, ticketsell5_.seller_name as seller_n3_3_5_, ticketsell5_.isWorking as isworkin4_3_5_, ticketsell5_.Elementi as elementi1_3_5_ from TicketSeller_Ticket passes0_ inner join Ticket pass1_ on passes0_.passes_id=pass1_.id left outer join TicketSeller ticketsell2_ on pass1_.seller_id=ticketsell2_.id left outer join Person person3_ on pass1_.person_id=person3_.id left outer join Card card4_ on person3_.id=card4_.person_id left outer join TicketSeller ticketsell5_ on pass1_.sellers_id=ticketsell5_.id where passes0_.TicketSeller_id=?
12:26:46.954 [main] DEBUG o.h.l.p.b.i.spaces.QuerySpacesImpl - Adding QuerySpace : uid = <gen:0> -> org.hibernate.loader.plan.build.internal.spaces.CollectionQuerySpaceImpl@39f5b723]
12:26:46.954 [main] DEBUG o.h.l.p.b.i.spaces.QuerySpacesImpl - Adding QuerySpace : uid = <gen:1> -> org.hibernate.loader.plan.build.internal.spaces.EntityQuerySpaceImpl@4eaa375c]
12:26:46.954 [main] DEBUG o.h.p.w.spi.MetamodelGraphWalker - Visiting attribute path : birthdate
12:26:46.954 [main] DEBUG o.h.p.w.spi.MetamodelGraphWalker - Visiting attribute path : firstName
12:26:46.954 [main] DEBUG o.h.p.w.spi.MetamodelGraphWalker - Visiting attribute path : lastName
12:26:46.954 [main] DEBUG o.h.p.w.spi.MetamodelGraphWalker - Visiting attribute path : cardNum
12:26:46.954 [main] DEBUG o.h.l.p.b.i.spaces.QuerySpacesImpl - Adding QuerySpace : uid = <gen:2> -> org.hibernate.loader.plan.build.internal.spaces.EntityQuerySpaceImpl@2ead6ba4]
12:26:46.954 [main] DEBUG o.h.p.w.spi.MetamodelGraphWalker - Visiting attribute path : cardNum.emissionDate
12:26:46.954 [main] DEBUG o.h.p.w.spi.MetamodelGraphWalker - Visiting attribute path : cardNum.expirationDate
12:26:46.954 [main] DEBUG o.h.p.w.spi.MetamodelGraphWalker - Visiting attribute path : cardNum.person
12:26:46.954 [main] DEBUG o.h.p.w.spi.MetamodelGraphWalker - Property path deemed to be circular : cardNum.person
12:26:46.954 [main] DEBUG o.h.l.p.b.i.FetchStyleLoadPlanBuildingAssociationVisitationStrategy - Building LoadPlan...
12:26:46.954 [main] DEBUG o.h.l.p.e.i.LoadQueryJoinAndFetchProcessor - processing queryspace <gen:0>
12:26:46.954 [main] DEBUG o.h.l.p.b.spi.LoadPlanTreePrinter - LoadPlan(collection=Classes.Shop.people)
    - Returns
       - CollectionReturnImpl(collection=Classes.Shop.people, querySpaceUid=<gen:0>, path=[Classes.Shop.people])
          - (collection element) CollectionFetchableElementEntityGraph(entity=Classes.Person, querySpaceUid=<gen:1>, path=[Classes.Shop.people].<elements>)
             - EntityAttributeFetchImpl(entity=Classes.Card, querySpaceUid=<gen:2>, path=[Classes.Shop.people].<elements>.cardNum)
    - QuerySpaces
       - CollectionQuerySpaceImpl(uid=<gen:0>, collection=Classes.Shop.people)
          - SQL table alias mapping - people0_
          - alias suffix - 0_
          - suffixed key columns - {shop_id1_4_0_}
          - entity-element alias suffix - 1_
          - 1_entity-element suffixed key columns - id1_1_1_
          - JOIN (JoinDefinedByMetadata(elements)) : <gen:0> -> <gen:1>
             - EntityQuerySpaceImpl(uid=<gen:1>, entity=Classes.Person)
                - SQL table alias mapping - person1_
                - alias suffix - 1_
                - suffixed key columns - {id1_1_1_}
                - JOIN (JoinDefinedByMetadata(cardNum)) : <gen:1> -> <gen:2>
                   - EntityQuerySpaceImpl(uid=<gen:2>, entity=Classes.Card)
                      - SQL table alias mapping - card2_
                      - alias suffix - 2_
                      - suffixed key columns - {id1_0_2_}

12:26:46.954 [main] DEBUG o.h.l.c.plan.CollectionLoader - Static select for collection Classes.Shop.people: select people0_.Shop_id as shop_id1_4_0_, people0_.people_id as people_i2_4_0_, person1_.id as id1_1_1_, person1_.birthdate as birthdat2_1_1_, person1_.firstName as firstnam3_1_1_, person1_.lastName as lastname4_1_1_, card2_.id as id1_0_2_, card2_.emissionDate as emission2_0_2_, card2_.expirationDate as expirati3_0_2_, card2_.person_id as person_i4_0_2_ from TicketSeller_Person people0_ inner join Person person1_ on people0_.people_id=person1_.id left outer join Card card2_ on person1_.id=card2_.person_id where people0_.Shop_id=?
12:26:46.978 [main] INFO  o.hibernate.orm.connections.access - HHH10001501: Connection obtained from JdbcConnectionAccess [org.hibernate.engine.jdbc.env.internal.JdbcEnvironmentInitiator$ConnectionProviderJdbcConnectionAccess@54b2fc58] for (non-JTA) DDL execution was not in auto-commit mode; the Connection 'local transaction' will be committed and the Connection will be set into auto-commit mode.
12:26:46.995 [main] DEBUG org.hibernate.mapping.Table - No alter strings for table : Card
12:26:46.995 [main] DEBUG org.hibernate.mapping.Table - No alter strings for table : Person
12:26:46.995 [main] DEBUG org.hibernate.mapping.Table - No alter strings for table : Ticket
12:26:46.995 [main] DEBUG org.hibernate.mapping.Table - No alter strings for table : TicketSeller
12:26:46.995 [main] DEBUG org.hibernate.mapping.Table - No alter strings for table : TicketSeller_Person
12:26:46.995 [main] DEBUG org.hibernate.mapping.Table - No alter strings for table : TicketSeller_Ticket
12:26:47.052 [main] DEBUG o.h.e.t.j.p.i.JtaPlatformInitiator - No JtaPlatform was specified, checking resolver
12:26:47.052 [main] DEBUG o.h.e.t.j.p.i.JtaPlatformResolverInitiator - No JtaPlatformResolver was specified, using default [org.hibernate.engine.transaction.jta.platform.internal.StandardJtaPlatformResolver]
12:26:47.055 [main] DEBUG o.h.e.t.j.p.i.StandardJtaPlatformResolver - Could not resolve JtaPlatform, using default [org.hibernate.engine.transaction.jta.platform.internal.NoJtaPlatform]
12:26:47.055 [main] INFO  o.h.e.t.j.p.i.JtaPlatformInitiator - HHH000490: Using JtaPlatform implementation: [org.hibernate.engine.transaction.jta.platform.internal.NoJtaPlatform]
12:26:47.058 [main] DEBUG o.h.s.i.SessionFactoryServiceRegistryImpl - EventListenerRegistry access via ServiceRegistry is deprecated.  Use `sessionFactory.getEventEngine().getListenerRegistry()` instead
12:26:47.059 [main] DEBUG o.h.h.i.QueryTranslatorFactoryInitiator - QueryTranslatorFactory: org.hibernate.hql.internal.ast.ASTQueryTranslatorFactory@45b32dfe
12:26:47.062 [main] DEBUG o.h.query.spi.NamedQueryRepository - Checking 0 named HQL queries
12:26:47.062 [main] DEBUG o.h.query.spi.NamedQueryRepository - Checking 0 named SQL queries
12:26:47.063 [main] DEBUG o.h.internal.SessionFactoryRegistry - Initializing SessionFactoryRegistry : org.hibernate.internal.SessionFactoryRegistry@488f3dd1
12:26:47.065 [main] DEBUG o.h.internal.SessionFactoryRegistry - Registering SessionFactory: fde9983c-f844-4958-8ee7-8317cb1395c6 (<unnamed>)
12:26:47.065 [main] DEBUG o.h.internal.SessionFactoryRegistry - Not binding SessionFactory to JNDI, no JNDI name configured
12:26:47.092 [main] DEBUG o.h.s.internal.StatisticsInitiator - Statistics initialized [enabled=false]
12:26:47.095 [main] DEBUG o.h.e.t.internal.TransactionImpl - On TransactionImpl creation, JpaCompliance#isJpaTransactionComplianceEnabled == false
12:26:47.095 [main] DEBUG o.h.e.t.internal.TransactionImpl - begin
12:26:47.101 [main] DEBUG org.hibernate.SQL - select card0_.id as id1_0_0_, card0_.emissionDate as emission2_0_0_, card0_.expirationDate as expirati3_0_0_, card0_.person_id as person_i4_0_0_, person1_.id as id1_1_1_, person1_.birthdate as birthdat2_1_1_, person1_.firstName as firstnam3_1_1_, person1_.lastName as lastname4_1_1_ from Card card0_ left outer join Person person1_ on card0_.person_id=person1_.id where card0_.id=?
12:26:47.104 [main] DEBUG o.h.l.p.e.p.i.EntityReferenceInitializerImpl - On call to EntityIdentifierReaderImpl#resolve, EntityKey was already known; should only happen on root returns with an optional identifier specified
12:26:47.109 [main] DEBUG o.h.engine.internal.TwoPhaseLoad - Resolving attributes for [Classes.Card#1]
12:26:47.109 [main] DEBUG o.h.engine.internal.TwoPhaseLoad - Processing attribute `emissionDate` : value = 2023-02-12
12:26:47.109 [main] DEBUG o.h.engine.internal.TwoPhaseLoad - Attribute (`emissionDate`)  - enhanced for lazy-loading? - false
12:26:47.109 [main] DEBUG o.h.engine.internal.TwoPhaseLoad - Processing attribute `expirationDate` : value = 2024-02-12
12:26:47.110 [main] DEBUG o.h.engine.internal.TwoPhaseLoad - Attribute (`expirationDate`)  - enhanced for lazy-loading? - false
12:26:47.110 [main] DEBUG o.h.engine.internal.TwoPhaseLoad - Processing attribute `person` : value = null
12:26:47.110 [main] DEBUG o.h.engine.internal.TwoPhaseLoad - Attribute (`person`)  - enhanced for lazy-loading? - false
12:26:47.110 [main] DEBUG o.h.engine.internal.TwoPhaseLoad - Done materializing entity [Classes.Card#1]
12:26:47.111 [main] DEBUG o.h.l.e.p.AbstractLoadPlanBasedEntityLoader - Done entity load : Classes.Card#1
12:26:47.115 [main] DEBUG o.h.e.t.internal.TransactionImpl - committing
12:26:47.116 [main] DEBUG o.h.e.i.AbstractFlushingEventListener - Processing flush-time cascades
12:26:47.116 [main] DEBUG o.h.e.i.AbstractFlushingEventListener - Dirty checking collections
12:26:47.118 [main] DEBUG o.h.e.i.AbstractFlushingEventListener - Flushed: 0 insertions, 0 updates, 1 deletions to 1 objects
12:26:47.118 [main] DEBUG o.h.e.i.AbstractFlushingEventListener - Flushed: 0 (re)creations, 0 updates, 0 removals to 0 collections
12:26:47.118 [main] DEBUG o.h.internal.util.EntityPrinter - Listing entities:
12:26:47.118 [main] DEBUG o.h.internal.util.EntityPrinter - Classes.Card{emissionDate=2023-02-12, person=null, id=1, expirationDate=2024-02-12}
12:26:47.122 [main] DEBUG org.hibernate.SQL - delete from Card where id=?
12:26:47.124 [main] DEBUG o.h.r.j.i.LogicalConnectionManagedImpl - Initiating JDBC connection release from afterTransaction
12:26:47.124 [main] DEBUG o.h.r.j.i.LogicalConnectionManagedImpl - Initiating JDBC connection release from afterTransaction
12:26:47.124 [main] DEBUG o.h.e.t.internal.TransactionImpl - On TransactionImpl creation, JpaCompliance#isJpaTransactionComplianceEnabled == false
12:26:47.124 [main] DEBUG o.h.e.t.internal.TransactionImpl - begin
12:26:47.124 [main] DEBUG org.hibernate.SQL - select person0_.id as id1_1_0_, person0_.birthdate as birthdat2_1_0_, person0_.firstName as firstnam3_1_0_, person0_.lastName as lastname4_1_0_, card1_.id as id1_0_1_, card1_.emissionDate as emission2_0_1_, card1_.expirationDate as expirati3_0_1_, card1_.person_id as person_i4_0_1_ from Person person0_ left outer join Card card1_ on person0_.id=card1_.person_id where person0_.id=?
12:26:47.125 [main] DEBUG o.h.l.e.p.AbstractLoadPlanBasedEntityLoader - Done entity load : Classes.Person#1
12:26:47.126 [main] DEBUG o.h.r.t.b.j.i.JdbcResourceLocalTransactionCoordinatorImpl - JDBC transaction marked for rollback-only (exception provided for stack trace)
java.lang.Exception: exception just for purpose of providing stack trace
	at org.hibernate.resource.transaction.backend.jdbc.internal.JdbcResourceLocalTransactionCoordinatorImpl$TransactionDriverControlImpl.markRollbackOnly(JdbcResourceLocalTransactionCoordinatorImpl.java:324)
	at org.hibernate.engine.transaction.internal.TransactionImpl.markRollbackOnly(TransactionImpl.java:203)
	at org.hibernate.internal.AbstractSharedSessionContract.markForRollbackOnly(AbstractSharedSessionContract.java:428)
	at org.hibernate.internal.ExceptionConverterImpl.convert(ExceptionConverterImpl.java:191)
	at org.hibernate.internal.SessionImpl.remove(SessionImpl.java:3369)
	at ClassesDAO.PersonDAO.deletePerson(PersonDAO.java:27)
	at MainClass.MainClass.main(MainClass.java:22)
12:27:24.109 [main] DEBUG org.jboss.logging - Logging Provider: org.jboss.logging.Slf4jLoggerProvider
12:27:24.170 [main] DEBUG o.h.jpa.HibernatePersistenceProvider - Located and parsed 2 persistence units; checking each
12:27:24.171 [main] DEBUG o.h.jpa.HibernatePersistenceProvider - Checking persistence-unit [name=HomeworkS3D3, explicit-provider=null] against incoming persistence unit name [BuildWeek_4]
12:27:24.171 [main] DEBUG o.h.jpa.HibernatePersistenceProvider - Excluding from consideration due to name mis-match
12:27:24.171 [main] DEBUG o.h.jpa.HibernatePersistenceProvider - Checking persistence-unit [name=BuildWeek_4, explicit-provider=null] against incoming persistence unit name [BuildWeek_4]
12:27:24.171 [main] DEBUG o.h.jpa.boot.spi.ProviderChecker - No PersistenceProvider explicitly requested, assuming Hibernate
12:27:24.175 [main] DEBUG o.h.jpa.internal.util.LogHelper - PersistenceUnitInfo [
	name: BuildWeek_4
	persistence provider classname: null
	classloader: null
	excludeUnlistedClasses: false
	JTA datasource: null
	Non JTA datasource: null
	Transaction type: RESOURCE_LOCAL
	PU root URL: file:/C:/Users/total/Desktop/All/Epicode/fs0223-Luca-Sernicola-BackEnd/BuildWeek_4/target/classes/
	Shared Cache Mode: null
	Validation Mode: null
	Jar files URLs []
	Managed classes names []
	Mapping files names []
	Properties [
		javax.persistence.jdbc.driver: org.postgresql.Driver
		javax.persistence.jdbc.password: root
		hibernate.dialect: org.hibernate.dialect.PostgreSQLDialect
		javax.persistence.jdbc.url: jdbc:postgresql://localhost:5432/BuildWeek
		hibernate.hbm2ddl.auto: update
		javax.persistence.jdbc.user: postgres]
12:27:24.177 [main] DEBUG o.h.i.internal.IntegratorServiceImpl - Adding Integrator [org.hibernate.cfg.beanvalidation.BeanValidationIntegrator].
12:27:24.178 [main] DEBUG o.h.i.internal.IntegratorServiceImpl - Adding Integrator [org.hibernate.secure.spi.JaccIntegrator].
12:27:24.181 [main] DEBUG o.h.i.internal.IntegratorServiceImpl - Adding Integrator [org.hibernate.cache.internal.CollectionCacheInvalidator].
12:27:24.204 [main] INFO  org.hibernate.Version - HHH000412: Hibernate ORM core version 5.6.15.Final
12:27:24.205 [main] DEBUG org.hibernate.cfg.Environment - HHH000206: hibernate.properties not found
12:27:24.306 [main] DEBUG o.h.service.spi.ServiceBinding - Overriding existing service binding [org.hibernate.secure.spi.JaccService]
12:27:24.314 [main] DEBUG o.h.c.i.RegionFactoryInitiator - Cannot default RegionFactory based on registered strategies as `[]` RegionFactory strategies were registered
12:27:24.315 [main] DEBUG o.h.c.i.RegionFactoryInitiator - Cache region factory : org.hibernate.cache.internal.NoCachingRegionFactory
12:27:24.324 [main] INFO  o.h.annotations.common.Version - HCANN000001: Hibernate Commons Annotations {5.1.2.Final}
12:27:24.377 [main] DEBUG o.hibernate.type.BasicTypeRegistry - Adding type registration boolean -> org.hibernate.type.BooleanType@726e5805
12:27:24.377 [main] DEBUG o.hibernate.type.BasicTypeRegistry - Adding type registration boolean -> org.hibernate.type.BooleanType@726e5805
12:27:24.377 [main] DEBUG o.hibernate.type.BasicTypeRegistry - Adding type registration java.lang.Boolean -> org.hibernate.type.BooleanType@726e5805
12:27:24.377 [main] DEBUG o.hibernate.type.BasicTypeRegistry - Adding type registration numeric_boolean -> org.hibernate.type.NumericBooleanType@e077866
12:27:24.378 [main] DEBUG o.hibernate.type.BasicTypeRegistry - Adding type registration true_false -> org.hibernate.type.TrueFalseType@a8e6492
12:27:24.378 [main] DEBUG o.hibernate.type.BasicTypeRegistry - Adding type registration yes_no -> org.hibernate.type.YesNoType@2e11485
12:27:24.379 [main] DEBUG o.hibernate.type.BasicTypeRegistry - Adding type registration byte -> org.hibernate.type.ByteType@75c9e76b
12:27:24.379 [main] DEBUG o.hibernate.type.BasicTypeRegistry - Adding type registration byte -> org.hibernate.type.ByteType@75c9e76b
12:27:24.379 [main] DEBUG o.hibernate.type.BasicTypeRegistry - Adding type registration java.lang.Byte -> org.hibernate.type.ByteType@75c9e76b
12:27:24.379 [main] DEBUG o.hibernate.type.BasicTypeRegistry - Adding type registration character -> org.hibernate.type.CharacterType@12bcd0c0
12:27:24.379 [main] DEBUG o.hibernate.type.BasicTypeRegistry - Adding type registration char -> org.hibernate.type.CharacterType@12bcd0c0
12:27:24.380 [main] DEBUG o.hibernate.type.BasicTypeRegistry - Adding type registration java.lang.Character -> org.hibernate.type.CharacterType@12bcd0c0
12:27:24.380 [main] DEBUG o.hibernate.type.BasicTypeRegistry - Adding type registration short -> org.hibernate.type.ShortType@58ebfd03
12:27:24.380 [main] DEBUG o.hibernate.type.BasicTypeRegistry - Adding type registration short -> org.hibernate.type.ShortType@58ebfd03
12:27:24.380 [main] DEBUG o.hibernate.type.BasicTypeRegistry - Adding type registration java.lang.Short -> org.hibernate.type.ShortType@58ebfd03
12:27:24.381 [main] DEBUG o.hibernate.type.BasicTypeRegistry - Adding type registration integer -> org.hibernate.type.IntegerType@5c87bfe2
12:27:24.381 [main] DEBUG o.hibernate.type.BasicTypeRegistry - Adding type registration int -> org.hibernate.type.IntegerType@5c87bfe2
12:27:24.381 [main] DEBUG o.hibernate.type.BasicTypeRegistry - Adding type registration java.lang.Integer -> org.hibernate.type.IntegerType@5c87bfe2
12:27:24.382 [main] DEBUG o.hibernate.type.BasicTypeRegistry - Adding type registration long -> org.hibernate.type.LongType@7a791b66
12:27:24.382 [main] DEBUG o.hibernate.type.BasicTypeRegistry - Adding type registration long -> org.hibernate.type.LongType@7a791b66
12:27:24.382 [main] DEBUG o.hibernate.type.BasicTypeRegistry - Adding type registration java.lang.Long -> org.hibernate.type.LongType@7a791b66
12:27:24.382 [main] DEBUG o.hibernate.type.BasicTypeRegistry - Adding type registration float -> org.hibernate.type.FloatType@4fc5e095
12:27:24.382 [main] DEBUG o.hibernate.type.BasicTypeRegistry - Adding type registration float -> org.hibernate.type.FloatType@4fc5e095
12:27:24.382 [main] DEBUG o.hibernate.type.BasicTypeRegistry - Adding type registration java.lang.Float -> org.hibernate.type.FloatType@4fc5e095
12:27:24.383 [main] DEBUG o.hibernate.type.BasicTypeRegistry - Adding type registration double -> org.hibernate.type.DoubleType@62ea3440
12:27:24.383 [main] DEBUG o.hibernate.type.BasicTypeRegistry - Adding type registration double -> org.hibernate.type.DoubleType@62ea3440
12:27:24.383 [main] DEBUG o.hibernate.type.BasicTypeRegistry - Adding type registration java.lang.Double -> org.hibernate.type.DoubleType@62ea3440
12:27:24.383 [main] DEBUG o.hibernate.type.BasicTypeRegistry - Adding type registration big_decimal -> org.hibernate.type.BigDecimalType@749c877b
12:27:24.383 [main] DEBUG o.hibernate.type.BasicTypeRegistry - Adding type registration java.math.BigDecimal -> org.hibernate.type.BigDecimalType@749c877b
12:27:24.384 [main] DEBUG o.hibernate.type.BasicTypeRegistry - Adding type registration big_integer -> org.hibernate.type.BigIntegerType@160ac7fb
12:27:24.384 [main] DEBUG o.hibernate.type.BasicTypeRegistry - Adding type registration java.math.BigInteger -> org.hibernate.type.BigIntegerType@160ac7fb
12:27:24.384 [main] DEBUG o.hibernate.type.BasicTypeRegistry - Adding type registration string -> org.hibernate.type.StringType@618c5d94
12:27:24.384 [main] DEBUG o.hibernate.type.BasicTypeRegistry - Adding type registration java.lang.String -> org.hibernate.type.StringType@618c5d94
12:27:24.385 [main] DEBUG o.hibernate.type.BasicTypeRegistry - Adding type registration nstring -> org.hibernate.type.StringNVarcharType@1e63ec0b
12:27:24.385 [main] DEBUG o.hibernate.type.BasicTypeRegistry - Adding type registration ncharacter -> org.hibernate.type.CharacterNCharType@295eaa7c
12:27:24.385 [main] DEBUG o.hibernate.type.BasicTypeRegistry - Adding type registration url -> org.hibernate.type.UrlType@1dd0e7c4
12:27:24.386 [main] DEBUG o.hibernate.type.BasicTypeRegistry - Adding type registration java.net.URL -> org.hibernate.type.UrlType@1dd0e7c4
12:27:24.386 [main] DEBUG o.hibernate.type.BasicTypeRegistry - Adding type registration Duration -> org.hibernate.type.DurationType@37bd68c3
12:27:24.386 [main] DEBUG o.hibernate.type.BasicTypeRegistry - Adding type registration java.time.Duration -> org.hibernate.type.DurationType@37bd68c3
12:27:24.387 [main] DEBUG o.hibernate.type.BasicTypeRegistry - Adding type registration Instant -> org.hibernate.type.InstantType@4bff1903
12:27:24.387 [main] DEBUG o.hibernate.type.BasicTypeRegistry - Adding type registration java.time.Instant -> org.hibernate.type.InstantType@4bff1903
12:27:24.387 [main] DEBUG o.hibernate.type.BasicTypeRegistry - Adding type registration LocalDateTime -> org.hibernate.type.LocalDateTimeType@f79a760
12:27:24.387 [main] DEBUG o.hibernate.type.BasicTypeRegistry - Adding type registration java.time.LocalDateTime -> org.hibernate.type.LocalDateTimeType@f79a760
12:27:24.388 [main] DEBUG o.hibernate.type.BasicTypeRegistry - Adding type registration LocalDate -> org.hibernate.type.LocalDateType@652a7737
12:27:24.388 [main] DEBUG o.hibernate.type.BasicTypeRegistry - Adding type registration java.time.LocalDate -> org.hibernate.type.LocalDateType@652a7737
12:27:24.388 [main] DEBUG o.hibernate.type.BasicTypeRegistry - Adding type registration LocalTime -> org.hibernate.type.LocalTimeType@4e28bdd1
12:27:24.388 [main] DEBUG o.hibernate.type.BasicTypeRegistry - Adding type registration java.time.LocalTime -> org.hibernate.type.LocalTimeType@4e28bdd1
12:27:24.389 [main] DEBUG o.hibernate.type.BasicTypeRegistry - Adding type registration OffsetDateTime -> org.hibernate.type.OffsetDateTimeType@a8c1f44
12:27:24.389 [main] DEBUG o.hibernate.type.BasicTypeRegistry - Adding type registration java.time.OffsetDateTime -> org.hibernate.type.OffsetDateTimeType@a8c1f44
12:27:24.390 [main] DEBUG o.hibernate.type.BasicTypeRegistry - Adding type registration OffsetTime -> org.hibernate.type.OffsetTimeType@78a287ed
12:27:24.391 [main] DEBUG o.hibernate.type.BasicTypeRegistry - Adding type registration java.time.OffsetTime -> org.hibernate.type.OffsetTimeType@78a287ed
12:27:24.391 [main] DEBUG o.hibernate.type.BasicTypeRegistry - Adding type registration ZonedDateTime -> org.hibernate.type.ZonedDateTimeType@2b43529a
12:27:24.391 [main] DEBUG o.hibernate.type.BasicTypeRegistry - Adding type registration java.time.ZonedDateTime -> org.hibernate.type.ZonedDateTimeType@2b43529a
12:27:24.392 [main] DEBUG o.hibernate.type.BasicTypeRegistry - Adding type registration date -> org.hibernate.type.DateType@3829ac1
12:27:24.392 [main] DEBUG o.hibernate.type.BasicTypeRegistry - Adding type registration java.sql.Date -> org.hibernate.type.DateType@3829ac1
12:27:24.393 [main] DEBUG o.hibernate.type.BasicTypeRegistry - Adding type registration time -> org.hibernate.type.TimeType@2dbe250d
12:27:24.393 [main] DEBUG o.hibernate.type.BasicTypeRegistry - Adding type registration java.sql.Time -> org.hibernate.type.TimeType@2dbe250d
12:27:24.393 [main] DEBUG o.hibernate.type.BasicTypeRegistry - Adding type registration timestamp -> org.hibernate.type.TimestampType@47404bea
12:27:24.393 [main] DEBUG o.hibernate.type.BasicTypeRegistry - Adding type registration java.sql.Timestamp -> org.hibernate.type.TimestampType@47404bea
12:27:24.393 [main] DEBUG o.hibernate.type.BasicTypeRegistry - Adding type registration java.util.Date -> org.hibernate.type.TimestampType@47404bea
12:27:24.394 [main] DEBUG o.hibernate.type.BasicTypeRegistry - Adding type registration dbtimestamp -> org.hibernate.type.DbTimestampType@29e6eb25
12:27:24.395 [main] DEBUG o.hibernate.type.BasicTypeRegistry - Adding type registration calendar -> org.hibernate.type.CalendarType@275fe372
12:27:24.395 [main] DEBUG o.hibernate.type.BasicTypeRegistry - Adding type registration java.util.Calendar -> org.hibernate.type.CalendarType@275fe372
12:27:24.395 [main] DEBUG o.hibernate.type.BasicTypeRegistry - Adding type registration java.util.GregorianCalendar -> org.hibernate.type.CalendarType@275fe372
12:27:24.396 [main] DEBUG o.hibernate.type.BasicTypeRegistry - Adding type registration calendar_date -> org.hibernate.type.CalendarDateType@366ef90e
12:27:24.396 [main] DEBUG o.hibernate.type.BasicTypeRegistry - Adding type registration calendar_time -> org.hibernate.type.CalendarTimeType@21aa6d6c
12:27:24.397 [main] DEBUG o.hibernate.type.BasicTypeRegistry - Adding type registration locale -> org.hibernate.type.LocaleType@3f446bef
12:27:24.397 [main] DEBUG o.hibernate.type.BasicTypeRegistry - Adding type registration java.util.Locale -> org.hibernate.type.LocaleType@3f446bef
12:27:24.397 [main] DEBUG o.hibernate.type.BasicTypeRegistry - Adding type registration currency -> org.hibernate.type.CurrencyType@1c80e49b
12:27:24.397 [main] DEBUG o.hibernate.type.BasicTypeRegistry - Adding type registration java.util.Currency -> org.hibernate.type.CurrencyType@1c80e49b
12:27:24.398 [main] DEBUG o.hibernate.type.BasicTypeRegistry - Adding type registration timezone -> org.hibernate.type.TimeZoneType@56f6d40b
12:27:24.398 [main] DEBUG o.hibernate.type.BasicTypeRegistry - Adding type registration java.util.TimeZone -> org.hibernate.type.TimeZoneType@56f6d40b
12:27:24.398 [main] DEBUG o.hibernate.type.BasicTypeRegistry - Adding type registration class -> org.hibernate.type.ClassType@7e3060d8
12:27:24.398 [main] DEBUG o.hibernate.type.BasicTypeRegistry - Adding type registration java.lang.Class -> org.hibernate.type.ClassType@7e3060d8
12:27:24.399 [main] DEBUG o.hibernate.type.BasicTypeRegistry - Adding type registration uuid-binary -> org.hibernate.type.UUIDBinaryType@2e54db99
12:27:24.399 [main] DEBUG o.hibernate.type.BasicTypeRegistry - Adding type registration java.util.UUID -> org.hibernate.type.UUIDBinaryType@2e54db99
12:27:24.399 [main] DEBUG o.hibernate.type.BasicTypeRegistry - Adding type registration uuid-char -> org.hibernate.type.UUIDCharType@65a4798f
12:27:24.399 [main] DEBUG o.hibernate.type.BasicTypeRegistry - Adding type registration binary -> org.hibernate.type.BinaryType@773cbf4f
12:27:24.399 [main] DEBUG o.hibernate.type.BasicTypeRegistry - Adding type registration byte[] -> org.hibernate.type.BinaryType@773cbf4f
12:27:24.399 [main] DEBUG o.hibernate.type.BasicTypeRegistry - Adding type registration [B -> org.hibernate.type.BinaryType@773cbf4f
12:27:24.400 [main] DEBUG o.hibernate.type.BasicTypeRegistry - Adding type registration wrapper-binary -> org.hibernate.type.WrapperBinaryType@69637b10
12:27:24.400 [main] DEBUG o.hibernate.type.BasicTypeRegistry - Adding type registration Byte[] -> org.hibernate.type.WrapperBinaryType@69637b10
12:27:24.400 [main] DEBUG o.hibernate.type.BasicTypeRegistry - Adding type registration [Ljava.lang.Byte; -> org.hibernate.type.WrapperBinaryType@69637b10
12:27:24.400 [main] DEBUG o.hibernate.type.BasicTypeRegistry - Adding type registration row_version -> org.hibernate.type.RowVersionType@470a696f
12:27:24.401 [main] DEBUG o.hibernate.type.BasicTypeRegistry - Adding type registration image -> org.hibernate.type.ImageType@3f1c5af9
12:27:24.401 [main] DEBUG o.hibernate.type.BasicTypeRegistry - Adding type registration characters -> org.hibernate.type.CharArrayType@1de5f0ef
12:27:24.401 [main] DEBUG o.hibernate.type.BasicTypeRegistry - Adding type registration char[] -> org.hibernate.type.CharArrayType@1de5f0ef
12:27:24.401 [main] DEBUG o.hibernate.type.BasicTypeRegistry - Adding type registration [C -> org.hibernate.type.CharArrayType@1de5f0ef
12:27:24.402 [main] DEBUG o.hibernate.type.BasicTypeRegistry - Adding type registration wrapper-characters -> org.hibernate.type.CharacterArrayType@3ce3db41
12:27:24.402 [main] DEBUG o.hibernate.type.BasicTypeRegistry - Adding type registration [Ljava.lang.Character; -> org.hibernate.type.CharacterArrayType@3ce3db41
12:27:24.402 [main] DEBUG o.hibernate.type.BasicTypeRegistry - Adding type registration Character[] -> org.hibernate.type.CharacterArrayType@3ce3db41
12:27:24.402 [main] DEBUG o.hibernate.type.BasicTypeRegistry - Adding type registration text -> org.hibernate.type.TextType@2c3dec30
12:27:24.402 [main] DEBUG o.hibernate.type.BasicTypeRegistry - Adding type registration ntext -> org.hibernate.type.NTextType@3fc9dfc5
12:27:24.403 [main] DEBUG o.hibernate.type.BasicTypeRegistry - Adding type registration blob -> org.hibernate.type.BlobType@4ba534b0
12:27:24.403 [main] DEBUG o.hibernate.type.BasicTypeRegistry - Adding type registration java.sql.Blob -> org.hibernate.type.BlobType@4ba534b0
12:27:24.403 [main] DEBUG o.hibernate.type.BasicTypeRegistry - Adding type registration materialized_blob -> org.hibernate.type.MaterializedBlobType@4e517165
12:27:24.404 [main] DEBUG o.hibernate.type.BasicTypeRegistry - Adding type registration clob -> org.hibernate.type.ClobType@34625ccd
12:27:24.404 [main] DEBUG o.hibernate.type.BasicTypeRegistry - Adding type registration java.sql.Clob -> org.hibernate.type.ClobType@34625ccd
12:27:24.405 [main] DEBUG o.hibernate.type.BasicTypeRegistry - Adding type registration nclob -> org.hibernate.type.NClobType@346939bf
12:27:24.405 [main] DEBUG o.hibernate.type.BasicTypeRegistry - Adding type registration java.sql.NClob -> org.hibernate.type.NClobType@346939bf
12:27:24.405 [main] DEBUG o.hibernate.type.BasicTypeRegistry - Adding type registration materialized_clob -> org.hibernate.type.MaterializedClobType@9bd0fa6
12:27:24.405 [main] DEBUG o.hibernate.type.BasicTypeRegistry - Adding type registration materialized_nclob -> org.hibernate.type.MaterializedNClobType@f6c03cb
12:27:24.406 [main] DEBUG o.hibernate.type.BasicTypeRegistry - Adding type registration serializable -> org.hibernate.type.SerializableType@1c9f0a20
12:27:24.407 [main] DEBUG o.hibernate.type.BasicTypeRegistry - Adding type registration object -> org.hibernate.type.ObjectType@4ae33a11
12:27:24.407 [main] DEBUG o.hibernate.type.BasicTypeRegistry - Adding type registration java.lang.Object -> org.hibernate.type.ObjectType@4ae33a11
12:27:24.408 [main] DEBUG o.hibernate.type.BasicTypeRegistry - Adding type registration imm_date -> org.hibernate.type.AdaptedImmutableType@5049d8b2
12:27:24.408 [main] DEBUG o.hibernate.type.BasicTypeRegistry - Adding type registration imm_time -> org.hibernate.type.AdaptedImmutableType@6d0b5baf
12:27:24.408 [main] DEBUG o.hibernate.type.BasicTypeRegistry - Adding type registration imm_timestamp -> org.hibernate.type.AdaptedImmutableType@631e06ab
12:27:24.408 [main] DEBUG o.hibernate.type.BasicTypeRegistry - Adding type registration imm_dbtimestamp -> org.hibernate.type.AdaptedImmutableType@2a3591c5
12:27:24.408 [main] DEBUG o.hibernate.type.BasicTypeRegistry - Adding type registration imm_calendar -> org.hibernate.type.AdaptedImmutableType@34a75079
12:27:24.408 [main] DEBUG o.hibernate.type.BasicTypeRegistry - Adding type registration imm_calendar_date -> org.hibernate.type.AdaptedImmutableType@346a361
12:27:24.408 [main] DEBUG o.hibernate.type.BasicTypeRegistry - Adding type registration imm_binary -> org.hibernate.type.AdaptedImmutableType@107ed6fc
12:27:24.408 [main] DEBUG o.hibernate.type.BasicTypeRegistry - Adding type registration imm_serializable -> org.hibernate.type.AdaptedImmutableType@1643d68f
12:27:24.415 [main] DEBUG o.h.b.internal.BootstrapContextImpl - Injecting ScanEnvironment [org.hibernate.jpa.boot.internal.StandardJpaScanEnvironmentImpl@c7a975a] into BootstrapContext; was [null]
12:27:24.415 [main] DEBUG o.h.b.internal.BootstrapContextImpl - Injecting ScanOptions [org.hibernate.boot.archive.scan.internal.StandardScanOptions@2c1b9e4b] into BootstrapContext; was [org.hibernate.boot.archive.scan.internal.StandardScanOptions@757d6814]
12:27:24.448 [main] DEBUG o.h.b.internal.BootstrapContextImpl - Injecting JPA temp ClassLoader [null] into BootstrapContext; was [null]
12:27:24.448 [main] DEBUG o.h.b.internal.ClassLoaderAccessImpl - ClassLoaderAccessImpl#injectTempClassLoader(null) [was null]
12:27:24.455 [main] DEBUG o.h.i.f.i.DefaultIdentifierGeneratorFactory - Registering IdentifierGenerator strategy [uuid2] -> [org.hibernate.id.UUIDGenerator]
12:27:24.455 [main] DEBUG o.h.i.f.i.DefaultIdentifierGeneratorFactory - Registering IdentifierGenerator strategy [guid] -> [org.hibernate.id.GUIDGenerator]
12:27:24.456 [main] DEBUG o.h.i.f.i.DefaultIdentifierGeneratorFactory - Registering IdentifierGenerator strategy [uuid] -> [org.hibernate.id.UUIDHexGenerator]
12:27:24.456 [main] DEBUG o.h.i.f.i.DefaultIdentifierGeneratorFactory - Registering IdentifierGenerator strategy [uuid.hex] -> [org.hibernate.id.UUIDHexGenerator]
12:27:24.456 [main] DEBUG o.h.i.f.i.DefaultIdentifierGeneratorFactory - Registering IdentifierGenerator strategy [assigned] -> [org.hibernate.id.Assigned]
12:27:24.456 [main] DEBUG o.h.i.f.i.DefaultIdentifierGeneratorFactory - Registering IdentifierGenerator strategy [identity] -> [org.hibernate.id.IdentityGenerator]
12:27:24.457 [main] DEBUG o.h.i.f.i.DefaultIdentifierGeneratorFactory - Registering IdentifierGenerator strategy [select] -> [org.hibernate.id.SelectGenerator]
12:27:24.457 [main] DEBUG o.h.i.f.i.DefaultIdentifierGeneratorFactory - Registering IdentifierGenerator strategy [sequence] -> [org.hibernate.id.enhanced.SequenceStyleGenerator]
12:27:24.458 [main] DEBUG o.h.i.f.i.DefaultIdentifierGeneratorFactory - Registering IdentifierGenerator strategy [seqhilo] -> [org.hibernate.id.SequenceHiLoGenerator]
12:27:24.458 [main] DEBUG o.h.i.f.i.DefaultIdentifierGeneratorFactory - Registering IdentifierGenerator strategy [increment] -> [org.hibernate.id.IncrementGenerator]
12:27:24.458 [main] DEBUG o.h.i.f.i.DefaultIdentifierGeneratorFactory - Registering IdentifierGenerator strategy [foreign] -> [org.hibernate.id.ForeignGenerator]
12:27:24.458 [main] DEBUG o.h.i.f.i.DefaultIdentifierGeneratorFactory - Registering IdentifierGenerator strategy [sequence-identity] -> [org.hibernate.id.SequenceIdentityGenerator]
12:27:24.458 [main] DEBUG o.h.i.f.i.DefaultIdentifierGeneratorFactory - Registering IdentifierGenerator strategy [enhanced-sequence] -> [org.hibernate.id.enhanced.SequenceStyleGenerator]
12:27:24.459 [main] DEBUG o.h.i.f.i.DefaultIdentifierGeneratorFactory - Registering IdentifierGenerator strategy [enhanced-table] -> [org.hibernate.id.enhanced.TableGenerator]
12:27:24.461 [main] WARN  o.hibernate.orm.connections.pooling - HHH10001002: Using Hibernate built-in connection pool (not for production use!)
12:27:24.464 [main] INFO  o.hibernate.orm.connections.pooling - HHH10001005: using driver [org.postgresql.Driver] at URL [jdbc:postgresql://localhost:5432/BuildWeek]
12:27:24.464 [main] INFO  o.hibernate.orm.connections.pooling - HHH10001001: Connection properties: {password=root, user=postgres}
12:27:24.464 [main] INFO  o.hibernate.orm.connections.pooling - HHH10001003: Autocommit mode: false
12:27:24.466 [main] DEBUG o.h.e.j.c.i.DriverManagerConnectionProviderImpl - Initializing Connection pool with 1 Connections
12:27:24.466 [main] INFO  o.h.e.j.c.i.DriverManagerConnectionProviderImpl - HHH000115: Hibernate connection pool size: 20 (min=1)
12:27:24.616 [main] DEBUG o.h.e.j.e.i.JdbcEnvironmentInitiator - Database ->
       name : PostgreSQL
    version : 15.3
      major : 15
      minor : 3
12:27:24.617 [main] DEBUG o.h.e.j.e.i.JdbcEnvironmentInitiator - Driver ->
       name : PostgreSQL JDBC Driver
    version : 42.6.0
      major : 42
      minor : 6
12:27:24.617 [main] DEBUG o.h.e.j.e.i.JdbcEnvironmentInitiator - JDBC version : 4.2
12:27:24.624 [main] INFO  org.hibernate.dialect.Dialect - HHH000400: Using dialect: org.hibernate.dialect.PostgreSQLDialect
12:27:24.632 [main] DEBUG o.h.e.j.e.s.IdentifierHelperBuilder - JDBC driver metadata reported database stores quoted identifiers in neither upper, lower nor mixed case
12:27:24.652 [main] DEBUG o.hibernate.type.BasicTypeRegistry - Adding type registration pg-uuid -> org.hibernate.type.PostgresUUIDType@4690f583
12:27:24.652 [main] DEBUG o.hibernate.type.BasicTypeRegistry - Adding type registration java.util.UUID -> org.hibernate.type.PostgresUUIDType@4690f583
12:27:24.652 [main] DEBUG o.hibernate.type.BasicTypeRegistry - HHH000270: Type registration [java.util.UUID] overrides previous : org.hibernate.type.UUIDBinaryType@2e54db99
12:27:24.653 [main] DEBUG o.h.type.spi.TypeConfiguration$Scope - Scoping TypeConfiguration [org.hibernate.type.spi.TypeConfiguration@5e3a39cd] to MetadataBuildingContext [org.hibernate.boot.internal.MetadataBuildingContextRootImpl@21f9277b]
12:27:24.677 [main] DEBUG o.h.boot.model.relational.Namespace - Created database namespace [logicalName=Name{catalog=null, schema=null}, physicalName=Name{catalog=null, schema=null}]
12:27:24.686 [main] DEBUG org.hibernate.cfg.AnnotationBinder - Binding entity from annotated class: Abstract.TicketSeller
12:27:24.696 [main] DEBUG org.hibernate.cfg.Ejb3Column - Binding column: Ejb3DiscriminatorColumn{logicalColumnName'Elementi', discriminatorTypeName='string'}
12:27:24.699 [main] DEBUG o.h.cfg.annotations.EntityBinder - Import with entity name TicketSeller
12:27:24.703 [main] DEBUG o.h.cfg.annotations.EntityBinder - Bind entity Abstract.TicketSeller on table TicketSeller
12:27:24.720 [main] DEBUG org.hibernate.cfg.Ejb3Column - Binding column: Ejb3Column{table=org.hibernate.mapping.Table(TicketSeller), mappingColumn=id, insertable=true, updatable=true, unique=false}
12:27:24.722 [main] DEBUG o.h.b.internal.ClassLoaderAccessImpl - Not known whether passed class name [Abstract.TicketSeller] is safe
12:27:24.722 [main] DEBUG o.h.b.internal.ClassLoaderAccessImpl - No temp ClassLoader provided; using live ClassLoader for loading potentially unsafe class : Abstract.TicketSeller
12:27:24.723 [main] DEBUG o.h.cfg.annotations.PropertyBinder - MetadataSourceProcessor property id with lazy=false
12:27:24.724 [main] DEBUG o.h.cfg.AbstractPropertyHolder - Attempting to locate auto-apply AttributeConverter for property [Abstract.TicketSeller:id]
12:27:24.725 [main] DEBUG o.h.c.annotations.SimpleValueBinder - building SimpleValue for id
12:27:24.726 [main] DEBUG o.h.cfg.annotations.PropertyBinder - Building property id
12:27:24.728 [main] DEBUG org.hibernate.cfg.BinderHelper - #makeIdGenerator(org.hibernate.mapping.SimpleValue([org.hibernate.mapping.Column(id)]), id, org.hibernate.id.enhanced.SequenceStyleGenerator, elCat_seq, ...)
12:27:24.729 [main] DEBUG org.hibernate.cfg.Ejb3Column - Binding column: Ejb3Column{table=org.hibernate.mapping.Table(TicketSeller), mappingColumn=seller_name, insertable=true, updatable=true, unique=false}
12:27:24.730 [main] DEBUG o.h.cfg.annotations.PropertyBinder - MetadataSourceProcessor property name with lazy=false
12:27:24.730 [main] DEBUG o.h.cfg.AbstractPropertyHolder - Attempting to locate auto-apply AttributeConverter for property [Abstract.TicketSeller:name]
12:27:24.730 [main] DEBUG o.h.c.annotations.SimpleValueBinder - building SimpleValue for name
12:27:24.730 [main] DEBUG o.h.cfg.annotations.PropertyBinder - Building property name
12:27:24.731 [main] DEBUG org.hibernate.cfg.Ejb3Column - Binding column: Ejb3JoinColumn{logicalColumnName='null', referencedColumn='null', mappedBy=''}
12:27:24.731 [main] DEBUG org.hibernate.cfg.Ejb3Column - Binding column: Ejb3Column{table=org.hibernate.mapping.Table(TicketSeller), mappingColumn=passes, insertable=true, updatable=true, unique=false}
12:27:24.732 [main] DEBUG org.hibernate.cfg.Ejb3Column - Binding column: Ejb3Column{table=org.hibernate.mapping.Table(TicketSeller), mappingColumn=null, insertable=true, updatable=true, unique=false}
12:27:24.736 [main] DEBUG org.hibernate.cfg.Ejb3Column - Binding column: Ejb3Column{table=org.hibernate.mapping.Table(TicketSeller), mappingColumn=element, insertable=true, updatable=true, unique=false}
12:27:24.737 [main] DEBUG org.hibernate.cfg.Ejb3Column - Binding column: Ejb3Column{table=org.hibernate.mapping.Table(TicketSeller), mappingColumn=passes_KEY, insertable=true, updatable=true, unique=false}
12:27:24.737 [main] DEBUG org.hibernate.cfg.Ejb3Column - Binding column: Ejb3JoinColumn{logicalColumnName='passes_KEY', referencedColumn='null', mappedBy='null'}
12:27:24.738 [main] DEBUG org.hibernate.cfg.Ejb3Column - Binding column: Ejb3JoinColumn{logicalColumnName='null', referencedColumn='null', mappedBy=''}
12:27:24.738 [main] DEBUG org.hibernate.cfg.Ejb3Column - Binding column: Ejb3JoinColumn{logicalColumnName='null', referencedColumn='null', mappedBy=''}
12:27:24.738 [main] DEBUG o.h.cfg.annotations.CollectionBinder - Collection role: Abstract.TicketSeller.passes
12:27:24.740 [main] DEBUG o.h.cfg.annotations.PropertyBinder - Building property passes
12:27:24.740 [main] DEBUG org.hibernate.cfg.Ejb3Column - Binding column: Ejb3JoinColumn{logicalColumnName='null', referencedColumn='null', mappedBy=''}
12:27:24.740 [main] DEBUG org.hibernate.cfg.Ejb3Column - Binding column: Ejb3Column{table=org.hibernate.mapping.Table(TicketSeller), mappingColumn=tickets, insertable=true, updatable=true, unique=false}
12:27:24.740 [main] DEBUG org.hibernate.cfg.Ejb3Column - Binding column: Ejb3Column{table=org.hibernate.mapping.Table(TicketSeller), mappingColumn=null, insertable=true, updatable=true, unique=false}
12:27:24.740 [main] DEBUG org.hibernate.cfg.Ejb3Column - Binding column: Ejb3Column{table=org.hibernate.mapping.Table(TicketSeller), mappingColumn=element, insertable=true, updatable=true, unique=false}
12:27:24.740 [main] DEBUG org.hibernate.cfg.Ejb3Column - Binding column: Ejb3Column{table=org.hibernate.mapping.Table(TicketSeller), mappingColumn=tickets_KEY, insertable=true, updatable=true, unique=false}
12:27:24.740 [main] DEBUG org.hibernate.cfg.Ejb3Column - Binding column: Ejb3JoinColumn{logicalColumnName='tickets_KEY', referencedColumn='null', mappedBy='null'}
12:27:24.740 [main] DEBUG org.hibernate.cfg.Ejb3Column - Binding column: Ejb3JoinColumn{logicalColumnName='null', referencedColumn='null', mappedBy=''}
12:27:24.740 [main] DEBUG org.hibernate.cfg.Ejb3Column - Binding column: Ejb3JoinColumn{logicalColumnName='null', referencedColumn='null', mappedBy=''}
12:27:24.740 [main] DEBUG o.h.cfg.annotations.CollectionBinder - Collection role: Abstract.TicketSeller.tickets
12:27:24.740 [main] DEBUG o.h.cfg.annotations.PropertyBinder - Building property tickets
12:27:24.744 [main] DEBUG org.hibernate.cfg.AnnotationBinder - Binding entity from annotated class: Classes.Card
12:27:24.744 [main] DEBUG org.hibernate.cfg.Ejb3Column - Binding column: Ejb3DiscriminatorColumn{logicalColumnName'DTYPE', discriminatorTypeName='string'}
12:27:24.744 [main] DEBUG o.h.cfg.annotations.EntityBinder - Import with entity name Card
12:27:24.744 [main] DEBUG o.h.cfg.annotations.EntityBinder - Bind entity Classes.Card on table Card
12:27:24.746 [main] DEBUG org.hibernate.cfg.Ejb3Column - Binding column: Ejb3Column{table=org.hibernate.mapping.Table(Card), mappingColumn=id, insertable=true, updatable=true, unique=false}
12:27:24.746 [main] DEBUG o.h.b.internal.ClassLoaderAccessImpl - Not known whether passed class name [Classes.Card] is safe
12:27:24.746 [main] DEBUG o.h.b.internal.ClassLoaderAccessImpl - No temp ClassLoader provided; using live ClassLoader for loading potentially unsafe class : Classes.Card
12:27:24.746 [main] DEBUG o.h.cfg.annotations.PropertyBinder - MetadataSourceProcessor property id with lazy=false
12:27:24.746 [main] DEBUG o.h.cfg.AbstractPropertyHolder - Attempting to locate auto-apply AttributeConverter for property [Classes.Card:id]
12:27:24.746 [main] DEBUG o.h.c.annotations.SimpleValueBinder - building SimpleValue for id
12:27:24.746 [main] DEBUG o.h.cfg.annotations.PropertyBinder - Building property id
12:27:24.746 [main] DEBUG org.hibernate.cfg.BinderHelper - #makeIdGenerator(org.hibernate.mapping.SimpleValue([org.hibernate.mapping.Column(id)]), id, identity, , ...)
12:27:24.746 [main] DEBUG org.hibernate.cfg.Ejb3Column - Binding column: Ejb3Column{table=org.hibernate.mapping.Table(Card), mappingColumn=emissionDate, insertable=true, updatable=true, unique=false}
12:27:24.746 [main] DEBUG o.h.cfg.annotations.PropertyBinder - MetadataSourceProcessor property emissionDate with lazy=false
12:27:24.746 [main] DEBUG o.h.cfg.AbstractPropertyHolder - Attempting to locate auto-apply AttributeConverter for property [Classes.Card:emissionDate]
12:27:24.746 [main] DEBUG o.h.c.annotations.SimpleValueBinder - building SimpleValue for emissionDate
12:27:24.747 [main] DEBUG o.h.cfg.annotations.PropertyBinder - Building property emissionDate
12:27:24.747 [main] DEBUG org.hibernate.cfg.Ejb3Column - Binding column: Ejb3Column{table=org.hibernate.mapping.Table(Card), mappingColumn=expirationDate, insertable=true, updatable=true, unique=false}
12:27:24.747 [main] DEBUG o.h.cfg.annotations.PropertyBinder - MetadataSourceProcessor property expirationDate with lazy=false
12:27:24.747 [main] DEBUG o.h.cfg.AbstractPropertyHolder - Attempting to locate auto-apply AttributeConverter for property [Classes.Card:expirationDate]
12:27:24.747 [main] DEBUG o.h.c.annotations.SimpleValueBinder - building SimpleValue for expirationDate
12:27:24.747 [main] DEBUG o.h.cfg.annotations.PropertyBinder - Building property expirationDate
12:27:24.747 [main] DEBUG org.hibernate.cfg.Ejb3Column - Binding column: Ejb3JoinColumn{logicalColumnName='null', referencedColumn='null', mappedBy=''}
12:27:24.747 [main] DEBUG org.hibernate.cfg.Ejb3Column - Binding column: Ejb3Column{table=org.hibernate.mapping.Table(Card), mappingColumn=person, insertable=true, updatable=true, unique=false}
12:27:24.748 [main] DEBUG o.h.cfg.annotations.PropertyBinder - Building property person
12:27:24.749 [main] DEBUG org.hibernate.cfg.AnnotationBinder - Binding entity from annotated class: Classes.Person
12:27:24.749 [main] DEBUG org.hibernate.cfg.Ejb3Column - Binding column: Ejb3DiscriminatorColumn{logicalColumnName'DTYPE', discriminatorTypeName='string'}
12:27:24.749 [main] DEBUG o.h.cfg.annotations.EntityBinder - Import with entity name Person
12:27:24.749 [main] DEBUG o.h.cfg.annotations.EntityBinder - Bind entity Classes.Person on table Person
12:27:24.749 [main] DEBUG org.hibernate.cfg.Ejb3Column - Binding column: Ejb3Column{table=org.hibernate.mapping.Table(Person), mappingColumn=id, insertable=true, updatable=true, unique=false}
12:27:24.749 [main] DEBUG o.h.b.internal.ClassLoaderAccessImpl - Not known whether passed class name [Classes.Person] is safe
12:27:24.749 [main] DEBUG o.h.b.internal.ClassLoaderAccessImpl - No temp ClassLoader provided; using live ClassLoader for loading potentially unsafe class : Classes.Person
12:27:24.749 [main] DEBUG o.h.cfg.annotations.PropertyBinder - MetadataSourceProcessor property id with lazy=false
12:27:24.749 [main] DEBUG o.h.cfg.AbstractPropertyHolder - Attempting to locate auto-apply AttributeConverter for property [Classes.Person:id]
12:27:24.749 [main] DEBUG o.h.c.annotations.SimpleValueBinder - building SimpleValue for id
12:27:24.749 [main] DEBUG o.h.cfg.annotations.PropertyBinder - Building property id
12:27:24.749 [main] DEBUG org.hibernate.cfg.BinderHelper - #makeIdGenerator(org.hibernate.mapping.SimpleValue([org.hibernate.mapping.Column(id)]), id, identity, , ...)
12:27:24.749 [main] DEBUG org.hibernate.cfg.Ejb3Column - Binding column: Ejb3Column{table=org.hibernate.mapping.Table(Person), mappingColumn=birthdate, insertable=true, updatable=true, unique=false}
12:27:24.749 [main] DEBUG o.h.cfg.annotations.PropertyBinder - MetadataSourceProcessor property birthdate with lazy=false
12:27:24.749 [main] DEBUG o.h.cfg.AbstractPropertyHolder - Attempting to locate auto-apply AttributeConverter for property [Classes.Person:birthdate]
12:27:24.749 [main] DEBUG o.h.c.annotations.SimpleValueBinder - building SimpleValue for birthdate
12:27:24.750 [main] DEBUG o.h.cfg.annotations.PropertyBinder - Building property birthdate
12:27:24.750 [main] DEBUG org.hibernate.cfg.Ejb3Column - Binding column: Ejb3JoinColumn{logicalColumnName='null', referencedColumn='null', mappedBy='person'}
12:27:24.750 [main] DEBUG org.hibernate.cfg.Ejb3Column - Binding column: Ejb3Column{table=org.hibernate.mapping.Table(Person), mappingColumn=cardNum, insertable=true, updatable=true, unique=false}
12:27:24.750 [main] DEBUG org.hibernate.cfg.Ejb3Column - Binding column: Ejb3Column{table=org.hibernate.mapping.Table(Person), mappingColumn=firstName, insertable=true, updatable=true, unique=false}
12:27:24.750 [main] DEBUG o.h.cfg.annotations.PropertyBinder - MetadataSourceProcessor property firstName with lazy=false
12:27:24.751 [main] DEBUG o.h.cfg.AbstractPropertyHolder - Attempting to locate auto-apply AttributeConverter for property [Classes.Person:firstName]
12:27:24.751 [main] DEBUG o.h.c.annotations.SimpleValueBinder - building SimpleValue for firstName
12:27:24.751 [main] DEBUG o.h.cfg.annotations.PropertyBinder - Building property firstName
12:27:24.751 [main] DEBUG org.hibernate.cfg.Ejb3Column - Binding column: Ejb3Column{table=org.hibernate.mapping.Table(Person), mappingColumn=lastName, insertable=true, updatable=true, unique=false}
12:27:24.751 [main] DEBUG o.h.cfg.annotations.PropertyBinder - MetadataSourceProcessor property lastName with lazy=false
12:27:24.751 [main] DEBUG o.h.cfg.AbstractPropertyHolder - Attempting to locate auto-apply AttributeConverter for property [Classes.Person:lastName]
12:27:24.751 [main] DEBUG o.h.c.annotations.SimpleValueBinder - building SimpleValue for lastName
12:27:24.751 [main] DEBUG o.h.cfg.annotations.PropertyBinder - Building property lastName
12:27:24.751 [main] DEBUG org.hibernate.cfg.AnnotationBinder - Binding entity from annotated class: Classes.Ticket
12:27:24.751 [main] DEBUG org.hibernate.cfg.Ejb3Column - Binding column: Ejb3DiscriminatorColumn{logicalColumnName'DTYPE', discriminatorTypeName='string'}
12:27:24.751 [main] DEBUG o.h.cfg.annotations.EntityBinder - Import with entity name Ticket
12:27:24.751 [main] DEBUG o.h.cfg.annotations.EntityBinder - Bind entity Classes.Ticket on table Ticket
12:27:24.753 [main] DEBUG org.hibernate.cfg.Ejb3Column - Binding column: Ejb3Column{table=org.hibernate.mapping.Table(Ticket), mappingColumn=id, insertable=true, updatable=true, unique=false}
12:27:24.753 [main] DEBUG o.h.b.internal.ClassLoaderAccessImpl - Not known whether passed class name [Classes.Ticket] is safe
12:27:24.753 [main] DEBUG o.h.b.internal.ClassLoaderAccessImpl - No temp ClassLoader provided; using live ClassLoader for loading potentially unsafe class : Classes.Ticket
12:27:24.753 [main] DEBUG o.h.cfg.annotations.PropertyBinder - MetadataSourceProcessor property id with lazy=false
12:27:24.753 [main] DEBUG o.h.cfg.AbstractPropertyHolder - Attempting to locate auto-apply AttributeConverter for property [Classes.Ticket:id]
12:27:24.753 [main] DEBUG o.h.c.annotations.SimpleValueBinder - building SimpleValue for id
12:27:24.753 [main] DEBUG o.h.cfg.annotations.PropertyBinder - Building property id
12:27:24.753 [main] DEBUG org.hibernate.cfg.BinderHelper - #makeIdGenerator(org.hibernate.mapping.SimpleValue([org.hibernate.mapping.Column(id)]), id, identity, , ...)
12:27:24.753 [main] DEBUG org.hibernate.cfg.Ejb3Column - Binding column: Ejb3JoinColumn{logicalColumnName='null', referencedColumn='null', mappedBy='null'}
12:27:24.753 [main] DEBUG org.hibernate.cfg.Ejb3Column - Binding column: Ejb3Column{table=org.hibernate.mapping.Table(Ticket), mappingColumn=seller, insertable=true, updatable=true, unique=false}
12:27:24.754 [main] DEBUG o.h.cfg.annotations.PropertyBinder - Building property seller
12:27:24.754 [main] DEBUG org.hibernate.cfg.AnnotationBinder - Binding entity from annotated class: Classes.Pass
12:27:24.754 [main] DEBUG o.h.cfg.annotations.EntityBinder - Import with entity name Pass
12:27:24.755 [main] DEBUG org.hibernate.cfg.Ejb3Column - Binding column: Ejb3JoinColumn{logicalColumnName='null', referencedColumn='null', mappedBy=''}
12:27:24.755 [main] DEBUG org.hibernate.cfg.Ejb3Column - Binding column: Ejb3Column{table=org.hibernate.mapping.Table(Ticket), mappingColumn=person, insertable=true, updatable=true, unique=false}
12:27:24.756 [main] DEBUG o.h.cfg.annotations.PropertyBinder - Building property person
12:27:24.756 [main] DEBUG org.hibernate.cfg.Ejb3Column - Binding column: Ejb3JoinColumn{logicalColumnName='null', referencedColumn='null', mappedBy='null'}
12:27:24.756 [main] DEBUG org.hibernate.cfg.Ejb3Column - Binding column: Ejb3Column{table=org.hibernate.mapping.Table(Ticket), mappingColumn=sellers, insertable=true, updatable=true, unique=false}
12:27:24.756 [main] DEBUG o.h.cfg.annotations.PropertyBinder - Building property sellers
12:27:24.756 [main] DEBUG org.hibernate.cfg.Ejb3Column - Binding column: Ejb3Column{table=org.hibernate.mapping.Table(Ticket), mappingColumn=validity, insertable=true, updatable=true, unique=false}
12:27:24.756 [main] DEBUG o.h.cfg.annotations.PropertyBinder - MetadataSourceProcessor property validity with lazy=false
12:27:24.756 [main] DEBUG o.h.cfg.AbstractPropertyHolder - Attempting to locate auto-apply AttributeConverter for property [Classes.Pass:validity]
12:27:24.757 [main] DEBUG o.h.c.annotations.SimpleValueBinder - building SimpleValue for validity
12:27:24.757 [main] DEBUG o.h.cfg.annotations.PropertyBinder - Building property validity
12:27:24.757 [main] DEBUG org.hibernate.cfg.AnnotationBinder - Binding entity from annotated class: Classes.Shop
12:27:24.758 [main] DEBUG o.h.cfg.annotations.EntityBinder - Import with entity name Shop
12:27:24.758 [main] DEBUG org.hibernate.cfg.AnnotationBinder - Skipping attribute [java.util.List : passes] as it was already processed as part of super hierarchy
12:27:24.758 [main] DEBUG org.hibernate.cfg.Ejb3Column - Binding column: Ejb3JoinColumn{logicalColumnName='null', referencedColumn='null', mappedBy=''}
12:27:24.758 [main] DEBUG org.hibernate.cfg.Ejb3Column - Binding column: Ejb3Column{table=org.hibernate.mapping.Table(TicketSeller), mappingColumn=people, insertable=true, updatable=true, unique=false}
12:27:24.759 [main] DEBUG org.hibernate.cfg.Ejb3Column - Binding column: Ejb3Column{table=org.hibernate.mapping.Table(TicketSeller), mappingColumn=null, insertable=true, updatable=true, unique=false}
12:27:24.759 [main] DEBUG org.hibernate.cfg.Ejb3Column - Binding column: Ejb3Column{table=org.hibernate.mapping.Table(TicketSeller), mappingColumn=element, insertable=true, updatable=true, unique=false}
12:27:24.759 [main] DEBUG org.hibernate.cfg.Ejb3Column - Binding column: Ejb3Column{table=org.hibernate.mapping.Table(TicketSeller), mappingColumn=people_KEY, insertable=true, updatable=true, unique=false}
12:27:24.759 [main] DEBUG org.hibernate.cfg.Ejb3Column - Binding column: Ejb3JoinColumn{logicalColumnName='people_KEY', referencedColumn='null', mappedBy='null'}
12:27:24.759 [main] DEBUG org.hibernate.cfg.Ejb3Column - Binding column: Ejb3JoinColumn{logicalColumnName='null', referencedColumn='null', mappedBy=''}
12:27:24.759 [main] DEBUG org.hibernate.cfg.Ejb3Column - Binding column: Ejb3JoinColumn{logicalColumnName='null', referencedColumn='null', mappedBy=''}
12:27:24.759 [main] DEBUG o.h.cfg.annotations.CollectionBinder - Collection role: Classes.Shop.people
12:27:24.759 [main] DEBUG o.h.cfg.annotations.PropertyBinder - Building property people
12:27:24.759 [main] DEBUG org.hibernate.cfg.AnnotationBinder - Skipping attribute [java.util.List : tickets] as it was already processed as part of super hierarchy
12:27:24.759 [main] DEBUG org.hibernate.cfg.AnnotationBinder - Binding entity from annotated class: Classes.VendingMachine
12:27:24.759 [main] DEBUG o.h.cfg.annotations.EntityBinder - Import with entity name VendingMachine
12:27:24.760 [main] DEBUG org.hibernate.cfg.Ejb3Column - Binding column: Ejb3Column{table=org.hibernate.mapping.Table(TicketSeller), mappingColumn=isWorking, insertable=true, updatable=true, unique=false}
12:27:24.760 [main] DEBUG o.h.cfg.annotations.PropertyBinder - MetadataSourceProcessor property isWorking with lazy=false
12:27:24.760 [main] DEBUG o.h.cfg.AbstractPropertyHolder - Attempting to locate auto-apply AttributeConverter for property [Classes.VendingMachine:isWorking]
12:27:24.760 [main] DEBUG o.h.c.annotations.SimpleValueBinder - building SimpleValue for isWorking
12:27:24.760 [main] DEBUG o.h.cfg.annotations.PropertyBinder - Building property isWorking
12:27:24.761 [main] DEBUG o.h.c.annotations.SimpleValueBinder - Starting fillSimpleValue for id
12:27:24.761 [main] DEBUG o.h.c.annotations.SimpleValueBinder - Starting fillSimpleValue for name
12:27:24.761 [main] DEBUG o.h.c.annotations.SimpleValueBinder - Starting fillSimpleValue for id
12:27:24.761 [main] DEBUG o.h.c.annotations.SimpleValueBinder - Starting fillSimpleValue for emissionDate
12:27:24.761 [main] DEBUG o.h.c.annotations.SimpleValueBinder - Starting fillSimpleValue for expirationDate
12:27:24.761 [main] DEBUG o.h.c.annotations.SimpleValueBinder - Starting fillSimpleValue for id
12:27:24.761 [main] DEBUG o.h.c.annotations.SimpleValueBinder - Starting fillSimpleValue for birthdate
12:27:24.761 [main] DEBUG o.h.c.annotations.SimpleValueBinder - Starting fillSimpleValue for firstName
12:27:24.761 [main] DEBUG o.h.c.annotations.SimpleValueBinder - Starting fillSimpleValue for lastName
12:27:24.761 [main] DEBUG o.h.c.annotations.SimpleValueBinder - Starting fillSimpleValue for id
12:27:24.762 [main] DEBUG o.h.c.annotations.SimpleValueBinder - Starting fillSimpleValue for validity
12:27:24.762 [main] DEBUG o.h.c.annotations.SimpleValueBinder - Starting fillSimpleValue for isWorking
12:27:24.766 [main] DEBUG org.hibernate.mapping.PrimaryKey - Forcing column [id] to be non-null as it is part of the primary key for table [ticketseller]
12:27:24.766 [main] DEBUG org.hibernate.mapping.PrimaryKey - Forcing column [id] to be non-null as it is part of the primary key for table [card]
12:27:24.766 [main] DEBUG org.hibernate.mapping.PrimaryKey - Forcing column [id] to be non-null as it is part of the primary key for table [person]
12:27:24.766 [main] DEBUG org.hibernate.mapping.PrimaryKey - Forcing column [id] to be non-null as it is part of the primary key for table [ticket]
12:27:24.766 [main] DEBUG o.hibernate.cfg.CollectionSecondPass - Second pass for collection: Classes.Shop.people
12:27:24.766 [main] DEBUG o.h.cfg.annotations.CollectionBinder - Binding a OneToMany: Classes.Shop.people through an association table
12:27:24.770 [main] DEBUG o.hibernate.cfg.CollectionSecondPass - Mapped collection key: Shop_id, element: people_id
12:27:24.770 [main] DEBUG o.hibernate.cfg.CollectionSecondPass - Second pass for collection: Abstract.TicketSeller.tickets
12:27:24.770 [main] DEBUG o.h.cfg.annotations.CollectionBinder - Binding a OneToMany: Abstract.TicketSeller.tickets through an association table
12:27:24.770 [main] DEBUG o.hibernate.cfg.CollectionSecondPass - Mapped collection key: TicketSeller_id, element: tickets_id
12:27:24.770 [main] DEBUG o.hibernate.cfg.CollectionSecondPass - Second pass for collection: Abstract.TicketSeller.passes
12:27:24.770 [main] DEBUG o.h.cfg.annotations.CollectionBinder - Binding a OneToMany: Abstract.TicketSeller.passes through an association table
12:27:24.771 [main] DEBUG o.hibernate.cfg.CollectionSecondPass - Mapped collection key: TicketSeller_id, element: passes_id
12:27:24.772 [main] DEBUG o.h.cfg.annotations.PropertyBinder - Building property cardNum
12:27:24.772 [main] DEBUG o.h.b.i.InFlightMetadataCollectorImpl - Processing association property references
12:27:24.772 [main] DEBUG o.h.b.i.InFlightMetadataCollectorImpl - Resolving reference to class: Classes.Person
12:27:24.773 [main] DEBUG o.h.b.i.InFlightMetadataCollectorImpl - Resolving reference to class: Abstract.TicketSeller
12:27:24.773 [main] DEBUG o.h.b.i.InFlightMetadataCollectorImpl - Resolving reference to class: Classes.Person
12:27:24.774 [main] DEBUG o.h.b.i.InFlightMetadataCollectorImpl - Resolving reference to class: Abstract.TicketSeller
12:27:24.774 [main] DEBUG o.h.b.i.InFlightMetadataCollectorImpl - Resolving reference to class: Classes.Person
12:27:24.774 [main] DEBUG o.h.b.i.InFlightMetadataCollectorImpl - Resolving reference to class: Classes.Shop
12:27:24.774 [main] DEBUG o.h.b.i.InFlightMetadataCollectorImpl - Resolving reference to class: Classes.Ticket
12:27:24.774 [main] DEBUG o.h.b.i.InFlightMetadataCollectorImpl - Resolving reference to class: Abstract.TicketSeller
12:27:24.774 [main] DEBUG o.h.b.i.InFlightMetadataCollectorImpl - Resolving reference to class: Classes.Pass
12:27:24.775 [main] DEBUG o.h.b.i.InFlightMetadataCollectorImpl - Processing association property references
12:27:24.776 [main] DEBUG o.h.b.i.InFlightMetadataCollectorImpl - Resolving reference to class: Classes.Person
12:27:24.776 [main] DEBUG o.h.b.i.InFlightMetadataCollectorImpl - Resolving reference to class: Abstract.TicketSeller
12:27:24.776 [main] DEBUG o.h.b.i.InFlightMetadataCollectorImpl - Resolving reference to class: Classes.Person
12:27:24.776 [main] DEBUG o.h.b.i.InFlightMetadataCollectorImpl - Resolving reference to class: Abstract.TicketSeller
12:27:24.776 [main] DEBUG o.h.b.i.InFlightMetadataCollectorImpl - Resolving reference to class: Classes.Person
12:27:24.776 [main] DEBUG o.h.b.i.InFlightMetadataCollectorImpl - Resolving reference to class: Classes.Shop
12:27:24.776 [main] DEBUG o.h.b.i.InFlightMetadataCollectorImpl - Resolving reference to class: Classes.Ticket
12:27:24.776 [main] DEBUG o.h.b.i.InFlightMetadataCollectorImpl - Resolving reference to class: Abstract.TicketSeller
12:27:24.776 [main] DEBUG o.h.b.i.InFlightMetadataCollectorImpl - Resolving reference to class: Classes.Pass
12:27:24.802 [main] DEBUG o.h.internal.SessionFactoryImpl - Building session factory
12:27:24.803 [main] DEBUG org.hibernate.cfg.Settings - SessionFactory name : null
12:27:24.803 [main] DEBUG org.hibernate.cfg.Settings - Automatic flush during beforeCompletion(): enabled
12:27:24.803 [main] DEBUG org.hibernate.cfg.Settings - Automatic session close at end of transaction: disabled
12:27:24.803 [main] DEBUG org.hibernate.cfg.Settings - Statistics: disabled
12:27:24.803 [main] DEBUG org.hibernate.cfg.Settings - Deleted entity synthetic identifier rollback: disabled
12:27:24.803 [main] DEBUG org.hibernate.cfg.Settings - Default entity-mode: pojo
12:27:24.803 [main] DEBUG org.hibernate.cfg.Settings - Check Nullability in Core (should be disabled when Bean Validation is on): enabled
12:27:24.803 [main] DEBUG org.hibernate.cfg.Settings - Allow initialization of lazy state outside session : disabled
12:27:24.803 [main] DEBUG org.hibernate.cfg.Settings - Using BatchFetchStyle : LEGACY
12:27:24.803 [main] DEBUG org.hibernate.cfg.Settings - Default batch fetch size: -1
12:27:24.803 [main] DEBUG org.hibernate.cfg.Settings - Maximum outer join fetch depth: null
12:27:24.803 [main] DEBUG org.hibernate.cfg.Settings - Default null ordering: NONE
12:27:24.803 [main] DEBUG org.hibernate.cfg.Settings - Order SQL updates by primary key: disabled
12:27:24.803 [main] DEBUG org.hibernate.cfg.Settings - Order SQL inserts for batching: disabled
12:27:24.803 [main] DEBUG org.hibernate.cfg.Settings - multi-tenancy strategy : NONE
12:27:24.803 [main] DEBUG org.hibernate.cfg.Settings - JTA Track by Thread: enabled
12:27:24.803 [main] DEBUG org.hibernate.cfg.Settings - Query language substitutions: {}
12:27:24.803 [main] DEBUG org.hibernate.cfg.Settings - Named query checking : enabled
12:27:24.804 [main] DEBUG org.hibernate.cfg.Settings - Second-level cache: disabled
12:27:24.804 [main] DEBUG org.hibernate.cfg.Settings - Second-level query cache: disabled
12:27:24.804 [main] DEBUG org.hibernate.cfg.Settings - Second-level query cache factory: null
12:27:24.804 [main] DEBUG org.hibernate.cfg.Settings - Second-level cache region prefix: null
12:27:24.804 [main] DEBUG org.hibernate.cfg.Settings - Optimize second-level cache for minimal puts: disabled
12:27:24.804 [main] DEBUG org.hibernate.cfg.Settings - Structured second-level cache entries: disabled
12:27:24.804 [main] DEBUG org.hibernate.cfg.Settings - Second-level cache direct-reference entries: disabled
12:27:24.804 [main] DEBUG org.hibernate.cfg.Settings - Automatic eviction of collection cache: disabled
12:27:24.804 [main] DEBUG org.hibernate.cfg.Settings - JDBC batch size: 15
12:27:24.804 [main] DEBUG org.hibernate.cfg.Settings - JDBC batch updates for versioned data: enabled
12:27:24.804 [main] DEBUG org.hibernate.cfg.Settings - Scrollable result sets: enabled
12:27:24.804 [main] DEBUG org.hibernate.cfg.Settings - Wrap result sets: disabled
12:27:24.804 [main] DEBUG org.hibernate.cfg.Settings - JDBC3 getGeneratedKeys(): enabled
12:27:24.804 [main] DEBUG org.hibernate.cfg.Settings - JDBC result set fetch size: null
12:27:24.804 [main] DEBUG org.hibernate.cfg.Settings - Connection release mode: AFTER_TRANSACTION
12:27:24.804 [main] DEBUG org.hibernate.cfg.Settings - Generate SQL with comments: disabled
12:27:24.804 [main] DEBUG org.hibernate.cfg.Settings - JPA compliance - query : disabled
12:27:24.804 [main] DEBUG org.hibernate.cfg.Settings - JPA compliance - closed-handling : disabled
12:27:24.804 [main] DEBUG org.hibernate.cfg.Settings - JPA compliance - lists : disabled
12:27:24.804 [main] DEBUG org.hibernate.cfg.Settings - JPA compliance - transactions : disabled
12:27:24.809 [main] DEBUG o.h.b.internal.ClassLoaderAccessImpl - Not known whether passed class name [Classes.Pass] is safe
12:27:24.809 [main] DEBUG o.h.b.internal.ClassLoaderAccessImpl - No temp ClassLoader provided; using live ClassLoader for loading potentially unsafe class : Classes.Pass
12:27:24.809 [main] DEBUG o.h.b.internal.ClassLoaderAccessImpl - Not known whether passed class name [Classes.Shop] is safe
12:27:24.809 [main] DEBUG o.h.b.internal.ClassLoaderAccessImpl - No temp ClassLoader provided; using live ClassLoader for loading potentially unsafe class : Classes.Shop
12:27:24.809 [main] DEBUG o.h.b.internal.ClassLoaderAccessImpl - Not known whether passed class name [Classes.VendingMachine] is safe
12:27:24.809 [main] DEBUG o.h.b.internal.ClassLoaderAccessImpl - No temp ClassLoader provided; using live ClassLoader for loading potentially unsafe class : Classes.VendingMachine
12:27:24.835 [main] DEBUG o.h.s.i.SessionFactoryServiceRegistryImpl - EventListenerRegistry access via ServiceRegistry is deprecated.  Use `sessionFactory.getEventEngine().getListenerRegistry()` instead
12:27:24.836 [main] DEBUG o.h.s.i.SessionFactoryServiceRegistryImpl - EventListenerRegistry access via ServiceRegistry is deprecated.  Use `sessionFactory.getEventEngine().getListenerRegistry()` instead
12:27:24.846 [main] DEBUG o.h.internal.SessionFactoryImpl - Session factory constructed with filter configurations : {}
12:27:24.846 [main] DEBUG o.h.internal.SessionFactoryImpl - Instantiating session factory with properties: {java.specification.version=17, sun.cpu.isalist=amd64, sun.jnu.encoding=Cp1252, hibernate.dialect=org.hibernate.dialect.PostgreSQLDialect, java.class.path=C:\Users\total\Desktop\All\Epicode\fs0223-Luca-Sernicola-BackEnd\BuildWeek_4\target\classes;C:\Users\total\.m2\repository\ch\qos\logback\logback-classic\1.4.8\logback-classic-1.4.8.jar;C:\Users\total\.m2\repository\ch\qos\logback\logback-core\1.4.8\logback-core-1.4.8.jar;C:\Users\total\.m2\repository\org\slf4j\slf4j-api\2.0.7\slf4j-api-2.0.7.jar;C:\Users\total\.m2\repository\commons-io\commons-io\2.13.0\commons-io-2.13.0.jar;C:\Users\total\.m2\repository\org\postgresql\postgresql\42.6.0\postgresql-42.6.0.jar;C:\Users\total\.m2\repository\org\checkerframework\checker-qual\3.31.0\checker-qual-3.31.0.jar;C:\Users\total\.m2\repository\org\hibernate\hibernate-core\5.6.15.Final\hibernate-core-5.6.15.Final.jar;C:\Users\total\.m2\repository\org\jboss\logging\jboss-logging\3.4.3.Final\jboss-logging-3.4.3.Final.jar;C:\Users\total\.m2\repository\javax\persistence\javax.persistence-api\2.2\javax.persistence-api-2.2.jar;C:\Users\total\.m2\repository\net\bytebuddy\byte-buddy\1.12.18\byte-buddy-1.12.18.jar;C:\Users\total\.m2\repository\antlr\antlr\2.7.7\antlr-2.7.7.jar;C:\Users\total\.m2\repository\org\jboss\spec\javax\transaction\jboss-transaction-api_1.2_spec\1.1.1.Final\jboss-transaction-api_1.2_spec-1.1.1.Final.jar;C:\Users\total\.m2\repository\org\jboss\jandex\2.4.2.Final\jandex-2.4.2.Final.jar;C:\Users\total\.m2\repository\com\fasterxml\classmate\1.5.1\classmate-1.5.1.jar;C:\Users\total\.m2\repository\javax\activation\javax.activation-api\1.2.0\javax.activation-api-1.2.0.jar;C:\Users\total\.m2\repository\org\hibernate\common\hibernate-commons-annotations\5.1.2.Final\hibernate-commons-annotations-5.1.2.Final.jar;C:\Users\total\.m2\repository\javax\xml\bind\jaxb-api\2.3.1\jaxb-api-2.3.1.jar;C:\Users\total\.m2\repository\org\glassfish\jaxb\jaxb-runtime\2.3.1\jaxb-runtime-2.3.1.jar;C:\Users\total\.m2\repository\org\glassfish\jaxb\txw2\2.3.1\txw2-2.3.1.jar;C:\Users\total\.m2\repository\com\sun\istack\istack-commons-runtime\3.0.7\istack-commons-runtime-3.0.7.jar;C:\Users\total\.m2\repository\org\jvnet\staxex\stax-ex\1.8\stax-ex-1.8.jar;C:\Users\total\.m2\repository\com\sun\xml\fastinfoset\FastInfoset\1.2.15\FastInfoset-1.2.15.jar;C:\Users\total\Desktop\All\Epicode\fs0223-Luca-Sernicola-BackEnd\Homework_W3_D3\target\classes, java.vm.vendor=Eclipse Adoptium, sun.arch.data.model=64, user.variant=, java.vendor.url=https://adoptium.net/, user.timezone=Europe/Rome, javax.persistence.jdbc.url=jdbc:postgresql://localhost:5432/BuildWeek, javax.persistence.jdbc.user=****, java.vm.specification.version=17, os.name=Windows 11, jakarta.persistence.jdbc.password=****, sun.java.launcher=SUN_STANDARD, user.country=US, local.setting.IS_JTA_TXN_COORD=false, sun.boot.library.path=C:\Users\total\.p2\pool\plugins\org.eclipse.justj.openjdk.hotspot.jre.full.win32.x86_64_17.0.7.v20230425-1502\jre\bin, sun.java.command=MainClass.MainClass, jdk.debug=release, jakarta.persistence.jdbc.driver=org.postgresql.Driver, sun.cpu.endian=little, user.home=C:\Users\total, user.language=en, java.specification.vendor=Oracle Corporation, java.version.date=2023-04-18, java.home=C:\Users\total\.p2\pool\plugins\org.eclipse.justj.openjdk.hotspot.jre.full.win32.x86_64_17.0.7.v20230425-1502\jre, file.separator=\, java.vm.compressedOopsMode=Zero based, jakarta.persistence.jdbc.user=****, line.separator=
, hibernate.persistenceUnitName=BuildWeek_4, java.vm.specification.vendor=Oracle Corporation, java.specification.name=Java Platform API Specification, hibernate.transaction.coordinator_class=class org.hibernate.resource.transaction.backend.jdbc.internal.JdbcResourceLocalTransactionCoordinatorBuilderImpl, javax.persistence.jdbc.driver=org.postgresql.Driver, hibernate.hbm2ddl.auto=update, user.script=, sun.management.compiler=HotSpot 64-Bit Tiered Compilers, java.runtime.version=17.0.7+7, user.name=total, path.separator=;, hibernate.connection.username=****, os.version=10.0, java.runtime.name=OpenJDK Runtime Environment, hibernate.connection.url=jdbc:postgresql://localhost:5432/BuildWeek, file.encoding=UTF-8, hibernate.ejb.persistenceUnitName=BuildWeek_4, java.vm.name=OpenJDK 64-Bit Server VM, java.vendor.version=Temurin-17.0.7+7, hibernate.connection.driver_class=org.postgresql.Driver, java.vendor.url.bug=https://github.com/adoptium/adoptium-support/issues, java.io.tmpdir=C:\Users\total\AppData\Local\Temp\, java.version=17.0.7, user.dir=C:\Users\total\Desktop\All\Epicode\fs0223-Luca-Sernicola-BackEnd\BuildWeek_4, os.arch=amd64, java.vm.specification.name=Java Virtual Machine Specification, hibernate.connection.password=****, sun.os.patch.level=, jakarta.persistence.jdbc.url=jdbc:postgresql://localhost:5432/BuildWeek, hibernate.boot.CfgXmlAccessService.key=org.hibernate.boot.registry.StandardServiceRegistryBuilder$1@66c38e51, native.encoding=Cp1252, java.library.path=C:\Users\total\.p2\pool\plugins\org.eclipse.justj.openjdk.hotspot.jre.full.win32.x86_64_17.0.7.v20230425-1502\jre\bin;C:\windows\Sun\Java\bin;C:\windows\system32;C:\windows;C:/Users/total/.p2/pool/plugins/org.eclipse.justj.openjdk.hotspot.jre.full.win32.x86_64_17.0.7.v20230425-1502/jre/bin/server;C:/Users/total/.p2/pool/plugins/org.eclipse.justj.openjdk.hotspot.jre.full.win32.x86_64_17.0.7.v20230425-1502/jre/bin;C:\Program Files\Eclipse Adoptium\jdk-17.0.7.7-hotspot\bin;C:\Program Files (x86)\NVIDIA Corporation\PhysX\Common;C:\windows\system32;C:\windows;C:\windows\System32\Wbem;C:\windows\System32\WindowsPowerShell\v1.0\;C:\windows\System32\OpenSSH\;C:\Program Files\Git\cmd;C:\Program Files\nodejs\;C:\Users\total\AppData\Local\Microsoft\WindowsApps;C:\Users\total\AppData\Local\Programs\Microsoft VS Code\bin;C:\Users\total\AppData\Roaming\npm;C:\Users\total\AppData\Local\GitHubDesktop\bin;C:\windows\System32;;., java.vendor=Eclipse Adoptium, java.vm.info=mixed mode, java.vm.version=17.0.7+7, hibernate.bytecode.use_reflection_optimizer=false, sun.io.unicode.encoding=UnicodeLittle, javax.persistence.jdbc.password=****, java.class.version=61.0}
12:27:24.856 [main] DEBUG o.h.secure.spi.JaccIntegrator - Skipping JACC integration as it was not enabled
12:27:24.859 [main] DEBUG org.hibernate.type.EnumType - Using ORDINAL-based conversion for Enum Enums.Validity
12:27:24.860 [main] DEBUG o.h.internal.SessionFactoryImpl - Instantiated session factory
12:27:24.860 [main] DEBUG o.h.type.spi.TypeConfiguration$Scope - Scoping TypeConfiguration [org.hibernate.type.spi.TypeConfiguration@5e3a39cd] to SessionFactoryImpl [org.hibernate.internal.SessionFactoryImpl@199bc830]
12:27:24.896 [main] DEBUG o.h.b.internal.ClassLoaderAccessImpl - Not known whether passed class name [Abstract.TicketSeller] is safe
12:27:24.896 [main] DEBUG o.h.b.internal.ClassLoaderAccessImpl - No temp ClassLoader provided; using live ClassLoader for loading potentially unsafe class : Abstract.TicketSeller
12:27:24.898 [main] DEBUG o.h.b.internal.ClassLoaderAccessImpl - Not known whether passed class name [Classes.Shop] is safe
12:27:24.898 [main] DEBUG o.h.b.internal.ClassLoaderAccessImpl - No temp ClassLoader provided; using live ClassLoader for loading potentially unsafe class : Classes.Shop
12:27:24.898 [main] DEBUG o.h.b.internal.ClassLoaderAccessImpl - Not known whether passed class name [Classes.VendingMachine] is safe
12:27:24.898 [main] DEBUG o.h.b.internal.ClassLoaderAccessImpl - No temp ClassLoader provided; using live ClassLoader for loading potentially unsafe class : Classes.VendingMachine
12:27:25.008 [main] DEBUG o.hibernate.orm.bytecode.interceptor - To-one property `Classes.Card#person` was mapped with LAZY + NO_PROXY but the class was not enhanced
12:27:25.008 [main] DEBUG o.hibernate.orm.bytecode.interceptor - To-one property `Classes.Card#person` was mapped with LAZY + NO_PROXY but the class was not enhanced
12:27:25.008 [main] DEBUG o.h.b.internal.ClassLoaderAccessImpl - Not known whether passed class name [Classes.Card] is safe
12:27:25.008 [main] DEBUG o.h.b.internal.ClassLoaderAccessImpl - No temp ClassLoader provided; using live ClassLoader for loading potentially unsafe class : Classes.Card
12:27:25.017 [main] DEBUG o.hibernate.orm.bytecode.interceptor - To-one property `Classes.Card#person` was mapped with LAZY + NO_PROXY but the class was not enhanced
12:27:25.017 [main] DEBUG o.hibernate.orm.bytecode.interceptor - To-one property `Classes.Card#person` was mapped with LAZY + NO_PROXY but the class was not enhanced
12:27:25.017 [main] DEBUG o.hibernate.orm.bytecode.interceptor - To-one property `Classes.Person#cardNum` was mapped with LAZY + NO_PROXY but the class was not enhanced
12:27:25.017 [main] DEBUG o.hibernate.orm.bytecode.interceptor - To-one property `Classes.Person#cardNum` was mapped with LAZY + NO_PROXY but the class was not enhanced
12:27:25.017 [main] DEBUG o.h.b.internal.ClassLoaderAccessImpl - Not known whether passed class name [Classes.Person] is safe
12:27:25.017 [main] DEBUG o.h.b.internal.ClassLoaderAccessImpl - No temp ClassLoader provided; using live ClassLoader for loading potentially unsafe class : Classes.Person
12:27:25.024 [main] DEBUG o.hibernate.orm.bytecode.interceptor - To-one property `Classes.Person#cardNum` was mapped with LAZY + NO_PROXY but the class was not enhanced
12:27:25.024 [main] DEBUG o.hibernate.orm.bytecode.interceptor - To-one property `Classes.Person#cardNum` was mapped with LAZY + NO_PROXY but the class was not enhanced
12:27:25.024 [main] DEBUG o.hibernate.orm.bytecode.interceptor - To-one property `Classes.Ticket#seller` was mapped with LAZY + NO_PROXY but the class was not enhanced
12:27:25.024 [main] DEBUG o.hibernate.orm.bytecode.interceptor - To-one property `Classes.Ticket#seller` was mapped with LAZY + NO_PROXY but the class was not enhanced
12:27:25.024 [main] DEBUG o.hibernate.orm.bytecode.interceptor - To-one property `Classes.Pass#person` was mapped with LAZY + NO_PROXY but the class was not enhanced
12:27:25.024 [main] DEBUG o.hibernate.orm.bytecode.interceptor - To-one property `Classes.Pass#person` was mapped with LAZY + NO_PROXY but the class was not enhanced
12:27:25.024 [main] DEBUG o.hibernate.orm.bytecode.interceptor - To-one property `Classes.Pass#sellers` was mapped with LAZY + NO_PROXY but the class was not enhanced
12:27:25.024 [main] DEBUG o.hibernate.orm.bytecode.interceptor - To-one property `Classes.Pass#sellers` was mapped with LAZY + NO_PROXY but the class was not enhanced
12:27:25.024 [main] DEBUG o.h.b.internal.ClassLoaderAccessImpl - Not known whether passed class name [Classes.Pass] is safe
12:27:25.024 [main] DEBUG o.h.b.internal.ClassLoaderAccessImpl - No temp ClassLoader provided; using live ClassLoader for loading potentially unsafe class : Classes.Pass
12:27:25.030 [main] DEBUG o.hibernate.orm.bytecode.interceptor - To-one property `Classes.Ticket#seller` was mapped with LAZY + NO_PROXY but the class was not enhanced
12:27:25.030 [main] DEBUG o.hibernate.orm.bytecode.interceptor - To-one property `Classes.Pass#person` was mapped with LAZY + NO_PROXY but the class was not enhanced
12:27:25.030 [main] DEBUG o.hibernate.orm.bytecode.interceptor - To-one property `Classes.Pass#sellers` was mapped with LAZY + NO_PROXY but the class was not enhanced
12:27:25.030 [main] DEBUG o.hibernate.orm.bytecode.interceptor - To-one property `Classes.Ticket#seller` was mapped with LAZY + NO_PROXY but the class was not enhanced
12:27:25.030 [main] DEBUG o.hibernate.orm.bytecode.interceptor - To-one property `Classes.Pass#person` was mapped with LAZY + NO_PROXY but the class was not enhanced
12:27:25.030 [main] DEBUG o.hibernate.orm.bytecode.interceptor - To-one property `Classes.Pass#sellers` was mapped with LAZY + NO_PROXY but the class was not enhanced
12:27:25.034 [main] DEBUG o.hibernate.orm.bytecode.interceptor - To-one property `Classes.Ticket#seller` was mapped with LAZY + NO_PROXY but the class was not enhanced
12:27:25.034 [main] DEBUG o.hibernate.orm.bytecode.interceptor - To-one property `Classes.Ticket#seller` was mapped with LAZY + NO_PROXY but the class was not enhanced
12:27:25.034 [main] DEBUG o.h.b.internal.ClassLoaderAccessImpl - Not known whether passed class name [Classes.Ticket] is safe
12:27:25.034 [main] DEBUG o.h.b.internal.ClassLoaderAccessImpl - No temp ClassLoader provided; using live ClassLoader for loading potentially unsafe class : Classes.Ticket
12:27:25.038 [main] DEBUG o.hibernate.orm.bytecode.interceptor - To-one property `Classes.Ticket#seller` was mapped with LAZY + NO_PROXY but the class was not enhanced
12:27:25.038 [main] DEBUG o.hibernate.orm.bytecode.interceptor - To-one property `Classes.Ticket#seller` was mapped with LAZY + NO_PROXY but the class was not enhanced
12:27:25.038 [main] DEBUG o.hibernate.orm.bytecode.interceptor - To-one property `Classes.Pass#person` was mapped with LAZY + NO_PROXY but the class was not enhanced
12:27:25.038 [main] DEBUG o.hibernate.orm.bytecode.interceptor - To-one property `Classes.Pass#sellers` was mapped with LAZY + NO_PROXY but the class was not enhanced
12:27:25.049 [main] DEBUG o.h.p.c.AbstractCollectionPersister - Static SQL for collection: Abstract.TicketSeller.tickets
12:27:25.049 [main] DEBUG o.h.p.c.AbstractCollectionPersister -  Row insert: insert into TicketSeller_Ticket (TicketSeller_id, tickets_id) values (?, ?)
12:27:25.049 [main] DEBUG o.h.p.c.AbstractCollectionPersister -  Row update: update TicketSeller_Ticket set tickets_id=? where TicketSeller_id=? and tickets_id=?
12:27:25.049 [main] DEBUG o.h.p.c.AbstractCollectionPersister -  Row delete: delete from TicketSeller_Ticket where TicketSeller_id=? and tickets_id=?
12:27:25.049 [main] DEBUG o.h.p.c.AbstractCollectionPersister -  One-shot delete: delete from TicketSeller_Ticket where TicketSeller_id=?
12:27:25.049 [main] DEBUG o.h.p.c.AbstractCollectionPersister - Static SQL for collection: Abstract.TicketSeller.passes
12:27:25.049 [main] DEBUG o.h.p.c.AbstractCollectionPersister -  Row insert: insert into TicketSeller_Ticket (TicketSeller_id, passes_id) values (?, ?)
12:27:25.049 [main] DEBUG o.h.p.c.AbstractCollectionPersister -  Row update: update TicketSeller_Ticket set passes_id=? where TicketSeller_id=? and passes_id=?
12:27:25.050 [main] DEBUG o.h.p.c.AbstractCollectionPersister -  Row delete: delete from TicketSeller_Ticket where TicketSeller_id=? and passes_id=?
12:27:25.050 [main] DEBUG o.h.p.c.AbstractCollectionPersister -  One-shot delete: delete from TicketSeller_Ticket where TicketSeller_id=?
12:27:25.050 [main] DEBUG o.h.p.c.AbstractCollectionPersister - Static SQL for collection: Classes.Shop.people
12:27:25.050 [main] DEBUG o.h.p.c.AbstractCollectionPersister -  Row insert: insert into TicketSeller_Person (Shop_id, people_id) values (?, ?)
12:27:25.050 [main] DEBUG o.h.p.c.AbstractCollectionPersister -  Row update: update TicketSeller_Person set people_id=? where Shop_id=? and people_id=?
12:27:25.050 [main] DEBUG o.h.p.c.AbstractCollectionPersister -  Row delete: delete from TicketSeller_Person where Shop_id=? and people_id=?
12:27:25.050 [main] DEBUG o.h.p.c.AbstractCollectionPersister -  One-shot delete: delete from TicketSeller_Person where Shop_id=?
12:27:25.052 [main] DEBUG o.h.p.entity.AbstractEntityPersister - Static SQL for entity: Abstract.TicketSeller
12:27:25.052 [main] DEBUG o.h.p.entity.AbstractEntityPersister -  Version select: select id from TicketSeller where id =?
12:27:25.052 [main] DEBUG o.h.p.entity.AbstractEntityPersister -  Snapshot select: select ticketsell_.id, ticketsell_.seller_name as seller_n3_3_ from TicketSeller ticketsell_ where ticketsell_.id=?
12:27:25.052 [main] DEBUG o.h.p.entity.AbstractEntityPersister -  Insert 0: insert into TicketSeller (seller_name, Elementi, id) values (?, 'TicketSeller', ?)
12:27:25.052 [main] DEBUG o.h.p.entity.AbstractEntityPersister -  Update 0: update TicketSeller set seller_name=? where id=?
12:27:25.052 [main] DEBUG o.h.p.entity.AbstractEntityPersister -  Delete 0: delete from TicketSeller where id=?
12:27:25.064 [main] DEBUG o.h.l.p.b.i.spaces.QuerySpacesImpl - Adding QuerySpace : uid = <gen:0> -> org.hibernate.loader.plan.build.internal.spaces.EntityQuerySpaceImpl@3c6c4689]
12:27:25.064 [main] DEBUG o.h.p.w.spi.MetamodelGraphWalker - Visiting attribute path : name
12:27:25.064 [main] DEBUG o.h.p.w.spi.MetamodelGraphWalker - Visiting attribute path : passes
12:27:25.067 [main] DEBUG o.h.l.p.b.i.spaces.QuerySpacesImpl - Adding QuerySpace : uid = <gen:1> -> org.hibernate.loader.plan.build.internal.spaces.CollectionQuerySpaceImpl@4a3bd45b]
12:27:25.068 [main] DEBUG o.h.l.p.b.i.spaces.QuerySpacesImpl - Adding QuerySpace : uid = <gen:2> -> org.hibernate.loader.plan.build.internal.spaces.EntityQuerySpaceImpl@3330f3ad]
12:27:25.068 [main] DEBUG o.h.p.w.spi.MetamodelGraphWalker - Visiting attribute path : tickets
12:27:25.068 [main] DEBUG o.h.l.p.b.i.spaces.QuerySpacesImpl - Adding QuerySpace : uid = <gen:3> -> org.hibernate.loader.plan.build.internal.spaces.CollectionQuerySpaceImpl@756aadfc]
12:27:25.068 [main] DEBUG o.h.l.p.b.i.spaces.QuerySpacesImpl - Adding QuerySpace : uid = <gen:4> -> org.hibernate.loader.plan.build.internal.spaces.EntityQuerySpaceImpl@705a8dbc]
12:27:25.068 [main] DEBUG o.h.p.w.spi.MetamodelGraphWalker - Visiting attribute path : people
12:27:25.068 [main] DEBUG o.h.l.p.b.i.spaces.QuerySpacesImpl - Adding QuerySpace : uid = <gen:5> -> org.hibernate.loader.plan.build.internal.spaces.CollectionQuerySpaceImpl@40729f01]
12:27:25.068 [main] DEBUG o.h.l.p.b.i.spaces.QuerySpacesImpl - Adding QuerySpace : uid = <gen:6> -> org.hibernate.loader.plan.build.internal.spaces.EntityQuerySpaceImpl@d535a3d]
12:27:25.068 [main] DEBUG o.h.p.w.spi.MetamodelGraphWalker - Visiting attribute path : isWorking
12:27:25.068 [main] DEBUG o.h.l.p.b.i.FetchStyleLoadPlanBuildingAssociationVisitationStrategy - Building LoadPlan...
12:27:25.073 [main] DEBUG o.h.l.p.e.i.LoadQueryJoinAndFetchProcessor - processing queryspace <gen:0>
12:27:25.075 [main] DEBUG o.h.l.p.b.spi.LoadPlanTreePrinter - LoadPlan(entity=Abstract.TicketSeller)
    - Returns
       - EntityReturnImpl(entity=Abstract.TicketSeller, querySpaceUid=<gen:0>, path=Abstract.TicketSeller)
          - CollectionAttributeFetchImpl(collection=Abstract.TicketSeller.passes, querySpaceUid=<gen:1>, path=Abstract.TicketSeller.passes)
             - (collection element) CollectionFetchableElementEntityGraph(entity=Classes.Pass, querySpaceUid=<gen:2>, path=Abstract.TicketSeller.passes.<elements>)
          - CollectionAttributeFetchImpl(collection=Abstract.TicketSeller.tickets, querySpaceUid=<gen:3>, path=Abstract.TicketSeller.tickets)
             - (collection element) CollectionFetchableElementEntityGraph(entity=Classes.Ticket, querySpaceUid=<gen:4>, path=Abstract.TicketSeller.tickets.<elements>)
          - CollectionAttributeFetchImpl(collection=Classes.Shop.people, querySpaceUid=<gen:5>, path=Abstract.TicketSeller.people)
             - (collection element) CollectionFetchableElementEntityGraph(entity=Classes.Person, querySpaceUid=<gen:6>, path=Abstract.TicketSeller.people.<elements>)
    - QuerySpaces
       - EntityQuerySpaceImpl(uid=<gen:0>, entity=Abstract.TicketSeller)
          - SQL table alias mapping - ticketsell0_
          - alias suffix - 0_
          - suffixed key columns - {id2_3_0_}

12:27:25.076 [main] DEBUG o.h.loader.entity.plan.EntityLoader - Static select for entity Abstract.TicketSeller [NONE]: select ticketsell0_.id as id2_3_0_, ticketsell0_.seller_name as seller_n3_3_0_, ticketsell0_.isWorking as isworkin4_3_0_, ticketsell0_.Elementi as elementi1_3_0_ from TicketSeller ticketsell0_ where ticketsell0_.id=?
12:27:25.077 [main] DEBUG o.h.p.entity.AbstractEntityPersister - Static SQL for entity: Classes.Card
12:27:25.077 [main] DEBUG o.h.p.entity.AbstractEntityPersister -  Version select: select id from Card where id =?
12:27:25.077 [main] DEBUG o.h.p.entity.AbstractEntityPersister -  Snapshot select: select card_.id, card_.emissionDate as emission2_0_, card_.expirationDate as expirati3_0_, card_.person_id as person_i4_0_ from Card card_ where card_.id=?
12:27:25.077 [main] DEBUG o.h.p.entity.AbstractEntityPersister -  Insert 0: insert into Card (emissionDate, expirationDate, person_id, id) values (?, ?, ?, ?)
12:27:25.077 [main] DEBUG o.h.p.entity.AbstractEntityPersister -  Update 0: update Card set emissionDate=?, expirationDate=?, person_id=? where id=?
12:27:25.077 [main] DEBUG o.h.p.entity.AbstractEntityPersister -  Delete 0: delete from Card where id=?
12:27:25.077 [main] DEBUG o.h.p.entity.AbstractEntityPersister -  Identity insert: insert into Card (emissionDate, expirationDate, person_id) values (?, ?, ?)
12:27:25.077 [main] DEBUG o.h.l.p.b.i.spaces.QuerySpacesImpl - Adding QuerySpace : uid = <gen:0> -> org.hibernate.loader.plan.build.internal.spaces.EntityQuerySpaceImpl@6c8dbf56]
12:27:25.077 [main] DEBUG o.h.p.w.spi.MetamodelGraphWalker - Visiting attribute path : emissionDate
12:27:25.077 [main] DEBUG o.h.p.w.spi.MetamodelGraphWalker - Visiting attribute path : expirationDate
12:27:25.077 [main] DEBUG o.h.p.w.spi.MetamodelGraphWalker - Visiting attribute path : person
12:27:25.077 [main] DEBUG o.h.l.p.b.i.spaces.QuerySpacesImpl - Adding QuerySpace : uid = <gen:1> -> org.hibernate.loader.plan.build.internal.spaces.EntityQuerySpaceImpl@36c2d629]
12:27:25.078 [main] DEBUG o.h.p.w.spi.MetamodelGraphWalker - Visiting attribute path : person.birthdate
12:27:25.078 [main] DEBUG o.h.p.w.spi.MetamodelGraphWalker - Visiting attribute path : person.firstName
12:27:25.078 [main] DEBUG o.h.p.w.spi.MetamodelGraphWalker - Visiting attribute path : person.lastName
12:27:25.078 [main] DEBUG o.h.p.w.spi.MetamodelGraphWalker - Visiting attribute path : person.cardNum
12:27:25.078 [main] DEBUG o.h.p.w.spi.MetamodelGraphWalker - Property path deemed to be circular : person.cardNum
12:27:25.078 [main] DEBUG o.h.l.p.b.i.FetchStyleLoadPlanBuildingAssociationVisitationStrategy - Building LoadPlan...
12:27:25.079 [main] DEBUG o.h.l.p.e.i.LoadQueryJoinAndFetchProcessor - processing queryspace <gen:0>
12:27:25.079 [main] DEBUG o.h.l.p.b.spi.LoadPlanTreePrinter - LoadPlan(entity=Classes.Card)
    - Returns
       - EntityReturnImpl(entity=Classes.Card, querySpaceUid=<gen:0>, path=Classes.Card)
          - EntityAttributeFetchImpl(entity=Classes.Person, querySpaceUid=<gen:1>, path=Classes.Card.person)
    - QuerySpaces
       - EntityQuerySpaceImpl(uid=<gen:0>, entity=Classes.Card)
          - SQL table alias mapping - card0_
          - alias suffix - 0_
          - suffixed key columns - {id1_0_0_}
          - JOIN (JoinDefinedByMetadata(person)) : <gen:0> -> <gen:1>
             - EntityQuerySpaceImpl(uid=<gen:1>, entity=Classes.Person)
                - SQL table alias mapping - person1_
                - alias suffix - 1_
                - suffixed key columns - {id1_1_1_}

12:27:25.079 [main] DEBUG o.h.loader.entity.plan.EntityLoader - Static select for entity Classes.Card [NONE]: select card0_.id as id1_0_0_, card0_.emissionDate as emission2_0_0_, card0_.expirationDate as expirati3_0_0_, card0_.person_id as person_i4_0_0_, person1_.id as id1_1_1_, person1_.birthdate as birthdat2_1_1_, person1_.firstName as firstnam3_1_1_, person1_.lastName as lastname4_1_1_ from Card card0_ left outer join Person person1_ on card0_.person_id=person1_.id where card0_.id=?
12:27:25.083 [main] DEBUG org.hibernate.loader.Loader - Static select for entity Classes.Card [NONE]: select card0_.id as id1_0_1_, card0_.emissionDate as emission2_0_1_, card0_.expirationDate as expirati3_0_1_, card0_.person_id as person_i4_0_1_, person1_.id as id1_1_0_, person1_.birthdate as birthdat2_1_0_, person1_.firstName as firstnam3_1_0_, person1_.lastName as lastname4_1_0_ from Card card0_ left outer join Person person1_ on card0_.person_id=person1_.id where card0_.person_id=?
12:27:25.084 [main] DEBUG o.h.p.entity.AbstractEntityPersister - Static SQL for entity: Classes.Person
12:27:25.084 [main] DEBUG o.h.p.entity.AbstractEntityPersister -  Version select: select id from Person where id =?
12:27:25.084 [main] DEBUG o.h.p.entity.AbstractEntityPersister -  Snapshot select: select person_.id, person_.birthdate as birthdat2_1_, person_.firstName as firstnam3_1_, person_.lastName as lastname4_1_ from Person person_ where person_.id=?
12:27:25.084 [main] DEBUG o.h.p.entity.AbstractEntityPersister -  Insert 0: insert into Person (birthdate, firstName, lastName, id) values (?, ?, ?, ?)
12:27:25.084 [main] DEBUG o.h.p.entity.AbstractEntityPersister -  Update 0: update Person set birthdate=?, firstName=?, lastName=? where id=?
12:27:25.084 [main] DEBUG o.h.p.entity.AbstractEntityPersister -  Delete 0: delete from Person where id=?
12:27:25.084 [main] DEBUG o.h.p.entity.AbstractEntityPersister -  Identity insert: insert into Person (birthdate, firstName, lastName) values (?, ?, ?)
12:27:25.084 [main] DEBUG o.h.l.p.b.i.spaces.QuerySpacesImpl - Adding QuerySpace : uid = <gen:0> -> org.hibernate.loader.plan.build.internal.spaces.EntityQuerySpaceImpl@1668919e]
12:27:25.084 [main] DEBUG o.h.p.w.spi.MetamodelGraphWalker - Visiting attribute path : birthdate
12:27:25.084 [main] DEBUG o.h.p.w.spi.MetamodelGraphWalker - Visiting attribute path : firstName
12:27:25.084 [main] DEBUG o.h.p.w.spi.MetamodelGraphWalker - Visiting attribute path : lastName
12:27:25.084 [main] DEBUG o.h.p.w.spi.MetamodelGraphWalker - Visiting attribute path : cardNum
12:27:25.084 [main] DEBUG o.h.l.p.b.i.spaces.QuerySpacesImpl - Adding QuerySpace : uid = <gen:1> -> org.hibernate.loader.plan.build.internal.spaces.EntityQuerySpaceImpl@22c53d82]
12:27:25.084 [main] DEBUG o.h.p.w.spi.MetamodelGraphWalker - Visiting attribute path : cardNum.emissionDate
12:27:25.084 [main] DEBUG o.h.p.w.spi.MetamodelGraphWalker - Visiting attribute path : cardNum.expirationDate
12:27:25.084 [main] DEBUG o.h.p.w.spi.MetamodelGraphWalker - Visiting attribute path : cardNum.person
12:27:25.084 [main] DEBUG o.h.p.w.spi.MetamodelGraphWalker - Property path deemed to be circular : cardNum.person
12:27:25.084 [main] DEBUG o.h.l.p.b.i.FetchStyleLoadPlanBuildingAssociationVisitationStrategy - Building LoadPlan...
12:27:25.084 [main] DEBUG o.h.l.p.e.i.LoadQueryJoinAndFetchProcessor - processing queryspace <gen:0>
12:27:25.085 [main] DEBUG o.h.l.p.b.spi.LoadPlanTreePrinter - LoadPlan(entity=Classes.Person)
    - Returns
       - EntityReturnImpl(entity=Classes.Person, querySpaceUid=<gen:0>, path=Classes.Person)
          - EntityAttributeFetchImpl(entity=Classes.Card, querySpaceUid=<gen:1>, path=Classes.Person.cardNum)
    - QuerySpaces
       - EntityQuerySpaceImpl(uid=<gen:0>, entity=Classes.Person)
          - SQL table alias mapping - person0_
          - alias suffix - 0_
          - suffixed key columns - {id1_1_0_}
          - JOIN (JoinDefinedByMetadata(cardNum)) : <gen:0> -> <gen:1>
             - EntityQuerySpaceImpl(uid=<gen:1>, entity=Classes.Card)
                - SQL table alias mapping - card1_
                - alias suffix - 1_
                - suffixed key columns - {id1_0_1_}

12:27:25.085 [main] DEBUG o.h.loader.entity.plan.EntityLoader - Static select for entity Classes.Person [NONE]: select person0_.id as id1_1_0_, person0_.birthdate as birthdat2_1_0_, person0_.firstName as firstnam3_1_0_, person0_.lastName as lastname4_1_0_, card1_.id as id1_0_1_, card1_.emissionDate as emission2_0_1_, card1_.expirationDate as expirati3_0_1_, card1_.person_id as person_i4_0_1_ from Person person0_ left outer join Card card1_ on person0_.id=card1_.person_id where person0_.id=?
12:27:25.085 [main] DEBUG o.h.p.entity.AbstractEntityPersister - Static SQL for entity: Classes.Pass
12:27:25.085 [main] DEBUG o.h.p.entity.AbstractEntityPersister -  Version select: select id from Ticket where id =?
12:27:25.085 [main] DEBUG o.h.p.entity.AbstractEntityPersister -  Snapshot select: select pass_.id, pass_.seller_id as seller_i4_2_, pass_.person_id as person_i5_2_, pass_.sellers_id as sellers_6_2_, pass_.validity as validity3_2_ from Ticket pass_ where pass_.id=?
12:27:25.085 [main] DEBUG o.h.p.entity.AbstractEntityPersister -  Insert 0: insert into Ticket (seller_id, person_id, sellers_id, validity, DTYPE, id) values (?, ?, ?, ?, 'Pass', ?)
12:27:25.085 [main] DEBUG o.h.p.entity.AbstractEntityPersister -  Update 0: update Ticket set seller_id=?, person_id=?, sellers_id=?, validity=? where id=?
12:27:25.085 [main] DEBUG o.h.p.entity.AbstractEntityPersister -  Delete 0: delete from Ticket where id=?
12:27:25.085 [main] DEBUG o.h.p.entity.AbstractEntityPersister -  Identity insert: insert into Ticket (seller_id, person_id, sellers_id, validity, DTYPE) values (?, ?, ?, ?, 'Pass')
12:27:25.085 [main] DEBUG o.h.l.p.b.i.spaces.QuerySpacesImpl - Adding QuerySpace : uid = <gen:0> -> org.hibernate.loader.plan.build.internal.spaces.EntityQuerySpaceImpl@68d6d775]
12:27:25.085 [main] DEBUG o.h.p.w.spi.MetamodelGraphWalker - Visiting attribute path : seller
12:27:25.085 [main] DEBUG o.h.l.p.b.i.spaces.QuerySpacesImpl - Adding QuerySpace : uid = <gen:1> -> org.hibernate.loader.plan.build.internal.spaces.EntityQuerySpaceImpl@45c9b3]
12:27:25.085 [main] DEBUG o.h.p.w.spi.MetamodelGraphWalker - Visiting attribute path : seller.name
12:27:25.085 [main] DEBUG o.h.p.w.spi.MetamodelGraphWalker - Visiting attribute path : seller.passes
12:27:25.085 [main] DEBUG o.h.l.p.b.i.spaces.QuerySpacesImpl - Adding QuerySpace : uid = <gen:2> -> org.hibernate.loader.plan.build.internal.spaces.CollectionQuerySpaceImpl@6680f714]
12:27:25.085 [main] DEBUG o.h.l.p.b.i.spaces.QuerySpacesImpl - Adding QuerySpace : uid = <gen:3> -> org.hibernate.loader.plan.build.internal.spaces.EntityQuerySpaceImpl@53b1a3f8]
12:27:25.085 [main] DEBUG o.h.p.w.spi.MetamodelGraphWalker - Visiting attribute path : seller.tickets
12:27:25.085 [main] DEBUG o.h.l.p.b.i.spaces.QuerySpacesImpl - Adding QuerySpace : uid = <gen:4> -> org.hibernate.loader.plan.build.internal.spaces.CollectionQuerySpaceImpl@7d97e06c]
12:27:25.085 [main] DEBUG o.h.l.p.b.i.spaces.QuerySpacesImpl - Adding QuerySpace : uid = <gen:5> -> org.hibernate.loader.plan.build.internal.spaces.EntityQuerySpaceImpl@5a936e64]
12:27:25.085 [main] DEBUG o.h.p.w.spi.MetamodelGraphWalker - Visiting attribute path : seller.people
12:27:25.085 [main] DEBUG o.h.l.p.b.i.spaces.QuerySpacesImpl - Adding QuerySpace : uid = <gen:6> -> org.hibernate.loader.plan.build.internal.spaces.CollectionQuerySpaceImpl@3b4a1a75]
12:27:25.085 [main] DEBUG o.h.l.p.b.i.spaces.QuerySpacesImpl - Adding QuerySpace : uid = <gen:7> -> org.hibernate.loader.plan.build.internal.spaces.EntityQuerySpaceImpl@65bad087]
12:27:25.085 [main] DEBUG o.h.p.w.spi.MetamodelGraphWalker - Visiting attribute path : seller.isWorking
12:27:25.085 [main] DEBUG o.h.p.w.spi.MetamodelGraphWalker - Visiting attribute path : person
12:27:25.085 [main] DEBUG o.h.l.p.b.i.spaces.QuerySpacesImpl - Adding QuerySpace : uid = <gen:8> -> org.hibernate.loader.plan.build.internal.spaces.EntityQuerySpaceImpl@276cc8dc]
12:27:25.085 [main] DEBUG o.h.p.w.spi.MetamodelGraphWalker - Visiting attribute path : person.birthdate
12:27:25.085 [main] DEBUG o.h.p.w.spi.MetamodelGraphWalker - Visiting attribute path : person.firstName
12:27:25.085 [main] DEBUG o.h.p.w.spi.MetamodelGraphWalker - Visiting attribute path : person.lastName
12:27:25.085 [main] DEBUG o.h.p.w.spi.MetamodelGraphWalker - Visiting attribute path : person.cardNum
12:27:25.086 [main] DEBUG o.h.l.p.b.i.spaces.QuerySpacesImpl - Adding QuerySpace : uid = <gen:9> -> org.hibernate.loader.plan.build.internal.spaces.EntityQuerySpaceImpl@d3f4505]
12:27:25.086 [main] DEBUG o.h.p.w.spi.MetamodelGraphWalker - Visiting attribute path : person.cardNum.emissionDate
12:27:25.086 [main] DEBUG o.h.p.w.spi.MetamodelGraphWalker - Visiting attribute path : person.cardNum.expirationDate
12:27:25.086 [main] DEBUG o.h.p.w.spi.MetamodelGraphWalker - Visiting attribute path : person.cardNum.person
12:27:25.086 [main] DEBUG o.h.p.w.spi.MetamodelGraphWalker - Property path deemed to be circular : person.cardNum.person
12:27:25.086 [main] DEBUG o.h.p.w.spi.MetamodelGraphWalker - Visiting attribute path : sellers
12:27:25.086 [main] DEBUG o.h.l.p.b.i.spaces.QuerySpacesImpl - Adding QuerySpace : uid = <gen:10> -> org.hibernate.loader.plan.build.internal.spaces.EntityQuerySpaceImpl@7fd987ef]
12:27:25.086 [main] DEBUG o.h.p.w.spi.MetamodelGraphWalker - Visiting attribute path : sellers.name
12:27:25.086 [main] DEBUG o.h.p.w.spi.MetamodelGraphWalker - Visiting attribute path : sellers.passes
12:27:25.086 [main] DEBUG o.h.l.p.b.i.spaces.QuerySpacesImpl - Adding QuerySpace : uid = <gen:11> -> org.hibernate.loader.plan.build.internal.spaces.CollectionQuerySpaceImpl@5e99b9c]
12:27:25.086 [main] DEBUG o.h.l.p.b.i.spaces.QuerySpacesImpl - Adding QuerySpace : uid = <gen:12> -> org.hibernate.loader.plan.build.internal.spaces.EntityQuerySpaceImpl@2fe74516]
12:27:25.086 [main] DEBUG o.h.p.w.spi.MetamodelGraphWalker - Visiting attribute path : sellers.tickets
12:27:25.086 [main] DEBUG o.h.l.p.b.i.spaces.QuerySpacesImpl - Adding QuerySpace : uid = <gen:13> -> org.hibernate.loader.plan.build.internal.spaces.CollectionQuerySpaceImpl@1c3259fa]
12:27:25.086 [main] DEBUG o.h.l.p.b.i.spaces.QuerySpacesImpl - Adding QuerySpace : uid = <gen:14> -> org.hibernate.loader.plan.build.internal.spaces.EntityQuerySpaceImpl@217bf99e]
12:27:25.086 [main] DEBUG o.h.p.w.spi.MetamodelGraphWalker - Visiting attribute path : sellers.people
12:27:25.086 [main] DEBUG o.h.l.p.b.i.spaces.QuerySpacesImpl - Adding QuerySpace : uid = <gen:15> -> org.hibernate.loader.plan.build.internal.spaces.CollectionQuerySpaceImpl@6807a356]
12:27:25.086 [main] DEBUG o.h.l.p.b.i.spaces.QuerySpacesImpl - Adding QuerySpace : uid = <gen:16> -> org.hibernate.loader.plan.build.internal.spaces.EntityQuerySpaceImpl@7ddd84b5]
12:27:25.086 [main] DEBUG o.h.p.w.spi.MetamodelGraphWalker - Visiting attribute path : sellers.isWorking
12:27:25.086 [main] DEBUG o.h.p.w.spi.MetamodelGraphWalker - Visiting attribute path : validity
12:27:25.086 [main] DEBUG o.h.l.p.b.i.FetchStyleLoadPlanBuildingAssociationVisitationStrategy - Building LoadPlan...
12:27:25.086 [main] DEBUG o.h.l.p.e.i.LoadQueryJoinAndFetchProcessor - processing queryspace <gen:0>
12:27:25.087 [main] DEBUG o.h.l.p.b.spi.LoadPlanTreePrinter - LoadPlan(entity=Classes.Pass)
    - Returns
       - EntityReturnImpl(entity=Classes.Pass, querySpaceUid=<gen:0>, path=Classes.Pass)
          - EntityAttributeFetchImpl(entity=Abstract.TicketSeller, querySpaceUid=<gen:1>, path=Classes.Pass.seller)
             - CollectionAttributeFetchImpl(collection=Abstract.TicketSeller.passes, querySpaceUid=<gen:2>, path=Classes.Pass.seller.passes)
                - (collection element) CollectionFetchableElementEntityGraph(entity=Classes.Pass, querySpaceUid=<gen:3>, path=Classes.Pass.seller.passes.<elements>)
             - CollectionAttributeFetchImpl(collection=Abstract.TicketSeller.tickets, querySpaceUid=<gen:4>, path=Classes.Pass.seller.tickets)
                - (collection element) CollectionFetchableElementEntityGraph(entity=Classes.Ticket, querySpaceUid=<gen:5>, path=Classes.Pass.seller.tickets.<elements>)
             - CollectionAttributeFetchImpl(collection=Classes.Shop.people, querySpaceUid=<gen:6>, path=Classes.Pass.seller.people)
                - (collection element) CollectionFetchableElementEntityGraph(entity=Classes.Person, querySpaceUid=<gen:7>, path=Classes.Pass.seller.people.<elements>)
          - EntityAttributeFetchImpl(entity=Classes.Person, querySpaceUid=<gen:8>, path=Classes.Pass.person)
             - EntityAttributeFetchImpl(entity=Classes.Card, querySpaceUid=<gen:9>, path=Classes.Pass.person.cardNum)
          - EntityAttributeFetchImpl(entity=Abstract.TicketSeller, querySpaceUid=<gen:10>, path=Classes.Pass.sellers)
             - CollectionAttributeFetchImpl(collection=Abstract.TicketSeller.passes, querySpaceUid=<gen:11>, path=Classes.Pass.sellers.passes)
                - (collection element) CollectionFetchableElementEntityGraph(entity=Classes.Pass, querySpaceUid=<gen:12>, path=Classes.Pass.sellers.passes.<elements>)
             - CollectionAttributeFetchImpl(collection=Abstract.TicketSeller.tickets, querySpaceUid=<gen:13>, path=Classes.Pass.sellers.tickets)
                - (collection element) CollectionFetchableElementEntityGraph(entity=Classes.Ticket, querySpaceUid=<gen:14>, path=Classes.Pass.sellers.tickets.<elements>)
             - CollectionAttributeFetchImpl(collection=Classes.Shop.people, querySpaceUid=<gen:15>, path=Classes.Pass.sellers.people)
                - (collection element) CollectionFetchableElementEntityGraph(entity=Classes.Person, querySpaceUid=<gen:16>, path=Classes.Pass.sellers.people.<elements>)
    - QuerySpaces
       - EntityQuerySpaceImpl(uid=<gen:0>, entity=Classes.Pass)
          - SQL table alias mapping - pass0_
          - alias suffix - 0_
          - suffixed key columns - {id2_2_0_}
          - JOIN (JoinDefinedByMetadata(seller)) : <gen:0> -> <gen:1>
             - EntityQuerySpaceImpl(uid=<gen:1>, entity=Abstract.TicketSeller)
                - SQL table alias mapping - ticketsell1_
                - alias suffix - 1_
                - suffixed key columns - {id2_3_1_}
          - JOIN (JoinDefinedByMetadata(person)) : <gen:0> -> <gen:8>
             - EntityQuerySpaceImpl(uid=<gen:8>, entity=Classes.Person)
                - SQL table alias mapping - person2_
                - alias suffix - 2_
                - suffixed key columns - {id1_1_2_}
                - JOIN (JoinDefinedByMetadata(cardNum)) : <gen:8> -> <gen:9>
                   - EntityQuerySpaceImpl(uid=<gen:9>, entity=Classes.Card)
                      - SQL table alias mapping - card3_
                      - alias suffix - 3_
                      - suffixed key columns - {id1_0_3_}
          - JOIN (JoinDefinedByMetadata(sellers)) : <gen:0> -> <gen:10>
             - EntityQuerySpaceImpl(uid=<gen:10>, entity=Abstract.TicketSeller)
                - SQL table alias mapping - ticketsell4_
                - alias suffix - 4_
                - suffixed key columns - {id2_3_4_}

12:27:25.087 [main] DEBUG o.h.loader.entity.plan.EntityLoader - Static select for entity Classes.Pass [NONE]: select pass0_.id as id2_2_0_, pass0_.seller_id as seller_i4_2_0_, pass0_.person_id as person_i5_2_0_, pass0_.sellers_id as sellers_6_2_0_, pass0_.validity as validity3_2_0_, ticketsell1_.id as id2_3_1_, ticketsell1_.seller_name as seller_n3_3_1_, ticketsell1_.isWorking as isworkin4_3_1_, ticketsell1_.Elementi as elementi1_3_1_, person2_.id as id1_1_2_, person2_.birthdate as birthdat2_1_2_, person2_.firstName as firstnam3_1_2_, person2_.lastName as lastname4_1_2_, card3_.id as id1_0_3_, card3_.emissionDate as emission2_0_3_, card3_.expirationDate as expirati3_0_3_, card3_.person_id as person_i4_0_3_, ticketsell4_.id as id2_3_4_, ticketsell4_.seller_name as seller_n3_3_4_, ticketsell4_.isWorking as isworkin4_3_4_, ticketsell4_.Elementi as elementi1_3_4_ from Ticket pass0_ left outer join TicketSeller ticketsell1_ on pass0_.seller_id=ticketsell1_.id left outer join Person person2_ on pass0_.person_id=person2_.id left outer join Card card3_ on person2_.id=card3_.person_id left outer join TicketSeller ticketsell4_ on pass0_.sellers_id=ticketsell4_.id where pass0_.id=? and pass0_.DTYPE='Pass'
12:27:25.087 [main] DEBUG o.h.p.entity.AbstractEntityPersister - Static SQL for entity: Classes.Shop
12:27:25.087 [main] DEBUG o.h.p.entity.AbstractEntityPersister -  Version select: select id from TicketSeller where id =?
12:27:25.087 [main] DEBUG o.h.p.entity.AbstractEntityPersister -  Snapshot select: select shop_.id, shop_.seller_name as seller_n3_3_ from TicketSeller shop_ where shop_.id=?
12:27:25.087 [main] DEBUG o.h.p.entity.AbstractEntityPersister -  Insert 0: insert into TicketSeller (seller_name, Elementi, id) values (?, 'shop', ?)
12:27:25.087 [main] DEBUG o.h.p.entity.AbstractEntityPersister -  Update 0: update TicketSeller set seller_name=? where id=?
12:27:25.087 [main] DEBUG o.h.p.entity.AbstractEntityPersister -  Delete 0: delete from TicketSeller where id=?
12:27:25.087 [main] DEBUG o.h.l.p.b.i.spaces.QuerySpacesImpl - Adding QuerySpace : uid = <gen:0> -> org.hibernate.loader.plan.build.internal.spaces.EntityQuerySpaceImpl@73aeef7d]
12:27:25.087 [main] DEBUG o.h.p.w.spi.MetamodelGraphWalker - Visiting attribute path : name
12:27:25.087 [main] DEBUG o.h.p.w.spi.MetamodelGraphWalker - Visiting attribute path : passes
12:27:25.087 [main] DEBUG o.h.l.p.b.i.spaces.QuerySpacesImpl - Adding QuerySpace : uid = <gen:1> -> org.hibernate.loader.plan.build.internal.spaces.CollectionQuerySpaceImpl@58af5076]
12:27:25.087 [main] DEBUG o.h.l.p.b.i.spaces.QuerySpacesImpl - Adding QuerySpace : uid = <gen:2> -> org.hibernate.loader.plan.build.internal.spaces.EntityQuerySpaceImpl@49469ffa]
12:27:25.087 [main] DEBUG o.h.p.w.spi.MetamodelGraphWalker - Visiting attribute path : tickets
12:27:25.087 [main] DEBUG o.h.l.p.b.i.spaces.QuerySpacesImpl - Adding QuerySpace : uid = <gen:3> -> org.hibernate.loader.plan.build.internal.spaces.CollectionQuerySpaceImpl@4d9754a8]
12:27:25.087 [main] DEBUG o.h.l.p.b.i.spaces.QuerySpacesImpl - Adding QuerySpace : uid = <gen:4> -> org.hibernate.loader.plan.build.internal.spaces.EntityQuerySpaceImpl@7a3b7122]
12:27:25.087 [main] DEBUG o.h.p.w.spi.MetamodelGraphWalker - Visiting attribute path : people
12:27:25.087 [main] DEBUG o.h.l.p.b.i.spaces.QuerySpacesImpl - Adding QuerySpace : uid = <gen:5> -> org.hibernate.loader.plan.build.internal.spaces.CollectionQuerySpaceImpl@58b5a2f3]
12:27:25.087 [main] DEBUG o.h.l.p.b.i.spaces.QuerySpacesImpl - Adding QuerySpace : uid = <gen:6> -> org.hibernate.loader.plan.build.internal.spaces.EntityQuerySpaceImpl@25f15f50]
12:27:25.087 [main] DEBUG o.h.l.p.b.i.FetchStyleLoadPlanBuildingAssociationVisitationStrategy - Building LoadPlan...
12:27:25.087 [main] DEBUG o.h.l.p.e.i.LoadQueryJoinAndFetchProcessor - processing queryspace <gen:0>
12:27:25.087 [main] DEBUG o.h.l.p.b.spi.LoadPlanTreePrinter - LoadPlan(entity=Classes.Shop)
    - Returns
       - EntityReturnImpl(entity=Classes.Shop, querySpaceUid=<gen:0>, path=Classes.Shop)
          - CollectionAttributeFetchImpl(collection=Abstract.TicketSeller.passes, querySpaceUid=<gen:1>, path=Classes.Shop.passes)
             - (collection element) CollectionFetchableElementEntityGraph(entity=Classes.Pass, querySpaceUid=<gen:2>, path=Classes.Shop.passes.<elements>)
          - CollectionAttributeFetchImpl(collection=Abstract.TicketSeller.tickets, querySpaceUid=<gen:3>, path=Classes.Shop.tickets)
             - (collection element) CollectionFetchableElementEntityGraph(entity=Classes.Ticket, querySpaceUid=<gen:4>, path=Classes.Shop.tickets.<elements>)
          - CollectionAttributeFetchImpl(collection=Classes.Shop.people, querySpaceUid=<gen:5>, path=Classes.Shop.people)
             - (collection element) CollectionFetchableElementEntityGraph(entity=Classes.Person, querySpaceUid=<gen:6>, path=Classes.Shop.people.<elements>)
    - QuerySpaces
       - EntityQuerySpaceImpl(uid=<gen:0>, entity=Classes.Shop)
          - SQL table alias mapping - shop0_
          - alias suffix - 0_
          - suffixed key columns - {id2_3_0_}

12:27:25.088 [main] DEBUG o.h.loader.entity.plan.EntityLoader - Static select for entity Classes.Shop [NONE]: select shop0_.id as id2_3_0_, shop0_.seller_name as seller_n3_3_0_ from TicketSeller shop0_ where shop0_.id=? and shop0_.Elementi='shop'
12:27:25.088 [main] DEBUG o.h.p.entity.AbstractEntityPersister - Static SQL for entity: Classes.Ticket
12:27:25.088 [main] DEBUG o.h.p.entity.AbstractEntityPersister -  Version select: select id from Ticket where id =?
12:27:25.088 [main] DEBUG o.h.p.entity.AbstractEntityPersister -  Snapshot select: select ticket_.id, ticket_.seller_id as seller_i4_2_ from Ticket ticket_ where ticket_.id=?
12:27:25.088 [main] DEBUG o.h.p.entity.AbstractEntityPersister -  Insert 0: insert into Ticket (seller_id, DTYPE, id) values (?, 'Ticket', ?)
12:27:25.088 [main] DEBUG o.h.p.entity.AbstractEntityPersister -  Update 0: update Ticket set seller_id=? where id=?
12:27:25.088 [main] DEBUG o.h.p.entity.AbstractEntityPersister -  Delete 0: delete from Ticket where id=?
12:27:25.088 [main] DEBUG o.h.p.entity.AbstractEntityPersister -  Identity insert: insert into Ticket (seller_id, DTYPE) values (?, 'Ticket')
12:27:25.088 [main] DEBUG o.h.l.p.b.i.spaces.QuerySpacesImpl - Adding QuerySpace : uid = <gen:0> -> org.hibernate.loader.plan.build.internal.spaces.EntityQuerySpaceImpl@52b46d52]
12:27:25.088 [main] DEBUG o.h.p.w.spi.MetamodelGraphWalker - Visiting attribute path : seller
12:27:25.088 [main] DEBUG o.h.l.p.b.i.spaces.QuerySpacesImpl - Adding QuerySpace : uid = <gen:1> -> org.hibernate.loader.plan.build.internal.spaces.EntityQuerySpaceImpl@67022ea]
12:27:25.088 [main] DEBUG o.h.p.w.spi.MetamodelGraphWalker - Visiting attribute path : seller.name
12:27:25.088 [main] DEBUG o.h.p.w.spi.MetamodelGraphWalker - Visiting attribute path : seller.passes
12:27:25.088 [main] DEBUG o.h.l.p.b.i.spaces.QuerySpacesImpl - Adding QuerySpace : uid = <gen:2> -> org.hibernate.loader.plan.build.internal.spaces.CollectionQuerySpaceImpl@58fbd02e]
12:27:25.088 [main] DEBUG o.h.l.p.b.i.spaces.QuerySpacesImpl - Adding QuerySpace : uid = <gen:3> -> org.hibernate.loader.plan.build.internal.spaces.EntityQuerySpaceImpl@163042ea]
12:27:25.088 [main] DEBUG o.h.p.w.spi.MetamodelGraphWalker - Visiting attribute path : seller.tickets
12:27:25.088 [main] DEBUG o.h.l.p.b.i.spaces.QuerySpacesImpl - Adding QuerySpace : uid = <gen:4> -> org.hibernate.loader.plan.build.internal.spaces.CollectionQuerySpaceImpl@11d045b4]
12:27:25.088 [main] DEBUG o.h.l.p.b.i.spaces.QuerySpacesImpl - Adding QuerySpace : uid = <gen:5> -> org.hibernate.loader.plan.build.internal.spaces.EntityQuerySpaceImpl@1fbf088b]
12:27:25.088 [main] DEBUG o.h.p.w.spi.MetamodelGraphWalker - Visiting attribute path : seller.people
12:27:25.088 [main] DEBUG o.h.l.p.b.i.spaces.QuerySpacesImpl - Adding QuerySpace : uid = <gen:6> -> org.hibernate.loader.plan.build.internal.spaces.CollectionQuerySpaceImpl@1943c1f2]
12:27:25.088 [main] DEBUG o.h.l.p.b.i.spaces.QuerySpacesImpl - Adding QuerySpace : uid = <gen:7> -> org.hibernate.loader.plan.build.internal.spaces.EntityQuerySpaceImpl@d70f722]
12:27:25.088 [main] DEBUG o.h.p.w.spi.MetamodelGraphWalker - Visiting attribute path : seller.isWorking
12:27:25.088 [main] DEBUG o.h.p.w.spi.MetamodelGraphWalker - Visiting attribute path : person
12:27:25.088 [main] DEBUG o.h.l.p.b.i.spaces.QuerySpacesImpl - Adding QuerySpace : uid = <gen:8> -> org.hibernate.loader.plan.build.internal.spaces.EntityQuerySpaceImpl@1e1eeedd]
12:27:25.088 [main] DEBUG o.h.p.w.spi.MetamodelGraphWalker - Visiting attribute path : person.birthdate
12:27:25.088 [main] DEBUG o.h.p.w.spi.MetamodelGraphWalker - Visiting attribute path : person.firstName
12:27:25.088 [main] DEBUG o.h.p.w.spi.MetamodelGraphWalker - Visiting attribute path : person.lastName
12:27:25.088 [main] DEBUG o.h.p.w.spi.MetamodelGraphWalker - Visiting attribute path : person.cardNum
12:27:25.088 [main] DEBUG o.h.l.p.b.i.spaces.QuerySpacesImpl - Adding QuerySpace : uid = <gen:9> -> org.hibernate.loader.plan.build.internal.spaces.EntityQuerySpaceImpl@7ec95456]
12:27:25.088 [main] DEBUG o.h.p.w.spi.MetamodelGraphWalker - Visiting attribute path : person.cardNum.emissionDate
12:27:25.088 [main] DEBUG o.h.p.w.spi.MetamodelGraphWalker - Visiting attribute path : person.cardNum.expirationDate
12:27:25.088 [main] DEBUG o.h.p.w.spi.MetamodelGraphWalker - Visiting attribute path : person.cardNum.person
12:27:25.088 [main] DEBUG o.h.p.w.spi.MetamodelGraphWalker - Property path deemed to be circular : person.cardNum.person
12:27:25.088 [main] DEBUG o.h.p.w.spi.MetamodelGraphWalker - Visiting attribute path : sellers
12:27:25.088 [main] DEBUG o.h.l.p.b.i.spaces.QuerySpacesImpl - Adding QuerySpace : uid = <gen:10> -> org.hibernate.loader.plan.build.internal.spaces.EntityQuerySpaceImpl@1d8b0500]
12:27:25.089 [main] DEBUG o.h.p.w.spi.MetamodelGraphWalker - Visiting attribute path : sellers.name
12:27:25.089 [main] DEBUG o.h.p.w.spi.MetamodelGraphWalker - Visiting attribute path : sellers.passes
12:27:25.089 [main] DEBUG o.h.l.p.b.i.spaces.QuerySpacesImpl - Adding QuerySpace : uid = <gen:11> -> org.hibernate.loader.plan.build.internal.spaces.CollectionQuerySpaceImpl@428bdd72]
12:27:25.089 [main] DEBUG o.h.l.p.b.i.spaces.QuerySpacesImpl - Adding QuerySpace : uid = <gen:12> -> org.hibernate.loader.plan.build.internal.spaces.EntityQuerySpaceImpl@650c405c]
12:27:25.089 [main] DEBUG o.h.p.w.spi.MetamodelGraphWalker - Visiting attribute path : sellers.tickets
12:27:25.089 [main] DEBUG o.h.l.p.b.i.spaces.QuerySpacesImpl - Adding QuerySpace : uid = <gen:13> -> org.hibernate.loader.plan.build.internal.spaces.CollectionQuerySpaceImpl@20eaeaf8]
12:27:25.089 [main] DEBUG o.h.l.p.b.i.spaces.QuerySpacesImpl - Adding QuerySpace : uid = <gen:14> -> org.hibernate.loader.plan.build.internal.spaces.EntityQuerySpaceImpl@748ac6f3]
12:27:25.089 [main] DEBUG o.h.p.w.spi.MetamodelGraphWalker - Visiting attribute path : sellers.people
12:27:25.089 [main] DEBUG o.h.l.p.b.i.spaces.QuerySpacesImpl - Adding QuerySpace : uid = <gen:15> -> org.hibernate.loader.plan.build.internal.spaces.CollectionQuerySpaceImpl@68f6e55d]
12:27:25.089 [main] DEBUG o.h.l.p.b.i.spaces.QuerySpacesImpl - Adding QuerySpace : uid = <gen:16> -> org.hibernate.loader.plan.build.internal.spaces.EntityQuerySpaceImpl@6fff46bf]
12:27:25.089 [main] DEBUG o.h.p.w.spi.MetamodelGraphWalker - Visiting attribute path : sellers.isWorking
12:27:25.089 [main] DEBUG o.h.p.w.spi.MetamodelGraphWalker - Visiting attribute path : validity
12:27:25.089 [main] DEBUG o.h.l.p.b.i.FetchStyleLoadPlanBuildingAssociationVisitationStrategy - Building LoadPlan...
12:27:25.089 [main] DEBUG o.h.l.p.e.i.LoadQueryJoinAndFetchProcessor - processing queryspace <gen:0>
12:27:25.089 [main] DEBUG o.h.l.p.b.spi.LoadPlanTreePrinter - LoadPlan(entity=Classes.Ticket)
    - Returns
       - EntityReturnImpl(entity=Classes.Ticket, querySpaceUid=<gen:0>, path=Classes.Ticket)
          - EntityAttributeFetchImpl(entity=Abstract.TicketSeller, querySpaceUid=<gen:1>, path=Classes.Ticket.seller)
             - CollectionAttributeFetchImpl(collection=Abstract.TicketSeller.passes, querySpaceUid=<gen:2>, path=Classes.Ticket.seller.passes)
                - (collection element) CollectionFetchableElementEntityGraph(entity=Classes.Pass, querySpaceUid=<gen:3>, path=Classes.Ticket.seller.passes.<elements>)
             - CollectionAttributeFetchImpl(collection=Abstract.TicketSeller.tickets, querySpaceUid=<gen:4>, path=Classes.Ticket.seller.tickets)
                - (collection element) CollectionFetchableElementEntityGraph(entity=Classes.Ticket, querySpaceUid=<gen:5>, path=Classes.Ticket.seller.tickets.<elements>)
             - CollectionAttributeFetchImpl(collection=Classes.Shop.people, querySpaceUid=<gen:6>, path=Classes.Ticket.seller.people)
                - (collection element) CollectionFetchableElementEntityGraph(entity=Classes.Person, querySpaceUid=<gen:7>, path=Classes.Ticket.seller.people.<elements>)
          - EntityAttributeFetchImpl(entity=Classes.Person, querySpaceUid=<gen:8>, path=Classes.Ticket.person)
             - EntityAttributeFetchImpl(entity=Classes.Card, querySpaceUid=<gen:9>, path=Classes.Ticket.person.cardNum)
          - EntityAttributeFetchImpl(entity=Abstract.TicketSeller, querySpaceUid=<gen:10>, path=Classes.Ticket.sellers)
             - CollectionAttributeFetchImpl(collection=Abstract.TicketSeller.passes, querySpaceUid=<gen:11>, path=Classes.Ticket.sellers.passes)
                - (collection element) CollectionFetchableElementEntityGraph(entity=Classes.Pass, querySpaceUid=<gen:12>, path=Classes.Ticket.sellers.passes.<elements>)
             - CollectionAttributeFetchImpl(collection=Abstract.TicketSeller.tickets, querySpaceUid=<gen:13>, path=Classes.Ticket.sellers.tickets)
                - (collection element) CollectionFetchableElementEntityGraph(entity=Classes.Ticket, querySpaceUid=<gen:14>, path=Classes.Ticket.sellers.tickets.<elements>)
             - CollectionAttributeFetchImpl(collection=Classes.Shop.people, querySpaceUid=<gen:15>, path=Classes.Ticket.sellers.people)
                - (collection element) CollectionFetchableElementEntityGraph(entity=Classes.Person, querySpaceUid=<gen:16>, path=Classes.Ticket.sellers.people.<elements>)
    - QuerySpaces
       - EntityQuerySpaceImpl(uid=<gen:0>, entity=Classes.Ticket)
          - SQL table alias mapping - ticket0_
          - alias suffix - 0_
          - suffixed key columns - {id2_2_0_}
          - JOIN (JoinDefinedByMetadata(seller)) : <gen:0> -> <gen:1>
             - EntityQuerySpaceImpl(uid=<gen:1>, entity=Abstract.TicketSeller)
                - SQL table alias mapping - ticketsell1_
                - alias suffix - 1_
                - suffixed key columns - {id2_3_1_}
          - JOIN (JoinDefinedByMetadata(person)) : <gen:0> -> <gen:8>
             - EntityQuerySpaceImpl(uid=<gen:8>, entity=Classes.Person)
                - SQL table alias mapping - person2_
                - alias suffix - 2_
                - suffixed key columns - {id1_1_2_}
                - JOIN (JoinDefinedByMetadata(cardNum)) : <gen:8> -> <gen:9>
                   - EntityQuerySpaceImpl(uid=<gen:9>, entity=Classes.Card)
                      - SQL table alias mapping - card3_
                      - alias suffix - 3_
                      - suffixed key columns - {id1_0_3_}
          - JOIN (JoinDefinedByMetadata(sellers)) : <gen:0> -> <gen:10>
             - EntityQuerySpaceImpl(uid=<gen:10>, entity=Abstract.TicketSeller)
                - SQL table alias mapping - ticketsell4_
                - alias suffix - 4_
                - suffixed key columns - {id2_3_4_}

12:27:25.089 [main] DEBUG o.h.loader.entity.plan.EntityLoader - Static select for entity Classes.Ticket [NONE]: select ticket0_.id as id2_2_0_, ticket0_.seller_id as seller_i4_2_0_, ticket0_.person_id as person_i5_2_0_, ticket0_.sellers_id as sellers_6_2_0_, ticket0_.validity as validity3_2_0_, ticket0_.DTYPE as dtype1_2_0_, ticketsell1_.id as id2_3_1_, ticketsell1_.seller_name as seller_n3_3_1_, ticketsell1_.isWorking as isworkin4_3_1_, ticketsell1_.Elementi as elementi1_3_1_, person2_.id as id1_1_2_, person2_.birthdate as birthdat2_1_2_, person2_.firstName as firstnam3_1_2_, person2_.lastName as lastname4_1_2_, card3_.id as id1_0_3_, card3_.emissionDate as emission2_0_3_, card3_.expirationDate as expirati3_0_3_, card3_.person_id as person_i4_0_3_, ticketsell4_.id as id2_3_4_, ticketsell4_.seller_name as seller_n3_3_4_, ticketsell4_.isWorking as isworkin4_3_4_, ticketsell4_.Elementi as elementi1_3_4_ from Ticket ticket0_ left outer join TicketSeller ticketsell1_ on ticket0_.seller_id=ticketsell1_.id left outer join Person person2_ on ticket0_.person_id=person2_.id left outer join Card card3_ on person2_.id=card3_.person_id left outer join TicketSeller ticketsell4_ on ticket0_.sellers_id=ticketsell4_.id where ticket0_.id=?
12:27:25.090 [main] DEBUG o.h.p.entity.AbstractEntityPersister - Static SQL for entity: Classes.VendingMachine
12:27:25.090 [main] DEBUG o.h.p.entity.AbstractEntityPersister -  Version select: select id from TicketSeller where id =?
12:27:25.090 [main] DEBUG o.h.p.entity.AbstractEntityPersister -  Snapshot select: select vendingmac_.id, vendingmac_.seller_name as seller_n3_3_, vendingmac_.isWorking as isworkin4_3_ from TicketSeller vendingmac_ where vendingmac_.id=?
12:27:25.090 [main] DEBUG o.h.p.entity.AbstractEntityPersister -  Insert 0: insert into TicketSeller (seller_name, isWorking, Elementi, id) values (?, ?, 'vending_machine', ?)
12:27:25.090 [main] DEBUG o.h.p.entity.AbstractEntityPersister -  Update 0: update TicketSeller set seller_name=?, isWorking=? where id=?
12:27:25.090 [main] DEBUG o.h.p.entity.AbstractEntityPersister -  Delete 0: delete from TicketSeller where id=?
12:27:25.090 [main] DEBUG o.h.l.p.b.i.spaces.QuerySpacesImpl - Adding QuerySpace : uid = <gen:0> -> org.hibernate.loader.plan.build.internal.spaces.EntityQuerySpaceImpl@1835dc92]
12:27:25.090 [main] DEBUG o.h.p.w.spi.MetamodelGraphWalker - Visiting attribute path : name
12:27:25.090 [main] DEBUG o.h.p.w.spi.MetamodelGraphWalker - Visiting attribute path : passes
12:27:25.090 [main] DEBUG o.h.l.p.b.i.spaces.QuerySpacesImpl - Adding QuerySpace : uid = <gen:1> -> org.hibernate.loader.plan.build.internal.spaces.CollectionQuerySpaceImpl@65a9ea3c]
12:27:25.090 [main] DEBUG o.h.l.p.b.i.spaces.QuerySpacesImpl - Adding QuerySpace : uid = <gen:2> -> org.hibernate.loader.plan.build.internal.spaces.EntityQuerySpaceImpl@70f68288]
12:27:25.090 [main] DEBUG o.h.p.w.spi.MetamodelGraphWalker - Visiting attribute path : tickets
12:27:25.090 [main] DEBUG o.h.l.p.b.i.spaces.QuerySpacesImpl - Adding QuerySpace : uid = <gen:3> -> org.hibernate.loader.plan.build.internal.spaces.CollectionQuerySpaceImpl@46911148]
12:27:25.090 [main] DEBUG o.h.l.p.b.i.spaces.QuerySpacesImpl - Adding QuerySpace : uid = <gen:4> -> org.hibernate.loader.plan.build.internal.spaces.EntityQuerySpaceImpl@2db1b657]
12:27:25.090 [main] DEBUG o.h.p.w.spi.MetamodelGraphWalker - Visiting attribute path : isWorking
12:27:25.090 [main] DEBUG o.h.l.p.b.i.FetchStyleLoadPlanBuildingAssociationVisitationStrategy - Building LoadPlan...
12:27:25.090 [main] DEBUG o.h.l.p.e.i.LoadQueryJoinAndFetchProcessor - processing queryspace <gen:0>
12:27:25.090 [main] DEBUG o.h.l.p.b.spi.LoadPlanTreePrinter - LoadPlan(entity=Classes.VendingMachine)
    - Returns
       - EntityReturnImpl(entity=Classes.VendingMachine, querySpaceUid=<gen:0>, path=Classes.VendingMachine)
          - CollectionAttributeFetchImpl(collection=Abstract.TicketSeller.passes, querySpaceUid=<gen:1>, path=Classes.VendingMachine.passes)
             - (collection element) CollectionFetchableElementEntityGraph(entity=Classes.Pass, querySpaceUid=<gen:2>, path=Classes.VendingMachine.passes.<elements>)
          - CollectionAttributeFetchImpl(collection=Abstract.TicketSeller.tickets, querySpaceUid=<gen:3>, path=Classes.VendingMachine.tickets)
             - (collection element) CollectionFetchableElementEntityGraph(entity=Classes.Ticket, querySpaceUid=<gen:4>, path=Classes.VendingMachine.tickets.<elements>)
    - QuerySpaces
       - EntityQuerySpaceImpl(uid=<gen:0>, entity=Classes.VendingMachine)
          - SQL table alias mapping - vendingmac0_
          - alias suffix - 0_
          - suffixed key columns - {id2_3_0_}

12:27:25.090 [main] DEBUG o.h.loader.entity.plan.EntityLoader - Static select for entity Classes.VendingMachine [NONE]: select vendingmac0_.id as id2_3_0_, vendingmac0_.seller_name as seller_n3_3_0_, vendingmac0_.isWorking as isworkin4_3_0_ from TicketSeller vendingmac0_ where vendingmac0_.id=? and vendingmac0_.Elementi='vending_machine'
12:27:25.093 [main] DEBUG o.h.l.p.b.i.spaces.QuerySpacesImpl - Adding QuerySpace : uid = <gen:0> -> org.hibernate.loader.plan.build.internal.spaces.CollectionQuerySpaceImpl@18b74ea]
12:27:25.093 [main] DEBUG o.h.l.p.b.i.spaces.QuerySpacesImpl - Adding QuerySpace : uid = <gen:1> -> org.hibernate.loader.plan.build.internal.spaces.EntityQuerySpaceImpl@14924f41]
12:27:25.093 [main] DEBUG o.h.p.w.spi.MetamodelGraphWalker - Visiting attribute path : seller
12:27:25.093 [main] DEBUG o.h.l.p.b.i.spaces.QuerySpacesImpl - Adding QuerySpace : uid = <gen:2> -> org.hibernate.loader.plan.build.internal.spaces.EntityQuerySpaceImpl@6bcb12e6]
12:27:25.093 [main] DEBUG o.h.p.w.spi.MetamodelGraphWalker - Visiting attribute path : seller.name
12:27:25.093 [main] DEBUG o.h.p.w.spi.MetamodelGraphWalker - Visiting attribute path : seller.passes
12:27:25.093 [main] DEBUG o.h.p.w.spi.MetamodelGraphWalker - Property path deemed to be circular : seller.passes
12:27:25.094 [main] DEBUG o.h.p.w.spi.MetamodelGraphWalker - Visiting attribute path : seller.tickets
12:27:25.094 [main] DEBUG o.h.p.w.spi.MetamodelGraphWalker - Property path deemed to be circular : seller.tickets
12:27:25.094 [main] DEBUG o.h.p.w.spi.MetamodelGraphWalker - Visiting attribute path : seller.people
12:27:25.094 [main] DEBUG o.h.l.p.b.i.spaces.QuerySpacesImpl - Adding QuerySpace : uid = <gen:3> -> org.hibernate.loader.plan.build.internal.spaces.CollectionQuerySpaceImpl@29c17c3d]
12:27:25.094 [main] DEBUG o.h.l.p.b.i.spaces.QuerySpacesImpl - Adding QuerySpace : uid = <gen:4> -> org.hibernate.loader.plan.build.internal.spaces.EntityQuerySpaceImpl@250a9031]
12:27:25.094 [main] DEBUG o.h.p.w.spi.MetamodelGraphWalker - Visiting attribute path : seller.isWorking
12:27:25.094 [main] DEBUG o.h.p.w.spi.MetamodelGraphWalker - Visiting attribute path : person
12:27:25.094 [main] DEBUG o.h.l.p.b.i.spaces.QuerySpacesImpl - Adding QuerySpace : uid = <gen:5> -> org.hibernate.loader.plan.build.internal.spaces.EntityQuerySpaceImpl@1665fa54]
12:27:25.094 [main] DEBUG o.h.p.w.spi.MetamodelGraphWalker - Visiting attribute path : person.birthdate
12:27:25.094 [main] DEBUG o.h.p.w.spi.MetamodelGraphWalker - Visiting attribute path : person.firstName
12:27:25.094 [main] DEBUG o.h.p.w.spi.MetamodelGraphWalker - Visiting attribute path : person.lastName
12:27:25.094 [main] DEBUG o.h.p.w.spi.MetamodelGraphWalker - Visiting attribute path : person.cardNum
12:27:25.094 [main] DEBUG o.h.l.p.b.i.spaces.QuerySpacesImpl - Adding QuerySpace : uid = <gen:6> -> org.hibernate.loader.plan.build.internal.spaces.EntityQuerySpaceImpl@4f654cee]
12:27:25.094 [main] DEBUG o.h.p.w.spi.MetamodelGraphWalker - Visiting attribute path : person.cardNum.emissionDate
12:27:25.094 [main] DEBUG o.h.p.w.spi.MetamodelGraphWalker - Visiting attribute path : person.cardNum.expirationDate
12:27:25.094 [main] DEBUG o.h.p.w.spi.MetamodelGraphWalker - Visiting attribute path : person.cardNum.person
12:27:25.094 [main] DEBUG o.h.p.w.spi.MetamodelGraphWalker - Property path deemed to be circular : person.cardNum.person
12:27:25.094 [main] DEBUG o.h.p.w.spi.MetamodelGraphWalker - Visiting attribute path : sellers
12:27:25.094 [main] DEBUG o.h.l.p.b.i.spaces.QuerySpacesImpl - Adding QuerySpace : uid = <gen:7> -> org.hibernate.loader.plan.build.internal.spaces.EntityQuerySpaceImpl@7112ce6]
12:27:25.094 [main] DEBUG o.h.p.w.spi.MetamodelGraphWalker - Visiting attribute path : sellers.name
12:27:25.094 [main] DEBUG o.h.p.w.spi.MetamodelGraphWalker - Visiting attribute path : sellers.passes
12:27:25.094 [main] DEBUG o.h.p.w.spi.MetamodelGraphWalker - Property path deemed to be circular : sellers.passes
12:27:25.094 [main] DEBUG o.h.p.w.spi.MetamodelGraphWalker - Visiting attribute path : sellers.tickets
12:27:25.094 [main] DEBUG o.h.p.w.spi.MetamodelGraphWalker - Property path deemed to be circular : sellers.tickets
12:27:25.094 [main] DEBUG o.h.p.w.spi.MetamodelGraphWalker - Visiting attribute path : sellers.people
12:27:25.094 [main] DEBUG o.h.l.p.b.i.spaces.QuerySpacesImpl - Adding QuerySpace : uid = <gen:8> -> org.hibernate.loader.plan.build.internal.spaces.CollectionQuerySpaceImpl@30ec7d21]
12:27:25.094 [main] DEBUG o.h.l.p.b.i.spaces.QuerySpacesImpl - Adding QuerySpace : uid = <gen:9> -> org.hibernate.loader.plan.build.internal.spaces.EntityQuerySpaceImpl@70025b99]
12:27:25.094 [main] DEBUG o.h.p.w.spi.MetamodelGraphWalker - Visiting attribute path : sellers.isWorking
12:27:25.094 [main] DEBUG o.h.p.w.spi.MetamodelGraphWalker - Visiting attribute path : validity
12:27:25.094 [main] DEBUG o.h.l.p.b.i.FetchStyleLoadPlanBuildingAssociationVisitationStrategy - Building LoadPlan...
12:27:25.096 [main] DEBUG o.h.l.p.e.i.LoadQueryJoinAndFetchProcessor - processing queryspace <gen:0>
12:27:25.096 [main] DEBUG o.h.l.p.b.spi.LoadPlanTreePrinter - LoadPlan(collection=Abstract.TicketSeller.tickets)
    - Returns
       - CollectionReturnImpl(collection=Abstract.TicketSeller.tickets, querySpaceUid=<gen:0>, path=[Abstract.TicketSeller.tickets])
          - (collection element) CollectionFetchableElementEntityGraph(entity=Classes.Ticket, querySpaceUid=<gen:1>, path=[Abstract.TicketSeller.tickets].<elements>)
             - EntityAttributeFetchImpl(entity=Abstract.TicketSeller, querySpaceUid=<gen:2>, path=[Abstract.TicketSeller.tickets].<elements>.seller)
                - CollectionAttributeFetchImpl(collection=Classes.Shop.people, querySpaceUid=<gen:3>, path=[Abstract.TicketSeller.tickets].<elements>.seller.people)
                   - (collection element) CollectionFetchableElementEntityGraph(entity=Classes.Person, querySpaceUid=<gen:4>, path=[Abstract.TicketSeller.tickets].<elements>.seller.people.<elements>)
             - EntityAttributeFetchImpl(entity=Classes.Person, querySpaceUid=<gen:5>, path=[Abstract.TicketSeller.tickets].<elements>.person)
                - EntityAttributeFetchImpl(entity=Classes.Card, querySpaceUid=<gen:6>, path=[Abstract.TicketSeller.tickets].<elements>.person.cardNum)
             - EntityAttributeFetchImpl(entity=Abstract.TicketSeller, querySpaceUid=<gen:7>, path=[Abstract.TicketSeller.tickets].<elements>.sellers)
                - CollectionAttributeFetchImpl(collection=Classes.Shop.people, querySpaceUid=<gen:8>, path=[Abstract.TicketSeller.tickets].<elements>.sellers.people)
                   - (collection element) CollectionFetchableElementEntityGraph(entity=Classes.Person, querySpaceUid=<gen:9>, path=[Abstract.TicketSeller.tickets].<elements>.sellers.people.<elements>)
    - QuerySpaces
       - CollectionQuerySpaceImpl(uid=<gen:0>, collection=Abstract.TicketSeller.tickets)
          - SQL table alias mapping - tickets0_
          - alias suffix - 0_
          - suffixed key columns - {ticketse1_5_0_}
          - entity-element alias suffix - 1_
          - 1_entity-element suffixed key columns - id2_2_1_
          - JOIN (JoinDefinedByMetadata(elements)) : <gen:0> -> <gen:1>
             - EntityQuerySpaceImpl(uid=<gen:1>, entity=Classes.Ticket)
                - SQL table alias mapping - ticket1_
                - alias suffix - 1_
                - suffixed key columns - {id2_2_1_}
                - JOIN (JoinDefinedByMetadata(seller)) : <gen:1> -> <gen:2>
                   - EntityQuerySpaceImpl(uid=<gen:2>, entity=Abstract.TicketSeller)
                      - SQL table alias mapping - ticketsell2_
                      - alias suffix - 2_
                      - suffixed key columns - {id2_3_2_}
                - JOIN (JoinDefinedByMetadata(person)) : <gen:1> -> <gen:5>
                   - EntityQuerySpaceImpl(uid=<gen:5>, entity=Classes.Person)
                      - SQL table alias mapping - person3_
                      - alias suffix - 3_
                      - suffixed key columns - {id1_1_3_}
                      - JOIN (JoinDefinedByMetadata(cardNum)) : <gen:5> -> <gen:6>
                         - EntityQuerySpaceImpl(uid=<gen:6>, entity=Classes.Card)
                            - SQL table alias mapping - card4_
                            - alias suffix - 4_
                            - suffixed key columns - {id1_0_4_}
                - JOIN (JoinDefinedByMetadata(sellers)) : <gen:1> -> <gen:7>
                   - EntityQuerySpaceImpl(uid=<gen:7>, entity=Abstract.TicketSeller)
                      - SQL table alias mapping - ticketsell5_
                      - alias suffix - 5_
                      - suffixed key columns - {id2_3_5_}

12:27:25.097 [main] DEBUG o.h.l.c.plan.CollectionLoader - Static select for collection Abstract.TicketSeller.tickets: select tickets0_.TicketSeller_id as ticketse1_5_0_, tickets0_.tickets_id as tickets_2_5_0_, ticket1_.id as id2_2_1_, ticket1_.seller_id as seller_i4_2_1_, ticket1_.person_id as person_i5_2_1_, ticket1_.sellers_id as sellers_6_2_1_, ticket1_.validity as validity3_2_1_, ticket1_.DTYPE as dtype1_2_1_, ticketsell2_.id as id2_3_2_, ticketsell2_.seller_name as seller_n3_3_2_, ticketsell2_.isWorking as isworkin4_3_2_, ticketsell2_.Elementi as elementi1_3_2_, person3_.id as id1_1_3_, person3_.birthdate as birthdat2_1_3_, person3_.firstName as firstnam3_1_3_, person3_.lastName as lastname4_1_3_, card4_.id as id1_0_4_, card4_.emissionDate as emission2_0_4_, card4_.expirationDate as expirati3_0_4_, card4_.person_id as person_i4_0_4_, ticketsell5_.id as id2_3_5_, ticketsell5_.seller_name as seller_n3_3_5_, ticketsell5_.isWorking as isworkin4_3_5_, ticketsell5_.Elementi as elementi1_3_5_ from TicketSeller_Ticket tickets0_ inner join Ticket ticket1_ on tickets0_.tickets_id=ticket1_.id left outer join TicketSeller ticketsell2_ on ticket1_.seller_id=ticketsell2_.id left outer join Person person3_ on ticket1_.person_id=person3_.id left outer join Card card4_ on person3_.id=card4_.person_id left outer join TicketSeller ticketsell5_ on ticket1_.sellers_id=ticketsell5_.id where tickets0_.TicketSeller_id=?
12:27:25.097 [main] DEBUG o.h.l.p.b.i.spaces.QuerySpacesImpl - Adding QuerySpace : uid = <gen:0> -> org.hibernate.loader.plan.build.internal.spaces.CollectionQuerySpaceImpl@798dad3d]
12:27:25.097 [main] DEBUG o.h.l.p.b.i.spaces.QuerySpacesImpl - Adding QuerySpace : uid = <gen:1> -> org.hibernate.loader.plan.build.internal.spaces.EntityQuerySpaceImpl@27abb6ca]
12:27:25.097 [main] DEBUG o.h.p.w.spi.MetamodelGraphWalker - Visiting attribute path : seller
12:27:25.097 [main] DEBUG o.h.l.p.b.i.spaces.QuerySpacesImpl - Adding QuerySpace : uid = <gen:2> -> org.hibernate.loader.plan.build.internal.spaces.EntityQuerySpaceImpl@7d986d83]
12:27:25.097 [main] DEBUG o.h.p.w.spi.MetamodelGraphWalker - Visiting attribute path : seller.name
12:27:25.097 [main] DEBUG o.h.p.w.spi.MetamodelGraphWalker - Visiting attribute path : seller.passes
12:27:25.097 [main] DEBUG o.h.p.w.spi.MetamodelGraphWalker - Property path deemed to be circular : seller.passes
12:27:25.097 [main] DEBUG o.h.p.w.spi.MetamodelGraphWalker - Visiting attribute path : seller.tickets
12:27:25.097 [main] DEBUG o.h.p.w.spi.MetamodelGraphWalker - Property path deemed to be circular : seller.tickets
12:27:25.097 [main] DEBUG o.h.p.w.spi.MetamodelGraphWalker - Visiting attribute path : seller.people
12:27:25.097 [main] DEBUG o.h.l.p.b.i.spaces.QuerySpacesImpl - Adding QuerySpace : uid = <gen:3> -> org.hibernate.loader.plan.build.internal.spaces.CollectionQuerySpaceImpl@3a7e365]
12:27:25.097 [main] DEBUG o.h.l.p.b.i.spaces.QuerySpacesImpl - Adding QuerySpace : uid = <gen:4> -> org.hibernate.loader.plan.build.internal.spaces.EntityQuerySpaceImpl@2ceee4b6]
12:27:25.097 [main] DEBUG o.h.p.w.spi.MetamodelGraphWalker - Visiting attribute path : seller.isWorking
12:27:25.097 [main] DEBUG o.h.p.w.spi.MetamodelGraphWalker - Visiting attribute path : person
12:27:25.097 [main] DEBUG o.h.l.p.b.i.spaces.QuerySpacesImpl - Adding QuerySpace : uid = <gen:5> -> org.hibernate.loader.plan.build.internal.spaces.EntityQuerySpaceImpl@12a470dd]
12:27:25.097 [main] DEBUG o.h.p.w.spi.MetamodelGraphWalker - Visiting attribute path : person.birthdate
12:27:25.097 [main] DEBUG o.h.p.w.spi.MetamodelGraphWalker - Visiting attribute path : person.firstName
12:27:25.097 [main] DEBUG o.h.p.w.spi.MetamodelGraphWalker - Visiting attribute path : person.lastName
12:27:25.097 [main] DEBUG o.h.p.w.spi.MetamodelGraphWalker - Visiting attribute path : person.cardNum
12:27:25.097 [main] DEBUG o.h.l.p.b.i.spaces.QuerySpacesImpl - Adding QuerySpace : uid = <gen:6> -> org.hibernate.loader.plan.build.internal.spaces.EntityQuerySpaceImpl@5568c66f]
12:27:25.098 [main] DEBUG o.h.p.w.spi.MetamodelGraphWalker - Visiting attribute path : person.cardNum.emissionDate
12:27:25.098 [main] DEBUG o.h.p.w.spi.MetamodelGraphWalker - Visiting attribute path : person.cardNum.expirationDate
12:27:25.098 [main] DEBUG o.h.p.w.spi.MetamodelGraphWalker - Visiting attribute path : person.cardNum.person
12:27:25.098 [main] DEBUG o.h.p.w.spi.MetamodelGraphWalker - Property path deemed to be circular : person.cardNum.person
12:27:25.098 [main] DEBUG o.h.p.w.spi.MetamodelGraphWalker - Visiting attribute path : sellers
12:27:25.098 [main] DEBUG o.h.l.p.b.i.spaces.QuerySpacesImpl - Adding QuerySpace : uid = <gen:7> -> org.hibernate.loader.plan.build.internal.spaces.EntityQuerySpaceImpl@3f6bf8aa]
12:27:25.098 [main] DEBUG o.h.p.w.spi.MetamodelGraphWalker - Visiting attribute path : sellers.name
12:27:25.098 [main] DEBUG o.h.p.w.spi.MetamodelGraphWalker - Visiting attribute path : sellers.passes
12:27:25.098 [main] DEBUG o.h.p.w.spi.MetamodelGraphWalker - Property path deemed to be circular : sellers.passes
12:27:25.098 [main] DEBUG o.h.p.w.spi.MetamodelGraphWalker - Visiting attribute path : sellers.tickets
12:27:25.098 [main] DEBUG o.h.p.w.spi.MetamodelGraphWalker - Property path deemed to be circular : sellers.tickets
12:27:25.098 [main] DEBUG o.h.p.w.spi.MetamodelGraphWalker - Visiting attribute path : sellers.people
12:27:25.098 [main] DEBUG o.h.l.p.b.i.spaces.QuerySpacesImpl - Adding QuerySpace : uid = <gen:8> -> org.hibernate.loader.plan.build.internal.spaces.CollectionQuerySpaceImpl@4bdf]
12:27:25.098 [main] DEBUG o.h.l.p.b.i.spaces.QuerySpacesImpl - Adding QuerySpace : uid = <gen:9> -> org.hibernate.loader.plan.build.internal.spaces.EntityQuerySpaceImpl@4cad79bc]
12:27:25.098 [main] DEBUG o.h.p.w.spi.MetamodelGraphWalker - Visiting attribute path : sellers.isWorking
12:27:25.098 [main] DEBUG o.h.p.w.spi.MetamodelGraphWalker - Visiting attribute path : validity
12:27:25.098 [main] DEBUG o.h.l.p.b.i.FetchStyleLoadPlanBuildingAssociationVisitationStrategy - Building LoadPlan...
12:27:25.098 [main] DEBUG o.h.l.p.e.i.LoadQueryJoinAndFetchProcessor - processing queryspace <gen:0>
12:27:25.098 [main] DEBUG o.h.l.p.b.spi.LoadPlanTreePrinter - LoadPlan(collection=Abstract.TicketSeller.passes)
    - Returns
       - CollectionReturnImpl(collection=Abstract.TicketSeller.passes, querySpaceUid=<gen:0>, path=[Abstract.TicketSeller.passes])
          - (collection element) CollectionFetchableElementEntityGraph(entity=Classes.Pass, querySpaceUid=<gen:1>, path=[Abstract.TicketSeller.passes].<elements>)
             - EntityAttributeFetchImpl(entity=Abstract.TicketSeller, querySpaceUid=<gen:2>, path=[Abstract.TicketSeller.passes].<elements>.seller)
                - CollectionAttributeFetchImpl(collection=Classes.Shop.people, querySpaceUid=<gen:3>, path=[Abstract.TicketSeller.passes].<elements>.seller.people)
                   - (collection element) CollectionFetchableElementEntityGraph(entity=Classes.Person, querySpaceUid=<gen:4>, path=[Abstract.TicketSeller.passes].<elements>.seller.people.<elements>)
             - EntityAttributeFetchImpl(entity=Classes.Person, querySpaceUid=<gen:5>, path=[Abstract.TicketSeller.passes].<elements>.person)
                - EntityAttributeFetchImpl(entity=Classes.Card, querySpaceUid=<gen:6>, path=[Abstract.TicketSeller.passes].<elements>.person.cardNum)
             - EntityAttributeFetchImpl(entity=Abstract.TicketSeller, querySpaceUid=<gen:7>, path=[Abstract.TicketSeller.passes].<elements>.sellers)
                - CollectionAttributeFetchImpl(collection=Classes.Shop.people, querySpaceUid=<gen:8>, path=[Abstract.TicketSeller.passes].<elements>.sellers.people)
                   - (collection element) CollectionFetchableElementEntityGraph(entity=Classes.Person, querySpaceUid=<gen:9>, path=[Abstract.TicketSeller.passes].<elements>.sellers.people.<elements>)
    - QuerySpaces
       - CollectionQuerySpaceImpl(uid=<gen:0>, collection=Abstract.TicketSeller.passes)
          - SQL table alias mapping - passes0_
          - alias suffix - 0_
          - suffixed key columns - {ticketse1_5_0_}
          - entity-element alias suffix - 1_
          - 1_entity-element suffixed key columns - id2_2_1_
          - JOIN (JoinDefinedByMetadata(elements)) : <gen:0> -> <gen:1>
             - EntityQuerySpaceImpl(uid=<gen:1>, entity=Classes.Pass)
                - SQL table alias mapping - pass1_
                - alias suffix - 1_
                - suffixed key columns - {id2_2_1_}
                - JOIN (JoinDefinedByMetadata(seller)) : <gen:1> -> <gen:2>
                   - EntityQuerySpaceImpl(uid=<gen:2>, entity=Abstract.TicketSeller)
                      - SQL table alias mapping - ticketsell2_
                      - alias suffix - 2_
                      - suffixed key columns - {id2_3_2_}
                - JOIN (JoinDefinedByMetadata(person)) : <gen:1> -> <gen:5>
                   - EntityQuerySpaceImpl(uid=<gen:5>, entity=Classes.Person)
                      - SQL table alias mapping - person3_
                      - alias suffix - 3_
                      - suffixed key columns - {id1_1_3_}
                      - JOIN (JoinDefinedByMetadata(cardNum)) : <gen:5> -> <gen:6>
                         - EntityQuerySpaceImpl(uid=<gen:6>, entity=Classes.Card)
                            - SQL table alias mapping - card4_
                            - alias suffix - 4_
                            - suffixed key columns - {id1_0_4_}
                - JOIN (JoinDefinedByMetadata(sellers)) : <gen:1> -> <gen:7>
                   - EntityQuerySpaceImpl(uid=<gen:7>, entity=Abstract.TicketSeller)
                      - SQL table alias mapping - ticketsell5_
                      - alias suffix - 5_
                      - suffixed key columns - {id2_3_5_}

12:27:25.098 [main] DEBUG o.h.l.c.plan.CollectionLoader - Static select for collection Abstract.TicketSeller.passes: select passes0_.TicketSeller_id as ticketse1_5_0_, passes0_.passes_id as passes_i3_5_0_, pass1_.id as id2_2_1_, pass1_.seller_id as seller_i4_2_1_, pass1_.person_id as person_i5_2_1_, pass1_.sellers_id as sellers_6_2_1_, pass1_.validity as validity3_2_1_, ticketsell2_.id as id2_3_2_, ticketsell2_.seller_name as seller_n3_3_2_, ticketsell2_.isWorking as isworkin4_3_2_, ticketsell2_.Elementi as elementi1_3_2_, person3_.id as id1_1_3_, person3_.birthdate as birthdat2_1_3_, person3_.firstName as firstnam3_1_3_, person3_.lastName as lastname4_1_3_, card4_.id as id1_0_4_, card4_.emissionDate as emission2_0_4_, card4_.expirationDate as expirati3_0_4_, card4_.person_id as person_i4_0_4_, ticketsell5_.id as id2_3_5_, ticketsell5_.seller_name as seller_n3_3_5_, ticketsell5_.isWorking as isworkin4_3_5_, ticketsell5_.Elementi as elementi1_3_5_ from TicketSeller_Ticket passes0_ inner join Ticket pass1_ on passes0_.passes_id=pass1_.id left outer join TicketSeller ticketsell2_ on pass1_.seller_id=ticketsell2_.id left outer join Person person3_ on pass1_.person_id=person3_.id left outer join Card card4_ on person3_.id=card4_.person_id left outer join TicketSeller ticketsell5_ on pass1_.sellers_id=ticketsell5_.id where passes0_.TicketSeller_id=?
12:27:25.099 [main] DEBUG o.h.l.p.b.i.spaces.QuerySpacesImpl - Adding QuerySpace : uid = <gen:0> -> org.hibernate.loader.plan.build.internal.spaces.CollectionQuerySpaceImpl@2c63762b]
12:27:25.099 [main] DEBUG o.h.l.p.b.i.spaces.QuerySpacesImpl - Adding QuerySpace : uid = <gen:1> -> org.hibernate.loader.plan.build.internal.spaces.EntityQuerySpaceImpl@7a9eccc4]
12:27:25.099 [main] DEBUG o.h.p.w.spi.MetamodelGraphWalker - Visiting attribute path : birthdate
12:27:25.099 [main] DEBUG o.h.p.w.spi.MetamodelGraphWalker - Visiting attribute path : firstName
12:27:25.099 [main] DEBUG o.h.p.w.spi.MetamodelGraphWalker - Visiting attribute path : lastName
12:27:25.099 [main] DEBUG o.h.p.w.spi.MetamodelGraphWalker - Visiting attribute path : cardNum
12:27:25.099 [main] DEBUG o.h.l.p.b.i.spaces.QuerySpacesImpl - Adding QuerySpace : uid = <gen:2> -> org.hibernate.loader.plan.build.internal.spaces.EntityQuerySpaceImpl@68e02f33]
12:27:25.099 [main] DEBUG o.h.p.w.spi.MetamodelGraphWalker - Visiting attribute path : cardNum.emissionDate
12:27:25.099 [main] DEBUG o.h.p.w.spi.MetamodelGraphWalker - Visiting attribute path : cardNum.expirationDate
12:27:25.099 [main] DEBUG o.h.p.w.spi.MetamodelGraphWalker - Visiting attribute path : cardNum.person
12:27:25.099 [main] DEBUG o.h.p.w.spi.MetamodelGraphWalker - Property path deemed to be circular : cardNum.person
12:27:25.099 [main] DEBUG o.h.l.p.b.i.FetchStyleLoadPlanBuildingAssociationVisitationStrategy - Building LoadPlan...
12:27:25.099 [main] DEBUG o.h.l.p.e.i.LoadQueryJoinAndFetchProcessor - processing queryspace <gen:0>
12:27:25.099 [main] DEBUG o.h.l.p.b.spi.LoadPlanTreePrinter - LoadPlan(collection=Classes.Shop.people)
    - Returns
       - CollectionReturnImpl(collection=Classes.Shop.people, querySpaceUid=<gen:0>, path=[Classes.Shop.people])
          - (collection element) CollectionFetchableElementEntityGraph(entity=Classes.Person, querySpaceUid=<gen:1>, path=[Classes.Shop.people].<elements>)
             - EntityAttributeFetchImpl(entity=Classes.Card, querySpaceUid=<gen:2>, path=[Classes.Shop.people].<elements>.cardNum)
    - QuerySpaces
       - CollectionQuerySpaceImpl(uid=<gen:0>, collection=Classes.Shop.people)
          - SQL table alias mapping - people0_
          - alias suffix - 0_
          - suffixed key columns - {shop_id1_4_0_}
          - entity-element alias suffix - 1_
          - 1_entity-element suffixed key columns - id1_1_1_
          - JOIN (JoinDefinedByMetadata(elements)) : <gen:0> -> <gen:1>
             - EntityQuerySpaceImpl(uid=<gen:1>, entity=Classes.Person)
                - SQL table alias mapping - person1_
                - alias suffix - 1_
                - suffixed key columns - {id1_1_1_}
                - JOIN (JoinDefinedByMetadata(cardNum)) : <gen:1> -> <gen:2>
                   - EntityQuerySpaceImpl(uid=<gen:2>, entity=Classes.Card)
                      - SQL table alias mapping - card2_
                      - alias suffix - 2_
                      - suffixed key columns - {id1_0_2_}

12:27:25.099 [main] DEBUG o.h.l.c.plan.CollectionLoader - Static select for collection Classes.Shop.people: select people0_.Shop_id as shop_id1_4_0_, people0_.people_id as people_i2_4_0_, person1_.id as id1_1_1_, person1_.birthdate as birthdat2_1_1_, person1_.firstName as firstnam3_1_1_, person1_.lastName as lastname4_1_1_, card2_.id as id1_0_2_, card2_.emissionDate as emission2_0_2_, card2_.expirationDate as expirati3_0_2_, card2_.person_id as person_i4_0_2_ from TicketSeller_Person people0_ inner join Person person1_ on people0_.people_id=person1_.id left outer join Card card2_ on person1_.id=card2_.person_id where people0_.Shop_id=?
12:27:25.123 [main] INFO  o.hibernate.orm.connections.access - HHH10001501: Connection obtained from JdbcConnectionAccess [org.hibernate.engine.jdbc.env.internal.JdbcEnvironmentInitiator$ConnectionProviderJdbcConnectionAccess@629984eb] for (non-JTA) DDL execution was not in auto-commit mode; the Connection 'local transaction' will be committed and the Connection will be set into auto-commit mode.
12:27:25.141 [main] DEBUG org.hibernate.mapping.Table - No alter strings for table : Card
12:27:25.141 [main] DEBUG org.hibernate.mapping.Table - No alter strings for table : Person
12:27:25.141 [main] DEBUG org.hibernate.mapping.Table - No alter strings for table : Ticket
12:27:25.141 [main] DEBUG org.hibernate.mapping.Table - No alter strings for table : TicketSeller
12:27:25.141 [main] DEBUG org.hibernate.mapping.Table - No alter strings for table : TicketSeller_Person
12:27:25.141 [main] DEBUG org.hibernate.mapping.Table - No alter strings for table : TicketSeller_Ticket
12:27:25.199 [main] DEBUG o.h.e.t.j.p.i.JtaPlatformInitiator - No JtaPlatform was specified, checking resolver
12:27:25.199 [main] DEBUG o.h.e.t.j.p.i.JtaPlatformResolverInitiator - No JtaPlatformResolver was specified, using default [org.hibernate.engine.transaction.jta.platform.internal.StandardJtaPlatformResolver]
12:27:25.202 [main] DEBUG o.h.e.t.j.p.i.StandardJtaPlatformResolver - Could not resolve JtaPlatform, using default [org.hibernate.engine.transaction.jta.platform.internal.NoJtaPlatform]
12:27:25.202 [main] INFO  o.h.e.t.j.p.i.JtaPlatformInitiator - HHH000490: Using JtaPlatform implementation: [org.hibernate.engine.transaction.jta.platform.internal.NoJtaPlatform]
12:27:25.206 [main] DEBUG o.h.s.i.SessionFactoryServiceRegistryImpl - EventListenerRegistry access via ServiceRegistry is deprecated.  Use `sessionFactory.getEventEngine().getListenerRegistry()` instead
12:27:25.207 [main] DEBUG o.h.h.i.QueryTranslatorFactoryInitiator - QueryTranslatorFactory: org.hibernate.hql.internal.ast.ASTQueryTranslatorFactory@52226e57
12:27:25.209 [main] DEBUG o.h.query.spi.NamedQueryRepository - Checking 0 named HQL queries
12:27:25.209 [main] DEBUG o.h.query.spi.NamedQueryRepository - Checking 0 named SQL queries
12:27:25.211 [main] DEBUG o.h.internal.SessionFactoryRegistry - Initializing SessionFactoryRegistry : org.hibernate.internal.SessionFactoryRegistry@634ff56
12:27:25.212 [main] DEBUG o.h.internal.SessionFactoryRegistry - Registering SessionFactory: 4b9ed10a-601d-4a92-9c0a-53428d6d4ff0 (<unnamed>)
12:27:25.212 [main] DEBUG o.h.internal.SessionFactoryRegistry - Not binding SessionFactory to JNDI, no JNDI name configured
12:27:25.239 [main] DEBUG o.h.s.internal.StatisticsInitiator - Statistics initialized [enabled=false]
12:27:25.241 [main] DEBUG o.h.e.t.internal.TransactionImpl - On TransactionImpl creation, JpaCompliance#isJpaTransactionComplianceEnabled == false
12:27:25.242 [main] DEBUG o.h.e.t.internal.TransactionImpl - begin
12:27:25.246 [main] DEBUG org.hibernate.SQL - select person0_.id as id1_1_0_, person0_.birthdate as birthdat2_1_0_, person0_.firstName as firstnam3_1_0_, person0_.lastName as lastname4_1_0_, card1_.id as id1_0_1_, card1_.emissionDate as emission2_0_1_, card1_.expirationDate as expirati3_0_1_, card1_.person_id as person_i4_0_1_ from Person person0_ left outer join Card card1_ on person0_.id=card1_.person_id where person0_.id=?
12:27:25.249 [main] DEBUG o.h.l.p.e.p.i.EntityReferenceInitializerImpl - On call to EntityIdentifierReaderImpl#resolve, EntityKey was already known; should only happen on root returns with an optional identifier specified
12:27:25.255 [main] DEBUG o.h.engine.internal.TwoPhaseLoad - Resolving attributes for [Classes.Person#3]
12:27:25.256 [main] DEBUG o.h.engine.internal.TwoPhaseLoad - Processing attribute `birthdate` : value = 1977-03-22
12:27:25.256 [main] DEBUG o.h.engine.internal.TwoPhaseLoad - Attribute (`birthdate`)  - enhanced for lazy-loading? - false
12:27:25.256 [main] DEBUG o.h.engine.internal.TwoPhaseLoad - Processing attribute `firstName` : value = Francesca
12:27:25.256 [main] DEBUG o.h.engine.internal.TwoPhaseLoad - Attribute (`firstName`)  - enhanced for lazy-loading? - false
12:27:25.256 [main] DEBUG o.h.engine.internal.TwoPhaseLoad - Processing attribute `lastName` : value = Neri
12:27:25.256 [main] DEBUG o.h.engine.internal.TwoPhaseLoad - Attribute (`lastName`)  - enhanced for lazy-loading? - false
12:27:25.256 [main] DEBUG o.h.engine.internal.TwoPhaseLoad - Processing attribute `cardNum` : value = 3
12:27:25.256 [main] DEBUG o.h.engine.internal.TwoPhaseLoad - Attribute (`cardNum`)  - enhanced for lazy-loading? - false
12:27:25.256 [main] DEBUG o.h.engine.internal.TwoPhaseLoad - Done materializing entity [Classes.Person#3]
12:27:25.257 [main] DEBUG o.h.l.e.p.AbstractLoadPlanBasedEntityLoader - Done entity load : Classes.Person#3
12:27:25.261 [main] DEBUG o.h.e.t.internal.TransactionImpl - committing
12:27:25.262 [main] DEBUG o.h.e.i.AbstractFlushingEventListener - Processing flush-time cascades
12:27:25.262 [main] DEBUG o.h.e.i.AbstractFlushingEventListener - Dirty checking collections
12:27:25.263 [main] DEBUG o.h.e.i.AbstractFlushingEventListener - Flushed: 0 insertions, 0 updates, 1 deletions to 1 objects
12:27:25.265 [main] DEBUG o.h.e.i.AbstractFlushingEventListener - Flushed: 0 (re)creations, 0 updates, 0 removals to 0 collections
12:27:25.265 [main] DEBUG o.h.internal.util.EntityPrinter - Listing entities:
12:27:25.265 [main] DEBUG o.h.internal.util.EntityPrinter - Classes.Person{firstName=Francesca, lastName=Neri, cardNum=null, birthdate=1977-03-22, id=3}
12:27:25.268 [main] DEBUG org.hibernate.SQL - delete from Person where id=?
12:27:25.271 [main] DEBUG o.h.r.j.i.LogicalConnectionManagedImpl - Initiating JDBC connection release from afterTransaction
12:27:25.271 [main] DEBUG o.h.r.j.i.LogicalConnectionManagedImpl - Initiating JDBC connection release from afterTransaction
12:27:37.253 [main] DEBUG org.jboss.logging - Logging Provider: org.jboss.logging.Slf4jLoggerProvider
12:27:37.313 [main] DEBUG o.h.jpa.HibernatePersistenceProvider - Located and parsed 2 persistence units; checking each
12:27:37.314 [main] DEBUG o.h.jpa.HibernatePersistenceProvider - Checking persistence-unit [name=HomeworkS3D3, explicit-provider=null] against incoming persistence unit name [BuildWeek_4]
12:27:37.314 [main] DEBUG o.h.jpa.HibernatePersistenceProvider - Excluding from consideration due to name mis-match
12:27:37.314 [main] DEBUG o.h.jpa.HibernatePersistenceProvider - Checking persistence-unit [name=BuildWeek_4, explicit-provider=null] against incoming persistence unit name [BuildWeek_4]
12:27:37.314 [main] DEBUG o.h.jpa.boot.spi.ProviderChecker - No PersistenceProvider explicitly requested, assuming Hibernate
12:27:37.317 [main] DEBUG o.h.jpa.internal.util.LogHelper - PersistenceUnitInfo [
	name: BuildWeek_4
	persistence provider classname: null
	classloader: null
	excludeUnlistedClasses: false
	JTA datasource: null
	Non JTA datasource: null
	Transaction type: RESOURCE_LOCAL
	PU root URL: file:/C:/Users/total/Desktop/All/Epicode/fs0223-Luca-Sernicola-BackEnd/BuildWeek_4/target/classes/
	Shared Cache Mode: null
	Validation Mode: null
	Jar files URLs []
	Managed classes names []
	Mapping files names []
	Properties [
		javax.persistence.jdbc.driver: org.postgresql.Driver
		javax.persistence.jdbc.password: root
		hibernate.dialect: org.hibernate.dialect.PostgreSQLDialect
		javax.persistence.jdbc.url: jdbc:postgresql://localhost:5432/BuildWeek
		hibernate.hbm2ddl.auto: update
		javax.persistence.jdbc.user: postgres]
12:27:37.319 [main] DEBUG o.h.i.internal.IntegratorServiceImpl - Adding Integrator [org.hibernate.cfg.beanvalidation.BeanValidationIntegrator].
12:27:37.321 [main] DEBUG o.h.i.internal.IntegratorServiceImpl - Adding Integrator [org.hibernate.secure.spi.JaccIntegrator].
12:27:37.323 [main] DEBUG o.h.i.internal.IntegratorServiceImpl - Adding Integrator [org.hibernate.cache.internal.CollectionCacheInvalidator].
12:27:37.347 [main] INFO  org.hibernate.Version - HHH000412: Hibernate ORM core version 5.6.15.Final
12:27:37.348 [main] DEBUG org.hibernate.cfg.Environment - HHH000206: hibernate.properties not found
12:27:37.450 [main] DEBUG o.h.service.spi.ServiceBinding - Overriding existing service binding [org.hibernate.secure.spi.JaccService]
12:27:37.458 [main] DEBUG o.h.c.i.RegionFactoryInitiator - Cannot default RegionFactory based on registered strategies as `[]` RegionFactory strategies were registered
12:27:37.459 [main] DEBUG o.h.c.i.RegionFactoryInitiator - Cache region factory : org.hibernate.cache.internal.NoCachingRegionFactory
12:27:37.469 [main] INFO  o.h.annotations.common.Version - HCANN000001: Hibernate Commons Annotations {5.1.2.Final}
12:27:37.523 [main] DEBUG o.hibernate.type.BasicTypeRegistry - Adding type registration boolean -> org.hibernate.type.BooleanType@726e5805
12:27:37.523 [main] DEBUG o.hibernate.type.BasicTypeRegistry - Adding type registration boolean -> org.hibernate.type.BooleanType@726e5805
12:27:37.523 [main] DEBUG o.hibernate.type.BasicTypeRegistry - Adding type registration java.lang.Boolean -> org.hibernate.type.BooleanType@726e5805
12:27:37.523 [main] DEBUG o.hibernate.type.BasicTypeRegistry - Adding type registration numeric_boolean -> org.hibernate.type.NumericBooleanType@e077866
12:27:37.524 [main] DEBUG o.hibernate.type.BasicTypeRegistry - Adding type registration true_false -> org.hibernate.type.TrueFalseType@a8e6492
12:27:37.524 [main] DEBUG o.hibernate.type.BasicTypeRegistry - Adding type registration yes_no -> org.hibernate.type.YesNoType@2e11485
12:27:37.524 [main] DEBUG o.hibernate.type.BasicTypeRegistry - Adding type registration byte -> org.hibernate.type.ByteType@75c9e76b
12:27:37.524 [main] DEBUG o.hibernate.type.BasicTypeRegistry - Adding type registration byte -> org.hibernate.type.ByteType@75c9e76b
12:27:37.525 [main] DEBUG o.hibernate.type.BasicTypeRegistry - Adding type registration java.lang.Byte -> org.hibernate.type.ByteType@75c9e76b
12:27:37.525 [main] DEBUG o.hibernate.type.BasicTypeRegistry - Adding type registration character -> org.hibernate.type.CharacterType@12bcd0c0
12:27:37.525 [main] DEBUG o.hibernate.type.BasicTypeRegistry - Adding type registration char -> org.hibernate.type.CharacterType@12bcd0c0
12:27:37.525 [main] DEBUG o.hibernate.type.BasicTypeRegistry - Adding type registration java.lang.Character -> org.hibernate.type.CharacterType@12bcd0c0
12:27:37.526 [main] DEBUG o.hibernate.type.BasicTypeRegistry - Adding type registration short -> org.hibernate.type.ShortType@58ebfd03
12:27:37.526 [main] DEBUG o.hibernate.type.BasicTypeRegistry - Adding type registration short -> org.hibernate.type.ShortType@58ebfd03
12:27:37.526 [main] DEBUG o.hibernate.type.BasicTypeRegistry - Adding type registration java.lang.Short -> org.hibernate.type.ShortType@58ebfd03
12:27:37.526 [main] DEBUG o.hibernate.type.BasicTypeRegistry - Adding type registration integer -> org.hibernate.type.IntegerType@5c87bfe2
12:27:37.526 [main] DEBUG o.hibernate.type.BasicTypeRegistry - Adding type registration int -> org.hibernate.type.IntegerType@5c87bfe2
12:27:37.526 [main] DEBUG o.hibernate.type.BasicTypeRegistry - Adding type registration java.lang.Integer -> org.hibernate.type.IntegerType@5c87bfe2
12:27:37.527 [main] DEBUG o.hibernate.type.BasicTypeRegistry - Adding type registration long -> org.hibernate.type.LongType@7a791b66
12:27:37.527 [main] DEBUG o.hibernate.type.BasicTypeRegistry - Adding type registration long -> org.hibernate.type.LongType@7a791b66
12:27:37.527 [main] DEBUG o.hibernate.type.BasicTypeRegistry - Adding type registration java.lang.Long -> org.hibernate.type.LongType@7a791b66
12:27:37.528 [main] DEBUG o.hibernate.type.BasicTypeRegistry - Adding type registration float -> org.hibernate.type.FloatType@4fc5e095
12:27:37.528 [main] DEBUG o.hibernate.type.BasicTypeRegistry - Adding type registration float -> org.hibernate.type.FloatType@4fc5e095
12:27:37.528 [main] DEBUG o.hibernate.type.BasicTypeRegistry - Adding type registration java.lang.Float -> org.hibernate.type.FloatType@4fc5e095
12:27:37.528 [main] DEBUG o.hibernate.type.BasicTypeRegistry - Adding type registration double -> org.hibernate.type.DoubleType@62ea3440
12:27:37.528 [main] DEBUG o.hibernate.type.BasicTypeRegistry - Adding type registration double -> org.hibernate.type.DoubleType@62ea3440
12:27:37.528 [main] DEBUG o.hibernate.type.BasicTypeRegistry - Adding type registration java.lang.Double -> org.hibernate.type.DoubleType@62ea3440
12:27:37.529 [main] DEBUG o.hibernate.type.BasicTypeRegistry - Adding type registration big_decimal -> org.hibernate.type.BigDecimalType@749c877b
12:27:37.529 [main] DEBUG o.hibernate.type.BasicTypeRegistry - Adding type registration java.math.BigDecimal -> org.hibernate.type.BigDecimalType@749c877b
12:27:37.529 [main] DEBUG o.hibernate.type.BasicTypeRegistry - Adding type registration big_integer -> org.hibernate.type.BigIntegerType@160ac7fb
12:27:37.529 [main] DEBUG o.hibernate.type.BasicTypeRegistry - Adding type registration java.math.BigInteger -> org.hibernate.type.BigIntegerType@160ac7fb
12:27:37.529 [main] DEBUG o.hibernate.type.BasicTypeRegistry - Adding type registration string -> org.hibernate.type.StringType@618c5d94
12:27:37.530 [main] DEBUG o.hibernate.type.BasicTypeRegistry - Adding type registration java.lang.String -> org.hibernate.type.StringType@618c5d94
12:27:37.530 [main] DEBUG o.hibernate.type.BasicTypeRegistry - Adding type registration nstring -> org.hibernate.type.StringNVarcharType@1e63ec0b
12:27:37.530 [main] DEBUG o.hibernate.type.BasicTypeRegistry - Adding type registration ncharacter -> org.hibernate.type.CharacterNCharType@295eaa7c
12:27:37.530 [main] DEBUG o.hibernate.type.BasicTypeRegistry - Adding type registration url -> org.hibernate.type.UrlType@1dd0e7c4
12:27:37.531 [main] DEBUG o.hibernate.type.BasicTypeRegistry - Adding type registration java.net.URL -> org.hibernate.type.UrlType@1dd0e7c4
12:27:37.531 [main] DEBUG o.hibernate.type.BasicTypeRegistry - Adding type registration Duration -> org.hibernate.type.DurationType@37bd68c3
12:27:37.531 [main] DEBUG o.hibernate.type.BasicTypeRegistry - Adding type registration java.time.Duration -> org.hibernate.type.DurationType@37bd68c3
12:27:37.532 [main] DEBUG o.hibernate.type.BasicTypeRegistry - Adding type registration Instant -> org.hibernate.type.InstantType@4bff1903
12:27:37.532 [main] DEBUG o.hibernate.type.BasicTypeRegistry - Adding type registration java.time.Instant -> org.hibernate.type.InstantType@4bff1903
12:27:37.532 [main] DEBUG o.hibernate.type.BasicTypeRegistry - Adding type registration LocalDateTime -> org.hibernate.type.LocalDateTimeType@f79a760
12:27:37.532 [main] DEBUG o.hibernate.type.BasicTypeRegistry - Adding type registration java.time.LocalDateTime -> org.hibernate.type.LocalDateTimeType@f79a760
12:27:37.533 [main] DEBUG o.hibernate.type.BasicTypeRegistry - Adding type registration LocalDate -> org.hibernate.type.LocalDateType@652a7737
12:27:37.533 [main] DEBUG o.hibernate.type.BasicTypeRegistry - Adding type registration java.time.LocalDate -> org.hibernate.type.LocalDateType@652a7737
12:27:37.533 [main] DEBUG o.hibernate.type.BasicTypeRegistry - Adding type registration LocalTime -> org.hibernate.type.LocalTimeType@4e28bdd1
12:27:37.533 [main] DEBUG o.hibernate.type.BasicTypeRegistry - Adding type registration java.time.LocalTime -> org.hibernate.type.LocalTimeType@4e28bdd1
12:27:37.534 [main] DEBUG o.hibernate.type.BasicTypeRegistry - Adding type registration OffsetDateTime -> org.hibernate.type.OffsetDateTimeType@a8c1f44
12:27:37.534 [main] DEBUG o.hibernate.type.BasicTypeRegistry - Adding type registration java.time.OffsetDateTime -> org.hibernate.type.OffsetDateTimeType@a8c1f44
12:27:37.535 [main] DEBUG o.hibernate.type.BasicTypeRegistry - Adding type registration OffsetTime -> org.hibernate.type.OffsetTimeType@78a287ed
12:27:37.535 [main] DEBUG o.hibernate.type.BasicTypeRegistry - Adding type registration java.time.OffsetTime -> org.hibernate.type.OffsetTimeType@78a287ed
12:27:37.535 [main] DEBUG o.hibernate.type.BasicTypeRegistry - Adding type registration ZonedDateTime -> org.hibernate.type.ZonedDateTimeType@2b43529a
12:27:37.536 [main] DEBUG o.hibernate.type.BasicTypeRegistry - Adding type registration java.time.ZonedDateTime -> org.hibernate.type.ZonedDateTimeType@2b43529a
12:27:37.537 [main] DEBUG o.hibernate.type.BasicTypeRegistry - Adding type registration date -> org.hibernate.type.DateType@3829ac1
12:27:37.537 [main] DEBUG o.hibernate.type.BasicTypeRegistry - Adding type registration java.sql.Date -> org.hibernate.type.DateType@3829ac1
12:27:37.537 [main] DEBUG o.hibernate.type.BasicTypeRegistry - Adding type registration time -> org.hibernate.type.TimeType@2dbe250d
12:27:37.537 [main] DEBUG o.hibernate.type.BasicTypeRegistry - Adding type registration java.sql.Time -> org.hibernate.type.TimeType@2dbe250d
12:27:37.538 [main] DEBUG o.hibernate.type.BasicTypeRegistry - Adding type registration timestamp -> org.hibernate.type.TimestampType@47404bea
12:27:37.538 [main] DEBUG o.hibernate.type.BasicTypeRegistry - Adding type registration java.sql.Timestamp -> org.hibernate.type.TimestampType@47404bea
12:27:37.538 [main] DEBUG o.hibernate.type.BasicTypeRegistry - Adding type registration java.util.Date -> org.hibernate.type.TimestampType@47404bea
12:27:37.539 [main] DEBUG o.hibernate.type.BasicTypeRegistry - Adding type registration dbtimestamp -> org.hibernate.type.DbTimestampType@29e6eb25
12:27:37.540 [main] DEBUG o.hibernate.type.BasicTypeRegistry - Adding type registration calendar -> org.hibernate.type.CalendarType@275fe372
12:27:37.540 [main] DEBUG o.hibernate.type.BasicTypeRegistry - Adding type registration java.util.Calendar -> org.hibernate.type.CalendarType@275fe372
12:27:37.540 [main] DEBUG o.hibernate.type.BasicTypeRegistry - Adding type registration java.util.GregorianCalendar -> org.hibernate.type.CalendarType@275fe372
12:27:37.540 [main] DEBUG o.hibernate.type.BasicTypeRegistry - Adding type registration calendar_date -> org.hibernate.type.CalendarDateType@366ef90e
12:27:37.541 [main] DEBUG o.hibernate.type.BasicTypeRegistry - Adding type registration calendar_time -> org.hibernate.type.CalendarTimeType@21aa6d6c
12:27:37.541 [main] DEBUG o.hibernate.type.BasicTypeRegistry - Adding type registration locale -> org.hibernate.type.LocaleType@3f446bef
12:27:37.541 [main] DEBUG o.hibernate.type.BasicTypeRegistry - Adding type registration java.util.Locale -> org.hibernate.type.LocaleType@3f446bef
12:27:37.542 [main] DEBUG o.hibernate.type.BasicTypeRegistry - Adding type registration currency -> org.hibernate.type.CurrencyType@1c80e49b
12:27:37.542 [main] DEBUG o.hibernate.type.BasicTypeRegistry - Adding type registration java.util.Currency -> org.hibernate.type.CurrencyType@1c80e49b
12:27:37.542 [main] DEBUG o.hibernate.type.BasicTypeRegistry - Adding type registration timezone -> org.hibernate.type.TimeZoneType@56f6d40b
12:27:37.542 [main] DEBUG o.hibernate.type.BasicTypeRegistry - Adding type registration java.util.TimeZone -> org.hibernate.type.TimeZoneType@56f6d40b
12:27:37.543 [main] DEBUG o.hibernate.type.BasicTypeRegistry - Adding type registration class -> org.hibernate.type.ClassType@7e3060d8
12:27:37.543 [main] DEBUG o.hibernate.type.BasicTypeRegistry - Adding type registration java.lang.Class -> org.hibernate.type.ClassType@7e3060d8
12:27:37.543 [main] DEBUG o.hibernate.type.BasicTypeRegistry - Adding type registration uuid-binary -> org.hibernate.type.UUIDBinaryType@2e54db99
12:27:37.543 [main] DEBUG o.hibernate.type.BasicTypeRegistry - Adding type registration java.util.UUID -> org.hibernate.type.UUIDBinaryType@2e54db99
12:27:37.543 [main] DEBUG o.hibernate.type.BasicTypeRegistry - Adding type registration uuid-char -> org.hibernate.type.UUIDCharType@65a4798f
12:27:37.544 [main] DEBUG o.hibernate.type.BasicTypeRegistry - Adding type registration binary -> org.hibernate.type.BinaryType@773cbf4f
12:27:37.544 [main] DEBUG o.hibernate.type.BasicTypeRegistry - Adding type registration byte[] -> org.hibernate.type.BinaryType@773cbf4f
12:27:37.544 [main] DEBUG o.hibernate.type.BasicTypeRegistry - Adding type registration [B -> org.hibernate.type.BinaryType@773cbf4f
12:27:37.544 [main] DEBUG o.hibernate.type.BasicTypeRegistry - Adding type registration wrapper-binary -> org.hibernate.type.WrapperBinaryType@69637b10
12:27:37.545 [main] DEBUG o.hibernate.type.BasicTypeRegistry - Adding type registration Byte[] -> org.hibernate.type.WrapperBinaryType@69637b10
12:27:37.545 [main] DEBUG o.hibernate.type.BasicTypeRegistry - Adding type registration [Ljava.lang.Byte; -> org.hibernate.type.WrapperBinaryType@69637b10
12:27:37.545 [main] DEBUG o.hibernate.type.BasicTypeRegistry - Adding type registration row_version -> org.hibernate.type.RowVersionType@470a696f
12:27:37.545 [main] DEBUG o.hibernate.type.BasicTypeRegistry - Adding type registration image -> org.hibernate.type.ImageType@3f1c5af9
12:27:37.546 [main] DEBUG o.hibernate.type.BasicTypeRegistry - Adding type registration characters -> org.hibernate.type.CharArrayType@1de5f0ef
12:27:37.546 [main] DEBUG o.hibernate.type.BasicTypeRegistry - Adding type registration char[] -> org.hibernate.type.CharArrayType@1de5f0ef
12:27:37.546 [main] DEBUG o.hibernate.type.BasicTypeRegistry - Adding type registration [C -> org.hibernate.type.CharArrayType@1de5f0ef
12:27:37.546 [main] DEBUG o.hibernate.type.BasicTypeRegistry - Adding type registration wrapper-characters -> org.hibernate.type.CharacterArrayType@3ce3db41
12:27:37.546 [main] DEBUG o.hibernate.type.BasicTypeRegistry - Adding type registration [Ljava.lang.Character; -> org.hibernate.type.CharacterArrayType@3ce3db41
12:27:37.547 [main] DEBUG o.hibernate.type.BasicTypeRegistry - Adding type registration Character[] -> org.hibernate.type.CharacterArrayType@3ce3db41
12:27:37.547 [main] DEBUG o.hibernate.type.BasicTypeRegistry - Adding type registration text -> org.hibernate.type.TextType@2c3dec30
12:27:37.547 [main] DEBUG o.hibernate.type.BasicTypeRegistry - Adding type registration ntext -> org.hibernate.type.NTextType@3fc9dfc5
12:27:37.548 [main] DEBUG o.hibernate.type.BasicTypeRegistry - Adding type registration blob -> org.hibernate.type.BlobType@4ba534b0
12:27:37.548 [main] DEBUG o.hibernate.type.BasicTypeRegistry - Adding type registration java.sql.Blob -> org.hibernate.type.BlobType@4ba534b0
12:27:37.548 [main] DEBUG o.hibernate.type.BasicTypeRegistry - Adding type registration materialized_blob -> org.hibernate.type.MaterializedBlobType@4e517165
12:27:37.548 [main] DEBUG o.hibernate.type.BasicTypeRegistry - Adding type registration clob -> org.hibernate.type.ClobType@34625ccd
12:27:37.548 [main] DEBUG o.hibernate.type.BasicTypeRegistry - Adding type registration java.sql.Clob -> org.hibernate.type.ClobType@34625ccd
12:27:37.550 [main] DEBUG o.hibernate.type.BasicTypeRegistry - Adding type registration nclob -> org.hibernate.type.NClobType@346939bf
12:27:37.550 [main] DEBUG o.hibernate.type.BasicTypeRegistry - Adding type registration java.sql.NClob -> org.hibernate.type.NClobType@346939bf
12:27:37.550 [main] DEBUG o.hibernate.type.BasicTypeRegistry - Adding type registration materialized_clob -> org.hibernate.type.MaterializedClobType@9bd0fa6
12:27:37.551 [main] DEBUG o.hibernate.type.BasicTypeRegistry - Adding type registration materialized_nclob -> org.hibernate.type.MaterializedNClobType@f6c03cb
12:27:37.551 [main] DEBUG o.hibernate.type.BasicTypeRegistry - Adding type registration serializable -> org.hibernate.type.SerializableType@1c9f0a20
12:27:37.553 [main] DEBUG o.hibernate.type.BasicTypeRegistry - Adding type registration object -> org.hibernate.type.ObjectType@4ae33a11
12:27:37.553 [main] DEBUG o.hibernate.type.BasicTypeRegistry - Adding type registration java.lang.Object -> org.hibernate.type.ObjectType@4ae33a11
12:27:37.553 [main] DEBUG o.hibernate.type.BasicTypeRegistry - Adding type registration imm_date -> org.hibernate.type.AdaptedImmutableType@5049d8b2
12:27:37.553 [main] DEBUG o.hibernate.type.BasicTypeRegistry - Adding type registration imm_time -> org.hibernate.type.AdaptedImmutableType@6d0b5baf
12:27:37.553 [main] DEBUG o.hibernate.type.BasicTypeRegistry - Adding type registration imm_timestamp -> org.hibernate.type.AdaptedImmutableType@631e06ab
12:27:37.553 [main] DEBUG o.hibernate.type.BasicTypeRegistry - Adding type registration imm_dbtimestamp -> org.hibernate.type.AdaptedImmutableType@2a3591c5
12:27:37.553 [main] DEBUG o.hibernate.type.BasicTypeRegistry - Adding type registration imm_calendar -> org.hibernate.type.AdaptedImmutableType@34a75079
12:27:37.553 [main] DEBUG o.hibernate.type.BasicTypeRegistry - Adding type registration imm_calendar_date -> org.hibernate.type.AdaptedImmutableType@346a361
12:27:37.553 [main] DEBUG o.hibernate.type.BasicTypeRegistry - Adding type registration imm_binary -> org.hibernate.type.AdaptedImmutableType@107ed6fc
12:27:37.553 [main] DEBUG o.hibernate.type.BasicTypeRegistry - Adding type registration imm_serializable -> org.hibernate.type.AdaptedImmutableType@1643d68f
12:27:37.561 [main] DEBUG o.h.b.internal.BootstrapContextImpl - Injecting ScanEnvironment [org.hibernate.jpa.boot.internal.StandardJpaScanEnvironmentImpl@c7a975a] into BootstrapContext; was [null]
12:27:37.561 [main] DEBUG o.h.b.internal.BootstrapContextImpl - Injecting ScanOptions [org.hibernate.boot.archive.scan.internal.StandardScanOptions@2c1b9e4b] into BootstrapContext; was [org.hibernate.boot.archive.scan.internal.StandardScanOptions@757d6814]
12:27:37.593 [main] DEBUG o.h.b.internal.BootstrapContextImpl - Injecting JPA temp ClassLoader [null] into BootstrapContext; was [null]
12:27:37.593 [main] DEBUG o.h.b.internal.ClassLoaderAccessImpl - ClassLoaderAccessImpl#injectTempClassLoader(null) [was null]
12:27:37.600 [main] DEBUG o.h.i.f.i.DefaultIdentifierGeneratorFactory - Registering IdentifierGenerator strategy [uuid2] -> [org.hibernate.id.UUIDGenerator]
12:27:37.600 [main] DEBUG o.h.i.f.i.DefaultIdentifierGeneratorFactory - Registering IdentifierGenerator strategy [guid] -> [org.hibernate.id.GUIDGenerator]
12:27:37.600 [main] DEBUG o.h.i.f.i.DefaultIdentifierGeneratorFactory - Registering IdentifierGenerator strategy [uuid] -> [org.hibernate.id.UUIDHexGenerator]
12:27:37.600 [main] DEBUG o.h.i.f.i.DefaultIdentifierGeneratorFactory - Registering IdentifierGenerator strategy [uuid.hex] -> [org.hibernate.id.UUIDHexGenerator]
12:27:37.600 [main] DEBUG o.h.i.f.i.DefaultIdentifierGeneratorFactory - Registering IdentifierGenerator strategy [assigned] -> [org.hibernate.id.Assigned]
12:27:37.601 [main] DEBUG o.h.i.f.i.DefaultIdentifierGeneratorFactory - Registering IdentifierGenerator strategy [identity] -> [org.hibernate.id.IdentityGenerator]
12:27:37.601 [main] DEBUG o.h.i.f.i.DefaultIdentifierGeneratorFactory - Registering IdentifierGenerator strategy [select] -> [org.hibernate.id.SelectGenerator]
12:27:37.602 [main] DEBUG o.h.i.f.i.DefaultIdentifierGeneratorFactory - Registering IdentifierGenerator strategy [sequence] -> [org.hibernate.id.enhanced.SequenceStyleGenerator]
12:27:37.602 [main] DEBUG o.h.i.f.i.DefaultIdentifierGeneratorFactory - Registering IdentifierGenerator strategy [seqhilo] -> [org.hibernate.id.SequenceHiLoGenerator]
12:27:37.602 [main] DEBUG o.h.i.f.i.DefaultIdentifierGeneratorFactory - Registering IdentifierGenerator strategy [increment] -> [org.hibernate.id.IncrementGenerator]
12:27:37.603 [main] DEBUG o.h.i.f.i.DefaultIdentifierGeneratorFactory - Registering IdentifierGenerator strategy [foreign] -> [org.hibernate.id.ForeignGenerator]
12:27:37.603 [main] DEBUG o.h.i.f.i.DefaultIdentifierGeneratorFactory - Registering IdentifierGenerator strategy [sequence-identity] -> [org.hibernate.id.SequenceIdentityGenerator]
12:27:37.603 [main] DEBUG o.h.i.f.i.DefaultIdentifierGeneratorFactory - Registering IdentifierGenerator strategy [enhanced-sequence] -> [org.hibernate.id.enhanced.SequenceStyleGenerator]
12:27:37.603 [main] DEBUG o.h.i.f.i.DefaultIdentifierGeneratorFactory - Registering IdentifierGenerator strategy [enhanced-table] -> [org.hibernate.id.enhanced.TableGenerator]
12:27:37.606 [main] WARN  o.hibernate.orm.connections.pooling - HHH10001002: Using Hibernate built-in connection pool (not for production use!)
12:27:37.608 [main] INFO  o.hibernate.orm.connections.pooling - HHH10001005: using driver [org.postgresql.Driver] at URL [jdbc:postgresql://localhost:5432/BuildWeek]
12:27:37.608 [main] INFO  o.hibernate.orm.connections.pooling - HHH10001001: Connection properties: {password=root, user=postgres}
12:27:37.608 [main] INFO  o.hibernate.orm.connections.pooling - HHH10001003: Autocommit mode: false
12:27:37.610 [main] DEBUG o.h.e.j.c.i.DriverManagerConnectionProviderImpl - Initializing Connection pool with 1 Connections
12:27:37.611 [main] INFO  o.h.e.j.c.i.DriverManagerConnectionProviderImpl - HHH000115: Hibernate connection pool size: 20 (min=1)
12:27:37.766 [main] DEBUG o.h.e.j.e.i.JdbcEnvironmentInitiator - Database ->
       name : PostgreSQL
    version : 15.3
      major : 15
      minor : 3
12:27:37.766 [main] DEBUG o.h.e.j.e.i.JdbcEnvironmentInitiator - Driver ->
       name : PostgreSQL JDBC Driver
    version : 42.6.0
      major : 42
      minor : 6
12:27:37.766 [main] DEBUG o.h.e.j.e.i.JdbcEnvironmentInitiator - JDBC version : 4.2
12:27:37.772 [main] INFO  org.hibernate.dialect.Dialect - HHH000400: Using dialect: org.hibernate.dialect.PostgreSQLDialect
12:27:37.782 [main] DEBUG o.h.e.j.e.s.IdentifierHelperBuilder - JDBC driver metadata reported database stores quoted identifiers in neither upper, lower nor mixed case
12:27:37.801 [main] DEBUG o.hibernate.type.BasicTypeRegistry - Adding type registration pg-uuid -> org.hibernate.type.PostgresUUIDType@4690f583
12:27:37.801 [main] DEBUG o.hibernate.type.BasicTypeRegistry - Adding type registration java.util.UUID -> org.hibernate.type.PostgresUUIDType@4690f583
12:27:37.801 [main] DEBUG o.hibernate.type.BasicTypeRegistry - HHH000270: Type registration [java.util.UUID] overrides previous : org.hibernate.type.UUIDBinaryType@2e54db99
12:27:37.802 [main] DEBUG o.h.type.spi.TypeConfiguration$Scope - Scoping TypeConfiguration [org.hibernate.type.spi.TypeConfiguration@5e3a39cd] to MetadataBuildingContext [org.hibernate.boot.internal.MetadataBuildingContextRootImpl@21f9277b]
12:27:37.824 [main] DEBUG o.h.boot.model.relational.Namespace - Created database namespace [logicalName=Name{catalog=null, schema=null}, physicalName=Name{catalog=null, schema=null}]
12:27:37.832 [main] DEBUG org.hibernate.cfg.AnnotationBinder - Binding entity from annotated class: Abstract.TicketSeller
12:27:37.842 [main] DEBUG org.hibernate.cfg.Ejb3Column - Binding column: Ejb3DiscriminatorColumn{logicalColumnName'Elementi', discriminatorTypeName='string'}
12:27:37.844 [main] DEBUG o.h.cfg.annotations.EntityBinder - Import with entity name TicketSeller
12:27:37.847 [main] DEBUG o.h.cfg.annotations.EntityBinder - Bind entity Abstract.TicketSeller on table TicketSeller
12:27:37.863 [main] DEBUG org.hibernate.cfg.Ejb3Column - Binding column: Ejb3Column{table=org.hibernate.mapping.Table(TicketSeller), mappingColumn=id, insertable=true, updatable=true, unique=false}
12:27:37.864 [main] DEBUG o.h.b.internal.ClassLoaderAccessImpl - Not known whether passed class name [Abstract.TicketSeller] is safe
12:27:37.864 [main] DEBUG o.h.b.internal.ClassLoaderAccessImpl - No temp ClassLoader provided; using live ClassLoader for loading potentially unsafe class : Abstract.TicketSeller
12:27:37.866 [main] DEBUG o.h.cfg.annotations.PropertyBinder - MetadataSourceProcessor property id with lazy=false
12:27:37.867 [main] DEBUG o.h.cfg.AbstractPropertyHolder - Attempting to locate auto-apply AttributeConverter for property [Abstract.TicketSeller:id]
12:27:37.868 [main] DEBUG o.h.c.annotations.SimpleValueBinder - building SimpleValue for id
12:27:37.868 [main] DEBUG o.h.cfg.annotations.PropertyBinder - Building property id
12:27:37.871 [main] DEBUG org.hibernate.cfg.BinderHelper - #makeIdGenerator(org.hibernate.mapping.SimpleValue([org.hibernate.mapping.Column(id)]), id, org.hibernate.id.enhanced.SequenceStyleGenerator, elCat_seq, ...)
12:27:37.872 [main] DEBUG org.hibernate.cfg.Ejb3Column - Binding column: Ejb3Column{table=org.hibernate.mapping.Table(TicketSeller), mappingColumn=seller_name, insertable=true, updatable=true, unique=false}
12:27:37.872 [main] DEBUG o.h.cfg.annotations.PropertyBinder - MetadataSourceProcessor property name with lazy=false
12:27:37.872 [main] DEBUG o.h.cfg.AbstractPropertyHolder - Attempting to locate auto-apply AttributeConverter for property [Abstract.TicketSeller:name]
12:27:37.872 [main] DEBUG o.h.c.annotations.SimpleValueBinder - building SimpleValue for name
12:27:37.872 [main] DEBUG o.h.cfg.annotations.PropertyBinder - Building property name
12:27:37.873 [main] DEBUG org.hibernate.cfg.Ejb3Column - Binding column: Ejb3JoinColumn{logicalColumnName='null', referencedColumn='null', mappedBy=''}
12:27:37.873 [main] DEBUG org.hibernate.cfg.Ejb3Column - Binding column: Ejb3Column{table=org.hibernate.mapping.Table(TicketSeller), mappingColumn=passes, insertable=true, updatable=true, unique=false}
12:27:37.874 [main] DEBUG org.hibernate.cfg.Ejb3Column - Binding column: Ejb3Column{table=org.hibernate.mapping.Table(TicketSeller), mappingColumn=null, insertable=true, updatable=true, unique=false}
12:27:37.879 [main] DEBUG org.hibernate.cfg.Ejb3Column - Binding column: Ejb3Column{table=org.hibernate.mapping.Table(TicketSeller), mappingColumn=element, insertable=true, updatable=true, unique=false}
12:27:37.879 [main] DEBUG org.hibernate.cfg.Ejb3Column - Binding column: Ejb3Column{table=org.hibernate.mapping.Table(TicketSeller), mappingColumn=passes_KEY, insertable=true, updatable=true, unique=false}
12:27:37.880 [main] DEBUG org.hibernate.cfg.Ejb3Column - Binding column: Ejb3JoinColumn{logicalColumnName='passes_KEY', referencedColumn='null', mappedBy='null'}
12:27:37.880 [main] DEBUG org.hibernate.cfg.Ejb3Column - Binding column: Ejb3JoinColumn{logicalColumnName='null', referencedColumn='null', mappedBy=''}
12:27:37.880 [main] DEBUG org.hibernate.cfg.Ejb3Column - Binding column: Ejb3JoinColumn{logicalColumnName='null', referencedColumn='null', mappedBy=''}
12:27:37.881 [main] DEBUG o.h.cfg.annotations.CollectionBinder - Collection role: Abstract.TicketSeller.passes
12:27:37.882 [main] DEBUG o.h.cfg.annotations.PropertyBinder - Building property passes
12:27:37.882 [main] DEBUG org.hibernate.cfg.Ejb3Column - Binding column: Ejb3JoinColumn{logicalColumnName='null', referencedColumn='null', mappedBy=''}
12:27:37.883 [main] DEBUG org.hibernate.cfg.Ejb3Column - Binding column: Ejb3Column{table=org.hibernate.mapping.Table(TicketSeller), mappingColumn=tickets, insertable=true, updatable=true, unique=false}
12:27:37.883 [main] DEBUG org.hibernate.cfg.Ejb3Column - Binding column: Ejb3Column{table=org.hibernate.mapping.Table(TicketSeller), mappingColumn=null, insertable=true, updatable=true, unique=false}
12:27:37.883 [main] DEBUG org.hibernate.cfg.Ejb3Column - Binding column: Ejb3Column{table=org.hibernate.mapping.Table(TicketSeller), mappingColumn=element, insertable=true, updatable=true, unique=false}
12:27:37.883 [main] DEBUG org.hibernate.cfg.Ejb3Column - Binding column: Ejb3Column{table=org.hibernate.mapping.Table(TicketSeller), mappingColumn=tickets_KEY, insertable=true, updatable=true, unique=false}
12:27:37.883 [main] DEBUG org.hibernate.cfg.Ejb3Column - Binding column: Ejb3JoinColumn{logicalColumnName='tickets_KEY', referencedColumn='null', mappedBy='null'}
12:27:37.883 [main] DEBUG org.hibernate.cfg.Ejb3Column - Binding column: Ejb3JoinColumn{logicalColumnName='null', referencedColumn='null', mappedBy=''}
12:27:37.883 [main] DEBUG org.hibernate.cfg.Ejb3Column - Binding column: Ejb3JoinColumn{logicalColumnName='null', referencedColumn='null', mappedBy=''}
12:27:37.883 [main] DEBUG o.h.cfg.annotations.CollectionBinder - Collection role: Abstract.TicketSeller.tickets
12:27:37.883 [main] DEBUG o.h.cfg.annotations.PropertyBinder - Building property tickets
12:27:37.886 [main] DEBUG org.hibernate.cfg.AnnotationBinder - Binding entity from annotated class: Classes.Card
12:27:37.887 [main] DEBUG org.hibernate.cfg.Ejb3Column - Binding column: Ejb3DiscriminatorColumn{logicalColumnName'DTYPE', discriminatorTypeName='string'}
12:27:37.887 [main] DEBUG o.h.cfg.annotations.EntityBinder - Import with entity name Card
12:27:37.887 [main] DEBUG o.h.cfg.annotations.EntityBinder - Bind entity Classes.Card on table Card
12:27:37.888 [main] DEBUG org.hibernate.cfg.Ejb3Column - Binding column: Ejb3Column{table=org.hibernate.mapping.Table(Card), mappingColumn=id, insertable=true, updatable=true, unique=false}
12:27:37.888 [main] DEBUG o.h.b.internal.ClassLoaderAccessImpl - Not known whether passed class name [Classes.Card] is safe
12:27:37.888 [main] DEBUG o.h.b.internal.ClassLoaderAccessImpl - No temp ClassLoader provided; using live ClassLoader for loading potentially unsafe class : Classes.Card
12:27:37.888 [main] DEBUG o.h.cfg.annotations.PropertyBinder - MetadataSourceProcessor property id with lazy=false
12:27:37.888 [main] DEBUG o.h.cfg.AbstractPropertyHolder - Attempting to locate auto-apply AttributeConverter for property [Classes.Card:id]
12:27:37.888 [main] DEBUG o.h.c.annotations.SimpleValueBinder - building SimpleValue for id
12:27:37.888 [main] DEBUG o.h.cfg.annotations.PropertyBinder - Building property id
12:27:37.888 [main] DEBUG org.hibernate.cfg.BinderHelper - #makeIdGenerator(org.hibernate.mapping.SimpleValue([org.hibernate.mapping.Column(id)]), id, identity, , ...)
12:27:37.888 [main] DEBUG org.hibernate.cfg.Ejb3Column - Binding column: Ejb3Column{table=org.hibernate.mapping.Table(Card), mappingColumn=emissionDate, insertable=true, updatable=true, unique=false}
12:27:37.888 [main] DEBUG o.h.cfg.annotations.PropertyBinder - MetadataSourceProcessor property emissionDate with lazy=false
12:27:37.888 [main] DEBUG o.h.cfg.AbstractPropertyHolder - Attempting to locate auto-apply AttributeConverter for property [Classes.Card:emissionDate]
12:27:37.890 [main] DEBUG o.h.c.annotations.SimpleValueBinder - building SimpleValue for emissionDate
12:27:37.890 [main] DEBUG o.h.cfg.annotations.PropertyBinder - Building property emissionDate
12:27:37.890 [main] DEBUG org.hibernate.cfg.Ejb3Column - Binding column: Ejb3Column{table=org.hibernate.mapping.Table(Card), mappingColumn=expirationDate, insertable=true, updatable=true, unique=false}
12:27:37.890 [main] DEBUG o.h.cfg.annotations.PropertyBinder - MetadataSourceProcessor property expirationDate with lazy=false
12:27:37.890 [main] DEBUG o.h.cfg.AbstractPropertyHolder - Attempting to locate auto-apply AttributeConverter for property [Classes.Card:expirationDate]
12:27:37.890 [main] DEBUG o.h.c.annotations.SimpleValueBinder - building SimpleValue for expirationDate
12:27:37.890 [main] DEBUG o.h.cfg.annotations.PropertyBinder - Building property expirationDate
12:27:37.890 [main] DEBUG org.hibernate.cfg.Ejb3Column - Binding column: Ejb3JoinColumn{logicalColumnName='null', referencedColumn='null', mappedBy=''}
12:27:37.890 [main] DEBUG org.hibernate.cfg.Ejb3Column - Binding column: Ejb3Column{table=org.hibernate.mapping.Table(Card), mappingColumn=person, insertable=true, updatable=true, unique=false}
12:27:37.891 [main] DEBUG o.h.cfg.annotations.PropertyBinder - Building property person
12:27:37.892 [main] DEBUG org.hibernate.cfg.AnnotationBinder - Binding entity from annotated class: Classes.Person
12:27:37.892 [main] DEBUG org.hibernate.cfg.Ejb3Column - Binding column: Ejb3DiscriminatorColumn{logicalColumnName'DTYPE', discriminatorTypeName='string'}
12:27:37.892 [main] DEBUG o.h.cfg.annotations.EntityBinder - Import with entity name Person
12:27:37.892 [main] DEBUG o.h.cfg.annotations.EntityBinder - Bind entity Classes.Person on table Person
12:27:37.893 [main] DEBUG org.hibernate.cfg.Ejb3Column - Binding column: Ejb3Column{table=org.hibernate.mapping.Table(Person), mappingColumn=id, insertable=true, updatable=true, unique=false}
12:27:37.893 [main] DEBUG o.h.b.internal.ClassLoaderAccessImpl - Not known whether passed class name [Classes.Person] is safe
12:27:37.893 [main] DEBUG o.h.b.internal.ClassLoaderAccessImpl - No temp ClassLoader provided; using live ClassLoader for loading potentially unsafe class : Classes.Person
12:27:37.893 [main] DEBUG o.h.cfg.annotations.PropertyBinder - MetadataSourceProcessor property id with lazy=false
12:27:37.893 [main] DEBUG o.h.cfg.AbstractPropertyHolder - Attempting to locate auto-apply AttributeConverter for property [Classes.Person:id]
12:27:37.893 [main] DEBUG o.h.c.annotations.SimpleValueBinder - building SimpleValue for id
12:27:37.893 [main] DEBUG o.h.cfg.annotations.PropertyBinder - Building property id
12:27:37.893 [main] DEBUG org.hibernate.cfg.BinderHelper - #makeIdGenerator(org.hibernate.mapping.SimpleValue([org.hibernate.mapping.Column(id)]), id, identity, , ...)
12:27:37.893 [main] DEBUG org.hibernate.cfg.Ejb3Column - Binding column: Ejb3Column{table=org.hibernate.mapping.Table(Person), mappingColumn=birthdate, insertable=true, updatable=true, unique=false}
12:27:37.893 [main] DEBUG o.h.cfg.annotations.PropertyBinder - MetadataSourceProcessor property birthdate with lazy=false
12:27:37.893 [main] DEBUG o.h.cfg.AbstractPropertyHolder - Attempting to locate auto-apply AttributeConverter for property [Classes.Person:birthdate]
12:27:37.893 [main] DEBUG o.h.c.annotations.SimpleValueBinder - building SimpleValue for birthdate
12:27:37.893 [main] DEBUG o.h.cfg.annotations.PropertyBinder - Building property birthdate
12:27:37.893 [main] DEBUG org.hibernate.cfg.Ejb3Column - Binding column: Ejb3JoinColumn{logicalColumnName='null', referencedColumn='null', mappedBy='person'}
12:27:37.893 [main] DEBUG org.hibernate.cfg.Ejb3Column - Binding column: Ejb3Column{table=org.hibernate.mapping.Table(Person), mappingColumn=cardNum, insertable=true, updatable=true, unique=false}
12:27:37.894 [main] DEBUG org.hibernate.cfg.Ejb3Column - Binding column: Ejb3Column{table=org.hibernate.mapping.Table(Person), mappingColumn=firstName, insertable=true, updatable=true, unique=false}
12:27:37.894 [main] DEBUG o.h.cfg.annotations.PropertyBinder - MetadataSourceProcessor property firstName with lazy=false
12:27:37.894 [main] DEBUG o.h.cfg.AbstractPropertyHolder - Attempting to locate auto-apply AttributeConverter for property [Classes.Person:firstName]
12:27:37.894 [main] DEBUG o.h.c.annotations.SimpleValueBinder - building SimpleValue for firstName
12:27:37.894 [main] DEBUG o.h.cfg.annotations.PropertyBinder - Building property firstName
12:27:37.894 [main] DEBUG org.hibernate.cfg.Ejb3Column - Binding column: Ejb3Column{table=org.hibernate.mapping.Table(Person), mappingColumn=lastName, insertable=true, updatable=true, unique=false}
12:27:37.895 [main] DEBUG o.h.cfg.annotations.PropertyBinder - MetadataSourceProcessor property lastName with lazy=false
12:27:37.895 [main] DEBUG o.h.cfg.AbstractPropertyHolder - Attempting to locate auto-apply AttributeConverter for property [Classes.Person:lastName]
12:27:37.895 [main] DEBUG o.h.c.annotations.SimpleValueBinder - building SimpleValue for lastName
12:27:37.895 [main] DEBUG o.h.cfg.annotations.PropertyBinder - Building property lastName
12:27:37.895 [main] DEBUG org.hibernate.cfg.AnnotationBinder - Binding entity from annotated class: Classes.Ticket
12:27:37.895 [main] DEBUG org.hibernate.cfg.Ejb3Column - Binding column: Ejb3DiscriminatorColumn{logicalColumnName'DTYPE', discriminatorTypeName='string'}
12:27:37.895 [main] DEBUG o.h.cfg.annotations.EntityBinder - Import with entity name Ticket
12:27:37.895 [main] DEBUG o.h.cfg.annotations.EntityBinder - Bind entity Classes.Ticket on table Ticket
12:27:37.897 [main] DEBUG org.hibernate.cfg.Ejb3Column - Binding column: Ejb3Column{table=org.hibernate.mapping.Table(Ticket), mappingColumn=id, insertable=true, updatable=true, unique=false}
12:27:37.897 [main] DEBUG o.h.b.internal.ClassLoaderAccessImpl - Not known whether passed class name [Classes.Ticket] is safe
12:27:37.897 [main] DEBUG o.h.b.internal.ClassLoaderAccessImpl - No temp ClassLoader provided; using live ClassLoader for loading potentially unsafe class : Classes.Ticket
12:27:37.897 [main] DEBUG o.h.cfg.annotations.PropertyBinder - MetadataSourceProcessor property id with lazy=false
12:27:37.897 [main] DEBUG o.h.cfg.AbstractPropertyHolder - Attempting to locate auto-apply AttributeConverter for property [Classes.Ticket:id]
12:27:37.897 [main] DEBUG o.h.c.annotations.SimpleValueBinder - building SimpleValue for id
12:27:37.897 [main] DEBUG o.h.cfg.annotations.PropertyBinder - Building property id
12:27:37.897 [main] DEBUG org.hibernate.cfg.BinderHelper - #makeIdGenerator(org.hibernate.mapping.SimpleValue([org.hibernate.mapping.Column(id)]), id, identity, , ...)
12:27:37.897 [main] DEBUG org.hibernate.cfg.Ejb3Column - Binding column: Ejb3JoinColumn{logicalColumnName='null', referencedColumn='null', mappedBy='null'}
12:27:37.898 [main] DEBUG org.hibernate.cfg.Ejb3Column - Binding column: Ejb3Column{table=org.hibernate.mapping.Table(Ticket), mappingColumn=seller, insertable=true, updatable=true, unique=false}
12:27:37.898 [main] DEBUG o.h.cfg.annotations.PropertyBinder - Building property seller
12:27:37.898 [main] DEBUG org.hibernate.cfg.AnnotationBinder - Binding entity from annotated class: Classes.Pass
12:27:37.898 [main] DEBUG o.h.cfg.annotations.EntityBinder - Import with entity name Pass
12:27:37.900 [main] DEBUG org.hibernate.cfg.Ejb3Column - Binding column: Ejb3JoinColumn{logicalColumnName='null', referencedColumn='null', mappedBy=''}
12:27:37.900 [main] DEBUG org.hibernate.cfg.Ejb3Column - Binding column: Ejb3Column{table=org.hibernate.mapping.Table(Ticket), mappingColumn=person, insertable=true, updatable=true, unique=false}
12:27:37.900 [main] DEBUG o.h.cfg.annotations.PropertyBinder - Building property person
12:27:37.900 [main] DEBUG org.hibernate.cfg.Ejb3Column - Binding column: Ejb3JoinColumn{logicalColumnName='null', referencedColumn='null', mappedBy='null'}
12:27:37.900 [main] DEBUG org.hibernate.cfg.Ejb3Column - Binding column: Ejb3Column{table=org.hibernate.mapping.Table(Ticket), mappingColumn=sellers, insertable=true, updatable=true, unique=false}
12:27:37.900 [main] DEBUG o.h.cfg.annotations.PropertyBinder - Building property sellers
12:27:37.901 [main] DEBUG org.hibernate.cfg.Ejb3Column - Binding column: Ejb3Column{table=org.hibernate.mapping.Table(Ticket), mappingColumn=validity, insertable=true, updatable=true, unique=false}
12:27:37.901 [main] DEBUG o.h.cfg.annotations.PropertyBinder - MetadataSourceProcessor property validity with lazy=false
12:27:37.901 [main] DEBUG o.h.cfg.AbstractPropertyHolder - Attempting to locate auto-apply AttributeConverter for property [Classes.Pass:validity]
12:27:37.902 [main] DEBUG o.h.c.annotations.SimpleValueBinder - building SimpleValue for validity
12:27:37.902 [main] DEBUG o.h.cfg.annotations.PropertyBinder - Building property validity
12:27:37.902 [main] DEBUG org.hibernate.cfg.AnnotationBinder - Binding entity from annotated class: Classes.Shop
12:27:37.902 [main] DEBUG o.h.cfg.annotations.EntityBinder - Import with entity name Shop
12:27:37.903 [main] DEBUG org.hibernate.cfg.AnnotationBinder - Skipping attribute [java.util.List : passes] as it was already processed as part of super hierarchy
12:27:37.903 [main] DEBUG org.hibernate.cfg.Ejb3Column - Binding column: Ejb3JoinColumn{logicalColumnName='null', referencedColumn='null', mappedBy=''}
12:27:37.903 [main] DEBUG org.hibernate.cfg.Ejb3Column - Binding column: Ejb3Column{table=org.hibernate.mapping.Table(TicketSeller), mappingColumn=people, insertable=true, updatable=true, unique=false}
12:27:37.903 [main] DEBUG org.hibernate.cfg.Ejb3Column - Binding column: Ejb3Column{table=org.hibernate.mapping.Table(TicketSeller), mappingColumn=null, insertable=true, updatable=true, unique=false}
12:27:37.903 [main] DEBUG org.hibernate.cfg.Ejb3Column - Binding column: Ejb3Column{table=org.hibernate.mapping.Table(TicketSeller), mappingColumn=element, insertable=true, updatable=true, unique=false}
12:27:37.903 [main] DEBUG org.hibernate.cfg.Ejb3Column - Binding column: Ejb3Column{table=org.hibernate.mapping.Table(TicketSeller), mappingColumn=people_KEY, insertable=true, updatable=true, unique=false}
12:27:37.903 [main] DEBUG org.hibernate.cfg.Ejb3Column - Binding column: Ejb3JoinColumn{logicalColumnName='people_KEY', referencedColumn='null', mappedBy='null'}
12:27:37.903 [main] DEBUG org.hibernate.cfg.Ejb3Column - Binding column: Ejb3JoinColumn{logicalColumnName='null', referencedColumn='null', mappedBy=''}
12:27:37.903 [main] DEBUG org.hibernate.cfg.Ejb3Column - Binding column: Ejb3JoinColumn{logicalColumnName='null', referencedColumn='null', mappedBy=''}
12:27:37.903 [main] DEBUG o.h.cfg.annotations.CollectionBinder - Collection role: Classes.Shop.people
12:27:37.903 [main] DEBUG o.h.cfg.annotations.PropertyBinder - Building property people
12:27:37.904 [main] DEBUG org.hibernate.cfg.AnnotationBinder - Skipping attribute [java.util.List : tickets] as it was already processed as part of super hierarchy
12:27:37.904 [main] DEBUG org.hibernate.cfg.AnnotationBinder - Binding entity from annotated class: Classes.VendingMachine
12:27:37.904 [main] DEBUG o.h.cfg.annotations.EntityBinder - Import with entity name VendingMachine
12:27:37.904 [main] DEBUG org.hibernate.cfg.Ejb3Column - Binding column: Ejb3Column{table=org.hibernate.mapping.Table(TicketSeller), mappingColumn=isWorking, insertable=true, updatable=true, unique=false}
12:27:37.904 [main] DEBUG o.h.cfg.annotations.PropertyBinder - MetadataSourceProcessor property isWorking with lazy=false
12:27:37.904 [main] DEBUG o.h.cfg.AbstractPropertyHolder - Attempting to locate auto-apply AttributeConverter for property [Classes.VendingMachine:isWorking]
12:27:37.904 [main] DEBUG o.h.c.annotations.SimpleValueBinder - building SimpleValue for isWorking
12:27:37.904 [main] DEBUG o.h.cfg.annotations.PropertyBinder - Building property isWorking
12:27:37.905 [main] DEBUG o.h.c.annotations.SimpleValueBinder - Starting fillSimpleValue for id
12:27:37.906 [main] DEBUG o.h.c.annotations.SimpleValueBinder - Starting fillSimpleValue for name
12:27:37.906 [main] DEBUG o.h.c.annotations.SimpleValueBinder - Starting fillSimpleValue for id
12:27:37.906 [main] DEBUG o.h.c.annotations.SimpleValueBinder - Starting fillSimpleValue for emissionDate
12:27:37.906 [main] DEBUG o.h.c.annotations.SimpleValueBinder - Starting fillSimpleValue for expirationDate
12:27:37.906 [main] DEBUG o.h.c.annotations.SimpleValueBinder - Starting fillSimpleValue for id
12:27:37.906 [main] DEBUG o.h.c.annotations.SimpleValueBinder - Starting fillSimpleValue for birthdate
12:27:37.906 [main] DEBUG o.h.c.annotations.SimpleValueBinder - Starting fillSimpleValue for firstName
12:27:37.906 [main] DEBUG o.h.c.annotations.SimpleValueBinder - Starting fillSimpleValue for lastName
12:27:37.906 [main] DEBUG o.h.c.annotations.SimpleValueBinder - Starting fillSimpleValue for id
12:27:37.906 [main] DEBUG o.h.c.annotations.SimpleValueBinder - Starting fillSimpleValue for validity
12:27:37.906 [main] DEBUG o.h.c.annotations.SimpleValueBinder - Starting fillSimpleValue for isWorking
12:27:37.910 [main] DEBUG org.hibernate.mapping.PrimaryKey - Forcing column [id] to be non-null as it is part of the primary key for table [ticketseller]
12:27:37.911 [main] DEBUG org.hibernate.mapping.PrimaryKey - Forcing column [id] to be non-null as it is part of the primary key for table [card]
12:27:37.911 [main] DEBUG org.hibernate.mapping.PrimaryKey - Forcing column [id] to be non-null as it is part of the primary key for table [person]
12:27:37.911 [main] DEBUG org.hibernate.mapping.PrimaryKey - Forcing column [id] to be non-null as it is part of the primary key for table [ticket]
12:27:37.911 [main] DEBUG o.hibernate.cfg.CollectionSecondPass - Second pass for collection: Classes.Shop.people
12:27:37.911 [main] DEBUG o.h.cfg.annotations.CollectionBinder - Binding a OneToMany: Classes.Shop.people through an association table
12:27:37.914 [main] DEBUG o.hibernate.cfg.CollectionSecondPass - Mapped collection key: Shop_id, element: people_id
12:27:37.915 [main] DEBUG o.hibernate.cfg.CollectionSecondPass - Second pass for collection: Abstract.TicketSeller.tickets
12:27:37.915 [main] DEBUG o.h.cfg.annotations.CollectionBinder - Binding a OneToMany: Abstract.TicketSeller.tickets through an association table
12:27:37.915 [main] DEBUG o.hibernate.cfg.CollectionSecondPass - Mapped collection key: TicketSeller_id, element: tickets_id
12:27:37.915 [main] DEBUG o.hibernate.cfg.CollectionSecondPass - Second pass for collection: Abstract.TicketSeller.passes
12:27:37.915 [main] DEBUG o.h.cfg.annotations.CollectionBinder - Binding a OneToMany: Abstract.TicketSeller.passes through an association table
12:27:37.915 [main] DEBUG o.hibernate.cfg.CollectionSecondPass - Mapped collection key: TicketSeller_id, element: passes_id
12:27:37.916 [main] DEBUG o.h.cfg.annotations.PropertyBinder - Building property cardNum
12:27:37.916 [main] DEBUG o.h.b.i.InFlightMetadataCollectorImpl - Processing association property references
12:27:37.917 [main] DEBUG o.h.b.i.InFlightMetadataCollectorImpl - Resolving reference to class: Classes.Person
12:27:37.918 [main] DEBUG o.h.b.i.InFlightMetadataCollectorImpl - Resolving reference to class: Abstract.TicketSeller
12:27:37.918 [main] DEBUG o.h.b.i.InFlightMetadataCollectorImpl - Resolving reference to class: Classes.Person
12:27:37.918 [main] DEBUG o.h.b.i.InFlightMetadataCollectorImpl - Resolving reference to class: Abstract.TicketSeller
12:27:37.918 [main] DEBUG o.h.b.i.InFlightMetadataCollectorImpl - Resolving reference to class: Classes.Person
12:27:37.918 [main] DEBUG o.h.b.i.InFlightMetadataCollectorImpl - Resolving reference to class: Classes.Shop
12:27:37.918 [main] DEBUG o.h.b.i.InFlightMetadataCollectorImpl - Resolving reference to class: Classes.Ticket
12:27:37.918 [main] DEBUG o.h.b.i.InFlightMetadataCollectorImpl - Resolving reference to class: Abstract.TicketSeller
12:27:37.918 [main] DEBUG o.h.b.i.InFlightMetadataCollectorImpl - Resolving reference to class: Classes.Pass
12:27:37.920 [main] DEBUG o.h.b.i.InFlightMetadataCollectorImpl - Processing association property references
12:27:37.920 [main] DEBUG o.h.b.i.InFlightMetadataCollectorImpl - Resolving reference to class: Classes.Person
12:27:37.920 [main] DEBUG o.h.b.i.InFlightMetadataCollectorImpl - Resolving reference to class: Abstract.TicketSeller
12:27:37.920 [main] DEBUG o.h.b.i.InFlightMetadataCollectorImpl - Resolving reference to class: Classes.Person
12:27:37.920 [main] DEBUG o.h.b.i.InFlightMetadataCollectorImpl - Resolving reference to class: Abstract.TicketSeller
12:27:37.920 [main] DEBUG o.h.b.i.InFlightMetadataCollectorImpl - Resolving reference to class: Classes.Person
12:27:37.920 [main] DEBUG o.h.b.i.InFlightMetadataCollectorImpl - Resolving reference to class: Classes.Shop
12:27:37.920 [main] DEBUG o.h.b.i.InFlightMetadataCollectorImpl - Resolving reference to class: Classes.Ticket
12:27:37.920 [main] DEBUG o.h.b.i.InFlightMetadataCollectorImpl - Resolving reference to class: Abstract.TicketSeller
12:27:37.920 [main] DEBUG o.h.b.i.InFlightMetadataCollectorImpl - Resolving reference to class: Classes.Pass
12:27:37.948 [main] DEBUG o.h.internal.SessionFactoryImpl - Building session factory
12:27:37.948 [main] DEBUG org.hibernate.cfg.Settings - SessionFactory name : null
12:27:37.948 [main] DEBUG org.hibernate.cfg.Settings - Automatic flush during beforeCompletion(): enabled
12:27:37.948 [main] DEBUG org.hibernate.cfg.Settings - Automatic session close at end of transaction: disabled
12:27:37.948 [main] DEBUG org.hibernate.cfg.Settings - Statistics: disabled
12:27:37.948 [main] DEBUG org.hibernate.cfg.Settings - Deleted entity synthetic identifier rollback: disabled
12:27:37.948 [main] DEBUG org.hibernate.cfg.Settings - Default entity-mode: pojo
12:27:37.948 [main] DEBUG org.hibernate.cfg.Settings - Check Nullability in Core (should be disabled when Bean Validation is on): enabled
12:27:37.950 [main] DEBUG org.hibernate.cfg.Settings - Allow initialization of lazy state outside session : disabled
12:27:37.950 [main] DEBUG org.hibernate.cfg.Settings - Using BatchFetchStyle : LEGACY
12:27:37.950 [main] DEBUG org.hibernate.cfg.Settings - Default batch fetch size: -1
12:27:37.950 [main] DEBUG org.hibernate.cfg.Settings - Maximum outer join fetch depth: null
12:27:37.950 [main] DEBUG org.hibernate.cfg.Settings - Default null ordering: NONE
12:27:37.950 [main] DEBUG org.hibernate.cfg.Settings - Order SQL updates by primary key: disabled
12:27:37.950 [main] DEBUG org.hibernate.cfg.Settings - Order SQL inserts for batching: disabled
12:27:37.950 [main] DEBUG org.hibernate.cfg.Settings - multi-tenancy strategy : NONE
12:27:37.950 [main] DEBUG org.hibernate.cfg.Settings - JTA Track by Thread: enabled
12:27:37.950 [main] DEBUG org.hibernate.cfg.Settings - Query language substitutions: {}
12:27:37.950 [main] DEBUG org.hibernate.cfg.Settings - Named query checking : enabled
12:27:37.950 [main] DEBUG org.hibernate.cfg.Settings - Second-level cache: disabled
12:27:37.950 [main] DEBUG org.hibernate.cfg.Settings - Second-level query cache: disabled
12:27:37.950 [main] DEBUG org.hibernate.cfg.Settings - Second-level query cache factory: null
12:27:37.950 [main] DEBUG org.hibernate.cfg.Settings - Second-level cache region prefix: null
12:27:37.950 [main] DEBUG org.hibernate.cfg.Settings - Optimize second-level cache for minimal puts: disabled
12:27:37.950 [main] DEBUG org.hibernate.cfg.Settings - Structured second-level cache entries: disabled
12:27:37.950 [main] DEBUG org.hibernate.cfg.Settings - Second-level cache direct-reference entries: disabled
12:27:37.950 [main] DEBUG org.hibernate.cfg.Settings - Automatic eviction of collection cache: disabled
12:27:37.950 [main] DEBUG org.hibernate.cfg.Settings - JDBC batch size: 15
12:27:37.950 [main] DEBUG org.hibernate.cfg.Settings - JDBC batch updates for versioned data: enabled
12:27:37.950 [main] DEBUG org.hibernate.cfg.Settings - Scrollable result sets: enabled
12:27:37.950 [main] DEBUG org.hibernate.cfg.Settings - Wrap result sets: disabled
12:27:37.950 [main] DEBUG org.hibernate.cfg.Settings - JDBC3 getGeneratedKeys(): enabled
12:27:37.950 [main] DEBUG org.hibernate.cfg.Settings - JDBC result set fetch size: null
12:27:37.950 [main] DEBUG org.hibernate.cfg.Settings - Connection release mode: AFTER_TRANSACTION
12:27:37.950 [main] DEBUG org.hibernate.cfg.Settings - Generate SQL with comments: disabled
12:27:37.950 [main] DEBUG org.hibernate.cfg.Settings - JPA compliance - query : disabled
12:27:37.950 [main] DEBUG org.hibernate.cfg.Settings - JPA compliance - closed-handling : disabled
12:27:37.950 [main] DEBUG org.hibernate.cfg.Settings - JPA compliance - lists : disabled
12:27:37.950 [main] DEBUG org.hibernate.cfg.Settings - JPA compliance - transactions : disabled
12:27:37.957 [main] DEBUG o.h.b.internal.ClassLoaderAccessImpl - Not known whether passed class name [Classes.Pass] is safe
12:27:37.957 [main] DEBUG o.h.b.internal.ClassLoaderAccessImpl - No temp ClassLoader provided; using live ClassLoader for loading potentially unsafe class : Classes.Pass
12:27:37.957 [main] DEBUG o.h.b.internal.ClassLoaderAccessImpl - Not known whether passed class name [Classes.Shop] is safe
12:27:37.957 [main] DEBUG o.h.b.internal.ClassLoaderAccessImpl - No temp ClassLoader provided; using live ClassLoader for loading potentially unsafe class : Classes.Shop
12:27:37.957 [main] DEBUG o.h.b.internal.ClassLoaderAccessImpl - Not known whether passed class name [Classes.VendingMachine] is safe
12:27:37.957 [main] DEBUG o.h.b.internal.ClassLoaderAccessImpl - No temp ClassLoader provided; using live ClassLoader for loading potentially unsafe class : Classes.VendingMachine
12:27:37.987 [main] DEBUG o.h.s.i.SessionFactoryServiceRegistryImpl - EventListenerRegistry access via ServiceRegistry is deprecated.  Use `sessionFactory.getEventEngine().getListenerRegistry()` instead
12:27:37.987 [main] DEBUG o.h.s.i.SessionFactoryServiceRegistryImpl - EventListenerRegistry access via ServiceRegistry is deprecated.  Use `sessionFactory.getEventEngine().getListenerRegistry()` instead
12:27:37.996 [main] DEBUG o.h.internal.SessionFactoryImpl - Session factory constructed with filter configurations : {}
12:27:37.996 [main] DEBUG o.h.internal.SessionFactoryImpl - Instantiating session factory with properties: {java.specification.version=17, sun.cpu.isalist=amd64, sun.jnu.encoding=Cp1252, hibernate.dialect=org.hibernate.dialect.PostgreSQLDialect, java.class.path=C:\Users\total\Desktop\All\Epicode\fs0223-Luca-Sernicola-BackEnd\BuildWeek_4\target\classes;C:\Users\total\.m2\repository\ch\qos\logback\logback-classic\1.4.8\logback-classic-1.4.8.jar;C:\Users\total\.m2\repository\ch\qos\logback\logback-core\1.4.8\logback-core-1.4.8.jar;C:\Users\total\.m2\repository\org\slf4j\slf4j-api\2.0.7\slf4j-api-2.0.7.jar;C:\Users\total\.m2\repository\commons-io\commons-io\2.13.0\commons-io-2.13.0.jar;C:\Users\total\.m2\repository\org\postgresql\postgresql\42.6.0\postgresql-42.6.0.jar;C:\Users\total\.m2\repository\org\checkerframework\checker-qual\3.31.0\checker-qual-3.31.0.jar;C:\Users\total\.m2\repository\org\hibernate\hibernate-core\5.6.15.Final\hibernate-core-5.6.15.Final.jar;C:\Users\total\.m2\repository\org\jboss\logging\jboss-logging\3.4.3.Final\jboss-logging-3.4.3.Final.jar;C:\Users\total\.m2\repository\javax\persistence\javax.persistence-api\2.2\javax.persistence-api-2.2.jar;C:\Users\total\.m2\repository\net\bytebuddy\byte-buddy\1.12.18\byte-buddy-1.12.18.jar;C:\Users\total\.m2\repository\antlr\antlr\2.7.7\antlr-2.7.7.jar;C:\Users\total\.m2\repository\org\jboss\spec\javax\transaction\jboss-transaction-api_1.2_spec\1.1.1.Final\jboss-transaction-api_1.2_spec-1.1.1.Final.jar;C:\Users\total\.m2\repository\org\jboss\jandex\2.4.2.Final\jandex-2.4.2.Final.jar;C:\Users\total\.m2\repository\com\fasterxml\classmate\1.5.1\classmate-1.5.1.jar;C:\Users\total\.m2\repository\javax\activation\javax.activation-api\1.2.0\javax.activation-api-1.2.0.jar;C:\Users\total\.m2\repository\org\hibernate\common\hibernate-commons-annotations\5.1.2.Final\hibernate-commons-annotations-5.1.2.Final.jar;C:\Users\total\.m2\repository\javax\xml\bind\jaxb-api\2.3.1\jaxb-api-2.3.1.jar;C:\Users\total\.m2\repository\org\glassfish\jaxb\jaxb-runtime\2.3.1\jaxb-runtime-2.3.1.jar;C:\Users\total\.m2\repository\org\glassfish\jaxb\txw2\2.3.1\txw2-2.3.1.jar;C:\Users\total\.m2\repository\com\sun\istack\istack-commons-runtime\3.0.7\istack-commons-runtime-3.0.7.jar;C:\Users\total\.m2\repository\org\jvnet\staxex\stax-ex\1.8\stax-ex-1.8.jar;C:\Users\total\.m2\repository\com\sun\xml\fastinfoset\FastInfoset\1.2.15\FastInfoset-1.2.15.jar;C:\Users\total\Desktop\All\Epicode\fs0223-Luca-Sernicola-BackEnd\Homework_W3_D3\target\classes, java.vm.vendor=Eclipse Adoptium, sun.arch.data.model=64, user.variant=, java.vendor.url=https://adoptium.net/, user.timezone=Europe/Rome, javax.persistence.jdbc.url=jdbc:postgresql://localhost:5432/BuildWeek, javax.persistence.jdbc.user=****, java.vm.specification.version=17, os.name=Windows 11, jakarta.persistence.jdbc.password=****, sun.java.launcher=SUN_STANDARD, user.country=US, local.setting.IS_JTA_TXN_COORD=false, sun.boot.library.path=C:\Users\total\.p2\pool\plugins\org.eclipse.justj.openjdk.hotspot.jre.full.win32.x86_64_17.0.7.v20230425-1502\jre\bin, sun.java.command=MainClass.MainClass, jdk.debug=release, jakarta.persistence.jdbc.driver=org.postgresql.Driver, sun.cpu.endian=little, user.home=C:\Users\total, user.language=en, java.specification.vendor=Oracle Corporation, java.version.date=2023-04-18, java.home=C:\Users\total\.p2\pool\plugins\org.eclipse.justj.openjdk.hotspot.jre.full.win32.x86_64_17.0.7.v20230425-1502\jre, file.separator=\, java.vm.compressedOopsMode=Zero based, jakarta.persistence.jdbc.user=****, line.separator=
, hibernate.persistenceUnitName=BuildWeek_4, java.vm.specification.vendor=Oracle Corporation, java.specification.name=Java Platform API Specification, hibernate.transaction.coordinator_class=class org.hibernate.resource.transaction.backend.jdbc.internal.JdbcResourceLocalTransactionCoordinatorBuilderImpl, javax.persistence.jdbc.driver=org.postgresql.Driver, hibernate.hbm2ddl.auto=update, user.script=, sun.management.compiler=HotSpot 64-Bit Tiered Compilers, java.runtime.version=17.0.7+7, user.name=total, path.separator=;, hibernate.connection.username=****, os.version=10.0, java.runtime.name=OpenJDK Runtime Environment, hibernate.connection.url=jdbc:postgresql://localhost:5432/BuildWeek, file.encoding=UTF-8, hibernate.ejb.persistenceUnitName=BuildWeek_4, java.vm.name=OpenJDK 64-Bit Server VM, java.vendor.version=Temurin-17.0.7+7, hibernate.connection.driver_class=org.postgresql.Driver, java.vendor.url.bug=https://github.com/adoptium/adoptium-support/issues, java.io.tmpdir=C:\Users\total\AppData\Local\Temp\, java.version=17.0.7, user.dir=C:\Users\total\Desktop\All\Epicode\fs0223-Luca-Sernicola-BackEnd\BuildWeek_4, os.arch=amd64, java.vm.specification.name=Java Virtual Machine Specification, hibernate.connection.password=****, sun.os.patch.level=, jakarta.persistence.jdbc.url=jdbc:postgresql://localhost:5432/BuildWeek, hibernate.boot.CfgXmlAccessService.key=org.hibernate.boot.registry.StandardServiceRegistryBuilder$1@66c38e51, native.encoding=Cp1252, java.library.path=C:\Users\total\.p2\pool\plugins\org.eclipse.justj.openjdk.hotspot.jre.full.win32.x86_64_17.0.7.v20230425-1502\jre\bin;C:\windows\Sun\Java\bin;C:\windows\system32;C:\windows;C:/Users/total/.p2/pool/plugins/org.eclipse.justj.openjdk.hotspot.jre.full.win32.x86_64_17.0.7.v20230425-1502/jre/bin/server;C:/Users/total/.p2/pool/plugins/org.eclipse.justj.openjdk.hotspot.jre.full.win32.x86_64_17.0.7.v20230425-1502/jre/bin;C:\Program Files\Eclipse Adoptium\jdk-17.0.7.7-hotspot\bin;C:\Program Files (x86)\NVIDIA Corporation\PhysX\Common;C:\windows\system32;C:\windows;C:\windows\System32\Wbem;C:\windows\System32\WindowsPowerShell\v1.0\;C:\windows\System32\OpenSSH\;C:\Program Files\Git\cmd;C:\Program Files\nodejs\;C:\Users\total\AppData\Local\Microsoft\WindowsApps;C:\Users\total\AppData\Local\Programs\Microsoft VS Code\bin;C:\Users\total\AppData\Roaming\npm;C:\Users\total\AppData\Local\GitHubDesktop\bin;C:\windows\System32;;., java.vendor=Eclipse Adoptium, java.vm.info=mixed mode, java.vm.version=17.0.7+7, hibernate.bytecode.use_reflection_optimizer=false, sun.io.unicode.encoding=UnicodeLittle, javax.persistence.jdbc.password=****, java.class.version=61.0}
12:27:38.007 [main] DEBUG o.h.secure.spi.JaccIntegrator - Skipping JACC integration as it was not enabled
12:27:38.011 [main] DEBUG org.hibernate.type.EnumType - Using ORDINAL-based conversion for Enum Enums.Validity
12:27:38.011 [main] DEBUG o.h.internal.SessionFactoryImpl - Instantiated session factory
12:27:38.012 [main] DEBUG o.h.type.spi.TypeConfiguration$Scope - Scoping TypeConfiguration [org.hibernate.type.spi.TypeConfiguration@5e3a39cd] to SessionFactoryImpl [org.hibernate.internal.SessionFactoryImpl@199bc830]
12:27:38.047 [main] DEBUG o.h.b.internal.ClassLoaderAccessImpl - Not known whether passed class name [Abstract.TicketSeller] is safe
12:27:38.047 [main] DEBUG o.h.b.internal.ClassLoaderAccessImpl - No temp ClassLoader provided; using live ClassLoader for loading potentially unsafe class : Abstract.TicketSeller
12:27:38.049 [main] DEBUG o.h.b.internal.ClassLoaderAccessImpl - Not known whether passed class name [Classes.Shop] is safe
12:27:38.049 [main] DEBUG o.h.b.internal.ClassLoaderAccessImpl - No temp ClassLoader provided; using live ClassLoader for loading potentially unsafe class : Classes.Shop
12:27:38.049 [main] DEBUG o.h.b.internal.ClassLoaderAccessImpl - Not known whether passed class name [Classes.VendingMachine] is safe
12:27:38.049 [main] DEBUG o.h.b.internal.ClassLoaderAccessImpl - No temp ClassLoader provided; using live ClassLoader for loading potentially unsafe class : Classes.VendingMachine
12:27:38.157 [main] DEBUG o.hibernate.orm.bytecode.interceptor - To-one property `Classes.Card#person` was mapped with LAZY + NO_PROXY but the class was not enhanced
12:27:38.157 [main] DEBUG o.hibernate.orm.bytecode.interceptor - To-one property `Classes.Card#person` was mapped with LAZY + NO_PROXY but the class was not enhanced
12:27:38.157 [main] DEBUG o.h.b.internal.ClassLoaderAccessImpl - Not known whether passed class name [Classes.Card] is safe
12:27:38.157 [main] DEBUG o.h.b.internal.ClassLoaderAccessImpl - No temp ClassLoader provided; using live ClassLoader for loading potentially unsafe class : Classes.Card
12:27:38.165 [main] DEBUG o.hibernate.orm.bytecode.interceptor - To-one property `Classes.Card#person` was mapped with LAZY + NO_PROXY but the class was not enhanced
12:27:38.166 [main] DEBUG o.hibernate.orm.bytecode.interceptor - To-one property `Classes.Card#person` was mapped with LAZY + NO_PROXY but the class was not enhanced
12:27:38.166 [main] DEBUG o.hibernate.orm.bytecode.interceptor - To-one property `Classes.Person#cardNum` was mapped with LAZY + NO_PROXY but the class was not enhanced
12:27:38.166 [main] DEBUG o.hibernate.orm.bytecode.interceptor - To-one property `Classes.Person#cardNum` was mapped with LAZY + NO_PROXY but the class was not enhanced
12:27:38.166 [main] DEBUG o.h.b.internal.ClassLoaderAccessImpl - Not known whether passed class name [Classes.Person] is safe
12:27:38.166 [main] DEBUG o.h.b.internal.ClassLoaderAccessImpl - No temp ClassLoader provided; using live ClassLoader for loading potentially unsafe class : Classes.Person
12:27:38.173 [main] DEBUG o.hibernate.orm.bytecode.interceptor - To-one property `Classes.Person#cardNum` was mapped with LAZY + NO_PROXY but the class was not enhanced
12:27:38.173 [main] DEBUG o.hibernate.orm.bytecode.interceptor - To-one property `Classes.Person#cardNum` was mapped with LAZY + NO_PROXY but the class was not enhanced
12:27:38.173 [main] DEBUG o.hibernate.orm.bytecode.interceptor - To-one property `Classes.Ticket#seller` was mapped with LAZY + NO_PROXY but the class was not enhanced
12:27:38.173 [main] DEBUG o.hibernate.orm.bytecode.interceptor - To-one property `Classes.Ticket#seller` was mapped with LAZY + NO_PROXY but the class was not enhanced
12:27:38.173 [main] DEBUG o.hibernate.orm.bytecode.interceptor - To-one property `Classes.Pass#person` was mapped with LAZY + NO_PROXY but the class was not enhanced
12:27:38.173 [main] DEBUG o.hibernate.orm.bytecode.interceptor - To-one property `Classes.Pass#person` was mapped with LAZY + NO_PROXY but the class was not enhanced
12:27:38.173 [main] DEBUG o.hibernate.orm.bytecode.interceptor - To-one property `Classes.Pass#sellers` was mapped with LAZY + NO_PROXY but the class was not enhanced
12:27:38.173 [main] DEBUG o.hibernate.orm.bytecode.interceptor - To-one property `Classes.Pass#sellers` was mapped with LAZY + NO_PROXY but the class was not enhanced
12:27:38.173 [main] DEBUG o.h.b.internal.ClassLoaderAccessImpl - Not known whether passed class name [Classes.Pass] is safe
12:27:38.173 [main] DEBUG o.h.b.internal.ClassLoaderAccessImpl - No temp ClassLoader provided; using live ClassLoader for loading potentially unsafe class : Classes.Pass
12:27:38.179 [main] DEBUG o.hibernate.orm.bytecode.interceptor - To-one property `Classes.Ticket#seller` was mapped with LAZY + NO_PROXY but the class was not enhanced
12:27:38.179 [main] DEBUG o.hibernate.orm.bytecode.interceptor - To-one property `Classes.Pass#person` was mapped with LAZY + NO_PROXY but the class was not enhanced
12:27:38.179 [main] DEBUG o.hibernate.orm.bytecode.interceptor - To-one property `Classes.Pass#sellers` was mapped with LAZY + NO_PROXY but the class was not enhanced
12:27:38.179 [main] DEBUG o.hibernate.orm.bytecode.interceptor - To-one property `Classes.Ticket#seller` was mapped with LAZY + NO_PROXY but the class was not enhanced
12:27:38.179 [main] DEBUG o.hibernate.orm.bytecode.interceptor - To-one property `Classes.Pass#person` was mapped with LAZY + NO_PROXY but the class was not enhanced
12:27:38.179 [main] DEBUG o.hibernate.orm.bytecode.interceptor - To-one property `Classes.Pass#sellers` was mapped with LAZY + NO_PROXY but the class was not enhanced
12:27:38.184 [main] DEBUG o.hibernate.orm.bytecode.interceptor - To-one property `Classes.Ticket#seller` was mapped with LAZY + NO_PROXY but the class was not enhanced
12:27:38.184 [main] DEBUG o.hibernate.orm.bytecode.interceptor - To-one property `Classes.Ticket#seller` was mapped with LAZY + NO_PROXY but the class was not enhanced
12:27:38.184 [main] DEBUG o.h.b.internal.ClassLoaderAccessImpl - Not known whether passed class name [Classes.Ticket] is safe
12:27:38.184 [main] DEBUG o.h.b.internal.ClassLoaderAccessImpl - No temp ClassLoader provided; using live ClassLoader for loading potentially unsafe class : Classes.Ticket
12:27:38.187 [main] DEBUG o.hibernate.orm.bytecode.interceptor - To-one property `Classes.Ticket#seller` was mapped with LAZY + NO_PROXY but the class was not enhanced
12:27:38.187 [main] DEBUG o.hibernate.orm.bytecode.interceptor - To-one property `Classes.Ticket#seller` was mapped with LAZY + NO_PROXY but the class was not enhanced
12:27:38.187 [main] DEBUG o.hibernate.orm.bytecode.interceptor - To-one property `Classes.Pass#person` was mapped with LAZY + NO_PROXY but the class was not enhanced
12:27:38.187 [main] DEBUG o.hibernate.orm.bytecode.interceptor - To-one property `Classes.Pass#sellers` was mapped with LAZY + NO_PROXY but the class was not enhanced
12:27:38.197 [main] DEBUG o.h.p.c.AbstractCollectionPersister - Static SQL for collection: Abstract.TicketSeller.tickets
12:27:38.197 [main] DEBUG o.h.p.c.AbstractCollectionPersister -  Row insert: insert into TicketSeller_Ticket (TicketSeller_id, tickets_id) values (?, ?)
12:27:38.198 [main] DEBUG o.h.p.c.AbstractCollectionPersister -  Row update: update TicketSeller_Ticket set tickets_id=? where TicketSeller_id=? and tickets_id=?
12:27:38.198 [main] DEBUG o.h.p.c.AbstractCollectionPersister -  Row delete: delete from TicketSeller_Ticket where TicketSeller_id=? and tickets_id=?
12:27:38.198 [main] DEBUG o.h.p.c.AbstractCollectionPersister -  One-shot delete: delete from TicketSeller_Ticket where TicketSeller_id=?
12:27:38.198 [main] DEBUG o.h.p.c.AbstractCollectionPersister - Static SQL for collection: Abstract.TicketSeller.passes
12:27:38.198 [main] DEBUG o.h.p.c.AbstractCollectionPersister -  Row insert: insert into TicketSeller_Ticket (TicketSeller_id, passes_id) values (?, ?)
12:27:38.198 [main] DEBUG o.h.p.c.AbstractCollectionPersister -  Row update: update TicketSeller_Ticket set passes_id=? where TicketSeller_id=? and passes_id=?
12:27:38.198 [main] DEBUG o.h.p.c.AbstractCollectionPersister -  Row delete: delete from TicketSeller_Ticket where TicketSeller_id=? and passes_id=?
12:27:38.198 [main] DEBUG o.h.p.c.AbstractCollectionPersister -  One-shot delete: delete from TicketSeller_Ticket where TicketSeller_id=?
12:27:38.198 [main] DEBUG o.h.p.c.AbstractCollectionPersister - Static SQL for collection: Classes.Shop.people
12:27:38.198 [main] DEBUG o.h.p.c.AbstractCollectionPersister -  Row insert: insert into TicketSeller_Person (Shop_id, people_id) values (?, ?)
12:27:38.198 [main] DEBUG o.h.p.c.AbstractCollectionPersister -  Row update: update TicketSeller_Person set people_id=? where Shop_id=? and people_id=?
12:27:38.198 [main] DEBUG o.h.p.c.AbstractCollectionPersister -  Row delete: delete from TicketSeller_Person where Shop_id=? and people_id=?
12:27:38.198 [main] DEBUG o.h.p.c.AbstractCollectionPersister -  One-shot delete: delete from TicketSeller_Person where Shop_id=?
12:27:38.199 [main] DEBUG o.h.p.entity.AbstractEntityPersister - Static SQL for entity: Abstract.TicketSeller
12:27:38.199 [main] DEBUG o.h.p.entity.AbstractEntityPersister -  Version select: select id from TicketSeller where id =?
12:27:38.199 [main] DEBUG o.h.p.entity.AbstractEntityPersister -  Snapshot select: select ticketsell_.id, ticketsell_.seller_name as seller_n3_3_ from TicketSeller ticketsell_ where ticketsell_.id=?
12:27:38.199 [main] DEBUG o.h.p.entity.AbstractEntityPersister -  Insert 0: insert into TicketSeller (seller_name, Elementi, id) values (?, 'TicketSeller', ?)
12:27:38.199 [main] DEBUG o.h.p.entity.AbstractEntityPersister -  Update 0: update TicketSeller set seller_name=? where id=?
12:27:38.199 [main] DEBUG o.h.p.entity.AbstractEntityPersister -  Delete 0: delete from TicketSeller where id=?
12:27:38.211 [main] DEBUG o.h.l.p.b.i.spaces.QuerySpacesImpl - Adding QuerySpace : uid = <gen:0> -> org.hibernate.loader.plan.build.internal.spaces.EntityQuerySpaceImpl@3c6c4689]
12:27:38.211 [main] DEBUG o.h.p.w.spi.MetamodelGraphWalker - Visiting attribute path : name
12:27:38.211 [main] DEBUG o.h.p.w.spi.MetamodelGraphWalker - Visiting attribute path : passes
12:27:38.214 [main] DEBUG o.h.l.p.b.i.spaces.QuerySpacesImpl - Adding QuerySpace : uid = <gen:1> -> org.hibernate.loader.plan.build.internal.spaces.CollectionQuerySpaceImpl@4a3bd45b]
12:27:38.214 [main] DEBUG o.h.l.p.b.i.spaces.QuerySpacesImpl - Adding QuerySpace : uid = <gen:2> -> org.hibernate.loader.plan.build.internal.spaces.EntityQuerySpaceImpl@3330f3ad]
12:27:38.215 [main] DEBUG o.h.p.w.spi.MetamodelGraphWalker - Visiting attribute path : tickets
12:27:38.215 [main] DEBUG o.h.l.p.b.i.spaces.QuerySpacesImpl - Adding QuerySpace : uid = <gen:3> -> org.hibernate.loader.plan.build.internal.spaces.CollectionQuerySpaceImpl@756aadfc]
12:27:38.215 [main] DEBUG o.h.l.p.b.i.spaces.QuerySpacesImpl - Adding QuerySpace : uid = <gen:4> -> org.hibernate.loader.plan.build.internal.spaces.EntityQuerySpaceImpl@705a8dbc]
12:27:38.215 [main] DEBUG o.h.p.w.spi.MetamodelGraphWalker - Visiting attribute path : people
12:27:38.215 [main] DEBUG o.h.l.p.b.i.spaces.QuerySpacesImpl - Adding QuerySpace : uid = <gen:5> -> org.hibernate.loader.plan.build.internal.spaces.CollectionQuerySpaceImpl@40729f01]
12:27:38.215 [main] DEBUG o.h.l.p.b.i.spaces.QuerySpacesImpl - Adding QuerySpace : uid = <gen:6> -> org.hibernate.loader.plan.build.internal.spaces.EntityQuerySpaceImpl@d535a3d]
12:27:38.215 [main] DEBUG o.h.p.w.spi.MetamodelGraphWalker - Visiting attribute path : isWorking
12:27:38.215 [main] DEBUG o.h.l.p.b.i.FetchStyleLoadPlanBuildingAssociationVisitationStrategy - Building LoadPlan...
12:27:38.221 [main] DEBUG o.h.l.p.e.i.LoadQueryJoinAndFetchProcessor - processing queryspace <gen:0>
12:27:38.223 [main] DEBUG o.h.l.p.b.spi.LoadPlanTreePrinter - LoadPlan(entity=Abstract.TicketSeller)
    - Returns
       - EntityReturnImpl(entity=Abstract.TicketSeller, querySpaceUid=<gen:0>, path=Abstract.TicketSeller)
          - CollectionAttributeFetchImpl(collection=Abstract.TicketSeller.passes, querySpaceUid=<gen:1>, path=Abstract.TicketSeller.passes)
             - (collection element) CollectionFetchableElementEntityGraph(entity=Classes.Pass, querySpaceUid=<gen:2>, path=Abstract.TicketSeller.passes.<elements>)
          - CollectionAttributeFetchImpl(collection=Abstract.TicketSeller.tickets, querySpaceUid=<gen:3>, path=Abstract.TicketSeller.tickets)
             - (collection element) CollectionFetchableElementEntityGraph(entity=Classes.Ticket, querySpaceUid=<gen:4>, path=Abstract.TicketSeller.tickets.<elements>)
          - CollectionAttributeFetchImpl(collection=Classes.Shop.people, querySpaceUid=<gen:5>, path=Abstract.TicketSeller.people)
             - (collection element) CollectionFetchableElementEntityGraph(entity=Classes.Person, querySpaceUid=<gen:6>, path=Abstract.TicketSeller.people.<elements>)
    - QuerySpaces
       - EntityQuerySpaceImpl(uid=<gen:0>, entity=Abstract.TicketSeller)
          - SQL table alias mapping - ticketsell0_
          - alias suffix - 0_
          - suffixed key columns - {id2_3_0_}

12:27:38.224 [main] DEBUG o.h.loader.entity.plan.EntityLoader - Static select for entity Abstract.TicketSeller [NONE]: select ticketsell0_.id as id2_3_0_, ticketsell0_.seller_name as seller_n3_3_0_, ticketsell0_.isWorking as isworkin4_3_0_, ticketsell0_.Elementi as elementi1_3_0_ from TicketSeller ticketsell0_ where ticketsell0_.id=?
12:27:38.225 [main] DEBUG o.h.p.entity.AbstractEntityPersister - Static SQL for entity: Classes.Card
12:27:38.225 [main] DEBUG o.h.p.entity.AbstractEntityPersister -  Version select: select id from Card where id =?
12:27:38.225 [main] DEBUG o.h.p.entity.AbstractEntityPersister -  Snapshot select: select card_.id, card_.emissionDate as emission2_0_, card_.expirationDate as expirati3_0_, card_.person_id as person_i4_0_ from Card card_ where card_.id=?
12:27:38.225 [main] DEBUG o.h.p.entity.AbstractEntityPersister -  Insert 0: insert into Card (emissionDate, expirationDate, person_id, id) values (?, ?, ?, ?)
12:27:38.225 [main] DEBUG o.h.p.entity.AbstractEntityPersister -  Update 0: update Card set emissionDate=?, expirationDate=?, person_id=? where id=?
12:27:38.225 [main] DEBUG o.h.p.entity.AbstractEntityPersister -  Delete 0: delete from Card where id=?
12:27:38.225 [main] DEBUG o.h.p.entity.AbstractEntityPersister -  Identity insert: insert into Card (emissionDate, expirationDate, person_id) values (?, ?, ?)
12:27:38.225 [main] DEBUG o.h.l.p.b.i.spaces.QuerySpacesImpl - Adding QuerySpace : uid = <gen:0> -> org.hibernate.loader.plan.build.internal.spaces.EntityQuerySpaceImpl@6c8dbf56]
12:27:38.225 [main] DEBUG o.h.p.w.spi.MetamodelGraphWalker - Visiting attribute path : emissionDate
12:27:38.225 [main] DEBUG o.h.p.w.spi.MetamodelGraphWalker - Visiting attribute path : expirationDate
12:27:38.225 [main] DEBUG o.h.p.w.spi.MetamodelGraphWalker - Visiting attribute path : person
12:27:38.225 [main] DEBUG o.h.l.p.b.i.spaces.QuerySpacesImpl - Adding QuerySpace : uid = <gen:1> -> org.hibernate.loader.plan.build.internal.spaces.EntityQuerySpaceImpl@36c2d629]
12:27:38.226 [main] DEBUG o.h.p.w.spi.MetamodelGraphWalker - Visiting attribute path : person.birthdate
12:27:38.226 [main] DEBUG o.h.p.w.spi.MetamodelGraphWalker - Visiting attribute path : person.firstName
12:27:38.226 [main] DEBUG o.h.p.w.spi.MetamodelGraphWalker - Visiting attribute path : person.lastName
12:27:38.226 [main] DEBUG o.h.p.w.spi.MetamodelGraphWalker - Visiting attribute path : person.cardNum
12:27:38.226 [main] DEBUG o.h.p.w.spi.MetamodelGraphWalker - Property path deemed to be circular : person.cardNum
12:27:38.226 [main] DEBUG o.h.l.p.b.i.FetchStyleLoadPlanBuildingAssociationVisitationStrategy - Building LoadPlan...
12:27:38.226 [main] DEBUG o.h.l.p.e.i.LoadQueryJoinAndFetchProcessor - processing queryspace <gen:0>
12:27:38.227 [main] DEBUG o.h.l.p.b.spi.LoadPlanTreePrinter - LoadPlan(entity=Classes.Card)
    - Returns
       - EntityReturnImpl(entity=Classes.Card, querySpaceUid=<gen:0>, path=Classes.Card)
          - EntityAttributeFetchImpl(entity=Classes.Person, querySpaceUid=<gen:1>, path=Classes.Card.person)
    - QuerySpaces
       - EntityQuerySpaceImpl(uid=<gen:0>, entity=Classes.Card)
          - SQL table alias mapping - card0_
          - alias suffix - 0_
          - suffixed key columns - {id1_0_0_}
          - JOIN (JoinDefinedByMetadata(person)) : <gen:0> -> <gen:1>
             - EntityQuerySpaceImpl(uid=<gen:1>, entity=Classes.Person)
                - SQL table alias mapping - person1_
                - alias suffix - 1_
                - suffixed key columns - {id1_1_1_}

12:27:38.227 [main] DEBUG o.h.loader.entity.plan.EntityLoader - Static select for entity Classes.Card [NONE]: select card0_.id as id1_0_0_, card0_.emissionDate as emission2_0_0_, card0_.expirationDate as expirati3_0_0_, card0_.person_id as person_i4_0_0_, person1_.id as id1_1_1_, person1_.birthdate as birthdat2_1_1_, person1_.firstName as firstnam3_1_1_, person1_.lastName as lastname4_1_1_ from Card card0_ left outer join Person person1_ on card0_.person_id=person1_.id where card0_.id=?
12:27:38.230 [main] DEBUG org.hibernate.loader.Loader - Static select for entity Classes.Card [NONE]: select card0_.id as id1_0_1_, card0_.emissionDate as emission2_0_1_, card0_.expirationDate as expirati3_0_1_, card0_.person_id as person_i4_0_1_, person1_.id as id1_1_0_, person1_.birthdate as birthdat2_1_0_, person1_.firstName as firstnam3_1_0_, person1_.lastName as lastname4_1_0_ from Card card0_ left outer join Person person1_ on card0_.person_id=person1_.id where card0_.person_id=?
12:27:38.230 [main] DEBUG o.h.p.entity.AbstractEntityPersister - Static SQL for entity: Classes.Person
12:27:38.230 [main] DEBUG o.h.p.entity.AbstractEntityPersister -  Version select: select id from Person where id =?
12:27:38.230 [main] DEBUG o.h.p.entity.AbstractEntityPersister -  Snapshot select: select person_.id, person_.birthdate as birthdat2_1_, person_.firstName as firstnam3_1_, person_.lastName as lastname4_1_ from Person person_ where person_.id=?
12:27:38.230 [main] DEBUG o.h.p.entity.AbstractEntityPersister -  Insert 0: insert into Person (birthdate, firstName, lastName, id) values (?, ?, ?, ?)
12:27:38.230 [main] DEBUG o.h.p.entity.AbstractEntityPersister -  Update 0: update Person set birthdate=?, firstName=?, lastName=? where id=?
12:27:38.230 [main] DEBUG o.h.p.entity.AbstractEntityPersister -  Delete 0: delete from Person where id=?
12:27:38.230 [main] DEBUG o.h.p.entity.AbstractEntityPersister -  Identity insert: insert into Person (birthdate, firstName, lastName) values (?, ?, ?)
12:27:38.232 [main] DEBUG o.h.l.p.b.i.spaces.QuerySpacesImpl - Adding QuerySpace : uid = <gen:0> -> org.hibernate.loader.plan.build.internal.spaces.EntityQuerySpaceImpl@1668919e]
12:27:38.232 [main] DEBUG o.h.p.w.spi.MetamodelGraphWalker - Visiting attribute path : birthdate
12:27:38.232 [main] DEBUG o.h.p.w.spi.MetamodelGraphWalker - Visiting attribute path : firstName
12:27:38.232 [main] DEBUG o.h.p.w.spi.MetamodelGraphWalker - Visiting attribute path : lastName
12:27:38.232 [main] DEBUG o.h.p.w.spi.MetamodelGraphWalker - Visiting attribute path : cardNum
12:27:38.232 [main] DEBUG o.h.l.p.b.i.spaces.QuerySpacesImpl - Adding QuerySpace : uid = <gen:1> -> org.hibernate.loader.plan.build.internal.spaces.EntityQuerySpaceImpl@22c53d82]
12:27:38.232 [main] DEBUG o.h.p.w.spi.MetamodelGraphWalker - Visiting attribute path : cardNum.emissionDate
12:27:38.232 [main] DEBUG o.h.p.w.spi.MetamodelGraphWalker - Visiting attribute path : cardNum.expirationDate
12:27:38.232 [main] DEBUG o.h.p.w.spi.MetamodelGraphWalker - Visiting attribute path : cardNum.person
12:27:38.232 [main] DEBUG o.h.p.w.spi.MetamodelGraphWalker - Property path deemed to be circular : cardNum.person
12:27:38.232 [main] DEBUG o.h.l.p.b.i.FetchStyleLoadPlanBuildingAssociationVisitationStrategy - Building LoadPlan...
12:27:38.232 [main] DEBUG o.h.l.p.e.i.LoadQueryJoinAndFetchProcessor - processing queryspace <gen:0>
12:27:38.232 [main] DEBUG o.h.l.p.b.spi.LoadPlanTreePrinter - LoadPlan(entity=Classes.Person)
    - Returns
       - EntityReturnImpl(entity=Classes.Person, querySpaceUid=<gen:0>, path=Classes.Person)
          - EntityAttributeFetchImpl(entity=Classes.Card, querySpaceUid=<gen:1>, path=Classes.Person.cardNum)
    - QuerySpaces
       - EntityQuerySpaceImpl(uid=<gen:0>, entity=Classes.Person)
          - SQL table alias mapping - person0_
          - alias suffix - 0_
          - suffixed key columns - {id1_1_0_}
          - JOIN (JoinDefinedByMetadata(cardNum)) : <gen:0> -> <gen:1>
             - EntityQuerySpaceImpl(uid=<gen:1>, entity=Classes.Card)
                - SQL table alias mapping - card1_
                - alias suffix - 1_
                - suffixed key columns - {id1_0_1_}

12:27:38.232 [main] DEBUG o.h.loader.entity.plan.EntityLoader - Static select for entity Classes.Person [NONE]: select person0_.id as id1_1_0_, person0_.birthdate as birthdat2_1_0_, person0_.firstName as firstnam3_1_0_, person0_.lastName as lastname4_1_0_, card1_.id as id1_0_1_, card1_.emissionDate as emission2_0_1_, card1_.expirationDate as expirati3_0_1_, card1_.person_id as person_i4_0_1_ from Person person0_ left outer join Card card1_ on person0_.id=card1_.person_id where person0_.id=?
12:27:38.232 [main] DEBUG o.h.p.entity.AbstractEntityPersister - Static SQL for entity: Classes.Pass
12:27:38.232 [main] DEBUG o.h.p.entity.AbstractEntityPersister -  Version select: select id from Ticket where id =?
12:27:38.232 [main] DEBUG o.h.p.entity.AbstractEntityPersister -  Snapshot select: select pass_.id, pass_.seller_id as seller_i4_2_, pass_.person_id as person_i5_2_, pass_.sellers_id as sellers_6_2_, pass_.validity as validity3_2_ from Ticket pass_ where pass_.id=?
12:27:38.232 [main] DEBUG o.h.p.entity.AbstractEntityPersister -  Insert 0: insert into Ticket (seller_id, person_id, sellers_id, validity, DTYPE, id) values (?, ?, ?, ?, 'Pass', ?)
12:27:38.232 [main] DEBUG o.h.p.entity.AbstractEntityPersister -  Update 0: update Ticket set seller_id=?, person_id=?, sellers_id=?, validity=? where id=?
12:27:38.232 [main] DEBUG o.h.p.entity.AbstractEntityPersister -  Delete 0: delete from Ticket where id=?
12:27:38.233 [main] DEBUG o.h.p.entity.AbstractEntityPersister -  Identity insert: insert into Ticket (seller_id, person_id, sellers_id, validity, DTYPE) values (?, ?, ?, ?, 'Pass')
12:27:38.233 [main] DEBUG o.h.l.p.b.i.spaces.QuerySpacesImpl - Adding QuerySpace : uid = <gen:0> -> org.hibernate.loader.plan.build.internal.spaces.EntityQuerySpaceImpl@68d6d775]
12:27:38.233 [main] DEBUG o.h.p.w.spi.MetamodelGraphWalker - Visiting attribute path : seller
12:27:38.233 [main] DEBUG o.h.l.p.b.i.spaces.QuerySpacesImpl - Adding QuerySpace : uid = <gen:1> -> org.hibernate.loader.plan.build.internal.spaces.EntityQuerySpaceImpl@45c9b3]
12:27:38.233 [main] DEBUG o.h.p.w.spi.MetamodelGraphWalker - Visiting attribute path : seller.name
12:27:38.233 [main] DEBUG o.h.p.w.spi.MetamodelGraphWalker - Visiting attribute path : seller.passes
12:27:38.233 [main] DEBUG o.h.l.p.b.i.spaces.QuerySpacesImpl - Adding QuerySpace : uid = <gen:2> -> org.hibernate.loader.plan.build.internal.spaces.CollectionQuerySpaceImpl@6680f714]
12:27:38.233 [main] DEBUG o.h.l.p.b.i.spaces.QuerySpacesImpl - Adding QuerySpace : uid = <gen:3> -> org.hibernate.loader.plan.build.internal.spaces.EntityQuerySpaceImpl@53b1a3f8]
12:27:38.233 [main] DEBUG o.h.p.w.spi.MetamodelGraphWalker - Visiting attribute path : seller.tickets
12:27:38.233 [main] DEBUG o.h.l.p.b.i.spaces.QuerySpacesImpl - Adding QuerySpace : uid = <gen:4> -> org.hibernate.loader.plan.build.internal.spaces.CollectionQuerySpaceImpl@7d97e06c]
12:27:38.233 [main] DEBUG o.h.l.p.b.i.spaces.QuerySpacesImpl - Adding QuerySpace : uid = <gen:5> -> org.hibernate.loader.plan.build.internal.spaces.EntityQuerySpaceImpl@5a936e64]
12:27:38.233 [main] DEBUG o.h.p.w.spi.MetamodelGraphWalker - Visiting attribute path : seller.people
12:27:38.233 [main] DEBUG o.h.l.p.b.i.spaces.QuerySpacesImpl - Adding QuerySpace : uid = <gen:6> -> org.hibernate.loader.plan.build.internal.spaces.CollectionQuerySpaceImpl@3b4a1a75]
12:27:38.233 [main] DEBUG o.h.l.p.b.i.spaces.QuerySpacesImpl - Adding QuerySpace : uid = <gen:7> -> org.hibernate.loader.plan.build.internal.spaces.EntityQuerySpaceImpl@65bad087]
12:27:38.233 [main] DEBUG o.h.p.w.spi.MetamodelGraphWalker - Visiting attribute path : seller.isWorking
12:27:38.233 [main] DEBUG o.h.p.w.spi.MetamodelGraphWalker - Visiting attribute path : person
12:27:38.233 [main] DEBUG o.h.l.p.b.i.spaces.QuerySpacesImpl - Adding QuerySpace : uid = <gen:8> -> org.hibernate.loader.plan.build.internal.spaces.EntityQuerySpaceImpl@276cc8dc]
12:27:38.233 [main] DEBUG o.h.p.w.spi.MetamodelGraphWalker - Visiting attribute path : person.birthdate
12:27:38.233 [main] DEBUG o.h.p.w.spi.MetamodelGraphWalker - Visiting attribute path : person.firstName
12:27:38.233 [main] DEBUG o.h.p.w.spi.MetamodelGraphWalker - Visiting attribute path : person.lastName
12:27:38.233 [main] DEBUG o.h.p.w.spi.MetamodelGraphWalker - Visiting attribute path : person.cardNum
12:27:38.233 [main] DEBUG o.h.l.p.b.i.spaces.QuerySpacesImpl - Adding QuerySpace : uid = <gen:9> -> org.hibernate.loader.plan.build.internal.spaces.EntityQuerySpaceImpl@d3f4505]
12:27:38.233 [main] DEBUG o.h.p.w.spi.MetamodelGraphWalker - Visiting attribute path : person.cardNum.emissionDate
12:27:38.233 [main] DEBUG o.h.p.w.spi.MetamodelGraphWalker - Visiting attribute path : person.cardNum.expirationDate
12:27:38.233 [main] DEBUG o.h.p.w.spi.MetamodelGraphWalker - Visiting attribute path : person.cardNum.person
12:27:38.233 [main] DEBUG o.h.p.w.spi.MetamodelGraphWalker - Property path deemed to be circular : person.cardNum.person
12:27:38.233 [main] DEBUG o.h.p.w.spi.MetamodelGraphWalker - Visiting attribute path : sellers
12:27:38.233 [main] DEBUG o.h.l.p.b.i.spaces.QuerySpacesImpl - Adding QuerySpace : uid = <gen:10> -> org.hibernate.loader.plan.build.internal.spaces.EntityQuerySpaceImpl@7fd987ef]
12:27:38.233 [main] DEBUG o.h.p.w.spi.MetamodelGraphWalker - Visiting attribute path : sellers.name
12:27:38.233 [main] DEBUG o.h.p.w.spi.MetamodelGraphWalker - Visiting attribute path : sellers.passes
12:27:38.233 [main] DEBUG o.h.l.p.b.i.spaces.QuerySpacesImpl - Adding QuerySpace : uid = <gen:11> -> org.hibernate.loader.plan.build.internal.spaces.CollectionQuerySpaceImpl@5e99b9c]
12:27:38.234 [main] DEBUG o.h.l.p.b.i.spaces.QuerySpacesImpl - Adding QuerySpace : uid = <gen:12> -> org.hibernate.loader.plan.build.internal.spaces.EntityQuerySpaceImpl@2fe74516]
12:27:38.234 [main] DEBUG o.h.p.w.spi.MetamodelGraphWalker - Visiting attribute path : sellers.tickets
12:27:38.234 [main] DEBUG o.h.l.p.b.i.spaces.QuerySpacesImpl - Adding QuerySpace : uid = <gen:13> -> org.hibernate.loader.plan.build.internal.spaces.CollectionQuerySpaceImpl@1c3259fa]
12:27:38.234 [main] DEBUG o.h.l.p.b.i.spaces.QuerySpacesImpl - Adding QuerySpace : uid = <gen:14> -> org.hibernate.loader.plan.build.internal.spaces.EntityQuerySpaceImpl@217bf99e]
12:27:38.234 [main] DEBUG o.h.p.w.spi.MetamodelGraphWalker - Visiting attribute path : sellers.people
12:27:38.234 [main] DEBUG o.h.l.p.b.i.spaces.QuerySpacesImpl - Adding QuerySpace : uid = <gen:15> -> org.hibernate.loader.plan.build.internal.spaces.CollectionQuerySpaceImpl@6807a356]
12:27:38.234 [main] DEBUG o.h.l.p.b.i.spaces.QuerySpacesImpl - Adding QuerySpace : uid = <gen:16> -> org.hibernate.loader.plan.build.internal.spaces.EntityQuerySpaceImpl@7ddd84b5]
12:27:38.234 [main] DEBUG o.h.p.w.spi.MetamodelGraphWalker - Visiting attribute path : sellers.isWorking
12:27:38.234 [main] DEBUG o.h.p.w.spi.MetamodelGraphWalker - Visiting attribute path : validity
12:27:38.234 [main] DEBUG o.h.l.p.b.i.FetchStyleLoadPlanBuildingAssociationVisitationStrategy - Building LoadPlan...
12:27:38.234 [main] DEBUG o.h.l.p.e.i.LoadQueryJoinAndFetchProcessor - processing queryspace <gen:0>
12:27:38.234 [main] DEBUG o.h.l.p.b.spi.LoadPlanTreePrinter - LoadPlan(entity=Classes.Pass)
    - Returns
       - EntityReturnImpl(entity=Classes.Pass, querySpaceUid=<gen:0>, path=Classes.Pass)
          - EntityAttributeFetchImpl(entity=Abstract.TicketSeller, querySpaceUid=<gen:1>, path=Classes.Pass.seller)
             - CollectionAttributeFetchImpl(collection=Abstract.TicketSeller.passes, querySpaceUid=<gen:2>, path=Classes.Pass.seller.passes)
                - (collection element) CollectionFetchableElementEntityGraph(entity=Classes.Pass, querySpaceUid=<gen:3>, path=Classes.Pass.seller.passes.<elements>)
             - CollectionAttributeFetchImpl(collection=Abstract.TicketSeller.tickets, querySpaceUid=<gen:4>, path=Classes.Pass.seller.tickets)
                - (collection element) CollectionFetchableElementEntityGraph(entity=Classes.Ticket, querySpaceUid=<gen:5>, path=Classes.Pass.seller.tickets.<elements>)
             - CollectionAttributeFetchImpl(collection=Classes.Shop.people, querySpaceUid=<gen:6>, path=Classes.Pass.seller.people)
                - (collection element) CollectionFetchableElementEntityGraph(entity=Classes.Person, querySpaceUid=<gen:7>, path=Classes.Pass.seller.people.<elements>)
          - EntityAttributeFetchImpl(entity=Classes.Person, querySpaceUid=<gen:8>, path=Classes.Pass.person)
             - EntityAttributeFetchImpl(entity=Classes.Card, querySpaceUid=<gen:9>, path=Classes.Pass.person.cardNum)
          - EntityAttributeFetchImpl(entity=Abstract.TicketSeller, querySpaceUid=<gen:10>, path=Classes.Pass.sellers)
             - CollectionAttributeFetchImpl(collection=Abstract.TicketSeller.passes, querySpaceUid=<gen:11>, path=Classes.Pass.sellers.passes)
                - (collection element) CollectionFetchableElementEntityGraph(entity=Classes.Pass, querySpaceUid=<gen:12>, path=Classes.Pass.sellers.passes.<elements>)
             - CollectionAttributeFetchImpl(collection=Abstract.TicketSeller.tickets, querySpaceUid=<gen:13>, path=Classes.Pass.sellers.tickets)
                - (collection element) CollectionFetchableElementEntityGraph(entity=Classes.Ticket, querySpaceUid=<gen:14>, path=Classes.Pass.sellers.tickets.<elements>)
             - CollectionAttributeFetchImpl(collection=Classes.Shop.people, querySpaceUid=<gen:15>, path=Classes.Pass.sellers.people)
                - (collection element) CollectionFetchableElementEntityGraph(entity=Classes.Person, querySpaceUid=<gen:16>, path=Classes.Pass.sellers.people.<elements>)
    - QuerySpaces
       - EntityQuerySpaceImpl(uid=<gen:0>, entity=Classes.Pass)
          - SQL table alias mapping - pass0_
          - alias suffix - 0_
          - suffixed key columns - {id2_2_0_}
          - JOIN (JoinDefinedByMetadata(seller)) : <gen:0> -> <gen:1>
             - EntityQuerySpaceImpl(uid=<gen:1>, entity=Abstract.TicketSeller)
                - SQL table alias mapping - ticketsell1_
                - alias suffix - 1_
                - suffixed key columns - {id2_3_1_}
          - JOIN (JoinDefinedByMetadata(person)) : <gen:0> -> <gen:8>
             - EntityQuerySpaceImpl(uid=<gen:8>, entity=Classes.Person)
                - SQL table alias mapping - person2_
                - alias suffix - 2_
                - suffixed key columns - {id1_1_2_}
                - JOIN (JoinDefinedByMetadata(cardNum)) : <gen:8> -> <gen:9>
                   - EntityQuerySpaceImpl(uid=<gen:9>, entity=Classes.Card)
                      - SQL table alias mapping - card3_
                      - alias suffix - 3_
                      - suffixed key columns - {id1_0_3_}
          - JOIN (JoinDefinedByMetadata(sellers)) : <gen:0> -> <gen:10>
             - EntityQuerySpaceImpl(uid=<gen:10>, entity=Abstract.TicketSeller)
                - SQL table alias mapping - ticketsell4_
                - alias suffix - 4_
                - suffixed key columns - {id2_3_4_}

12:27:38.234 [main] DEBUG o.h.loader.entity.plan.EntityLoader - Static select for entity Classes.Pass [NONE]: select pass0_.id as id2_2_0_, pass0_.seller_id as seller_i4_2_0_, pass0_.person_id as person_i5_2_0_, pass0_.sellers_id as sellers_6_2_0_, pass0_.validity as validity3_2_0_, ticketsell1_.id as id2_3_1_, ticketsell1_.seller_name as seller_n3_3_1_, ticketsell1_.isWorking as isworkin4_3_1_, ticketsell1_.Elementi as elementi1_3_1_, person2_.id as id1_1_2_, person2_.birthdate as birthdat2_1_2_, person2_.firstName as firstnam3_1_2_, person2_.lastName as lastname4_1_2_, card3_.id as id1_0_3_, card3_.emissionDate as emission2_0_3_, card3_.expirationDate as expirati3_0_3_, card3_.person_id as person_i4_0_3_, ticketsell4_.id as id2_3_4_, ticketsell4_.seller_name as seller_n3_3_4_, ticketsell4_.isWorking as isworkin4_3_4_, ticketsell4_.Elementi as elementi1_3_4_ from Ticket pass0_ left outer join TicketSeller ticketsell1_ on pass0_.seller_id=ticketsell1_.id left outer join Person person2_ on pass0_.person_id=person2_.id left outer join Card card3_ on person2_.id=card3_.person_id left outer join TicketSeller ticketsell4_ on pass0_.sellers_id=ticketsell4_.id where pass0_.id=? and pass0_.DTYPE='Pass'
12:27:38.235 [main] DEBUG o.h.p.entity.AbstractEntityPersister - Static SQL for entity: Classes.Shop
12:27:38.235 [main] DEBUG o.h.p.entity.AbstractEntityPersister -  Version select: select id from TicketSeller where id =?
12:27:38.235 [main] DEBUG o.h.p.entity.AbstractEntityPersister -  Snapshot select: select shop_.id, shop_.seller_name as seller_n3_3_ from TicketSeller shop_ where shop_.id=?
12:27:38.235 [main] DEBUG o.h.p.entity.AbstractEntityPersister -  Insert 0: insert into TicketSeller (seller_name, Elementi, id) values (?, 'shop', ?)
12:27:38.235 [main] DEBUG o.h.p.entity.AbstractEntityPersister -  Update 0: update TicketSeller set seller_name=? where id=?
12:27:38.235 [main] DEBUG o.h.p.entity.AbstractEntityPersister -  Delete 0: delete from TicketSeller where id=?
12:27:38.235 [main] DEBUG o.h.l.p.b.i.spaces.QuerySpacesImpl - Adding QuerySpace : uid = <gen:0> -> org.hibernate.loader.plan.build.internal.spaces.EntityQuerySpaceImpl@73aeef7d]
12:27:38.235 [main] DEBUG o.h.p.w.spi.MetamodelGraphWalker - Visiting attribute path : name
12:27:38.235 [main] DEBUG o.h.p.w.spi.MetamodelGraphWalker - Visiting attribute path : passes
12:27:38.235 [main] DEBUG o.h.l.p.b.i.spaces.QuerySpacesImpl - Adding QuerySpace : uid = <gen:1> -> org.hibernate.loader.plan.build.internal.spaces.CollectionQuerySpaceImpl@58af5076]
12:27:38.235 [main] DEBUG o.h.l.p.b.i.spaces.QuerySpacesImpl - Adding QuerySpace : uid = <gen:2> -> org.hibernate.loader.plan.build.internal.spaces.EntityQuerySpaceImpl@49469ffa]
12:27:38.235 [main] DEBUG o.h.p.w.spi.MetamodelGraphWalker - Visiting attribute path : tickets
12:27:38.235 [main] DEBUG o.h.l.p.b.i.spaces.QuerySpacesImpl - Adding QuerySpace : uid = <gen:3> -> org.hibernate.loader.plan.build.internal.spaces.CollectionQuerySpaceImpl@4d9754a8]
12:27:38.235 [main] DEBUG o.h.l.p.b.i.spaces.QuerySpacesImpl - Adding QuerySpace : uid = <gen:4> -> org.hibernate.loader.plan.build.internal.spaces.EntityQuerySpaceImpl@7a3b7122]
12:27:38.235 [main] DEBUG o.h.p.w.spi.MetamodelGraphWalker - Visiting attribute path : people
12:27:38.235 [main] DEBUG o.h.l.p.b.i.spaces.QuerySpacesImpl - Adding QuerySpace : uid = <gen:5> -> org.hibernate.loader.plan.build.internal.spaces.CollectionQuerySpaceImpl@58b5a2f3]
12:27:38.235 [main] DEBUG o.h.l.p.b.i.spaces.QuerySpacesImpl - Adding QuerySpace : uid = <gen:6> -> org.hibernate.loader.plan.build.internal.spaces.EntityQuerySpaceImpl@25f15f50]
12:27:38.235 [main] DEBUG o.h.l.p.b.i.FetchStyleLoadPlanBuildingAssociationVisitationStrategy - Building LoadPlan...
12:27:38.235 [main] DEBUG o.h.l.p.e.i.LoadQueryJoinAndFetchProcessor - processing queryspace <gen:0>
12:27:38.235 [main] DEBUG o.h.l.p.b.spi.LoadPlanTreePrinter - LoadPlan(entity=Classes.Shop)
    - Returns
       - EntityReturnImpl(entity=Classes.Shop, querySpaceUid=<gen:0>, path=Classes.Shop)
          - CollectionAttributeFetchImpl(collection=Abstract.TicketSeller.passes, querySpaceUid=<gen:1>, path=Classes.Shop.passes)
             - (collection element) CollectionFetchableElementEntityGraph(entity=Classes.Pass, querySpaceUid=<gen:2>, path=Classes.Shop.passes.<elements>)
          - CollectionAttributeFetchImpl(collection=Abstract.TicketSeller.tickets, querySpaceUid=<gen:3>, path=Classes.Shop.tickets)
             - (collection element) CollectionFetchableElementEntityGraph(entity=Classes.Ticket, querySpaceUid=<gen:4>, path=Classes.Shop.tickets.<elements>)
          - CollectionAttributeFetchImpl(collection=Classes.Shop.people, querySpaceUid=<gen:5>, path=Classes.Shop.people)
             - (collection element) CollectionFetchableElementEntityGraph(entity=Classes.Person, querySpaceUid=<gen:6>, path=Classes.Shop.people.<elements>)
    - QuerySpaces
       - EntityQuerySpaceImpl(uid=<gen:0>, entity=Classes.Shop)
          - SQL table alias mapping - shop0_
          - alias suffix - 0_
          - suffixed key columns - {id2_3_0_}

12:27:38.235 [main] DEBUG o.h.loader.entity.plan.EntityLoader - Static select for entity Classes.Shop [NONE]: select shop0_.id as id2_3_0_, shop0_.seller_name as seller_n3_3_0_ from TicketSeller shop0_ where shop0_.id=? and shop0_.Elementi='shop'
12:27:38.235 [main] DEBUG o.h.p.entity.AbstractEntityPersister - Static SQL for entity: Classes.Ticket
12:27:38.235 [main] DEBUG o.h.p.entity.AbstractEntityPersister -  Version select: select id from Ticket where id =?
12:27:38.235 [main] DEBUG o.h.p.entity.AbstractEntityPersister -  Snapshot select: select ticket_.id, ticket_.seller_id as seller_i4_2_ from Ticket ticket_ where ticket_.id=?
12:27:38.235 [main] DEBUG o.h.p.entity.AbstractEntityPersister -  Insert 0: insert into Ticket (seller_id, DTYPE, id) values (?, 'Ticket', ?)
12:27:38.235 [main] DEBUG o.h.p.entity.AbstractEntityPersister -  Update 0: update Ticket set seller_id=? where id=?
12:27:38.235 [main] DEBUG o.h.p.entity.AbstractEntityPersister -  Delete 0: delete from Ticket where id=?
12:27:38.236 [main] DEBUG o.h.p.entity.AbstractEntityPersister -  Identity insert: insert into Ticket (seller_id, DTYPE) values (?, 'Ticket')
12:27:38.236 [main] DEBUG o.h.l.p.b.i.spaces.QuerySpacesImpl - Adding QuerySpace : uid = <gen:0> -> org.hibernate.loader.plan.build.internal.spaces.EntityQuerySpaceImpl@52b46d52]
12:27:38.236 [main] DEBUG o.h.p.w.spi.MetamodelGraphWalker - Visiting attribute path : seller
12:27:38.236 [main] DEBUG o.h.l.p.b.i.spaces.QuerySpacesImpl - Adding QuerySpace : uid = <gen:1> -> org.hibernate.loader.plan.build.internal.spaces.EntityQuerySpaceImpl@67022ea]
12:27:38.236 [main] DEBUG o.h.p.w.spi.MetamodelGraphWalker - Visiting attribute path : seller.name
12:27:38.236 [main] DEBUG o.h.p.w.spi.MetamodelGraphWalker - Visiting attribute path : seller.passes
12:27:38.236 [main] DEBUG o.h.l.p.b.i.spaces.QuerySpacesImpl - Adding QuerySpace : uid = <gen:2> -> org.hibernate.loader.plan.build.internal.spaces.CollectionQuerySpaceImpl@58fbd02e]
12:27:38.236 [main] DEBUG o.h.l.p.b.i.spaces.QuerySpacesImpl - Adding QuerySpace : uid = <gen:3> -> org.hibernate.loader.plan.build.internal.spaces.EntityQuerySpaceImpl@163042ea]
12:27:38.236 [main] DEBUG o.h.p.w.spi.MetamodelGraphWalker - Visiting attribute path : seller.tickets
12:27:38.236 [main] DEBUG o.h.l.p.b.i.spaces.QuerySpacesImpl - Adding QuerySpace : uid = <gen:4> -> org.hibernate.loader.plan.build.internal.spaces.CollectionQuerySpaceImpl@11d045b4]
12:27:38.236 [main] DEBUG o.h.l.p.b.i.spaces.QuerySpacesImpl - Adding QuerySpace : uid = <gen:5> -> org.hibernate.loader.plan.build.internal.spaces.EntityQuerySpaceImpl@1fbf088b]
12:27:38.236 [main] DEBUG o.h.p.w.spi.MetamodelGraphWalker - Visiting attribute path : seller.people
12:27:38.236 [main] DEBUG o.h.l.p.b.i.spaces.QuerySpacesImpl - Adding QuerySpace : uid = <gen:6> -> org.hibernate.loader.plan.build.internal.spaces.CollectionQuerySpaceImpl@1943c1f2]
12:27:38.236 [main] DEBUG o.h.l.p.b.i.spaces.QuerySpacesImpl - Adding QuerySpace : uid = <gen:7> -> org.hibernate.loader.plan.build.internal.spaces.EntityQuerySpaceImpl@d70f722]
12:27:38.236 [main] DEBUG o.h.p.w.spi.MetamodelGraphWalker - Visiting attribute path : seller.isWorking
12:27:38.236 [main] DEBUG o.h.p.w.spi.MetamodelGraphWalker - Visiting attribute path : person
12:27:38.236 [main] DEBUG o.h.l.p.b.i.spaces.QuerySpacesImpl - Adding QuerySpace : uid = <gen:8> -> org.hibernate.loader.plan.build.internal.spaces.EntityQuerySpaceImpl@1e1eeedd]
12:27:38.236 [main] DEBUG o.h.p.w.spi.MetamodelGraphWalker - Visiting attribute path : person.birthdate
12:27:38.236 [main] DEBUG o.h.p.w.spi.MetamodelGraphWalker - Visiting attribute path : person.firstName
12:27:38.236 [main] DEBUG o.h.p.w.spi.MetamodelGraphWalker - Visiting attribute path : person.lastName
12:27:38.236 [main] DEBUG o.h.p.w.spi.MetamodelGraphWalker - Visiting attribute path : person.cardNum
12:27:38.236 [main] DEBUG o.h.l.p.b.i.spaces.QuerySpacesImpl - Adding QuerySpace : uid = <gen:9> -> org.hibernate.loader.plan.build.internal.spaces.EntityQuerySpaceImpl@7ec95456]
12:27:38.236 [main] DEBUG o.h.p.w.spi.MetamodelGraphWalker - Visiting attribute path : person.cardNum.emissionDate
12:27:38.236 [main] DEBUG o.h.p.w.spi.MetamodelGraphWalker - Visiting attribute path : person.cardNum.expirationDate
12:27:38.236 [main] DEBUG o.h.p.w.spi.MetamodelGraphWalker - Visiting attribute path : person.cardNum.person
12:27:38.236 [main] DEBUG o.h.p.w.spi.MetamodelGraphWalker - Property path deemed to be circular : person.cardNum.person
12:27:38.236 [main] DEBUG o.h.p.w.spi.MetamodelGraphWalker - Visiting attribute path : sellers
12:27:38.236 [main] DEBUG o.h.l.p.b.i.spaces.QuerySpacesImpl - Adding QuerySpace : uid = <gen:10> -> org.hibernate.loader.plan.build.internal.spaces.EntityQuerySpaceImpl@1d8b0500]
12:27:38.236 [main] DEBUG o.h.p.w.spi.MetamodelGraphWalker - Visiting attribute path : sellers.name
12:27:38.236 [main] DEBUG o.h.p.w.spi.MetamodelGraphWalker - Visiting attribute path : sellers.passes
12:27:38.236 [main] DEBUG o.h.l.p.b.i.spaces.QuerySpacesImpl - Adding QuerySpace : uid = <gen:11> -> org.hibernate.loader.plan.build.internal.spaces.CollectionQuerySpaceImpl@428bdd72]
12:27:38.236 [main] DEBUG o.h.l.p.b.i.spaces.QuerySpacesImpl - Adding QuerySpace : uid = <gen:12> -> org.hibernate.loader.plan.build.internal.spaces.EntityQuerySpaceImpl@650c405c]
12:27:38.236 [main] DEBUG o.h.p.w.spi.MetamodelGraphWalker - Visiting attribute path : sellers.tickets
12:27:38.236 [main] DEBUG o.h.l.p.b.i.spaces.QuerySpacesImpl - Adding QuerySpace : uid = <gen:13> -> org.hibernate.loader.plan.build.internal.spaces.CollectionQuerySpaceImpl@20eaeaf8]
12:27:38.236 [main] DEBUG o.h.l.p.b.i.spaces.QuerySpacesImpl - Adding QuerySpace : uid = <gen:14> -> org.hibernate.loader.plan.build.internal.spaces.EntityQuerySpaceImpl@748ac6f3]
12:27:38.236 [main] DEBUG o.h.p.w.spi.MetamodelGraphWalker - Visiting attribute path : sellers.people
12:27:38.236 [main] DEBUG o.h.l.p.b.i.spaces.QuerySpacesImpl - Adding QuerySpace : uid = <gen:15> -> org.hibernate.loader.plan.build.internal.spaces.CollectionQuerySpaceImpl@68f6e55d]
12:27:38.237 [main] DEBUG o.h.l.p.b.i.spaces.QuerySpacesImpl - Adding QuerySpace : uid = <gen:16> -> org.hibernate.loader.plan.build.internal.spaces.EntityQuerySpaceImpl@6fff46bf]
12:27:38.237 [main] DEBUG o.h.p.w.spi.MetamodelGraphWalker - Visiting attribute path : sellers.isWorking
12:27:38.237 [main] DEBUG o.h.p.w.spi.MetamodelGraphWalker - Visiting attribute path : validity
12:27:38.237 [main] DEBUG o.h.l.p.b.i.FetchStyleLoadPlanBuildingAssociationVisitationStrategy - Building LoadPlan...
12:27:38.237 [main] DEBUG o.h.l.p.e.i.LoadQueryJoinAndFetchProcessor - processing queryspace <gen:0>
12:27:38.237 [main] DEBUG o.h.l.p.b.spi.LoadPlanTreePrinter - LoadPlan(entity=Classes.Ticket)
    - Returns
       - EntityReturnImpl(entity=Classes.Ticket, querySpaceUid=<gen:0>, path=Classes.Ticket)
          - EntityAttributeFetchImpl(entity=Abstract.TicketSeller, querySpaceUid=<gen:1>, path=Classes.Ticket.seller)
             - CollectionAttributeFetchImpl(collection=Abstract.TicketSeller.passes, querySpaceUid=<gen:2>, path=Classes.Ticket.seller.passes)
                - (collection element) CollectionFetchableElementEntityGraph(entity=Classes.Pass, querySpaceUid=<gen:3>, path=Classes.Ticket.seller.passes.<elements>)
             - CollectionAttributeFetchImpl(collection=Abstract.TicketSeller.tickets, querySpaceUid=<gen:4>, path=Classes.Ticket.seller.tickets)
                - (collection element) CollectionFetchableElementEntityGraph(entity=Classes.Ticket, querySpaceUid=<gen:5>, path=Classes.Ticket.seller.tickets.<elements>)
             - CollectionAttributeFetchImpl(collection=Classes.Shop.people, querySpaceUid=<gen:6>, path=Classes.Ticket.seller.people)
                - (collection element) CollectionFetchableElementEntityGraph(entity=Classes.Person, querySpaceUid=<gen:7>, path=Classes.Ticket.seller.people.<elements>)
          - EntityAttributeFetchImpl(entity=Classes.Person, querySpaceUid=<gen:8>, path=Classes.Ticket.person)
             - EntityAttributeFetchImpl(entity=Classes.Card, querySpaceUid=<gen:9>, path=Classes.Ticket.person.cardNum)
          - EntityAttributeFetchImpl(entity=Abstract.TicketSeller, querySpaceUid=<gen:10>, path=Classes.Ticket.sellers)
             - CollectionAttributeFetchImpl(collection=Abstract.TicketSeller.passes, querySpaceUid=<gen:11>, path=Classes.Ticket.sellers.passes)
                - (collection element) CollectionFetchableElementEntityGraph(entity=Classes.Pass, querySpaceUid=<gen:12>, path=Classes.Ticket.sellers.passes.<elements>)
             - CollectionAttributeFetchImpl(collection=Abstract.TicketSeller.tickets, querySpaceUid=<gen:13>, path=Classes.Ticket.sellers.tickets)
                - (collection element) CollectionFetchableElementEntityGraph(entity=Classes.Ticket, querySpaceUid=<gen:14>, path=Classes.Ticket.sellers.tickets.<elements>)
             - CollectionAttributeFetchImpl(collection=Classes.Shop.people, querySpaceUid=<gen:15>, path=Classes.Ticket.sellers.people)
                - (collection element) CollectionFetchableElementEntityGraph(entity=Classes.Person, querySpaceUid=<gen:16>, path=Classes.Ticket.sellers.people.<elements>)
    - QuerySpaces
       - EntityQuerySpaceImpl(uid=<gen:0>, entity=Classes.Ticket)
          - SQL table alias mapping - ticket0_
          - alias suffix - 0_
          - suffixed key columns - {id2_2_0_}
          - JOIN (JoinDefinedByMetadata(seller)) : <gen:0> -> <gen:1>
             - EntityQuerySpaceImpl(uid=<gen:1>, entity=Abstract.TicketSeller)
                - SQL table alias mapping - ticketsell1_
                - alias suffix - 1_
                - suffixed key columns - {id2_3_1_}
          - JOIN (JoinDefinedByMetadata(person)) : <gen:0> -> <gen:8>
             - EntityQuerySpaceImpl(uid=<gen:8>, entity=Classes.Person)
                - SQL table alias mapping - person2_
                - alias suffix - 2_
                - suffixed key columns - {id1_1_2_}
                - JOIN (JoinDefinedByMetadata(cardNum)) : <gen:8> -> <gen:9>
                   - EntityQuerySpaceImpl(uid=<gen:9>, entity=Classes.Card)
                      - SQL table alias mapping - card3_
                      - alias suffix - 3_
                      - suffixed key columns - {id1_0_3_}
          - JOIN (JoinDefinedByMetadata(sellers)) : <gen:0> -> <gen:10>
             - EntityQuerySpaceImpl(uid=<gen:10>, entity=Abstract.TicketSeller)
                - SQL table alias mapping - ticketsell4_
                - alias suffix - 4_
                - suffixed key columns - {id2_3_4_}

12:27:38.237 [main] DEBUG o.h.loader.entity.plan.EntityLoader - Static select for entity Classes.Ticket [NONE]: select ticket0_.id as id2_2_0_, ticket0_.seller_id as seller_i4_2_0_, ticket0_.person_id as person_i5_2_0_, ticket0_.sellers_id as sellers_6_2_0_, ticket0_.validity as validity3_2_0_, ticket0_.DTYPE as dtype1_2_0_, ticketsell1_.id as id2_3_1_, ticketsell1_.seller_name as seller_n3_3_1_, ticketsell1_.isWorking as isworkin4_3_1_, ticketsell1_.Elementi as elementi1_3_1_, person2_.id as id1_1_2_, person2_.birthdate as birthdat2_1_2_, person2_.firstName as firstnam3_1_2_, person2_.lastName as lastname4_1_2_, card3_.id as id1_0_3_, card3_.emissionDate as emission2_0_3_, card3_.expirationDate as expirati3_0_3_, card3_.person_id as person_i4_0_3_, ticketsell4_.id as id2_3_4_, ticketsell4_.seller_name as seller_n3_3_4_, ticketsell4_.isWorking as isworkin4_3_4_, ticketsell4_.Elementi as elementi1_3_4_ from Ticket ticket0_ left outer join TicketSeller ticketsell1_ on ticket0_.seller_id=ticketsell1_.id left outer join Person person2_ on ticket0_.person_id=person2_.id left outer join Card card3_ on person2_.id=card3_.person_id left outer join TicketSeller ticketsell4_ on ticket0_.sellers_id=ticketsell4_.id where ticket0_.id=?
12:27:38.237 [main] DEBUG o.h.p.entity.AbstractEntityPersister - Static SQL for entity: Classes.VendingMachine
12:27:38.237 [main] DEBUG o.h.p.entity.AbstractEntityPersister -  Version select: select id from TicketSeller where id =?
12:27:38.237 [main] DEBUG o.h.p.entity.AbstractEntityPersister -  Snapshot select: select vendingmac_.id, vendingmac_.seller_name as seller_n3_3_, vendingmac_.isWorking as isworkin4_3_ from TicketSeller vendingmac_ where vendingmac_.id=?
12:27:38.237 [main] DEBUG o.h.p.entity.AbstractEntityPersister -  Insert 0: insert into TicketSeller (seller_name, isWorking, Elementi, id) values (?, ?, 'vending_machine', ?)
12:27:38.237 [main] DEBUG o.h.p.entity.AbstractEntityPersister -  Update 0: update TicketSeller set seller_name=?, isWorking=? where id=?
12:27:38.237 [main] DEBUG o.h.p.entity.AbstractEntityPersister -  Delete 0: delete from TicketSeller where id=?
12:27:38.237 [main] DEBUG o.h.l.p.b.i.spaces.QuerySpacesImpl - Adding QuerySpace : uid = <gen:0> -> org.hibernate.loader.plan.build.internal.spaces.EntityQuerySpaceImpl@1835dc92]
12:27:38.237 [main] DEBUG o.h.p.w.spi.MetamodelGraphWalker - Visiting attribute path : name
12:27:38.237 [main] DEBUG o.h.p.w.spi.MetamodelGraphWalker - Visiting attribute path : passes
12:27:38.238 [main] DEBUG o.h.l.p.b.i.spaces.QuerySpacesImpl - Adding QuerySpace : uid = <gen:1> -> org.hibernate.loader.plan.build.internal.spaces.CollectionQuerySpaceImpl@65a9ea3c]
12:27:38.238 [main] DEBUG o.h.l.p.b.i.spaces.QuerySpacesImpl - Adding QuerySpace : uid = <gen:2> -> org.hibernate.loader.plan.build.internal.spaces.EntityQuerySpaceImpl@70f68288]
12:27:38.238 [main] DEBUG o.h.p.w.spi.MetamodelGraphWalker - Visiting attribute path : tickets
12:27:38.238 [main] DEBUG o.h.l.p.b.i.spaces.QuerySpacesImpl - Adding QuerySpace : uid = <gen:3> -> org.hibernate.loader.plan.build.internal.spaces.CollectionQuerySpaceImpl@46911148]
12:27:38.238 [main] DEBUG o.h.l.p.b.i.spaces.QuerySpacesImpl - Adding QuerySpace : uid = <gen:4> -> org.hibernate.loader.plan.build.internal.spaces.EntityQuerySpaceImpl@2db1b657]
12:27:38.238 [main] DEBUG o.h.p.w.spi.MetamodelGraphWalker - Visiting attribute path : isWorking
12:27:38.238 [main] DEBUG o.h.l.p.b.i.FetchStyleLoadPlanBuildingAssociationVisitationStrategy - Building LoadPlan...
12:27:38.238 [main] DEBUG o.h.l.p.e.i.LoadQueryJoinAndFetchProcessor - processing queryspace <gen:0>
12:27:38.238 [main] DEBUG o.h.l.p.b.spi.LoadPlanTreePrinter - LoadPlan(entity=Classes.VendingMachine)
    - Returns
       - EntityReturnImpl(entity=Classes.VendingMachine, querySpaceUid=<gen:0>, path=Classes.VendingMachine)
          - CollectionAttributeFetchImpl(collection=Abstract.TicketSeller.passes, querySpaceUid=<gen:1>, path=Classes.VendingMachine.passes)
             - (collection element) CollectionFetchableElementEntityGraph(entity=Classes.Pass, querySpaceUid=<gen:2>, path=Classes.VendingMachine.passes.<elements>)
          - CollectionAttributeFetchImpl(collection=Abstract.TicketSeller.tickets, querySpaceUid=<gen:3>, path=Classes.VendingMachine.tickets)
             - (collection element) CollectionFetchableElementEntityGraph(entity=Classes.Ticket, querySpaceUid=<gen:4>, path=Classes.VendingMachine.tickets.<elements>)
    - QuerySpaces
       - EntityQuerySpaceImpl(uid=<gen:0>, entity=Classes.VendingMachine)
          - SQL table alias mapping - vendingmac0_
          - alias suffix - 0_
          - suffixed key columns - {id2_3_0_}

12:27:38.238 [main] DEBUG o.h.loader.entity.plan.EntityLoader - Static select for entity Classes.VendingMachine [NONE]: select vendingmac0_.id as id2_3_0_, vendingmac0_.seller_name as seller_n3_3_0_, vendingmac0_.isWorking as isworkin4_3_0_ from TicketSeller vendingmac0_ where vendingmac0_.id=? and vendingmac0_.Elementi='vending_machine'
12:27:38.240 [main] DEBUG o.h.l.p.b.i.spaces.QuerySpacesImpl - Adding QuerySpace : uid = <gen:0> -> org.hibernate.loader.plan.build.internal.spaces.CollectionQuerySpaceImpl@18b74ea]
12:27:38.240 [main] DEBUG o.h.l.p.b.i.spaces.QuerySpacesImpl - Adding QuerySpace : uid = <gen:1> -> org.hibernate.loader.plan.build.internal.spaces.EntityQuerySpaceImpl@14924f41]
12:27:38.240 [main] DEBUG o.h.p.w.spi.MetamodelGraphWalker - Visiting attribute path : seller
12:27:38.240 [main] DEBUG o.h.l.p.b.i.spaces.QuerySpacesImpl - Adding QuerySpace : uid = <gen:2> -> org.hibernate.loader.plan.build.internal.spaces.EntityQuerySpaceImpl@6bcb12e6]
12:27:38.240 [main] DEBUG o.h.p.w.spi.MetamodelGraphWalker - Visiting attribute path : seller.name
12:27:38.240 [main] DEBUG o.h.p.w.spi.MetamodelGraphWalker - Visiting attribute path : seller.passes
12:27:38.240 [main] DEBUG o.h.p.w.spi.MetamodelGraphWalker - Property path deemed to be circular : seller.passes
12:27:38.240 [main] DEBUG o.h.p.w.spi.MetamodelGraphWalker - Visiting attribute path : seller.tickets
12:27:38.240 [main] DEBUG o.h.p.w.spi.MetamodelGraphWalker - Property path deemed to be circular : seller.tickets
12:27:38.240 [main] DEBUG o.h.p.w.spi.MetamodelGraphWalker - Visiting attribute path : seller.people
12:27:38.240 [main] DEBUG o.h.l.p.b.i.spaces.QuerySpacesImpl - Adding QuerySpace : uid = <gen:3> -> org.hibernate.loader.plan.build.internal.spaces.CollectionQuerySpaceImpl@29c17c3d]
12:27:38.240 [main] DEBUG o.h.l.p.b.i.spaces.QuerySpacesImpl - Adding QuerySpace : uid = <gen:4> -> org.hibernate.loader.plan.build.internal.spaces.EntityQuerySpaceImpl@250a9031]
12:27:38.240 [main] DEBUG o.h.p.w.spi.MetamodelGraphWalker - Visiting attribute path : seller.isWorking
12:27:38.240 [main] DEBUG o.h.p.w.spi.MetamodelGraphWalker - Visiting attribute path : person
12:27:38.240 [main] DEBUG o.h.l.p.b.i.spaces.QuerySpacesImpl - Adding QuerySpace : uid = <gen:5> -> org.hibernate.loader.plan.build.internal.spaces.EntityQuerySpaceImpl@1665fa54]
12:27:38.240 [main] DEBUG o.h.p.w.spi.MetamodelGraphWalker - Visiting attribute path : person.birthdate
12:27:38.240 [main] DEBUG o.h.p.w.spi.MetamodelGraphWalker - Visiting attribute path : person.firstName
12:27:38.241 [main] DEBUG o.h.p.w.spi.MetamodelGraphWalker - Visiting attribute path : person.lastName
12:27:38.241 [main] DEBUG o.h.p.w.spi.MetamodelGraphWalker - Visiting attribute path : person.cardNum
12:27:38.241 [main] DEBUG o.h.l.p.b.i.spaces.QuerySpacesImpl - Adding QuerySpace : uid = <gen:6> -> org.hibernate.loader.plan.build.internal.spaces.EntityQuerySpaceImpl@4f654cee]
12:27:38.241 [main] DEBUG o.h.p.w.spi.MetamodelGraphWalker - Visiting attribute path : person.cardNum.emissionDate
12:27:38.241 [main] DEBUG o.h.p.w.spi.MetamodelGraphWalker - Visiting attribute path : person.cardNum.expirationDate
12:27:38.241 [main] DEBUG o.h.p.w.spi.MetamodelGraphWalker - Visiting attribute path : person.cardNum.person
12:27:38.241 [main] DEBUG o.h.p.w.spi.MetamodelGraphWalker - Property path deemed to be circular : person.cardNum.person
12:27:38.241 [main] DEBUG o.h.p.w.spi.MetamodelGraphWalker - Visiting attribute path : sellers
12:27:38.241 [main] DEBUG o.h.l.p.b.i.spaces.QuerySpacesImpl - Adding QuerySpace : uid = <gen:7> -> org.hibernate.loader.plan.build.internal.spaces.EntityQuerySpaceImpl@7112ce6]
12:27:38.241 [main] DEBUG o.h.p.w.spi.MetamodelGraphWalker - Visiting attribute path : sellers.name
12:27:38.241 [main] DEBUG o.h.p.w.spi.MetamodelGraphWalker - Visiting attribute path : sellers.passes
12:27:38.241 [main] DEBUG o.h.p.w.spi.MetamodelGraphWalker - Property path deemed to be circular : sellers.passes
12:27:38.241 [main] DEBUG o.h.p.w.spi.MetamodelGraphWalker - Visiting attribute path : sellers.tickets
12:27:38.241 [main] DEBUG o.h.p.w.spi.MetamodelGraphWalker - Property path deemed to be circular : sellers.tickets
12:27:38.241 [main] DEBUG o.h.p.w.spi.MetamodelGraphWalker - Visiting attribute path : sellers.people
12:27:38.241 [main] DEBUG o.h.l.p.b.i.spaces.QuerySpacesImpl - Adding QuerySpace : uid = <gen:8> -> org.hibernate.loader.plan.build.internal.spaces.CollectionQuerySpaceImpl@30ec7d21]
12:27:38.241 [main] DEBUG o.h.l.p.b.i.spaces.QuerySpacesImpl - Adding QuerySpace : uid = <gen:9> -> org.hibernate.loader.plan.build.internal.spaces.EntityQuerySpaceImpl@70025b99]
12:27:38.241 [main] DEBUG o.h.p.w.spi.MetamodelGraphWalker - Visiting attribute path : sellers.isWorking
12:27:38.241 [main] DEBUG o.h.p.w.spi.MetamodelGraphWalker - Visiting attribute path : validity
12:27:38.241 [main] DEBUG o.h.l.p.b.i.FetchStyleLoadPlanBuildingAssociationVisitationStrategy - Building LoadPlan...
12:27:38.243 [main] DEBUG o.h.l.p.e.i.LoadQueryJoinAndFetchProcessor - processing queryspace <gen:0>
12:27:38.243 [main] DEBUG o.h.l.p.b.spi.LoadPlanTreePrinter - LoadPlan(collection=Abstract.TicketSeller.tickets)
    - Returns
       - CollectionReturnImpl(collection=Abstract.TicketSeller.tickets, querySpaceUid=<gen:0>, path=[Abstract.TicketSeller.tickets])
          - (collection element) CollectionFetchableElementEntityGraph(entity=Classes.Ticket, querySpaceUid=<gen:1>, path=[Abstract.TicketSeller.tickets].<elements>)
             - EntityAttributeFetchImpl(entity=Abstract.TicketSeller, querySpaceUid=<gen:2>, path=[Abstract.TicketSeller.tickets].<elements>.seller)
                - CollectionAttributeFetchImpl(collection=Classes.Shop.people, querySpaceUid=<gen:3>, path=[Abstract.TicketSeller.tickets].<elements>.seller.people)
                   - (collection element) CollectionFetchableElementEntityGraph(entity=Classes.Person, querySpaceUid=<gen:4>, path=[Abstract.TicketSeller.tickets].<elements>.seller.people.<elements>)
             - EntityAttributeFetchImpl(entity=Classes.Person, querySpaceUid=<gen:5>, path=[Abstract.TicketSeller.tickets].<elements>.person)
                - EntityAttributeFetchImpl(entity=Classes.Card, querySpaceUid=<gen:6>, path=[Abstract.TicketSeller.tickets].<elements>.person.cardNum)
             - EntityAttributeFetchImpl(entity=Abstract.TicketSeller, querySpaceUid=<gen:7>, path=[Abstract.TicketSeller.tickets].<elements>.sellers)
                - CollectionAttributeFetchImpl(collection=Classes.Shop.people, querySpaceUid=<gen:8>, path=[Abstract.TicketSeller.tickets].<elements>.sellers.people)
                   - (collection element) CollectionFetchableElementEntityGraph(entity=Classes.Person, querySpaceUid=<gen:9>, path=[Abstract.TicketSeller.tickets].<elements>.sellers.people.<elements>)
    - QuerySpaces
       - CollectionQuerySpaceImpl(uid=<gen:0>, collection=Abstract.TicketSeller.tickets)
          - SQL table alias mapping - tickets0_
          - alias suffix - 0_
          - suffixed key columns - {ticketse1_5_0_}
          - entity-element alias suffix - 1_
          - 1_entity-element suffixed key columns - id2_2_1_
          - JOIN (JoinDefinedByMetadata(elements)) : <gen:0> -> <gen:1>
             - EntityQuerySpaceImpl(uid=<gen:1>, entity=Classes.Ticket)
                - SQL table alias mapping - ticket1_
                - alias suffix - 1_
                - suffixed key columns - {id2_2_1_}
                - JOIN (JoinDefinedByMetadata(seller)) : <gen:1> -> <gen:2>
                   - EntityQuerySpaceImpl(uid=<gen:2>, entity=Abstract.TicketSeller)
                      - SQL table alias mapping - ticketsell2_
                      - alias suffix - 2_
                      - suffixed key columns - {id2_3_2_}
                - JOIN (JoinDefinedByMetadata(person)) : <gen:1> -> <gen:5>
                   - EntityQuerySpaceImpl(uid=<gen:5>, entity=Classes.Person)
                      - SQL table alias mapping - person3_
                      - alias suffix - 3_
                      - suffixed key columns - {id1_1_3_}
                      - JOIN (JoinDefinedByMetadata(cardNum)) : <gen:5> -> <gen:6>
                         - EntityQuerySpaceImpl(uid=<gen:6>, entity=Classes.Card)
                            - SQL table alias mapping - card4_
                            - alias suffix - 4_
                            - suffixed key columns - {id1_0_4_}
                - JOIN (JoinDefinedByMetadata(sellers)) : <gen:1> -> <gen:7>
                   - EntityQuerySpaceImpl(uid=<gen:7>, entity=Abstract.TicketSeller)
                      - SQL table alias mapping - ticketsell5_
                      - alias suffix - 5_
                      - suffixed key columns - {id2_3_5_}

12:27:38.244 [main] DEBUG o.h.l.c.plan.CollectionLoader - Static select for collection Abstract.TicketSeller.tickets: select tickets0_.TicketSeller_id as ticketse1_5_0_, tickets0_.tickets_id as tickets_2_5_0_, ticket1_.id as id2_2_1_, ticket1_.seller_id as seller_i4_2_1_, ticket1_.person_id as person_i5_2_1_, ticket1_.sellers_id as sellers_6_2_1_, ticket1_.validity as validity3_2_1_, ticket1_.DTYPE as dtype1_2_1_, ticketsell2_.id as id2_3_2_, ticketsell2_.seller_name as seller_n3_3_2_, ticketsell2_.isWorking as isworkin4_3_2_, ticketsell2_.Elementi as elementi1_3_2_, person3_.id as id1_1_3_, person3_.birthdate as birthdat2_1_3_, person3_.firstName as firstnam3_1_3_, person3_.lastName as lastname4_1_3_, card4_.id as id1_0_4_, card4_.emissionDate as emission2_0_4_, card4_.expirationDate as expirati3_0_4_, card4_.person_id as person_i4_0_4_, ticketsell5_.id as id2_3_5_, ticketsell5_.seller_name as seller_n3_3_5_, ticketsell5_.isWorking as isworkin4_3_5_, ticketsell5_.Elementi as elementi1_3_5_ from TicketSeller_Ticket tickets0_ inner join Ticket ticket1_ on tickets0_.tickets_id=ticket1_.id left outer join TicketSeller ticketsell2_ on ticket1_.seller_id=ticketsell2_.id left outer join Person person3_ on ticket1_.person_id=person3_.id left outer join Card card4_ on person3_.id=card4_.person_id left outer join TicketSeller ticketsell5_ on ticket1_.sellers_id=ticketsell5_.id where tickets0_.TicketSeller_id=?
12:27:38.244 [main] DEBUG o.h.l.p.b.i.spaces.QuerySpacesImpl - Adding QuerySpace : uid = <gen:0> -> org.hibernate.loader.plan.build.internal.spaces.CollectionQuerySpaceImpl@798dad3d]
12:27:38.244 [main] DEBUG o.h.l.p.b.i.spaces.QuerySpacesImpl - Adding QuerySpace : uid = <gen:1> -> org.hibernate.loader.plan.build.internal.spaces.EntityQuerySpaceImpl@27abb6ca]
12:27:38.244 [main] DEBUG o.h.p.w.spi.MetamodelGraphWalker - Visiting attribute path : seller
12:27:38.244 [main] DEBUG o.h.l.p.b.i.spaces.QuerySpacesImpl - Adding QuerySpace : uid = <gen:2> -> org.hibernate.loader.plan.build.internal.spaces.EntityQuerySpaceImpl@7d986d83]
12:27:38.244 [main] DEBUG o.h.p.w.spi.MetamodelGraphWalker - Visiting attribute path : seller.name
12:27:38.244 [main] DEBUG o.h.p.w.spi.MetamodelGraphWalker - Visiting attribute path : seller.passes
12:27:38.244 [main] DEBUG o.h.p.w.spi.MetamodelGraphWalker - Property path deemed to be circular : seller.passes
12:27:38.244 [main] DEBUG o.h.p.w.spi.MetamodelGraphWalker - Visiting attribute path : seller.tickets
12:27:38.244 [main] DEBUG o.h.p.w.spi.MetamodelGraphWalker - Property path deemed to be circular : seller.tickets
12:27:38.244 [main] DEBUG o.h.p.w.spi.MetamodelGraphWalker - Visiting attribute path : seller.people
12:27:38.244 [main] DEBUG o.h.l.p.b.i.spaces.QuerySpacesImpl - Adding QuerySpace : uid = <gen:3> -> org.hibernate.loader.plan.build.internal.spaces.CollectionQuerySpaceImpl@3a7e365]
12:27:38.244 [main] DEBUG o.h.l.p.b.i.spaces.QuerySpacesImpl - Adding QuerySpace : uid = <gen:4> -> org.hibernate.loader.plan.build.internal.spaces.EntityQuerySpaceImpl@2ceee4b6]
12:27:38.244 [main] DEBUG o.h.p.w.spi.MetamodelGraphWalker - Visiting attribute path : seller.isWorking
12:27:38.244 [main] DEBUG o.h.p.w.spi.MetamodelGraphWalker - Visiting attribute path : person
12:27:38.244 [main] DEBUG o.h.l.p.b.i.spaces.QuerySpacesImpl - Adding QuerySpace : uid = <gen:5> -> org.hibernate.loader.plan.build.internal.spaces.EntityQuerySpaceImpl@12a470dd]
12:27:38.244 [main] DEBUG o.h.p.w.spi.MetamodelGraphWalker - Visiting attribute path : person.birthdate
12:27:38.244 [main] DEBUG o.h.p.w.spi.MetamodelGraphWalker - Visiting attribute path : person.firstName
12:27:38.244 [main] DEBUG o.h.p.w.spi.MetamodelGraphWalker - Visiting attribute path : person.lastName
12:27:38.244 [main] DEBUG o.h.p.w.spi.MetamodelGraphWalker - Visiting attribute path : person.cardNum
12:27:38.244 [main] DEBUG o.h.l.p.b.i.spaces.QuerySpacesImpl - Adding QuerySpace : uid = <gen:6> -> org.hibernate.loader.plan.build.internal.spaces.EntityQuerySpaceImpl@5568c66f]
12:27:38.244 [main] DEBUG o.h.p.w.spi.MetamodelGraphWalker - Visiting attribute path : person.cardNum.emissionDate
12:27:38.244 [main] DEBUG o.h.p.w.spi.MetamodelGraphWalker - Visiting attribute path : person.cardNum.expirationDate
12:27:38.244 [main] DEBUG o.h.p.w.spi.MetamodelGraphWalker - Visiting attribute path : person.cardNum.person
12:27:38.244 [main] DEBUG o.h.p.w.spi.MetamodelGraphWalker - Property path deemed to be circular : person.cardNum.person
12:27:38.244 [main] DEBUG o.h.p.w.spi.MetamodelGraphWalker - Visiting attribute path : sellers
12:27:38.244 [main] DEBUG o.h.l.p.b.i.spaces.QuerySpacesImpl - Adding QuerySpace : uid = <gen:7> -> org.hibernate.loader.plan.build.internal.spaces.EntityQuerySpaceImpl@3f6bf8aa]
12:27:38.244 [main] DEBUG o.h.p.w.spi.MetamodelGraphWalker - Visiting attribute path : sellers.name
12:27:38.244 [main] DEBUG o.h.p.w.spi.MetamodelGraphWalker - Visiting attribute path : sellers.passes
12:27:38.244 [main] DEBUG o.h.p.w.spi.MetamodelGraphWalker - Property path deemed to be circular : sellers.passes
12:27:38.244 [main] DEBUG o.h.p.w.spi.MetamodelGraphWalker - Visiting attribute path : sellers.tickets
12:27:38.244 [main] DEBUG o.h.p.w.spi.MetamodelGraphWalker - Property path deemed to be circular : sellers.tickets
12:27:38.244 [main] DEBUG o.h.p.w.spi.MetamodelGraphWalker - Visiting attribute path : sellers.people
12:27:38.244 [main] DEBUG o.h.l.p.b.i.spaces.QuerySpacesImpl - Adding QuerySpace : uid = <gen:8> -> org.hibernate.loader.plan.build.internal.spaces.CollectionQuerySpaceImpl@4bdf]
12:27:38.245 [main] DEBUG o.h.l.p.b.i.spaces.QuerySpacesImpl - Adding QuerySpace : uid = <gen:9> -> org.hibernate.loader.plan.build.internal.spaces.EntityQuerySpaceImpl@4cad79bc]
12:27:38.245 [main] DEBUG o.h.p.w.spi.MetamodelGraphWalker - Visiting attribute path : sellers.isWorking
12:27:38.245 [main] DEBUG o.h.p.w.spi.MetamodelGraphWalker - Visiting attribute path : validity
12:27:38.245 [main] DEBUG o.h.l.p.b.i.FetchStyleLoadPlanBuildingAssociationVisitationStrategy - Building LoadPlan...
12:27:38.245 [main] DEBUG o.h.l.p.e.i.LoadQueryJoinAndFetchProcessor - processing queryspace <gen:0>
12:27:38.245 [main] DEBUG o.h.l.p.b.spi.LoadPlanTreePrinter - LoadPlan(collection=Abstract.TicketSeller.passes)
    - Returns
       - CollectionReturnImpl(collection=Abstract.TicketSeller.passes, querySpaceUid=<gen:0>, path=[Abstract.TicketSeller.passes])
          - (collection element) CollectionFetchableElementEntityGraph(entity=Classes.Pass, querySpaceUid=<gen:1>, path=[Abstract.TicketSeller.passes].<elements>)
             - EntityAttributeFetchImpl(entity=Abstract.TicketSeller, querySpaceUid=<gen:2>, path=[Abstract.TicketSeller.passes].<elements>.seller)
                - CollectionAttributeFetchImpl(collection=Classes.Shop.people, querySpaceUid=<gen:3>, path=[Abstract.TicketSeller.passes].<elements>.seller.people)
                   - (collection element) CollectionFetchableElementEntityGraph(entity=Classes.Person, querySpaceUid=<gen:4>, path=[Abstract.TicketSeller.passes].<elements>.seller.people.<elements>)
             - EntityAttributeFetchImpl(entity=Classes.Person, querySpaceUid=<gen:5>, path=[Abstract.TicketSeller.passes].<elements>.person)
                - EntityAttributeFetchImpl(entity=Classes.Card, querySpaceUid=<gen:6>, path=[Abstract.TicketSeller.passes].<elements>.person.cardNum)
             - EntityAttributeFetchImpl(entity=Abstract.TicketSeller, querySpaceUid=<gen:7>, path=[Abstract.TicketSeller.passes].<elements>.sellers)
                - CollectionAttributeFetchImpl(collection=Classes.Shop.people, querySpaceUid=<gen:8>, path=[Abstract.TicketSeller.passes].<elements>.sellers.people)
                   - (collection element) CollectionFetchableElementEntityGraph(entity=Classes.Person, querySpaceUid=<gen:9>, path=[Abstract.TicketSeller.passes].<elements>.sellers.people.<elements>)
    - QuerySpaces
       - CollectionQuerySpaceImpl(uid=<gen:0>, collection=Abstract.TicketSeller.passes)
          - SQL table alias mapping - passes0_
          - alias suffix - 0_
          - suffixed key columns - {ticketse1_5_0_}
          - entity-element alias suffix - 1_
          - 1_entity-element suffixed key columns - id2_2_1_
          - JOIN (JoinDefinedByMetadata(elements)) : <gen:0> -> <gen:1>
             - EntityQuerySpaceImpl(uid=<gen:1>, entity=Classes.Pass)
                - SQL table alias mapping - pass1_
                - alias suffix - 1_
                - suffixed key columns - {id2_2_1_}
                - JOIN (JoinDefinedByMetadata(seller)) : <gen:1> -> <gen:2>
                   - EntityQuerySpaceImpl(uid=<gen:2>, entity=Abstract.TicketSeller)
                      - SQL table alias mapping - ticketsell2_
                      - alias suffix - 2_
                      - suffixed key columns - {id2_3_2_}
                - JOIN (JoinDefinedByMetadata(person)) : <gen:1> -> <gen:5>
                   - EntityQuerySpaceImpl(uid=<gen:5>, entity=Classes.Person)
                      - SQL table alias mapping - person3_
                      - alias suffix - 3_
                      - suffixed key columns - {id1_1_3_}
                      - JOIN (JoinDefinedByMetadata(cardNum)) : <gen:5> -> <gen:6>
                         - EntityQuerySpaceImpl(uid=<gen:6>, entity=Classes.Card)
                            - SQL table alias mapping - card4_
                            - alias suffix - 4_
                            - suffixed key columns - {id1_0_4_}
                - JOIN (JoinDefinedByMetadata(sellers)) : <gen:1> -> <gen:7>
                   - EntityQuerySpaceImpl(uid=<gen:7>, entity=Abstract.TicketSeller)
                      - SQL table alias mapping - ticketsell5_
                      - alias suffix - 5_
                      - suffixed key columns - {id2_3_5_}

12:27:38.245 [main] DEBUG o.h.l.c.plan.CollectionLoader - Static select for collection Abstract.TicketSeller.passes: select passes0_.TicketSeller_id as ticketse1_5_0_, passes0_.passes_id as passes_i3_5_0_, pass1_.id as id2_2_1_, pass1_.seller_id as seller_i4_2_1_, pass1_.person_id as person_i5_2_1_, pass1_.sellers_id as sellers_6_2_1_, pass1_.validity as validity3_2_1_, ticketsell2_.id as id2_3_2_, ticketsell2_.seller_name as seller_n3_3_2_, ticketsell2_.isWorking as isworkin4_3_2_, ticketsell2_.Elementi as elementi1_3_2_, person3_.id as id1_1_3_, person3_.birthdate as birthdat2_1_3_, person3_.firstName as firstnam3_1_3_, person3_.lastName as lastname4_1_3_, card4_.id as id1_0_4_, card4_.emissionDate as emission2_0_4_, card4_.expirationDate as expirati3_0_4_, card4_.person_id as person_i4_0_4_, ticketsell5_.id as id2_3_5_, ticketsell5_.seller_name as seller_n3_3_5_, ticketsell5_.isWorking as isworkin4_3_5_, ticketsell5_.Elementi as elementi1_3_5_ from TicketSeller_Ticket passes0_ inner join Ticket pass1_ on passes0_.passes_id=pass1_.id left outer join TicketSeller ticketsell2_ on pass1_.seller_id=ticketsell2_.id left outer join Person person3_ on pass1_.person_id=person3_.id left outer join Card card4_ on person3_.id=card4_.person_id left outer join TicketSeller ticketsell5_ on pass1_.sellers_id=ticketsell5_.id where passes0_.TicketSeller_id=?
12:27:38.245 [main] DEBUG o.h.l.p.b.i.spaces.QuerySpacesImpl - Adding QuerySpace : uid = <gen:0> -> org.hibernate.loader.plan.build.internal.spaces.CollectionQuerySpaceImpl@2c63762b]
12:27:38.245 [main] DEBUG o.h.l.p.b.i.spaces.QuerySpacesImpl - Adding QuerySpace : uid = <gen:1> -> org.hibernate.loader.plan.build.internal.spaces.EntityQuerySpaceImpl@7a9eccc4]
12:27:38.245 [main] DEBUG o.h.p.w.spi.MetamodelGraphWalker - Visiting attribute path : birthdate
12:27:38.245 [main] DEBUG o.h.p.w.spi.MetamodelGraphWalker - Visiting attribute path : firstName
12:27:38.245 [main] DEBUG o.h.p.w.spi.MetamodelGraphWalker - Visiting attribute path : lastName
12:27:38.245 [main] DEBUG o.h.p.w.spi.MetamodelGraphWalker - Visiting attribute path : cardNum
12:27:38.245 [main] DEBUG o.h.l.p.b.i.spaces.QuerySpacesImpl - Adding QuerySpace : uid = <gen:2> -> org.hibernate.loader.plan.build.internal.spaces.EntityQuerySpaceImpl@68e02f33]
12:27:38.245 [main] DEBUG o.h.p.w.spi.MetamodelGraphWalker - Visiting attribute path : cardNum.emissionDate
12:27:38.245 [main] DEBUG o.h.p.w.spi.MetamodelGraphWalker - Visiting attribute path : cardNum.expirationDate
12:27:38.245 [main] DEBUG o.h.p.w.spi.MetamodelGraphWalker - Visiting attribute path : cardNum.person
12:27:38.245 [main] DEBUG o.h.p.w.spi.MetamodelGraphWalker - Property path deemed to be circular : cardNum.person
12:27:38.245 [main] DEBUG o.h.l.p.b.i.FetchStyleLoadPlanBuildingAssociationVisitationStrategy - Building LoadPlan...
12:27:38.245 [main] DEBUG o.h.l.p.e.i.LoadQueryJoinAndFetchProcessor - processing queryspace <gen:0>
12:27:38.246 [main] DEBUG o.h.l.p.b.spi.LoadPlanTreePrinter - LoadPlan(collection=Classes.Shop.people)
    - Returns
       - CollectionReturnImpl(collection=Classes.Shop.people, querySpaceUid=<gen:0>, path=[Classes.Shop.people])
          - (collection element) CollectionFetchableElementEntityGraph(entity=Classes.Person, querySpaceUid=<gen:1>, path=[Classes.Shop.people].<elements>)
             - EntityAttributeFetchImpl(entity=Classes.Card, querySpaceUid=<gen:2>, path=[Classes.Shop.people].<elements>.cardNum)
    - QuerySpaces
       - CollectionQuerySpaceImpl(uid=<gen:0>, collection=Classes.Shop.people)
          - SQL table alias mapping - people0_
          - alias suffix - 0_
          - suffixed key columns - {shop_id1_4_0_}
          - entity-element alias suffix - 1_
          - 1_entity-element suffixed key columns - id1_1_1_
          - JOIN (JoinDefinedByMetadata(elements)) : <gen:0> -> <gen:1>
             - EntityQuerySpaceImpl(uid=<gen:1>, entity=Classes.Person)
                - SQL table alias mapping - person1_
                - alias suffix - 1_
                - suffixed key columns - {id1_1_1_}
                - JOIN (JoinDefinedByMetadata(cardNum)) : <gen:1> -> <gen:2>
                   - EntityQuerySpaceImpl(uid=<gen:2>, entity=Classes.Card)
                      - SQL table alias mapping - card2_
                      - alias suffix - 2_
                      - suffixed key columns - {id1_0_2_}

12:27:38.246 [main] DEBUG o.h.l.c.plan.CollectionLoader - Static select for collection Classes.Shop.people: select people0_.Shop_id as shop_id1_4_0_, people0_.people_id as people_i2_4_0_, person1_.id as id1_1_1_, person1_.birthdate as birthdat2_1_1_, person1_.firstName as firstnam3_1_1_, person1_.lastName as lastname4_1_1_, card2_.id as id1_0_2_, card2_.emissionDate as emission2_0_2_, card2_.expirationDate as expirati3_0_2_, card2_.person_id as person_i4_0_2_ from TicketSeller_Person people0_ inner join Person person1_ on people0_.people_id=person1_.id left outer join Card card2_ on person1_.id=card2_.person_id where people0_.Shop_id=?
12:27:38.269 [main] INFO  o.hibernate.orm.connections.access - HHH10001501: Connection obtained from JdbcConnectionAccess [org.hibernate.engine.jdbc.env.internal.JdbcEnvironmentInitiator$ConnectionProviderJdbcConnectionAccess@629984eb] for (non-JTA) DDL execution was not in auto-commit mode; the Connection 'local transaction' will be committed and the Connection will be set into auto-commit mode.
12:27:38.287 [main] DEBUG org.hibernate.mapping.Table - No alter strings for table : Card
12:27:38.287 [main] DEBUG org.hibernate.mapping.Table - No alter strings for table : Person
12:27:38.287 [main] DEBUG org.hibernate.mapping.Table - No alter strings for table : Ticket
12:27:38.287 [main] DEBUG org.hibernate.mapping.Table - No alter strings for table : TicketSeller
12:27:38.287 [main] DEBUG org.hibernate.mapping.Table - No alter strings for table : TicketSeller_Person
12:27:38.287 [main] DEBUG org.hibernate.mapping.Table - No alter strings for table : TicketSeller_Ticket
12:27:38.346 [main] DEBUG o.h.e.t.j.p.i.JtaPlatformInitiator - No JtaPlatform was specified, checking resolver
12:27:38.347 [main] DEBUG o.h.e.t.j.p.i.JtaPlatformResolverInitiator - No JtaPlatformResolver was specified, using default [org.hibernate.engine.transaction.jta.platform.internal.StandardJtaPlatformResolver]
12:27:38.349 [main] DEBUG o.h.e.t.j.p.i.StandardJtaPlatformResolver - Could not resolve JtaPlatform, using default [org.hibernate.engine.transaction.jta.platform.internal.NoJtaPlatform]
12:27:38.349 [main] INFO  o.h.e.t.j.p.i.JtaPlatformInitiator - HHH000490: Using JtaPlatform implementation: [org.hibernate.engine.transaction.jta.platform.internal.NoJtaPlatform]
12:27:38.352 [main] DEBUG o.h.s.i.SessionFactoryServiceRegistryImpl - EventListenerRegistry access via ServiceRegistry is deprecated.  Use `sessionFactory.getEventEngine().getListenerRegistry()` instead
12:27:38.354 [main] DEBUG o.h.h.i.QueryTranslatorFactoryInitiator - QueryTranslatorFactory: org.hibernate.hql.internal.ast.ASTQueryTranslatorFactory@52226e57
12:27:38.357 [main] DEBUG o.h.query.spi.NamedQueryRepository - Checking 0 named HQL queries
12:27:38.357 [main] DEBUG o.h.query.spi.NamedQueryRepository - Checking 0 named SQL queries
12:27:38.358 [main] DEBUG o.h.internal.SessionFactoryRegistry - Initializing SessionFactoryRegistry : org.hibernate.internal.SessionFactoryRegistry@634ff56
12:27:38.360 [main] DEBUG o.h.internal.SessionFactoryRegistry - Registering SessionFactory: d7de5aaf-9057-4678-8b01-80ba2fd36990 (<unnamed>)
12:27:38.360 [main] DEBUG o.h.internal.SessionFactoryRegistry - Not binding SessionFactory to JNDI, no JNDI name configured
12:27:38.388 [main] DEBUG o.h.s.internal.StatisticsInitiator - Statistics initialized [enabled=false]
12:27:38.392 [main] DEBUG o.h.e.t.internal.TransactionImpl - On TransactionImpl creation, JpaCompliance#isJpaTransactionComplianceEnabled == false
12:27:38.392 [main] DEBUG o.h.e.t.internal.TransactionImpl - begin
12:27:38.400 [main] DEBUG o.hibernate.engine.spi.ActionQueue - Executing identity-insert immediately
12:27:38.401 [main] DEBUG org.hibernate.SQL - insert into Card (emissionDate, expirationDate, person_id) values (?, ?, ?)
12:27:38.404 [main] DEBUG o.h.id.IdentifierGeneratorHelper - Natively generated identity: 2
12:27:38.404 [main] DEBUG o.h.r.j.i.ResourceRegistryStandardImpl - HHH000387: ResultSet's statement was not registered
12:27:38.406 [main] DEBUG o.h.e.t.internal.TransactionImpl - committing
12:27:38.406 [main] DEBUG o.h.e.i.AbstractFlushingEventListener - Processing flush-time cascades
12:27:38.406 [main] DEBUG o.h.e.i.AbstractFlushingEventListener - Dirty checking collections
12:27:38.408 [main] DEBUG o.h.e.i.AbstractFlushingEventListener - Flushed: 0 insertions, 0 updates, 0 deletions to 1 objects
12:27:38.408 [main] DEBUG o.h.e.i.AbstractFlushingEventListener - Flushed: 0 (re)creations, 0 updates, 0 removals to 0 collections
12:27:38.409 [main] DEBUG o.h.internal.util.EntityPrinter - Listing entities:
12:27:38.409 [main] DEBUG o.h.internal.util.EntityPrinter - Classes.Card{emissionDate=2023-02-12, person=null, id=2, expirationDate=2024-02-12}
12:27:38.413 [main] DEBUG o.h.r.j.i.LogicalConnectionManagedImpl - Initiating JDBC connection release from afterTransaction
12:27:38.413 [main] DEBUG o.h.r.j.i.LogicalConnectionManagedImpl - Initiating JDBC connection release from afterTransaction
12:27:38.415 [main] DEBUG org.hibernate.loader.Loader - Static select for action ACTION_REFRESH on entity Classes.Card: select card0_.id as id1_0_0_, card0_.emissionDate as emission2_0_0_, card0_.expirationDate as expirati3_0_0_, card0_.person_id as person_i4_0_0_ from Card card0_ where card0_.id=?
12:27:38.415 [main] DEBUG org.hibernate.loader.Loader - Loading entity: [Classes.Card#2]
12:27:38.417 [main] DEBUG org.hibernate.SQL - select card0_.id as id1_0_0_, card0_.emissionDate as emission2_0_0_, card0_.expirationDate as expirati3_0_0_, card0_.person_id as person_i4_0_0_ from Card card0_ where card0_.id=?
12:27:38.418 [main] DEBUG org.hibernate.loader.Loader - Result set row: 0
12:27:38.419 [main] DEBUG org.hibernate.loader.Loader - Result row: EntityKey[Classes.Card#2]
12:27:38.421 [main] DEBUG o.h.engine.internal.TwoPhaseLoad - Resolving attributes for [Classes.Card#2]
12:27:38.421 [main] DEBUG o.h.engine.internal.TwoPhaseLoad - Processing attribute `emissionDate` : value = 2023-02-12
12:27:38.421 [main] DEBUG o.h.engine.internal.TwoPhaseLoad - Attribute (`emissionDate`)  - enhanced for lazy-loading? - false
12:27:38.421 [main] DEBUG o.h.engine.internal.TwoPhaseLoad - Processing attribute `expirationDate` : value = 2024-02-12
12:27:38.421 [main] DEBUG o.h.engine.internal.TwoPhaseLoad - Attribute (`expirationDate`)  - enhanced for lazy-loading? - false
12:27:38.422 [main] DEBUG o.h.engine.internal.TwoPhaseLoad - Processing attribute `person` : value = null
12:27:38.422 [main] DEBUG o.h.engine.internal.TwoPhaseLoad - Attribute (`person`)  - enhanced for lazy-loading? - false
12:27:38.422 [main] DEBUG o.h.engine.internal.TwoPhaseLoad - Done materializing entity [Classes.Card#2]
12:27:38.423 [main] DEBUG org.hibernate.loader.Loader - Done entity load
12:27:38.423 [main] DEBUG o.h.e.t.internal.TransactionImpl - On TransactionImpl creation, JpaCompliance#isJpaTransactionComplianceEnabled == false
12:27:38.423 [main] DEBUG o.h.e.t.internal.TransactionImpl - begin
12:27:38.456 [main] DEBUG o.hibernate.engine.spi.ActionQueue - Executing identity-insert immediately
12:27:38.456 [main] DEBUG org.hibernate.SQL - insert into Person (birthdate, firstName, lastName) values (?, ?, ?)
12:27:38.458 [main] DEBUG o.h.id.IdentifierGeneratorHelper - Natively generated identity: 4
12:27:38.458 [main] DEBUG o.h.r.j.i.ResourceRegistryStandardImpl - HHH000387: ResultSet's statement was not registered
12:27:38.458 [main] DEBUG o.h.e.t.internal.TransactionImpl - committing
12:27:38.458 [main] DEBUG o.h.e.i.AbstractFlushingEventListener - Processing flush-time cascades
12:27:38.458 [main] DEBUG o.h.e.i.AbstractFlushingEventListener - Dirty checking collections
12:27:38.459 [main] DEBUG o.h.e.i.AbstractFlushingEventListener - Flushed: 0 insertions, 0 updates, 0 deletions to 1 objects
12:27:38.459 [main] DEBUG o.h.e.i.AbstractFlushingEventListener - Flushed: 0 (re)creations, 0 updates, 0 removals to 0 collections
12:27:38.459 [main] DEBUG o.h.internal.util.EntityPrinter - Listing entities:
12:27:38.459 [main] DEBUG o.h.internal.util.EntityPrinter - Classes.Person{firstName=Francesca, lastName=Neri, cardNum=null, birthdate=1977-03-22, id=4}
12:27:38.461 [main] DEBUG o.h.r.j.i.LogicalConnectionManagedImpl - Initiating JDBC connection release from afterTransaction
12:27:38.461 [main] DEBUG o.h.r.j.i.LogicalConnectionManagedImpl - Initiating JDBC connection release from afterTransaction
12:27:38.462 [main] DEBUG org.hibernate.loader.Loader - Static select for action ACTION_REFRESH on entity Classes.Person: select person0_.id as id1_1_0_, person0_.birthdate as birthdat2_1_0_, person0_.firstName as firstnam3_1_0_, person0_.lastName as lastname4_1_0_ from Person person0_ where person0_.id=?
12:27:38.462 [main] DEBUG org.hibernate.loader.Loader - Loading entity: [Classes.Person#4]
12:27:38.462 [main] DEBUG org.hibernate.SQL - select person0_.id as id1_1_0_, person0_.birthdate as birthdat2_1_0_, person0_.firstName as firstnam3_1_0_, person0_.lastName as lastname4_1_0_ from Person person0_ where person0_.id=?
12:27:38.463 [main] DEBUG org.hibernate.loader.Loader - Result set row: 0
12:27:38.463 [main] DEBUG org.hibernate.loader.Loader - Result row: EntityKey[Classes.Person#4]
12:27:38.463 [main] DEBUG o.h.engine.internal.TwoPhaseLoad - Resolving attributes for [Classes.Person#4]
12:27:38.463 [main] DEBUG o.h.engine.internal.TwoPhaseLoad - Processing attribute `birthdate` : value = 1977-03-22
12:27:38.463 [main] DEBUG o.h.engine.internal.TwoPhaseLoad - Attribute (`birthdate`)  - enhanced for lazy-loading? - false
12:27:38.463 [main] DEBUG o.h.engine.internal.TwoPhaseLoad - Processing attribute `firstName` : value = Francesca
12:27:38.463 [main] DEBUG o.h.engine.internal.TwoPhaseLoad - Attribute (`firstName`)  - enhanced for lazy-loading? - false
12:27:38.463 [main] DEBUG o.h.engine.internal.TwoPhaseLoad - Processing attribute `lastName` : value = Neri
12:27:38.463 [main] DEBUG o.h.engine.internal.TwoPhaseLoad - Attribute (`lastName`)  - enhanced for lazy-loading? - false
12:27:38.463 [main] DEBUG o.h.engine.internal.TwoPhaseLoad - Processing attribute `cardNum` : value = 4
12:27:38.463 [main] DEBUG o.h.engine.internal.TwoPhaseLoad - Attribute (`cardNum`)  - enhanced for lazy-loading? - false
12:27:38.464 [main] DEBUG org.hibernate.loader.Loader - Loading entity: [Classes.Card#4]
12:27:38.464 [main] DEBUG org.hibernate.SQL - select card0_.id as id1_0_1_, card0_.emissionDate as emission2_0_1_, card0_.expirationDate as expirati3_0_1_, card0_.person_id as person_i4_0_1_, person1_.id as id1_1_0_, person1_.birthdate as birthdat2_1_0_, person1_.firstName as firstnam3_1_0_, person1_.lastName as lastname4_1_0_ from Card card0_ left outer join Person person1_ on card0_.person_id=person1_.id where card0_.person_id=?
12:27:38.465 [main] DEBUG org.hibernate.loader.Loader - Done entity load
12:27:38.465 [main] DEBUG o.h.engine.internal.TwoPhaseLoad - Done materializing entity [Classes.Person#4]
12:27:38.465 [main] DEBUG org.hibernate.loader.Loader - Done entity load
12:29:00.672 [main] DEBUG org.jboss.logging - Logging Provider: org.jboss.logging.Slf4jLoggerProvider
12:29:00.730 [main] DEBUG o.h.jpa.HibernatePersistenceProvider - Located and parsed 2 persistence units; checking each
12:29:00.730 [main] DEBUG o.h.jpa.HibernatePersistenceProvider - Checking persistence-unit [name=HomeworkS3D3, explicit-provider=null] against incoming persistence unit name [BuildWeek_4]
12:29:00.730 [main] DEBUG o.h.jpa.HibernatePersistenceProvider - Excluding from consideration due to name mis-match
12:29:00.730 [main] DEBUG o.h.jpa.HibernatePersistenceProvider - Checking persistence-unit [name=BuildWeek_4, explicit-provider=null] against incoming persistence unit name [BuildWeek_4]
12:29:00.730 [main] DEBUG o.h.jpa.boot.spi.ProviderChecker - No PersistenceProvider explicitly requested, assuming Hibernate
12:29:00.734 [main] DEBUG o.h.jpa.internal.util.LogHelper - PersistenceUnitInfo [
	name: BuildWeek_4
	persistence provider classname: null
	classloader: null
	excludeUnlistedClasses: false
	JTA datasource: null
	Non JTA datasource: null
	Transaction type: RESOURCE_LOCAL
	PU root URL: file:/C:/Users/total/Desktop/All/Epicode/fs0223-Luca-Sernicola-BackEnd/BuildWeek_4/target/classes/
	Shared Cache Mode: null
	Validation Mode: null
	Jar files URLs []
	Managed classes names []
	Mapping files names []
	Properties [
		javax.persistence.jdbc.driver: org.postgresql.Driver
		javax.persistence.jdbc.password: root
		hibernate.dialect: org.hibernate.dialect.PostgreSQLDialect
		javax.persistence.jdbc.url: jdbc:postgresql://localhost:5432/BuildWeek
		hibernate.hbm2ddl.auto: update
		javax.persistence.jdbc.user: postgres]
12:29:00.736 [main] DEBUG o.h.i.internal.IntegratorServiceImpl - Adding Integrator [org.hibernate.cfg.beanvalidation.BeanValidationIntegrator].
12:29:00.737 [main] DEBUG o.h.i.internal.IntegratorServiceImpl - Adding Integrator [org.hibernate.secure.spi.JaccIntegrator].
12:29:00.740 [main] DEBUG o.h.i.internal.IntegratorServiceImpl - Adding Integrator [org.hibernate.cache.internal.CollectionCacheInvalidator].
12:29:00.763 [main] INFO  org.hibernate.Version - HHH000412: Hibernate ORM core version 5.6.15.Final
12:29:00.764 [main] DEBUG org.hibernate.cfg.Environment - HHH000206: hibernate.properties not found
12:29:00.864 [main] DEBUG o.h.service.spi.ServiceBinding - Overriding existing service binding [org.hibernate.secure.spi.JaccService]
12:29:00.872 [main] DEBUG o.h.c.i.RegionFactoryInitiator - Cannot default RegionFactory based on registered strategies as `[]` RegionFactory strategies were registered
12:29:00.873 [main] DEBUG o.h.c.i.RegionFactoryInitiator - Cache region factory : org.hibernate.cache.internal.NoCachingRegionFactory
12:29:00.884 [main] INFO  o.h.annotations.common.Version - HCANN000001: Hibernate Commons Annotations {5.1.2.Final}
12:29:00.939 [main] DEBUG o.hibernate.type.BasicTypeRegistry - Adding type registration boolean -> org.hibernate.type.BooleanType@726e5805
12:29:00.939 [main] DEBUG o.hibernate.type.BasicTypeRegistry - Adding type registration boolean -> org.hibernate.type.BooleanType@726e5805
12:29:00.939 [main] DEBUG o.hibernate.type.BasicTypeRegistry - Adding type registration java.lang.Boolean -> org.hibernate.type.BooleanType@726e5805
12:29:00.939 [main] DEBUG o.hibernate.type.BasicTypeRegistry - Adding type registration numeric_boolean -> org.hibernate.type.NumericBooleanType@e077866
12:29:00.940 [main] DEBUG o.hibernate.type.BasicTypeRegistry - Adding type registration true_false -> org.hibernate.type.TrueFalseType@a8e6492
12:29:00.940 [main] DEBUG o.hibernate.type.BasicTypeRegistry - Adding type registration yes_no -> org.hibernate.type.YesNoType@2e11485
12:29:00.941 [main] DEBUG o.hibernate.type.BasicTypeRegistry - Adding type registration byte -> org.hibernate.type.ByteType@75c9e76b
12:29:00.941 [main] DEBUG o.hibernate.type.BasicTypeRegistry - Adding type registration byte -> org.hibernate.type.ByteType@75c9e76b
12:29:00.941 [main] DEBUG o.hibernate.type.BasicTypeRegistry - Adding type registration java.lang.Byte -> org.hibernate.type.ByteType@75c9e76b
12:29:00.941 [main] DEBUG o.hibernate.type.BasicTypeRegistry - Adding type registration character -> org.hibernate.type.CharacterType@12bcd0c0
12:29:00.941 [main] DEBUG o.hibernate.type.BasicTypeRegistry - Adding type registration char -> org.hibernate.type.CharacterType@12bcd0c0
12:29:00.941 [main] DEBUG o.hibernate.type.BasicTypeRegistry - Adding type registration java.lang.Character -> org.hibernate.type.CharacterType@12bcd0c0
12:29:00.942 [main] DEBUG o.hibernate.type.BasicTypeRegistry - Adding type registration short -> org.hibernate.type.ShortType@58ebfd03
12:29:00.942 [main] DEBUG o.hibernate.type.BasicTypeRegistry - Adding type registration short -> org.hibernate.type.ShortType@58ebfd03
12:29:00.942 [main] DEBUG o.hibernate.type.BasicTypeRegistry - Adding type registration java.lang.Short -> org.hibernate.type.ShortType@58ebfd03
12:29:00.943 [main] DEBUG o.hibernate.type.BasicTypeRegistry - Adding type registration integer -> org.hibernate.type.IntegerType@5c87bfe2
12:29:00.943 [main] DEBUG o.hibernate.type.BasicTypeRegistry - Adding type registration int -> org.hibernate.type.IntegerType@5c87bfe2
12:29:00.943 [main] DEBUG o.hibernate.type.BasicTypeRegistry - Adding type registration java.lang.Integer -> org.hibernate.type.IntegerType@5c87bfe2
12:29:00.943 [main] DEBUG o.hibernate.type.BasicTypeRegistry - Adding type registration long -> org.hibernate.type.LongType@7a791b66
12:29:00.943 [main] DEBUG o.hibernate.type.BasicTypeRegistry - Adding type registration long -> org.hibernate.type.LongType@7a791b66
12:29:00.943 [main] DEBUG o.hibernate.type.BasicTypeRegistry - Adding type registration java.lang.Long -> org.hibernate.type.LongType@7a791b66
12:29:00.944 [main] DEBUG o.hibernate.type.BasicTypeRegistry - Adding type registration float -> org.hibernate.type.FloatType@4fc5e095
12:29:00.944 [main] DEBUG o.hibernate.type.BasicTypeRegistry - Adding type registration float -> org.hibernate.type.FloatType@4fc5e095
12:29:00.944 [main] DEBUG o.hibernate.type.BasicTypeRegistry - Adding type registration java.lang.Float -> org.hibernate.type.FloatType@4fc5e095
12:29:00.944 [main] DEBUG o.hibernate.type.BasicTypeRegistry - Adding type registration double -> org.hibernate.type.DoubleType@62ea3440
12:29:00.944 [main] DEBUG o.hibernate.type.BasicTypeRegistry - Adding type registration double -> org.hibernate.type.DoubleType@62ea3440
12:29:00.944 [main] DEBUG o.hibernate.type.BasicTypeRegistry - Adding type registration java.lang.Double -> org.hibernate.type.DoubleType@62ea3440
12:29:00.945 [main] DEBUG o.hibernate.type.BasicTypeRegistry - Adding type registration big_decimal -> org.hibernate.type.BigDecimalType@749c877b
12:29:00.945 [main] DEBUG o.hibernate.type.BasicTypeRegistry - Adding type registration java.math.BigDecimal -> org.hibernate.type.BigDecimalType@749c877b
12:29:00.945 [main] DEBUG o.hibernate.type.BasicTypeRegistry - Adding type registration big_integer -> org.hibernate.type.BigIntegerType@160ac7fb
12:29:00.946 [main] DEBUG o.hibernate.type.BasicTypeRegistry - Adding type registration java.math.BigInteger -> org.hibernate.type.BigIntegerType@160ac7fb
12:29:00.946 [main] DEBUG o.hibernate.type.BasicTypeRegistry - Adding type registration string -> org.hibernate.type.StringType@618c5d94
12:29:00.946 [main] DEBUG o.hibernate.type.BasicTypeRegistry - Adding type registration java.lang.String -> org.hibernate.type.StringType@618c5d94
12:29:00.946 [main] DEBUG o.hibernate.type.BasicTypeRegistry - Adding type registration nstring -> org.hibernate.type.StringNVarcharType@1e63ec0b
12:29:00.947 [main] DEBUG o.hibernate.type.BasicTypeRegistry - Adding type registration ncharacter -> org.hibernate.type.CharacterNCharType@295eaa7c
12:29:00.947 [main] DEBUG o.hibernate.type.BasicTypeRegistry - Adding type registration url -> org.hibernate.type.UrlType@1dd0e7c4
12:29:00.947 [main] DEBUG o.hibernate.type.BasicTypeRegistry - Adding type registration java.net.URL -> org.hibernate.type.UrlType@1dd0e7c4
12:29:00.947 [main] DEBUG o.hibernate.type.BasicTypeRegistry - Adding type registration Duration -> org.hibernate.type.DurationType@37bd68c3
12:29:00.947 [main] DEBUG o.hibernate.type.BasicTypeRegistry - Adding type registration java.time.Duration -> org.hibernate.type.DurationType@37bd68c3
12:29:00.949 [main] DEBUG o.hibernate.type.BasicTypeRegistry - Adding type registration Instant -> org.hibernate.type.InstantType@4bff1903
12:29:00.949 [main] DEBUG o.hibernate.type.BasicTypeRegistry - Adding type registration java.time.Instant -> org.hibernate.type.InstantType@4bff1903
12:29:00.949 [main] DEBUG o.hibernate.type.BasicTypeRegistry - Adding type registration LocalDateTime -> org.hibernate.type.LocalDateTimeType@f79a760
12:29:00.949 [main] DEBUG o.hibernate.type.BasicTypeRegistry - Adding type registration java.time.LocalDateTime -> org.hibernate.type.LocalDateTimeType@f79a760
12:29:00.950 [main] DEBUG o.hibernate.type.BasicTypeRegistry - Adding type registration LocalDate -> org.hibernate.type.LocalDateType@652a7737
12:29:00.950 [main] DEBUG o.hibernate.type.BasicTypeRegistry - Adding type registration java.time.LocalDate -> org.hibernate.type.LocalDateType@652a7737
12:29:00.950 [main] DEBUG o.hibernate.type.BasicTypeRegistry - Adding type registration LocalTime -> org.hibernate.type.LocalTimeType@4e28bdd1
12:29:00.950 [main] DEBUG o.hibernate.type.BasicTypeRegistry - Adding type registration java.time.LocalTime -> org.hibernate.type.LocalTimeType@4e28bdd1
12:29:00.951 [main] DEBUG o.hibernate.type.BasicTypeRegistry - Adding type registration OffsetDateTime -> org.hibernate.type.OffsetDateTimeType@a8c1f44
12:29:00.951 [main] DEBUG o.hibernate.type.BasicTypeRegistry - Adding type registration java.time.OffsetDateTime -> org.hibernate.type.OffsetDateTimeType@a8c1f44
12:29:00.952 [main] DEBUG o.hibernate.type.BasicTypeRegistry - Adding type registration OffsetTime -> org.hibernate.type.OffsetTimeType@78a287ed
12:29:00.952 [main] DEBUG o.hibernate.type.BasicTypeRegistry - Adding type registration java.time.OffsetTime -> org.hibernate.type.OffsetTimeType@78a287ed
12:29:00.953 [main] DEBUG o.hibernate.type.BasicTypeRegistry - Adding type registration ZonedDateTime -> org.hibernate.type.ZonedDateTimeType@2b43529a
12:29:00.953 [main] DEBUG o.hibernate.type.BasicTypeRegistry - Adding type registration java.time.ZonedDateTime -> org.hibernate.type.ZonedDateTimeType@2b43529a
12:29:00.954 [main] DEBUG o.hibernate.type.BasicTypeRegistry - Adding type registration date -> org.hibernate.type.DateType@3829ac1
12:29:00.954 [main] DEBUG o.hibernate.type.BasicTypeRegistry - Adding type registration java.sql.Date -> org.hibernate.type.DateType@3829ac1
12:29:00.954 [main] DEBUG o.hibernate.type.BasicTypeRegistry - Adding type registration time -> org.hibernate.type.TimeType@2dbe250d
12:29:00.954 [main] DEBUG o.hibernate.type.BasicTypeRegistry - Adding type registration java.sql.Time -> org.hibernate.type.TimeType@2dbe250d
12:29:00.955 [main] DEBUG o.hibernate.type.BasicTypeRegistry - Adding type registration timestamp -> org.hibernate.type.TimestampType@47404bea
12:29:00.955 [main] DEBUG o.hibernate.type.BasicTypeRegistry - Adding type registration java.sql.Timestamp -> org.hibernate.type.TimestampType@47404bea
12:29:00.955 [main] DEBUG o.hibernate.type.BasicTypeRegistry - Adding type registration java.util.Date -> org.hibernate.type.TimestampType@47404bea
12:29:00.956 [main] DEBUG o.hibernate.type.BasicTypeRegistry - Adding type registration dbtimestamp -> org.hibernate.type.DbTimestampType@29e6eb25
12:29:00.957 [main] DEBUG o.hibernate.type.BasicTypeRegistry - Adding type registration calendar -> org.hibernate.type.CalendarType@275fe372
12:29:00.957 [main] DEBUG o.hibernate.type.BasicTypeRegistry - Adding type registration java.util.Calendar -> org.hibernate.type.CalendarType@275fe372
12:29:00.957 [main] DEBUG o.hibernate.type.BasicTypeRegistry - Adding type registration java.util.GregorianCalendar -> org.hibernate.type.CalendarType@275fe372
12:29:00.958 [main] DEBUG o.hibernate.type.BasicTypeRegistry - Adding type registration calendar_date -> org.hibernate.type.CalendarDateType@366ef90e
12:29:00.958 [main] DEBUG o.hibernate.type.BasicTypeRegistry - Adding type registration calendar_time -> org.hibernate.type.CalendarTimeType@21aa6d6c
12:29:00.958 [main] DEBUG o.hibernate.type.BasicTypeRegistry - Adding type registration locale -> org.hibernate.type.LocaleType@3f446bef
12:29:00.958 [main] DEBUG o.hibernate.type.BasicTypeRegistry - Adding type registration java.util.Locale -> org.hibernate.type.LocaleType@3f446bef
12:29:00.959 [main] DEBUG o.hibernate.type.BasicTypeRegistry - Adding type registration currency -> org.hibernate.type.CurrencyType@1c80e49b
12:29:00.959 [main] DEBUG o.hibernate.type.BasicTypeRegistry - Adding type registration java.util.Currency -> org.hibernate.type.CurrencyType@1c80e49b
12:29:00.959 [main] DEBUG o.hibernate.type.BasicTypeRegistry - Adding type registration timezone -> org.hibernate.type.TimeZoneType@56f6d40b
12:29:00.959 [main] DEBUG o.hibernate.type.BasicTypeRegistry - Adding type registration java.util.TimeZone -> org.hibernate.type.TimeZoneType@56f6d40b
12:29:00.959 [main] DEBUG o.hibernate.type.BasicTypeRegistry - Adding type registration class -> org.hibernate.type.ClassType@7e3060d8
12:29:00.960 [main] DEBUG o.hibernate.type.BasicTypeRegistry - Adding type registration java.lang.Class -> org.hibernate.type.ClassType@7e3060d8
12:29:00.960 [main] DEBUG o.hibernate.type.BasicTypeRegistry - Adding type registration uuid-binary -> org.hibernate.type.UUIDBinaryType@2e54db99
12:29:00.960 [main] DEBUG o.hibernate.type.BasicTypeRegistry - Adding type registration java.util.UUID -> org.hibernate.type.UUIDBinaryType@2e54db99
12:29:00.960 [main] DEBUG o.hibernate.type.BasicTypeRegistry - Adding type registration uuid-char -> org.hibernate.type.UUIDCharType@65a4798f
12:29:00.961 [main] DEBUG o.hibernate.type.BasicTypeRegistry - Adding type registration binary -> org.hibernate.type.BinaryType@773cbf4f
12:29:00.961 [main] DEBUG o.hibernate.type.BasicTypeRegistry - Adding type registration byte[] -> org.hibernate.type.BinaryType@773cbf4f
12:29:00.961 [main] DEBUG o.hibernate.type.BasicTypeRegistry - Adding type registration [B -> org.hibernate.type.BinaryType@773cbf4f
12:29:00.961 [main] DEBUG o.hibernate.type.BasicTypeRegistry - Adding type registration wrapper-binary -> org.hibernate.type.WrapperBinaryType@69637b10
12:29:00.961 [main] DEBUG o.hibernate.type.BasicTypeRegistry - Adding type registration Byte[] -> org.hibernate.type.WrapperBinaryType@69637b10
12:29:00.961 [main] DEBUG o.hibernate.type.BasicTypeRegistry - Adding type registration [Ljava.lang.Byte; -> org.hibernate.type.WrapperBinaryType@69637b10
12:29:00.962 [main] DEBUG o.hibernate.type.BasicTypeRegistry - Adding type registration row_version -> org.hibernate.type.RowVersionType@470a696f
12:29:00.962 [main] DEBUG o.hibernate.type.BasicTypeRegistry - Adding type registration image -> org.hibernate.type.ImageType@3f1c5af9
12:29:00.963 [main] DEBUG o.hibernate.type.BasicTypeRegistry - Adding type registration characters -> org.hibernate.type.CharArrayType@1de5f0ef
12:29:00.963 [main] DEBUG o.hibernate.type.BasicTypeRegistry - Adding type registration char[] -> org.hibernate.type.CharArrayType@1de5f0ef
12:29:00.963 [main] DEBUG o.hibernate.type.BasicTypeRegistry - Adding type registration [C -> org.hibernate.type.CharArrayType@1de5f0ef
12:29:00.963 [main] DEBUG o.hibernate.type.BasicTypeRegistry - Adding type registration wrapper-characters -> org.hibernate.type.CharacterArrayType@3ce3db41
12:29:00.963 [main] DEBUG o.hibernate.type.BasicTypeRegistry - Adding type registration [Ljava.lang.Character; -> org.hibernate.type.CharacterArrayType@3ce3db41
12:29:00.963 [main] DEBUG o.hibernate.type.BasicTypeRegistry - Adding type registration Character[] -> org.hibernate.type.CharacterArrayType@3ce3db41
12:29:00.964 [main] DEBUG o.hibernate.type.BasicTypeRegistry - Adding type registration text -> org.hibernate.type.TextType@2c3dec30
12:29:00.964 [main] DEBUG o.hibernate.type.BasicTypeRegistry - Adding type registration ntext -> org.hibernate.type.NTextType@3fc9dfc5
12:29:00.965 [main] DEBUG o.hibernate.type.BasicTypeRegistry - Adding type registration blob -> org.hibernate.type.BlobType@4ba534b0
12:29:00.965 [main] DEBUG o.hibernate.type.BasicTypeRegistry - Adding type registration java.sql.Blob -> org.hibernate.type.BlobType@4ba534b0
12:29:00.965 [main] DEBUG o.hibernate.type.BasicTypeRegistry - Adding type registration materialized_blob -> org.hibernate.type.MaterializedBlobType@4e517165
12:29:00.965 [main] DEBUG o.hibernate.type.BasicTypeRegistry - Adding type registration clob -> org.hibernate.type.ClobType@34625ccd
12:29:00.966 [main] DEBUG o.hibernate.type.BasicTypeRegistry - Adding type registration java.sql.Clob -> org.hibernate.type.ClobType@34625ccd
12:29:00.966 [main] DEBUG o.hibernate.type.BasicTypeRegistry - Adding type registration nclob -> org.hibernate.type.NClobType@346939bf
12:29:00.966 [main] DEBUG o.hibernate.type.BasicTypeRegistry - Adding type registration java.sql.NClob -> org.hibernate.type.NClobType@346939bf
12:29:00.967 [main] DEBUG o.hibernate.type.BasicTypeRegistry - Adding type registration materialized_clob -> org.hibernate.type.MaterializedClobType@9bd0fa6
12:29:00.967 [main] DEBUG o.hibernate.type.BasicTypeRegistry - Adding type registration materialized_nclob -> org.hibernate.type.MaterializedNClobType@f6c03cb
12:29:00.967 [main] DEBUG o.hibernate.type.BasicTypeRegistry - Adding type registration serializable -> org.hibernate.type.SerializableType@1c9f0a20
12:29:00.970 [main] DEBUG o.hibernate.type.BasicTypeRegistry - Adding type registration object -> org.hibernate.type.ObjectType@4ae33a11
12:29:00.970 [main] DEBUG o.hibernate.type.BasicTypeRegistry - Adding type registration java.lang.Object -> org.hibernate.type.ObjectType@4ae33a11
12:29:00.970 [main] DEBUG o.hibernate.type.BasicTypeRegistry - Adding type registration imm_date -> org.hibernate.type.AdaptedImmutableType@5049d8b2
12:29:00.970 [main] DEBUG o.hibernate.type.BasicTypeRegistry - Adding type registration imm_time -> org.hibernate.type.AdaptedImmutableType@6d0b5baf
12:29:00.970 [main] DEBUG o.hibernate.type.BasicTypeRegistry - Adding type registration imm_timestamp -> org.hibernate.type.AdaptedImmutableType@631e06ab
12:29:00.970 [main] DEBUG o.hibernate.type.BasicTypeRegistry - Adding type registration imm_dbtimestamp -> org.hibernate.type.AdaptedImmutableType@2a3591c5
12:29:00.970 [main] DEBUG o.hibernate.type.BasicTypeRegistry - Adding type registration imm_calendar -> org.hibernate.type.AdaptedImmutableType@34a75079
12:29:00.970 [main] DEBUG o.hibernate.type.BasicTypeRegistry - Adding type registration imm_calendar_date -> org.hibernate.type.AdaptedImmutableType@346a361
12:29:00.970 [main] DEBUG o.hibernate.type.BasicTypeRegistry - Adding type registration imm_binary -> org.hibernate.type.AdaptedImmutableType@107ed6fc
12:29:00.970 [main] DEBUG o.hibernate.type.BasicTypeRegistry - Adding type registration imm_serializable -> org.hibernate.type.AdaptedImmutableType@1643d68f
12:29:00.978 [main] DEBUG o.h.b.internal.BootstrapContextImpl - Injecting ScanEnvironment [org.hibernate.jpa.boot.internal.StandardJpaScanEnvironmentImpl@c7a975a] into BootstrapContext; was [null]
12:29:00.978 [main] DEBUG o.h.b.internal.BootstrapContextImpl - Injecting ScanOptions [org.hibernate.boot.archive.scan.internal.StandardScanOptions@2c1b9e4b] into BootstrapContext; was [org.hibernate.boot.archive.scan.internal.StandardScanOptions@757d6814]
12:29:01.012 [main] DEBUG o.h.b.internal.BootstrapContextImpl - Injecting JPA temp ClassLoader [null] into BootstrapContext; was [null]
12:29:01.012 [main] DEBUG o.h.b.internal.ClassLoaderAccessImpl - ClassLoaderAccessImpl#injectTempClassLoader(null) [was null]
12:29:01.017 [main] DEBUG o.h.i.f.i.DefaultIdentifierGeneratorFactory - Registering IdentifierGenerator strategy [uuid2] -> [org.hibernate.id.UUIDGenerator]
12:29:01.019 [main] DEBUG o.h.i.f.i.DefaultIdentifierGeneratorFactory - Registering IdentifierGenerator strategy [guid] -> [org.hibernate.id.GUIDGenerator]
12:29:01.019 [main] DEBUG o.h.i.f.i.DefaultIdentifierGeneratorFactory - Registering IdentifierGenerator strategy [uuid] -> [org.hibernate.id.UUIDHexGenerator]
12:29:01.019 [main] DEBUG o.h.i.f.i.DefaultIdentifierGeneratorFactory - Registering IdentifierGenerator strategy [uuid.hex] -> [org.hibernate.id.UUIDHexGenerator]
12:29:01.019 [main] DEBUG o.h.i.f.i.DefaultIdentifierGeneratorFactory - Registering IdentifierGenerator strategy [assigned] -> [org.hibernate.id.Assigned]
12:29:01.020 [main] DEBUG o.h.i.f.i.DefaultIdentifierGeneratorFactory - Registering IdentifierGenerator strategy [identity] -> [org.hibernate.id.IdentityGenerator]
12:29:01.020 [main] DEBUG o.h.i.f.i.DefaultIdentifierGeneratorFactory - Registering IdentifierGenerator strategy [select] -> [org.hibernate.id.SelectGenerator]
12:29:01.021 [main] DEBUG o.h.i.f.i.DefaultIdentifierGeneratorFactory - Registering IdentifierGenerator strategy [sequence] -> [org.hibernate.id.enhanced.SequenceStyleGenerator]
12:29:01.021 [main] DEBUG o.h.i.f.i.DefaultIdentifierGeneratorFactory - Registering IdentifierGenerator strategy [seqhilo] -> [org.hibernate.id.SequenceHiLoGenerator]
12:29:01.021 [main] DEBUG o.h.i.f.i.DefaultIdentifierGeneratorFactory - Registering IdentifierGenerator strategy [increment] -> [org.hibernate.id.IncrementGenerator]
12:29:01.022 [main] DEBUG o.h.i.f.i.DefaultIdentifierGeneratorFactory - Registering IdentifierGenerator strategy [foreign] -> [org.hibernate.id.ForeignGenerator]
12:29:01.022 [main] DEBUG o.h.i.f.i.DefaultIdentifierGeneratorFactory - Registering IdentifierGenerator strategy [sequence-identity] -> [org.hibernate.id.SequenceIdentityGenerator]
12:29:01.022 [main] DEBUG o.h.i.f.i.DefaultIdentifierGeneratorFactory - Registering IdentifierGenerator strategy [enhanced-sequence] -> [org.hibernate.id.enhanced.SequenceStyleGenerator]
12:29:01.022 [main] DEBUG o.h.i.f.i.DefaultIdentifierGeneratorFactory - Registering IdentifierGenerator strategy [enhanced-table] -> [org.hibernate.id.enhanced.TableGenerator]
12:29:01.025 [main] WARN  o.hibernate.orm.connections.pooling - HHH10001002: Using Hibernate built-in connection pool (not for production use!)
12:29:01.028 [main] INFO  o.hibernate.orm.connections.pooling - HHH10001005: using driver [org.postgresql.Driver] at URL [jdbc:postgresql://localhost:5432/BuildWeek]
12:29:01.028 [main] INFO  o.hibernate.orm.connections.pooling - HHH10001001: Connection properties: {password=root, user=postgres}
12:29:01.028 [main] INFO  o.hibernate.orm.connections.pooling - HHH10001003: Autocommit mode: false
12:29:01.030 [main] DEBUG o.h.e.j.c.i.DriverManagerConnectionProviderImpl - Initializing Connection pool with 1 Connections
12:29:01.030 [main] INFO  o.h.e.j.c.i.DriverManagerConnectionProviderImpl - HHH000115: Hibernate connection pool size: 20 (min=1)
12:29:01.183 [main] DEBUG o.h.e.j.e.i.JdbcEnvironmentInitiator - Database ->
       name : PostgreSQL
    version : 15.3
      major : 15
      minor : 3
12:29:01.184 [main] DEBUG o.h.e.j.e.i.JdbcEnvironmentInitiator - Driver ->
       name : PostgreSQL JDBC Driver
    version : 42.6.0
      major : 42
      minor : 6
12:29:01.184 [main] DEBUG o.h.e.j.e.i.JdbcEnvironmentInitiator - JDBC version : 4.2
12:29:01.190 [main] INFO  org.hibernate.dialect.Dialect - HHH000400: Using dialect: org.hibernate.dialect.PostgreSQLDialect
12:29:01.198 [main] DEBUG o.h.e.j.e.s.IdentifierHelperBuilder - JDBC driver metadata reported database stores quoted identifiers in neither upper, lower nor mixed case
12:29:01.216 [main] DEBUG o.hibernate.type.BasicTypeRegistry - Adding type registration pg-uuid -> org.hibernate.type.PostgresUUIDType@f9b5552
12:29:01.217 [main] DEBUG o.hibernate.type.BasicTypeRegistry - Adding type registration java.util.UUID -> org.hibernate.type.PostgresUUIDType@f9b5552
12:29:01.217 [main] DEBUG o.hibernate.type.BasicTypeRegistry - HHH000270: Type registration [java.util.UUID] overrides previous : org.hibernate.type.UUIDBinaryType@2e54db99
12:29:01.218 [main] DEBUG o.h.type.spi.TypeConfiguration$Scope - Scoping TypeConfiguration [org.hibernate.type.spi.TypeConfiguration@27b22f74] to MetadataBuildingContext [org.hibernate.boot.internal.MetadataBuildingContextRootImpl@22fba58c]
12:29:01.239 [main] DEBUG o.h.boot.model.relational.Namespace - Created database namespace [logicalName=Name{catalog=null, schema=null}, physicalName=Name{catalog=null, schema=null}]
12:29:01.246 [main] DEBUG org.hibernate.cfg.AnnotationBinder - Binding entity from annotated class: Abstract.TicketSeller
12:29:01.256 [main] DEBUG org.hibernate.cfg.Ejb3Column - Binding column: Ejb3DiscriminatorColumn{logicalColumnName'Elementi', discriminatorTypeName='string'}
12:29:01.258 [main] DEBUG o.h.cfg.annotations.EntityBinder - Import with entity name TicketSeller
12:29:01.261 [main] DEBUG o.h.cfg.annotations.EntityBinder - Bind entity Abstract.TicketSeller on table TicketSeller
12:29:01.277 [main] DEBUG org.hibernate.cfg.Ejb3Column - Binding column: Ejb3Column{table=org.hibernate.mapping.Table(TicketSeller), mappingColumn=id, insertable=true, updatable=true, unique=false}
12:29:01.278 [main] DEBUG o.h.b.internal.ClassLoaderAccessImpl - Not known whether passed class name [Abstract.TicketSeller] is safe
12:29:01.278 [main] DEBUG o.h.b.internal.ClassLoaderAccessImpl - No temp ClassLoader provided; using live ClassLoader for loading potentially unsafe class : Abstract.TicketSeller
12:29:01.279 [main] DEBUG o.h.cfg.annotations.PropertyBinder - MetadataSourceProcessor property id with lazy=false
12:29:01.280 [main] DEBUG o.h.cfg.AbstractPropertyHolder - Attempting to locate auto-apply AttributeConverter for property [Abstract.TicketSeller:id]
12:29:01.281 [main] DEBUG o.h.c.annotations.SimpleValueBinder - building SimpleValue for id
12:29:01.282 [main] DEBUG o.h.cfg.annotations.PropertyBinder - Building property id
12:29:01.285 [main] DEBUG org.hibernate.cfg.BinderHelper - #makeIdGenerator(org.hibernate.mapping.SimpleValue([org.hibernate.mapping.Column(id)]), id, org.hibernate.id.enhanced.SequenceStyleGenerator, elCat_seq, ...)
12:29:01.286 [main] DEBUG org.hibernate.cfg.Ejb3Column - Binding column: Ejb3Column{table=org.hibernate.mapping.Table(TicketSeller), mappingColumn=seller_name, insertable=true, updatable=true, unique=false}
12:29:01.286 [main] DEBUG o.h.cfg.annotations.PropertyBinder - MetadataSourceProcessor property name with lazy=false
12:29:01.286 [main] DEBUG o.h.cfg.AbstractPropertyHolder - Attempting to locate auto-apply AttributeConverter for property [Abstract.TicketSeller:name]
12:29:01.286 [main] DEBUG o.h.c.annotations.SimpleValueBinder - building SimpleValue for name
12:29:01.286 [main] DEBUG o.h.cfg.annotations.PropertyBinder - Building property name
12:29:01.287 [main] DEBUG org.hibernate.cfg.Ejb3Column - Binding column: Ejb3JoinColumn{logicalColumnName='null', referencedColumn='null', mappedBy=''}
12:29:01.287 [main] DEBUG org.hibernate.cfg.Ejb3Column - Binding column: Ejb3Column{table=org.hibernate.mapping.Table(TicketSeller), mappingColumn=passes, insertable=true, updatable=true, unique=false}
12:29:01.287 [main] DEBUG org.hibernate.cfg.Ejb3Column - Binding column: Ejb3Column{table=org.hibernate.mapping.Table(TicketSeller), mappingColumn=null, insertable=true, updatable=true, unique=false}
12:29:01.293 [main] DEBUG org.hibernate.cfg.Ejb3Column - Binding column: Ejb3Column{table=org.hibernate.mapping.Table(TicketSeller), mappingColumn=element, insertable=true, updatable=true, unique=false}
12:29:01.293 [main] DEBUG org.hibernate.cfg.Ejb3Column - Binding column: Ejb3Column{table=org.hibernate.mapping.Table(TicketSeller), mappingColumn=passes_KEY, insertable=true, updatable=true, unique=false}
12:29:01.293 [main] DEBUG org.hibernate.cfg.Ejb3Column - Binding column: Ejb3JoinColumn{logicalColumnName='passes_KEY', referencedColumn='null', mappedBy='null'}
12:29:01.294 [main] DEBUG org.hibernate.cfg.Ejb3Column - Binding column: Ejb3JoinColumn{logicalColumnName='null', referencedColumn='null', mappedBy=''}
12:29:01.294 [main] DEBUG org.hibernate.cfg.Ejb3Column - Binding column: Ejb3JoinColumn{logicalColumnName='null', referencedColumn='null', mappedBy=''}
12:29:01.294 [main] DEBUG o.h.cfg.annotations.CollectionBinder - Collection role: Abstract.TicketSeller.passes
12:29:01.296 [main] DEBUG o.h.cfg.annotations.PropertyBinder - Building property passes
12:29:01.296 [main] DEBUG org.hibernate.cfg.Ejb3Column - Binding column: Ejb3JoinColumn{logicalColumnName='null', referencedColumn='null', mappedBy=''}
12:29:01.296 [main] DEBUG org.hibernate.cfg.Ejb3Column - Binding column: Ejb3Column{table=org.hibernate.mapping.Table(TicketSeller), mappingColumn=tickets, insertable=true, updatable=true, unique=false}
12:29:01.296 [main] DEBUG org.hibernate.cfg.Ejb3Column - Binding column: Ejb3Column{table=org.hibernate.mapping.Table(TicketSeller), mappingColumn=null, insertable=true, updatable=true, unique=false}
12:29:01.296 [main] DEBUG org.hibernate.cfg.Ejb3Column - Binding column: Ejb3Column{table=org.hibernate.mapping.Table(TicketSeller), mappingColumn=element, insertable=true, updatable=true, unique=false}
12:29:01.296 [main] DEBUG org.hibernate.cfg.Ejb3Column - Binding column: Ejb3Column{table=org.hibernate.mapping.Table(TicketSeller), mappingColumn=tickets_KEY, insertable=true, updatable=true, unique=false}
12:29:01.296 [main] DEBUG org.hibernate.cfg.Ejb3Column - Binding column: Ejb3JoinColumn{logicalColumnName='tickets_KEY', referencedColumn='null', mappedBy='null'}
12:29:01.296 [main] DEBUG org.hibernate.cfg.Ejb3Column - Binding column: Ejb3JoinColumn{logicalColumnName='null', referencedColumn='null', mappedBy=''}
12:29:01.296 [main] DEBUG org.hibernate.cfg.Ejb3Column - Binding column: Ejb3JoinColumn{logicalColumnName='null', referencedColumn='null', mappedBy=''}
12:29:01.296 [main] DEBUG o.h.cfg.annotations.CollectionBinder - Collection role: Abstract.TicketSeller.tickets
12:29:01.296 [main] DEBUG o.h.cfg.annotations.PropertyBinder - Building property tickets
12:29:01.300 [main] DEBUG org.hibernate.cfg.AnnotationBinder - Binding entity from annotated class: Classes.Card
12:29:01.300 [main] DEBUG org.hibernate.cfg.Ejb3Column - Binding column: Ejb3DiscriminatorColumn{logicalColumnName'DTYPE', discriminatorTypeName='string'}
12:29:01.300 [main] DEBUG o.h.cfg.annotations.EntityBinder - Import with entity name Card
12:29:01.300 [main] DEBUG o.h.cfg.annotations.EntityBinder - Bind entity Classes.Card on table Card
12:29:01.301 [main] DEBUG org.hibernate.cfg.Ejb3Column - Binding column: Ejb3Column{table=org.hibernate.mapping.Table(Card), mappingColumn=id, insertable=true, updatable=true, unique=false}
12:29:01.301 [main] DEBUG o.h.b.internal.ClassLoaderAccessImpl - Not known whether passed class name [Classes.Card] is safe
12:29:01.302 [main] DEBUG o.h.b.internal.ClassLoaderAccessImpl - No temp ClassLoader provided; using live ClassLoader for loading potentially unsafe class : Classes.Card
12:29:01.302 [main] DEBUG o.h.cfg.annotations.PropertyBinder - MetadataSourceProcessor property id with lazy=false
12:29:01.302 [main] DEBUG o.h.cfg.AbstractPropertyHolder - Attempting to locate auto-apply AttributeConverter for property [Classes.Card:id]
12:29:01.302 [main] DEBUG o.h.c.annotations.SimpleValueBinder - building SimpleValue for id
12:29:01.302 [main] DEBUG o.h.cfg.annotations.PropertyBinder - Building property id
12:29:01.302 [main] DEBUG org.hibernate.cfg.BinderHelper - #makeIdGenerator(org.hibernate.mapping.SimpleValue([org.hibernate.mapping.Column(id)]), id, identity, , ...)
12:29:01.302 [main] DEBUG org.hibernate.cfg.Ejb3Column - Binding column: Ejb3Column{table=org.hibernate.mapping.Table(Card), mappingColumn=emissionDate, insertable=true, updatable=true, unique=false}
12:29:01.302 [main] DEBUG o.h.cfg.annotations.PropertyBinder - MetadataSourceProcessor property emissionDate with lazy=false
12:29:01.302 [main] DEBUG o.h.cfg.AbstractPropertyHolder - Attempting to locate auto-apply AttributeConverter for property [Classes.Card:emissionDate]
12:29:01.302 [main] DEBUG o.h.c.annotations.SimpleValueBinder - building SimpleValue for emissionDate
12:29:01.302 [main] DEBUG o.h.cfg.annotations.PropertyBinder - Building property emissionDate
12:29:01.302 [main] DEBUG org.hibernate.cfg.Ejb3Column - Binding column: Ejb3Column{table=org.hibernate.mapping.Table(Card), mappingColumn=expirationDate, insertable=true, updatable=true, unique=false}
12:29:01.302 [main] DEBUG o.h.cfg.annotations.PropertyBinder - MetadataSourceProcessor property expirationDate with lazy=false
12:29:01.302 [main] DEBUG o.h.cfg.AbstractPropertyHolder - Attempting to locate auto-apply AttributeConverter for property [Classes.Card:expirationDate]
12:29:01.302 [main] DEBUG o.h.c.annotations.SimpleValueBinder - building SimpleValue for expirationDate
12:29:01.302 [main] DEBUG o.h.cfg.annotations.PropertyBinder - Building property expirationDate
12:29:01.302 [main] DEBUG org.hibernate.cfg.Ejb3Column - Binding column: Ejb3JoinColumn{logicalColumnName='null', referencedColumn='null', mappedBy='cardNum'}
12:29:01.303 [main] DEBUG org.hibernate.cfg.Ejb3Column - Binding column: Ejb3Column{table=org.hibernate.mapping.Table(Card), mappingColumn=person, insertable=true, updatable=true, unique=false}
12:29:01.304 [main] DEBUG org.hibernate.cfg.AnnotationBinder - Binding entity from annotated class: Classes.Person
12:29:01.304 [main] DEBUG org.hibernate.cfg.Ejb3Column - Binding column: Ejb3DiscriminatorColumn{logicalColumnName'DTYPE', discriminatorTypeName='string'}
12:29:01.304 [main] DEBUG o.h.cfg.annotations.EntityBinder - Import with entity name Person
12:29:01.304 [main] DEBUG o.h.cfg.annotations.EntityBinder - Bind entity Classes.Person on table Person
12:29:01.304 [main] DEBUG org.hibernate.cfg.Ejb3Column - Binding column: Ejb3Column{table=org.hibernate.mapping.Table(Person), mappingColumn=id, insertable=true, updatable=true, unique=false}
12:29:01.304 [main] DEBUG o.h.b.internal.ClassLoaderAccessImpl - Not known whether passed class name [Classes.Person] is safe
12:29:01.305 [main] DEBUG o.h.b.internal.ClassLoaderAccessImpl - No temp ClassLoader provided; using live ClassLoader for loading potentially unsafe class : Classes.Person
12:29:01.305 [main] DEBUG o.h.cfg.annotations.PropertyBinder - MetadataSourceProcessor property id with lazy=false
12:29:01.305 [main] DEBUG o.h.cfg.AbstractPropertyHolder - Attempting to locate auto-apply AttributeConverter for property [Classes.Person:id]
12:29:01.305 [main] DEBUG o.h.c.annotations.SimpleValueBinder - building SimpleValue for id
12:29:01.305 [main] DEBUG o.h.cfg.annotations.PropertyBinder - Building property id
12:29:01.305 [main] DEBUG org.hibernate.cfg.BinderHelper - #makeIdGenerator(org.hibernate.mapping.SimpleValue([org.hibernate.mapping.Column(id)]), id, identity, , ...)
12:29:01.305 [main] DEBUG org.hibernate.cfg.Ejb3Column - Binding column: Ejb3Column{table=org.hibernate.mapping.Table(Person), mappingColumn=birthdate, insertable=true, updatable=true, unique=false}
12:29:01.305 [main] DEBUG o.h.cfg.annotations.PropertyBinder - MetadataSourceProcessor property birthdate with lazy=false
12:29:01.305 [main] DEBUG o.h.cfg.AbstractPropertyHolder - Attempting to locate auto-apply AttributeConverter for property [Classes.Person:birthdate]
12:29:01.305 [main] DEBUG o.h.c.annotations.SimpleValueBinder - building SimpleValue for birthdate
12:29:01.305 [main] DEBUG o.h.cfg.annotations.PropertyBinder - Building property birthdate
12:29:01.305 [main] DEBUG org.hibernate.cfg.Ejb3Column - Binding column: Ejb3JoinColumn{logicalColumnName='null', referencedColumn='null', mappedBy=''}
12:29:01.305 [main] DEBUG org.hibernate.cfg.Ejb3Column - Binding column: Ejb3Column{table=org.hibernate.mapping.Table(Person), mappingColumn=cardNum, insertable=true, updatable=true, unique=false}
12:29:01.306 [main] DEBUG o.h.cfg.annotations.PropertyBinder - Building property cardNum
12:29:01.306 [main] DEBUG org.hibernate.cfg.Ejb3Column - Binding column: Ejb3Column{table=org.hibernate.mapping.Table(Person), mappingColumn=firstName, insertable=true, updatable=true, unique=false}
12:29:01.306 [main] DEBUG o.h.cfg.annotations.PropertyBinder - MetadataSourceProcessor property firstName with lazy=false
12:29:01.306 [main] DEBUG o.h.cfg.AbstractPropertyHolder - Attempting to locate auto-apply AttributeConverter for property [Classes.Person:firstName]
12:29:01.306 [main] DEBUG o.h.c.annotations.SimpleValueBinder - building SimpleValue for firstName
12:29:01.306 [main] DEBUG o.h.cfg.annotations.PropertyBinder - Building property firstName
12:29:01.306 [main] DEBUG org.hibernate.cfg.Ejb3Column - Binding column: Ejb3Column{table=org.hibernate.mapping.Table(Person), mappingColumn=lastName, insertable=true, updatable=true, unique=false}
12:29:01.306 [main] DEBUG o.h.cfg.annotations.PropertyBinder - MetadataSourceProcessor property lastName with lazy=false
12:29:01.306 [main] DEBUG o.h.cfg.AbstractPropertyHolder - Attempting to locate auto-apply AttributeConverter for property [Classes.Person:lastName]
12:29:01.306 [main] DEBUG o.h.c.annotations.SimpleValueBinder - building SimpleValue for lastName
12:29:01.306 [main] DEBUG o.h.cfg.annotations.PropertyBinder - Building property lastName
12:29:01.307 [main] DEBUG org.hibernate.cfg.AnnotationBinder - Binding entity from annotated class: Classes.Ticket
12:29:01.307 [main] DEBUG org.hibernate.cfg.Ejb3Column - Binding column: Ejb3DiscriminatorColumn{logicalColumnName'DTYPE', discriminatorTypeName='string'}
12:29:01.307 [main] DEBUG o.h.cfg.annotations.EntityBinder - Import with entity name Ticket
12:29:01.307 [main] DEBUG o.h.cfg.annotations.EntityBinder - Bind entity Classes.Ticket on table Ticket
12:29:01.308 [main] DEBUG org.hibernate.cfg.Ejb3Column - Binding column: Ejb3Column{table=org.hibernate.mapping.Table(Ticket), mappingColumn=id, insertable=true, updatable=true, unique=false}
12:29:01.308 [main] DEBUG o.h.b.internal.ClassLoaderAccessImpl - Not known whether passed class name [Classes.Ticket] is safe
12:29:01.308 [main] DEBUG o.h.b.internal.ClassLoaderAccessImpl - No temp ClassLoader provided; using live ClassLoader for loading potentially unsafe class : Classes.Ticket
12:29:01.308 [main] DEBUG o.h.cfg.annotations.PropertyBinder - MetadataSourceProcessor property id with lazy=false
12:29:01.308 [main] DEBUG o.h.cfg.AbstractPropertyHolder - Attempting to locate auto-apply AttributeConverter for property [Classes.Ticket:id]
12:29:01.308 [main] DEBUG o.h.c.annotations.SimpleValueBinder - building SimpleValue for id
12:29:01.308 [main] DEBUG o.h.cfg.annotations.PropertyBinder - Building property id
12:29:01.308 [main] DEBUG org.hibernate.cfg.BinderHelper - #makeIdGenerator(org.hibernate.mapping.SimpleValue([org.hibernate.mapping.Column(id)]), id, identity, , ...)
12:29:01.308 [main] DEBUG org.hibernate.cfg.Ejb3Column - Binding column: Ejb3JoinColumn{logicalColumnName='null', referencedColumn='null', mappedBy='null'}
12:29:01.308 [main] DEBUG org.hibernate.cfg.Ejb3Column - Binding column: Ejb3Column{table=org.hibernate.mapping.Table(Ticket), mappingColumn=seller, insertable=true, updatable=true, unique=false}
12:29:01.309 [main] DEBUG o.h.cfg.annotations.PropertyBinder - Building property seller
12:29:01.309 [main] DEBUG org.hibernate.cfg.AnnotationBinder - Binding entity from annotated class: Classes.Pass
12:29:01.309 [main] DEBUG o.h.cfg.annotations.EntityBinder - Import with entity name Pass
12:29:01.311 [main] DEBUG org.hibernate.cfg.Ejb3Column - Binding column: Ejb3JoinColumn{logicalColumnName='null', referencedColumn='null', mappedBy=''}
12:29:01.311 [main] DEBUG org.hibernate.cfg.Ejb3Column - Binding column: Ejb3Column{table=org.hibernate.mapping.Table(Ticket), mappingColumn=person, insertable=true, updatable=true, unique=false}
12:29:01.311 [main] DEBUG o.h.cfg.annotations.PropertyBinder - Building property person
12:29:01.311 [main] DEBUG org.hibernate.cfg.Ejb3Column - Binding column: Ejb3JoinColumn{logicalColumnName='null', referencedColumn='null', mappedBy='null'}
12:29:01.311 [main] DEBUG org.hibernate.cfg.Ejb3Column - Binding column: Ejb3Column{table=org.hibernate.mapping.Table(Ticket), mappingColumn=sellers, insertable=true, updatable=true, unique=false}
12:29:01.311 [main] DEBUG o.h.cfg.annotations.PropertyBinder - Building property sellers
12:29:01.312 [main] DEBUG org.hibernate.cfg.Ejb3Column - Binding column: Ejb3Column{table=org.hibernate.mapping.Table(Ticket), mappingColumn=validity, insertable=true, updatable=true, unique=false}
12:29:01.312 [main] DEBUG o.h.cfg.annotations.PropertyBinder - MetadataSourceProcessor property validity with lazy=false
12:29:01.312 [main] DEBUG o.h.cfg.AbstractPropertyHolder - Attempting to locate auto-apply AttributeConverter for property [Classes.Pass:validity]
12:29:01.313 [main] DEBUG o.h.c.annotations.SimpleValueBinder - building SimpleValue for validity
12:29:01.313 [main] DEBUG o.h.cfg.annotations.PropertyBinder - Building property validity
12:29:01.314 [main] DEBUG org.hibernate.cfg.AnnotationBinder - Binding entity from annotated class: Classes.Shop
12:29:01.314 [main] DEBUG o.h.cfg.annotations.EntityBinder - Import with entity name Shop
12:29:01.314 [main] DEBUG org.hibernate.cfg.AnnotationBinder - Skipping attribute [java.util.List : passes] as it was already processed as part of super hierarchy
12:29:01.314 [main] DEBUG org.hibernate.cfg.Ejb3Column - Binding column: Ejb3JoinColumn{logicalColumnName='null', referencedColumn='null', mappedBy=''}
12:29:01.314 [main] DEBUG org.hibernate.cfg.Ejb3Column - Binding column: Ejb3Column{table=org.hibernate.mapping.Table(TicketSeller), mappingColumn=people, insertable=true, updatable=true, unique=false}
12:29:01.315 [main] DEBUG org.hibernate.cfg.Ejb3Column - Binding column: Ejb3Column{table=org.hibernate.mapping.Table(TicketSeller), mappingColumn=null, insertable=true, updatable=true, unique=false}
12:29:01.315 [main] DEBUG org.hibernate.cfg.Ejb3Column - Binding column: Ejb3Column{table=org.hibernate.mapping.Table(TicketSeller), mappingColumn=element, insertable=true, updatable=true, unique=false}
12:29:01.315 [main] DEBUG org.hibernate.cfg.Ejb3Column - Binding column: Ejb3Column{table=org.hibernate.mapping.Table(TicketSeller), mappingColumn=people_KEY, insertable=true, updatable=true, unique=false}
12:29:01.315 [main] DEBUG org.hibernate.cfg.Ejb3Column - Binding column: Ejb3JoinColumn{logicalColumnName='people_KEY', referencedColumn='null', mappedBy='null'}
12:29:01.315 [main] DEBUG org.hibernate.cfg.Ejb3Column - Binding column: Ejb3JoinColumn{logicalColumnName='null', referencedColumn='null', mappedBy=''}
12:29:01.315 [main] DEBUG org.hibernate.cfg.Ejb3Column - Binding column: Ejb3JoinColumn{logicalColumnName='null', referencedColumn='null', mappedBy=''}
12:29:01.315 [main] DEBUG o.h.cfg.annotations.CollectionBinder - Collection role: Classes.Shop.people
12:29:01.315 [main] DEBUG o.h.cfg.annotations.PropertyBinder - Building property people
12:29:01.315 [main] DEBUG org.hibernate.cfg.AnnotationBinder - Skipping attribute [java.util.List : tickets] as it was already processed as part of super hierarchy
12:29:01.315 [main] DEBUG org.hibernate.cfg.AnnotationBinder - Binding entity from annotated class: Classes.VendingMachine
12:29:01.315 [main] DEBUG o.h.cfg.annotations.EntityBinder - Import with entity name VendingMachine
12:29:01.316 [main] DEBUG org.hibernate.cfg.Ejb3Column - Binding column: Ejb3Column{table=org.hibernate.mapping.Table(TicketSeller), mappingColumn=isWorking, insertable=true, updatable=true, unique=false}
12:29:01.316 [main] DEBUG o.h.cfg.annotations.PropertyBinder - MetadataSourceProcessor property isWorking with lazy=false
12:29:01.316 [main] DEBUG o.h.cfg.AbstractPropertyHolder - Attempting to locate auto-apply AttributeConverter for property [Classes.VendingMachine:isWorking]
12:29:01.316 [main] DEBUG o.h.c.annotations.SimpleValueBinder - building SimpleValue for isWorking
12:29:01.316 [main] DEBUG o.h.cfg.annotations.PropertyBinder - Building property isWorking
12:29:01.317 [main] DEBUG o.h.c.annotations.SimpleValueBinder - Starting fillSimpleValue for id
12:29:01.317 [main] DEBUG o.h.c.annotations.SimpleValueBinder - Starting fillSimpleValue for name
12:29:01.317 [main] DEBUG o.h.c.annotations.SimpleValueBinder - Starting fillSimpleValue for id
12:29:01.317 [main] DEBUG o.h.c.annotations.SimpleValueBinder - Starting fillSimpleValue for emissionDate
12:29:01.317 [main] DEBUG o.h.c.annotations.SimpleValueBinder - Starting fillSimpleValue for expirationDate
12:29:01.317 [main] DEBUG o.h.c.annotations.SimpleValueBinder - Starting fillSimpleValue for id
12:29:01.317 [main] DEBUG o.h.c.annotations.SimpleValueBinder - Starting fillSimpleValue for birthdate
12:29:01.317 [main] DEBUG o.h.c.annotations.SimpleValueBinder - Starting fillSimpleValue for firstName
12:29:01.317 [main] DEBUG o.h.c.annotations.SimpleValueBinder - Starting fillSimpleValue for lastName
12:29:01.317 [main] DEBUG o.h.c.annotations.SimpleValueBinder - Starting fillSimpleValue for id
12:29:01.317 [main] DEBUG o.h.c.annotations.SimpleValueBinder - Starting fillSimpleValue for validity
12:29:01.318 [main] DEBUG o.h.c.annotations.SimpleValueBinder - Starting fillSimpleValue for isWorking
12:29:01.321 [main] DEBUG org.hibernate.mapping.PrimaryKey - Forcing column [id] to be non-null as it is part of the primary key for table [ticketseller]
12:29:01.321 [main] DEBUG org.hibernate.mapping.PrimaryKey - Forcing column [id] to be non-null as it is part of the primary key for table [card]
12:29:01.321 [main] DEBUG org.hibernate.mapping.PrimaryKey - Forcing column [id] to be non-null as it is part of the primary key for table [person]
12:29:01.321 [main] DEBUG org.hibernate.mapping.PrimaryKey - Forcing column [id] to be non-null as it is part of the primary key for table [ticket]
12:29:01.321 [main] DEBUG o.hibernate.cfg.CollectionSecondPass - Second pass for collection: Classes.Shop.people
12:29:01.321 [main] DEBUG o.h.cfg.annotations.CollectionBinder - Binding a OneToMany: Classes.Shop.people through an association table
12:29:01.325 [main] DEBUG o.hibernate.cfg.CollectionSecondPass - Mapped collection key: Shop_id, element: people_id
12:29:01.326 [main] DEBUG o.hibernate.cfg.CollectionSecondPass - Second pass for collection: Abstract.TicketSeller.tickets
12:29:01.326 [main] DEBUG o.h.cfg.annotations.CollectionBinder - Binding a OneToMany: Abstract.TicketSeller.tickets through an association table
12:29:01.326 [main] DEBUG o.hibernate.cfg.CollectionSecondPass - Mapped collection key: TicketSeller_id, element: tickets_id
12:29:01.326 [main] DEBUG o.hibernate.cfg.CollectionSecondPass - Second pass for collection: Abstract.TicketSeller.passes
12:29:01.326 [main] DEBUG o.h.cfg.annotations.CollectionBinder - Binding a OneToMany: Abstract.TicketSeller.passes through an association table
12:29:01.326 [main] DEBUG o.hibernate.cfg.CollectionSecondPass - Mapped collection key: TicketSeller_id, element: passes_id
12:29:01.327 [main] DEBUG o.h.cfg.annotations.PropertyBinder - Building property person
12:29:01.328 [main] DEBUG o.h.b.i.InFlightMetadataCollectorImpl - Processing association property references
12:29:01.328 [main] DEBUG o.h.b.i.InFlightMetadataCollectorImpl - Resolving reference to class: Classes.Card
12:29:01.329 [main] DEBUG o.h.b.i.InFlightMetadataCollectorImpl - Resolving reference to class: Abstract.TicketSeller
12:29:01.329 [main] DEBUG o.h.b.i.InFlightMetadataCollectorImpl - Resolving reference to class: Classes.Person
12:29:01.329 [main] DEBUG o.h.b.i.InFlightMetadataCollectorImpl - Resolving reference to class: Abstract.TicketSeller
12:29:01.329 [main] DEBUG o.h.b.i.InFlightMetadataCollectorImpl - Resolving reference to class: Classes.Person
12:29:01.329 [main] DEBUG o.h.b.i.InFlightMetadataCollectorImpl - Resolving reference to class: Classes.Shop
12:29:01.329 [main] DEBUG o.h.b.i.InFlightMetadataCollectorImpl - Resolving reference to class: Classes.Ticket
12:29:01.329 [main] DEBUG o.h.b.i.InFlightMetadataCollectorImpl - Resolving reference to class: Abstract.TicketSeller
12:29:01.329 [main] DEBUG o.h.b.i.InFlightMetadataCollectorImpl - Resolving reference to class: Classes.Pass
12:29:01.330 [main] DEBUG o.h.b.i.InFlightMetadataCollectorImpl - Processing association property references
12:29:01.330 [main] DEBUG o.h.b.i.InFlightMetadataCollectorImpl - Resolving reference to class: Classes.Card
12:29:01.330 [main] DEBUG o.h.b.i.InFlightMetadataCollectorImpl - Resolving reference to class: Abstract.TicketSeller
12:29:01.330 [main] DEBUG o.h.b.i.InFlightMetadataCollectorImpl - Resolving reference to class: Classes.Person
12:29:01.330 [main] DEBUG o.h.b.i.InFlightMetadataCollectorImpl - Resolving reference to class: Abstract.TicketSeller
12:29:01.330 [main] DEBUG o.h.b.i.InFlightMetadataCollectorImpl - Resolving reference to class: Classes.Person
12:29:01.330 [main] DEBUG o.h.b.i.InFlightMetadataCollectorImpl - Resolving reference to class: Classes.Shop
12:29:01.331 [main] DEBUG o.h.b.i.InFlightMetadataCollectorImpl - Resolving reference to class: Classes.Ticket
12:29:01.331 [main] DEBUG o.h.b.i.InFlightMetadataCollectorImpl - Resolving reference to class: Abstract.TicketSeller
12:29:01.331 [main] DEBUG o.h.b.i.InFlightMetadataCollectorImpl - Resolving reference to class: Classes.Pass
12:29:01.359 [main] DEBUG o.h.internal.SessionFactoryImpl - Building session factory
12:29:01.359 [main] DEBUG org.hibernate.cfg.Settings - SessionFactory name : null
12:29:01.359 [main] DEBUG org.hibernate.cfg.Settings - Automatic flush during beforeCompletion(): enabled
12:29:01.359 [main] DEBUG org.hibernate.cfg.Settings - Automatic session close at end of transaction: disabled
12:29:01.359 [main] DEBUG org.hibernate.cfg.Settings - Statistics: disabled
12:29:01.359 [main] DEBUG org.hibernate.cfg.Settings - Deleted entity synthetic identifier rollback: disabled
12:29:01.359 [main] DEBUG org.hibernate.cfg.Settings - Default entity-mode: pojo
12:29:01.359 [main] DEBUG org.hibernate.cfg.Settings - Check Nullability in Core (should be disabled when Bean Validation is on): enabled
12:29:01.359 [main] DEBUG org.hibernate.cfg.Settings - Allow initialization of lazy state outside session : disabled
12:29:01.359 [main] DEBUG org.hibernate.cfg.Settings - Using BatchFetchStyle : LEGACY
12:29:01.360 [main] DEBUG org.hibernate.cfg.Settings - Default batch fetch size: -1
12:29:01.360 [main] DEBUG org.hibernate.cfg.Settings - Maximum outer join fetch depth: null
12:29:01.360 [main] DEBUG org.hibernate.cfg.Settings - Default null ordering: NONE
12:29:01.360 [main] DEBUG org.hibernate.cfg.Settings - Order SQL updates by primary key: disabled
12:29:01.360 [main] DEBUG org.hibernate.cfg.Settings - Order SQL inserts for batching: disabled
12:29:01.360 [main] DEBUG org.hibernate.cfg.Settings - multi-tenancy strategy : NONE
12:29:01.360 [main] DEBUG org.hibernate.cfg.Settings - JTA Track by Thread: enabled
12:29:01.360 [main] DEBUG org.hibernate.cfg.Settings - Query language substitutions: {}
12:29:01.360 [main] DEBUG org.hibernate.cfg.Settings - Named query checking : enabled
12:29:01.360 [main] DEBUG org.hibernate.cfg.Settings - Second-level cache: disabled
12:29:01.360 [main] DEBUG org.hibernate.cfg.Settings - Second-level query cache: disabled
12:29:01.360 [main] DEBUG org.hibernate.cfg.Settings - Second-level query cache factory: null
12:29:01.360 [main] DEBUG org.hibernate.cfg.Settings - Second-level cache region prefix: null
12:29:01.360 [main] DEBUG org.hibernate.cfg.Settings - Optimize second-level cache for minimal puts: disabled
12:29:01.360 [main] DEBUG org.hibernate.cfg.Settings - Structured second-level cache entries: disabled
12:29:01.360 [main] DEBUG org.hibernate.cfg.Settings - Second-level cache direct-reference entries: disabled
12:29:01.360 [main] DEBUG org.hibernate.cfg.Settings - Automatic eviction of collection cache: disabled
12:29:01.360 [main] DEBUG org.hibernate.cfg.Settings - JDBC batch size: 15
12:29:01.360 [main] DEBUG org.hibernate.cfg.Settings - JDBC batch updates for versioned data: enabled
12:29:01.360 [main] DEBUG org.hibernate.cfg.Settings - Scrollable result sets: enabled
12:29:01.360 [main] DEBUG org.hibernate.cfg.Settings - Wrap result sets: disabled
12:29:01.360 [main] DEBUG org.hibernate.cfg.Settings - JDBC3 getGeneratedKeys(): enabled
12:29:01.360 [main] DEBUG org.hibernate.cfg.Settings - JDBC result set fetch size: null
12:29:01.360 [main] DEBUG org.hibernate.cfg.Settings - Connection release mode: AFTER_TRANSACTION
12:29:01.360 [main] DEBUG org.hibernate.cfg.Settings - Generate SQL with comments: disabled
12:29:01.360 [main] DEBUG org.hibernate.cfg.Settings - JPA compliance - query : disabled
12:29:01.360 [main] DEBUG org.hibernate.cfg.Settings - JPA compliance - closed-handling : disabled
12:29:01.360 [main] DEBUG org.hibernate.cfg.Settings - JPA compliance - lists : disabled
12:29:01.360 [main] DEBUG org.hibernate.cfg.Settings - JPA compliance - transactions : disabled
12:29:01.366 [main] DEBUG o.h.b.internal.ClassLoaderAccessImpl - Not known whether passed class name [Classes.Pass] is safe
12:29:01.366 [main] DEBUG o.h.b.internal.ClassLoaderAccessImpl - No temp ClassLoader provided; using live ClassLoader for loading potentially unsafe class : Classes.Pass
12:29:01.366 [main] DEBUG o.h.b.internal.ClassLoaderAccessImpl - Not known whether passed class name [Classes.Shop] is safe
12:29:01.366 [main] DEBUG o.h.b.internal.ClassLoaderAccessImpl - No temp ClassLoader provided; using live ClassLoader for loading potentially unsafe class : Classes.Shop
12:29:01.366 [main] DEBUG o.h.b.internal.ClassLoaderAccessImpl - Not known whether passed class name [Classes.VendingMachine] is safe
12:29:01.366 [main] DEBUG o.h.b.internal.ClassLoaderAccessImpl - No temp ClassLoader provided; using live ClassLoader for loading potentially unsafe class : Classes.VendingMachine
12:29:01.394 [main] DEBUG o.h.s.i.SessionFactoryServiceRegistryImpl - EventListenerRegistry access via ServiceRegistry is deprecated.  Use `sessionFactory.getEventEngine().getListenerRegistry()` instead
12:29:01.394 [main] DEBUG o.h.s.i.SessionFactoryServiceRegistryImpl - EventListenerRegistry access via ServiceRegistry is deprecated.  Use `sessionFactory.getEventEngine().getListenerRegistry()` instead
12:29:01.403 [main] DEBUG o.h.internal.SessionFactoryImpl - Session factory constructed with filter configurations : {}
12:29:01.403 [main] DEBUG o.h.internal.SessionFactoryImpl - Instantiating session factory with properties: {java.specification.version=17, sun.cpu.isalist=amd64, sun.jnu.encoding=Cp1252, hibernate.dialect=org.hibernate.dialect.PostgreSQLDialect, java.class.path=C:\Users\total\Desktop\All\Epicode\fs0223-Luca-Sernicola-BackEnd\BuildWeek_4\target\classes;C:\Users\total\.m2\repository\ch\qos\logback\logback-classic\1.4.8\logback-classic-1.4.8.jar;C:\Users\total\.m2\repository\ch\qos\logback\logback-core\1.4.8\logback-core-1.4.8.jar;C:\Users\total\.m2\repository\org\slf4j\slf4j-api\2.0.7\slf4j-api-2.0.7.jar;C:\Users\total\.m2\repository\commons-io\commons-io\2.13.0\commons-io-2.13.0.jar;C:\Users\total\.m2\repository\org\postgresql\postgresql\42.6.0\postgresql-42.6.0.jar;C:\Users\total\.m2\repository\org\checkerframework\checker-qual\3.31.0\checker-qual-3.31.0.jar;C:\Users\total\.m2\repository\org\hibernate\hibernate-core\5.6.15.Final\hibernate-core-5.6.15.Final.jar;C:\Users\total\.m2\repository\org\jboss\logging\jboss-logging\3.4.3.Final\jboss-logging-3.4.3.Final.jar;C:\Users\total\.m2\repository\javax\persistence\javax.persistence-api\2.2\javax.persistence-api-2.2.jar;C:\Users\total\.m2\repository\net\bytebuddy\byte-buddy\1.12.18\byte-buddy-1.12.18.jar;C:\Users\total\.m2\repository\antlr\antlr\2.7.7\antlr-2.7.7.jar;C:\Users\total\.m2\repository\org\jboss\spec\javax\transaction\jboss-transaction-api_1.2_spec\1.1.1.Final\jboss-transaction-api_1.2_spec-1.1.1.Final.jar;C:\Users\total\.m2\repository\org\jboss\jandex\2.4.2.Final\jandex-2.4.2.Final.jar;C:\Users\total\.m2\repository\com\fasterxml\classmate\1.5.1\classmate-1.5.1.jar;C:\Users\total\.m2\repository\javax\activation\javax.activation-api\1.2.0\javax.activation-api-1.2.0.jar;C:\Users\total\.m2\repository\org\hibernate\common\hibernate-commons-annotations\5.1.2.Final\hibernate-commons-annotations-5.1.2.Final.jar;C:\Users\total\.m2\repository\javax\xml\bind\jaxb-api\2.3.1\jaxb-api-2.3.1.jar;C:\Users\total\.m2\repository\org\glassfish\jaxb\jaxb-runtime\2.3.1\jaxb-runtime-2.3.1.jar;C:\Users\total\.m2\repository\org\glassfish\jaxb\txw2\2.3.1\txw2-2.3.1.jar;C:\Users\total\.m2\repository\com\sun\istack\istack-commons-runtime\3.0.7\istack-commons-runtime-3.0.7.jar;C:\Users\total\.m2\repository\org\jvnet\staxex\stax-ex\1.8\stax-ex-1.8.jar;C:\Users\total\.m2\repository\com\sun\xml\fastinfoset\FastInfoset\1.2.15\FastInfoset-1.2.15.jar;C:\Users\total\Desktop\All\Epicode\fs0223-Luca-Sernicola-BackEnd\Homework_W3_D3\target\classes, java.vm.vendor=Eclipse Adoptium, sun.arch.data.model=64, user.variant=, java.vendor.url=https://adoptium.net/, user.timezone=Europe/Rome, javax.persistence.jdbc.url=jdbc:postgresql://localhost:5432/BuildWeek, javax.persistence.jdbc.user=****, java.vm.specification.version=17, os.name=Windows 11, jakarta.persistence.jdbc.password=****, sun.java.launcher=SUN_STANDARD, user.country=US, local.setting.IS_JTA_TXN_COORD=false, sun.boot.library.path=C:\Users\total\.p2\pool\plugins\org.eclipse.justj.openjdk.hotspot.jre.full.win32.x86_64_17.0.7.v20230425-1502\jre\bin, sun.java.command=MainClass.MainClass, jdk.debug=release, jakarta.persistence.jdbc.driver=org.postgresql.Driver, sun.cpu.endian=little, user.home=C:\Users\total, user.language=en, java.specification.vendor=Oracle Corporation, java.version.date=2023-04-18, java.home=C:\Users\total\.p2\pool\plugins\org.eclipse.justj.openjdk.hotspot.jre.full.win32.x86_64_17.0.7.v20230425-1502\jre, file.separator=\, java.vm.compressedOopsMode=Zero based, jakarta.persistence.jdbc.user=****, line.separator=
, hibernate.persistenceUnitName=BuildWeek_4, java.vm.specification.vendor=Oracle Corporation, java.specification.name=Java Platform API Specification, hibernate.transaction.coordinator_class=class org.hibernate.resource.transaction.backend.jdbc.internal.JdbcResourceLocalTransactionCoordinatorBuilderImpl, javax.persistence.jdbc.driver=org.postgresql.Driver, hibernate.hbm2ddl.auto=update, user.script=, sun.management.compiler=HotSpot 64-Bit Tiered Compilers, java.runtime.version=17.0.7+7, user.name=total, path.separator=;, hibernate.connection.username=****, os.version=10.0, java.runtime.name=OpenJDK Runtime Environment, hibernate.connection.url=jdbc:postgresql://localhost:5432/BuildWeek, file.encoding=UTF-8, hibernate.ejb.persistenceUnitName=BuildWeek_4, java.vm.name=OpenJDK 64-Bit Server VM, java.vendor.version=Temurin-17.0.7+7, hibernate.connection.driver_class=org.postgresql.Driver, java.vendor.url.bug=https://github.com/adoptium/adoptium-support/issues, java.io.tmpdir=C:\Users\total\AppData\Local\Temp\, java.version=17.0.7, user.dir=C:\Users\total\Desktop\All\Epicode\fs0223-Luca-Sernicola-BackEnd\BuildWeek_4, os.arch=amd64, java.vm.specification.name=Java Virtual Machine Specification, hibernate.connection.password=****, sun.os.patch.level=, jakarta.persistence.jdbc.url=jdbc:postgresql://localhost:5432/BuildWeek, hibernate.boot.CfgXmlAccessService.key=org.hibernate.boot.registry.StandardServiceRegistryBuilder$1@58496c97, native.encoding=Cp1252, java.library.path=C:\Users\total\.p2\pool\plugins\org.eclipse.justj.openjdk.hotspot.jre.full.win32.x86_64_17.0.7.v20230425-1502\jre\bin;C:\windows\Sun\Java\bin;C:\windows\system32;C:\windows;C:/Users/total/.p2/pool/plugins/org.eclipse.justj.openjdk.hotspot.jre.full.win32.x86_64_17.0.7.v20230425-1502/jre/bin/server;C:/Users/total/.p2/pool/plugins/org.eclipse.justj.openjdk.hotspot.jre.full.win32.x86_64_17.0.7.v20230425-1502/jre/bin;C:\Program Files\Eclipse Adoptium\jdk-17.0.7.7-hotspot\bin;C:\Program Files (x86)\NVIDIA Corporation\PhysX\Common;C:\windows\system32;C:\windows;C:\windows\System32\Wbem;C:\windows\System32\WindowsPowerShell\v1.0\;C:\windows\System32\OpenSSH\;C:\Program Files\Git\cmd;C:\Program Files\nodejs\;C:\Users\total\AppData\Local\Microsoft\WindowsApps;C:\Users\total\AppData\Local\Programs\Microsoft VS Code\bin;C:\Users\total\AppData\Roaming\npm;C:\Users\total\AppData\Local\GitHubDesktop\bin;C:\windows\System32;;., java.vendor=Eclipse Adoptium, java.vm.info=mixed mode, java.vm.version=17.0.7+7, hibernate.bytecode.use_reflection_optimizer=false, sun.io.unicode.encoding=UnicodeLittle, javax.persistence.jdbc.password=****, java.class.version=61.0}
12:29:01.412 [main] DEBUG o.h.secure.spi.JaccIntegrator - Skipping JACC integration as it was not enabled
12:29:01.416 [main] DEBUG org.hibernate.type.EnumType - Using ORDINAL-based conversion for Enum Enums.Validity
12:29:01.417 [main] DEBUG o.h.internal.SessionFactoryImpl - Instantiated session factory
12:29:01.417 [main] DEBUG o.h.type.spi.TypeConfiguration$Scope - Scoping TypeConfiguration [org.hibernate.type.spi.TypeConfiguration@27b22f74] to SessionFactoryImpl [org.hibernate.internal.SessionFactoryImpl@4e1ce44]
12:29:01.451 [main] DEBUG o.h.b.internal.ClassLoaderAccessImpl - Not known whether passed class name [Abstract.TicketSeller] is safe
12:29:01.451 [main] DEBUG o.h.b.internal.ClassLoaderAccessImpl - No temp ClassLoader provided; using live ClassLoader for loading potentially unsafe class : Abstract.TicketSeller
12:29:01.453 [main] DEBUG o.h.b.internal.ClassLoaderAccessImpl - Not known whether passed class name [Classes.Shop] is safe
12:29:01.453 [main] DEBUG o.h.b.internal.ClassLoaderAccessImpl - No temp ClassLoader provided; using live ClassLoader for loading potentially unsafe class : Classes.Shop
12:29:01.453 [main] DEBUG o.h.b.internal.ClassLoaderAccessImpl - Not known whether passed class name [Classes.VendingMachine] is safe
12:29:01.453 [main] DEBUG o.h.b.internal.ClassLoaderAccessImpl - No temp ClassLoader provided; using live ClassLoader for loading potentially unsafe class : Classes.VendingMachine
12:29:01.562 [main] DEBUG o.hibernate.orm.bytecode.interceptor - To-one property `Classes.Card#person` was mapped with LAZY + NO_PROXY but the class was not enhanced
12:29:01.562 [main] DEBUG o.hibernate.orm.bytecode.interceptor - To-one property `Classes.Card#person` was mapped with LAZY + NO_PROXY but the class was not enhanced
12:29:01.562 [main] DEBUG o.h.b.internal.ClassLoaderAccessImpl - Not known whether passed class name [Classes.Card] is safe
12:29:01.562 [main] DEBUG o.h.b.internal.ClassLoaderAccessImpl - No temp ClassLoader provided; using live ClassLoader for loading potentially unsafe class : Classes.Card
12:29:01.570 [main] DEBUG o.hibernate.orm.bytecode.interceptor - To-one property `Classes.Card#person` was mapped with LAZY + NO_PROXY but the class was not enhanced
12:29:01.570 [main] DEBUG o.hibernate.orm.bytecode.interceptor - To-one property `Classes.Card#person` was mapped with LAZY + NO_PROXY but the class was not enhanced
12:29:01.570 [main] DEBUG o.hibernate.orm.bytecode.interceptor - To-one property `Classes.Person#cardNum` was mapped with LAZY + NO_PROXY but the class was not enhanced
12:29:01.570 [main] DEBUG o.hibernate.orm.bytecode.interceptor - To-one property `Classes.Person#cardNum` was mapped with LAZY + NO_PROXY but the class was not enhanced
12:29:01.570 [main] DEBUG o.h.b.internal.ClassLoaderAccessImpl - Not known whether passed class name [Classes.Person] is safe
12:29:01.570 [main] DEBUG o.h.b.internal.ClassLoaderAccessImpl - No temp ClassLoader provided; using live ClassLoader for loading potentially unsafe class : Classes.Person
12:29:01.577 [main] DEBUG o.hibernate.orm.bytecode.interceptor - To-one property `Classes.Person#cardNum` was mapped with LAZY + NO_PROXY but the class was not enhanced
12:29:01.577 [main] DEBUG o.hibernate.orm.bytecode.interceptor - To-one property `Classes.Person#cardNum` was mapped with LAZY + NO_PROXY but the class was not enhanced
12:29:01.578 [main] DEBUG o.hibernate.orm.bytecode.interceptor - To-one property `Classes.Ticket#seller` was mapped with LAZY + NO_PROXY but the class was not enhanced
12:29:01.578 [main] DEBUG o.hibernate.orm.bytecode.interceptor - To-one property `Classes.Ticket#seller` was mapped with LAZY + NO_PROXY but the class was not enhanced
12:29:01.578 [main] DEBUG o.hibernate.orm.bytecode.interceptor - To-one property `Classes.Pass#person` was mapped with LAZY + NO_PROXY but the class was not enhanced
12:29:01.578 [main] DEBUG o.hibernate.orm.bytecode.interceptor - To-one property `Classes.Pass#person` was mapped with LAZY + NO_PROXY but the class was not enhanced
12:29:01.578 [main] DEBUG o.hibernate.orm.bytecode.interceptor - To-one property `Classes.Pass#sellers` was mapped with LAZY + NO_PROXY but the class was not enhanced
12:29:01.578 [main] DEBUG o.hibernate.orm.bytecode.interceptor - To-one property `Classes.Pass#sellers` was mapped with LAZY + NO_PROXY but the class was not enhanced
12:29:01.578 [main] DEBUG o.h.b.internal.ClassLoaderAccessImpl - Not known whether passed class name [Classes.Pass] is safe
12:29:01.578 [main] DEBUG o.h.b.internal.ClassLoaderAccessImpl - No temp ClassLoader provided; using live ClassLoader for loading potentially unsafe class : Classes.Pass
12:29:01.584 [main] DEBUG o.hibernate.orm.bytecode.interceptor - To-one property `Classes.Ticket#seller` was mapped with LAZY + NO_PROXY but the class was not enhanced
12:29:01.584 [main] DEBUG o.hibernate.orm.bytecode.interceptor - To-one property `Classes.Pass#person` was mapped with LAZY + NO_PROXY but the class was not enhanced
12:29:01.584 [main] DEBUG o.hibernate.orm.bytecode.interceptor - To-one property `Classes.Pass#sellers` was mapped with LAZY + NO_PROXY but the class was not enhanced
12:29:01.584 [main] DEBUG o.hibernate.orm.bytecode.interceptor - To-one property `Classes.Ticket#seller` was mapped with LAZY + NO_PROXY but the class was not enhanced
12:29:01.584 [main] DEBUG o.hibernate.orm.bytecode.interceptor - To-one property `Classes.Pass#person` was mapped with LAZY + NO_PROXY but the class was not enhanced
12:29:01.584 [main] DEBUG o.hibernate.orm.bytecode.interceptor - To-one property `Classes.Pass#sellers` was mapped with LAZY + NO_PROXY but the class was not enhanced
12:29:01.589 [main] DEBUG o.hibernate.orm.bytecode.interceptor - To-one property `Classes.Ticket#seller` was mapped with LAZY + NO_PROXY but the class was not enhanced
12:29:01.589 [main] DEBUG o.hibernate.orm.bytecode.interceptor - To-one property `Classes.Ticket#seller` was mapped with LAZY + NO_PROXY but the class was not enhanced
12:29:01.589 [main] DEBUG o.h.b.internal.ClassLoaderAccessImpl - Not known whether passed class name [Classes.Ticket] is safe
12:29:01.589 [main] DEBUG o.h.b.internal.ClassLoaderAccessImpl - No temp ClassLoader provided; using live ClassLoader for loading potentially unsafe class : Classes.Ticket
12:29:01.592 [main] DEBUG o.hibernate.orm.bytecode.interceptor - To-one property `Classes.Ticket#seller` was mapped with LAZY + NO_PROXY but the class was not enhanced
12:29:01.592 [main] DEBUG o.hibernate.orm.bytecode.interceptor - To-one property `Classes.Ticket#seller` was mapped with LAZY + NO_PROXY but the class was not enhanced
12:29:01.592 [main] DEBUG o.hibernate.orm.bytecode.interceptor - To-one property `Classes.Pass#person` was mapped with LAZY + NO_PROXY but the class was not enhanced
12:29:01.592 [main] DEBUG o.hibernate.orm.bytecode.interceptor - To-one property `Classes.Pass#sellers` was mapped with LAZY + NO_PROXY but the class was not enhanced
12:29:01.603 [main] DEBUG o.h.p.c.AbstractCollectionPersister - Static SQL for collection: Abstract.TicketSeller.tickets
12:29:01.603 [main] DEBUG o.h.p.c.AbstractCollectionPersister -  Row insert: insert into TicketSeller_Ticket (TicketSeller_id, tickets_id) values (?, ?)
12:29:01.603 [main] DEBUG o.h.p.c.AbstractCollectionPersister -  Row update: update TicketSeller_Ticket set tickets_id=? where TicketSeller_id=? and tickets_id=?
12:29:01.603 [main] DEBUG o.h.p.c.AbstractCollectionPersister -  Row delete: delete from TicketSeller_Ticket where TicketSeller_id=? and tickets_id=?
12:29:01.603 [main] DEBUG o.h.p.c.AbstractCollectionPersister -  One-shot delete: delete from TicketSeller_Ticket where TicketSeller_id=?
12:29:01.603 [main] DEBUG o.h.p.c.AbstractCollectionPersister - Static SQL for collection: Abstract.TicketSeller.passes
12:29:01.603 [main] DEBUG o.h.p.c.AbstractCollectionPersister -  Row insert: insert into TicketSeller_Ticket (TicketSeller_id, passes_id) values (?, ?)
12:29:01.603 [main] DEBUG o.h.p.c.AbstractCollectionPersister -  Row update: update TicketSeller_Ticket set passes_id=? where TicketSeller_id=? and passes_id=?
12:29:01.603 [main] DEBUG o.h.p.c.AbstractCollectionPersister -  Row delete: delete from TicketSeller_Ticket where TicketSeller_id=? and passes_id=?
12:29:01.603 [main] DEBUG o.h.p.c.AbstractCollectionPersister -  One-shot delete: delete from TicketSeller_Ticket where TicketSeller_id=?
12:29:01.603 [main] DEBUG o.h.p.c.AbstractCollectionPersister - Static SQL for collection: Classes.Shop.people
12:29:01.603 [main] DEBUG o.h.p.c.AbstractCollectionPersister -  Row insert: insert into TicketSeller_Person (Shop_id, people_id) values (?, ?)
12:29:01.603 [main] DEBUG o.h.p.c.AbstractCollectionPersister -  Row update: update TicketSeller_Person set people_id=? where Shop_id=? and people_id=?
12:29:01.603 [main] DEBUG o.h.p.c.AbstractCollectionPersister -  Row delete: delete from TicketSeller_Person where Shop_id=? and people_id=?
12:29:01.603 [main] DEBUG o.h.p.c.AbstractCollectionPersister -  One-shot delete: delete from TicketSeller_Person where Shop_id=?
12:29:01.605 [main] DEBUG o.h.p.entity.AbstractEntityPersister - Static SQL for entity: Abstract.TicketSeller
12:29:01.605 [main] DEBUG o.h.p.entity.AbstractEntityPersister -  Version select: select id from TicketSeller where id =?
12:29:01.605 [main] DEBUG o.h.p.entity.AbstractEntityPersister -  Snapshot select: select ticketsell_.id, ticketsell_.seller_name as seller_n3_3_ from TicketSeller ticketsell_ where ticketsell_.id=?
12:29:01.605 [main] DEBUG o.h.p.entity.AbstractEntityPersister -  Insert 0: insert into TicketSeller (seller_name, Elementi, id) values (?, 'TicketSeller', ?)
12:29:01.605 [main] DEBUG o.h.p.entity.AbstractEntityPersister -  Update 0: update TicketSeller set seller_name=? where id=?
12:29:01.605 [main] DEBUG o.h.p.entity.AbstractEntityPersister -  Delete 0: delete from TicketSeller where id=?
12:29:01.618 [main] DEBUG o.h.l.p.b.i.spaces.QuerySpacesImpl - Adding QuerySpace : uid = <gen:0> -> org.hibernate.loader.plan.build.internal.spaces.EntityQuerySpaceImpl@76e9f00b]
12:29:01.618 [main] DEBUG o.h.p.w.spi.MetamodelGraphWalker - Visiting attribute path : name
12:29:01.618 [main] DEBUG o.h.p.w.spi.MetamodelGraphWalker - Visiting attribute path : passes
12:29:01.620 [main] DEBUG o.h.l.p.b.i.spaces.QuerySpacesImpl - Adding QuerySpace : uid = <gen:1> -> org.hibernate.loader.plan.build.internal.spaces.CollectionQuerySpaceImpl@3138953b]
12:29:01.621 [main] DEBUG o.h.l.p.b.i.spaces.QuerySpacesImpl - Adding QuerySpace : uid = <gen:2> -> org.hibernate.loader.plan.build.internal.spaces.EntityQuerySpaceImpl@9e54c59]
12:29:01.621 [main] DEBUG o.h.p.w.spi.MetamodelGraphWalker - Visiting attribute path : tickets
12:29:01.621 [main] DEBUG o.h.l.p.b.i.spaces.QuerySpacesImpl - Adding QuerySpace : uid = <gen:3> -> org.hibernate.loader.plan.build.internal.spaces.CollectionQuerySpaceImpl@73c3cd09]
12:29:01.621 [main] DEBUG o.h.l.p.b.i.spaces.QuerySpacesImpl - Adding QuerySpace : uid = <gen:4> -> org.hibernate.loader.plan.build.internal.spaces.EntityQuerySpaceImpl@4a8a0099]
12:29:01.621 [main] DEBUG o.h.p.w.spi.MetamodelGraphWalker - Visiting attribute path : people
12:29:01.621 [main] DEBUG o.h.l.p.b.i.spaces.QuerySpacesImpl - Adding QuerySpace : uid = <gen:5> -> org.hibernate.loader.plan.build.internal.spaces.CollectionQuerySpaceImpl@7c1447b5]
12:29:01.621 [main] DEBUG o.h.l.p.b.i.spaces.QuerySpacesImpl - Adding QuerySpace : uid = <gen:6> -> org.hibernate.loader.plan.build.internal.spaces.EntityQuerySpaceImpl@49e4c2d5]
12:29:01.621 [main] DEBUG o.h.p.w.spi.MetamodelGraphWalker - Visiting attribute path : isWorking
12:29:01.621 [main] DEBUG o.h.l.p.b.i.FetchStyleLoadPlanBuildingAssociationVisitationStrategy - Building LoadPlan...
12:29:01.627 [main] DEBUG o.h.l.p.e.i.LoadQueryJoinAndFetchProcessor - processing queryspace <gen:0>
12:29:01.629 [main] DEBUG o.h.l.p.b.spi.LoadPlanTreePrinter - LoadPlan(entity=Abstract.TicketSeller)
    - Returns
       - EntityReturnImpl(entity=Abstract.TicketSeller, querySpaceUid=<gen:0>, path=Abstract.TicketSeller)
          - CollectionAttributeFetchImpl(collection=Abstract.TicketSeller.passes, querySpaceUid=<gen:1>, path=Abstract.TicketSeller.passes)
             - (collection element) CollectionFetchableElementEntityGraph(entity=Classes.Pass, querySpaceUid=<gen:2>, path=Abstract.TicketSeller.passes.<elements>)
          - CollectionAttributeFetchImpl(collection=Abstract.TicketSeller.tickets, querySpaceUid=<gen:3>, path=Abstract.TicketSeller.tickets)
             - (collection element) CollectionFetchableElementEntityGraph(entity=Classes.Ticket, querySpaceUid=<gen:4>, path=Abstract.TicketSeller.tickets.<elements>)
          - CollectionAttributeFetchImpl(collection=Classes.Shop.people, querySpaceUid=<gen:5>, path=Abstract.TicketSeller.people)
             - (collection element) CollectionFetchableElementEntityGraph(entity=Classes.Person, querySpaceUid=<gen:6>, path=Abstract.TicketSeller.people.<elements>)
    - QuerySpaces
       - EntityQuerySpaceImpl(uid=<gen:0>, entity=Abstract.TicketSeller)
          - SQL table alias mapping - ticketsell0_
          - alias suffix - 0_
          - suffixed key columns - {id2_3_0_}

12:29:01.629 [main] DEBUG o.h.loader.entity.plan.EntityLoader - Static select for entity Abstract.TicketSeller [NONE]: select ticketsell0_.id as id2_3_0_, ticketsell0_.seller_name as seller_n3_3_0_, ticketsell0_.isWorking as isworkin4_3_0_, ticketsell0_.Elementi as elementi1_3_0_ from TicketSeller ticketsell0_ where ticketsell0_.id=?
12:29:01.630 [main] DEBUG o.h.p.entity.AbstractEntityPersister - Static SQL for entity: Classes.Card
12:29:01.630 [main] DEBUG o.h.p.entity.AbstractEntityPersister -  Version select: select id from Card where id =?
12:29:01.630 [main] DEBUG o.h.p.entity.AbstractEntityPersister -  Snapshot select: select card_.id, card_.emissionDate as emission2_0_, card_.expirationDate as expirati3_0_ from Card card_ where card_.id=?
12:29:01.630 [main] DEBUG o.h.p.entity.AbstractEntityPersister -  Insert 0: insert into Card (emissionDate, expirationDate, id) values (?, ?, ?)
12:29:01.630 [main] DEBUG o.h.p.entity.AbstractEntityPersister -  Update 0: update Card set emissionDate=?, expirationDate=? where id=?
12:29:01.630 [main] DEBUG o.h.p.entity.AbstractEntityPersister -  Delete 0: delete from Card where id=?
12:29:01.630 [main] DEBUG o.h.p.entity.AbstractEntityPersister -  Identity insert: insert into Card (emissionDate, expirationDate) values (?, ?)
12:29:01.630 [main] DEBUG o.h.l.p.b.i.spaces.QuerySpacesImpl - Adding QuerySpace : uid = <gen:0> -> org.hibernate.loader.plan.build.internal.spaces.EntityQuerySpaceImpl@68699afc]
12:29:01.630 [main] DEBUG o.h.p.w.spi.MetamodelGraphWalker - Visiting attribute path : emissionDate
12:29:01.630 [main] DEBUG o.h.p.w.spi.MetamodelGraphWalker - Visiting attribute path : expirationDate
12:29:01.630 [main] DEBUG o.h.p.w.spi.MetamodelGraphWalker - Visiting attribute path : person
12:29:01.631 [main] DEBUG o.h.l.p.b.i.spaces.QuerySpacesImpl - Adding QuerySpace : uid = <gen:1> -> org.hibernate.loader.plan.build.internal.spaces.EntityQuerySpaceImpl@1823b9c4]
12:29:01.631 [main] DEBUG o.h.p.w.spi.MetamodelGraphWalker - Visiting attribute path : person.birthdate
12:29:01.631 [main] DEBUG o.h.p.w.spi.MetamodelGraphWalker - Visiting attribute path : person.cardNum
12:29:01.631 [main] DEBUG o.h.p.w.spi.MetamodelGraphWalker - Property path deemed to be circular : person.cardNum
12:29:01.632 [main] DEBUG o.h.p.w.spi.MetamodelGraphWalker - Visiting attribute path : person.firstName
12:29:01.632 [main] DEBUG o.h.p.w.spi.MetamodelGraphWalker - Visiting attribute path : person.lastName
12:29:01.632 [main] DEBUG o.h.l.p.b.i.FetchStyleLoadPlanBuildingAssociationVisitationStrategy - Building LoadPlan...
12:29:01.632 [main] DEBUG o.h.l.p.e.i.LoadQueryJoinAndFetchProcessor - processing queryspace <gen:0>
12:29:01.632 [main] DEBUG o.h.l.p.b.spi.LoadPlanTreePrinter - LoadPlan(entity=Classes.Card)
    - Returns
       - EntityReturnImpl(entity=Classes.Card, querySpaceUid=<gen:0>, path=Classes.Card)
          - EntityAttributeFetchImpl(entity=Classes.Person, querySpaceUid=<gen:1>, path=Classes.Card.person)
    - QuerySpaces
       - EntityQuerySpaceImpl(uid=<gen:0>, entity=Classes.Card)
          - SQL table alias mapping - card0_
          - alias suffix - 0_
          - suffixed key columns - {id1_0_0_}
          - JOIN (JoinDefinedByMetadata(person)) : <gen:0> -> <gen:1>
             - EntityQuerySpaceImpl(uid=<gen:1>, entity=Classes.Person)
                - SQL table alias mapping - person1_
                - alias suffix - 1_
                - suffixed key columns - {id1_1_1_}

12:29:01.632 [main] DEBUG o.h.loader.entity.plan.EntityLoader - Static select for entity Classes.Card [NONE]: select card0_.id as id1_0_0_, card0_.emissionDate as emission2_0_0_, card0_.expirationDate as expirati3_0_0_, person1_.id as id1_1_1_, person1_.birthdate as birthdat2_1_1_, person1_.cardNum_id as cardnum_5_1_1_, person1_.firstName as firstnam3_1_1_, person1_.lastName as lastname4_1_1_ from Card card0_ left outer join Person person1_ on card0_.id=person1_.cardNum_id where card0_.id=?
12:29:01.632 [main] DEBUG o.h.p.entity.AbstractEntityPersister - Static SQL for entity: Classes.Person
12:29:01.632 [main] DEBUG o.h.p.entity.AbstractEntityPersister -  Version select: select id from Person where id =?
12:29:01.632 [main] DEBUG o.h.p.entity.AbstractEntityPersister -  Snapshot select: select person_.id, person_.birthdate as birthdat2_1_, person_.cardNum_id as cardnum_5_1_, person_.firstName as firstnam3_1_, person_.lastName as lastname4_1_ from Person person_ where person_.id=?
12:29:01.632 [main] DEBUG o.h.p.entity.AbstractEntityPersister -  Insert 0: insert into Person (birthdate, cardNum_id, firstName, lastName, id) values (?, ?, ?, ?, ?)
12:29:01.632 [main] DEBUG o.h.p.entity.AbstractEntityPersister -  Update 0: update Person set birthdate=?, cardNum_id=?, firstName=?, lastName=? where id=?
12:29:01.632 [main] DEBUG o.h.p.entity.AbstractEntityPersister -  Delete 0: delete from Person where id=?
12:29:01.632 [main] DEBUG o.h.p.entity.AbstractEntityPersister -  Identity insert: insert into Person (birthdate, cardNum_id, firstName, lastName) values (?, ?, ?, ?)
12:29:01.632 [main] DEBUG o.h.l.p.b.i.spaces.QuerySpacesImpl - Adding QuerySpace : uid = <gen:0> -> org.hibernate.loader.plan.build.internal.spaces.EntityQuerySpaceImpl@2ffb3aec]
12:29:01.632 [main] DEBUG o.h.p.w.spi.MetamodelGraphWalker - Visiting attribute path : birthdate
12:29:01.632 [main] DEBUG o.h.p.w.spi.MetamodelGraphWalker - Visiting attribute path : cardNum
12:29:01.632 [main] DEBUG o.h.l.p.b.i.spaces.QuerySpacesImpl - Adding QuerySpace : uid = <gen:1> -> org.hibernate.loader.plan.build.internal.spaces.EntityQuerySpaceImpl@46039a21]
12:29:01.633 [main] DEBUG o.h.p.w.spi.MetamodelGraphWalker - Visiting attribute path : cardNum.emissionDate
12:29:01.633 [main] DEBUG o.h.p.w.spi.MetamodelGraphWalker - Visiting attribute path : cardNum.expirationDate
12:29:01.633 [main] DEBUG o.h.p.w.spi.MetamodelGraphWalker - Visiting attribute path : cardNum.person
12:29:01.633 [main] DEBUG o.h.p.w.spi.MetamodelGraphWalker - Property path deemed to be circular : cardNum.person
12:29:01.633 [main] DEBUG o.h.p.w.spi.MetamodelGraphWalker - Visiting attribute path : firstName
12:29:01.633 [main] DEBUG o.h.p.w.spi.MetamodelGraphWalker - Visiting attribute path : lastName
12:29:01.633 [main] DEBUG o.h.l.p.b.i.FetchStyleLoadPlanBuildingAssociationVisitationStrategy - Building LoadPlan...
12:29:01.633 [main] DEBUG o.h.l.p.e.i.LoadQueryJoinAndFetchProcessor - processing queryspace <gen:0>
12:29:01.633 [main] DEBUG o.h.l.p.b.spi.LoadPlanTreePrinter - LoadPlan(entity=Classes.Person)
    - Returns
       - EntityReturnImpl(entity=Classes.Person, querySpaceUid=<gen:0>, path=Classes.Person)
          - EntityAttributeFetchImpl(entity=Classes.Card, querySpaceUid=<gen:1>, path=Classes.Person.cardNum)
    - QuerySpaces
       - EntityQuerySpaceImpl(uid=<gen:0>, entity=Classes.Person)
          - SQL table alias mapping - person0_
          - alias suffix - 0_
          - suffixed key columns - {id1_1_0_}
          - JOIN (JoinDefinedByMetadata(cardNum)) : <gen:0> -> <gen:1>
             - EntityQuerySpaceImpl(uid=<gen:1>, entity=Classes.Card)
                - SQL table alias mapping - card1_
                - alias suffix - 1_
                - suffixed key columns - {id1_0_1_}

12:29:01.633 [main] DEBUG o.h.loader.entity.plan.EntityLoader - Static select for entity Classes.Person [NONE]: select person0_.id as id1_1_0_, person0_.birthdate as birthdat2_1_0_, person0_.cardNum_id as cardnum_5_1_0_, person0_.firstName as firstnam3_1_0_, person0_.lastName as lastname4_1_0_, card1_.id as id1_0_1_, card1_.emissionDate as emission2_0_1_, card1_.expirationDate as expirati3_0_1_ from Person person0_ left outer join Card card1_ on person0_.cardNum_id=card1_.id where person0_.id=?
12:29:01.637 [main] DEBUG org.hibernate.loader.Loader - Static select for entity Classes.Person [NONE]: select person0_.id as id1_1_1_, person0_.birthdate as birthdat2_1_1_, person0_.cardNum_id as cardnum_5_1_1_, person0_.firstName as firstnam3_1_1_, person0_.lastName as lastname4_1_1_, card1_.id as id1_0_0_, card1_.emissionDate as emission2_0_0_, card1_.expirationDate as expirati3_0_0_ from Person person0_ left outer join Card card1_ on person0_.cardNum_id=card1_.id where person0_.cardNum_id=?
12:29:01.637 [main] DEBUG o.h.p.entity.AbstractEntityPersister - Static SQL for entity: Classes.Pass
12:29:01.637 [main] DEBUG o.h.p.entity.AbstractEntityPersister -  Version select: select id from Ticket where id =?
12:29:01.637 [main] DEBUG o.h.p.entity.AbstractEntityPersister -  Snapshot select: select pass_.id, pass_.seller_id as seller_i4_2_, pass_.person_id as person_i5_2_, pass_.sellers_id as sellers_6_2_, pass_.validity as validity3_2_ from Ticket pass_ where pass_.id=?
12:29:01.637 [main] DEBUG o.h.p.entity.AbstractEntityPersister -  Insert 0: insert into Ticket (seller_id, person_id, sellers_id, validity, DTYPE, id) values (?, ?, ?, ?, 'Pass', ?)
12:29:01.637 [main] DEBUG o.h.p.entity.AbstractEntityPersister -  Update 0: update Ticket set seller_id=?, person_id=?, sellers_id=?, validity=? where id=?
12:29:01.637 [main] DEBUG o.h.p.entity.AbstractEntityPersister -  Delete 0: delete from Ticket where id=?
12:29:01.637 [main] DEBUG o.h.p.entity.AbstractEntityPersister -  Identity insert: insert into Ticket (seller_id, person_id, sellers_id, validity, DTYPE) values (?, ?, ?, ?, 'Pass')
12:29:01.637 [main] DEBUG o.h.l.p.b.i.spaces.QuerySpacesImpl - Adding QuerySpace : uid = <gen:0> -> org.hibernate.loader.plan.build.internal.spaces.EntityQuerySpaceImpl@276cc8dc]
12:29:01.637 [main] DEBUG o.h.p.w.spi.MetamodelGraphWalker - Visiting attribute path : seller
12:29:01.637 [main] DEBUG o.h.l.p.b.i.spaces.QuerySpacesImpl - Adding QuerySpace : uid = <gen:1> -> org.hibernate.loader.plan.build.internal.spaces.EntityQuerySpaceImpl@d3f4505]
12:29:01.637 [main] DEBUG o.h.p.w.spi.MetamodelGraphWalker - Visiting attribute path : seller.name
12:29:01.637 [main] DEBUG o.h.p.w.spi.MetamodelGraphWalker - Visiting attribute path : seller.passes
12:29:01.637 [main] DEBUG o.h.l.p.b.i.spaces.QuerySpacesImpl - Adding QuerySpace : uid = <gen:2> -> org.hibernate.loader.plan.build.internal.spaces.CollectionQuerySpaceImpl@7fd987ef]
12:29:01.637 [main] DEBUG o.h.l.p.b.i.spaces.QuerySpacesImpl - Adding QuerySpace : uid = <gen:3> -> org.hibernate.loader.plan.build.internal.spaces.EntityQuerySpaceImpl@7209ffb5]
12:29:01.637 [main] DEBUG o.h.p.w.spi.MetamodelGraphWalker - Visiting attribute path : seller.tickets
12:29:01.637 [main] DEBUG o.h.l.p.b.i.spaces.QuerySpacesImpl - Adding QuerySpace : uid = <gen:4> -> org.hibernate.loader.plan.build.internal.spaces.CollectionQuerySpaceImpl@5e99b9c]
12:29:01.637 [main] DEBUG o.h.l.p.b.i.spaces.QuerySpacesImpl - Adding QuerySpace : uid = <gen:5> -> org.hibernate.loader.plan.build.internal.spaces.EntityQuerySpaceImpl@2fe74516]
12:29:01.637 [main] DEBUG o.h.p.w.spi.MetamodelGraphWalker - Visiting attribute path : seller.people
12:29:01.637 [main] DEBUG o.h.l.p.b.i.spaces.QuerySpacesImpl - Adding QuerySpace : uid = <gen:6> -> org.hibernate.loader.plan.build.internal.spaces.CollectionQuerySpaceImpl@1c3259fa]
12:29:01.637 [main] DEBUG o.h.l.p.b.i.spaces.QuerySpacesImpl - Adding QuerySpace : uid = <gen:7> -> org.hibernate.loader.plan.build.internal.spaces.EntityQuerySpaceImpl@217bf99e]
12:29:01.637 [main] DEBUG o.h.p.w.spi.MetamodelGraphWalker - Visiting attribute path : seller.isWorking
12:29:01.637 [main] DEBUG o.h.p.w.spi.MetamodelGraphWalker - Visiting attribute path : person
12:29:01.637 [main] DEBUG o.h.l.p.b.i.spaces.QuerySpacesImpl - Adding QuerySpace : uid = <gen:8> -> org.hibernate.loader.plan.build.internal.spaces.EntityQuerySpaceImpl@6807a356]
12:29:01.637 [main] DEBUG o.h.p.w.spi.MetamodelGraphWalker - Visiting attribute path : person.birthdate
12:29:01.639 [main] DEBUG o.h.p.w.spi.MetamodelGraphWalker - Visiting attribute path : person.cardNum
12:29:01.639 [main] DEBUG o.h.l.p.b.i.spaces.QuerySpacesImpl - Adding QuerySpace : uid = <gen:9> -> org.hibernate.loader.plan.build.internal.spaces.EntityQuerySpaceImpl@73aeef7d]
12:29:01.639 [main] DEBUG o.h.p.w.spi.MetamodelGraphWalker - Visiting attribute path : person.cardNum.emissionDate
12:29:01.639 [main] DEBUG o.h.p.w.spi.MetamodelGraphWalker - Visiting attribute path : person.cardNum.expirationDate
12:29:01.639 [main] DEBUG o.h.p.w.spi.MetamodelGraphWalker - Visiting attribute path : person.cardNum.person
12:29:01.639 [main] DEBUG o.h.p.w.spi.MetamodelGraphWalker - Property path deemed to be circular : person.cardNum.person
12:29:01.639 [main] DEBUG o.h.p.w.spi.MetamodelGraphWalker - Visiting attribute path : person.firstName
12:29:01.639 [main] DEBUG o.h.p.w.spi.MetamodelGraphWalker - Visiting attribute path : person.lastName
12:29:01.639 [main] DEBUG o.h.p.w.spi.MetamodelGraphWalker - Visiting attribute path : sellers
12:29:01.639 [main] DEBUG o.h.l.p.b.i.spaces.QuerySpacesImpl - Adding QuerySpace : uid = <gen:10> -> org.hibernate.loader.plan.build.internal.spaces.EntityQuerySpaceImpl@58af5076]
12:29:01.639 [main] DEBUG o.h.p.w.spi.MetamodelGraphWalker - Visiting attribute path : sellers.name
12:29:01.639 [main] DEBUG o.h.p.w.spi.MetamodelGraphWalker - Visiting attribute path : sellers.passes
12:29:01.639 [main] DEBUG o.h.l.p.b.i.spaces.QuerySpacesImpl - Adding QuerySpace : uid = <gen:11> -> org.hibernate.loader.plan.build.internal.spaces.CollectionQuerySpaceImpl@4d9754a8]
12:29:01.639 [main] DEBUG o.h.l.p.b.i.spaces.QuerySpacesImpl - Adding QuerySpace : uid = <gen:12> -> org.hibernate.loader.plan.build.internal.spaces.EntityQuerySpaceImpl@7a3b7122]
12:29:01.639 [main] DEBUG o.h.p.w.spi.MetamodelGraphWalker - Visiting attribute path : sellers.tickets
12:29:01.639 [main] DEBUG o.h.l.p.b.i.spaces.QuerySpacesImpl - Adding QuerySpace : uid = <gen:13> -> org.hibernate.loader.plan.build.internal.spaces.CollectionQuerySpaceImpl@58b5a2f3]
12:29:01.639 [main] DEBUG o.h.l.p.b.i.spaces.QuerySpacesImpl - Adding QuerySpace : uid = <gen:14> -> org.hibernate.loader.plan.build.internal.spaces.EntityQuerySpaceImpl@25f15f50]
12:29:01.640 [main] DEBUG o.h.p.w.spi.MetamodelGraphWalker - Visiting attribute path : sellers.people
12:29:01.640 [main] DEBUG o.h.l.p.b.i.spaces.QuerySpacesImpl - Adding QuerySpace : uid = <gen:15> -> org.hibernate.loader.plan.build.internal.spaces.CollectionQuerySpaceImpl@52b46d52]
12:29:01.640 [main] DEBUG o.h.l.p.b.i.spaces.QuerySpacesImpl - Adding QuerySpace : uid = <gen:16> -> org.hibernate.loader.plan.build.internal.spaces.EntityQuerySpaceImpl@7327a447]
12:29:01.640 [main] DEBUG o.h.p.w.spi.MetamodelGraphWalker - Visiting attribute path : sellers.isWorking
12:29:01.640 [main] DEBUG o.h.p.w.spi.MetamodelGraphWalker - Visiting attribute path : validity
12:29:01.640 [main] DEBUG o.h.l.p.b.i.FetchStyleLoadPlanBuildingAssociationVisitationStrategy - Building LoadPlan...
12:29:01.640 [main] DEBUG o.h.l.p.e.i.LoadQueryJoinAndFetchProcessor - processing queryspace <gen:0>
12:29:01.640 [main] DEBUG o.h.l.p.b.spi.LoadPlanTreePrinter - LoadPlan(entity=Classes.Pass)
    - Returns
       - EntityReturnImpl(entity=Classes.Pass, querySpaceUid=<gen:0>, path=Classes.Pass)
          - EntityAttributeFetchImpl(entity=Abstract.TicketSeller, querySpaceUid=<gen:1>, path=Classes.Pass.seller)
             - CollectionAttributeFetchImpl(collection=Abstract.TicketSeller.passes, querySpaceUid=<gen:2>, path=Classes.Pass.seller.passes)
                - (collection element) CollectionFetchableElementEntityGraph(entity=Classes.Pass, querySpaceUid=<gen:3>, path=Classes.Pass.seller.passes.<elements>)
             - CollectionAttributeFetchImpl(collection=Abstract.TicketSeller.tickets, querySpaceUid=<gen:4>, path=Classes.Pass.seller.tickets)
                - (collection element) CollectionFetchableElementEntityGraph(entity=Classes.Ticket, querySpaceUid=<gen:5>, path=Classes.Pass.seller.tickets.<elements>)
             - CollectionAttributeFetchImpl(collection=Classes.Shop.people, querySpaceUid=<gen:6>, path=Classes.Pass.seller.people)
                - (collection element) CollectionFetchableElementEntityGraph(entity=Classes.Person, querySpaceUid=<gen:7>, path=Classes.Pass.seller.people.<elements>)
          - EntityAttributeFetchImpl(entity=Classes.Person, querySpaceUid=<gen:8>, path=Classes.Pass.person)
             - EntityAttributeFetchImpl(entity=Classes.Card, querySpaceUid=<gen:9>, path=Classes.Pass.person.cardNum)
          - EntityAttributeFetchImpl(entity=Abstract.TicketSeller, querySpaceUid=<gen:10>, path=Classes.Pass.sellers)
             - CollectionAttributeFetchImpl(collection=Abstract.TicketSeller.passes, querySpaceUid=<gen:11>, path=Classes.Pass.sellers.passes)
                - (collection element) CollectionFetchableElementEntityGraph(entity=Classes.Pass, querySpaceUid=<gen:12>, path=Classes.Pass.sellers.passes.<elements>)
             - CollectionAttributeFetchImpl(collection=Abstract.TicketSeller.tickets, querySpaceUid=<gen:13>, path=Classes.Pass.sellers.tickets)
                - (collection element) CollectionFetchableElementEntityGraph(entity=Classes.Ticket, querySpaceUid=<gen:14>, path=Classes.Pass.sellers.tickets.<elements>)
             - CollectionAttributeFetchImpl(collection=Classes.Shop.people, querySpaceUid=<gen:15>, path=Classes.Pass.sellers.people)
                - (collection element) CollectionFetchableElementEntityGraph(entity=Classes.Person, querySpaceUid=<gen:16>, path=Classes.Pass.sellers.people.<elements>)
    - QuerySpaces
       - EntityQuerySpaceImpl(uid=<gen:0>, entity=Classes.Pass)
          - SQL table alias mapping - pass0_
          - alias suffix - 0_
          - suffixed key columns - {id2_2_0_}
          - JOIN (JoinDefinedByMetadata(seller)) : <gen:0> -> <gen:1>
             - EntityQuerySpaceImpl(uid=<gen:1>, entity=Abstract.TicketSeller)
                - SQL table alias mapping - ticketsell1_
                - alias suffix - 1_
                - suffixed key columns - {id2_3_1_}
          - JOIN (JoinDefinedByMetadata(person)) : <gen:0> -> <gen:8>
             - EntityQuerySpaceImpl(uid=<gen:8>, entity=Classes.Person)
                - SQL table alias mapping - person2_
                - alias suffix - 2_
                - suffixed key columns - {id1_1_2_}
                - JOIN (JoinDefinedByMetadata(cardNum)) : <gen:8> -> <gen:9>
                   - EntityQuerySpaceImpl(uid=<gen:9>, entity=Classes.Card)
                      - SQL table alias mapping - card3_
                      - alias suffix - 3_
                      - suffixed key columns - {id1_0_3_}
          - JOIN (JoinDefinedByMetadata(sellers)) : <gen:0> -> <gen:10>
             - EntityQuerySpaceImpl(uid=<gen:10>, entity=Abstract.TicketSeller)
                - SQL table alias mapping - ticketsell4_
                - alias suffix - 4_
                - suffixed key columns - {id2_3_4_}

12:29:01.640 [main] DEBUG o.h.loader.entity.plan.EntityLoader - Static select for entity Classes.Pass [NONE]: select pass0_.id as id2_2_0_, pass0_.seller_id as seller_i4_2_0_, pass0_.person_id as person_i5_2_0_, pass0_.sellers_id as sellers_6_2_0_, pass0_.validity as validity3_2_0_, ticketsell1_.id as id2_3_1_, ticketsell1_.seller_name as seller_n3_3_1_, ticketsell1_.isWorking as isworkin4_3_1_, ticketsell1_.Elementi as elementi1_3_1_, person2_.id as id1_1_2_, person2_.birthdate as birthdat2_1_2_, person2_.cardNum_id as cardnum_5_1_2_, person2_.firstName as firstnam3_1_2_, person2_.lastName as lastname4_1_2_, card3_.id as id1_0_3_, card3_.emissionDate as emission2_0_3_, card3_.expirationDate as expirati3_0_3_, ticketsell4_.id as id2_3_4_, ticketsell4_.seller_name as seller_n3_3_4_, ticketsell4_.isWorking as isworkin4_3_4_, ticketsell4_.Elementi as elementi1_3_4_ from Ticket pass0_ left outer join TicketSeller ticketsell1_ on pass0_.seller_id=ticketsell1_.id left outer join Person person2_ on pass0_.person_id=person2_.id left outer join Card card3_ on person2_.cardNum_id=card3_.id left outer join TicketSeller ticketsell4_ on pass0_.sellers_id=ticketsell4_.id where pass0_.id=? and pass0_.DTYPE='Pass'
12:29:01.640 [main] DEBUG o.h.p.entity.AbstractEntityPersister - Static SQL for entity: Classes.Shop
12:29:01.640 [main] DEBUG o.h.p.entity.AbstractEntityPersister -  Version select: select id from TicketSeller where id =?
12:29:01.640 [main] DEBUG o.h.p.entity.AbstractEntityPersister -  Snapshot select: select shop_.id, shop_.seller_name as seller_n3_3_ from TicketSeller shop_ where shop_.id=?
12:29:01.641 [main] DEBUG o.h.p.entity.AbstractEntityPersister -  Insert 0: insert into TicketSeller (seller_name, Elementi, id) values (?, 'shop', ?)
12:29:01.641 [main] DEBUG o.h.p.entity.AbstractEntityPersister -  Update 0: update TicketSeller set seller_name=? where id=?
12:29:01.641 [main] DEBUG o.h.p.entity.AbstractEntityPersister -  Delete 0: delete from TicketSeller where id=?
12:29:01.641 [main] DEBUG o.h.l.p.b.i.spaces.QuerySpacesImpl - Adding QuerySpace : uid = <gen:0> -> org.hibernate.loader.plan.build.internal.spaces.EntityQuerySpaceImpl@67022ea]
12:29:01.641 [main] DEBUG o.h.p.w.spi.MetamodelGraphWalker - Visiting attribute path : name
12:29:01.641 [main] DEBUG o.h.p.w.spi.MetamodelGraphWalker - Visiting attribute path : passes
12:29:01.641 [main] DEBUG o.h.l.p.b.i.spaces.QuerySpacesImpl - Adding QuerySpace : uid = <gen:1> -> org.hibernate.loader.plan.build.internal.spaces.CollectionQuerySpaceImpl@58fbd02e]
12:29:01.641 [main] DEBUG o.h.l.p.b.i.spaces.QuerySpacesImpl - Adding QuerySpace : uid = <gen:2> -> org.hibernate.loader.plan.build.internal.spaces.EntityQuerySpaceImpl@163042ea]
12:29:01.641 [main] DEBUG o.h.p.w.spi.MetamodelGraphWalker - Visiting attribute path : tickets
12:29:01.641 [main] DEBUG o.h.l.p.b.i.spaces.QuerySpacesImpl - Adding QuerySpace : uid = <gen:3> -> org.hibernate.loader.plan.build.internal.spaces.CollectionQuerySpaceImpl@11d045b4]
12:29:01.641 [main] DEBUG o.h.l.p.b.i.spaces.QuerySpacesImpl - Adding QuerySpace : uid = <gen:4> -> org.hibernate.loader.plan.build.internal.spaces.EntityQuerySpaceImpl@1fbf088b]
12:29:01.641 [main] DEBUG o.h.p.w.spi.MetamodelGraphWalker - Visiting attribute path : people
12:29:01.641 [main] DEBUG o.h.l.p.b.i.spaces.QuerySpacesImpl - Adding QuerySpace : uid = <gen:5> -> org.hibernate.loader.plan.build.internal.spaces.CollectionQuerySpaceImpl@1943c1f2]
12:29:01.641 [main] DEBUG o.h.l.p.b.i.spaces.QuerySpacesImpl - Adding QuerySpace : uid = <gen:6> -> org.hibernate.loader.plan.build.internal.spaces.EntityQuerySpaceImpl@d70f722]
12:29:01.641 [main] DEBUG o.h.l.p.b.i.FetchStyleLoadPlanBuildingAssociationVisitationStrategy - Building LoadPlan...
12:29:01.641 [main] DEBUG o.h.l.p.e.i.LoadQueryJoinAndFetchProcessor - processing queryspace <gen:0>
12:29:01.641 [main] DEBUG o.h.l.p.b.spi.LoadPlanTreePrinter - LoadPlan(entity=Classes.Shop)
    - Returns
       - EntityReturnImpl(entity=Classes.Shop, querySpaceUid=<gen:0>, path=Classes.Shop)
          - CollectionAttributeFetchImpl(collection=Abstract.TicketSeller.passes, querySpaceUid=<gen:1>, path=Classes.Shop.passes)
             - (collection element) CollectionFetchableElementEntityGraph(entity=Classes.Pass, querySpaceUid=<gen:2>, path=Classes.Shop.passes.<elements>)
          - CollectionAttributeFetchImpl(collection=Abstract.TicketSeller.tickets, querySpaceUid=<gen:3>, path=Classes.Shop.tickets)
             - (collection element) CollectionFetchableElementEntityGraph(entity=Classes.Ticket, querySpaceUid=<gen:4>, path=Classes.Shop.tickets.<elements>)
          - CollectionAttributeFetchImpl(collection=Classes.Shop.people, querySpaceUid=<gen:5>, path=Classes.Shop.people)
             - (collection element) CollectionFetchableElementEntityGraph(entity=Classes.Person, querySpaceUid=<gen:6>, path=Classes.Shop.people.<elements>)
    - QuerySpaces
       - EntityQuerySpaceImpl(uid=<gen:0>, entity=Classes.Shop)
          - SQL table alias mapping - shop0_
          - alias suffix - 0_
          - suffixed key columns - {id2_3_0_}

12:29:01.641 [main] DEBUG o.h.loader.entity.plan.EntityLoader - Static select for entity Classes.Shop [NONE]: select shop0_.id as id2_3_0_, shop0_.seller_name as seller_n3_3_0_ from TicketSeller shop0_ where shop0_.id=? and shop0_.Elementi='shop'
12:29:01.641 [main] DEBUG o.h.p.entity.AbstractEntityPersister - Static SQL for entity: Classes.Ticket
12:29:01.641 [main] DEBUG o.h.p.entity.AbstractEntityPersister -  Version select: select id from Ticket where id =?
12:29:01.641 [main] DEBUG o.h.p.entity.AbstractEntityPersister -  Snapshot select: select ticket_.id, ticket_.seller_id as seller_i4_2_ from Ticket ticket_ where ticket_.id=?
12:29:01.641 [main] DEBUG o.h.p.entity.AbstractEntityPersister -  Insert 0: insert into Ticket (seller_id, DTYPE, id) values (?, 'Ticket', ?)
12:29:01.641 [main] DEBUG o.h.p.entity.AbstractEntityPersister -  Update 0: update Ticket set seller_id=? where id=?
12:29:01.641 [main] DEBUG o.h.p.entity.AbstractEntityPersister -  Delete 0: delete from Ticket where id=?
12:29:01.641 [main] DEBUG o.h.p.entity.AbstractEntityPersister -  Identity insert: insert into Ticket (seller_id, DTYPE) values (?, 'Ticket')
12:29:01.641 [main] DEBUG o.h.l.p.b.i.spaces.QuerySpacesImpl - Adding QuerySpace : uid = <gen:0> -> org.hibernate.loader.plan.build.internal.spaces.EntityQuerySpaceImpl@1e1eeedd]
12:29:01.641 [main] DEBUG o.h.p.w.spi.MetamodelGraphWalker - Visiting attribute path : seller
12:29:01.641 [main] DEBUG o.h.l.p.b.i.spaces.QuerySpacesImpl - Adding QuerySpace : uid = <gen:1> -> org.hibernate.loader.plan.build.internal.spaces.EntityQuerySpaceImpl@7ec95456]
12:29:01.641 [main] DEBUG o.h.p.w.spi.MetamodelGraphWalker - Visiting attribute path : seller.name
12:29:01.641 [main] DEBUG o.h.p.w.spi.MetamodelGraphWalker - Visiting attribute path : seller.passes
12:29:01.642 [main] DEBUG o.h.l.p.b.i.spaces.QuerySpacesImpl - Adding QuerySpace : uid = <gen:2> -> org.hibernate.loader.plan.build.internal.spaces.CollectionQuerySpaceImpl@1d8b0500]
12:29:01.642 [main] DEBUG o.h.l.p.b.i.spaces.QuerySpacesImpl - Adding QuerySpace : uid = <gen:3> -> org.hibernate.loader.plan.build.internal.spaces.EntityQuerySpaceImpl@76544c0a]
12:29:01.642 [main] DEBUG o.h.p.w.spi.MetamodelGraphWalker - Visiting attribute path : seller.tickets
12:29:01.642 [main] DEBUG o.h.l.p.b.i.spaces.QuerySpacesImpl - Adding QuerySpace : uid = <gen:4> -> org.hibernate.loader.plan.build.internal.spaces.CollectionQuerySpaceImpl@428bdd72]
12:29:01.642 [main] DEBUG o.h.l.p.b.i.spaces.QuerySpacesImpl - Adding QuerySpace : uid = <gen:5> -> org.hibernate.loader.plan.build.internal.spaces.EntityQuerySpaceImpl@650c405c]
12:29:01.642 [main] DEBUG o.h.p.w.spi.MetamodelGraphWalker - Visiting attribute path : seller.people
12:29:01.642 [main] DEBUG o.h.l.p.b.i.spaces.QuerySpacesImpl - Adding QuerySpace : uid = <gen:6> -> org.hibernate.loader.plan.build.internal.spaces.CollectionQuerySpaceImpl@20eaeaf8]
12:29:01.642 [main] DEBUG o.h.l.p.b.i.spaces.QuerySpacesImpl - Adding QuerySpace : uid = <gen:7> -> org.hibernate.loader.plan.build.internal.spaces.EntityQuerySpaceImpl@748ac6f3]
12:29:01.642 [main] DEBUG o.h.p.w.spi.MetamodelGraphWalker - Visiting attribute path : seller.isWorking
12:29:01.642 [main] DEBUG o.h.p.w.spi.MetamodelGraphWalker - Visiting attribute path : person
12:29:01.642 [main] DEBUG o.h.l.p.b.i.spaces.QuerySpacesImpl - Adding QuerySpace : uid = <gen:8> -> org.hibernate.loader.plan.build.internal.spaces.EntityQuerySpaceImpl@68f6e55d]
12:29:01.642 [main] DEBUG o.h.p.w.spi.MetamodelGraphWalker - Visiting attribute path : person.birthdate
12:29:01.642 [main] DEBUG o.h.p.w.spi.MetamodelGraphWalker - Visiting attribute path : person.cardNum
12:29:01.642 [main] DEBUG o.h.l.p.b.i.spaces.QuerySpacesImpl - Adding QuerySpace : uid = <gen:9> -> org.hibernate.loader.plan.build.internal.spaces.EntityQuerySpaceImpl@1835dc92]
12:29:01.642 [main] DEBUG o.h.p.w.spi.MetamodelGraphWalker - Visiting attribute path : person.cardNum.emissionDate
12:29:01.642 [main] DEBUG o.h.p.w.spi.MetamodelGraphWalker - Visiting attribute path : person.cardNum.expirationDate
12:29:01.642 [main] DEBUG o.h.p.w.spi.MetamodelGraphWalker - Visiting attribute path : person.cardNum.person
12:29:01.642 [main] DEBUG o.h.p.w.spi.MetamodelGraphWalker - Property path deemed to be circular : person.cardNum.person
12:29:01.642 [main] DEBUG o.h.p.w.spi.MetamodelGraphWalker - Visiting attribute path : person.firstName
12:29:01.642 [main] DEBUG o.h.p.w.spi.MetamodelGraphWalker - Visiting attribute path : person.lastName
12:29:01.642 [main] DEBUG o.h.p.w.spi.MetamodelGraphWalker - Visiting attribute path : sellers
12:29:01.642 [main] DEBUG o.h.l.p.b.i.spaces.QuerySpacesImpl - Adding QuerySpace : uid = <gen:10> -> org.hibernate.loader.plan.build.internal.spaces.EntityQuerySpaceImpl@65a9ea3c]
12:29:01.642 [main] DEBUG o.h.p.w.spi.MetamodelGraphWalker - Visiting attribute path : sellers.name
12:29:01.642 [main] DEBUG o.h.p.w.spi.MetamodelGraphWalker - Visiting attribute path : sellers.passes
12:29:01.642 [main] DEBUG o.h.l.p.b.i.spaces.QuerySpacesImpl - Adding QuerySpace : uid = <gen:11> -> org.hibernate.loader.plan.build.internal.spaces.CollectionQuerySpaceImpl@46911148]
12:29:01.642 [main] DEBUG o.h.l.p.b.i.spaces.QuerySpacesImpl - Adding QuerySpace : uid = <gen:12> -> org.hibernate.loader.plan.build.internal.spaces.EntityQuerySpaceImpl@2db1b657]
12:29:01.642 [main] DEBUG o.h.p.w.spi.MetamodelGraphWalker - Visiting attribute path : sellers.tickets
12:29:01.642 [main] DEBUG o.h.l.p.b.i.spaces.QuerySpacesImpl - Adding QuerySpace : uid = <gen:13> -> org.hibernate.loader.plan.build.internal.spaces.CollectionQuerySpaceImpl@7e351d7]
12:29:01.642 [main] DEBUG o.h.l.p.b.i.spaces.QuerySpacesImpl - Adding QuerySpace : uid = <gen:14> -> org.hibernate.loader.plan.build.internal.spaces.EntityQuerySpaceImpl@43c57161]
12:29:01.642 [main] DEBUG o.h.p.w.spi.MetamodelGraphWalker - Visiting attribute path : sellers.people
12:29:01.642 [main] DEBUG o.h.l.p.b.i.spaces.QuerySpacesImpl - Adding QuerySpace : uid = <gen:15> -> org.hibernate.loader.plan.build.internal.spaces.CollectionQuerySpaceImpl@d902300]
12:29:01.642 [main] DEBUG o.h.l.p.b.i.spaces.QuerySpacesImpl - Adding QuerySpace : uid = <gen:16> -> org.hibernate.loader.plan.build.internal.spaces.EntityQuerySpaceImpl@2db33feb]
12:29:01.642 [main] DEBUG o.h.p.w.spi.MetamodelGraphWalker - Visiting attribute path : sellers.isWorking
12:29:01.642 [main] DEBUG o.h.p.w.spi.MetamodelGraphWalker - Visiting attribute path : validity
12:29:01.642 [main] DEBUG o.h.l.p.b.i.FetchStyleLoadPlanBuildingAssociationVisitationStrategy - Building LoadPlan...
12:29:01.642 [main] DEBUG o.h.l.p.e.i.LoadQueryJoinAndFetchProcessor - processing queryspace <gen:0>
12:29:01.643 [main] DEBUG o.h.l.p.b.spi.LoadPlanTreePrinter - LoadPlan(entity=Classes.Ticket)
    - Returns
       - EntityReturnImpl(entity=Classes.Ticket, querySpaceUid=<gen:0>, path=Classes.Ticket)
          - EntityAttributeFetchImpl(entity=Abstract.TicketSeller, querySpaceUid=<gen:1>, path=Classes.Ticket.seller)
             - CollectionAttributeFetchImpl(collection=Abstract.TicketSeller.passes, querySpaceUid=<gen:2>, path=Classes.Ticket.seller.passes)
                - (collection element) CollectionFetchableElementEntityGraph(entity=Classes.Pass, querySpaceUid=<gen:3>, path=Classes.Ticket.seller.passes.<elements>)
             - CollectionAttributeFetchImpl(collection=Abstract.TicketSeller.tickets, querySpaceUid=<gen:4>, path=Classes.Ticket.seller.tickets)
                - (collection element) CollectionFetchableElementEntityGraph(entity=Classes.Ticket, querySpaceUid=<gen:5>, path=Classes.Ticket.seller.tickets.<elements>)
             - CollectionAttributeFetchImpl(collection=Classes.Shop.people, querySpaceUid=<gen:6>, path=Classes.Ticket.seller.people)
                - (collection element) CollectionFetchableElementEntityGraph(entity=Classes.Person, querySpaceUid=<gen:7>, path=Classes.Ticket.seller.people.<elements>)
          - EntityAttributeFetchImpl(entity=Classes.Person, querySpaceUid=<gen:8>, path=Classes.Ticket.person)
             - EntityAttributeFetchImpl(entity=Classes.Card, querySpaceUid=<gen:9>, path=Classes.Ticket.person.cardNum)
          - EntityAttributeFetchImpl(entity=Abstract.TicketSeller, querySpaceUid=<gen:10>, path=Classes.Ticket.sellers)
             - CollectionAttributeFetchImpl(collection=Abstract.TicketSeller.passes, querySpaceUid=<gen:11>, path=Classes.Ticket.sellers.passes)
                - (collection element) CollectionFetchableElementEntityGraph(entity=Classes.Pass, querySpaceUid=<gen:12>, path=Classes.Ticket.sellers.passes.<elements>)
             - CollectionAttributeFetchImpl(collection=Abstract.TicketSeller.tickets, querySpaceUid=<gen:13>, path=Classes.Ticket.sellers.tickets)
                - (collection element) CollectionFetchableElementEntityGraph(entity=Classes.Ticket, querySpaceUid=<gen:14>, path=Classes.Ticket.sellers.tickets.<elements>)
             - CollectionAttributeFetchImpl(collection=Classes.Shop.people, querySpaceUid=<gen:15>, path=Classes.Ticket.sellers.people)
                - (collection element) CollectionFetchableElementEntityGraph(entity=Classes.Person, querySpaceUid=<gen:16>, path=Classes.Ticket.sellers.people.<elements>)
    - QuerySpaces
       - EntityQuerySpaceImpl(uid=<gen:0>, entity=Classes.Ticket)
          - SQL table alias mapping - ticket0_
          - alias suffix - 0_
          - suffixed key columns - {id2_2_0_}
          - JOIN (JoinDefinedByMetadata(seller)) : <gen:0> -> <gen:1>
             - EntityQuerySpaceImpl(uid=<gen:1>, entity=Abstract.TicketSeller)
                - SQL table alias mapping - ticketsell1_
                - alias suffix - 1_
                - suffixed key columns - {id2_3_1_}
          - JOIN (JoinDefinedByMetadata(person)) : <gen:0> -> <gen:8>
             - EntityQuerySpaceImpl(uid=<gen:8>, entity=Classes.Person)
                - SQL table alias mapping - person2_
                - alias suffix - 2_
                - suffixed key columns - {id1_1_2_}
                - JOIN (JoinDefinedByMetadata(cardNum)) : <gen:8> -> <gen:9>
                   - EntityQuerySpaceImpl(uid=<gen:9>, entity=Classes.Card)
                      - SQL table alias mapping - card3_
                      - alias suffix - 3_
                      - suffixed key columns - {id1_0_3_}
          - JOIN (JoinDefinedByMetadata(sellers)) : <gen:0> -> <gen:10>
             - EntityQuerySpaceImpl(uid=<gen:10>, entity=Abstract.TicketSeller)
                - SQL table alias mapping - ticketsell4_
                - alias suffix - 4_
                - suffixed key columns - {id2_3_4_}

12:29:01.643 [main] DEBUG o.h.loader.entity.plan.EntityLoader - Static select for entity Classes.Ticket [NONE]: select ticket0_.id as id2_2_0_, ticket0_.seller_id as seller_i4_2_0_, ticket0_.person_id as person_i5_2_0_, ticket0_.sellers_id as sellers_6_2_0_, ticket0_.validity as validity3_2_0_, ticket0_.DTYPE as dtype1_2_0_, ticketsell1_.id as id2_3_1_, ticketsell1_.seller_name as seller_n3_3_1_, ticketsell1_.isWorking as isworkin4_3_1_, ticketsell1_.Elementi as elementi1_3_1_, person2_.id as id1_1_2_, person2_.birthdate as birthdat2_1_2_, person2_.cardNum_id as cardnum_5_1_2_, person2_.firstName as firstnam3_1_2_, person2_.lastName as lastname4_1_2_, card3_.id as id1_0_3_, card3_.emissionDate as emission2_0_3_, card3_.expirationDate as expirati3_0_3_, ticketsell4_.id as id2_3_4_, ticketsell4_.seller_name as seller_n3_3_4_, ticketsell4_.isWorking as isworkin4_3_4_, ticketsell4_.Elementi as elementi1_3_4_ from Ticket ticket0_ left outer join TicketSeller ticketsell1_ on ticket0_.seller_id=ticketsell1_.id left outer join Person person2_ on ticket0_.person_id=person2_.id left outer join Card card3_ on person2_.cardNum_id=card3_.id left outer join TicketSeller ticketsell4_ on ticket0_.sellers_id=ticketsell4_.id where ticket0_.id=?
12:29:01.643 [main] DEBUG o.h.p.entity.AbstractEntityPersister - Static SQL for entity: Classes.VendingMachine
12:29:01.643 [main] DEBUG o.h.p.entity.AbstractEntityPersister -  Version select: select id from TicketSeller where id =?
12:29:01.643 [main] DEBUG o.h.p.entity.AbstractEntityPersister -  Snapshot select: select vendingmac_.id, vendingmac_.seller_name as seller_n3_3_, vendingmac_.isWorking as isworkin4_3_ from TicketSeller vendingmac_ where vendingmac_.id=?
12:29:01.643 [main] DEBUG o.h.p.entity.AbstractEntityPersister -  Insert 0: insert into TicketSeller (seller_name, isWorking, Elementi, id) values (?, ?, 'vending_machine', ?)
12:29:01.643 [main] DEBUG o.h.p.entity.AbstractEntityPersister -  Update 0: update TicketSeller set seller_name=?, isWorking=? where id=?
12:29:01.643 [main] DEBUG o.h.p.entity.AbstractEntityPersister -  Delete 0: delete from TicketSeller where id=?
12:29:01.644 [main] DEBUG o.h.l.p.b.i.spaces.QuerySpacesImpl - Adding QuerySpace : uid = <gen:0> -> org.hibernate.loader.plan.build.internal.spaces.EntityQuerySpaceImpl@30c3ae63]
12:29:01.644 [main] DEBUG o.h.p.w.spi.MetamodelGraphWalker - Visiting attribute path : name
12:29:01.644 [main] DEBUG o.h.p.w.spi.MetamodelGraphWalker - Visiting attribute path : passes
12:29:01.644 [main] DEBUG o.h.l.p.b.i.spaces.QuerySpacesImpl - Adding QuerySpace : uid = <gen:1> -> org.hibernate.loader.plan.build.internal.spaces.CollectionQuerySpaceImpl@54e12f4c]
12:29:01.644 [main] DEBUG o.h.l.p.b.i.spaces.QuerySpacesImpl - Adding QuerySpace : uid = <gen:2> -> org.hibernate.loader.plan.build.internal.spaces.EntityQuerySpaceImpl@60990e5c]
12:29:01.644 [main] DEBUG o.h.p.w.spi.MetamodelGraphWalker - Visiting attribute path : tickets
12:29:01.644 [main] DEBUG o.h.l.p.b.i.spaces.QuerySpacesImpl - Adding QuerySpace : uid = <gen:3> -> org.hibernate.loader.plan.build.internal.spaces.CollectionQuerySpaceImpl@4d84049a]
12:29:01.644 [main] DEBUG o.h.l.p.b.i.spaces.QuerySpacesImpl - Adding QuerySpace : uid = <gen:4> -> org.hibernate.loader.plan.build.internal.spaces.EntityQuerySpaceImpl@39ee94de]
12:29:01.644 [main] DEBUG o.h.p.w.spi.MetamodelGraphWalker - Visiting attribute path : isWorking
12:29:01.644 [main] DEBUG o.h.l.p.b.i.FetchStyleLoadPlanBuildingAssociationVisitationStrategy - Building LoadPlan...
12:29:01.644 [main] DEBUG o.h.l.p.e.i.LoadQueryJoinAndFetchProcessor - processing queryspace <gen:0>
12:29:01.644 [main] DEBUG o.h.l.p.b.spi.LoadPlanTreePrinter - LoadPlan(entity=Classes.VendingMachine)
    - Returns
       - EntityReturnImpl(entity=Classes.VendingMachine, querySpaceUid=<gen:0>, path=Classes.VendingMachine)
          - CollectionAttributeFetchImpl(collection=Abstract.TicketSeller.passes, querySpaceUid=<gen:1>, path=Classes.VendingMachine.passes)
             - (collection element) CollectionFetchableElementEntityGraph(entity=Classes.Pass, querySpaceUid=<gen:2>, path=Classes.VendingMachine.passes.<elements>)
          - CollectionAttributeFetchImpl(collection=Abstract.TicketSeller.tickets, querySpaceUid=<gen:3>, path=Classes.VendingMachine.tickets)
             - (collection element) CollectionFetchableElementEntityGraph(entity=Classes.Ticket, querySpaceUid=<gen:4>, path=Classes.VendingMachine.tickets.<elements>)
    - QuerySpaces
       - EntityQuerySpaceImpl(uid=<gen:0>, entity=Classes.VendingMachine)
          - SQL table alias mapping - vendingmac0_
          - alias suffix - 0_
          - suffixed key columns - {id2_3_0_}

12:29:01.644 [main] DEBUG o.h.loader.entity.plan.EntityLoader - Static select for entity Classes.VendingMachine [NONE]: select vendingmac0_.id as id2_3_0_, vendingmac0_.seller_name as seller_n3_3_0_, vendingmac0_.isWorking as isworkin4_3_0_ from TicketSeller vendingmac0_ where vendingmac0_.id=? and vendingmac0_.Elementi='vending_machine'
12:29:01.646 [main] DEBUG o.h.l.p.b.i.spaces.QuerySpacesImpl - Adding QuerySpace : uid = <gen:0> -> org.hibernate.loader.plan.build.internal.spaces.CollectionQuerySpaceImpl@6bcb12e6]
12:29:01.646 [main] DEBUG o.h.l.p.b.i.spaces.QuerySpacesImpl - Adding QuerySpace : uid = <gen:1> -> org.hibernate.loader.plan.build.internal.spaces.EntityQuerySpaceImpl@111d5c97]
12:29:01.647 [main] DEBUG o.h.p.w.spi.MetamodelGraphWalker - Visiting attribute path : seller
12:29:01.647 [main] DEBUG o.h.l.p.b.i.spaces.QuerySpacesImpl - Adding QuerySpace : uid = <gen:2> -> org.hibernate.loader.plan.build.internal.spaces.EntityQuerySpaceImpl@30ec7d21]
12:29:01.647 [main] DEBUG o.h.p.w.spi.MetamodelGraphWalker - Visiting attribute path : seller.name
12:29:01.647 [main] DEBUG o.h.p.w.spi.MetamodelGraphWalker - Visiting attribute path : seller.passes
12:29:01.647 [main] DEBUG o.h.p.w.spi.MetamodelGraphWalker - Property path deemed to be circular : seller.passes
12:29:01.647 [main] DEBUG o.h.p.w.spi.MetamodelGraphWalker - Visiting attribute path : seller.tickets
12:29:01.647 [main] DEBUG o.h.p.w.spi.MetamodelGraphWalker - Property path deemed to be circular : seller.tickets
12:29:01.647 [main] DEBUG o.h.p.w.spi.MetamodelGraphWalker - Visiting attribute path : seller.people
12:29:01.647 [main] DEBUG o.h.l.p.b.i.spaces.QuerySpacesImpl - Adding QuerySpace : uid = <gen:3> -> org.hibernate.loader.plan.build.internal.spaces.CollectionQuerySpaceImpl@7efa3f63]
12:29:01.647 [main] DEBUG o.h.l.p.b.i.spaces.QuerySpacesImpl - Adding QuerySpace : uid = <gen:4> -> org.hibernate.loader.plan.build.internal.spaces.EntityQuerySpaceImpl@7134b8a7]
12:29:01.647 [main] DEBUG o.h.p.w.spi.MetamodelGraphWalker - Visiting attribute path : seller.isWorking
12:29:01.647 [main] DEBUG o.h.p.w.spi.MetamodelGraphWalker - Visiting attribute path : person
12:29:01.647 [main] DEBUG o.h.l.p.b.i.spaces.QuerySpacesImpl - Adding QuerySpace : uid = <gen:5> -> org.hibernate.loader.plan.build.internal.spaces.EntityQuerySpaceImpl@2262d6d5]
12:29:01.647 [main] DEBUG o.h.p.w.spi.MetamodelGraphWalker - Visiting attribute path : person.birthdate
12:29:01.647 [main] DEBUG o.h.p.w.spi.MetamodelGraphWalker - Visiting attribute path : person.cardNum
12:29:01.647 [main] DEBUG o.h.l.p.b.i.spaces.QuerySpacesImpl - Adding QuerySpace : uid = <gen:6> -> org.hibernate.loader.plan.build.internal.spaces.EntityQuerySpaceImpl@6ff0b1cc]
12:29:01.647 [main] DEBUG o.h.p.w.spi.MetamodelGraphWalker - Visiting attribute path : person.cardNum.emissionDate
12:29:01.647 [main] DEBUG o.h.p.w.spi.MetamodelGraphWalker - Visiting attribute path : person.cardNum.expirationDate
12:29:01.647 [main] DEBUG o.h.p.w.spi.MetamodelGraphWalker - Visiting attribute path : person.cardNum.person
12:29:01.647 [main] DEBUG o.h.p.w.spi.MetamodelGraphWalker - Property path deemed to be circular : person.cardNum.person
12:29:01.647 [main] DEBUG o.h.p.w.spi.MetamodelGraphWalker - Visiting attribute path : person.firstName
12:29:01.647 [main] DEBUG o.h.p.w.spi.MetamodelGraphWalker - Visiting attribute path : person.lastName
12:29:01.647 [main] DEBUG o.h.p.w.spi.MetamodelGraphWalker - Visiting attribute path : sellers
12:29:01.647 [main] DEBUG o.h.l.p.b.i.spaces.QuerySpacesImpl - Adding QuerySpace : uid = <gen:7> -> org.hibernate.loader.plan.build.internal.spaces.EntityQuerySpaceImpl@f3560d4]
12:29:01.648 [main] DEBUG o.h.p.w.spi.MetamodelGraphWalker - Visiting attribute path : sellers.name
12:29:01.648 [main] DEBUG o.h.p.w.spi.MetamodelGraphWalker - Visiting attribute path : sellers.passes
12:29:01.648 [main] DEBUG o.h.p.w.spi.MetamodelGraphWalker - Property path deemed to be circular : sellers.passes
12:29:01.648 [main] DEBUG o.h.p.w.spi.MetamodelGraphWalker - Visiting attribute path : sellers.tickets
12:29:01.648 [main] DEBUG o.h.p.w.spi.MetamodelGraphWalker - Property path deemed to be circular : sellers.tickets
12:29:01.648 [main] DEBUG o.h.p.w.spi.MetamodelGraphWalker - Visiting attribute path : sellers.people
12:29:01.648 [main] DEBUG o.h.l.p.b.i.spaces.QuerySpacesImpl - Adding QuerySpace : uid = <gen:8> -> org.hibernate.loader.plan.build.internal.spaces.CollectionQuerySpaceImpl@51b77cdf]
12:29:01.648 [main] DEBUG o.h.l.p.b.i.spaces.QuerySpacesImpl - Adding QuerySpace : uid = <gen:9> -> org.hibernate.loader.plan.build.internal.spaces.EntityQuerySpaceImpl@441fbe89]
12:29:01.648 [main] DEBUG o.h.p.w.spi.MetamodelGraphWalker - Visiting attribute path : sellers.isWorking
12:29:01.648 [main] DEBUG o.h.p.w.spi.MetamodelGraphWalker - Visiting attribute path : validity
12:29:01.648 [main] DEBUG o.h.l.p.b.i.FetchStyleLoadPlanBuildingAssociationVisitationStrategy - Building LoadPlan...
12:29:01.649 [main] DEBUG o.h.l.p.e.i.LoadQueryJoinAndFetchProcessor - processing queryspace <gen:0>
12:29:01.650 [main] DEBUG o.h.l.p.b.spi.LoadPlanTreePrinter - LoadPlan(collection=Abstract.TicketSeller.tickets)
    - Returns
       - CollectionReturnImpl(collection=Abstract.TicketSeller.tickets, querySpaceUid=<gen:0>, path=[Abstract.TicketSeller.tickets])
          - (collection element) CollectionFetchableElementEntityGraph(entity=Classes.Ticket, querySpaceUid=<gen:1>, path=[Abstract.TicketSeller.tickets].<elements>)
             - EntityAttributeFetchImpl(entity=Abstract.TicketSeller, querySpaceUid=<gen:2>, path=[Abstract.TicketSeller.tickets].<elements>.seller)
                - CollectionAttributeFetchImpl(collection=Classes.Shop.people, querySpaceUid=<gen:3>, path=[Abstract.TicketSeller.tickets].<elements>.seller.people)
                   - (collection element) CollectionFetchableElementEntityGraph(entity=Classes.Person, querySpaceUid=<gen:4>, path=[Abstract.TicketSeller.tickets].<elements>.seller.people.<elements>)
             - EntityAttributeFetchImpl(entity=Classes.Person, querySpaceUid=<gen:5>, path=[Abstract.TicketSeller.tickets].<elements>.person)
                - EntityAttributeFetchImpl(entity=Classes.Card, querySpaceUid=<gen:6>, path=[Abstract.TicketSeller.tickets].<elements>.person.cardNum)
             - EntityAttributeFetchImpl(entity=Abstract.TicketSeller, querySpaceUid=<gen:7>, path=[Abstract.TicketSeller.tickets].<elements>.sellers)
                - CollectionAttributeFetchImpl(collection=Classes.Shop.people, querySpaceUid=<gen:8>, path=[Abstract.TicketSeller.tickets].<elements>.sellers.people)
                   - (collection element) CollectionFetchableElementEntityGraph(entity=Classes.Person, querySpaceUid=<gen:9>, path=[Abstract.TicketSeller.tickets].<elements>.sellers.people.<elements>)
    - QuerySpaces
       - CollectionQuerySpaceImpl(uid=<gen:0>, collection=Abstract.TicketSeller.tickets)
          - SQL table alias mapping - tickets0_
          - alias suffix - 0_
          - suffixed key columns - {ticketse1_5_0_}
          - entity-element alias suffix - 1_
          - 1_entity-element suffixed key columns - id2_2_1_
          - JOIN (JoinDefinedByMetadata(elements)) : <gen:0> -> <gen:1>
             - EntityQuerySpaceImpl(uid=<gen:1>, entity=Classes.Ticket)
                - SQL table alias mapping - ticket1_
                - alias suffix - 1_
                - suffixed key columns - {id2_2_1_}
                - JOIN (JoinDefinedByMetadata(seller)) : <gen:1> -> <gen:2>
                   - EntityQuerySpaceImpl(uid=<gen:2>, entity=Abstract.TicketSeller)
                      - SQL table alias mapping - ticketsell2_
                      - alias suffix - 2_
                      - suffixed key columns - {id2_3_2_}
                - JOIN (JoinDefinedByMetadata(person)) : <gen:1> -> <gen:5>
                   - EntityQuerySpaceImpl(uid=<gen:5>, entity=Classes.Person)
                      - SQL table alias mapping - person3_
                      - alias suffix - 3_
                      - suffixed key columns - {id1_1_3_}
                      - JOIN (JoinDefinedByMetadata(cardNum)) : <gen:5> -> <gen:6>
                         - EntityQuerySpaceImpl(uid=<gen:6>, entity=Classes.Card)
                            - SQL table alias mapping - card4_
                            - alias suffix - 4_
                            - suffixed key columns - {id1_0_4_}
                - JOIN (JoinDefinedByMetadata(sellers)) : <gen:1> -> <gen:7>
                   - EntityQuerySpaceImpl(uid=<gen:7>, entity=Abstract.TicketSeller)
                      - SQL table alias mapping - ticketsell5_
                      - alias suffix - 5_
                      - suffixed key columns - {id2_3_5_}

12:29:01.650 [main] DEBUG o.h.l.c.plan.CollectionLoader - Static select for collection Abstract.TicketSeller.tickets: select tickets0_.TicketSeller_id as ticketse1_5_0_, tickets0_.tickets_id as tickets_2_5_0_, ticket1_.id as id2_2_1_, ticket1_.seller_id as seller_i4_2_1_, ticket1_.person_id as person_i5_2_1_, ticket1_.sellers_id as sellers_6_2_1_, ticket1_.validity as validity3_2_1_, ticket1_.DTYPE as dtype1_2_1_, ticketsell2_.id as id2_3_2_, ticketsell2_.seller_name as seller_n3_3_2_, ticketsell2_.isWorking as isworkin4_3_2_, ticketsell2_.Elementi as elementi1_3_2_, person3_.id as id1_1_3_, person3_.birthdate as birthdat2_1_3_, person3_.cardNum_id as cardnum_5_1_3_, person3_.firstName as firstnam3_1_3_, person3_.lastName as lastname4_1_3_, card4_.id as id1_0_4_, card4_.emissionDate as emission2_0_4_, card4_.expirationDate as expirati3_0_4_, ticketsell5_.id as id2_3_5_, ticketsell5_.seller_name as seller_n3_3_5_, ticketsell5_.isWorking as isworkin4_3_5_, ticketsell5_.Elementi as elementi1_3_5_ from TicketSeller_Ticket tickets0_ inner join Ticket ticket1_ on tickets0_.tickets_id=ticket1_.id left outer join TicketSeller ticketsell2_ on ticket1_.seller_id=ticketsell2_.id left outer join Person person3_ on ticket1_.person_id=person3_.id left outer join Card card4_ on person3_.cardNum_id=card4_.id left outer join TicketSeller ticketsell5_ on ticket1_.sellers_id=ticketsell5_.id where tickets0_.TicketSeller_id=?
12:29:01.650 [main] DEBUG o.h.l.p.b.i.spaces.QuerySpacesImpl - Adding QuerySpace : uid = <gen:0> -> org.hibernate.loader.plan.build.internal.spaces.CollectionQuerySpaceImpl@5568c66f]
12:29:01.650 [main] DEBUG o.h.l.p.b.i.spaces.QuerySpacesImpl - Adding QuerySpace : uid = <gen:1> -> org.hibernate.loader.plan.build.internal.spaces.EntityQuerySpaceImpl@e784320]
12:29:01.650 [main] DEBUG o.h.p.w.spi.MetamodelGraphWalker - Visiting attribute path : seller
12:29:01.650 [main] DEBUG o.h.l.p.b.i.spaces.QuerySpacesImpl - Adding QuerySpace : uid = <gen:2> -> org.hibernate.loader.plan.build.internal.spaces.EntityQuerySpaceImpl@4bdf]
12:29:01.650 [main] DEBUG o.h.p.w.spi.MetamodelGraphWalker - Visiting attribute path : seller.name
12:29:01.650 [main] DEBUG o.h.p.w.spi.MetamodelGraphWalker - Visiting attribute path : seller.passes
12:29:01.650 [main] DEBUG o.h.p.w.spi.MetamodelGraphWalker - Property path deemed to be circular : seller.passes
12:29:01.650 [main] DEBUG o.h.p.w.spi.MetamodelGraphWalker - Visiting attribute path : seller.tickets
12:29:01.651 [main] DEBUG o.h.p.w.spi.MetamodelGraphWalker - Property path deemed to be circular : seller.tickets
12:29:01.651 [main] DEBUG o.h.p.w.spi.MetamodelGraphWalker - Visiting attribute path : seller.people
12:29:01.651 [main] DEBUG o.h.l.p.b.i.spaces.QuerySpacesImpl - Adding QuerySpace : uid = <gen:3> -> org.hibernate.loader.plan.build.internal.spaces.CollectionQuerySpaceImpl@2c63762b]
12:29:01.651 [main] DEBUG o.h.l.p.b.i.spaces.QuerySpacesImpl - Adding QuerySpace : uid = <gen:4> -> org.hibernate.loader.plan.build.internal.spaces.EntityQuerySpaceImpl@7a9eccc4]
12:29:01.651 [main] DEBUG o.h.p.w.spi.MetamodelGraphWalker - Visiting attribute path : seller.isWorking
12:29:01.651 [main] DEBUG o.h.p.w.spi.MetamodelGraphWalker - Visiting attribute path : person
12:29:01.651 [main] DEBUG o.h.l.p.b.i.spaces.QuerySpacesImpl - Adding QuerySpace : uid = <gen:5> -> org.hibernate.loader.plan.build.internal.spaces.EntityQuerySpaceImpl@78422efb]
12:29:01.651 [main] DEBUG o.h.p.w.spi.MetamodelGraphWalker - Visiting attribute path : person.birthdate
12:29:01.651 [main] DEBUG o.h.p.w.spi.MetamodelGraphWalker - Visiting attribute path : person.cardNum
12:29:01.651 [main] DEBUG o.h.l.p.b.i.spaces.QuerySpacesImpl - Adding QuerySpace : uid = <gen:6> -> org.hibernate.loader.plan.build.internal.spaces.EntityQuerySpaceImpl@68e02f33]
12:29:01.651 [main] DEBUG o.h.p.w.spi.MetamodelGraphWalker - Visiting attribute path : person.cardNum.emissionDate
12:29:01.651 [main] DEBUG o.h.p.w.spi.MetamodelGraphWalker - Visiting attribute path : person.cardNum.expirationDate
12:29:01.651 [main] DEBUG o.h.p.w.spi.MetamodelGraphWalker - Visiting attribute path : person.cardNum.person
12:29:01.651 [main] DEBUG o.h.p.w.spi.MetamodelGraphWalker - Property path deemed to be circular : person.cardNum.person
12:29:01.651 [main] DEBUG o.h.p.w.spi.MetamodelGraphWalker - Visiting attribute path : person.firstName
12:29:01.651 [main] DEBUG o.h.p.w.spi.MetamodelGraphWalker - Visiting attribute path : person.lastName
12:29:01.651 [main] DEBUG o.h.p.w.spi.MetamodelGraphWalker - Visiting attribute path : sellers
12:29:01.651 [main] DEBUG o.h.l.p.b.i.spaces.QuerySpacesImpl - Adding QuerySpace : uid = <gen:7> -> org.hibernate.loader.plan.build.internal.spaces.EntityQuerySpaceImpl@d48e998]
12:29:01.651 [main] DEBUG o.h.p.w.spi.MetamodelGraphWalker - Visiting attribute path : sellers.name
12:29:01.651 [main] DEBUG o.h.p.w.spi.MetamodelGraphWalker - Visiting attribute path : sellers.passes
12:29:01.651 [main] DEBUG o.h.p.w.spi.MetamodelGraphWalker - Property path deemed to be circular : sellers.passes
12:29:01.651 [main] DEBUG o.h.p.w.spi.MetamodelGraphWalker - Visiting attribute path : sellers.tickets
12:29:01.651 [main] DEBUG o.h.p.w.spi.MetamodelGraphWalker - Property path deemed to be circular : sellers.tickets
12:29:01.651 [main] DEBUG o.h.p.w.spi.MetamodelGraphWalker - Visiting attribute path : sellers.people
12:29:01.651 [main] DEBUG o.h.l.p.b.i.spaces.QuerySpacesImpl - Adding QuerySpace : uid = <gen:8> -> org.hibernate.loader.plan.build.internal.spaces.CollectionQuerySpaceImpl@158ae284]
12:29:01.651 [main] DEBUG o.h.l.p.b.i.spaces.QuerySpacesImpl - Adding QuerySpace : uid = <gen:9> -> org.hibernate.loader.plan.build.internal.spaces.EntityQuerySpaceImpl@50eb4a2c]
12:29:01.651 [main] DEBUG o.h.p.w.spi.MetamodelGraphWalker - Visiting attribute path : sellers.isWorking
12:29:01.651 [main] DEBUG o.h.p.w.spi.MetamodelGraphWalker - Visiting attribute path : validity
12:29:01.651 [main] DEBUG o.h.l.p.b.i.FetchStyleLoadPlanBuildingAssociationVisitationStrategy - Building LoadPlan...
12:29:01.651 [main] DEBUG o.h.l.p.e.i.LoadQueryJoinAndFetchProcessor - processing queryspace <gen:0>
12:29:01.652 [main] DEBUG o.h.l.p.b.spi.LoadPlanTreePrinter - LoadPlan(collection=Abstract.TicketSeller.passes)
    - Returns
       - CollectionReturnImpl(collection=Abstract.TicketSeller.passes, querySpaceUid=<gen:0>, path=[Abstract.TicketSeller.passes])
          - (collection element) CollectionFetchableElementEntityGraph(entity=Classes.Pass, querySpaceUid=<gen:1>, path=[Abstract.TicketSeller.passes].<elements>)
             - EntityAttributeFetchImpl(entity=Abstract.TicketSeller, querySpaceUid=<gen:2>, path=[Abstract.TicketSeller.passes].<elements>.seller)
                - CollectionAttributeFetchImpl(collection=Classes.Shop.people, querySpaceUid=<gen:3>, path=[Abstract.TicketSeller.passes].<elements>.seller.people)
                   - (collection element) CollectionFetchableElementEntityGraph(entity=Classes.Person, querySpaceUid=<gen:4>, path=[Abstract.TicketSeller.passes].<elements>.seller.people.<elements>)
             - EntityAttributeFetchImpl(entity=Classes.Person, querySpaceUid=<gen:5>, path=[Abstract.TicketSeller.passes].<elements>.person)
                - EntityAttributeFetchImpl(entity=Classes.Card, querySpaceUid=<gen:6>, path=[Abstract.TicketSeller.passes].<elements>.person.cardNum)
             - EntityAttributeFetchImpl(entity=Abstract.TicketSeller, querySpaceUid=<gen:7>, path=[Abstract.TicketSeller.passes].<elements>.sellers)
                - CollectionAttributeFetchImpl(collection=Classes.Shop.people, querySpaceUid=<gen:8>, path=[Abstract.TicketSeller.passes].<elements>.sellers.people)
                   - (collection element) CollectionFetchableElementEntityGraph(entity=Classes.Person, querySpaceUid=<gen:9>, path=[Abstract.TicketSeller.passes].<elements>.sellers.people.<elements>)
    - QuerySpaces
       - CollectionQuerySpaceImpl(uid=<gen:0>, collection=Abstract.TicketSeller.passes)
          - SQL table alias mapping - passes0_
          - alias suffix - 0_
          - suffixed key columns - {ticketse1_5_0_}
          - entity-element alias suffix - 1_
          - 1_entity-element suffixed key columns - id2_2_1_
          - JOIN (JoinDefinedByMetadata(elements)) : <gen:0> -> <gen:1>
             - EntityQuerySpaceImpl(uid=<gen:1>, entity=Classes.Pass)
                - SQL table alias mapping - pass1_
                - alias suffix - 1_
                - suffixed key columns - {id2_2_1_}
                - JOIN (JoinDefinedByMetadata(seller)) : <gen:1> -> <gen:2>
                   - EntityQuerySpaceImpl(uid=<gen:2>, entity=Abstract.TicketSeller)
                      - SQL table alias mapping - ticketsell2_
                      - alias suffix - 2_
                      - suffixed key columns - {id2_3_2_}
                - JOIN (JoinDefinedByMetadata(person)) : <gen:1> -> <gen:5>
                   - EntityQuerySpaceImpl(uid=<gen:5>, entity=Classes.Person)
                      - SQL table alias mapping - person3_
                      - alias suffix - 3_
                      - suffixed key columns - {id1_1_3_}
                      - JOIN (JoinDefinedByMetadata(cardNum)) : <gen:5> -> <gen:6>
                         - EntityQuerySpaceImpl(uid=<gen:6>, entity=Classes.Card)
                            - SQL table alias mapping - card4_
                            - alias suffix - 4_
                            - suffixed key columns - {id1_0_4_}
                - JOIN (JoinDefinedByMetadata(sellers)) : <gen:1> -> <gen:7>
                   - EntityQuerySpaceImpl(uid=<gen:7>, entity=Abstract.TicketSeller)
                      - SQL table alias mapping - ticketsell5_
                      - alias suffix - 5_
                      - suffixed key columns - {id2_3_5_}

12:29:01.652 [main] DEBUG o.h.l.c.plan.CollectionLoader - Static select for collection Abstract.TicketSeller.passes: select passes0_.TicketSeller_id as ticketse1_5_0_, passes0_.passes_id as passes_i3_5_0_, pass1_.id as id2_2_1_, pass1_.seller_id as seller_i4_2_1_, pass1_.person_id as person_i5_2_1_, pass1_.sellers_id as sellers_6_2_1_, pass1_.validity as validity3_2_1_, ticketsell2_.id as id2_3_2_, ticketsell2_.seller_name as seller_n3_3_2_, ticketsell2_.isWorking as isworkin4_3_2_, ticketsell2_.Elementi as elementi1_3_2_, person3_.id as id1_1_3_, person3_.birthdate as birthdat2_1_3_, person3_.cardNum_id as cardnum_5_1_3_, person3_.firstName as firstnam3_1_3_, person3_.lastName as lastname4_1_3_, card4_.id as id1_0_4_, card4_.emissionDate as emission2_0_4_, card4_.expirationDate as expirati3_0_4_, ticketsell5_.id as id2_3_5_, ticketsell5_.seller_name as seller_n3_3_5_, ticketsell5_.isWorking as isworkin4_3_5_, ticketsell5_.Elementi as elementi1_3_5_ from TicketSeller_Ticket passes0_ inner join Ticket pass1_ on passes0_.passes_id=pass1_.id left outer join TicketSeller ticketsell2_ on pass1_.seller_id=ticketsell2_.id left outer join Person person3_ on pass1_.person_id=person3_.id left outer join Card card4_ on person3_.cardNum_id=card4_.id left outer join TicketSeller ticketsell5_ on pass1_.sellers_id=ticketsell5_.id where passes0_.TicketSeller_id=?
12:29:01.652 [main] DEBUG o.h.l.p.b.i.spaces.QuerySpacesImpl - Adding QuerySpace : uid = <gen:0> -> org.hibernate.loader.plan.build.internal.spaces.CollectionQuerySpaceImpl@1a256d80]
12:29:01.652 [main] DEBUG o.h.l.p.b.i.spaces.QuerySpacesImpl - Adding QuerySpace : uid = <gen:1> -> org.hibernate.loader.plan.build.internal.spaces.EntityQuerySpaceImpl@3069a360]
12:29:01.652 [main] DEBUG o.h.p.w.spi.MetamodelGraphWalker - Visiting attribute path : birthdate
12:29:01.652 [main] DEBUG o.h.p.w.spi.MetamodelGraphWalker - Visiting attribute path : cardNum
12:29:01.652 [main] DEBUG o.h.l.p.b.i.spaces.QuerySpacesImpl - Adding QuerySpace : uid = <gen:2> -> org.hibernate.loader.plan.build.internal.spaces.EntityQuerySpaceImpl@497d4c96]
12:29:01.652 [main] DEBUG o.h.p.w.spi.MetamodelGraphWalker - Visiting attribute path : cardNum.emissionDate
12:29:01.652 [main] DEBUG o.h.p.w.spi.MetamodelGraphWalker - Visiting attribute path : cardNum.expirationDate
12:29:01.652 [main] DEBUG o.h.p.w.spi.MetamodelGraphWalker - Visiting attribute path : cardNum.person
12:29:01.652 [main] DEBUG o.h.p.w.spi.MetamodelGraphWalker - Property path deemed to be circular : cardNum.person
12:29:01.652 [main] DEBUG o.h.p.w.spi.MetamodelGraphWalker - Visiting attribute path : firstName
12:29:01.652 [main] DEBUG o.h.p.w.spi.MetamodelGraphWalker - Visiting attribute path : lastName
12:29:01.652 [main] DEBUG o.h.l.p.b.i.FetchStyleLoadPlanBuildingAssociationVisitationStrategy - Building LoadPlan...
12:29:01.652 [main] DEBUG o.h.l.p.e.i.LoadQueryJoinAndFetchProcessor - processing queryspace <gen:0>
12:29:01.652 [main] DEBUG o.h.l.p.b.spi.LoadPlanTreePrinter - LoadPlan(collection=Classes.Shop.people)
    - Returns
       - CollectionReturnImpl(collection=Classes.Shop.people, querySpaceUid=<gen:0>, path=[Classes.Shop.people])
          - (collection element) CollectionFetchableElementEntityGraph(entity=Classes.Person, querySpaceUid=<gen:1>, path=[Classes.Shop.people].<elements>)
             - EntityAttributeFetchImpl(entity=Classes.Card, querySpaceUid=<gen:2>, path=[Classes.Shop.people].<elements>.cardNum)
    - QuerySpaces
       - CollectionQuerySpaceImpl(uid=<gen:0>, collection=Classes.Shop.people)
          - SQL table alias mapping - people0_
          - alias suffix - 0_
          - suffixed key columns - {shop_id1_4_0_}
          - entity-element alias suffix - 1_
          - 1_entity-element suffixed key columns - id1_1_1_
          - JOIN (JoinDefinedByMetadata(elements)) : <gen:0> -> <gen:1>
             - EntityQuerySpaceImpl(uid=<gen:1>, entity=Classes.Person)
                - SQL table alias mapping - person1_
                - alias suffix - 1_
                - suffixed key columns - {id1_1_1_}
                - JOIN (JoinDefinedByMetadata(cardNum)) : <gen:1> -> <gen:2>
                   - EntityQuerySpaceImpl(uid=<gen:2>, entity=Classes.Card)
                      - SQL table alias mapping - card2_
                      - alias suffix - 2_
                      - suffixed key columns - {id1_0_2_}

12:29:01.653 [main] DEBUG o.h.l.c.plan.CollectionLoader - Static select for collection Classes.Shop.people: select people0_.Shop_id as shop_id1_4_0_, people0_.people_id as people_i2_4_0_, person1_.id as id1_1_1_, person1_.birthdate as birthdat2_1_1_, person1_.cardNum_id as cardnum_5_1_1_, person1_.firstName as firstnam3_1_1_, person1_.lastName as lastname4_1_1_, card2_.id as id1_0_2_, card2_.emissionDate as emission2_0_2_, card2_.expirationDate as expirati3_0_2_ from TicketSeller_Person people0_ inner join Person person1_ on people0_.people_id=person1_.id left outer join Card card2_ on person1_.cardNum_id=card2_.id where people0_.Shop_id=?
12:29:01.676 [main] INFO  o.hibernate.orm.connections.access - HHH10001501: Connection obtained from JdbcConnectionAccess [org.hibernate.engine.jdbc.env.internal.JdbcEnvironmentInitiator$ConnectionProviderJdbcConnectionAccess@220c9a63] for (non-JTA) DDL execution was not in auto-commit mode; the Connection 'local transaction' will be committed and the Connection will be set into auto-commit mode.
12:29:01.691 [main] DEBUG org.hibernate.mapping.Table - No alter strings for table : Card
12:29:01.691 [main] DEBUG org.hibernate.mapping.Table - No alter strings for table : Person
12:29:01.691 [main] DEBUG org.hibernate.mapping.Table - No alter strings for table : Ticket
12:29:01.691 [main] DEBUG org.hibernate.mapping.Table - No alter strings for table : TicketSeller
12:29:01.691 [main] DEBUG org.hibernate.mapping.Table - No alter strings for table : TicketSeller_Person
12:29:01.691 [main] DEBUG org.hibernate.mapping.Table - No alter strings for table : TicketSeller_Ticket
12:29:01.750 [main] DEBUG o.h.e.t.j.p.i.JtaPlatformInitiator - No JtaPlatform was specified, checking resolver
12:29:01.750 [main] DEBUG o.h.e.t.j.p.i.JtaPlatformResolverInitiator - No JtaPlatformResolver was specified, using default [org.hibernate.engine.transaction.jta.platform.internal.StandardJtaPlatformResolver]
12:29:01.753 [main] DEBUG o.h.e.t.j.p.i.StandardJtaPlatformResolver - Could not resolve JtaPlatform, using default [org.hibernate.engine.transaction.jta.platform.internal.NoJtaPlatform]
12:29:01.753 [main] INFO  o.h.e.t.j.p.i.JtaPlatformInitiator - HHH000490: Using JtaPlatform implementation: [org.hibernate.engine.transaction.jta.platform.internal.NoJtaPlatform]
12:29:01.757 [main] DEBUG o.h.s.i.SessionFactoryServiceRegistryImpl - EventListenerRegistry access via ServiceRegistry is deprecated.  Use `sessionFactory.getEventEngine().getListenerRegistry()` instead
12:29:01.758 [main] DEBUG o.h.h.i.QueryTranslatorFactoryInitiator - QueryTranslatorFactory: org.hibernate.hql.internal.ast.ASTQueryTranslatorFactory@66fb45e5
12:29:01.761 [main] DEBUG o.h.query.spi.NamedQueryRepository - Checking 0 named HQL queries
12:29:01.761 [main] DEBUG o.h.query.spi.NamedQueryRepository - Checking 0 named SQL queries
12:29:01.761 [main] DEBUG o.h.internal.SessionFactoryRegistry - Initializing SessionFactoryRegistry : org.hibernate.internal.SessionFactoryRegistry@3e3cd6fe
12:29:01.763 [main] DEBUG o.h.internal.SessionFactoryRegistry - Registering SessionFactory: 68949271-5e7f-4820-ba5e-96655fc98294 (<unnamed>)
12:29:01.763 [main] DEBUG o.h.internal.SessionFactoryRegistry - Not binding SessionFactory to JNDI, no JNDI name configured
12:29:01.790 [main] DEBUG o.h.s.internal.StatisticsInitiator - Statistics initialized [enabled=false]
12:29:01.794 [main] DEBUG o.h.e.t.internal.TransactionImpl - On TransactionImpl creation, JpaCompliance#isJpaTransactionComplianceEnabled == false
12:29:01.794 [main] DEBUG o.h.e.t.internal.TransactionImpl - begin
12:29:01.801 [main] DEBUG o.hibernate.engine.spi.ActionQueue - Executing identity-insert immediately
12:29:01.802 [main] DEBUG org.hibernate.SQL - insert into Card (emissionDate, expirationDate) values (?, ?)
12:29:01.804 [main] DEBUG o.h.id.IdentifierGeneratorHelper - Natively generated identity: 3
12:29:01.805 [main] DEBUG o.h.r.j.i.ResourceRegistryStandardImpl - HHH000387: ResultSet's statement was not registered
12:29:01.806 [main] DEBUG o.h.e.t.internal.TransactionImpl - committing
12:29:01.806 [main] DEBUG o.h.e.i.AbstractFlushingEventListener - Processing flush-time cascades
12:29:01.807 [main] DEBUG o.h.e.i.AbstractFlushingEventListener - Dirty checking collections
12:29:01.809 [main] DEBUG o.h.e.i.AbstractFlushingEventListener - Flushed: 0 insertions, 0 updates, 0 deletions to 1 objects
12:29:01.809 [main] DEBUG o.h.e.i.AbstractFlushingEventListener - Flushed: 0 (re)creations, 0 updates, 0 removals to 0 collections
12:29:01.809 [main] DEBUG o.h.internal.util.EntityPrinter - Listing entities:
12:29:01.810 [main] DEBUG o.h.internal.util.EntityPrinter - Classes.Card{emissionDate=2023-02-12, person=null, id=3, expirationDate=2024-02-12}
12:29:01.814 [main] DEBUG o.h.r.j.i.LogicalConnectionManagedImpl - Initiating JDBC connection release from afterTransaction
12:29:01.814 [main] DEBUG o.h.r.j.i.LogicalConnectionManagedImpl - Initiating JDBC connection release from afterTransaction
12:29:01.816 [main] DEBUG org.hibernate.loader.Loader - Static select for action ACTION_REFRESH on entity Classes.Card: select card0_.id as id1_0_0_, card0_.emissionDate as emission2_0_0_, card0_.expirationDate as expirati3_0_0_ from Card card0_ where card0_.id=?
12:29:01.816 [main] DEBUG org.hibernate.loader.Loader - Loading entity: [Classes.Card#3]
12:29:01.817 [main] DEBUG org.hibernate.SQL - select card0_.id as id1_0_0_, card0_.emissionDate as emission2_0_0_, card0_.expirationDate as expirati3_0_0_ from Card card0_ where card0_.id=?
12:29:01.818 [main] DEBUG org.hibernate.loader.Loader - Result set row: 0
12:29:01.818 [main] DEBUG org.hibernate.loader.Loader - Result row: EntityKey[Classes.Card#3]
12:29:01.821 [main] DEBUG o.h.engine.internal.TwoPhaseLoad - Resolving attributes for [Classes.Card#3]
12:29:01.821 [main] DEBUG o.h.engine.internal.TwoPhaseLoad - Processing attribute `emissionDate` : value = 2023-02-12
12:29:01.821 [main] DEBUG o.h.engine.internal.TwoPhaseLoad - Attribute (`emissionDate`)  - enhanced for lazy-loading? - false
12:29:01.821 [main] DEBUG o.h.engine.internal.TwoPhaseLoad - Processing attribute `expirationDate` : value = 2024-02-12
12:29:01.821 [main] DEBUG o.h.engine.internal.TwoPhaseLoad - Attribute (`expirationDate`)  - enhanced for lazy-loading? - false
12:29:01.821 [main] DEBUG o.h.engine.internal.TwoPhaseLoad - Processing attribute `person` : value = 3
12:29:01.821 [main] DEBUG o.h.engine.internal.TwoPhaseLoad - Attribute (`person`)  - enhanced for lazy-loading? - false
12:29:01.822 [main] DEBUG org.hibernate.loader.Loader - Loading entity: [Classes.Person#3]
12:29:01.822 [main] DEBUG org.hibernate.SQL - select person0_.id as id1_1_1_, person0_.birthdate as birthdat2_1_1_, person0_.cardNum_id as cardnum_5_1_1_, person0_.firstName as firstnam3_1_1_, person0_.lastName as lastname4_1_1_, card1_.id as id1_0_0_, card1_.emissionDate as emission2_0_0_, card1_.expirationDate as expirati3_0_0_ from Person person0_ left outer join Card card1_ on person0_.cardNum_id=card1_.id where person0_.cardNum_id=?
12:29:01.823 [main] DEBUG org.hibernate.loader.Loader - Done entity load
12:29:01.823 [main] DEBUG o.h.engine.internal.TwoPhaseLoad - Done materializing entity [Classes.Card#3]
12:29:01.823 [main] DEBUG org.hibernate.loader.Loader - Done entity load
12:29:01.823 [main] DEBUG o.h.e.t.internal.TransactionImpl - On TransactionImpl creation, JpaCompliance#isJpaTransactionComplianceEnabled == false
12:29:01.823 [main] DEBUG o.h.e.t.internal.TransactionImpl - begin
12:29:01.853 [main] DEBUG o.hibernate.engine.spi.ActionQueue - Executing identity-insert immediately
12:29:01.853 [main] DEBUG org.hibernate.SQL - insert into Person (birthdate, cardNum_id, firstName, lastName) values (?, ?, ?, ?)
12:29:01.854 [main] DEBUG o.h.id.IdentifierGeneratorHelper - Natively generated identity: 5
12:29:01.854 [main] DEBUG o.h.r.j.i.ResourceRegistryStandardImpl - HHH000387: ResultSet's statement was not registered
12:29:01.855 [main] DEBUG o.h.e.t.internal.TransactionImpl - committing
12:29:01.855 [main] DEBUG o.h.e.i.AbstractFlushingEventListener - Processing flush-time cascades
12:29:01.855 [main] DEBUG o.h.e.i.AbstractFlushingEventListener - Dirty checking collections
12:29:01.855 [main] DEBUG o.h.e.i.AbstractFlushingEventListener - Flushed: 0 insertions, 0 updates, 0 deletions to 1 objects
12:29:01.855 [main] DEBUG o.h.e.i.AbstractFlushingEventListener - Flushed: 0 (re)creations, 0 updates, 0 removals to 0 collections
12:29:01.855 [main] DEBUG o.h.internal.util.EntityPrinter - Listing entities:
12:29:01.855 [main] DEBUG o.h.internal.util.EntityPrinter - Classes.Person{firstName=Francesca, lastName=Neri, cardNum=null, birthdate=1977-03-22, id=5}
12:29:01.857 [main] DEBUG o.h.r.j.i.LogicalConnectionManagedImpl - Initiating JDBC connection release from afterTransaction
12:29:01.857 [main] DEBUG o.h.r.j.i.LogicalConnectionManagedImpl - Initiating JDBC connection release from afterTransaction
12:29:01.857 [main] DEBUG org.hibernate.loader.Loader - Static select for action ACTION_REFRESH on entity Classes.Person: select person0_.id as id1_1_0_, person0_.birthdate as birthdat2_1_0_, person0_.cardNum_id as cardnum_5_1_0_, person0_.firstName as firstnam3_1_0_, person0_.lastName as lastname4_1_0_ from Person person0_ where person0_.id=?
12:29:01.857 [main] DEBUG org.hibernate.loader.Loader - Loading entity: [Classes.Person#5]
12:29:01.857 [main] DEBUG org.hibernate.SQL - select person0_.id as id1_1_0_, person0_.birthdate as birthdat2_1_0_, person0_.cardNum_id as cardnum_5_1_0_, person0_.firstName as firstnam3_1_0_, person0_.lastName as lastname4_1_0_ from Person person0_ where person0_.id=?
12:29:01.859 [main] DEBUG org.hibernate.loader.Loader - Result set row: 0
12:29:01.859 [main] DEBUG org.hibernate.loader.Loader - Result row: EntityKey[Classes.Person#5]
12:29:01.859 [main] DEBUG o.h.engine.internal.TwoPhaseLoad - Resolving attributes for [Classes.Person#5]
12:29:01.859 [main] DEBUG o.h.engine.internal.TwoPhaseLoad - Processing attribute `birthdate` : value = 1977-03-22
12:29:01.859 [main] DEBUG o.h.engine.internal.TwoPhaseLoad - Attribute (`birthdate`)  - enhanced for lazy-loading? - false
12:29:01.859 [main] DEBUG o.h.engine.internal.TwoPhaseLoad - Processing attribute `cardNum` : value = null
12:29:01.859 [main] DEBUG o.h.engine.internal.TwoPhaseLoad - Attribute (`cardNum`)  - enhanced for lazy-loading? - false
12:29:01.859 [main] DEBUG o.h.engine.internal.TwoPhaseLoad - Processing attribute `firstName` : value = Francesca
12:29:01.859 [main] DEBUG o.h.engine.internal.TwoPhaseLoad - Attribute (`firstName`)  - enhanced for lazy-loading? - false
12:29:01.859 [main] DEBUG o.h.engine.internal.TwoPhaseLoad - Processing attribute `lastName` : value = Neri
12:29:01.860 [main] DEBUG o.h.engine.internal.TwoPhaseLoad - Attribute (`lastName`)  - enhanced for lazy-loading? - false
12:29:01.860 [main] DEBUG o.h.engine.internal.TwoPhaseLoad - Done materializing entity [Classes.Person#5]
12:29:01.860 [main] DEBUG org.hibernate.loader.Loader - Done entity load
12:29:01.860 [main] DEBUG o.h.e.t.internal.TransactionImpl - begin
12:29:01.863 [main] DEBUG org.hibernate.SQL - select card0_.id as id1_0_0_, card0_.emissionDate as emission2_0_0_, card0_.expirationDate as expirati3_0_0_, person1_.id as id1_1_1_, person1_.birthdate as birthdat2_1_1_, person1_.cardNum_id as cardnum_5_1_1_, person1_.firstName as firstnam3_1_1_, person1_.lastName as lastname4_1_1_ from Card card0_ left outer join Person person1_ on card0_.id=person1_.cardNum_id where card0_.id=?
12:29:01.865 [main] DEBUG o.h.l.p.e.p.i.EntityReferenceInitializerImpl - On call to EntityIdentifierReaderImpl#resolve, EntityKey was already known; should only happen on root returns with an optional identifier specified
12:29:01.865 [main] DEBUG o.h.engine.internal.TwoPhaseLoad - Resolving attributes for [Classes.Card#2]
12:29:01.866 [main] DEBUG o.h.engine.internal.TwoPhaseLoad - Processing attribute `emissionDate` : value = 2023-02-12
12:29:01.866 [main] DEBUG o.h.engine.internal.TwoPhaseLoad - Attribute (`emissionDate`)  - enhanced for lazy-loading? - false
12:29:01.866 [main] DEBUG o.h.engine.internal.TwoPhaseLoad - Processing attribute `expirationDate` : value = 2024-02-12
12:29:01.866 [main] DEBUG o.h.engine.internal.TwoPhaseLoad - Attribute (`expirationDate`)  - enhanced for lazy-loading? - false
12:29:01.866 [main] DEBUG o.h.engine.internal.TwoPhaseLoad - Processing attribute `person` : value = 2
12:29:01.866 [main] DEBUG o.h.engine.internal.TwoPhaseLoad - Attribute (`person`)  - enhanced for lazy-loading? - false
12:29:01.866 [main] DEBUG o.h.engine.internal.TwoPhaseLoad - Done materializing entity [Classes.Card#2]
12:29:01.866 [main] DEBUG o.h.l.e.p.AbstractLoadPlanBasedEntityLoader - Done entity load : Classes.Card#2
12:29:01.867 [main] DEBUG o.h.e.t.internal.TransactionImpl - committing
12:29:01.867 [main] DEBUG o.h.e.i.AbstractFlushingEventListener - Processing flush-time cascades
12:29:01.867 [main] DEBUG o.h.e.i.AbstractFlushingEventListener - Dirty checking collections
12:29:01.867 [main] DEBUG o.h.e.i.AbstractFlushingEventListener - Flushed: 0 insertions, 0 updates, 1 deletions to 2 objects
12:29:01.867 [main] DEBUG o.h.e.i.AbstractFlushingEventListener - Flushed: 0 (re)creations, 0 updates, 0 removals to 0 collections
12:29:01.867 [main] DEBUG o.h.internal.util.EntityPrinter - Listing entities:
12:29:01.867 [main] DEBUG o.h.internal.util.EntityPrinter - Classes.Card{emissionDate=2023-02-12, person=null, id=2, expirationDate=2024-02-12}
12:29:01.867 [main] DEBUG o.h.internal.util.EntityPrinter - Classes.Card{emissionDate=2023-02-12, person=null, id=3, expirationDate=2024-02-12}
12:29:01.871 [main] DEBUG org.hibernate.SQL - delete from Card where id=?
12:29:01.873 [main] DEBUG o.h.r.j.i.LogicalConnectionManagedImpl - Initiating JDBC connection release from afterTransaction
12:29:01.873 [main] DEBUG o.h.r.j.i.LogicalConnectionManagedImpl - Initiating JDBC connection release from afterTransaction
12:29:01.873 [main] DEBUG o.h.e.t.internal.TransactionImpl - begin
12:29:01.873 [main] DEBUG org.hibernate.SQL - select person0_.id as id1_1_0_, person0_.birthdate as birthdat2_1_0_, person0_.cardNum_id as cardnum_5_1_0_, person0_.firstName as firstnam3_1_0_, person0_.lastName as lastname4_1_0_, card1_.id as id1_0_1_, card1_.emissionDate as emission2_0_1_, card1_.expirationDate as expirati3_0_1_ from Person person0_ left outer join Card card1_ on person0_.cardNum_id=card1_.id where person0_.id=?
12:29:01.874 [main] DEBUG o.h.l.p.e.p.i.EntityReferenceInitializerImpl - On call to EntityIdentifierReaderImpl#resolve, EntityKey was already known; should only happen on root returns with an optional identifier specified
12:29:01.874 [main] DEBUG o.h.engine.internal.TwoPhaseLoad - Resolving attributes for [Classes.Person#4]
12:29:01.874 [main] DEBUG o.h.engine.internal.TwoPhaseLoad - Processing attribute `birthdate` : value = 1977-03-22
12:29:01.874 [main] DEBUG o.h.engine.internal.TwoPhaseLoad - Attribute (`birthdate`)  - enhanced for lazy-loading? - false
12:29:01.874 [main] DEBUG o.h.engine.internal.TwoPhaseLoad - Processing attribute `cardNum` : value = null
12:29:01.874 [main] DEBUG o.h.engine.internal.TwoPhaseLoad - Attribute (`cardNum`)  - enhanced for lazy-loading? - false
12:29:01.874 [main] DEBUG o.h.engine.internal.TwoPhaseLoad - Processing attribute `firstName` : value = Francesca
12:29:01.874 [main] DEBUG o.h.engine.internal.TwoPhaseLoad - Attribute (`firstName`)  - enhanced for lazy-loading? - false
12:29:01.874 [main] DEBUG o.h.engine.internal.TwoPhaseLoad - Processing attribute `lastName` : value = Neri
12:29:01.874 [main] DEBUG o.h.engine.internal.TwoPhaseLoad - Attribute (`lastName`)  - enhanced for lazy-loading? - false
12:29:01.874 [main] DEBUG o.h.engine.internal.TwoPhaseLoad - Done materializing entity [Classes.Person#4]
12:29:01.874 [main] DEBUG o.h.l.e.p.AbstractLoadPlanBasedEntityLoader - Done entity load : Classes.Person#4
12:29:01.875 [main] DEBUG o.h.e.t.internal.TransactionImpl - committing
12:29:01.875 [main] DEBUG o.h.e.i.AbstractFlushingEventListener - Processing flush-time cascades
12:29:01.875 [main] DEBUG o.h.e.i.AbstractFlushingEventListener - Dirty checking collections
12:29:01.875 [main] DEBUG o.h.e.i.AbstractFlushingEventListener - Flushed: 0 insertions, 0 updates, 1 deletions to 2 objects
12:29:01.875 [main] DEBUG o.h.e.i.AbstractFlushingEventListener - Flushed: 0 (re)creations, 0 updates, 0 removals to 0 collections
12:29:01.875 [main] DEBUG o.h.internal.util.EntityPrinter - Listing entities:
12:29:01.875 [main] DEBUG o.h.internal.util.EntityPrinter - Classes.Person{firstName=Francesca, lastName=Neri, cardNum=null, birthdate=1977-03-22, id=5}
12:29:01.875 [main] DEBUG o.h.internal.util.EntityPrinter - Classes.Person{firstName=Francesca, lastName=Neri, cardNum=null, birthdate=1977-03-22, id=4}
12:29:01.875 [main] DEBUG org.hibernate.SQL - delete from Person where id=?
12:29:01.876 [main] DEBUG o.h.r.j.i.LogicalConnectionManagedImpl - Initiating JDBC connection release from afterTransaction
12:29:01.876 [main] DEBUG o.h.r.j.i.LogicalConnectionManagedImpl - Initiating JDBC connection release from afterTransaction
12:29:33.442 [main] DEBUG org.jboss.logging - Logging Provider: org.jboss.logging.Slf4jLoggerProvider
12:29:33.502 [main] DEBUG o.h.jpa.HibernatePersistenceProvider - Located and parsed 2 persistence units; checking each
12:29:33.502 [main] DEBUG o.h.jpa.HibernatePersistenceProvider - Checking persistence-unit [name=HomeworkS3D3, explicit-provider=null] against incoming persistence unit name [BuildWeek_4]
12:29:33.502 [main] DEBUG o.h.jpa.HibernatePersistenceProvider - Excluding from consideration due to name mis-match
12:29:33.502 [main] DEBUG o.h.jpa.HibernatePersistenceProvider - Checking persistence-unit [name=BuildWeek_4, explicit-provider=null] against incoming persistence unit name [BuildWeek_4]
12:29:33.502 [main] DEBUG o.h.jpa.boot.spi.ProviderChecker - No PersistenceProvider explicitly requested, assuming Hibernate
12:29:33.506 [main] DEBUG o.h.jpa.internal.util.LogHelper - PersistenceUnitInfo [
	name: BuildWeek_4
	persistence provider classname: null
	classloader: null
	excludeUnlistedClasses: false
	JTA datasource: null
	Non JTA datasource: null
	Transaction type: RESOURCE_LOCAL
	PU root URL: file:/C:/Users/total/Desktop/All/Epicode/fs0223-Luca-Sernicola-BackEnd/BuildWeek_4/target/classes/
	Shared Cache Mode: null
	Validation Mode: null
	Jar files URLs []
	Managed classes names []
	Mapping files names []
	Properties [
		javax.persistence.jdbc.driver: org.postgresql.Driver
		javax.persistence.jdbc.password: root
		hibernate.dialect: org.hibernate.dialect.PostgreSQLDialect
		javax.persistence.jdbc.url: jdbc:postgresql://localhost:5432/BuildWeek
		hibernate.hbm2ddl.auto: update
		javax.persistence.jdbc.user: postgres]
12:29:33.507 [main] DEBUG o.h.i.internal.IntegratorServiceImpl - Adding Integrator [org.hibernate.cfg.beanvalidation.BeanValidationIntegrator].
12:29:33.509 [main] DEBUG o.h.i.internal.IntegratorServiceImpl - Adding Integrator [org.hibernate.secure.spi.JaccIntegrator].
12:29:33.511 [main] DEBUG o.h.i.internal.IntegratorServiceImpl - Adding Integrator [org.hibernate.cache.internal.CollectionCacheInvalidator].
12:29:33.536 [main] INFO  org.hibernate.Version - HHH000412: Hibernate ORM core version 5.6.15.Final
12:29:33.537 [main] DEBUG org.hibernate.cfg.Environment - HHH000206: hibernate.properties not found
12:29:33.637 [main] DEBUG o.h.service.spi.ServiceBinding - Overriding existing service binding [org.hibernate.secure.spi.JaccService]
12:29:33.645 [main] DEBUG o.h.c.i.RegionFactoryInitiator - Cannot default RegionFactory based on registered strategies as `[]` RegionFactory strategies were registered
12:29:33.645 [main] DEBUG o.h.c.i.RegionFactoryInitiator - Cache region factory : org.hibernate.cache.internal.NoCachingRegionFactory
12:29:33.655 [main] INFO  o.h.annotations.common.Version - HCANN000001: Hibernate Commons Annotations {5.1.2.Final}
12:29:33.707 [main] DEBUG o.hibernate.type.BasicTypeRegistry - Adding type registration boolean -> org.hibernate.type.BooleanType@726e5805
12:29:33.707 [main] DEBUG o.hibernate.type.BasicTypeRegistry - Adding type registration boolean -> org.hibernate.type.BooleanType@726e5805
12:29:33.707 [main] DEBUG o.hibernate.type.BasicTypeRegistry - Adding type registration java.lang.Boolean -> org.hibernate.type.BooleanType@726e5805
12:29:33.708 [main] DEBUG o.hibernate.type.BasicTypeRegistry - Adding type registration numeric_boolean -> org.hibernate.type.NumericBooleanType@e077866
12:29:33.708 [main] DEBUG o.hibernate.type.BasicTypeRegistry - Adding type registration true_false -> org.hibernate.type.TrueFalseType@a8e6492
12:29:33.709 [main] DEBUG o.hibernate.type.BasicTypeRegistry - Adding type registration yes_no -> org.hibernate.type.YesNoType@2e11485
12:29:33.709 [main] DEBUG o.hibernate.type.BasicTypeRegistry - Adding type registration byte -> org.hibernate.type.ByteType@75c9e76b
12:29:33.709 [main] DEBUG o.hibernate.type.BasicTypeRegistry - Adding type registration byte -> org.hibernate.type.ByteType@75c9e76b
12:29:33.709 [main] DEBUG o.hibernate.type.BasicTypeRegistry - Adding type registration java.lang.Byte -> org.hibernate.type.ByteType@75c9e76b
12:29:33.710 [main] DEBUG o.hibernate.type.BasicTypeRegistry - Adding type registration character -> org.hibernate.type.CharacterType@12bcd0c0
12:29:33.710 [main] DEBUG o.hibernate.type.BasicTypeRegistry - Adding type registration char -> org.hibernate.type.CharacterType@12bcd0c0
12:29:33.710 [main] DEBUG o.hibernate.type.BasicTypeRegistry - Adding type registration java.lang.Character -> org.hibernate.type.CharacterType@12bcd0c0
12:29:33.711 [main] DEBUG o.hibernate.type.BasicTypeRegistry - Adding type registration short -> org.hibernate.type.ShortType@58ebfd03
12:29:33.711 [main] DEBUG o.hibernate.type.BasicTypeRegistry - Adding type registration short -> org.hibernate.type.ShortType@58ebfd03
12:29:33.711 [main] DEBUG o.hibernate.type.BasicTypeRegistry - Adding type registration java.lang.Short -> org.hibernate.type.ShortType@58ebfd03
12:29:33.711 [main] DEBUG o.hibernate.type.BasicTypeRegistry - Adding type registration integer -> org.hibernate.type.IntegerType@5c87bfe2
12:29:33.711 [main] DEBUG o.hibernate.type.BasicTypeRegistry - Adding type registration int -> org.hibernate.type.IntegerType@5c87bfe2
12:29:33.712 [main] DEBUG o.hibernate.type.BasicTypeRegistry - Adding type registration java.lang.Integer -> org.hibernate.type.IntegerType@5c87bfe2
12:29:33.712 [main] DEBUG o.hibernate.type.BasicTypeRegistry - Adding type registration long -> org.hibernate.type.LongType@7a791b66
12:29:33.712 [main] DEBUG o.hibernate.type.BasicTypeRegistry - Adding type registration long -> org.hibernate.type.LongType@7a791b66
12:29:33.712 [main] DEBUG o.hibernate.type.BasicTypeRegistry - Adding type registration java.lang.Long -> org.hibernate.type.LongType@7a791b66
12:29:33.713 [main] DEBUG o.hibernate.type.BasicTypeRegistry - Adding type registration float -> org.hibernate.type.FloatType@4fc5e095
12:29:33.713 [main] DEBUG o.hibernate.type.BasicTypeRegistry - Adding type registration float -> org.hibernate.type.FloatType@4fc5e095
12:29:33.713 [main] DEBUG o.hibernate.type.BasicTypeRegistry - Adding type registration java.lang.Float -> org.hibernate.type.FloatType@4fc5e095
12:29:33.713 [main] DEBUG o.hibernate.type.BasicTypeRegistry - Adding type registration double -> org.hibernate.type.DoubleType@62ea3440
12:29:33.713 [main] DEBUG o.hibernate.type.BasicTypeRegistry - Adding type registration double -> org.hibernate.type.DoubleType@62ea3440
12:29:33.713 [main] DEBUG o.hibernate.type.BasicTypeRegistry - Adding type registration java.lang.Double -> org.hibernate.type.DoubleType@62ea3440
12:29:33.714 [main] DEBUG o.hibernate.type.BasicTypeRegistry - Adding type registration big_decimal -> org.hibernate.type.BigDecimalType@749c877b
12:29:33.714 [main] DEBUG o.hibernate.type.BasicTypeRegistry - Adding type registration java.math.BigDecimal -> org.hibernate.type.BigDecimalType@749c877b
12:29:33.714 [main] DEBUG o.hibernate.type.BasicTypeRegistry - Adding type registration big_integer -> org.hibernate.type.BigIntegerType@160ac7fb
12:29:33.714 [main] DEBUG o.hibernate.type.BasicTypeRegistry - Adding type registration java.math.BigInteger -> org.hibernate.type.BigIntegerType@160ac7fb
12:29:33.715 [main] DEBUG o.hibernate.type.BasicTypeRegistry - Adding type registration string -> org.hibernate.type.StringType@618c5d94
12:29:33.715 [main] DEBUG o.hibernate.type.BasicTypeRegistry - Adding type registration java.lang.String -> org.hibernate.type.StringType@618c5d94
12:29:33.715 [main] DEBUG o.hibernate.type.BasicTypeRegistry - Adding type registration nstring -> org.hibernate.type.StringNVarcharType@1e63ec0b
12:29:33.716 [main] DEBUG o.hibernate.type.BasicTypeRegistry - Adding type registration ncharacter -> org.hibernate.type.CharacterNCharType@295eaa7c
12:29:33.716 [main] DEBUG o.hibernate.type.BasicTypeRegistry - Adding type registration url -> org.hibernate.type.UrlType@1dd0e7c4
12:29:33.716 [main] DEBUG o.hibernate.type.BasicTypeRegistry - Adding type registration java.net.URL -> org.hibernate.type.UrlType@1dd0e7c4
12:29:33.717 [main] DEBUG o.hibernate.type.BasicTypeRegistry - Adding type registration Duration -> org.hibernate.type.DurationType@37bd68c3
12:29:33.717 [main] DEBUG o.hibernate.type.BasicTypeRegistry - Adding type registration java.time.Duration -> org.hibernate.type.DurationType@37bd68c3
12:29:33.717 [main] DEBUG o.hibernate.type.BasicTypeRegistry - Adding type registration Instant -> org.hibernate.type.InstantType@4bff1903
12:29:33.718 [main] DEBUG o.hibernate.type.BasicTypeRegistry - Adding type registration java.time.Instant -> org.hibernate.type.InstantType@4bff1903
12:29:33.718 [main] DEBUG o.hibernate.type.BasicTypeRegistry - Adding type registration LocalDateTime -> org.hibernate.type.LocalDateTimeType@f79a760
12:29:33.718 [main] DEBUG o.hibernate.type.BasicTypeRegistry - Adding type registration java.time.LocalDateTime -> org.hibernate.type.LocalDateTimeType@f79a760
12:29:33.718 [main] DEBUG o.hibernate.type.BasicTypeRegistry - Adding type registration LocalDate -> org.hibernate.type.LocalDateType@652a7737
12:29:33.719 [main] DEBUG o.hibernate.type.BasicTypeRegistry - Adding type registration java.time.LocalDate -> org.hibernate.type.LocalDateType@652a7737
12:29:33.719 [main] DEBUG o.hibernate.type.BasicTypeRegistry - Adding type registration LocalTime -> org.hibernate.type.LocalTimeType@4e28bdd1
12:29:33.719 [main] DEBUG o.hibernate.type.BasicTypeRegistry - Adding type registration java.time.LocalTime -> org.hibernate.type.LocalTimeType@4e28bdd1
12:29:33.720 [main] DEBUG o.hibernate.type.BasicTypeRegistry - Adding type registration OffsetDateTime -> org.hibernate.type.OffsetDateTimeType@a8c1f44
12:29:33.720 [main] DEBUG o.hibernate.type.BasicTypeRegistry - Adding type registration java.time.OffsetDateTime -> org.hibernate.type.OffsetDateTimeType@a8c1f44
12:29:33.721 [main] DEBUG o.hibernate.type.BasicTypeRegistry - Adding type registration OffsetTime -> org.hibernate.type.OffsetTimeType@78a287ed
12:29:33.721 [main] DEBUG o.hibernate.type.BasicTypeRegistry - Adding type registration java.time.OffsetTime -> org.hibernate.type.OffsetTimeType@78a287ed
12:29:33.721 [main] DEBUG o.hibernate.type.BasicTypeRegistry - Adding type registration ZonedDateTime -> org.hibernate.type.ZonedDateTimeType@2b43529a
12:29:33.721 [main] DEBUG o.hibernate.type.BasicTypeRegistry - Adding type registration java.time.ZonedDateTime -> org.hibernate.type.ZonedDateTimeType@2b43529a
12:29:33.722 [main] DEBUG o.hibernate.type.BasicTypeRegistry - Adding type registration date -> org.hibernate.type.DateType@3829ac1
12:29:33.722 [main] DEBUG o.hibernate.type.BasicTypeRegistry - Adding type registration java.sql.Date -> org.hibernate.type.DateType@3829ac1
12:29:33.723 [main] DEBUG o.hibernate.type.BasicTypeRegistry - Adding type registration time -> org.hibernate.type.TimeType@2dbe250d
12:29:33.723 [main] DEBUG o.hibernate.type.BasicTypeRegistry - Adding type registration java.sql.Time -> org.hibernate.type.TimeType@2dbe250d
12:29:33.724 [main] DEBUG o.hibernate.type.BasicTypeRegistry - Adding type registration timestamp -> org.hibernate.type.TimestampType@47404bea
12:29:33.724 [main] DEBUG o.hibernate.type.BasicTypeRegistry - Adding type registration java.sql.Timestamp -> org.hibernate.type.TimestampType@47404bea
12:29:33.724 [main] DEBUG o.hibernate.type.BasicTypeRegistry - Adding type registration java.util.Date -> org.hibernate.type.TimestampType@47404bea
12:29:33.725 [main] DEBUG o.hibernate.type.BasicTypeRegistry - Adding type registration dbtimestamp -> org.hibernate.type.DbTimestampType@29e6eb25
12:29:33.727 [main] DEBUG o.hibernate.type.BasicTypeRegistry - Adding type registration calendar -> org.hibernate.type.CalendarType@275fe372
12:29:33.727 [main] DEBUG o.hibernate.type.BasicTypeRegistry - Adding type registration java.util.Calendar -> org.hibernate.type.CalendarType@275fe372
12:29:33.727 [main] DEBUG o.hibernate.type.BasicTypeRegistry - Adding type registration java.util.GregorianCalendar -> org.hibernate.type.CalendarType@275fe372
12:29:33.727 [main] DEBUG o.hibernate.type.BasicTypeRegistry - Adding type registration calendar_date -> org.hibernate.type.CalendarDateType@366ef90e
12:29:33.727 [main] DEBUG o.hibernate.type.BasicTypeRegistry - Adding type registration calendar_time -> org.hibernate.type.CalendarTimeType@21aa6d6c
12:29:33.727 [main] DEBUG o.hibernate.type.BasicTypeRegistry - Adding type registration locale -> org.hibernate.type.LocaleType@3f446bef
12:29:33.727 [main] DEBUG o.hibernate.type.BasicTypeRegistry - Adding type registration java.util.Locale -> org.hibernate.type.LocaleType@3f446bef
12:29:33.728 [main] DEBUG o.hibernate.type.BasicTypeRegistry - Adding type registration currency -> org.hibernate.type.CurrencyType@1c80e49b
12:29:33.728 [main] DEBUG o.hibernate.type.BasicTypeRegistry - Adding type registration java.util.Currency -> org.hibernate.type.CurrencyType@1c80e49b
12:29:33.728 [main] DEBUG o.hibernate.type.BasicTypeRegistry - Adding type registration timezone -> org.hibernate.type.TimeZoneType@56f6d40b
12:29:33.728 [main] DEBUG o.hibernate.type.BasicTypeRegistry - Adding type registration java.util.TimeZone -> org.hibernate.type.TimeZoneType@56f6d40b
12:29:33.730 [main] DEBUG o.hibernate.type.BasicTypeRegistry - Adding type registration class -> org.hibernate.type.ClassType@7e3060d8
12:29:33.730 [main] DEBUG o.hibernate.type.BasicTypeRegistry - Adding type registration java.lang.Class -> org.hibernate.type.ClassType@7e3060d8
12:29:33.730 [main] DEBUG o.hibernate.type.BasicTypeRegistry - Adding type registration uuid-binary -> org.hibernate.type.UUIDBinaryType@2e54db99
12:29:33.730 [main] DEBUG o.hibernate.type.BasicTypeRegistry - Adding type registration java.util.UUID -> org.hibernate.type.UUIDBinaryType@2e54db99
12:29:33.730 [main] DEBUG o.hibernate.type.BasicTypeRegistry - Adding type registration uuid-char -> org.hibernate.type.UUIDCharType@65a4798f
12:29:33.731 [main] DEBUG o.hibernate.type.BasicTypeRegistry - Adding type registration binary -> org.hibernate.type.BinaryType@773cbf4f
12:29:33.731 [main] DEBUG o.hibernate.type.BasicTypeRegistry - Adding type registration byte[] -> org.hibernate.type.BinaryType@773cbf4f
12:29:33.731 [main] DEBUG o.hibernate.type.BasicTypeRegistry - Adding type registration [B -> org.hibernate.type.BinaryType@773cbf4f
12:29:33.731 [main] DEBUG o.hibernate.type.BasicTypeRegistry - Adding type registration wrapper-binary -> org.hibernate.type.WrapperBinaryType@69637b10
12:29:33.731 [main] DEBUG o.hibernate.type.BasicTypeRegistry - Adding type registration Byte[] -> org.hibernate.type.WrapperBinaryType@69637b10
12:29:33.731 [main] DEBUG o.hibernate.type.BasicTypeRegistry - Adding type registration [Ljava.lang.Byte; -> org.hibernate.type.WrapperBinaryType@69637b10
12:29:33.732 [main] DEBUG o.hibernate.type.BasicTypeRegistry - Adding type registration row_version -> org.hibernate.type.RowVersionType@470a696f
12:29:33.732 [main] DEBUG o.hibernate.type.BasicTypeRegistry - Adding type registration image -> org.hibernate.type.ImageType@3f1c5af9
12:29:33.733 [main] DEBUG o.hibernate.type.BasicTypeRegistry - Adding type registration characters -> org.hibernate.type.CharArrayType@1de5f0ef
12:29:33.733 [main] DEBUG o.hibernate.type.BasicTypeRegistry - Adding type registration char[] -> org.hibernate.type.CharArrayType@1de5f0ef
12:29:33.733 [main] DEBUG o.hibernate.type.BasicTypeRegistry - Adding type registration [C -> org.hibernate.type.CharArrayType@1de5f0ef
12:29:33.733 [main] DEBUG o.hibernate.type.BasicTypeRegistry - Adding type registration wrapper-characters -> org.hibernate.type.CharacterArrayType@3ce3db41
12:29:33.733 [main] DEBUG o.hibernate.type.BasicTypeRegistry - Adding type registration [Ljava.lang.Character; -> org.hibernate.type.CharacterArrayType@3ce3db41
12:29:33.733 [main] DEBUG o.hibernate.type.BasicTypeRegistry - Adding type registration Character[] -> org.hibernate.type.CharacterArrayType@3ce3db41
12:29:33.734 [main] DEBUG o.hibernate.type.BasicTypeRegistry - Adding type registration text -> org.hibernate.type.TextType@2c3dec30
12:29:33.734 [main] DEBUG o.hibernate.type.BasicTypeRegistry - Adding type registration ntext -> org.hibernate.type.NTextType@3fc9dfc5
12:29:33.735 [main] DEBUG o.hibernate.type.BasicTypeRegistry - Adding type registration blob -> org.hibernate.type.BlobType@4ba534b0
12:29:33.735 [main] DEBUG o.hibernate.type.BasicTypeRegistry - Adding type registration java.sql.Blob -> org.hibernate.type.BlobType@4ba534b0
12:29:33.735 [main] DEBUG o.hibernate.type.BasicTypeRegistry - Adding type registration materialized_blob -> org.hibernate.type.MaterializedBlobType@4e517165
12:29:33.736 [main] DEBUG o.hibernate.type.BasicTypeRegistry - Adding type registration clob -> org.hibernate.type.ClobType@34625ccd
12:29:33.736 [main] DEBUG o.hibernate.type.BasicTypeRegistry - Adding type registration java.sql.Clob -> org.hibernate.type.ClobType@34625ccd
12:29:33.736 [main] DEBUG o.hibernate.type.BasicTypeRegistry - Adding type registration nclob -> org.hibernate.type.NClobType@346939bf
12:29:33.737 [main] DEBUG o.hibernate.type.BasicTypeRegistry - Adding type registration java.sql.NClob -> org.hibernate.type.NClobType@346939bf
12:29:33.737 [main] DEBUG o.hibernate.type.BasicTypeRegistry - Adding type registration materialized_clob -> org.hibernate.type.MaterializedClobType@9bd0fa6
12:29:33.737 [main] DEBUG o.hibernate.type.BasicTypeRegistry - Adding type registration materialized_nclob -> org.hibernate.type.MaterializedNClobType@f6c03cb
12:29:33.737 [main] DEBUG o.hibernate.type.BasicTypeRegistry - Adding type registration serializable -> org.hibernate.type.SerializableType@1c9f0a20
12:29:33.739 [main] DEBUG o.hibernate.type.BasicTypeRegistry - Adding type registration object -> org.hibernate.type.ObjectType@4ae33a11
12:29:33.739 [main] DEBUG o.hibernate.type.BasicTypeRegistry - Adding type registration java.lang.Object -> org.hibernate.type.ObjectType@4ae33a11
12:29:33.739 [main] DEBUG o.hibernate.type.BasicTypeRegistry - Adding type registration imm_date -> org.hibernate.type.AdaptedImmutableType@5049d8b2
12:29:33.739 [main] DEBUG o.hibernate.type.BasicTypeRegistry - Adding type registration imm_time -> org.hibernate.type.AdaptedImmutableType@6d0b5baf
12:29:33.739 [main] DEBUG o.hibernate.type.BasicTypeRegistry - Adding type registration imm_timestamp -> org.hibernate.type.AdaptedImmutableType@631e06ab
12:29:33.739 [main] DEBUG o.hibernate.type.BasicTypeRegistry - Adding type registration imm_dbtimestamp -> org.hibernate.type.AdaptedImmutableType@2a3591c5
12:29:33.739 [main] DEBUG o.hibernate.type.BasicTypeRegistry - Adding type registration imm_calendar -> org.hibernate.type.AdaptedImmutableType@34a75079
12:29:33.739 [main] DEBUG o.hibernate.type.BasicTypeRegistry - Adding type registration imm_calendar_date -> org.hibernate.type.AdaptedImmutableType@346a361
12:29:33.739 [main] DEBUG o.hibernate.type.BasicTypeRegistry - Adding type registration imm_binary -> org.hibernate.type.AdaptedImmutableType@107ed6fc
12:29:33.739 [main] DEBUG o.hibernate.type.BasicTypeRegistry - Adding type registration imm_serializable -> org.hibernate.type.AdaptedImmutableType@1643d68f
12:29:33.746 [main] DEBUG o.h.b.internal.BootstrapContextImpl - Injecting ScanEnvironment [org.hibernate.jpa.boot.internal.StandardJpaScanEnvironmentImpl@c7a975a] into BootstrapContext; was [null]
12:29:33.746 [main] DEBUG o.h.b.internal.BootstrapContextImpl - Injecting ScanOptions [org.hibernate.boot.archive.scan.internal.StandardScanOptions@2c1b9e4b] into BootstrapContext; was [org.hibernate.boot.archive.scan.internal.StandardScanOptions@757d6814]
12:29:33.779 [main] DEBUG o.h.b.internal.BootstrapContextImpl - Injecting JPA temp ClassLoader [null] into BootstrapContext; was [null]
12:29:33.779 [main] DEBUG o.h.b.internal.ClassLoaderAccessImpl - ClassLoaderAccessImpl#injectTempClassLoader(null) [was null]
12:29:33.785 [main] DEBUG o.h.i.f.i.DefaultIdentifierGeneratorFactory - Registering IdentifierGenerator strategy [uuid2] -> [org.hibernate.id.UUIDGenerator]
12:29:33.786 [main] DEBUG o.h.i.f.i.DefaultIdentifierGeneratorFactory - Registering IdentifierGenerator strategy [guid] -> [org.hibernate.id.GUIDGenerator]
12:29:33.786 [main] DEBUG o.h.i.f.i.DefaultIdentifierGeneratorFactory - Registering IdentifierGenerator strategy [uuid] -> [org.hibernate.id.UUIDHexGenerator]
12:29:33.786 [main] DEBUG o.h.i.f.i.DefaultIdentifierGeneratorFactory - Registering IdentifierGenerator strategy [uuid.hex] -> [org.hibernate.id.UUIDHexGenerator]
12:29:33.786 [main] DEBUG o.h.i.f.i.DefaultIdentifierGeneratorFactory - Registering IdentifierGenerator strategy [assigned] -> [org.hibernate.id.Assigned]
12:29:33.787 [main] DEBUG o.h.i.f.i.DefaultIdentifierGeneratorFactory - Registering IdentifierGenerator strategy [identity] -> [org.hibernate.id.IdentityGenerator]
12:29:33.787 [main] DEBUG o.h.i.f.i.DefaultIdentifierGeneratorFactory - Registering IdentifierGenerator strategy [select] -> [org.hibernate.id.SelectGenerator]
12:29:33.787 [main] DEBUG o.h.i.f.i.DefaultIdentifierGeneratorFactory - Registering IdentifierGenerator strategy [sequence] -> [org.hibernate.id.enhanced.SequenceStyleGenerator]
12:29:33.788 [main] DEBUG o.h.i.f.i.DefaultIdentifierGeneratorFactory - Registering IdentifierGenerator strategy [seqhilo] -> [org.hibernate.id.SequenceHiLoGenerator]
12:29:33.788 [main] DEBUG o.h.i.f.i.DefaultIdentifierGeneratorFactory - Registering IdentifierGenerator strategy [increment] -> [org.hibernate.id.IncrementGenerator]
12:29:33.788 [main] DEBUG o.h.i.f.i.DefaultIdentifierGeneratorFactory - Registering IdentifierGenerator strategy [foreign] -> [org.hibernate.id.ForeignGenerator]
12:29:33.788 [main] DEBUG o.h.i.f.i.DefaultIdentifierGeneratorFactory - Registering IdentifierGenerator strategy [sequence-identity] -> [org.hibernate.id.SequenceIdentityGenerator]
12:29:33.788 [main] DEBUG o.h.i.f.i.DefaultIdentifierGeneratorFactory - Registering IdentifierGenerator strategy [enhanced-sequence] -> [org.hibernate.id.enhanced.SequenceStyleGenerator]
12:29:33.789 [main] DEBUG o.h.i.f.i.DefaultIdentifierGeneratorFactory - Registering IdentifierGenerator strategy [enhanced-table] -> [org.hibernate.id.enhanced.TableGenerator]
12:29:33.791 [main] WARN  o.hibernate.orm.connections.pooling - HHH10001002: Using Hibernate built-in connection pool (not for production use!)
12:29:33.795 [main] INFO  o.hibernate.orm.connections.pooling - HHH10001005: using driver [org.postgresql.Driver] at URL [jdbc:postgresql://localhost:5432/BuildWeek]
12:29:33.795 [main] INFO  o.hibernate.orm.connections.pooling - HHH10001001: Connection properties: {password=root, user=postgres}
12:29:33.795 [main] INFO  o.hibernate.orm.connections.pooling - HHH10001003: Autocommit mode: false
12:29:33.797 [main] DEBUG o.h.e.j.c.i.DriverManagerConnectionProviderImpl - Initializing Connection pool with 1 Connections
12:29:33.797 [main] INFO  o.h.e.j.c.i.DriverManagerConnectionProviderImpl - HHH000115: Hibernate connection pool size: 20 (min=1)
12:29:33.951 [main] DEBUG o.h.e.j.e.i.JdbcEnvironmentInitiator - Database ->
       name : PostgreSQL
    version : 15.3
      major : 15
      minor : 3
12:29:33.952 [main] DEBUG o.h.e.j.e.i.JdbcEnvironmentInitiator - Driver ->
       name : PostgreSQL JDBC Driver
    version : 42.6.0
      major : 42
      minor : 6
12:29:33.952 [main] DEBUG o.h.e.j.e.i.JdbcEnvironmentInitiator - JDBC version : 4.2
12:29:33.959 [main] INFO  org.hibernate.dialect.Dialect - HHH000400: Using dialect: org.hibernate.dialect.PostgreSQLDialect
12:29:33.967 [main] DEBUG o.h.e.j.e.s.IdentifierHelperBuilder - JDBC driver metadata reported database stores quoted identifiers in neither upper, lower nor mixed case
12:29:33.984 [main] DEBUG o.hibernate.type.BasicTypeRegistry - Adding type registration pg-uuid -> org.hibernate.type.PostgresUUIDType@3a095ec0
12:29:33.984 [main] DEBUG o.hibernate.type.BasicTypeRegistry - Adding type registration java.util.UUID -> org.hibernate.type.PostgresUUIDType@3a095ec0
12:29:33.984 [main] DEBUG o.hibernate.type.BasicTypeRegistry - HHH000270: Type registration [java.util.UUID] overrides previous : org.hibernate.type.UUIDBinaryType@2e54db99
12:29:33.986 [main] DEBUG o.h.type.spi.TypeConfiguration$Scope - Scoping TypeConfiguration [org.hibernate.type.spi.TypeConfiguration@1e6308a9] to MetadataBuildingContext [org.hibernate.boot.internal.MetadataBuildingContextRootImpl@30cecdca]
12:29:34.009 [main] DEBUG o.h.boot.model.relational.Namespace - Created database namespace [logicalName=Name{catalog=null, schema=null}, physicalName=Name{catalog=null, schema=null}]
12:29:34.016 [main] DEBUG org.hibernate.cfg.AnnotationBinder - Binding entity from annotated class: Abstract.TicketSeller
12:29:34.026 [main] DEBUG org.hibernate.cfg.Ejb3Column - Binding column: Ejb3DiscriminatorColumn{logicalColumnName'Elementi', discriminatorTypeName='string'}
12:29:34.028 [main] DEBUG o.h.cfg.annotations.EntityBinder - Import with entity name TicketSeller
12:29:34.031 [main] DEBUG o.h.cfg.annotations.EntityBinder - Bind entity Abstract.TicketSeller on table TicketSeller
12:29:34.047 [main] DEBUG org.hibernate.cfg.Ejb3Column - Binding column: Ejb3Column{table=org.hibernate.mapping.Table(TicketSeller), mappingColumn=id, insertable=true, updatable=true, unique=false}
12:29:34.049 [main] DEBUG o.h.b.internal.ClassLoaderAccessImpl - Not known whether passed class name [Abstract.TicketSeller] is safe
12:29:34.049 [main] DEBUG o.h.b.internal.ClassLoaderAccessImpl - No temp ClassLoader provided; using live ClassLoader for loading potentially unsafe class : Abstract.TicketSeller
12:29:34.050 [main] DEBUG o.h.cfg.annotations.PropertyBinder - MetadataSourceProcessor property id with lazy=false
12:29:34.051 [main] DEBUG o.h.cfg.AbstractPropertyHolder - Attempting to locate auto-apply AttributeConverter for property [Abstract.TicketSeller:id]
12:29:34.052 [main] DEBUG o.h.c.annotations.SimpleValueBinder - building SimpleValue for id
12:29:34.052 [main] DEBUG o.h.cfg.annotations.PropertyBinder - Building property id
12:29:34.056 [main] DEBUG org.hibernate.cfg.BinderHelper - #makeIdGenerator(org.hibernate.mapping.SimpleValue([org.hibernate.mapping.Column(id)]), id, org.hibernate.id.enhanced.SequenceStyleGenerator, elCat_seq, ...)
12:29:34.057 [main] DEBUG org.hibernate.cfg.Ejb3Column - Binding column: Ejb3Column{table=org.hibernate.mapping.Table(TicketSeller), mappingColumn=seller_name, insertable=true, updatable=true, unique=false}
12:29:34.057 [main] DEBUG o.h.cfg.annotations.PropertyBinder - MetadataSourceProcessor property name with lazy=false
12:29:34.057 [main] DEBUG o.h.cfg.AbstractPropertyHolder - Attempting to locate auto-apply AttributeConverter for property [Abstract.TicketSeller:name]
12:29:34.057 [main] DEBUG o.h.c.annotations.SimpleValueBinder - building SimpleValue for name
12:29:34.057 [main] DEBUG o.h.cfg.annotations.PropertyBinder - Building property name
12:29:34.058 [main] DEBUG org.hibernate.cfg.Ejb3Column - Binding column: Ejb3JoinColumn{logicalColumnName='null', referencedColumn='null', mappedBy=''}
12:29:34.058 [main] DEBUG org.hibernate.cfg.Ejb3Column - Binding column: Ejb3Column{table=org.hibernate.mapping.Table(TicketSeller), mappingColumn=passes, insertable=true, updatable=true, unique=false}
12:29:34.059 [main] DEBUG org.hibernate.cfg.Ejb3Column - Binding column: Ejb3Column{table=org.hibernate.mapping.Table(TicketSeller), mappingColumn=null, insertable=true, updatable=true, unique=false}
12:29:34.064 [main] DEBUG org.hibernate.cfg.Ejb3Column - Binding column: Ejb3Column{table=org.hibernate.mapping.Table(TicketSeller), mappingColumn=element, insertable=true, updatable=true, unique=false}
12:29:34.064 [main] DEBUG org.hibernate.cfg.Ejb3Column - Binding column: Ejb3Column{table=org.hibernate.mapping.Table(TicketSeller), mappingColumn=passes_KEY, insertable=true, updatable=true, unique=false}
12:29:34.065 [main] DEBUG org.hibernate.cfg.Ejb3Column - Binding column: Ejb3JoinColumn{logicalColumnName='passes_KEY', referencedColumn='null', mappedBy='null'}
12:29:34.065 [main] DEBUG org.hibernate.cfg.Ejb3Column - Binding column: Ejb3JoinColumn{logicalColumnName='null', referencedColumn='null', mappedBy=''}
12:29:34.065 [main] DEBUG org.hibernate.cfg.Ejb3Column - Binding column: Ejb3JoinColumn{logicalColumnName='null', referencedColumn='null', mappedBy=''}
12:29:34.066 [main] DEBUG o.h.cfg.annotations.CollectionBinder - Collection role: Abstract.TicketSeller.passes
12:29:34.067 [main] DEBUG o.h.cfg.annotations.PropertyBinder - Building property passes
12:29:34.067 [main] DEBUG org.hibernate.cfg.Ejb3Column - Binding column: Ejb3JoinColumn{logicalColumnName='null', referencedColumn='null', mappedBy=''}
12:29:34.067 [main] DEBUG org.hibernate.cfg.Ejb3Column - Binding column: Ejb3Column{table=org.hibernate.mapping.Table(TicketSeller), mappingColumn=tickets, insertable=true, updatable=true, unique=false}
12:29:34.067 [main] DEBUG org.hibernate.cfg.Ejb3Column - Binding column: Ejb3Column{table=org.hibernate.mapping.Table(TicketSeller), mappingColumn=null, insertable=true, updatable=true, unique=false}
12:29:34.068 [main] DEBUG org.hibernate.cfg.Ejb3Column - Binding column: Ejb3Column{table=org.hibernate.mapping.Table(TicketSeller), mappingColumn=element, insertable=true, updatable=true, unique=false}
12:29:34.068 [main] DEBUG org.hibernate.cfg.Ejb3Column - Binding column: Ejb3Column{table=org.hibernate.mapping.Table(TicketSeller), mappingColumn=tickets_KEY, insertable=true, updatable=true, unique=false}
12:29:34.068 [main] DEBUG org.hibernate.cfg.Ejb3Column - Binding column: Ejb3JoinColumn{logicalColumnName='tickets_KEY', referencedColumn='null', mappedBy='null'}
12:29:34.068 [main] DEBUG org.hibernate.cfg.Ejb3Column - Binding column: Ejb3JoinColumn{logicalColumnName='null', referencedColumn='null', mappedBy=''}
12:29:34.068 [main] DEBUG org.hibernate.cfg.Ejb3Column - Binding column: Ejb3JoinColumn{logicalColumnName='null', referencedColumn='null', mappedBy=''}
12:29:34.068 [main] DEBUG o.h.cfg.annotations.CollectionBinder - Collection role: Abstract.TicketSeller.tickets
12:29:34.068 [main] DEBUG o.h.cfg.annotations.PropertyBinder - Building property tickets
12:29:34.072 [main] DEBUG org.hibernate.cfg.AnnotationBinder - Binding entity from annotated class: Classes.Card
12:29:34.072 [main] DEBUG org.hibernate.cfg.Ejb3Column - Binding column: Ejb3DiscriminatorColumn{logicalColumnName'DTYPE', discriminatorTypeName='string'}
12:29:34.072 [main] DEBUG o.h.cfg.annotations.EntityBinder - Import with entity name Card
12:29:34.072 [main] DEBUG o.h.cfg.annotations.EntityBinder - Bind entity Classes.Card on table Card
12:29:34.074 [main] DEBUG org.hibernate.cfg.Ejb3Column - Binding column: Ejb3Column{table=org.hibernate.mapping.Table(Card), mappingColumn=id, insertable=true, updatable=true, unique=false}
12:29:34.074 [main] DEBUG o.h.b.internal.ClassLoaderAccessImpl - Not known whether passed class name [Classes.Card] is safe
12:29:34.074 [main] DEBUG o.h.b.internal.ClassLoaderAccessImpl - No temp ClassLoader provided; using live ClassLoader for loading potentially unsafe class : Classes.Card
12:29:34.074 [main] DEBUG o.h.cfg.annotations.PropertyBinder - MetadataSourceProcessor property id with lazy=false
12:29:34.074 [main] DEBUG o.h.cfg.AbstractPropertyHolder - Attempting to locate auto-apply AttributeConverter for property [Classes.Card:id]
12:29:34.074 [main] DEBUG o.h.c.annotations.SimpleValueBinder - building SimpleValue for id
12:29:34.074 [main] DEBUG o.h.cfg.annotations.PropertyBinder - Building property id
12:29:34.074 [main] DEBUG org.hibernate.cfg.BinderHelper - #makeIdGenerator(org.hibernate.mapping.SimpleValue([org.hibernate.mapping.Column(id)]), id, identity, , ...)
12:29:34.075 [main] DEBUG org.hibernate.cfg.Ejb3Column - Binding column: Ejb3Column{table=org.hibernate.mapping.Table(Card), mappingColumn=emissionDate, insertable=true, updatable=true, unique=false}
12:29:34.075 [main] DEBUG o.h.cfg.annotations.PropertyBinder - MetadataSourceProcessor property emissionDate with lazy=false
12:29:34.075 [main] DEBUG o.h.cfg.AbstractPropertyHolder - Attempting to locate auto-apply AttributeConverter for property [Classes.Card:emissionDate]
12:29:34.075 [main] DEBUG o.h.c.annotations.SimpleValueBinder - building SimpleValue for emissionDate
12:29:34.075 [main] DEBUG o.h.cfg.annotations.PropertyBinder - Building property emissionDate
12:29:34.075 [main] DEBUG org.hibernate.cfg.Ejb3Column - Binding column: Ejb3Column{table=org.hibernate.mapping.Table(Card), mappingColumn=expirationDate, insertable=true, updatable=true, unique=false}
12:29:34.075 [main] DEBUG o.h.cfg.annotations.PropertyBinder - MetadataSourceProcessor property expirationDate with lazy=false
12:29:34.075 [main] DEBUG o.h.cfg.AbstractPropertyHolder - Attempting to locate auto-apply AttributeConverter for property [Classes.Card:expirationDate]
12:29:34.075 [main] DEBUG o.h.c.annotations.SimpleValueBinder - building SimpleValue for expirationDate
12:29:34.075 [main] DEBUG o.h.cfg.annotations.PropertyBinder - Building property expirationDate
12:29:34.075 [main] DEBUG org.hibernate.cfg.Ejb3Column - Binding column: Ejb3JoinColumn{logicalColumnName='null', referencedColumn='null', mappedBy='cardNum'}
12:29:34.075 [main] DEBUG org.hibernate.cfg.Ejb3Column - Binding column: Ejb3Column{table=org.hibernate.mapping.Table(Card), mappingColumn=person, insertable=true, updatable=true, unique=false}
12:29:34.077 [main] DEBUG org.hibernate.cfg.AnnotationBinder - Binding entity from annotated class: Classes.Person
12:29:34.077 [main] DEBUG org.hibernate.cfg.Ejb3Column - Binding column: Ejb3DiscriminatorColumn{logicalColumnName'DTYPE', discriminatorTypeName='string'}
12:29:34.077 [main] DEBUG o.h.cfg.annotations.EntityBinder - Import with entity name Person
12:29:34.077 [main] DEBUG o.h.cfg.annotations.EntityBinder - Bind entity Classes.Person on table Person
12:29:34.077 [main] DEBUG org.hibernate.cfg.Ejb3Column - Binding column: Ejb3Column{table=org.hibernate.mapping.Table(Person), mappingColumn=id, insertable=true, updatable=true, unique=false}
12:29:34.077 [main] DEBUG o.h.b.internal.ClassLoaderAccessImpl - Not known whether passed class name [Classes.Person] is safe
12:29:34.077 [main] DEBUG o.h.b.internal.ClassLoaderAccessImpl - No temp ClassLoader provided; using live ClassLoader for loading potentially unsafe class : Classes.Person
12:29:34.077 [main] DEBUG o.h.cfg.annotations.PropertyBinder - MetadataSourceProcessor property id with lazy=false
12:29:34.078 [main] DEBUG o.h.cfg.AbstractPropertyHolder - Attempting to locate auto-apply AttributeConverter for property [Classes.Person:id]
12:29:34.078 [main] DEBUG o.h.c.annotations.SimpleValueBinder - building SimpleValue for id
12:29:34.078 [main] DEBUG o.h.cfg.annotations.PropertyBinder - Building property id
12:29:34.078 [main] DEBUG org.hibernate.cfg.BinderHelper - #makeIdGenerator(org.hibernate.mapping.SimpleValue([org.hibernate.mapping.Column(id)]), id, identity, , ...)
12:29:34.078 [main] DEBUG org.hibernate.cfg.Ejb3Column - Binding column: Ejb3Column{table=org.hibernate.mapping.Table(Person), mappingColumn=birthdate, insertable=true, updatable=true, unique=false}
12:29:34.078 [main] DEBUG o.h.cfg.annotations.PropertyBinder - MetadataSourceProcessor property birthdate with lazy=false
12:29:34.079 [main] DEBUG o.h.cfg.AbstractPropertyHolder - Attempting to locate auto-apply AttributeConverter for property [Classes.Person:birthdate]
12:29:34.079 [main] DEBUG o.h.c.annotations.SimpleValueBinder - building SimpleValue for birthdate
12:29:34.079 [main] DEBUG o.h.cfg.annotations.PropertyBinder - Building property birthdate
12:29:34.079 [main] DEBUG org.hibernate.cfg.Ejb3Column - Binding column: Ejb3JoinColumn{logicalColumnName='null', referencedColumn='null', mappedBy=''}
12:29:34.079 [main] DEBUG org.hibernate.cfg.Ejb3Column - Binding column: Ejb3Column{table=org.hibernate.mapping.Table(Person), mappingColumn=cardNum, insertable=true, updatable=true, unique=false}
12:29:34.079 [main] DEBUG o.h.cfg.annotations.PropertyBinder - Building property cardNum
12:29:34.079 [main] DEBUG org.hibernate.cfg.Ejb3Column - Binding column: Ejb3Column{table=org.hibernate.mapping.Table(Person), mappingColumn=firstName, insertable=true, updatable=true, unique=false}
12:29:34.080 [main] DEBUG o.h.cfg.annotations.PropertyBinder - MetadataSourceProcessor property firstName with lazy=false
12:29:34.080 [main] DEBUG o.h.cfg.AbstractPropertyHolder - Attempting to locate auto-apply AttributeConverter for property [Classes.Person:firstName]
12:29:34.080 [main] DEBUG o.h.c.annotations.SimpleValueBinder - building SimpleValue for firstName
12:29:34.080 [main] DEBUG o.h.cfg.annotations.PropertyBinder - Building property firstName
12:29:34.080 [main] DEBUG org.hibernate.cfg.Ejb3Column - Binding column: Ejb3Column{table=org.hibernate.mapping.Table(Person), mappingColumn=lastName, insertable=true, updatable=true, unique=false}
12:29:34.080 [main] DEBUG o.h.cfg.annotations.PropertyBinder - MetadataSourceProcessor property lastName with lazy=false
12:29:34.080 [main] DEBUG o.h.cfg.AbstractPropertyHolder - Attempting to locate auto-apply AttributeConverter for property [Classes.Person:lastName]
12:29:34.080 [main] DEBUG o.h.c.annotations.SimpleValueBinder - building SimpleValue for lastName
12:29:34.080 [main] DEBUG o.h.cfg.annotations.PropertyBinder - Building property lastName
12:29:34.080 [main] DEBUG org.hibernate.cfg.AnnotationBinder - Binding entity from annotated class: Classes.Ticket
12:29:34.080 [main] DEBUG org.hibernate.cfg.Ejb3Column - Binding column: Ejb3DiscriminatorColumn{logicalColumnName'DTYPE', discriminatorTypeName='string'}
12:29:34.080 [main] DEBUG o.h.cfg.annotations.EntityBinder - Import with entity name Ticket
12:29:34.080 [main] DEBUG o.h.cfg.annotations.EntityBinder - Bind entity Classes.Ticket on table Ticket
12:29:34.081 [main] DEBUG org.hibernate.cfg.Ejb3Column - Binding column: Ejb3Column{table=org.hibernate.mapping.Table(Ticket), mappingColumn=id, insertable=true, updatable=true, unique=false}
12:29:34.082 [main] DEBUG o.h.b.internal.ClassLoaderAccessImpl - Not known whether passed class name [Classes.Ticket] is safe
12:29:34.082 [main] DEBUG o.h.b.internal.ClassLoaderAccessImpl - No temp ClassLoader provided; using live ClassLoader for loading potentially unsafe class : Classes.Ticket
12:29:34.082 [main] DEBUG o.h.cfg.annotations.PropertyBinder - MetadataSourceProcessor property id with lazy=false
12:29:34.082 [main] DEBUG o.h.cfg.AbstractPropertyHolder - Attempting to locate auto-apply AttributeConverter for property [Classes.Ticket:id]
12:29:34.082 [main] DEBUG o.h.c.annotations.SimpleValueBinder - building SimpleValue for id
12:29:34.082 [main] DEBUG o.h.cfg.annotations.PropertyBinder - Building property id
12:29:34.082 [main] DEBUG org.hibernate.cfg.BinderHelper - #makeIdGenerator(org.hibernate.mapping.SimpleValue([org.hibernate.mapping.Column(id)]), id, identity, , ...)
12:29:34.082 [main] DEBUG org.hibernate.cfg.Ejb3Column - Binding column: Ejb3JoinColumn{logicalColumnName='null', referencedColumn='null', mappedBy='null'}
12:29:34.082 [main] DEBUG org.hibernate.cfg.Ejb3Column - Binding column: Ejb3Column{table=org.hibernate.mapping.Table(Ticket), mappingColumn=seller, insertable=true, updatable=true, unique=false}
12:29:34.082 [main] DEBUG o.h.cfg.annotations.PropertyBinder - Building property seller
12:29:34.082 [main] DEBUG org.hibernate.cfg.AnnotationBinder - Binding entity from annotated class: Classes.Pass
12:29:34.083 [main] DEBUG o.h.cfg.annotations.EntityBinder - Import with entity name Pass
12:29:34.084 [main] DEBUG org.hibernate.cfg.Ejb3Column - Binding column: Ejb3JoinColumn{logicalColumnName='null', referencedColumn='null', mappedBy=''}
12:29:34.084 [main] DEBUG org.hibernate.cfg.Ejb3Column - Binding column: Ejb3Column{table=org.hibernate.mapping.Table(Ticket), mappingColumn=person, insertable=true, updatable=true, unique=false}
12:29:34.084 [main] DEBUG o.h.cfg.annotations.PropertyBinder - Building property person
12:29:34.084 [main] DEBUG org.hibernate.cfg.Ejb3Column - Binding column: Ejb3JoinColumn{logicalColumnName='null', referencedColumn='null', mappedBy='null'}
12:29:34.084 [main] DEBUG org.hibernate.cfg.Ejb3Column - Binding column: Ejb3Column{table=org.hibernate.mapping.Table(Ticket), mappingColumn=sellers, insertable=true, updatable=true, unique=false}
12:29:34.084 [main] DEBUG o.h.cfg.annotations.PropertyBinder - Building property sellers
12:29:34.084 [main] DEBUG org.hibernate.cfg.Ejb3Column - Binding column: Ejb3Column{table=org.hibernate.mapping.Table(Ticket), mappingColumn=validity, insertable=true, updatable=true, unique=false}
12:29:34.085 [main] DEBUG o.h.cfg.annotations.PropertyBinder - MetadataSourceProcessor property validity with lazy=false
12:29:34.085 [main] DEBUG o.h.cfg.AbstractPropertyHolder - Attempting to locate auto-apply AttributeConverter for property [Classes.Pass:validity]
12:29:34.086 [main] DEBUG o.h.c.annotations.SimpleValueBinder - building SimpleValue for validity
12:29:34.086 [main] DEBUG o.h.cfg.annotations.PropertyBinder - Building property validity
12:29:34.086 [main] DEBUG org.hibernate.cfg.AnnotationBinder - Binding entity from annotated class: Classes.Shop
12:29:34.086 [main] DEBUG o.h.cfg.annotations.EntityBinder - Import with entity name Shop
12:29:34.087 [main] DEBUG org.hibernate.cfg.AnnotationBinder - Skipping attribute [java.util.List : passes] as it was already processed as part of super hierarchy
12:29:34.087 [main] DEBUG org.hibernate.cfg.Ejb3Column - Binding column: Ejb3JoinColumn{logicalColumnName='null', referencedColumn='null', mappedBy=''}
12:29:34.087 [main] DEBUG org.hibernate.cfg.Ejb3Column - Binding column: Ejb3Column{table=org.hibernate.mapping.Table(TicketSeller), mappingColumn=people, insertable=true, updatable=true, unique=false}
12:29:34.087 [main] DEBUG org.hibernate.cfg.Ejb3Column - Binding column: Ejb3Column{table=org.hibernate.mapping.Table(TicketSeller), mappingColumn=null, insertable=true, updatable=true, unique=false}
12:29:34.087 [main] DEBUG org.hibernate.cfg.Ejb3Column - Binding column: Ejb3Column{table=org.hibernate.mapping.Table(TicketSeller), mappingColumn=element, insertable=true, updatable=true, unique=false}
12:29:34.087 [main] DEBUG org.hibernate.cfg.Ejb3Column - Binding column: Ejb3Column{table=org.hibernate.mapping.Table(TicketSeller), mappingColumn=people_KEY, insertable=true, updatable=true, unique=false}
12:29:34.087 [main] DEBUG org.hibernate.cfg.Ejb3Column - Binding column: Ejb3JoinColumn{logicalColumnName='people_KEY', referencedColumn='null', mappedBy='null'}
12:29:34.087 [main] DEBUG org.hibernate.cfg.Ejb3Column - Binding column: Ejb3JoinColumn{logicalColumnName='null', referencedColumn='null', mappedBy=''}
12:29:34.087 [main] DEBUG org.hibernate.cfg.Ejb3Column - Binding column: Ejb3JoinColumn{logicalColumnName='null', referencedColumn='null', mappedBy=''}
12:29:34.087 [main] DEBUG o.h.cfg.annotations.CollectionBinder - Collection role: Classes.Shop.people
12:29:34.087 [main] DEBUG o.h.cfg.annotations.PropertyBinder - Building property people
12:29:34.087 [main] DEBUG org.hibernate.cfg.AnnotationBinder - Skipping attribute [java.util.List : tickets] as it was already processed as part of super hierarchy
12:29:34.087 [main] DEBUG org.hibernate.cfg.AnnotationBinder - Binding entity from annotated class: Classes.VendingMachine
12:29:34.087 [main] DEBUG o.h.cfg.annotations.EntityBinder - Import with entity name VendingMachine
12:29:34.087 [main] DEBUG org.hibernate.cfg.Ejb3Column - Binding column: Ejb3Column{table=org.hibernate.mapping.Table(TicketSeller), mappingColumn=isWorking, insertable=true, updatable=true, unique=false}
12:29:34.089 [main] DEBUG o.h.cfg.annotations.PropertyBinder - MetadataSourceProcessor property isWorking with lazy=false
12:29:34.089 [main] DEBUG o.h.cfg.AbstractPropertyHolder - Attempting to locate auto-apply AttributeConverter for property [Classes.VendingMachine:isWorking]
12:29:34.089 [main] DEBUG o.h.c.annotations.SimpleValueBinder - building SimpleValue for isWorking
12:29:34.089 [main] DEBUG o.h.cfg.annotations.PropertyBinder - Building property isWorking
12:29:34.090 [main] DEBUG o.h.c.annotations.SimpleValueBinder - Starting fillSimpleValue for id
12:29:34.090 [main] DEBUG o.h.c.annotations.SimpleValueBinder - Starting fillSimpleValue for name
12:29:34.090 [main] DEBUG o.h.c.annotations.SimpleValueBinder - Starting fillSimpleValue for id
12:29:34.090 [main] DEBUG o.h.c.annotations.SimpleValueBinder - Starting fillSimpleValue for emissionDate
12:29:34.090 [main] DEBUG o.h.c.annotations.SimpleValueBinder - Starting fillSimpleValue for expirationDate
12:29:34.090 [main] DEBUG o.h.c.annotations.SimpleValueBinder - Starting fillSimpleValue for id
12:29:34.090 [main] DEBUG o.h.c.annotations.SimpleValueBinder - Starting fillSimpleValue for birthdate
12:29:34.090 [main] DEBUG o.h.c.annotations.SimpleValueBinder - Starting fillSimpleValue for firstName
12:29:34.090 [main] DEBUG o.h.c.annotations.SimpleValueBinder - Starting fillSimpleValue for lastName
12:29:34.090 [main] DEBUG o.h.c.annotations.SimpleValueBinder - Starting fillSimpleValue for id
12:29:34.090 [main] DEBUG o.h.c.annotations.SimpleValueBinder - Starting fillSimpleValue for validity
12:29:34.091 [main] DEBUG o.h.c.annotations.SimpleValueBinder - Starting fillSimpleValue for isWorking
12:29:34.093 [main] DEBUG org.hibernate.mapping.PrimaryKey - Forcing column [id] to be non-null as it is part of the primary key for table [ticketseller]
12:29:34.093 [main] DEBUG org.hibernate.mapping.PrimaryKey - Forcing column [id] to be non-null as it is part of the primary key for table [card]
12:29:34.093 [main] DEBUG org.hibernate.mapping.PrimaryKey - Forcing column [id] to be non-null as it is part of the primary key for table [person]
12:29:34.093 [main] DEBUG org.hibernate.mapping.PrimaryKey - Forcing column [id] to be non-null as it is part of the primary key for table [ticket]
12:29:34.093 [main] DEBUG o.hibernate.cfg.CollectionSecondPass - Second pass for collection: Classes.Shop.people
12:29:34.093 [main] DEBUG o.h.cfg.annotations.CollectionBinder - Binding a OneToMany: Classes.Shop.people through an association table
12:29:34.097 [main] DEBUG o.hibernate.cfg.CollectionSecondPass - Mapped collection key: Shop_id, element: people_id
12:29:34.097 [main] DEBUG o.hibernate.cfg.CollectionSecondPass - Second pass for collection: Abstract.TicketSeller.tickets
12:29:34.097 [main] DEBUG o.h.cfg.annotations.CollectionBinder - Binding a OneToMany: Abstract.TicketSeller.tickets through an association table
12:29:34.098 [main] DEBUG o.hibernate.cfg.CollectionSecondPass - Mapped collection key: TicketSeller_id, element: tickets_id
12:29:34.098 [main] DEBUG o.hibernate.cfg.CollectionSecondPass - Second pass for collection: Abstract.TicketSeller.passes
12:29:34.098 [main] DEBUG o.h.cfg.annotations.CollectionBinder - Binding a OneToMany: Abstract.TicketSeller.passes through an association table
12:29:34.099 [main] DEBUG o.hibernate.cfg.CollectionSecondPass - Mapped collection key: TicketSeller_id, element: passes_id
12:29:34.099 [main] DEBUG o.h.cfg.annotations.PropertyBinder - Building property person
12:29:34.100 [main] DEBUG o.h.b.i.InFlightMetadataCollectorImpl - Processing association property references
12:29:34.100 [main] DEBUG o.h.b.i.InFlightMetadataCollectorImpl - Resolving reference to class: Classes.Card
12:29:34.101 [main] DEBUG o.h.b.i.InFlightMetadataCollectorImpl - Resolving reference to class: Abstract.TicketSeller
12:29:34.101 [main] DEBUG o.h.b.i.InFlightMetadataCollectorImpl - Resolving reference to class: Classes.Person
12:29:34.101 [main] DEBUG o.h.b.i.InFlightMetadataCollectorImpl - Resolving reference to class: Abstract.TicketSeller
12:29:34.101 [main] DEBUG o.h.b.i.InFlightMetadataCollectorImpl - Resolving reference to class: Classes.Person
12:29:34.101 [main] DEBUG o.h.b.i.InFlightMetadataCollectorImpl - Resolving reference to class: Classes.Shop
12:29:34.101 [main] DEBUG o.h.b.i.InFlightMetadataCollectorImpl - Resolving reference to class: Classes.Ticket
12:29:34.102 [main] DEBUG o.h.b.i.InFlightMetadataCollectorImpl - Resolving reference to class: Abstract.TicketSeller
12:29:34.102 [main] DEBUG o.h.b.i.InFlightMetadataCollectorImpl - Resolving reference to class: Classes.Pass
12:29:34.103 [main] DEBUG o.h.b.i.InFlightMetadataCollectorImpl - Processing association property references
12:29:34.103 [main] DEBUG o.h.b.i.InFlightMetadataCollectorImpl - Resolving reference to class: Classes.Card
12:29:34.103 [main] DEBUG o.h.b.i.InFlightMetadataCollectorImpl - Resolving reference to class: Abstract.TicketSeller
12:29:34.103 [main] DEBUG o.h.b.i.InFlightMetadataCollectorImpl - Resolving reference to class: Classes.Person
12:29:34.103 [main] DEBUG o.h.b.i.InFlightMetadataCollectorImpl - Resolving reference to class: Abstract.TicketSeller
12:29:34.103 [main] DEBUG o.h.b.i.InFlightMetadataCollectorImpl - Resolving reference to class: Classes.Person
12:29:34.103 [main] DEBUG o.h.b.i.InFlightMetadataCollectorImpl - Resolving reference to class: Classes.Shop
12:29:34.103 [main] DEBUG o.h.b.i.InFlightMetadataCollectorImpl - Resolving reference to class: Classes.Ticket
12:29:34.103 [main] DEBUG o.h.b.i.InFlightMetadataCollectorImpl - Resolving reference to class: Abstract.TicketSeller
12:29:34.103 [main] DEBUG o.h.b.i.InFlightMetadataCollectorImpl - Resolving reference to class: Classes.Pass
12:29:34.131 [main] DEBUG o.h.internal.SessionFactoryImpl - Building session factory
12:29:34.132 [main] DEBUG org.hibernate.cfg.Settings - SessionFactory name : null
12:29:34.132 [main] DEBUG org.hibernate.cfg.Settings - Automatic flush during beforeCompletion(): enabled
12:29:34.132 [main] DEBUG org.hibernate.cfg.Settings - Automatic session close at end of transaction: disabled
12:29:34.132 [main] DEBUG org.hibernate.cfg.Settings - Statistics: disabled
12:29:34.132 [main] DEBUG org.hibernate.cfg.Settings - Deleted entity synthetic identifier rollback: disabled
12:29:34.132 [main] DEBUG org.hibernate.cfg.Settings - Default entity-mode: pojo
12:29:34.132 [main] DEBUG org.hibernate.cfg.Settings - Check Nullability in Core (should be disabled when Bean Validation is on): enabled
12:29:34.132 [main] DEBUG org.hibernate.cfg.Settings - Allow initialization of lazy state outside session : disabled
12:29:34.132 [main] DEBUG org.hibernate.cfg.Settings - Using BatchFetchStyle : LEGACY
12:29:34.132 [main] DEBUG org.hibernate.cfg.Settings - Default batch fetch size: -1
12:29:34.132 [main] DEBUG org.hibernate.cfg.Settings - Maximum outer join fetch depth: null
12:29:34.132 [main] DEBUG org.hibernate.cfg.Settings - Default null ordering: NONE
12:29:34.132 [main] DEBUG org.hibernate.cfg.Settings - Order SQL updates by primary key: disabled
12:29:34.132 [main] DEBUG org.hibernate.cfg.Settings - Order SQL inserts for batching: disabled
12:29:34.132 [main] DEBUG org.hibernate.cfg.Settings - multi-tenancy strategy : NONE
12:29:34.132 [main] DEBUG org.hibernate.cfg.Settings - JTA Track by Thread: enabled
12:29:34.132 [main] DEBUG org.hibernate.cfg.Settings - Query language substitutions: {}
12:29:34.132 [main] DEBUG org.hibernate.cfg.Settings - Named query checking : enabled
12:29:34.132 [main] DEBUG org.hibernate.cfg.Settings - Second-level cache: disabled
12:29:34.133 [main] DEBUG org.hibernate.cfg.Settings - Second-level query cache: disabled
12:29:34.133 [main] DEBUG org.hibernate.cfg.Settings - Second-level query cache factory: null
12:29:34.133 [main] DEBUG org.hibernate.cfg.Settings - Second-level cache region prefix: null
12:29:34.133 [main] DEBUG org.hibernate.cfg.Settings - Optimize second-level cache for minimal puts: disabled
12:29:34.133 [main] DEBUG org.hibernate.cfg.Settings - Structured second-level cache entries: disabled
12:29:34.133 [main] DEBUG org.hibernate.cfg.Settings - Second-level cache direct-reference entries: disabled
12:29:34.133 [main] DEBUG org.hibernate.cfg.Settings - Automatic eviction of collection cache: disabled
12:29:34.133 [main] DEBUG org.hibernate.cfg.Settings - JDBC batch size: 15
12:29:34.133 [main] DEBUG org.hibernate.cfg.Settings - JDBC batch updates for versioned data: enabled
12:29:34.133 [main] DEBUG org.hibernate.cfg.Settings - Scrollable result sets: enabled
12:29:34.133 [main] DEBUG org.hibernate.cfg.Settings - Wrap result sets: disabled
12:29:34.133 [main] DEBUG org.hibernate.cfg.Settings - JDBC3 getGeneratedKeys(): enabled
12:29:34.133 [main] DEBUG org.hibernate.cfg.Settings - JDBC result set fetch size: null
12:29:34.133 [main] DEBUG org.hibernate.cfg.Settings - Connection release mode: AFTER_TRANSACTION
12:29:34.133 [main] DEBUG org.hibernate.cfg.Settings - Generate SQL with comments: disabled
12:29:34.133 [main] DEBUG org.hibernate.cfg.Settings - JPA compliance - query : disabled
12:29:34.133 [main] DEBUG org.hibernate.cfg.Settings - JPA compliance - closed-handling : disabled
12:29:34.133 [main] DEBUG org.hibernate.cfg.Settings - JPA compliance - lists : disabled
12:29:34.133 [main] DEBUG org.hibernate.cfg.Settings - JPA compliance - transactions : disabled
12:29:34.138 [main] DEBUG o.h.b.internal.ClassLoaderAccessImpl - Not known whether passed class name [Classes.Pass] is safe
12:29:34.138 [main] DEBUG o.h.b.internal.ClassLoaderAccessImpl - No temp ClassLoader provided; using live ClassLoader for loading potentially unsafe class : Classes.Pass
12:29:34.138 [main] DEBUG o.h.b.internal.ClassLoaderAccessImpl - Not known whether passed class name [Classes.Shop] is safe
12:29:34.138 [main] DEBUG o.h.b.internal.ClassLoaderAccessImpl - No temp ClassLoader provided; using live ClassLoader for loading potentially unsafe class : Classes.Shop
12:29:34.138 [main] DEBUG o.h.b.internal.ClassLoaderAccessImpl - Not known whether passed class name [Classes.VendingMachine] is safe
12:29:34.138 [main] DEBUG o.h.b.internal.ClassLoaderAccessImpl - No temp ClassLoader provided; using live ClassLoader for loading potentially unsafe class : Classes.VendingMachine
12:29:34.165 [main] DEBUG o.h.s.i.SessionFactoryServiceRegistryImpl - EventListenerRegistry access via ServiceRegistry is deprecated.  Use `sessionFactory.getEventEngine().getListenerRegistry()` instead
12:29:34.165 [main] DEBUG o.h.s.i.SessionFactoryServiceRegistryImpl - EventListenerRegistry access via ServiceRegistry is deprecated.  Use `sessionFactory.getEventEngine().getListenerRegistry()` instead
12:29:34.173 [main] DEBUG o.h.internal.SessionFactoryImpl - Session factory constructed with filter configurations : {}
12:29:34.173 [main] DEBUG o.h.internal.SessionFactoryImpl - Instantiating session factory with properties: {java.specification.version=17, sun.cpu.isalist=amd64, sun.jnu.encoding=Cp1252, hibernate.dialect=org.hibernate.dialect.PostgreSQLDialect, java.class.path=C:\Users\total\Desktop\All\Epicode\fs0223-Luca-Sernicola-BackEnd\BuildWeek_4\target\classes;C:\Users\total\.m2\repository\ch\qos\logback\logback-classic\1.4.8\logback-classic-1.4.8.jar;C:\Users\total\.m2\repository\ch\qos\logback\logback-core\1.4.8\logback-core-1.4.8.jar;C:\Users\total\.m2\repository\org\slf4j\slf4j-api\2.0.7\slf4j-api-2.0.7.jar;C:\Users\total\.m2\repository\commons-io\commons-io\2.13.0\commons-io-2.13.0.jar;C:\Users\total\.m2\repository\org\postgresql\postgresql\42.6.0\postgresql-42.6.0.jar;C:\Users\total\.m2\repository\org\checkerframework\checker-qual\3.31.0\checker-qual-3.31.0.jar;C:\Users\total\.m2\repository\org\hibernate\hibernate-core\5.6.15.Final\hibernate-core-5.6.15.Final.jar;C:\Users\total\.m2\repository\org\jboss\logging\jboss-logging\3.4.3.Final\jboss-logging-3.4.3.Final.jar;C:\Users\total\.m2\repository\javax\persistence\javax.persistence-api\2.2\javax.persistence-api-2.2.jar;C:\Users\total\.m2\repository\net\bytebuddy\byte-buddy\1.12.18\byte-buddy-1.12.18.jar;C:\Users\total\.m2\repository\antlr\antlr\2.7.7\antlr-2.7.7.jar;C:\Users\total\.m2\repository\org\jboss\spec\javax\transaction\jboss-transaction-api_1.2_spec\1.1.1.Final\jboss-transaction-api_1.2_spec-1.1.1.Final.jar;C:\Users\total\.m2\repository\org\jboss\jandex\2.4.2.Final\jandex-2.4.2.Final.jar;C:\Users\total\.m2\repository\com\fasterxml\classmate\1.5.1\classmate-1.5.1.jar;C:\Users\total\.m2\repository\javax\activation\javax.activation-api\1.2.0\javax.activation-api-1.2.0.jar;C:\Users\total\.m2\repository\org\hibernate\common\hibernate-commons-annotations\5.1.2.Final\hibernate-commons-annotations-5.1.2.Final.jar;C:\Users\total\.m2\repository\javax\xml\bind\jaxb-api\2.3.1\jaxb-api-2.3.1.jar;C:\Users\total\.m2\repository\org\glassfish\jaxb\jaxb-runtime\2.3.1\jaxb-runtime-2.3.1.jar;C:\Users\total\.m2\repository\org\glassfish\jaxb\txw2\2.3.1\txw2-2.3.1.jar;C:\Users\total\.m2\repository\com\sun\istack\istack-commons-runtime\3.0.7\istack-commons-runtime-3.0.7.jar;C:\Users\total\.m2\repository\org\jvnet\staxex\stax-ex\1.8\stax-ex-1.8.jar;C:\Users\total\.m2\repository\com\sun\xml\fastinfoset\FastInfoset\1.2.15\FastInfoset-1.2.15.jar;C:\Users\total\Desktop\All\Epicode\fs0223-Luca-Sernicola-BackEnd\Homework_W3_D3\target\classes, java.vm.vendor=Eclipse Adoptium, sun.arch.data.model=64, user.variant=, java.vendor.url=https://adoptium.net/, user.timezone=Europe/Rome, javax.persistence.jdbc.url=jdbc:postgresql://localhost:5432/BuildWeek, javax.persistence.jdbc.user=****, java.vm.specification.version=17, os.name=Windows 11, jakarta.persistence.jdbc.password=****, sun.java.launcher=SUN_STANDARD, user.country=US, local.setting.IS_JTA_TXN_COORD=false, sun.boot.library.path=C:\Users\total\.p2\pool\plugins\org.eclipse.justj.openjdk.hotspot.jre.full.win32.x86_64_17.0.7.v20230425-1502\jre\bin, sun.java.command=MainClass.MainClass, jdk.debug=release, jakarta.persistence.jdbc.driver=org.postgresql.Driver, sun.cpu.endian=little, user.home=C:\Users\total, user.language=en, java.specification.vendor=Oracle Corporation, java.version.date=2023-04-18, java.home=C:\Users\total\.p2\pool\plugins\org.eclipse.justj.openjdk.hotspot.jre.full.win32.x86_64_17.0.7.v20230425-1502\jre, file.separator=\, java.vm.compressedOopsMode=Zero based, jakarta.persistence.jdbc.user=****, line.separator=
, hibernate.persistenceUnitName=BuildWeek_4, java.vm.specification.vendor=Oracle Corporation, java.specification.name=Java Platform API Specification, hibernate.transaction.coordinator_class=class org.hibernate.resource.transaction.backend.jdbc.internal.JdbcResourceLocalTransactionCoordinatorBuilderImpl, javax.persistence.jdbc.driver=org.postgresql.Driver, hibernate.hbm2ddl.auto=update, user.script=, sun.management.compiler=HotSpot 64-Bit Tiered Compilers, java.runtime.version=17.0.7+7, user.name=total, path.separator=;, hibernate.connection.username=****, os.version=10.0, java.runtime.name=OpenJDK Runtime Environment, hibernate.connection.url=jdbc:postgresql://localhost:5432/BuildWeek, file.encoding=UTF-8, hibernate.ejb.persistenceUnitName=BuildWeek_4, java.vm.name=OpenJDK 64-Bit Server VM, java.vendor.version=Temurin-17.0.7+7, hibernate.connection.driver_class=org.postgresql.Driver, java.vendor.url.bug=https://github.com/adoptium/adoptium-support/issues, java.io.tmpdir=C:\Users\total\AppData\Local\Temp\, java.version=17.0.7, user.dir=C:\Users\total\Desktop\All\Epicode\fs0223-Luca-Sernicola-BackEnd\BuildWeek_4, os.arch=amd64, java.vm.specification.name=Java Virtual Machine Specification, hibernate.connection.password=****, sun.os.patch.level=, jakarta.persistence.jdbc.url=jdbc:postgresql://localhost:5432/BuildWeek, hibernate.boot.CfgXmlAccessService.key=org.hibernate.boot.registry.StandardServiceRegistryBuilder$1@6c518474, native.encoding=Cp1252, java.library.path=C:\Users\total\.p2\pool\plugins\org.eclipse.justj.openjdk.hotspot.jre.full.win32.x86_64_17.0.7.v20230425-1502\jre\bin;C:\windows\Sun\Java\bin;C:\windows\system32;C:\windows;C:/Users/total/.p2/pool/plugins/org.eclipse.justj.openjdk.hotspot.jre.full.win32.x86_64_17.0.7.v20230425-1502/jre/bin/server;C:/Users/total/.p2/pool/plugins/org.eclipse.justj.openjdk.hotspot.jre.full.win32.x86_64_17.0.7.v20230425-1502/jre/bin;C:\Program Files\Eclipse Adoptium\jdk-17.0.7.7-hotspot\bin;C:\Program Files (x86)\NVIDIA Corporation\PhysX\Common;C:\windows\system32;C:\windows;C:\windows\System32\Wbem;C:\windows\System32\WindowsPowerShell\v1.0\;C:\windows\System32\OpenSSH\;C:\Program Files\Git\cmd;C:\Program Files\nodejs\;C:\Users\total\AppData\Local\Microsoft\WindowsApps;C:\Users\total\AppData\Local\Programs\Microsoft VS Code\bin;C:\Users\total\AppData\Roaming\npm;C:\Users\total\AppData\Local\GitHubDesktop\bin;C:\windows\System32;;., java.vendor=Eclipse Adoptium, java.vm.info=mixed mode, java.vm.version=17.0.7+7, hibernate.bytecode.use_reflection_optimizer=false, sun.io.unicode.encoding=UnicodeLittle, javax.persistence.jdbc.password=****, java.class.version=61.0}
12:29:34.183 [main] DEBUG o.h.secure.spi.JaccIntegrator - Skipping JACC integration as it was not enabled
12:29:34.186 [main] DEBUG org.hibernate.type.EnumType - Using ORDINAL-based conversion for Enum Enums.Validity
12:29:34.187 [main] DEBUG o.h.internal.SessionFactoryImpl - Instantiated session factory
12:29:34.187 [main] DEBUG o.h.type.spi.TypeConfiguration$Scope - Scoping TypeConfiguration [org.hibernate.type.spi.TypeConfiguration@1e6308a9] to SessionFactoryImpl [org.hibernate.internal.SessionFactoryImpl@53a9fcfd]
12:29:34.221 [main] DEBUG o.h.b.internal.ClassLoaderAccessImpl - Not known whether passed class name [Abstract.TicketSeller] is safe
12:29:34.222 [main] DEBUG o.h.b.internal.ClassLoaderAccessImpl - No temp ClassLoader provided; using live ClassLoader for loading potentially unsafe class : Abstract.TicketSeller
12:29:34.224 [main] DEBUG o.h.b.internal.ClassLoaderAccessImpl - Not known whether passed class name [Classes.Shop] is safe
12:29:34.224 [main] DEBUG o.h.b.internal.ClassLoaderAccessImpl - No temp ClassLoader provided; using live ClassLoader for loading potentially unsafe class : Classes.Shop
12:29:34.224 [main] DEBUG o.h.b.internal.ClassLoaderAccessImpl - Not known whether passed class name [Classes.VendingMachine] is safe
12:29:34.224 [main] DEBUG o.h.b.internal.ClassLoaderAccessImpl - No temp ClassLoader provided; using live ClassLoader for loading potentially unsafe class : Classes.VendingMachine
12:29:34.330 [main] DEBUG o.hibernate.orm.bytecode.interceptor - To-one property `Classes.Card#person` was mapped with LAZY + NO_PROXY but the class was not enhanced
12:29:34.330 [main] DEBUG o.hibernate.orm.bytecode.interceptor - To-one property `Classes.Card#person` was mapped with LAZY + NO_PROXY but the class was not enhanced
12:29:34.330 [main] DEBUG o.h.b.internal.ClassLoaderAccessImpl - Not known whether passed class name [Classes.Card] is safe
12:29:34.330 [main] DEBUG o.h.b.internal.ClassLoaderAccessImpl - No temp ClassLoader provided; using live ClassLoader for loading potentially unsafe class : Classes.Card
12:29:34.338 [main] DEBUG o.hibernate.orm.bytecode.interceptor - To-one property `Classes.Card#person` was mapped with LAZY + NO_PROXY but the class was not enhanced
12:29:34.338 [main] DEBUG o.hibernate.orm.bytecode.interceptor - To-one property `Classes.Card#person` was mapped with LAZY + NO_PROXY but the class was not enhanced
12:29:34.338 [main] DEBUG o.hibernate.orm.bytecode.interceptor - To-one property `Classes.Person#cardNum` was mapped with LAZY + NO_PROXY but the class was not enhanced
12:29:34.338 [main] DEBUG o.hibernate.orm.bytecode.interceptor - To-one property `Classes.Person#cardNum` was mapped with LAZY + NO_PROXY but the class was not enhanced
12:29:34.338 [main] DEBUG o.h.b.internal.ClassLoaderAccessImpl - Not known whether passed class name [Classes.Person] is safe
12:29:34.338 [main] DEBUG o.h.b.internal.ClassLoaderAccessImpl - No temp ClassLoader provided; using live ClassLoader for loading potentially unsafe class : Classes.Person
12:29:34.344 [main] DEBUG o.hibernate.orm.bytecode.interceptor - To-one property `Classes.Person#cardNum` was mapped with LAZY + NO_PROXY but the class was not enhanced
12:29:34.344 [main] DEBUG o.hibernate.orm.bytecode.interceptor - To-one property `Classes.Person#cardNum` was mapped with LAZY + NO_PROXY but the class was not enhanced
12:29:34.344 [main] DEBUG o.hibernate.orm.bytecode.interceptor - To-one property `Classes.Ticket#seller` was mapped with LAZY + NO_PROXY but the class was not enhanced
12:29:34.344 [main] DEBUG o.hibernate.orm.bytecode.interceptor - To-one property `Classes.Ticket#seller` was mapped with LAZY + NO_PROXY but the class was not enhanced
12:29:34.344 [main] DEBUG o.hibernate.orm.bytecode.interceptor - To-one property `Classes.Pass#person` was mapped with LAZY + NO_PROXY but the class was not enhanced
12:29:34.344 [main] DEBUG o.hibernate.orm.bytecode.interceptor - To-one property `Classes.Pass#person` was mapped with LAZY + NO_PROXY but the class was not enhanced
12:29:34.344 [main] DEBUG o.hibernate.orm.bytecode.interceptor - To-one property `Classes.Pass#sellers` was mapped with LAZY + NO_PROXY but the class was not enhanced
12:29:34.344 [main] DEBUG o.hibernate.orm.bytecode.interceptor - To-one property `Classes.Pass#sellers` was mapped with LAZY + NO_PROXY but the class was not enhanced
12:29:34.345 [main] DEBUG o.h.b.internal.ClassLoaderAccessImpl - Not known whether passed class name [Classes.Pass] is safe
12:29:34.345 [main] DEBUG o.h.b.internal.ClassLoaderAccessImpl - No temp ClassLoader provided; using live ClassLoader for loading potentially unsafe class : Classes.Pass
12:29:34.351 [main] DEBUG o.hibernate.orm.bytecode.interceptor - To-one property `Classes.Ticket#seller` was mapped with LAZY + NO_PROXY but the class was not enhanced
12:29:34.351 [main] DEBUG o.hibernate.orm.bytecode.interceptor - To-one property `Classes.Pass#person` was mapped with LAZY + NO_PROXY but the class was not enhanced
12:29:34.351 [main] DEBUG o.hibernate.orm.bytecode.interceptor - To-one property `Classes.Pass#sellers` was mapped with LAZY + NO_PROXY but the class was not enhanced
12:29:34.351 [main] DEBUG o.hibernate.orm.bytecode.interceptor - To-one property `Classes.Ticket#seller` was mapped with LAZY + NO_PROXY but the class was not enhanced
12:29:34.351 [main] DEBUG o.hibernate.orm.bytecode.interceptor - To-one property `Classes.Pass#person` was mapped with LAZY + NO_PROXY but the class was not enhanced
12:29:34.351 [main] DEBUG o.hibernate.orm.bytecode.interceptor - To-one property `Classes.Pass#sellers` was mapped with LAZY + NO_PROXY but the class was not enhanced
12:29:34.355 [main] DEBUG o.hibernate.orm.bytecode.interceptor - To-one property `Classes.Ticket#seller` was mapped with LAZY + NO_PROXY but the class was not enhanced
12:29:34.355 [main] DEBUG o.hibernate.orm.bytecode.interceptor - To-one property `Classes.Ticket#seller` was mapped with LAZY + NO_PROXY but the class was not enhanced
12:29:34.355 [main] DEBUG o.h.b.internal.ClassLoaderAccessImpl - Not known whether passed class name [Classes.Ticket] is safe
12:29:34.355 [main] DEBUG o.h.b.internal.ClassLoaderAccessImpl - No temp ClassLoader provided; using live ClassLoader for loading potentially unsafe class : Classes.Ticket
12:29:34.358 [main] DEBUG o.hibernate.orm.bytecode.interceptor - To-one property `Classes.Ticket#seller` was mapped with LAZY + NO_PROXY but the class was not enhanced
12:29:34.358 [main] DEBUG o.hibernate.orm.bytecode.interceptor - To-one property `Classes.Ticket#seller` was mapped with LAZY + NO_PROXY but the class was not enhanced
12:29:34.358 [main] DEBUG o.hibernate.orm.bytecode.interceptor - To-one property `Classes.Pass#person` was mapped with LAZY + NO_PROXY but the class was not enhanced
12:29:34.358 [main] DEBUG o.hibernate.orm.bytecode.interceptor - To-one property `Classes.Pass#sellers` was mapped with LAZY + NO_PROXY but the class was not enhanced
12:29:34.368 [main] DEBUG o.h.p.c.AbstractCollectionPersister - Static SQL for collection: Abstract.TicketSeller.tickets
12:29:34.368 [main] DEBUG o.h.p.c.AbstractCollectionPersister -  Row insert: insert into TicketSeller_Ticket (TicketSeller_id, tickets_id) values (?, ?)
12:29:34.368 [main] DEBUG o.h.p.c.AbstractCollectionPersister -  Row update: update TicketSeller_Ticket set tickets_id=? where TicketSeller_id=? and tickets_id=?
12:29:34.368 [main] DEBUG o.h.p.c.AbstractCollectionPersister -  Row delete: delete from TicketSeller_Ticket where TicketSeller_id=? and tickets_id=?
12:29:34.368 [main] DEBUG o.h.p.c.AbstractCollectionPersister -  One-shot delete: delete from TicketSeller_Ticket where TicketSeller_id=?
12:29:34.368 [main] DEBUG o.h.p.c.AbstractCollectionPersister - Static SQL for collection: Abstract.TicketSeller.passes
12:29:34.368 [main] DEBUG o.h.p.c.AbstractCollectionPersister -  Row insert: insert into TicketSeller_Ticket (TicketSeller_id, passes_id) values (?, ?)
12:29:34.368 [main] DEBUG o.h.p.c.AbstractCollectionPersister -  Row update: update TicketSeller_Ticket set passes_id=? where TicketSeller_id=? and passes_id=?
12:29:34.368 [main] DEBUG o.h.p.c.AbstractCollectionPersister -  Row delete: delete from TicketSeller_Ticket where TicketSeller_id=? and passes_id=?
12:29:34.368 [main] DEBUG o.h.p.c.AbstractCollectionPersister -  One-shot delete: delete from TicketSeller_Ticket where TicketSeller_id=?
12:29:34.370 [main] DEBUG o.h.p.c.AbstractCollectionPersister - Static SQL for collection: Classes.Shop.people
12:29:34.370 [main] DEBUG o.h.p.c.AbstractCollectionPersister -  Row insert: insert into TicketSeller_Person (Shop_id, people_id) values (?, ?)
12:29:34.370 [main] DEBUG o.h.p.c.AbstractCollectionPersister -  Row update: update TicketSeller_Person set people_id=? where Shop_id=? and people_id=?
12:29:34.370 [main] DEBUG o.h.p.c.AbstractCollectionPersister -  Row delete: delete from TicketSeller_Person where Shop_id=? and people_id=?
12:29:34.370 [main] DEBUG o.h.p.c.AbstractCollectionPersister -  One-shot delete: delete from TicketSeller_Person where Shop_id=?
12:29:34.371 [main] DEBUG o.h.p.entity.AbstractEntityPersister - Static SQL for entity: Abstract.TicketSeller
12:29:34.372 [main] DEBUG o.h.p.entity.AbstractEntityPersister -  Version select: select id from TicketSeller where id =?
12:29:34.372 [main] DEBUG o.h.p.entity.AbstractEntityPersister -  Snapshot select: select ticketsell_.id, ticketsell_.seller_name as seller_n3_3_ from TicketSeller ticketsell_ where ticketsell_.id=?
12:29:34.372 [main] DEBUG o.h.p.entity.AbstractEntityPersister -  Insert 0: insert into TicketSeller (seller_name, Elementi, id) values (?, 'TicketSeller', ?)
12:29:34.372 [main] DEBUG o.h.p.entity.AbstractEntityPersister -  Update 0: update TicketSeller set seller_name=? where id=?
12:29:34.372 [main] DEBUG o.h.p.entity.AbstractEntityPersister -  Delete 0: delete from TicketSeller where id=?
12:29:34.383 [main] DEBUG o.h.l.p.b.i.spaces.QuerySpacesImpl - Adding QuerySpace : uid = <gen:0> -> org.hibernate.loader.plan.build.internal.spaces.EntityQuerySpaceImpl@7eb200ce]
12:29:34.384 [main] DEBUG o.h.p.w.spi.MetamodelGraphWalker - Visiting attribute path : name
12:29:34.384 [main] DEBUG o.h.p.w.spi.MetamodelGraphWalker - Visiting attribute path : passes
12:29:34.385 [main] DEBUG o.h.l.p.b.i.spaces.QuerySpacesImpl - Adding QuerySpace : uid = <gen:1> -> org.hibernate.loader.plan.build.internal.spaces.CollectionQuerySpaceImpl@6824b913]
12:29:34.386 [main] DEBUG o.h.l.p.b.i.spaces.QuerySpacesImpl - Adding QuerySpace : uid = <gen:2> -> org.hibernate.loader.plan.build.internal.spaces.EntityQuerySpaceImpl@24a2e565]
12:29:34.386 [main] DEBUG o.h.p.w.spi.MetamodelGraphWalker - Visiting attribute path : tickets
12:29:34.386 [main] DEBUG o.h.l.p.b.i.spaces.QuerySpacesImpl - Adding QuerySpace : uid = <gen:3> -> org.hibernate.loader.plan.build.internal.spaces.CollectionQuerySpaceImpl@37e69c43]
12:29:34.386 [main] DEBUG o.h.l.p.b.i.spaces.QuerySpacesImpl - Adding QuerySpace : uid = <gen:4> -> org.hibernate.loader.plan.build.internal.spaces.EntityQuerySpaceImpl@5c7dfc05]
12:29:34.386 [main] DEBUG o.h.p.w.spi.MetamodelGraphWalker - Visiting attribute path : people
12:29:34.386 [main] DEBUG o.h.l.p.b.i.spaces.QuerySpacesImpl - Adding QuerySpace : uid = <gen:5> -> org.hibernate.loader.plan.build.internal.spaces.CollectionQuerySpaceImpl@345d053b]
12:29:34.386 [main] DEBUG o.h.l.p.b.i.spaces.QuerySpacesImpl - Adding QuerySpace : uid = <gen:6> -> org.hibernate.loader.plan.build.internal.spaces.EntityQuerySpaceImpl@3d0cac1f]
12:29:34.386 [main] DEBUG o.h.p.w.spi.MetamodelGraphWalker - Visiting attribute path : isWorking
12:29:34.386 [main] DEBUG o.h.l.p.b.i.FetchStyleLoadPlanBuildingAssociationVisitationStrategy - Building LoadPlan...
12:29:34.392 [main] DEBUG o.h.l.p.e.i.LoadQueryJoinAndFetchProcessor - processing queryspace <gen:0>
12:29:34.393 [main] DEBUG o.h.l.p.b.spi.LoadPlanTreePrinter - LoadPlan(entity=Abstract.TicketSeller)
    - Returns
       - EntityReturnImpl(entity=Abstract.TicketSeller, querySpaceUid=<gen:0>, path=Abstract.TicketSeller)
          - CollectionAttributeFetchImpl(collection=Abstract.TicketSeller.passes, querySpaceUid=<gen:1>, path=Abstract.TicketSeller.passes)
             - (collection element) CollectionFetchableElementEntityGraph(entity=Classes.Pass, querySpaceUid=<gen:2>, path=Abstract.TicketSeller.passes.<elements>)
          - CollectionAttributeFetchImpl(collection=Abstract.TicketSeller.tickets, querySpaceUid=<gen:3>, path=Abstract.TicketSeller.tickets)
             - (collection element) CollectionFetchableElementEntityGraph(entity=Classes.Ticket, querySpaceUid=<gen:4>, path=Abstract.TicketSeller.tickets.<elements>)
          - CollectionAttributeFetchImpl(collection=Classes.Shop.people, querySpaceUid=<gen:5>, path=Abstract.TicketSeller.people)
             - (collection element) CollectionFetchableElementEntityGraph(entity=Classes.Person, querySpaceUid=<gen:6>, path=Abstract.TicketSeller.people.<elements>)
    - QuerySpaces
       - EntityQuerySpaceImpl(uid=<gen:0>, entity=Abstract.TicketSeller)
          - SQL table alias mapping - ticketsell0_
          - alias suffix - 0_
          - suffixed key columns - {id2_3_0_}

12:29:34.394 [main] DEBUG o.h.loader.entity.plan.EntityLoader - Static select for entity Abstract.TicketSeller [NONE]: select ticketsell0_.id as id2_3_0_, ticketsell0_.seller_name as seller_n3_3_0_, ticketsell0_.isWorking as isworkin4_3_0_, ticketsell0_.Elementi as elementi1_3_0_ from TicketSeller ticketsell0_ where ticketsell0_.id=?
12:29:34.395 [main] DEBUG o.h.p.entity.AbstractEntityPersister - Static SQL for entity: Classes.Card
12:29:34.395 [main] DEBUG o.h.p.entity.AbstractEntityPersister -  Version select: select id from Card where id =?
12:29:34.395 [main] DEBUG o.h.p.entity.AbstractEntityPersister -  Snapshot select: select card_.id, card_.emissionDate as emission2_0_, card_.expirationDate as expirati3_0_ from Card card_ where card_.id=?
12:29:34.395 [main] DEBUG o.h.p.entity.AbstractEntityPersister -  Insert 0: insert into Card (emissionDate, expirationDate, id) values (?, ?, ?)
12:29:34.395 [main] DEBUG o.h.p.entity.AbstractEntityPersister -  Update 0: update Card set emissionDate=?, expirationDate=? where id=?
12:29:34.395 [main] DEBUG o.h.p.entity.AbstractEntityPersister -  Delete 0: delete from Card where id=?
12:29:34.395 [main] DEBUG o.h.p.entity.AbstractEntityPersister -  Identity insert: insert into Card (emissionDate, expirationDate) values (?, ?)
12:29:34.395 [main] DEBUG o.h.l.p.b.i.spaces.QuerySpacesImpl - Adding QuerySpace : uid = <gen:0> -> org.hibernate.loader.plan.build.internal.spaces.EntityQuerySpaceImpl@10c47c79]
12:29:34.395 [main] DEBUG o.h.p.w.spi.MetamodelGraphWalker - Visiting attribute path : emissionDate
12:29:34.395 [main] DEBUG o.h.p.w.spi.MetamodelGraphWalker - Visiting attribute path : expirationDate
12:29:34.395 [main] DEBUG o.h.p.w.spi.MetamodelGraphWalker - Visiting attribute path : person
12:29:34.395 [main] DEBUG o.h.l.p.b.i.spaces.QuerySpacesImpl - Adding QuerySpace : uid = <gen:1> -> org.hibernate.loader.plan.build.internal.spaces.EntityQuerySpaceImpl@753fd7a1]
12:29:34.396 [main] DEBUG o.h.p.w.spi.MetamodelGraphWalker - Visiting attribute path : person.birthdate
12:29:34.396 [main] DEBUG o.h.p.w.spi.MetamodelGraphWalker - Visiting attribute path : person.cardNum
12:29:34.396 [main] DEBUG o.h.p.w.spi.MetamodelGraphWalker - Property path deemed to be circular : person.cardNum
12:29:34.397 [main] DEBUG o.h.p.w.spi.MetamodelGraphWalker - Visiting attribute path : person.firstName
12:29:34.397 [main] DEBUG o.h.p.w.spi.MetamodelGraphWalker - Visiting attribute path : person.lastName
12:29:34.397 [main] DEBUG o.h.l.p.b.i.FetchStyleLoadPlanBuildingAssociationVisitationStrategy - Building LoadPlan...
12:29:34.397 [main] DEBUG o.h.l.p.e.i.LoadQueryJoinAndFetchProcessor - processing queryspace <gen:0>
12:29:34.397 [main] DEBUG o.h.l.p.b.spi.LoadPlanTreePrinter - LoadPlan(entity=Classes.Card)
    - Returns
       - EntityReturnImpl(entity=Classes.Card, querySpaceUid=<gen:0>, path=Classes.Card)
          - EntityAttributeFetchImpl(entity=Classes.Person, querySpaceUid=<gen:1>, path=Classes.Card.person)
    - QuerySpaces
       - EntityQuerySpaceImpl(uid=<gen:0>, entity=Classes.Card)
          - SQL table alias mapping - card0_
          - alias suffix - 0_
          - suffixed key columns - {id1_0_0_}
          - JOIN (JoinDefinedByMetadata(person)) : <gen:0> -> <gen:1>
             - EntityQuerySpaceImpl(uid=<gen:1>, entity=Classes.Person)
                - SQL table alias mapping - person1_
                - alias suffix - 1_
                - suffixed key columns - {id1_1_1_}

12:29:34.397 [main] DEBUG o.h.loader.entity.plan.EntityLoader - Static select for entity Classes.Card [NONE]: select card0_.id as id1_0_0_, card0_.emissionDate as emission2_0_0_, card0_.expirationDate as expirati3_0_0_, person1_.id as id1_1_1_, person1_.birthdate as birthdat2_1_1_, person1_.cardNum_id as cardnum_5_1_1_, person1_.firstName as firstnam3_1_1_, person1_.lastName as lastname4_1_1_ from Card card0_ left outer join Person person1_ on card0_.id=person1_.cardNum_id where card0_.id=?
12:29:34.397 [main] DEBUG o.h.p.entity.AbstractEntityPersister - Static SQL for entity: Classes.Person
12:29:34.397 [main] DEBUG o.h.p.entity.AbstractEntityPersister -  Version select: select id from Person where id =?
12:29:34.397 [main] DEBUG o.h.p.entity.AbstractEntityPersister -  Snapshot select: select person_.id, person_.birthdate as birthdat2_1_, person_.cardNum_id as cardnum_5_1_, person_.firstName as firstnam3_1_, person_.lastName as lastname4_1_ from Person person_ where person_.id=?
12:29:34.397 [main] DEBUG o.h.p.entity.AbstractEntityPersister -  Insert 0: insert into Person (birthdate, cardNum_id, firstName, lastName, id) values (?, ?, ?, ?, ?)
12:29:34.397 [main] DEBUG o.h.p.entity.AbstractEntityPersister -  Update 0: update Person set birthdate=?, cardNum_id=?, firstName=?, lastName=? where id=?
12:29:34.397 [main] DEBUG o.h.p.entity.AbstractEntityPersister -  Delete 0: delete from Person where id=?
12:29:34.397 [main] DEBUG o.h.p.entity.AbstractEntityPersister -  Identity insert: insert into Person (birthdate, cardNum_id, firstName, lastName) values (?, ?, ?, ?)
12:29:34.397 [main] DEBUG o.h.l.p.b.i.spaces.QuerySpacesImpl - Adding QuerySpace : uid = <gen:0> -> org.hibernate.loader.plan.build.internal.spaces.EntityQuerySpaceImpl@6a9344f5]
12:29:34.397 [main] DEBUG o.h.p.w.spi.MetamodelGraphWalker - Visiting attribute path : birthdate
12:29:34.397 [main] DEBUG o.h.p.w.spi.MetamodelGraphWalker - Visiting attribute path : cardNum
12:29:34.397 [main] DEBUG o.h.l.p.b.i.spaces.QuerySpacesImpl - Adding QuerySpace : uid = <gen:1> -> org.hibernate.loader.plan.build.internal.spaces.EntityQuerySpaceImpl@3c9c6245]
12:29:34.398 [main] DEBUG o.h.p.w.spi.MetamodelGraphWalker - Visiting attribute path : cardNum.emissionDate
12:29:34.398 [main] DEBUG o.h.p.w.spi.MetamodelGraphWalker - Visiting attribute path : cardNum.expirationDate
12:29:34.398 [main] DEBUG o.h.p.w.spi.MetamodelGraphWalker - Visiting attribute path : cardNum.person
12:29:34.398 [main] DEBUG o.h.p.w.spi.MetamodelGraphWalker - Property path deemed to be circular : cardNum.person
12:29:34.398 [main] DEBUG o.h.p.w.spi.MetamodelGraphWalker - Visiting attribute path : firstName
12:29:34.398 [main] DEBUG o.h.p.w.spi.MetamodelGraphWalker - Visiting attribute path : lastName
12:29:34.398 [main] DEBUG o.h.l.p.b.i.FetchStyleLoadPlanBuildingAssociationVisitationStrategy - Building LoadPlan...
12:29:34.398 [main] DEBUG o.h.l.p.e.i.LoadQueryJoinAndFetchProcessor - processing queryspace <gen:0>
12:29:34.398 [main] DEBUG o.h.l.p.b.spi.LoadPlanTreePrinter - LoadPlan(entity=Classes.Person)
    - Returns
       - EntityReturnImpl(entity=Classes.Person, querySpaceUid=<gen:0>, path=Classes.Person)
          - EntityAttributeFetchImpl(entity=Classes.Card, querySpaceUid=<gen:1>, path=Classes.Person.cardNum)
    - QuerySpaces
       - EntityQuerySpaceImpl(uid=<gen:0>, entity=Classes.Person)
          - SQL table alias mapping - person0_
          - alias suffix - 0_
          - suffixed key columns - {id1_1_0_}
          - JOIN (JoinDefinedByMetadata(cardNum)) : <gen:0> -> <gen:1>
             - EntityQuerySpaceImpl(uid=<gen:1>, entity=Classes.Card)
                - SQL table alias mapping - card1_
                - alias suffix - 1_
                - suffixed key columns - {id1_0_1_}

12:29:34.398 [main] DEBUG o.h.loader.entity.plan.EntityLoader - Static select for entity Classes.Person [NONE]: select person0_.id as id1_1_0_, person0_.birthdate as birthdat2_1_0_, person0_.cardNum_id as cardnum_5_1_0_, person0_.firstName as firstnam3_1_0_, person0_.lastName as lastname4_1_0_, card1_.id as id1_0_1_, card1_.emissionDate as emission2_0_1_, card1_.expirationDate as expirati3_0_1_ from Person person0_ left outer join Card card1_ on person0_.cardNum_id=card1_.id where person0_.id=?
12:29:34.402 [main] DEBUG org.hibernate.loader.Loader - Static select for entity Classes.Person [NONE]: select person0_.id as id1_1_1_, person0_.birthdate as birthdat2_1_1_, person0_.cardNum_id as cardnum_5_1_1_, person0_.firstName as firstnam3_1_1_, person0_.lastName as lastname4_1_1_, card1_.id as id1_0_0_, card1_.emissionDate as emission2_0_0_, card1_.expirationDate as expirati3_0_0_ from Person person0_ left outer join Card card1_ on person0_.cardNum_id=card1_.id where person0_.cardNum_id=?
12:29:34.402 [main] DEBUG o.h.p.entity.AbstractEntityPersister - Static SQL for entity: Classes.Pass
12:29:34.402 [main] DEBUG o.h.p.entity.AbstractEntityPersister -  Version select: select id from Ticket where id =?
12:29:34.403 [main] DEBUG o.h.p.entity.AbstractEntityPersister -  Snapshot select: select pass_.id, pass_.seller_id as seller_i4_2_, pass_.person_id as person_i5_2_, pass_.sellers_id as sellers_6_2_, pass_.validity as validity3_2_ from Ticket pass_ where pass_.id=?
12:29:34.403 [main] DEBUG o.h.p.entity.AbstractEntityPersister -  Insert 0: insert into Ticket (seller_id, person_id, sellers_id, validity, DTYPE, id) values (?, ?, ?, ?, 'Pass', ?)
12:29:34.403 [main] DEBUG o.h.p.entity.AbstractEntityPersister -  Update 0: update Ticket set seller_id=?, person_id=?, sellers_id=?, validity=? where id=?
12:29:34.403 [main] DEBUG o.h.p.entity.AbstractEntityPersister -  Delete 0: delete from Ticket where id=?
12:29:34.403 [main] DEBUG o.h.p.entity.AbstractEntityPersister -  Identity insert: insert into Ticket (seller_id, person_id, sellers_id, validity, DTYPE) values (?, ?, ?, ?, 'Pass')
12:29:34.403 [main] DEBUG o.h.l.p.b.i.spaces.QuerySpacesImpl - Adding QuerySpace : uid = <gen:0> -> org.hibernate.loader.plan.build.internal.spaces.EntityQuerySpaceImpl@217bf99e]
12:29:34.403 [main] DEBUG o.h.p.w.spi.MetamodelGraphWalker - Visiting attribute path : seller
12:29:34.403 [main] DEBUG o.h.l.p.b.i.spaces.QuerySpacesImpl - Adding QuerySpace : uid = <gen:1> -> org.hibernate.loader.plan.build.internal.spaces.EntityQuerySpaceImpl@7ddd84b5]
12:29:34.403 [main] DEBUG o.h.p.w.spi.MetamodelGraphWalker - Visiting attribute path : seller.name
12:29:34.403 [main] DEBUG o.h.p.w.spi.MetamodelGraphWalker - Visiting attribute path : seller.passes
12:29:34.403 [main] DEBUG o.h.l.p.b.i.spaces.QuerySpacesImpl - Adding QuerySpace : uid = <gen:2> -> org.hibernate.loader.plan.build.internal.spaces.CollectionQuerySpaceImpl@d675f9f]
12:29:34.403 [main] DEBUG o.h.l.p.b.i.spaces.QuerySpacesImpl - Adding QuerySpace : uid = <gen:3> -> org.hibernate.loader.plan.build.internal.spaces.EntityQuerySpaceImpl@58af5076]
12:29:34.403 [main] DEBUG o.h.p.w.spi.MetamodelGraphWalker - Visiting attribute path : seller.tickets
12:29:34.403 [main] DEBUG o.h.l.p.b.i.spaces.QuerySpacesImpl - Adding QuerySpace : uid = <gen:4> -> org.hibernate.loader.plan.build.internal.spaces.CollectionQuerySpaceImpl@49469ffa]
12:29:34.403 [main] DEBUG o.h.l.p.b.i.spaces.QuerySpacesImpl - Adding QuerySpace : uid = <gen:5> -> org.hibernate.loader.plan.build.internal.spaces.EntityQuerySpaceImpl@4d9754a8]
12:29:34.403 [main] DEBUG o.h.p.w.spi.MetamodelGraphWalker - Visiting attribute path : seller.people
12:29:34.403 [main] DEBUG o.h.l.p.b.i.spaces.QuerySpacesImpl - Adding QuerySpace : uid = <gen:6> -> org.hibernate.loader.plan.build.internal.spaces.CollectionQuerySpaceImpl@7a3b7122]
12:29:34.403 [main] DEBUG o.h.l.p.b.i.spaces.QuerySpacesImpl - Adding QuerySpace : uid = <gen:7> -> org.hibernate.loader.plan.build.internal.spaces.EntityQuerySpaceImpl@58b5a2f3]
12:29:34.403 [main] DEBUG o.h.p.w.spi.MetamodelGraphWalker - Visiting attribute path : seller.isWorking
12:29:34.403 [main] DEBUG o.h.p.w.spi.MetamodelGraphWalker - Visiting attribute path : person
12:29:34.403 [main] DEBUG o.h.l.p.b.i.spaces.QuerySpacesImpl - Adding QuerySpace : uid = <gen:8> -> org.hibernate.loader.plan.build.internal.spaces.EntityQuerySpaceImpl@25f15f50]
12:29:34.403 [main] DEBUG o.h.p.w.spi.MetamodelGraphWalker - Visiting attribute path : person.birthdate
12:29:34.403 [main] DEBUG o.h.p.w.spi.MetamodelGraphWalker - Visiting attribute path : person.cardNum
12:29:34.403 [main] DEBUG o.h.l.p.b.i.spaces.QuerySpacesImpl - Adding QuerySpace : uid = <gen:9> -> org.hibernate.loader.plan.build.internal.spaces.EntityQuerySpaceImpl@7327a447]
12:29:34.403 [main] DEBUG o.h.p.w.spi.MetamodelGraphWalker - Visiting attribute path : person.cardNum.emissionDate
12:29:34.403 [main] DEBUG o.h.p.w.spi.MetamodelGraphWalker - Visiting attribute path : person.cardNum.expirationDate
12:29:34.403 [main] DEBUG o.h.p.w.spi.MetamodelGraphWalker - Visiting attribute path : person.cardNum.person
12:29:34.403 [main] DEBUG o.h.p.w.spi.MetamodelGraphWalker - Property path deemed to be circular : person.cardNum.person
12:29:34.403 [main] DEBUG o.h.p.w.spi.MetamodelGraphWalker - Visiting attribute path : person.firstName
12:29:34.403 [main] DEBUG o.h.p.w.spi.MetamodelGraphWalker - Visiting attribute path : person.lastName
12:29:34.403 [main] DEBUG o.h.p.w.spi.MetamodelGraphWalker - Visiting attribute path : sellers
12:29:34.403 [main] DEBUG o.h.l.p.b.i.spaces.QuerySpacesImpl - Adding QuerySpace : uid = <gen:10> -> org.hibernate.loader.plan.build.internal.spaces.EntityQuerySpaceImpl@2954f6ab]
12:29:34.403 [main] DEBUG o.h.p.w.spi.MetamodelGraphWalker - Visiting attribute path : sellers.name
12:29:34.403 [main] DEBUG o.h.p.w.spi.MetamodelGraphWalker - Visiting attribute path : sellers.passes
12:29:34.403 [main] DEBUG o.h.l.p.b.i.spaces.QuerySpacesImpl - Adding QuerySpace : uid = <gen:11> -> org.hibernate.loader.plan.build.internal.spaces.CollectionQuerySpaceImpl@163042ea]
12:29:34.403 [main] DEBUG o.h.l.p.b.i.spaces.QuerySpacesImpl - Adding QuerySpace : uid = <gen:12> -> org.hibernate.loader.plan.build.internal.spaces.EntityQuerySpaceImpl@11d045b4]
12:29:34.404 [main] DEBUG o.h.p.w.spi.MetamodelGraphWalker - Visiting attribute path : sellers.tickets
12:29:34.404 [main] DEBUG o.h.l.p.b.i.spaces.QuerySpacesImpl - Adding QuerySpace : uid = <gen:13> -> org.hibernate.loader.plan.build.internal.spaces.CollectionQuerySpaceImpl@1fbf088b]
12:29:34.404 [main] DEBUG o.h.l.p.b.i.spaces.QuerySpacesImpl - Adding QuerySpace : uid = <gen:14> -> org.hibernate.loader.plan.build.internal.spaces.EntityQuerySpaceImpl@1943c1f2]
12:29:34.404 [main] DEBUG o.h.p.w.spi.MetamodelGraphWalker - Visiting attribute path : sellers.people
12:29:34.404 [main] DEBUG o.h.l.p.b.i.spaces.QuerySpacesImpl - Adding QuerySpace : uid = <gen:15> -> org.hibernate.loader.plan.build.internal.spaces.CollectionQuerySpaceImpl@d70f722]
12:29:34.404 [main] DEBUG o.h.l.p.b.i.spaces.QuerySpacesImpl - Adding QuerySpace : uid = <gen:16> -> org.hibernate.loader.plan.build.internal.spaces.EntityQuerySpaceImpl@1e1eeedd]
12:29:34.404 [main] DEBUG o.h.p.w.spi.MetamodelGraphWalker - Visiting attribute path : sellers.isWorking
12:29:34.404 [main] DEBUG o.h.p.w.spi.MetamodelGraphWalker - Visiting attribute path : validity
12:29:34.404 [main] DEBUG o.h.l.p.b.i.FetchStyleLoadPlanBuildingAssociationVisitationStrategy - Building LoadPlan...
12:29:34.404 [main] DEBUG o.h.l.p.e.i.LoadQueryJoinAndFetchProcessor - processing queryspace <gen:0>
12:29:34.404 [main] DEBUG o.h.l.p.b.spi.LoadPlanTreePrinter - LoadPlan(entity=Classes.Pass)
    - Returns
       - EntityReturnImpl(entity=Classes.Pass, querySpaceUid=<gen:0>, path=Classes.Pass)
          - EntityAttributeFetchImpl(entity=Abstract.TicketSeller, querySpaceUid=<gen:1>, path=Classes.Pass.seller)
             - CollectionAttributeFetchImpl(collection=Abstract.TicketSeller.passes, querySpaceUid=<gen:2>, path=Classes.Pass.seller.passes)
                - (collection element) CollectionFetchableElementEntityGraph(entity=Classes.Pass, querySpaceUid=<gen:3>, path=Classes.Pass.seller.passes.<elements>)
             - CollectionAttributeFetchImpl(collection=Abstract.TicketSeller.tickets, querySpaceUid=<gen:4>, path=Classes.Pass.seller.tickets)
                - (collection element) CollectionFetchableElementEntityGraph(entity=Classes.Ticket, querySpaceUid=<gen:5>, path=Classes.Pass.seller.tickets.<elements>)
             - CollectionAttributeFetchImpl(collection=Classes.Shop.people, querySpaceUid=<gen:6>, path=Classes.Pass.seller.people)
                - (collection element) CollectionFetchableElementEntityGraph(entity=Classes.Person, querySpaceUid=<gen:7>, path=Classes.Pass.seller.people.<elements>)
          - EntityAttributeFetchImpl(entity=Classes.Person, querySpaceUid=<gen:8>, path=Classes.Pass.person)
             - EntityAttributeFetchImpl(entity=Classes.Card, querySpaceUid=<gen:9>, path=Classes.Pass.person.cardNum)
          - EntityAttributeFetchImpl(entity=Abstract.TicketSeller, querySpaceUid=<gen:10>, path=Classes.Pass.sellers)
             - CollectionAttributeFetchImpl(collection=Abstract.TicketSeller.passes, querySpaceUid=<gen:11>, path=Classes.Pass.sellers.passes)
                - (collection element) CollectionFetchableElementEntityGraph(entity=Classes.Pass, querySpaceUid=<gen:12>, path=Classes.Pass.sellers.passes.<elements>)
             - CollectionAttributeFetchImpl(collection=Abstract.TicketSeller.tickets, querySpaceUid=<gen:13>, path=Classes.Pass.sellers.tickets)
                - (collection element) CollectionFetchableElementEntityGraph(entity=Classes.Ticket, querySpaceUid=<gen:14>, path=Classes.Pass.sellers.tickets.<elements>)
             - CollectionAttributeFetchImpl(collection=Classes.Shop.people, querySpaceUid=<gen:15>, path=Classes.Pass.sellers.people)
                - (collection element) CollectionFetchableElementEntityGraph(entity=Classes.Person, querySpaceUid=<gen:16>, path=Classes.Pass.sellers.people.<elements>)
    - QuerySpaces
       - EntityQuerySpaceImpl(uid=<gen:0>, entity=Classes.Pass)
          - SQL table alias mapping - pass0_
          - alias suffix - 0_
          - suffixed key columns - {id2_2_0_}
          - JOIN (JoinDefinedByMetadata(seller)) : <gen:0> -> <gen:1>
             - EntityQuerySpaceImpl(uid=<gen:1>, entity=Abstract.TicketSeller)
                - SQL table alias mapping - ticketsell1_
                - alias suffix - 1_
                - suffixed key columns - {id2_3_1_}
          - JOIN (JoinDefinedByMetadata(person)) : <gen:0> -> <gen:8>
             - EntityQuerySpaceImpl(uid=<gen:8>, entity=Classes.Person)
                - SQL table alias mapping - person2_
                - alias suffix - 2_
                - suffixed key columns - {id1_1_2_}
                - JOIN (JoinDefinedByMetadata(cardNum)) : <gen:8> -> <gen:9>
                   - EntityQuerySpaceImpl(uid=<gen:9>, entity=Classes.Card)
                      - SQL table alias mapping - card3_
                      - alias suffix - 3_
                      - suffixed key columns - {id1_0_3_}
          - JOIN (JoinDefinedByMetadata(sellers)) : <gen:0> -> <gen:10>
             - EntityQuerySpaceImpl(uid=<gen:10>, entity=Abstract.TicketSeller)
                - SQL table alias mapping - ticketsell4_
                - alias suffix - 4_
                - suffixed key columns - {id2_3_4_}

12:29:34.404 [main] DEBUG o.h.loader.entity.plan.EntityLoader - Static select for entity Classes.Pass [NONE]: select pass0_.id as id2_2_0_, pass0_.seller_id as seller_i4_2_0_, pass0_.person_id as person_i5_2_0_, pass0_.sellers_id as sellers_6_2_0_, pass0_.validity as validity3_2_0_, ticketsell1_.id as id2_3_1_, ticketsell1_.seller_name as seller_n3_3_1_, ticketsell1_.isWorking as isworkin4_3_1_, ticketsell1_.Elementi as elementi1_3_1_, person2_.id as id1_1_2_, person2_.birthdate as birthdat2_1_2_, person2_.cardNum_id as cardnum_5_1_2_, person2_.firstName as firstnam3_1_2_, person2_.lastName as lastname4_1_2_, card3_.id as id1_0_3_, card3_.emissionDate as emission2_0_3_, card3_.expirationDate as expirati3_0_3_, ticketsell4_.id as id2_3_4_, ticketsell4_.seller_name as seller_n3_3_4_, ticketsell4_.isWorking as isworkin4_3_4_, ticketsell4_.Elementi as elementi1_3_4_ from Ticket pass0_ left outer join TicketSeller ticketsell1_ on pass0_.seller_id=ticketsell1_.id left outer join Person person2_ on pass0_.person_id=person2_.id left outer join Card card3_ on person2_.cardNum_id=card3_.id left outer join TicketSeller ticketsell4_ on pass0_.sellers_id=ticketsell4_.id where pass0_.id=? and pass0_.DTYPE='Pass'
12:29:34.404 [main] DEBUG o.h.p.entity.AbstractEntityPersister - Static SQL for entity: Classes.Shop
12:29:34.404 [main] DEBUG o.h.p.entity.AbstractEntityPersister -  Version select: select id from TicketSeller where id =?
12:29:34.404 [main] DEBUG o.h.p.entity.AbstractEntityPersister -  Snapshot select: select shop_.id, shop_.seller_name as seller_n3_3_ from TicketSeller shop_ where shop_.id=?
12:29:34.404 [main] DEBUG o.h.p.entity.AbstractEntityPersister -  Insert 0: insert into TicketSeller (seller_name, Elementi, id) values (?, 'shop', ?)
12:29:34.404 [main] DEBUG o.h.p.entity.AbstractEntityPersister -  Update 0: update TicketSeller set seller_name=? where id=?
12:29:34.405 [main] DEBUG o.h.p.entity.AbstractEntityPersister -  Delete 0: delete from TicketSeller where id=?
12:29:34.405 [main] DEBUG o.h.l.p.b.i.spaces.QuerySpacesImpl - Adding QuerySpace : uid = <gen:0> -> org.hibernate.loader.plan.build.internal.spaces.EntityQuerySpaceImpl@798256c5]
12:29:34.405 [main] DEBUG o.h.p.w.spi.MetamodelGraphWalker - Visiting attribute path : name
12:29:34.405 [main] DEBUG o.h.p.w.spi.MetamodelGraphWalker - Visiting attribute path : passes
12:29:34.405 [main] DEBUG o.h.l.p.b.i.spaces.QuerySpacesImpl - Adding QuerySpace : uid = <gen:1> -> org.hibernate.loader.plan.build.internal.spaces.CollectionQuerySpaceImpl@748a654a]
12:29:34.405 [main] DEBUG o.h.l.p.b.i.spaces.QuerySpacesImpl - Adding QuerySpace : uid = <gen:2> -> org.hibernate.loader.plan.build.internal.spaces.EntityQuerySpaceImpl@1d8b0500]
12:29:34.405 [main] DEBUG o.h.p.w.spi.MetamodelGraphWalker - Visiting attribute path : tickets
12:29:34.405 [main] DEBUG o.h.l.p.b.i.spaces.QuerySpacesImpl - Adding QuerySpace : uid = <gen:3> -> org.hibernate.loader.plan.build.internal.spaces.CollectionQuerySpaceImpl@76544c0a]
12:29:34.405 [main] DEBUG o.h.l.p.b.i.spaces.QuerySpacesImpl - Adding QuerySpace : uid = <gen:4> -> org.hibernate.loader.plan.build.internal.spaces.EntityQuerySpaceImpl@428bdd72]
12:29:34.405 [main] DEBUG o.h.p.w.spi.MetamodelGraphWalker - Visiting attribute path : people
12:29:34.405 [main] DEBUG o.h.l.p.b.i.spaces.QuerySpacesImpl - Adding QuerySpace : uid = <gen:5> -> org.hibernate.loader.plan.build.internal.spaces.CollectionQuerySpaceImpl@650c405c]
12:29:34.405 [main] DEBUG o.h.l.p.b.i.spaces.QuerySpacesImpl - Adding QuerySpace : uid = <gen:6> -> org.hibernate.loader.plan.build.internal.spaces.EntityQuerySpaceImpl@20eaeaf8]
12:29:34.405 [main] DEBUG o.h.l.p.b.i.FetchStyleLoadPlanBuildingAssociationVisitationStrategy - Building LoadPlan...
12:29:34.405 [main] DEBUG o.h.l.p.e.i.LoadQueryJoinAndFetchProcessor - processing queryspace <gen:0>
12:29:34.405 [main] DEBUG o.h.l.p.b.spi.LoadPlanTreePrinter - LoadPlan(entity=Classes.Shop)
    - Returns
       - EntityReturnImpl(entity=Classes.Shop, querySpaceUid=<gen:0>, path=Classes.Shop)
          - CollectionAttributeFetchImpl(collection=Abstract.TicketSeller.passes, querySpaceUid=<gen:1>, path=Classes.Shop.passes)
             - (collection element) CollectionFetchableElementEntityGraph(entity=Classes.Pass, querySpaceUid=<gen:2>, path=Classes.Shop.passes.<elements>)
          - CollectionAttributeFetchImpl(collection=Abstract.TicketSeller.tickets, querySpaceUid=<gen:3>, path=Classes.Shop.tickets)
             - (collection element) CollectionFetchableElementEntityGraph(entity=Classes.Ticket, querySpaceUid=<gen:4>, path=Classes.Shop.tickets.<elements>)
          - CollectionAttributeFetchImpl(collection=Classes.Shop.people, querySpaceUid=<gen:5>, path=Classes.Shop.people)
             - (collection element) CollectionFetchableElementEntityGraph(entity=Classes.Person, querySpaceUid=<gen:6>, path=Classes.Shop.people.<elements>)
    - QuerySpaces
       - EntityQuerySpaceImpl(uid=<gen:0>, entity=Classes.Shop)
          - SQL table alias mapping - shop0_
          - alias suffix - 0_
          - suffixed key columns - {id2_3_0_}

12:29:34.405 [main] DEBUG o.h.loader.entity.plan.EntityLoader - Static select for entity Classes.Shop [NONE]: select shop0_.id as id2_3_0_, shop0_.seller_name as seller_n3_3_0_ from TicketSeller shop0_ where shop0_.id=? and shop0_.Elementi='shop'
12:29:34.405 [main] DEBUG o.h.p.entity.AbstractEntityPersister - Static SQL for entity: Classes.Ticket
12:29:34.405 [main] DEBUG o.h.p.entity.AbstractEntityPersister -  Version select: select id from Ticket where id =?
12:29:34.405 [main] DEBUG o.h.p.entity.AbstractEntityPersister -  Snapshot select: select ticket_.id, ticket_.seller_id as seller_i4_2_ from Ticket ticket_ where ticket_.id=?
12:29:34.405 [main] DEBUG o.h.p.entity.AbstractEntityPersister -  Insert 0: insert into Ticket (seller_id, DTYPE, id) values (?, 'Ticket', ?)
12:29:34.405 [main] DEBUG o.h.p.entity.AbstractEntityPersister -  Update 0: update Ticket set seller_id=? where id=?
12:29:34.405 [main] DEBUG o.h.p.entity.AbstractEntityPersister -  Delete 0: delete from Ticket where id=?
12:29:34.405 [main] DEBUG o.h.p.entity.AbstractEntityPersister -  Identity insert: insert into Ticket (seller_id, DTYPE) values (?, 'Ticket')
12:29:34.405 [main] DEBUG o.h.l.p.b.i.spaces.QuerySpacesImpl - Adding QuerySpace : uid = <gen:0> -> org.hibernate.loader.plan.build.internal.spaces.EntityQuerySpaceImpl@748ac6f3]
12:29:34.405 [main] DEBUG o.h.p.w.spi.MetamodelGraphWalker - Visiting attribute path : seller
12:29:34.405 [main] DEBUG o.h.l.p.b.i.spaces.QuerySpacesImpl - Adding QuerySpace : uid = <gen:1> -> org.hibernate.loader.plan.build.internal.spaces.EntityQuerySpaceImpl@6fff46bf]
12:29:34.405 [main] DEBUG o.h.p.w.spi.MetamodelGraphWalker - Visiting attribute path : seller.name
12:29:34.405 [main] DEBUG o.h.p.w.spi.MetamodelGraphWalker - Visiting attribute path : seller.passes
12:29:34.405 [main] DEBUG o.h.l.p.b.i.spaces.QuerySpacesImpl - Adding QuerySpace : uid = <gen:2> -> org.hibernate.loader.plan.build.internal.spaces.CollectionQuerySpaceImpl@3aaa3c39]
12:29:34.405 [main] DEBUG o.h.l.p.b.i.spaces.QuerySpacesImpl - Adding QuerySpace : uid = <gen:3> -> org.hibernate.loader.plan.build.internal.spaces.EntityQuerySpaceImpl@65a9ea3c]
12:29:34.405 [main] DEBUG o.h.p.w.spi.MetamodelGraphWalker - Visiting attribute path : seller.tickets
12:29:34.406 [main] DEBUG o.h.l.p.b.i.spaces.QuerySpacesImpl - Adding QuerySpace : uid = <gen:4> -> org.hibernate.loader.plan.build.internal.spaces.CollectionQuerySpaceImpl@70f68288]
12:29:34.406 [main] DEBUG o.h.l.p.b.i.spaces.QuerySpacesImpl - Adding QuerySpace : uid = <gen:5> -> org.hibernate.loader.plan.build.internal.spaces.EntityQuerySpaceImpl@46911148]
12:29:34.406 [main] DEBUG o.h.p.w.spi.MetamodelGraphWalker - Visiting attribute path : seller.people
12:29:34.406 [main] DEBUG o.h.l.p.b.i.spaces.QuerySpacesImpl - Adding QuerySpace : uid = <gen:6> -> org.hibernate.loader.plan.build.internal.spaces.CollectionQuerySpaceImpl@2db1b657]
12:29:34.406 [main] DEBUG o.h.l.p.b.i.spaces.QuerySpacesImpl - Adding QuerySpace : uid = <gen:7> -> org.hibernate.loader.plan.build.internal.spaces.EntityQuerySpaceImpl@7e351d7]
12:29:34.406 [main] DEBUG o.h.p.w.spi.MetamodelGraphWalker - Visiting attribute path : seller.isWorking
12:29:34.406 [main] DEBUG o.h.p.w.spi.MetamodelGraphWalker - Visiting attribute path : person
12:29:34.406 [main] DEBUG o.h.l.p.b.i.spaces.QuerySpacesImpl - Adding QuerySpace : uid = <gen:8> -> org.hibernate.loader.plan.build.internal.spaces.EntityQuerySpaceImpl@43c57161]
12:29:34.406 [main] DEBUG o.h.p.w.spi.MetamodelGraphWalker - Visiting attribute path : person.birthdate
12:29:34.406 [main] DEBUG o.h.p.w.spi.MetamodelGraphWalker - Visiting attribute path : person.cardNum
12:29:34.406 [main] DEBUG o.h.l.p.b.i.spaces.QuerySpacesImpl - Adding QuerySpace : uid = <gen:9> -> org.hibernate.loader.plan.build.internal.spaces.EntityQuerySpaceImpl@2db33feb]
12:29:34.406 [main] DEBUG o.h.p.w.spi.MetamodelGraphWalker - Visiting attribute path : person.cardNum.emissionDate
12:29:34.406 [main] DEBUG o.h.p.w.spi.MetamodelGraphWalker - Visiting attribute path : person.cardNum.expirationDate
12:29:34.406 [main] DEBUG o.h.p.w.spi.MetamodelGraphWalker - Visiting attribute path : person.cardNum.person
12:29:34.406 [main] DEBUG o.h.p.w.spi.MetamodelGraphWalker - Property path deemed to be circular : person.cardNum.person
12:29:34.406 [main] DEBUG o.h.p.w.spi.MetamodelGraphWalker - Visiting attribute path : person.firstName
12:29:34.406 [main] DEBUG o.h.p.w.spi.MetamodelGraphWalker - Visiting attribute path : person.lastName
12:29:34.406 [main] DEBUG o.h.p.w.spi.MetamodelGraphWalker - Visiting attribute path : sellers
12:29:34.406 [main] DEBUG o.h.l.p.b.i.spaces.QuerySpacesImpl - Adding QuerySpace : uid = <gen:10> -> org.hibernate.loader.plan.build.internal.spaces.EntityQuerySpaceImpl@58658f63]
12:29:34.406 [main] DEBUG o.h.p.w.spi.MetamodelGraphWalker - Visiting attribute path : sellers.name
12:29:34.406 [main] DEBUG o.h.p.w.spi.MetamodelGraphWalker - Visiting attribute path : sellers.passes
12:29:34.406 [main] DEBUG o.h.l.p.b.i.spaces.QuerySpacesImpl - Adding QuerySpace : uid = <gen:11> -> org.hibernate.loader.plan.build.internal.spaces.CollectionQuerySpaceImpl@60990e5c]
12:29:34.406 [main] DEBUG o.h.l.p.b.i.spaces.QuerySpacesImpl - Adding QuerySpace : uid = <gen:12> -> org.hibernate.loader.plan.build.internal.spaces.EntityQuerySpaceImpl@4d84049a]
12:29:34.406 [main] DEBUG o.h.p.w.spi.MetamodelGraphWalker - Visiting attribute path : sellers.tickets
12:29:34.406 [main] DEBUG o.h.l.p.b.i.spaces.QuerySpacesImpl - Adding QuerySpace : uid = <gen:13> -> org.hibernate.loader.plan.build.internal.spaces.CollectionQuerySpaceImpl@39ee94de]
12:29:34.406 [main] DEBUG o.h.l.p.b.i.spaces.QuerySpacesImpl - Adding QuerySpace : uid = <gen:14> -> org.hibernate.loader.plan.build.internal.spaces.EntityQuerySpaceImpl@642857e0]
12:29:34.406 [main] DEBUG o.h.p.w.spi.MetamodelGraphWalker - Visiting attribute path : sellers.people
12:29:34.406 [main] DEBUG o.h.l.p.b.i.spaces.QuerySpacesImpl - Adding QuerySpace : uid = <gen:15> -> org.hibernate.loader.plan.build.internal.spaces.CollectionQuerySpaceImpl@4c6b4ed7]
12:29:34.406 [main] DEBUG o.h.l.p.b.i.spaces.QuerySpacesImpl - Adding QuerySpace : uid = <gen:16> -> org.hibernate.loader.plan.build.internal.spaces.EntityQuerySpaceImpl@21263314]
12:29:34.406 [main] DEBUG o.h.p.w.spi.MetamodelGraphWalker - Visiting attribute path : sellers.isWorking
12:29:34.406 [main] DEBUG o.h.p.w.spi.MetamodelGraphWalker - Visiting attribute path : validity
12:29:34.406 [main] DEBUG o.h.l.p.b.i.FetchStyleLoadPlanBuildingAssociationVisitationStrategy - Building LoadPlan...
12:29:34.406 [main] DEBUG o.h.l.p.e.i.LoadQueryJoinAndFetchProcessor - processing queryspace <gen:0>
12:29:34.407 [main] DEBUG o.h.l.p.b.spi.LoadPlanTreePrinter - LoadPlan(entity=Classes.Ticket)
    - Returns
       - EntityReturnImpl(entity=Classes.Ticket, querySpaceUid=<gen:0>, path=Classes.Ticket)
          - EntityAttributeFetchImpl(entity=Abstract.TicketSeller, querySpaceUid=<gen:1>, path=Classes.Ticket.seller)
             - CollectionAttributeFetchImpl(collection=Abstract.TicketSeller.passes, querySpaceUid=<gen:2>, path=Classes.Ticket.seller.passes)
                - (collection element) CollectionFetchableElementEntityGraph(entity=Classes.Pass, querySpaceUid=<gen:3>, path=Classes.Ticket.seller.passes.<elements>)
             - CollectionAttributeFetchImpl(collection=Abstract.TicketSeller.tickets, querySpaceUid=<gen:4>, path=Classes.Ticket.seller.tickets)
                - (collection element) CollectionFetchableElementEntityGraph(entity=Classes.Ticket, querySpaceUid=<gen:5>, path=Classes.Ticket.seller.tickets.<elements>)
             - CollectionAttributeFetchImpl(collection=Classes.Shop.people, querySpaceUid=<gen:6>, path=Classes.Ticket.seller.people)
                - (collection element) CollectionFetchableElementEntityGraph(entity=Classes.Person, querySpaceUid=<gen:7>, path=Classes.Ticket.seller.people.<elements>)
          - EntityAttributeFetchImpl(entity=Classes.Person, querySpaceUid=<gen:8>, path=Classes.Ticket.person)
             - EntityAttributeFetchImpl(entity=Classes.Card, querySpaceUid=<gen:9>, path=Classes.Ticket.person.cardNum)
          - EntityAttributeFetchImpl(entity=Abstract.TicketSeller, querySpaceUid=<gen:10>, path=Classes.Ticket.sellers)
             - CollectionAttributeFetchImpl(collection=Abstract.TicketSeller.passes, querySpaceUid=<gen:11>, path=Classes.Ticket.sellers.passes)
                - (collection element) CollectionFetchableElementEntityGraph(entity=Classes.Pass, querySpaceUid=<gen:12>, path=Classes.Ticket.sellers.passes.<elements>)
             - CollectionAttributeFetchImpl(collection=Abstract.TicketSeller.tickets, querySpaceUid=<gen:13>, path=Classes.Ticket.sellers.tickets)
                - (collection element) CollectionFetchableElementEntityGraph(entity=Classes.Ticket, querySpaceUid=<gen:14>, path=Classes.Ticket.sellers.tickets.<elements>)
             - CollectionAttributeFetchImpl(collection=Classes.Shop.people, querySpaceUid=<gen:15>, path=Classes.Ticket.sellers.people)
                - (collection element) CollectionFetchableElementEntityGraph(entity=Classes.Person, querySpaceUid=<gen:16>, path=Classes.Ticket.sellers.people.<elements>)
    - QuerySpaces
       - EntityQuerySpaceImpl(uid=<gen:0>, entity=Classes.Ticket)
          - SQL table alias mapping - ticket0_
          - alias suffix - 0_
          - suffixed key columns - {id2_2_0_}
          - JOIN (JoinDefinedByMetadata(seller)) : <gen:0> -> <gen:1>
             - EntityQuerySpaceImpl(uid=<gen:1>, entity=Abstract.TicketSeller)
                - SQL table alias mapping - ticketsell1_
                - alias suffix - 1_
                - suffixed key columns - {id2_3_1_}
          - JOIN (JoinDefinedByMetadata(person)) : <gen:0> -> <gen:8>
             - EntityQuerySpaceImpl(uid=<gen:8>, entity=Classes.Person)
                - SQL table alias mapping - person2_
                - alias suffix - 2_
                - suffixed key columns - {id1_1_2_}
                - JOIN (JoinDefinedByMetadata(cardNum)) : <gen:8> -> <gen:9>
                   - EntityQuerySpaceImpl(uid=<gen:9>, entity=Classes.Card)
                      - SQL table alias mapping - card3_
                      - alias suffix - 3_
                      - suffixed key columns - {id1_0_3_}
          - JOIN (JoinDefinedByMetadata(sellers)) : <gen:0> -> <gen:10>
             - EntityQuerySpaceImpl(uid=<gen:10>, entity=Abstract.TicketSeller)
                - SQL table alias mapping - ticketsell4_
                - alias suffix - 4_
                - suffixed key columns - {id2_3_4_}

12:29:34.407 [main] DEBUG o.h.loader.entity.plan.EntityLoader - Static select for entity Classes.Ticket [NONE]: select ticket0_.id as id2_2_0_, ticket0_.seller_id as seller_i4_2_0_, ticket0_.person_id as person_i5_2_0_, ticket0_.sellers_id as sellers_6_2_0_, ticket0_.validity as validity3_2_0_, ticket0_.DTYPE as dtype1_2_0_, ticketsell1_.id as id2_3_1_, ticketsell1_.seller_name as seller_n3_3_1_, ticketsell1_.isWorking as isworkin4_3_1_, ticketsell1_.Elementi as elementi1_3_1_, person2_.id as id1_1_2_, person2_.birthdate as birthdat2_1_2_, person2_.cardNum_id as cardnum_5_1_2_, person2_.firstName as firstnam3_1_2_, person2_.lastName as lastname4_1_2_, card3_.id as id1_0_3_, card3_.emissionDate as emission2_0_3_, card3_.expirationDate as expirati3_0_3_, ticketsell4_.id as id2_3_4_, ticketsell4_.seller_name as seller_n3_3_4_, ticketsell4_.isWorking as isworkin4_3_4_, ticketsell4_.Elementi as elementi1_3_4_ from Ticket ticket0_ left outer join TicketSeller ticketsell1_ on ticket0_.seller_id=ticketsell1_.id left outer join Person person2_ on ticket0_.person_id=person2_.id left outer join Card card3_ on person2_.cardNum_id=card3_.id left outer join TicketSeller ticketsell4_ on ticket0_.sellers_id=ticketsell4_.id where ticket0_.id=?
12:29:34.407 [main] DEBUG o.h.p.entity.AbstractEntityPersister - Static SQL for entity: Classes.VendingMachine
12:29:34.407 [main] DEBUG o.h.p.entity.AbstractEntityPersister -  Version select: select id from TicketSeller where id =?
12:29:34.407 [main] DEBUG o.h.p.entity.AbstractEntityPersister -  Snapshot select: select vendingmac_.id, vendingmac_.seller_name as seller_n3_3_, vendingmac_.isWorking as isworkin4_3_ from TicketSeller vendingmac_ where vendingmac_.id=?
12:29:34.407 [main] DEBUG o.h.p.entity.AbstractEntityPersister -  Insert 0: insert into TicketSeller (seller_name, isWorking, Elementi, id) values (?, ?, 'vending_machine', ?)
12:29:34.407 [main] DEBUG o.h.p.entity.AbstractEntityPersister -  Update 0: update TicketSeller set seller_name=?, isWorking=? where id=?
12:29:34.407 [main] DEBUG o.h.p.entity.AbstractEntityPersister -  Delete 0: delete from TicketSeller where id=?
12:29:34.407 [main] DEBUG o.h.l.p.b.i.spaces.QuerySpacesImpl - Adding QuerySpace : uid = <gen:0> -> org.hibernate.loader.plan.build.internal.spaces.EntityQuerySpaceImpl@6ca30b8a]
12:29:34.407 [main] DEBUG o.h.p.w.spi.MetamodelGraphWalker - Visiting attribute path : name
12:29:34.407 [main] DEBUG o.h.p.w.spi.MetamodelGraphWalker - Visiting attribute path : passes
12:29:34.407 [main] DEBUG o.h.l.p.b.i.spaces.QuerySpacesImpl - Adding QuerySpace : uid = <gen:1> -> org.hibernate.loader.plan.build.internal.spaces.CollectionQuerySpaceImpl@5c9934da]
12:29:34.407 [main] DEBUG o.h.l.p.b.i.spaces.QuerySpacesImpl - Adding QuerySpace : uid = <gen:2> -> org.hibernate.loader.plan.build.internal.spaces.EntityQuerySpaceImpl@4cb702ce]
12:29:34.407 [main] DEBUG o.h.p.w.spi.MetamodelGraphWalker - Visiting attribute path : tickets
12:29:34.407 [main] DEBUG o.h.l.p.b.i.spaces.QuerySpacesImpl - Adding QuerySpace : uid = <gen:3> -> org.hibernate.loader.plan.build.internal.spaces.CollectionQuerySpaceImpl@383caf89]
12:29:34.407 [main] DEBUG o.h.l.p.b.i.spaces.QuerySpacesImpl - Adding QuerySpace : uid = <gen:4> -> org.hibernate.loader.plan.build.internal.spaces.EntityQuerySpaceImpl@64c781a9]
12:29:34.407 [main] DEBUG o.h.p.w.spi.MetamodelGraphWalker - Visiting attribute path : isWorking
12:29:34.407 [main] DEBUG o.h.l.p.b.i.FetchStyleLoadPlanBuildingAssociationVisitationStrategy - Building LoadPlan...
12:29:34.407 [main] DEBUG o.h.l.p.e.i.LoadQueryJoinAndFetchProcessor - processing queryspace <gen:0>
12:29:34.407 [main] DEBUG o.h.l.p.b.spi.LoadPlanTreePrinter - LoadPlan(entity=Classes.VendingMachine)
    - Returns
       - EntityReturnImpl(entity=Classes.VendingMachine, querySpaceUid=<gen:0>, path=Classes.VendingMachine)
          - CollectionAttributeFetchImpl(collection=Abstract.TicketSeller.passes, querySpaceUid=<gen:1>, path=Classes.VendingMachine.passes)
             - (collection element) CollectionFetchableElementEntityGraph(entity=Classes.Pass, querySpaceUid=<gen:2>, path=Classes.VendingMachine.passes.<elements>)
          - CollectionAttributeFetchImpl(collection=Abstract.TicketSeller.tickets, querySpaceUid=<gen:3>, path=Classes.VendingMachine.tickets)
             - (collection element) CollectionFetchableElementEntityGraph(entity=Classes.Ticket, querySpaceUid=<gen:4>, path=Classes.VendingMachine.tickets.<elements>)
    - QuerySpaces
       - EntityQuerySpaceImpl(uid=<gen:0>, entity=Classes.VendingMachine)
          - SQL table alias mapping - vendingmac0_
          - alias suffix - 0_
          - suffixed key columns - {id2_3_0_}

12:29:34.407 [main] DEBUG o.h.loader.entity.plan.EntityLoader - Static select for entity Classes.VendingMachine [NONE]: select vendingmac0_.id as id2_3_0_, vendingmac0_.seller_name as seller_n3_3_0_, vendingmac0_.isWorking as isworkin4_3_0_ from TicketSeller vendingmac0_ where vendingmac0_.id=? and vendingmac0_.Elementi='vending_machine'
12:29:34.410 [main] DEBUG o.h.l.p.b.i.spaces.QuerySpacesImpl - Adding QuerySpace : uid = <gen:0> -> org.hibernate.loader.plan.build.internal.spaces.CollectionQuerySpaceImpl@558b4942]
12:29:34.410 [main] DEBUG o.h.l.p.b.i.spaces.QuerySpacesImpl - Adding QuerySpace : uid = <gen:1> -> org.hibernate.loader.plan.build.internal.spaces.EntityQuerySpaceImpl@30ec7d21]
12:29:34.410 [main] DEBUG o.h.p.w.spi.MetamodelGraphWalker - Visiting attribute path : seller
12:29:34.410 [main] DEBUG o.h.l.p.b.i.spaces.QuerySpacesImpl - Adding QuerySpace : uid = <gen:2> -> org.hibernate.loader.plan.build.internal.spaces.EntityQuerySpaceImpl@3ba3d4b6]
12:29:34.410 [main] DEBUG o.h.p.w.spi.MetamodelGraphWalker - Visiting attribute path : seller.name
12:29:34.410 [main] DEBUG o.h.p.w.spi.MetamodelGraphWalker - Visiting attribute path : seller.passes
12:29:34.410 [main] DEBUG o.h.p.w.spi.MetamodelGraphWalker - Property path deemed to be circular : seller.passes
12:29:34.410 [main] DEBUG o.h.p.w.spi.MetamodelGraphWalker - Visiting attribute path : seller.tickets
12:29:34.410 [main] DEBUG o.h.p.w.spi.MetamodelGraphWalker - Property path deemed to be circular : seller.tickets
12:29:34.410 [main] DEBUG o.h.p.w.spi.MetamodelGraphWalker - Visiting attribute path : seller.people
12:29:34.411 [main] DEBUG o.h.l.p.b.i.spaces.QuerySpacesImpl - Adding QuerySpace : uid = <gen:3> -> org.hibernate.loader.plan.build.internal.spaces.CollectionQuerySpaceImpl@441fbe89]
12:29:34.411 [main] DEBUG o.h.l.p.b.i.spaces.QuerySpacesImpl - Adding QuerySpace : uid = <gen:4> -> org.hibernate.loader.plan.build.internal.spaces.EntityQuerySpaceImpl@6088451e]
12:29:34.411 [main] DEBUG o.h.p.w.spi.MetamodelGraphWalker - Visiting attribute path : seller.isWorking
12:29:34.411 [main] DEBUG o.h.p.w.spi.MetamodelGraphWalker - Visiting attribute path : person
12:29:34.411 [main] DEBUG o.h.l.p.b.i.spaces.QuerySpacesImpl - Adding QuerySpace : uid = <gen:5> -> org.hibernate.loader.plan.build.internal.spaces.EntityQuerySpaceImpl@45ab3bdd]
12:29:34.411 [main] DEBUG o.h.p.w.spi.MetamodelGraphWalker - Visiting attribute path : person.birthdate
12:29:34.411 [main] DEBUG o.h.p.w.spi.MetamodelGraphWalker - Visiting attribute path : person.cardNum
12:29:34.411 [main] DEBUG o.h.l.p.b.i.spaces.QuerySpacesImpl - Adding QuerySpace : uid = <gen:6> -> org.hibernate.loader.plan.build.internal.spaces.EntityQuerySpaceImpl@1642eeae]
12:29:34.411 [main] DEBUG o.h.p.w.spi.MetamodelGraphWalker - Visiting attribute path : person.cardNum.emissionDate
12:29:34.411 [main] DEBUG o.h.p.w.spi.MetamodelGraphWalker - Visiting attribute path : person.cardNum.expirationDate
12:29:34.411 [main] DEBUG o.h.p.w.spi.MetamodelGraphWalker - Visiting attribute path : person.cardNum.person
12:29:34.411 [main] DEBUG o.h.p.w.spi.MetamodelGraphWalker - Property path deemed to be circular : person.cardNum.person
12:29:34.411 [main] DEBUG o.h.p.w.spi.MetamodelGraphWalker - Visiting attribute path : person.firstName
12:29:34.411 [main] DEBUG o.h.p.w.spi.MetamodelGraphWalker - Visiting attribute path : person.lastName
12:29:34.411 [main] DEBUG o.h.p.w.spi.MetamodelGraphWalker - Visiting attribute path : sellers
12:29:34.411 [main] DEBUG o.h.l.p.b.i.spaces.QuerySpacesImpl - Adding QuerySpace : uid = <gen:7> -> org.hibernate.loader.plan.build.internal.spaces.EntityQuerySpaceImpl@28a9494b]
12:29:34.411 [main] DEBUG o.h.p.w.spi.MetamodelGraphWalker - Visiting attribute path : sellers.name
12:29:34.411 [main] DEBUG o.h.p.w.spi.MetamodelGraphWalker - Visiting attribute path : sellers.passes
12:29:34.411 [main] DEBUG o.h.p.w.spi.MetamodelGraphWalker - Property path deemed to be circular : sellers.passes
12:29:34.411 [main] DEBUG o.h.p.w.spi.MetamodelGraphWalker - Visiting attribute path : sellers.tickets
12:29:34.411 [main] DEBUG o.h.p.w.spi.MetamodelGraphWalker - Property path deemed to be circular : sellers.tickets
12:29:34.411 [main] DEBUG o.h.p.w.spi.MetamodelGraphWalker - Visiting attribute path : sellers.people
12:29:34.411 [main] DEBUG o.h.l.p.b.i.spaces.QuerySpacesImpl - Adding QuerySpace : uid = <gen:8> -> org.hibernate.loader.plan.build.internal.spaces.CollectionQuerySpaceImpl@1163a27]
12:29:34.411 [main] DEBUG o.h.l.p.b.i.spaces.QuerySpacesImpl - Adding QuerySpace : uid = <gen:9> -> org.hibernate.loader.plan.build.internal.spaces.EntityQuerySpaceImpl@322ba549]
12:29:34.411 [main] DEBUG o.h.p.w.spi.MetamodelGraphWalker - Visiting attribute path : sellers.isWorking
12:29:34.411 [main] DEBUG o.h.p.w.spi.MetamodelGraphWalker - Visiting attribute path : validity
12:29:34.411 [main] DEBUG o.h.l.p.b.i.FetchStyleLoadPlanBuildingAssociationVisitationStrategy - Building LoadPlan...
12:29:34.413 [main] DEBUG o.h.l.p.e.i.LoadQueryJoinAndFetchProcessor - processing queryspace <gen:0>
12:29:34.413 [main] DEBUG o.h.l.p.b.spi.LoadPlanTreePrinter - LoadPlan(collection=Abstract.TicketSeller.tickets)
    - Returns
       - CollectionReturnImpl(collection=Abstract.TicketSeller.tickets, querySpaceUid=<gen:0>, path=[Abstract.TicketSeller.tickets])
          - (collection element) CollectionFetchableElementEntityGraph(entity=Classes.Ticket, querySpaceUid=<gen:1>, path=[Abstract.TicketSeller.tickets].<elements>)
             - EntityAttributeFetchImpl(entity=Abstract.TicketSeller, querySpaceUid=<gen:2>, path=[Abstract.TicketSeller.tickets].<elements>.seller)
                - CollectionAttributeFetchImpl(collection=Classes.Shop.people, querySpaceUid=<gen:3>, path=[Abstract.TicketSeller.tickets].<elements>.seller.people)
                   - (collection element) CollectionFetchableElementEntityGraph(entity=Classes.Person, querySpaceUid=<gen:4>, path=[Abstract.TicketSeller.tickets].<elements>.seller.people.<elements>)
             - EntityAttributeFetchImpl(entity=Classes.Person, querySpaceUid=<gen:5>, path=[Abstract.TicketSeller.tickets].<elements>.person)
                - EntityAttributeFetchImpl(entity=Classes.Card, querySpaceUid=<gen:6>, path=[Abstract.TicketSeller.tickets].<elements>.person.cardNum)
             - EntityAttributeFetchImpl(entity=Abstract.TicketSeller, querySpaceUid=<gen:7>, path=[Abstract.TicketSeller.tickets].<elements>.sellers)
                - CollectionAttributeFetchImpl(collection=Classes.Shop.people, querySpaceUid=<gen:8>, path=[Abstract.TicketSeller.tickets].<elements>.sellers.people)
                   - (collection element) CollectionFetchableElementEntityGraph(entity=Classes.Person, querySpaceUid=<gen:9>, path=[Abstract.TicketSeller.tickets].<elements>.sellers.people.<elements>)
    - QuerySpaces
       - CollectionQuerySpaceImpl(uid=<gen:0>, collection=Abstract.TicketSeller.tickets)
          - SQL table alias mapping - tickets0_
          - alias suffix - 0_
          - suffixed key columns - {ticketse1_5_0_}
          - entity-element alias suffix - 1_
          - 1_entity-element suffixed key columns - id2_2_1_
          - JOIN (JoinDefinedByMetadata(elements)) : <gen:0> -> <gen:1>
             - EntityQuerySpaceImpl(uid=<gen:1>, entity=Classes.Ticket)
                - SQL table alias mapping - ticket1_
                - alias suffix - 1_
                - suffixed key columns - {id2_2_1_}
                - JOIN (JoinDefinedByMetadata(seller)) : <gen:1> -> <gen:2>
                   - EntityQuerySpaceImpl(uid=<gen:2>, entity=Abstract.TicketSeller)
                      - SQL table alias mapping - ticketsell2_
                      - alias suffix - 2_
                      - suffixed key columns - {id2_3_2_}
                - JOIN (JoinDefinedByMetadata(person)) : <gen:1> -> <gen:5>
                   - EntityQuerySpaceImpl(uid=<gen:5>, entity=Classes.Person)
                      - SQL table alias mapping - person3_
                      - alias suffix - 3_
                      - suffixed key columns - {id1_1_3_}
                      - JOIN (JoinDefinedByMetadata(cardNum)) : <gen:5> -> <gen:6>
                         - EntityQuerySpaceImpl(uid=<gen:6>, entity=Classes.Card)
                            - SQL table alias mapping - card4_
                            - alias suffix - 4_
                            - suffixed key columns - {id1_0_4_}
                - JOIN (JoinDefinedByMetadata(sellers)) : <gen:1> -> <gen:7>
                   - EntityQuerySpaceImpl(uid=<gen:7>, entity=Abstract.TicketSeller)
                      - SQL table alias mapping - ticketsell5_
                      - alias suffix - 5_
                      - suffixed key columns - {id2_3_5_}

12:29:34.414 [main] DEBUG o.h.l.c.plan.CollectionLoader - Static select for collection Abstract.TicketSeller.tickets: select tickets0_.TicketSeller_id as ticketse1_5_0_, tickets0_.tickets_id as tickets_2_5_0_, ticket1_.id as id2_2_1_, ticket1_.seller_id as seller_i4_2_1_, ticket1_.person_id as person_i5_2_1_, ticket1_.sellers_id as sellers_6_2_1_, ticket1_.validity as validity3_2_1_, ticket1_.DTYPE as dtype1_2_1_, ticketsell2_.id as id2_3_2_, ticketsell2_.seller_name as seller_n3_3_2_, ticketsell2_.isWorking as isworkin4_3_2_, ticketsell2_.Elementi as elementi1_3_2_, person3_.id as id1_1_3_, person3_.birthdate as birthdat2_1_3_, person3_.cardNum_id as cardnum_5_1_3_, person3_.firstName as firstnam3_1_3_, person3_.lastName as lastname4_1_3_, card4_.id as id1_0_4_, card4_.emissionDate as emission2_0_4_, card4_.expirationDate as expirati3_0_4_, ticketsell5_.id as id2_3_5_, ticketsell5_.seller_name as seller_n3_3_5_, ticketsell5_.isWorking as isworkin4_3_5_, ticketsell5_.Elementi as elementi1_3_5_ from TicketSeller_Ticket tickets0_ inner join Ticket ticket1_ on tickets0_.tickets_id=ticket1_.id left outer join TicketSeller ticketsell2_ on ticket1_.seller_id=ticketsell2_.id left outer join Person person3_ on ticket1_.person_id=person3_.id left outer join Card card4_ on person3_.cardNum_id=card4_.id left outer join TicketSeller ticketsell5_ on ticket1_.sellers_id=ticketsell5_.id where tickets0_.TicketSeller_id=?
12:29:34.414 [main] DEBUG o.h.l.p.b.i.spaces.QuerySpacesImpl - Adding QuerySpace : uid = <gen:0> -> org.hibernate.loader.plan.build.internal.spaces.CollectionQuerySpaceImpl@5f05c8d6]
12:29:34.414 [main] DEBUG o.h.l.p.b.i.spaces.QuerySpacesImpl - Adding QuerySpace : uid = <gen:1> -> org.hibernate.loader.plan.build.internal.spaces.EntityQuerySpaceImpl@68e02f33]
12:29:34.414 [main] DEBUG o.h.p.w.spi.MetamodelGraphWalker - Visiting attribute path : seller
12:29:34.414 [main] DEBUG o.h.l.p.b.i.spaces.QuerySpacesImpl - Adding QuerySpace : uid = <gen:2> -> org.hibernate.loader.plan.build.internal.spaces.EntityQuerySpaceImpl@7cfac39f]
12:29:34.414 [main] DEBUG o.h.p.w.spi.MetamodelGraphWalker - Visiting attribute path : seller.name
12:29:34.414 [main] DEBUG o.h.p.w.spi.MetamodelGraphWalker - Visiting attribute path : seller.passes
12:29:34.414 [main] DEBUG o.h.p.w.spi.MetamodelGraphWalker - Property path deemed to be circular : seller.passes
12:29:34.414 [main] DEBUG o.h.p.w.spi.MetamodelGraphWalker - Visiting attribute path : seller.tickets
12:29:34.414 [main] DEBUG o.h.p.w.spi.MetamodelGraphWalker - Property path deemed to be circular : seller.tickets
12:29:34.414 [main] DEBUG o.h.p.w.spi.MetamodelGraphWalker - Visiting attribute path : seller.people
12:29:34.414 [main] DEBUG o.h.l.p.b.i.spaces.QuerySpacesImpl - Adding QuerySpace : uid = <gen:3> -> org.hibernate.loader.plan.build.internal.spaces.CollectionQuerySpaceImpl@50eb4a2c]
12:29:34.414 [main] DEBUG o.h.l.p.b.i.spaces.QuerySpacesImpl - Adding QuerySpace : uid = <gen:4> -> org.hibernate.loader.plan.build.internal.spaces.EntityQuerySpaceImpl@1a256d80]
12:29:34.414 [main] DEBUG o.h.p.w.spi.MetamodelGraphWalker - Visiting attribute path : seller.isWorking
12:29:34.414 [main] DEBUG o.h.p.w.spi.MetamodelGraphWalker - Visiting attribute path : person
12:29:34.414 [main] DEBUG o.h.l.p.b.i.spaces.QuerySpacesImpl - Adding QuerySpace : uid = <gen:5> -> org.hibernate.loader.plan.build.internal.spaces.EntityQuerySpaceImpl@3069a360]
12:29:34.414 [main] DEBUG o.h.p.w.spi.MetamodelGraphWalker - Visiting attribute path : person.birthdate
12:29:34.414 [main] DEBUG o.h.p.w.spi.MetamodelGraphWalker - Visiting attribute path : person.cardNum
12:29:34.414 [main] DEBUG o.h.l.p.b.i.spaces.QuerySpacesImpl - Adding QuerySpace : uid = <gen:6> -> org.hibernate.loader.plan.build.internal.spaces.EntityQuerySpaceImpl@7885776b]
12:29:34.414 [main] DEBUG o.h.p.w.spi.MetamodelGraphWalker - Visiting attribute path : person.cardNum.emissionDate
12:29:34.414 [main] DEBUG o.h.p.w.spi.MetamodelGraphWalker - Visiting attribute path : person.cardNum.expirationDate
12:29:34.414 [main] DEBUG o.h.p.w.spi.MetamodelGraphWalker - Visiting attribute path : person.cardNum.person
12:29:34.414 [main] DEBUG o.h.p.w.spi.MetamodelGraphWalker - Property path deemed to be circular : person.cardNum.person
12:29:34.414 [main] DEBUG o.h.p.w.spi.MetamodelGraphWalker - Visiting attribute path : person.firstName
12:29:34.414 [main] DEBUG o.h.p.w.spi.MetamodelGraphWalker - Visiting attribute path : person.lastName
12:29:34.414 [main] DEBUG o.h.p.w.spi.MetamodelGraphWalker - Visiting attribute path : sellers
12:29:34.415 [main] DEBUG o.h.l.p.b.i.spaces.QuerySpacesImpl - Adding QuerySpace : uid = <gen:7> -> org.hibernate.loader.plan.build.internal.spaces.EntityQuerySpaceImpl@3472947a]
12:29:34.415 [main] DEBUG o.h.p.w.spi.MetamodelGraphWalker - Visiting attribute path : sellers.name
12:29:34.415 [main] DEBUG o.h.p.w.spi.MetamodelGraphWalker - Visiting attribute path : sellers.passes
12:29:34.415 [main] DEBUG o.h.p.w.spi.MetamodelGraphWalker - Property path deemed to be circular : sellers.passes
12:29:34.415 [main] DEBUG o.h.p.w.spi.MetamodelGraphWalker - Visiting attribute path : sellers.tickets
12:29:34.415 [main] DEBUG o.h.p.w.spi.MetamodelGraphWalker - Property path deemed to be circular : sellers.tickets
12:29:34.415 [main] DEBUG o.h.p.w.spi.MetamodelGraphWalker - Visiting attribute path : sellers.people
12:29:34.415 [main] DEBUG o.h.l.p.b.i.spaces.QuerySpacesImpl - Adding QuerySpace : uid = <gen:8> -> org.hibernate.loader.plan.build.internal.spaces.CollectionQuerySpaceImpl@3a3ed300]
12:29:34.415 [main] DEBUG o.h.l.p.b.i.spaces.QuerySpacesImpl - Adding QuerySpace : uid = <gen:9> -> org.hibernate.loader.plan.build.internal.spaces.EntityQuerySpaceImpl@1984212d]
12:29:34.415 [main] DEBUG o.h.p.w.spi.MetamodelGraphWalker - Visiting attribute path : sellers.isWorking
12:29:34.415 [main] DEBUG o.h.p.w.spi.MetamodelGraphWalker - Visiting attribute path : validity
12:29:34.415 [main] DEBUG o.h.l.p.b.i.FetchStyleLoadPlanBuildingAssociationVisitationStrategy - Building LoadPlan...
12:29:34.415 [main] DEBUG o.h.l.p.e.i.LoadQueryJoinAndFetchProcessor - processing queryspace <gen:0>
12:29:34.415 [main] DEBUG o.h.l.p.b.spi.LoadPlanTreePrinter - LoadPlan(collection=Abstract.TicketSeller.passes)
    - Returns
       - CollectionReturnImpl(collection=Abstract.TicketSeller.passes, querySpaceUid=<gen:0>, path=[Abstract.TicketSeller.passes])
          - (collection element) CollectionFetchableElementEntityGraph(entity=Classes.Pass, querySpaceUid=<gen:1>, path=[Abstract.TicketSeller.passes].<elements>)
             - EntityAttributeFetchImpl(entity=Abstract.TicketSeller, querySpaceUid=<gen:2>, path=[Abstract.TicketSeller.passes].<elements>.seller)
                - CollectionAttributeFetchImpl(collection=Classes.Shop.people, querySpaceUid=<gen:3>, path=[Abstract.TicketSeller.passes].<elements>.seller.people)
                   - (collection element) CollectionFetchableElementEntityGraph(entity=Classes.Person, querySpaceUid=<gen:4>, path=[Abstract.TicketSeller.passes].<elements>.seller.people.<elements>)
             - EntityAttributeFetchImpl(entity=Classes.Person, querySpaceUid=<gen:5>, path=[Abstract.TicketSeller.passes].<elements>.person)
                - EntityAttributeFetchImpl(entity=Classes.Card, querySpaceUid=<gen:6>, path=[Abstract.TicketSeller.passes].<elements>.person.cardNum)
             - EntityAttributeFetchImpl(entity=Abstract.TicketSeller, querySpaceUid=<gen:7>, path=[Abstract.TicketSeller.passes].<elements>.sellers)
                - CollectionAttributeFetchImpl(collection=Classes.Shop.people, querySpaceUid=<gen:8>, path=[Abstract.TicketSeller.passes].<elements>.sellers.people)
                   - (collection element) CollectionFetchableElementEntityGraph(entity=Classes.Person, querySpaceUid=<gen:9>, path=[Abstract.TicketSeller.passes].<elements>.sellers.people.<elements>)
    - QuerySpaces
       - CollectionQuerySpaceImpl(uid=<gen:0>, collection=Abstract.TicketSeller.passes)
          - SQL table alias mapping - passes0_
          - alias suffix - 0_
          - suffixed key columns - {ticketse1_5_0_}
          - entity-element alias suffix - 1_
          - 1_entity-element suffixed key columns - id2_2_1_
          - JOIN (JoinDefinedByMetadata(elements)) : <gen:0> -> <gen:1>
             - EntityQuerySpaceImpl(uid=<gen:1>, entity=Classes.Pass)
                - SQL table alias mapping - pass1_
                - alias suffix - 1_
                - suffixed key columns - {id2_2_1_}
                - JOIN (JoinDefinedByMetadata(seller)) : <gen:1> -> <gen:2>
                   - EntityQuerySpaceImpl(uid=<gen:2>, entity=Abstract.TicketSeller)
                      - SQL table alias mapping - ticketsell2_
                      - alias suffix - 2_
                      - suffixed key columns - {id2_3_2_}
                - JOIN (JoinDefinedByMetadata(person)) : <gen:1> -> <gen:5>
                   - EntityQuerySpaceImpl(uid=<gen:5>, entity=Classes.Person)
                      - SQL table alias mapping - person3_
                      - alias suffix - 3_
                      - suffixed key columns - {id1_1_3_}
                      - JOIN (JoinDefinedByMetadata(cardNum)) : <gen:5> -> <gen:6>
                         - EntityQuerySpaceImpl(uid=<gen:6>, entity=Classes.Card)
                            - SQL table alias mapping - card4_
                            - alias suffix - 4_
                            - suffixed key columns - {id1_0_4_}
                - JOIN (JoinDefinedByMetadata(sellers)) : <gen:1> -> <gen:7>
                   - EntityQuerySpaceImpl(uid=<gen:7>, entity=Abstract.TicketSeller)
                      - SQL table alias mapping - ticketsell5_
                      - alias suffix - 5_
                      - suffixed key columns - {id2_3_5_}

12:29:34.415 [main] DEBUG o.h.l.c.plan.CollectionLoader - Static select for collection Abstract.TicketSeller.passes: select passes0_.TicketSeller_id as ticketse1_5_0_, passes0_.passes_id as passes_i3_5_0_, pass1_.id as id2_2_1_, pass1_.seller_id as seller_i4_2_1_, pass1_.person_id as person_i5_2_1_, pass1_.sellers_id as sellers_6_2_1_, pass1_.validity as validity3_2_1_, ticketsell2_.id as id2_3_2_, ticketsell2_.seller_name as seller_n3_3_2_, ticketsell2_.isWorking as isworkin4_3_2_, ticketsell2_.Elementi as elementi1_3_2_, person3_.id as id1_1_3_, person3_.birthdate as birthdat2_1_3_, person3_.cardNum_id as cardnum_5_1_3_, person3_.firstName as firstnam3_1_3_, person3_.lastName as lastname4_1_3_, card4_.id as id1_0_4_, card4_.emissionDate as emission2_0_4_, card4_.expirationDate as expirati3_0_4_, ticketsell5_.id as id2_3_5_, ticketsell5_.seller_name as seller_n3_3_5_, ticketsell5_.isWorking as isworkin4_3_5_, ticketsell5_.Elementi as elementi1_3_5_ from TicketSeller_Ticket passes0_ inner join Ticket pass1_ on passes0_.passes_id=pass1_.id left outer join TicketSeller ticketsell2_ on pass1_.seller_id=ticketsell2_.id left outer join Person person3_ on pass1_.person_id=person3_.id left outer join Card card4_ on person3_.cardNum_id=card4_.id left outer join TicketSeller ticketsell5_ on pass1_.sellers_id=ticketsell5_.id where passes0_.TicketSeller_id=?
12:29:34.415 [main] DEBUG o.h.l.p.b.i.spaces.QuerySpacesImpl - Adding QuerySpace : uid = <gen:0> -> org.hibernate.loader.plan.build.internal.spaces.CollectionQuerySpaceImpl@39f5b723]
12:29:34.415 [main] DEBUG o.h.l.p.b.i.spaces.QuerySpacesImpl - Adding QuerySpace : uid = <gen:1> -> org.hibernate.loader.plan.build.internal.spaces.EntityQuerySpaceImpl@4eaa375c]
12:29:34.415 [main] DEBUG o.h.p.w.spi.MetamodelGraphWalker - Visiting attribute path : birthdate
12:29:34.415 [main] DEBUG o.h.p.w.spi.MetamodelGraphWalker - Visiting attribute path : cardNum
12:29:34.415 [main] DEBUG o.h.l.p.b.i.spaces.QuerySpacesImpl - Adding QuerySpace : uid = <gen:2> -> org.hibernate.loader.plan.build.internal.spaces.EntityQuerySpaceImpl@2ead6ba4]
12:29:34.416 [main] DEBUG o.h.p.w.spi.MetamodelGraphWalker - Visiting attribute path : cardNum.emissionDate
12:29:34.416 [main] DEBUG o.h.p.w.spi.MetamodelGraphWalker - Visiting attribute path : cardNum.expirationDate
12:29:34.416 [main] DEBUG o.h.p.w.spi.MetamodelGraphWalker - Visiting attribute path : cardNum.person
12:29:34.416 [main] DEBUG o.h.p.w.spi.MetamodelGraphWalker - Property path deemed to be circular : cardNum.person
12:29:34.416 [main] DEBUG o.h.p.w.spi.MetamodelGraphWalker - Visiting attribute path : firstName
12:29:34.416 [main] DEBUG o.h.p.w.spi.MetamodelGraphWalker - Visiting attribute path : lastName
12:29:34.416 [main] DEBUG o.h.l.p.b.i.FetchStyleLoadPlanBuildingAssociationVisitationStrategy - Building LoadPlan...
12:29:34.416 [main] DEBUG o.h.l.p.e.i.LoadQueryJoinAndFetchProcessor - processing queryspace <gen:0>
12:29:34.416 [main] DEBUG o.h.l.p.b.spi.LoadPlanTreePrinter - LoadPlan(collection=Classes.Shop.people)
    - Returns
       - CollectionReturnImpl(collection=Classes.Shop.people, querySpaceUid=<gen:0>, path=[Classes.Shop.people])
          - (collection element) CollectionFetchableElementEntityGraph(entity=Classes.Person, querySpaceUid=<gen:1>, path=[Classes.Shop.people].<elements>)
             - EntityAttributeFetchImpl(entity=Classes.Card, querySpaceUid=<gen:2>, path=[Classes.Shop.people].<elements>.cardNum)
    - QuerySpaces
       - CollectionQuerySpaceImpl(uid=<gen:0>, collection=Classes.Shop.people)
          - SQL table alias mapping - people0_
          - alias suffix - 0_
          - suffixed key columns - {shop_id1_4_0_}
          - entity-element alias suffix - 1_
          - 1_entity-element suffixed key columns - id1_1_1_
          - JOIN (JoinDefinedByMetadata(elements)) : <gen:0> -> <gen:1>
             - EntityQuerySpaceImpl(uid=<gen:1>, entity=Classes.Person)
                - SQL table alias mapping - person1_
                - alias suffix - 1_
                - suffixed key columns - {id1_1_1_}
                - JOIN (JoinDefinedByMetadata(cardNum)) : <gen:1> -> <gen:2>
                   - EntityQuerySpaceImpl(uid=<gen:2>, entity=Classes.Card)
                      - SQL table alias mapping - card2_
                      - alias suffix - 2_
                      - suffixed key columns - {id1_0_2_}

12:29:34.416 [main] DEBUG o.h.l.c.plan.CollectionLoader - Static select for collection Classes.Shop.people: select people0_.Shop_id as shop_id1_4_0_, people0_.people_id as people_i2_4_0_, person1_.id as id1_1_1_, person1_.birthdate as birthdat2_1_1_, person1_.cardNum_id as cardnum_5_1_1_, person1_.firstName as firstnam3_1_1_, person1_.lastName as lastname4_1_1_, card2_.id as id1_0_2_, card2_.emissionDate as emission2_0_2_, card2_.expirationDate as expirati3_0_2_ from TicketSeller_Person people0_ inner join Person person1_ on people0_.people_id=person1_.id left outer join Card card2_ on person1_.cardNum_id=card2_.id where people0_.Shop_id=?
12:29:34.440 [main] INFO  o.hibernate.orm.connections.access - HHH10001501: Connection obtained from JdbcConnectionAccess [org.hibernate.engine.jdbc.env.internal.JdbcEnvironmentInitiator$ConnectionProviderJdbcConnectionAccess@54b2fc58] for (non-JTA) DDL execution was not in auto-commit mode; the Connection 'local transaction' will be committed and the Connection will be set into auto-commit mode.
12:29:34.457 [main] DEBUG org.hibernate.mapping.Table - No alter strings for table : Card
12:29:34.457 [main] DEBUG org.hibernate.mapping.Table - No alter strings for table : Person
12:29:34.457 [main] DEBUG org.hibernate.mapping.Table - No alter strings for table : Ticket
12:29:34.457 [main] DEBUG org.hibernate.mapping.Table - No alter strings for table : TicketSeller
12:29:34.457 [main] DEBUG org.hibernate.mapping.Table - No alter strings for table : TicketSeller_Person
12:29:34.457 [main] DEBUG org.hibernate.mapping.Table - No alter strings for table : TicketSeller_Ticket
12:29:34.515 [main] DEBUG o.h.e.t.j.p.i.JtaPlatformInitiator - No JtaPlatform was specified, checking resolver
12:29:34.516 [main] DEBUG o.h.e.t.j.p.i.JtaPlatformResolverInitiator - No JtaPlatformResolver was specified, using default [org.hibernate.engine.transaction.jta.platform.internal.StandardJtaPlatformResolver]
12:29:34.519 [main] DEBUG o.h.e.t.j.p.i.StandardJtaPlatformResolver - Could not resolve JtaPlatform, using default [org.hibernate.engine.transaction.jta.platform.internal.NoJtaPlatform]
12:29:34.519 [main] INFO  o.h.e.t.j.p.i.JtaPlatformInitiator - HHH000490: Using JtaPlatform implementation: [org.hibernate.engine.transaction.jta.platform.internal.NoJtaPlatform]
12:29:34.523 [main] DEBUG o.h.s.i.SessionFactoryServiceRegistryImpl - EventListenerRegistry access via ServiceRegistry is deprecated.  Use `sessionFactory.getEventEngine().getListenerRegistry()` instead
12:29:34.523 [main] DEBUG o.h.h.i.QueryTranslatorFactoryInitiator - QueryTranslatorFactory: org.hibernate.hql.internal.ast.ASTQueryTranslatorFactory@45b32dfe
12:29:34.527 [main] DEBUG o.h.query.spi.NamedQueryRepository - Checking 0 named HQL queries
12:29:34.527 [main] DEBUG o.h.query.spi.NamedQueryRepository - Checking 0 named SQL queries
12:29:34.527 [main] DEBUG o.h.internal.SessionFactoryRegistry - Initializing SessionFactoryRegistry : org.hibernate.internal.SessionFactoryRegistry@488f3dd1
12:29:34.528 [main] DEBUG o.h.internal.SessionFactoryRegistry - Registering SessionFactory: d692b822-d4b1-4fa9-8cf4-805e7158bb5e (<unnamed>)
12:29:34.528 [main] DEBUG o.h.internal.SessionFactoryRegistry - Not binding SessionFactory to JNDI, no JNDI name configured
12:29:34.555 [main] DEBUG o.h.s.internal.StatisticsInitiator - Statistics initialized [enabled=false]
12:29:34.557 [main] DEBUG o.h.e.t.internal.TransactionImpl - On TransactionImpl creation, JpaCompliance#isJpaTransactionComplianceEnabled == false
12:29:34.558 [main] DEBUG o.h.e.t.internal.TransactionImpl - begin
12:29:34.566 [main] DEBUG o.hibernate.engine.spi.ActionQueue - Executing identity-insert immediately
12:29:34.567 [main] DEBUG org.hibernate.SQL - insert into Card (emissionDate, expirationDate) values (?, ?)
12:29:34.569 [main] DEBUG o.h.id.IdentifierGeneratorHelper - Natively generated identity: 4
12:29:34.569 [main] DEBUG o.h.r.j.i.ResourceRegistryStandardImpl - HHH000387: ResultSet's statement was not registered
12:29:34.570 [main] DEBUG o.h.e.t.internal.TransactionImpl - committing
12:29:34.570 [main] DEBUG o.h.e.i.AbstractFlushingEventListener - Processing flush-time cascades
12:29:34.571 [main] DEBUG o.h.e.i.AbstractFlushingEventListener - Dirty checking collections
12:29:34.573 [main] DEBUG o.h.e.i.AbstractFlushingEventListener - Flushed: 0 insertions, 0 updates, 0 deletions to 1 objects
12:29:34.573 [main] DEBUG o.h.e.i.AbstractFlushingEventListener - Flushed: 0 (re)creations, 0 updates, 0 removals to 0 collections
12:29:34.573 [main] DEBUG o.h.internal.util.EntityPrinter - Listing entities:
12:29:34.574 [main] DEBUG o.h.internal.util.EntityPrinter - Classes.Card{emissionDate=2023-02-12, person=null, id=4, expirationDate=2024-02-12}
12:29:34.576 [main] DEBUG o.h.r.j.i.LogicalConnectionManagedImpl - Initiating JDBC connection release from afterTransaction
12:29:34.576 [main] DEBUG o.h.r.j.i.LogicalConnectionManagedImpl - Initiating JDBC connection release from afterTransaction
12:29:34.577 [main] DEBUG org.hibernate.loader.Loader - Static select for action ACTION_REFRESH on entity Classes.Card: select card0_.id as id1_0_0_, card0_.emissionDate as emission2_0_0_, card0_.expirationDate as expirati3_0_0_ from Card card0_ where card0_.id=?
12:29:34.578 [main] DEBUG org.hibernate.loader.Loader - Loading entity: [Classes.Card#4]
12:29:34.579 [main] DEBUG org.hibernate.SQL - select card0_.id as id1_0_0_, card0_.emissionDate as emission2_0_0_, card0_.expirationDate as expirati3_0_0_ from Card card0_ where card0_.id=?
12:29:34.581 [main] DEBUG org.hibernate.loader.Loader - Result set row: 0
12:29:34.581 [main] DEBUG org.hibernate.loader.Loader - Result row: EntityKey[Classes.Card#4]
12:29:34.583 [main] DEBUG o.h.engine.internal.TwoPhaseLoad - Resolving attributes for [Classes.Card#4]
12:29:34.583 [main] DEBUG o.h.engine.internal.TwoPhaseLoad - Processing attribute `emissionDate` : value = 2023-02-12
12:29:34.583 [main] DEBUG o.h.engine.internal.TwoPhaseLoad - Attribute (`emissionDate`)  - enhanced for lazy-loading? - false
12:29:34.583 [main] DEBUG o.h.engine.internal.TwoPhaseLoad - Processing attribute `expirationDate` : value = 2024-02-12
12:29:34.583 [main] DEBUG o.h.engine.internal.TwoPhaseLoad - Attribute (`expirationDate`)  - enhanced for lazy-loading? - false
12:29:34.583 [main] DEBUG o.h.engine.internal.TwoPhaseLoad - Processing attribute `person` : value = 4
12:29:34.583 [main] DEBUG o.h.engine.internal.TwoPhaseLoad - Attribute (`person`)  - enhanced for lazy-loading? - false
12:29:34.583 [main] DEBUG org.hibernate.loader.Loader - Loading entity: [Classes.Person#4]
12:29:34.584 [main] DEBUG org.hibernate.SQL - select person0_.id as id1_1_1_, person0_.birthdate as birthdat2_1_1_, person0_.cardNum_id as cardnum_5_1_1_, person0_.firstName as firstnam3_1_1_, person0_.lastName as lastname4_1_1_, card1_.id as id1_0_0_, card1_.emissionDate as emission2_0_0_, card1_.expirationDate as expirati3_0_0_ from Person person0_ left outer join Card card1_ on person0_.cardNum_id=card1_.id where person0_.cardNum_id=?
12:29:34.584 [main] DEBUG org.hibernate.loader.Loader - Done entity load
12:29:34.585 [main] DEBUG o.h.engine.internal.TwoPhaseLoad - Done materializing entity [Classes.Card#4]
12:29:34.585 [main] DEBUG org.hibernate.loader.Loader - Done entity load
12:29:34.585 [main] DEBUG o.h.e.t.internal.TransactionImpl - On TransactionImpl creation, JpaCompliance#isJpaTransactionComplianceEnabled == false
12:29:34.585 [main] DEBUG o.h.e.t.internal.TransactionImpl - begin
12:29:34.615 [main] DEBUG o.hibernate.engine.spi.ActionQueue - Executing identity-insert immediately
12:29:34.615 [main] DEBUG org.hibernate.SQL - insert into Person (birthdate, cardNum_id, firstName, lastName) values (?, ?, ?, ?)
12:29:34.617 [main] DEBUG o.h.id.IdentifierGeneratorHelper - Natively generated identity: 6
12:29:34.617 [main] DEBUG o.h.r.j.i.ResourceRegistryStandardImpl - HHH000387: ResultSet's statement was not registered
12:29:34.617 [main] DEBUG o.h.e.t.internal.TransactionImpl - committing
12:29:34.617 [main] DEBUG o.h.e.i.AbstractFlushingEventListener - Processing flush-time cascades
12:29:34.617 [main] DEBUG o.h.e.i.AbstractFlushingEventListener - Dirty checking collections
12:29:34.617 [main] DEBUG o.h.e.i.AbstractFlushingEventListener - Flushed: 0 insertions, 0 updates, 0 deletions to 1 objects
12:29:34.617 [main] DEBUG o.h.e.i.AbstractFlushingEventListener - Flushed: 0 (re)creations, 0 updates, 0 removals to 0 collections
12:29:34.617 [main] DEBUG o.h.internal.util.EntityPrinter - Listing entities:
12:29:34.617 [main] DEBUG o.h.internal.util.EntityPrinter - Classes.Person{firstName=Francesca, lastName=Neri, cardNum=null, birthdate=1977-03-22, id=6}
12:29:34.619 [main] DEBUG o.h.r.j.i.LogicalConnectionManagedImpl - Initiating JDBC connection release from afterTransaction
12:29:34.619 [main] DEBUG o.h.r.j.i.LogicalConnectionManagedImpl - Initiating JDBC connection release from afterTransaction
12:29:34.619 [main] DEBUG org.hibernate.loader.Loader - Static select for action ACTION_REFRESH on entity Classes.Person: select person0_.id as id1_1_0_, person0_.birthdate as birthdat2_1_0_, person0_.cardNum_id as cardnum_5_1_0_, person0_.firstName as firstnam3_1_0_, person0_.lastName as lastname4_1_0_ from Person person0_ where person0_.id=?
12:29:34.619 [main] DEBUG org.hibernate.loader.Loader - Loading entity: [Classes.Person#6]
12:29:34.619 [main] DEBUG org.hibernate.SQL - select person0_.id as id1_1_0_, person0_.birthdate as birthdat2_1_0_, person0_.cardNum_id as cardnum_5_1_0_, person0_.firstName as firstnam3_1_0_, person0_.lastName as lastname4_1_0_ from Person person0_ where person0_.id=?
12:29:34.620 [main] DEBUG org.hibernate.loader.Loader - Result set row: 0
12:29:34.620 [main] DEBUG org.hibernate.loader.Loader - Result row: EntityKey[Classes.Person#6]
12:29:34.621 [main] DEBUG o.h.engine.internal.TwoPhaseLoad - Resolving attributes for [Classes.Person#6]
12:29:34.621 [main] DEBUG o.h.engine.internal.TwoPhaseLoad - Processing attribute `birthdate` : value = 1977-03-22
12:29:34.621 [main] DEBUG o.h.engine.internal.TwoPhaseLoad - Attribute (`birthdate`)  - enhanced for lazy-loading? - false
12:29:34.621 [main] DEBUG o.h.engine.internal.TwoPhaseLoad - Processing attribute `cardNum` : value = null
12:29:34.621 [main] DEBUG o.h.engine.internal.TwoPhaseLoad - Attribute (`cardNum`)  - enhanced for lazy-loading? - false
12:29:34.621 [main] DEBUG o.h.engine.internal.TwoPhaseLoad - Processing attribute `firstName` : value = Francesca
12:29:34.621 [main] DEBUG o.h.engine.internal.TwoPhaseLoad - Attribute (`firstName`)  - enhanced for lazy-loading? - false
12:29:34.621 [main] DEBUG o.h.engine.internal.TwoPhaseLoad - Processing attribute `lastName` : value = Neri
12:29:34.621 [main] DEBUG o.h.engine.internal.TwoPhaseLoad - Attribute (`lastName`)  - enhanced for lazy-loading? - false
12:29:34.621 [main] DEBUG o.h.engine.internal.TwoPhaseLoad - Done materializing entity [Classes.Person#6]
12:29:34.621 [main] DEBUG org.hibernate.loader.Loader - Done entity load
12:29:34.621 [main] DEBUG o.h.e.t.internal.TransactionImpl - begin
12:29:34.624 [main] DEBUG org.hibernate.SQL - select card0_.id as id1_0_0_, card0_.emissionDate as emission2_0_0_, card0_.expirationDate as expirati3_0_0_, person1_.id as id1_1_1_, person1_.birthdate as birthdat2_1_1_, person1_.cardNum_id as cardnum_5_1_1_, person1_.firstName as firstnam3_1_1_, person1_.lastName as lastname4_1_1_ from Card card0_ left outer join Person person1_ on card0_.id=person1_.cardNum_id where card0_.id=?
12:29:34.626 [main] DEBUG o.h.l.e.p.AbstractLoadPlanBasedEntityLoader - Done entity load : Classes.Card#2
12:29:34.627 [main] DEBUG o.h.r.t.b.j.i.JdbcResourceLocalTransactionCoordinatorImpl - JDBC transaction marked for rollback-only (exception provided for stack trace)
java.lang.Exception: exception just for purpose of providing stack trace
	at org.hibernate.resource.transaction.backend.jdbc.internal.JdbcResourceLocalTransactionCoordinatorImpl$TransactionDriverControlImpl.markRollbackOnly(JdbcResourceLocalTransactionCoordinatorImpl.java:324)
	at org.hibernate.engine.transaction.internal.TransactionImpl.markRollbackOnly(TransactionImpl.java:203)
	at org.hibernate.internal.AbstractSharedSessionContract.markForRollbackOnly(AbstractSharedSessionContract.java:428)
	at org.hibernate.internal.ExceptionConverterImpl.convert(ExceptionConverterImpl.java:191)
	at org.hibernate.internal.SessionImpl.remove(SessionImpl.java:3369)
	at ClassesDAO.CardDAO.deleteCard(CardDAO.java:27)
	at MainClass.MainClass.main(MainClass.java:21)
12:30:08.769 [main] DEBUG org.jboss.logging - Logging Provider: org.jboss.logging.Slf4jLoggerProvider
12:30:08.830 [main] DEBUG o.h.jpa.HibernatePersistenceProvider - Located and parsed 2 persistence units; checking each
12:30:08.830 [main] DEBUG o.h.jpa.HibernatePersistenceProvider - Checking persistence-unit [name=HomeworkS3D3, explicit-provider=null] against incoming persistence unit name [BuildWeek_4]
12:30:08.830 [main] DEBUG o.h.jpa.HibernatePersistenceProvider - Excluding from consideration due to name mis-match
12:30:08.830 [main] DEBUG o.h.jpa.HibernatePersistenceProvider - Checking persistence-unit [name=BuildWeek_4, explicit-provider=null] against incoming persistence unit name [BuildWeek_4]
12:30:08.830 [main] DEBUG o.h.jpa.boot.spi.ProviderChecker - No PersistenceProvider explicitly requested, assuming Hibernate
12:30:08.834 [main] DEBUG o.h.jpa.internal.util.LogHelper - PersistenceUnitInfo [
	name: BuildWeek_4
	persistence provider classname: null
	classloader: null
	excludeUnlistedClasses: false
	JTA datasource: null
	Non JTA datasource: null
	Transaction type: RESOURCE_LOCAL
	PU root URL: file:/C:/Users/total/Desktop/All/Epicode/fs0223-Luca-Sernicola-BackEnd/BuildWeek_4/target/classes/
	Shared Cache Mode: null
	Validation Mode: null
	Jar files URLs []
	Managed classes names []
	Mapping files names []
	Properties [
		javax.persistence.jdbc.driver: org.postgresql.Driver
		javax.persistence.jdbc.password: root
		hibernate.dialect: org.hibernate.dialect.PostgreSQLDialect
		javax.persistence.jdbc.url: jdbc:postgresql://localhost:5432/BuildWeek
		hibernate.hbm2ddl.auto: update
		javax.persistence.jdbc.user: postgres]
12:30:08.836 [main] DEBUG o.h.i.internal.IntegratorServiceImpl - Adding Integrator [org.hibernate.cfg.beanvalidation.BeanValidationIntegrator].
12:30:08.837 [main] DEBUG o.h.i.internal.IntegratorServiceImpl - Adding Integrator [org.hibernate.secure.spi.JaccIntegrator].
12:30:08.839 [main] DEBUG o.h.i.internal.IntegratorServiceImpl - Adding Integrator [org.hibernate.cache.internal.CollectionCacheInvalidator].
12:30:08.863 [main] INFO  org.hibernate.Version - HHH000412: Hibernate ORM core version 5.6.15.Final
12:30:08.864 [main] DEBUG org.hibernate.cfg.Environment - HHH000206: hibernate.properties not found
12:30:08.962 [main] DEBUG o.h.service.spi.ServiceBinding - Overriding existing service binding [org.hibernate.secure.spi.JaccService]
12:30:08.969 [main] DEBUG o.h.c.i.RegionFactoryInitiator - Cannot default RegionFactory based on registered strategies as `[]` RegionFactory strategies were registered
12:30:08.970 [main] DEBUG o.h.c.i.RegionFactoryInitiator - Cache region factory : org.hibernate.cache.internal.NoCachingRegionFactory
12:30:08.980 [main] INFO  o.h.annotations.common.Version - HCANN000001: Hibernate Commons Annotations {5.1.2.Final}
12:30:09.034 [main] DEBUG o.hibernate.type.BasicTypeRegistry - Adding type registration boolean -> org.hibernate.type.BooleanType@726e5805
12:30:09.035 [main] DEBUG o.hibernate.type.BasicTypeRegistry - Adding type registration boolean -> org.hibernate.type.BooleanType@726e5805
12:30:09.035 [main] DEBUG o.hibernate.type.BasicTypeRegistry - Adding type registration java.lang.Boolean -> org.hibernate.type.BooleanType@726e5805
12:30:09.035 [main] DEBUG o.hibernate.type.BasicTypeRegistry - Adding type registration numeric_boolean -> org.hibernate.type.NumericBooleanType@e077866
12:30:09.035 [main] DEBUG o.hibernate.type.BasicTypeRegistry - Adding type registration true_false -> org.hibernate.type.TrueFalseType@a8e6492
12:30:09.036 [main] DEBUG o.hibernate.type.BasicTypeRegistry - Adding type registration yes_no -> org.hibernate.type.YesNoType@2e11485
12:30:09.036 [main] DEBUG o.hibernate.type.BasicTypeRegistry - Adding type registration byte -> org.hibernate.type.ByteType@75c9e76b
12:30:09.036 [main] DEBUG o.hibernate.type.BasicTypeRegistry - Adding type registration byte -> org.hibernate.type.ByteType@75c9e76b
12:30:09.037 [main] DEBUG o.hibernate.type.BasicTypeRegistry - Adding type registration java.lang.Byte -> org.hibernate.type.ByteType@75c9e76b
12:30:09.037 [main] DEBUG o.hibernate.type.BasicTypeRegistry - Adding type registration character -> org.hibernate.type.CharacterType@12bcd0c0
12:30:09.037 [main] DEBUG o.hibernate.type.BasicTypeRegistry - Adding type registration char -> org.hibernate.type.CharacterType@12bcd0c0
12:30:09.037 [main] DEBUG o.hibernate.type.BasicTypeRegistry - Adding type registration java.lang.Character -> org.hibernate.type.CharacterType@12bcd0c0
12:30:09.038 [main] DEBUG o.hibernate.type.BasicTypeRegistry - Adding type registration short -> org.hibernate.type.ShortType@58ebfd03
12:30:09.038 [main] DEBUG o.hibernate.type.BasicTypeRegistry - Adding type registration short -> org.hibernate.type.ShortType@58ebfd03
12:30:09.038 [main] DEBUG o.hibernate.type.BasicTypeRegistry - Adding type registration java.lang.Short -> org.hibernate.type.ShortType@58ebfd03
12:30:09.038 [main] DEBUG o.hibernate.type.BasicTypeRegistry - Adding type registration integer -> org.hibernate.type.IntegerType@5c87bfe2
12:30:09.038 [main] DEBUG o.hibernate.type.BasicTypeRegistry - Adding type registration int -> org.hibernate.type.IntegerType@5c87bfe2
12:30:09.038 [main] DEBUG o.hibernate.type.BasicTypeRegistry - Adding type registration java.lang.Integer -> org.hibernate.type.IntegerType@5c87bfe2
12:30:09.038 [main] DEBUG o.hibernate.type.BasicTypeRegistry - Adding type registration long -> org.hibernate.type.LongType@7a791b66
12:30:09.038 [main] DEBUG o.hibernate.type.BasicTypeRegistry - Adding type registration long -> org.hibernate.type.LongType@7a791b66
12:30:09.038 [main] DEBUG o.hibernate.type.BasicTypeRegistry - Adding type registration java.lang.Long -> org.hibernate.type.LongType@7a791b66
12:30:09.039 [main] DEBUG o.hibernate.type.BasicTypeRegistry - Adding type registration float -> org.hibernate.type.FloatType@4fc5e095
12:30:09.039 [main] DEBUG o.hibernate.type.BasicTypeRegistry - Adding type registration float -> org.hibernate.type.FloatType@4fc5e095
12:30:09.039 [main] DEBUG o.hibernate.type.BasicTypeRegistry - Adding type registration java.lang.Float -> org.hibernate.type.FloatType@4fc5e095
12:30:09.039 [main] DEBUG o.hibernate.type.BasicTypeRegistry - Adding type registration double -> org.hibernate.type.DoubleType@62ea3440
12:30:09.039 [main] DEBUG o.hibernate.type.BasicTypeRegistry - Adding type registration double -> org.hibernate.type.DoubleType@62ea3440
12:30:09.040 [main] DEBUG o.hibernate.type.BasicTypeRegistry - Adding type registration java.lang.Double -> org.hibernate.type.DoubleType@62ea3440
12:30:09.040 [main] DEBUG o.hibernate.type.BasicTypeRegistry - Adding type registration big_decimal -> org.hibernate.type.BigDecimalType@749c877b
12:30:09.040 [main] DEBUG o.hibernate.type.BasicTypeRegistry - Adding type registration java.math.BigDecimal -> org.hibernate.type.BigDecimalType@749c877b
12:30:09.040 [main] DEBUG o.hibernate.type.BasicTypeRegistry - Adding type registration big_integer -> org.hibernate.type.BigIntegerType@160ac7fb
12:30:09.041 [main] DEBUG o.hibernate.type.BasicTypeRegistry - Adding type registration java.math.BigInteger -> org.hibernate.type.BigIntegerType@160ac7fb
12:30:09.041 [main] DEBUG o.hibernate.type.BasicTypeRegistry - Adding type registration string -> org.hibernate.type.StringType@618c5d94
12:30:09.041 [main] DEBUG o.hibernate.type.BasicTypeRegistry - Adding type registration java.lang.String -> org.hibernate.type.StringType@618c5d94
12:30:09.041 [main] DEBUG o.hibernate.type.BasicTypeRegistry - Adding type registration nstring -> org.hibernate.type.StringNVarcharType@1e63ec0b
12:30:09.042 [main] DEBUG o.hibernate.type.BasicTypeRegistry - Adding type registration ncharacter -> org.hibernate.type.CharacterNCharType@295eaa7c
12:30:09.042 [main] DEBUG o.hibernate.type.BasicTypeRegistry - Adding type registration url -> org.hibernate.type.UrlType@1dd0e7c4
12:30:09.042 [main] DEBUG o.hibernate.type.BasicTypeRegistry - Adding type registration java.net.URL -> org.hibernate.type.UrlType@1dd0e7c4
12:30:09.043 [main] DEBUG o.hibernate.type.BasicTypeRegistry - Adding type registration Duration -> org.hibernate.type.DurationType@37bd68c3
12:30:09.043 [main] DEBUG o.hibernate.type.BasicTypeRegistry - Adding type registration java.time.Duration -> org.hibernate.type.DurationType@37bd68c3
12:30:09.043 [main] DEBUG o.hibernate.type.BasicTypeRegistry - Adding type registration Instant -> org.hibernate.type.InstantType@4bff1903
12:30:09.043 [main] DEBUG o.hibernate.type.BasicTypeRegistry - Adding type registration java.time.Instant -> org.hibernate.type.InstantType@4bff1903
12:30:09.044 [main] DEBUG o.hibernate.type.BasicTypeRegistry - Adding type registration LocalDateTime -> org.hibernate.type.LocalDateTimeType@f79a760
12:30:09.044 [main] DEBUG o.hibernate.type.BasicTypeRegistry - Adding type registration java.time.LocalDateTime -> org.hibernate.type.LocalDateTimeType@f79a760
12:30:09.044 [main] DEBUG o.hibernate.type.BasicTypeRegistry - Adding type registration LocalDate -> org.hibernate.type.LocalDateType@652a7737
12:30:09.044 [main] DEBUG o.hibernate.type.BasicTypeRegistry - Adding type registration java.time.LocalDate -> org.hibernate.type.LocalDateType@652a7737
12:30:09.046 [main] DEBUG o.hibernate.type.BasicTypeRegistry - Adding type registration LocalTime -> org.hibernate.type.LocalTimeType@4e28bdd1
12:30:09.046 [main] DEBUG o.hibernate.type.BasicTypeRegistry - Adding type registration java.time.LocalTime -> org.hibernate.type.LocalTimeType@4e28bdd1
12:30:09.047 [main] DEBUG o.hibernate.type.BasicTypeRegistry - Adding type registration OffsetDateTime -> org.hibernate.type.OffsetDateTimeType@a8c1f44
12:30:09.047 [main] DEBUG o.hibernate.type.BasicTypeRegistry - Adding type registration java.time.OffsetDateTime -> org.hibernate.type.OffsetDateTimeType@a8c1f44
12:30:09.048 [main] DEBUG o.hibernate.type.BasicTypeRegistry - Adding type registration OffsetTime -> org.hibernate.type.OffsetTimeType@78a287ed
12:30:09.048 [main] DEBUG o.hibernate.type.BasicTypeRegistry - Adding type registration java.time.OffsetTime -> org.hibernate.type.OffsetTimeType@78a287ed
12:30:09.048 [main] DEBUG o.hibernate.type.BasicTypeRegistry - Adding type registration ZonedDateTime -> org.hibernate.type.ZonedDateTimeType@2b43529a
12:30:09.048 [main] DEBUG o.hibernate.type.BasicTypeRegistry - Adding type registration java.time.ZonedDateTime -> org.hibernate.type.ZonedDateTimeType@2b43529a
12:30:09.049 [main] DEBUG o.hibernate.type.BasicTypeRegistry - Adding type registration date -> org.hibernate.type.DateType@3829ac1
12:30:09.049 [main] DEBUG o.hibernate.type.BasicTypeRegistry - Adding type registration java.sql.Date -> org.hibernate.type.DateType@3829ac1
12:30:09.050 [main] DEBUG o.hibernate.type.BasicTypeRegistry - Adding type registration time -> org.hibernate.type.TimeType@2dbe250d
12:30:09.050 [main] DEBUG o.hibernate.type.BasicTypeRegistry - Adding type registration java.sql.Time -> org.hibernate.type.TimeType@2dbe250d
12:30:09.050 [main] DEBUG o.hibernate.type.BasicTypeRegistry - Adding type registration timestamp -> org.hibernate.type.TimestampType@47404bea
12:30:09.050 [main] DEBUG o.hibernate.type.BasicTypeRegistry - Adding type registration java.sql.Timestamp -> org.hibernate.type.TimestampType@47404bea
12:30:09.050 [main] DEBUG o.hibernate.type.BasicTypeRegistry - Adding type registration java.util.Date -> org.hibernate.type.TimestampType@47404bea
12:30:09.051 [main] DEBUG o.hibernate.type.BasicTypeRegistry - Adding type registration dbtimestamp -> org.hibernate.type.DbTimestampType@29e6eb25
12:30:09.053 [main] DEBUG o.hibernate.type.BasicTypeRegistry - Adding type registration calendar -> org.hibernate.type.CalendarType@275fe372
12:30:09.053 [main] DEBUG o.hibernate.type.BasicTypeRegistry - Adding type registration java.util.Calendar -> org.hibernate.type.CalendarType@275fe372
12:30:09.053 [main] DEBUG o.hibernate.type.BasicTypeRegistry - Adding type registration java.util.GregorianCalendar -> org.hibernate.type.CalendarType@275fe372
12:30:09.053 [main] DEBUG o.hibernate.type.BasicTypeRegistry - Adding type registration calendar_date -> org.hibernate.type.CalendarDateType@366ef90e
12:30:09.053 [main] DEBUG o.hibernate.type.BasicTypeRegistry - Adding type registration calendar_time -> org.hibernate.type.CalendarTimeType@21aa6d6c
12:30:09.054 [main] DEBUG o.hibernate.type.BasicTypeRegistry - Adding type registration locale -> org.hibernate.type.LocaleType@3f446bef
12:30:09.054 [main] DEBUG o.hibernate.type.BasicTypeRegistry - Adding type registration java.util.Locale -> org.hibernate.type.LocaleType@3f446bef
12:30:09.055 [main] DEBUG o.hibernate.type.BasicTypeRegistry - Adding type registration currency -> org.hibernate.type.CurrencyType@1c80e49b
12:30:09.055 [main] DEBUG o.hibernate.type.BasicTypeRegistry - Adding type registration java.util.Currency -> org.hibernate.type.CurrencyType@1c80e49b
12:30:09.055 [main] DEBUG o.hibernate.type.BasicTypeRegistry - Adding type registration timezone -> org.hibernate.type.TimeZoneType@56f6d40b
12:30:09.055 [main] DEBUG o.hibernate.type.BasicTypeRegistry - Adding type registration java.util.TimeZone -> org.hibernate.type.TimeZoneType@56f6d40b
12:30:09.056 [main] DEBUG o.hibernate.type.BasicTypeRegistry - Adding type registration class -> org.hibernate.type.ClassType@7e3060d8
12:30:09.056 [main] DEBUG o.hibernate.type.BasicTypeRegistry - Adding type registration java.lang.Class -> org.hibernate.type.ClassType@7e3060d8
12:30:09.056 [main] DEBUG o.hibernate.type.BasicTypeRegistry - Adding type registration uuid-binary -> org.hibernate.type.UUIDBinaryType@2e54db99
12:30:09.056 [main] DEBUG o.hibernate.type.BasicTypeRegistry - Adding type registration java.util.UUID -> org.hibernate.type.UUIDBinaryType@2e54db99
12:30:09.056 [main] DEBUG o.hibernate.type.BasicTypeRegistry - Adding type registration uuid-char -> org.hibernate.type.UUIDCharType@65a4798f
12:30:09.057 [main] DEBUG o.hibernate.type.BasicTypeRegistry - Adding type registration binary -> org.hibernate.type.BinaryType@773cbf4f
12:30:09.057 [main] DEBUG o.hibernate.type.BasicTypeRegistry - Adding type registration byte[] -> org.hibernate.type.BinaryType@773cbf4f
12:30:09.057 [main] DEBUG o.hibernate.type.BasicTypeRegistry - Adding type registration [B -> org.hibernate.type.BinaryType@773cbf4f
12:30:09.057 [main] DEBUG o.hibernate.type.BasicTypeRegistry - Adding type registration wrapper-binary -> org.hibernate.type.WrapperBinaryType@69637b10
12:30:09.058 [main] DEBUG o.hibernate.type.BasicTypeRegistry - Adding type registration Byte[] -> org.hibernate.type.WrapperBinaryType@69637b10
12:30:09.058 [main] DEBUG o.hibernate.type.BasicTypeRegistry - Adding type registration [Ljava.lang.Byte; -> org.hibernate.type.WrapperBinaryType@69637b10
12:30:09.058 [main] DEBUG o.hibernate.type.BasicTypeRegistry - Adding type registration row_version -> org.hibernate.type.RowVersionType@470a696f
12:30:09.058 [main] DEBUG o.hibernate.type.BasicTypeRegistry - Adding type registration image -> org.hibernate.type.ImageType@3f1c5af9
12:30:09.059 [main] DEBUG o.hibernate.type.BasicTypeRegistry - Adding type registration characters -> org.hibernate.type.CharArrayType@1de5f0ef
12:30:09.059 [main] DEBUG o.hibernate.type.BasicTypeRegistry - Adding type registration char[] -> org.hibernate.type.CharArrayType@1de5f0ef
12:30:09.059 [main] DEBUG o.hibernate.type.BasicTypeRegistry - Adding type registration [C -> org.hibernate.type.CharArrayType@1de5f0ef
12:30:09.059 [main] DEBUG o.hibernate.type.BasicTypeRegistry - Adding type registration wrapper-characters -> org.hibernate.type.CharacterArrayType@3ce3db41
12:30:09.059 [main] DEBUG o.hibernate.type.BasicTypeRegistry - Adding type registration [Ljava.lang.Character; -> org.hibernate.type.CharacterArrayType@3ce3db41
12:30:09.059 [main] DEBUG o.hibernate.type.BasicTypeRegistry - Adding type registration Character[] -> org.hibernate.type.CharacterArrayType@3ce3db41
12:30:09.060 [main] DEBUG o.hibernate.type.BasicTypeRegistry - Adding type registration text -> org.hibernate.type.TextType@2c3dec30
12:30:09.060 [main] DEBUG o.hibernate.type.BasicTypeRegistry - Adding type registration ntext -> org.hibernate.type.NTextType@3fc9dfc5
12:30:09.061 [main] DEBUG o.hibernate.type.BasicTypeRegistry - Adding type registration blob -> org.hibernate.type.BlobType@4ba534b0
12:30:09.061 [main] DEBUG o.hibernate.type.BasicTypeRegistry - Adding type registration java.sql.Blob -> org.hibernate.type.BlobType@4ba534b0
12:30:09.061 [main] DEBUG o.hibernate.type.BasicTypeRegistry - Adding type registration materialized_blob -> org.hibernate.type.MaterializedBlobType@4e517165
12:30:09.062 [main] DEBUG o.hibernate.type.BasicTypeRegistry - Adding type registration clob -> org.hibernate.type.ClobType@34625ccd
12:30:09.062 [main] DEBUG o.hibernate.type.BasicTypeRegistry - Adding type registration java.sql.Clob -> org.hibernate.type.ClobType@34625ccd
12:30:09.062 [main] DEBUG o.hibernate.type.BasicTypeRegistry - Adding type registration nclob -> org.hibernate.type.NClobType@346939bf
12:30:09.062 [main] DEBUG o.hibernate.type.BasicTypeRegistry - Adding type registration java.sql.NClob -> org.hibernate.type.NClobType@346939bf
12:30:09.063 [main] DEBUG o.hibernate.type.BasicTypeRegistry - Adding type registration materialized_clob -> org.hibernate.type.MaterializedClobType@9bd0fa6
12:30:09.063 [main] DEBUG o.hibernate.type.BasicTypeRegistry - Adding type registration materialized_nclob -> org.hibernate.type.MaterializedNClobType@f6c03cb
12:30:09.063 [main] DEBUG o.hibernate.type.BasicTypeRegistry - Adding type registration serializable -> org.hibernate.type.SerializableType@1c9f0a20
12:30:09.065 [main] DEBUG o.hibernate.type.BasicTypeRegistry - Adding type registration object -> org.hibernate.type.ObjectType@4ae33a11
12:30:09.065 [main] DEBUG o.hibernate.type.BasicTypeRegistry - Adding type registration java.lang.Object -> org.hibernate.type.ObjectType@4ae33a11
12:30:09.065 [main] DEBUG o.hibernate.type.BasicTypeRegistry - Adding type registration imm_date -> org.hibernate.type.AdaptedImmutableType@5049d8b2
12:30:09.065 [main] DEBUG o.hibernate.type.BasicTypeRegistry - Adding type registration imm_time -> org.hibernate.type.AdaptedImmutableType@6d0b5baf
12:30:09.065 [main] DEBUG o.hibernate.type.BasicTypeRegistry - Adding type registration imm_timestamp -> org.hibernate.type.AdaptedImmutableType@631e06ab
12:30:09.066 [main] DEBUG o.hibernate.type.BasicTypeRegistry - Adding type registration imm_dbtimestamp -> org.hibernate.type.AdaptedImmutableType@2a3591c5
12:30:09.066 [main] DEBUG o.hibernate.type.BasicTypeRegistry - Adding type registration imm_calendar -> org.hibernate.type.AdaptedImmutableType@34a75079
12:30:09.066 [main] DEBUG o.hibernate.type.BasicTypeRegistry - Adding type registration imm_calendar_date -> org.hibernate.type.AdaptedImmutableType@346a361
12:30:09.066 [main] DEBUG o.hibernate.type.BasicTypeRegistry - Adding type registration imm_binary -> org.hibernate.type.AdaptedImmutableType@107ed6fc
12:30:09.066 [main] DEBUG o.hibernate.type.BasicTypeRegistry - Adding type registration imm_serializable -> org.hibernate.type.AdaptedImmutableType@1643d68f
12:30:09.072 [main] DEBUG o.h.b.internal.BootstrapContextImpl - Injecting ScanEnvironment [org.hibernate.jpa.boot.internal.StandardJpaScanEnvironmentImpl@c7a975a] into BootstrapContext; was [null]
12:30:09.072 [main] DEBUG o.h.b.internal.BootstrapContextImpl - Injecting ScanOptions [org.hibernate.boot.archive.scan.internal.StandardScanOptions@2c1b9e4b] into BootstrapContext; was [org.hibernate.boot.archive.scan.internal.StandardScanOptions@757d6814]
12:30:09.105 [main] DEBUG o.h.b.internal.BootstrapContextImpl - Injecting JPA temp ClassLoader [null] into BootstrapContext; was [null]
12:30:09.105 [main] DEBUG o.h.b.internal.ClassLoaderAccessImpl - ClassLoaderAccessImpl#injectTempClassLoader(null) [was null]
12:30:09.111 [main] DEBUG o.h.i.f.i.DefaultIdentifierGeneratorFactory - Registering IdentifierGenerator strategy [uuid2] -> [org.hibernate.id.UUIDGenerator]
12:30:09.111 [main] DEBUG o.h.i.f.i.DefaultIdentifierGeneratorFactory - Registering IdentifierGenerator strategy [guid] -> [org.hibernate.id.GUIDGenerator]
12:30:09.111 [main] DEBUG o.h.i.f.i.DefaultIdentifierGeneratorFactory - Registering IdentifierGenerator strategy [uuid] -> [org.hibernate.id.UUIDHexGenerator]
12:30:09.112 [main] DEBUG o.h.i.f.i.DefaultIdentifierGeneratorFactory - Registering IdentifierGenerator strategy [uuid.hex] -> [org.hibernate.id.UUIDHexGenerator]
12:30:09.112 [main] DEBUG o.h.i.f.i.DefaultIdentifierGeneratorFactory - Registering IdentifierGenerator strategy [assigned] -> [org.hibernate.id.Assigned]
12:30:09.112 [main] DEBUG o.h.i.f.i.DefaultIdentifierGeneratorFactory - Registering IdentifierGenerator strategy [identity] -> [org.hibernate.id.IdentityGenerator]
12:30:09.113 [main] DEBUG o.h.i.f.i.DefaultIdentifierGeneratorFactory - Registering IdentifierGenerator strategy [select] -> [org.hibernate.id.SelectGenerator]
12:30:09.113 [main] DEBUG o.h.i.f.i.DefaultIdentifierGeneratorFactory - Registering IdentifierGenerator strategy [sequence] -> [org.hibernate.id.enhanced.SequenceStyleGenerator]
12:30:09.114 [main] DEBUG o.h.i.f.i.DefaultIdentifierGeneratorFactory - Registering IdentifierGenerator strategy [seqhilo] -> [org.hibernate.id.SequenceHiLoGenerator]
12:30:09.114 [main] DEBUG o.h.i.f.i.DefaultIdentifierGeneratorFactory - Registering IdentifierGenerator strategy [increment] -> [org.hibernate.id.IncrementGenerator]
12:30:09.114 [main] DEBUG o.h.i.f.i.DefaultIdentifierGeneratorFactory - Registering IdentifierGenerator strategy [foreign] -> [org.hibernate.id.ForeignGenerator]
12:30:09.114 [main] DEBUG o.h.i.f.i.DefaultIdentifierGeneratorFactory - Registering IdentifierGenerator strategy [sequence-identity] -> [org.hibernate.id.SequenceIdentityGenerator]
12:30:09.114 [main] DEBUG o.h.i.f.i.DefaultIdentifierGeneratorFactory - Registering IdentifierGenerator strategy [enhanced-sequence] -> [org.hibernate.id.enhanced.SequenceStyleGenerator]
12:30:09.115 [main] DEBUG o.h.i.f.i.DefaultIdentifierGeneratorFactory - Registering IdentifierGenerator strategy [enhanced-table] -> [org.hibernate.id.enhanced.TableGenerator]
12:30:09.118 [main] WARN  o.hibernate.orm.connections.pooling - HHH10001002: Using Hibernate built-in connection pool (not for production use!)
12:30:09.121 [main] INFO  o.hibernate.orm.connections.pooling - HHH10001005: using driver [org.postgresql.Driver] at URL [jdbc:postgresql://localhost:5432/BuildWeek]
12:30:09.121 [main] INFO  o.hibernate.orm.connections.pooling - HHH10001001: Connection properties: {password=root, user=postgres}
12:30:09.121 [main] INFO  o.hibernate.orm.connections.pooling - HHH10001003: Autocommit mode: false
12:30:09.123 [main] DEBUG o.h.e.j.c.i.DriverManagerConnectionProviderImpl - Initializing Connection pool with 1 Connections
12:30:09.123 [main] INFO  o.h.e.j.c.i.DriverManagerConnectionProviderImpl - HHH000115: Hibernate connection pool size: 20 (min=1)
12:30:09.280 [main] DEBUG o.h.e.j.e.i.JdbcEnvironmentInitiator - Database ->
       name : PostgreSQL
    version : 15.3
      major : 15
      minor : 3
12:30:09.280 [main] DEBUG o.h.e.j.e.i.JdbcEnvironmentInitiator - Driver ->
       name : PostgreSQL JDBC Driver
    version : 42.6.0
      major : 42
      minor : 6
12:30:09.281 [main] DEBUG o.h.e.j.e.i.JdbcEnvironmentInitiator - JDBC version : 4.2
12:30:09.287 [main] INFO  org.hibernate.dialect.Dialect - HHH000400: Using dialect: org.hibernate.dialect.PostgreSQLDialect
12:30:09.296 [main] DEBUG o.h.e.j.e.s.IdentifierHelperBuilder - JDBC driver metadata reported database stores quoted identifiers in neither upper, lower nor mixed case
12:30:09.314 [main] DEBUG o.hibernate.type.BasicTypeRegistry - Adding type registration pg-uuid -> org.hibernate.type.PostgresUUIDType@52a36910
12:30:09.314 [main] DEBUG o.hibernate.type.BasicTypeRegistry - Adding type registration java.util.UUID -> org.hibernate.type.PostgresUUIDType@52a36910
12:30:09.315 [main] DEBUG o.hibernate.type.BasicTypeRegistry - HHH000270: Type registration [java.util.UUID] overrides previous : org.hibernate.type.UUIDBinaryType@2e54db99
12:30:09.316 [main] DEBUG o.h.type.spi.TypeConfiguration$Scope - Scoping TypeConfiguration [org.hibernate.type.spi.TypeConfiguration@6079cf5] to MetadataBuildingContext [org.hibernate.boot.internal.MetadataBuildingContextRootImpl@1e6308a9]
12:30:09.339 [main] DEBUG o.h.boot.model.relational.Namespace - Created database namespace [logicalName=Name{catalog=null, schema=null}, physicalName=Name{catalog=null, schema=null}]
12:30:09.347 [main] DEBUG org.hibernate.cfg.AnnotationBinder - Binding entity from annotated class: Abstract.TicketSeller
12:30:09.355 [main] DEBUG org.hibernate.cfg.Ejb3Column - Binding column: Ejb3DiscriminatorColumn{logicalColumnName'Elementi', discriminatorTypeName='string'}
12:30:09.359 [main] DEBUG o.h.cfg.annotations.EntityBinder - Import with entity name TicketSeller
12:30:09.362 [main] DEBUG o.h.cfg.annotations.EntityBinder - Bind entity Abstract.TicketSeller on table TicketSeller
12:30:09.378 [main] DEBUG org.hibernate.cfg.Ejb3Column - Binding column: Ejb3Column{table=org.hibernate.mapping.Table(TicketSeller), mappingColumn=id, insertable=true, updatable=true, unique=false}
12:30:09.379 [main] DEBUG o.h.b.internal.ClassLoaderAccessImpl - Not known whether passed class name [Abstract.TicketSeller] is safe
12:30:09.379 [main] DEBUG o.h.b.internal.ClassLoaderAccessImpl - No temp ClassLoader provided; using live ClassLoader for loading potentially unsafe class : Abstract.TicketSeller
12:30:09.380 [main] DEBUG o.h.cfg.annotations.PropertyBinder - MetadataSourceProcessor property id with lazy=false
12:30:09.381 [main] DEBUG o.h.cfg.AbstractPropertyHolder - Attempting to locate auto-apply AttributeConverter for property [Abstract.TicketSeller:id]
12:30:09.383 [main] DEBUG o.h.c.annotations.SimpleValueBinder - building SimpleValue for id
12:30:09.383 [main] DEBUG o.h.cfg.annotations.PropertyBinder - Building property id
12:30:09.386 [main] DEBUG org.hibernate.cfg.BinderHelper - #makeIdGenerator(org.hibernate.mapping.SimpleValue([org.hibernate.mapping.Column(id)]), id, org.hibernate.id.enhanced.SequenceStyleGenerator, elCat_seq, ...)
12:30:09.387 [main] DEBUG org.hibernate.cfg.Ejb3Column - Binding column: Ejb3Column{table=org.hibernate.mapping.Table(TicketSeller), mappingColumn=seller_name, insertable=true, updatable=true, unique=false}
12:30:09.387 [main] DEBUG o.h.cfg.annotations.PropertyBinder - MetadataSourceProcessor property name with lazy=false
12:30:09.387 [main] DEBUG o.h.cfg.AbstractPropertyHolder - Attempting to locate auto-apply AttributeConverter for property [Abstract.TicketSeller:name]
12:30:09.387 [main] DEBUG o.h.c.annotations.SimpleValueBinder - building SimpleValue for name
12:30:09.387 [main] DEBUG o.h.cfg.annotations.PropertyBinder - Building property name
12:30:09.388 [main] DEBUG org.hibernate.cfg.Ejb3Column - Binding column: Ejb3JoinColumn{logicalColumnName='null', referencedColumn='null', mappedBy=''}
12:30:09.388 [main] DEBUG org.hibernate.cfg.Ejb3Column - Binding column: Ejb3Column{table=org.hibernate.mapping.Table(TicketSeller), mappingColumn=passes, insertable=true, updatable=true, unique=false}
12:30:09.388 [main] DEBUG org.hibernate.cfg.Ejb3Column - Binding column: Ejb3Column{table=org.hibernate.mapping.Table(TicketSeller), mappingColumn=null, insertable=true, updatable=true, unique=false}
12:30:09.394 [main] DEBUG org.hibernate.cfg.Ejb3Column - Binding column: Ejb3Column{table=org.hibernate.mapping.Table(TicketSeller), mappingColumn=element, insertable=true, updatable=true, unique=false}
12:30:09.394 [main] DEBUG org.hibernate.cfg.Ejb3Column - Binding column: Ejb3Column{table=org.hibernate.mapping.Table(TicketSeller), mappingColumn=passes_KEY, insertable=true, updatable=true, unique=false}
12:30:09.394 [main] DEBUG org.hibernate.cfg.Ejb3Column - Binding column: Ejb3JoinColumn{logicalColumnName='passes_KEY', referencedColumn='null', mappedBy='null'}
12:30:09.395 [main] DEBUG org.hibernate.cfg.Ejb3Column - Binding column: Ejb3JoinColumn{logicalColumnName='null', referencedColumn='null', mappedBy=''}
12:30:09.395 [main] DEBUG org.hibernate.cfg.Ejb3Column - Binding column: Ejb3JoinColumn{logicalColumnName='null', referencedColumn='null', mappedBy=''}
12:30:09.396 [main] DEBUG o.h.cfg.annotations.CollectionBinder - Collection role: Abstract.TicketSeller.passes
12:30:09.396 [main] DEBUG o.h.cfg.annotations.PropertyBinder - Building property passes
12:30:09.396 [main] DEBUG org.hibernate.cfg.Ejb3Column - Binding column: Ejb3JoinColumn{logicalColumnName='null', referencedColumn='null', mappedBy=''}
12:30:09.396 [main] DEBUG org.hibernate.cfg.Ejb3Column - Binding column: Ejb3Column{table=org.hibernate.mapping.Table(TicketSeller), mappingColumn=tickets, insertable=true, updatable=true, unique=false}
12:30:09.396 [main] DEBUG org.hibernate.cfg.Ejb3Column - Binding column: Ejb3Column{table=org.hibernate.mapping.Table(TicketSeller), mappingColumn=null, insertable=true, updatable=true, unique=false}
12:30:09.396 [main] DEBUG org.hibernate.cfg.Ejb3Column - Binding column: Ejb3Column{table=org.hibernate.mapping.Table(TicketSeller), mappingColumn=element, insertable=true, updatable=true, unique=false}
12:30:09.398 [main] DEBUG org.hibernate.cfg.Ejb3Column - Binding column: Ejb3Column{table=org.hibernate.mapping.Table(TicketSeller), mappingColumn=tickets_KEY, insertable=true, updatable=true, unique=false}
12:30:09.398 [main] DEBUG org.hibernate.cfg.Ejb3Column - Binding column: Ejb3JoinColumn{logicalColumnName='tickets_KEY', referencedColumn='null', mappedBy='null'}
12:30:09.398 [main] DEBUG org.hibernate.cfg.Ejb3Column - Binding column: Ejb3JoinColumn{logicalColumnName='null', referencedColumn='null', mappedBy=''}
12:30:09.398 [main] DEBUG org.hibernate.cfg.Ejb3Column - Binding column: Ejb3JoinColumn{logicalColumnName='null', referencedColumn='null', mappedBy=''}
12:30:09.398 [main] DEBUG o.h.cfg.annotations.CollectionBinder - Collection role: Abstract.TicketSeller.tickets
12:30:09.398 [main] DEBUG o.h.cfg.annotations.PropertyBinder - Building property tickets
12:30:09.401 [main] DEBUG org.hibernate.cfg.AnnotationBinder - Binding entity from annotated class: Classes.Card
12:30:09.401 [main] DEBUG org.hibernate.cfg.Ejb3Column - Binding column: Ejb3DiscriminatorColumn{logicalColumnName'DTYPE', discriminatorTypeName='string'}
12:30:09.401 [main] DEBUG o.h.cfg.annotations.EntityBinder - Import with entity name Card
12:30:09.401 [main] DEBUG o.h.cfg.annotations.EntityBinder - Bind entity Classes.Card on table Card
12:30:09.403 [main] DEBUG org.hibernate.cfg.Ejb3Column - Binding column: Ejb3Column{table=org.hibernate.mapping.Table(Card), mappingColumn=id, insertable=true, updatable=true, unique=false}
12:30:09.403 [main] DEBUG o.h.b.internal.ClassLoaderAccessImpl - Not known whether passed class name [Classes.Card] is safe
12:30:09.403 [main] DEBUG o.h.b.internal.ClassLoaderAccessImpl - No temp ClassLoader provided; using live ClassLoader for loading potentially unsafe class : Classes.Card
12:30:09.403 [main] DEBUG o.h.cfg.annotations.PropertyBinder - MetadataSourceProcessor property id with lazy=false
12:30:09.403 [main] DEBUG o.h.cfg.AbstractPropertyHolder - Attempting to locate auto-apply AttributeConverter for property [Classes.Card:id]
12:30:09.403 [main] DEBUG o.h.c.annotations.SimpleValueBinder - building SimpleValue for id
12:30:09.404 [main] DEBUG o.h.cfg.annotations.PropertyBinder - Building property id
12:30:09.404 [main] DEBUG org.hibernate.cfg.BinderHelper - #makeIdGenerator(org.hibernate.mapping.SimpleValue([org.hibernate.mapping.Column(id)]), id, identity, , ...)
12:30:09.404 [main] DEBUG org.hibernate.cfg.Ejb3Column - Binding column: Ejb3Column{table=org.hibernate.mapping.Table(Card), mappingColumn=emissionDate, insertable=true, updatable=true, unique=false}
12:30:09.404 [main] DEBUG o.h.cfg.annotations.PropertyBinder - MetadataSourceProcessor property emissionDate with lazy=false
12:30:09.404 [main] DEBUG o.h.cfg.AbstractPropertyHolder - Attempting to locate auto-apply AttributeConverter for property [Classes.Card:emissionDate]
12:30:09.404 [main] DEBUG o.h.c.annotations.SimpleValueBinder - building SimpleValue for emissionDate
12:30:09.404 [main] DEBUG o.h.cfg.annotations.PropertyBinder - Building property emissionDate
12:30:09.404 [main] DEBUG org.hibernate.cfg.Ejb3Column - Binding column: Ejb3Column{table=org.hibernate.mapping.Table(Card), mappingColumn=expirationDate, insertable=true, updatable=true, unique=false}
12:30:09.404 [main] DEBUG o.h.cfg.annotations.PropertyBinder - MetadataSourceProcessor property expirationDate with lazy=false
12:30:09.404 [main] DEBUG o.h.cfg.AbstractPropertyHolder - Attempting to locate auto-apply AttributeConverter for property [Classes.Card:expirationDate]
12:30:09.404 [main] DEBUG o.h.c.annotations.SimpleValueBinder - building SimpleValue for expirationDate
12:30:09.404 [main] DEBUG o.h.cfg.annotations.PropertyBinder - Building property expirationDate
12:30:09.404 [main] DEBUG org.hibernate.cfg.Ejb3Column - Binding column: Ejb3JoinColumn{logicalColumnName='null', referencedColumn='null', mappedBy='cardNum'}
12:30:09.405 [main] DEBUG org.hibernate.cfg.Ejb3Column - Binding column: Ejb3Column{table=org.hibernate.mapping.Table(Card), mappingColumn=person, insertable=true, updatable=true, unique=false}
12:30:09.406 [main] DEBUG org.hibernate.cfg.AnnotationBinder - Binding entity from annotated class: Classes.Person
12:30:09.406 [main] DEBUG org.hibernate.cfg.Ejb3Column - Binding column: Ejb3DiscriminatorColumn{logicalColumnName'DTYPE', discriminatorTypeName='string'}
12:30:09.406 [main] DEBUG o.h.cfg.annotations.EntityBinder - Import with entity name Person
12:30:09.406 [main] DEBUG o.h.cfg.annotations.EntityBinder - Bind entity Classes.Person on table Person
12:30:09.406 [main] DEBUG org.hibernate.cfg.Ejb3Column - Binding column: Ejb3Column{table=org.hibernate.mapping.Table(Person), mappingColumn=id, insertable=true, updatable=true, unique=false}
12:30:09.406 [main] DEBUG o.h.b.internal.ClassLoaderAccessImpl - Not known whether passed class name [Classes.Person] is safe
12:30:09.406 [main] DEBUG o.h.b.internal.ClassLoaderAccessImpl - No temp ClassLoader provided; using live ClassLoader for loading potentially unsafe class : Classes.Person
12:30:09.406 [main] DEBUG o.h.cfg.annotations.PropertyBinder - MetadataSourceProcessor property id with lazy=false
12:30:09.406 [main] DEBUG o.h.cfg.AbstractPropertyHolder - Attempting to locate auto-apply AttributeConverter for property [Classes.Person:id]
12:30:09.408 [main] DEBUG o.h.c.annotations.SimpleValueBinder - building SimpleValue for id
12:30:09.408 [main] DEBUG o.h.cfg.annotations.PropertyBinder - Building property id
12:30:09.408 [main] DEBUG org.hibernate.cfg.BinderHelper - #makeIdGenerator(org.hibernate.mapping.SimpleValue([org.hibernate.mapping.Column(id)]), id, identity, , ...)
12:30:09.408 [main] DEBUG org.hibernate.cfg.Ejb3Column - Binding column: Ejb3Column{table=org.hibernate.mapping.Table(Person), mappingColumn=birthdate, insertable=true, updatable=true, unique=false}
12:30:09.408 [main] DEBUG o.h.cfg.annotations.PropertyBinder - MetadataSourceProcessor property birthdate with lazy=false
12:30:09.408 [main] DEBUG o.h.cfg.AbstractPropertyHolder - Attempting to locate auto-apply AttributeConverter for property [Classes.Person:birthdate]
12:30:09.408 [main] DEBUG o.h.c.annotations.SimpleValueBinder - building SimpleValue for birthdate
12:30:09.408 [main] DEBUG o.h.cfg.annotations.PropertyBinder - Building property birthdate
12:30:09.408 [main] DEBUG org.hibernate.cfg.Ejb3Column - Binding column: Ejb3JoinColumn{logicalColumnName='null', referencedColumn='null', mappedBy=''}
12:30:09.408 [main] DEBUG org.hibernate.cfg.Ejb3Column - Binding column: Ejb3Column{table=org.hibernate.mapping.Table(Person), mappingColumn=cardNum, insertable=true, updatable=true, unique=false}
12:30:09.409 [main] DEBUG o.h.cfg.annotations.PropertyBinder - Building property cardNum
12:30:09.409 [main] DEBUG org.hibernate.cfg.Ejb3Column - Binding column: Ejb3Column{table=org.hibernate.mapping.Table(Person), mappingColumn=firstName, insertable=true, updatable=true, unique=false}
12:30:09.409 [main] DEBUG o.h.cfg.annotations.PropertyBinder - MetadataSourceProcessor property firstName with lazy=false
12:30:09.409 [main] DEBUG o.h.cfg.AbstractPropertyHolder - Attempting to locate auto-apply AttributeConverter for property [Classes.Person:firstName]
12:30:09.409 [main] DEBUG o.h.c.annotations.SimpleValueBinder - building SimpleValue for firstName
12:30:09.409 [main] DEBUG o.h.cfg.annotations.PropertyBinder - Building property firstName
12:30:09.409 [main] DEBUG org.hibernate.cfg.Ejb3Column - Binding column: Ejb3Column{table=org.hibernate.mapping.Table(Person), mappingColumn=lastName, insertable=true, updatable=true, unique=false}
12:30:09.410 [main] DEBUG o.h.cfg.annotations.PropertyBinder - MetadataSourceProcessor property lastName with lazy=false
12:30:09.410 [main] DEBUG o.h.cfg.AbstractPropertyHolder - Attempting to locate auto-apply AttributeConverter for property [Classes.Person:lastName]
12:30:09.410 [main] DEBUG o.h.c.annotations.SimpleValueBinder - building SimpleValue for lastName
12:30:09.410 [main] DEBUG o.h.cfg.annotations.PropertyBinder - Building property lastName
12:30:09.410 [main] DEBUG org.hibernate.cfg.AnnotationBinder - Binding entity from annotated class: Classes.Ticket
12:30:09.410 [main] DEBUG org.hibernate.cfg.Ejb3Column - Binding column: Ejb3DiscriminatorColumn{logicalColumnName'DTYPE', discriminatorTypeName='string'}
12:30:09.410 [main] DEBUG o.h.cfg.annotations.EntityBinder - Import with entity name Ticket
12:30:09.410 [main] DEBUG o.h.cfg.annotations.EntityBinder - Bind entity Classes.Ticket on table Ticket
12:30:09.411 [main] DEBUG org.hibernate.cfg.Ejb3Column - Binding column: Ejb3Column{table=org.hibernate.mapping.Table(Ticket), mappingColumn=id, insertable=true, updatable=true, unique=false}
12:30:09.411 [main] DEBUG o.h.b.internal.ClassLoaderAccessImpl - Not known whether passed class name [Classes.Ticket] is safe
12:30:09.412 [main] DEBUG o.h.b.internal.ClassLoaderAccessImpl - No temp ClassLoader provided; using live ClassLoader for loading potentially unsafe class : Classes.Ticket
12:30:09.412 [main] DEBUG o.h.cfg.annotations.PropertyBinder - MetadataSourceProcessor property id with lazy=false
12:30:09.412 [main] DEBUG o.h.cfg.AbstractPropertyHolder - Attempting to locate auto-apply AttributeConverter for property [Classes.Ticket:id]
12:30:09.412 [main] DEBUG o.h.c.annotations.SimpleValueBinder - building SimpleValue for id
12:30:09.412 [main] DEBUG o.h.cfg.annotations.PropertyBinder - Building property id
12:30:09.412 [main] DEBUG org.hibernate.cfg.BinderHelper - #makeIdGenerator(org.hibernate.mapping.SimpleValue([org.hibernate.mapping.Column(id)]), id, identity, , ...)
12:30:09.412 [main] DEBUG org.hibernate.cfg.Ejb3Column - Binding column: Ejb3JoinColumn{logicalColumnName='null', referencedColumn='null', mappedBy='null'}
12:30:09.412 [main] DEBUG org.hibernate.cfg.Ejb3Column - Binding column: Ejb3Column{table=org.hibernate.mapping.Table(Ticket), mappingColumn=seller, insertable=true, updatable=true, unique=false}
12:30:09.412 [main] DEBUG o.h.cfg.annotations.PropertyBinder - Building property seller
12:30:09.413 [main] DEBUG org.hibernate.cfg.AnnotationBinder - Binding entity from annotated class: Classes.Pass
12:30:09.413 [main] DEBUG o.h.cfg.annotations.EntityBinder - Import with entity name Pass
12:30:09.414 [main] DEBUG org.hibernate.cfg.Ejb3Column - Binding column: Ejb3JoinColumn{logicalColumnName='null', referencedColumn='null', mappedBy=''}
12:30:09.414 [main] DEBUG org.hibernate.cfg.Ejb3Column - Binding column: Ejb3Column{table=org.hibernate.mapping.Table(Ticket), mappingColumn=person, insertable=true, updatable=true, unique=false}
12:30:09.414 [main] DEBUG o.h.cfg.annotations.PropertyBinder - Building property person
12:30:09.414 [main] DEBUG org.hibernate.cfg.Ejb3Column - Binding column: Ejb3JoinColumn{logicalColumnName='null', referencedColumn='null', mappedBy='null'}
12:30:09.414 [main] DEBUG org.hibernate.cfg.Ejb3Column - Binding column: Ejb3Column{table=org.hibernate.mapping.Table(Ticket), mappingColumn=sellers, insertable=true, updatable=true, unique=false}
12:30:09.414 [main] DEBUG o.h.cfg.annotations.PropertyBinder - Building property sellers
12:30:09.414 [main] DEBUG org.hibernate.cfg.Ejb3Column - Binding column: Ejb3Column{table=org.hibernate.mapping.Table(Ticket), mappingColumn=validity, insertable=true, updatable=true, unique=false}
12:30:09.415 [main] DEBUG o.h.cfg.annotations.PropertyBinder - MetadataSourceProcessor property validity with lazy=false
12:30:09.415 [main] DEBUG o.h.cfg.AbstractPropertyHolder - Attempting to locate auto-apply AttributeConverter for property [Classes.Pass:validity]
12:30:09.416 [main] DEBUG o.h.c.annotations.SimpleValueBinder - building SimpleValue for validity
12:30:09.416 [main] DEBUG o.h.cfg.annotations.PropertyBinder - Building property validity
12:30:09.416 [main] DEBUG org.hibernate.cfg.AnnotationBinder - Binding entity from annotated class: Classes.Shop
12:30:09.416 [main] DEBUG o.h.cfg.annotations.EntityBinder - Import with entity name Shop
12:30:09.416 [main] DEBUG org.hibernate.cfg.AnnotationBinder - Skipping attribute [java.util.List : passes] as it was already processed as part of super hierarchy
12:30:09.416 [main] DEBUG org.hibernate.cfg.Ejb3Column - Binding column: Ejb3JoinColumn{logicalColumnName='null', referencedColumn='null', mappedBy=''}
12:30:09.416 [main] DEBUG org.hibernate.cfg.Ejb3Column - Binding column: Ejb3Column{table=org.hibernate.mapping.Table(TicketSeller), mappingColumn=people, insertable=true, updatable=true, unique=false}
12:30:09.416 [main] DEBUG org.hibernate.cfg.Ejb3Column - Binding column: Ejb3Column{table=org.hibernate.mapping.Table(TicketSeller), mappingColumn=null, insertable=true, updatable=true, unique=false}
12:30:09.418 [main] DEBUG org.hibernate.cfg.Ejb3Column - Binding column: Ejb3Column{table=org.hibernate.mapping.Table(TicketSeller), mappingColumn=element, insertable=true, updatable=true, unique=false}
12:30:09.418 [main] DEBUG org.hibernate.cfg.Ejb3Column - Binding column: Ejb3Column{table=org.hibernate.mapping.Table(TicketSeller), mappingColumn=people_KEY, insertable=true, updatable=true, unique=false}
12:30:09.418 [main] DEBUG org.hibernate.cfg.Ejb3Column - Binding column: Ejb3JoinColumn{logicalColumnName='people_KEY', referencedColumn='null', mappedBy='null'}
12:30:09.418 [main] DEBUG org.hibernate.cfg.Ejb3Column - Binding column: Ejb3JoinColumn{logicalColumnName='null', referencedColumn='null', mappedBy=''}
12:30:09.418 [main] DEBUG org.hibernate.cfg.Ejb3Column - Binding column: Ejb3JoinColumn{logicalColumnName='null', referencedColumn='null', mappedBy=''}
12:30:09.418 [main] DEBUG o.h.cfg.annotations.CollectionBinder - Collection role: Classes.Shop.people
12:30:09.418 [main] DEBUG o.h.cfg.annotations.PropertyBinder - Building property people
12:30:09.418 [main] DEBUG org.hibernate.cfg.AnnotationBinder - Skipping attribute [java.util.List : tickets] as it was already processed as part of super hierarchy
12:30:09.418 [main] DEBUG org.hibernate.cfg.AnnotationBinder - Binding entity from annotated class: Classes.VendingMachine
12:30:09.418 [main] DEBUG o.h.cfg.annotations.EntityBinder - Import with entity name VendingMachine
12:30:09.419 [main] DEBUG org.hibernate.cfg.Ejb3Column - Binding column: Ejb3Column{table=org.hibernate.mapping.Table(TicketSeller), mappingColumn=isWorking, insertable=true, updatable=true, unique=false}
12:30:09.419 [main] DEBUG o.h.cfg.annotations.PropertyBinder - MetadataSourceProcessor property isWorking with lazy=false
12:30:09.419 [main] DEBUG o.h.cfg.AbstractPropertyHolder - Attempting to locate auto-apply AttributeConverter for property [Classes.VendingMachine:isWorking]
12:30:09.419 [main] DEBUG o.h.c.annotations.SimpleValueBinder - building SimpleValue for isWorking
12:30:09.419 [main] DEBUG o.h.cfg.annotations.PropertyBinder - Building property isWorking
12:30:09.421 [main] DEBUG o.h.c.annotations.SimpleValueBinder - Starting fillSimpleValue for id
12:30:09.421 [main] DEBUG o.h.c.annotations.SimpleValueBinder - Starting fillSimpleValue for name
12:30:09.421 [main] DEBUG o.h.c.annotations.SimpleValueBinder - Starting fillSimpleValue for id
12:30:09.421 [main] DEBUG o.h.c.annotations.SimpleValueBinder - Starting fillSimpleValue for emissionDate
12:30:09.421 [main] DEBUG o.h.c.annotations.SimpleValueBinder - Starting fillSimpleValue for expirationDate
12:30:09.421 [main] DEBUG o.h.c.annotations.SimpleValueBinder - Starting fillSimpleValue for id
12:30:09.421 [main] DEBUG o.h.c.annotations.SimpleValueBinder - Starting fillSimpleValue for birthdate
12:30:09.421 [main] DEBUG o.h.c.annotations.SimpleValueBinder - Starting fillSimpleValue for firstName
12:30:09.421 [main] DEBUG o.h.c.annotations.SimpleValueBinder - Starting fillSimpleValue for lastName
12:30:09.421 [main] DEBUG o.h.c.annotations.SimpleValueBinder - Starting fillSimpleValue for id
12:30:09.421 [main] DEBUG o.h.c.annotations.SimpleValueBinder - Starting fillSimpleValue for validity
12:30:09.422 [main] DEBUG o.h.c.annotations.SimpleValueBinder - Starting fillSimpleValue for isWorking
12:30:09.425 [main] DEBUG org.hibernate.mapping.PrimaryKey - Forcing column [id] to be non-null as it is part of the primary key for table [ticketseller]
12:30:09.425 [main] DEBUG org.hibernate.mapping.PrimaryKey - Forcing column [id] to be non-null as it is part of the primary key for table [card]
12:30:09.425 [main] DEBUG org.hibernate.mapping.PrimaryKey - Forcing column [id] to be non-null as it is part of the primary key for table [person]
12:30:09.425 [main] DEBUG org.hibernate.mapping.PrimaryKey - Forcing column [id] to be non-null as it is part of the primary key for table [ticket]
12:30:09.425 [main] DEBUG o.hibernate.cfg.CollectionSecondPass - Second pass for collection: Classes.Shop.people
12:30:09.426 [main] DEBUG o.h.cfg.annotations.CollectionBinder - Binding a OneToMany: Classes.Shop.people through an association table
12:30:09.430 [main] DEBUG o.hibernate.cfg.CollectionSecondPass - Mapped collection key: Shop_id, element: people_id
12:30:09.430 [main] DEBUG o.hibernate.cfg.CollectionSecondPass - Second pass for collection: Abstract.TicketSeller.tickets
12:30:09.430 [main] DEBUG o.h.cfg.annotations.CollectionBinder - Binding a OneToMany: Abstract.TicketSeller.tickets through an association table
12:30:09.431 [main] DEBUG o.hibernate.cfg.CollectionSecondPass - Mapped collection key: TicketSeller_id, element: tickets_id
12:30:09.431 [main] DEBUG o.hibernate.cfg.CollectionSecondPass - Second pass for collection: Abstract.TicketSeller.passes
12:30:09.431 [main] DEBUG o.h.cfg.annotations.CollectionBinder - Binding a OneToMany: Abstract.TicketSeller.passes through an association table
12:30:09.431 [main] DEBUG o.hibernate.cfg.CollectionSecondPass - Mapped collection key: TicketSeller_id, element: passes_id
12:30:09.432 [main] DEBUG o.h.cfg.annotations.PropertyBinder - Building property person
12:30:09.432 [main] DEBUG o.h.b.i.InFlightMetadataCollectorImpl - Processing association property references
12:30:09.433 [main] DEBUG o.h.b.i.InFlightMetadataCollectorImpl - Resolving reference to class: Classes.Card
12:30:09.434 [main] DEBUG o.h.b.i.InFlightMetadataCollectorImpl - Resolving reference to class: Abstract.TicketSeller
12:30:09.434 [main] DEBUG o.h.b.i.InFlightMetadataCollectorImpl - Resolving reference to class: Classes.Person
12:30:09.434 [main] DEBUG o.h.b.i.InFlightMetadataCollectorImpl - Resolving reference to class: Abstract.TicketSeller
12:30:09.434 [main] DEBUG o.h.b.i.InFlightMetadataCollectorImpl - Resolving reference to class: Classes.Person
12:30:09.434 [main] DEBUG o.h.b.i.InFlightMetadataCollectorImpl - Resolving reference to class: Classes.Shop
12:30:09.434 [main] DEBUG o.h.b.i.InFlightMetadataCollectorImpl - Resolving reference to class: Classes.Ticket
12:30:09.434 [main] DEBUG o.h.b.i.InFlightMetadataCollectorImpl - Resolving reference to class: Abstract.TicketSeller
12:30:09.434 [main] DEBUG o.h.b.i.InFlightMetadataCollectorImpl - Resolving reference to class: Classes.Pass
12:30:09.435 [main] DEBUG o.h.b.i.InFlightMetadataCollectorImpl - Processing association property references
12:30:09.436 [main] DEBUG o.h.b.i.InFlightMetadataCollectorImpl - Resolving reference to class: Classes.Card
12:30:09.436 [main] DEBUG o.h.b.i.InFlightMetadataCollectorImpl - Resolving reference to class: Abstract.TicketSeller
12:30:09.436 [main] DEBUG o.h.b.i.InFlightMetadataCollectorImpl - Resolving reference to class: Classes.Person
12:30:09.436 [main] DEBUG o.h.b.i.InFlightMetadataCollectorImpl - Resolving reference to class: Abstract.TicketSeller
12:30:09.436 [main] DEBUG o.h.b.i.InFlightMetadataCollectorImpl - Resolving reference to class: Classes.Person
12:30:09.436 [main] DEBUG o.h.b.i.InFlightMetadataCollectorImpl - Resolving reference to class: Classes.Shop
12:30:09.436 [main] DEBUG o.h.b.i.InFlightMetadataCollectorImpl - Resolving reference to class: Classes.Ticket
12:30:09.436 [main] DEBUG o.h.b.i.InFlightMetadataCollectorImpl - Resolving reference to class: Abstract.TicketSeller
12:30:09.436 [main] DEBUG o.h.b.i.InFlightMetadataCollectorImpl - Resolving reference to class: Classes.Pass
12:30:09.470 [main] DEBUG o.h.internal.SessionFactoryImpl - Building session factory
12:30:09.470 [main] DEBUG org.hibernate.cfg.Settings - SessionFactory name : null
12:30:09.470 [main] DEBUG org.hibernate.cfg.Settings - Automatic flush during beforeCompletion(): enabled
12:30:09.470 [main] DEBUG org.hibernate.cfg.Settings - Automatic session close at end of transaction: disabled
12:30:09.470 [main] DEBUG org.hibernate.cfg.Settings - Statistics: disabled
12:30:09.471 [main] DEBUG org.hibernate.cfg.Settings - Deleted entity synthetic identifier rollback: disabled
12:30:09.471 [main] DEBUG org.hibernate.cfg.Settings - Default entity-mode: pojo
12:30:09.471 [main] DEBUG org.hibernate.cfg.Settings - Check Nullability in Core (should be disabled when Bean Validation is on): enabled
12:30:09.471 [main] DEBUG org.hibernate.cfg.Settings - Allow initialization of lazy state outside session : disabled
12:30:09.471 [main] DEBUG org.hibernate.cfg.Settings - Using BatchFetchStyle : LEGACY
12:30:09.471 [main] DEBUG org.hibernate.cfg.Settings - Default batch fetch size: -1
12:30:09.471 [main] DEBUG org.hibernate.cfg.Settings - Maximum outer join fetch depth: null
12:30:09.471 [main] DEBUG org.hibernate.cfg.Settings - Default null ordering: NONE
12:30:09.471 [main] DEBUG org.hibernate.cfg.Settings - Order SQL updates by primary key: disabled
12:30:09.471 [main] DEBUG org.hibernate.cfg.Settings - Order SQL inserts for batching: disabled
12:30:09.471 [main] DEBUG org.hibernate.cfg.Settings - multi-tenancy strategy : NONE
12:30:09.471 [main] DEBUG org.hibernate.cfg.Settings - JTA Track by Thread: enabled
12:30:09.471 [main] DEBUG org.hibernate.cfg.Settings - Query language substitutions: {}
12:30:09.471 [main] DEBUG org.hibernate.cfg.Settings - Named query checking : enabled
12:30:09.471 [main] DEBUG org.hibernate.cfg.Settings - Second-level cache: disabled
12:30:09.471 [main] DEBUG org.hibernate.cfg.Settings - Second-level query cache: disabled
12:30:09.471 [main] DEBUG org.hibernate.cfg.Settings - Second-level query cache factory: null
12:30:09.471 [main] DEBUG org.hibernate.cfg.Settings - Second-level cache region prefix: null
12:30:09.471 [main] DEBUG org.hibernate.cfg.Settings - Optimize second-level cache for minimal puts: disabled
12:30:09.471 [main] DEBUG org.hibernate.cfg.Settings - Structured second-level cache entries: disabled
12:30:09.471 [main] DEBUG org.hibernate.cfg.Settings - Second-level cache direct-reference entries: disabled
12:30:09.471 [main] DEBUG org.hibernate.cfg.Settings - Automatic eviction of collection cache: disabled
12:30:09.471 [main] DEBUG org.hibernate.cfg.Settings - JDBC batch size: 15
12:30:09.471 [main] DEBUG org.hibernate.cfg.Settings - JDBC batch updates for versioned data: enabled
12:30:09.471 [main] DEBUG org.hibernate.cfg.Settings - Scrollable result sets: enabled
12:30:09.471 [main] DEBUG org.hibernate.cfg.Settings - Wrap result sets: disabled
12:30:09.471 [main] DEBUG org.hibernate.cfg.Settings - JDBC3 getGeneratedKeys(): enabled
12:30:09.471 [main] DEBUG org.hibernate.cfg.Settings - JDBC result set fetch size: null
12:30:09.471 [main] DEBUG org.hibernate.cfg.Settings - Connection release mode: AFTER_TRANSACTION
12:30:09.471 [main] DEBUG org.hibernate.cfg.Settings - Generate SQL with comments: disabled
12:30:09.472 [main] DEBUG org.hibernate.cfg.Settings - JPA compliance - query : disabled
12:30:09.472 [main] DEBUG org.hibernate.cfg.Settings - JPA compliance - closed-handling : disabled
12:30:09.472 [main] DEBUG org.hibernate.cfg.Settings - JPA compliance - lists : disabled
12:30:09.472 [main] DEBUG org.hibernate.cfg.Settings - JPA compliance - transactions : disabled
12:30:09.478 [main] DEBUG o.h.b.internal.ClassLoaderAccessImpl - Not known whether passed class name [Classes.Pass] is safe
12:30:09.478 [main] DEBUG o.h.b.internal.ClassLoaderAccessImpl - No temp ClassLoader provided; using live ClassLoader for loading potentially unsafe class : Classes.Pass
12:30:09.478 [main] DEBUG o.h.b.internal.ClassLoaderAccessImpl - Not known whether passed class name [Classes.Shop] is safe
12:30:09.478 [main] DEBUG o.h.b.internal.ClassLoaderAccessImpl - No temp ClassLoader provided; using live ClassLoader for loading potentially unsafe class : Classes.Shop
12:30:09.478 [main] DEBUG o.h.b.internal.ClassLoaderAccessImpl - Not known whether passed class name [Classes.VendingMachine] is safe
12:30:09.478 [main] DEBUG o.h.b.internal.ClassLoaderAccessImpl - No temp ClassLoader provided; using live ClassLoader for loading potentially unsafe class : Classes.VendingMachine
12:30:09.504 [main] DEBUG o.h.s.i.SessionFactoryServiceRegistryImpl - EventListenerRegistry access via ServiceRegistry is deprecated.  Use `sessionFactory.getEventEngine().getListenerRegistry()` instead
12:30:09.505 [main] DEBUG o.h.s.i.SessionFactoryServiceRegistryImpl - EventListenerRegistry access via ServiceRegistry is deprecated.  Use `sessionFactory.getEventEngine().getListenerRegistry()` instead
12:30:09.512 [main] DEBUG o.h.internal.SessionFactoryImpl - Session factory constructed with filter configurations : {}
12:30:09.512 [main] DEBUG o.h.internal.SessionFactoryImpl - Instantiating session factory with properties: {java.specification.version=17, sun.cpu.isalist=amd64, sun.jnu.encoding=Cp1252, hibernate.dialect=org.hibernate.dialect.PostgreSQLDialect, java.class.path=C:\Users\total\Desktop\All\Epicode\fs0223-Luca-Sernicola-BackEnd\BuildWeek_4\target\classes;C:\Users\total\.m2\repository\ch\qos\logback\logback-classic\1.4.8\logback-classic-1.4.8.jar;C:\Users\total\.m2\repository\ch\qos\logback\logback-core\1.4.8\logback-core-1.4.8.jar;C:\Users\total\.m2\repository\org\slf4j\slf4j-api\2.0.7\slf4j-api-2.0.7.jar;C:\Users\total\.m2\repository\commons-io\commons-io\2.13.0\commons-io-2.13.0.jar;C:\Users\total\.m2\repository\org\postgresql\postgresql\42.6.0\postgresql-42.6.0.jar;C:\Users\total\.m2\repository\org\checkerframework\checker-qual\3.31.0\checker-qual-3.31.0.jar;C:\Users\total\.m2\repository\org\hibernate\hibernate-core\5.6.15.Final\hibernate-core-5.6.15.Final.jar;C:\Users\total\.m2\repository\org\jboss\logging\jboss-logging\3.4.3.Final\jboss-logging-3.4.3.Final.jar;C:\Users\total\.m2\repository\javax\persistence\javax.persistence-api\2.2\javax.persistence-api-2.2.jar;C:\Users\total\.m2\repository\net\bytebuddy\byte-buddy\1.12.18\byte-buddy-1.12.18.jar;C:\Users\total\.m2\repository\antlr\antlr\2.7.7\antlr-2.7.7.jar;C:\Users\total\.m2\repository\org\jboss\spec\javax\transaction\jboss-transaction-api_1.2_spec\1.1.1.Final\jboss-transaction-api_1.2_spec-1.1.1.Final.jar;C:\Users\total\.m2\repository\org\jboss\jandex\2.4.2.Final\jandex-2.4.2.Final.jar;C:\Users\total\.m2\repository\com\fasterxml\classmate\1.5.1\classmate-1.5.1.jar;C:\Users\total\.m2\repository\javax\activation\javax.activation-api\1.2.0\javax.activation-api-1.2.0.jar;C:\Users\total\.m2\repository\org\hibernate\common\hibernate-commons-annotations\5.1.2.Final\hibernate-commons-annotations-5.1.2.Final.jar;C:\Users\total\.m2\repository\javax\xml\bind\jaxb-api\2.3.1\jaxb-api-2.3.1.jar;C:\Users\total\.m2\repository\org\glassfish\jaxb\jaxb-runtime\2.3.1\jaxb-runtime-2.3.1.jar;C:\Users\total\.m2\repository\org\glassfish\jaxb\txw2\2.3.1\txw2-2.3.1.jar;C:\Users\total\.m2\repository\com\sun\istack\istack-commons-runtime\3.0.7\istack-commons-runtime-3.0.7.jar;C:\Users\total\.m2\repository\org\jvnet\staxex\stax-ex\1.8\stax-ex-1.8.jar;C:\Users\total\.m2\repository\com\sun\xml\fastinfoset\FastInfoset\1.2.15\FastInfoset-1.2.15.jar;C:\Users\total\Desktop\All\Epicode\fs0223-Luca-Sernicola-BackEnd\Homework_W3_D3\target\classes, java.vm.vendor=Eclipse Adoptium, sun.arch.data.model=64, user.variant=, java.vendor.url=https://adoptium.net/, user.timezone=Europe/Rome, javax.persistence.jdbc.url=jdbc:postgresql://localhost:5432/BuildWeek, javax.persistence.jdbc.user=****, java.vm.specification.version=17, os.name=Windows 11, jakarta.persistence.jdbc.password=****, sun.java.launcher=SUN_STANDARD, user.country=US, local.setting.IS_JTA_TXN_COORD=false, sun.boot.library.path=C:\Users\total\.p2\pool\plugins\org.eclipse.justj.openjdk.hotspot.jre.full.win32.x86_64_17.0.7.v20230425-1502\jre\bin, sun.java.command=MainClass.MainClass, jdk.debug=release, jakarta.persistence.jdbc.driver=org.postgresql.Driver, sun.cpu.endian=little, user.home=C:\Users\total, user.language=en, java.specification.vendor=Oracle Corporation, java.version.date=2023-04-18, java.home=C:\Users\total\.p2\pool\plugins\org.eclipse.justj.openjdk.hotspot.jre.full.win32.x86_64_17.0.7.v20230425-1502\jre, file.separator=\, java.vm.compressedOopsMode=Zero based, jakarta.persistence.jdbc.user=****, line.separator=
, hibernate.persistenceUnitName=BuildWeek_4, java.vm.specification.vendor=Oracle Corporation, java.specification.name=Java Platform API Specification, hibernate.transaction.coordinator_class=class org.hibernate.resource.transaction.backend.jdbc.internal.JdbcResourceLocalTransactionCoordinatorBuilderImpl, javax.persistence.jdbc.driver=org.postgresql.Driver, hibernate.hbm2ddl.auto=update, user.script=, sun.management.compiler=HotSpot 64-Bit Tiered Compilers, java.runtime.version=17.0.7+7, user.name=total, path.separator=;, hibernate.connection.username=****, os.version=10.0, java.runtime.name=OpenJDK Runtime Environment, hibernate.connection.url=jdbc:postgresql://localhost:5432/BuildWeek, file.encoding=UTF-8, hibernate.ejb.persistenceUnitName=BuildWeek_4, java.vm.name=OpenJDK 64-Bit Server VM, java.vendor.version=Temurin-17.0.7+7, hibernate.connection.driver_class=org.postgresql.Driver, java.vendor.url.bug=https://github.com/adoptium/adoptium-support/issues, java.io.tmpdir=C:\Users\total\AppData\Local\Temp\, java.version=17.0.7, user.dir=C:\Users\total\Desktop\All\Epicode\fs0223-Luca-Sernicola-BackEnd\BuildWeek_4, os.arch=amd64, java.vm.specification.name=Java Virtual Machine Specification, hibernate.connection.password=****, sun.os.patch.level=, jakarta.persistence.jdbc.url=jdbc:postgresql://localhost:5432/BuildWeek, hibernate.boot.CfgXmlAccessService.key=org.hibernate.boot.registry.StandardServiceRegistryBuilder$1@48eb9836, native.encoding=Cp1252, java.library.path=C:\Users\total\.p2\pool\plugins\org.eclipse.justj.openjdk.hotspot.jre.full.win32.x86_64_17.0.7.v20230425-1502\jre\bin;C:\windows\Sun\Java\bin;C:\windows\system32;C:\windows;C:/Users/total/.p2/pool/plugins/org.eclipse.justj.openjdk.hotspot.jre.full.win32.x86_64_17.0.7.v20230425-1502/jre/bin/server;C:/Users/total/.p2/pool/plugins/org.eclipse.justj.openjdk.hotspot.jre.full.win32.x86_64_17.0.7.v20230425-1502/jre/bin;C:\Program Files\Eclipse Adoptium\jdk-17.0.7.7-hotspot\bin;C:\Program Files (x86)\NVIDIA Corporation\PhysX\Common;C:\windows\system32;C:\windows;C:\windows\System32\Wbem;C:\windows\System32\WindowsPowerShell\v1.0\;C:\windows\System32\OpenSSH\;C:\Program Files\Git\cmd;C:\Program Files\nodejs\;C:\Users\total\AppData\Local\Microsoft\WindowsApps;C:\Users\total\AppData\Local\Programs\Microsoft VS Code\bin;C:\Users\total\AppData\Roaming\npm;C:\Users\total\AppData\Local\GitHubDesktop\bin;C:\windows\System32;;., java.vendor=Eclipse Adoptium, java.vm.info=mixed mode, java.vm.version=17.0.7+7, hibernate.bytecode.use_reflection_optimizer=false, sun.io.unicode.encoding=UnicodeLittle, javax.persistence.jdbc.password=****, java.class.version=61.0}
12:30:09.522 [main] DEBUG o.h.secure.spi.JaccIntegrator - Skipping JACC integration as it was not enabled
12:30:09.525 [main] DEBUG org.hibernate.type.EnumType - Using ORDINAL-based conversion for Enum Enums.Validity
12:30:09.526 [main] DEBUG o.h.internal.SessionFactoryImpl - Instantiated session factory
12:30:09.526 [main] DEBUG o.h.type.spi.TypeConfiguration$Scope - Scoping TypeConfiguration [org.hibernate.type.spi.TypeConfiguration@6079cf5] to SessionFactoryImpl [org.hibernate.internal.SessionFactoryImpl@72456279]
12:30:09.558 [main] DEBUG o.h.b.internal.ClassLoaderAccessImpl - Not known whether passed class name [Abstract.TicketSeller] is safe
12:30:09.558 [main] DEBUG o.h.b.internal.ClassLoaderAccessImpl - No temp ClassLoader provided; using live ClassLoader for loading potentially unsafe class : Abstract.TicketSeller
12:30:09.561 [main] DEBUG o.h.b.internal.ClassLoaderAccessImpl - Not known whether passed class name [Classes.Shop] is safe
12:30:09.561 [main] DEBUG o.h.b.internal.ClassLoaderAccessImpl - No temp ClassLoader provided; using live ClassLoader for loading potentially unsafe class : Classes.Shop
12:30:09.561 [main] DEBUG o.h.b.internal.ClassLoaderAccessImpl - Not known whether passed class name [Classes.VendingMachine] is safe
12:30:09.561 [main] DEBUG o.h.b.internal.ClassLoaderAccessImpl - No temp ClassLoader provided; using live ClassLoader for loading potentially unsafe class : Classes.VendingMachine
12:30:09.669 [main] DEBUG o.hibernate.orm.bytecode.interceptor - To-one property `Classes.Card#person` was mapped with LAZY + NO_PROXY but the class was not enhanced
12:30:09.669 [main] DEBUG o.hibernate.orm.bytecode.interceptor - To-one property `Classes.Card#person` was mapped with LAZY + NO_PROXY but the class was not enhanced
12:30:09.669 [main] DEBUG o.h.b.internal.ClassLoaderAccessImpl - Not known whether passed class name [Classes.Card] is safe
12:30:09.669 [main] DEBUG o.h.b.internal.ClassLoaderAccessImpl - No temp ClassLoader provided; using live ClassLoader for loading potentially unsafe class : Classes.Card
12:30:09.678 [main] DEBUG o.hibernate.orm.bytecode.interceptor - To-one property `Classes.Card#person` was mapped with LAZY + NO_PROXY but the class was not enhanced
12:30:09.678 [main] DEBUG o.hibernate.orm.bytecode.interceptor - To-one property `Classes.Card#person` was mapped with LAZY + NO_PROXY but the class was not enhanced
12:30:09.678 [main] DEBUG o.hibernate.orm.bytecode.interceptor - To-one property `Classes.Person#cardNum` was mapped with LAZY + NO_PROXY but the class was not enhanced
12:30:09.678 [main] DEBUG o.hibernate.orm.bytecode.interceptor - To-one property `Classes.Person#cardNum` was mapped with LAZY + NO_PROXY but the class was not enhanced
12:30:09.678 [main] DEBUG o.h.b.internal.ClassLoaderAccessImpl - Not known whether passed class name [Classes.Person] is safe
12:30:09.678 [main] DEBUG o.h.b.internal.ClassLoaderAccessImpl - No temp ClassLoader provided; using live ClassLoader for loading potentially unsafe class : Classes.Person
12:30:09.685 [main] DEBUG o.hibernate.orm.bytecode.interceptor - To-one property `Classes.Person#cardNum` was mapped with LAZY + NO_PROXY but the class was not enhanced
12:30:09.685 [main] DEBUG o.hibernate.orm.bytecode.interceptor - To-one property `Classes.Person#cardNum` was mapped with LAZY + NO_PROXY but the class was not enhanced
12:30:09.686 [main] DEBUG o.hibernate.orm.bytecode.interceptor - To-one property `Classes.Ticket#seller` was mapped with LAZY + NO_PROXY but the class was not enhanced
12:30:09.686 [main] DEBUG o.hibernate.orm.bytecode.interceptor - To-one property `Classes.Ticket#seller` was mapped with LAZY + NO_PROXY but the class was not enhanced
12:30:09.686 [main] DEBUG o.hibernate.orm.bytecode.interceptor - To-one property `Classes.Pass#person` was mapped with LAZY + NO_PROXY but the class was not enhanced
12:30:09.686 [main] DEBUG o.hibernate.orm.bytecode.interceptor - To-one property `Classes.Pass#person` was mapped with LAZY + NO_PROXY but the class was not enhanced
12:30:09.686 [main] DEBUG o.hibernate.orm.bytecode.interceptor - To-one property `Classes.Pass#sellers` was mapped with LAZY + NO_PROXY but the class was not enhanced
12:30:09.686 [main] DEBUG o.hibernate.orm.bytecode.interceptor - To-one property `Classes.Pass#sellers` was mapped with LAZY + NO_PROXY but the class was not enhanced
12:30:09.686 [main] DEBUG o.h.b.internal.ClassLoaderAccessImpl - Not known whether passed class name [Classes.Pass] is safe
12:30:09.686 [main] DEBUG o.h.b.internal.ClassLoaderAccessImpl - No temp ClassLoader provided; using live ClassLoader for loading potentially unsafe class : Classes.Pass
12:30:09.692 [main] DEBUG o.hibernate.orm.bytecode.interceptor - To-one property `Classes.Ticket#seller` was mapped with LAZY + NO_PROXY but the class was not enhanced
12:30:09.692 [main] DEBUG o.hibernate.orm.bytecode.interceptor - To-one property `Classes.Pass#person` was mapped with LAZY + NO_PROXY but the class was not enhanced
12:30:09.692 [main] DEBUG o.hibernate.orm.bytecode.interceptor - To-one property `Classes.Pass#sellers` was mapped with LAZY + NO_PROXY but the class was not enhanced
12:30:09.692 [main] DEBUG o.hibernate.orm.bytecode.interceptor - To-one property `Classes.Ticket#seller` was mapped with LAZY + NO_PROXY but the class was not enhanced
12:30:09.692 [main] DEBUG o.hibernate.orm.bytecode.interceptor - To-one property `Classes.Pass#person` was mapped with LAZY + NO_PROXY but the class was not enhanced
12:30:09.692 [main] DEBUG o.hibernate.orm.bytecode.interceptor - To-one property `Classes.Pass#sellers` was mapped with LAZY + NO_PROXY but the class was not enhanced
12:30:09.698 [main] DEBUG o.hibernate.orm.bytecode.interceptor - To-one property `Classes.Ticket#seller` was mapped with LAZY + NO_PROXY but the class was not enhanced
12:30:09.698 [main] DEBUG o.hibernate.orm.bytecode.interceptor - To-one property `Classes.Ticket#seller` was mapped with LAZY + NO_PROXY but the class was not enhanced
12:30:09.698 [main] DEBUG o.h.b.internal.ClassLoaderAccessImpl - Not known whether passed class name [Classes.Ticket] is safe
12:30:09.698 [main] DEBUG o.h.b.internal.ClassLoaderAccessImpl - No temp ClassLoader provided; using live ClassLoader for loading potentially unsafe class : Classes.Ticket
12:30:09.702 [main] DEBUG o.hibernate.orm.bytecode.interceptor - To-one property `Classes.Ticket#seller` was mapped with LAZY + NO_PROXY but the class was not enhanced
12:30:09.702 [main] DEBUG o.hibernate.orm.bytecode.interceptor - To-one property `Classes.Ticket#seller` was mapped with LAZY + NO_PROXY but the class was not enhanced
12:30:09.702 [main] DEBUG o.hibernate.orm.bytecode.interceptor - To-one property `Classes.Pass#person` was mapped with LAZY + NO_PROXY but the class was not enhanced
12:30:09.702 [main] DEBUG o.hibernate.orm.bytecode.interceptor - To-one property `Classes.Pass#sellers` was mapped with LAZY + NO_PROXY but the class was not enhanced
12:30:09.713 [main] DEBUG o.h.p.c.AbstractCollectionPersister - Static SQL for collection: Abstract.TicketSeller.tickets
12:30:09.713 [main] DEBUG o.h.p.c.AbstractCollectionPersister -  Row insert: insert into TicketSeller_Ticket (TicketSeller_id, tickets_id) values (?, ?)
12:30:09.713 [main] DEBUG o.h.p.c.AbstractCollectionPersister -  Row update: update TicketSeller_Ticket set tickets_id=? where TicketSeller_id=? and tickets_id=?
12:30:09.713 [main] DEBUG o.h.p.c.AbstractCollectionPersister -  Row delete: delete from TicketSeller_Ticket where TicketSeller_id=? and tickets_id=?
12:30:09.713 [main] DEBUG o.h.p.c.AbstractCollectionPersister -  One-shot delete: delete from TicketSeller_Ticket where TicketSeller_id=?
12:30:09.713 [main] DEBUG o.h.p.c.AbstractCollectionPersister - Static SQL for collection: Abstract.TicketSeller.passes
12:30:09.713 [main] DEBUG o.h.p.c.AbstractCollectionPersister -  Row insert: insert into TicketSeller_Ticket (TicketSeller_id, passes_id) values (?, ?)
12:30:09.713 [main] DEBUG o.h.p.c.AbstractCollectionPersister -  Row update: update TicketSeller_Ticket set passes_id=? where TicketSeller_id=? and passes_id=?
12:30:09.713 [main] DEBUG o.h.p.c.AbstractCollectionPersister -  Row delete: delete from TicketSeller_Ticket where TicketSeller_id=? and passes_id=?
12:30:09.713 [main] DEBUG o.h.p.c.AbstractCollectionPersister -  One-shot delete: delete from TicketSeller_Ticket where TicketSeller_id=?
12:30:09.713 [main] DEBUG o.h.p.c.AbstractCollectionPersister - Static SQL for collection: Classes.Shop.people
12:30:09.713 [main] DEBUG o.h.p.c.AbstractCollectionPersister -  Row insert: insert into TicketSeller_Person (Shop_id, people_id) values (?, ?)
12:30:09.713 [main] DEBUG o.h.p.c.AbstractCollectionPersister -  Row update: update TicketSeller_Person set people_id=? where Shop_id=? and people_id=?
12:30:09.713 [main] DEBUG o.h.p.c.AbstractCollectionPersister -  Row delete: delete from TicketSeller_Person where Shop_id=? and people_id=?
12:30:09.713 [main] DEBUG o.h.p.c.AbstractCollectionPersister -  One-shot delete: delete from TicketSeller_Person where Shop_id=?
12:30:09.716 [main] DEBUG o.h.p.entity.AbstractEntityPersister - Static SQL for entity: Abstract.TicketSeller
12:30:09.716 [main] DEBUG o.h.p.entity.AbstractEntityPersister -  Version select: select id from TicketSeller where id =?
12:30:09.716 [main] DEBUG o.h.p.entity.AbstractEntityPersister -  Snapshot select: select ticketsell_.id, ticketsell_.seller_name as seller_n3_3_ from TicketSeller ticketsell_ where ticketsell_.id=?
12:30:09.716 [main] DEBUG o.h.p.entity.AbstractEntityPersister -  Insert 0: insert into TicketSeller (seller_name, Elementi, id) values (?, 'TicketSeller', ?)
12:30:09.716 [main] DEBUG o.h.p.entity.AbstractEntityPersister -  Update 0: update TicketSeller set seller_name=? where id=?
12:30:09.716 [main] DEBUG o.h.p.entity.AbstractEntityPersister -  Delete 0: delete from TicketSeller where id=?
12:30:09.728 [main] DEBUG o.h.l.p.b.i.spaces.QuerySpacesImpl - Adding QuerySpace : uid = <gen:0> -> org.hibernate.loader.plan.build.internal.spaces.EntityQuerySpaceImpl@9efcd90]
12:30:09.729 [main] DEBUG o.h.p.w.spi.MetamodelGraphWalker - Visiting attribute path : name
12:30:09.729 [main] DEBUG o.h.p.w.spi.MetamodelGraphWalker - Visiting attribute path : passes
12:30:09.731 [main] DEBUG o.h.l.p.b.i.spaces.QuerySpacesImpl - Adding QuerySpace : uid = <gen:1> -> org.hibernate.loader.plan.build.internal.spaces.CollectionQuerySpaceImpl@5cbd94b2]
12:30:09.731 [main] DEBUG o.h.l.p.b.i.spaces.QuerySpacesImpl - Adding QuerySpace : uid = <gen:2> -> org.hibernate.loader.plan.build.internal.spaces.EntityQuerySpaceImpl@49e4c2d5]
12:30:09.732 [main] DEBUG o.h.p.w.spi.MetamodelGraphWalker - Visiting attribute path : tickets
12:30:09.732 [main] DEBUG o.h.l.p.b.i.spaces.QuerySpacesImpl - Adding QuerySpace : uid = <gen:3> -> org.hibernate.loader.plan.build.internal.spaces.CollectionQuerySpaceImpl@3c66b7d8]
12:30:09.732 [main] DEBUG o.h.l.p.b.i.spaces.QuerySpacesImpl - Adding QuerySpace : uid = <gen:4> -> org.hibernate.loader.plan.build.internal.spaces.EntityQuerySpaceImpl@37e69c43]
12:30:09.732 [main] DEBUG o.h.p.w.spi.MetamodelGraphWalker - Visiting attribute path : people
12:30:09.732 [main] DEBUG o.h.l.p.b.i.spaces.QuerySpacesImpl - Adding QuerySpace : uid = <gen:5> -> org.hibernate.loader.plan.build.internal.spaces.CollectionQuerySpaceImpl@5c7dfc05]
12:30:09.732 [main] DEBUG o.h.l.p.b.i.spaces.QuerySpacesImpl - Adding QuerySpace : uid = <gen:6> -> org.hibernate.loader.plan.build.internal.spaces.EntityQuerySpaceImpl@345d053b]
12:30:09.732 [main] DEBUG o.h.p.w.spi.MetamodelGraphWalker - Visiting attribute path : isWorking
12:30:09.732 [main] DEBUG o.h.l.p.b.i.FetchStyleLoadPlanBuildingAssociationVisitationStrategy - Building LoadPlan...
12:30:09.738 [main] DEBUG o.h.l.p.e.i.LoadQueryJoinAndFetchProcessor - processing queryspace <gen:0>
12:30:09.740 [main] DEBUG o.h.l.p.b.spi.LoadPlanTreePrinter - LoadPlan(entity=Abstract.TicketSeller)
    - Returns
       - EntityReturnImpl(entity=Abstract.TicketSeller, querySpaceUid=<gen:0>, path=Abstract.TicketSeller)
          - CollectionAttributeFetchImpl(collection=Abstract.TicketSeller.passes, querySpaceUid=<gen:1>, path=Abstract.TicketSeller.passes)
             - (collection element) CollectionFetchableElementEntityGraph(entity=Classes.Pass, querySpaceUid=<gen:2>, path=Abstract.TicketSeller.passes.<elements>)
          - CollectionAttributeFetchImpl(collection=Abstract.TicketSeller.tickets, querySpaceUid=<gen:3>, path=Abstract.TicketSeller.tickets)
             - (collection element) CollectionFetchableElementEntityGraph(entity=Classes.Ticket, querySpaceUid=<gen:4>, path=Abstract.TicketSeller.tickets.<elements>)
          - CollectionAttributeFetchImpl(collection=Classes.Shop.people, querySpaceUid=<gen:5>, path=Abstract.TicketSeller.people)
             - (collection element) CollectionFetchableElementEntityGraph(entity=Classes.Person, querySpaceUid=<gen:6>, path=Abstract.TicketSeller.people.<elements>)
    - QuerySpaces
       - EntityQuerySpaceImpl(uid=<gen:0>, entity=Abstract.TicketSeller)
          - SQL table alias mapping - ticketsell0_
          - alias suffix - 0_
          - suffixed key columns - {id2_3_0_}

12:30:09.741 [main] DEBUG o.h.loader.entity.plan.EntityLoader - Static select for entity Abstract.TicketSeller [NONE]: select ticketsell0_.id as id2_3_0_, ticketsell0_.seller_name as seller_n3_3_0_, ticketsell0_.isWorking as isworkin4_3_0_, ticketsell0_.Elementi as elementi1_3_0_ from TicketSeller ticketsell0_ where ticketsell0_.id=?
12:30:09.742 [main] DEBUG o.h.p.entity.AbstractEntityPersister - Static SQL for entity: Classes.Card
12:30:09.742 [main] DEBUG o.h.p.entity.AbstractEntityPersister -  Version select: select id from Card where id =?
12:30:09.742 [main] DEBUG o.h.p.entity.AbstractEntityPersister -  Snapshot select: select card_.id, card_.emissionDate as emission2_0_, card_.expirationDate as expirati3_0_ from Card card_ where card_.id=?
12:30:09.742 [main] DEBUG o.h.p.entity.AbstractEntityPersister -  Insert 0: insert into Card (emissionDate, expirationDate, id) values (?, ?, ?)
12:30:09.742 [main] DEBUG o.h.p.entity.AbstractEntityPersister -  Update 0: update Card set emissionDate=?, expirationDate=? where id=?
12:30:09.742 [main] DEBUG o.h.p.entity.AbstractEntityPersister -  Delete 0: delete from Card where id=?
12:30:09.742 [main] DEBUG o.h.p.entity.AbstractEntityPersister -  Identity insert: insert into Card (emissionDate, expirationDate) values (?, ?)
12:30:09.742 [main] DEBUG o.h.l.p.b.i.spaces.QuerySpacesImpl - Adding QuerySpace : uid = <gen:0> -> org.hibernate.loader.plan.build.internal.spaces.EntityQuerySpaceImpl@7da34b26]
12:30:09.742 [main] DEBUG o.h.p.w.spi.MetamodelGraphWalker - Visiting attribute path : emissionDate
12:30:09.742 [main] DEBUG o.h.p.w.spi.MetamodelGraphWalker - Visiting attribute path : expirationDate
12:30:09.742 [main] DEBUG o.h.p.w.spi.MetamodelGraphWalker - Visiting attribute path : person
12:30:09.742 [main] DEBUG o.h.l.p.b.i.spaces.QuerySpacesImpl - Adding QuerySpace : uid = <gen:1> -> org.hibernate.loader.plan.build.internal.spaces.EntityQuerySpaceImpl@3b2553d9]
12:30:09.743 [main] DEBUG o.h.p.w.spi.MetamodelGraphWalker - Visiting attribute path : person.birthdate
12:30:09.743 [main] DEBUG o.h.p.w.spi.MetamodelGraphWalker - Visiting attribute path : person.cardNum
12:30:09.743 [main] DEBUG o.h.p.w.spi.MetamodelGraphWalker - Property path deemed to be circular : person.cardNum
12:30:09.743 [main] DEBUG o.h.p.w.spi.MetamodelGraphWalker - Visiting attribute path : person.firstName
12:30:09.743 [main] DEBUG o.h.p.w.spi.MetamodelGraphWalker - Visiting attribute path : person.lastName
12:30:09.743 [main] DEBUG o.h.l.p.b.i.FetchStyleLoadPlanBuildingAssociationVisitationStrategy - Building LoadPlan...
12:30:09.744 [main] DEBUG o.h.l.p.e.i.LoadQueryJoinAndFetchProcessor - processing queryspace <gen:0>
12:30:09.744 [main] DEBUG o.h.l.p.b.spi.LoadPlanTreePrinter - LoadPlan(entity=Classes.Card)
    - Returns
       - EntityReturnImpl(entity=Classes.Card, querySpaceUid=<gen:0>, path=Classes.Card)
          - EntityAttributeFetchImpl(entity=Classes.Person, querySpaceUid=<gen:1>, path=Classes.Card.person)
    - QuerySpaces
       - EntityQuerySpaceImpl(uid=<gen:0>, entity=Classes.Card)
          - SQL table alias mapping - card0_
          - alias suffix - 0_
          - suffixed key columns - {id1_0_0_}
          - JOIN (JoinDefinedByMetadata(person)) : <gen:0> -> <gen:1>
             - EntityQuerySpaceImpl(uid=<gen:1>, entity=Classes.Person)
                - SQL table alias mapping - person1_
                - alias suffix - 1_
                - suffixed key columns - {id1_1_1_}

12:30:09.744 [main] DEBUG o.h.loader.entity.plan.EntityLoader - Static select for entity Classes.Card [NONE]: select card0_.id as id1_0_0_, card0_.emissionDate as emission2_0_0_, card0_.expirationDate as expirati3_0_0_, person1_.id as id1_1_1_, person1_.birthdate as birthdat2_1_1_, person1_.cardNum_id as cardnum_5_1_1_, person1_.firstName as firstnam3_1_1_, person1_.lastName as lastname4_1_1_ from Card card0_ left outer join Person person1_ on card0_.id=person1_.cardNum_id where card0_.id=?
12:30:09.744 [main] DEBUG o.h.p.entity.AbstractEntityPersister - Static SQL for entity: Classes.Person
12:30:09.744 [main] DEBUG o.h.p.entity.AbstractEntityPersister -  Version select: select id from Person where id =?
12:30:09.745 [main] DEBUG o.h.p.entity.AbstractEntityPersister -  Snapshot select: select person_.id, person_.birthdate as birthdat2_1_, person_.cardNum_id as cardnum_5_1_, person_.firstName as firstnam3_1_, person_.lastName as lastname4_1_ from Person person_ where person_.id=?
12:30:09.745 [main] DEBUG o.h.p.entity.AbstractEntityPersister -  Insert 0: insert into Person (birthdate, cardNum_id, firstName, lastName, id) values (?, ?, ?, ?, ?)
12:30:09.745 [main] DEBUG o.h.p.entity.AbstractEntityPersister -  Update 0: update Person set birthdate=?, cardNum_id=?, firstName=?, lastName=? where id=?
12:30:09.745 [main] DEBUG o.h.p.entity.AbstractEntityPersister -  Delete 0: delete from Person where id=?
12:30:09.745 [main] DEBUG o.h.p.entity.AbstractEntityPersister -  Identity insert: insert into Person (birthdate, cardNum_id, firstName, lastName) values (?, ?, ?, ?)
12:30:09.745 [main] DEBUG o.h.l.p.b.i.spaces.QuerySpacesImpl - Adding QuerySpace : uid = <gen:0> -> org.hibernate.loader.plan.build.internal.spaces.EntityQuerySpaceImpl@4da39ca9]
12:30:09.745 [main] DEBUG o.h.p.w.spi.MetamodelGraphWalker - Visiting attribute path : birthdate
12:30:09.745 [main] DEBUG o.h.p.w.spi.MetamodelGraphWalker - Visiting attribute path : cardNum
12:30:09.745 [main] DEBUG o.h.l.p.b.i.spaces.QuerySpacesImpl - Adding QuerySpace : uid = <gen:1> -> org.hibernate.loader.plan.build.internal.spaces.EntityQuerySpaceImpl@5584d9c6]
12:30:09.745 [main] DEBUG o.h.p.w.spi.MetamodelGraphWalker - Visiting attribute path : cardNum.emissionDate
12:30:09.745 [main] DEBUG o.h.p.w.spi.MetamodelGraphWalker - Visiting attribute path : cardNum.expirationDate
12:30:09.745 [main] DEBUG o.h.p.w.spi.MetamodelGraphWalker - Visiting attribute path : cardNum.person
12:30:09.745 [main] DEBUG o.h.p.w.spi.MetamodelGraphWalker - Property path deemed to be circular : cardNum.person
12:30:09.745 [main] DEBUG o.h.p.w.spi.MetamodelGraphWalker - Visiting attribute path : firstName
12:30:09.745 [main] DEBUG o.h.p.w.spi.MetamodelGraphWalker - Visiting attribute path : lastName
12:30:09.745 [main] DEBUG o.h.l.p.b.i.FetchStyleLoadPlanBuildingAssociationVisitationStrategy - Building LoadPlan...
12:30:09.745 [main] DEBUG o.h.l.p.e.i.LoadQueryJoinAndFetchProcessor - processing queryspace <gen:0>
12:30:09.745 [main] DEBUG o.h.l.p.b.spi.LoadPlanTreePrinter - LoadPlan(entity=Classes.Person)
    - Returns
       - EntityReturnImpl(entity=Classes.Person, querySpaceUid=<gen:0>, path=Classes.Person)
          - EntityAttributeFetchImpl(entity=Classes.Card, querySpaceUid=<gen:1>, path=Classes.Person.cardNum)
    - QuerySpaces
       - EntityQuerySpaceImpl(uid=<gen:0>, entity=Classes.Person)
          - SQL table alias mapping - person0_
          - alias suffix - 0_
          - suffixed key columns - {id1_1_0_}
          - JOIN (JoinDefinedByMetadata(cardNum)) : <gen:0> -> <gen:1>
             - EntityQuerySpaceImpl(uid=<gen:1>, entity=Classes.Card)
                - SQL table alias mapping - card1_
                - alias suffix - 1_
                - suffixed key columns - {id1_0_1_}

12:30:09.745 [main] DEBUG o.h.loader.entity.plan.EntityLoader - Static select for entity Classes.Person [NONE]: select person0_.id as id1_1_0_, person0_.birthdate as birthdat2_1_0_, person0_.cardNum_id as cardnum_5_1_0_, person0_.firstName as firstnam3_1_0_, person0_.lastName as lastname4_1_0_, card1_.id as id1_0_1_, card1_.emissionDate as emission2_0_1_, card1_.expirationDate as expirati3_0_1_ from Person person0_ left outer join Card card1_ on person0_.cardNum_id=card1_.id where person0_.id=?
12:30:09.750 [main] DEBUG org.hibernate.loader.Loader - Static select for entity Classes.Person [NONE]: select person0_.id as id1_1_1_, person0_.birthdate as birthdat2_1_1_, person0_.cardNum_id as cardnum_5_1_1_, person0_.firstName as firstnam3_1_1_, person0_.lastName as lastname4_1_1_, card1_.id as id1_0_0_, card1_.emissionDate as emission2_0_0_, card1_.expirationDate as expirati3_0_0_ from Person person0_ left outer join Card card1_ on person0_.cardNum_id=card1_.id where person0_.cardNum_id=?
12:30:09.750 [main] DEBUG o.h.p.entity.AbstractEntityPersister - Static SQL for entity: Classes.Pass
12:30:09.750 [main] DEBUG o.h.p.entity.AbstractEntityPersister -  Version select: select id from Ticket where id =?
12:30:09.750 [main] DEBUG o.h.p.entity.AbstractEntityPersister -  Snapshot select: select pass_.id, pass_.seller_id as seller_i4_2_, pass_.person_id as person_i5_2_, pass_.sellers_id as sellers_6_2_, pass_.validity as validity3_2_ from Ticket pass_ where pass_.id=?
12:30:09.750 [main] DEBUG o.h.p.entity.AbstractEntityPersister -  Insert 0: insert into Ticket (seller_id, person_id, sellers_id, validity, DTYPE, id) values (?, ?, ?, ?, 'Pass', ?)
12:30:09.750 [main] DEBUG o.h.p.entity.AbstractEntityPersister -  Update 0: update Ticket set seller_id=?, person_id=?, sellers_id=?, validity=? where id=?
12:30:09.750 [main] DEBUG o.h.p.entity.AbstractEntityPersister -  Delete 0: delete from Ticket where id=?
12:30:09.750 [main] DEBUG o.h.p.entity.AbstractEntityPersister -  Identity insert: insert into Ticket (seller_id, person_id, sellers_id, validity, DTYPE) values (?, ?, ?, ?, 'Pass')
12:30:09.751 [main] DEBUG o.h.l.p.b.i.spaces.QuerySpacesImpl - Adding QuerySpace : uid = <gen:0> -> org.hibernate.loader.plan.build.internal.spaces.EntityQuerySpaceImpl@1c3259fa]
12:30:09.751 [main] DEBUG o.h.p.w.spi.MetamodelGraphWalker - Visiting attribute path : seller
12:30:09.751 [main] DEBUG o.h.l.p.b.i.spaces.QuerySpacesImpl - Adding QuerySpace : uid = <gen:1> -> org.hibernate.loader.plan.build.internal.spaces.EntityQuerySpaceImpl@6807a356]
12:30:09.751 [main] DEBUG o.h.p.w.spi.MetamodelGraphWalker - Visiting attribute path : seller.name
12:30:09.751 [main] DEBUG o.h.p.w.spi.MetamodelGraphWalker - Visiting attribute path : seller.passes
12:30:09.751 [main] DEBUG o.h.l.p.b.i.spaces.QuerySpacesImpl - Adding QuerySpace : uid = <gen:2> -> org.hibernate.loader.plan.build.internal.spaces.CollectionQuerySpaceImpl@73aeef7d]
12:30:09.751 [main] DEBUG o.h.l.p.b.i.spaces.QuerySpacesImpl - Adding QuerySpace : uid = <gen:3> -> org.hibernate.loader.plan.build.internal.spaces.EntityQuerySpaceImpl@d675f9f]
12:30:09.751 [main] DEBUG o.h.p.w.spi.MetamodelGraphWalker - Visiting attribute path : seller.tickets
12:30:09.751 [main] DEBUG o.h.l.p.b.i.spaces.QuerySpacesImpl - Adding QuerySpace : uid = <gen:4> -> org.hibernate.loader.plan.build.internal.spaces.CollectionQuerySpaceImpl@58af5076]
12:30:09.751 [main] DEBUG o.h.l.p.b.i.spaces.QuerySpacesImpl - Adding QuerySpace : uid = <gen:5> -> org.hibernate.loader.plan.build.internal.spaces.EntityQuerySpaceImpl@49469ffa]
12:30:09.751 [main] DEBUG o.h.p.w.spi.MetamodelGraphWalker - Visiting attribute path : seller.people
12:30:09.751 [main] DEBUG o.h.l.p.b.i.spaces.QuerySpacesImpl - Adding QuerySpace : uid = <gen:6> -> org.hibernate.loader.plan.build.internal.spaces.CollectionQuerySpaceImpl@4d9754a8]
12:30:09.751 [main] DEBUG o.h.l.p.b.i.spaces.QuerySpacesImpl - Adding QuerySpace : uid = <gen:7> -> org.hibernate.loader.plan.build.internal.spaces.EntityQuerySpaceImpl@7a3b7122]
12:30:09.751 [main] DEBUG o.h.p.w.spi.MetamodelGraphWalker - Visiting attribute path : seller.isWorking
12:30:09.751 [main] DEBUG o.h.p.w.spi.MetamodelGraphWalker - Visiting attribute path : person
12:30:09.751 [main] DEBUG o.h.l.p.b.i.spaces.QuerySpacesImpl - Adding QuerySpace : uid = <gen:8> -> org.hibernate.loader.plan.build.internal.spaces.EntityQuerySpaceImpl@58b5a2f3]
12:30:09.751 [main] DEBUG o.h.p.w.spi.MetamodelGraphWalker - Visiting attribute path : person.birthdate
12:30:09.751 [main] DEBUG o.h.p.w.spi.MetamodelGraphWalker - Visiting attribute path : person.cardNum
12:30:09.751 [main] DEBUG o.h.l.p.b.i.spaces.QuerySpacesImpl - Adding QuerySpace : uid = <gen:9> -> org.hibernate.loader.plan.build.internal.spaces.EntityQuerySpaceImpl@52b46d52]
12:30:09.751 [main] DEBUG o.h.p.w.spi.MetamodelGraphWalker - Visiting attribute path : person.cardNum.emissionDate
12:30:09.751 [main] DEBUG o.h.p.w.spi.MetamodelGraphWalker - Visiting attribute path : person.cardNum.expirationDate
12:30:09.751 [main] DEBUG o.h.p.w.spi.MetamodelGraphWalker - Visiting attribute path : person.cardNum.person
12:30:09.751 [main] DEBUG o.h.p.w.spi.MetamodelGraphWalker - Property path deemed to be circular : person.cardNum.person
12:30:09.751 [main] DEBUG o.h.p.w.spi.MetamodelGraphWalker - Visiting attribute path : person.firstName
12:30:09.751 [main] DEBUG o.h.p.w.spi.MetamodelGraphWalker - Visiting attribute path : person.lastName
12:30:09.751 [main] DEBUG o.h.p.w.spi.MetamodelGraphWalker - Visiting attribute path : sellers
12:30:09.751 [main] DEBUG o.h.l.p.b.i.spaces.QuerySpacesImpl - Adding QuerySpace : uid = <gen:10> -> org.hibernate.loader.plan.build.internal.spaces.EntityQuerySpaceImpl@67022ea]
12:30:09.751 [main] DEBUG o.h.p.w.spi.MetamodelGraphWalker - Visiting attribute path : sellers.name
12:30:09.751 [main] DEBUG o.h.p.w.spi.MetamodelGraphWalker - Visiting attribute path : sellers.passes
12:30:09.751 [main] DEBUG o.h.l.p.b.i.spaces.QuerySpacesImpl - Adding QuerySpace : uid = <gen:11> -> org.hibernate.loader.plan.build.internal.spaces.CollectionQuerySpaceImpl@58fbd02e]
12:30:09.752 [main] DEBUG o.h.l.p.b.i.spaces.QuerySpacesImpl - Adding QuerySpace : uid = <gen:12> -> org.hibernate.loader.plan.build.internal.spaces.EntityQuerySpaceImpl@163042ea]
12:30:09.752 [main] DEBUG o.h.p.w.spi.MetamodelGraphWalker - Visiting attribute path : sellers.tickets
12:30:09.752 [main] DEBUG o.h.l.p.b.i.spaces.QuerySpacesImpl - Adding QuerySpace : uid = <gen:13> -> org.hibernate.loader.plan.build.internal.spaces.CollectionQuerySpaceImpl@11d045b4]
12:30:09.752 [main] DEBUG o.h.l.p.b.i.spaces.QuerySpacesImpl - Adding QuerySpace : uid = <gen:14> -> org.hibernate.loader.plan.build.internal.spaces.EntityQuerySpaceImpl@1fbf088b]
12:30:09.752 [main] DEBUG o.h.p.w.spi.MetamodelGraphWalker - Visiting attribute path : sellers.people
12:30:09.752 [main] DEBUG o.h.l.p.b.i.spaces.QuerySpacesImpl - Adding QuerySpace : uid = <gen:15> -> org.hibernate.loader.plan.build.internal.spaces.CollectionQuerySpaceImpl@1943c1f2]
12:30:09.752 [main] DEBUG o.h.l.p.b.i.spaces.QuerySpacesImpl - Adding QuerySpace : uid = <gen:16> -> org.hibernate.loader.plan.build.internal.spaces.EntityQuerySpaceImpl@d70f722]
12:30:09.752 [main] DEBUG o.h.p.w.spi.MetamodelGraphWalker - Visiting attribute path : sellers.isWorking
12:30:09.752 [main] DEBUG o.h.p.w.spi.MetamodelGraphWalker - Visiting attribute path : validity
12:30:09.752 [main] DEBUG o.h.l.p.b.i.FetchStyleLoadPlanBuildingAssociationVisitationStrategy - Building LoadPlan...
12:30:09.752 [main] DEBUG o.h.l.p.e.i.LoadQueryJoinAndFetchProcessor - processing queryspace <gen:0>
12:30:09.752 [main] DEBUG o.h.l.p.b.spi.LoadPlanTreePrinter - LoadPlan(entity=Classes.Pass)
    - Returns
       - EntityReturnImpl(entity=Classes.Pass, querySpaceUid=<gen:0>, path=Classes.Pass)
          - EntityAttributeFetchImpl(entity=Abstract.TicketSeller, querySpaceUid=<gen:1>, path=Classes.Pass.seller)
             - CollectionAttributeFetchImpl(collection=Abstract.TicketSeller.passes, querySpaceUid=<gen:2>, path=Classes.Pass.seller.passes)
                - (collection element) CollectionFetchableElementEntityGraph(entity=Classes.Pass, querySpaceUid=<gen:3>, path=Classes.Pass.seller.passes.<elements>)
             - CollectionAttributeFetchImpl(collection=Abstract.TicketSeller.tickets, querySpaceUid=<gen:4>, path=Classes.Pass.seller.tickets)
                - (collection element) CollectionFetchableElementEntityGraph(entity=Classes.Ticket, querySpaceUid=<gen:5>, path=Classes.Pass.seller.tickets.<elements>)
             - CollectionAttributeFetchImpl(collection=Classes.Shop.people, querySpaceUid=<gen:6>, path=Classes.Pass.seller.people)
                - (collection element) CollectionFetchableElementEntityGraph(entity=Classes.Person, querySpaceUid=<gen:7>, path=Classes.Pass.seller.people.<elements>)
          - EntityAttributeFetchImpl(entity=Classes.Person, querySpaceUid=<gen:8>, path=Classes.Pass.person)
             - EntityAttributeFetchImpl(entity=Classes.Card, querySpaceUid=<gen:9>, path=Classes.Pass.person.cardNum)
          - EntityAttributeFetchImpl(entity=Abstract.TicketSeller, querySpaceUid=<gen:10>, path=Classes.Pass.sellers)
             - CollectionAttributeFetchImpl(collection=Abstract.TicketSeller.passes, querySpaceUid=<gen:11>, path=Classes.Pass.sellers.passes)
                - (collection element) CollectionFetchableElementEntityGraph(entity=Classes.Pass, querySpaceUid=<gen:12>, path=Classes.Pass.sellers.passes.<elements>)
             - CollectionAttributeFetchImpl(collection=Abstract.TicketSeller.tickets, querySpaceUid=<gen:13>, path=Classes.Pass.sellers.tickets)
                - (collection element) CollectionFetchableElementEntityGraph(entity=Classes.Ticket, querySpaceUid=<gen:14>, path=Classes.Pass.sellers.tickets.<elements>)
             - CollectionAttributeFetchImpl(collection=Classes.Shop.people, querySpaceUid=<gen:15>, path=Classes.Pass.sellers.people)
                - (collection element) CollectionFetchableElementEntityGraph(entity=Classes.Person, querySpaceUid=<gen:16>, path=Classes.Pass.sellers.people.<elements>)
    - QuerySpaces
       - EntityQuerySpaceImpl(uid=<gen:0>, entity=Classes.Pass)
          - SQL table alias mapping - pass0_
          - alias suffix - 0_
          - suffixed key columns - {id2_2_0_}
          - JOIN (JoinDefinedByMetadata(seller)) : <gen:0> -> <gen:1>
             - EntityQuerySpaceImpl(uid=<gen:1>, entity=Abstract.TicketSeller)
                - SQL table alias mapping - ticketsell1_
                - alias suffix - 1_
                - suffixed key columns - {id2_3_1_}
          - JOIN (JoinDefinedByMetadata(person)) : <gen:0> -> <gen:8>
             - EntityQuerySpaceImpl(uid=<gen:8>, entity=Classes.Person)
                - SQL table alias mapping - person2_
                - alias suffix - 2_
                - suffixed key columns - {id1_1_2_}
                - JOIN (JoinDefinedByMetadata(cardNum)) : <gen:8> -> <gen:9>
                   - EntityQuerySpaceImpl(uid=<gen:9>, entity=Classes.Card)
                      - SQL table alias mapping - card3_
                      - alias suffix - 3_
                      - suffixed key columns - {id1_0_3_}
          - JOIN (JoinDefinedByMetadata(sellers)) : <gen:0> -> <gen:10>
             - EntityQuerySpaceImpl(uid=<gen:10>, entity=Abstract.TicketSeller)
                - SQL table alias mapping - ticketsell4_
                - alias suffix - 4_
                - suffixed key columns - {id2_3_4_}

12:30:09.752 [main] DEBUG o.h.loader.entity.plan.EntityLoader - Static select for entity Classes.Pass [NONE]: select pass0_.id as id2_2_0_, pass0_.seller_id as seller_i4_2_0_, pass0_.person_id as person_i5_2_0_, pass0_.sellers_id as sellers_6_2_0_, pass0_.validity as validity3_2_0_, ticketsell1_.id as id2_3_1_, ticketsell1_.seller_name as seller_n3_3_1_, ticketsell1_.isWorking as isworkin4_3_1_, ticketsell1_.Elementi as elementi1_3_1_, person2_.id as id1_1_2_, person2_.birthdate as birthdat2_1_2_, person2_.cardNum_id as cardnum_5_1_2_, person2_.firstName as firstnam3_1_2_, person2_.lastName as lastname4_1_2_, card3_.id as id1_0_3_, card3_.emissionDate as emission2_0_3_, card3_.expirationDate as expirati3_0_3_, ticketsell4_.id as id2_3_4_, ticketsell4_.seller_name as seller_n3_3_4_, ticketsell4_.isWorking as isworkin4_3_4_, ticketsell4_.Elementi as elementi1_3_4_ from Ticket pass0_ left outer join TicketSeller ticketsell1_ on pass0_.seller_id=ticketsell1_.id left outer join Person person2_ on pass0_.person_id=person2_.id left outer join Card card3_ on person2_.cardNum_id=card3_.id left outer join TicketSeller ticketsell4_ on pass0_.sellers_id=ticketsell4_.id where pass0_.id=? and pass0_.DTYPE='Pass'
12:30:09.753 [main] DEBUG o.h.p.entity.AbstractEntityPersister - Static SQL for entity: Classes.Shop
12:30:09.753 [main] DEBUG o.h.p.entity.AbstractEntityPersister -  Version select: select id from TicketSeller where id =?
12:30:09.753 [main] DEBUG o.h.p.entity.AbstractEntityPersister -  Snapshot select: select shop_.id, shop_.seller_name as seller_n3_3_ from TicketSeller shop_ where shop_.id=?
12:30:09.753 [main] DEBUG o.h.p.entity.AbstractEntityPersister -  Insert 0: insert into TicketSeller (seller_name, Elementi, id) values (?, 'shop', ?)
12:30:09.753 [main] DEBUG o.h.p.entity.AbstractEntityPersister -  Update 0: update TicketSeller set seller_name=? where id=?
12:30:09.753 [main] DEBUG o.h.p.entity.AbstractEntityPersister -  Delete 0: delete from TicketSeller where id=?
12:30:09.753 [main] DEBUG o.h.l.p.b.i.spaces.QuerySpacesImpl - Adding QuerySpace : uid = <gen:0> -> org.hibernate.loader.plan.build.internal.spaces.EntityQuerySpaceImpl@1e1eeedd]
12:30:09.753 [main] DEBUG o.h.p.w.spi.MetamodelGraphWalker - Visiting attribute path : name
12:30:09.753 [main] DEBUG o.h.p.w.spi.MetamodelGraphWalker - Visiting attribute path : passes
12:30:09.753 [main] DEBUG o.h.l.p.b.i.spaces.QuerySpacesImpl - Adding QuerySpace : uid = <gen:1> -> org.hibernate.loader.plan.build.internal.spaces.CollectionQuerySpaceImpl@7ec95456]
12:30:09.753 [main] DEBUG o.h.l.p.b.i.spaces.QuerySpacesImpl - Adding QuerySpace : uid = <gen:2> -> org.hibernate.loader.plan.build.internal.spaces.EntityQuerySpaceImpl@748a654a]
12:30:09.753 [main] DEBUG o.h.p.w.spi.MetamodelGraphWalker - Visiting attribute path : tickets
12:30:09.753 [main] DEBUG o.h.l.p.b.i.spaces.QuerySpacesImpl - Adding QuerySpace : uid = <gen:3> -> org.hibernate.loader.plan.build.internal.spaces.CollectionQuerySpaceImpl@1d8b0500]
12:30:09.753 [main] DEBUG o.h.l.p.b.i.spaces.QuerySpacesImpl - Adding QuerySpace : uid = <gen:4> -> org.hibernate.loader.plan.build.internal.spaces.EntityQuerySpaceImpl@76544c0a]
12:30:09.753 [main] DEBUG o.h.p.w.spi.MetamodelGraphWalker - Visiting attribute path : people
12:30:09.753 [main] DEBUG o.h.l.p.b.i.spaces.QuerySpacesImpl - Adding QuerySpace : uid = <gen:5> -> org.hibernate.loader.plan.build.internal.spaces.CollectionQuerySpaceImpl@428bdd72]
12:30:09.753 [main] DEBUG o.h.l.p.b.i.spaces.QuerySpacesImpl - Adding QuerySpace : uid = <gen:6> -> org.hibernate.loader.plan.build.internal.spaces.EntityQuerySpaceImpl@650c405c]
12:30:09.753 [main] DEBUG o.h.l.p.b.i.FetchStyleLoadPlanBuildingAssociationVisitationStrategy - Building LoadPlan...
12:30:09.753 [main] DEBUG o.h.l.p.e.i.LoadQueryJoinAndFetchProcessor - processing queryspace <gen:0>
12:30:09.753 [main] DEBUG o.h.l.p.b.spi.LoadPlanTreePrinter - LoadPlan(entity=Classes.Shop)
    - Returns
       - EntityReturnImpl(entity=Classes.Shop, querySpaceUid=<gen:0>, path=Classes.Shop)
          - CollectionAttributeFetchImpl(collection=Abstract.TicketSeller.passes, querySpaceUid=<gen:1>, path=Classes.Shop.passes)
             - (collection element) CollectionFetchableElementEntityGraph(entity=Classes.Pass, querySpaceUid=<gen:2>, path=Classes.Shop.passes.<elements>)
          - CollectionAttributeFetchImpl(collection=Abstract.TicketSeller.tickets, querySpaceUid=<gen:3>, path=Classes.Shop.tickets)
             - (collection element) CollectionFetchableElementEntityGraph(entity=Classes.Ticket, querySpaceUid=<gen:4>, path=Classes.Shop.tickets.<elements>)
          - CollectionAttributeFetchImpl(collection=Classes.Shop.people, querySpaceUid=<gen:5>, path=Classes.Shop.people)
             - (collection element) CollectionFetchableElementEntityGraph(entity=Classes.Person, querySpaceUid=<gen:6>, path=Classes.Shop.people.<elements>)
    - QuerySpaces
       - EntityQuerySpaceImpl(uid=<gen:0>, entity=Classes.Shop)
          - SQL table alias mapping - shop0_
          - alias suffix - 0_
          - suffixed key columns - {id2_3_0_}

12:30:09.753 [main] DEBUG o.h.loader.entity.plan.EntityLoader - Static select for entity Classes.Shop [NONE]: select shop0_.id as id2_3_0_, shop0_.seller_name as seller_n3_3_0_ from TicketSeller shop0_ where shop0_.id=? and shop0_.Elementi='shop'
12:30:09.753 [main] DEBUG o.h.p.entity.AbstractEntityPersister - Static SQL for entity: Classes.Ticket
12:30:09.753 [main] DEBUG o.h.p.entity.AbstractEntityPersister -  Version select: select id from Ticket where id =?
12:30:09.753 [main] DEBUG o.h.p.entity.AbstractEntityPersister -  Snapshot select: select ticket_.id, ticket_.seller_id as seller_i4_2_ from Ticket ticket_ where ticket_.id=?
12:30:09.753 [main] DEBUG o.h.p.entity.AbstractEntityPersister -  Insert 0: insert into Ticket (seller_id, DTYPE, id) values (?, 'Ticket', ?)
12:30:09.753 [main] DEBUG o.h.p.entity.AbstractEntityPersister -  Update 0: update Ticket set seller_id=? where id=?
12:30:09.753 [main] DEBUG o.h.p.entity.AbstractEntityPersister -  Delete 0: delete from Ticket where id=?
12:30:09.753 [main] DEBUG o.h.p.entity.AbstractEntityPersister -  Identity insert: insert into Ticket (seller_id, DTYPE) values (?, 'Ticket')
12:30:09.753 [main] DEBUG o.h.l.p.b.i.spaces.QuerySpacesImpl - Adding QuerySpace : uid = <gen:0> -> org.hibernate.loader.plan.build.internal.spaces.EntityQuerySpaceImpl@20eaeaf8]
12:30:09.754 [main] DEBUG o.h.p.w.spi.MetamodelGraphWalker - Visiting attribute path : seller
12:30:09.754 [main] DEBUG o.h.l.p.b.i.spaces.QuerySpacesImpl - Adding QuerySpace : uid = <gen:1> -> org.hibernate.loader.plan.build.internal.spaces.EntityQuerySpaceImpl@68f6e55d]
12:30:09.754 [main] DEBUG o.h.p.w.spi.MetamodelGraphWalker - Visiting attribute path : seller.name
12:30:09.754 [main] DEBUG o.h.p.w.spi.MetamodelGraphWalker - Visiting attribute path : seller.passes
12:30:09.754 [main] DEBUG o.h.l.p.b.i.spaces.QuerySpacesImpl - Adding QuerySpace : uid = <gen:2> -> org.hibernate.loader.plan.build.internal.spaces.CollectionQuerySpaceImpl@1835dc92]
12:30:09.754 [main] DEBUG o.h.l.p.b.i.spaces.QuerySpacesImpl - Adding QuerySpace : uid = <gen:3> -> org.hibernate.loader.plan.build.internal.spaces.EntityQuerySpaceImpl@3aaa3c39]
12:30:09.754 [main] DEBUG o.h.p.w.spi.MetamodelGraphWalker - Visiting attribute path : seller.tickets
12:30:09.754 [main] DEBUG o.h.l.p.b.i.spaces.QuerySpacesImpl - Adding QuerySpace : uid = <gen:4> -> org.hibernate.loader.plan.build.internal.spaces.CollectionQuerySpaceImpl@65a9ea3c]
12:30:09.754 [main] DEBUG o.h.l.p.b.i.spaces.QuerySpacesImpl - Adding QuerySpace : uid = <gen:5> -> org.hibernate.loader.plan.build.internal.spaces.EntityQuerySpaceImpl@70f68288]
12:30:09.754 [main] DEBUG o.h.p.w.spi.MetamodelGraphWalker - Visiting attribute path : seller.people
12:30:09.754 [main] DEBUG o.h.l.p.b.i.spaces.QuerySpacesImpl - Adding QuerySpace : uid = <gen:6> -> org.hibernate.loader.plan.build.internal.spaces.CollectionQuerySpaceImpl@46911148]
12:30:09.754 [main] DEBUG o.h.l.p.b.i.spaces.QuerySpacesImpl - Adding QuerySpace : uid = <gen:7> -> org.hibernate.loader.plan.build.internal.spaces.EntityQuerySpaceImpl@2db1b657]
12:30:09.754 [main] DEBUG o.h.p.w.spi.MetamodelGraphWalker - Visiting attribute path : seller.isWorking
12:30:09.754 [main] DEBUG o.h.p.w.spi.MetamodelGraphWalker - Visiting attribute path : person
12:30:09.754 [main] DEBUG o.h.l.p.b.i.spaces.QuerySpacesImpl - Adding QuerySpace : uid = <gen:8> -> org.hibernate.loader.plan.build.internal.spaces.EntityQuerySpaceImpl@7e351d7]
12:30:09.754 [main] DEBUG o.h.p.w.spi.MetamodelGraphWalker - Visiting attribute path : person.birthdate
12:30:09.754 [main] DEBUG o.h.p.w.spi.MetamodelGraphWalker - Visiting attribute path : person.cardNum
12:30:09.754 [main] DEBUG o.h.l.p.b.i.spaces.QuerySpacesImpl - Adding QuerySpace : uid = <gen:9> -> org.hibernate.loader.plan.build.internal.spaces.EntityQuerySpaceImpl@d902300]
12:30:09.754 [main] DEBUG o.h.p.w.spi.MetamodelGraphWalker - Visiting attribute path : person.cardNum.emissionDate
12:30:09.754 [main] DEBUG o.h.p.w.spi.MetamodelGraphWalker - Visiting attribute path : person.cardNum.expirationDate
12:30:09.754 [main] DEBUG o.h.p.w.spi.MetamodelGraphWalker - Visiting attribute path : person.cardNum.person
12:30:09.754 [main] DEBUG o.h.p.w.spi.MetamodelGraphWalker - Property path deemed to be circular : person.cardNum.person
12:30:09.754 [main] DEBUG o.h.p.w.spi.MetamodelGraphWalker - Visiting attribute path : person.firstName
12:30:09.754 [main] DEBUG o.h.p.w.spi.MetamodelGraphWalker - Visiting attribute path : person.lastName
12:30:09.754 [main] DEBUG o.h.p.w.spi.MetamodelGraphWalker - Visiting attribute path : sellers
12:30:09.754 [main] DEBUG o.h.l.p.b.i.spaces.QuerySpacesImpl - Adding QuerySpace : uid = <gen:10> -> org.hibernate.loader.plan.build.internal.spaces.EntityQuerySpaceImpl@30c3ae63]
12:30:09.754 [main] DEBUG o.h.p.w.spi.MetamodelGraphWalker - Visiting attribute path : sellers.name
12:30:09.754 [main] DEBUG o.h.p.w.spi.MetamodelGraphWalker - Visiting attribute path : sellers.passes
12:30:09.754 [main] DEBUG o.h.l.p.b.i.spaces.QuerySpacesImpl - Adding QuerySpace : uid = <gen:11> -> org.hibernate.loader.plan.build.internal.spaces.CollectionQuerySpaceImpl@54e12f4c]
12:30:09.754 [main] DEBUG o.h.l.p.b.i.spaces.QuerySpacesImpl - Adding QuerySpace : uid = <gen:12> -> org.hibernate.loader.plan.build.internal.spaces.EntityQuerySpaceImpl@60990e5c]
12:30:09.754 [main] DEBUG o.h.p.w.spi.MetamodelGraphWalker - Visiting attribute path : sellers.tickets
12:30:09.754 [main] DEBUG o.h.l.p.b.i.spaces.QuerySpacesImpl - Adding QuerySpace : uid = <gen:13> -> org.hibernate.loader.plan.build.internal.spaces.CollectionQuerySpaceImpl@4d84049a]
12:30:09.754 [main] DEBUG o.h.l.p.b.i.spaces.QuerySpacesImpl - Adding QuerySpace : uid = <gen:14> -> org.hibernate.loader.plan.build.internal.spaces.EntityQuerySpaceImpl@39ee94de]
12:30:09.754 [main] DEBUG o.h.p.w.spi.MetamodelGraphWalker - Visiting attribute path : sellers.people
12:30:09.754 [main] DEBUG o.h.l.p.b.i.spaces.QuerySpacesImpl - Adding QuerySpace : uid = <gen:15> -> org.hibernate.loader.plan.build.internal.spaces.CollectionQuerySpaceImpl@642857e0]
12:30:09.755 [main] DEBUG o.h.l.p.b.i.spaces.QuerySpacesImpl - Adding QuerySpace : uid = <gen:16> -> org.hibernate.loader.plan.build.internal.spaces.EntityQuerySpaceImpl@4c6b4ed7]
12:30:09.755 [main] DEBUG o.h.p.w.spi.MetamodelGraphWalker - Visiting attribute path : sellers.isWorking
12:30:09.755 [main] DEBUG o.h.p.w.spi.MetamodelGraphWalker - Visiting attribute path : validity
12:30:09.755 [main] DEBUG o.h.l.p.b.i.FetchStyleLoadPlanBuildingAssociationVisitationStrategy - Building LoadPlan...
12:30:09.755 [main] DEBUG o.h.l.p.e.i.LoadQueryJoinAndFetchProcessor - processing queryspace <gen:0>
12:30:09.755 [main] DEBUG o.h.l.p.b.spi.LoadPlanTreePrinter - LoadPlan(entity=Classes.Ticket)
    - Returns
       - EntityReturnImpl(entity=Classes.Ticket, querySpaceUid=<gen:0>, path=Classes.Ticket)
          - EntityAttributeFetchImpl(entity=Abstract.TicketSeller, querySpaceUid=<gen:1>, path=Classes.Ticket.seller)
             - CollectionAttributeFetchImpl(collection=Abstract.TicketSeller.passes, querySpaceUid=<gen:2>, path=Classes.Ticket.seller.passes)
                - (collection element) CollectionFetchableElementEntityGraph(entity=Classes.Pass, querySpaceUid=<gen:3>, path=Classes.Ticket.seller.passes.<elements>)
             - CollectionAttributeFetchImpl(collection=Abstract.TicketSeller.tickets, querySpaceUid=<gen:4>, path=Classes.Ticket.seller.tickets)
                - (collection element) CollectionFetchableElementEntityGraph(entity=Classes.Ticket, querySpaceUid=<gen:5>, path=Classes.Ticket.seller.tickets.<elements>)
             - CollectionAttributeFetchImpl(collection=Classes.Shop.people, querySpaceUid=<gen:6>, path=Classes.Ticket.seller.people)
                - (collection element) CollectionFetchableElementEntityGraph(entity=Classes.Person, querySpaceUid=<gen:7>, path=Classes.Ticket.seller.people.<elements>)
          - EntityAttributeFetchImpl(entity=Classes.Person, querySpaceUid=<gen:8>, path=Classes.Ticket.person)
             - EntityAttributeFetchImpl(entity=Classes.Card, querySpaceUid=<gen:9>, path=Classes.Ticket.person.cardNum)
          - EntityAttributeFetchImpl(entity=Abstract.TicketSeller, querySpaceUid=<gen:10>, path=Classes.Ticket.sellers)
             - CollectionAttributeFetchImpl(collection=Abstract.TicketSeller.passes, querySpaceUid=<gen:11>, path=Classes.Ticket.sellers.passes)
                - (collection element) CollectionFetchableElementEntityGraph(entity=Classes.Pass, querySpaceUid=<gen:12>, path=Classes.Ticket.sellers.passes.<elements>)
             - CollectionAttributeFetchImpl(collection=Abstract.TicketSeller.tickets, querySpaceUid=<gen:13>, path=Classes.Ticket.sellers.tickets)
                - (collection element) CollectionFetchableElementEntityGraph(entity=Classes.Ticket, querySpaceUid=<gen:14>, path=Classes.Ticket.sellers.tickets.<elements>)
             - CollectionAttributeFetchImpl(collection=Classes.Shop.people, querySpaceUid=<gen:15>, path=Classes.Ticket.sellers.people)
                - (collection element) CollectionFetchableElementEntityGraph(entity=Classes.Person, querySpaceUid=<gen:16>, path=Classes.Ticket.sellers.people.<elements>)
    - QuerySpaces
       - EntityQuerySpaceImpl(uid=<gen:0>, entity=Classes.Ticket)
          - SQL table alias mapping - ticket0_
          - alias suffix - 0_
          - suffixed key columns - {id2_2_0_}
          - JOIN (JoinDefinedByMetadata(seller)) : <gen:0> -> <gen:1>
             - EntityQuerySpaceImpl(uid=<gen:1>, entity=Abstract.TicketSeller)
                - SQL table alias mapping - ticketsell1_
                - alias suffix - 1_
                - suffixed key columns - {id2_3_1_}
          - JOIN (JoinDefinedByMetadata(person)) : <gen:0> -> <gen:8>
             - EntityQuerySpaceImpl(uid=<gen:8>, entity=Classes.Person)
                - SQL table alias mapping - person2_
                - alias suffix - 2_
                - suffixed key columns - {id1_1_2_}
                - JOIN (JoinDefinedByMetadata(cardNum)) : <gen:8> -> <gen:9>
                   - EntityQuerySpaceImpl(uid=<gen:9>, entity=Classes.Card)
                      - SQL table alias mapping - card3_
                      - alias suffix - 3_
                      - suffixed key columns - {id1_0_3_}
          - JOIN (JoinDefinedByMetadata(sellers)) : <gen:0> -> <gen:10>
             - EntityQuerySpaceImpl(uid=<gen:10>, entity=Abstract.TicketSeller)
                - SQL table alias mapping - ticketsell4_
                - alias suffix - 4_
                - suffixed key columns - {id2_3_4_}

12:30:09.755 [main] DEBUG o.h.loader.entity.plan.EntityLoader - Static select for entity Classes.Ticket [NONE]: select ticket0_.id as id2_2_0_, ticket0_.seller_id as seller_i4_2_0_, ticket0_.person_id as person_i5_2_0_, ticket0_.sellers_id as sellers_6_2_0_, ticket0_.validity as validity3_2_0_, ticket0_.DTYPE as dtype1_2_0_, ticketsell1_.id as id2_3_1_, ticketsell1_.seller_name as seller_n3_3_1_, ticketsell1_.isWorking as isworkin4_3_1_, ticketsell1_.Elementi as elementi1_3_1_, person2_.id as id1_1_2_, person2_.birthdate as birthdat2_1_2_, person2_.cardNum_id as cardnum_5_1_2_, person2_.firstName as firstnam3_1_2_, person2_.lastName as lastname4_1_2_, card3_.id as id1_0_3_, card3_.emissionDate as emission2_0_3_, card3_.expirationDate as expirati3_0_3_, ticketsell4_.id as id2_3_4_, ticketsell4_.seller_name as seller_n3_3_4_, ticketsell4_.isWorking as isworkin4_3_4_, ticketsell4_.Elementi as elementi1_3_4_ from Ticket ticket0_ left outer join TicketSeller ticketsell1_ on ticket0_.seller_id=ticketsell1_.id left outer join Person person2_ on ticket0_.person_id=person2_.id left outer join Card card3_ on person2_.cardNum_id=card3_.id left outer join TicketSeller ticketsell4_ on ticket0_.sellers_id=ticketsell4_.id where ticket0_.id=?
12:30:09.755 [main] DEBUG o.h.p.entity.AbstractEntityPersister - Static SQL for entity: Classes.VendingMachine
12:30:09.755 [main] DEBUG o.h.p.entity.AbstractEntityPersister -  Version select: select id from TicketSeller where id =?
12:30:09.755 [main] DEBUG o.h.p.entity.AbstractEntityPersister -  Snapshot select: select vendingmac_.id, vendingmac_.seller_name as seller_n3_3_, vendingmac_.isWorking as isworkin4_3_ from TicketSeller vendingmac_ where vendingmac_.id=?
12:30:09.755 [main] DEBUG o.h.p.entity.AbstractEntityPersister -  Insert 0: insert into TicketSeller (seller_name, isWorking, Elementi, id) values (?, ?, 'vending_machine', ?)
12:30:09.755 [main] DEBUG o.h.p.entity.AbstractEntityPersister -  Update 0: update TicketSeller set seller_name=?, isWorking=? where id=?
12:30:09.755 [main] DEBUG o.h.p.entity.AbstractEntityPersister -  Delete 0: delete from TicketSeller where id=?
12:30:09.755 [main] DEBUG o.h.l.p.b.i.spaces.QuerySpacesImpl - Adding QuerySpace : uid = <gen:0> -> org.hibernate.loader.plan.build.internal.spaces.EntityQuerySpaceImpl@21263314]
12:30:09.755 [main] DEBUG o.h.p.w.spi.MetamodelGraphWalker - Visiting attribute path : name
12:30:09.755 [main] DEBUG o.h.p.w.spi.MetamodelGraphWalker - Visiting attribute path : passes
12:30:09.755 [main] DEBUG o.h.l.p.b.i.spaces.QuerySpacesImpl - Adding QuerySpace : uid = <gen:1> -> org.hibernate.loader.plan.build.internal.spaces.CollectionQuerySpaceImpl@4a92c6a9]
12:30:09.756 [main] DEBUG o.h.l.p.b.i.spaces.QuerySpacesImpl - Adding QuerySpace : uid = <gen:2> -> org.hibernate.loader.plan.build.internal.spaces.EntityQuerySpaceImpl@5c9934da]
12:30:09.756 [main] DEBUG o.h.p.w.spi.MetamodelGraphWalker - Visiting attribute path : tickets
12:30:09.756 [main] DEBUG o.h.l.p.b.i.spaces.QuerySpacesImpl - Adding QuerySpace : uid = <gen:3> -> org.hibernate.loader.plan.build.internal.spaces.CollectionQuerySpaceImpl@4cb702ce]
12:30:09.756 [main] DEBUG o.h.l.p.b.i.spaces.QuerySpacesImpl - Adding QuerySpace : uid = <gen:4> -> org.hibernate.loader.plan.build.internal.spaces.EntityQuerySpaceImpl@383caf89]
12:30:09.756 [main] DEBUG o.h.p.w.spi.MetamodelGraphWalker - Visiting attribute path : isWorking
12:30:09.756 [main] DEBUG o.h.l.p.b.i.FetchStyleLoadPlanBuildingAssociationVisitationStrategy - Building LoadPlan...
12:30:09.756 [main] DEBUG o.h.l.p.e.i.LoadQueryJoinAndFetchProcessor - processing queryspace <gen:0>
12:30:09.756 [main] DEBUG o.h.l.p.b.spi.LoadPlanTreePrinter - LoadPlan(entity=Classes.VendingMachine)
    - Returns
       - EntityReturnImpl(entity=Classes.VendingMachine, querySpaceUid=<gen:0>, path=Classes.VendingMachine)
          - CollectionAttributeFetchImpl(collection=Abstract.TicketSeller.passes, querySpaceUid=<gen:1>, path=Classes.VendingMachine.passes)
             - (collection element) CollectionFetchableElementEntityGraph(entity=Classes.Pass, querySpaceUid=<gen:2>, path=Classes.VendingMachine.passes.<elements>)
          - CollectionAttributeFetchImpl(collection=Abstract.TicketSeller.tickets, querySpaceUid=<gen:3>, path=Classes.VendingMachine.tickets)
             - (collection element) CollectionFetchableElementEntityGraph(entity=Classes.Ticket, querySpaceUid=<gen:4>, path=Classes.VendingMachine.tickets.<elements>)
    - QuerySpaces
       - EntityQuerySpaceImpl(uid=<gen:0>, entity=Classes.VendingMachine)
          - SQL table alias mapping - vendingmac0_
          - alias suffix - 0_
          - suffixed key columns - {id2_3_0_}

12:30:09.756 [main] DEBUG o.h.loader.entity.plan.EntityLoader - Static select for entity Classes.VendingMachine [NONE]: select vendingmac0_.id as id2_3_0_, vendingmac0_.seller_name as seller_n3_3_0_, vendingmac0_.isWorking as isworkin4_3_0_ from TicketSeller vendingmac0_ where vendingmac0_.id=? and vendingmac0_.Elementi='vending_machine'
12:30:09.759 [main] DEBUG o.h.l.p.b.i.spaces.QuerySpacesImpl - Adding QuerySpace : uid = <gen:0> -> org.hibernate.loader.plan.build.internal.spaces.CollectionQuerySpaceImpl@7112ce6]
12:30:09.759 [main] DEBUG o.h.l.p.b.i.spaces.QuerySpacesImpl - Adding QuerySpace : uid = <gen:1> -> org.hibernate.loader.plan.build.internal.spaces.EntityQuerySpaceImpl@558b4942]
12:30:09.759 [main] DEBUG o.h.p.w.spi.MetamodelGraphWalker - Visiting attribute path : seller
12:30:09.759 [main] DEBUG o.h.l.p.b.i.spaces.QuerySpacesImpl - Adding QuerySpace : uid = <gen:2> -> org.hibernate.loader.plan.build.internal.spaces.EntityQuerySpaceImpl@f3560d4]
12:30:09.759 [main] DEBUG o.h.p.w.spi.MetamodelGraphWalker - Visiting attribute path : seller.name
12:30:09.759 [main] DEBUG o.h.p.w.spi.MetamodelGraphWalker - Visiting attribute path : seller.passes
12:30:09.759 [main] DEBUG o.h.p.w.spi.MetamodelGraphWalker - Property path deemed to be circular : seller.passes
12:30:09.759 [main] DEBUG o.h.p.w.spi.MetamodelGraphWalker - Visiting attribute path : seller.tickets
12:30:09.759 [main] DEBUG o.h.p.w.spi.MetamodelGraphWalker - Property path deemed to be circular : seller.tickets
12:30:09.759 [main] DEBUG o.h.p.w.spi.MetamodelGraphWalker - Visiting attribute path : seller.people
12:30:09.759 [main] DEBUG o.h.l.p.b.i.spaces.QuerySpacesImpl - Adding QuerySpace : uid = <gen:3> -> org.hibernate.loader.plan.build.internal.spaces.CollectionQuerySpaceImpl@51b77cdf]
12:30:09.759 [main] DEBUG o.h.l.p.b.i.spaces.QuerySpacesImpl - Adding QuerySpace : uid = <gen:4> -> org.hibernate.loader.plan.build.internal.spaces.EntityQuerySpaceImpl@441fbe89]
12:30:09.759 [main] DEBUG o.h.p.w.spi.MetamodelGraphWalker - Visiting attribute path : seller.isWorking
12:30:09.760 [main] DEBUG o.h.p.w.spi.MetamodelGraphWalker - Visiting attribute path : person
12:30:09.760 [main] DEBUG o.h.l.p.b.i.spaces.QuerySpacesImpl - Adding QuerySpace : uid = <gen:5> -> org.hibernate.loader.plan.build.internal.spaces.EntityQuerySpaceImpl@6088451e]
12:30:09.760 [main] DEBUG o.h.p.w.spi.MetamodelGraphWalker - Visiting attribute path : person.birthdate
12:30:09.760 [main] DEBUG o.h.p.w.spi.MetamodelGraphWalker - Visiting attribute path : person.cardNum
12:30:09.760 [main] DEBUG o.h.l.p.b.i.spaces.QuerySpacesImpl - Adding QuerySpace : uid = <gen:6> -> org.hibernate.loader.plan.build.internal.spaces.EntityQuerySpaceImpl@2f10f633]
12:30:09.760 [main] DEBUG o.h.p.w.spi.MetamodelGraphWalker - Visiting attribute path : person.cardNum.emissionDate
12:30:09.760 [main] DEBUG o.h.p.w.spi.MetamodelGraphWalker - Visiting attribute path : person.cardNum.expirationDate
12:30:09.760 [main] DEBUG o.h.p.w.spi.MetamodelGraphWalker - Visiting attribute path : person.cardNum.person
12:30:09.760 [main] DEBUG o.h.p.w.spi.MetamodelGraphWalker - Property path deemed to be circular : person.cardNum.person
12:30:09.760 [main] DEBUG o.h.p.w.spi.MetamodelGraphWalker - Visiting attribute path : person.firstName
12:30:09.760 [main] DEBUG o.h.p.w.spi.MetamodelGraphWalker - Visiting attribute path : person.lastName
12:30:09.760 [main] DEBUG o.h.p.w.spi.MetamodelGraphWalker - Visiting attribute path : sellers
12:30:09.760 [main] DEBUG o.h.l.p.b.i.spaces.QuerySpacesImpl - Adding QuerySpace : uid = <gen:7> -> org.hibernate.loader.plan.build.internal.spaces.EntityQuerySpaceImpl@3440e9cd]
12:30:09.760 [main] DEBUG o.h.p.w.spi.MetamodelGraphWalker - Visiting attribute path : sellers.name
12:30:09.760 [main] DEBUG o.h.p.w.spi.MetamodelGraphWalker - Visiting attribute path : sellers.passes
12:30:09.760 [main] DEBUG o.h.p.w.spi.MetamodelGraphWalker - Property path deemed to be circular : sellers.passes
12:30:09.760 [main] DEBUG o.h.p.w.spi.MetamodelGraphWalker - Visiting attribute path : sellers.tickets
12:30:09.760 [main] DEBUG o.h.p.w.spi.MetamodelGraphWalker - Property path deemed to be circular : sellers.tickets
12:30:09.760 [main] DEBUG o.h.p.w.spi.MetamodelGraphWalker - Visiting attribute path : sellers.people
12:30:09.760 [main] DEBUG o.h.l.p.b.i.spaces.QuerySpacesImpl - Adding QuerySpace : uid = <gen:8> -> org.hibernate.loader.plan.build.internal.spaces.CollectionQuerySpaceImpl@a09303]
12:30:09.760 [main] DEBUG o.h.l.p.b.i.spaces.QuerySpacesImpl - Adding QuerySpace : uid = <gen:9> -> org.hibernate.loader.plan.build.internal.spaces.EntityQuerySpaceImpl@1163a27]
12:30:09.760 [main] DEBUG o.h.p.w.spi.MetamodelGraphWalker - Visiting attribute path : sellers.isWorking
12:30:09.760 [main] DEBUG o.h.p.w.spi.MetamodelGraphWalker - Visiting attribute path : validity
12:30:09.760 [main] DEBUG o.h.l.p.b.i.FetchStyleLoadPlanBuildingAssociationVisitationStrategy - Building LoadPlan...
12:30:09.762 [main] DEBUG o.h.l.p.e.i.LoadQueryJoinAndFetchProcessor - processing queryspace <gen:0>
12:30:09.763 [main] DEBUG o.h.l.p.b.spi.LoadPlanTreePrinter - LoadPlan(collection=Abstract.TicketSeller.tickets)
    - Returns
       - CollectionReturnImpl(collection=Abstract.TicketSeller.tickets, querySpaceUid=<gen:0>, path=[Abstract.TicketSeller.tickets])
          - (collection element) CollectionFetchableElementEntityGraph(entity=Classes.Ticket, querySpaceUid=<gen:1>, path=[Abstract.TicketSeller.tickets].<elements>)
             - EntityAttributeFetchImpl(entity=Abstract.TicketSeller, querySpaceUid=<gen:2>, path=[Abstract.TicketSeller.tickets].<elements>.seller)
                - CollectionAttributeFetchImpl(collection=Classes.Shop.people, querySpaceUid=<gen:3>, path=[Abstract.TicketSeller.tickets].<elements>.seller.people)
                   - (collection element) CollectionFetchableElementEntityGraph(entity=Classes.Person, querySpaceUid=<gen:4>, path=[Abstract.TicketSeller.tickets].<elements>.seller.people.<elements>)
             - EntityAttributeFetchImpl(entity=Classes.Person, querySpaceUid=<gen:5>, path=[Abstract.TicketSeller.tickets].<elements>.person)
                - EntityAttributeFetchImpl(entity=Classes.Card, querySpaceUid=<gen:6>, path=[Abstract.TicketSeller.tickets].<elements>.person.cardNum)
             - EntityAttributeFetchImpl(entity=Abstract.TicketSeller, querySpaceUid=<gen:7>, path=[Abstract.TicketSeller.tickets].<elements>.sellers)
                - CollectionAttributeFetchImpl(collection=Classes.Shop.people, querySpaceUid=<gen:8>, path=[Abstract.TicketSeller.tickets].<elements>.sellers.people)
                   - (collection element) CollectionFetchableElementEntityGraph(entity=Classes.Person, querySpaceUid=<gen:9>, path=[Abstract.TicketSeller.tickets].<elements>.sellers.people.<elements>)
    - QuerySpaces
       - CollectionQuerySpaceImpl(uid=<gen:0>, collection=Abstract.TicketSeller.tickets)
          - SQL table alias mapping - tickets0_
          - alias suffix - 0_
          - suffixed key columns - {ticketse1_5_0_}
          - entity-element alias suffix - 1_
          - 1_entity-element suffixed key columns - id2_2_1_
          - JOIN (JoinDefinedByMetadata(elements)) : <gen:0> -> <gen:1>
             - EntityQuerySpaceImpl(uid=<gen:1>, entity=Classes.Ticket)
                - SQL table alias mapping - ticket1_
                - alias suffix - 1_
                - suffixed key columns - {id2_2_1_}
                - JOIN (JoinDefinedByMetadata(seller)) : <gen:1> -> <gen:2>
                   - EntityQuerySpaceImpl(uid=<gen:2>, entity=Abstract.TicketSeller)
                      - SQL table alias mapping - ticketsell2_
                      - alias suffix - 2_
                      - suffixed key columns - {id2_3_2_}
                - JOIN (JoinDefinedByMetadata(person)) : <gen:1> -> <gen:5>
                   - EntityQuerySpaceImpl(uid=<gen:5>, entity=Classes.Person)
                      - SQL table alias mapping - person3_
                      - alias suffix - 3_
                      - suffixed key columns - {id1_1_3_}
                      - JOIN (JoinDefinedByMetadata(cardNum)) : <gen:5> -> <gen:6>
                         - EntityQuerySpaceImpl(uid=<gen:6>, entity=Classes.Card)
                            - SQL table alias mapping - card4_
                            - alias suffix - 4_
                            - suffixed key columns - {id1_0_4_}
                - JOIN (JoinDefinedByMetadata(sellers)) : <gen:1> -> <gen:7>
                   - EntityQuerySpaceImpl(uid=<gen:7>, entity=Abstract.TicketSeller)
                      - SQL table alias mapping - ticketsell5_
                      - alias suffix - 5_
                      - suffixed key columns - {id2_3_5_}

12:30:09.763 [main] DEBUG o.h.l.c.plan.CollectionLoader - Static select for collection Abstract.TicketSeller.tickets: select tickets0_.TicketSeller_id as ticketse1_5_0_, tickets0_.tickets_id as tickets_2_5_0_, ticket1_.id as id2_2_1_, ticket1_.seller_id as seller_i4_2_1_, ticket1_.person_id as person_i5_2_1_, ticket1_.sellers_id as sellers_6_2_1_, ticket1_.validity as validity3_2_1_, ticket1_.DTYPE as dtype1_2_1_, ticketsell2_.id as id2_3_2_, ticketsell2_.seller_name as seller_n3_3_2_, ticketsell2_.isWorking as isworkin4_3_2_, ticketsell2_.Elementi as elementi1_3_2_, person3_.id as id1_1_3_, person3_.birthdate as birthdat2_1_3_, person3_.cardNum_id as cardnum_5_1_3_, person3_.firstName as firstnam3_1_3_, person3_.lastName as lastname4_1_3_, card4_.id as id1_0_4_, card4_.emissionDate as emission2_0_4_, card4_.expirationDate as expirati3_0_4_, ticketsell5_.id as id2_3_5_, ticketsell5_.seller_name as seller_n3_3_5_, ticketsell5_.isWorking as isworkin4_3_5_, ticketsell5_.Elementi as elementi1_3_5_ from TicketSeller_Ticket tickets0_ inner join Ticket ticket1_ on tickets0_.tickets_id=ticket1_.id left outer join TicketSeller ticketsell2_ on ticket1_.seller_id=ticketsell2_.id left outer join Person person3_ on ticket1_.person_id=person3_.id left outer join Card card4_ on person3_.cardNum_id=card4_.id left outer join TicketSeller ticketsell5_ on ticket1_.sellers_id=ticketsell5_.id where tickets0_.TicketSeller_id=?
12:30:09.763 [main] DEBUG o.h.l.p.b.i.spaces.QuerySpacesImpl - Adding QuerySpace : uid = <gen:0> -> org.hibernate.loader.plan.build.internal.spaces.CollectionQuerySpaceImpl@78422efb]
12:30:09.763 [main] DEBUG o.h.l.p.b.i.spaces.QuerySpacesImpl - Adding QuerySpace : uid = <gen:1> -> org.hibernate.loader.plan.build.internal.spaces.EntityQuerySpaceImpl@5f05c8d6]
12:30:09.763 [main] DEBUG o.h.p.w.spi.MetamodelGraphWalker - Visiting attribute path : seller
12:30:09.763 [main] DEBUG o.h.l.p.b.i.spaces.QuerySpacesImpl - Adding QuerySpace : uid = <gen:2> -> org.hibernate.loader.plan.build.internal.spaces.EntityQuerySpaceImpl@d48e998]
12:30:09.763 [main] DEBUG o.h.p.w.spi.MetamodelGraphWalker - Visiting attribute path : seller.name
12:30:09.763 [main] DEBUG o.h.p.w.spi.MetamodelGraphWalker - Visiting attribute path : seller.passes
12:30:09.763 [main] DEBUG o.h.p.w.spi.MetamodelGraphWalker - Property path deemed to be circular : seller.passes
12:30:09.763 [main] DEBUG o.h.p.w.spi.MetamodelGraphWalker - Visiting attribute path : seller.tickets
12:30:09.763 [main] DEBUG o.h.p.w.spi.MetamodelGraphWalker - Property path deemed to be circular : seller.tickets
12:30:09.763 [main] DEBUG o.h.p.w.spi.MetamodelGraphWalker - Visiting attribute path : seller.people
12:30:09.763 [main] DEBUG o.h.l.p.b.i.spaces.QuerySpacesImpl - Adding QuerySpace : uid = <gen:3> -> org.hibernate.loader.plan.build.internal.spaces.CollectionQuerySpaceImpl@158ae284]
12:30:09.763 [main] DEBUG o.h.l.p.b.i.spaces.QuerySpacesImpl - Adding QuerySpace : uid = <gen:4> -> org.hibernate.loader.plan.build.internal.spaces.EntityQuerySpaceImpl@50eb4a2c]
12:30:09.763 [main] DEBUG o.h.p.w.spi.MetamodelGraphWalker - Visiting attribute path : seller.isWorking
12:30:09.763 [main] DEBUG o.h.p.w.spi.MetamodelGraphWalker - Visiting attribute path : person
12:30:09.763 [main] DEBUG o.h.l.p.b.i.spaces.QuerySpacesImpl - Adding QuerySpace : uid = <gen:5> -> org.hibernate.loader.plan.build.internal.spaces.EntityQuerySpaceImpl@1a256d80]
12:30:09.763 [main] DEBUG o.h.p.w.spi.MetamodelGraphWalker - Visiting attribute path : person.birthdate
12:30:09.763 [main] DEBUG o.h.p.w.spi.MetamodelGraphWalker - Visiting attribute path : person.cardNum
12:30:09.763 [main] DEBUG o.h.l.p.b.i.spaces.QuerySpacesImpl - Adding QuerySpace : uid = <gen:6> -> org.hibernate.loader.plan.build.internal.spaces.EntityQuerySpaceImpl@7235f92b]
12:30:09.763 [main] DEBUG o.h.p.w.spi.MetamodelGraphWalker - Visiting attribute path : person.cardNum.emissionDate
12:30:09.763 [main] DEBUG o.h.p.w.spi.MetamodelGraphWalker - Visiting attribute path : person.cardNum.expirationDate
12:30:09.764 [main] DEBUG o.h.p.w.spi.MetamodelGraphWalker - Visiting attribute path : person.cardNum.person
12:30:09.764 [main] DEBUG o.h.p.w.spi.MetamodelGraphWalker - Property path deemed to be circular : person.cardNum.person
12:30:09.764 [main] DEBUG o.h.p.w.spi.MetamodelGraphWalker - Visiting attribute path : person.firstName
12:30:09.764 [main] DEBUG o.h.p.w.spi.MetamodelGraphWalker - Visiting attribute path : person.lastName
12:30:09.764 [main] DEBUG o.h.p.w.spi.MetamodelGraphWalker - Visiting attribute path : sellers
12:30:09.764 [main] DEBUG o.h.l.p.b.i.spaces.QuerySpacesImpl - Adding QuerySpace : uid = <gen:7> -> org.hibernate.loader.plan.build.internal.spaces.EntityQuerySpaceImpl@497d4c96]
12:30:09.764 [main] DEBUG o.h.p.w.spi.MetamodelGraphWalker - Visiting attribute path : sellers.name
12:30:09.764 [main] DEBUG o.h.p.w.spi.MetamodelGraphWalker - Visiting attribute path : sellers.passes
12:30:09.764 [main] DEBUG o.h.p.w.spi.MetamodelGraphWalker - Property path deemed to be circular : sellers.passes
12:30:09.764 [main] DEBUG o.h.p.w.spi.MetamodelGraphWalker - Visiting attribute path : sellers.tickets
12:30:09.764 [main] DEBUG o.h.p.w.spi.MetamodelGraphWalker - Property path deemed to be circular : sellers.tickets
12:30:09.764 [main] DEBUG o.h.p.w.spi.MetamodelGraphWalker - Visiting attribute path : sellers.people
12:30:09.764 [main] DEBUG o.h.l.p.b.i.spaces.QuerySpacesImpl - Adding QuerySpace : uid = <gen:8> -> org.hibernate.loader.plan.build.internal.spaces.CollectionQuerySpaceImpl@69d3cf7e]
12:30:09.764 [main] DEBUG o.h.l.p.b.i.spaces.QuerySpacesImpl - Adding QuerySpace : uid = <gen:9> -> org.hibernate.loader.plan.build.internal.spaces.EntityQuerySpaceImpl@3a3ed300]
12:30:09.764 [main] DEBUG o.h.p.w.spi.MetamodelGraphWalker - Visiting attribute path : sellers.isWorking
12:30:09.764 [main] DEBUG o.h.p.w.spi.MetamodelGraphWalker - Visiting attribute path : validity
12:30:09.764 [main] DEBUG o.h.l.p.b.i.FetchStyleLoadPlanBuildingAssociationVisitationStrategy - Building LoadPlan...
12:30:09.764 [main] DEBUG o.h.l.p.e.i.LoadQueryJoinAndFetchProcessor - processing queryspace <gen:0>
12:30:09.764 [main] DEBUG o.h.l.p.b.spi.LoadPlanTreePrinter - LoadPlan(collection=Abstract.TicketSeller.passes)
    - Returns
       - CollectionReturnImpl(collection=Abstract.TicketSeller.passes, querySpaceUid=<gen:0>, path=[Abstract.TicketSeller.passes])
          - (collection element) CollectionFetchableElementEntityGraph(entity=Classes.Pass, querySpaceUid=<gen:1>, path=[Abstract.TicketSeller.passes].<elements>)
             - EntityAttributeFetchImpl(entity=Abstract.TicketSeller, querySpaceUid=<gen:2>, path=[Abstract.TicketSeller.passes].<elements>.seller)
                - CollectionAttributeFetchImpl(collection=Classes.Shop.people, querySpaceUid=<gen:3>, path=[Abstract.TicketSeller.passes].<elements>.seller.people)
                   - (collection element) CollectionFetchableElementEntityGraph(entity=Classes.Person, querySpaceUid=<gen:4>, path=[Abstract.TicketSeller.passes].<elements>.seller.people.<elements>)
             - EntityAttributeFetchImpl(entity=Classes.Person, querySpaceUid=<gen:5>, path=[Abstract.TicketSeller.passes].<elements>.person)
                - EntityAttributeFetchImpl(entity=Classes.Card, querySpaceUid=<gen:6>, path=[Abstract.TicketSeller.passes].<elements>.person.cardNum)
             - EntityAttributeFetchImpl(entity=Abstract.TicketSeller, querySpaceUid=<gen:7>, path=[Abstract.TicketSeller.passes].<elements>.sellers)
                - CollectionAttributeFetchImpl(collection=Classes.Shop.people, querySpaceUid=<gen:8>, path=[Abstract.TicketSeller.passes].<elements>.sellers.people)
                   - (collection element) CollectionFetchableElementEntityGraph(entity=Classes.Person, querySpaceUid=<gen:9>, path=[Abstract.TicketSeller.passes].<elements>.sellers.people.<elements>)
    - QuerySpaces
       - CollectionQuerySpaceImpl(uid=<gen:0>, collection=Abstract.TicketSeller.passes)
          - SQL table alias mapping - passes0_
          - alias suffix - 0_
          - suffixed key columns - {ticketse1_5_0_}
          - entity-element alias suffix - 1_
          - 1_entity-element suffixed key columns - id2_2_1_
          - JOIN (JoinDefinedByMetadata(elements)) : <gen:0> -> <gen:1>
             - EntityQuerySpaceImpl(uid=<gen:1>, entity=Classes.Pass)
                - SQL table alias mapping - pass1_
                - alias suffix - 1_
                - suffixed key columns - {id2_2_1_}
                - JOIN (JoinDefinedByMetadata(seller)) : <gen:1> -> <gen:2>
                   - EntityQuerySpaceImpl(uid=<gen:2>, entity=Abstract.TicketSeller)
                      - SQL table alias mapping - ticketsell2_
                      - alias suffix - 2_
                      - suffixed key columns - {id2_3_2_}
                - JOIN (JoinDefinedByMetadata(person)) : <gen:1> -> <gen:5>
                   - EntityQuerySpaceImpl(uid=<gen:5>, entity=Classes.Person)
                      - SQL table alias mapping - person3_
                      - alias suffix - 3_
                      - suffixed key columns - {id1_1_3_}
                      - JOIN (JoinDefinedByMetadata(cardNum)) : <gen:5> -> <gen:6>
                         - EntityQuerySpaceImpl(uid=<gen:6>, entity=Classes.Card)
                            - SQL table alias mapping - card4_
                            - alias suffix - 4_
                            - suffixed key columns - {id1_0_4_}
                - JOIN (JoinDefinedByMetadata(sellers)) : <gen:1> -> <gen:7>
                   - EntityQuerySpaceImpl(uid=<gen:7>, entity=Abstract.TicketSeller)
                      - SQL table alias mapping - ticketsell5_
                      - alias suffix - 5_
                      - suffixed key columns - {id2_3_5_}

12:30:09.764 [main] DEBUG o.h.l.c.plan.CollectionLoader - Static select for collection Abstract.TicketSeller.passes: select passes0_.TicketSeller_id as ticketse1_5_0_, passes0_.passes_id as passes_i3_5_0_, pass1_.id as id2_2_1_, pass1_.seller_id as seller_i4_2_1_, pass1_.person_id as person_i5_2_1_, pass1_.sellers_id as sellers_6_2_1_, pass1_.validity as validity3_2_1_, ticketsell2_.id as id2_3_2_, ticketsell2_.seller_name as seller_n3_3_2_, ticketsell2_.isWorking as isworkin4_3_2_, ticketsell2_.Elementi as elementi1_3_2_, person3_.id as id1_1_3_, person3_.birthdate as birthdat2_1_3_, person3_.cardNum_id as cardnum_5_1_3_, person3_.firstName as firstnam3_1_3_, person3_.lastName as lastname4_1_3_, card4_.id as id1_0_4_, card4_.emissionDate as emission2_0_4_, card4_.expirationDate as expirati3_0_4_, ticketsell5_.id as id2_3_5_, ticketsell5_.seller_name as seller_n3_3_5_, ticketsell5_.isWorking as isworkin4_3_5_, ticketsell5_.Elementi as elementi1_3_5_ from TicketSeller_Ticket passes0_ inner join Ticket pass1_ on passes0_.passes_id=pass1_.id left outer join TicketSeller ticketsell2_ on pass1_.seller_id=ticketsell2_.id left outer join Person person3_ on pass1_.person_id=person3_.id left outer join Card card4_ on person3_.cardNum_id=card4_.id left outer join TicketSeller ticketsell5_ on pass1_.sellers_id=ticketsell5_.id where passes0_.TicketSeller_id=?
12:30:09.764 [main] DEBUG o.h.l.p.b.i.spaces.QuerySpacesImpl - Adding QuerySpace : uid = <gen:0> -> org.hibernate.loader.plan.build.internal.spaces.CollectionQuerySpaceImpl@1984212d]
12:30:09.764 [main] DEBUG o.h.l.p.b.i.spaces.QuerySpacesImpl - Adding QuerySpace : uid = <gen:1> -> org.hibernate.loader.plan.build.internal.spaces.EntityQuerySpaceImpl@39f5b723]
12:30:09.764 [main] DEBUG o.h.p.w.spi.MetamodelGraphWalker - Visiting attribute path : birthdate
12:30:09.765 [main] DEBUG o.h.p.w.spi.MetamodelGraphWalker - Visiting attribute path : cardNum
12:30:09.765 [main] DEBUG o.h.l.p.b.i.spaces.QuerySpacesImpl - Adding QuerySpace : uid = <gen:2> -> org.hibernate.loader.plan.build.internal.spaces.EntityQuerySpaceImpl@3af58f76]
12:30:09.765 [main] DEBUG o.h.p.w.spi.MetamodelGraphWalker - Visiting attribute path : cardNum.emissionDate
12:30:09.765 [main] DEBUG o.h.p.w.spi.MetamodelGraphWalker - Visiting attribute path : cardNum.expirationDate
12:30:09.765 [main] DEBUG o.h.p.w.spi.MetamodelGraphWalker - Visiting attribute path : cardNum.person
12:30:09.765 [main] DEBUG o.h.p.w.spi.MetamodelGraphWalker - Property path deemed to be circular : cardNum.person
12:30:09.765 [main] DEBUG o.h.p.w.spi.MetamodelGraphWalker - Visiting attribute path : firstName
12:30:09.765 [main] DEBUG o.h.p.w.spi.MetamodelGraphWalker - Visiting attribute path : lastName
12:30:09.765 [main] DEBUG o.h.l.p.b.i.FetchStyleLoadPlanBuildingAssociationVisitationStrategy - Building LoadPlan...
12:30:09.765 [main] DEBUG o.h.l.p.e.i.LoadQueryJoinAndFetchProcessor - processing queryspace <gen:0>
12:30:09.765 [main] DEBUG o.h.l.p.b.spi.LoadPlanTreePrinter - LoadPlan(collection=Classes.Shop.people)
    - Returns
       - CollectionReturnImpl(collection=Classes.Shop.people, querySpaceUid=<gen:0>, path=[Classes.Shop.people])
          - (collection element) CollectionFetchableElementEntityGraph(entity=Classes.Person, querySpaceUid=<gen:1>, path=[Classes.Shop.people].<elements>)
             - EntityAttributeFetchImpl(entity=Classes.Card, querySpaceUid=<gen:2>, path=[Classes.Shop.people].<elements>.cardNum)
    - QuerySpaces
       - CollectionQuerySpaceImpl(uid=<gen:0>, collection=Classes.Shop.people)
          - SQL table alias mapping - people0_
          - alias suffix - 0_
          - suffixed key columns - {shop_id1_4_0_}
          - entity-element alias suffix - 1_
          - 1_entity-element suffixed key columns - id1_1_1_
          - JOIN (JoinDefinedByMetadata(elements)) : <gen:0> -> <gen:1>
             - EntityQuerySpaceImpl(uid=<gen:1>, entity=Classes.Person)
                - SQL table alias mapping - person1_
                - alias suffix - 1_
                - suffixed key columns - {id1_1_1_}
                - JOIN (JoinDefinedByMetadata(cardNum)) : <gen:1> -> <gen:2>
                   - EntityQuerySpaceImpl(uid=<gen:2>, entity=Classes.Card)
                      - SQL table alias mapping - card2_
                      - alias suffix - 2_
                      - suffixed key columns - {id1_0_2_}

12:30:09.765 [main] DEBUG o.h.l.c.plan.CollectionLoader - Static select for collection Classes.Shop.people: select people0_.Shop_id as shop_id1_4_0_, people0_.people_id as people_i2_4_0_, person1_.id as id1_1_1_, person1_.birthdate as birthdat2_1_1_, person1_.cardNum_id as cardnum_5_1_1_, person1_.firstName as firstnam3_1_1_, person1_.lastName as lastname4_1_1_, card2_.id as id1_0_2_, card2_.emissionDate as emission2_0_2_, card2_.expirationDate as expirati3_0_2_ from TicketSeller_Person people0_ inner join Person person1_ on people0_.people_id=person1_.id left outer join Card card2_ on person1_.cardNum_id=card2_.id where people0_.Shop_id=?
12:30:09.789 [main] INFO  o.hibernate.orm.connections.access - HHH10001501: Connection obtained from JdbcConnectionAccess [org.hibernate.engine.jdbc.env.internal.JdbcEnvironmentInitiator$ConnectionProviderJdbcConnectionAccess@7a6ea47d] for (non-JTA) DDL execution was not in auto-commit mode; the Connection 'local transaction' will be committed and the Connection will be set into auto-commit mode.
12:30:09.806 [main] DEBUG org.hibernate.mapping.Table - No alter strings for table : Card
12:30:09.807 [main] DEBUG org.hibernate.mapping.Table - No alter strings for table : Person
12:30:09.807 [main] DEBUG org.hibernate.mapping.Table - No alter strings for table : Ticket
12:30:09.807 [main] DEBUG org.hibernate.mapping.Table - No alter strings for table : TicketSeller
12:30:09.807 [main] DEBUG org.hibernate.mapping.Table - No alter strings for table : TicketSeller_Person
12:30:09.807 [main] DEBUG org.hibernate.mapping.Table - No alter strings for table : TicketSeller_Ticket
12:30:09.864 [main] DEBUG o.h.e.t.j.p.i.JtaPlatformInitiator - No JtaPlatform was specified, checking resolver
12:30:09.864 [main] DEBUG o.h.e.t.j.p.i.JtaPlatformResolverInitiator - No JtaPlatformResolver was specified, using default [org.hibernate.engine.transaction.jta.platform.internal.StandardJtaPlatformResolver]
12:30:09.868 [main] DEBUG o.h.e.t.j.p.i.StandardJtaPlatformResolver - Could not resolve JtaPlatform, using default [org.hibernate.engine.transaction.jta.platform.internal.NoJtaPlatform]
12:30:09.868 [main] INFO  o.h.e.t.j.p.i.JtaPlatformInitiator - HHH000490: Using JtaPlatform implementation: [org.hibernate.engine.transaction.jta.platform.internal.NoJtaPlatform]
12:30:09.870 [main] DEBUG o.h.s.i.SessionFactoryServiceRegistryImpl - EventListenerRegistry access via ServiceRegistry is deprecated.  Use `sessionFactory.getEventEngine().getListenerRegistry()` instead
12:30:09.873 [main] DEBUG o.h.h.i.QueryTranslatorFactoryInitiator - QueryTranslatorFactory: org.hibernate.hql.internal.ast.ASTQueryTranslatorFactory@30db5536
12:30:09.875 [main] DEBUG o.h.query.spi.NamedQueryRepository - Checking 0 named HQL queries
12:30:09.875 [main] DEBUG o.h.query.spi.NamedQueryRepository - Checking 0 named SQL queries
12:30:09.876 [main] DEBUG o.h.internal.SessionFactoryRegistry - Initializing SessionFactoryRegistry : org.hibernate.internal.SessionFactoryRegistry@48eaf42f
12:30:09.879 [main] DEBUG o.h.internal.SessionFactoryRegistry - Registering SessionFactory: 17c09ebe-617b-4608-a50d-58776fcb3127 (<unnamed>)
12:30:09.879 [main] DEBUG o.h.internal.SessionFactoryRegistry - Not binding SessionFactory to JNDI, no JNDI name configured
12:30:09.906 [main] DEBUG o.h.s.internal.StatisticsInitiator - Statistics initialized [enabled=false]
12:30:09.909 [main] DEBUG o.h.e.t.internal.TransactionImpl - On TransactionImpl creation, JpaCompliance#isJpaTransactionComplianceEnabled == false
12:30:09.909 [main] DEBUG o.h.e.t.internal.TransactionImpl - begin
12:30:09.914 [main] DEBUG org.hibernate.SQL - select card0_.id as id1_0_0_, card0_.emissionDate as emission2_0_0_, card0_.expirationDate as expirati3_0_0_, person1_.id as id1_1_1_, person1_.birthdate as birthdat2_1_1_, person1_.cardNum_id as cardnum_5_1_1_, person1_.firstName as firstnam3_1_1_, person1_.lastName as lastname4_1_1_ from Card card0_ left outer join Person person1_ on card0_.id=person1_.cardNum_id where card0_.id=?
12:30:09.918 [main] DEBUG o.h.l.p.e.p.i.EntityReferenceInitializerImpl - On call to EntityIdentifierReaderImpl#resolve, EntityKey was already known; should only happen on root returns with an optional identifier specified
12:30:09.923 [main] DEBUG o.h.engine.internal.TwoPhaseLoad - Resolving attributes for [Classes.Card#3]
12:30:09.923 [main] DEBUG o.h.engine.internal.TwoPhaseLoad - Processing attribute `emissionDate` : value = 2023-02-12
12:30:09.923 [main] DEBUG o.h.engine.internal.TwoPhaseLoad - Attribute (`emissionDate`)  - enhanced for lazy-loading? - false
12:30:09.923 [main] DEBUG o.h.engine.internal.TwoPhaseLoad - Processing attribute `expirationDate` : value = 2024-02-12
12:30:09.923 [main] DEBUG o.h.engine.internal.TwoPhaseLoad - Attribute (`expirationDate`)  - enhanced for lazy-loading? - false
12:30:09.923 [main] DEBUG o.h.engine.internal.TwoPhaseLoad - Processing attribute `person` : value = 3
12:30:09.923 [main] DEBUG o.h.engine.internal.TwoPhaseLoad - Attribute (`person`)  - enhanced for lazy-loading? - false
12:30:09.924 [main] DEBUG o.h.engine.internal.TwoPhaseLoad - Done materializing entity [Classes.Card#3]
12:30:09.925 [main] DEBUG o.h.l.e.p.AbstractLoadPlanBasedEntityLoader - Done entity load : Classes.Card#3
12:30:09.930 [main] DEBUG o.h.e.t.internal.TransactionImpl - committing
12:30:09.930 [main] DEBUG o.h.e.i.AbstractFlushingEventListener - Processing flush-time cascades
12:30:09.931 [main] DEBUG o.h.e.i.AbstractFlushingEventListener - Dirty checking collections
12:30:09.933 [main] DEBUG o.h.e.i.AbstractFlushingEventListener - Flushed: 0 insertions, 0 updates, 1 deletions to 1 objects
12:30:09.933 [main] DEBUG o.h.e.i.AbstractFlushingEventListener - Flushed: 0 (re)creations, 0 updates, 0 removals to 0 collections
12:30:09.933 [main] DEBUG o.h.internal.util.EntityPrinter - Listing entities:
12:30:09.933 [main] DEBUG o.h.internal.util.EntityPrinter - Classes.Card{emissionDate=2023-02-12, person=null, id=3, expirationDate=2024-02-12}
12:30:09.936 [main] DEBUG org.hibernate.SQL - delete from Card where id=?
12:30:09.939 [main] DEBUG o.h.r.j.i.LogicalConnectionManagedImpl - Initiating JDBC connection release from afterTransaction
12:30:09.939 [main] DEBUG o.h.r.j.i.LogicalConnectionManagedImpl - Initiating JDBC connection release from afterTransaction
12:30:15.225 [main] DEBUG org.jboss.logging - Logging Provider: org.jboss.logging.Slf4jLoggerProvider
12:30:15.285 [main] DEBUG o.h.jpa.HibernatePersistenceProvider - Located and parsed 2 persistence units; checking each
12:30:15.285 [main] DEBUG o.h.jpa.HibernatePersistenceProvider - Checking persistence-unit [name=HomeworkS3D3, explicit-provider=null] against incoming persistence unit name [BuildWeek_4]
12:30:15.285 [main] DEBUG o.h.jpa.HibernatePersistenceProvider - Excluding from consideration due to name mis-match
12:30:15.285 [main] DEBUG o.h.jpa.HibernatePersistenceProvider - Checking persistence-unit [name=BuildWeek_4, explicit-provider=null] against incoming persistence unit name [BuildWeek_4]
12:30:15.286 [main] DEBUG o.h.jpa.boot.spi.ProviderChecker - No PersistenceProvider explicitly requested, assuming Hibernate
12:30:15.289 [main] DEBUG o.h.jpa.internal.util.LogHelper - PersistenceUnitInfo [
	name: BuildWeek_4
	persistence provider classname: null
	classloader: null
	excludeUnlistedClasses: false
	JTA datasource: null
	Non JTA datasource: null
	Transaction type: RESOURCE_LOCAL
	PU root URL: file:/C:/Users/total/Desktop/All/Epicode/fs0223-Luca-Sernicola-BackEnd/BuildWeek_4/target/classes/
	Shared Cache Mode: null
	Validation Mode: null
	Jar files URLs []
	Managed classes names []
	Mapping files names []
	Properties [
		javax.persistence.jdbc.driver: org.postgresql.Driver
		javax.persistence.jdbc.password: root
		hibernate.dialect: org.hibernate.dialect.PostgreSQLDialect
		javax.persistence.jdbc.url: jdbc:postgresql://localhost:5432/BuildWeek
		hibernate.hbm2ddl.auto: update
		javax.persistence.jdbc.user: postgres]
12:30:15.291 [main] DEBUG o.h.i.internal.IntegratorServiceImpl - Adding Integrator [org.hibernate.cfg.beanvalidation.BeanValidationIntegrator].
12:30:15.292 [main] DEBUG o.h.i.internal.IntegratorServiceImpl - Adding Integrator [org.hibernate.secure.spi.JaccIntegrator].
12:30:15.294 [main] DEBUG o.h.i.internal.IntegratorServiceImpl - Adding Integrator [org.hibernate.cache.internal.CollectionCacheInvalidator].
12:30:15.318 [main] INFO  org.hibernate.Version - HHH000412: Hibernate ORM core version 5.6.15.Final
12:30:15.320 [main] DEBUG org.hibernate.cfg.Environment - HHH000206: hibernate.properties not found
12:30:15.417 [main] DEBUG o.h.service.spi.ServiceBinding - Overriding existing service binding [org.hibernate.secure.spi.JaccService]
12:30:15.424 [main] DEBUG o.h.c.i.RegionFactoryInitiator - Cannot default RegionFactory based on registered strategies as `[]` RegionFactory strategies were registered
12:30:15.424 [main] DEBUG o.h.c.i.RegionFactoryInitiator - Cache region factory : org.hibernate.cache.internal.NoCachingRegionFactory
12:30:15.434 [main] INFO  o.h.annotations.common.Version - HCANN000001: Hibernate Commons Annotations {5.1.2.Final}
12:30:15.488 [main] DEBUG o.hibernate.type.BasicTypeRegistry - Adding type registration boolean -> org.hibernate.type.BooleanType@726e5805
12:30:15.488 [main] DEBUG o.hibernate.type.BasicTypeRegistry - Adding type registration boolean -> org.hibernate.type.BooleanType@726e5805
12:30:15.488 [main] DEBUG o.hibernate.type.BasicTypeRegistry - Adding type registration java.lang.Boolean -> org.hibernate.type.BooleanType@726e5805
12:30:15.488 [main] DEBUG o.hibernate.type.BasicTypeRegistry - Adding type registration numeric_boolean -> org.hibernate.type.NumericBooleanType@e077866
12:30:15.489 [main] DEBUG o.hibernate.type.BasicTypeRegistry - Adding type registration true_false -> org.hibernate.type.TrueFalseType@a8e6492
12:30:15.489 [main] DEBUG o.hibernate.type.BasicTypeRegistry - Adding type registration yes_no -> org.hibernate.type.YesNoType@2e11485
12:30:15.489 [main] DEBUG o.hibernate.type.BasicTypeRegistry - Adding type registration byte -> org.hibernate.type.ByteType@75c9e76b
12:30:15.490 [main] DEBUG o.hibernate.type.BasicTypeRegistry - Adding type registration byte -> org.hibernate.type.ByteType@75c9e76b
12:30:15.490 [main] DEBUG o.hibernate.type.BasicTypeRegistry - Adding type registration java.lang.Byte -> org.hibernate.type.ByteType@75c9e76b
12:30:15.490 [main] DEBUG o.hibernate.type.BasicTypeRegistry - Adding type registration character -> org.hibernate.type.CharacterType@12bcd0c0
12:30:15.490 [main] DEBUG o.hibernate.type.BasicTypeRegistry - Adding type registration char -> org.hibernate.type.CharacterType@12bcd0c0
12:30:15.490 [main] DEBUG o.hibernate.type.BasicTypeRegistry - Adding type registration java.lang.Character -> org.hibernate.type.CharacterType@12bcd0c0
12:30:15.491 [main] DEBUG o.hibernate.type.BasicTypeRegistry - Adding type registration short -> org.hibernate.type.ShortType@58ebfd03
12:30:15.491 [main] DEBUG o.hibernate.type.BasicTypeRegistry - Adding type registration short -> org.hibernate.type.ShortType@58ebfd03
12:30:15.491 [main] DEBUG o.hibernate.type.BasicTypeRegistry - Adding type registration java.lang.Short -> org.hibernate.type.ShortType@58ebfd03
12:30:15.492 [main] DEBUG o.hibernate.type.BasicTypeRegistry - Adding type registration integer -> org.hibernate.type.IntegerType@5c87bfe2
12:30:15.492 [main] DEBUG o.hibernate.type.BasicTypeRegistry - Adding type registration int -> org.hibernate.type.IntegerType@5c87bfe2
12:30:15.492 [main] DEBUG o.hibernate.type.BasicTypeRegistry - Adding type registration java.lang.Integer -> org.hibernate.type.IntegerType@5c87bfe2
12:30:15.492 [main] DEBUG o.hibernate.type.BasicTypeRegistry - Adding type registration long -> org.hibernate.type.LongType@7a791b66
12:30:15.492 [main] DEBUG o.hibernate.type.BasicTypeRegistry - Adding type registration long -> org.hibernate.type.LongType@7a791b66
12:30:15.492 [main] DEBUG o.hibernate.type.BasicTypeRegistry - Adding type registration java.lang.Long -> org.hibernate.type.LongType@7a791b66
12:30:15.493 [main] DEBUG o.hibernate.type.BasicTypeRegistry - Adding type registration float -> org.hibernate.type.FloatType@4fc5e095
12:30:15.493 [main] DEBUG o.hibernate.type.BasicTypeRegistry - Adding type registration float -> org.hibernate.type.FloatType@4fc5e095
12:30:15.493 [main] DEBUG o.hibernate.type.BasicTypeRegistry - Adding type registration java.lang.Float -> org.hibernate.type.FloatType@4fc5e095
12:30:15.493 [main] DEBUG o.hibernate.type.BasicTypeRegistry - Adding type registration double -> org.hibernate.type.DoubleType@62ea3440
12:30:15.493 [main] DEBUG o.hibernate.type.BasicTypeRegistry - Adding type registration double -> org.hibernate.type.DoubleType@62ea3440
12:30:15.493 [main] DEBUG o.hibernate.type.BasicTypeRegistry - Adding type registration java.lang.Double -> org.hibernate.type.DoubleType@62ea3440
12:30:15.494 [main] DEBUG o.hibernate.type.BasicTypeRegistry - Adding type registration big_decimal -> org.hibernate.type.BigDecimalType@749c877b
12:30:15.494 [main] DEBUG o.hibernate.type.BasicTypeRegistry - Adding type registration java.math.BigDecimal -> org.hibernate.type.BigDecimalType@749c877b
12:30:15.494 [main] DEBUG o.hibernate.type.BasicTypeRegistry - Adding type registration big_integer -> org.hibernate.type.BigIntegerType@160ac7fb
12:30:15.495 [main] DEBUG o.hibernate.type.BasicTypeRegistry - Adding type registration java.math.BigInteger -> org.hibernate.type.BigIntegerType@160ac7fb
12:30:15.495 [main] DEBUG o.hibernate.type.BasicTypeRegistry - Adding type registration string -> org.hibernate.type.StringType@618c5d94
12:30:15.495 [main] DEBUG o.hibernate.type.BasicTypeRegistry - Adding type registration java.lang.String -> org.hibernate.type.StringType@618c5d94
12:30:15.495 [main] DEBUG o.hibernate.type.BasicTypeRegistry - Adding type registration nstring -> org.hibernate.type.StringNVarcharType@1e63ec0b
12:30:15.496 [main] DEBUG o.hibernate.type.BasicTypeRegistry - Adding type registration ncharacter -> org.hibernate.type.CharacterNCharType@295eaa7c
12:30:15.496 [main] DEBUG o.hibernate.type.BasicTypeRegistry - Adding type registration url -> org.hibernate.type.UrlType@1dd0e7c4
12:30:15.496 [main] DEBUG o.hibernate.type.BasicTypeRegistry - Adding type registration java.net.URL -> org.hibernate.type.UrlType@1dd0e7c4
12:30:15.497 [main] DEBUG o.hibernate.type.BasicTypeRegistry - Adding type registration Duration -> org.hibernate.type.DurationType@37bd68c3
12:30:15.497 [main] DEBUG o.hibernate.type.BasicTypeRegistry - Adding type registration java.time.Duration -> org.hibernate.type.DurationType@37bd68c3
12:30:15.497 [main] DEBUG o.hibernate.type.BasicTypeRegistry - Adding type registration Instant -> org.hibernate.type.InstantType@4bff1903
12:30:15.497 [main] DEBUG o.hibernate.type.BasicTypeRegistry - Adding type registration java.time.Instant -> org.hibernate.type.InstantType@4bff1903
12:30:15.498 [main] DEBUG o.hibernate.type.BasicTypeRegistry - Adding type registration LocalDateTime -> org.hibernate.type.LocalDateTimeType@f79a760
12:30:15.498 [main] DEBUG o.hibernate.type.BasicTypeRegistry - Adding type registration java.time.LocalDateTime -> org.hibernate.type.LocalDateTimeType@f79a760
12:30:15.498 [main] DEBUG o.hibernate.type.BasicTypeRegistry - Adding type registration LocalDate -> org.hibernate.type.LocalDateType@652a7737
12:30:15.498 [main] DEBUG o.hibernate.type.BasicTypeRegistry - Adding type registration java.time.LocalDate -> org.hibernate.type.LocalDateType@652a7737
12:30:15.499 [main] DEBUG o.hibernate.type.BasicTypeRegistry - Adding type registration LocalTime -> org.hibernate.type.LocalTimeType@4e28bdd1
12:30:15.499 [main] DEBUG o.hibernate.type.BasicTypeRegistry - Adding type registration java.time.LocalTime -> org.hibernate.type.LocalTimeType@4e28bdd1
12:30:15.499 [main] DEBUG o.hibernate.type.BasicTypeRegistry - Adding type registration OffsetDateTime -> org.hibernate.type.OffsetDateTimeType@a8c1f44
12:30:15.500 [main] DEBUG o.hibernate.type.BasicTypeRegistry - Adding type registration java.time.OffsetDateTime -> org.hibernate.type.OffsetDateTimeType@a8c1f44
12:30:15.500 [main] DEBUG o.hibernate.type.BasicTypeRegistry - Adding type registration OffsetTime -> org.hibernate.type.OffsetTimeType@78a287ed
12:30:15.501 [main] DEBUG o.hibernate.type.BasicTypeRegistry - Adding type registration java.time.OffsetTime -> org.hibernate.type.OffsetTimeType@78a287ed
12:30:15.501 [main] DEBUG o.hibernate.type.BasicTypeRegistry - Adding type registration ZonedDateTime -> org.hibernate.type.ZonedDateTimeType@2b43529a
12:30:15.501 [main] DEBUG o.hibernate.type.BasicTypeRegistry - Adding type registration java.time.ZonedDateTime -> org.hibernate.type.ZonedDateTimeType@2b43529a
12:30:15.502 [main] DEBUG o.hibernate.type.BasicTypeRegistry - Adding type registration date -> org.hibernate.type.DateType@3829ac1
12:30:15.502 [main] DEBUG o.hibernate.type.BasicTypeRegistry - Adding type registration java.sql.Date -> org.hibernate.type.DateType@3829ac1
12:30:15.503 [main] DEBUG o.hibernate.type.BasicTypeRegistry - Adding type registration time -> org.hibernate.type.TimeType@2dbe250d
12:30:15.503 [main] DEBUG o.hibernate.type.BasicTypeRegistry - Adding type registration java.sql.Time -> org.hibernate.type.TimeType@2dbe250d
12:30:15.504 [main] DEBUG o.hibernate.type.BasicTypeRegistry - Adding type registration timestamp -> org.hibernate.type.TimestampType@47404bea
12:30:15.504 [main] DEBUG o.hibernate.type.BasicTypeRegistry - Adding type registration java.sql.Timestamp -> org.hibernate.type.TimestampType@47404bea
12:30:15.504 [main] DEBUG o.hibernate.type.BasicTypeRegistry - Adding type registration java.util.Date -> org.hibernate.type.TimestampType@47404bea
12:30:15.505 [main] DEBUG o.hibernate.type.BasicTypeRegistry - Adding type registration dbtimestamp -> org.hibernate.type.DbTimestampType@29e6eb25
12:30:15.506 [main] DEBUG o.hibernate.type.BasicTypeRegistry - Adding type registration calendar -> org.hibernate.type.CalendarType@275fe372
12:30:15.506 [main] DEBUG o.hibernate.type.BasicTypeRegistry - Adding type registration java.util.Calendar -> org.hibernate.type.CalendarType@275fe372
12:30:15.506 [main] DEBUG o.hibernate.type.BasicTypeRegistry - Adding type registration java.util.GregorianCalendar -> org.hibernate.type.CalendarType@275fe372
12:30:15.506 [main] DEBUG o.hibernate.type.BasicTypeRegistry - Adding type registration calendar_date -> org.hibernate.type.CalendarDateType@366ef90e
12:30:15.506 [main] DEBUG o.hibernate.type.BasicTypeRegistry - Adding type registration calendar_time -> org.hibernate.type.CalendarTimeType@21aa6d6c
12:30:15.508 [main] DEBUG o.hibernate.type.BasicTypeRegistry - Adding type registration locale -> org.hibernate.type.LocaleType@3f446bef
12:30:15.508 [main] DEBUG o.hibernate.type.BasicTypeRegistry - Adding type registration java.util.Locale -> org.hibernate.type.LocaleType@3f446bef
12:30:15.508 [main] DEBUG o.hibernate.type.BasicTypeRegistry - Adding type registration currency -> org.hibernate.type.CurrencyType@1c80e49b
12:30:15.508 [main] DEBUG o.hibernate.type.BasicTypeRegistry - Adding type registration java.util.Currency -> org.hibernate.type.CurrencyType@1c80e49b
12:30:15.509 [main] DEBUG o.hibernate.type.BasicTypeRegistry - Adding type registration timezone -> org.hibernate.type.TimeZoneType@56f6d40b
12:30:15.509 [main] DEBUG o.hibernate.type.BasicTypeRegistry - Adding type registration java.util.TimeZone -> org.hibernate.type.TimeZoneType@56f6d40b
12:30:15.509 [main] DEBUG o.hibernate.type.BasicTypeRegistry - Adding type registration class -> org.hibernate.type.ClassType@7e3060d8
12:30:15.509 [main] DEBUG o.hibernate.type.BasicTypeRegistry - Adding type registration java.lang.Class -> org.hibernate.type.ClassType@7e3060d8
12:30:15.510 [main] DEBUG o.hibernate.type.BasicTypeRegistry - Adding type registration uuid-binary -> org.hibernate.type.UUIDBinaryType@2e54db99
12:30:15.510 [main] DEBUG o.hibernate.type.BasicTypeRegistry - Adding type registration java.util.UUID -> org.hibernate.type.UUIDBinaryType@2e54db99
12:30:15.510 [main] DEBUG o.hibernate.type.BasicTypeRegistry - Adding type registration uuid-char -> org.hibernate.type.UUIDCharType@65a4798f
12:30:15.510 [main] DEBUG o.hibernate.type.BasicTypeRegistry - Adding type registration binary -> org.hibernate.type.BinaryType@773cbf4f
12:30:15.510 [main] DEBUG o.hibernate.type.BasicTypeRegistry - Adding type registration byte[] -> org.hibernate.type.BinaryType@773cbf4f
12:30:15.511 [main] DEBUG o.hibernate.type.BasicTypeRegistry - Adding type registration [B -> org.hibernate.type.BinaryType@773cbf4f
12:30:15.511 [main] DEBUG o.hibernate.type.BasicTypeRegistry - Adding type registration wrapper-binary -> org.hibernate.type.WrapperBinaryType@69637b10
12:30:15.511 [main] DEBUG o.hibernate.type.BasicTypeRegistry - Adding type registration Byte[] -> org.hibernate.type.WrapperBinaryType@69637b10
12:30:15.511 [main] DEBUG o.hibernate.type.BasicTypeRegistry - Adding type registration [Ljava.lang.Byte; -> org.hibernate.type.WrapperBinaryType@69637b10
12:30:15.512 [main] DEBUG o.hibernate.type.BasicTypeRegistry - Adding type registration row_version -> org.hibernate.type.RowVersionType@470a696f
12:30:15.512 [main] DEBUG o.hibernate.type.BasicTypeRegistry - Adding type registration image -> org.hibernate.type.ImageType@3f1c5af9
12:30:15.512 [main] DEBUG o.hibernate.type.BasicTypeRegistry - Adding type registration characters -> org.hibernate.type.CharArrayType@1de5f0ef
12:30:15.512 [main] DEBUG o.hibernate.type.BasicTypeRegistry - Adding type registration char[] -> org.hibernate.type.CharArrayType@1de5f0ef
12:30:15.512 [main] DEBUG o.hibernate.type.BasicTypeRegistry - Adding type registration [C -> org.hibernate.type.CharArrayType@1de5f0ef
12:30:15.513 [main] DEBUG o.hibernate.type.BasicTypeRegistry - Adding type registration wrapper-characters -> org.hibernate.type.CharacterArrayType@3ce3db41
12:30:15.513 [main] DEBUG o.hibernate.type.BasicTypeRegistry - Adding type registration [Ljava.lang.Character; -> org.hibernate.type.CharacterArrayType@3ce3db41
12:30:15.513 [main] DEBUG o.hibernate.type.BasicTypeRegistry - Adding type registration Character[] -> org.hibernate.type.CharacterArrayType@3ce3db41
12:30:15.513 [main] DEBUG o.hibernate.type.BasicTypeRegistry - Adding type registration text -> org.hibernate.type.TextType@2c3dec30
12:30:15.514 [main] DEBUG o.hibernate.type.BasicTypeRegistry - Adding type registration ntext -> org.hibernate.type.NTextType@3fc9dfc5
12:30:15.514 [main] DEBUG o.hibernate.type.BasicTypeRegistry - Adding type registration blob -> org.hibernate.type.BlobType@4ba534b0
12:30:15.514 [main] DEBUG o.hibernate.type.BasicTypeRegistry - Adding type registration java.sql.Blob -> org.hibernate.type.BlobType@4ba534b0
12:30:15.515 [main] DEBUG o.hibernate.type.BasicTypeRegistry - Adding type registration materialized_blob -> org.hibernate.type.MaterializedBlobType@4e517165
12:30:15.515 [main] DEBUG o.hibernate.type.BasicTypeRegistry - Adding type registration clob -> org.hibernate.type.ClobType@34625ccd
12:30:15.515 [main] DEBUG o.hibernate.type.BasicTypeRegistry - Adding type registration java.sql.Clob -> org.hibernate.type.ClobType@34625ccd
12:30:15.516 [main] DEBUG o.hibernate.type.BasicTypeRegistry - Adding type registration nclob -> org.hibernate.type.NClobType@346939bf
12:30:15.516 [main] DEBUG o.hibernate.type.BasicTypeRegistry - Adding type registration java.sql.NClob -> org.hibernate.type.NClobType@346939bf
12:30:15.516 [main] DEBUG o.hibernate.type.BasicTypeRegistry - Adding type registration materialized_clob -> org.hibernate.type.MaterializedClobType@9bd0fa6
12:30:15.517 [main] DEBUG o.hibernate.type.BasicTypeRegistry - Adding type registration materialized_nclob -> org.hibernate.type.MaterializedNClobType@f6c03cb
12:30:15.517 [main] DEBUG o.hibernate.type.BasicTypeRegistry - Adding type registration serializable -> org.hibernate.type.SerializableType@1c9f0a20
12:30:15.518 [main] DEBUG o.hibernate.type.BasicTypeRegistry - Adding type registration object -> org.hibernate.type.ObjectType@4ae33a11
12:30:15.519 [main] DEBUG o.hibernate.type.BasicTypeRegistry - Adding type registration java.lang.Object -> org.hibernate.type.ObjectType@4ae33a11
12:30:15.519 [main] DEBUG o.hibernate.type.BasicTypeRegistry - Adding type registration imm_date -> org.hibernate.type.AdaptedImmutableType@5049d8b2
12:30:15.519 [main] DEBUG o.hibernate.type.BasicTypeRegistry - Adding type registration imm_time -> org.hibernate.type.AdaptedImmutableType@6d0b5baf
12:30:15.519 [main] DEBUG o.hibernate.type.BasicTypeRegistry - Adding type registration imm_timestamp -> org.hibernate.type.AdaptedImmutableType@631e06ab
12:30:15.519 [main] DEBUG o.hibernate.type.BasicTypeRegistry - Adding type registration imm_dbtimestamp -> org.hibernate.type.AdaptedImmutableType@2a3591c5
12:30:15.519 [main] DEBUG o.hibernate.type.BasicTypeRegistry - Adding type registration imm_calendar -> org.hibernate.type.AdaptedImmutableType@34a75079
12:30:15.519 [main] DEBUG o.hibernate.type.BasicTypeRegistry - Adding type registration imm_calendar_date -> org.hibernate.type.AdaptedImmutableType@346a361
12:30:15.519 [main] DEBUG o.hibernate.type.BasicTypeRegistry - Adding type registration imm_binary -> org.hibernate.type.AdaptedImmutableType@107ed6fc
12:30:15.519 [main] DEBUG o.hibernate.type.BasicTypeRegistry - Adding type registration imm_serializable -> org.hibernate.type.AdaptedImmutableType@1643d68f
12:30:15.526 [main] DEBUG o.h.b.internal.BootstrapContextImpl - Injecting ScanEnvironment [org.hibernate.jpa.boot.internal.StandardJpaScanEnvironmentImpl@c7a975a] into BootstrapContext; was [null]
12:30:15.526 [main] DEBUG o.h.b.internal.BootstrapContextImpl - Injecting ScanOptions [org.hibernate.boot.archive.scan.internal.StandardScanOptions@2c1b9e4b] into BootstrapContext; was [org.hibernate.boot.archive.scan.internal.StandardScanOptions@757d6814]
12:30:15.559 [main] DEBUG o.h.b.internal.BootstrapContextImpl - Injecting JPA temp ClassLoader [null] into BootstrapContext; was [null]
12:30:15.559 [main] DEBUG o.h.b.internal.ClassLoaderAccessImpl - ClassLoaderAccessImpl#injectTempClassLoader(null) [was null]
12:30:15.565 [main] DEBUG o.h.i.f.i.DefaultIdentifierGeneratorFactory - Registering IdentifierGenerator strategy [uuid2] -> [org.hibernate.id.UUIDGenerator]
12:30:15.565 [main] DEBUG o.h.i.f.i.DefaultIdentifierGeneratorFactory - Registering IdentifierGenerator strategy [guid] -> [org.hibernate.id.GUIDGenerator]
12:30:15.565 [main] DEBUG o.h.i.f.i.DefaultIdentifierGeneratorFactory - Registering IdentifierGenerator strategy [uuid] -> [org.hibernate.id.UUIDHexGenerator]
12:30:15.565 [main] DEBUG o.h.i.f.i.DefaultIdentifierGeneratorFactory - Registering IdentifierGenerator strategy [uuid.hex] -> [org.hibernate.id.UUIDHexGenerator]
12:30:15.566 [main] DEBUG o.h.i.f.i.DefaultIdentifierGeneratorFactory - Registering IdentifierGenerator strategy [assigned] -> [org.hibernate.id.Assigned]
12:30:15.566 [main] DEBUG o.h.i.f.i.DefaultIdentifierGeneratorFactory - Registering IdentifierGenerator strategy [identity] -> [org.hibernate.id.IdentityGenerator]
12:30:15.566 [main] DEBUG o.h.i.f.i.DefaultIdentifierGeneratorFactory - Registering IdentifierGenerator strategy [select] -> [org.hibernate.id.SelectGenerator]
12:30:15.568 [main] DEBUG o.h.i.f.i.DefaultIdentifierGeneratorFactory - Registering IdentifierGenerator strategy [sequence] -> [org.hibernate.id.enhanced.SequenceStyleGenerator]
12:30:15.568 [main] DEBUG o.h.i.f.i.DefaultIdentifierGeneratorFactory - Registering IdentifierGenerator strategy [seqhilo] -> [org.hibernate.id.SequenceHiLoGenerator]
12:30:15.568 [main] DEBUG o.h.i.f.i.DefaultIdentifierGeneratorFactory - Registering IdentifierGenerator strategy [increment] -> [org.hibernate.id.IncrementGenerator]
12:30:15.569 [main] DEBUG o.h.i.f.i.DefaultIdentifierGeneratorFactory - Registering IdentifierGenerator strategy [foreign] -> [org.hibernate.id.ForeignGenerator]
12:30:15.569 [main] DEBUG o.h.i.f.i.DefaultIdentifierGeneratorFactory - Registering IdentifierGenerator strategy [sequence-identity] -> [org.hibernate.id.SequenceIdentityGenerator]
12:30:15.569 [main] DEBUG o.h.i.f.i.DefaultIdentifierGeneratorFactory - Registering IdentifierGenerator strategy [enhanced-sequence] -> [org.hibernate.id.enhanced.SequenceStyleGenerator]
12:30:15.569 [main] DEBUG o.h.i.f.i.DefaultIdentifierGeneratorFactory - Registering IdentifierGenerator strategy [enhanced-table] -> [org.hibernate.id.enhanced.TableGenerator]
12:30:15.572 [main] WARN  o.hibernate.orm.connections.pooling - HHH10001002: Using Hibernate built-in connection pool (not for production use!)
12:30:15.575 [main] INFO  o.hibernate.orm.connections.pooling - HHH10001005: using driver [org.postgresql.Driver] at URL [jdbc:postgresql://localhost:5432/BuildWeek]
12:30:15.575 [main] INFO  o.hibernate.orm.connections.pooling - HHH10001001: Connection properties: {password=root, user=postgres}
12:30:15.575 [main] INFO  o.hibernate.orm.connections.pooling - HHH10001003: Autocommit mode: false
12:30:15.577 [main] DEBUG o.h.e.j.c.i.DriverManagerConnectionProviderImpl - Initializing Connection pool with 1 Connections
12:30:15.577 [main] INFO  o.h.e.j.c.i.DriverManagerConnectionProviderImpl - HHH000115: Hibernate connection pool size: 20 (min=1)
12:30:15.728 [main] DEBUG o.h.e.j.e.i.JdbcEnvironmentInitiator - Database ->
       name : PostgreSQL
    version : 15.3
      major : 15
      minor : 3
12:30:15.728 [main] DEBUG o.h.e.j.e.i.JdbcEnvironmentInitiator - Driver ->
       name : PostgreSQL JDBC Driver
    version : 42.6.0
      major : 42
      minor : 6
12:30:15.728 [main] DEBUG o.h.e.j.e.i.JdbcEnvironmentInitiator - JDBC version : 4.2
12:30:15.735 [main] INFO  org.hibernate.dialect.Dialect - HHH000400: Using dialect: org.hibernate.dialect.PostgreSQLDialect
12:30:15.743 [main] DEBUG o.h.e.j.e.s.IdentifierHelperBuilder - JDBC driver metadata reported database stores quoted identifiers in neither upper, lower nor mixed case
12:30:15.762 [main] DEBUG o.hibernate.type.BasicTypeRegistry - Adding type registration pg-uuid -> org.hibernate.type.PostgresUUIDType@488b50ec
12:30:15.762 [main] DEBUG o.hibernate.type.BasicTypeRegistry - Adding type registration java.util.UUID -> org.hibernate.type.PostgresUUIDType@488b50ec
12:30:15.762 [main] DEBUG o.hibernate.type.BasicTypeRegistry - HHH000270: Type registration [java.util.UUID] overrides previous : org.hibernate.type.UUIDBinaryType@2e54db99
12:30:15.763 [main] DEBUG o.h.type.spi.TypeConfiguration$Scope - Scoping TypeConfiguration [org.hibernate.type.spi.TypeConfiguration@3a095ec0] to MetadataBuildingContext [org.hibernate.boot.internal.MetadataBuildingContextRootImpl@4f20a5e0]
12:30:15.785 [main] DEBUG o.h.boot.model.relational.Namespace - Created database namespace [logicalName=Name{catalog=null, schema=null}, physicalName=Name{catalog=null, schema=null}]
12:30:15.792 [main] DEBUG org.hibernate.cfg.AnnotationBinder - Binding entity from annotated class: Abstract.TicketSeller
12:30:15.802 [main] DEBUG org.hibernate.cfg.Ejb3Column - Binding column: Ejb3DiscriminatorColumn{logicalColumnName'Elementi', discriminatorTypeName='string'}
12:30:15.805 [main] DEBUG o.h.cfg.annotations.EntityBinder - Import with entity name TicketSeller
12:30:15.807 [main] DEBUG o.h.cfg.annotations.EntityBinder - Bind entity Abstract.TicketSeller on table TicketSeller
12:30:15.824 [main] DEBUG org.hibernate.cfg.Ejb3Column - Binding column: Ejb3Column{table=org.hibernate.mapping.Table(TicketSeller), mappingColumn=id, insertable=true, updatable=true, unique=false}
12:30:15.826 [main] DEBUG o.h.b.internal.ClassLoaderAccessImpl - Not known whether passed class name [Abstract.TicketSeller] is safe
12:30:15.826 [main] DEBUG o.h.b.internal.ClassLoaderAccessImpl - No temp ClassLoader provided; using live ClassLoader for loading potentially unsafe class : Abstract.TicketSeller
12:30:15.827 [main] DEBUG o.h.cfg.annotations.PropertyBinder - MetadataSourceProcessor property id with lazy=false
12:30:15.827 [main] DEBUG o.h.cfg.AbstractPropertyHolder - Attempting to locate auto-apply AttributeConverter for property [Abstract.TicketSeller:id]
12:30:15.828 [main] DEBUG o.h.c.annotations.SimpleValueBinder - building SimpleValue for id
12:30:15.829 [main] DEBUG o.h.cfg.annotations.PropertyBinder - Building property id
12:30:15.832 [main] DEBUG org.hibernate.cfg.BinderHelper - #makeIdGenerator(org.hibernate.mapping.SimpleValue([org.hibernate.mapping.Column(id)]), id, org.hibernate.id.enhanced.SequenceStyleGenerator, elCat_seq, ...)
12:30:15.833 [main] DEBUG org.hibernate.cfg.Ejb3Column - Binding column: Ejb3Column{table=org.hibernate.mapping.Table(TicketSeller), mappingColumn=seller_name, insertable=true, updatable=true, unique=false}
12:30:15.833 [main] DEBUG o.h.cfg.annotations.PropertyBinder - MetadataSourceProcessor property name with lazy=false
12:30:15.833 [main] DEBUG o.h.cfg.AbstractPropertyHolder - Attempting to locate auto-apply AttributeConverter for property [Abstract.TicketSeller:name]
12:30:15.833 [main] DEBUG o.h.c.annotations.SimpleValueBinder - building SimpleValue for name
12:30:15.833 [main] DEBUG o.h.cfg.annotations.PropertyBinder - Building property name
12:30:15.834 [main] DEBUG org.hibernate.cfg.Ejb3Column - Binding column: Ejb3JoinColumn{logicalColumnName='null', referencedColumn='null', mappedBy=''}
12:30:15.834 [main] DEBUG org.hibernate.cfg.Ejb3Column - Binding column: Ejb3Column{table=org.hibernate.mapping.Table(TicketSeller), mappingColumn=passes, insertable=true, updatable=true, unique=false}
12:30:15.835 [main] DEBUG org.hibernate.cfg.Ejb3Column - Binding column: Ejb3Column{table=org.hibernate.mapping.Table(TicketSeller), mappingColumn=null, insertable=true, updatable=true, unique=false}
12:30:15.839 [main] DEBUG org.hibernate.cfg.Ejb3Column - Binding column: Ejb3Column{table=org.hibernate.mapping.Table(TicketSeller), mappingColumn=element, insertable=true, updatable=true, unique=false}
12:30:15.839 [main] DEBUG org.hibernate.cfg.Ejb3Column - Binding column: Ejb3Column{table=org.hibernate.mapping.Table(TicketSeller), mappingColumn=passes_KEY, insertable=true, updatable=true, unique=false}
12:30:15.840 [main] DEBUG org.hibernate.cfg.Ejb3Column - Binding column: Ejb3JoinColumn{logicalColumnName='passes_KEY', referencedColumn='null', mappedBy='null'}
12:30:15.840 [main] DEBUG org.hibernate.cfg.Ejb3Column - Binding column: Ejb3JoinColumn{logicalColumnName='null', referencedColumn='null', mappedBy=''}
12:30:15.840 [main] DEBUG org.hibernate.cfg.Ejb3Column - Binding column: Ejb3JoinColumn{logicalColumnName='null', referencedColumn='null', mappedBy=''}
12:30:15.841 [main] DEBUG o.h.cfg.annotations.CollectionBinder - Collection role: Abstract.TicketSeller.passes
12:30:15.842 [main] DEBUG o.h.cfg.annotations.PropertyBinder - Building property passes
12:30:15.842 [main] DEBUG org.hibernate.cfg.Ejb3Column - Binding column: Ejb3JoinColumn{logicalColumnName='null', referencedColumn='null', mappedBy=''}
12:30:15.842 [main] DEBUG org.hibernate.cfg.Ejb3Column - Binding column: Ejb3Column{table=org.hibernate.mapping.Table(TicketSeller), mappingColumn=tickets, insertable=true, updatable=true, unique=false}
12:30:15.842 [main] DEBUG org.hibernate.cfg.Ejb3Column - Binding column: Ejb3Column{table=org.hibernate.mapping.Table(TicketSeller), mappingColumn=null, insertable=true, updatable=true, unique=false}
12:30:15.842 [main] DEBUG org.hibernate.cfg.Ejb3Column - Binding column: Ejb3Column{table=org.hibernate.mapping.Table(TicketSeller), mappingColumn=element, insertable=true, updatable=true, unique=false}
12:30:15.842 [main] DEBUG org.hibernate.cfg.Ejb3Column - Binding column: Ejb3Column{table=org.hibernate.mapping.Table(TicketSeller), mappingColumn=tickets_KEY, insertable=true, updatable=true, unique=false}
12:30:15.842 [main] DEBUG org.hibernate.cfg.Ejb3Column - Binding column: Ejb3JoinColumn{logicalColumnName='tickets_KEY', referencedColumn='null', mappedBy='null'}
12:30:15.842 [main] DEBUG org.hibernate.cfg.Ejb3Column - Binding column: Ejb3JoinColumn{logicalColumnName='null', referencedColumn='null', mappedBy=''}
12:30:15.842 [main] DEBUG org.hibernate.cfg.Ejb3Column - Binding column: Ejb3JoinColumn{logicalColumnName='null', referencedColumn='null', mappedBy=''}
12:30:15.843 [main] DEBUG o.h.cfg.annotations.CollectionBinder - Collection role: Abstract.TicketSeller.tickets
12:30:15.843 [main] DEBUG o.h.cfg.annotations.PropertyBinder - Building property tickets
12:30:15.846 [main] DEBUG org.hibernate.cfg.AnnotationBinder - Binding entity from annotated class: Classes.Card
12:30:15.846 [main] DEBUG org.hibernate.cfg.Ejb3Column - Binding column: Ejb3DiscriminatorColumn{logicalColumnName'DTYPE', discriminatorTypeName='string'}
12:30:15.846 [main] DEBUG o.h.cfg.annotations.EntityBinder - Import with entity name Card
12:30:15.846 [main] DEBUG o.h.cfg.annotations.EntityBinder - Bind entity Classes.Card on table Card
12:30:15.848 [main] DEBUG org.hibernate.cfg.Ejb3Column - Binding column: Ejb3Column{table=org.hibernate.mapping.Table(Card), mappingColumn=id, insertable=true, updatable=true, unique=false}
12:30:15.848 [main] DEBUG o.h.b.internal.ClassLoaderAccessImpl - Not known whether passed class name [Classes.Card] is safe
12:30:15.849 [main] DEBUG o.h.b.internal.ClassLoaderAccessImpl - No temp ClassLoader provided; using live ClassLoader for loading potentially unsafe class : Classes.Card
12:30:15.849 [main] DEBUG o.h.cfg.annotations.PropertyBinder - MetadataSourceProcessor property id with lazy=false
12:30:15.849 [main] DEBUG o.h.cfg.AbstractPropertyHolder - Attempting to locate auto-apply AttributeConverter for property [Classes.Card:id]
12:30:15.849 [main] DEBUG o.h.c.annotations.SimpleValueBinder - building SimpleValue for id
12:30:15.849 [main] DEBUG o.h.cfg.annotations.PropertyBinder - Building property id
12:30:15.849 [main] DEBUG org.hibernate.cfg.BinderHelper - #makeIdGenerator(org.hibernate.mapping.SimpleValue([org.hibernate.mapping.Column(id)]), id, identity, , ...)
12:30:15.849 [main] DEBUG org.hibernate.cfg.Ejb3Column - Binding column: Ejb3Column{table=org.hibernate.mapping.Table(Card), mappingColumn=emissionDate, insertable=true, updatable=true, unique=false}
12:30:15.849 [main] DEBUG o.h.cfg.annotations.PropertyBinder - MetadataSourceProcessor property emissionDate with lazy=false
12:30:15.849 [main] DEBUG o.h.cfg.AbstractPropertyHolder - Attempting to locate auto-apply AttributeConverter for property [Classes.Card:emissionDate]
12:30:15.849 [main] DEBUG o.h.c.annotations.SimpleValueBinder - building SimpleValue for emissionDate
12:30:15.849 [main] DEBUG o.h.cfg.annotations.PropertyBinder - Building property emissionDate
12:30:15.849 [main] DEBUG org.hibernate.cfg.Ejb3Column - Binding column: Ejb3Column{table=org.hibernate.mapping.Table(Card), mappingColumn=expirationDate, insertable=true, updatable=true, unique=false}
12:30:15.849 [main] DEBUG o.h.cfg.annotations.PropertyBinder - MetadataSourceProcessor property expirationDate with lazy=false
12:30:15.849 [main] DEBUG o.h.cfg.AbstractPropertyHolder - Attempting to locate auto-apply AttributeConverter for property [Classes.Card:expirationDate]
12:30:15.849 [main] DEBUG o.h.c.annotations.SimpleValueBinder - building SimpleValue for expirationDate
12:30:15.849 [main] DEBUG o.h.cfg.annotations.PropertyBinder - Building property expirationDate
12:30:15.850 [main] DEBUG org.hibernate.cfg.Ejb3Column - Binding column: Ejb3JoinColumn{logicalColumnName='null', referencedColumn='null', mappedBy='cardNum'}
12:30:15.850 [main] DEBUG org.hibernate.cfg.Ejb3Column - Binding column: Ejb3Column{table=org.hibernate.mapping.Table(Card), mappingColumn=person, insertable=true, updatable=true, unique=false}
12:30:15.852 [main] DEBUG org.hibernate.cfg.AnnotationBinder - Binding entity from annotated class: Classes.Person
12:30:15.852 [main] DEBUG org.hibernate.cfg.Ejb3Column - Binding column: Ejb3DiscriminatorColumn{logicalColumnName'DTYPE', discriminatorTypeName='string'}
12:30:15.852 [main] DEBUG o.h.cfg.annotations.EntityBinder - Import with entity name Person
12:30:15.852 [main] DEBUG o.h.cfg.annotations.EntityBinder - Bind entity Classes.Person on table Person
12:30:15.853 [main] DEBUG org.hibernate.cfg.Ejb3Column - Binding column: Ejb3Column{table=org.hibernate.mapping.Table(Person), mappingColumn=id, insertable=true, updatable=true, unique=false}
12:30:15.853 [main] DEBUG o.h.b.internal.ClassLoaderAccessImpl - Not known whether passed class name [Classes.Person] is safe
12:30:15.853 [main] DEBUG o.h.b.internal.ClassLoaderAccessImpl - No temp ClassLoader provided; using live ClassLoader for loading potentially unsafe class : Classes.Person
12:30:15.853 [main] DEBUG o.h.cfg.annotations.PropertyBinder - MetadataSourceProcessor property id with lazy=false
12:30:15.853 [main] DEBUG o.h.cfg.AbstractPropertyHolder - Attempting to locate auto-apply AttributeConverter for property [Classes.Person:id]
12:30:15.853 [main] DEBUG o.h.c.annotations.SimpleValueBinder - building SimpleValue for id
12:30:15.853 [main] DEBUG o.h.cfg.annotations.PropertyBinder - Building property id
12:30:15.853 [main] DEBUG org.hibernate.cfg.BinderHelper - #makeIdGenerator(org.hibernate.mapping.SimpleValue([org.hibernate.mapping.Column(id)]), id, identity, , ...)
12:30:15.853 [main] DEBUG org.hibernate.cfg.Ejb3Column - Binding column: Ejb3Column{table=org.hibernate.mapping.Table(Person), mappingColumn=birthdate, insertable=true, updatable=true, unique=false}
12:30:15.853 [main] DEBUG o.h.cfg.annotations.PropertyBinder - MetadataSourceProcessor property birthdate with lazy=false
12:30:15.853 [main] DEBUG o.h.cfg.AbstractPropertyHolder - Attempting to locate auto-apply AttributeConverter for property [Classes.Person:birthdate]
12:30:15.853 [main] DEBUG o.h.c.annotations.SimpleValueBinder - building SimpleValue for birthdate
12:30:15.853 [main] DEBUG o.h.cfg.annotations.PropertyBinder - Building property birthdate
12:30:15.853 [main] DEBUG org.hibernate.cfg.Ejb3Column - Binding column: Ejb3JoinColumn{logicalColumnName='null', referencedColumn='null', mappedBy=''}
12:30:15.854 [main] DEBUG org.hibernate.cfg.Ejb3Column - Binding column: Ejb3Column{table=org.hibernate.mapping.Table(Person), mappingColumn=cardNum, insertable=true, updatable=true, unique=false}
12:30:15.854 [main] DEBUG o.h.cfg.annotations.PropertyBinder - Building property cardNum
12:30:15.855 [main] DEBUG org.hibernate.cfg.Ejb3Column - Binding column: Ejb3Column{table=org.hibernate.mapping.Table(Person), mappingColumn=firstName, insertable=true, updatable=true, unique=false}
12:30:15.855 [main] DEBUG o.h.cfg.annotations.PropertyBinder - MetadataSourceProcessor property firstName with lazy=false
12:30:15.855 [main] DEBUG o.h.cfg.AbstractPropertyHolder - Attempting to locate auto-apply AttributeConverter for property [Classes.Person:firstName]
12:30:15.855 [main] DEBUG o.h.c.annotations.SimpleValueBinder - building SimpleValue for firstName
12:30:15.855 [main] DEBUG o.h.cfg.annotations.PropertyBinder - Building property firstName
12:30:15.855 [main] DEBUG org.hibernate.cfg.Ejb3Column - Binding column: Ejb3Column{table=org.hibernate.mapping.Table(Person), mappingColumn=lastName, insertable=true, updatable=true, unique=false}
12:30:15.855 [main] DEBUG o.h.cfg.annotations.PropertyBinder - MetadataSourceProcessor property lastName with lazy=false
12:30:15.855 [main] DEBUG o.h.cfg.AbstractPropertyHolder - Attempting to locate auto-apply AttributeConverter for property [Classes.Person:lastName]
12:30:15.855 [main] DEBUG o.h.c.annotations.SimpleValueBinder - building SimpleValue for lastName
12:30:15.855 [main] DEBUG o.h.cfg.annotations.PropertyBinder - Building property lastName
12:30:15.856 [main] DEBUG org.hibernate.cfg.AnnotationBinder - Binding entity from annotated class: Classes.Ticket
12:30:15.856 [main] DEBUG org.hibernate.cfg.Ejb3Column - Binding column: Ejb3DiscriminatorColumn{logicalColumnName'DTYPE', discriminatorTypeName='string'}
12:30:15.856 [main] DEBUG o.h.cfg.annotations.EntityBinder - Import with entity name Ticket
12:30:15.856 [main] DEBUG o.h.cfg.annotations.EntityBinder - Bind entity Classes.Ticket on table Ticket
12:30:15.857 [main] DEBUG org.hibernate.cfg.Ejb3Column - Binding column: Ejb3Column{table=org.hibernate.mapping.Table(Ticket), mappingColumn=id, insertable=true, updatable=true, unique=false}
12:30:15.858 [main] DEBUG o.h.b.internal.ClassLoaderAccessImpl - Not known whether passed class name [Classes.Ticket] is safe
12:30:15.858 [main] DEBUG o.h.b.internal.ClassLoaderAccessImpl - No temp ClassLoader provided; using live ClassLoader for loading potentially unsafe class : Classes.Ticket
12:30:15.858 [main] DEBUG o.h.cfg.annotations.PropertyBinder - MetadataSourceProcessor property id with lazy=false
12:30:15.858 [main] DEBUG o.h.cfg.AbstractPropertyHolder - Attempting to locate auto-apply AttributeConverter for property [Classes.Ticket:id]
12:30:15.858 [main] DEBUG o.h.c.annotations.SimpleValueBinder - building SimpleValue for id
12:30:15.858 [main] DEBUG o.h.cfg.annotations.PropertyBinder - Building property id
12:30:15.858 [main] DEBUG org.hibernate.cfg.BinderHelper - #makeIdGenerator(org.hibernate.mapping.SimpleValue([org.hibernate.mapping.Column(id)]), id, identity, , ...)
12:30:15.858 [main] DEBUG org.hibernate.cfg.Ejb3Column - Binding column: Ejb3JoinColumn{logicalColumnName='null', referencedColumn='null', mappedBy='null'}
12:30:15.858 [main] DEBUG org.hibernate.cfg.Ejb3Column - Binding column: Ejb3Column{table=org.hibernate.mapping.Table(Ticket), mappingColumn=seller, insertable=true, updatable=true, unique=false}
12:30:15.858 [main] DEBUG o.h.cfg.annotations.PropertyBinder - Building property seller
12:30:15.859 [main] DEBUG org.hibernate.cfg.AnnotationBinder - Binding entity from annotated class: Classes.Pass
12:30:15.859 [main] DEBUG o.h.cfg.annotations.EntityBinder - Import with entity name Pass
12:30:15.860 [main] DEBUG org.hibernate.cfg.Ejb3Column - Binding column: Ejb3JoinColumn{logicalColumnName='null', referencedColumn='null', mappedBy=''}
12:30:15.860 [main] DEBUG org.hibernate.cfg.Ejb3Column - Binding column: Ejb3Column{table=org.hibernate.mapping.Table(Ticket), mappingColumn=person, insertable=true, updatable=true, unique=false}
12:30:15.861 [main] DEBUG o.h.cfg.annotations.PropertyBinder - Building property person
12:30:15.861 [main] DEBUG org.hibernate.cfg.Ejb3Column - Binding column: Ejb3JoinColumn{logicalColumnName='null', referencedColumn='null', mappedBy='null'}
12:30:15.861 [main] DEBUG org.hibernate.cfg.Ejb3Column - Binding column: Ejb3Column{table=org.hibernate.mapping.Table(Ticket), mappingColumn=sellers, insertable=true, updatable=true, unique=false}
12:30:15.861 [main] DEBUG o.h.cfg.annotations.PropertyBinder - Building property sellers
12:30:15.861 [main] DEBUG org.hibernate.cfg.Ejb3Column - Binding column: Ejb3Column{table=org.hibernate.mapping.Table(Ticket), mappingColumn=validity, insertable=true, updatable=true, unique=false}
12:30:15.861 [main] DEBUG o.h.cfg.annotations.PropertyBinder - MetadataSourceProcessor property validity with lazy=false
12:30:15.861 [main] DEBUG o.h.cfg.AbstractPropertyHolder - Attempting to locate auto-apply AttributeConverter for property [Classes.Pass:validity]
12:30:15.862 [main] DEBUG o.h.c.annotations.SimpleValueBinder - building SimpleValue for validity
12:30:15.862 [main] DEBUG o.h.cfg.annotations.PropertyBinder - Building property validity
12:30:15.863 [main] DEBUG org.hibernate.cfg.AnnotationBinder - Binding entity from annotated class: Classes.Shop
12:30:15.863 [main] DEBUG o.h.cfg.annotations.EntityBinder - Import with entity name Shop
12:30:15.863 [main] DEBUG org.hibernate.cfg.AnnotationBinder - Skipping attribute [java.util.List : passes] as it was already processed as part of super hierarchy
12:30:15.863 [main] DEBUG org.hibernate.cfg.Ejb3Column - Binding column: Ejb3JoinColumn{logicalColumnName='null', referencedColumn='null', mappedBy=''}
12:30:15.863 [main] DEBUG org.hibernate.cfg.Ejb3Column - Binding column: Ejb3Column{table=org.hibernate.mapping.Table(TicketSeller), mappingColumn=people, insertable=true, updatable=true, unique=false}
12:30:15.864 [main] DEBUG org.hibernate.cfg.Ejb3Column - Binding column: Ejb3Column{table=org.hibernate.mapping.Table(TicketSeller), mappingColumn=null, insertable=true, updatable=true, unique=false}
12:30:15.864 [main] DEBUG org.hibernate.cfg.Ejb3Column - Binding column: Ejb3Column{table=org.hibernate.mapping.Table(TicketSeller), mappingColumn=element, insertable=true, updatable=true, unique=false}
12:30:15.864 [main] DEBUG org.hibernate.cfg.Ejb3Column - Binding column: Ejb3Column{table=org.hibernate.mapping.Table(TicketSeller), mappingColumn=people_KEY, insertable=true, updatable=true, unique=false}
12:30:15.864 [main] DEBUG org.hibernate.cfg.Ejb3Column - Binding column: Ejb3JoinColumn{logicalColumnName='people_KEY', referencedColumn='null', mappedBy='null'}
12:30:15.864 [main] DEBUG org.hibernate.cfg.Ejb3Column - Binding column: Ejb3JoinColumn{logicalColumnName='null', referencedColumn='null', mappedBy=''}
12:30:15.864 [main] DEBUG org.hibernate.cfg.Ejb3Column - Binding column: Ejb3JoinColumn{logicalColumnName='null', referencedColumn='null', mappedBy=''}
12:30:15.864 [main] DEBUG o.h.cfg.annotations.CollectionBinder - Collection role: Classes.Shop.people
12:30:15.864 [main] DEBUG o.h.cfg.annotations.PropertyBinder - Building property people
12:30:15.864 [main] DEBUG org.hibernate.cfg.AnnotationBinder - Skipping attribute [java.util.List : tickets] as it was already processed as part of super hierarchy
12:30:15.864 [main] DEBUG org.hibernate.cfg.AnnotationBinder - Binding entity from annotated class: Classes.VendingMachine
12:30:15.864 [main] DEBUG o.h.cfg.annotations.EntityBinder - Import with entity name VendingMachine
12:30:15.865 [main] DEBUG org.hibernate.cfg.Ejb3Column - Binding column: Ejb3Column{table=org.hibernate.mapping.Table(TicketSeller), mappingColumn=isWorking, insertable=true, updatable=true, unique=false}
12:30:15.865 [main] DEBUG o.h.cfg.annotations.PropertyBinder - MetadataSourceProcessor property isWorking with lazy=false
12:30:15.865 [main] DEBUG o.h.cfg.AbstractPropertyHolder - Attempting to locate auto-apply AttributeConverter for property [Classes.VendingMachine:isWorking]
12:30:15.865 [main] DEBUG o.h.c.annotations.SimpleValueBinder - building SimpleValue for isWorking
12:30:15.865 [main] DEBUG o.h.cfg.annotations.PropertyBinder - Building property isWorking
12:30:15.866 [main] DEBUG o.h.c.annotations.SimpleValueBinder - Starting fillSimpleValue for id
12:30:15.866 [main] DEBUG o.h.c.annotations.SimpleValueBinder - Starting fillSimpleValue for name
12:30:15.866 [main] DEBUG o.h.c.annotations.SimpleValueBinder - Starting fillSimpleValue for id
12:30:15.866 [main] DEBUG o.h.c.annotations.SimpleValueBinder - Starting fillSimpleValue for emissionDate
12:30:15.866 [main] DEBUG o.h.c.annotations.SimpleValueBinder - Starting fillSimpleValue for expirationDate
12:30:15.866 [main] DEBUG o.h.c.annotations.SimpleValueBinder - Starting fillSimpleValue for id
12:30:15.866 [main] DEBUG o.h.c.annotations.SimpleValueBinder - Starting fillSimpleValue for birthdate
12:30:15.866 [main] DEBUG o.h.c.annotations.SimpleValueBinder - Starting fillSimpleValue for firstName
12:30:15.866 [main] DEBUG o.h.c.annotations.SimpleValueBinder - Starting fillSimpleValue for lastName
12:30:15.866 [main] DEBUG o.h.c.annotations.SimpleValueBinder - Starting fillSimpleValue for id
12:30:15.866 [main] DEBUG o.h.c.annotations.SimpleValueBinder - Starting fillSimpleValue for validity
12:30:15.867 [main] DEBUG o.h.c.annotations.SimpleValueBinder - Starting fillSimpleValue for isWorking
12:30:15.870 [main] DEBUG org.hibernate.mapping.PrimaryKey - Forcing column [id] to be non-null as it is part of the primary key for table [ticketseller]
12:30:15.870 [main] DEBUG org.hibernate.mapping.PrimaryKey - Forcing column [id] to be non-null as it is part of the primary key for table [card]
12:30:15.870 [main] DEBUG org.hibernate.mapping.PrimaryKey - Forcing column [id] to be non-null as it is part of the primary key for table [person]
12:30:15.870 [main] DEBUG org.hibernate.mapping.PrimaryKey - Forcing column [id] to be non-null as it is part of the primary key for table [ticket]
12:30:15.870 [main] DEBUG o.hibernate.cfg.CollectionSecondPass - Second pass for collection: Classes.Shop.people
12:30:15.871 [main] DEBUG o.h.cfg.annotations.CollectionBinder - Binding a OneToMany: Classes.Shop.people through an association table
12:30:15.875 [main] DEBUG o.hibernate.cfg.CollectionSecondPass - Mapped collection key: Shop_id, element: people_id
12:30:15.875 [main] DEBUG o.hibernate.cfg.CollectionSecondPass - Second pass for collection: Abstract.TicketSeller.tickets
12:30:15.875 [main] DEBUG o.h.cfg.annotations.CollectionBinder - Binding a OneToMany: Abstract.TicketSeller.tickets through an association table
12:30:15.876 [main] DEBUG o.hibernate.cfg.CollectionSecondPass - Mapped collection key: TicketSeller_id, element: tickets_id
12:30:15.876 [main] DEBUG o.hibernate.cfg.CollectionSecondPass - Second pass for collection: Abstract.TicketSeller.passes
12:30:15.876 [main] DEBUG o.h.cfg.annotations.CollectionBinder - Binding a OneToMany: Abstract.TicketSeller.passes through an association table
12:30:15.876 [main] DEBUG o.hibernate.cfg.CollectionSecondPass - Mapped collection key: TicketSeller_id, element: passes_id
12:30:15.878 [main] DEBUG o.h.cfg.annotations.PropertyBinder - Building property person
12:30:15.878 [main] DEBUG o.h.b.i.InFlightMetadataCollectorImpl - Processing association property references
12:30:15.878 [main] DEBUG o.h.b.i.InFlightMetadataCollectorImpl - Resolving reference to class: Classes.Card
12:30:15.879 [main] DEBUG o.h.b.i.InFlightMetadataCollectorImpl - Resolving reference to class: Abstract.TicketSeller
12:30:15.879 [main] DEBUG o.h.b.i.InFlightMetadataCollectorImpl - Resolving reference to class: Classes.Person
12:30:15.879 [main] DEBUG o.h.b.i.InFlightMetadataCollectorImpl - Resolving reference to class: Abstract.TicketSeller
12:30:15.879 [main] DEBUG o.h.b.i.InFlightMetadataCollectorImpl - Resolving reference to class: Classes.Person
12:30:15.879 [main] DEBUG o.h.b.i.InFlightMetadataCollectorImpl - Resolving reference to class: Classes.Shop
12:30:15.880 [main] DEBUG o.h.b.i.InFlightMetadataCollectorImpl - Resolving reference to class: Classes.Ticket
12:30:15.880 [main] DEBUG o.h.b.i.InFlightMetadataCollectorImpl - Resolving reference to class: Abstract.TicketSeller
12:30:15.880 [main] DEBUG o.h.b.i.InFlightMetadataCollectorImpl - Resolving reference to class: Classes.Pass
12:30:15.881 [main] DEBUG o.h.b.i.InFlightMetadataCollectorImpl - Processing association property references
12:30:15.881 [main] DEBUG o.h.b.i.InFlightMetadataCollectorImpl - Resolving reference to class: Classes.Card
12:30:15.881 [main] DEBUG o.h.b.i.InFlightMetadataCollectorImpl - Resolving reference to class: Abstract.TicketSeller
12:30:15.881 [main] DEBUG o.h.b.i.InFlightMetadataCollectorImpl - Resolving reference to class: Classes.Person
12:30:15.881 [main] DEBUG o.h.b.i.InFlightMetadataCollectorImpl - Resolving reference to class: Abstract.TicketSeller
12:30:15.881 [main] DEBUG o.h.b.i.InFlightMetadataCollectorImpl - Resolving reference to class: Classes.Person
12:30:15.881 [main] DEBUG o.h.b.i.InFlightMetadataCollectorImpl - Resolving reference to class: Classes.Shop
12:30:15.881 [main] DEBUG o.h.b.i.InFlightMetadataCollectorImpl - Resolving reference to class: Classes.Ticket
12:30:15.881 [main] DEBUG o.h.b.i.InFlightMetadataCollectorImpl - Resolving reference to class: Abstract.TicketSeller
12:30:15.881 [main] DEBUG o.h.b.i.InFlightMetadataCollectorImpl - Resolving reference to class: Classes.Pass
12:30:15.912 [main] DEBUG o.h.internal.SessionFactoryImpl - Building session factory
12:30:15.912 [main] DEBUG org.hibernate.cfg.Settings - SessionFactory name : null
12:30:15.912 [main] DEBUG org.hibernate.cfg.Settings - Automatic flush during beforeCompletion(): enabled
12:30:15.912 [main] DEBUG org.hibernate.cfg.Settings - Automatic session close at end of transaction: disabled
12:30:15.912 [main] DEBUG org.hibernate.cfg.Settings - Statistics: disabled
12:30:15.912 [main] DEBUG org.hibernate.cfg.Settings - Deleted entity synthetic identifier rollback: disabled
12:30:15.912 [main] DEBUG org.hibernate.cfg.Settings - Default entity-mode: pojo
12:30:15.912 [main] DEBUG org.hibernate.cfg.Settings - Check Nullability in Core (should be disabled when Bean Validation is on): enabled
12:30:15.912 [main] DEBUG org.hibernate.cfg.Settings - Allow initialization of lazy state outside session : disabled
12:30:15.912 [main] DEBUG org.hibernate.cfg.Settings - Using BatchFetchStyle : LEGACY
12:30:15.912 [main] DEBUG org.hibernate.cfg.Settings - Default batch fetch size: -1
12:30:15.912 [main] DEBUG org.hibernate.cfg.Settings - Maximum outer join fetch depth: null
12:30:15.912 [main] DEBUG org.hibernate.cfg.Settings - Default null ordering: NONE
12:30:15.912 [main] DEBUG org.hibernate.cfg.Settings - Order SQL updates by primary key: disabled
12:30:15.912 [main] DEBUG org.hibernate.cfg.Settings - Order SQL inserts for batching: disabled
12:30:15.912 [main] DEBUG org.hibernate.cfg.Settings - multi-tenancy strategy : NONE
12:30:15.912 [main] DEBUG org.hibernate.cfg.Settings - JTA Track by Thread: enabled
12:30:15.912 [main] DEBUG org.hibernate.cfg.Settings - Query language substitutions: {}
12:30:15.912 [main] DEBUG org.hibernate.cfg.Settings - Named query checking : enabled
12:30:15.912 [main] DEBUG org.hibernate.cfg.Settings - Second-level cache: disabled
12:30:15.912 [main] DEBUG org.hibernate.cfg.Settings - Second-level query cache: disabled
12:30:15.912 [main] DEBUG org.hibernate.cfg.Settings - Second-level query cache factory: null
12:30:15.912 [main] DEBUG org.hibernate.cfg.Settings - Second-level cache region prefix: null
12:30:15.912 [main] DEBUG org.hibernate.cfg.Settings - Optimize second-level cache for minimal puts: disabled
12:30:15.912 [main] DEBUG org.hibernate.cfg.Settings - Structured second-level cache entries: disabled
12:30:15.912 [main] DEBUG org.hibernate.cfg.Settings - Second-level cache direct-reference entries: disabled
12:30:15.912 [main] DEBUG org.hibernate.cfg.Settings - Automatic eviction of collection cache: disabled
12:30:15.912 [main] DEBUG org.hibernate.cfg.Settings - JDBC batch size: 15
12:30:15.912 [main] DEBUG org.hibernate.cfg.Settings - JDBC batch updates for versioned data: enabled
12:30:15.912 [main] DEBUG org.hibernate.cfg.Settings - Scrollable result sets: enabled
12:30:15.912 [main] DEBUG org.hibernate.cfg.Settings - Wrap result sets: disabled
12:30:15.913 [main] DEBUG org.hibernate.cfg.Settings - JDBC3 getGeneratedKeys(): enabled
12:30:15.913 [main] DEBUG org.hibernate.cfg.Settings - JDBC result set fetch size: null
12:30:15.913 [main] DEBUG org.hibernate.cfg.Settings - Connection release mode: AFTER_TRANSACTION
12:30:15.913 [main] DEBUG org.hibernate.cfg.Settings - Generate SQL with comments: disabled
12:30:15.913 [main] DEBUG org.hibernate.cfg.Settings - JPA compliance - query : disabled
12:30:15.913 [main] DEBUG org.hibernate.cfg.Settings - JPA compliance - closed-handling : disabled
12:30:15.913 [main] DEBUG org.hibernate.cfg.Settings - JPA compliance - lists : disabled
12:30:15.913 [main] DEBUG org.hibernate.cfg.Settings - JPA compliance - transactions : disabled
12:30:15.920 [main] DEBUG o.h.b.internal.ClassLoaderAccessImpl - Not known whether passed class name [Classes.Pass] is safe
12:30:15.920 [main] DEBUG o.h.b.internal.ClassLoaderAccessImpl - No temp ClassLoader provided; using live ClassLoader for loading potentially unsafe class : Classes.Pass
12:30:15.920 [main] DEBUG o.h.b.internal.ClassLoaderAccessImpl - Not known whether passed class name [Classes.Shop] is safe
12:30:15.920 [main] DEBUG o.h.b.internal.ClassLoaderAccessImpl - No temp ClassLoader provided; using live ClassLoader for loading potentially unsafe class : Classes.Shop
12:30:15.920 [main] DEBUG o.h.b.internal.ClassLoaderAccessImpl - Not known whether passed class name [Classes.VendingMachine] is safe
12:30:15.920 [main] DEBUG o.h.b.internal.ClassLoaderAccessImpl - No temp ClassLoader provided; using live ClassLoader for loading potentially unsafe class : Classes.VendingMachine
12:30:15.946 [main] DEBUG o.h.s.i.SessionFactoryServiceRegistryImpl - EventListenerRegistry access via ServiceRegistry is deprecated.  Use `sessionFactory.getEventEngine().getListenerRegistry()` instead
12:30:15.946 [main] DEBUG o.h.s.i.SessionFactoryServiceRegistryImpl - EventListenerRegistry access via ServiceRegistry is deprecated.  Use `sessionFactory.getEventEngine().getListenerRegistry()` instead
12:30:15.958 [main] DEBUG o.h.internal.SessionFactoryImpl - Session factory constructed with filter configurations : {}
12:30:15.958 [main] DEBUG o.h.internal.SessionFactoryImpl - Instantiating session factory with properties: {java.specification.version=17, sun.cpu.isalist=amd64, sun.jnu.encoding=Cp1252, hibernate.dialect=org.hibernate.dialect.PostgreSQLDialect, java.class.path=C:\Users\total\Desktop\All\Epicode\fs0223-Luca-Sernicola-BackEnd\BuildWeek_4\target\classes;C:\Users\total\.m2\repository\ch\qos\logback\logback-classic\1.4.8\logback-classic-1.4.8.jar;C:\Users\total\.m2\repository\ch\qos\logback\logback-core\1.4.8\logback-core-1.4.8.jar;C:\Users\total\.m2\repository\org\slf4j\slf4j-api\2.0.7\slf4j-api-2.0.7.jar;C:\Users\total\.m2\repository\commons-io\commons-io\2.13.0\commons-io-2.13.0.jar;C:\Users\total\.m2\repository\org\postgresql\postgresql\42.6.0\postgresql-42.6.0.jar;C:\Users\total\.m2\repository\org\checkerframework\checker-qual\3.31.0\checker-qual-3.31.0.jar;C:\Users\total\.m2\repository\org\hibernate\hibernate-core\5.6.15.Final\hibernate-core-5.6.15.Final.jar;C:\Users\total\.m2\repository\org\jboss\logging\jboss-logging\3.4.3.Final\jboss-logging-3.4.3.Final.jar;C:\Users\total\.m2\repository\javax\persistence\javax.persistence-api\2.2\javax.persistence-api-2.2.jar;C:\Users\total\.m2\repository\net\bytebuddy\byte-buddy\1.12.18\byte-buddy-1.12.18.jar;C:\Users\total\.m2\repository\antlr\antlr\2.7.7\antlr-2.7.7.jar;C:\Users\total\.m2\repository\org\jboss\spec\javax\transaction\jboss-transaction-api_1.2_spec\1.1.1.Final\jboss-transaction-api_1.2_spec-1.1.1.Final.jar;C:\Users\total\.m2\repository\org\jboss\jandex\2.4.2.Final\jandex-2.4.2.Final.jar;C:\Users\total\.m2\repository\com\fasterxml\classmate\1.5.1\classmate-1.5.1.jar;C:\Users\total\.m2\repository\javax\activation\javax.activation-api\1.2.0\javax.activation-api-1.2.0.jar;C:\Users\total\.m2\repository\org\hibernate\common\hibernate-commons-annotations\5.1.2.Final\hibernate-commons-annotations-5.1.2.Final.jar;C:\Users\total\.m2\repository\javax\xml\bind\jaxb-api\2.3.1\jaxb-api-2.3.1.jar;C:\Users\total\.m2\repository\org\glassfish\jaxb\jaxb-runtime\2.3.1\jaxb-runtime-2.3.1.jar;C:\Users\total\.m2\repository\org\glassfish\jaxb\txw2\2.3.1\txw2-2.3.1.jar;C:\Users\total\.m2\repository\com\sun\istack\istack-commons-runtime\3.0.7\istack-commons-runtime-3.0.7.jar;C:\Users\total\.m2\repository\org\jvnet\staxex\stax-ex\1.8\stax-ex-1.8.jar;C:\Users\total\.m2\repository\com\sun\xml\fastinfoset\FastInfoset\1.2.15\FastInfoset-1.2.15.jar;C:\Users\total\Desktop\All\Epicode\fs0223-Luca-Sernicola-BackEnd\Homework_W3_D3\target\classes, java.vm.vendor=Eclipse Adoptium, sun.arch.data.model=64, user.variant=, java.vendor.url=https://adoptium.net/, user.timezone=Europe/Rome, javax.persistence.jdbc.url=jdbc:postgresql://localhost:5432/BuildWeek, javax.persistence.jdbc.user=****, java.vm.specification.version=17, os.name=Windows 11, jakarta.persistence.jdbc.password=****, sun.java.launcher=SUN_STANDARD, user.country=US, local.setting.IS_JTA_TXN_COORD=false, sun.boot.library.path=C:\Users\total\.p2\pool\plugins\org.eclipse.justj.openjdk.hotspot.jre.full.win32.x86_64_17.0.7.v20230425-1502\jre\bin, sun.java.command=MainClass.MainClass, jdk.debug=release, jakarta.persistence.jdbc.driver=org.postgresql.Driver, sun.cpu.endian=little, user.home=C:\Users\total, user.language=en, java.specification.vendor=Oracle Corporation, java.version.date=2023-04-18, java.home=C:\Users\total\.p2\pool\plugins\org.eclipse.justj.openjdk.hotspot.jre.full.win32.x86_64_17.0.7.v20230425-1502\jre, file.separator=\, java.vm.compressedOopsMode=Zero based, jakarta.persistence.jdbc.user=****, line.separator=
, hibernate.persistenceUnitName=BuildWeek_4, java.vm.specification.vendor=Oracle Corporation, java.specification.name=Java Platform API Specification, hibernate.transaction.coordinator_class=class org.hibernate.resource.transaction.backend.jdbc.internal.JdbcResourceLocalTransactionCoordinatorBuilderImpl, javax.persistence.jdbc.driver=org.postgresql.Driver, hibernate.hbm2ddl.auto=update, user.script=, sun.management.compiler=HotSpot 64-Bit Tiered Compilers, java.runtime.version=17.0.7+7, user.name=total, path.separator=;, hibernate.connection.username=****, os.version=10.0, java.runtime.name=OpenJDK Runtime Environment, hibernate.connection.url=jdbc:postgresql://localhost:5432/BuildWeek, file.encoding=UTF-8, hibernate.ejb.persistenceUnitName=BuildWeek_4, java.vm.name=OpenJDK 64-Bit Server VM, java.vendor.version=Temurin-17.0.7+7, hibernate.connection.driver_class=org.postgresql.Driver, java.vendor.url.bug=https://github.com/adoptium/adoptium-support/issues, java.io.tmpdir=C:\Users\total\AppData\Local\Temp\, java.version=17.0.7, user.dir=C:\Users\total\Desktop\All\Epicode\fs0223-Luca-Sernicola-BackEnd\BuildWeek_4, os.arch=amd64, java.vm.specification.name=Java Virtual Machine Specification, hibernate.connection.password=****, sun.os.patch.level=, jakarta.persistence.jdbc.url=jdbc:postgresql://localhost:5432/BuildWeek, hibernate.boot.CfgXmlAccessService.key=org.hibernate.boot.registry.StandardServiceRegistryBuilder$1@fabb651, native.encoding=Cp1252, java.library.path=C:\Users\total\.p2\pool\plugins\org.eclipse.justj.openjdk.hotspot.jre.full.win32.x86_64_17.0.7.v20230425-1502\jre\bin;C:\windows\Sun\Java\bin;C:\windows\system32;C:\windows;C:/Users/total/.p2/pool/plugins/org.eclipse.justj.openjdk.hotspot.jre.full.win32.x86_64_17.0.7.v20230425-1502/jre/bin/server;C:/Users/total/.p2/pool/plugins/org.eclipse.justj.openjdk.hotspot.jre.full.win32.x86_64_17.0.7.v20230425-1502/jre/bin;C:\Program Files\Eclipse Adoptium\jdk-17.0.7.7-hotspot\bin;C:\Program Files (x86)\NVIDIA Corporation\PhysX\Common;C:\windows\system32;C:\windows;C:\windows\System32\Wbem;C:\windows\System32\WindowsPowerShell\v1.0\;C:\windows\System32\OpenSSH\;C:\Program Files\Git\cmd;C:\Program Files\nodejs\;C:\Users\total\AppData\Local\Microsoft\WindowsApps;C:\Users\total\AppData\Local\Programs\Microsoft VS Code\bin;C:\Users\total\AppData\Roaming\npm;C:\Users\total\AppData\Local\GitHubDesktop\bin;C:\windows\System32;;., java.vendor=Eclipse Adoptium, java.vm.info=mixed mode, java.vm.version=17.0.7+7, hibernate.bytecode.use_reflection_optimizer=false, sun.io.unicode.encoding=UnicodeLittle, javax.persistence.jdbc.password=****, java.class.version=61.0}
12:30:15.966 [main] DEBUG o.h.secure.spi.JaccIntegrator - Skipping JACC integration as it was not enabled
12:30:15.971 [main] DEBUG org.hibernate.type.EnumType - Using ORDINAL-based conversion for Enum Enums.Validity
12:30:15.972 [main] DEBUG o.h.internal.SessionFactoryImpl - Instantiated session factory
12:30:15.972 [main] DEBUG o.h.type.spi.TypeConfiguration$Scope - Scoping TypeConfiguration [org.hibernate.type.spi.TypeConfiguration@3a095ec0] to SessionFactoryImpl [org.hibernate.internal.SessionFactoryImpl@4d8286c4]
12:30:16.006 [main] DEBUG o.h.b.internal.ClassLoaderAccessImpl - Not known whether passed class name [Abstract.TicketSeller] is safe
12:30:16.008 [main] DEBUG o.h.b.internal.ClassLoaderAccessImpl - No temp ClassLoader provided; using live ClassLoader for loading potentially unsafe class : Abstract.TicketSeller
12:30:16.010 [main] DEBUG o.h.b.internal.ClassLoaderAccessImpl - Not known whether passed class name [Classes.Shop] is safe
12:30:16.010 [main] DEBUG o.h.b.internal.ClassLoaderAccessImpl - No temp ClassLoader provided; using live ClassLoader for loading potentially unsafe class : Classes.Shop
12:30:16.010 [main] DEBUG o.h.b.internal.ClassLoaderAccessImpl - Not known whether passed class name [Classes.VendingMachine] is safe
12:30:16.010 [main] DEBUG o.h.b.internal.ClassLoaderAccessImpl - No temp ClassLoader provided; using live ClassLoader for loading potentially unsafe class : Classes.VendingMachine
12:30:16.115 [main] DEBUG o.hibernate.orm.bytecode.interceptor - To-one property `Classes.Card#person` was mapped with LAZY + NO_PROXY but the class was not enhanced
12:30:16.115 [main] DEBUG o.hibernate.orm.bytecode.interceptor - To-one property `Classes.Card#person` was mapped with LAZY + NO_PROXY but the class was not enhanced
12:30:16.115 [main] DEBUG o.h.b.internal.ClassLoaderAccessImpl - Not known whether passed class name [Classes.Card] is safe
12:30:16.115 [main] DEBUG o.h.b.internal.ClassLoaderAccessImpl - No temp ClassLoader provided; using live ClassLoader for loading potentially unsafe class : Classes.Card
12:30:16.124 [main] DEBUG o.hibernate.orm.bytecode.interceptor - To-one property `Classes.Card#person` was mapped with LAZY + NO_PROXY but the class was not enhanced
12:30:16.124 [main] DEBUG o.hibernate.orm.bytecode.interceptor - To-one property `Classes.Card#person` was mapped with LAZY + NO_PROXY but the class was not enhanced
12:30:16.124 [main] DEBUG o.hibernate.orm.bytecode.interceptor - To-one property `Classes.Person#cardNum` was mapped with LAZY + NO_PROXY but the class was not enhanced
12:30:16.124 [main] DEBUG o.hibernate.orm.bytecode.interceptor - To-one property `Classes.Person#cardNum` was mapped with LAZY + NO_PROXY but the class was not enhanced
12:30:16.124 [main] DEBUG o.h.b.internal.ClassLoaderAccessImpl - Not known whether passed class name [Classes.Person] is safe
12:30:16.124 [main] DEBUG o.h.b.internal.ClassLoaderAccessImpl - No temp ClassLoader provided; using live ClassLoader for loading potentially unsafe class : Classes.Person
12:30:16.131 [main] DEBUG o.hibernate.orm.bytecode.interceptor - To-one property `Classes.Person#cardNum` was mapped with LAZY + NO_PROXY but the class was not enhanced
12:30:16.131 [main] DEBUG o.hibernate.orm.bytecode.interceptor - To-one property `Classes.Person#cardNum` was mapped with LAZY + NO_PROXY but the class was not enhanced
12:30:16.131 [main] DEBUG o.hibernate.orm.bytecode.interceptor - To-one property `Classes.Ticket#seller` was mapped with LAZY + NO_PROXY but the class was not enhanced
12:30:16.131 [main] DEBUG o.hibernate.orm.bytecode.interceptor - To-one property `Classes.Ticket#seller` was mapped with LAZY + NO_PROXY but the class was not enhanced
12:30:16.131 [main] DEBUG o.hibernate.orm.bytecode.interceptor - To-one property `Classes.Pass#person` was mapped with LAZY + NO_PROXY but the class was not enhanced
12:30:16.131 [main] DEBUG o.hibernate.orm.bytecode.interceptor - To-one property `Classes.Pass#person` was mapped with LAZY + NO_PROXY but the class was not enhanced
12:30:16.131 [main] DEBUG o.hibernate.orm.bytecode.interceptor - To-one property `Classes.Pass#sellers` was mapped with LAZY + NO_PROXY but the class was not enhanced
12:30:16.131 [main] DEBUG o.hibernate.orm.bytecode.interceptor - To-one property `Classes.Pass#sellers` was mapped with LAZY + NO_PROXY but the class was not enhanced
12:30:16.131 [main] DEBUG o.h.b.internal.ClassLoaderAccessImpl - Not known whether passed class name [Classes.Pass] is safe
12:30:16.132 [main] DEBUG o.h.b.internal.ClassLoaderAccessImpl - No temp ClassLoader provided; using live ClassLoader for loading potentially unsafe class : Classes.Pass
12:30:16.137 [main] DEBUG o.hibernate.orm.bytecode.interceptor - To-one property `Classes.Ticket#seller` was mapped with LAZY + NO_PROXY but the class was not enhanced
12:30:16.137 [main] DEBUG o.hibernate.orm.bytecode.interceptor - To-one property `Classes.Pass#person` was mapped with LAZY + NO_PROXY but the class was not enhanced
12:30:16.137 [main] DEBUG o.hibernate.orm.bytecode.interceptor - To-one property `Classes.Pass#sellers` was mapped with LAZY + NO_PROXY but the class was not enhanced
12:30:16.137 [main] DEBUG o.hibernate.orm.bytecode.interceptor - To-one property `Classes.Ticket#seller` was mapped with LAZY + NO_PROXY but the class was not enhanced
12:30:16.138 [main] DEBUG o.hibernate.orm.bytecode.interceptor - To-one property `Classes.Pass#person` was mapped with LAZY + NO_PROXY but the class was not enhanced
12:30:16.138 [main] DEBUG o.hibernate.orm.bytecode.interceptor - To-one property `Classes.Pass#sellers` was mapped with LAZY + NO_PROXY but the class was not enhanced
12:30:16.142 [main] DEBUG o.hibernate.orm.bytecode.interceptor - To-one property `Classes.Ticket#seller` was mapped with LAZY + NO_PROXY but the class was not enhanced
12:30:16.142 [main] DEBUG o.hibernate.orm.bytecode.interceptor - To-one property `Classes.Ticket#seller` was mapped with LAZY + NO_PROXY but the class was not enhanced
12:30:16.142 [main] DEBUG o.h.b.internal.ClassLoaderAccessImpl - Not known whether passed class name [Classes.Ticket] is safe
12:30:16.142 [main] DEBUG o.h.b.internal.ClassLoaderAccessImpl - No temp ClassLoader provided; using live ClassLoader for loading potentially unsafe class : Classes.Ticket
12:30:16.146 [main] DEBUG o.hibernate.orm.bytecode.interceptor - To-one property `Classes.Ticket#seller` was mapped with LAZY + NO_PROXY but the class was not enhanced
12:30:16.146 [main] DEBUG o.hibernate.orm.bytecode.interceptor - To-one property `Classes.Ticket#seller` was mapped with LAZY + NO_PROXY but the class was not enhanced
12:30:16.146 [main] DEBUG o.hibernate.orm.bytecode.interceptor - To-one property `Classes.Pass#person` was mapped with LAZY + NO_PROXY but the class was not enhanced
12:30:16.146 [main] DEBUG o.hibernate.orm.bytecode.interceptor - To-one property `Classes.Pass#sellers` was mapped with LAZY + NO_PROXY but the class was not enhanced
12:30:16.156 [main] DEBUG o.h.p.c.AbstractCollectionPersister - Static SQL for collection: Abstract.TicketSeller.tickets
12:30:16.156 [main] DEBUG o.h.p.c.AbstractCollectionPersister -  Row insert: insert into TicketSeller_Ticket (TicketSeller_id, tickets_id) values (?, ?)
12:30:16.156 [main] DEBUG o.h.p.c.AbstractCollectionPersister -  Row update: update TicketSeller_Ticket set tickets_id=? where TicketSeller_id=? and tickets_id=?
12:30:16.156 [main] DEBUG o.h.p.c.AbstractCollectionPersister -  Row delete: delete from TicketSeller_Ticket where TicketSeller_id=? and tickets_id=?
12:30:16.156 [main] DEBUG o.h.p.c.AbstractCollectionPersister -  One-shot delete: delete from TicketSeller_Ticket where TicketSeller_id=?
12:30:16.156 [main] DEBUG o.h.p.c.AbstractCollectionPersister - Static SQL for collection: Abstract.TicketSeller.passes
12:30:16.156 [main] DEBUG o.h.p.c.AbstractCollectionPersister -  Row insert: insert into TicketSeller_Ticket (TicketSeller_id, passes_id) values (?, ?)
12:30:16.156 [main] DEBUG o.h.p.c.AbstractCollectionPersister -  Row update: update TicketSeller_Ticket set passes_id=? where TicketSeller_id=? and passes_id=?
12:30:16.156 [main] DEBUG o.h.p.c.AbstractCollectionPersister -  Row delete: delete from TicketSeller_Ticket where TicketSeller_id=? and passes_id=?
12:30:16.156 [main] DEBUG o.h.p.c.AbstractCollectionPersister -  One-shot delete: delete from TicketSeller_Ticket where TicketSeller_id=?
12:30:16.156 [main] DEBUG o.h.p.c.AbstractCollectionPersister - Static SQL for collection: Classes.Shop.people
12:30:16.156 [main] DEBUG o.h.p.c.AbstractCollectionPersister -  Row insert: insert into TicketSeller_Person (Shop_id, people_id) values (?, ?)
12:30:16.156 [main] DEBUG o.h.p.c.AbstractCollectionPersister -  Row update: update TicketSeller_Person set people_id=? where Shop_id=? and people_id=?
12:30:16.156 [main] DEBUG o.h.p.c.AbstractCollectionPersister -  Row delete: delete from TicketSeller_Person where Shop_id=? and people_id=?
12:30:16.156 [main] DEBUG o.h.p.c.AbstractCollectionPersister -  One-shot delete: delete from TicketSeller_Person where Shop_id=?
12:30:16.159 [main] DEBUG o.h.p.entity.AbstractEntityPersister - Static SQL for entity: Abstract.TicketSeller
12:30:16.159 [main] DEBUG o.h.p.entity.AbstractEntityPersister -  Version select: select id from TicketSeller where id =?
12:30:16.159 [main] DEBUG o.h.p.entity.AbstractEntityPersister -  Snapshot select: select ticketsell_.id, ticketsell_.seller_name as seller_n3_3_ from TicketSeller ticketsell_ where ticketsell_.id=?
12:30:16.159 [main] DEBUG o.h.p.entity.AbstractEntityPersister -  Insert 0: insert into TicketSeller (seller_name, Elementi, id) values (?, 'TicketSeller', ?)
12:30:16.159 [main] DEBUG o.h.p.entity.AbstractEntityPersister -  Update 0: update TicketSeller set seller_name=? where id=?
12:30:16.160 [main] DEBUG o.h.p.entity.AbstractEntityPersister -  Delete 0: delete from TicketSeller where id=?
12:30:16.171 [main] DEBUG o.h.l.p.b.i.spaces.QuerySpacesImpl - Adding QuerySpace : uid = <gen:0> -> org.hibernate.loader.plan.build.internal.spaces.EntityQuerySpaceImpl@1a565afb]
12:30:16.172 [main] DEBUG o.h.p.w.spi.MetamodelGraphWalker - Visiting attribute path : name
12:30:16.172 [main] DEBUG o.h.p.w.spi.MetamodelGraphWalker - Visiting attribute path : passes
12:30:16.174 [main] DEBUG o.h.l.p.b.i.spaces.QuerySpacesImpl - Adding QuerySpace : uid = <gen:1> -> org.hibernate.loader.plan.build.internal.spaces.CollectionQuerySpaceImpl@6d099323]
12:30:16.174 [main] DEBUG o.h.l.p.b.i.spaces.QuerySpacesImpl - Adding QuerySpace : uid = <gen:2> -> org.hibernate.loader.plan.build.internal.spaces.EntityQuerySpaceImpl@756aadfc]
12:30:16.174 [main] DEBUG o.h.p.w.spi.MetamodelGraphWalker - Visiting attribute path : tickets
12:30:16.175 [main] DEBUG o.h.l.p.b.i.spaces.QuerySpacesImpl - Adding QuerySpace : uid = <gen:3> -> org.hibernate.loader.plan.build.internal.spaces.CollectionQuerySpaceImpl@9e54c59]
12:30:16.175 [main] DEBUG o.h.l.p.b.i.spaces.QuerySpacesImpl - Adding QuerySpace : uid = <gen:4> -> org.hibernate.loader.plan.build.internal.spaces.EntityQuerySpaceImpl@5dbb50f3]
12:30:16.175 [main] DEBUG o.h.p.w.spi.MetamodelGraphWalker - Visiting attribute path : people
12:30:16.175 [main] DEBUG o.h.l.p.b.i.spaces.QuerySpacesImpl - Adding QuerySpace : uid = <gen:5> -> org.hibernate.loader.plan.build.internal.spaces.CollectionQuerySpaceImpl@4a2e7bcb]
12:30:16.175 [main] DEBUG o.h.l.p.b.i.spaces.QuerySpacesImpl - Adding QuerySpace : uid = <gen:6> -> org.hibernate.loader.plan.build.internal.spaces.EntityQuerySpaceImpl@575c3e9b]
12:30:16.175 [main] DEBUG o.h.p.w.spi.MetamodelGraphWalker - Visiting attribute path : isWorking
12:30:16.175 [main] DEBUG o.h.l.p.b.i.FetchStyleLoadPlanBuildingAssociationVisitationStrategy - Building LoadPlan...
12:30:16.180 [main] DEBUG o.h.l.p.e.i.LoadQueryJoinAndFetchProcessor - processing queryspace <gen:0>
12:30:16.182 [main] DEBUG o.h.l.p.b.spi.LoadPlanTreePrinter - LoadPlan(entity=Abstract.TicketSeller)
    - Returns
       - EntityReturnImpl(entity=Abstract.TicketSeller, querySpaceUid=<gen:0>, path=Abstract.TicketSeller)
          - CollectionAttributeFetchImpl(collection=Abstract.TicketSeller.passes, querySpaceUid=<gen:1>, path=Abstract.TicketSeller.passes)
             - (collection element) CollectionFetchableElementEntityGraph(entity=Classes.Pass, querySpaceUid=<gen:2>, path=Abstract.TicketSeller.passes.<elements>)
          - CollectionAttributeFetchImpl(collection=Abstract.TicketSeller.tickets, querySpaceUid=<gen:3>, path=Abstract.TicketSeller.tickets)
             - (collection element) CollectionFetchableElementEntityGraph(entity=Classes.Ticket, querySpaceUid=<gen:4>, path=Abstract.TicketSeller.tickets.<elements>)
          - CollectionAttributeFetchImpl(collection=Classes.Shop.people, querySpaceUid=<gen:5>, path=Abstract.TicketSeller.people)
             - (collection element) CollectionFetchableElementEntityGraph(entity=Classes.Person, querySpaceUid=<gen:6>, path=Abstract.TicketSeller.people.<elements>)
    - QuerySpaces
       - EntityQuerySpaceImpl(uid=<gen:0>, entity=Abstract.TicketSeller)
          - SQL table alias mapping - ticketsell0_
          - alias suffix - 0_
          - suffixed key columns - {id2_3_0_}

12:30:16.183 [main] DEBUG o.h.loader.entity.plan.EntityLoader - Static select for entity Abstract.TicketSeller [NONE]: select ticketsell0_.id as id2_3_0_, ticketsell0_.seller_name as seller_n3_3_0_, ticketsell0_.isWorking as isworkin4_3_0_, ticketsell0_.Elementi as elementi1_3_0_ from TicketSeller ticketsell0_ where ticketsell0_.id=?
12:30:16.183 [main] DEBUG o.h.p.entity.AbstractEntityPersister - Static SQL for entity: Classes.Card
12:30:16.184 [main] DEBUG o.h.p.entity.AbstractEntityPersister -  Version select: select id from Card where id =?
12:30:16.184 [main] DEBUG o.h.p.entity.AbstractEntityPersister -  Snapshot select: select card_.id, card_.emissionDate as emission2_0_, card_.expirationDate as expirati3_0_ from Card card_ where card_.id=?
12:30:16.184 [main] DEBUG o.h.p.entity.AbstractEntityPersister -  Insert 0: insert into Card (emissionDate, expirationDate, id) values (?, ?, ?)
12:30:16.184 [main] DEBUG o.h.p.entity.AbstractEntityPersister -  Update 0: update Card set emissionDate=?, expirationDate=? where id=?
12:30:16.184 [main] DEBUG o.h.p.entity.AbstractEntityPersister -  Delete 0: delete from Card where id=?
12:30:16.184 [main] DEBUG o.h.p.entity.AbstractEntityPersister -  Identity insert: insert into Card (emissionDate, expirationDate) values (?, ?)
12:30:16.184 [main] DEBUG o.h.l.p.b.i.spaces.QuerySpacesImpl - Adding QuerySpace : uid = <gen:0> -> org.hibernate.loader.plan.build.internal.spaces.EntityQuerySpaceImpl@45adc393]
12:30:16.184 [main] DEBUG o.h.p.w.spi.MetamodelGraphWalker - Visiting attribute path : emissionDate
12:30:16.184 [main] DEBUG o.h.p.w.spi.MetamodelGraphWalker - Visiting attribute path : expirationDate
12:30:16.184 [main] DEBUG o.h.p.w.spi.MetamodelGraphWalker - Visiting attribute path : person
12:30:16.184 [main] DEBUG o.h.l.p.b.i.spaces.QuerySpacesImpl - Adding QuerySpace : uid = <gen:1> -> org.hibernate.loader.plan.build.internal.spaces.EntityQuerySpaceImpl@479111ba]
12:30:16.185 [main] DEBUG o.h.p.w.spi.MetamodelGraphWalker - Visiting attribute path : person.birthdate
12:30:16.185 [main] DEBUG o.h.p.w.spi.MetamodelGraphWalker - Visiting attribute path : person.cardNum
12:30:16.185 [main] DEBUG o.h.p.w.spi.MetamodelGraphWalker - Property path deemed to be circular : person.cardNum
12:30:16.185 [main] DEBUG o.h.p.w.spi.MetamodelGraphWalker - Visiting attribute path : person.firstName
12:30:16.185 [main] DEBUG o.h.p.w.spi.MetamodelGraphWalker - Visiting attribute path : person.lastName
12:30:16.185 [main] DEBUG o.h.l.p.b.i.FetchStyleLoadPlanBuildingAssociationVisitationStrategy - Building LoadPlan...
12:30:16.185 [main] DEBUG o.h.l.p.e.i.LoadQueryJoinAndFetchProcessor - processing queryspace <gen:0>
12:30:16.186 [main] DEBUG o.h.l.p.b.spi.LoadPlanTreePrinter - LoadPlan(entity=Classes.Card)
    - Returns
       - EntityReturnImpl(entity=Classes.Card, querySpaceUid=<gen:0>, path=Classes.Card)
          - EntityAttributeFetchImpl(entity=Classes.Person, querySpaceUid=<gen:1>, path=Classes.Card.person)
    - QuerySpaces
       - EntityQuerySpaceImpl(uid=<gen:0>, entity=Classes.Card)
          - SQL table alias mapping - card0_
          - alias suffix - 0_
          - suffixed key columns - {id1_0_0_}
          - JOIN (JoinDefinedByMetadata(person)) : <gen:0> -> <gen:1>
             - EntityQuerySpaceImpl(uid=<gen:1>, entity=Classes.Person)
                - SQL table alias mapping - person1_
                - alias suffix - 1_
                - suffixed key columns - {id1_1_1_}

12:30:16.186 [main] DEBUG o.h.loader.entity.plan.EntityLoader - Static select for entity Classes.Card [NONE]: select card0_.id as id1_0_0_, card0_.emissionDate as emission2_0_0_, card0_.expirationDate as expirati3_0_0_, person1_.id as id1_1_1_, person1_.birthdate as birthdat2_1_1_, person1_.cardNum_id as cardnum_5_1_1_, person1_.firstName as firstnam3_1_1_, person1_.lastName as lastname4_1_1_ from Card card0_ left outer join Person person1_ on card0_.id=person1_.cardNum_id where card0_.id=?
12:30:16.186 [main] DEBUG o.h.p.entity.AbstractEntityPersister - Static SQL for entity: Classes.Person
12:30:16.186 [main] DEBUG o.h.p.entity.AbstractEntityPersister -  Version select: select id from Person where id =?
12:30:16.186 [main] DEBUG o.h.p.entity.AbstractEntityPersister -  Snapshot select: select person_.id, person_.birthdate as birthdat2_1_, person_.cardNum_id as cardnum_5_1_, person_.firstName as firstnam3_1_, person_.lastName as lastname4_1_ from Person person_ where person_.id=?
12:30:16.186 [main] DEBUG o.h.p.entity.AbstractEntityPersister -  Insert 0: insert into Person (birthdate, cardNum_id, firstName, lastName, id) values (?, ?, ?, ?, ?)
12:30:16.186 [main] DEBUG o.h.p.entity.AbstractEntityPersister -  Update 0: update Person set birthdate=?, cardNum_id=?, firstName=?, lastName=? where id=?
12:30:16.186 [main] DEBUG o.h.p.entity.AbstractEntityPersister -  Delete 0: delete from Person where id=?
12:30:16.186 [main] DEBUG o.h.p.entity.AbstractEntityPersister -  Identity insert: insert into Person (birthdate, cardNum_id, firstName, lastName) values (?, ?, ?, ?)
12:30:16.186 [main] DEBUG o.h.l.p.b.i.spaces.QuerySpacesImpl - Adding QuerySpace : uid = <gen:0> -> org.hibernate.loader.plan.build.internal.spaces.EntityQuerySpaceImpl@7c663eaf]
12:30:16.186 [main] DEBUG o.h.p.w.spi.MetamodelGraphWalker - Visiting attribute path : birthdate
12:30:16.186 [main] DEBUG o.h.p.w.spi.MetamodelGraphWalker - Visiting attribute path : cardNum
12:30:16.186 [main] DEBUG o.h.l.p.b.i.spaces.QuerySpacesImpl - Adding QuerySpace : uid = <gen:1> -> org.hibernate.loader.plan.build.internal.spaces.EntityQuerySpaceImpl@1e692555]
12:30:16.187 [main] DEBUG o.h.p.w.spi.MetamodelGraphWalker - Visiting attribute path : cardNum.emissionDate
12:30:16.187 [main] DEBUG o.h.p.w.spi.MetamodelGraphWalker - Visiting attribute path : cardNum.expirationDate
12:30:16.187 [main] DEBUG o.h.p.w.spi.MetamodelGraphWalker - Visiting attribute path : cardNum.person
12:30:16.187 [main] DEBUG o.h.p.w.spi.MetamodelGraphWalker - Property path deemed to be circular : cardNum.person
12:30:16.187 [main] DEBUG o.h.p.w.spi.MetamodelGraphWalker - Visiting attribute path : firstName
12:30:16.187 [main] DEBUG o.h.p.w.spi.MetamodelGraphWalker - Visiting attribute path : lastName
12:30:16.187 [main] DEBUG o.h.l.p.b.i.FetchStyleLoadPlanBuildingAssociationVisitationStrategy - Building LoadPlan...
12:30:16.187 [main] DEBUG o.h.l.p.e.i.LoadQueryJoinAndFetchProcessor - processing queryspace <gen:0>
12:30:16.187 [main] DEBUG o.h.l.p.b.spi.LoadPlanTreePrinter - LoadPlan(entity=Classes.Person)
    - Returns
       - EntityReturnImpl(entity=Classes.Person, querySpaceUid=<gen:0>, path=Classes.Person)
          - EntityAttributeFetchImpl(entity=Classes.Card, querySpaceUid=<gen:1>, path=Classes.Person.cardNum)
    - QuerySpaces
       - EntityQuerySpaceImpl(uid=<gen:0>, entity=Classes.Person)
          - SQL table alias mapping - person0_
          - alias suffix - 0_
          - suffixed key columns - {id1_1_0_}
          - JOIN (JoinDefinedByMetadata(cardNum)) : <gen:0> -> <gen:1>
             - EntityQuerySpaceImpl(uid=<gen:1>, entity=Classes.Card)
                - SQL table alias mapping - card1_
                - alias suffix - 1_
                - suffixed key columns - {id1_0_1_}

12:30:16.187 [main] DEBUG o.h.loader.entity.plan.EntityLoader - Static select for entity Classes.Person [NONE]: select person0_.id as id1_1_0_, person0_.birthdate as birthdat2_1_0_, person0_.cardNum_id as cardnum_5_1_0_, person0_.firstName as firstnam3_1_0_, person0_.lastName as lastname4_1_0_, card1_.id as id1_0_1_, card1_.emissionDate as emission2_0_1_, card1_.expirationDate as expirati3_0_1_ from Person person0_ left outer join Card card1_ on person0_.cardNum_id=card1_.id where person0_.id=?
12:30:16.192 [main] DEBUG org.hibernate.loader.Loader - Static select for entity Classes.Person [NONE]: select person0_.id as id1_1_1_, person0_.birthdate as birthdat2_1_1_, person0_.cardNum_id as cardnum_5_1_1_, person0_.firstName as firstnam3_1_1_, person0_.lastName as lastname4_1_1_, card1_.id as id1_0_0_, card1_.emissionDate as emission2_0_0_, card1_.expirationDate as expirati3_0_0_ from Person person0_ left outer join Card card1_ on person0_.cardNum_id=card1_.id where person0_.cardNum_id=?
12:30:16.193 [main] DEBUG o.h.p.entity.AbstractEntityPersister - Static SQL for entity: Classes.Pass
12:30:16.193 [main] DEBUG o.h.p.entity.AbstractEntityPersister -  Version select: select id from Ticket where id =?
12:30:16.193 [main] DEBUG o.h.p.entity.AbstractEntityPersister -  Snapshot select: select pass_.id, pass_.seller_id as seller_i4_2_, pass_.person_id as person_i5_2_, pass_.sellers_id as sellers_6_2_, pass_.validity as validity3_2_ from Ticket pass_ where pass_.id=?
12:30:16.193 [main] DEBUG o.h.p.entity.AbstractEntityPersister -  Insert 0: insert into Ticket (seller_id, person_id, sellers_id, validity, DTYPE, id) values (?, ?, ?, ?, 'Pass', ?)
12:30:16.193 [main] DEBUG o.h.p.entity.AbstractEntityPersister -  Update 0: update Ticket set seller_id=?, person_id=?, sellers_id=?, validity=? where id=?
12:30:16.193 [main] DEBUG o.h.p.entity.AbstractEntityPersister -  Delete 0: delete from Ticket where id=?
12:30:16.193 [main] DEBUG o.h.p.entity.AbstractEntityPersister -  Identity insert: insert into Ticket (seller_id, person_id, sellers_id, validity, DTYPE) values (?, ?, ?, ?, 'Pass')
12:30:16.193 [main] DEBUG o.h.l.p.b.i.spaces.QuerySpacesImpl - Adding QuerySpace : uid = <gen:0> -> org.hibernate.loader.plan.build.internal.spaces.EntityQuerySpaceImpl@53b1a3f8]
12:30:16.193 [main] DEBUG o.h.p.w.spi.MetamodelGraphWalker - Visiting attribute path : seller
12:30:16.193 [main] DEBUG o.h.l.p.b.i.spaces.QuerySpacesImpl - Adding QuerySpace : uid = <gen:1> -> org.hibernate.loader.plan.build.internal.spaces.EntityQuerySpaceImpl@5a936e64]
12:30:16.193 [main] DEBUG o.h.p.w.spi.MetamodelGraphWalker - Visiting attribute path : seller.name
12:30:16.193 [main] DEBUG o.h.p.w.spi.MetamodelGraphWalker - Visiting attribute path : seller.passes
12:30:16.193 [main] DEBUG o.h.l.p.b.i.spaces.QuerySpacesImpl - Adding QuerySpace : uid = <gen:2> -> org.hibernate.loader.plan.build.internal.spaces.CollectionQuerySpaceImpl@65bad087]
12:30:16.193 [main] DEBUG o.h.l.p.b.i.spaces.QuerySpacesImpl - Adding QuerySpace : uid = <gen:3> -> org.hibernate.loader.plan.build.internal.spaces.EntityQuerySpaceImpl@276cc8dc]
12:30:16.193 [main] DEBUG o.h.p.w.spi.MetamodelGraphWalker - Visiting attribute path : seller.tickets
12:30:16.193 [main] DEBUG o.h.l.p.b.i.spaces.QuerySpacesImpl - Adding QuerySpace : uid = <gen:4> -> org.hibernate.loader.plan.build.internal.spaces.CollectionQuerySpaceImpl@66cd621b]
12:30:16.193 [main] DEBUG o.h.l.p.b.i.spaces.QuerySpacesImpl - Adding QuerySpace : uid = <gen:5> -> org.hibernate.loader.plan.build.internal.spaces.EntityQuerySpaceImpl@d3f4505]
12:30:16.193 [main] DEBUG o.h.p.w.spi.MetamodelGraphWalker - Visiting attribute path : seller.people
12:30:16.193 [main] DEBUG o.h.l.p.b.i.spaces.QuerySpacesImpl - Adding QuerySpace : uid = <gen:6> -> org.hibernate.loader.plan.build.internal.spaces.CollectionQuerySpaceImpl@3eb292cd]
12:30:16.193 [main] DEBUG o.h.l.p.b.i.spaces.QuerySpacesImpl - Adding QuerySpace : uid = <gen:7> -> org.hibernate.loader.plan.build.internal.spaces.EntityQuerySpaceImpl@7fd987ef]
12:30:16.193 [main] DEBUG o.h.p.w.spi.MetamodelGraphWalker - Visiting attribute path : seller.isWorking
12:30:16.193 [main] DEBUG o.h.p.w.spi.MetamodelGraphWalker - Visiting attribute path : person
12:30:16.193 [main] DEBUG o.h.l.p.b.i.spaces.QuerySpacesImpl - Adding QuerySpace : uid = <gen:8> -> org.hibernate.loader.plan.build.internal.spaces.EntityQuerySpaceImpl@7209ffb5]
12:30:16.194 [main] DEBUG o.h.p.w.spi.MetamodelGraphWalker - Visiting attribute path : person.birthdate
12:30:16.194 [main] DEBUG o.h.p.w.spi.MetamodelGraphWalker - Visiting attribute path : person.cardNum
12:30:16.194 [main] DEBUG o.h.l.p.b.i.spaces.QuerySpacesImpl - Adding QuerySpace : uid = <gen:9> -> org.hibernate.loader.plan.build.internal.spaces.EntityQuerySpaceImpl@2fe74516]
12:30:16.194 [main] DEBUG o.h.p.w.spi.MetamodelGraphWalker - Visiting attribute path : person.cardNum.emissionDate
12:30:16.194 [main] DEBUG o.h.p.w.spi.MetamodelGraphWalker - Visiting attribute path : person.cardNum.expirationDate
12:30:16.194 [main] DEBUG o.h.p.w.spi.MetamodelGraphWalker - Visiting attribute path : person.cardNum.person
12:30:16.194 [main] DEBUG o.h.p.w.spi.MetamodelGraphWalker - Property path deemed to be circular : person.cardNum.person
12:30:16.194 [main] DEBUG o.h.p.w.spi.MetamodelGraphWalker - Visiting attribute path : person.firstName
12:30:16.194 [main] DEBUG o.h.p.w.spi.MetamodelGraphWalker - Visiting attribute path : person.lastName
12:30:16.194 [main] DEBUG o.h.p.w.spi.MetamodelGraphWalker - Visiting attribute path : sellers
12:30:16.194 [main] DEBUG o.h.l.p.b.i.spaces.QuerySpacesImpl - Adding QuerySpace : uid = <gen:10> -> org.hibernate.loader.plan.build.internal.spaces.EntityQuerySpaceImpl@217bf99e]
12:30:16.194 [main] DEBUG o.h.p.w.spi.MetamodelGraphWalker - Visiting attribute path : sellers.name
12:30:16.194 [main] DEBUG o.h.p.w.spi.MetamodelGraphWalker - Visiting attribute path : sellers.passes
12:30:16.194 [main] DEBUG o.h.l.p.b.i.spaces.QuerySpacesImpl - Adding QuerySpace : uid = <gen:11> -> org.hibernate.loader.plan.build.internal.spaces.CollectionQuerySpaceImpl@7ddd84b5]
12:30:16.194 [main] DEBUG o.h.l.p.b.i.spaces.QuerySpacesImpl - Adding QuerySpace : uid = <gen:12> -> org.hibernate.loader.plan.build.internal.spaces.EntityQuerySpaceImpl@73aeef7d]
12:30:16.194 [main] DEBUG o.h.p.w.spi.MetamodelGraphWalker - Visiting attribute path : sellers.tickets
12:30:16.194 [main] DEBUG o.h.l.p.b.i.spaces.QuerySpacesImpl - Adding QuerySpace : uid = <gen:13> -> org.hibernate.loader.plan.build.internal.spaces.CollectionQuerySpaceImpl@d675f9f]
12:30:16.194 [main] DEBUG o.h.l.p.b.i.spaces.QuerySpacesImpl - Adding QuerySpace : uid = <gen:14> -> org.hibernate.loader.plan.build.internal.spaces.EntityQuerySpaceImpl@58af5076]
12:30:16.194 [main] DEBUG o.h.p.w.spi.MetamodelGraphWalker - Visiting attribute path : sellers.people
12:30:16.194 [main] DEBUG o.h.l.p.b.i.spaces.QuerySpacesImpl - Adding QuerySpace : uid = <gen:15> -> org.hibernate.loader.plan.build.internal.spaces.CollectionQuerySpaceImpl@49469ffa]
12:30:16.194 [main] DEBUG o.h.l.p.b.i.spaces.QuerySpacesImpl - Adding QuerySpace : uid = <gen:16> -> org.hibernate.loader.plan.build.internal.spaces.EntityQuerySpaceImpl@4d9754a8]
12:30:16.194 [main] DEBUG o.h.p.w.spi.MetamodelGraphWalker - Visiting attribute path : sellers.isWorking
12:30:16.194 [main] DEBUG o.h.p.w.spi.MetamodelGraphWalker - Visiting attribute path : validity
12:30:16.194 [main] DEBUG o.h.l.p.b.i.FetchStyleLoadPlanBuildingAssociationVisitationStrategy - Building LoadPlan...
12:30:16.195 [main] DEBUG o.h.l.p.e.i.LoadQueryJoinAndFetchProcessor - processing queryspace <gen:0>
12:30:16.195 [main] DEBUG o.h.l.p.b.spi.LoadPlanTreePrinter - LoadPlan(entity=Classes.Pass)
    - Returns
       - EntityReturnImpl(entity=Classes.Pass, querySpaceUid=<gen:0>, path=Classes.Pass)
          - EntityAttributeFetchImpl(entity=Abstract.TicketSeller, querySpaceUid=<gen:1>, path=Classes.Pass.seller)
             - CollectionAttributeFetchImpl(collection=Abstract.TicketSeller.passes, querySpaceUid=<gen:2>, path=Classes.Pass.seller.passes)
                - (collection element) CollectionFetchableElementEntityGraph(entity=Classes.Pass, querySpaceUid=<gen:3>, path=Classes.Pass.seller.passes.<elements>)
             - CollectionAttributeFetchImpl(collection=Abstract.TicketSeller.tickets, querySpaceUid=<gen:4>, path=Classes.Pass.seller.tickets)
                - (collection element) CollectionFetchableElementEntityGraph(entity=Classes.Ticket, querySpaceUid=<gen:5>, path=Classes.Pass.seller.tickets.<elements>)
             - CollectionAttributeFetchImpl(collection=Classes.Shop.people, querySpaceUid=<gen:6>, path=Classes.Pass.seller.people)
                - (collection element) CollectionFetchableElementEntityGraph(entity=Classes.Person, querySpaceUid=<gen:7>, path=Classes.Pass.seller.people.<elements>)
          - EntityAttributeFetchImpl(entity=Classes.Person, querySpaceUid=<gen:8>, path=Classes.Pass.person)
             - EntityAttributeFetchImpl(entity=Classes.Card, querySpaceUid=<gen:9>, path=Classes.Pass.person.cardNum)
          - EntityAttributeFetchImpl(entity=Abstract.TicketSeller, querySpaceUid=<gen:10>, path=Classes.Pass.sellers)
             - CollectionAttributeFetchImpl(collection=Abstract.TicketSeller.passes, querySpaceUid=<gen:11>, path=Classes.Pass.sellers.passes)
                - (collection element) CollectionFetchableElementEntityGraph(entity=Classes.Pass, querySpaceUid=<gen:12>, path=Classes.Pass.sellers.passes.<elements>)
             - CollectionAttributeFetchImpl(collection=Abstract.TicketSeller.tickets, querySpaceUid=<gen:13>, path=Classes.Pass.sellers.tickets)
                - (collection element) CollectionFetchableElementEntityGraph(entity=Classes.Ticket, querySpaceUid=<gen:14>, path=Classes.Pass.sellers.tickets.<elements>)
             - CollectionAttributeFetchImpl(collection=Classes.Shop.people, querySpaceUid=<gen:15>, path=Classes.Pass.sellers.people)
                - (collection element) CollectionFetchableElementEntityGraph(entity=Classes.Person, querySpaceUid=<gen:16>, path=Classes.Pass.sellers.people.<elements>)
    - QuerySpaces
       - EntityQuerySpaceImpl(uid=<gen:0>, entity=Classes.Pass)
          - SQL table alias mapping - pass0_
          - alias suffix - 0_
          - suffixed key columns - {id2_2_0_}
          - JOIN (JoinDefinedByMetadata(seller)) : <gen:0> -> <gen:1>
             - EntityQuerySpaceImpl(uid=<gen:1>, entity=Abstract.TicketSeller)
                - SQL table alias mapping - ticketsell1_
                - alias suffix - 1_
                - suffixed key columns - {id2_3_1_}
          - JOIN (JoinDefinedByMetadata(person)) : <gen:0> -> <gen:8>
             - EntityQuerySpaceImpl(uid=<gen:8>, entity=Classes.Person)
                - SQL table alias mapping - person2_
                - alias suffix - 2_
                - suffixed key columns - {id1_1_2_}
                - JOIN (JoinDefinedByMetadata(cardNum)) : <gen:8> -> <gen:9>
                   - EntityQuerySpaceImpl(uid=<gen:9>, entity=Classes.Card)
                      - SQL table alias mapping - card3_
                      - alias suffix - 3_
                      - suffixed key columns - {id1_0_3_}
          - JOIN (JoinDefinedByMetadata(sellers)) : <gen:0> -> <gen:10>
             - EntityQuerySpaceImpl(uid=<gen:10>, entity=Abstract.TicketSeller)
                - SQL table alias mapping - ticketsell4_
                - alias suffix - 4_
                - suffixed key columns - {id2_3_4_}

12:30:16.195 [main] DEBUG o.h.loader.entity.plan.EntityLoader - Static select for entity Classes.Pass [NONE]: select pass0_.id as id2_2_0_, pass0_.seller_id as seller_i4_2_0_, pass0_.person_id as person_i5_2_0_, pass0_.sellers_id as sellers_6_2_0_, pass0_.validity as validity3_2_0_, ticketsell1_.id as id2_3_1_, ticketsell1_.seller_name as seller_n3_3_1_, ticketsell1_.isWorking as isworkin4_3_1_, ticketsell1_.Elementi as elementi1_3_1_, person2_.id as id1_1_2_, person2_.birthdate as birthdat2_1_2_, person2_.cardNum_id as cardnum_5_1_2_, person2_.firstName as firstnam3_1_2_, person2_.lastName as lastname4_1_2_, card3_.id as id1_0_3_, card3_.emissionDate as emission2_0_3_, card3_.expirationDate as expirati3_0_3_, ticketsell4_.id as id2_3_4_, ticketsell4_.seller_name as seller_n3_3_4_, ticketsell4_.isWorking as isworkin4_3_4_, ticketsell4_.Elementi as elementi1_3_4_ from Ticket pass0_ left outer join TicketSeller ticketsell1_ on pass0_.seller_id=ticketsell1_.id left outer join Person person2_ on pass0_.person_id=person2_.id left outer join Card card3_ on person2_.cardNum_id=card3_.id left outer join TicketSeller ticketsell4_ on pass0_.sellers_id=ticketsell4_.id where pass0_.id=? and pass0_.DTYPE='Pass'
12:30:16.195 [main] DEBUG o.h.p.entity.AbstractEntityPersister - Static SQL for entity: Classes.Shop
12:30:16.195 [main] DEBUG o.h.p.entity.AbstractEntityPersister -  Version select: select id from TicketSeller where id =?
12:30:16.195 [main] DEBUG o.h.p.entity.AbstractEntityPersister -  Snapshot select: select shop_.id, shop_.seller_name as seller_n3_3_ from TicketSeller shop_ where shop_.id=?
12:30:16.195 [main] DEBUG o.h.p.entity.AbstractEntityPersister -  Insert 0: insert into TicketSeller (seller_name, Elementi, id) values (?, 'shop', ?)
12:30:16.195 [main] DEBUG o.h.p.entity.AbstractEntityPersister -  Update 0: update TicketSeller set seller_name=? where id=?
12:30:16.195 [main] DEBUG o.h.p.entity.AbstractEntityPersister -  Delete 0: delete from TicketSeller where id=?
12:30:16.195 [main] DEBUG o.h.l.p.b.i.spaces.QuerySpacesImpl - Adding QuerySpace : uid = <gen:0> -> org.hibernate.loader.plan.build.internal.spaces.EntityQuerySpaceImpl@7a3b7122]
12:30:16.195 [main] DEBUG o.h.p.w.spi.MetamodelGraphWalker - Visiting attribute path : name
12:30:16.195 [main] DEBUG o.h.p.w.spi.MetamodelGraphWalker - Visiting attribute path : passes
12:30:16.195 [main] DEBUG o.h.l.p.b.i.spaces.QuerySpacesImpl - Adding QuerySpace : uid = <gen:1> -> org.hibernate.loader.plan.build.internal.spaces.CollectionQuerySpaceImpl@25f15f50]
12:30:16.195 [main] DEBUG o.h.l.p.b.i.spaces.QuerySpacesImpl - Adding QuerySpace : uid = <gen:2> -> org.hibernate.loader.plan.build.internal.spaces.EntityQuerySpaceImpl@52b46d52]
12:30:16.195 [main] DEBUG o.h.p.w.spi.MetamodelGraphWalker - Visiting attribute path : tickets
12:30:16.195 [main] DEBUG o.h.l.p.b.i.spaces.QuerySpacesImpl - Adding QuerySpace : uid = <gen:3> -> org.hibernate.loader.plan.build.internal.spaces.CollectionQuerySpaceImpl@7327a447]
12:30:16.195 [main] DEBUG o.h.l.p.b.i.spaces.QuerySpacesImpl - Adding QuerySpace : uid = <gen:4> -> org.hibernate.loader.plan.build.internal.spaces.EntityQuerySpaceImpl@67022ea]
12:30:16.196 [main] DEBUG o.h.p.w.spi.MetamodelGraphWalker - Visiting attribute path : people
12:30:16.196 [main] DEBUG o.h.l.p.b.i.spaces.QuerySpacesImpl - Adding QuerySpace : uid = <gen:5> -> org.hibernate.loader.plan.build.internal.spaces.CollectionQuerySpaceImpl@2954f6ab]
12:30:16.196 [main] DEBUG o.h.l.p.b.i.spaces.QuerySpacesImpl - Adding QuerySpace : uid = <gen:6> -> org.hibernate.loader.plan.build.internal.spaces.EntityQuerySpaceImpl@58fbd02e]
12:30:16.196 [main] DEBUG o.h.l.p.b.i.FetchStyleLoadPlanBuildingAssociationVisitationStrategy - Building LoadPlan...
12:30:16.196 [main] DEBUG o.h.l.p.e.i.LoadQueryJoinAndFetchProcessor - processing queryspace <gen:0>
12:30:16.196 [main] DEBUG o.h.l.p.b.spi.LoadPlanTreePrinter - LoadPlan(entity=Classes.Shop)
    - Returns
       - EntityReturnImpl(entity=Classes.Shop, querySpaceUid=<gen:0>, path=Classes.Shop)
          - CollectionAttributeFetchImpl(collection=Abstract.TicketSeller.passes, querySpaceUid=<gen:1>, path=Classes.Shop.passes)
             - (collection element) CollectionFetchableElementEntityGraph(entity=Classes.Pass, querySpaceUid=<gen:2>, path=Classes.Shop.passes.<elements>)
          - CollectionAttributeFetchImpl(collection=Abstract.TicketSeller.tickets, querySpaceUid=<gen:3>, path=Classes.Shop.tickets)
             - (collection element) CollectionFetchableElementEntityGraph(entity=Classes.Ticket, querySpaceUid=<gen:4>, path=Classes.Shop.tickets.<elements>)
          - CollectionAttributeFetchImpl(collection=Classes.Shop.people, querySpaceUid=<gen:5>, path=Classes.Shop.people)
             - (collection element) CollectionFetchableElementEntityGraph(entity=Classes.Person, querySpaceUid=<gen:6>, path=Classes.Shop.people.<elements>)
    - QuerySpaces
       - EntityQuerySpaceImpl(uid=<gen:0>, entity=Classes.Shop)
          - SQL table alias mapping - shop0_
          - alias suffix - 0_
          - suffixed key columns - {id2_3_0_}

12:30:16.196 [main] DEBUG o.h.loader.entity.plan.EntityLoader - Static select for entity Classes.Shop [NONE]: select shop0_.id as id2_3_0_, shop0_.seller_name as seller_n3_3_0_ from TicketSeller shop0_ where shop0_.id=? and shop0_.Elementi='shop'
12:30:16.196 [main] DEBUG o.h.p.entity.AbstractEntityPersister - Static SQL for entity: Classes.Ticket
12:30:16.196 [main] DEBUG o.h.p.entity.AbstractEntityPersister -  Version select: select id from Ticket where id =?
12:30:16.196 [main] DEBUG o.h.p.entity.AbstractEntityPersister -  Snapshot select: select ticket_.id, ticket_.seller_id as seller_i4_2_ from Ticket ticket_ where ticket_.id=?
12:30:16.196 [main] DEBUG o.h.p.entity.AbstractEntityPersister -  Insert 0: insert into Ticket (seller_id, DTYPE, id) values (?, 'Ticket', ?)
12:30:16.196 [main] DEBUG o.h.p.entity.AbstractEntityPersister -  Update 0: update Ticket set seller_id=? where id=?
12:30:16.196 [main] DEBUG o.h.p.entity.AbstractEntityPersister -  Delete 0: delete from Ticket where id=?
12:30:16.196 [main] DEBUG o.h.p.entity.AbstractEntityPersister -  Identity insert: insert into Ticket (seller_id, DTYPE) values (?, 'Ticket')
12:30:16.196 [main] DEBUG o.h.l.p.b.i.spaces.QuerySpacesImpl - Adding QuerySpace : uid = <gen:0> -> org.hibernate.loader.plan.build.internal.spaces.EntityQuerySpaceImpl@163042ea]
12:30:16.196 [main] DEBUG o.h.p.w.spi.MetamodelGraphWalker - Visiting attribute path : seller
12:30:16.196 [main] DEBUG o.h.l.p.b.i.spaces.QuerySpacesImpl - Adding QuerySpace : uid = <gen:1> -> org.hibernate.loader.plan.build.internal.spaces.EntityQuerySpaceImpl@1fbf088b]
12:30:16.196 [main] DEBUG o.h.p.w.spi.MetamodelGraphWalker - Visiting attribute path : seller.name
12:30:16.196 [main] DEBUG o.h.p.w.spi.MetamodelGraphWalker - Visiting attribute path : seller.passes
12:30:16.196 [main] DEBUG o.h.l.p.b.i.spaces.QuerySpacesImpl - Adding QuerySpace : uid = <gen:2> -> org.hibernate.loader.plan.build.internal.spaces.CollectionQuerySpaceImpl@d70f722]
12:30:16.196 [main] DEBUG o.h.l.p.b.i.spaces.QuerySpacesImpl - Adding QuerySpace : uid = <gen:3> -> org.hibernate.loader.plan.build.internal.spaces.EntityQuerySpaceImpl@1e1eeedd]
12:30:16.196 [main] DEBUG o.h.p.w.spi.MetamodelGraphWalker - Visiting attribute path : seller.tickets
12:30:16.196 [main] DEBUG o.h.l.p.b.i.spaces.QuerySpacesImpl - Adding QuerySpace : uid = <gen:4> -> org.hibernate.loader.plan.build.internal.spaces.CollectionQuerySpaceImpl@798256c5]
12:30:16.196 [main] DEBUG o.h.l.p.b.i.spaces.QuerySpacesImpl - Adding QuerySpace : uid = <gen:5> -> org.hibernate.loader.plan.build.internal.spaces.EntityQuerySpaceImpl@7ec95456]
12:30:16.196 [main] DEBUG o.h.p.w.spi.MetamodelGraphWalker - Visiting attribute path : seller.people
12:30:16.196 [main] DEBUG o.h.l.p.b.i.spaces.QuerySpacesImpl - Adding QuerySpace : uid = <gen:6> -> org.hibernate.loader.plan.build.internal.spaces.CollectionQuerySpaceImpl@748a654a]
12:30:16.196 [main] DEBUG o.h.l.p.b.i.spaces.QuerySpacesImpl - Adding QuerySpace : uid = <gen:7> -> org.hibernate.loader.plan.build.internal.spaces.EntityQuerySpaceImpl@1d8b0500]
12:30:16.196 [main] DEBUG o.h.p.w.spi.MetamodelGraphWalker - Visiting attribute path : seller.isWorking
12:30:16.197 [main] DEBUG o.h.p.w.spi.MetamodelGraphWalker - Visiting attribute path : person
12:30:16.197 [main] DEBUG o.h.l.p.b.i.spaces.QuerySpacesImpl - Adding QuerySpace : uid = <gen:8> -> org.hibernate.loader.plan.build.internal.spaces.EntityQuerySpaceImpl@76544c0a]
12:30:16.197 [main] DEBUG o.h.p.w.spi.MetamodelGraphWalker - Visiting attribute path : person.birthdate
12:30:16.197 [main] DEBUG o.h.p.w.spi.MetamodelGraphWalker - Visiting attribute path : person.cardNum
12:30:16.197 [main] DEBUG o.h.l.p.b.i.spaces.QuerySpacesImpl - Adding QuerySpace : uid = <gen:9> -> org.hibernate.loader.plan.build.internal.spaces.EntityQuerySpaceImpl@650c405c]
12:30:16.197 [main] DEBUG o.h.p.w.spi.MetamodelGraphWalker - Visiting attribute path : person.cardNum.emissionDate
12:30:16.197 [main] DEBUG o.h.p.w.spi.MetamodelGraphWalker - Visiting attribute path : person.cardNum.expirationDate
12:30:16.197 [main] DEBUG o.h.p.w.spi.MetamodelGraphWalker - Visiting attribute path : person.cardNum.person
12:30:16.197 [main] DEBUG o.h.p.w.spi.MetamodelGraphWalker - Property path deemed to be circular : person.cardNum.person
12:30:16.197 [main] DEBUG o.h.p.w.spi.MetamodelGraphWalker - Visiting attribute path : person.firstName
12:30:16.197 [main] DEBUG o.h.p.w.spi.MetamodelGraphWalker - Visiting attribute path : person.lastName
12:30:16.197 [main] DEBUG o.h.p.w.spi.MetamodelGraphWalker - Visiting attribute path : sellers
12:30:16.197 [main] DEBUG o.h.l.p.b.i.spaces.QuerySpacesImpl - Adding QuerySpace : uid = <gen:10> -> org.hibernate.loader.plan.build.internal.spaces.EntityQuerySpaceImpl@748ac6f3]
12:30:16.197 [main] DEBUG o.h.p.w.spi.MetamodelGraphWalker - Visiting attribute path : sellers.name
12:30:16.197 [main] DEBUG o.h.p.w.spi.MetamodelGraphWalker - Visiting attribute path : sellers.passes
12:30:16.197 [main] DEBUG o.h.l.p.b.i.spaces.QuerySpacesImpl - Adding QuerySpace : uid = <gen:11> -> org.hibernate.loader.plan.build.internal.spaces.CollectionQuerySpaceImpl@6fff46bf]
12:30:16.197 [main] DEBUG o.h.l.p.b.i.spaces.QuerySpacesImpl - Adding QuerySpace : uid = <gen:12> -> org.hibernate.loader.plan.build.internal.spaces.EntityQuerySpaceImpl@1835dc92]
12:30:16.197 [main] DEBUG o.h.p.w.spi.MetamodelGraphWalker - Visiting attribute path : sellers.tickets
12:30:16.197 [main] DEBUG o.h.l.p.b.i.spaces.QuerySpacesImpl - Adding QuerySpace : uid = <gen:13> -> org.hibernate.loader.plan.build.internal.spaces.CollectionQuerySpaceImpl@3aaa3c39]
12:30:16.197 [main] DEBUG o.h.l.p.b.i.spaces.QuerySpacesImpl - Adding QuerySpace : uid = <gen:14> -> org.hibernate.loader.plan.build.internal.spaces.EntityQuerySpaceImpl@65a9ea3c]
12:30:16.197 [main] DEBUG o.h.p.w.spi.MetamodelGraphWalker - Visiting attribute path : sellers.people
12:30:16.197 [main] DEBUG o.h.l.p.b.i.spaces.QuerySpacesImpl - Adding QuerySpace : uid = <gen:15> -> org.hibernate.loader.plan.build.internal.spaces.CollectionQuerySpaceImpl@70f68288]
12:30:16.197 [main] DEBUG o.h.l.p.b.i.spaces.QuerySpacesImpl - Adding QuerySpace : uid = <gen:16> -> org.hibernate.loader.plan.build.internal.spaces.EntityQuerySpaceImpl@46911148]
12:30:16.197 [main] DEBUG o.h.p.w.spi.MetamodelGraphWalker - Visiting attribute path : sellers.isWorking
12:30:16.197 [main] DEBUG o.h.p.w.spi.MetamodelGraphWalker - Visiting attribute path : validity
12:30:16.197 [main] DEBUG o.h.l.p.b.i.FetchStyleLoadPlanBuildingAssociationVisitationStrategy - Building LoadPlan...
12:30:16.197 [main] DEBUG o.h.l.p.e.i.LoadQueryJoinAndFetchProcessor - processing queryspace <gen:0>
12:30:16.198 [main] DEBUG o.h.l.p.b.spi.LoadPlanTreePrinter - LoadPlan(entity=Classes.Ticket)
    - Returns
       - EntityReturnImpl(entity=Classes.Ticket, querySpaceUid=<gen:0>, path=Classes.Ticket)
          - EntityAttributeFetchImpl(entity=Abstract.TicketSeller, querySpaceUid=<gen:1>, path=Classes.Ticket.seller)
             - CollectionAttributeFetchImpl(collection=Abstract.TicketSeller.passes, querySpaceUid=<gen:2>, path=Classes.Ticket.seller.passes)
                - (collection element) CollectionFetchableElementEntityGraph(entity=Classes.Pass, querySpaceUid=<gen:3>, path=Classes.Ticket.seller.passes.<elements>)
             - CollectionAttributeFetchImpl(collection=Abstract.TicketSeller.tickets, querySpaceUid=<gen:4>, path=Classes.Ticket.seller.tickets)
                - (collection element) CollectionFetchableElementEntityGraph(entity=Classes.Ticket, querySpaceUid=<gen:5>, path=Classes.Ticket.seller.tickets.<elements>)
             - CollectionAttributeFetchImpl(collection=Classes.Shop.people, querySpaceUid=<gen:6>, path=Classes.Ticket.seller.people)
                - (collection element) CollectionFetchableElementEntityGraph(entity=Classes.Person, querySpaceUid=<gen:7>, path=Classes.Ticket.seller.people.<elements>)
          - EntityAttributeFetchImpl(entity=Classes.Person, querySpaceUid=<gen:8>, path=Classes.Ticket.person)
             - EntityAttributeFetchImpl(entity=Classes.Card, querySpaceUid=<gen:9>, path=Classes.Ticket.person.cardNum)
          - EntityAttributeFetchImpl(entity=Abstract.TicketSeller, querySpaceUid=<gen:10>, path=Classes.Ticket.sellers)
             - CollectionAttributeFetchImpl(collection=Abstract.TicketSeller.passes, querySpaceUid=<gen:11>, path=Classes.Ticket.sellers.passes)
                - (collection element) CollectionFetchableElementEntityGraph(entity=Classes.Pass, querySpaceUid=<gen:12>, path=Classes.Ticket.sellers.passes.<elements>)
             - CollectionAttributeFetchImpl(collection=Abstract.TicketSeller.tickets, querySpaceUid=<gen:13>, path=Classes.Ticket.sellers.tickets)
                - (collection element) CollectionFetchableElementEntityGraph(entity=Classes.Ticket, querySpaceUid=<gen:14>, path=Classes.Ticket.sellers.tickets.<elements>)
             - CollectionAttributeFetchImpl(collection=Classes.Shop.people, querySpaceUid=<gen:15>, path=Classes.Ticket.sellers.people)
                - (collection element) CollectionFetchableElementEntityGraph(entity=Classes.Person, querySpaceUid=<gen:16>, path=Classes.Ticket.sellers.people.<elements>)
    - QuerySpaces
       - EntityQuerySpaceImpl(uid=<gen:0>, entity=Classes.Ticket)
          - SQL table alias mapping - ticket0_
          - alias suffix - 0_
          - suffixed key columns - {id2_2_0_}
          - JOIN (JoinDefinedByMetadata(seller)) : <gen:0> -> <gen:1>
             - EntityQuerySpaceImpl(uid=<gen:1>, entity=Abstract.TicketSeller)
                - SQL table alias mapping - ticketsell1_
                - alias suffix - 1_
                - suffixed key columns - {id2_3_1_}
          - JOIN (JoinDefinedByMetadata(person)) : <gen:0> -> <gen:8>
             - EntityQuerySpaceImpl(uid=<gen:8>, entity=Classes.Person)
                - SQL table alias mapping - person2_
                - alias suffix - 2_
                - suffixed key columns - {id1_1_2_}
                - JOIN (JoinDefinedByMetadata(cardNum)) : <gen:8> -> <gen:9>
                   - EntityQuerySpaceImpl(uid=<gen:9>, entity=Classes.Card)
                      - SQL table alias mapping - card3_
                      - alias suffix - 3_
                      - suffixed key columns - {id1_0_3_}
          - JOIN (JoinDefinedByMetadata(sellers)) : <gen:0> -> <gen:10>
             - EntityQuerySpaceImpl(uid=<gen:10>, entity=Abstract.TicketSeller)
                - SQL table alias mapping - ticketsell4_
                - alias suffix - 4_
                - suffixed key columns - {id2_3_4_}

12:30:16.198 [main] DEBUG o.h.loader.entity.plan.EntityLoader - Static select for entity Classes.Ticket [NONE]: select ticket0_.id as id2_2_0_, ticket0_.seller_id as seller_i4_2_0_, ticket0_.person_id as person_i5_2_0_, ticket0_.sellers_id as sellers_6_2_0_, ticket0_.validity as validity3_2_0_, ticket0_.DTYPE as dtype1_2_0_, ticketsell1_.id as id2_3_1_, ticketsell1_.seller_name as seller_n3_3_1_, ticketsell1_.isWorking as isworkin4_3_1_, ticketsell1_.Elementi as elementi1_3_1_, person2_.id as id1_1_2_, person2_.birthdate as birthdat2_1_2_, person2_.cardNum_id as cardnum_5_1_2_, person2_.firstName as firstnam3_1_2_, person2_.lastName as lastname4_1_2_, card3_.id as id1_0_3_, card3_.emissionDate as emission2_0_3_, card3_.expirationDate as expirati3_0_3_, ticketsell4_.id as id2_3_4_, ticketsell4_.seller_name as seller_n3_3_4_, ticketsell4_.isWorking as isworkin4_3_4_, ticketsell4_.Elementi as elementi1_3_4_ from Ticket ticket0_ left outer join TicketSeller ticketsell1_ on ticket0_.seller_id=ticketsell1_.id left outer join Person person2_ on ticket0_.person_id=person2_.id left outer join Card card3_ on person2_.cardNum_id=card3_.id left outer join TicketSeller ticketsell4_ on ticket0_.sellers_id=ticketsell4_.id where ticket0_.id=?
12:30:16.198 [main] DEBUG o.h.p.entity.AbstractEntityPersister - Static SQL for entity: Classes.VendingMachine
12:30:16.198 [main] DEBUG o.h.p.entity.AbstractEntityPersister -  Version select: select id from TicketSeller where id =?
12:30:16.198 [main] DEBUG o.h.p.entity.AbstractEntityPersister -  Snapshot select: select vendingmac_.id, vendingmac_.seller_name as seller_n3_3_, vendingmac_.isWorking as isworkin4_3_ from TicketSeller vendingmac_ where vendingmac_.id=?
12:30:16.198 [main] DEBUG o.h.p.entity.AbstractEntityPersister -  Insert 0: insert into TicketSeller (seller_name, isWorking, Elementi, id) values (?, ?, 'vending_machine', ?)
12:30:16.198 [main] DEBUG o.h.p.entity.AbstractEntityPersister -  Update 0: update TicketSeller set seller_name=?, isWorking=? where id=?
12:30:16.198 [main] DEBUG o.h.p.entity.AbstractEntityPersister -  Delete 0: delete from TicketSeller where id=?
12:30:16.198 [main] DEBUG o.h.l.p.b.i.spaces.QuerySpacesImpl - Adding QuerySpace : uid = <gen:0> -> org.hibernate.loader.plan.build.internal.spaces.EntityQuerySpaceImpl@2db1b657]
12:30:16.198 [main] DEBUG o.h.p.w.spi.MetamodelGraphWalker - Visiting attribute path : name
12:30:16.198 [main] DEBUG o.h.p.w.spi.MetamodelGraphWalker - Visiting attribute path : passes
12:30:16.198 [main] DEBUG o.h.l.p.b.i.spaces.QuerySpacesImpl - Adding QuerySpace : uid = <gen:1> -> org.hibernate.loader.plan.build.internal.spaces.CollectionQuerySpaceImpl@43c57161]
12:30:16.198 [main] DEBUG o.h.l.p.b.i.spaces.QuerySpacesImpl - Adding QuerySpace : uid = <gen:2> -> org.hibernate.loader.plan.build.internal.spaces.EntityQuerySpaceImpl@d902300]
12:30:16.198 [main] DEBUG o.h.p.w.spi.MetamodelGraphWalker - Visiting attribute path : tickets
12:30:16.198 [main] DEBUG o.h.l.p.b.i.spaces.QuerySpacesImpl - Adding QuerySpace : uid = <gen:3> -> org.hibernate.loader.plan.build.internal.spaces.CollectionQuerySpaceImpl@2db33feb]
12:30:16.198 [main] DEBUG o.h.l.p.b.i.spaces.QuerySpacesImpl - Adding QuerySpace : uid = <gen:4> -> org.hibernate.loader.plan.build.internal.spaces.EntityQuerySpaceImpl@30c3ae63]
12:30:16.198 [main] DEBUG o.h.p.w.spi.MetamodelGraphWalker - Visiting attribute path : isWorking
12:30:16.198 [main] DEBUG o.h.l.p.b.i.FetchStyleLoadPlanBuildingAssociationVisitationStrategy - Building LoadPlan...
12:30:16.198 [main] DEBUG o.h.l.p.e.i.LoadQueryJoinAndFetchProcessor - processing queryspace <gen:0>
12:30:16.198 [main] DEBUG o.h.l.p.b.spi.LoadPlanTreePrinter - LoadPlan(entity=Classes.VendingMachine)
    - Returns
       - EntityReturnImpl(entity=Classes.VendingMachine, querySpaceUid=<gen:0>, path=Classes.VendingMachine)
          - CollectionAttributeFetchImpl(collection=Abstract.TicketSeller.passes, querySpaceUid=<gen:1>, path=Classes.VendingMachine.passes)
             - (collection element) CollectionFetchableElementEntityGraph(entity=Classes.Pass, querySpaceUid=<gen:2>, path=Classes.VendingMachine.passes.<elements>)
          - CollectionAttributeFetchImpl(collection=Abstract.TicketSeller.tickets, querySpaceUid=<gen:3>, path=Classes.VendingMachine.tickets)
             - (collection element) CollectionFetchableElementEntityGraph(entity=Classes.Ticket, querySpaceUid=<gen:4>, path=Classes.VendingMachine.tickets.<elements>)
    - QuerySpaces
       - EntityQuerySpaceImpl(uid=<gen:0>, entity=Classes.VendingMachine)
          - SQL table alias mapping - vendingmac0_
          - alias suffix - 0_
          - suffixed key columns - {id2_3_0_}

12:30:16.198 [main] DEBUG o.h.loader.entity.plan.EntityLoader - Static select for entity Classes.VendingMachine [NONE]: select vendingmac0_.id as id2_3_0_, vendingmac0_.seller_name as seller_n3_3_0_, vendingmac0_.isWorking as isworkin4_3_0_ from TicketSeller vendingmac0_ where vendingmac0_.id=? and vendingmac0_.Elementi='vending_machine'
12:30:16.201 [main] DEBUG o.h.l.p.b.i.spaces.QuerySpacesImpl - Adding QuerySpace : uid = <gen:0> -> org.hibernate.loader.plan.build.internal.spaces.CollectionQuerySpaceImpl@430b2699]
12:30:16.201 [main] DEBUG o.h.l.p.b.i.spaces.QuerySpacesImpl - Adding QuerySpace : uid = <gen:1> -> org.hibernate.loader.plan.build.internal.spaces.EntityQuerySpaceImpl@67536ae0]
12:30:16.201 [main] DEBUG o.h.p.w.spi.MetamodelGraphWalker - Visiting attribute path : seller
12:30:16.201 [main] DEBUG o.h.l.p.b.i.spaces.QuerySpacesImpl - Adding QuerySpace : uid = <gen:2> -> org.hibernate.loader.plan.build.internal.spaces.EntityQuerySpaceImpl@6d67f5eb]
12:30:16.201 [main] DEBUG o.h.p.w.spi.MetamodelGraphWalker - Visiting attribute path : seller.name
12:30:16.201 [main] DEBUG o.h.p.w.spi.MetamodelGraphWalker - Visiting attribute path : seller.passes
12:30:16.201 [main] DEBUG o.h.p.w.spi.MetamodelGraphWalker - Property path deemed to be circular : seller.passes
12:30:16.201 [main] DEBUG o.h.p.w.spi.MetamodelGraphWalker - Visiting attribute path : seller.tickets
12:30:16.201 [main] DEBUG o.h.p.w.spi.MetamodelGraphWalker - Property path deemed to be circular : seller.tickets
12:30:16.201 [main] DEBUG o.h.p.w.spi.MetamodelGraphWalker - Visiting attribute path : seller.people
12:30:16.201 [main] DEBUG o.h.l.p.b.i.spaces.QuerySpacesImpl - Adding QuerySpace : uid = <gen:3> -> org.hibernate.loader.plan.build.internal.spaces.CollectionQuerySpaceImpl@3e1fd62b]
12:30:16.201 [main] DEBUG o.h.l.p.b.i.spaces.QuerySpacesImpl - Adding QuerySpace : uid = <gen:4> -> org.hibernate.loader.plan.build.internal.spaces.EntityQuerySpaceImpl@7112ce6]
12:30:16.201 [main] DEBUG o.h.p.w.spi.MetamodelGraphWalker - Visiting attribute path : seller.isWorking
12:30:16.201 [main] DEBUG o.h.p.w.spi.MetamodelGraphWalker - Visiting attribute path : person
12:30:16.201 [main] DEBUG o.h.l.p.b.i.spaces.QuerySpacesImpl - Adding QuerySpace : uid = <gen:5> -> org.hibernate.loader.plan.build.internal.spaces.EntityQuerySpaceImpl@558b4942]
12:30:16.202 [main] DEBUG o.h.p.w.spi.MetamodelGraphWalker - Visiting attribute path : person.birthdate
12:30:16.202 [main] DEBUG o.h.p.w.spi.MetamodelGraphWalker - Visiting attribute path : person.cardNum
12:30:16.202 [main] DEBUG o.h.l.p.b.i.spaces.QuerySpacesImpl - Adding QuerySpace : uid = <gen:6> -> org.hibernate.loader.plan.build.internal.spaces.EntityQuerySpaceImpl@70025b99]
12:30:16.202 [main] DEBUG o.h.p.w.spi.MetamodelGraphWalker - Visiting attribute path : person.cardNum.emissionDate
12:30:16.202 [main] DEBUG o.h.p.w.spi.MetamodelGraphWalker - Visiting attribute path : person.cardNum.expirationDate
12:30:16.202 [main] DEBUG o.h.p.w.spi.MetamodelGraphWalker - Visiting attribute path : person.cardNum.person
12:30:16.202 [main] DEBUG o.h.p.w.spi.MetamodelGraphWalker - Property path deemed to be circular : person.cardNum.person
12:30:16.202 [main] DEBUG o.h.p.w.spi.MetamodelGraphWalker - Visiting attribute path : person.firstName
12:30:16.202 [main] DEBUG o.h.p.w.spi.MetamodelGraphWalker - Visiting attribute path : person.lastName
12:30:16.202 [main] DEBUG o.h.p.w.spi.MetamodelGraphWalker - Visiting attribute path : sellers
12:30:16.202 [main] DEBUG o.h.l.p.b.i.spaces.QuerySpacesImpl - Adding QuerySpace : uid = <gen:7> -> org.hibernate.loader.plan.build.internal.spaces.EntityQuerySpaceImpl@7134b8a7]
12:30:16.202 [main] DEBUG o.h.p.w.spi.MetamodelGraphWalker - Visiting attribute path : sellers.name
12:30:16.202 [main] DEBUG o.h.p.w.spi.MetamodelGraphWalker - Visiting attribute path : sellers.passes
12:30:16.202 [main] DEBUG o.h.p.w.spi.MetamodelGraphWalker - Property path deemed to be circular : sellers.passes
12:30:16.202 [main] DEBUG o.h.p.w.spi.MetamodelGraphWalker - Visiting attribute path : sellers.tickets
12:30:16.202 [main] DEBUG o.h.p.w.spi.MetamodelGraphWalker - Property path deemed to be circular : sellers.tickets
12:30:16.202 [main] DEBUG o.h.p.w.spi.MetamodelGraphWalker - Visiting attribute path : sellers.people
12:30:16.202 [main] DEBUG o.h.l.p.b.i.spaces.QuerySpacesImpl - Adding QuerySpace : uid = <gen:8> -> org.hibernate.loader.plan.build.internal.spaces.CollectionQuerySpaceImpl@40de8f93]
12:30:16.202 [main] DEBUG o.h.l.p.b.i.spaces.QuerySpacesImpl - Adding QuerySpace : uid = <gen:9> -> org.hibernate.loader.plan.build.internal.spaces.EntityQuerySpaceImpl@6ff0b1cc]
12:30:16.202 [main] DEBUG o.h.p.w.spi.MetamodelGraphWalker - Visiting attribute path : sellers.isWorking
12:30:16.202 [main] DEBUG o.h.p.w.spi.MetamodelGraphWalker - Visiting attribute path : validity
12:30:16.202 [main] DEBUG o.h.l.p.b.i.FetchStyleLoadPlanBuildingAssociationVisitationStrategy - Building LoadPlan...
12:30:16.204 [main] DEBUG o.h.l.p.e.i.LoadQueryJoinAndFetchProcessor - processing queryspace <gen:0>
12:30:16.204 [main] DEBUG o.h.l.p.b.spi.LoadPlanTreePrinter - LoadPlan(collection=Abstract.TicketSeller.tickets)
    - Returns
       - CollectionReturnImpl(collection=Abstract.TicketSeller.tickets, querySpaceUid=<gen:0>, path=[Abstract.TicketSeller.tickets])
          - (collection element) CollectionFetchableElementEntityGraph(entity=Classes.Ticket, querySpaceUid=<gen:1>, path=[Abstract.TicketSeller.tickets].<elements>)
             - EntityAttributeFetchImpl(entity=Abstract.TicketSeller, querySpaceUid=<gen:2>, path=[Abstract.TicketSeller.tickets].<elements>.seller)
                - CollectionAttributeFetchImpl(collection=Classes.Shop.people, querySpaceUid=<gen:3>, path=[Abstract.TicketSeller.tickets].<elements>.seller.people)
                   - (collection element) CollectionFetchableElementEntityGraph(entity=Classes.Person, querySpaceUid=<gen:4>, path=[Abstract.TicketSeller.tickets].<elements>.seller.people.<elements>)
             - EntityAttributeFetchImpl(entity=Classes.Person, querySpaceUid=<gen:5>, path=[Abstract.TicketSeller.tickets].<elements>.person)
                - EntityAttributeFetchImpl(entity=Classes.Card, querySpaceUid=<gen:6>, path=[Abstract.TicketSeller.tickets].<elements>.person.cardNum)
             - EntityAttributeFetchImpl(entity=Abstract.TicketSeller, querySpaceUid=<gen:7>, path=[Abstract.TicketSeller.tickets].<elements>.sellers)
                - CollectionAttributeFetchImpl(collection=Classes.Shop.people, querySpaceUid=<gen:8>, path=[Abstract.TicketSeller.tickets].<elements>.sellers.people)
                   - (collection element) CollectionFetchableElementEntityGraph(entity=Classes.Person, querySpaceUid=<gen:9>, path=[Abstract.TicketSeller.tickets].<elements>.sellers.people.<elements>)
    - QuerySpaces
       - CollectionQuerySpaceImpl(uid=<gen:0>, collection=Abstract.TicketSeller.tickets)
          - SQL table alias mapping - tickets0_
          - alias suffix - 0_
          - suffixed key columns - {ticketse1_5_0_}
          - entity-element alias suffix - 1_
          - 1_entity-element suffixed key columns - id2_2_1_
          - JOIN (JoinDefinedByMetadata(elements)) : <gen:0> -> <gen:1>
             - EntityQuerySpaceImpl(uid=<gen:1>, entity=Classes.Ticket)
                - SQL table alias mapping - ticket1_
                - alias suffix - 1_
                - suffixed key columns - {id2_2_1_}
                - JOIN (JoinDefinedByMetadata(seller)) : <gen:1> -> <gen:2>
                   - EntityQuerySpaceImpl(uid=<gen:2>, entity=Abstract.TicketSeller)
                      - SQL table alias mapping - ticketsell2_
                      - alias suffix - 2_
                      - suffixed key columns - {id2_3_2_}
                - JOIN (JoinDefinedByMetadata(person)) : <gen:1> -> <gen:5>
                   - EntityQuerySpaceImpl(uid=<gen:5>, entity=Classes.Person)
                      - SQL table alias mapping - person3_
                      - alias suffix - 3_
                      - suffixed key columns - {id1_1_3_}
                      - JOIN (JoinDefinedByMetadata(cardNum)) : <gen:5> -> <gen:6>
                         - EntityQuerySpaceImpl(uid=<gen:6>, entity=Classes.Card)
                            - SQL table alias mapping - card4_
                            - alias suffix - 4_
                            - suffixed key columns - {id1_0_4_}
                - JOIN (JoinDefinedByMetadata(sellers)) : <gen:1> -> <gen:7>
                   - EntityQuerySpaceImpl(uid=<gen:7>, entity=Abstract.TicketSeller)
                      - SQL table alias mapping - ticketsell5_
                      - alias suffix - 5_
                      - suffixed key columns - {id2_3_5_}

12:30:16.205 [main] DEBUG o.h.l.c.plan.CollectionLoader - Static select for collection Abstract.TicketSeller.tickets: select tickets0_.TicketSeller_id as ticketse1_5_0_, tickets0_.tickets_id as tickets_2_5_0_, ticket1_.id as id2_2_1_, ticket1_.seller_id as seller_i4_2_1_, ticket1_.person_id as person_i5_2_1_, ticket1_.sellers_id as sellers_6_2_1_, ticket1_.validity as validity3_2_1_, ticket1_.DTYPE as dtype1_2_1_, ticketsell2_.id as id2_3_2_, ticketsell2_.seller_name as seller_n3_3_2_, ticketsell2_.isWorking as isworkin4_3_2_, ticketsell2_.Elementi as elementi1_3_2_, person3_.id as id1_1_3_, person3_.birthdate as birthdat2_1_3_, person3_.cardNum_id as cardnum_5_1_3_, person3_.firstName as firstnam3_1_3_, person3_.lastName as lastname4_1_3_, card4_.id as id1_0_4_, card4_.emissionDate as emission2_0_4_, card4_.expirationDate as expirati3_0_4_, ticketsell5_.id as id2_3_5_, ticketsell5_.seller_name as seller_n3_3_5_, ticketsell5_.isWorking as isworkin4_3_5_, ticketsell5_.Elementi as elementi1_3_5_ from TicketSeller_Ticket tickets0_ inner join Ticket ticket1_ on tickets0_.tickets_id=ticket1_.id left outer join TicketSeller ticketsell2_ on ticket1_.seller_id=ticketsell2_.id left outer join Person person3_ on ticket1_.person_id=person3_.id left outer join Card card4_ on person3_.cardNum_id=card4_.id left outer join TicketSeller ticketsell5_ on ticket1_.sellers_id=ticketsell5_.id where tickets0_.TicketSeller_id=?
12:30:16.205 [main] DEBUG o.h.l.p.b.i.spaces.QuerySpacesImpl - Adding QuerySpace : uid = <gen:0> -> org.hibernate.loader.plan.build.internal.spaces.CollectionQuerySpaceImpl@77f991c]
12:30:16.205 [main] DEBUG o.h.l.p.b.i.spaces.QuerySpacesImpl - Adding QuerySpace : uid = <gen:1> -> org.hibernate.loader.plan.build.internal.spaces.EntityQuerySpaceImpl@3a7e365]
12:30:16.205 [main] DEBUG o.h.p.w.spi.MetamodelGraphWalker - Visiting attribute path : seller
12:30:16.205 [main] DEBUG o.h.l.p.b.i.spaces.QuerySpacesImpl - Adding QuerySpace : uid = <gen:2> -> org.hibernate.loader.plan.build.internal.spaces.EntityQuerySpaceImpl@6968bcec]
12:30:16.205 [main] DEBUG o.h.p.w.spi.MetamodelGraphWalker - Visiting attribute path : seller.name
12:30:16.205 [main] DEBUG o.h.p.w.spi.MetamodelGraphWalker - Visiting attribute path : seller.passes
12:30:16.205 [main] DEBUG o.h.p.w.spi.MetamodelGraphWalker - Property path deemed to be circular : seller.passes
12:30:16.205 [main] DEBUG o.h.p.w.spi.MetamodelGraphWalker - Visiting attribute path : seller.tickets
12:30:16.205 [main] DEBUG o.h.p.w.spi.MetamodelGraphWalker - Property path deemed to be circular : seller.tickets
12:30:16.205 [main] DEBUG o.h.p.w.spi.MetamodelGraphWalker - Visiting attribute path : seller.people
12:30:16.205 [main] DEBUG o.h.l.p.b.i.spaces.QuerySpacesImpl - Adding QuerySpace : uid = <gen:3> -> org.hibernate.loader.plan.build.internal.spaces.CollectionQuerySpaceImpl@e784320]
12:30:16.205 [main] DEBUG o.h.l.p.b.i.spaces.QuerySpacesImpl - Adding QuerySpace : uid = <gen:4> -> org.hibernate.loader.plan.build.internal.spaces.EntityQuerySpaceImpl@3f6bf8aa]
12:30:16.205 [main] DEBUG o.h.p.w.spi.MetamodelGraphWalker - Visiting attribute path : seller.isWorking
12:30:16.205 [main] DEBUG o.h.p.w.spi.MetamodelGraphWalker - Visiting attribute path : person
12:30:16.205 [main] DEBUG o.h.l.p.b.i.spaces.QuerySpacesImpl - Adding QuerySpace : uid = <gen:5> -> org.hibernate.loader.plan.build.internal.spaces.EntityQuerySpaceImpl@13c8ac77]
12:30:16.205 [main] DEBUG o.h.p.w.spi.MetamodelGraphWalker - Visiting attribute path : person.birthdate
12:30:16.205 [main] DEBUG o.h.p.w.spi.MetamodelGraphWalker - Visiting attribute path : person.cardNum
12:30:16.205 [main] DEBUG o.h.l.p.b.i.spaces.QuerySpacesImpl - Adding QuerySpace : uid = <gen:6> -> org.hibernate.loader.plan.build.internal.spaces.EntityQuerySpaceImpl@4cad79bc]
12:30:16.205 [main] DEBUG o.h.p.w.spi.MetamodelGraphWalker - Visiting attribute path : person.cardNum.emissionDate
12:30:16.205 [main] DEBUG o.h.p.w.spi.MetamodelGraphWalker - Visiting attribute path : person.cardNum.expirationDate
12:30:16.205 [main] DEBUG o.h.p.w.spi.MetamodelGraphWalker - Visiting attribute path : person.cardNum.person
12:30:16.205 [main] DEBUG o.h.p.w.spi.MetamodelGraphWalker - Property path deemed to be circular : person.cardNum.person
12:30:16.205 [main] DEBUG o.h.p.w.spi.MetamodelGraphWalker - Visiting attribute path : person.firstName
12:30:16.206 [main] DEBUG o.h.p.w.spi.MetamodelGraphWalker - Visiting attribute path : person.lastName
12:30:16.206 [main] DEBUG o.h.p.w.spi.MetamodelGraphWalker - Visiting attribute path : sellers
12:30:16.206 [main] DEBUG o.h.l.p.b.i.spaces.QuerySpacesImpl - Adding QuerySpace : uid = <gen:7> -> org.hibernate.loader.plan.build.internal.spaces.EntityQuerySpaceImpl@7a9eccc4]
12:30:16.206 [main] DEBUG o.h.p.w.spi.MetamodelGraphWalker - Visiting attribute path : sellers.name
12:30:16.206 [main] DEBUG o.h.p.w.spi.MetamodelGraphWalker - Visiting attribute path : sellers.passes
12:30:16.206 [main] DEBUG o.h.p.w.spi.MetamodelGraphWalker - Property path deemed to be circular : sellers.passes
12:30:16.206 [main] DEBUG o.h.p.w.spi.MetamodelGraphWalker - Visiting attribute path : sellers.tickets
12:30:16.206 [main] DEBUG o.h.p.w.spi.MetamodelGraphWalker - Property path deemed to be circular : sellers.tickets
12:30:16.206 [main] DEBUG o.h.p.w.spi.MetamodelGraphWalker - Visiting attribute path : sellers.people
12:30:16.206 [main] DEBUG o.h.l.p.b.i.spaces.QuerySpacesImpl - Adding QuerySpace : uid = <gen:8> -> org.hibernate.loader.plan.build.internal.spaces.CollectionQuerySpaceImpl@5f05c8d6]
12:30:16.206 [main] DEBUG o.h.l.p.b.i.spaces.QuerySpacesImpl - Adding QuerySpace : uid = <gen:9> -> org.hibernate.loader.plan.build.internal.spaces.EntityQuerySpaceImpl@68e02f33]
12:30:16.206 [main] DEBUG o.h.p.w.spi.MetamodelGraphWalker - Visiting attribute path : sellers.isWorking
12:30:16.206 [main] DEBUG o.h.p.w.spi.MetamodelGraphWalker - Visiting attribute path : validity
12:30:16.206 [main] DEBUG o.h.l.p.b.i.FetchStyleLoadPlanBuildingAssociationVisitationStrategy - Building LoadPlan...
12:30:16.206 [main] DEBUG o.h.l.p.e.i.LoadQueryJoinAndFetchProcessor - processing queryspace <gen:0>
12:30:16.206 [main] DEBUG o.h.l.p.b.spi.LoadPlanTreePrinter - LoadPlan(collection=Abstract.TicketSeller.passes)
    - Returns
       - CollectionReturnImpl(collection=Abstract.TicketSeller.passes, querySpaceUid=<gen:0>, path=[Abstract.TicketSeller.passes])
          - (collection element) CollectionFetchableElementEntityGraph(entity=Classes.Pass, querySpaceUid=<gen:1>, path=[Abstract.TicketSeller.passes].<elements>)
             - EntityAttributeFetchImpl(entity=Abstract.TicketSeller, querySpaceUid=<gen:2>, path=[Abstract.TicketSeller.passes].<elements>.seller)
                - CollectionAttributeFetchImpl(collection=Classes.Shop.people, querySpaceUid=<gen:3>, path=[Abstract.TicketSeller.passes].<elements>.seller.people)
                   - (collection element) CollectionFetchableElementEntityGraph(entity=Classes.Person, querySpaceUid=<gen:4>, path=[Abstract.TicketSeller.passes].<elements>.seller.people.<elements>)
             - EntityAttributeFetchImpl(entity=Classes.Person, querySpaceUid=<gen:5>, path=[Abstract.TicketSeller.passes].<elements>.person)
                - EntityAttributeFetchImpl(entity=Classes.Card, querySpaceUid=<gen:6>, path=[Abstract.TicketSeller.passes].<elements>.person.cardNum)
             - EntityAttributeFetchImpl(entity=Abstract.TicketSeller, querySpaceUid=<gen:7>, path=[Abstract.TicketSeller.passes].<elements>.sellers)
                - CollectionAttributeFetchImpl(collection=Classes.Shop.people, querySpaceUid=<gen:8>, path=[Abstract.TicketSeller.passes].<elements>.sellers.people)
                   - (collection element) CollectionFetchableElementEntityGraph(entity=Classes.Person, querySpaceUid=<gen:9>, path=[Abstract.TicketSeller.passes].<elements>.sellers.people.<elements>)
    - QuerySpaces
       - CollectionQuerySpaceImpl(uid=<gen:0>, collection=Abstract.TicketSeller.passes)
          - SQL table alias mapping - passes0_
          - alias suffix - 0_
          - suffixed key columns - {ticketse1_5_0_}
          - entity-element alias suffix - 1_
          - 1_entity-element suffixed key columns - id2_2_1_
          - JOIN (JoinDefinedByMetadata(elements)) : <gen:0> -> <gen:1>
             - EntityQuerySpaceImpl(uid=<gen:1>, entity=Classes.Pass)
                - SQL table alias mapping - pass1_
                - alias suffix - 1_
                - suffixed key columns - {id2_2_1_}
                - JOIN (JoinDefinedByMetadata(seller)) : <gen:1> -> <gen:2>
                   - EntityQuerySpaceImpl(uid=<gen:2>, entity=Abstract.TicketSeller)
                      - SQL table alias mapping - ticketsell2_
                      - alias suffix - 2_
                      - suffixed key columns - {id2_3_2_}
                - JOIN (JoinDefinedByMetadata(person)) : <gen:1> -> <gen:5>
                   - EntityQuerySpaceImpl(uid=<gen:5>, entity=Classes.Person)
                      - SQL table alias mapping - person3_
                      - alias suffix - 3_
                      - suffixed key columns - {id1_1_3_}
                      - JOIN (JoinDefinedByMetadata(cardNum)) : <gen:5> -> <gen:6>
                         - EntityQuerySpaceImpl(uid=<gen:6>, entity=Classes.Card)
                            - SQL table alias mapping - card4_
                            - alias suffix - 4_
                            - suffixed key columns - {id1_0_4_}
                - JOIN (JoinDefinedByMetadata(sellers)) : <gen:1> -> <gen:7>
                   - EntityQuerySpaceImpl(uid=<gen:7>, entity=Abstract.TicketSeller)
                      - SQL table alias mapping - ticketsell5_
                      - alias suffix - 5_
                      - suffixed key columns - {id2_3_5_}

12:30:16.206 [main] DEBUG o.h.l.c.plan.CollectionLoader - Static select for collection Abstract.TicketSeller.passes: select passes0_.TicketSeller_id as ticketse1_5_0_, passes0_.passes_id as passes_i3_5_0_, pass1_.id as id2_2_1_, pass1_.seller_id as seller_i4_2_1_, pass1_.person_id as person_i5_2_1_, pass1_.sellers_id as sellers_6_2_1_, pass1_.validity as validity3_2_1_, ticketsell2_.id as id2_3_2_, ticketsell2_.seller_name as seller_n3_3_2_, ticketsell2_.isWorking as isworkin4_3_2_, ticketsell2_.Elementi as elementi1_3_2_, person3_.id as id1_1_3_, person3_.birthdate as birthdat2_1_3_, person3_.cardNum_id as cardnum_5_1_3_, person3_.firstName as firstnam3_1_3_, person3_.lastName as lastname4_1_3_, card4_.id as id1_0_4_, card4_.emissionDate as emission2_0_4_, card4_.expirationDate as expirati3_0_4_, ticketsell5_.id as id2_3_5_, ticketsell5_.seller_name as seller_n3_3_5_, ticketsell5_.isWorking as isworkin4_3_5_, ticketsell5_.Elementi as elementi1_3_5_ from TicketSeller_Ticket passes0_ inner join Ticket pass1_ on passes0_.passes_id=pass1_.id left outer join TicketSeller ticketsell2_ on pass1_.seller_id=ticketsell2_.id left outer join Person person3_ on pass1_.person_id=person3_.id left outer join Card card4_ on person3_.cardNum_id=card4_.id left outer join TicketSeller ticketsell5_ on pass1_.sellers_id=ticketsell5_.id where passes0_.TicketSeller_id=?
12:30:16.206 [main] DEBUG o.h.l.p.b.i.spaces.QuerySpacesImpl - Adding QuerySpace : uid = <gen:0> -> org.hibernate.loader.plan.build.internal.spaces.CollectionQuerySpaceImpl@64942607]
12:30:16.206 [main] DEBUG o.h.l.p.b.i.spaces.QuerySpacesImpl - Adding QuerySpace : uid = <gen:1> -> org.hibernate.loader.plan.build.internal.spaces.EntityQuerySpaceImpl@d48e998]
12:30:16.206 [main] DEBUG o.h.p.w.spi.MetamodelGraphWalker - Visiting attribute path : birthdate
12:30:16.206 [main] DEBUG o.h.p.w.spi.MetamodelGraphWalker - Visiting attribute path : cardNum
12:30:16.206 [main] DEBUG o.h.l.p.b.i.spaces.QuerySpacesImpl - Adding QuerySpace : uid = <gen:2> -> org.hibernate.loader.plan.build.internal.spaces.EntityQuerySpaceImpl@50eb4a2c]
12:30:16.207 [main] DEBUG o.h.p.w.spi.MetamodelGraphWalker - Visiting attribute path : cardNum.emissionDate
12:30:16.207 [main] DEBUG o.h.p.w.spi.MetamodelGraphWalker - Visiting attribute path : cardNum.expirationDate
12:30:16.207 [main] DEBUG o.h.p.w.spi.MetamodelGraphWalker - Visiting attribute path : cardNum.person
12:30:16.207 [main] DEBUG o.h.p.w.spi.MetamodelGraphWalker - Property path deemed to be circular : cardNum.person
12:30:16.207 [main] DEBUG o.h.p.w.spi.MetamodelGraphWalker - Visiting attribute path : firstName
12:30:16.207 [main] DEBUG o.h.p.w.spi.MetamodelGraphWalker - Visiting attribute path : lastName
12:30:16.207 [main] DEBUG o.h.l.p.b.i.FetchStyleLoadPlanBuildingAssociationVisitationStrategy - Building LoadPlan...
12:30:16.207 [main] DEBUG o.h.l.p.e.i.LoadQueryJoinAndFetchProcessor - processing queryspace <gen:0>
12:30:16.207 [main] DEBUG o.h.l.p.b.spi.LoadPlanTreePrinter - LoadPlan(collection=Classes.Shop.people)
    - Returns
       - CollectionReturnImpl(collection=Classes.Shop.people, querySpaceUid=<gen:0>, path=[Classes.Shop.people])
          - (collection element) CollectionFetchableElementEntityGraph(entity=Classes.Person, querySpaceUid=<gen:1>, path=[Classes.Shop.people].<elements>)
             - EntityAttributeFetchImpl(entity=Classes.Card, querySpaceUid=<gen:2>, path=[Classes.Shop.people].<elements>.cardNum)
    - QuerySpaces
       - CollectionQuerySpaceImpl(uid=<gen:0>, collection=Classes.Shop.people)
          - SQL table alias mapping - people0_
          - alias suffix - 0_
          - suffixed key columns - {shop_id1_4_0_}
          - entity-element alias suffix - 1_
          - 1_entity-element suffixed key columns - id1_1_1_
          - JOIN (JoinDefinedByMetadata(elements)) : <gen:0> -> <gen:1>
             - EntityQuerySpaceImpl(uid=<gen:1>, entity=Classes.Person)
                - SQL table alias mapping - person1_
                - alias suffix - 1_
                - suffixed key columns - {id1_1_1_}
                - JOIN (JoinDefinedByMetadata(cardNum)) : <gen:1> -> <gen:2>
                   - EntityQuerySpaceImpl(uid=<gen:2>, entity=Classes.Card)
                      - SQL table alias mapping - card2_
                      - alias suffix - 2_
                      - suffixed key columns - {id1_0_2_}

12:30:16.207 [main] DEBUG o.h.l.c.plan.CollectionLoader - Static select for collection Classes.Shop.people: select people0_.Shop_id as shop_id1_4_0_, people0_.people_id as people_i2_4_0_, person1_.id as id1_1_1_, person1_.birthdate as birthdat2_1_1_, person1_.cardNum_id as cardnum_5_1_1_, person1_.firstName as firstnam3_1_1_, person1_.lastName as lastname4_1_1_, card2_.id as id1_0_2_, card2_.emissionDate as emission2_0_2_, card2_.expirationDate as expirati3_0_2_ from TicketSeller_Person people0_ inner join Person person1_ on people0_.people_id=person1_.id left outer join Card card2_ on person1_.cardNum_id=card2_.id where people0_.Shop_id=?
12:30:16.231 [main] INFO  o.hibernate.orm.connections.access - HHH10001501: Connection obtained from JdbcConnectionAccess [org.hibernate.engine.jdbc.env.internal.JdbcEnvironmentInitiator$ConnectionProviderJdbcConnectionAccess@20999517] for (non-JTA) DDL execution was not in auto-commit mode; the Connection 'local transaction' will be committed and the Connection will be set into auto-commit mode.
12:30:16.248 [main] DEBUG org.hibernate.mapping.Table - No alter strings for table : Card
12:30:16.248 [main] DEBUG org.hibernate.mapping.Table - No alter strings for table : Person
12:30:16.248 [main] DEBUG org.hibernate.mapping.Table - No alter strings for table : Ticket
12:30:16.248 [main] DEBUG org.hibernate.mapping.Table - No alter strings for table : TicketSeller
12:30:16.248 [main] DEBUG org.hibernate.mapping.Table - No alter strings for table : TicketSeller_Person
12:30:16.248 [main] DEBUG org.hibernate.mapping.Table - No alter strings for table : TicketSeller_Ticket
12:30:16.312 [main] DEBUG o.h.e.t.j.p.i.JtaPlatformInitiator - No JtaPlatform was specified, checking resolver
12:30:16.312 [main] DEBUG o.h.e.t.j.p.i.JtaPlatformResolverInitiator - No JtaPlatformResolver was specified, using default [org.hibernate.engine.transaction.jta.platform.internal.StandardJtaPlatformResolver]
12:30:16.314 [main] DEBUG o.h.e.t.j.p.i.StandardJtaPlatformResolver - Could not resolve JtaPlatform, using default [org.hibernate.engine.transaction.jta.platform.internal.NoJtaPlatform]
12:30:16.314 [main] INFO  o.h.e.t.j.p.i.JtaPlatformInitiator - HHH000490: Using JtaPlatform implementation: [org.hibernate.engine.transaction.jta.platform.internal.NoJtaPlatform]
12:30:16.319 [main] DEBUG o.h.s.i.SessionFactoryServiceRegistryImpl - EventListenerRegistry access via ServiceRegistry is deprecated.  Use `sessionFactory.getEventEngine().getListenerRegistry()` instead
12:30:16.320 [main] DEBUG o.h.h.i.QueryTranslatorFactoryInitiator - QueryTranslatorFactory: org.hibernate.hql.internal.ast.ASTQueryTranslatorFactory@6dee8ae6
12:30:16.322 [main] DEBUG o.h.query.spi.NamedQueryRepository - Checking 0 named HQL queries
12:30:16.322 [main] DEBUG o.h.query.spi.NamedQueryRepository - Checking 0 named SQL queries
12:30:16.324 [main] DEBUG o.h.internal.SessionFactoryRegistry - Initializing SessionFactoryRegistry : org.hibernate.internal.SessionFactoryRegistry@58ae402b
12:30:16.324 [main] DEBUG o.h.internal.SessionFactoryRegistry - Registering SessionFactory: 27f7f744-c65c-4ca6-bb16-1a75ae0166b5 (<unnamed>)
12:30:16.324 [main] DEBUG o.h.internal.SessionFactoryRegistry - Not binding SessionFactory to JNDI, no JNDI name configured
12:30:16.351 [main] DEBUG o.h.s.internal.StatisticsInitiator - Statistics initialized [enabled=false]
12:30:16.354 [main] DEBUG o.h.e.t.internal.TransactionImpl - On TransactionImpl creation, JpaCompliance#isJpaTransactionComplianceEnabled == false
12:30:16.354 [main] DEBUG o.h.e.t.internal.TransactionImpl - begin
12:30:16.359 [main] DEBUG org.hibernate.SQL - select card0_.id as id1_0_0_, card0_.emissionDate as emission2_0_0_, card0_.expirationDate as expirati3_0_0_, person1_.id as id1_1_1_, person1_.birthdate as birthdat2_1_1_, person1_.cardNum_id as cardnum_5_1_1_, person1_.firstName as firstnam3_1_1_, person1_.lastName as lastname4_1_1_ from Card card0_ left outer join Person person1_ on card0_.id=person1_.cardNum_id where card0_.id=?
12:30:16.362 [main] DEBUG o.h.l.p.e.p.i.EntityReferenceInitializerImpl - On call to EntityIdentifierReaderImpl#resolve, EntityKey was already known; should only happen on root returns with an optional identifier specified
12:30:16.366 [main] DEBUG o.h.engine.internal.TwoPhaseLoad - Resolving attributes for [Classes.Card#4]
12:30:16.368 [main] DEBUG o.h.engine.internal.TwoPhaseLoad - Processing attribute `emissionDate` : value = 2023-02-12
12:30:16.368 [main] DEBUG o.h.engine.internal.TwoPhaseLoad - Attribute (`emissionDate`)  - enhanced for lazy-loading? - false
12:30:16.368 [main] DEBUG o.h.engine.internal.TwoPhaseLoad - Processing attribute `expirationDate` : value = 2024-02-12
12:30:16.368 [main] DEBUG o.h.engine.internal.TwoPhaseLoad - Attribute (`expirationDate`)  - enhanced for lazy-loading? - false
12:30:16.368 [main] DEBUG o.h.engine.internal.TwoPhaseLoad - Processing attribute `person` : value = 4
12:30:16.368 [main] DEBUG o.h.engine.internal.TwoPhaseLoad - Attribute (`person`)  - enhanced for lazy-loading? - false
12:30:16.369 [main] DEBUG o.h.engine.internal.TwoPhaseLoad - Done materializing entity [Classes.Card#4]
12:30:16.369 [main] DEBUG o.h.l.e.p.AbstractLoadPlanBasedEntityLoader - Done entity load : Classes.Card#4
12:30:16.375 [main] DEBUG o.h.e.t.internal.TransactionImpl - committing
12:30:16.375 [main] DEBUG o.h.e.i.AbstractFlushingEventListener - Processing flush-time cascades
12:30:16.375 [main] DEBUG o.h.e.i.AbstractFlushingEventListener - Dirty checking collections
12:30:16.377 [main] DEBUG o.h.e.i.AbstractFlushingEventListener - Flushed: 0 insertions, 0 updates, 1 deletions to 1 objects
12:30:16.377 [main] DEBUG o.h.e.i.AbstractFlushingEventListener - Flushed: 0 (re)creations, 0 updates, 0 removals to 0 collections
12:30:16.378 [main] DEBUG o.h.internal.util.EntityPrinter - Listing entities:
12:30:16.378 [main] DEBUG o.h.internal.util.EntityPrinter - Classes.Card{emissionDate=2023-02-12, person=null, id=4, expirationDate=2024-02-12}
12:30:16.381 [main] DEBUG org.hibernate.SQL - delete from Card where id=?
12:30:16.384 [main] DEBUG o.h.r.j.i.LogicalConnectionManagedImpl - Initiating JDBC connection release from afterTransaction
12:30:16.384 [main] DEBUG o.h.r.j.i.LogicalConnectionManagedImpl - Initiating JDBC connection release from afterTransaction
12:30:45.564 [main] DEBUG org.jboss.logging - Logging Provider: org.jboss.logging.Slf4jLoggerProvider
12:30:45.623 [main] DEBUG o.h.jpa.HibernatePersistenceProvider - Located and parsed 2 persistence units; checking each
12:30:45.623 [main] DEBUG o.h.jpa.HibernatePersistenceProvider - Checking persistence-unit [name=HomeworkS3D3, explicit-provider=null] against incoming persistence unit name [BuildWeek_4]
12:30:45.623 [main] DEBUG o.h.jpa.HibernatePersistenceProvider - Excluding from consideration due to name mis-match
12:30:45.623 [main] DEBUG o.h.jpa.HibernatePersistenceProvider - Checking persistence-unit [name=BuildWeek_4, explicit-provider=null] against incoming persistence unit name [BuildWeek_4]
12:30:45.623 [main] DEBUG o.h.jpa.boot.spi.ProviderChecker - No PersistenceProvider explicitly requested, assuming Hibernate
12:30:45.626 [main] DEBUG o.h.jpa.internal.util.LogHelper - PersistenceUnitInfo [
	name: BuildWeek_4
	persistence provider classname: null
	classloader: null
	excludeUnlistedClasses: false
	JTA datasource: null
	Non JTA datasource: null
	Transaction type: RESOURCE_LOCAL
	PU root URL: file:/C:/Users/total/Desktop/All/Epicode/fs0223-Luca-Sernicola-BackEnd/BuildWeek_4/target/classes/
	Shared Cache Mode: null
	Validation Mode: null
	Jar files URLs []
	Managed classes names []
	Mapping files names []
	Properties [
		javax.persistence.jdbc.driver: org.postgresql.Driver
		javax.persistence.jdbc.password: root
		hibernate.dialect: org.hibernate.dialect.PostgreSQLDialect
		javax.persistence.jdbc.url: jdbc:postgresql://localhost:5432/BuildWeek
		hibernate.hbm2ddl.auto: update
		javax.persistence.jdbc.user: postgres]
12:30:45.629 [main] DEBUG o.h.i.internal.IntegratorServiceImpl - Adding Integrator [org.hibernate.cfg.beanvalidation.BeanValidationIntegrator].
12:30:45.630 [main] DEBUG o.h.i.internal.IntegratorServiceImpl - Adding Integrator [org.hibernate.secure.spi.JaccIntegrator].
12:30:45.633 [main] DEBUG o.h.i.internal.IntegratorServiceImpl - Adding Integrator [org.hibernate.cache.internal.CollectionCacheInvalidator].
12:30:45.657 [main] INFO  org.hibernate.Version - HHH000412: Hibernate ORM core version 5.6.15.Final
12:30:45.658 [main] DEBUG org.hibernate.cfg.Environment - HHH000206: hibernate.properties not found
12:30:45.756 [main] DEBUG o.h.service.spi.ServiceBinding - Overriding existing service binding [org.hibernate.secure.spi.JaccService]
12:30:45.764 [main] DEBUG o.h.c.i.RegionFactoryInitiator - Cannot default RegionFactory based on registered strategies as `[]` RegionFactory strategies were registered
12:30:45.764 [main] DEBUG o.h.c.i.RegionFactoryInitiator - Cache region factory : org.hibernate.cache.internal.NoCachingRegionFactory
12:30:45.775 [main] INFO  o.h.annotations.common.Version - HCANN000001: Hibernate Commons Annotations {5.1.2.Final}
12:30:45.829 [main] DEBUG o.hibernate.type.BasicTypeRegistry - Adding type registration boolean -> org.hibernate.type.BooleanType@726e5805
12:30:45.829 [main] DEBUG o.hibernate.type.BasicTypeRegistry - Adding type registration boolean -> org.hibernate.type.BooleanType@726e5805
12:30:45.829 [main] DEBUG o.hibernate.type.BasicTypeRegistry - Adding type registration java.lang.Boolean -> org.hibernate.type.BooleanType@726e5805
12:30:45.830 [main] DEBUG o.hibernate.type.BasicTypeRegistry - Adding type registration numeric_boolean -> org.hibernate.type.NumericBooleanType@e077866
12:30:45.830 [main] DEBUG o.hibernate.type.BasicTypeRegistry - Adding type registration true_false -> org.hibernate.type.TrueFalseType@a8e6492
12:30:45.830 [main] DEBUG o.hibernate.type.BasicTypeRegistry - Adding type registration yes_no -> org.hibernate.type.YesNoType@2e11485
12:30:45.831 [main] DEBUG o.hibernate.type.BasicTypeRegistry - Adding type registration byte -> org.hibernate.type.ByteType@75c9e76b
12:30:45.831 [main] DEBUG o.hibernate.type.BasicTypeRegistry - Adding type registration byte -> org.hibernate.type.ByteType@75c9e76b
12:30:45.831 [main] DEBUG o.hibernate.type.BasicTypeRegistry - Adding type registration java.lang.Byte -> org.hibernate.type.ByteType@75c9e76b
12:30:45.831 [main] DEBUG o.hibernate.type.BasicTypeRegistry - Adding type registration character -> org.hibernate.type.CharacterType@12bcd0c0
12:30:45.831 [main] DEBUG o.hibernate.type.BasicTypeRegistry - Adding type registration char -> org.hibernate.type.CharacterType@12bcd0c0
12:30:45.831 [main] DEBUG o.hibernate.type.BasicTypeRegistry - Adding type registration java.lang.Character -> org.hibernate.type.CharacterType@12bcd0c0
12:30:45.832 [main] DEBUG o.hibernate.type.BasicTypeRegistry - Adding type registration short -> org.hibernate.type.ShortType@58ebfd03
12:30:45.832 [main] DEBUG o.hibernate.type.BasicTypeRegistry - Adding type registration short -> org.hibernate.type.ShortType@58ebfd03
12:30:45.832 [main] DEBUG o.hibernate.type.BasicTypeRegistry - Adding type registration java.lang.Short -> org.hibernate.type.ShortType@58ebfd03
12:30:45.833 [main] DEBUG o.hibernate.type.BasicTypeRegistry - Adding type registration integer -> org.hibernate.type.IntegerType@5c87bfe2
12:30:45.833 [main] DEBUG o.hibernate.type.BasicTypeRegistry - Adding type registration int -> org.hibernate.type.IntegerType@5c87bfe2
12:30:45.833 [main] DEBUG o.hibernate.type.BasicTypeRegistry - Adding type registration java.lang.Integer -> org.hibernate.type.IntegerType@5c87bfe2
12:30:45.833 [main] DEBUG o.hibernate.type.BasicTypeRegistry - Adding type registration long -> org.hibernate.type.LongType@7a791b66
12:30:45.833 [main] DEBUG o.hibernate.type.BasicTypeRegistry - Adding type registration long -> org.hibernate.type.LongType@7a791b66
12:30:45.833 [main] DEBUG o.hibernate.type.BasicTypeRegistry - Adding type registration java.lang.Long -> org.hibernate.type.LongType@7a791b66
12:30:45.834 [main] DEBUG o.hibernate.type.BasicTypeRegistry - Adding type registration float -> org.hibernate.type.FloatType@4fc5e095
12:30:45.834 [main] DEBUG o.hibernate.type.BasicTypeRegistry - Adding type registration float -> org.hibernate.type.FloatType@4fc5e095
12:30:45.834 [main] DEBUG o.hibernate.type.BasicTypeRegistry - Adding type registration java.lang.Float -> org.hibernate.type.FloatType@4fc5e095
12:30:45.834 [main] DEBUG o.hibernate.type.BasicTypeRegistry - Adding type registration double -> org.hibernate.type.DoubleType@62ea3440
12:30:45.835 [main] DEBUG o.hibernate.type.BasicTypeRegistry - Adding type registration double -> org.hibernate.type.DoubleType@62ea3440
12:30:45.835 [main] DEBUG o.hibernate.type.BasicTypeRegistry - Adding type registration java.lang.Double -> org.hibernate.type.DoubleType@62ea3440
12:30:45.836 [main] DEBUG o.hibernate.type.BasicTypeRegistry - Adding type registration big_decimal -> org.hibernate.type.BigDecimalType@749c877b
12:30:45.836 [main] DEBUG o.hibernate.type.BasicTypeRegistry - Adding type registration java.math.BigDecimal -> org.hibernate.type.BigDecimalType@749c877b
12:30:45.836 [main] DEBUG o.hibernate.type.BasicTypeRegistry - Adding type registration big_integer -> org.hibernate.type.BigIntegerType@160ac7fb
12:30:45.836 [main] DEBUG o.hibernate.type.BasicTypeRegistry - Adding type registration java.math.BigInteger -> org.hibernate.type.BigIntegerType@160ac7fb
12:30:45.836 [main] DEBUG o.hibernate.type.BasicTypeRegistry - Adding type registration string -> org.hibernate.type.StringType@618c5d94
12:30:45.836 [main] DEBUG o.hibernate.type.BasicTypeRegistry - Adding type registration java.lang.String -> org.hibernate.type.StringType@618c5d94
12:30:45.836 [main] DEBUG o.hibernate.type.BasicTypeRegistry - Adding type registration nstring -> org.hibernate.type.StringNVarcharType@1e63ec0b
12:30:45.837 [main] DEBUG o.hibernate.type.BasicTypeRegistry - Adding type registration ncharacter -> org.hibernate.type.CharacterNCharType@295eaa7c
12:30:45.838 [main] DEBUG o.hibernate.type.BasicTypeRegistry - Adding type registration url -> org.hibernate.type.UrlType@1dd0e7c4
12:30:45.838 [main] DEBUG o.hibernate.type.BasicTypeRegistry - Adding type registration java.net.URL -> org.hibernate.type.UrlType@1dd0e7c4
12:30:45.838 [main] DEBUG o.hibernate.type.BasicTypeRegistry - Adding type registration Duration -> org.hibernate.type.DurationType@37bd68c3
12:30:45.838 [main] DEBUG o.hibernate.type.BasicTypeRegistry - Adding type registration java.time.Duration -> org.hibernate.type.DurationType@37bd68c3
12:30:45.839 [main] DEBUG o.hibernate.type.BasicTypeRegistry - Adding type registration Instant -> org.hibernate.type.InstantType@4bff1903
12:30:45.839 [main] DEBUG o.hibernate.type.BasicTypeRegistry - Adding type registration java.time.Instant -> org.hibernate.type.InstantType@4bff1903
12:30:45.839 [main] DEBUG o.hibernate.type.BasicTypeRegistry - Adding type registration LocalDateTime -> org.hibernate.type.LocalDateTimeType@f79a760
12:30:45.839 [main] DEBUG o.hibernate.type.BasicTypeRegistry - Adding type registration java.time.LocalDateTime -> org.hibernate.type.LocalDateTimeType@f79a760
12:30:45.840 [main] DEBUG o.hibernate.type.BasicTypeRegistry - Adding type registration LocalDate -> org.hibernate.type.LocalDateType@652a7737
12:30:45.840 [main] DEBUG o.hibernate.type.BasicTypeRegistry - Adding type registration java.time.LocalDate -> org.hibernate.type.LocalDateType@652a7737
12:30:45.840 [main] DEBUG o.hibernate.type.BasicTypeRegistry - Adding type registration LocalTime -> org.hibernate.type.LocalTimeType@4e28bdd1
12:30:45.840 [main] DEBUG o.hibernate.type.BasicTypeRegistry - Adding type registration java.time.LocalTime -> org.hibernate.type.LocalTimeType@4e28bdd1
12:30:45.841 [main] DEBUG o.hibernate.type.BasicTypeRegistry - Adding type registration OffsetDateTime -> org.hibernate.type.OffsetDateTimeType@a8c1f44
12:30:45.841 [main] DEBUG o.hibernate.type.BasicTypeRegistry - Adding type registration java.time.OffsetDateTime -> org.hibernate.type.OffsetDateTimeType@a8c1f44
12:30:45.842 [main] DEBUG o.hibernate.type.BasicTypeRegistry - Adding type registration OffsetTime -> org.hibernate.type.OffsetTimeType@78a287ed
12:30:45.842 [main] DEBUG o.hibernate.type.BasicTypeRegistry - Adding type registration java.time.OffsetTime -> org.hibernate.type.OffsetTimeType@78a287ed
12:30:45.842 [main] DEBUG o.hibernate.type.BasicTypeRegistry - Adding type registration ZonedDateTime -> org.hibernate.type.ZonedDateTimeType@2b43529a
12:30:45.843 [main] DEBUG o.hibernate.type.BasicTypeRegistry - Adding type registration java.time.ZonedDateTime -> org.hibernate.type.ZonedDateTimeType@2b43529a
12:30:45.844 [main] DEBUG o.hibernate.type.BasicTypeRegistry - Adding type registration date -> org.hibernate.type.DateType@3829ac1
12:30:45.844 [main] DEBUG o.hibernate.type.BasicTypeRegistry - Adding type registration java.sql.Date -> org.hibernate.type.DateType@3829ac1
12:30:45.844 [main] DEBUG o.hibernate.type.BasicTypeRegistry - Adding type registration time -> org.hibernate.type.TimeType@2dbe250d
12:30:45.844 [main] DEBUG o.hibernate.type.BasicTypeRegistry - Adding type registration java.sql.Time -> org.hibernate.type.TimeType@2dbe250d
12:30:45.845 [main] DEBUG o.hibernate.type.BasicTypeRegistry - Adding type registration timestamp -> org.hibernate.type.TimestampType@47404bea
12:30:45.845 [main] DEBUG o.hibernate.type.BasicTypeRegistry - Adding type registration java.sql.Timestamp -> org.hibernate.type.TimestampType@47404bea
12:30:45.845 [main] DEBUG o.hibernate.type.BasicTypeRegistry - Adding type registration java.util.Date -> org.hibernate.type.TimestampType@47404bea
12:30:45.846 [main] DEBUG o.hibernate.type.BasicTypeRegistry - Adding type registration dbtimestamp -> org.hibernate.type.DbTimestampType@29e6eb25
12:30:45.847 [main] DEBUG o.hibernate.type.BasicTypeRegistry - Adding type registration calendar -> org.hibernate.type.CalendarType@275fe372
12:30:45.847 [main] DEBUG o.hibernate.type.BasicTypeRegistry - Adding type registration java.util.Calendar -> org.hibernate.type.CalendarType@275fe372
12:30:45.847 [main] DEBUG o.hibernate.type.BasicTypeRegistry - Adding type registration java.util.GregorianCalendar -> org.hibernate.type.CalendarType@275fe372
12:30:45.849 [main] DEBUG o.hibernate.type.BasicTypeRegistry - Adding type registration calendar_date -> org.hibernate.type.CalendarDateType@366ef90e
12:30:45.849 [main] DEBUG o.hibernate.type.BasicTypeRegistry - Adding type registration calendar_time -> org.hibernate.type.CalendarTimeType@21aa6d6c
12:30:45.849 [main] DEBUG o.hibernate.type.BasicTypeRegistry - Adding type registration locale -> org.hibernate.type.LocaleType@3f446bef
12:30:45.850 [main] DEBUG o.hibernate.type.BasicTypeRegistry - Adding type registration java.util.Locale -> org.hibernate.type.LocaleType@3f446bef
12:30:45.850 [main] DEBUG o.hibernate.type.BasicTypeRegistry - Adding type registration currency -> org.hibernate.type.CurrencyType@1c80e49b
12:30:45.850 [main] DEBUG o.hibernate.type.BasicTypeRegistry - Adding type registration java.util.Currency -> org.hibernate.type.CurrencyType@1c80e49b
12:30:45.851 [main] DEBUG o.hibernate.type.BasicTypeRegistry - Adding type registration timezone -> org.hibernate.type.TimeZoneType@56f6d40b
12:30:45.851 [main] DEBUG o.hibernate.type.BasicTypeRegistry - Adding type registration java.util.TimeZone -> org.hibernate.type.TimeZoneType@56f6d40b
12:30:45.852 [main] DEBUG o.hibernate.type.BasicTypeRegistry - Adding type registration class -> org.hibernate.type.ClassType@7e3060d8
12:30:45.852 [main] DEBUG o.hibernate.type.BasicTypeRegistry - Adding type registration java.lang.Class -> org.hibernate.type.ClassType@7e3060d8
12:30:45.852 [main] DEBUG o.hibernate.type.BasicTypeRegistry - Adding type registration uuid-binary -> org.hibernate.type.UUIDBinaryType@2e54db99
12:30:45.852 [main] DEBUG o.hibernate.type.BasicTypeRegistry - Adding type registration java.util.UUID -> org.hibernate.type.UUIDBinaryType@2e54db99
12:30:45.852 [main] DEBUG o.hibernate.type.BasicTypeRegistry - Adding type registration uuid-char -> org.hibernate.type.UUIDCharType@65a4798f
12:30:45.853 [main] DEBUG o.hibernate.type.BasicTypeRegistry - Adding type registration binary -> org.hibernate.type.BinaryType@773cbf4f
12:30:45.853 [main] DEBUG o.hibernate.type.BasicTypeRegistry - Adding type registration byte[] -> org.hibernate.type.BinaryType@773cbf4f
12:30:45.853 [main] DEBUG o.hibernate.type.BasicTypeRegistry - Adding type registration [B -> org.hibernate.type.BinaryType@773cbf4f
12:30:45.853 [main] DEBUG o.hibernate.type.BasicTypeRegistry - Adding type registration wrapper-binary -> org.hibernate.type.WrapperBinaryType@69637b10
12:30:45.853 [main] DEBUG o.hibernate.type.BasicTypeRegistry - Adding type registration Byte[] -> org.hibernate.type.WrapperBinaryType@69637b10
12:30:45.853 [main] DEBUG o.hibernate.type.BasicTypeRegistry - Adding type registration [Ljava.lang.Byte; -> org.hibernate.type.WrapperBinaryType@69637b10
12:30:45.854 [main] DEBUG o.hibernate.type.BasicTypeRegistry - Adding type registration row_version -> org.hibernate.type.RowVersionType@470a696f
12:30:45.854 [main] DEBUG o.hibernate.type.BasicTypeRegistry - Adding type registration image -> org.hibernate.type.ImageType@3f1c5af9
12:30:45.855 [main] DEBUG o.hibernate.type.BasicTypeRegistry - Adding type registration characters -> org.hibernate.type.CharArrayType@1de5f0ef
12:30:45.855 [main] DEBUG o.hibernate.type.BasicTypeRegistry - Adding type registration char[] -> org.hibernate.type.CharArrayType@1de5f0ef
12:30:45.855 [main] DEBUG o.hibernate.type.BasicTypeRegistry - Adding type registration [C -> org.hibernate.type.CharArrayType@1de5f0ef
12:30:45.855 [main] DEBUG o.hibernate.type.BasicTypeRegistry - Adding type registration wrapper-characters -> org.hibernate.type.CharacterArrayType@3ce3db41
12:30:45.855 [main] DEBUG o.hibernate.type.BasicTypeRegistry - Adding type registration [Ljava.lang.Character; -> org.hibernate.type.CharacterArrayType@3ce3db41
12:30:45.855 [main] DEBUG o.hibernate.type.BasicTypeRegistry - Adding type registration Character[] -> org.hibernate.type.CharacterArrayType@3ce3db41
12:30:45.856 [main] DEBUG o.hibernate.type.BasicTypeRegistry - Adding type registration text -> org.hibernate.type.TextType@2c3dec30
12:30:45.856 [main] DEBUG o.hibernate.type.BasicTypeRegistry - Adding type registration ntext -> org.hibernate.type.NTextType@3fc9dfc5
12:30:45.856 [main] DEBUG o.hibernate.type.BasicTypeRegistry - Adding type registration blob -> org.hibernate.type.BlobType@4ba534b0
12:30:45.857 [main] DEBUG o.hibernate.type.BasicTypeRegistry - Adding type registration java.sql.Blob -> org.hibernate.type.BlobType@4ba534b0
12:30:45.857 [main] DEBUG o.hibernate.type.BasicTypeRegistry - Adding type registration materialized_blob -> org.hibernate.type.MaterializedBlobType@4e517165
12:30:45.858 [main] DEBUG o.hibernate.type.BasicTypeRegistry - Adding type registration clob -> org.hibernate.type.ClobType@34625ccd
12:30:45.858 [main] DEBUG o.hibernate.type.BasicTypeRegistry - Adding type registration java.sql.Clob -> org.hibernate.type.ClobType@34625ccd
12:30:45.858 [main] DEBUG o.hibernate.type.BasicTypeRegistry - Adding type registration nclob -> org.hibernate.type.NClobType@346939bf
12:30:45.858 [main] DEBUG o.hibernate.type.BasicTypeRegistry - Adding type registration java.sql.NClob -> org.hibernate.type.NClobType@346939bf
12:30:45.858 [main] DEBUG o.hibernate.type.BasicTypeRegistry - Adding type registration materialized_clob -> org.hibernate.type.MaterializedClobType@9bd0fa6
12:30:45.859 [main] DEBUG o.hibernate.type.BasicTypeRegistry - Adding type registration materialized_nclob -> org.hibernate.type.MaterializedNClobType@f6c03cb
12:30:45.859 [main] DEBUG o.hibernate.type.BasicTypeRegistry - Adding type registration serializable -> org.hibernate.type.SerializableType@1c9f0a20
12:30:45.861 [main] DEBUG o.hibernate.type.BasicTypeRegistry - Adding type registration object -> org.hibernate.type.ObjectType@4ae33a11
12:30:45.861 [main] DEBUG o.hibernate.type.BasicTypeRegistry - Adding type registration java.lang.Object -> org.hibernate.type.ObjectType@4ae33a11
12:30:45.861 [main] DEBUG o.hibernate.type.BasicTypeRegistry - Adding type registration imm_date -> org.hibernate.type.AdaptedImmutableType@5049d8b2
12:30:45.861 [main] DEBUG o.hibernate.type.BasicTypeRegistry - Adding type registration imm_time -> org.hibernate.type.AdaptedImmutableType@6d0b5baf
12:30:45.861 [main] DEBUG o.hibernate.type.BasicTypeRegistry - Adding type registration imm_timestamp -> org.hibernate.type.AdaptedImmutableType@631e06ab
12:30:45.861 [main] DEBUG o.hibernate.type.BasicTypeRegistry - Adding type registration imm_dbtimestamp -> org.hibernate.type.AdaptedImmutableType@2a3591c5
12:30:45.861 [main] DEBUG o.hibernate.type.BasicTypeRegistry - Adding type registration imm_calendar -> org.hibernate.type.AdaptedImmutableType@34a75079
12:30:45.862 [main] DEBUG o.hibernate.type.BasicTypeRegistry - Adding type registration imm_calendar_date -> org.hibernate.type.AdaptedImmutableType@346a361
12:30:45.862 [main] DEBUG o.hibernate.type.BasicTypeRegistry - Adding type registration imm_binary -> org.hibernate.type.AdaptedImmutableType@107ed6fc
12:30:45.862 [main] DEBUG o.hibernate.type.BasicTypeRegistry - Adding type registration imm_serializable -> org.hibernate.type.AdaptedImmutableType@1643d68f
12:30:45.869 [main] DEBUG o.h.b.internal.BootstrapContextImpl - Injecting ScanEnvironment [org.hibernate.jpa.boot.internal.StandardJpaScanEnvironmentImpl@c7a975a] into BootstrapContext; was [null]
12:30:45.869 [main] DEBUG o.h.b.internal.BootstrapContextImpl - Injecting ScanOptions [org.hibernate.boot.archive.scan.internal.StandardScanOptions@2c1b9e4b] into BootstrapContext; was [org.hibernate.boot.archive.scan.internal.StandardScanOptions@757d6814]
12:30:45.902 [main] DEBUG o.h.b.internal.BootstrapContextImpl - Injecting JPA temp ClassLoader [null] into BootstrapContext; was [null]
12:30:45.902 [main] DEBUG o.h.b.internal.ClassLoaderAccessImpl - ClassLoaderAccessImpl#injectTempClassLoader(null) [was null]
12:30:45.908 [main] DEBUG o.h.i.f.i.DefaultIdentifierGeneratorFactory - Registering IdentifierGenerator strategy [uuid2] -> [org.hibernate.id.UUIDGenerator]
12:30:45.908 [main] DEBUG o.h.i.f.i.DefaultIdentifierGeneratorFactory - Registering IdentifierGenerator strategy [guid] -> [org.hibernate.id.GUIDGenerator]
12:30:45.908 [main] DEBUG o.h.i.f.i.DefaultIdentifierGeneratorFactory - Registering IdentifierGenerator strategy [uuid] -> [org.hibernate.id.UUIDHexGenerator]
12:30:45.908 [main] DEBUG o.h.i.f.i.DefaultIdentifierGeneratorFactory - Registering IdentifierGenerator strategy [uuid.hex] -> [org.hibernate.id.UUIDHexGenerator]
12:30:45.909 [main] DEBUG o.h.i.f.i.DefaultIdentifierGeneratorFactory - Registering IdentifierGenerator strategy [assigned] -> [org.hibernate.id.Assigned]
12:30:45.909 [main] DEBUG o.h.i.f.i.DefaultIdentifierGeneratorFactory - Registering IdentifierGenerator strategy [identity] -> [org.hibernate.id.IdentityGenerator]
12:30:45.910 [main] DEBUG o.h.i.f.i.DefaultIdentifierGeneratorFactory - Registering IdentifierGenerator strategy [select] -> [org.hibernate.id.SelectGenerator]
12:30:45.910 [main] DEBUG o.h.i.f.i.DefaultIdentifierGeneratorFactory - Registering IdentifierGenerator strategy [sequence] -> [org.hibernate.id.enhanced.SequenceStyleGenerator]
12:30:45.911 [main] DEBUG o.h.i.f.i.DefaultIdentifierGeneratorFactory - Registering IdentifierGenerator strategy [seqhilo] -> [org.hibernate.id.SequenceHiLoGenerator]
12:30:45.911 [main] DEBUG o.h.i.f.i.DefaultIdentifierGeneratorFactory - Registering IdentifierGenerator strategy [increment] -> [org.hibernate.id.IncrementGenerator]
12:30:45.911 [main] DEBUG o.h.i.f.i.DefaultIdentifierGeneratorFactory - Registering IdentifierGenerator strategy [foreign] -> [org.hibernate.id.ForeignGenerator]
12:30:45.911 [main] DEBUG o.h.i.f.i.DefaultIdentifierGeneratorFactory - Registering IdentifierGenerator strategy [sequence-identity] -> [org.hibernate.id.SequenceIdentityGenerator]
12:30:45.911 [main] DEBUG o.h.i.f.i.DefaultIdentifierGeneratorFactory - Registering IdentifierGenerator strategy [enhanced-sequence] -> [org.hibernate.id.enhanced.SequenceStyleGenerator]
12:30:45.912 [main] DEBUG o.h.i.f.i.DefaultIdentifierGeneratorFactory - Registering IdentifierGenerator strategy [enhanced-table] -> [org.hibernate.id.enhanced.TableGenerator]
12:30:45.914 [main] WARN  o.hibernate.orm.connections.pooling - HHH10001002: Using Hibernate built-in connection pool (not for production use!)
12:30:45.917 [main] INFO  o.hibernate.orm.connections.pooling - HHH10001005: using driver [org.postgresql.Driver] at URL [jdbc:postgresql://localhost:5432/BuildWeek]
12:30:45.917 [main] INFO  o.hibernate.orm.connections.pooling - HHH10001001: Connection properties: {password=root, user=postgres}
12:30:45.917 [main] INFO  o.hibernate.orm.connections.pooling - HHH10001003: Autocommit mode: false
12:30:45.919 [main] DEBUG o.h.e.j.c.i.DriverManagerConnectionProviderImpl - Initializing Connection pool with 1 Connections
12:30:45.920 [main] INFO  o.h.e.j.c.i.DriverManagerConnectionProviderImpl - HHH000115: Hibernate connection pool size: 20 (min=1)
12:30:46.075 [main] DEBUG o.h.e.j.e.i.JdbcEnvironmentInitiator - Database ->
       name : PostgreSQL
    version : 15.3
      major : 15
      minor : 3
12:30:46.075 [main] DEBUG o.h.e.j.e.i.JdbcEnvironmentInitiator - Driver ->
       name : PostgreSQL JDBC Driver
    version : 42.6.0
      major : 42
      minor : 6
12:30:46.076 [main] DEBUG o.h.e.j.e.i.JdbcEnvironmentInitiator - JDBC version : 4.2
12:30:46.082 [main] INFO  org.hibernate.dialect.Dialect - HHH000400: Using dialect: org.hibernate.dialect.PostgreSQLDialect
12:30:46.090 [main] DEBUG o.h.e.j.e.s.IdentifierHelperBuilder - JDBC driver metadata reported database stores quoted identifiers in neither upper, lower nor mixed case
12:30:46.108 [main] DEBUG o.hibernate.type.BasicTypeRegistry - Adding type registration pg-uuid -> org.hibernate.type.PostgresUUIDType@f9b5552
12:30:46.108 [main] DEBUG o.hibernate.type.BasicTypeRegistry - Adding type registration java.util.UUID -> org.hibernate.type.PostgresUUIDType@f9b5552
12:30:46.108 [main] DEBUG o.hibernate.type.BasicTypeRegistry - HHH000270: Type registration [java.util.UUID] overrides previous : org.hibernate.type.UUIDBinaryType@2e54db99
12:30:46.110 [main] DEBUG o.h.type.spi.TypeConfiguration$Scope - Scoping TypeConfiguration [org.hibernate.type.spi.TypeConfiguration@27b22f74] to MetadataBuildingContext [org.hibernate.boot.internal.MetadataBuildingContextRootImpl@22fba58c]
12:30:46.133 [main] DEBUG o.h.boot.model.relational.Namespace - Created database namespace [logicalName=Name{catalog=null, schema=null}, physicalName=Name{catalog=null, schema=null}]
12:30:46.140 [main] DEBUG org.hibernate.cfg.AnnotationBinder - Binding entity from annotated class: Abstract.TicketSeller
12:30:46.150 [main] DEBUG org.hibernate.cfg.Ejb3Column - Binding column: Ejb3DiscriminatorColumn{logicalColumnName'Elementi', discriminatorTypeName='string'}
12:30:46.153 [main] DEBUG o.h.cfg.annotations.EntityBinder - Import with entity name TicketSeller
12:30:46.156 [main] DEBUG o.h.cfg.annotations.EntityBinder - Bind entity Abstract.TicketSeller on table TicketSeller
12:30:46.173 [main] DEBUG org.hibernate.cfg.Ejb3Column - Binding column: Ejb3Column{table=org.hibernate.mapping.Table(TicketSeller), mappingColumn=id, insertable=true, updatable=true, unique=false}
12:30:46.175 [main] DEBUG o.h.b.internal.ClassLoaderAccessImpl - Not known whether passed class name [Abstract.TicketSeller] is safe
12:30:46.175 [main] DEBUG o.h.b.internal.ClassLoaderAccessImpl - No temp ClassLoader provided; using live ClassLoader for loading potentially unsafe class : Abstract.TicketSeller
12:30:46.176 [main] DEBUG o.h.cfg.annotations.PropertyBinder - MetadataSourceProcessor property id with lazy=false
12:30:46.177 [main] DEBUG o.h.cfg.AbstractPropertyHolder - Attempting to locate auto-apply AttributeConverter for property [Abstract.TicketSeller:id]
12:30:46.179 [main] DEBUG o.h.c.annotations.SimpleValueBinder - building SimpleValue for id
12:30:46.179 [main] DEBUG o.h.cfg.annotations.PropertyBinder - Building property id
12:30:46.182 [main] DEBUG org.hibernate.cfg.BinderHelper - #makeIdGenerator(org.hibernate.mapping.SimpleValue([org.hibernate.mapping.Column(id)]), id, org.hibernate.id.enhanced.SequenceStyleGenerator, elCat_seq, ...)
12:30:46.183 [main] DEBUG org.hibernate.cfg.Ejb3Column - Binding column: Ejb3Column{table=org.hibernate.mapping.Table(TicketSeller), mappingColumn=seller_name, insertable=true, updatable=true, unique=false}
12:30:46.183 [main] DEBUG o.h.cfg.annotations.PropertyBinder - MetadataSourceProcessor property name with lazy=false
12:30:46.184 [main] DEBUG o.h.cfg.AbstractPropertyHolder - Attempting to locate auto-apply AttributeConverter for property [Abstract.TicketSeller:name]
12:30:46.184 [main] DEBUG o.h.c.annotations.SimpleValueBinder - building SimpleValue for name
12:30:46.184 [main] DEBUG o.h.cfg.annotations.PropertyBinder - Building property name
12:30:46.184 [main] DEBUG org.hibernate.cfg.Ejb3Column - Binding column: Ejb3JoinColumn{logicalColumnName='null', referencedColumn='null', mappedBy=''}
12:30:46.184 [main] DEBUG org.hibernate.cfg.Ejb3Column - Binding column: Ejb3Column{table=org.hibernate.mapping.Table(TicketSeller), mappingColumn=passes, insertable=true, updatable=true, unique=false}
12:30:46.185 [main] DEBUG org.hibernate.cfg.Ejb3Column - Binding column: Ejb3Column{table=org.hibernate.mapping.Table(TicketSeller), mappingColumn=null, insertable=true, updatable=true, unique=false}
12:30:46.190 [main] DEBUG org.hibernate.cfg.Ejb3Column - Binding column: Ejb3Column{table=org.hibernate.mapping.Table(TicketSeller), mappingColumn=element, insertable=true, updatable=true, unique=false}
12:30:46.190 [main] DEBUG org.hibernate.cfg.Ejb3Column - Binding column: Ejb3Column{table=org.hibernate.mapping.Table(TicketSeller), mappingColumn=passes_KEY, insertable=true, updatable=true, unique=false}
12:30:46.190 [main] DEBUG org.hibernate.cfg.Ejb3Column - Binding column: Ejb3JoinColumn{logicalColumnName='passes_KEY', referencedColumn='null', mappedBy='null'}
12:30:46.191 [main] DEBUG org.hibernate.cfg.Ejb3Column - Binding column: Ejb3JoinColumn{logicalColumnName='null', referencedColumn='null', mappedBy=''}
12:30:46.191 [main] DEBUG org.hibernate.cfg.Ejb3Column - Binding column: Ejb3JoinColumn{logicalColumnName='null', referencedColumn='null', mappedBy=''}
12:30:46.191 [main] DEBUG o.h.cfg.annotations.CollectionBinder - Collection role: Abstract.TicketSeller.passes
12:30:46.193 [main] DEBUG o.h.cfg.annotations.PropertyBinder - Building property passes
12:30:46.193 [main] DEBUG org.hibernate.cfg.Ejb3Column - Binding column: Ejb3JoinColumn{logicalColumnName='null', referencedColumn='null', mappedBy=''}
12:30:46.193 [main] DEBUG org.hibernate.cfg.Ejb3Column - Binding column: Ejb3Column{table=org.hibernate.mapping.Table(TicketSeller), mappingColumn=tickets, insertable=true, updatable=true, unique=false}
12:30:46.193 [main] DEBUG org.hibernate.cfg.Ejb3Column - Binding column: Ejb3Column{table=org.hibernate.mapping.Table(TicketSeller), mappingColumn=null, insertable=true, updatable=true, unique=false}
12:30:46.193 [main] DEBUG org.hibernate.cfg.Ejb3Column - Binding column: Ejb3Column{table=org.hibernate.mapping.Table(TicketSeller), mappingColumn=element, insertable=true, updatable=true, unique=false}
12:30:46.193 [main] DEBUG org.hibernate.cfg.Ejb3Column - Binding column: Ejb3Column{table=org.hibernate.mapping.Table(TicketSeller), mappingColumn=tickets_KEY, insertable=true, updatable=true, unique=false}
12:30:46.193 [main] DEBUG org.hibernate.cfg.Ejb3Column - Binding column: Ejb3JoinColumn{logicalColumnName='tickets_KEY', referencedColumn='null', mappedBy='null'}
12:30:46.193 [main] DEBUG org.hibernate.cfg.Ejb3Column - Binding column: Ejb3JoinColumn{logicalColumnName='null', referencedColumn='null', mappedBy=''}
12:30:46.194 [main] DEBUG org.hibernate.cfg.Ejb3Column - Binding column: Ejb3JoinColumn{logicalColumnName='null', referencedColumn='null', mappedBy=''}
12:30:46.194 [main] DEBUG o.h.cfg.annotations.CollectionBinder - Collection role: Abstract.TicketSeller.tickets
12:30:46.194 [main] DEBUG o.h.cfg.annotations.PropertyBinder - Building property tickets
12:30:46.197 [main] DEBUG org.hibernate.cfg.AnnotationBinder - Binding entity from annotated class: Classes.Card
12:30:46.197 [main] DEBUG org.hibernate.cfg.Ejb3Column - Binding column: Ejb3DiscriminatorColumn{logicalColumnName'DTYPE', discriminatorTypeName='string'}
12:30:46.197 [main] DEBUG o.h.cfg.annotations.EntityBinder - Import with entity name Card
12:30:46.197 [main] DEBUG o.h.cfg.annotations.EntityBinder - Bind entity Classes.Card on table Card
12:30:46.199 [main] DEBUG org.hibernate.cfg.Ejb3Column - Binding column: Ejb3Column{table=org.hibernate.mapping.Table(Card), mappingColumn=id, insertable=true, updatable=true, unique=false}
12:30:46.199 [main] DEBUG o.h.b.internal.ClassLoaderAccessImpl - Not known whether passed class name [Classes.Card] is safe
12:30:46.199 [main] DEBUG o.h.b.internal.ClassLoaderAccessImpl - No temp ClassLoader provided; using live ClassLoader for loading potentially unsafe class : Classes.Card
12:30:46.199 [main] DEBUG o.h.cfg.annotations.PropertyBinder - MetadataSourceProcessor property id with lazy=false
12:30:46.199 [main] DEBUG o.h.cfg.AbstractPropertyHolder - Attempting to locate auto-apply AttributeConverter for property [Classes.Card:id]
12:30:46.199 [main] DEBUG o.h.c.annotations.SimpleValueBinder - building SimpleValue for id
12:30:46.199 [main] DEBUG o.h.cfg.annotations.PropertyBinder - Building property id
12:30:46.199 [main] DEBUG org.hibernate.cfg.BinderHelper - #makeIdGenerator(org.hibernate.mapping.SimpleValue([org.hibernate.mapping.Column(id)]), id, identity, , ...)
12:30:46.199 [main] DEBUG org.hibernate.cfg.Ejb3Column - Binding column: Ejb3Column{table=org.hibernate.mapping.Table(Card), mappingColumn=emissionDate, insertable=true, updatable=true, unique=false}
12:30:46.199 [main] DEBUG o.h.cfg.annotations.PropertyBinder - MetadataSourceProcessor property emissionDate with lazy=false
12:30:46.199 [main] DEBUG o.h.cfg.AbstractPropertyHolder - Attempting to locate auto-apply AttributeConverter for property [Classes.Card:emissionDate]
12:30:46.199 [main] DEBUG o.h.c.annotations.SimpleValueBinder - building SimpleValue for emissionDate
12:30:46.199 [main] DEBUG o.h.cfg.annotations.PropertyBinder - Building property emissionDate
12:30:46.199 [main] DEBUG org.hibernate.cfg.Ejb3Column - Binding column: Ejb3Column{table=org.hibernate.mapping.Table(Card), mappingColumn=expirationDate, insertable=true, updatable=true, unique=false}
12:30:46.199 [main] DEBUG o.h.cfg.annotations.PropertyBinder - MetadataSourceProcessor property expirationDate with lazy=false
12:30:46.200 [main] DEBUG o.h.cfg.AbstractPropertyHolder - Attempting to locate auto-apply AttributeConverter for property [Classes.Card:expirationDate]
12:30:46.200 [main] DEBUG o.h.c.annotations.SimpleValueBinder - building SimpleValue for expirationDate
12:30:46.200 [main] DEBUG o.h.cfg.annotations.PropertyBinder - Building property expirationDate
12:30:46.200 [main] DEBUG org.hibernate.cfg.Ejb3Column - Binding column: Ejb3JoinColumn{logicalColumnName='null', referencedColumn='null', mappedBy='cardNum'}
12:30:46.200 [main] DEBUG org.hibernate.cfg.Ejb3Column - Binding column: Ejb3Column{table=org.hibernate.mapping.Table(Card), mappingColumn=person, insertable=true, updatable=true, unique=false}
12:30:46.201 [main] DEBUG org.hibernate.cfg.AnnotationBinder - Binding entity from annotated class: Classes.Person
12:30:46.202 [main] DEBUG org.hibernate.cfg.Ejb3Column - Binding column: Ejb3DiscriminatorColumn{logicalColumnName'DTYPE', discriminatorTypeName='string'}
12:30:46.202 [main] DEBUG o.h.cfg.annotations.EntityBinder - Import with entity name Person
12:30:46.202 [main] DEBUG o.h.cfg.annotations.EntityBinder - Bind entity Classes.Person on table Person
12:30:46.202 [main] DEBUG org.hibernate.cfg.Ejb3Column - Binding column: Ejb3Column{table=org.hibernate.mapping.Table(Person), mappingColumn=id, insertable=true, updatable=true, unique=false}
12:30:46.202 [main] DEBUG o.h.b.internal.ClassLoaderAccessImpl - Not known whether passed class name [Classes.Person] is safe
12:30:46.202 [main] DEBUG o.h.b.internal.ClassLoaderAccessImpl - No temp ClassLoader provided; using live ClassLoader for loading potentially unsafe class : Classes.Person
12:30:46.203 [main] DEBUG o.h.cfg.annotations.PropertyBinder - MetadataSourceProcessor property id with lazy=false
12:30:46.203 [main] DEBUG o.h.cfg.AbstractPropertyHolder - Attempting to locate auto-apply AttributeConverter for property [Classes.Person:id]
12:30:46.203 [main] DEBUG o.h.c.annotations.SimpleValueBinder - building SimpleValue for id
12:30:46.203 [main] DEBUG o.h.cfg.annotations.PropertyBinder - Building property id
12:30:46.203 [main] DEBUG org.hibernate.cfg.BinderHelper - #makeIdGenerator(org.hibernate.mapping.SimpleValue([org.hibernate.mapping.Column(id)]), id, identity, , ...)
12:30:46.203 [main] DEBUG org.hibernate.cfg.Ejb3Column - Binding column: Ejb3Column{table=org.hibernate.mapping.Table(Person), mappingColumn=birthdate, insertable=true, updatable=true, unique=false}
12:30:46.203 [main] DEBUG o.h.cfg.annotations.PropertyBinder - MetadataSourceProcessor property birthdate with lazy=false
12:30:46.203 [main] DEBUG o.h.cfg.AbstractPropertyHolder - Attempting to locate auto-apply AttributeConverter for property [Classes.Person:birthdate]
12:30:46.203 [main] DEBUG o.h.c.annotations.SimpleValueBinder - building SimpleValue for birthdate
12:30:46.203 [main] DEBUG o.h.cfg.annotations.PropertyBinder - Building property birthdate
12:30:46.203 [main] DEBUG org.hibernate.cfg.Ejb3Column - Binding column: Ejb3JoinColumn{logicalColumnName='null', referencedColumn='null', mappedBy=''}
12:30:46.203 [main] DEBUG org.hibernate.cfg.Ejb3Column - Binding column: Ejb3Column{table=org.hibernate.mapping.Table(Person), mappingColumn=cardNum, insertable=true, updatable=true, unique=false}
12:30:46.204 [main] DEBUG o.h.cfg.annotations.PropertyBinder - Building property cardNum
12:30:46.204 [main] DEBUG org.hibernate.cfg.Ejb3Column - Binding column: Ejb3Column{table=org.hibernate.mapping.Table(Person), mappingColumn=firstName, insertable=true, updatable=true, unique=false}
12:30:46.204 [main] DEBUG o.h.cfg.annotations.PropertyBinder - MetadataSourceProcessor property firstName with lazy=false
12:30:46.204 [main] DEBUG o.h.cfg.AbstractPropertyHolder - Attempting to locate auto-apply AttributeConverter for property [Classes.Person:firstName]
12:30:46.204 [main] DEBUG o.h.c.annotations.SimpleValueBinder - building SimpleValue for firstName
12:30:46.204 [main] DEBUG o.h.cfg.annotations.PropertyBinder - Building property firstName
12:30:46.204 [main] DEBUG org.hibernate.cfg.Ejb3Column - Binding column: Ejb3Column{table=org.hibernate.mapping.Table(Person), mappingColumn=lastName, insertable=true, updatable=true, unique=false}
12:30:46.205 [main] DEBUG o.h.cfg.annotations.PropertyBinder - MetadataSourceProcessor property lastName with lazy=false
12:30:46.205 [main] DEBUG o.h.cfg.AbstractPropertyHolder - Attempting to locate auto-apply AttributeConverter for property [Classes.Person:lastName]
12:30:46.205 [main] DEBUG o.h.c.annotations.SimpleValueBinder - building SimpleValue for lastName
12:30:46.205 [main] DEBUG o.h.cfg.annotations.PropertyBinder - Building property lastName
12:30:46.205 [main] DEBUG org.hibernate.cfg.AnnotationBinder - Binding entity from annotated class: Classes.Ticket
12:30:46.205 [main] DEBUG org.hibernate.cfg.Ejb3Column - Binding column: Ejb3DiscriminatorColumn{logicalColumnName'DTYPE', discriminatorTypeName='string'}
12:30:46.205 [main] DEBUG o.h.cfg.annotations.EntityBinder - Import with entity name Ticket
12:30:46.205 [main] DEBUG o.h.cfg.annotations.EntityBinder - Bind entity Classes.Ticket on table Ticket
12:30:46.207 [main] DEBUG org.hibernate.cfg.Ejb3Column - Binding column: Ejb3Column{table=org.hibernate.mapping.Table(Ticket), mappingColumn=id, insertable=true, updatable=true, unique=false}
12:30:46.207 [main] DEBUG o.h.b.internal.ClassLoaderAccessImpl - Not known whether passed class name [Classes.Ticket] is safe
12:30:46.207 [main] DEBUG o.h.b.internal.ClassLoaderAccessImpl - No temp ClassLoader provided; using live ClassLoader for loading potentially unsafe class : Classes.Ticket
12:30:46.207 [main] DEBUG o.h.cfg.annotations.PropertyBinder - MetadataSourceProcessor property id with lazy=false
12:30:46.207 [main] DEBUG o.h.cfg.AbstractPropertyHolder - Attempting to locate auto-apply AttributeConverter for property [Classes.Ticket:id]
12:30:46.207 [main] DEBUG o.h.c.annotations.SimpleValueBinder - building SimpleValue for id
12:30:46.207 [main] DEBUG o.h.cfg.annotations.PropertyBinder - Building property id
12:30:46.207 [main] DEBUG org.hibernate.cfg.BinderHelper - #makeIdGenerator(org.hibernate.mapping.SimpleValue([org.hibernate.mapping.Column(id)]), id, identity, , ...)
12:30:46.207 [main] DEBUG org.hibernate.cfg.Ejb3Column - Binding column: Ejb3JoinColumn{logicalColumnName='null', referencedColumn='null', mappedBy='null'}
12:30:46.207 [main] DEBUG org.hibernate.cfg.Ejb3Column - Binding column: Ejb3Column{table=org.hibernate.mapping.Table(Ticket), mappingColumn=seller, insertable=true, updatable=true, unique=false}
12:30:46.207 [main] DEBUG o.h.cfg.annotations.PropertyBinder - Building property seller
12:30:46.209 [main] DEBUG org.hibernate.cfg.AnnotationBinder - Binding entity from annotated class: Classes.Pass
12:30:46.209 [main] DEBUG o.h.cfg.annotations.EntityBinder - Import with entity name Pass
12:30:46.210 [main] DEBUG org.hibernate.cfg.Ejb3Column - Binding column: Ejb3JoinColumn{logicalColumnName='null', referencedColumn='null', mappedBy=''}
12:30:46.210 [main] DEBUG org.hibernate.cfg.Ejb3Column - Binding column: Ejb3Column{table=org.hibernate.mapping.Table(Ticket), mappingColumn=person, insertable=true, updatable=true, unique=false}
12:30:46.210 [main] DEBUG o.h.cfg.annotations.PropertyBinder - Building property person
12:30:46.210 [main] DEBUG org.hibernate.cfg.Ejb3Column - Binding column: Ejb3JoinColumn{logicalColumnName='null', referencedColumn='null', mappedBy='null'}
12:30:46.211 [main] DEBUG org.hibernate.cfg.Ejb3Column - Binding column: Ejb3Column{table=org.hibernate.mapping.Table(Ticket), mappingColumn=sellers, insertable=true, updatable=true, unique=false}
12:30:46.211 [main] DEBUG o.h.cfg.annotations.PropertyBinder - Building property sellers
12:30:46.211 [main] DEBUG org.hibernate.cfg.Ejb3Column - Binding column: Ejb3Column{table=org.hibernate.mapping.Table(Ticket), mappingColumn=validity, insertable=true, updatable=true, unique=false}
12:30:46.211 [main] DEBUG o.h.cfg.annotations.PropertyBinder - MetadataSourceProcessor property validity with lazy=false
12:30:46.211 [main] DEBUG o.h.cfg.AbstractPropertyHolder - Attempting to locate auto-apply AttributeConverter for property [Classes.Pass:validity]
12:30:46.212 [main] DEBUG o.h.c.annotations.SimpleValueBinder - building SimpleValue for validity
12:30:46.212 [main] DEBUG o.h.cfg.annotations.PropertyBinder - Building property validity
12:30:46.213 [main] DEBUG org.hibernate.cfg.AnnotationBinder - Binding entity from annotated class: Classes.Shop
12:30:46.213 [main] DEBUG o.h.cfg.annotations.EntityBinder - Import with entity name Shop
12:30:46.213 [main] DEBUG org.hibernate.cfg.AnnotationBinder - Skipping attribute [java.util.List : passes] as it was already processed as part of super hierarchy
12:30:46.213 [main] DEBUG org.hibernate.cfg.Ejb3Column - Binding column: Ejb3JoinColumn{logicalColumnName='null', referencedColumn='null', mappedBy=''}
12:30:46.214 [main] DEBUG org.hibernate.cfg.Ejb3Column - Binding column: Ejb3Column{table=org.hibernate.mapping.Table(TicketSeller), mappingColumn=people, insertable=true, updatable=true, unique=false}
12:30:46.214 [main] DEBUG org.hibernate.cfg.Ejb3Column - Binding column: Ejb3Column{table=org.hibernate.mapping.Table(TicketSeller), mappingColumn=null, insertable=true, updatable=true, unique=false}
12:30:46.214 [main] DEBUG org.hibernate.cfg.Ejb3Column - Binding column: Ejb3Column{table=org.hibernate.mapping.Table(TicketSeller), mappingColumn=element, insertable=true, updatable=true, unique=false}
12:30:46.214 [main] DEBUG org.hibernate.cfg.Ejb3Column - Binding column: Ejb3Column{table=org.hibernate.mapping.Table(TicketSeller), mappingColumn=people_KEY, insertable=true, updatable=true, unique=false}
12:30:46.214 [main] DEBUG org.hibernate.cfg.Ejb3Column - Binding column: Ejb3JoinColumn{logicalColumnName='people_KEY', referencedColumn='null', mappedBy='null'}
12:30:46.214 [main] DEBUG org.hibernate.cfg.Ejb3Column - Binding column: Ejb3JoinColumn{logicalColumnName='null', referencedColumn='null', mappedBy=''}
12:30:46.214 [main] DEBUG org.hibernate.cfg.Ejb3Column - Binding column: Ejb3JoinColumn{logicalColumnName='null', referencedColumn='null', mappedBy=''}
12:30:46.214 [main] DEBUG o.h.cfg.annotations.CollectionBinder - Collection role: Classes.Shop.people
12:30:46.214 [main] DEBUG o.h.cfg.annotations.PropertyBinder - Building property people
12:30:46.214 [main] DEBUG org.hibernate.cfg.AnnotationBinder - Skipping attribute [java.util.List : tickets] as it was already processed as part of super hierarchy
12:30:46.214 [main] DEBUG org.hibernate.cfg.AnnotationBinder - Binding entity from annotated class: Classes.VendingMachine
12:30:46.214 [main] DEBUG o.h.cfg.annotations.EntityBinder - Import with entity name VendingMachine
12:30:46.215 [main] DEBUG org.hibernate.cfg.Ejb3Column - Binding column: Ejb3Column{table=org.hibernate.mapping.Table(TicketSeller), mappingColumn=isWorking, insertable=true, updatable=true, unique=false}
12:30:46.215 [main] DEBUG o.h.cfg.annotations.PropertyBinder - MetadataSourceProcessor property isWorking with lazy=false
12:30:46.215 [main] DEBUG o.h.cfg.AbstractPropertyHolder - Attempting to locate auto-apply AttributeConverter for property [Classes.VendingMachine:isWorking]
12:30:46.215 [main] DEBUG o.h.c.annotations.SimpleValueBinder - building SimpleValue for isWorking
12:30:46.215 [main] DEBUG o.h.cfg.annotations.PropertyBinder - Building property isWorking
12:30:46.216 [main] DEBUG o.h.c.annotations.SimpleValueBinder - Starting fillSimpleValue for id
12:30:46.216 [main] DEBUG o.h.c.annotations.SimpleValueBinder - Starting fillSimpleValue for name
12:30:46.216 [main] DEBUG o.h.c.annotations.SimpleValueBinder - Starting fillSimpleValue for id
12:30:46.216 [main] DEBUG o.h.c.annotations.SimpleValueBinder - Starting fillSimpleValue for emissionDate
12:30:46.216 [main] DEBUG o.h.c.annotations.SimpleValueBinder - Starting fillSimpleValue for expirationDate
12:30:46.216 [main] DEBUG o.h.c.annotations.SimpleValueBinder - Starting fillSimpleValue for id
12:30:46.216 [main] DEBUG o.h.c.annotations.SimpleValueBinder - Starting fillSimpleValue for birthdate
12:30:46.216 [main] DEBUG o.h.c.annotations.SimpleValueBinder - Starting fillSimpleValue for firstName
12:30:46.216 [main] DEBUG o.h.c.annotations.SimpleValueBinder - Starting fillSimpleValue for lastName
12:30:46.216 [main] DEBUG o.h.c.annotations.SimpleValueBinder - Starting fillSimpleValue for id
12:30:46.216 [main] DEBUG o.h.c.annotations.SimpleValueBinder - Starting fillSimpleValue for validity
12:30:46.217 [main] DEBUG o.h.c.annotations.SimpleValueBinder - Starting fillSimpleValue for isWorking
12:30:46.220 [main] DEBUG org.hibernate.mapping.PrimaryKey - Forcing column [id] to be non-null as it is part of the primary key for table [ticketseller]
12:30:46.220 [main] DEBUG org.hibernate.mapping.PrimaryKey - Forcing column [id] to be non-null as it is part of the primary key for table [card]
12:30:46.220 [main] DEBUG org.hibernate.mapping.PrimaryKey - Forcing column [id] to be non-null as it is part of the primary key for table [person]
12:30:46.220 [main] DEBUG org.hibernate.mapping.PrimaryKey - Forcing column [id] to be non-null as it is part of the primary key for table [ticket]
12:30:46.220 [main] DEBUG o.hibernate.cfg.CollectionSecondPass - Second pass for collection: Classes.Shop.people
12:30:46.221 [main] DEBUG o.h.cfg.annotations.CollectionBinder - Binding a OneToMany: Classes.Shop.people through an association table
12:30:46.226 [main] DEBUG o.hibernate.cfg.CollectionSecondPass - Mapped collection key: Shop_id, element: people_id
12:30:46.226 [main] DEBUG o.hibernate.cfg.CollectionSecondPass - Second pass for collection: Abstract.TicketSeller.tickets
12:30:46.226 [main] DEBUG o.h.cfg.annotations.CollectionBinder - Binding a OneToMany: Abstract.TicketSeller.tickets through an association table
12:30:46.226 [main] DEBUG o.hibernate.cfg.CollectionSecondPass - Mapped collection key: TicketSeller_id, element: tickets_id
12:30:46.226 [main] DEBUG o.hibernate.cfg.CollectionSecondPass - Second pass for collection: Abstract.TicketSeller.passes
12:30:46.226 [main] DEBUG o.h.cfg.annotations.CollectionBinder - Binding a OneToMany: Abstract.TicketSeller.passes through an association table
12:30:46.226 [main] DEBUG o.hibernate.cfg.CollectionSecondPass - Mapped collection key: TicketSeller_id, element: passes_id
12:30:46.227 [main] DEBUG o.h.cfg.annotations.PropertyBinder - Building property person
12:30:46.228 [main] DEBUG o.h.b.i.InFlightMetadataCollectorImpl - Processing association property references
12:30:46.228 [main] DEBUG o.h.b.i.InFlightMetadataCollectorImpl - Resolving reference to class: Classes.Card
12:30:46.229 [main] DEBUG o.h.b.i.InFlightMetadataCollectorImpl - Resolving reference to class: Abstract.TicketSeller
12:30:46.229 [main] DEBUG o.h.b.i.InFlightMetadataCollectorImpl - Resolving reference to class: Classes.Person
12:30:46.229 [main] DEBUG o.h.b.i.InFlightMetadataCollectorImpl - Resolving reference to class: Abstract.TicketSeller
12:30:46.229 [main] DEBUG o.h.b.i.InFlightMetadataCollectorImpl - Resolving reference to class: Classes.Person
12:30:46.229 [main] DEBUG o.h.b.i.InFlightMetadataCollectorImpl - Resolving reference to class: Classes.Shop
12:30:46.229 [main] DEBUG o.h.b.i.InFlightMetadataCollectorImpl - Resolving reference to class: Classes.Ticket
12:30:46.230 [main] DEBUG o.h.b.i.InFlightMetadataCollectorImpl - Resolving reference to class: Abstract.TicketSeller
12:30:46.230 [main] DEBUG o.h.b.i.InFlightMetadataCollectorImpl - Resolving reference to class: Classes.Pass
12:30:46.231 [main] DEBUG o.h.b.i.InFlightMetadataCollectorImpl - Processing association property references
12:30:46.231 [main] DEBUG o.h.b.i.InFlightMetadataCollectorImpl - Resolving reference to class: Classes.Card
12:30:46.231 [main] DEBUG o.h.b.i.InFlightMetadataCollectorImpl - Resolving reference to class: Abstract.TicketSeller
12:30:46.231 [main] DEBUG o.h.b.i.InFlightMetadataCollectorImpl - Resolving reference to class: Classes.Person
12:30:46.231 [main] DEBUG o.h.b.i.InFlightMetadataCollectorImpl - Resolving reference to class: Abstract.TicketSeller
12:30:46.231 [main] DEBUG o.h.b.i.InFlightMetadataCollectorImpl - Resolving reference to class: Classes.Person
12:30:46.231 [main] DEBUG o.h.b.i.InFlightMetadataCollectorImpl - Resolving reference to class: Classes.Shop
12:30:46.231 [main] DEBUG o.h.b.i.InFlightMetadataCollectorImpl - Resolving reference to class: Classes.Ticket
12:30:46.232 [main] DEBUG o.h.b.i.InFlightMetadataCollectorImpl - Resolving reference to class: Abstract.TicketSeller
12:30:46.232 [main] DEBUG o.h.b.i.InFlightMetadataCollectorImpl - Resolving reference to class: Classes.Pass
12:30:46.263 [main] DEBUG o.h.internal.SessionFactoryImpl - Building session factory
12:30:46.264 [main] DEBUG org.hibernate.cfg.Settings - SessionFactory name : null
12:30:46.264 [main] DEBUG org.hibernate.cfg.Settings - Automatic flush during beforeCompletion(): enabled
12:30:46.264 [main] DEBUG org.hibernate.cfg.Settings - Automatic session close at end of transaction: disabled
12:30:46.264 [main] DEBUG org.hibernate.cfg.Settings - Statistics: disabled
12:30:46.264 [main] DEBUG org.hibernate.cfg.Settings - Deleted entity synthetic identifier rollback: disabled
12:30:46.264 [main] DEBUG org.hibernate.cfg.Settings - Default entity-mode: pojo
12:30:46.264 [main] DEBUG org.hibernate.cfg.Settings - Check Nullability in Core (should be disabled when Bean Validation is on): enabled
12:30:46.264 [main] DEBUG org.hibernate.cfg.Settings - Allow initialization of lazy state outside session : disabled
12:30:46.264 [main] DEBUG org.hibernate.cfg.Settings - Using BatchFetchStyle : LEGACY
12:30:46.264 [main] DEBUG org.hibernate.cfg.Settings - Default batch fetch size: -1
12:30:46.264 [main] DEBUG org.hibernate.cfg.Settings - Maximum outer join fetch depth: null
12:30:46.264 [main] DEBUG org.hibernate.cfg.Settings - Default null ordering: NONE
12:30:46.265 [main] DEBUG org.hibernate.cfg.Settings - Order SQL updates by primary key: disabled
12:30:46.265 [main] DEBUG org.hibernate.cfg.Settings - Order SQL inserts for batching: disabled
12:30:46.265 [main] DEBUG org.hibernate.cfg.Settings - multi-tenancy strategy : NONE
12:30:46.265 [main] DEBUG org.hibernate.cfg.Settings - JTA Track by Thread: enabled
12:30:46.265 [main] DEBUG org.hibernate.cfg.Settings - Query language substitutions: {}
12:30:46.265 [main] DEBUG org.hibernate.cfg.Settings - Named query checking : enabled
12:30:46.265 [main] DEBUG org.hibernate.cfg.Settings - Second-level cache: disabled
12:30:46.265 [main] DEBUG org.hibernate.cfg.Settings - Second-level query cache: disabled
12:30:46.265 [main] DEBUG org.hibernate.cfg.Settings - Second-level query cache factory: null
12:30:46.265 [main] DEBUG org.hibernate.cfg.Settings - Second-level cache region prefix: null
12:30:46.265 [main] DEBUG org.hibernate.cfg.Settings - Optimize second-level cache for minimal puts: disabled
12:30:46.265 [main] DEBUG org.hibernate.cfg.Settings - Structured second-level cache entries: disabled
12:30:46.265 [main] DEBUG org.hibernate.cfg.Settings - Second-level cache direct-reference entries: disabled
12:30:46.265 [main] DEBUG org.hibernate.cfg.Settings - Automatic eviction of collection cache: disabled
12:30:46.265 [main] DEBUG org.hibernate.cfg.Settings - JDBC batch size: 15
12:30:46.265 [main] DEBUG org.hibernate.cfg.Settings - JDBC batch updates for versioned data: enabled
12:30:46.265 [main] DEBUG org.hibernate.cfg.Settings - Scrollable result sets: enabled
12:30:46.265 [main] DEBUG org.hibernate.cfg.Settings - Wrap result sets: disabled
12:30:46.265 [main] DEBUG org.hibernate.cfg.Settings - JDBC3 getGeneratedKeys(): enabled
12:30:46.265 [main] DEBUG org.hibernate.cfg.Settings - JDBC result set fetch size: null
12:30:46.265 [main] DEBUG org.hibernate.cfg.Settings - Connection release mode: AFTER_TRANSACTION
12:30:46.265 [main] DEBUG org.hibernate.cfg.Settings - Generate SQL with comments: disabled
12:30:46.265 [main] DEBUG org.hibernate.cfg.Settings - JPA compliance - query : disabled
12:30:46.265 [main] DEBUG org.hibernate.cfg.Settings - JPA compliance - closed-handling : disabled
12:30:46.265 [main] DEBUG org.hibernate.cfg.Settings - JPA compliance - lists : disabled
12:30:46.265 [main] DEBUG org.hibernate.cfg.Settings - JPA compliance - transactions : disabled
12:30:46.270 [main] DEBUG o.h.b.internal.ClassLoaderAccessImpl - Not known whether passed class name [Classes.Pass] is safe
12:30:46.270 [main] DEBUG o.h.b.internal.ClassLoaderAccessImpl - No temp ClassLoader provided; using live ClassLoader for loading potentially unsafe class : Classes.Pass
12:30:46.270 [main] DEBUG o.h.b.internal.ClassLoaderAccessImpl - Not known whether passed class name [Classes.Shop] is safe
12:30:46.270 [main] DEBUG o.h.b.internal.ClassLoaderAccessImpl - No temp ClassLoader provided; using live ClassLoader for loading potentially unsafe class : Classes.Shop
12:30:46.270 [main] DEBUG o.h.b.internal.ClassLoaderAccessImpl - Not known whether passed class name [Classes.VendingMachine] is safe
12:30:46.270 [main] DEBUG o.h.b.internal.ClassLoaderAccessImpl - No temp ClassLoader provided; using live ClassLoader for loading potentially unsafe class : Classes.VendingMachine
12:30:46.297 [main] DEBUG o.h.s.i.SessionFactoryServiceRegistryImpl - EventListenerRegistry access via ServiceRegistry is deprecated.  Use `sessionFactory.getEventEngine().getListenerRegistry()` instead
12:30:46.297 [main] DEBUG o.h.s.i.SessionFactoryServiceRegistryImpl - EventListenerRegistry access via ServiceRegistry is deprecated.  Use `sessionFactory.getEventEngine().getListenerRegistry()` instead
12:30:46.307 [main] DEBUG o.h.internal.SessionFactoryImpl - Session factory constructed with filter configurations : {}
12:30:46.307 [main] DEBUG o.h.internal.SessionFactoryImpl - Instantiating session factory with properties: {java.specification.version=17, sun.cpu.isalist=amd64, sun.jnu.encoding=Cp1252, hibernate.dialect=org.hibernate.dialect.PostgreSQLDialect, java.class.path=C:\Users\total\Desktop\All\Epicode\fs0223-Luca-Sernicola-BackEnd\BuildWeek_4\target\classes;C:\Users\total\.m2\repository\ch\qos\logback\logback-classic\1.4.8\logback-classic-1.4.8.jar;C:\Users\total\.m2\repository\ch\qos\logback\logback-core\1.4.8\logback-core-1.4.8.jar;C:\Users\total\.m2\repository\org\slf4j\slf4j-api\2.0.7\slf4j-api-2.0.7.jar;C:\Users\total\.m2\repository\commons-io\commons-io\2.13.0\commons-io-2.13.0.jar;C:\Users\total\.m2\repository\org\postgresql\postgresql\42.6.0\postgresql-42.6.0.jar;C:\Users\total\.m2\repository\org\checkerframework\checker-qual\3.31.0\checker-qual-3.31.0.jar;C:\Users\total\.m2\repository\org\hibernate\hibernate-core\5.6.15.Final\hibernate-core-5.6.15.Final.jar;C:\Users\total\.m2\repository\org\jboss\logging\jboss-logging\3.4.3.Final\jboss-logging-3.4.3.Final.jar;C:\Users\total\.m2\repository\javax\persistence\javax.persistence-api\2.2\javax.persistence-api-2.2.jar;C:\Users\total\.m2\repository\net\bytebuddy\byte-buddy\1.12.18\byte-buddy-1.12.18.jar;C:\Users\total\.m2\repository\antlr\antlr\2.7.7\antlr-2.7.7.jar;C:\Users\total\.m2\repository\org\jboss\spec\javax\transaction\jboss-transaction-api_1.2_spec\1.1.1.Final\jboss-transaction-api_1.2_spec-1.1.1.Final.jar;C:\Users\total\.m2\repository\org\jboss\jandex\2.4.2.Final\jandex-2.4.2.Final.jar;C:\Users\total\.m2\repository\com\fasterxml\classmate\1.5.1\classmate-1.5.1.jar;C:\Users\total\.m2\repository\javax\activation\javax.activation-api\1.2.0\javax.activation-api-1.2.0.jar;C:\Users\total\.m2\repository\org\hibernate\common\hibernate-commons-annotations\5.1.2.Final\hibernate-commons-annotations-5.1.2.Final.jar;C:\Users\total\.m2\repository\javax\xml\bind\jaxb-api\2.3.1\jaxb-api-2.3.1.jar;C:\Users\total\.m2\repository\org\glassfish\jaxb\jaxb-runtime\2.3.1\jaxb-runtime-2.3.1.jar;C:\Users\total\.m2\repository\org\glassfish\jaxb\txw2\2.3.1\txw2-2.3.1.jar;C:\Users\total\.m2\repository\com\sun\istack\istack-commons-runtime\3.0.7\istack-commons-runtime-3.0.7.jar;C:\Users\total\.m2\repository\org\jvnet\staxex\stax-ex\1.8\stax-ex-1.8.jar;C:\Users\total\.m2\repository\com\sun\xml\fastinfoset\FastInfoset\1.2.15\FastInfoset-1.2.15.jar;C:\Users\total\Desktop\All\Epicode\fs0223-Luca-Sernicola-BackEnd\Homework_W3_D3\target\classes, java.vm.vendor=Eclipse Adoptium, sun.arch.data.model=64, user.variant=, java.vendor.url=https://adoptium.net/, user.timezone=Europe/Rome, javax.persistence.jdbc.url=jdbc:postgresql://localhost:5432/BuildWeek, javax.persistence.jdbc.user=****, java.vm.specification.version=17, os.name=Windows 11, jakarta.persistence.jdbc.password=****, sun.java.launcher=SUN_STANDARD, user.country=US, local.setting.IS_JTA_TXN_COORD=false, sun.boot.library.path=C:\Users\total\.p2\pool\plugins\org.eclipse.justj.openjdk.hotspot.jre.full.win32.x86_64_17.0.7.v20230425-1502\jre\bin, sun.java.command=MainClass.MainClass, jdk.debug=release, jakarta.persistence.jdbc.driver=org.postgresql.Driver, sun.cpu.endian=little, user.home=C:\Users\total, user.language=en, java.specification.vendor=Oracle Corporation, java.version.date=2023-04-18, java.home=C:\Users\total\.p2\pool\plugins\org.eclipse.justj.openjdk.hotspot.jre.full.win32.x86_64_17.0.7.v20230425-1502\jre, file.separator=\, java.vm.compressedOopsMode=Zero based, jakarta.persistence.jdbc.user=****, line.separator=
, hibernate.persistenceUnitName=BuildWeek_4, java.vm.specification.vendor=Oracle Corporation, java.specification.name=Java Platform API Specification, hibernate.transaction.coordinator_class=class org.hibernate.resource.transaction.backend.jdbc.internal.JdbcResourceLocalTransactionCoordinatorBuilderImpl, javax.persistence.jdbc.driver=org.postgresql.Driver, hibernate.hbm2ddl.auto=update, user.script=, sun.management.compiler=HotSpot 64-Bit Tiered Compilers, java.runtime.version=17.0.7+7, user.name=total, path.separator=;, hibernate.connection.username=****, os.version=10.0, java.runtime.name=OpenJDK Runtime Environment, hibernate.connection.url=jdbc:postgresql://localhost:5432/BuildWeek, file.encoding=UTF-8, hibernate.ejb.persistenceUnitName=BuildWeek_4, java.vm.name=OpenJDK 64-Bit Server VM, java.vendor.version=Temurin-17.0.7+7, hibernate.connection.driver_class=org.postgresql.Driver, java.vendor.url.bug=https://github.com/adoptium/adoptium-support/issues, java.io.tmpdir=C:\Users\total\AppData\Local\Temp\, java.version=17.0.7, user.dir=C:\Users\total\Desktop\All\Epicode\fs0223-Luca-Sernicola-BackEnd\BuildWeek_4, os.arch=amd64, java.vm.specification.name=Java Virtual Machine Specification, hibernate.connection.password=****, sun.os.patch.level=, jakarta.persistence.jdbc.url=jdbc:postgresql://localhost:5432/BuildWeek, hibernate.boot.CfgXmlAccessService.key=org.hibernate.boot.registry.StandardServiceRegistryBuilder$1@58496c97, native.encoding=Cp1252, java.library.path=C:\Users\total\.p2\pool\plugins\org.eclipse.justj.openjdk.hotspot.jre.full.win32.x86_64_17.0.7.v20230425-1502\jre\bin;C:\windows\Sun\Java\bin;C:\windows\system32;C:\windows;C:/Users/total/.p2/pool/plugins/org.eclipse.justj.openjdk.hotspot.jre.full.win32.x86_64_17.0.7.v20230425-1502/jre/bin/server;C:/Users/total/.p2/pool/plugins/org.eclipse.justj.openjdk.hotspot.jre.full.win32.x86_64_17.0.7.v20230425-1502/jre/bin;C:\Program Files\Eclipse Adoptium\jdk-17.0.7.7-hotspot\bin;C:\Program Files (x86)\NVIDIA Corporation\PhysX\Common;C:\windows\system32;C:\windows;C:\windows\System32\Wbem;C:\windows\System32\WindowsPowerShell\v1.0\;C:\windows\System32\OpenSSH\;C:\Program Files\Git\cmd;C:\Program Files\nodejs\;C:\Users\total\AppData\Local\Microsoft\WindowsApps;C:\Users\total\AppData\Local\Programs\Microsoft VS Code\bin;C:\Users\total\AppData\Roaming\npm;C:\Users\total\AppData\Local\GitHubDesktop\bin;C:\windows\System32;;., java.vendor=Eclipse Adoptium, java.vm.info=mixed mode, java.vm.version=17.0.7+7, hibernate.bytecode.use_reflection_optimizer=false, sun.io.unicode.encoding=UnicodeLittle, javax.persistence.jdbc.password=****, java.class.version=61.0}
12:30:46.318 [main] DEBUG o.h.secure.spi.JaccIntegrator - Skipping JACC integration as it was not enabled
12:30:46.321 [main] DEBUG org.hibernate.type.EnumType - Using ORDINAL-based conversion for Enum Enums.Validity
12:30:46.322 [main] DEBUG o.h.internal.SessionFactoryImpl - Instantiated session factory
12:30:46.322 [main] DEBUG o.h.type.spi.TypeConfiguration$Scope - Scoping TypeConfiguration [org.hibernate.type.spi.TypeConfiguration@27b22f74] to SessionFactoryImpl [org.hibernate.internal.SessionFactoryImpl@4e1ce44]
12:30:46.357 [main] DEBUG o.h.b.internal.ClassLoaderAccessImpl - Not known whether passed class name [Abstract.TicketSeller] is safe
12:30:46.357 [main] DEBUG o.h.b.internal.ClassLoaderAccessImpl - No temp ClassLoader provided; using live ClassLoader for loading potentially unsafe class : Abstract.TicketSeller
12:30:46.360 [main] DEBUG o.h.b.internal.ClassLoaderAccessImpl - Not known whether passed class name [Classes.Shop] is safe
12:30:46.360 [main] DEBUG o.h.b.internal.ClassLoaderAccessImpl - No temp ClassLoader provided; using live ClassLoader for loading potentially unsafe class : Classes.Shop
12:30:46.360 [main] DEBUG o.h.b.internal.ClassLoaderAccessImpl - Not known whether passed class name [Classes.VendingMachine] is safe
12:30:46.360 [main] DEBUG o.h.b.internal.ClassLoaderAccessImpl - No temp ClassLoader provided; using live ClassLoader for loading potentially unsafe class : Classes.VendingMachine
12:30:46.469 [main] DEBUG o.hibernate.orm.bytecode.interceptor - To-one property `Classes.Card#person` was mapped with LAZY + NO_PROXY but the class was not enhanced
12:30:46.469 [main] DEBUG o.hibernate.orm.bytecode.interceptor - To-one property `Classes.Card#person` was mapped with LAZY + NO_PROXY but the class was not enhanced
12:30:46.469 [main] DEBUG o.h.b.internal.ClassLoaderAccessImpl - Not known whether passed class name [Classes.Card] is safe
12:30:46.469 [main] DEBUG o.h.b.internal.ClassLoaderAccessImpl - No temp ClassLoader provided; using live ClassLoader for loading potentially unsafe class : Classes.Card
12:30:46.476 [main] DEBUG o.hibernate.orm.bytecode.interceptor - To-one property `Classes.Card#person` was mapped with LAZY + NO_PROXY but the class was not enhanced
12:30:46.477 [main] DEBUG o.hibernate.orm.bytecode.interceptor - To-one property `Classes.Card#person` was mapped with LAZY + NO_PROXY but the class was not enhanced
12:30:46.477 [main] DEBUG o.hibernate.orm.bytecode.interceptor - To-one property `Classes.Person#cardNum` was mapped with LAZY + NO_PROXY but the class was not enhanced
12:30:46.477 [main] DEBUG o.hibernate.orm.bytecode.interceptor - To-one property `Classes.Person#cardNum` was mapped with LAZY + NO_PROXY but the class was not enhanced
12:30:46.477 [main] DEBUG o.h.b.internal.ClassLoaderAccessImpl - Not known whether passed class name [Classes.Person] is safe
12:30:46.477 [main] DEBUG o.h.b.internal.ClassLoaderAccessImpl - No temp ClassLoader provided; using live ClassLoader for loading potentially unsafe class : Classes.Person
12:30:46.483 [main] DEBUG o.hibernate.orm.bytecode.interceptor - To-one property `Classes.Person#cardNum` was mapped with LAZY + NO_PROXY but the class was not enhanced
12:30:46.483 [main] DEBUG o.hibernate.orm.bytecode.interceptor - To-one property `Classes.Person#cardNum` was mapped with LAZY + NO_PROXY but the class was not enhanced
12:30:46.484 [main] DEBUG o.hibernate.orm.bytecode.interceptor - To-one property `Classes.Ticket#seller` was mapped with LAZY + NO_PROXY but the class was not enhanced
12:30:46.484 [main] DEBUG o.hibernate.orm.bytecode.interceptor - To-one property `Classes.Ticket#seller` was mapped with LAZY + NO_PROXY but the class was not enhanced
12:30:46.484 [main] DEBUG o.hibernate.orm.bytecode.interceptor - To-one property `Classes.Pass#person` was mapped with LAZY + NO_PROXY but the class was not enhanced
12:30:46.484 [main] DEBUG o.hibernate.orm.bytecode.interceptor - To-one property `Classes.Pass#person` was mapped with LAZY + NO_PROXY but the class was not enhanced
12:30:46.484 [main] DEBUG o.hibernate.orm.bytecode.interceptor - To-one property `Classes.Pass#sellers` was mapped with LAZY + NO_PROXY but the class was not enhanced
12:30:46.484 [main] DEBUG o.hibernate.orm.bytecode.interceptor - To-one property `Classes.Pass#sellers` was mapped with LAZY + NO_PROXY but the class was not enhanced
12:30:46.484 [main] DEBUG o.h.b.internal.ClassLoaderAccessImpl - Not known whether passed class name [Classes.Pass] is safe
12:30:46.484 [main] DEBUG o.h.b.internal.ClassLoaderAccessImpl - No temp ClassLoader provided; using live ClassLoader for loading potentially unsafe class : Classes.Pass
12:30:46.489 [main] DEBUG o.hibernate.orm.bytecode.interceptor - To-one property `Classes.Ticket#seller` was mapped with LAZY + NO_PROXY but the class was not enhanced
12:30:46.489 [main] DEBUG o.hibernate.orm.bytecode.interceptor - To-one property `Classes.Pass#person` was mapped with LAZY + NO_PROXY but the class was not enhanced
12:30:46.489 [main] DEBUG o.hibernate.orm.bytecode.interceptor - To-one property `Classes.Pass#sellers` was mapped with LAZY + NO_PROXY but the class was not enhanced
12:30:46.490 [main] DEBUG o.hibernate.orm.bytecode.interceptor - To-one property `Classes.Ticket#seller` was mapped with LAZY + NO_PROXY but the class was not enhanced
12:30:46.490 [main] DEBUG o.hibernate.orm.bytecode.interceptor - To-one property `Classes.Pass#person` was mapped with LAZY + NO_PROXY but the class was not enhanced
12:30:46.490 [main] DEBUG o.hibernate.orm.bytecode.interceptor - To-one property `Classes.Pass#sellers` was mapped with LAZY + NO_PROXY but the class was not enhanced
12:30:46.494 [main] DEBUG o.hibernate.orm.bytecode.interceptor - To-one property `Classes.Ticket#seller` was mapped with LAZY + NO_PROXY but the class was not enhanced
12:30:46.494 [main] DEBUG o.hibernate.orm.bytecode.interceptor - To-one property `Classes.Ticket#seller` was mapped with LAZY + NO_PROXY but the class was not enhanced
12:30:46.494 [main] DEBUG o.h.b.internal.ClassLoaderAccessImpl - Not known whether passed class name [Classes.Ticket] is safe
12:30:46.494 [main] DEBUG o.h.b.internal.ClassLoaderAccessImpl - No temp ClassLoader provided; using live ClassLoader for loading potentially unsafe class : Classes.Ticket
12:30:46.498 [main] DEBUG o.hibernate.orm.bytecode.interceptor - To-one property `Classes.Ticket#seller` was mapped with LAZY + NO_PROXY but the class was not enhanced
12:30:46.498 [main] DEBUG o.hibernate.orm.bytecode.interceptor - To-one property `Classes.Ticket#seller` was mapped with LAZY + NO_PROXY but the class was not enhanced
12:30:46.498 [main] DEBUG o.hibernate.orm.bytecode.interceptor - To-one property `Classes.Pass#person` was mapped with LAZY + NO_PROXY but the class was not enhanced
12:30:46.498 [main] DEBUG o.hibernate.orm.bytecode.interceptor - To-one property `Classes.Pass#sellers` was mapped with LAZY + NO_PROXY but the class was not enhanced
12:30:46.507 [main] DEBUG o.h.p.c.AbstractCollectionPersister - Static SQL for collection: Abstract.TicketSeller.tickets
12:30:46.507 [main] DEBUG o.h.p.c.AbstractCollectionPersister -  Row insert: insert into TicketSeller_Ticket (TicketSeller_id, tickets_id) values (?, ?)
12:30:46.507 [main] DEBUG o.h.p.c.AbstractCollectionPersister -  Row update: update TicketSeller_Ticket set tickets_id=? where TicketSeller_id=? and tickets_id=?
12:30:46.507 [main] DEBUG o.h.p.c.AbstractCollectionPersister -  Row delete: delete from TicketSeller_Ticket where TicketSeller_id=? and tickets_id=?
12:30:46.507 [main] DEBUG o.h.p.c.AbstractCollectionPersister -  One-shot delete: delete from TicketSeller_Ticket where TicketSeller_id=?
12:30:46.509 [main] DEBUG o.h.p.c.AbstractCollectionPersister - Static SQL for collection: Abstract.TicketSeller.passes
12:30:46.509 [main] DEBUG o.h.p.c.AbstractCollectionPersister -  Row insert: insert into TicketSeller_Ticket (TicketSeller_id, passes_id) values (?, ?)
12:30:46.509 [main] DEBUG o.h.p.c.AbstractCollectionPersister -  Row update: update TicketSeller_Ticket set passes_id=? where TicketSeller_id=? and passes_id=?
12:30:46.509 [main] DEBUG o.h.p.c.AbstractCollectionPersister -  Row delete: delete from TicketSeller_Ticket where TicketSeller_id=? and passes_id=?
12:30:46.509 [main] DEBUG o.h.p.c.AbstractCollectionPersister -  One-shot delete: delete from TicketSeller_Ticket where TicketSeller_id=?
12:30:46.509 [main] DEBUG o.h.p.c.AbstractCollectionPersister - Static SQL for collection: Classes.Shop.people
12:30:46.509 [main] DEBUG o.h.p.c.AbstractCollectionPersister -  Row insert: insert into TicketSeller_Person (Shop_id, people_id) values (?, ?)
12:30:46.509 [main] DEBUG o.h.p.c.AbstractCollectionPersister -  Row update: update TicketSeller_Person set people_id=? where Shop_id=? and people_id=?
12:30:46.509 [main] DEBUG o.h.p.c.AbstractCollectionPersister -  Row delete: delete from TicketSeller_Person where Shop_id=? and people_id=?
12:30:46.509 [main] DEBUG o.h.p.c.AbstractCollectionPersister -  One-shot delete: delete from TicketSeller_Person where Shop_id=?
12:30:46.511 [main] DEBUG o.h.p.entity.AbstractEntityPersister - Static SQL for entity: Abstract.TicketSeller
12:30:46.511 [main] DEBUG o.h.p.entity.AbstractEntityPersister -  Version select: select id from TicketSeller where id =?
12:30:46.511 [main] DEBUG o.h.p.entity.AbstractEntityPersister -  Snapshot select: select ticketsell_.id, ticketsell_.seller_name as seller_n3_3_ from TicketSeller ticketsell_ where ticketsell_.id=?
12:30:46.511 [main] DEBUG o.h.p.entity.AbstractEntityPersister -  Insert 0: insert into TicketSeller (seller_name, Elementi, id) values (?, 'TicketSeller', ?)
12:30:46.511 [main] DEBUG o.h.p.entity.AbstractEntityPersister -  Update 0: update TicketSeller set seller_name=? where id=?
12:30:46.511 [main] DEBUG o.h.p.entity.AbstractEntityPersister -  Delete 0: delete from TicketSeller where id=?
12:30:46.522 [main] DEBUG o.h.l.p.b.i.spaces.QuerySpacesImpl - Adding QuerySpace : uid = <gen:0> -> org.hibernate.loader.plan.build.internal.spaces.EntityQuerySpaceImpl@76e9f00b]
12:30:46.523 [main] DEBUG o.h.p.w.spi.MetamodelGraphWalker - Visiting attribute path : name
12:30:46.523 [main] DEBUG o.h.p.w.spi.MetamodelGraphWalker - Visiting attribute path : passes
12:30:46.525 [main] DEBUG o.h.l.p.b.i.spaces.QuerySpacesImpl - Adding QuerySpace : uid = <gen:1> -> org.hibernate.loader.plan.build.internal.spaces.CollectionQuerySpaceImpl@3138953b]
12:30:46.525 [main] DEBUG o.h.l.p.b.i.spaces.QuerySpacesImpl - Adding QuerySpace : uid = <gen:2> -> org.hibernate.loader.plan.build.internal.spaces.EntityQuerySpaceImpl@9e54c59]
12:30:46.526 [main] DEBUG o.h.p.w.spi.MetamodelGraphWalker - Visiting attribute path : tickets
12:30:46.526 [main] DEBUG o.h.l.p.b.i.spaces.QuerySpacesImpl - Adding QuerySpace : uid = <gen:3> -> org.hibernate.loader.plan.build.internal.spaces.CollectionQuerySpaceImpl@73c3cd09]
12:30:46.526 [main] DEBUG o.h.l.p.b.i.spaces.QuerySpacesImpl - Adding QuerySpace : uid = <gen:4> -> org.hibernate.loader.plan.build.internal.spaces.EntityQuerySpaceImpl@4a8a0099]
12:30:46.526 [main] DEBUG o.h.p.w.spi.MetamodelGraphWalker - Visiting attribute path : people
12:30:46.526 [main] DEBUG o.h.l.p.b.i.spaces.QuerySpacesImpl - Adding QuerySpace : uid = <gen:5> -> org.hibernate.loader.plan.build.internal.spaces.CollectionQuerySpaceImpl@7c1447b5]
12:30:46.526 [main] DEBUG o.h.l.p.b.i.spaces.QuerySpacesImpl - Adding QuerySpace : uid = <gen:6> -> org.hibernate.loader.plan.build.internal.spaces.EntityQuerySpaceImpl@49e4c2d5]
12:30:46.526 [main] DEBUG o.h.p.w.spi.MetamodelGraphWalker - Visiting attribute path : isWorking
12:30:46.526 [main] DEBUG o.h.l.p.b.i.FetchStyleLoadPlanBuildingAssociationVisitationStrategy - Building LoadPlan...
12:30:46.531 [main] DEBUG o.h.l.p.e.i.LoadQueryJoinAndFetchProcessor - processing queryspace <gen:0>
12:30:46.532 [main] DEBUG o.h.l.p.b.spi.LoadPlanTreePrinter - LoadPlan(entity=Abstract.TicketSeller)
    - Returns
       - EntityReturnImpl(entity=Abstract.TicketSeller, querySpaceUid=<gen:0>, path=Abstract.TicketSeller)
          - CollectionAttributeFetchImpl(collection=Abstract.TicketSeller.passes, querySpaceUid=<gen:1>, path=Abstract.TicketSeller.passes)
             - (collection element) CollectionFetchableElementEntityGraph(entity=Classes.Pass, querySpaceUid=<gen:2>, path=Abstract.TicketSeller.passes.<elements>)
          - CollectionAttributeFetchImpl(collection=Abstract.TicketSeller.tickets, querySpaceUid=<gen:3>, path=Abstract.TicketSeller.tickets)
             - (collection element) CollectionFetchableElementEntityGraph(entity=Classes.Ticket, querySpaceUid=<gen:4>, path=Abstract.TicketSeller.tickets.<elements>)
          - CollectionAttributeFetchImpl(collection=Classes.Shop.people, querySpaceUid=<gen:5>, path=Abstract.TicketSeller.people)
             - (collection element) CollectionFetchableElementEntityGraph(entity=Classes.Person, querySpaceUid=<gen:6>, path=Abstract.TicketSeller.people.<elements>)
    - QuerySpaces
       - EntityQuerySpaceImpl(uid=<gen:0>, entity=Abstract.TicketSeller)
          - SQL table alias mapping - ticketsell0_
          - alias suffix - 0_
          - suffixed key columns - {id2_3_0_}

12:30:46.533 [main] DEBUG o.h.loader.entity.plan.EntityLoader - Static select for entity Abstract.TicketSeller [NONE]: select ticketsell0_.id as id2_3_0_, ticketsell0_.seller_name as seller_n3_3_0_, ticketsell0_.isWorking as isworkin4_3_0_, ticketsell0_.Elementi as elementi1_3_0_ from TicketSeller ticketsell0_ where ticketsell0_.id=?
12:30:46.534 [main] DEBUG o.h.p.entity.AbstractEntityPersister - Static SQL for entity: Classes.Card
12:30:46.534 [main] DEBUG o.h.p.entity.AbstractEntityPersister -  Version select: select id from Card where id =?
12:30:46.534 [main] DEBUG o.h.p.entity.AbstractEntityPersister -  Snapshot select: select card_.id, card_.emissionDate as emission2_0_, card_.expirationDate as expirati3_0_ from Card card_ where card_.id=?
12:30:46.534 [main] DEBUG o.h.p.entity.AbstractEntityPersister -  Insert 0: insert into Card (emissionDate, expirationDate, id) values (?, ?, ?)
12:30:46.534 [main] DEBUG o.h.p.entity.AbstractEntityPersister -  Update 0: update Card set emissionDate=?, expirationDate=? where id=?
12:30:46.534 [main] DEBUG o.h.p.entity.AbstractEntityPersister -  Delete 0: delete from Card where id=?
12:30:46.535 [main] DEBUG o.h.p.entity.AbstractEntityPersister -  Identity insert: insert into Card (emissionDate, expirationDate) values (?, ?)
12:30:46.535 [main] DEBUG o.h.l.p.b.i.spaces.QuerySpacesImpl - Adding QuerySpace : uid = <gen:0> -> org.hibernate.loader.plan.build.internal.spaces.EntityQuerySpaceImpl@68699afc]
12:30:46.535 [main] DEBUG o.h.p.w.spi.MetamodelGraphWalker - Visiting attribute path : emissionDate
12:30:46.535 [main] DEBUG o.h.p.w.spi.MetamodelGraphWalker - Visiting attribute path : expirationDate
12:30:46.535 [main] DEBUG o.h.p.w.spi.MetamodelGraphWalker - Visiting attribute path : person
12:30:46.535 [main] DEBUG o.h.l.p.b.i.spaces.QuerySpacesImpl - Adding QuerySpace : uid = <gen:1> -> org.hibernate.loader.plan.build.internal.spaces.EntityQuerySpaceImpl@1823b9c4]
12:30:46.536 [main] DEBUG o.h.p.w.spi.MetamodelGraphWalker - Visiting attribute path : person.birthdate
12:30:46.536 [main] DEBUG o.h.p.w.spi.MetamodelGraphWalker - Visiting attribute path : person.cardNum
12:30:46.536 [main] DEBUG o.h.p.w.spi.MetamodelGraphWalker - Property path deemed to be circular : person.cardNum
12:30:46.536 [main] DEBUG o.h.p.w.spi.MetamodelGraphWalker - Visiting attribute path : person.firstName
12:30:46.536 [main] DEBUG o.h.p.w.spi.MetamodelGraphWalker - Visiting attribute path : person.lastName
12:30:46.536 [main] DEBUG o.h.l.p.b.i.FetchStyleLoadPlanBuildingAssociationVisitationStrategy - Building LoadPlan...
12:30:46.536 [main] DEBUG o.h.l.p.e.i.LoadQueryJoinAndFetchProcessor - processing queryspace <gen:0>
12:30:46.537 [main] DEBUG o.h.l.p.b.spi.LoadPlanTreePrinter - LoadPlan(entity=Classes.Card)
    - Returns
       - EntityReturnImpl(entity=Classes.Card, querySpaceUid=<gen:0>, path=Classes.Card)
          - EntityAttributeFetchImpl(entity=Classes.Person, querySpaceUid=<gen:1>, path=Classes.Card.person)
    - QuerySpaces
       - EntityQuerySpaceImpl(uid=<gen:0>, entity=Classes.Card)
          - SQL table alias mapping - card0_
          - alias suffix - 0_
          - suffixed key columns - {id1_0_0_}
          - JOIN (JoinDefinedByMetadata(person)) : <gen:0> -> <gen:1>
             - EntityQuerySpaceImpl(uid=<gen:1>, entity=Classes.Person)
                - SQL table alias mapping - person1_
                - alias suffix - 1_
                - suffixed key columns - {id1_1_1_}

12:30:46.537 [main] DEBUG o.h.loader.entity.plan.EntityLoader - Static select for entity Classes.Card [NONE]: select card0_.id as id1_0_0_, card0_.emissionDate as emission2_0_0_, card0_.expirationDate as expirati3_0_0_, person1_.id as id1_1_1_, person1_.birthdate as birthdat2_1_1_, person1_.cardNum_id as cardnum_5_1_1_, person1_.firstName as firstnam3_1_1_, person1_.lastName as lastname4_1_1_ from Card card0_ left outer join Person person1_ on card0_.id=person1_.cardNum_id where card0_.id=?
12:30:46.537 [main] DEBUG o.h.p.entity.AbstractEntityPersister - Static SQL for entity: Classes.Person
12:30:46.537 [main] DEBUG o.h.p.entity.AbstractEntityPersister -  Version select: select id from Person where id =?
12:30:46.537 [main] DEBUG o.h.p.entity.AbstractEntityPersister -  Snapshot select: select person_.id, person_.birthdate as birthdat2_1_, person_.cardNum_id as cardnum_5_1_, person_.firstName as firstnam3_1_, person_.lastName as lastname4_1_ from Person person_ where person_.id=?
12:30:46.537 [main] DEBUG o.h.p.entity.AbstractEntityPersister -  Insert 0: insert into Person (birthdate, cardNum_id, firstName, lastName, id) values (?, ?, ?, ?, ?)
12:30:46.537 [main] DEBUG o.h.p.entity.AbstractEntityPersister -  Update 0: update Person set birthdate=?, cardNum_id=?, firstName=?, lastName=? where id=?
12:30:46.537 [main] DEBUG o.h.p.entity.AbstractEntityPersister -  Delete 0: delete from Person where id=?
12:30:46.537 [main] DEBUG o.h.p.entity.AbstractEntityPersister -  Identity insert: insert into Person (birthdate, cardNum_id, firstName, lastName) values (?, ?, ?, ?)
12:30:46.537 [main] DEBUG o.h.l.p.b.i.spaces.QuerySpacesImpl - Adding QuerySpace : uid = <gen:0> -> org.hibernate.loader.plan.build.internal.spaces.EntityQuerySpaceImpl@2ffb3aec]
12:30:46.537 [main] DEBUG o.h.p.w.spi.MetamodelGraphWalker - Visiting attribute path : birthdate
12:30:46.537 [main] DEBUG o.h.p.w.spi.MetamodelGraphWalker - Visiting attribute path : cardNum
12:30:46.537 [main] DEBUG o.h.l.p.b.i.spaces.QuerySpacesImpl - Adding QuerySpace : uid = <gen:1> -> org.hibernate.loader.plan.build.internal.spaces.EntityQuerySpaceImpl@46039a21]
12:30:46.537 [main] DEBUG o.h.p.w.spi.MetamodelGraphWalker - Visiting attribute path : cardNum.emissionDate
12:30:46.537 [main] DEBUG o.h.p.w.spi.MetamodelGraphWalker - Visiting attribute path : cardNum.expirationDate
12:30:46.537 [main] DEBUG o.h.p.w.spi.MetamodelGraphWalker - Visiting attribute path : cardNum.person
12:30:46.537 [main] DEBUG o.h.p.w.spi.MetamodelGraphWalker - Property path deemed to be circular : cardNum.person
12:30:46.537 [main] DEBUG o.h.p.w.spi.MetamodelGraphWalker - Visiting attribute path : firstName
12:30:46.537 [main] DEBUG o.h.p.w.spi.MetamodelGraphWalker - Visiting attribute path : lastName
12:30:46.537 [main] DEBUG o.h.l.p.b.i.FetchStyleLoadPlanBuildingAssociationVisitationStrategy - Building LoadPlan...
12:30:46.537 [main] DEBUG o.h.l.p.e.i.LoadQueryJoinAndFetchProcessor - processing queryspace <gen:0>
12:30:46.537 [main] DEBUG o.h.l.p.b.spi.LoadPlanTreePrinter - LoadPlan(entity=Classes.Person)
    - Returns
       - EntityReturnImpl(entity=Classes.Person, querySpaceUid=<gen:0>, path=Classes.Person)
          - EntityAttributeFetchImpl(entity=Classes.Card, querySpaceUid=<gen:1>, path=Classes.Person.cardNum)
    - QuerySpaces
       - EntityQuerySpaceImpl(uid=<gen:0>, entity=Classes.Person)
          - SQL table alias mapping - person0_
          - alias suffix - 0_
          - suffixed key columns - {id1_1_0_}
          - JOIN (JoinDefinedByMetadata(cardNum)) : <gen:0> -> <gen:1>
             - EntityQuerySpaceImpl(uid=<gen:1>, entity=Classes.Card)
                - SQL table alias mapping - card1_
                - alias suffix - 1_
                - suffixed key columns - {id1_0_1_}

12:30:46.539 [main] DEBUG o.h.loader.entity.plan.EntityLoader - Static select for entity Classes.Person [NONE]: select person0_.id as id1_1_0_, person0_.birthdate as birthdat2_1_0_, person0_.cardNum_id as cardnum_5_1_0_, person0_.firstName as firstnam3_1_0_, person0_.lastName as lastname4_1_0_, card1_.id as id1_0_1_, card1_.emissionDate as emission2_0_1_, card1_.expirationDate as expirati3_0_1_ from Person person0_ left outer join Card card1_ on person0_.cardNum_id=card1_.id where person0_.id=?
12:30:46.544 [main] DEBUG org.hibernate.loader.Loader - Static select for entity Classes.Person [NONE]: select person0_.id as id1_1_1_, person0_.birthdate as birthdat2_1_1_, person0_.cardNum_id as cardnum_5_1_1_, person0_.firstName as firstnam3_1_1_, person0_.lastName as lastname4_1_1_, card1_.id as id1_0_0_, card1_.emissionDate as emission2_0_0_, card1_.expirationDate as expirati3_0_0_ from Person person0_ left outer join Card card1_ on person0_.cardNum_id=card1_.id where person0_.cardNum_id=?
12:30:46.544 [main] DEBUG o.h.p.entity.AbstractEntityPersister - Static SQL for entity: Classes.Pass
12:30:46.544 [main] DEBUG o.h.p.entity.AbstractEntityPersister -  Version select: select id from Ticket where id =?
12:30:46.544 [main] DEBUG o.h.p.entity.AbstractEntityPersister -  Snapshot select: select pass_.id, pass_.seller_id as seller_i4_2_, pass_.person_id as person_i5_2_, pass_.sellers_id as sellers_6_2_, pass_.validity as validity3_2_ from Ticket pass_ where pass_.id=?
12:30:46.544 [main] DEBUG o.h.p.entity.AbstractEntityPersister -  Insert 0: insert into Ticket (seller_id, person_id, sellers_id, validity, DTYPE, id) values (?, ?, ?, ?, 'Pass', ?)
12:30:46.544 [main] DEBUG o.h.p.entity.AbstractEntityPersister -  Update 0: update Ticket set seller_id=?, person_id=?, sellers_id=?, validity=? where id=?
12:30:46.544 [main] DEBUG o.h.p.entity.AbstractEntityPersister -  Delete 0: delete from Ticket where id=?
12:30:46.544 [main] DEBUG o.h.p.entity.AbstractEntityPersister -  Identity insert: insert into Ticket (seller_id, person_id, sellers_id, validity, DTYPE) values (?, ?, ?, ?, 'Pass')
12:30:46.544 [main] DEBUG o.h.l.p.b.i.spaces.QuerySpacesImpl - Adding QuerySpace : uid = <gen:0> -> org.hibernate.loader.plan.build.internal.spaces.EntityQuerySpaceImpl@276cc8dc]
12:30:46.544 [main] DEBUG o.h.p.w.spi.MetamodelGraphWalker - Visiting attribute path : seller
12:30:46.544 [main] DEBUG o.h.l.p.b.i.spaces.QuerySpacesImpl - Adding QuerySpace : uid = <gen:1> -> org.hibernate.loader.plan.build.internal.spaces.EntityQuerySpaceImpl@d3f4505]
12:30:46.544 [main] DEBUG o.h.p.w.spi.MetamodelGraphWalker - Visiting attribute path : seller.name
12:30:46.544 [main] DEBUG o.h.p.w.spi.MetamodelGraphWalker - Visiting attribute path : seller.passes
12:30:46.544 [main] DEBUG o.h.l.p.b.i.spaces.QuerySpacesImpl - Adding QuerySpace : uid = <gen:2> -> org.hibernate.loader.plan.build.internal.spaces.CollectionQuerySpaceImpl@7fd987ef]
12:30:46.544 [main] DEBUG o.h.l.p.b.i.spaces.QuerySpacesImpl - Adding QuerySpace : uid = <gen:3> -> org.hibernate.loader.plan.build.internal.spaces.EntityQuerySpaceImpl@7209ffb5]
12:30:46.544 [main] DEBUG o.h.p.w.spi.MetamodelGraphWalker - Visiting attribute path : seller.tickets
12:30:46.545 [main] DEBUG o.h.l.p.b.i.spaces.QuerySpacesImpl - Adding QuerySpace : uid = <gen:4> -> org.hibernate.loader.plan.build.internal.spaces.CollectionQuerySpaceImpl@5e99b9c]
12:30:46.545 [main] DEBUG o.h.l.p.b.i.spaces.QuerySpacesImpl - Adding QuerySpace : uid = <gen:5> -> org.hibernate.loader.plan.build.internal.spaces.EntityQuerySpaceImpl@2fe74516]
12:30:46.545 [main] DEBUG o.h.p.w.spi.MetamodelGraphWalker - Visiting attribute path : seller.people
12:30:46.545 [main] DEBUG o.h.l.p.b.i.spaces.QuerySpacesImpl - Adding QuerySpace : uid = <gen:6> -> org.hibernate.loader.plan.build.internal.spaces.CollectionQuerySpaceImpl@1c3259fa]
12:30:46.545 [main] DEBUG o.h.l.p.b.i.spaces.QuerySpacesImpl - Adding QuerySpace : uid = <gen:7> -> org.hibernate.loader.plan.build.internal.spaces.EntityQuerySpaceImpl@217bf99e]
12:30:46.545 [main] DEBUG o.h.p.w.spi.MetamodelGraphWalker - Visiting attribute path : seller.isWorking
12:30:46.545 [main] DEBUG o.h.p.w.spi.MetamodelGraphWalker - Visiting attribute path : person
12:30:46.545 [main] DEBUG o.h.l.p.b.i.spaces.QuerySpacesImpl - Adding QuerySpace : uid = <gen:8> -> org.hibernate.loader.plan.build.internal.spaces.EntityQuerySpaceImpl@6807a356]
12:30:46.545 [main] DEBUG o.h.p.w.spi.MetamodelGraphWalker - Visiting attribute path : person.birthdate
12:30:46.545 [main] DEBUG o.h.p.w.spi.MetamodelGraphWalker - Visiting attribute path : person.cardNum
12:30:46.545 [main] DEBUG o.h.l.p.b.i.spaces.QuerySpacesImpl - Adding QuerySpace : uid = <gen:9> -> org.hibernate.loader.plan.build.internal.spaces.EntityQuerySpaceImpl@73aeef7d]
12:30:46.545 [main] DEBUG o.h.p.w.spi.MetamodelGraphWalker - Visiting attribute path : person.cardNum.emissionDate
12:30:46.545 [main] DEBUG o.h.p.w.spi.MetamodelGraphWalker - Visiting attribute path : person.cardNum.expirationDate
12:30:46.545 [main] DEBUG o.h.p.w.spi.MetamodelGraphWalker - Visiting attribute path : person.cardNum.person
12:30:46.545 [main] DEBUG o.h.p.w.spi.MetamodelGraphWalker - Property path deemed to be circular : person.cardNum.person
12:30:46.545 [main] DEBUG o.h.p.w.spi.MetamodelGraphWalker - Visiting attribute path : person.firstName
12:30:46.545 [main] DEBUG o.h.p.w.spi.MetamodelGraphWalker - Visiting attribute path : person.lastName
12:30:46.545 [main] DEBUG o.h.p.w.spi.MetamodelGraphWalker - Visiting attribute path : sellers
12:30:46.545 [main] DEBUG o.h.l.p.b.i.spaces.QuerySpacesImpl - Adding QuerySpace : uid = <gen:10> -> org.hibernate.loader.plan.build.internal.spaces.EntityQuerySpaceImpl@58af5076]
12:30:46.545 [main] DEBUG o.h.p.w.spi.MetamodelGraphWalker - Visiting attribute path : sellers.name
12:30:46.545 [main] DEBUG o.h.p.w.spi.MetamodelGraphWalker - Visiting attribute path : sellers.passes
12:30:46.545 [main] DEBUG o.h.l.p.b.i.spaces.QuerySpacesImpl - Adding QuerySpace : uid = <gen:11> -> org.hibernate.loader.plan.build.internal.spaces.CollectionQuerySpaceImpl@4d9754a8]
12:30:46.545 [main] DEBUG o.h.l.p.b.i.spaces.QuerySpacesImpl - Adding QuerySpace : uid = <gen:12> -> org.hibernate.loader.plan.build.internal.spaces.EntityQuerySpaceImpl@7a3b7122]
12:30:46.545 [main] DEBUG o.h.p.w.spi.MetamodelGraphWalker - Visiting attribute path : sellers.tickets
12:30:46.545 [main] DEBUG o.h.l.p.b.i.spaces.QuerySpacesImpl - Adding QuerySpace : uid = <gen:13> -> org.hibernate.loader.plan.build.internal.spaces.CollectionQuerySpaceImpl@58b5a2f3]
12:30:46.545 [main] DEBUG o.h.l.p.b.i.spaces.QuerySpacesImpl - Adding QuerySpace : uid = <gen:14> -> org.hibernate.loader.plan.build.internal.spaces.EntityQuerySpaceImpl@25f15f50]
12:30:46.545 [main] DEBUG o.h.p.w.spi.MetamodelGraphWalker - Visiting attribute path : sellers.people
12:30:46.545 [main] DEBUG o.h.l.p.b.i.spaces.QuerySpacesImpl - Adding QuerySpace : uid = <gen:15> -> org.hibernate.loader.plan.build.internal.spaces.CollectionQuerySpaceImpl@52b46d52]
12:30:46.546 [main] DEBUG o.h.l.p.b.i.spaces.QuerySpacesImpl - Adding QuerySpace : uid = <gen:16> -> org.hibernate.loader.plan.build.internal.spaces.EntityQuerySpaceImpl@7327a447]
12:30:46.546 [main] DEBUG o.h.p.w.spi.MetamodelGraphWalker - Visiting attribute path : sellers.isWorking
12:30:46.546 [main] DEBUG o.h.p.w.spi.MetamodelGraphWalker - Visiting attribute path : validity
12:30:46.546 [main] DEBUG o.h.l.p.b.i.FetchStyleLoadPlanBuildingAssociationVisitationStrategy - Building LoadPlan...
12:30:46.546 [main] DEBUG o.h.l.p.e.i.LoadQueryJoinAndFetchProcessor - processing queryspace <gen:0>
12:30:46.546 [main] DEBUG o.h.l.p.b.spi.LoadPlanTreePrinter - LoadPlan(entity=Classes.Pass)
    - Returns
       - EntityReturnImpl(entity=Classes.Pass, querySpaceUid=<gen:0>, path=Classes.Pass)
          - EntityAttributeFetchImpl(entity=Abstract.TicketSeller, querySpaceUid=<gen:1>, path=Classes.Pass.seller)
             - CollectionAttributeFetchImpl(collection=Abstract.TicketSeller.passes, querySpaceUid=<gen:2>, path=Classes.Pass.seller.passes)
                - (collection element) CollectionFetchableElementEntityGraph(entity=Classes.Pass, querySpaceUid=<gen:3>, path=Classes.Pass.seller.passes.<elements>)
             - CollectionAttributeFetchImpl(collection=Abstract.TicketSeller.tickets, querySpaceUid=<gen:4>, path=Classes.Pass.seller.tickets)
                - (collection element) CollectionFetchableElementEntityGraph(entity=Classes.Ticket, querySpaceUid=<gen:5>, path=Classes.Pass.seller.tickets.<elements>)
             - CollectionAttributeFetchImpl(collection=Classes.Shop.people, querySpaceUid=<gen:6>, path=Classes.Pass.seller.people)
                - (collection element) CollectionFetchableElementEntityGraph(entity=Classes.Person, querySpaceUid=<gen:7>, path=Classes.Pass.seller.people.<elements>)
          - EntityAttributeFetchImpl(entity=Classes.Person, querySpaceUid=<gen:8>, path=Classes.Pass.person)
             - EntityAttributeFetchImpl(entity=Classes.Card, querySpaceUid=<gen:9>, path=Classes.Pass.person.cardNum)
          - EntityAttributeFetchImpl(entity=Abstract.TicketSeller, querySpaceUid=<gen:10>, path=Classes.Pass.sellers)
             - CollectionAttributeFetchImpl(collection=Abstract.TicketSeller.passes, querySpaceUid=<gen:11>, path=Classes.Pass.sellers.passes)
                - (collection element) CollectionFetchableElementEntityGraph(entity=Classes.Pass, querySpaceUid=<gen:12>, path=Classes.Pass.sellers.passes.<elements>)
             - CollectionAttributeFetchImpl(collection=Abstract.TicketSeller.tickets, querySpaceUid=<gen:13>, path=Classes.Pass.sellers.tickets)
                - (collection element) CollectionFetchableElementEntityGraph(entity=Classes.Ticket, querySpaceUid=<gen:14>, path=Classes.Pass.sellers.tickets.<elements>)
             - CollectionAttributeFetchImpl(collection=Classes.Shop.people, querySpaceUid=<gen:15>, path=Classes.Pass.sellers.people)
                - (collection element) CollectionFetchableElementEntityGraph(entity=Classes.Person, querySpaceUid=<gen:16>, path=Classes.Pass.sellers.people.<elements>)
    - QuerySpaces
       - EntityQuerySpaceImpl(uid=<gen:0>, entity=Classes.Pass)
          - SQL table alias mapping - pass0_
          - alias suffix - 0_
          - suffixed key columns - {id2_2_0_}
          - JOIN (JoinDefinedByMetadata(seller)) : <gen:0> -> <gen:1>
             - EntityQuerySpaceImpl(uid=<gen:1>, entity=Abstract.TicketSeller)
                - SQL table alias mapping - ticketsell1_
                - alias suffix - 1_
                - suffixed key columns - {id2_3_1_}
          - JOIN (JoinDefinedByMetadata(person)) : <gen:0> -> <gen:8>
             - EntityQuerySpaceImpl(uid=<gen:8>, entity=Classes.Person)
                - SQL table alias mapping - person2_
                - alias suffix - 2_
                - suffixed key columns - {id1_1_2_}
                - JOIN (JoinDefinedByMetadata(cardNum)) : <gen:8> -> <gen:9>
                   - EntityQuerySpaceImpl(uid=<gen:9>, entity=Classes.Card)
                      - SQL table alias mapping - card3_
                      - alias suffix - 3_
                      - suffixed key columns - {id1_0_3_}
          - JOIN (JoinDefinedByMetadata(sellers)) : <gen:0> -> <gen:10>
             - EntityQuerySpaceImpl(uid=<gen:10>, entity=Abstract.TicketSeller)
                - SQL table alias mapping - ticketsell4_
                - alias suffix - 4_
                - suffixed key columns - {id2_3_4_}

12:30:46.546 [main] DEBUG o.h.loader.entity.plan.EntityLoader - Static select for entity Classes.Pass [NONE]: select pass0_.id as id2_2_0_, pass0_.seller_id as seller_i4_2_0_, pass0_.person_id as person_i5_2_0_, pass0_.sellers_id as sellers_6_2_0_, pass0_.validity as validity3_2_0_, ticketsell1_.id as id2_3_1_, ticketsell1_.seller_name as seller_n3_3_1_, ticketsell1_.isWorking as isworkin4_3_1_, ticketsell1_.Elementi as elementi1_3_1_, person2_.id as id1_1_2_, person2_.birthdate as birthdat2_1_2_, person2_.cardNum_id as cardnum_5_1_2_, person2_.firstName as firstnam3_1_2_, person2_.lastName as lastname4_1_2_, card3_.id as id1_0_3_, card3_.emissionDate as emission2_0_3_, card3_.expirationDate as expirati3_0_3_, ticketsell4_.id as id2_3_4_, ticketsell4_.seller_name as seller_n3_3_4_, ticketsell4_.isWorking as isworkin4_3_4_, ticketsell4_.Elementi as elementi1_3_4_ from Ticket pass0_ left outer join TicketSeller ticketsell1_ on pass0_.seller_id=ticketsell1_.id left outer join Person person2_ on pass0_.person_id=person2_.id left outer join Card card3_ on person2_.cardNum_id=card3_.id left outer join TicketSeller ticketsell4_ on pass0_.sellers_id=ticketsell4_.id where pass0_.id=? and pass0_.DTYPE='Pass'
12:30:46.546 [main] DEBUG o.h.p.entity.AbstractEntityPersister - Static SQL for entity: Classes.Shop
12:30:46.546 [main] DEBUG o.h.p.entity.AbstractEntityPersister -  Version select: select id from TicketSeller where id =?
12:30:46.546 [main] DEBUG o.h.p.entity.AbstractEntityPersister -  Snapshot select: select shop_.id, shop_.seller_name as seller_n3_3_ from TicketSeller shop_ where shop_.id=?
12:30:46.546 [main] DEBUG o.h.p.entity.AbstractEntityPersister -  Insert 0: insert into TicketSeller (seller_name, Elementi, id) values (?, 'shop', ?)
12:30:46.546 [main] DEBUG o.h.p.entity.AbstractEntityPersister -  Update 0: update TicketSeller set seller_name=? where id=?
12:30:46.546 [main] DEBUG o.h.p.entity.AbstractEntityPersister -  Delete 0: delete from TicketSeller where id=?
12:30:46.546 [main] DEBUG o.h.l.p.b.i.spaces.QuerySpacesImpl - Adding QuerySpace : uid = <gen:0> -> org.hibernate.loader.plan.build.internal.spaces.EntityQuerySpaceImpl@67022ea]
12:30:46.546 [main] DEBUG o.h.p.w.spi.MetamodelGraphWalker - Visiting attribute path : name
12:30:46.546 [main] DEBUG o.h.p.w.spi.MetamodelGraphWalker - Visiting attribute path : passes
12:30:46.546 [main] DEBUG o.h.l.p.b.i.spaces.QuerySpacesImpl - Adding QuerySpace : uid = <gen:1> -> org.hibernate.loader.plan.build.internal.spaces.CollectionQuerySpaceImpl@58fbd02e]
12:30:46.546 [main] DEBUG o.h.l.p.b.i.spaces.QuerySpacesImpl - Adding QuerySpace : uid = <gen:2> -> org.hibernate.loader.plan.build.internal.spaces.EntityQuerySpaceImpl@163042ea]
12:30:46.546 [main] DEBUG o.h.p.w.spi.MetamodelGraphWalker - Visiting attribute path : tickets
12:30:46.546 [main] DEBUG o.h.l.p.b.i.spaces.QuerySpacesImpl - Adding QuerySpace : uid = <gen:3> -> org.hibernate.loader.plan.build.internal.spaces.CollectionQuerySpaceImpl@11d045b4]
12:30:46.546 [main] DEBUG o.h.l.p.b.i.spaces.QuerySpacesImpl - Adding QuerySpace : uid = <gen:4> -> org.hibernate.loader.plan.build.internal.spaces.EntityQuerySpaceImpl@1fbf088b]
12:30:46.546 [main] DEBUG o.h.p.w.spi.MetamodelGraphWalker - Visiting attribute path : people
12:30:46.546 [main] DEBUG o.h.l.p.b.i.spaces.QuerySpacesImpl - Adding QuerySpace : uid = <gen:5> -> org.hibernate.loader.plan.build.internal.spaces.CollectionQuerySpaceImpl@1943c1f2]
12:30:46.546 [main] DEBUG o.h.l.p.b.i.spaces.QuerySpacesImpl - Adding QuerySpace : uid = <gen:6> -> org.hibernate.loader.plan.build.internal.spaces.EntityQuerySpaceImpl@d70f722]
12:30:46.546 [main] DEBUG o.h.l.p.b.i.FetchStyleLoadPlanBuildingAssociationVisitationStrategy - Building LoadPlan...
12:30:46.547 [main] DEBUG o.h.l.p.e.i.LoadQueryJoinAndFetchProcessor - processing queryspace <gen:0>
12:30:46.547 [main] DEBUG o.h.l.p.b.spi.LoadPlanTreePrinter - LoadPlan(entity=Classes.Shop)
    - Returns
       - EntityReturnImpl(entity=Classes.Shop, querySpaceUid=<gen:0>, path=Classes.Shop)
          - CollectionAttributeFetchImpl(collection=Abstract.TicketSeller.passes, querySpaceUid=<gen:1>, path=Classes.Shop.passes)
             - (collection element) CollectionFetchableElementEntityGraph(entity=Classes.Pass, querySpaceUid=<gen:2>, path=Classes.Shop.passes.<elements>)
          - CollectionAttributeFetchImpl(collection=Abstract.TicketSeller.tickets, querySpaceUid=<gen:3>, path=Classes.Shop.tickets)
             - (collection element) CollectionFetchableElementEntityGraph(entity=Classes.Ticket, querySpaceUid=<gen:4>, path=Classes.Shop.tickets.<elements>)
          - CollectionAttributeFetchImpl(collection=Classes.Shop.people, querySpaceUid=<gen:5>, path=Classes.Shop.people)
             - (collection element) CollectionFetchableElementEntityGraph(entity=Classes.Person, querySpaceUid=<gen:6>, path=Classes.Shop.people.<elements>)
    - QuerySpaces
       - EntityQuerySpaceImpl(uid=<gen:0>, entity=Classes.Shop)
          - SQL table alias mapping - shop0_
          - alias suffix - 0_
          - suffixed key columns - {id2_3_0_}

12:30:46.547 [main] DEBUG o.h.loader.entity.plan.EntityLoader - Static select for entity Classes.Shop [NONE]: select shop0_.id as id2_3_0_, shop0_.seller_name as seller_n3_3_0_ from TicketSeller shop0_ where shop0_.id=? and shop0_.Elementi='shop'
12:30:46.547 [main] DEBUG o.h.p.entity.AbstractEntityPersister - Static SQL for entity: Classes.Ticket
12:30:46.547 [main] DEBUG o.h.p.entity.AbstractEntityPersister -  Version select: select id from Ticket where id =?
12:30:46.547 [main] DEBUG o.h.p.entity.AbstractEntityPersister -  Snapshot select: select ticket_.id, ticket_.seller_id as seller_i4_2_ from Ticket ticket_ where ticket_.id=?
12:30:46.547 [main] DEBUG o.h.p.entity.AbstractEntityPersister -  Insert 0: insert into Ticket (seller_id, DTYPE, id) values (?, 'Ticket', ?)
12:30:46.547 [main] DEBUG o.h.p.entity.AbstractEntityPersister -  Update 0: update Ticket set seller_id=? where id=?
12:30:46.547 [main] DEBUG o.h.p.entity.AbstractEntityPersister -  Delete 0: delete from Ticket where id=?
12:30:46.547 [main] DEBUG o.h.p.entity.AbstractEntityPersister -  Identity insert: insert into Ticket (seller_id, DTYPE) values (?, 'Ticket')
12:30:46.547 [main] DEBUG o.h.l.p.b.i.spaces.QuerySpacesImpl - Adding QuerySpace : uid = <gen:0> -> org.hibernate.loader.plan.build.internal.spaces.EntityQuerySpaceImpl@1e1eeedd]
12:30:46.547 [main] DEBUG o.h.p.w.spi.MetamodelGraphWalker - Visiting attribute path : seller
12:30:46.547 [main] DEBUG o.h.l.p.b.i.spaces.QuerySpacesImpl - Adding QuerySpace : uid = <gen:1> -> org.hibernate.loader.plan.build.internal.spaces.EntityQuerySpaceImpl@7ec95456]
12:30:46.547 [main] DEBUG o.h.p.w.spi.MetamodelGraphWalker - Visiting attribute path : seller.name
12:30:46.547 [main] DEBUG o.h.p.w.spi.MetamodelGraphWalker - Visiting attribute path : seller.passes
12:30:46.547 [main] DEBUG o.h.l.p.b.i.spaces.QuerySpacesImpl - Adding QuerySpace : uid = <gen:2> -> org.hibernate.loader.plan.build.internal.spaces.CollectionQuerySpaceImpl@1d8b0500]
12:30:46.547 [main] DEBUG o.h.l.p.b.i.spaces.QuerySpacesImpl - Adding QuerySpace : uid = <gen:3> -> org.hibernate.loader.plan.build.internal.spaces.EntityQuerySpaceImpl@76544c0a]
12:30:46.547 [main] DEBUG o.h.p.w.spi.MetamodelGraphWalker - Visiting attribute path : seller.tickets
12:30:46.547 [main] DEBUG o.h.l.p.b.i.spaces.QuerySpacesImpl - Adding QuerySpace : uid = <gen:4> -> org.hibernate.loader.plan.build.internal.spaces.CollectionQuerySpaceImpl@428bdd72]
12:30:46.547 [main] DEBUG o.h.l.p.b.i.spaces.QuerySpacesImpl - Adding QuerySpace : uid = <gen:5> -> org.hibernate.loader.plan.build.internal.spaces.EntityQuerySpaceImpl@650c405c]
12:30:46.547 [main] DEBUG o.h.p.w.spi.MetamodelGraphWalker - Visiting attribute path : seller.people
12:30:46.548 [main] DEBUG o.h.l.p.b.i.spaces.QuerySpacesImpl - Adding QuerySpace : uid = <gen:6> -> org.hibernate.loader.plan.build.internal.spaces.CollectionQuerySpaceImpl@20eaeaf8]
12:30:46.548 [main] DEBUG o.h.l.p.b.i.spaces.QuerySpacesImpl - Adding QuerySpace : uid = <gen:7> -> org.hibernate.loader.plan.build.internal.spaces.EntityQuerySpaceImpl@748ac6f3]
12:30:46.548 [main] DEBUG o.h.p.w.spi.MetamodelGraphWalker - Visiting attribute path : seller.isWorking
12:30:46.548 [main] DEBUG o.h.p.w.spi.MetamodelGraphWalker - Visiting attribute path : person
12:30:46.548 [main] DEBUG o.h.l.p.b.i.spaces.QuerySpacesImpl - Adding QuerySpace : uid = <gen:8> -> org.hibernate.loader.plan.build.internal.spaces.EntityQuerySpaceImpl@68f6e55d]
12:30:46.548 [main] DEBUG o.h.p.w.spi.MetamodelGraphWalker - Visiting attribute path : person.birthdate
12:30:46.548 [main] DEBUG o.h.p.w.spi.MetamodelGraphWalker - Visiting attribute path : person.cardNum
12:30:46.548 [main] DEBUG o.h.l.p.b.i.spaces.QuerySpacesImpl - Adding QuerySpace : uid = <gen:9> -> org.hibernate.loader.plan.build.internal.spaces.EntityQuerySpaceImpl@1835dc92]
12:30:46.548 [main] DEBUG o.h.p.w.spi.MetamodelGraphWalker - Visiting attribute path : person.cardNum.emissionDate
12:30:46.548 [main] DEBUG o.h.p.w.spi.MetamodelGraphWalker - Visiting attribute path : person.cardNum.expirationDate
12:30:46.548 [main] DEBUG o.h.p.w.spi.MetamodelGraphWalker - Visiting attribute path : person.cardNum.person
12:30:46.548 [main] DEBUG o.h.p.w.spi.MetamodelGraphWalker - Property path deemed to be circular : person.cardNum.person
12:30:46.548 [main] DEBUG o.h.p.w.spi.MetamodelGraphWalker - Visiting attribute path : person.firstName
12:30:46.548 [main] DEBUG o.h.p.w.spi.MetamodelGraphWalker - Visiting attribute path : person.lastName
12:30:46.548 [main] DEBUG o.h.p.w.spi.MetamodelGraphWalker - Visiting attribute path : sellers
12:30:46.548 [main] DEBUG o.h.l.p.b.i.spaces.QuerySpacesImpl - Adding QuerySpace : uid = <gen:10> -> org.hibernate.loader.plan.build.internal.spaces.EntityQuerySpaceImpl@65a9ea3c]
12:30:46.548 [main] DEBUG o.h.p.w.spi.MetamodelGraphWalker - Visiting attribute path : sellers.name
12:30:46.548 [main] DEBUG o.h.p.w.spi.MetamodelGraphWalker - Visiting attribute path : sellers.passes
12:30:46.548 [main] DEBUG o.h.l.p.b.i.spaces.QuerySpacesImpl - Adding QuerySpace : uid = <gen:11> -> org.hibernate.loader.plan.build.internal.spaces.CollectionQuerySpaceImpl@46911148]
12:30:46.548 [main] DEBUG o.h.l.p.b.i.spaces.QuerySpacesImpl - Adding QuerySpace : uid = <gen:12> -> org.hibernate.loader.plan.build.internal.spaces.EntityQuerySpaceImpl@2db1b657]
12:30:46.548 [main] DEBUG o.h.p.w.spi.MetamodelGraphWalker - Visiting attribute path : sellers.tickets
12:30:46.548 [main] DEBUG o.h.l.p.b.i.spaces.QuerySpacesImpl - Adding QuerySpace : uid = <gen:13> -> org.hibernate.loader.plan.build.internal.spaces.CollectionQuerySpaceImpl@7e351d7]
12:30:46.548 [main] DEBUG o.h.l.p.b.i.spaces.QuerySpacesImpl - Adding QuerySpace : uid = <gen:14> -> org.hibernate.loader.plan.build.internal.spaces.EntityQuerySpaceImpl@43c57161]
12:30:46.548 [main] DEBUG o.h.p.w.spi.MetamodelGraphWalker - Visiting attribute path : sellers.people
12:30:46.548 [main] DEBUG o.h.l.p.b.i.spaces.QuerySpacesImpl - Adding QuerySpace : uid = <gen:15> -> org.hibernate.loader.plan.build.internal.spaces.CollectionQuerySpaceImpl@d902300]
12:30:46.548 [main] DEBUG o.h.l.p.b.i.spaces.QuerySpacesImpl - Adding QuerySpace : uid = <gen:16> -> org.hibernate.loader.plan.build.internal.spaces.EntityQuerySpaceImpl@2db33feb]
12:30:46.548 [main] DEBUG o.h.p.w.spi.MetamodelGraphWalker - Visiting attribute path : sellers.isWorking
12:30:46.548 [main] DEBUG o.h.p.w.spi.MetamodelGraphWalker - Visiting attribute path : validity
12:30:46.548 [main] DEBUG o.h.l.p.b.i.FetchStyleLoadPlanBuildingAssociationVisitationStrategy - Building LoadPlan...
12:30:46.549 [main] DEBUG o.h.l.p.e.i.LoadQueryJoinAndFetchProcessor - processing queryspace <gen:0>
12:30:46.549 [main] DEBUG o.h.l.p.b.spi.LoadPlanTreePrinter - LoadPlan(entity=Classes.Ticket)
    - Returns
       - EntityReturnImpl(entity=Classes.Ticket, querySpaceUid=<gen:0>, path=Classes.Ticket)
          - EntityAttributeFetchImpl(entity=Abstract.TicketSeller, querySpaceUid=<gen:1>, path=Classes.Ticket.seller)
             - CollectionAttributeFetchImpl(collection=Abstract.TicketSeller.passes, querySpaceUid=<gen:2>, path=Classes.Ticket.seller.passes)
                - (collection element) CollectionFetchableElementEntityGraph(entity=Classes.Pass, querySpaceUid=<gen:3>, path=Classes.Ticket.seller.passes.<elements>)
             - CollectionAttributeFetchImpl(collection=Abstract.TicketSeller.tickets, querySpaceUid=<gen:4>, path=Classes.Ticket.seller.tickets)
                - (collection element) CollectionFetchableElementEntityGraph(entity=Classes.Ticket, querySpaceUid=<gen:5>, path=Classes.Ticket.seller.tickets.<elements>)
             - CollectionAttributeFetchImpl(collection=Classes.Shop.people, querySpaceUid=<gen:6>, path=Classes.Ticket.seller.people)
                - (collection element) CollectionFetchableElementEntityGraph(entity=Classes.Person, querySpaceUid=<gen:7>, path=Classes.Ticket.seller.people.<elements>)
          - EntityAttributeFetchImpl(entity=Classes.Person, querySpaceUid=<gen:8>, path=Classes.Ticket.person)
             - EntityAttributeFetchImpl(entity=Classes.Card, querySpaceUid=<gen:9>, path=Classes.Ticket.person.cardNum)
          - EntityAttributeFetchImpl(entity=Abstract.TicketSeller, querySpaceUid=<gen:10>, path=Classes.Ticket.sellers)
             - CollectionAttributeFetchImpl(collection=Abstract.TicketSeller.passes, querySpaceUid=<gen:11>, path=Classes.Ticket.sellers.passes)
                - (collection element) CollectionFetchableElementEntityGraph(entity=Classes.Pass, querySpaceUid=<gen:12>, path=Classes.Ticket.sellers.passes.<elements>)
             - CollectionAttributeFetchImpl(collection=Abstract.TicketSeller.tickets, querySpaceUid=<gen:13>, path=Classes.Ticket.sellers.tickets)
                - (collection element) CollectionFetchableElementEntityGraph(entity=Classes.Ticket, querySpaceUid=<gen:14>, path=Classes.Ticket.sellers.tickets.<elements>)
             - CollectionAttributeFetchImpl(collection=Classes.Shop.people, querySpaceUid=<gen:15>, path=Classes.Ticket.sellers.people)
                - (collection element) CollectionFetchableElementEntityGraph(entity=Classes.Person, querySpaceUid=<gen:16>, path=Classes.Ticket.sellers.people.<elements>)
    - QuerySpaces
       - EntityQuerySpaceImpl(uid=<gen:0>, entity=Classes.Ticket)
          - SQL table alias mapping - ticket0_
          - alias suffix - 0_
          - suffixed key columns - {id2_2_0_}
          - JOIN (JoinDefinedByMetadata(seller)) : <gen:0> -> <gen:1>
             - EntityQuerySpaceImpl(uid=<gen:1>, entity=Abstract.TicketSeller)
                - SQL table alias mapping - ticketsell1_
                - alias suffix - 1_
                - suffixed key columns - {id2_3_1_}
          - JOIN (JoinDefinedByMetadata(person)) : <gen:0> -> <gen:8>
             - EntityQuerySpaceImpl(uid=<gen:8>, entity=Classes.Person)
                - SQL table alias mapping - person2_
                - alias suffix - 2_
                - suffixed key columns - {id1_1_2_}
                - JOIN (JoinDefinedByMetadata(cardNum)) : <gen:8> -> <gen:9>
                   - EntityQuerySpaceImpl(uid=<gen:9>, entity=Classes.Card)
                      - SQL table alias mapping - card3_
                      - alias suffix - 3_
                      - suffixed key columns - {id1_0_3_}
          - JOIN (JoinDefinedByMetadata(sellers)) : <gen:0> -> <gen:10>
             - EntityQuerySpaceImpl(uid=<gen:10>, entity=Abstract.TicketSeller)
                - SQL table alias mapping - ticketsell4_
                - alias suffix - 4_
                - suffixed key columns - {id2_3_4_}

12:30:46.549 [main] DEBUG o.h.loader.entity.plan.EntityLoader - Static select for entity Classes.Ticket [NONE]: select ticket0_.id as id2_2_0_, ticket0_.seller_id as seller_i4_2_0_, ticket0_.person_id as person_i5_2_0_, ticket0_.sellers_id as sellers_6_2_0_, ticket0_.validity as validity3_2_0_, ticket0_.DTYPE as dtype1_2_0_, ticketsell1_.id as id2_3_1_, ticketsell1_.seller_name as seller_n3_3_1_, ticketsell1_.isWorking as isworkin4_3_1_, ticketsell1_.Elementi as elementi1_3_1_, person2_.id as id1_1_2_, person2_.birthdate as birthdat2_1_2_, person2_.cardNum_id as cardnum_5_1_2_, person2_.firstName as firstnam3_1_2_, person2_.lastName as lastname4_1_2_, card3_.id as id1_0_3_, card3_.emissionDate as emission2_0_3_, card3_.expirationDate as expirati3_0_3_, ticketsell4_.id as id2_3_4_, ticketsell4_.seller_name as seller_n3_3_4_, ticketsell4_.isWorking as isworkin4_3_4_, ticketsell4_.Elementi as elementi1_3_4_ from Ticket ticket0_ left outer join TicketSeller ticketsell1_ on ticket0_.seller_id=ticketsell1_.id left outer join Person person2_ on ticket0_.person_id=person2_.id left outer join Card card3_ on person2_.cardNum_id=card3_.id left outer join TicketSeller ticketsell4_ on ticket0_.sellers_id=ticketsell4_.id where ticket0_.id=?
12:30:46.549 [main] DEBUG o.h.p.entity.AbstractEntityPersister - Static SQL for entity: Classes.VendingMachine
12:30:46.549 [main] DEBUG o.h.p.entity.AbstractEntityPersister -  Version select: select id from TicketSeller where id =?
12:30:46.549 [main] DEBUG o.h.p.entity.AbstractEntityPersister -  Snapshot select: select vendingmac_.id, vendingmac_.seller_name as seller_n3_3_, vendingmac_.isWorking as isworkin4_3_ from TicketSeller vendingmac_ where vendingmac_.id=?
12:30:46.549 [main] DEBUG o.h.p.entity.AbstractEntityPersister -  Insert 0: insert into TicketSeller (seller_name, isWorking, Elementi, id) values (?, ?, 'vending_machine', ?)
12:30:46.549 [main] DEBUG o.h.p.entity.AbstractEntityPersister -  Update 0: update TicketSeller set seller_name=?, isWorking=? where id=?
12:30:46.549 [main] DEBUG o.h.p.entity.AbstractEntityPersister -  Delete 0: delete from TicketSeller where id=?
12:30:46.550 [main] DEBUG o.h.l.p.b.i.spaces.QuerySpacesImpl - Adding QuerySpace : uid = <gen:0> -> org.hibernate.loader.plan.build.internal.spaces.EntityQuerySpaceImpl@30c3ae63]
12:30:46.550 [main] DEBUG o.h.p.w.spi.MetamodelGraphWalker - Visiting attribute path : name
12:30:46.550 [main] DEBUG o.h.p.w.spi.MetamodelGraphWalker - Visiting attribute path : passes
12:30:46.550 [main] DEBUG o.h.l.p.b.i.spaces.QuerySpacesImpl - Adding QuerySpace : uid = <gen:1> -> org.hibernate.loader.plan.build.internal.spaces.CollectionQuerySpaceImpl@54e12f4c]
12:30:46.550 [main] DEBUG o.h.l.p.b.i.spaces.QuerySpacesImpl - Adding QuerySpace : uid = <gen:2> -> org.hibernate.loader.plan.build.internal.spaces.EntityQuerySpaceImpl@60990e5c]
12:30:46.550 [main] DEBUG o.h.p.w.spi.MetamodelGraphWalker - Visiting attribute path : tickets
12:30:46.550 [main] DEBUG o.h.l.p.b.i.spaces.QuerySpacesImpl - Adding QuerySpace : uid = <gen:3> -> org.hibernate.loader.plan.build.internal.spaces.CollectionQuerySpaceImpl@4d84049a]
12:30:46.550 [main] DEBUG o.h.l.p.b.i.spaces.QuerySpacesImpl - Adding QuerySpace : uid = <gen:4> -> org.hibernate.loader.plan.build.internal.spaces.EntityQuerySpaceImpl@39ee94de]
12:30:46.550 [main] DEBUG o.h.p.w.spi.MetamodelGraphWalker - Visiting attribute path : isWorking
12:30:46.550 [main] DEBUG o.h.l.p.b.i.FetchStyleLoadPlanBuildingAssociationVisitationStrategy - Building LoadPlan...
12:30:46.550 [main] DEBUG o.h.l.p.e.i.LoadQueryJoinAndFetchProcessor - processing queryspace <gen:0>
12:30:46.550 [main] DEBUG o.h.l.p.b.spi.LoadPlanTreePrinter - LoadPlan(entity=Classes.VendingMachine)
    - Returns
       - EntityReturnImpl(entity=Classes.VendingMachine, querySpaceUid=<gen:0>, path=Classes.VendingMachine)
          - CollectionAttributeFetchImpl(collection=Abstract.TicketSeller.passes, querySpaceUid=<gen:1>, path=Classes.VendingMachine.passes)
             - (collection element) CollectionFetchableElementEntityGraph(entity=Classes.Pass, querySpaceUid=<gen:2>, path=Classes.VendingMachine.passes.<elements>)
          - CollectionAttributeFetchImpl(collection=Abstract.TicketSeller.tickets, querySpaceUid=<gen:3>, path=Classes.VendingMachine.tickets)
             - (collection element) CollectionFetchableElementEntityGraph(entity=Classes.Ticket, querySpaceUid=<gen:4>, path=Classes.VendingMachine.tickets.<elements>)
    - QuerySpaces
       - EntityQuerySpaceImpl(uid=<gen:0>, entity=Classes.VendingMachine)
          - SQL table alias mapping - vendingmac0_
          - alias suffix - 0_
          - suffixed key columns - {id2_3_0_}

12:30:46.550 [main] DEBUG o.h.loader.entity.plan.EntityLoader - Static select for entity Classes.VendingMachine [NONE]: select vendingmac0_.id as id2_3_0_, vendingmac0_.seller_name as seller_n3_3_0_, vendingmac0_.isWorking as isworkin4_3_0_ from TicketSeller vendingmac0_ where vendingmac0_.id=? and vendingmac0_.Elementi='vending_machine'
12:30:46.553 [main] DEBUG o.h.l.p.b.i.spaces.QuerySpacesImpl - Adding QuerySpace : uid = <gen:0> -> org.hibernate.loader.plan.build.internal.spaces.CollectionQuerySpaceImpl@6bcb12e6]
12:30:46.553 [main] DEBUG o.h.l.p.b.i.spaces.QuerySpacesImpl - Adding QuerySpace : uid = <gen:1> -> org.hibernate.loader.plan.build.internal.spaces.EntityQuerySpaceImpl@111d5c97]
12:30:46.553 [main] DEBUG o.h.p.w.spi.MetamodelGraphWalker - Visiting attribute path : seller
12:30:46.553 [main] DEBUG o.h.l.p.b.i.spaces.QuerySpacesImpl - Adding QuerySpace : uid = <gen:2> -> org.hibernate.loader.plan.build.internal.spaces.EntityQuerySpaceImpl@30ec7d21]
12:30:46.553 [main] DEBUG o.h.p.w.spi.MetamodelGraphWalker - Visiting attribute path : seller.name
12:30:46.553 [main] DEBUG o.h.p.w.spi.MetamodelGraphWalker - Visiting attribute path : seller.passes
12:30:46.553 [main] DEBUG o.h.p.w.spi.MetamodelGraphWalker - Property path deemed to be circular : seller.passes
12:30:46.553 [main] DEBUG o.h.p.w.spi.MetamodelGraphWalker - Visiting attribute path : seller.tickets
12:30:46.553 [main] DEBUG o.h.p.w.spi.MetamodelGraphWalker - Property path deemed to be circular : seller.tickets
12:30:46.553 [main] DEBUG o.h.p.w.spi.MetamodelGraphWalker - Visiting attribute path : seller.people
12:30:46.554 [main] DEBUG o.h.l.p.b.i.spaces.QuerySpacesImpl - Adding QuerySpace : uid = <gen:3> -> org.hibernate.loader.plan.build.internal.spaces.CollectionQuerySpaceImpl@7efa3f63]
12:30:46.554 [main] DEBUG o.h.l.p.b.i.spaces.QuerySpacesImpl - Adding QuerySpace : uid = <gen:4> -> org.hibernate.loader.plan.build.internal.spaces.EntityQuerySpaceImpl@7134b8a7]
12:30:46.554 [main] DEBUG o.h.p.w.spi.MetamodelGraphWalker - Visiting attribute path : seller.isWorking
12:30:46.554 [main] DEBUG o.h.p.w.spi.MetamodelGraphWalker - Visiting attribute path : person
12:30:46.554 [main] DEBUG o.h.l.p.b.i.spaces.QuerySpacesImpl - Adding QuerySpace : uid = <gen:5> -> org.hibernate.loader.plan.build.internal.spaces.EntityQuerySpaceImpl@2262d6d5]
12:30:46.554 [main] DEBUG o.h.p.w.spi.MetamodelGraphWalker - Visiting attribute path : person.birthdate
12:30:46.554 [main] DEBUG o.h.p.w.spi.MetamodelGraphWalker - Visiting attribute path : person.cardNum
12:30:46.554 [main] DEBUG o.h.l.p.b.i.spaces.QuerySpacesImpl - Adding QuerySpace : uid = <gen:6> -> org.hibernate.loader.plan.build.internal.spaces.EntityQuerySpaceImpl@6ff0b1cc]
12:30:46.554 [main] DEBUG o.h.p.w.spi.MetamodelGraphWalker - Visiting attribute path : person.cardNum.emissionDate
12:30:46.554 [main] DEBUG o.h.p.w.spi.MetamodelGraphWalker - Visiting attribute path : person.cardNum.expirationDate
12:30:46.554 [main] DEBUG o.h.p.w.spi.MetamodelGraphWalker - Visiting attribute path : person.cardNum.person
12:30:46.554 [main] DEBUG o.h.p.w.spi.MetamodelGraphWalker - Property path deemed to be circular : person.cardNum.person
12:30:46.554 [main] DEBUG o.h.p.w.spi.MetamodelGraphWalker - Visiting attribute path : person.firstName
12:30:46.554 [main] DEBUG o.h.p.w.spi.MetamodelGraphWalker - Visiting attribute path : person.lastName
12:30:46.554 [main] DEBUG o.h.p.w.spi.MetamodelGraphWalker - Visiting attribute path : sellers
12:30:46.554 [main] DEBUG o.h.l.p.b.i.spaces.QuerySpacesImpl - Adding QuerySpace : uid = <gen:7> -> org.hibernate.loader.plan.build.internal.spaces.EntityQuerySpaceImpl@f3560d4]
12:30:46.554 [main] DEBUG o.h.p.w.spi.MetamodelGraphWalker - Visiting attribute path : sellers.name
12:30:46.554 [main] DEBUG o.h.p.w.spi.MetamodelGraphWalker - Visiting attribute path : sellers.passes
12:30:46.554 [main] DEBUG o.h.p.w.spi.MetamodelGraphWalker - Property path deemed to be circular : sellers.passes
12:30:46.554 [main] DEBUG o.h.p.w.spi.MetamodelGraphWalker - Visiting attribute path : sellers.tickets
12:30:46.554 [main] DEBUG o.h.p.w.spi.MetamodelGraphWalker - Property path deemed to be circular : sellers.tickets
12:30:46.554 [main] DEBUG o.h.p.w.spi.MetamodelGraphWalker - Visiting attribute path : sellers.people
12:30:46.554 [main] DEBUG o.h.l.p.b.i.spaces.QuerySpacesImpl - Adding QuerySpace : uid = <gen:8> -> org.hibernate.loader.plan.build.internal.spaces.CollectionQuerySpaceImpl@51b77cdf]
12:30:46.554 [main] DEBUG o.h.l.p.b.i.spaces.QuerySpacesImpl - Adding QuerySpace : uid = <gen:9> -> org.hibernate.loader.plan.build.internal.spaces.EntityQuerySpaceImpl@441fbe89]
12:30:46.554 [main] DEBUG o.h.p.w.spi.MetamodelGraphWalker - Visiting attribute path : sellers.isWorking
12:30:46.554 [main] DEBUG o.h.p.w.spi.MetamodelGraphWalker - Visiting attribute path : validity
12:30:46.554 [main] DEBUG o.h.l.p.b.i.FetchStyleLoadPlanBuildingAssociationVisitationStrategy - Building LoadPlan...
12:30:46.556 [main] DEBUG o.h.l.p.e.i.LoadQueryJoinAndFetchProcessor - processing queryspace <gen:0>
12:30:46.557 [main] DEBUG o.h.l.p.b.spi.LoadPlanTreePrinter - LoadPlan(collection=Abstract.TicketSeller.tickets)
    - Returns
       - CollectionReturnImpl(collection=Abstract.TicketSeller.tickets, querySpaceUid=<gen:0>, path=[Abstract.TicketSeller.tickets])
          - (collection element) CollectionFetchableElementEntityGraph(entity=Classes.Ticket, querySpaceUid=<gen:1>, path=[Abstract.TicketSeller.tickets].<elements>)
             - EntityAttributeFetchImpl(entity=Abstract.TicketSeller, querySpaceUid=<gen:2>, path=[Abstract.TicketSeller.tickets].<elements>.seller)
                - CollectionAttributeFetchImpl(collection=Classes.Shop.people, querySpaceUid=<gen:3>, path=[Abstract.TicketSeller.tickets].<elements>.seller.people)
                   - (collection element) CollectionFetchableElementEntityGraph(entity=Classes.Person, querySpaceUid=<gen:4>, path=[Abstract.TicketSeller.tickets].<elements>.seller.people.<elements>)
             - EntityAttributeFetchImpl(entity=Classes.Person, querySpaceUid=<gen:5>, path=[Abstract.TicketSeller.tickets].<elements>.person)
                - EntityAttributeFetchImpl(entity=Classes.Card, querySpaceUid=<gen:6>, path=[Abstract.TicketSeller.tickets].<elements>.person.cardNum)
             - EntityAttributeFetchImpl(entity=Abstract.TicketSeller, querySpaceUid=<gen:7>, path=[Abstract.TicketSeller.tickets].<elements>.sellers)
                - CollectionAttributeFetchImpl(collection=Classes.Shop.people, querySpaceUid=<gen:8>, path=[Abstract.TicketSeller.tickets].<elements>.sellers.people)
                   - (collection element) CollectionFetchableElementEntityGraph(entity=Classes.Person, querySpaceUid=<gen:9>, path=[Abstract.TicketSeller.tickets].<elements>.sellers.people.<elements>)
    - QuerySpaces
       - CollectionQuerySpaceImpl(uid=<gen:0>, collection=Abstract.TicketSeller.tickets)
          - SQL table alias mapping - tickets0_
          - alias suffix - 0_
          - suffixed key columns - {ticketse1_5_0_}
          - entity-element alias suffix - 1_
          - 1_entity-element suffixed key columns - id2_2_1_
          - JOIN (JoinDefinedByMetadata(elements)) : <gen:0> -> <gen:1>
             - EntityQuerySpaceImpl(uid=<gen:1>, entity=Classes.Ticket)
                - SQL table alias mapping - ticket1_
                - alias suffix - 1_
                - suffixed key columns - {id2_2_1_}
                - JOIN (JoinDefinedByMetadata(seller)) : <gen:1> -> <gen:2>
                   - EntityQuerySpaceImpl(uid=<gen:2>, entity=Abstract.TicketSeller)
                      - SQL table alias mapping - ticketsell2_
                      - alias suffix - 2_
                      - suffixed key columns - {id2_3_2_}
                - JOIN (JoinDefinedByMetadata(person)) : <gen:1> -> <gen:5>
                   - EntityQuerySpaceImpl(uid=<gen:5>, entity=Classes.Person)
                      - SQL table alias mapping - person3_
                      - alias suffix - 3_
                      - suffixed key columns - {id1_1_3_}
                      - JOIN (JoinDefinedByMetadata(cardNum)) : <gen:5> -> <gen:6>
                         - EntityQuerySpaceImpl(uid=<gen:6>, entity=Classes.Card)
                            - SQL table alias mapping - card4_
                            - alias suffix - 4_
                            - suffixed key columns - {id1_0_4_}
                - JOIN (JoinDefinedByMetadata(sellers)) : <gen:1> -> <gen:7>
                   - EntityQuerySpaceImpl(uid=<gen:7>, entity=Abstract.TicketSeller)
                      - SQL table alias mapping - ticketsell5_
                      - alias suffix - 5_
                      - suffixed key columns - {id2_3_5_}

12:30:46.558 [main] DEBUG o.h.l.c.plan.CollectionLoader - Static select for collection Abstract.TicketSeller.tickets: select tickets0_.TicketSeller_id as ticketse1_5_0_, tickets0_.tickets_id as tickets_2_5_0_, ticket1_.id as id2_2_1_, ticket1_.seller_id as seller_i4_2_1_, ticket1_.person_id as person_i5_2_1_, ticket1_.sellers_id as sellers_6_2_1_, ticket1_.validity as validity3_2_1_, ticket1_.DTYPE as dtype1_2_1_, ticketsell2_.id as id2_3_2_, ticketsell2_.seller_name as seller_n3_3_2_, ticketsell2_.isWorking as isworkin4_3_2_, ticketsell2_.Elementi as elementi1_3_2_, person3_.id as id1_1_3_, person3_.birthdate as birthdat2_1_3_, person3_.cardNum_id as cardnum_5_1_3_, person3_.firstName as firstnam3_1_3_, person3_.lastName as lastname4_1_3_, card4_.id as id1_0_4_, card4_.emissionDate as emission2_0_4_, card4_.expirationDate as expirati3_0_4_, ticketsell5_.id as id2_3_5_, ticketsell5_.seller_name as seller_n3_3_5_, ticketsell5_.isWorking as isworkin4_3_5_, ticketsell5_.Elementi as elementi1_3_5_ from TicketSeller_Ticket tickets0_ inner join Ticket ticket1_ on tickets0_.tickets_id=ticket1_.id left outer join TicketSeller ticketsell2_ on ticket1_.seller_id=ticketsell2_.id left outer join Person person3_ on ticket1_.person_id=person3_.id left outer join Card card4_ on person3_.cardNum_id=card4_.id left outer join TicketSeller ticketsell5_ on ticket1_.sellers_id=ticketsell5_.id where tickets0_.TicketSeller_id=?
12:30:46.558 [main] DEBUG o.h.l.p.b.i.spaces.QuerySpacesImpl - Adding QuerySpace : uid = <gen:0> -> org.hibernate.loader.plan.build.internal.spaces.CollectionQuerySpaceImpl@5568c66f]
12:30:46.558 [main] DEBUG o.h.l.p.b.i.spaces.QuerySpacesImpl - Adding QuerySpace : uid = <gen:1> -> org.hibernate.loader.plan.build.internal.spaces.EntityQuerySpaceImpl@e784320]
12:30:46.558 [main] DEBUG o.h.p.w.spi.MetamodelGraphWalker - Visiting attribute path : seller
12:30:46.558 [main] DEBUG o.h.l.p.b.i.spaces.QuerySpacesImpl - Adding QuerySpace : uid = <gen:2> -> org.hibernate.loader.plan.build.internal.spaces.EntityQuerySpaceImpl@4bdf]
12:30:46.558 [main] DEBUG o.h.p.w.spi.MetamodelGraphWalker - Visiting attribute path : seller.name
12:30:46.558 [main] DEBUG o.h.p.w.spi.MetamodelGraphWalker - Visiting attribute path : seller.passes
12:30:46.558 [main] DEBUG o.h.p.w.spi.MetamodelGraphWalker - Property path deemed to be circular : seller.passes
12:30:46.558 [main] DEBUG o.h.p.w.spi.MetamodelGraphWalker - Visiting attribute path : seller.tickets
12:30:46.558 [main] DEBUG o.h.p.w.spi.MetamodelGraphWalker - Property path deemed to be circular : seller.tickets
12:30:46.558 [main] DEBUG o.h.p.w.spi.MetamodelGraphWalker - Visiting attribute path : seller.people
12:30:46.558 [main] DEBUG o.h.l.p.b.i.spaces.QuerySpacesImpl - Adding QuerySpace : uid = <gen:3> -> org.hibernate.loader.plan.build.internal.spaces.CollectionQuerySpaceImpl@2c63762b]
12:30:46.558 [main] DEBUG o.h.l.p.b.i.spaces.QuerySpacesImpl - Adding QuerySpace : uid = <gen:4> -> org.hibernate.loader.plan.build.internal.spaces.EntityQuerySpaceImpl@7a9eccc4]
12:30:46.558 [main] DEBUG o.h.p.w.spi.MetamodelGraphWalker - Visiting attribute path : seller.isWorking
12:30:46.558 [main] DEBUG o.h.p.w.spi.MetamodelGraphWalker - Visiting attribute path : person
12:30:46.558 [main] DEBUG o.h.l.p.b.i.spaces.QuerySpacesImpl - Adding QuerySpace : uid = <gen:5> -> org.hibernate.loader.plan.build.internal.spaces.EntityQuerySpaceImpl@78422efb]
12:30:46.558 [main] DEBUG o.h.p.w.spi.MetamodelGraphWalker - Visiting attribute path : person.birthdate
12:30:46.558 [main] DEBUG o.h.p.w.spi.MetamodelGraphWalker - Visiting attribute path : person.cardNum
12:30:46.558 [main] DEBUG o.h.l.p.b.i.spaces.QuerySpacesImpl - Adding QuerySpace : uid = <gen:6> -> org.hibernate.loader.plan.build.internal.spaces.EntityQuerySpaceImpl@68e02f33]
12:30:46.558 [main] DEBUG o.h.p.w.spi.MetamodelGraphWalker - Visiting attribute path : person.cardNum.emissionDate
12:30:46.558 [main] DEBUG o.h.p.w.spi.MetamodelGraphWalker - Visiting attribute path : person.cardNum.expirationDate
12:30:46.558 [main] DEBUG o.h.p.w.spi.MetamodelGraphWalker - Visiting attribute path : person.cardNum.person
12:30:46.558 [main] DEBUG o.h.p.w.spi.MetamodelGraphWalker - Property path deemed to be circular : person.cardNum.person
12:30:46.558 [main] DEBUG o.h.p.w.spi.MetamodelGraphWalker - Visiting attribute path : person.firstName
12:30:46.558 [main] DEBUG o.h.p.w.spi.MetamodelGraphWalker - Visiting attribute path : person.lastName
12:30:46.558 [main] DEBUG o.h.p.w.spi.MetamodelGraphWalker - Visiting attribute path : sellers
12:30:46.558 [main] DEBUG o.h.l.p.b.i.spaces.QuerySpacesImpl - Adding QuerySpace : uid = <gen:7> -> org.hibernate.loader.plan.build.internal.spaces.EntityQuerySpaceImpl@d48e998]
12:30:46.558 [main] DEBUG o.h.p.w.spi.MetamodelGraphWalker - Visiting attribute path : sellers.name
12:30:46.558 [main] DEBUG o.h.p.w.spi.MetamodelGraphWalker - Visiting attribute path : sellers.passes
12:30:46.558 [main] DEBUG o.h.p.w.spi.MetamodelGraphWalker - Property path deemed to be circular : sellers.passes
12:30:46.558 [main] DEBUG o.h.p.w.spi.MetamodelGraphWalker - Visiting attribute path : sellers.tickets
12:30:46.558 [main] DEBUG o.h.p.w.spi.MetamodelGraphWalker - Property path deemed to be circular : sellers.tickets
12:30:46.558 [main] DEBUG o.h.p.w.spi.MetamodelGraphWalker - Visiting attribute path : sellers.people
12:30:46.558 [main] DEBUG o.h.l.p.b.i.spaces.QuerySpacesImpl - Adding QuerySpace : uid = <gen:8> -> org.hibernate.loader.plan.build.internal.spaces.CollectionQuerySpaceImpl@158ae284]
12:30:46.558 [main] DEBUG o.h.l.p.b.i.spaces.QuerySpacesImpl - Adding QuerySpace : uid = <gen:9> -> org.hibernate.loader.plan.build.internal.spaces.EntityQuerySpaceImpl@50eb4a2c]
12:30:46.558 [main] DEBUG o.h.p.w.spi.MetamodelGraphWalker - Visiting attribute path : sellers.isWorking
12:30:46.558 [main] DEBUG o.h.p.w.spi.MetamodelGraphWalker - Visiting attribute path : validity
12:30:46.558 [main] DEBUG o.h.l.p.b.i.FetchStyleLoadPlanBuildingAssociationVisitationStrategy - Building LoadPlan...
12:30:46.559 [main] DEBUG o.h.l.p.e.i.LoadQueryJoinAndFetchProcessor - processing queryspace <gen:0>
12:30:46.559 [main] DEBUG o.h.l.p.b.spi.LoadPlanTreePrinter - LoadPlan(collection=Abstract.TicketSeller.passes)
    - Returns
       - CollectionReturnImpl(collection=Abstract.TicketSeller.passes, querySpaceUid=<gen:0>, path=[Abstract.TicketSeller.passes])
          - (collection element) CollectionFetchableElementEntityGraph(entity=Classes.Pass, querySpaceUid=<gen:1>, path=[Abstract.TicketSeller.passes].<elements>)
             - EntityAttributeFetchImpl(entity=Abstract.TicketSeller, querySpaceUid=<gen:2>, path=[Abstract.TicketSeller.passes].<elements>.seller)
                - CollectionAttributeFetchImpl(collection=Classes.Shop.people, querySpaceUid=<gen:3>, path=[Abstract.TicketSeller.passes].<elements>.seller.people)
                   - (collection element) CollectionFetchableElementEntityGraph(entity=Classes.Person, querySpaceUid=<gen:4>, path=[Abstract.TicketSeller.passes].<elements>.seller.people.<elements>)
             - EntityAttributeFetchImpl(entity=Classes.Person, querySpaceUid=<gen:5>, path=[Abstract.TicketSeller.passes].<elements>.person)
                - EntityAttributeFetchImpl(entity=Classes.Card, querySpaceUid=<gen:6>, path=[Abstract.TicketSeller.passes].<elements>.person.cardNum)
             - EntityAttributeFetchImpl(entity=Abstract.TicketSeller, querySpaceUid=<gen:7>, path=[Abstract.TicketSeller.passes].<elements>.sellers)
                - CollectionAttributeFetchImpl(collection=Classes.Shop.people, querySpaceUid=<gen:8>, path=[Abstract.TicketSeller.passes].<elements>.sellers.people)
                   - (collection element) CollectionFetchableElementEntityGraph(entity=Classes.Person, querySpaceUid=<gen:9>, path=[Abstract.TicketSeller.passes].<elements>.sellers.people.<elements>)
    - QuerySpaces
       - CollectionQuerySpaceImpl(uid=<gen:0>, collection=Abstract.TicketSeller.passes)
          - SQL table alias mapping - passes0_
          - alias suffix - 0_
          - suffixed key columns - {ticketse1_5_0_}
          - entity-element alias suffix - 1_
          - 1_entity-element suffixed key columns - id2_2_1_
          - JOIN (JoinDefinedByMetadata(elements)) : <gen:0> -> <gen:1>
             - EntityQuerySpaceImpl(uid=<gen:1>, entity=Classes.Pass)
                - SQL table alias mapping - pass1_
                - alias suffix - 1_
                - suffixed key columns - {id2_2_1_}
                - JOIN (JoinDefinedByMetadata(seller)) : <gen:1> -> <gen:2>
                   - EntityQuerySpaceImpl(uid=<gen:2>, entity=Abstract.TicketSeller)
                      - SQL table alias mapping - ticketsell2_
                      - alias suffix - 2_
                      - suffixed key columns - {id2_3_2_}
                - JOIN (JoinDefinedByMetadata(person)) : <gen:1> -> <gen:5>
                   - EntityQuerySpaceImpl(uid=<gen:5>, entity=Classes.Person)
                      - SQL table alias mapping - person3_
                      - alias suffix - 3_
                      - suffixed key columns - {id1_1_3_}
                      - JOIN (JoinDefinedByMetadata(cardNum)) : <gen:5> -> <gen:6>
                         - EntityQuerySpaceImpl(uid=<gen:6>, entity=Classes.Card)
                            - SQL table alias mapping - card4_
                            - alias suffix - 4_
                            - suffixed key columns - {id1_0_4_}
                - JOIN (JoinDefinedByMetadata(sellers)) : <gen:1> -> <gen:7>
                   - EntityQuerySpaceImpl(uid=<gen:7>, entity=Abstract.TicketSeller)
                      - SQL table alias mapping - ticketsell5_
                      - alias suffix - 5_
                      - suffixed key columns - {id2_3_5_}

12:30:46.559 [main] DEBUG o.h.l.c.plan.CollectionLoader - Static select for collection Abstract.TicketSeller.passes: select passes0_.TicketSeller_id as ticketse1_5_0_, passes0_.passes_id as passes_i3_5_0_, pass1_.id as id2_2_1_, pass1_.seller_id as seller_i4_2_1_, pass1_.person_id as person_i5_2_1_, pass1_.sellers_id as sellers_6_2_1_, pass1_.validity as validity3_2_1_, ticketsell2_.id as id2_3_2_, ticketsell2_.seller_name as seller_n3_3_2_, ticketsell2_.isWorking as isworkin4_3_2_, ticketsell2_.Elementi as elementi1_3_2_, person3_.id as id1_1_3_, person3_.birthdate as birthdat2_1_3_, person3_.cardNum_id as cardnum_5_1_3_, person3_.firstName as firstnam3_1_3_, person3_.lastName as lastname4_1_3_, card4_.id as id1_0_4_, card4_.emissionDate as emission2_0_4_, card4_.expirationDate as expirati3_0_4_, ticketsell5_.id as id2_3_5_, ticketsell5_.seller_name as seller_n3_3_5_, ticketsell5_.isWorking as isworkin4_3_5_, ticketsell5_.Elementi as elementi1_3_5_ from TicketSeller_Ticket passes0_ inner join Ticket pass1_ on passes0_.passes_id=pass1_.id left outer join TicketSeller ticketsell2_ on pass1_.seller_id=ticketsell2_.id left outer join Person person3_ on pass1_.person_id=person3_.id left outer join Card card4_ on person3_.cardNum_id=card4_.id left outer join TicketSeller ticketsell5_ on pass1_.sellers_id=ticketsell5_.id where passes0_.TicketSeller_id=?
12:30:46.559 [main] DEBUG o.h.l.p.b.i.spaces.QuerySpacesImpl - Adding QuerySpace : uid = <gen:0> -> org.hibernate.loader.plan.build.internal.spaces.CollectionQuerySpaceImpl@1a256d80]
12:30:46.559 [main] DEBUG o.h.l.p.b.i.spaces.QuerySpacesImpl - Adding QuerySpace : uid = <gen:1> -> org.hibernate.loader.plan.build.internal.spaces.EntityQuerySpaceImpl@3069a360]
12:30:46.559 [main] DEBUG o.h.p.w.spi.MetamodelGraphWalker - Visiting attribute path : birthdate
12:30:46.559 [main] DEBUG o.h.p.w.spi.MetamodelGraphWalker - Visiting attribute path : cardNum
12:30:46.559 [main] DEBUG o.h.l.p.b.i.spaces.QuerySpacesImpl - Adding QuerySpace : uid = <gen:2> -> org.hibernate.loader.plan.build.internal.spaces.EntityQuerySpaceImpl@497d4c96]
12:30:46.559 [main] DEBUG o.h.p.w.spi.MetamodelGraphWalker - Visiting attribute path : cardNum.emissionDate
12:30:46.559 [main] DEBUG o.h.p.w.spi.MetamodelGraphWalker - Visiting attribute path : cardNum.expirationDate
12:30:46.559 [main] DEBUG o.h.p.w.spi.MetamodelGraphWalker - Visiting attribute path : cardNum.person
12:30:46.559 [main] DEBUG o.h.p.w.spi.MetamodelGraphWalker - Property path deemed to be circular : cardNum.person
12:30:46.559 [main] DEBUG o.h.p.w.spi.MetamodelGraphWalker - Visiting attribute path : firstName
12:30:46.559 [main] DEBUG o.h.p.w.spi.MetamodelGraphWalker - Visiting attribute path : lastName
12:30:46.560 [main] DEBUG o.h.l.p.b.i.FetchStyleLoadPlanBuildingAssociationVisitationStrategy - Building LoadPlan...
12:30:46.560 [main] DEBUG o.h.l.p.e.i.LoadQueryJoinAndFetchProcessor - processing queryspace <gen:0>
12:30:46.560 [main] DEBUG o.h.l.p.b.spi.LoadPlanTreePrinter - LoadPlan(collection=Classes.Shop.people)
    - Returns
       - CollectionReturnImpl(collection=Classes.Shop.people, querySpaceUid=<gen:0>, path=[Classes.Shop.people])
          - (collection element) CollectionFetchableElementEntityGraph(entity=Classes.Person, querySpaceUid=<gen:1>, path=[Classes.Shop.people].<elements>)
             - EntityAttributeFetchImpl(entity=Classes.Card, querySpaceUid=<gen:2>, path=[Classes.Shop.people].<elements>.cardNum)
    - QuerySpaces
       - CollectionQuerySpaceImpl(uid=<gen:0>, collection=Classes.Shop.people)
          - SQL table alias mapping - people0_
          - alias suffix - 0_
          - suffixed key columns - {shop_id1_4_0_}
          - entity-element alias suffix - 1_
          - 1_entity-element suffixed key columns - id1_1_1_
          - JOIN (JoinDefinedByMetadata(elements)) : <gen:0> -> <gen:1>
             - EntityQuerySpaceImpl(uid=<gen:1>, entity=Classes.Person)
                - SQL table alias mapping - person1_
                - alias suffix - 1_
                - suffixed key columns - {id1_1_1_}
                - JOIN (JoinDefinedByMetadata(cardNum)) : <gen:1> -> <gen:2>
                   - EntityQuerySpaceImpl(uid=<gen:2>, entity=Classes.Card)
                      - SQL table alias mapping - card2_
                      - alias suffix - 2_
                      - suffixed key columns - {id1_0_2_}

12:30:46.560 [main] DEBUG o.h.l.c.plan.CollectionLoader - Static select for collection Classes.Shop.people: select people0_.Shop_id as shop_id1_4_0_, people0_.people_id as people_i2_4_0_, person1_.id as id1_1_1_, person1_.birthdate as birthdat2_1_1_, person1_.cardNum_id as cardnum_5_1_1_, person1_.firstName as firstnam3_1_1_, person1_.lastName as lastname4_1_1_, card2_.id as id1_0_2_, card2_.emissionDate as emission2_0_2_, card2_.expirationDate as expirati3_0_2_ from TicketSeller_Person people0_ inner join Person person1_ on people0_.people_id=person1_.id left outer join Card card2_ on person1_.cardNum_id=card2_.id where people0_.Shop_id=?
12:30:46.586 [main] INFO  o.hibernate.orm.connections.access - HHH10001501: Connection obtained from JdbcConnectionAccess [org.hibernate.engine.jdbc.env.internal.JdbcEnvironmentInitiator$ConnectionProviderJdbcConnectionAccess@220c9a63] for (non-JTA) DDL execution was not in auto-commit mode; the Connection 'local transaction' will be committed and the Connection will be set into auto-commit mode.
12:30:46.604 [main] DEBUG org.hibernate.mapping.Table - No alter strings for table : Card
12:30:46.604 [main] DEBUG org.hibernate.mapping.Table - No alter strings for table : Person
12:30:46.605 [main] DEBUG org.hibernate.mapping.Table - No alter strings for table : Ticket
12:30:46.605 [main] DEBUG org.hibernate.mapping.Table - No alter strings for table : TicketSeller
12:30:46.605 [main] DEBUG org.hibernate.mapping.Table - No alter strings for table : TicketSeller_Person
12:30:46.605 [main] DEBUG org.hibernate.mapping.Table - No alter strings for table : TicketSeller_Ticket
12:30:46.668 [main] DEBUG o.h.e.t.j.p.i.JtaPlatformInitiator - No JtaPlatform was specified, checking resolver
12:30:46.668 [main] DEBUG o.h.e.t.j.p.i.JtaPlatformResolverInitiator - No JtaPlatformResolver was specified, using default [org.hibernate.engine.transaction.jta.platform.internal.StandardJtaPlatformResolver]
12:30:46.671 [main] DEBUG o.h.e.t.j.p.i.StandardJtaPlatformResolver - Could not resolve JtaPlatform, using default [org.hibernate.engine.transaction.jta.platform.internal.NoJtaPlatform]
12:30:46.671 [main] INFO  o.h.e.t.j.p.i.JtaPlatformInitiator - HHH000490: Using JtaPlatform implementation: [org.hibernate.engine.transaction.jta.platform.internal.NoJtaPlatform]
12:30:46.676 [main] DEBUG o.h.s.i.SessionFactoryServiceRegistryImpl - EventListenerRegistry access via ServiceRegistry is deprecated.  Use `sessionFactory.getEventEngine().getListenerRegistry()` instead
12:30:46.677 [main] DEBUG o.h.h.i.QueryTranslatorFactoryInitiator - QueryTranslatorFactory: org.hibernate.hql.internal.ast.ASTQueryTranslatorFactory@66fb45e5
12:30:46.679 [main] DEBUG o.h.query.spi.NamedQueryRepository - Checking 0 named HQL queries
12:30:46.679 [main] DEBUG o.h.query.spi.NamedQueryRepository - Checking 0 named SQL queries
12:30:46.681 [main] DEBUG o.h.internal.SessionFactoryRegistry - Initializing SessionFactoryRegistry : org.hibernate.internal.SessionFactoryRegistry@3e3cd6fe
12:30:46.682 [main] DEBUG o.h.internal.SessionFactoryRegistry - Registering SessionFactory: d77ea592-597a-419f-a1f4-f6569dcdc70a (<unnamed>)
12:30:46.682 [main] DEBUG o.h.internal.SessionFactoryRegistry - Not binding SessionFactory to JNDI, no JNDI name configured
12:30:46.713 [main] DEBUG o.h.s.internal.StatisticsInitiator - Statistics initialized [enabled=false]
12:30:46.717 [main] DEBUG o.h.e.t.internal.TransactionImpl - On TransactionImpl creation, JpaCompliance#isJpaTransactionComplianceEnabled == false
12:30:46.717 [main] DEBUG o.h.e.t.internal.TransactionImpl - begin
12:30:46.722 [main] DEBUG org.hibernate.SQL - select person0_.id as id1_1_0_, person0_.birthdate as birthdat2_1_0_, person0_.cardNum_id as cardnum_5_1_0_, person0_.firstName as firstnam3_1_0_, person0_.lastName as lastname4_1_0_, card1_.id as id1_0_1_, card1_.emissionDate as emission2_0_1_, card1_.expirationDate as expirati3_0_1_ from Person person0_ left outer join Card card1_ on person0_.cardNum_id=card1_.id where person0_.id=?
12:30:46.726 [main] DEBUG o.h.l.p.e.p.i.EntityReferenceInitializerImpl - On call to EntityIdentifierReaderImpl#resolve, EntityKey was already known; should only happen on root returns with an optional identifier specified
12:30:46.731 [main] DEBUG o.h.engine.internal.TwoPhaseLoad - Resolving attributes for [Classes.Person#5]
12:30:46.731 [main] DEBUG o.h.engine.internal.TwoPhaseLoad - Processing attribute `birthdate` : value = 1977-03-22
12:30:46.731 [main] DEBUG o.h.engine.internal.TwoPhaseLoad - Attribute (`birthdate`)  - enhanced for lazy-loading? - false
12:30:46.731 [main] DEBUG o.h.engine.internal.TwoPhaseLoad - Processing attribute `cardNum` : value = null
12:30:46.731 [main] DEBUG o.h.engine.internal.TwoPhaseLoad - Attribute (`cardNum`)  - enhanced for lazy-loading? - false
12:30:46.731 [main] DEBUG o.h.engine.internal.TwoPhaseLoad - Processing attribute `firstName` : value = Francesca
12:30:46.731 [main] DEBUG o.h.engine.internal.TwoPhaseLoad - Attribute (`firstName`)  - enhanced for lazy-loading? - false
12:30:46.731 [main] DEBUG o.h.engine.internal.TwoPhaseLoad - Processing attribute `lastName` : value = Neri
12:30:46.731 [main] DEBUG o.h.engine.internal.TwoPhaseLoad - Attribute (`lastName`)  - enhanced for lazy-loading? - false
12:30:46.732 [main] DEBUG o.h.engine.internal.TwoPhaseLoad - Done materializing entity [Classes.Person#5]
12:30:46.733 [main] DEBUG o.h.l.e.p.AbstractLoadPlanBasedEntityLoader - Done entity load : Classes.Person#5
12:30:46.738 [main] DEBUG o.h.e.t.internal.TransactionImpl - committing
12:30:46.738 [main] DEBUG o.h.e.i.AbstractFlushingEventListener - Processing flush-time cascades
12:30:46.739 [main] DEBUG o.h.e.i.AbstractFlushingEventListener - Dirty checking collections
12:30:46.741 [main] DEBUG o.h.e.i.AbstractFlushingEventListener - Flushed: 0 insertions, 0 updates, 1 deletions to 1 objects
12:30:46.741 [main] DEBUG o.h.e.i.AbstractFlushingEventListener - Flushed: 0 (re)creations, 0 updates, 0 removals to 0 collections
12:30:46.742 [main] DEBUG o.h.internal.util.EntityPrinter - Listing entities:
12:30:46.742 [main] DEBUG o.h.internal.util.EntityPrinter - Classes.Person{firstName=Francesca, lastName=Neri, cardNum=null, birthdate=1977-03-22, id=5}
12:30:46.744 [main] DEBUG org.hibernate.SQL - delete from Person where id=?
12:30:46.748 [main] DEBUG o.h.r.j.i.LogicalConnectionManagedImpl - Initiating JDBC connection release from afterTransaction
12:30:46.748 [main] DEBUG o.h.r.j.i.LogicalConnectionManagedImpl - Initiating JDBC connection release from afterTransaction
12:30:50.589 [main] DEBUG org.jboss.logging - Logging Provider: org.jboss.logging.Slf4jLoggerProvider
12:30:50.650 [main] DEBUG o.h.jpa.HibernatePersistenceProvider - Located and parsed 2 persistence units; checking each
12:30:50.650 [main] DEBUG o.h.jpa.HibernatePersistenceProvider - Checking persistence-unit [name=HomeworkS3D3, explicit-provider=null] against incoming persistence unit name [BuildWeek_4]
12:30:50.650 [main] DEBUG o.h.jpa.HibernatePersistenceProvider - Excluding from consideration due to name mis-match
12:30:50.650 [main] DEBUG o.h.jpa.HibernatePersistenceProvider - Checking persistence-unit [name=BuildWeek_4, explicit-provider=null] against incoming persistence unit name [BuildWeek_4]
12:30:50.650 [main] DEBUG o.h.jpa.boot.spi.ProviderChecker - No PersistenceProvider explicitly requested, assuming Hibernate
12:30:50.654 [main] DEBUG o.h.jpa.internal.util.LogHelper - PersistenceUnitInfo [
	name: BuildWeek_4
	persistence provider classname: null
	classloader: null
	excludeUnlistedClasses: false
	JTA datasource: null
	Non JTA datasource: null
	Transaction type: RESOURCE_LOCAL
	PU root URL: file:/C:/Users/total/Desktop/All/Epicode/fs0223-Luca-Sernicola-BackEnd/BuildWeek_4/target/classes/
	Shared Cache Mode: null
	Validation Mode: null
	Jar files URLs []
	Managed classes names []
	Mapping files names []
	Properties [
		javax.persistence.jdbc.driver: org.postgresql.Driver
		javax.persistence.jdbc.password: root
		hibernate.dialect: org.hibernate.dialect.PostgreSQLDialect
		javax.persistence.jdbc.url: jdbc:postgresql://localhost:5432/BuildWeek
		hibernate.hbm2ddl.auto: update
		javax.persistence.jdbc.user: postgres]
12:30:50.657 [main] DEBUG o.h.i.internal.IntegratorServiceImpl - Adding Integrator [org.hibernate.cfg.beanvalidation.BeanValidationIntegrator].
12:30:50.658 [main] DEBUG o.h.i.internal.IntegratorServiceImpl - Adding Integrator [org.hibernate.secure.spi.JaccIntegrator].
12:30:50.660 [main] DEBUG o.h.i.internal.IntegratorServiceImpl - Adding Integrator [org.hibernate.cache.internal.CollectionCacheInvalidator].
12:30:50.684 [main] INFO  org.hibernate.Version - HHH000412: Hibernate ORM core version 5.6.15.Final
12:30:50.685 [main] DEBUG org.hibernate.cfg.Environment - HHH000206: hibernate.properties not found
12:30:50.785 [main] DEBUG o.h.service.spi.ServiceBinding - Overriding existing service binding [org.hibernate.secure.spi.JaccService]
12:30:50.793 [main] DEBUG o.h.c.i.RegionFactoryInitiator - Cannot default RegionFactory based on registered strategies as `[]` RegionFactory strategies were registered
12:30:50.793 [main] DEBUG o.h.c.i.RegionFactoryInitiator - Cache region factory : org.hibernate.cache.internal.NoCachingRegionFactory
12:30:50.805 [main] INFO  o.h.annotations.common.Version - HCANN000001: Hibernate Commons Annotations {5.1.2.Final}
12:30:50.859 [main] DEBUG o.hibernate.type.BasicTypeRegistry - Adding type registration boolean -> org.hibernate.type.BooleanType@726e5805
12:30:50.859 [main] DEBUG o.hibernate.type.BasicTypeRegistry - Adding type registration boolean -> org.hibernate.type.BooleanType@726e5805
12:30:50.859 [main] DEBUG o.hibernate.type.BasicTypeRegistry - Adding type registration java.lang.Boolean -> org.hibernate.type.BooleanType@726e5805
12:30:50.859 [main] DEBUG o.hibernate.type.BasicTypeRegistry - Adding type registration numeric_boolean -> org.hibernate.type.NumericBooleanType@e077866
12:30:50.860 [main] DEBUG o.hibernate.type.BasicTypeRegistry - Adding type registration true_false -> org.hibernate.type.TrueFalseType@a8e6492
12:30:50.860 [main] DEBUG o.hibernate.type.BasicTypeRegistry - Adding type registration yes_no -> org.hibernate.type.YesNoType@2e11485
12:30:50.860 [main] DEBUG o.hibernate.type.BasicTypeRegistry - Adding type registration byte -> org.hibernate.type.ByteType@75c9e76b
12:30:50.861 [main] DEBUG o.hibernate.type.BasicTypeRegistry - Adding type registration byte -> org.hibernate.type.ByteType@75c9e76b
12:30:50.861 [main] DEBUG o.hibernate.type.BasicTypeRegistry - Adding type registration java.lang.Byte -> org.hibernate.type.ByteType@75c9e76b
12:30:50.861 [main] DEBUG o.hibernate.type.BasicTypeRegistry - Adding type registration character -> org.hibernate.type.CharacterType@12bcd0c0
12:30:50.861 [main] DEBUG o.hibernate.type.BasicTypeRegistry - Adding type registration char -> org.hibernate.type.CharacterType@12bcd0c0
12:30:50.861 [main] DEBUG o.hibernate.type.BasicTypeRegistry - Adding type registration java.lang.Character -> org.hibernate.type.CharacterType@12bcd0c0
12:30:50.862 [main] DEBUG o.hibernate.type.BasicTypeRegistry - Adding type registration short -> org.hibernate.type.ShortType@58ebfd03
12:30:50.862 [main] DEBUG o.hibernate.type.BasicTypeRegistry - Adding type registration short -> org.hibernate.type.ShortType@58ebfd03
12:30:50.862 [main] DEBUG o.hibernate.type.BasicTypeRegistry - Adding type registration java.lang.Short -> org.hibernate.type.ShortType@58ebfd03
12:30:50.862 [main] DEBUG o.hibernate.type.BasicTypeRegistry - Adding type registration integer -> org.hibernate.type.IntegerType@5c87bfe2
12:30:50.863 [main] DEBUG o.hibernate.type.BasicTypeRegistry - Adding type registration int -> org.hibernate.type.IntegerType@5c87bfe2
12:30:50.863 [main] DEBUG o.hibernate.type.BasicTypeRegistry - Adding type registration java.lang.Integer -> org.hibernate.type.IntegerType@5c87bfe2
12:30:50.863 [main] DEBUG o.hibernate.type.BasicTypeRegistry - Adding type registration long -> org.hibernate.type.LongType@7a791b66
12:30:50.863 [main] DEBUG o.hibernate.type.BasicTypeRegistry - Adding type registration long -> org.hibernate.type.LongType@7a791b66
12:30:50.863 [main] DEBUG o.hibernate.type.BasicTypeRegistry - Adding type registration java.lang.Long -> org.hibernate.type.LongType@7a791b66
12:30:50.864 [main] DEBUG o.hibernate.type.BasicTypeRegistry - Adding type registration float -> org.hibernate.type.FloatType@4fc5e095
12:30:50.864 [main] DEBUG o.hibernate.type.BasicTypeRegistry - Adding type registration float -> org.hibernate.type.FloatType@4fc5e095
12:30:50.864 [main] DEBUG o.hibernate.type.BasicTypeRegistry - Adding type registration java.lang.Float -> org.hibernate.type.FloatType@4fc5e095
12:30:50.864 [main] DEBUG o.hibernate.type.BasicTypeRegistry - Adding type registration double -> org.hibernate.type.DoubleType@62ea3440
12:30:50.864 [main] DEBUG o.hibernate.type.BasicTypeRegistry - Adding type registration double -> org.hibernate.type.DoubleType@62ea3440
12:30:50.864 [main] DEBUG o.hibernate.type.BasicTypeRegistry - Adding type registration java.lang.Double -> org.hibernate.type.DoubleType@62ea3440
12:30:50.865 [main] DEBUG o.hibernate.type.BasicTypeRegistry - Adding type registration big_decimal -> org.hibernate.type.BigDecimalType@749c877b
12:30:50.865 [main] DEBUG o.hibernate.type.BasicTypeRegistry - Adding type registration java.math.BigDecimal -> org.hibernate.type.BigDecimalType@749c877b
12:30:50.865 [main] DEBUG o.hibernate.type.BasicTypeRegistry - Adding type registration big_integer -> org.hibernate.type.BigIntegerType@160ac7fb
12:30:50.865 [main] DEBUG o.hibernate.type.BasicTypeRegistry - Adding type registration java.math.BigInteger -> org.hibernate.type.BigIntegerType@160ac7fb
12:30:50.866 [main] DEBUG o.hibernate.type.BasicTypeRegistry - Adding type registration string -> org.hibernate.type.StringType@618c5d94
12:30:50.866 [main] DEBUG o.hibernate.type.BasicTypeRegistry - Adding type registration java.lang.String -> org.hibernate.type.StringType@618c5d94
12:30:50.866 [main] DEBUG o.hibernate.type.BasicTypeRegistry - Adding type registration nstring -> org.hibernate.type.StringNVarcharType@1e63ec0b
12:30:50.866 [main] DEBUG o.hibernate.type.BasicTypeRegistry - Adding type registration ncharacter -> org.hibernate.type.CharacterNCharType@295eaa7c
12:30:50.867 [main] DEBUG o.hibernate.type.BasicTypeRegistry - Adding type registration url -> org.hibernate.type.UrlType@1dd0e7c4
12:30:50.867 [main] DEBUG o.hibernate.type.BasicTypeRegistry - Adding type registration java.net.URL -> org.hibernate.type.UrlType@1dd0e7c4
12:30:50.867 [main] DEBUG o.hibernate.type.BasicTypeRegistry - Adding type registration Duration -> org.hibernate.type.DurationType@37bd68c3
12:30:50.867 [main] DEBUG o.hibernate.type.BasicTypeRegistry - Adding type registration java.time.Duration -> org.hibernate.type.DurationType@37bd68c3
12:30:50.868 [main] DEBUG o.hibernate.type.BasicTypeRegistry - Adding type registration Instant -> org.hibernate.type.InstantType@4bff1903
12:30:50.868 [main] DEBUG o.hibernate.type.BasicTypeRegistry - Adding type registration java.time.Instant -> org.hibernate.type.InstantType@4bff1903
12:30:50.868 [main] DEBUG o.hibernate.type.BasicTypeRegistry - Adding type registration LocalDateTime -> org.hibernate.type.LocalDateTimeType@f79a760
12:30:50.868 [main] DEBUG o.hibernate.type.BasicTypeRegistry - Adding type registration java.time.LocalDateTime -> org.hibernate.type.LocalDateTimeType@f79a760
12:30:50.869 [main] DEBUG o.hibernate.type.BasicTypeRegistry - Adding type registration LocalDate -> org.hibernate.type.LocalDateType@652a7737
12:30:50.869 [main] DEBUG o.hibernate.type.BasicTypeRegistry - Adding type registration java.time.LocalDate -> org.hibernate.type.LocalDateType@652a7737
12:30:50.869 [main] DEBUG o.hibernate.type.BasicTypeRegistry - Adding type registration LocalTime -> org.hibernate.type.LocalTimeType@4e28bdd1
12:30:50.869 [main] DEBUG o.hibernate.type.BasicTypeRegistry - Adding type registration java.time.LocalTime -> org.hibernate.type.LocalTimeType@4e28bdd1
12:30:50.870 [main] DEBUG o.hibernate.type.BasicTypeRegistry - Adding type registration OffsetDateTime -> org.hibernate.type.OffsetDateTimeType@a8c1f44
12:30:50.870 [main] DEBUG o.hibernate.type.BasicTypeRegistry - Adding type registration java.time.OffsetDateTime -> org.hibernate.type.OffsetDateTimeType@a8c1f44
12:30:50.871 [main] DEBUG o.hibernate.type.BasicTypeRegistry - Adding type registration OffsetTime -> org.hibernate.type.OffsetTimeType@78a287ed
12:30:50.871 [main] DEBUG o.hibernate.type.BasicTypeRegistry - Adding type registration java.time.OffsetTime -> org.hibernate.type.OffsetTimeType@78a287ed
12:30:50.872 [main] DEBUG o.hibernate.type.BasicTypeRegistry - Adding type registration ZonedDateTime -> org.hibernate.type.ZonedDateTimeType@2b43529a
12:30:50.872 [main] DEBUG o.hibernate.type.BasicTypeRegistry - Adding type registration java.time.ZonedDateTime -> org.hibernate.type.ZonedDateTimeType@2b43529a
12:30:50.873 [main] DEBUG o.hibernate.type.BasicTypeRegistry - Adding type registration date -> org.hibernate.type.DateType@3829ac1
12:30:50.873 [main] DEBUG o.hibernate.type.BasicTypeRegistry - Adding type registration java.sql.Date -> org.hibernate.type.DateType@3829ac1
12:30:50.873 [main] DEBUG o.hibernate.type.BasicTypeRegistry - Adding type registration time -> org.hibernate.type.TimeType@2dbe250d
12:30:50.873 [main] DEBUG o.hibernate.type.BasicTypeRegistry - Adding type registration java.sql.Time -> org.hibernate.type.TimeType@2dbe250d
12:30:50.874 [main] DEBUG o.hibernate.type.BasicTypeRegistry - Adding type registration timestamp -> org.hibernate.type.TimestampType@47404bea
12:30:50.874 [main] DEBUG o.hibernate.type.BasicTypeRegistry - Adding type registration java.sql.Timestamp -> org.hibernate.type.TimestampType@47404bea
12:30:50.874 [main] DEBUG o.hibernate.type.BasicTypeRegistry - Adding type registration java.util.Date -> org.hibernate.type.TimestampType@47404bea
12:30:50.875 [main] DEBUG o.hibernate.type.BasicTypeRegistry - Adding type registration dbtimestamp -> org.hibernate.type.DbTimestampType@29e6eb25
12:30:50.877 [main] DEBUG o.hibernate.type.BasicTypeRegistry - Adding type registration calendar -> org.hibernate.type.CalendarType@275fe372
12:30:50.877 [main] DEBUG o.hibernate.type.BasicTypeRegistry - Adding type registration java.util.Calendar -> org.hibernate.type.CalendarType@275fe372
12:30:50.877 [main] DEBUG o.hibernate.type.BasicTypeRegistry - Adding type registration java.util.GregorianCalendar -> org.hibernate.type.CalendarType@275fe372
12:30:50.877 [main] DEBUG o.hibernate.type.BasicTypeRegistry - Adding type registration calendar_date -> org.hibernate.type.CalendarDateType@366ef90e
12:30:50.878 [main] DEBUG o.hibernate.type.BasicTypeRegistry - Adding type registration calendar_time -> org.hibernate.type.CalendarTimeType@21aa6d6c
12:30:50.878 [main] DEBUG o.hibernate.type.BasicTypeRegistry - Adding type registration locale -> org.hibernate.type.LocaleType@3f446bef
12:30:50.878 [main] DEBUG o.hibernate.type.BasicTypeRegistry - Adding type registration java.util.Locale -> org.hibernate.type.LocaleType@3f446bef
12:30:50.878 [main] DEBUG o.hibernate.type.BasicTypeRegistry - Adding type registration currency -> org.hibernate.type.CurrencyType@1c80e49b
12:30:50.879 [main] DEBUG o.hibernate.type.BasicTypeRegistry - Adding type registration java.util.Currency -> org.hibernate.type.CurrencyType@1c80e49b
12:30:50.879 [main] DEBUG o.hibernate.type.BasicTypeRegistry - Adding type registration timezone -> org.hibernate.type.TimeZoneType@56f6d40b
12:30:50.879 [main] DEBUG o.hibernate.type.BasicTypeRegistry - Adding type registration java.util.TimeZone -> org.hibernate.type.TimeZoneType@56f6d40b
12:30:50.880 [main] DEBUG o.hibernate.type.BasicTypeRegistry - Adding type registration class -> org.hibernate.type.ClassType@7e3060d8
12:30:50.880 [main] DEBUG o.hibernate.type.BasicTypeRegistry - Adding type registration java.lang.Class -> org.hibernate.type.ClassType@7e3060d8
12:30:50.880 [main] DEBUG o.hibernate.type.BasicTypeRegistry - Adding type registration uuid-binary -> org.hibernate.type.UUIDBinaryType@2e54db99
12:30:50.880 [main] DEBUG o.hibernate.type.BasicTypeRegistry - Adding type registration java.util.UUID -> org.hibernate.type.UUIDBinaryType@2e54db99
12:30:50.880 [main] DEBUG o.hibernate.type.BasicTypeRegistry - Adding type registration uuid-char -> org.hibernate.type.UUIDCharType@65a4798f
12:30:50.881 [main] DEBUG o.hibernate.type.BasicTypeRegistry - Adding type registration binary -> org.hibernate.type.BinaryType@773cbf4f
12:30:50.881 [main] DEBUG o.hibernate.type.BasicTypeRegistry - Adding type registration byte[] -> org.hibernate.type.BinaryType@773cbf4f
12:30:50.881 [main] DEBUG o.hibernate.type.BasicTypeRegistry - Adding type registration [B -> org.hibernate.type.BinaryType@773cbf4f
12:30:50.882 [main] DEBUG o.hibernate.type.BasicTypeRegistry - Adding type registration wrapper-binary -> org.hibernate.type.WrapperBinaryType@69637b10
12:30:50.882 [main] DEBUG o.hibernate.type.BasicTypeRegistry - Adding type registration Byte[] -> org.hibernate.type.WrapperBinaryType@69637b10
12:30:50.882 [main] DEBUG o.hibernate.type.BasicTypeRegistry - Adding type registration [Ljava.lang.Byte; -> org.hibernate.type.WrapperBinaryType@69637b10
12:30:50.882 [main] DEBUG o.hibernate.type.BasicTypeRegistry - Adding type registration row_version -> org.hibernate.type.RowVersionType@470a696f
12:30:50.883 [main] DEBUG o.hibernate.type.BasicTypeRegistry - Adding type registration image -> org.hibernate.type.ImageType@3f1c5af9
12:30:50.883 [main] DEBUG o.hibernate.type.BasicTypeRegistry - Adding type registration characters -> org.hibernate.type.CharArrayType@1de5f0ef
12:30:50.883 [main] DEBUG o.hibernate.type.BasicTypeRegistry - Adding type registration char[] -> org.hibernate.type.CharArrayType@1de5f0ef
12:30:50.883 [main] DEBUG o.hibernate.type.BasicTypeRegistry - Adding type registration [C -> org.hibernate.type.CharArrayType@1de5f0ef
12:30:50.884 [main] DEBUG o.hibernate.type.BasicTypeRegistry - Adding type registration wrapper-characters -> org.hibernate.type.CharacterArrayType@3ce3db41
12:30:50.884 [main] DEBUG o.hibernate.type.BasicTypeRegistry - Adding type registration [Ljava.lang.Character; -> org.hibernate.type.CharacterArrayType@3ce3db41
12:30:50.884 [main] DEBUG o.hibernate.type.BasicTypeRegistry - Adding type registration Character[] -> org.hibernate.type.CharacterArrayType@3ce3db41
12:30:50.884 [main] DEBUG o.hibernate.type.BasicTypeRegistry - Adding type registration text -> org.hibernate.type.TextType@2c3dec30
12:30:50.884 [main] DEBUG o.hibernate.type.BasicTypeRegistry - Adding type registration ntext -> org.hibernate.type.NTextType@3fc9dfc5
12:30:50.885 [main] DEBUG o.hibernate.type.BasicTypeRegistry - Adding type registration blob -> org.hibernate.type.BlobType@4ba534b0
12:30:50.885 [main] DEBUG o.hibernate.type.BasicTypeRegistry - Adding type registration java.sql.Blob -> org.hibernate.type.BlobType@4ba534b0
12:30:50.885 [main] DEBUG o.hibernate.type.BasicTypeRegistry - Adding type registration materialized_blob -> org.hibernate.type.MaterializedBlobType@4e517165
12:30:50.887 [main] DEBUG o.hibernate.type.BasicTypeRegistry - Adding type registration clob -> org.hibernate.type.ClobType@34625ccd
12:30:50.887 [main] DEBUG o.hibernate.type.BasicTypeRegistry - Adding type registration java.sql.Clob -> org.hibernate.type.ClobType@34625ccd
12:30:50.887 [main] DEBUG o.hibernate.type.BasicTypeRegistry - Adding type registration nclob -> org.hibernate.type.NClobType@346939bf
12:30:50.887 [main] DEBUG o.hibernate.type.BasicTypeRegistry - Adding type registration java.sql.NClob -> org.hibernate.type.NClobType@346939bf
12:30:50.888 [main] DEBUG o.hibernate.type.BasicTypeRegistry - Adding type registration materialized_clob -> org.hibernate.type.MaterializedClobType@9bd0fa6
12:30:50.888 [main] DEBUG o.hibernate.type.BasicTypeRegistry - Adding type registration materialized_nclob -> org.hibernate.type.MaterializedNClobType@f6c03cb
12:30:50.888 [main] DEBUG o.hibernate.type.BasicTypeRegistry - Adding type registration serializable -> org.hibernate.type.SerializableType@1c9f0a20
12:30:50.890 [main] DEBUG o.hibernate.type.BasicTypeRegistry - Adding type registration object -> org.hibernate.type.ObjectType@4ae33a11
12:30:50.890 [main] DEBUG o.hibernate.type.BasicTypeRegistry - Adding type registration java.lang.Object -> org.hibernate.type.ObjectType@4ae33a11
12:30:50.890 [main] DEBUG o.hibernate.type.BasicTypeRegistry - Adding type registration imm_date -> org.hibernate.type.AdaptedImmutableType@5049d8b2
12:30:50.890 [main] DEBUG o.hibernate.type.BasicTypeRegistry - Adding type registration imm_time -> org.hibernate.type.AdaptedImmutableType@6d0b5baf
12:30:50.890 [main] DEBUG o.hibernate.type.BasicTypeRegistry - Adding type registration imm_timestamp -> org.hibernate.type.AdaptedImmutableType@631e06ab
12:30:50.890 [main] DEBUG o.hibernate.type.BasicTypeRegistry - Adding type registration imm_dbtimestamp -> org.hibernate.type.AdaptedImmutableType@2a3591c5
12:30:50.890 [main] DEBUG o.hibernate.type.BasicTypeRegistry - Adding type registration imm_calendar -> org.hibernate.type.AdaptedImmutableType@34a75079
12:30:50.890 [main] DEBUG o.hibernate.type.BasicTypeRegistry - Adding type registration imm_calendar_date -> org.hibernate.type.AdaptedImmutableType@346a361
12:30:50.890 [main] DEBUG o.hibernate.type.BasicTypeRegistry - Adding type registration imm_binary -> org.hibernate.type.AdaptedImmutableType@107ed6fc
12:30:50.890 [main] DEBUG o.hibernate.type.BasicTypeRegistry - Adding type registration imm_serializable -> org.hibernate.type.AdaptedImmutableType@1643d68f
12:30:50.898 [main] DEBUG o.h.b.internal.BootstrapContextImpl - Injecting ScanEnvironment [org.hibernate.jpa.boot.internal.StandardJpaScanEnvironmentImpl@c7a975a] into BootstrapContext; was [null]
12:30:50.898 [main] DEBUG o.h.b.internal.BootstrapContextImpl - Injecting ScanOptions [org.hibernate.boot.archive.scan.internal.StandardScanOptions@2c1b9e4b] into BootstrapContext; was [org.hibernate.boot.archive.scan.internal.StandardScanOptions@757d6814]
12:30:50.931 [main] DEBUG o.h.b.internal.BootstrapContextImpl - Injecting JPA temp ClassLoader [null] into BootstrapContext; was [null]
12:30:50.931 [main] DEBUG o.h.b.internal.ClassLoaderAccessImpl - ClassLoaderAccessImpl#injectTempClassLoader(null) [was null]
12:30:50.937 [main] DEBUG o.h.i.f.i.DefaultIdentifierGeneratorFactory - Registering IdentifierGenerator strategy [uuid2] -> [org.hibernate.id.UUIDGenerator]
12:30:50.937 [main] DEBUG o.h.i.f.i.DefaultIdentifierGeneratorFactory - Registering IdentifierGenerator strategy [guid] -> [org.hibernate.id.GUIDGenerator]
12:30:50.937 [main] DEBUG o.h.i.f.i.DefaultIdentifierGeneratorFactory - Registering IdentifierGenerator strategy [uuid] -> [org.hibernate.id.UUIDHexGenerator]
12:30:50.937 [main] DEBUG o.h.i.f.i.DefaultIdentifierGeneratorFactory - Registering IdentifierGenerator strategy [uuid.hex] -> [org.hibernate.id.UUIDHexGenerator]
12:30:50.937 [main] DEBUG o.h.i.f.i.DefaultIdentifierGeneratorFactory - Registering IdentifierGenerator strategy [assigned] -> [org.hibernate.id.Assigned]
12:30:50.938 [main] DEBUG o.h.i.f.i.DefaultIdentifierGeneratorFactory - Registering IdentifierGenerator strategy [identity] -> [org.hibernate.id.IdentityGenerator]
12:30:50.938 [main] DEBUG o.h.i.f.i.DefaultIdentifierGeneratorFactory - Registering IdentifierGenerator strategy [select] -> [org.hibernate.id.SelectGenerator]
12:30:50.939 [main] DEBUG o.h.i.f.i.DefaultIdentifierGeneratorFactory - Registering IdentifierGenerator strategy [sequence] -> [org.hibernate.id.enhanced.SequenceStyleGenerator]
12:30:50.939 [main] DEBUG o.h.i.f.i.DefaultIdentifierGeneratorFactory - Registering IdentifierGenerator strategy [seqhilo] -> [org.hibernate.id.SequenceHiLoGenerator]
12:30:50.940 [main] DEBUG o.h.i.f.i.DefaultIdentifierGeneratorFactory - Registering IdentifierGenerator strategy [increment] -> [org.hibernate.id.IncrementGenerator]
12:30:50.940 [main] DEBUG o.h.i.f.i.DefaultIdentifierGeneratorFactory - Registering IdentifierGenerator strategy [foreign] -> [org.hibernate.id.ForeignGenerator]
12:30:50.940 [main] DEBUG o.h.i.f.i.DefaultIdentifierGeneratorFactory - Registering IdentifierGenerator strategy [sequence-identity] -> [org.hibernate.id.SequenceIdentityGenerator]
12:30:50.940 [main] DEBUG o.h.i.f.i.DefaultIdentifierGeneratorFactory - Registering IdentifierGenerator strategy [enhanced-sequence] -> [org.hibernate.id.enhanced.SequenceStyleGenerator]
12:30:50.941 [main] DEBUG o.h.i.f.i.DefaultIdentifierGeneratorFactory - Registering IdentifierGenerator strategy [enhanced-table] -> [org.hibernate.id.enhanced.TableGenerator]
12:30:50.943 [main] WARN  o.hibernate.orm.connections.pooling - HHH10001002: Using Hibernate built-in connection pool (not for production use!)
12:30:50.945 [main] INFO  o.hibernate.orm.connections.pooling - HHH10001005: using driver [org.postgresql.Driver] at URL [jdbc:postgresql://localhost:5432/BuildWeek]
12:30:50.945 [main] INFO  o.hibernate.orm.connections.pooling - HHH10001001: Connection properties: {password=root, user=postgres}
12:30:50.945 [main] INFO  o.hibernate.orm.connections.pooling - HHH10001003: Autocommit mode: false
12:30:50.948 [main] DEBUG o.h.e.j.c.i.DriverManagerConnectionProviderImpl - Initializing Connection pool with 1 Connections
12:30:50.948 [main] INFO  o.h.e.j.c.i.DriverManagerConnectionProviderImpl - HHH000115: Hibernate connection pool size: 20 (min=1)
12:30:51.097 [main] DEBUG o.h.e.j.e.i.JdbcEnvironmentInitiator - Database ->
       name : PostgreSQL
    version : 15.3
      major : 15
      minor : 3
12:30:51.098 [main] DEBUG o.h.e.j.e.i.JdbcEnvironmentInitiator - Driver ->
       name : PostgreSQL JDBC Driver
    version : 42.6.0
      major : 42
      minor : 6
12:30:51.098 [main] DEBUG o.h.e.j.e.i.JdbcEnvironmentInitiator - JDBC version : 4.2
12:30:51.104 [main] INFO  org.hibernate.dialect.Dialect - HHH000400: Using dialect: org.hibernate.dialect.PostgreSQLDialect
12:30:51.114 [main] DEBUG o.h.e.j.e.s.IdentifierHelperBuilder - JDBC driver metadata reported database stores quoted identifiers in neither upper, lower nor mixed case
12:30:51.132 [main] DEBUG o.hibernate.type.BasicTypeRegistry - Adding type registration pg-uuid -> org.hibernate.type.PostgresUUIDType@59712875
12:30:51.132 [main] DEBUG o.hibernate.type.BasicTypeRegistry - Adding type registration java.util.UUID -> org.hibernate.type.PostgresUUIDType@59712875
12:30:51.132 [main] DEBUG o.hibernate.type.BasicTypeRegistry - HHH000270: Type registration [java.util.UUID] overrides previous : org.hibernate.type.UUIDBinaryType@2e54db99
12:30:51.133 [main] DEBUG o.h.type.spi.TypeConfiguration$Scope - Scoping TypeConfiguration [org.hibernate.type.spi.TypeConfiguration@21f9277b] to MetadataBuildingContext [org.hibernate.boot.internal.MetadataBuildingContextRootImpl@201aa8c1]
12:30:51.156 [main] DEBUG o.h.boot.model.relational.Namespace - Created database namespace [logicalName=Name{catalog=null, schema=null}, physicalName=Name{catalog=null, schema=null}]
12:30:51.164 [main] DEBUG org.hibernate.cfg.AnnotationBinder - Binding entity from annotated class: Abstract.TicketSeller
12:30:51.173 [main] DEBUG org.hibernate.cfg.Ejb3Column - Binding column: Ejb3DiscriminatorColumn{logicalColumnName'Elementi', discriminatorTypeName='string'}
12:30:51.176 [main] DEBUG o.h.cfg.annotations.EntityBinder - Import with entity name TicketSeller
12:30:51.180 [main] DEBUG o.h.cfg.annotations.EntityBinder - Bind entity Abstract.TicketSeller on table TicketSeller
12:30:51.195 [main] DEBUG org.hibernate.cfg.Ejb3Column - Binding column: Ejb3Column{table=org.hibernate.mapping.Table(TicketSeller), mappingColumn=id, insertable=true, updatable=true, unique=false}
12:30:51.196 [main] DEBUG o.h.b.internal.ClassLoaderAccessImpl - Not known whether passed class name [Abstract.TicketSeller] is safe
12:30:51.196 [main] DEBUG o.h.b.internal.ClassLoaderAccessImpl - No temp ClassLoader provided; using live ClassLoader for loading potentially unsafe class : Abstract.TicketSeller
12:30:51.198 [main] DEBUG o.h.cfg.annotations.PropertyBinder - MetadataSourceProcessor property id with lazy=false
12:30:51.199 [main] DEBUG o.h.cfg.AbstractPropertyHolder - Attempting to locate auto-apply AttributeConverter for property [Abstract.TicketSeller:id]
12:30:51.200 [main] DEBUG o.h.c.annotations.SimpleValueBinder - building SimpleValue for id
12:30:51.200 [main] DEBUG o.h.cfg.annotations.PropertyBinder - Building property id
12:30:51.204 [main] DEBUG org.hibernate.cfg.BinderHelper - #makeIdGenerator(org.hibernate.mapping.SimpleValue([org.hibernate.mapping.Column(id)]), id, org.hibernate.id.enhanced.SequenceStyleGenerator, elCat_seq, ...)
12:30:51.205 [main] DEBUG org.hibernate.cfg.Ejb3Column - Binding column: Ejb3Column{table=org.hibernate.mapping.Table(TicketSeller), mappingColumn=seller_name, insertable=true, updatable=true, unique=false}
12:30:51.205 [main] DEBUG o.h.cfg.annotations.PropertyBinder - MetadataSourceProcessor property name with lazy=false
12:30:51.205 [main] DEBUG o.h.cfg.AbstractPropertyHolder - Attempting to locate auto-apply AttributeConverter for property [Abstract.TicketSeller:name]
12:30:51.205 [main] DEBUG o.h.c.annotations.SimpleValueBinder - building SimpleValue for name
12:30:51.205 [main] DEBUG o.h.cfg.annotations.PropertyBinder - Building property name
12:30:51.207 [main] DEBUG org.hibernate.cfg.Ejb3Column - Binding column: Ejb3JoinColumn{logicalColumnName='null', referencedColumn='null', mappedBy=''}
12:30:51.207 [main] DEBUG org.hibernate.cfg.Ejb3Column - Binding column: Ejb3Column{table=org.hibernate.mapping.Table(TicketSeller), mappingColumn=passes, insertable=true, updatable=true, unique=false}
12:30:51.208 [main] DEBUG org.hibernate.cfg.Ejb3Column - Binding column: Ejb3Column{table=org.hibernate.mapping.Table(TicketSeller), mappingColumn=null, insertable=true, updatable=true, unique=false}
12:30:51.213 [main] DEBUG org.hibernate.cfg.Ejb3Column - Binding column: Ejb3Column{table=org.hibernate.mapping.Table(TicketSeller), mappingColumn=element, insertable=true, updatable=true, unique=false}
12:30:51.214 [main] DEBUG org.hibernate.cfg.Ejb3Column - Binding column: Ejb3Column{table=org.hibernate.mapping.Table(TicketSeller), mappingColumn=passes_KEY, insertable=true, updatable=true, unique=false}
12:30:51.214 [main] DEBUG org.hibernate.cfg.Ejb3Column - Binding column: Ejb3JoinColumn{logicalColumnName='passes_KEY', referencedColumn='null', mappedBy='null'}
12:30:51.215 [main] DEBUG org.hibernate.cfg.Ejb3Column - Binding column: Ejb3JoinColumn{logicalColumnName='null', referencedColumn='null', mappedBy=''}
12:30:51.215 [main] DEBUG org.hibernate.cfg.Ejb3Column - Binding column: Ejb3JoinColumn{logicalColumnName='null', referencedColumn='null', mappedBy=''}
12:30:51.215 [main] DEBUG o.h.cfg.annotations.CollectionBinder - Collection role: Abstract.TicketSeller.passes
12:30:51.216 [main] DEBUG o.h.cfg.annotations.PropertyBinder - Building property passes
12:30:51.217 [main] DEBUG org.hibernate.cfg.Ejb3Column - Binding column: Ejb3JoinColumn{logicalColumnName='null', referencedColumn='null', mappedBy=''}
12:30:51.217 [main] DEBUG org.hibernate.cfg.Ejb3Column - Binding column: Ejb3Column{table=org.hibernate.mapping.Table(TicketSeller), mappingColumn=tickets, insertable=true, updatable=true, unique=false}
12:30:51.217 [main] DEBUG org.hibernate.cfg.Ejb3Column - Binding column: Ejb3Column{table=org.hibernate.mapping.Table(TicketSeller), mappingColumn=null, insertable=true, updatable=true, unique=false}
12:30:51.218 [main] DEBUG org.hibernate.cfg.Ejb3Column - Binding column: Ejb3Column{table=org.hibernate.mapping.Table(TicketSeller), mappingColumn=element, insertable=true, updatable=true, unique=false}
12:30:51.218 [main] DEBUG org.hibernate.cfg.Ejb3Column - Binding column: Ejb3Column{table=org.hibernate.mapping.Table(TicketSeller), mappingColumn=tickets_KEY, insertable=true, updatable=true, unique=false}
12:30:51.218 [main] DEBUG org.hibernate.cfg.Ejb3Column - Binding column: Ejb3JoinColumn{logicalColumnName='tickets_KEY', referencedColumn='null', mappedBy='null'}
12:30:51.218 [main] DEBUG org.hibernate.cfg.Ejb3Column - Binding column: Ejb3JoinColumn{logicalColumnName='null', referencedColumn='null', mappedBy=''}
12:30:51.218 [main] DEBUG org.hibernate.cfg.Ejb3Column - Binding column: Ejb3JoinColumn{logicalColumnName='null', referencedColumn='null', mappedBy=''}
12:30:51.218 [main] DEBUG o.h.cfg.annotations.CollectionBinder - Collection role: Abstract.TicketSeller.tickets
12:30:51.218 [main] DEBUG o.h.cfg.annotations.PropertyBinder - Building property tickets
12:30:51.221 [main] DEBUG org.hibernate.cfg.AnnotationBinder - Binding entity from annotated class: Classes.Card
12:30:51.221 [main] DEBUG org.hibernate.cfg.Ejb3Column - Binding column: Ejb3DiscriminatorColumn{logicalColumnName'DTYPE', discriminatorTypeName='string'}
12:30:51.221 [main] DEBUG o.h.cfg.annotations.EntityBinder - Import with entity name Card
12:30:51.221 [main] DEBUG o.h.cfg.annotations.EntityBinder - Bind entity Classes.Card on table Card
12:30:51.222 [main] DEBUG org.hibernate.cfg.Ejb3Column - Binding column: Ejb3Column{table=org.hibernate.mapping.Table(Card), mappingColumn=id, insertable=true, updatable=true, unique=false}
12:30:51.223 [main] DEBUG o.h.b.internal.ClassLoaderAccessImpl - Not known whether passed class name [Classes.Card] is safe
12:30:51.223 [main] DEBUG o.h.b.internal.ClassLoaderAccessImpl - No temp ClassLoader provided; using live ClassLoader for loading potentially unsafe class : Classes.Card
12:30:51.223 [main] DEBUG o.h.cfg.annotations.PropertyBinder - MetadataSourceProcessor property id with lazy=false
12:30:51.223 [main] DEBUG o.h.cfg.AbstractPropertyHolder - Attempting to locate auto-apply AttributeConverter for property [Classes.Card:id]
12:30:51.223 [main] DEBUG o.h.c.annotations.SimpleValueBinder - building SimpleValue for id
12:30:51.223 [main] DEBUG o.h.cfg.annotations.PropertyBinder - Building property id
12:30:51.223 [main] DEBUG org.hibernate.cfg.BinderHelper - #makeIdGenerator(org.hibernate.mapping.SimpleValue([org.hibernate.mapping.Column(id)]), id, identity, , ...)
12:30:51.223 [main] DEBUG org.hibernate.cfg.Ejb3Column - Binding column: Ejb3Column{table=org.hibernate.mapping.Table(Card), mappingColumn=emissionDate, insertable=true, updatable=true, unique=false}
12:30:51.223 [main] DEBUG o.h.cfg.annotations.PropertyBinder - MetadataSourceProcessor property emissionDate with lazy=false
12:30:51.223 [main] DEBUG o.h.cfg.AbstractPropertyHolder - Attempting to locate auto-apply AttributeConverter for property [Classes.Card:emissionDate]
12:30:51.223 [main] DEBUG o.h.c.annotations.SimpleValueBinder - building SimpleValue for emissionDate
12:30:51.223 [main] DEBUG o.h.cfg.annotations.PropertyBinder - Building property emissionDate
12:30:51.223 [main] DEBUG org.hibernate.cfg.Ejb3Column - Binding column: Ejb3Column{table=org.hibernate.mapping.Table(Card), mappingColumn=expirationDate, insertable=true, updatable=true, unique=false}
12:30:51.223 [main] DEBUG o.h.cfg.annotations.PropertyBinder - MetadataSourceProcessor property expirationDate with lazy=false
12:30:51.223 [main] DEBUG o.h.cfg.AbstractPropertyHolder - Attempting to locate auto-apply AttributeConverter for property [Classes.Card:expirationDate]
12:30:51.223 [main] DEBUG o.h.c.annotations.SimpleValueBinder - building SimpleValue for expirationDate
12:30:51.224 [main] DEBUG o.h.cfg.annotations.PropertyBinder - Building property expirationDate
12:30:51.224 [main] DEBUG org.hibernate.cfg.Ejb3Column - Binding column: Ejb3JoinColumn{logicalColumnName='null', referencedColumn='null', mappedBy='cardNum'}
12:30:51.224 [main] DEBUG org.hibernate.cfg.Ejb3Column - Binding column: Ejb3Column{table=org.hibernate.mapping.Table(Card), mappingColumn=person, insertable=true, updatable=true, unique=false}
12:30:51.224 [main] DEBUG org.hibernate.cfg.AnnotationBinder - Binding entity from annotated class: Classes.Person
12:30:51.225 [main] DEBUG org.hibernate.cfg.Ejb3Column - Binding column: Ejb3DiscriminatorColumn{logicalColumnName'DTYPE', discriminatorTypeName='string'}
12:30:51.225 [main] DEBUG o.h.cfg.annotations.EntityBinder - Import with entity name Person
12:30:51.225 [main] DEBUG o.h.cfg.annotations.EntityBinder - Bind entity Classes.Person on table Person
12:30:51.225 [main] DEBUG org.hibernate.cfg.Ejb3Column - Binding column: Ejb3Column{table=org.hibernate.mapping.Table(Person), mappingColumn=id, insertable=true, updatable=true, unique=false}
12:30:51.225 [main] DEBUG o.h.b.internal.ClassLoaderAccessImpl - Not known whether passed class name [Classes.Person] is safe
12:30:51.225 [main] DEBUG o.h.b.internal.ClassLoaderAccessImpl - No temp ClassLoader provided; using live ClassLoader for loading potentially unsafe class : Classes.Person
12:30:51.225 [main] DEBUG o.h.cfg.annotations.PropertyBinder - MetadataSourceProcessor property id with lazy=false
12:30:51.225 [main] DEBUG o.h.cfg.AbstractPropertyHolder - Attempting to locate auto-apply AttributeConverter for property [Classes.Person:id]
12:30:51.225 [main] DEBUG o.h.c.annotations.SimpleValueBinder - building SimpleValue for id
12:30:51.225 [main] DEBUG o.h.cfg.annotations.PropertyBinder - Building property id
12:30:51.225 [main] DEBUG org.hibernate.cfg.BinderHelper - #makeIdGenerator(org.hibernate.mapping.SimpleValue([org.hibernate.mapping.Column(id)]), id, identity, , ...)
12:30:51.226 [main] DEBUG org.hibernate.cfg.Ejb3Column - Binding column: Ejb3Column{table=org.hibernate.mapping.Table(Person), mappingColumn=birthdate, insertable=true, updatable=true, unique=false}
12:30:51.226 [main] DEBUG o.h.cfg.annotations.PropertyBinder - MetadataSourceProcessor property birthdate with lazy=false
12:30:51.226 [main] DEBUG o.h.cfg.AbstractPropertyHolder - Attempting to locate auto-apply AttributeConverter for property [Classes.Person:birthdate]
12:30:51.226 [main] DEBUG o.h.c.annotations.SimpleValueBinder - building SimpleValue for birthdate
12:30:51.226 [main] DEBUG o.h.cfg.annotations.PropertyBinder - Building property birthdate
12:30:51.226 [main] DEBUG org.hibernate.cfg.Ejb3Column - Binding column: Ejb3JoinColumn{logicalColumnName='null', referencedColumn='null', mappedBy=''}
12:30:51.226 [main] DEBUG org.hibernate.cfg.Ejb3Column - Binding column: Ejb3Column{table=org.hibernate.mapping.Table(Person), mappingColumn=cardNum, insertable=true, updatable=true, unique=false}
12:30:51.226 [main] DEBUG o.h.cfg.annotations.PropertyBinder - Building property cardNum
12:30:51.227 [main] DEBUG org.hibernate.cfg.Ejb3Column - Binding column: Ejb3Column{table=org.hibernate.mapping.Table(Person), mappingColumn=firstName, insertable=true, updatable=true, unique=false}
12:30:51.227 [main] DEBUG o.h.cfg.annotations.PropertyBinder - MetadataSourceProcessor property firstName with lazy=false
12:30:51.227 [main] DEBUG o.h.cfg.AbstractPropertyHolder - Attempting to locate auto-apply AttributeConverter for property [Classes.Person:firstName]
12:30:51.227 [main] DEBUG o.h.c.annotations.SimpleValueBinder - building SimpleValue for firstName
12:30:51.227 [main] DEBUG o.h.cfg.annotations.PropertyBinder - Building property firstName
12:30:51.227 [main] DEBUG org.hibernate.cfg.Ejb3Column - Binding column: Ejb3Column{table=org.hibernate.mapping.Table(Person), mappingColumn=lastName, insertable=true, updatable=true, unique=false}
12:30:51.227 [main] DEBUG o.h.cfg.annotations.PropertyBinder - MetadataSourceProcessor property lastName with lazy=false
12:30:51.227 [main] DEBUG o.h.cfg.AbstractPropertyHolder - Attempting to locate auto-apply AttributeConverter for property [Classes.Person:lastName]
12:30:51.227 [main] DEBUG o.h.c.annotations.SimpleValueBinder - building SimpleValue for lastName
12:30:51.227 [main] DEBUG o.h.cfg.annotations.PropertyBinder - Building property lastName
12:30:51.228 [main] DEBUG org.hibernate.cfg.AnnotationBinder - Binding entity from annotated class: Classes.Ticket
12:30:51.228 [main] DEBUG org.hibernate.cfg.Ejb3Column - Binding column: Ejb3DiscriminatorColumn{logicalColumnName'DTYPE', discriminatorTypeName='string'}
12:30:51.228 [main] DEBUG o.h.cfg.annotations.EntityBinder - Import with entity name Ticket
12:30:51.228 [main] DEBUG o.h.cfg.annotations.EntityBinder - Bind entity Classes.Ticket on table Ticket
12:30:51.229 [main] DEBUG org.hibernate.cfg.Ejb3Column - Binding column: Ejb3Column{table=org.hibernate.mapping.Table(Ticket), mappingColumn=id, insertable=true, updatable=true, unique=false}
12:30:51.229 [main] DEBUG o.h.b.internal.ClassLoaderAccessImpl - Not known whether passed class name [Classes.Ticket] is safe
12:30:51.229 [main] DEBUG o.h.b.internal.ClassLoaderAccessImpl - No temp ClassLoader provided; using live ClassLoader for loading potentially unsafe class : Classes.Ticket
12:30:51.229 [main] DEBUG o.h.cfg.annotations.PropertyBinder - MetadataSourceProcessor property id with lazy=false
12:30:51.229 [main] DEBUG o.h.cfg.AbstractPropertyHolder - Attempting to locate auto-apply AttributeConverter for property [Classes.Ticket:id]
12:30:51.229 [main] DEBUG o.h.c.annotations.SimpleValueBinder - building SimpleValue for id
12:30:51.229 [main] DEBUG o.h.cfg.annotations.PropertyBinder - Building property id
12:30:51.229 [main] DEBUG org.hibernate.cfg.BinderHelper - #makeIdGenerator(org.hibernate.mapping.SimpleValue([org.hibernate.mapping.Column(id)]), id, identity, , ...)
12:30:51.229 [main] DEBUG org.hibernate.cfg.Ejb3Column - Binding column: Ejb3JoinColumn{logicalColumnName='null', referencedColumn='null', mappedBy='null'}
12:30:51.229 [main] DEBUG org.hibernate.cfg.Ejb3Column - Binding column: Ejb3Column{table=org.hibernate.mapping.Table(Ticket), mappingColumn=seller, insertable=true, updatable=true, unique=false}
12:30:51.229 [main] DEBUG o.h.cfg.annotations.PropertyBinder - Building property seller
12:30:51.230 [main] DEBUG org.hibernate.cfg.AnnotationBinder - Binding entity from annotated class: Classes.Pass
12:30:51.230 [main] DEBUG o.h.cfg.annotations.EntityBinder - Import with entity name Pass
12:30:51.231 [main] DEBUG org.hibernate.cfg.Ejb3Column - Binding column: Ejb3JoinColumn{logicalColumnName='null', referencedColumn='null', mappedBy=''}
12:30:51.231 [main] DEBUG org.hibernate.cfg.Ejb3Column - Binding column: Ejb3Column{table=org.hibernate.mapping.Table(Ticket), mappingColumn=person, insertable=true, updatable=true, unique=false}
12:30:51.232 [main] DEBUG o.h.cfg.annotations.PropertyBinder - Building property person
12:30:51.232 [main] DEBUG org.hibernate.cfg.Ejb3Column - Binding column: Ejb3JoinColumn{logicalColumnName='null', referencedColumn='null', mappedBy='null'}
12:30:51.232 [main] DEBUG org.hibernate.cfg.Ejb3Column - Binding column: Ejb3Column{table=org.hibernate.mapping.Table(Ticket), mappingColumn=sellers, insertable=true, updatable=true, unique=false}
12:30:51.232 [main] DEBUG o.h.cfg.annotations.PropertyBinder - Building property sellers
12:30:51.232 [main] DEBUG org.hibernate.cfg.Ejb3Column - Binding column: Ejb3Column{table=org.hibernate.mapping.Table(Ticket), mappingColumn=validity, insertable=true, updatable=true, unique=false}
12:30:51.232 [main] DEBUG o.h.cfg.annotations.PropertyBinder - MetadataSourceProcessor property validity with lazy=false
12:30:51.232 [main] DEBUG o.h.cfg.AbstractPropertyHolder - Attempting to locate auto-apply AttributeConverter for property [Classes.Pass:validity]
12:30:51.234 [main] DEBUG o.h.c.annotations.SimpleValueBinder - building SimpleValue for validity
12:30:51.234 [main] DEBUG o.h.cfg.annotations.PropertyBinder - Building property validity
12:30:51.234 [main] DEBUG org.hibernate.cfg.AnnotationBinder - Binding entity from annotated class: Classes.Shop
12:30:51.234 [main] DEBUG o.h.cfg.annotations.EntityBinder - Import with entity name Shop
12:30:51.235 [main] DEBUG org.hibernate.cfg.AnnotationBinder - Skipping attribute [java.util.List : passes] as it was already processed as part of super hierarchy
12:30:51.235 [main] DEBUG org.hibernate.cfg.Ejb3Column - Binding column: Ejb3JoinColumn{logicalColumnName='null', referencedColumn='null', mappedBy=''}
12:30:51.235 [main] DEBUG org.hibernate.cfg.Ejb3Column - Binding column: Ejb3Column{table=org.hibernate.mapping.Table(TicketSeller), mappingColumn=people, insertable=true, updatable=true, unique=false}
12:30:51.235 [main] DEBUG org.hibernate.cfg.Ejb3Column - Binding column: Ejb3Column{table=org.hibernate.mapping.Table(TicketSeller), mappingColumn=null, insertable=true, updatable=true, unique=false}
12:30:51.235 [main] DEBUG org.hibernate.cfg.Ejb3Column - Binding column: Ejb3Column{table=org.hibernate.mapping.Table(TicketSeller), mappingColumn=element, insertable=true, updatable=true, unique=false}
12:30:51.235 [main] DEBUG org.hibernate.cfg.Ejb3Column - Binding column: Ejb3Column{table=org.hibernate.mapping.Table(TicketSeller), mappingColumn=people_KEY, insertable=true, updatable=true, unique=false}
12:30:51.235 [main] DEBUG org.hibernate.cfg.Ejb3Column - Binding column: Ejb3JoinColumn{logicalColumnName='people_KEY', referencedColumn='null', mappedBy='null'}
12:30:51.235 [main] DEBUG org.hibernate.cfg.Ejb3Column - Binding column: Ejb3JoinColumn{logicalColumnName='null', referencedColumn='null', mappedBy=''}
12:30:51.235 [main] DEBUG org.hibernate.cfg.Ejb3Column - Binding column: Ejb3JoinColumn{logicalColumnName='null', referencedColumn='null', mappedBy=''}
12:30:51.235 [main] DEBUG o.h.cfg.annotations.CollectionBinder - Collection role: Classes.Shop.people
12:30:51.235 [main] DEBUG o.h.cfg.annotations.PropertyBinder - Building property people
12:30:51.235 [main] DEBUG org.hibernate.cfg.AnnotationBinder - Skipping attribute [java.util.List : tickets] as it was already processed as part of super hierarchy
12:30:51.235 [main] DEBUG org.hibernate.cfg.AnnotationBinder - Binding entity from annotated class: Classes.VendingMachine
12:30:51.236 [main] DEBUG o.h.cfg.annotations.EntityBinder - Import with entity name VendingMachine
12:30:51.236 [main] DEBUG org.hibernate.cfg.Ejb3Column - Binding column: Ejb3Column{table=org.hibernate.mapping.Table(TicketSeller), mappingColumn=isWorking, insertable=true, updatable=true, unique=false}
12:30:51.236 [main] DEBUG o.h.cfg.annotations.PropertyBinder - MetadataSourceProcessor property isWorking with lazy=false
12:30:51.236 [main] DEBUG o.h.cfg.AbstractPropertyHolder - Attempting to locate auto-apply AttributeConverter for property [Classes.VendingMachine:isWorking]
12:30:51.237 [main] DEBUG o.h.c.annotations.SimpleValueBinder - building SimpleValue for isWorking
12:30:51.237 [main] DEBUG o.h.cfg.annotations.PropertyBinder - Building property isWorking
12:30:51.238 [main] DEBUG o.h.c.annotations.SimpleValueBinder - Starting fillSimpleValue for id
12:30:51.238 [main] DEBUG o.h.c.annotations.SimpleValueBinder - Starting fillSimpleValue for name
12:30:51.238 [main] DEBUG o.h.c.annotations.SimpleValueBinder - Starting fillSimpleValue for id
12:30:51.238 [main] DEBUG o.h.c.annotations.SimpleValueBinder - Starting fillSimpleValue for emissionDate
12:30:51.238 [main] DEBUG o.h.c.annotations.SimpleValueBinder - Starting fillSimpleValue for expirationDate
12:30:51.238 [main] DEBUG o.h.c.annotations.SimpleValueBinder - Starting fillSimpleValue for id
12:30:51.238 [main] DEBUG o.h.c.annotations.SimpleValueBinder - Starting fillSimpleValue for birthdate
12:30:51.239 [main] DEBUG o.h.c.annotations.SimpleValueBinder - Starting fillSimpleValue for firstName
12:30:51.239 [main] DEBUG o.h.c.annotations.SimpleValueBinder - Starting fillSimpleValue for lastName
12:30:51.239 [main] DEBUG o.h.c.annotations.SimpleValueBinder - Starting fillSimpleValue for id
12:30:51.239 [main] DEBUG o.h.c.annotations.SimpleValueBinder - Starting fillSimpleValue for validity
12:30:51.239 [main] DEBUG o.h.c.annotations.SimpleValueBinder - Starting fillSimpleValue for isWorking
12:30:51.242 [main] DEBUG org.hibernate.mapping.PrimaryKey - Forcing column [id] to be non-null as it is part of the primary key for table [ticketseller]
12:30:51.242 [main] DEBUG org.hibernate.mapping.PrimaryKey - Forcing column [id] to be non-null as it is part of the primary key for table [card]
12:30:51.243 [main] DEBUG org.hibernate.mapping.PrimaryKey - Forcing column [id] to be non-null as it is part of the primary key for table [person]
12:30:51.243 [main] DEBUG org.hibernate.mapping.PrimaryKey - Forcing column [id] to be non-null as it is part of the primary key for table [ticket]
12:30:51.243 [main] DEBUG o.hibernate.cfg.CollectionSecondPass - Second pass for collection: Classes.Shop.people
12:30:51.243 [main] DEBUG o.h.cfg.annotations.CollectionBinder - Binding a OneToMany: Classes.Shop.people through an association table
12:30:51.247 [main] DEBUG o.hibernate.cfg.CollectionSecondPass - Mapped collection key: Shop_id, element: people_id
12:30:51.248 [main] DEBUG o.hibernate.cfg.CollectionSecondPass - Second pass for collection: Abstract.TicketSeller.tickets
12:30:51.248 [main] DEBUG o.h.cfg.annotations.CollectionBinder - Binding a OneToMany: Abstract.TicketSeller.tickets through an association table
12:30:51.248 [main] DEBUG o.hibernate.cfg.CollectionSecondPass - Mapped collection key: TicketSeller_id, element: tickets_id
12:30:51.248 [main] DEBUG o.hibernate.cfg.CollectionSecondPass - Second pass for collection: Abstract.TicketSeller.passes
12:30:51.248 [main] DEBUG o.h.cfg.annotations.CollectionBinder - Binding a OneToMany: Abstract.TicketSeller.passes through an association table
12:30:51.248 [main] DEBUG o.hibernate.cfg.CollectionSecondPass - Mapped collection key: TicketSeller_id, element: passes_id
12:30:51.249 [main] DEBUG o.h.cfg.annotations.PropertyBinder - Building property person
12:30:51.250 [main] DEBUG o.h.b.i.InFlightMetadataCollectorImpl - Processing association property references
12:30:51.250 [main] DEBUG o.h.b.i.InFlightMetadataCollectorImpl - Resolving reference to class: Classes.Card
12:30:51.251 [main] DEBUG o.h.b.i.InFlightMetadataCollectorImpl - Resolving reference to class: Abstract.TicketSeller
12:30:51.251 [main] DEBUG o.h.b.i.InFlightMetadataCollectorImpl - Resolving reference to class: Classes.Person
12:30:51.251 [main] DEBUG o.h.b.i.InFlightMetadataCollectorImpl - Resolving reference to class: Abstract.TicketSeller
12:30:51.251 [main] DEBUG o.h.b.i.InFlightMetadataCollectorImpl - Resolving reference to class: Classes.Person
12:30:51.251 [main] DEBUG o.h.b.i.InFlightMetadataCollectorImpl - Resolving reference to class: Classes.Shop
12:30:51.252 [main] DEBUG o.h.b.i.InFlightMetadataCollectorImpl - Resolving reference to class: Classes.Ticket
12:30:51.252 [main] DEBUG o.h.b.i.InFlightMetadataCollectorImpl - Resolving reference to class: Abstract.TicketSeller
12:30:51.252 [main] DEBUG o.h.b.i.InFlightMetadataCollectorImpl - Resolving reference to class: Classes.Pass
12:30:51.253 [main] DEBUG o.h.b.i.InFlightMetadataCollectorImpl - Processing association property references
12:30:51.253 [main] DEBUG o.h.b.i.InFlightMetadataCollectorImpl - Resolving reference to class: Classes.Card
12:30:51.253 [main] DEBUG o.h.b.i.InFlightMetadataCollectorImpl - Resolving reference to class: Abstract.TicketSeller
12:30:51.253 [main] DEBUG o.h.b.i.InFlightMetadataCollectorImpl - Resolving reference to class: Classes.Person
12:30:51.253 [main] DEBUG o.h.b.i.InFlightMetadataCollectorImpl - Resolving reference to class: Abstract.TicketSeller
12:30:51.253 [main] DEBUG o.h.b.i.InFlightMetadataCollectorImpl - Resolving reference to class: Classes.Person
12:30:51.254 [main] DEBUG o.h.b.i.InFlightMetadataCollectorImpl - Resolving reference to class: Classes.Shop
12:30:51.254 [main] DEBUG o.h.b.i.InFlightMetadataCollectorImpl - Resolving reference to class: Classes.Ticket
12:30:51.254 [main] DEBUG o.h.b.i.InFlightMetadataCollectorImpl - Resolving reference to class: Abstract.TicketSeller
12:30:51.254 [main] DEBUG o.h.b.i.InFlightMetadataCollectorImpl - Resolving reference to class: Classes.Pass
12:30:51.283 [main] DEBUG o.h.internal.SessionFactoryImpl - Building session factory
12:30:51.284 [main] DEBUG org.hibernate.cfg.Settings - SessionFactory name : null
12:30:51.284 [main] DEBUG org.hibernate.cfg.Settings - Automatic flush during beforeCompletion(): enabled
12:30:51.284 [main] DEBUG org.hibernate.cfg.Settings - Automatic session close at end of transaction: disabled
12:30:51.284 [main] DEBUG org.hibernate.cfg.Settings - Statistics: disabled
12:30:51.284 [main] DEBUG org.hibernate.cfg.Settings - Deleted entity synthetic identifier rollback: disabled
12:30:51.284 [main] DEBUG org.hibernate.cfg.Settings - Default entity-mode: pojo
12:30:51.284 [main] DEBUG org.hibernate.cfg.Settings - Check Nullability in Core (should be disabled when Bean Validation is on): enabled
12:30:51.284 [main] DEBUG org.hibernate.cfg.Settings - Allow initialization of lazy state outside session : disabled
12:30:51.284 [main] DEBUG org.hibernate.cfg.Settings - Using BatchFetchStyle : LEGACY
12:30:51.284 [main] DEBUG org.hibernate.cfg.Settings - Default batch fetch size: -1
12:30:51.284 [main] DEBUG org.hibernate.cfg.Settings - Maximum outer join fetch depth: null
12:30:51.284 [main] DEBUG org.hibernate.cfg.Settings - Default null ordering: NONE
12:30:51.284 [main] DEBUG org.hibernate.cfg.Settings - Order SQL updates by primary key: disabled
12:30:51.284 [main] DEBUG org.hibernate.cfg.Settings - Order SQL inserts for batching: disabled
12:30:51.284 [main] DEBUG org.hibernate.cfg.Settings - multi-tenancy strategy : NONE
12:30:51.284 [main] DEBUG org.hibernate.cfg.Settings - JTA Track by Thread: enabled
12:30:51.284 [main] DEBUG org.hibernate.cfg.Settings - Query language substitutions: {}
12:30:51.284 [main] DEBUG org.hibernate.cfg.Settings - Named query checking : enabled
12:30:51.284 [main] DEBUG org.hibernate.cfg.Settings - Second-level cache: disabled
12:30:51.284 [main] DEBUG org.hibernate.cfg.Settings - Second-level query cache: disabled
12:30:51.284 [main] DEBUG org.hibernate.cfg.Settings - Second-level query cache factory: null
12:30:51.284 [main] DEBUG org.hibernate.cfg.Settings - Second-level cache region prefix: null
12:30:51.284 [main] DEBUG org.hibernate.cfg.Settings - Optimize second-level cache for minimal puts: disabled
12:30:51.284 [main] DEBUG org.hibernate.cfg.Settings - Structured second-level cache entries: disabled
12:30:51.284 [main] DEBUG org.hibernate.cfg.Settings - Second-level cache direct-reference entries: disabled
12:30:51.284 [main] DEBUG org.hibernate.cfg.Settings - Automatic eviction of collection cache: disabled
12:30:51.284 [main] DEBUG org.hibernate.cfg.Settings - JDBC batch size: 15
12:30:51.284 [main] DEBUG org.hibernate.cfg.Settings - JDBC batch updates for versioned data: enabled
12:30:51.284 [main] DEBUG org.hibernate.cfg.Settings - Scrollable result sets: enabled
12:30:51.284 [main] DEBUG org.hibernate.cfg.Settings - Wrap result sets: disabled
12:30:51.284 [main] DEBUG org.hibernate.cfg.Settings - JDBC3 getGeneratedKeys(): enabled
12:30:51.284 [main] DEBUG org.hibernate.cfg.Settings - JDBC result set fetch size: null
12:30:51.285 [main] DEBUG org.hibernate.cfg.Settings - Connection release mode: AFTER_TRANSACTION
12:30:51.285 [main] DEBUG org.hibernate.cfg.Settings - Generate SQL with comments: disabled
12:30:51.285 [main] DEBUG org.hibernate.cfg.Settings - JPA compliance - query : disabled
12:30:51.285 [main] DEBUG org.hibernate.cfg.Settings - JPA compliance - closed-handling : disabled
12:30:51.285 [main] DEBUG org.hibernate.cfg.Settings - JPA compliance - lists : disabled
12:30:51.285 [main] DEBUG org.hibernate.cfg.Settings - JPA compliance - transactions : disabled
12:30:51.291 [main] DEBUG o.h.b.internal.ClassLoaderAccessImpl - Not known whether passed class name [Classes.Pass] is safe
12:30:51.291 [main] DEBUG o.h.b.internal.ClassLoaderAccessImpl - No temp ClassLoader provided; using live ClassLoader for loading potentially unsafe class : Classes.Pass
12:30:51.291 [main] DEBUG o.h.b.internal.ClassLoaderAccessImpl - Not known whether passed class name [Classes.Shop] is safe
12:30:51.291 [main] DEBUG o.h.b.internal.ClassLoaderAccessImpl - No temp ClassLoader provided; using live ClassLoader for loading potentially unsafe class : Classes.Shop
12:30:51.291 [main] DEBUG o.h.b.internal.ClassLoaderAccessImpl - Not known whether passed class name [Classes.VendingMachine] is safe
12:30:51.291 [main] DEBUG o.h.b.internal.ClassLoaderAccessImpl - No temp ClassLoader provided; using live ClassLoader for loading potentially unsafe class : Classes.VendingMachine
12:30:51.320 [main] DEBUG o.h.s.i.SessionFactoryServiceRegistryImpl - EventListenerRegistry access via ServiceRegistry is deprecated.  Use `sessionFactory.getEventEngine().getListenerRegistry()` instead
12:30:51.320 [main] DEBUG o.h.s.i.SessionFactoryServiceRegistryImpl - EventListenerRegistry access via ServiceRegistry is deprecated.  Use `sessionFactory.getEventEngine().getListenerRegistry()` instead
12:30:51.332 [main] DEBUG o.h.internal.SessionFactoryImpl - Session factory constructed with filter configurations : {}
12:30:51.333 [main] DEBUG o.h.internal.SessionFactoryImpl - Instantiating session factory with properties: {java.specification.version=17, sun.cpu.isalist=amd64, sun.jnu.encoding=Cp1252, hibernate.dialect=org.hibernate.dialect.PostgreSQLDialect, java.class.path=C:\Users\total\Desktop\All\Epicode\fs0223-Luca-Sernicola-BackEnd\BuildWeek_4\target\classes;C:\Users\total\.m2\repository\ch\qos\logback\logback-classic\1.4.8\logback-classic-1.4.8.jar;C:\Users\total\.m2\repository\ch\qos\logback\logback-core\1.4.8\logback-core-1.4.8.jar;C:\Users\total\.m2\repository\org\slf4j\slf4j-api\2.0.7\slf4j-api-2.0.7.jar;C:\Users\total\.m2\repository\commons-io\commons-io\2.13.0\commons-io-2.13.0.jar;C:\Users\total\.m2\repository\org\postgresql\postgresql\42.6.0\postgresql-42.6.0.jar;C:\Users\total\.m2\repository\org\checkerframework\checker-qual\3.31.0\checker-qual-3.31.0.jar;C:\Users\total\.m2\repository\org\hibernate\hibernate-core\5.6.15.Final\hibernate-core-5.6.15.Final.jar;C:\Users\total\.m2\repository\org\jboss\logging\jboss-logging\3.4.3.Final\jboss-logging-3.4.3.Final.jar;C:\Users\total\.m2\repository\javax\persistence\javax.persistence-api\2.2\javax.persistence-api-2.2.jar;C:\Users\total\.m2\repository\net\bytebuddy\byte-buddy\1.12.18\byte-buddy-1.12.18.jar;C:\Users\total\.m2\repository\antlr\antlr\2.7.7\antlr-2.7.7.jar;C:\Users\total\.m2\repository\org\jboss\spec\javax\transaction\jboss-transaction-api_1.2_spec\1.1.1.Final\jboss-transaction-api_1.2_spec-1.1.1.Final.jar;C:\Users\total\.m2\repository\org\jboss\jandex\2.4.2.Final\jandex-2.4.2.Final.jar;C:\Users\total\.m2\repository\com\fasterxml\classmate\1.5.1\classmate-1.5.1.jar;C:\Users\total\.m2\repository\javax\activation\javax.activation-api\1.2.0\javax.activation-api-1.2.0.jar;C:\Users\total\.m2\repository\org\hibernate\common\hibernate-commons-annotations\5.1.2.Final\hibernate-commons-annotations-5.1.2.Final.jar;C:\Users\total\.m2\repository\javax\xml\bind\jaxb-api\2.3.1\jaxb-api-2.3.1.jar;C:\Users\total\.m2\repository\org\glassfish\jaxb\jaxb-runtime\2.3.1\jaxb-runtime-2.3.1.jar;C:\Users\total\.m2\repository\org\glassfish\jaxb\txw2\2.3.1\txw2-2.3.1.jar;C:\Users\total\.m2\repository\com\sun\istack\istack-commons-runtime\3.0.7\istack-commons-runtime-3.0.7.jar;C:\Users\total\.m2\repository\org\jvnet\staxex\stax-ex\1.8\stax-ex-1.8.jar;C:\Users\total\.m2\repository\com\sun\xml\fastinfoset\FastInfoset\1.2.15\FastInfoset-1.2.15.jar;C:\Users\total\Desktop\All\Epicode\fs0223-Luca-Sernicola-BackEnd\Homework_W3_D3\target\classes, java.vm.vendor=Eclipse Adoptium, sun.arch.data.model=64, user.variant=, java.vendor.url=https://adoptium.net/, user.timezone=Europe/Rome, javax.persistence.jdbc.url=jdbc:postgresql://localhost:5432/BuildWeek, javax.persistence.jdbc.user=****, java.vm.specification.version=17, os.name=Windows 11, jakarta.persistence.jdbc.password=****, sun.java.launcher=SUN_STANDARD, user.country=US, local.setting.IS_JTA_TXN_COORD=false, sun.boot.library.path=C:\Users\total\.p2\pool\plugins\org.eclipse.justj.openjdk.hotspot.jre.full.win32.x86_64_17.0.7.v20230425-1502\jre\bin, sun.java.command=MainClass.MainClass, jdk.debug=release, jakarta.persistence.jdbc.driver=org.postgresql.Driver, sun.cpu.endian=little, user.home=C:\Users\total, user.language=en, java.specification.vendor=Oracle Corporation, java.version.date=2023-04-18, java.home=C:\Users\total\.p2\pool\plugins\org.eclipse.justj.openjdk.hotspot.jre.full.win32.x86_64_17.0.7.v20230425-1502\jre, file.separator=\, java.vm.compressedOopsMode=Zero based, jakarta.persistence.jdbc.user=****, line.separator=
, hibernate.persistenceUnitName=BuildWeek_4, java.vm.specification.vendor=Oracle Corporation, java.specification.name=Java Platform API Specification, hibernate.transaction.coordinator_class=class org.hibernate.resource.transaction.backend.jdbc.internal.JdbcResourceLocalTransactionCoordinatorBuilderImpl, javax.persistence.jdbc.driver=org.postgresql.Driver, hibernate.hbm2ddl.auto=update, user.script=, sun.management.compiler=HotSpot 64-Bit Tiered Compilers, java.runtime.version=17.0.7+7, user.name=total, path.separator=;, hibernate.connection.username=****, os.version=10.0, java.runtime.name=OpenJDK Runtime Environment, hibernate.connection.url=jdbc:postgresql://localhost:5432/BuildWeek, file.encoding=UTF-8, hibernate.ejb.persistenceUnitName=BuildWeek_4, java.vm.name=OpenJDK 64-Bit Server VM, java.vendor.version=Temurin-17.0.7+7, hibernate.connection.driver_class=org.postgresql.Driver, java.vendor.url.bug=https://github.com/adoptium/adoptium-support/issues, java.io.tmpdir=C:\Users\total\AppData\Local\Temp\, java.version=17.0.7, user.dir=C:\Users\total\Desktop\All\Epicode\fs0223-Luca-Sernicola-BackEnd\BuildWeek_4, os.arch=amd64, java.vm.specification.name=Java Virtual Machine Specification, hibernate.connection.password=****, sun.os.patch.level=, jakarta.persistence.jdbc.url=jdbc:postgresql://localhost:5432/BuildWeek, hibernate.boot.CfgXmlAccessService.key=org.hibernate.boot.registry.StandardServiceRegistryBuilder$1@10641c09, native.encoding=Cp1252, java.library.path=C:\Users\total\.p2\pool\plugins\org.eclipse.justj.openjdk.hotspot.jre.full.win32.x86_64_17.0.7.v20230425-1502\jre\bin;C:\windows\Sun\Java\bin;C:\windows\system32;C:\windows;C:/Users/total/.p2/pool/plugins/org.eclipse.justj.openjdk.hotspot.jre.full.win32.x86_64_17.0.7.v20230425-1502/jre/bin/server;C:/Users/total/.p2/pool/plugins/org.eclipse.justj.openjdk.hotspot.jre.full.win32.x86_64_17.0.7.v20230425-1502/jre/bin;C:\Program Files\Eclipse Adoptium\jdk-17.0.7.7-hotspot\bin;C:\Program Files (x86)\NVIDIA Corporation\PhysX\Common;C:\windows\system32;C:\windows;C:\windows\System32\Wbem;C:\windows\System32\WindowsPowerShell\v1.0\;C:\windows\System32\OpenSSH\;C:\Program Files\Git\cmd;C:\Program Files\nodejs\;C:\Users\total\AppData\Local\Microsoft\WindowsApps;C:\Users\total\AppData\Local\Programs\Microsoft VS Code\bin;C:\Users\total\AppData\Roaming\npm;C:\Users\total\AppData\Local\GitHubDesktop\bin;C:\windows\System32;;., java.vendor=Eclipse Adoptium, java.vm.info=mixed mode, java.vm.version=17.0.7+7, hibernate.bytecode.use_reflection_optimizer=false, sun.io.unicode.encoding=UnicodeLittle, javax.persistence.jdbc.password=****, java.class.version=61.0}
12:30:51.341 [main] DEBUG o.h.secure.spi.JaccIntegrator - Skipping JACC integration as it was not enabled
12:30:51.345 [main] DEBUG org.hibernate.type.EnumType - Using ORDINAL-based conversion for Enum Enums.Validity
12:30:51.346 [main] DEBUG o.h.internal.SessionFactoryImpl - Instantiated session factory
12:30:51.346 [main] DEBUG o.h.type.spi.TypeConfiguration$Scope - Scoping TypeConfiguration [org.hibernate.type.spi.TypeConfiguration@21f9277b] to SessionFactoryImpl [org.hibernate.internal.SessionFactoryImpl@4b3fe06e]
12:30:51.381 [main] DEBUG o.h.b.internal.ClassLoaderAccessImpl - Not known whether passed class name [Abstract.TicketSeller] is safe
12:30:51.381 [main] DEBUG o.h.b.internal.ClassLoaderAccessImpl - No temp ClassLoader provided; using live ClassLoader for loading potentially unsafe class : Abstract.TicketSeller
12:30:51.383 [main] DEBUG o.h.b.internal.ClassLoaderAccessImpl - Not known whether passed class name [Classes.Shop] is safe
12:30:51.383 [main] DEBUG o.h.b.internal.ClassLoaderAccessImpl - No temp ClassLoader provided; using live ClassLoader for loading potentially unsafe class : Classes.Shop
12:30:51.384 [main] DEBUG o.h.b.internal.ClassLoaderAccessImpl - Not known whether passed class name [Classes.VendingMachine] is safe
12:30:51.384 [main] DEBUG o.h.b.internal.ClassLoaderAccessImpl - No temp ClassLoader provided; using live ClassLoader for loading potentially unsafe class : Classes.VendingMachine
12:30:51.491 [main] DEBUG o.hibernate.orm.bytecode.interceptor - To-one property `Classes.Card#person` was mapped with LAZY + NO_PROXY but the class was not enhanced
12:30:51.491 [main] DEBUG o.hibernate.orm.bytecode.interceptor - To-one property `Classes.Card#person` was mapped with LAZY + NO_PROXY but the class was not enhanced
12:30:51.491 [main] DEBUG o.h.b.internal.ClassLoaderAccessImpl - Not known whether passed class name [Classes.Card] is safe
12:30:51.491 [main] DEBUG o.h.b.internal.ClassLoaderAccessImpl - No temp ClassLoader provided; using live ClassLoader for loading potentially unsafe class : Classes.Card
12:30:51.499 [main] DEBUG o.hibernate.orm.bytecode.interceptor - To-one property `Classes.Card#person` was mapped with LAZY + NO_PROXY but the class was not enhanced
12:30:51.499 [main] DEBUG o.hibernate.orm.bytecode.interceptor - To-one property `Classes.Card#person` was mapped with LAZY + NO_PROXY but the class was not enhanced
12:30:51.500 [main] DEBUG o.hibernate.orm.bytecode.interceptor - To-one property `Classes.Person#cardNum` was mapped with LAZY + NO_PROXY but the class was not enhanced
12:30:51.500 [main] DEBUG o.hibernate.orm.bytecode.interceptor - To-one property `Classes.Person#cardNum` was mapped with LAZY + NO_PROXY but the class was not enhanced
12:30:51.500 [main] DEBUG o.h.b.internal.ClassLoaderAccessImpl - Not known whether passed class name [Classes.Person] is safe
12:30:51.500 [main] DEBUG o.h.b.internal.ClassLoaderAccessImpl - No temp ClassLoader provided; using live ClassLoader for loading potentially unsafe class : Classes.Person
12:30:51.506 [main] DEBUG o.hibernate.orm.bytecode.interceptor - To-one property `Classes.Person#cardNum` was mapped with LAZY + NO_PROXY but the class was not enhanced
12:30:51.506 [main] DEBUG o.hibernate.orm.bytecode.interceptor - To-one property `Classes.Person#cardNum` was mapped with LAZY + NO_PROXY but the class was not enhanced
12:30:51.507 [main] DEBUG o.hibernate.orm.bytecode.interceptor - To-one property `Classes.Ticket#seller` was mapped with LAZY + NO_PROXY but the class was not enhanced
12:30:51.507 [main] DEBUG o.hibernate.orm.bytecode.interceptor - To-one property `Classes.Ticket#seller` was mapped with LAZY + NO_PROXY but the class was not enhanced
12:30:51.507 [main] DEBUG o.hibernate.orm.bytecode.interceptor - To-one property `Classes.Pass#person` was mapped with LAZY + NO_PROXY but the class was not enhanced
12:30:51.507 [main] DEBUG o.hibernate.orm.bytecode.interceptor - To-one property `Classes.Pass#person` was mapped with LAZY + NO_PROXY but the class was not enhanced
12:30:51.507 [main] DEBUG o.hibernate.orm.bytecode.interceptor - To-one property `Classes.Pass#sellers` was mapped with LAZY + NO_PROXY but the class was not enhanced
12:30:51.507 [main] DEBUG o.hibernate.orm.bytecode.interceptor - To-one property `Classes.Pass#sellers` was mapped with LAZY + NO_PROXY but the class was not enhanced
12:30:51.507 [main] DEBUG o.h.b.internal.ClassLoaderAccessImpl - Not known whether passed class name [Classes.Pass] is safe
12:30:51.507 [main] DEBUG o.h.b.internal.ClassLoaderAccessImpl - No temp ClassLoader provided; using live ClassLoader for loading potentially unsafe class : Classes.Pass
12:30:51.513 [main] DEBUG o.hibernate.orm.bytecode.interceptor - To-one property `Classes.Ticket#seller` was mapped with LAZY + NO_PROXY but the class was not enhanced
12:30:51.513 [main] DEBUG o.hibernate.orm.bytecode.interceptor - To-one property `Classes.Pass#person` was mapped with LAZY + NO_PROXY but the class was not enhanced
12:30:51.513 [main] DEBUG o.hibernate.orm.bytecode.interceptor - To-one property `Classes.Pass#sellers` was mapped with LAZY + NO_PROXY but the class was not enhanced
12:30:51.513 [main] DEBUG o.hibernate.orm.bytecode.interceptor - To-one property `Classes.Ticket#seller` was mapped with LAZY + NO_PROXY but the class was not enhanced
12:30:51.513 [main] DEBUG o.hibernate.orm.bytecode.interceptor - To-one property `Classes.Pass#person` was mapped with LAZY + NO_PROXY but the class was not enhanced
12:30:51.513 [main] DEBUG o.hibernate.orm.bytecode.interceptor - To-one property `Classes.Pass#sellers` was mapped with LAZY + NO_PROXY but the class was not enhanced
12:30:51.517 [main] DEBUG o.hibernate.orm.bytecode.interceptor - To-one property `Classes.Ticket#seller` was mapped with LAZY + NO_PROXY but the class was not enhanced
12:30:51.517 [main] DEBUG o.hibernate.orm.bytecode.interceptor - To-one property `Classes.Ticket#seller` was mapped with LAZY + NO_PROXY but the class was not enhanced
12:30:51.517 [main] DEBUG o.h.b.internal.ClassLoaderAccessImpl - Not known whether passed class name [Classes.Ticket] is safe
12:30:51.517 [main] DEBUG o.h.b.internal.ClassLoaderAccessImpl - No temp ClassLoader provided; using live ClassLoader for loading potentially unsafe class : Classes.Ticket
12:30:51.522 [main] DEBUG o.hibernate.orm.bytecode.interceptor - To-one property `Classes.Ticket#seller` was mapped with LAZY + NO_PROXY but the class was not enhanced
12:30:51.522 [main] DEBUG o.hibernate.orm.bytecode.interceptor - To-one property `Classes.Ticket#seller` was mapped with LAZY + NO_PROXY but the class was not enhanced
12:30:51.522 [main] DEBUG o.hibernate.orm.bytecode.interceptor - To-one property `Classes.Pass#person` was mapped with LAZY + NO_PROXY but the class was not enhanced
12:30:51.522 [main] DEBUG o.hibernate.orm.bytecode.interceptor - To-one property `Classes.Pass#sellers` was mapped with LAZY + NO_PROXY but the class was not enhanced
12:30:51.532 [main] DEBUG o.h.p.c.AbstractCollectionPersister - Static SQL for collection: Abstract.TicketSeller.tickets
12:30:51.532 [main] DEBUG o.h.p.c.AbstractCollectionPersister -  Row insert: insert into TicketSeller_Ticket (TicketSeller_id, tickets_id) values (?, ?)
12:30:51.532 [main] DEBUG o.h.p.c.AbstractCollectionPersister -  Row update: update TicketSeller_Ticket set tickets_id=? where TicketSeller_id=? and tickets_id=?
12:30:51.532 [main] DEBUG o.h.p.c.AbstractCollectionPersister -  Row delete: delete from TicketSeller_Ticket where TicketSeller_id=? and tickets_id=?
12:30:51.532 [main] DEBUG o.h.p.c.AbstractCollectionPersister -  One-shot delete: delete from TicketSeller_Ticket where TicketSeller_id=?
12:30:51.532 [main] DEBUG o.h.p.c.AbstractCollectionPersister - Static SQL for collection: Abstract.TicketSeller.passes
12:30:51.532 [main] DEBUG o.h.p.c.AbstractCollectionPersister -  Row insert: insert into TicketSeller_Ticket (TicketSeller_id, passes_id) values (?, ?)
12:30:51.532 [main] DEBUG o.h.p.c.AbstractCollectionPersister -  Row update: update TicketSeller_Ticket set passes_id=? where TicketSeller_id=? and passes_id=?
12:30:51.533 [main] DEBUG o.h.p.c.AbstractCollectionPersister -  Row delete: delete from TicketSeller_Ticket where TicketSeller_id=? and passes_id=?
12:30:51.533 [main] DEBUG o.h.p.c.AbstractCollectionPersister -  One-shot delete: delete from TicketSeller_Ticket where TicketSeller_id=?
12:30:51.533 [main] DEBUG o.h.p.c.AbstractCollectionPersister - Static SQL for collection: Classes.Shop.people
12:30:51.533 [main] DEBUG o.h.p.c.AbstractCollectionPersister -  Row insert: insert into TicketSeller_Person (Shop_id, people_id) values (?, ?)
12:30:51.533 [main] DEBUG o.h.p.c.AbstractCollectionPersister -  Row update: update TicketSeller_Person set people_id=? where Shop_id=? and people_id=?
12:30:51.533 [main] DEBUG o.h.p.c.AbstractCollectionPersister -  Row delete: delete from TicketSeller_Person where Shop_id=? and people_id=?
12:30:51.533 [main] DEBUG o.h.p.c.AbstractCollectionPersister -  One-shot delete: delete from TicketSeller_Person where Shop_id=?
12:30:51.534 [main] DEBUG o.h.p.entity.AbstractEntityPersister - Static SQL for entity: Abstract.TicketSeller
12:30:51.535 [main] DEBUG o.h.p.entity.AbstractEntityPersister -  Version select: select id from TicketSeller where id =?
12:30:51.535 [main] DEBUG o.h.p.entity.AbstractEntityPersister -  Snapshot select: select ticketsell_.id, ticketsell_.seller_name as seller_n3_3_ from TicketSeller ticketsell_ where ticketsell_.id=?
12:30:51.535 [main] DEBUG o.h.p.entity.AbstractEntityPersister -  Insert 0: insert into TicketSeller (seller_name, Elementi, id) values (?, 'TicketSeller', ?)
12:30:51.535 [main] DEBUG o.h.p.entity.AbstractEntityPersister -  Update 0: update TicketSeller set seller_name=? where id=?
12:30:51.535 [main] DEBUG o.h.p.entity.AbstractEntityPersister -  Delete 0: delete from TicketSeller where id=?
12:30:51.546 [main] DEBUG o.h.l.p.b.i.spaces.QuerySpacesImpl - Adding QuerySpace : uid = <gen:0> -> org.hibernate.loader.plan.build.internal.spaces.EntityQuerySpaceImpl@63cf9de0]
12:30:51.547 [main] DEBUG o.h.p.w.spi.MetamodelGraphWalker - Visiting attribute path : name
12:30:51.547 [main] DEBUG o.h.p.w.spi.MetamodelGraphWalker - Visiting attribute path : passes
12:30:51.549 [main] DEBUG o.h.l.p.b.i.spaces.QuerySpacesImpl - Adding QuerySpace : uid = <gen:1> -> org.hibernate.loader.plan.build.internal.spaces.CollectionQuerySpaceImpl@34c70b5e]
12:30:51.549 [main] DEBUG o.h.l.p.b.i.spaces.QuerySpacesImpl - Adding QuerySpace : uid = <gen:2> -> org.hibernate.loader.plan.build.internal.spaces.EntityQuerySpaceImpl@f425231]
12:30:51.549 [main] DEBUG o.h.p.w.spi.MetamodelGraphWalker - Visiting attribute path : tickets
12:30:51.550 [main] DEBUG o.h.l.p.b.i.spaces.QuerySpacesImpl - Adding QuerySpace : uid = <gen:3> -> org.hibernate.loader.plan.build.internal.spaces.CollectionQuerySpaceImpl@705a8dbc]
12:30:51.550 [main] DEBUG o.h.l.p.b.i.spaces.QuerySpacesImpl - Adding QuerySpace : uid = <gen:4> -> org.hibernate.loader.plan.build.internal.spaces.EntityQuerySpaceImpl@40729f01]
12:30:51.550 [main] DEBUG o.h.p.w.spi.MetamodelGraphWalker - Visiting attribute path : people
12:30:51.550 [main] DEBUG o.h.l.p.b.i.spaces.QuerySpacesImpl - Adding QuerySpace : uid = <gen:5> -> org.hibernate.loader.plan.build.internal.spaces.CollectionQuerySpaceImpl@d535a3d]
12:30:51.550 [main] DEBUG o.h.l.p.b.i.spaces.QuerySpacesImpl - Adding QuerySpace : uid = <gen:6> -> org.hibernate.loader.plan.build.internal.spaces.EntityQuerySpaceImpl@2d760326]
12:30:51.550 [main] DEBUG o.h.p.w.spi.MetamodelGraphWalker - Visiting attribute path : isWorking
12:30:51.550 [main] DEBUG o.h.l.p.b.i.FetchStyleLoadPlanBuildingAssociationVisitationStrategy - Building LoadPlan...
12:30:51.555 [main] DEBUG o.h.l.p.e.i.LoadQueryJoinAndFetchProcessor - processing queryspace <gen:0>
12:30:51.556 [main] DEBUG o.h.l.p.b.spi.LoadPlanTreePrinter - LoadPlan(entity=Abstract.TicketSeller)
    - Returns
       - EntityReturnImpl(entity=Abstract.TicketSeller, querySpaceUid=<gen:0>, path=Abstract.TicketSeller)
          - CollectionAttributeFetchImpl(collection=Abstract.TicketSeller.passes, querySpaceUid=<gen:1>, path=Abstract.TicketSeller.passes)
             - (collection element) CollectionFetchableElementEntityGraph(entity=Classes.Pass, querySpaceUid=<gen:2>, path=Abstract.TicketSeller.passes.<elements>)
          - CollectionAttributeFetchImpl(collection=Abstract.TicketSeller.tickets, querySpaceUid=<gen:3>, path=Abstract.TicketSeller.tickets)
             - (collection element) CollectionFetchableElementEntityGraph(entity=Classes.Ticket, querySpaceUid=<gen:4>, path=Abstract.TicketSeller.tickets.<elements>)
          - CollectionAttributeFetchImpl(collection=Classes.Shop.people, querySpaceUid=<gen:5>, path=Abstract.TicketSeller.people)
             - (collection element) CollectionFetchableElementEntityGraph(entity=Classes.Person, querySpaceUid=<gen:6>, path=Abstract.TicketSeller.people.<elements>)
    - QuerySpaces
       - EntityQuerySpaceImpl(uid=<gen:0>, entity=Abstract.TicketSeller)
          - SQL table alias mapping - ticketsell0_
          - alias suffix - 0_
          - suffixed key columns - {id2_3_0_}

12:30:51.557 [main] DEBUG o.h.loader.entity.plan.EntityLoader - Static select for entity Abstract.TicketSeller [NONE]: select ticketsell0_.id as id2_3_0_, ticketsell0_.seller_name as seller_n3_3_0_, ticketsell0_.isWorking as isworkin4_3_0_, ticketsell0_.Elementi as elementi1_3_0_ from TicketSeller ticketsell0_ where ticketsell0_.id=?
12:30:51.558 [main] DEBUG o.h.p.entity.AbstractEntityPersister - Static SQL for entity: Classes.Card
12:30:51.558 [main] DEBUG o.h.p.entity.AbstractEntityPersister -  Version select: select id from Card where id =?
12:30:51.558 [main] DEBUG o.h.p.entity.AbstractEntityPersister -  Snapshot select: select card_.id, card_.emissionDate as emission2_0_, card_.expirationDate as expirati3_0_ from Card card_ where card_.id=?
12:30:51.558 [main] DEBUG o.h.p.entity.AbstractEntityPersister -  Insert 0: insert into Card (emissionDate, expirationDate, id) values (?, ?, ?)
12:30:51.558 [main] DEBUG o.h.p.entity.AbstractEntityPersister -  Update 0: update Card set emissionDate=?, expirationDate=? where id=?
12:30:51.558 [main] DEBUG o.h.p.entity.AbstractEntityPersister -  Delete 0: delete from Card where id=?
12:30:51.558 [main] DEBUG o.h.p.entity.AbstractEntityPersister -  Identity insert: insert into Card (emissionDate, expirationDate) values (?, ?)
12:30:51.558 [main] DEBUG o.h.l.p.b.i.spaces.QuerySpacesImpl - Adding QuerySpace : uid = <gen:0> -> org.hibernate.loader.plan.build.internal.spaces.EntityQuerySpaceImpl@493b01ef]
12:30:51.558 [main] DEBUG o.h.p.w.spi.MetamodelGraphWalker - Visiting attribute path : emissionDate
12:30:51.558 [main] DEBUG o.h.p.w.spi.MetamodelGraphWalker - Visiting attribute path : expirationDate
12:30:51.558 [main] DEBUG o.h.p.w.spi.MetamodelGraphWalker - Visiting attribute path : person
12:30:51.558 [main] DEBUG o.h.l.p.b.i.spaces.QuerySpacesImpl - Adding QuerySpace : uid = <gen:1> -> org.hibernate.loader.plan.build.internal.spaces.EntityQuerySpaceImpl@55fee662]
12:30:51.559 [main] DEBUG o.h.p.w.spi.MetamodelGraphWalker - Visiting attribute path : person.birthdate
12:30:51.559 [main] DEBUG o.h.p.w.spi.MetamodelGraphWalker - Visiting attribute path : person.cardNum
12:30:51.559 [main] DEBUG o.h.p.w.spi.MetamodelGraphWalker - Property path deemed to be circular : person.cardNum
12:30:51.559 [main] DEBUG o.h.p.w.spi.MetamodelGraphWalker - Visiting attribute path : person.firstName
12:30:51.559 [main] DEBUG o.h.p.w.spi.MetamodelGraphWalker - Visiting attribute path : person.lastName
12:30:51.559 [main] DEBUG o.h.l.p.b.i.FetchStyleLoadPlanBuildingAssociationVisitationStrategy - Building LoadPlan...
12:30:51.560 [main] DEBUG o.h.l.p.e.i.LoadQueryJoinAndFetchProcessor - processing queryspace <gen:0>
12:30:51.560 [main] DEBUG o.h.l.p.b.spi.LoadPlanTreePrinter - LoadPlan(entity=Classes.Card)
    - Returns
       - EntityReturnImpl(entity=Classes.Card, querySpaceUid=<gen:0>, path=Classes.Card)
          - EntityAttributeFetchImpl(entity=Classes.Person, querySpaceUid=<gen:1>, path=Classes.Card.person)
    - QuerySpaces
       - EntityQuerySpaceImpl(uid=<gen:0>, entity=Classes.Card)
          - SQL table alias mapping - card0_
          - alias suffix - 0_
          - suffixed key columns - {id1_0_0_}
          - JOIN (JoinDefinedByMetadata(person)) : <gen:0> -> <gen:1>
             - EntityQuerySpaceImpl(uid=<gen:1>, entity=Classes.Person)
                - SQL table alias mapping - person1_
                - alias suffix - 1_
                - suffixed key columns - {id1_1_1_}

12:30:51.560 [main] DEBUG o.h.loader.entity.plan.EntityLoader - Static select for entity Classes.Card [NONE]: select card0_.id as id1_0_0_, card0_.emissionDate as emission2_0_0_, card0_.expirationDate as expirati3_0_0_, person1_.id as id1_1_1_, person1_.birthdate as birthdat2_1_1_, person1_.cardNum_id as cardnum_5_1_1_, person1_.firstName as firstnam3_1_1_, person1_.lastName as lastname4_1_1_ from Card card0_ left outer join Person person1_ on card0_.id=person1_.cardNum_id where card0_.id=?
12:30:51.560 [main] DEBUG o.h.p.entity.AbstractEntityPersister - Static SQL for entity: Classes.Person
12:30:51.560 [main] DEBUG o.h.p.entity.AbstractEntityPersister -  Version select: select id from Person where id =?
12:30:51.560 [main] DEBUG o.h.p.entity.AbstractEntityPersister -  Snapshot select: select person_.id, person_.birthdate as birthdat2_1_, person_.cardNum_id as cardnum_5_1_, person_.firstName as firstnam3_1_, person_.lastName as lastname4_1_ from Person person_ where person_.id=?
12:30:51.560 [main] DEBUG o.h.p.entity.AbstractEntityPersister -  Insert 0: insert into Person (birthdate, cardNum_id, firstName, lastName, id) values (?, ?, ?, ?, ?)
12:30:51.560 [main] DEBUG o.h.p.entity.AbstractEntityPersister -  Update 0: update Person set birthdate=?, cardNum_id=?, firstName=?, lastName=? where id=?
12:30:51.560 [main] DEBUG o.h.p.entity.AbstractEntityPersister -  Delete 0: delete from Person where id=?
12:30:51.560 [main] DEBUG o.h.p.entity.AbstractEntityPersister -  Identity insert: insert into Person (birthdate, cardNum_id, firstName, lastName) values (?, ?, ?, ?)
12:30:51.560 [main] DEBUG o.h.l.p.b.i.spaces.QuerySpacesImpl - Adding QuerySpace : uid = <gen:0> -> org.hibernate.loader.plan.build.internal.spaces.EntityQuerySpaceImpl@3bf54172]
12:30:51.560 [main] DEBUG o.h.p.w.spi.MetamodelGraphWalker - Visiting attribute path : birthdate
12:30:51.560 [main] DEBUG o.h.p.w.spi.MetamodelGraphWalker - Visiting attribute path : cardNum
12:30:51.560 [main] DEBUG o.h.l.p.b.i.spaces.QuerySpacesImpl - Adding QuerySpace : uid = <gen:1> -> org.hibernate.loader.plan.build.internal.spaces.EntityQuerySpaceImpl@7b3cde6f]
12:30:51.561 [main] DEBUG o.h.p.w.spi.MetamodelGraphWalker - Visiting attribute path : cardNum.emissionDate
12:30:51.561 [main] DEBUG o.h.p.w.spi.MetamodelGraphWalker - Visiting attribute path : cardNum.expirationDate
12:30:51.561 [main] DEBUG o.h.p.w.spi.MetamodelGraphWalker - Visiting attribute path : cardNum.person
12:30:51.561 [main] DEBUG o.h.p.w.spi.MetamodelGraphWalker - Property path deemed to be circular : cardNum.person
12:30:51.561 [main] DEBUG o.h.p.w.spi.MetamodelGraphWalker - Visiting attribute path : firstName
12:30:51.561 [main] DEBUG o.h.p.w.spi.MetamodelGraphWalker - Visiting attribute path : lastName
12:30:51.561 [main] DEBUG o.h.l.p.b.i.FetchStyleLoadPlanBuildingAssociationVisitationStrategy - Building LoadPlan...
12:30:51.561 [main] DEBUG o.h.l.p.e.i.LoadQueryJoinAndFetchProcessor - processing queryspace <gen:0>
12:30:51.561 [main] DEBUG o.h.l.p.b.spi.LoadPlanTreePrinter - LoadPlan(entity=Classes.Person)
    - Returns
       - EntityReturnImpl(entity=Classes.Person, querySpaceUid=<gen:0>, path=Classes.Person)
          - EntityAttributeFetchImpl(entity=Classes.Card, querySpaceUid=<gen:1>, path=Classes.Person.cardNum)
    - QuerySpaces
       - EntityQuerySpaceImpl(uid=<gen:0>, entity=Classes.Person)
          - SQL table alias mapping - person0_
          - alias suffix - 0_
          - suffixed key columns - {id1_1_0_}
          - JOIN (JoinDefinedByMetadata(cardNum)) : <gen:0> -> <gen:1>
             - EntityQuerySpaceImpl(uid=<gen:1>, entity=Classes.Card)
                - SQL table alias mapping - card1_
                - alias suffix - 1_
                - suffixed key columns - {id1_0_1_}

12:30:51.561 [main] DEBUG o.h.loader.entity.plan.EntityLoader - Static select for entity Classes.Person [NONE]: select person0_.id as id1_1_0_, person0_.birthdate as birthdat2_1_0_, person0_.cardNum_id as cardnum_5_1_0_, person0_.firstName as firstnam3_1_0_, person0_.lastName as lastname4_1_0_, card1_.id as id1_0_1_, card1_.emissionDate as emission2_0_1_, card1_.expirationDate as expirati3_0_1_ from Person person0_ left outer join Card card1_ on person0_.cardNum_id=card1_.id where person0_.id=?
12:30:51.565 [main] DEBUG org.hibernate.loader.Loader - Static select for entity Classes.Person [NONE]: select person0_.id as id1_1_1_, person0_.birthdate as birthdat2_1_1_, person0_.cardNum_id as cardnum_5_1_1_, person0_.firstName as firstnam3_1_1_, person0_.lastName as lastname4_1_1_, card1_.id as id1_0_0_, card1_.emissionDate as emission2_0_0_, card1_.expirationDate as expirati3_0_0_ from Person person0_ left outer join Card card1_ on person0_.cardNum_id=card1_.id where person0_.cardNum_id=?
12:30:51.565 [main] DEBUG o.h.p.entity.AbstractEntityPersister - Static SQL for entity: Classes.Pass
12:30:51.565 [main] DEBUG o.h.p.entity.AbstractEntityPersister -  Version select: select id from Ticket where id =?
12:30:51.565 [main] DEBUG o.h.p.entity.AbstractEntityPersister -  Snapshot select: select pass_.id, pass_.seller_id as seller_i4_2_, pass_.person_id as person_i5_2_, pass_.sellers_id as sellers_6_2_, pass_.validity as validity3_2_ from Ticket pass_ where pass_.id=?
12:30:51.565 [main] DEBUG o.h.p.entity.AbstractEntityPersister -  Insert 0: insert into Ticket (seller_id, person_id, sellers_id, validity, DTYPE, id) values (?, ?, ?, ?, 'Pass', ?)
12:30:51.565 [main] DEBUG o.h.p.entity.AbstractEntityPersister -  Update 0: update Ticket set seller_id=?, person_id=?, sellers_id=?, validity=? where id=?
12:30:51.565 [main] DEBUG o.h.p.entity.AbstractEntityPersister -  Delete 0: delete from Ticket where id=?
12:30:51.565 [main] DEBUG o.h.p.entity.AbstractEntityPersister -  Identity insert: insert into Ticket (seller_id, person_id, sellers_id, validity, DTYPE) values (?, ?, ?, ?, 'Pass')
12:30:51.565 [main] DEBUG o.h.l.p.b.i.spaces.QuerySpacesImpl - Adding QuerySpace : uid = <gen:0> -> org.hibernate.loader.plan.build.internal.spaces.EntityQuerySpaceImpl@b67cc70]
12:30:51.565 [main] DEBUG o.h.p.w.spi.MetamodelGraphWalker - Visiting attribute path : seller
12:30:51.565 [main] DEBUG o.h.l.p.b.i.spaces.QuerySpacesImpl - Adding QuerySpace : uid = <gen:1> -> org.hibernate.loader.plan.build.internal.spaces.EntityQuerySpaceImpl@38b3f208]
12:30:51.565 [main] DEBUG o.h.p.w.spi.MetamodelGraphWalker - Visiting attribute path : seller.name
12:30:51.565 [main] DEBUG o.h.p.w.spi.MetamodelGraphWalker - Visiting attribute path : seller.passes
12:30:51.565 [main] DEBUG o.h.l.p.b.i.spaces.QuerySpacesImpl - Adding QuerySpace : uid = <gen:2> -> org.hibernate.loader.plan.build.internal.spaces.CollectionQuerySpaceImpl@53b1a3f8]
12:30:51.565 [main] DEBUG o.h.l.p.b.i.spaces.QuerySpacesImpl - Adding QuerySpace : uid = <gen:3> -> org.hibernate.loader.plan.build.internal.spaces.EntityQuerySpaceImpl@7d97e06c]
12:30:51.565 [main] DEBUG o.h.p.w.spi.MetamodelGraphWalker - Visiting attribute path : seller.tickets
12:30:51.565 [main] DEBUG o.h.l.p.b.i.spaces.QuerySpacesImpl - Adding QuerySpace : uid = <gen:4> -> org.hibernate.loader.plan.build.internal.spaces.CollectionQuerySpaceImpl@5a936e64]
12:30:51.565 [main] DEBUG o.h.l.p.b.i.spaces.QuerySpacesImpl - Adding QuerySpace : uid = <gen:5> -> org.hibernate.loader.plan.build.internal.spaces.EntityQuerySpaceImpl@3b4a1a75]
12:30:51.565 [main] DEBUG o.h.p.w.spi.MetamodelGraphWalker - Visiting attribute path : seller.people
12:30:51.565 [main] DEBUG o.h.l.p.b.i.spaces.QuerySpacesImpl - Adding QuerySpace : uid = <gen:6> -> org.hibernate.loader.plan.build.internal.spaces.CollectionQuerySpaceImpl@65bad087]
12:30:51.565 [main] DEBUG o.h.l.p.b.i.spaces.QuerySpacesImpl - Adding QuerySpace : uid = <gen:7> -> org.hibernate.loader.plan.build.internal.spaces.EntityQuerySpaceImpl@276cc8dc]
12:30:51.565 [main] DEBUG o.h.p.w.spi.MetamodelGraphWalker - Visiting attribute path : seller.isWorking
12:30:51.565 [main] DEBUG o.h.p.w.spi.MetamodelGraphWalker - Visiting attribute path : person
12:30:51.565 [main] DEBUG o.h.l.p.b.i.spaces.QuerySpacesImpl - Adding QuerySpace : uid = <gen:8> -> org.hibernate.loader.plan.build.internal.spaces.EntityQuerySpaceImpl@66cd621b]
12:30:51.567 [main] DEBUG o.h.p.w.spi.MetamodelGraphWalker - Visiting attribute path : person.birthdate
12:30:51.567 [main] DEBUG o.h.p.w.spi.MetamodelGraphWalker - Visiting attribute path : person.cardNum
12:30:51.567 [main] DEBUG o.h.l.p.b.i.spaces.QuerySpacesImpl - Adding QuerySpace : uid = <gen:9> -> org.hibernate.loader.plan.build.internal.spaces.EntityQuerySpaceImpl@3eb292cd]
12:30:51.567 [main] DEBUG o.h.p.w.spi.MetamodelGraphWalker - Visiting attribute path : person.cardNum.emissionDate
12:30:51.567 [main] DEBUG o.h.p.w.spi.MetamodelGraphWalker - Visiting attribute path : person.cardNum.expirationDate
12:30:51.567 [main] DEBUG o.h.p.w.spi.MetamodelGraphWalker - Visiting attribute path : person.cardNum.person
12:30:51.567 [main] DEBUG o.h.p.w.spi.MetamodelGraphWalker - Property path deemed to be circular : person.cardNum.person
12:30:51.567 [main] DEBUG o.h.p.w.spi.MetamodelGraphWalker - Visiting attribute path : person.firstName
12:30:51.567 [main] DEBUG o.h.p.w.spi.MetamodelGraphWalker - Visiting attribute path : person.lastName
12:30:51.567 [main] DEBUG o.h.p.w.spi.MetamodelGraphWalker - Visiting attribute path : sellers
12:30:51.567 [main] DEBUG o.h.l.p.b.i.spaces.QuerySpacesImpl - Adding QuerySpace : uid = <gen:10> -> org.hibernate.loader.plan.build.internal.spaces.EntityQuerySpaceImpl@7209ffb5]
12:30:51.567 [main] DEBUG o.h.p.w.spi.MetamodelGraphWalker - Visiting attribute path : sellers.name
12:30:51.567 [main] DEBUG o.h.p.w.spi.MetamodelGraphWalker - Visiting attribute path : sellers.passes
12:30:51.567 [main] DEBUG o.h.l.p.b.i.spaces.QuerySpacesImpl - Adding QuerySpace : uid = <gen:11> -> org.hibernate.loader.plan.build.internal.spaces.CollectionQuerySpaceImpl@2fe74516]
12:30:51.567 [main] DEBUG o.h.l.p.b.i.spaces.QuerySpacesImpl - Adding QuerySpace : uid = <gen:12> -> org.hibernate.loader.plan.build.internal.spaces.EntityQuerySpaceImpl@1c3259fa]
12:30:51.567 [main] DEBUG o.h.p.w.spi.MetamodelGraphWalker - Visiting attribute path : sellers.tickets
12:30:51.567 [main] DEBUG o.h.l.p.b.i.spaces.QuerySpacesImpl - Adding QuerySpace : uid = <gen:13> -> org.hibernate.loader.plan.build.internal.spaces.CollectionQuerySpaceImpl@217bf99e]
12:30:51.567 [main] DEBUG o.h.l.p.b.i.spaces.QuerySpacesImpl - Adding QuerySpace : uid = <gen:14> -> org.hibernate.loader.plan.build.internal.spaces.EntityQuerySpaceImpl@6807a356]
12:30:51.567 [main] DEBUG o.h.p.w.spi.MetamodelGraphWalker - Visiting attribute path : sellers.people
12:30:51.567 [main] DEBUG o.h.l.p.b.i.spaces.QuerySpacesImpl - Adding QuerySpace : uid = <gen:15> -> org.hibernate.loader.plan.build.internal.spaces.CollectionQuerySpaceImpl@7ddd84b5]
12:30:51.567 [main] DEBUG o.h.l.p.b.i.spaces.QuerySpacesImpl - Adding QuerySpace : uid = <gen:16> -> org.hibernate.loader.plan.build.internal.spaces.EntityQuerySpaceImpl@73aeef7d]
12:30:51.567 [main] DEBUG o.h.p.w.spi.MetamodelGraphWalker - Visiting attribute path : sellers.isWorking
12:30:51.567 [main] DEBUG o.h.p.w.spi.MetamodelGraphWalker - Visiting attribute path : validity
12:30:51.567 [main] DEBUG o.h.l.p.b.i.FetchStyleLoadPlanBuildingAssociationVisitationStrategy - Building LoadPlan...
12:30:51.567 [main] DEBUG o.h.l.p.e.i.LoadQueryJoinAndFetchProcessor - processing queryspace <gen:0>
12:30:51.568 [main] DEBUG o.h.l.p.b.spi.LoadPlanTreePrinter - LoadPlan(entity=Classes.Pass)
    - Returns
       - EntityReturnImpl(entity=Classes.Pass, querySpaceUid=<gen:0>, path=Classes.Pass)
          - EntityAttributeFetchImpl(entity=Abstract.TicketSeller, querySpaceUid=<gen:1>, path=Classes.Pass.seller)
             - CollectionAttributeFetchImpl(collection=Abstract.TicketSeller.passes, querySpaceUid=<gen:2>, path=Classes.Pass.seller.passes)
                - (collection element) CollectionFetchableElementEntityGraph(entity=Classes.Pass, querySpaceUid=<gen:3>, path=Classes.Pass.seller.passes.<elements>)
             - CollectionAttributeFetchImpl(collection=Abstract.TicketSeller.tickets, querySpaceUid=<gen:4>, path=Classes.Pass.seller.tickets)
                - (collection element) CollectionFetchableElementEntityGraph(entity=Classes.Ticket, querySpaceUid=<gen:5>, path=Classes.Pass.seller.tickets.<elements>)
             - CollectionAttributeFetchImpl(collection=Classes.Shop.people, querySpaceUid=<gen:6>, path=Classes.Pass.seller.people)
                - (collection element) CollectionFetchableElementEntityGraph(entity=Classes.Person, querySpaceUid=<gen:7>, path=Classes.Pass.seller.people.<elements>)
          - EntityAttributeFetchImpl(entity=Classes.Person, querySpaceUid=<gen:8>, path=Classes.Pass.person)
             - EntityAttributeFetchImpl(entity=Classes.Card, querySpaceUid=<gen:9>, path=Classes.Pass.person.cardNum)
          - EntityAttributeFetchImpl(entity=Abstract.TicketSeller, querySpaceUid=<gen:10>, path=Classes.Pass.sellers)
             - CollectionAttributeFetchImpl(collection=Abstract.TicketSeller.passes, querySpaceUid=<gen:11>, path=Classes.Pass.sellers.passes)
                - (collection element) CollectionFetchableElementEntityGraph(entity=Classes.Pass, querySpaceUid=<gen:12>, path=Classes.Pass.sellers.passes.<elements>)
             - CollectionAttributeFetchImpl(collection=Abstract.TicketSeller.tickets, querySpaceUid=<gen:13>, path=Classes.Pass.sellers.tickets)
                - (collection element) CollectionFetchableElementEntityGraph(entity=Classes.Ticket, querySpaceUid=<gen:14>, path=Classes.Pass.sellers.tickets.<elements>)
             - CollectionAttributeFetchImpl(collection=Classes.Shop.people, querySpaceUid=<gen:15>, path=Classes.Pass.sellers.people)
                - (collection element) CollectionFetchableElementEntityGraph(entity=Classes.Person, querySpaceUid=<gen:16>, path=Classes.Pass.sellers.people.<elements>)
    - QuerySpaces
       - EntityQuerySpaceImpl(uid=<gen:0>, entity=Classes.Pass)
          - SQL table alias mapping - pass0_
          - alias suffix - 0_
          - suffixed key columns - {id2_2_0_}
          - JOIN (JoinDefinedByMetadata(seller)) : <gen:0> -> <gen:1>
             - EntityQuerySpaceImpl(uid=<gen:1>, entity=Abstract.TicketSeller)
                - SQL table alias mapping - ticketsell1_
                - alias suffix - 1_
                - suffixed key columns - {id2_3_1_}
          - JOIN (JoinDefinedByMetadata(person)) : <gen:0> -> <gen:8>
             - EntityQuerySpaceImpl(uid=<gen:8>, entity=Classes.Person)
                - SQL table alias mapping - person2_
                - alias suffix - 2_
                - suffixed key columns - {id1_1_2_}
                - JOIN (JoinDefinedByMetadata(cardNum)) : <gen:8> -> <gen:9>
                   - EntityQuerySpaceImpl(uid=<gen:9>, entity=Classes.Card)
                      - SQL table alias mapping - card3_
                      - alias suffix - 3_
                      - suffixed key columns - {id1_0_3_}
          - JOIN (JoinDefinedByMetadata(sellers)) : <gen:0> -> <gen:10>
             - EntityQuerySpaceImpl(uid=<gen:10>, entity=Abstract.TicketSeller)
                - SQL table alias mapping - ticketsell4_
                - alias suffix - 4_
                - suffixed key columns - {id2_3_4_}

12:30:51.568 [main] DEBUG o.h.loader.entity.plan.EntityLoader - Static select for entity Classes.Pass [NONE]: select pass0_.id as id2_2_0_, pass0_.seller_id as seller_i4_2_0_, pass0_.person_id as person_i5_2_0_, pass0_.sellers_id as sellers_6_2_0_, pass0_.validity as validity3_2_0_, ticketsell1_.id as id2_3_1_, ticketsell1_.seller_name as seller_n3_3_1_, ticketsell1_.isWorking as isworkin4_3_1_, ticketsell1_.Elementi as elementi1_3_1_, person2_.id as id1_1_2_, person2_.birthdate as birthdat2_1_2_, person2_.cardNum_id as cardnum_5_1_2_, person2_.firstName as firstnam3_1_2_, person2_.lastName as lastname4_1_2_, card3_.id as id1_0_3_, card3_.emissionDate as emission2_0_3_, card3_.expirationDate as expirati3_0_3_, ticketsell4_.id as id2_3_4_, ticketsell4_.seller_name as seller_n3_3_4_, ticketsell4_.isWorking as isworkin4_3_4_, ticketsell4_.Elementi as elementi1_3_4_ from Ticket pass0_ left outer join TicketSeller ticketsell1_ on pass0_.seller_id=ticketsell1_.id left outer join Person person2_ on pass0_.person_id=person2_.id left outer join Card card3_ on person2_.cardNum_id=card3_.id left outer join TicketSeller ticketsell4_ on pass0_.sellers_id=ticketsell4_.id where pass0_.id=? and pass0_.DTYPE='Pass'
12:30:51.568 [main] DEBUG o.h.p.entity.AbstractEntityPersister - Static SQL for entity: Classes.Shop
12:30:51.568 [main] DEBUG o.h.p.entity.AbstractEntityPersister -  Version select: select id from TicketSeller where id =?
12:30:51.568 [main] DEBUG o.h.p.entity.AbstractEntityPersister -  Snapshot select: select shop_.id, shop_.seller_name as seller_n3_3_ from TicketSeller shop_ where shop_.id=?
12:30:51.568 [main] DEBUG o.h.p.entity.AbstractEntityPersister -  Insert 0: insert into TicketSeller (seller_name, Elementi, id) values (?, 'shop', ?)
12:30:51.568 [main] DEBUG o.h.p.entity.AbstractEntityPersister -  Update 0: update TicketSeller set seller_name=? where id=?
12:30:51.568 [main] DEBUG o.h.p.entity.AbstractEntityPersister -  Delete 0: delete from TicketSeller where id=?
12:30:51.568 [main] DEBUG o.h.l.p.b.i.spaces.QuerySpacesImpl - Adding QuerySpace : uid = <gen:0> -> org.hibernate.loader.plan.build.internal.spaces.EntityQuerySpaceImpl@d675f9f]
12:30:51.568 [main] DEBUG o.h.p.w.spi.MetamodelGraphWalker - Visiting attribute path : name
12:30:51.568 [main] DEBUG o.h.p.w.spi.MetamodelGraphWalker - Visiting attribute path : passes
12:30:51.568 [main] DEBUG o.h.l.p.b.i.spaces.QuerySpacesImpl - Adding QuerySpace : uid = <gen:1> -> org.hibernate.loader.plan.build.internal.spaces.CollectionQuerySpaceImpl@49469ffa]
12:30:51.568 [main] DEBUG o.h.l.p.b.i.spaces.QuerySpacesImpl - Adding QuerySpace : uid = <gen:2> -> org.hibernate.loader.plan.build.internal.spaces.EntityQuerySpaceImpl@4d9754a8]
12:30:51.568 [main] DEBUG o.h.p.w.spi.MetamodelGraphWalker - Visiting attribute path : tickets
12:30:51.568 [main] DEBUG o.h.l.p.b.i.spaces.QuerySpacesImpl - Adding QuerySpace : uid = <gen:3> -> org.hibernate.loader.plan.build.internal.spaces.CollectionQuerySpaceImpl@7a3b7122]
12:30:51.568 [main] DEBUG o.h.l.p.b.i.spaces.QuerySpacesImpl - Adding QuerySpace : uid = <gen:4> -> org.hibernate.loader.plan.build.internal.spaces.EntityQuerySpaceImpl@58b5a2f3]
12:30:51.568 [main] DEBUG o.h.p.w.spi.MetamodelGraphWalker - Visiting attribute path : people
12:30:51.568 [main] DEBUG o.h.l.p.b.i.spaces.QuerySpacesImpl - Adding QuerySpace : uid = <gen:5> -> org.hibernate.loader.plan.build.internal.spaces.CollectionQuerySpaceImpl@25f15f50]
12:30:51.568 [main] DEBUG o.h.l.p.b.i.spaces.QuerySpacesImpl - Adding QuerySpace : uid = <gen:6> -> org.hibernate.loader.plan.build.internal.spaces.EntityQuerySpaceImpl@52b46d52]
12:30:51.568 [main] DEBUG o.h.l.p.b.i.FetchStyleLoadPlanBuildingAssociationVisitationStrategy - Building LoadPlan...
12:30:51.568 [main] DEBUG o.h.l.p.e.i.LoadQueryJoinAndFetchProcessor - processing queryspace <gen:0>
12:30:51.568 [main] DEBUG o.h.l.p.b.spi.LoadPlanTreePrinter - LoadPlan(entity=Classes.Shop)
    - Returns
       - EntityReturnImpl(entity=Classes.Shop, querySpaceUid=<gen:0>, path=Classes.Shop)
          - CollectionAttributeFetchImpl(collection=Abstract.TicketSeller.passes, querySpaceUid=<gen:1>, path=Classes.Shop.passes)
             - (collection element) CollectionFetchableElementEntityGraph(entity=Classes.Pass, querySpaceUid=<gen:2>, path=Classes.Shop.passes.<elements>)
          - CollectionAttributeFetchImpl(collection=Abstract.TicketSeller.tickets, querySpaceUid=<gen:3>, path=Classes.Shop.tickets)
             - (collection element) CollectionFetchableElementEntityGraph(entity=Classes.Ticket, querySpaceUid=<gen:4>, path=Classes.Shop.tickets.<elements>)
          - CollectionAttributeFetchImpl(collection=Classes.Shop.people, querySpaceUid=<gen:5>, path=Classes.Shop.people)
             - (collection element) CollectionFetchableElementEntityGraph(entity=Classes.Person, querySpaceUid=<gen:6>, path=Classes.Shop.people.<elements>)
    - QuerySpaces
       - EntityQuerySpaceImpl(uid=<gen:0>, entity=Classes.Shop)
          - SQL table alias mapping - shop0_
          - alias suffix - 0_
          - suffixed key columns - {id2_3_0_}

12:30:51.568 [main] DEBUG o.h.loader.entity.plan.EntityLoader - Static select for entity Classes.Shop [NONE]: select shop0_.id as id2_3_0_, shop0_.seller_name as seller_n3_3_0_ from TicketSeller shop0_ where shop0_.id=? and shop0_.Elementi='shop'
12:30:51.568 [main] DEBUG o.h.p.entity.AbstractEntityPersister - Static SQL for entity: Classes.Ticket
12:30:51.568 [main] DEBUG o.h.p.entity.AbstractEntityPersister -  Version select: select id from Ticket where id =?
12:30:51.568 [main] DEBUG o.h.p.entity.AbstractEntityPersister -  Snapshot select: select ticket_.id, ticket_.seller_id as seller_i4_2_ from Ticket ticket_ where ticket_.id=?
12:30:51.568 [main] DEBUG o.h.p.entity.AbstractEntityPersister -  Insert 0: insert into Ticket (seller_id, DTYPE, id) values (?, 'Ticket', ?)
12:30:51.569 [main] DEBUG o.h.p.entity.AbstractEntityPersister -  Update 0: update Ticket set seller_id=? where id=?
12:30:51.569 [main] DEBUG o.h.p.entity.AbstractEntityPersister -  Delete 0: delete from Ticket where id=?
12:30:51.569 [main] DEBUG o.h.p.entity.AbstractEntityPersister -  Identity insert: insert into Ticket (seller_id, DTYPE) values (?, 'Ticket')
12:30:51.569 [main] DEBUG o.h.l.p.b.i.spaces.QuerySpacesImpl - Adding QuerySpace : uid = <gen:0> -> org.hibernate.loader.plan.build.internal.spaces.EntityQuerySpaceImpl@7327a447]
12:30:51.569 [main] DEBUG o.h.p.w.spi.MetamodelGraphWalker - Visiting attribute path : seller
12:30:51.569 [main] DEBUG o.h.l.p.b.i.spaces.QuerySpacesImpl - Adding QuerySpace : uid = <gen:1> -> org.hibernate.loader.plan.build.internal.spaces.EntityQuerySpaceImpl@2954f6ab]
12:30:51.569 [main] DEBUG o.h.p.w.spi.MetamodelGraphWalker - Visiting attribute path : seller.name
12:30:51.569 [main] DEBUG o.h.p.w.spi.MetamodelGraphWalker - Visiting attribute path : seller.passes
12:30:51.569 [main] DEBUG o.h.l.p.b.i.spaces.QuerySpacesImpl - Adding QuerySpace : uid = <gen:2> -> org.hibernate.loader.plan.build.internal.spaces.CollectionQuerySpaceImpl@163042ea]
12:30:51.569 [main] DEBUG o.h.l.p.b.i.spaces.QuerySpacesImpl - Adding QuerySpace : uid = <gen:3> -> org.hibernate.loader.plan.build.internal.spaces.EntityQuerySpaceImpl@11d045b4]
12:30:51.569 [main] DEBUG o.h.p.w.spi.MetamodelGraphWalker - Visiting attribute path : seller.tickets
12:30:51.569 [main] DEBUG o.h.l.p.b.i.spaces.QuerySpacesImpl - Adding QuerySpace : uid = <gen:4> -> org.hibernate.loader.plan.build.internal.spaces.CollectionQuerySpaceImpl@1fbf088b]
12:30:51.569 [main] DEBUG o.h.l.p.b.i.spaces.QuerySpacesImpl - Adding QuerySpace : uid = <gen:5> -> org.hibernate.loader.plan.build.internal.spaces.EntityQuerySpaceImpl@1943c1f2]
12:30:51.569 [main] DEBUG o.h.p.w.spi.MetamodelGraphWalker - Visiting attribute path : seller.people
12:30:51.569 [main] DEBUG o.h.l.p.b.i.spaces.QuerySpacesImpl - Adding QuerySpace : uid = <gen:6> -> org.hibernate.loader.plan.build.internal.spaces.CollectionQuerySpaceImpl@d70f722]
12:30:51.569 [main] DEBUG o.h.l.p.b.i.spaces.QuerySpacesImpl - Adding QuerySpace : uid = <gen:7> -> org.hibernate.loader.plan.build.internal.spaces.EntityQuerySpaceImpl@1e1eeedd]
12:30:51.569 [main] DEBUG o.h.p.w.spi.MetamodelGraphWalker - Visiting attribute path : seller.isWorking
12:30:51.569 [main] DEBUG o.h.p.w.spi.MetamodelGraphWalker - Visiting attribute path : person
12:30:51.569 [main] DEBUG o.h.l.p.b.i.spaces.QuerySpacesImpl - Adding QuerySpace : uid = <gen:8> -> org.hibernate.loader.plan.build.internal.spaces.EntityQuerySpaceImpl@798256c5]
12:30:51.569 [main] DEBUG o.h.p.w.spi.MetamodelGraphWalker - Visiting attribute path : person.birthdate
12:30:51.569 [main] DEBUG o.h.p.w.spi.MetamodelGraphWalker - Visiting attribute path : person.cardNum
12:30:51.569 [main] DEBUG o.h.l.p.b.i.spaces.QuerySpacesImpl - Adding QuerySpace : uid = <gen:9> -> org.hibernate.loader.plan.build.internal.spaces.EntityQuerySpaceImpl@748a654a]
12:30:51.569 [main] DEBUG o.h.p.w.spi.MetamodelGraphWalker - Visiting attribute path : person.cardNum.emissionDate
12:30:51.569 [main] DEBUG o.h.p.w.spi.MetamodelGraphWalker - Visiting attribute path : person.cardNum.expirationDate
12:30:51.569 [main] DEBUG o.h.p.w.spi.MetamodelGraphWalker - Visiting attribute path : person.cardNum.person
12:30:51.569 [main] DEBUG o.h.p.w.spi.MetamodelGraphWalker - Property path deemed to be circular : person.cardNum.person
12:30:51.569 [main] DEBUG o.h.p.w.spi.MetamodelGraphWalker - Visiting attribute path : person.firstName
12:30:51.569 [main] DEBUG o.h.p.w.spi.MetamodelGraphWalker - Visiting attribute path : person.lastName
12:30:51.569 [main] DEBUG o.h.p.w.spi.MetamodelGraphWalker - Visiting attribute path : sellers
12:30:51.569 [main] DEBUG o.h.l.p.b.i.spaces.QuerySpacesImpl - Adding QuerySpace : uid = <gen:10> -> org.hibernate.loader.plan.build.internal.spaces.EntityQuerySpaceImpl@76544c0a]
12:30:51.569 [main] DEBUG o.h.p.w.spi.MetamodelGraphWalker - Visiting attribute path : sellers.name
12:30:51.569 [main] DEBUG o.h.p.w.spi.MetamodelGraphWalker - Visiting attribute path : sellers.passes
12:30:51.569 [main] DEBUG o.h.l.p.b.i.spaces.QuerySpacesImpl - Adding QuerySpace : uid = <gen:11> -> org.hibernate.loader.plan.build.internal.spaces.CollectionQuerySpaceImpl@650c405c]
12:30:51.569 [main] DEBUG o.h.l.p.b.i.spaces.QuerySpacesImpl - Adding QuerySpace : uid = <gen:12> -> org.hibernate.loader.plan.build.internal.spaces.EntityQuerySpaceImpl@20eaeaf8]
12:30:51.569 [main] DEBUG o.h.p.w.spi.MetamodelGraphWalker - Visiting attribute path : sellers.tickets
12:30:51.569 [main] DEBUG o.h.l.p.b.i.spaces.QuerySpacesImpl - Adding QuerySpace : uid = <gen:13> -> org.hibernate.loader.plan.build.internal.spaces.CollectionQuerySpaceImpl@748ac6f3]
12:30:51.569 [main] DEBUG o.h.l.p.b.i.spaces.QuerySpacesImpl - Adding QuerySpace : uid = <gen:14> -> org.hibernate.loader.plan.build.internal.spaces.EntityQuerySpaceImpl@68f6e55d]
12:30:51.570 [main] DEBUG o.h.p.w.spi.MetamodelGraphWalker - Visiting attribute path : sellers.people
12:30:51.570 [main] DEBUG o.h.l.p.b.i.spaces.QuerySpacesImpl - Adding QuerySpace : uid = <gen:15> -> org.hibernate.loader.plan.build.internal.spaces.CollectionQuerySpaceImpl@6fff46bf]
12:30:51.570 [main] DEBUG o.h.l.p.b.i.spaces.QuerySpacesImpl - Adding QuerySpace : uid = <gen:16> -> org.hibernate.loader.plan.build.internal.spaces.EntityQuerySpaceImpl@1835dc92]
12:30:51.570 [main] DEBUG o.h.p.w.spi.MetamodelGraphWalker - Visiting attribute path : sellers.isWorking
12:30:51.570 [main] DEBUG o.h.p.w.spi.MetamodelGraphWalker - Visiting attribute path : validity
12:30:51.570 [main] DEBUG o.h.l.p.b.i.FetchStyleLoadPlanBuildingAssociationVisitationStrategy - Building LoadPlan...
12:30:51.570 [main] DEBUG o.h.l.p.e.i.LoadQueryJoinAndFetchProcessor - processing queryspace <gen:0>
12:30:51.570 [main] DEBUG o.h.l.p.b.spi.LoadPlanTreePrinter - LoadPlan(entity=Classes.Ticket)
    - Returns
       - EntityReturnImpl(entity=Classes.Ticket, querySpaceUid=<gen:0>, path=Classes.Ticket)
          - EntityAttributeFetchImpl(entity=Abstract.TicketSeller, querySpaceUid=<gen:1>, path=Classes.Ticket.seller)
             - CollectionAttributeFetchImpl(collection=Abstract.TicketSeller.passes, querySpaceUid=<gen:2>, path=Classes.Ticket.seller.passes)
                - (collection element) CollectionFetchableElementEntityGraph(entity=Classes.Pass, querySpaceUid=<gen:3>, path=Classes.Ticket.seller.passes.<elements>)
             - CollectionAttributeFetchImpl(collection=Abstract.TicketSeller.tickets, querySpaceUid=<gen:4>, path=Classes.Ticket.seller.tickets)
                - (collection element) CollectionFetchableElementEntityGraph(entity=Classes.Ticket, querySpaceUid=<gen:5>, path=Classes.Ticket.seller.tickets.<elements>)
             - CollectionAttributeFetchImpl(collection=Classes.Shop.people, querySpaceUid=<gen:6>, path=Classes.Ticket.seller.people)
                - (collection element) CollectionFetchableElementEntityGraph(entity=Classes.Person, querySpaceUid=<gen:7>, path=Classes.Ticket.seller.people.<elements>)
          - EntityAttributeFetchImpl(entity=Classes.Person, querySpaceUid=<gen:8>, path=Classes.Ticket.person)
             - EntityAttributeFetchImpl(entity=Classes.Card, querySpaceUid=<gen:9>, path=Classes.Ticket.person.cardNum)
          - EntityAttributeFetchImpl(entity=Abstract.TicketSeller, querySpaceUid=<gen:10>, path=Classes.Ticket.sellers)
             - CollectionAttributeFetchImpl(collection=Abstract.TicketSeller.passes, querySpaceUid=<gen:11>, path=Classes.Ticket.sellers.passes)
                - (collection element) CollectionFetchableElementEntityGraph(entity=Classes.Pass, querySpaceUid=<gen:12>, path=Classes.Ticket.sellers.passes.<elements>)
             - CollectionAttributeFetchImpl(collection=Abstract.TicketSeller.tickets, querySpaceUid=<gen:13>, path=Classes.Ticket.sellers.tickets)
                - (collection element) CollectionFetchableElementEntityGraph(entity=Classes.Ticket, querySpaceUid=<gen:14>, path=Classes.Ticket.sellers.tickets.<elements>)
             - CollectionAttributeFetchImpl(collection=Classes.Shop.people, querySpaceUid=<gen:15>, path=Classes.Ticket.sellers.people)
                - (collection element) CollectionFetchableElementEntityGraph(entity=Classes.Person, querySpaceUid=<gen:16>, path=Classes.Ticket.sellers.people.<elements>)
    - QuerySpaces
       - EntityQuerySpaceImpl(uid=<gen:0>, entity=Classes.Ticket)
          - SQL table alias mapping - ticket0_
          - alias suffix - 0_
          - suffixed key columns - {id2_2_0_}
          - JOIN (JoinDefinedByMetadata(seller)) : <gen:0> -> <gen:1>
             - EntityQuerySpaceImpl(uid=<gen:1>, entity=Abstract.TicketSeller)
                - SQL table alias mapping - ticketsell1_
                - alias suffix - 1_
                - suffixed key columns - {id2_3_1_}
          - JOIN (JoinDefinedByMetadata(person)) : <gen:0> -> <gen:8>
             - EntityQuerySpaceImpl(uid=<gen:8>, entity=Classes.Person)
                - SQL table alias mapping - person2_
                - alias suffix - 2_
                - suffixed key columns - {id1_1_2_}
                - JOIN (JoinDefinedByMetadata(cardNum)) : <gen:8> -> <gen:9>
                   - EntityQuerySpaceImpl(uid=<gen:9>, entity=Classes.Card)
                      - SQL table alias mapping - card3_
                      - alias suffix - 3_
                      - suffixed key columns - {id1_0_3_}
          - JOIN (JoinDefinedByMetadata(sellers)) : <gen:0> -> <gen:10>
             - EntityQuerySpaceImpl(uid=<gen:10>, entity=Abstract.TicketSeller)
                - SQL table alias mapping - ticketsell4_
                - alias suffix - 4_
                - suffixed key columns - {id2_3_4_}

12:30:51.570 [main] DEBUG o.h.loader.entity.plan.EntityLoader - Static select for entity Classes.Ticket [NONE]: select ticket0_.id as id2_2_0_, ticket0_.seller_id as seller_i4_2_0_, ticket0_.person_id as person_i5_2_0_, ticket0_.sellers_id as sellers_6_2_0_, ticket0_.validity as validity3_2_0_, ticket0_.DTYPE as dtype1_2_0_, ticketsell1_.id as id2_3_1_, ticketsell1_.seller_name as seller_n3_3_1_, ticketsell1_.isWorking as isworkin4_3_1_, ticketsell1_.Elementi as elementi1_3_1_, person2_.id as id1_1_2_, person2_.birthdate as birthdat2_1_2_, person2_.cardNum_id as cardnum_5_1_2_, person2_.firstName as firstnam3_1_2_, person2_.lastName as lastname4_1_2_, card3_.id as id1_0_3_, card3_.emissionDate as emission2_0_3_, card3_.expirationDate as expirati3_0_3_, ticketsell4_.id as id2_3_4_, ticketsell4_.seller_name as seller_n3_3_4_, ticketsell4_.isWorking as isworkin4_3_4_, ticketsell4_.Elementi as elementi1_3_4_ from Ticket ticket0_ left outer join TicketSeller ticketsell1_ on ticket0_.seller_id=ticketsell1_.id left outer join Person person2_ on ticket0_.person_id=person2_.id left outer join Card card3_ on person2_.cardNum_id=card3_.id left outer join TicketSeller ticketsell4_ on ticket0_.sellers_id=ticketsell4_.id where ticket0_.id=?
12:30:51.570 [main] DEBUG o.h.p.entity.AbstractEntityPersister - Static SQL for entity: Classes.VendingMachine
12:30:51.570 [main] DEBUG o.h.p.entity.AbstractEntityPersister -  Version select: select id from TicketSeller where id =?
12:30:51.570 [main] DEBUG o.h.p.entity.AbstractEntityPersister -  Snapshot select: select vendingmac_.id, vendingmac_.seller_name as seller_n3_3_, vendingmac_.isWorking as isworkin4_3_ from TicketSeller vendingmac_ where vendingmac_.id=?
12:30:51.570 [main] DEBUG o.h.p.entity.AbstractEntityPersister -  Insert 0: insert into TicketSeller (seller_name, isWorking, Elementi, id) values (?, ?, 'vending_machine', ?)
12:30:51.570 [main] DEBUG o.h.p.entity.AbstractEntityPersister -  Update 0: update TicketSeller set seller_name=?, isWorking=? where id=?
12:30:51.570 [main] DEBUG o.h.p.entity.AbstractEntityPersister -  Delete 0: delete from TicketSeller where id=?
12:30:51.570 [main] DEBUG o.h.l.p.b.i.spaces.QuerySpacesImpl - Adding QuerySpace : uid = <gen:0> -> org.hibernate.loader.plan.build.internal.spaces.EntityQuerySpaceImpl@3aaa3c39]
12:30:51.570 [main] DEBUG o.h.p.w.spi.MetamodelGraphWalker - Visiting attribute path : name
12:30:51.570 [main] DEBUG o.h.p.w.spi.MetamodelGraphWalker - Visiting attribute path : passes
12:30:51.570 [main] DEBUG o.h.l.p.b.i.spaces.QuerySpacesImpl - Adding QuerySpace : uid = <gen:1> -> org.hibernate.loader.plan.build.internal.spaces.CollectionQuerySpaceImpl@70f68288]
12:30:51.571 [main] DEBUG o.h.l.p.b.i.spaces.QuerySpacesImpl - Adding QuerySpace : uid = <gen:2> -> org.hibernate.loader.plan.build.internal.spaces.EntityQuerySpaceImpl@46911148]
12:30:51.571 [main] DEBUG o.h.p.w.spi.MetamodelGraphWalker - Visiting attribute path : tickets
12:30:51.571 [main] DEBUG o.h.l.p.b.i.spaces.QuerySpacesImpl - Adding QuerySpace : uid = <gen:3> -> org.hibernate.loader.plan.build.internal.spaces.CollectionQuerySpaceImpl@2db1b657]
12:30:51.571 [main] DEBUG o.h.l.p.b.i.spaces.QuerySpacesImpl - Adding QuerySpace : uid = <gen:4> -> org.hibernate.loader.plan.build.internal.spaces.EntityQuerySpaceImpl@7e351d7]
12:30:51.571 [main] DEBUG o.h.p.w.spi.MetamodelGraphWalker - Visiting attribute path : isWorking
12:30:51.571 [main] DEBUG o.h.l.p.b.i.FetchStyleLoadPlanBuildingAssociationVisitationStrategy - Building LoadPlan...
12:30:51.571 [main] DEBUG o.h.l.p.e.i.LoadQueryJoinAndFetchProcessor - processing queryspace <gen:0>
12:30:51.571 [main] DEBUG o.h.l.p.b.spi.LoadPlanTreePrinter - LoadPlan(entity=Classes.VendingMachine)
    - Returns
       - EntityReturnImpl(entity=Classes.VendingMachine, querySpaceUid=<gen:0>, path=Classes.VendingMachine)
          - CollectionAttributeFetchImpl(collection=Abstract.TicketSeller.passes, querySpaceUid=<gen:1>, path=Classes.VendingMachine.passes)
             - (collection element) CollectionFetchableElementEntityGraph(entity=Classes.Pass, querySpaceUid=<gen:2>, path=Classes.VendingMachine.passes.<elements>)
          - CollectionAttributeFetchImpl(collection=Abstract.TicketSeller.tickets, querySpaceUid=<gen:3>, path=Classes.VendingMachine.tickets)
             - (collection element) CollectionFetchableElementEntityGraph(entity=Classes.Ticket, querySpaceUid=<gen:4>, path=Classes.VendingMachine.tickets.<elements>)
    - QuerySpaces
       - EntityQuerySpaceImpl(uid=<gen:0>, entity=Classes.VendingMachine)
          - SQL table alias mapping - vendingmac0_
          - alias suffix - 0_
          - suffixed key columns - {id2_3_0_}

12:30:51.571 [main] DEBUG o.h.loader.entity.plan.EntityLoader - Static select for entity Classes.VendingMachine [NONE]: select vendingmac0_.id as id2_3_0_, vendingmac0_.seller_name as seller_n3_3_0_, vendingmac0_.isWorking as isworkin4_3_0_ from TicketSeller vendingmac0_ where vendingmac0_.id=? and vendingmac0_.Elementi='vending_machine'
12:30:51.573 [main] DEBUG o.h.l.p.b.i.spaces.QuerySpacesImpl - Adding QuerySpace : uid = <gen:0> -> org.hibernate.loader.plan.build.internal.spaces.CollectionQuerySpaceImpl@14924f41]
12:30:51.573 [main] DEBUG o.h.l.p.b.i.spaces.QuerySpacesImpl - Adding QuerySpace : uid = <gen:1> -> org.hibernate.loader.plan.build.internal.spaces.EntityQuerySpaceImpl@493da830]
12:30:51.574 [main] DEBUG o.h.p.w.spi.MetamodelGraphWalker - Visiting attribute path : seller
12:30:51.574 [main] DEBUG o.h.l.p.b.i.spaces.QuerySpacesImpl - Adding QuerySpace : uid = <gen:2> -> org.hibernate.loader.plan.build.internal.spaces.EntityQuerySpaceImpl@111d5c97]
12:30:51.574 [main] DEBUG o.h.p.w.spi.MetamodelGraphWalker - Visiting attribute path : seller.name
12:30:51.574 [main] DEBUG o.h.p.w.spi.MetamodelGraphWalker - Visiting attribute path : seller.passes
12:30:51.574 [main] DEBUG o.h.p.w.spi.MetamodelGraphWalker - Property path deemed to be circular : seller.passes
12:30:51.574 [main] DEBUG o.h.p.w.spi.MetamodelGraphWalker - Visiting attribute path : seller.tickets
12:30:51.574 [main] DEBUG o.h.p.w.spi.MetamodelGraphWalker - Property path deemed to be circular : seller.tickets
12:30:51.574 [main] DEBUG o.h.p.w.spi.MetamodelGraphWalker - Visiting attribute path : seller.people
12:30:51.574 [main] DEBUG o.h.l.p.b.i.spaces.QuerySpacesImpl - Adding QuerySpace : uid = <gen:3> -> org.hibernate.loader.plan.build.internal.spaces.CollectionQuerySpaceImpl@250a9031]
12:30:51.574 [main] DEBUG o.h.l.p.b.i.spaces.QuerySpacesImpl - Adding QuerySpace : uid = <gen:4> -> org.hibernate.loader.plan.build.internal.spaces.EntityQuerySpaceImpl@1665fa54]
12:30:51.574 [main] DEBUG o.h.p.w.spi.MetamodelGraphWalker - Visiting attribute path : seller.isWorking
12:30:51.574 [main] DEBUG o.h.p.w.spi.MetamodelGraphWalker - Visiting attribute path : person
12:30:51.574 [main] DEBUG o.h.l.p.b.i.spaces.QuerySpacesImpl - Adding QuerySpace : uid = <gen:5> -> org.hibernate.loader.plan.build.internal.spaces.EntityQuerySpaceImpl@6d67f5eb]
12:30:51.574 [main] DEBUG o.h.p.w.spi.MetamodelGraphWalker - Visiting attribute path : person.birthdate
12:30:51.574 [main] DEBUG o.h.p.w.spi.MetamodelGraphWalker - Visiting attribute path : person.cardNum
12:30:51.574 [main] DEBUG o.h.l.p.b.i.spaces.QuerySpacesImpl - Adding QuerySpace : uid = <gen:6> -> org.hibernate.loader.plan.build.internal.spaces.EntityQuerySpaceImpl@3e1fd62b]
12:30:51.574 [main] DEBUG o.h.p.w.spi.MetamodelGraphWalker - Visiting attribute path : person.cardNum.emissionDate
12:30:51.574 [main] DEBUG o.h.p.w.spi.MetamodelGraphWalker - Visiting attribute path : person.cardNum.expirationDate
12:30:51.574 [main] DEBUG o.h.p.w.spi.MetamodelGraphWalker - Visiting attribute path : person.cardNum.person
12:30:51.574 [main] DEBUG o.h.p.w.spi.MetamodelGraphWalker - Property path deemed to be circular : person.cardNum.person
12:30:51.574 [main] DEBUG o.h.p.w.spi.MetamodelGraphWalker - Visiting attribute path : person.firstName
12:30:51.574 [main] DEBUG o.h.p.w.spi.MetamodelGraphWalker - Visiting attribute path : person.lastName
12:30:51.574 [main] DEBUG o.h.p.w.spi.MetamodelGraphWalker - Visiting attribute path : sellers
12:30:51.574 [main] DEBUG o.h.l.p.b.i.spaces.QuerySpacesImpl - Adding QuerySpace : uid = <gen:7> -> org.hibernate.loader.plan.build.internal.spaces.EntityQuerySpaceImpl@558b4942]
12:30:51.574 [main] DEBUG o.h.p.w.spi.MetamodelGraphWalker - Visiting attribute path : sellers.name
12:30:51.574 [main] DEBUG o.h.p.w.spi.MetamodelGraphWalker - Visiting attribute path : sellers.passes
12:30:51.574 [main] DEBUG o.h.p.w.spi.MetamodelGraphWalker - Property path deemed to be circular : sellers.passes
12:30:51.574 [main] DEBUG o.h.p.w.spi.MetamodelGraphWalker - Visiting attribute path : sellers.tickets
12:30:51.574 [main] DEBUG o.h.p.w.spi.MetamodelGraphWalker - Property path deemed to be circular : sellers.tickets
12:30:51.574 [main] DEBUG o.h.p.w.spi.MetamodelGraphWalker - Visiting attribute path : sellers.people
12:30:51.574 [main] DEBUG o.h.l.p.b.i.spaces.QuerySpacesImpl - Adding QuerySpace : uid = <gen:8> -> org.hibernate.loader.plan.build.internal.spaces.CollectionQuerySpaceImpl@70025b99]
12:30:51.574 [main] DEBUG o.h.l.p.b.i.spaces.QuerySpacesImpl - Adding QuerySpace : uid = <gen:9> -> org.hibernate.loader.plan.build.internal.spaces.EntityQuerySpaceImpl@7efa3f63]
12:30:51.574 [main] DEBUG o.h.p.w.spi.MetamodelGraphWalker - Visiting attribute path : sellers.isWorking
12:30:51.574 [main] DEBUG o.h.p.w.spi.MetamodelGraphWalker - Visiting attribute path : validity
12:30:51.574 [main] DEBUG o.h.l.p.b.i.FetchStyleLoadPlanBuildingAssociationVisitationStrategy - Building LoadPlan...
12:30:51.576 [main] DEBUG o.h.l.p.e.i.LoadQueryJoinAndFetchProcessor - processing queryspace <gen:0>
12:30:51.577 [main] DEBUG o.h.l.p.b.spi.LoadPlanTreePrinter - LoadPlan(collection=Abstract.TicketSeller.tickets)
    - Returns
       - CollectionReturnImpl(collection=Abstract.TicketSeller.tickets, querySpaceUid=<gen:0>, path=[Abstract.TicketSeller.tickets])
          - (collection element) CollectionFetchableElementEntityGraph(entity=Classes.Ticket, querySpaceUid=<gen:1>, path=[Abstract.TicketSeller.tickets].<elements>)
             - EntityAttributeFetchImpl(entity=Abstract.TicketSeller, querySpaceUid=<gen:2>, path=[Abstract.TicketSeller.tickets].<elements>.seller)
                - CollectionAttributeFetchImpl(collection=Classes.Shop.people, querySpaceUid=<gen:3>, path=[Abstract.TicketSeller.tickets].<elements>.seller.people)
                   - (collection element) CollectionFetchableElementEntityGraph(entity=Classes.Person, querySpaceUid=<gen:4>, path=[Abstract.TicketSeller.tickets].<elements>.seller.people.<elements>)
             - EntityAttributeFetchImpl(entity=Classes.Person, querySpaceUid=<gen:5>, path=[Abstract.TicketSeller.tickets].<elements>.person)
                - EntityAttributeFetchImpl(entity=Classes.Card, querySpaceUid=<gen:6>, path=[Abstract.TicketSeller.tickets].<elements>.person.cardNum)
             - EntityAttributeFetchImpl(entity=Abstract.TicketSeller, querySpaceUid=<gen:7>, path=[Abstract.TicketSeller.tickets].<elements>.sellers)
                - CollectionAttributeFetchImpl(collection=Classes.Shop.people, querySpaceUid=<gen:8>, path=[Abstract.TicketSeller.tickets].<elements>.sellers.people)
                   - (collection element) CollectionFetchableElementEntityGraph(entity=Classes.Person, querySpaceUid=<gen:9>, path=[Abstract.TicketSeller.tickets].<elements>.sellers.people.<elements>)
    - QuerySpaces
       - CollectionQuerySpaceImpl(uid=<gen:0>, collection=Abstract.TicketSeller.tickets)
          - SQL table alias mapping - tickets0_
          - alias suffix - 0_
          - suffixed key columns - {ticketse1_5_0_}
          - entity-element alias suffix - 1_
          - 1_entity-element suffixed key columns - id2_2_1_
          - JOIN (JoinDefinedByMetadata(elements)) : <gen:0> -> <gen:1>
             - EntityQuerySpaceImpl(uid=<gen:1>, entity=Classes.Ticket)
                - SQL table alias mapping - ticket1_
                - alias suffix - 1_
                - suffixed key columns - {id2_2_1_}
                - JOIN (JoinDefinedByMetadata(seller)) : <gen:1> -> <gen:2>
                   - EntityQuerySpaceImpl(uid=<gen:2>, entity=Abstract.TicketSeller)
                      - SQL table alias mapping - ticketsell2_
                      - alias suffix - 2_
                      - suffixed key columns - {id2_3_2_}
                - JOIN (JoinDefinedByMetadata(person)) : <gen:1> -> <gen:5>
                   - EntityQuerySpaceImpl(uid=<gen:5>, entity=Classes.Person)
                      - SQL table alias mapping - person3_
                      - alias suffix - 3_
                      - suffixed key columns - {id1_1_3_}
                      - JOIN (JoinDefinedByMetadata(cardNum)) : <gen:5> -> <gen:6>
                         - EntityQuerySpaceImpl(uid=<gen:6>, entity=Classes.Card)
                            - SQL table alias mapping - card4_
                            - alias suffix - 4_
                            - suffixed key columns - {id1_0_4_}
                - JOIN (JoinDefinedByMetadata(sellers)) : <gen:1> -> <gen:7>
                   - EntityQuerySpaceImpl(uid=<gen:7>, entity=Abstract.TicketSeller)
                      - SQL table alias mapping - ticketsell5_
                      - alias suffix - 5_
                      - suffixed key columns - {id2_3_5_}

12:30:51.577 [main] DEBUG o.h.l.c.plan.CollectionLoader - Static select for collection Abstract.TicketSeller.tickets: select tickets0_.TicketSeller_id as ticketse1_5_0_, tickets0_.tickets_id as tickets_2_5_0_, ticket1_.id as id2_2_1_, ticket1_.seller_id as seller_i4_2_1_, ticket1_.person_id as person_i5_2_1_, ticket1_.sellers_id as sellers_6_2_1_, ticket1_.validity as validity3_2_1_, ticket1_.DTYPE as dtype1_2_1_, ticketsell2_.id as id2_3_2_, ticketsell2_.seller_name as seller_n3_3_2_, ticketsell2_.isWorking as isworkin4_3_2_, ticketsell2_.Elementi as elementi1_3_2_, person3_.id as id1_1_3_, person3_.birthdate as birthdat2_1_3_, person3_.cardNum_id as cardnum_5_1_3_, person3_.firstName as firstnam3_1_3_, person3_.lastName as lastname4_1_3_, card4_.id as id1_0_4_, card4_.emissionDate as emission2_0_4_, card4_.expirationDate as expirati3_0_4_, ticketsell5_.id as id2_3_5_, ticketsell5_.seller_name as seller_n3_3_5_, ticketsell5_.isWorking as isworkin4_3_5_, ticketsell5_.Elementi as elementi1_3_5_ from TicketSeller_Ticket tickets0_ inner join Ticket ticket1_ on tickets0_.tickets_id=ticket1_.id left outer join TicketSeller ticketsell2_ on ticket1_.seller_id=ticketsell2_.id left outer join Person person3_ on ticket1_.person_id=person3_.id left outer join Card card4_ on person3_.cardNum_id=card4_.id left outer join TicketSeller ticketsell5_ on ticket1_.sellers_id=ticketsell5_.id where tickets0_.TicketSeller_id=?
12:30:51.577 [main] DEBUG o.h.l.p.b.i.spaces.QuerySpacesImpl - Adding QuerySpace : uid = <gen:0> -> org.hibernate.loader.plan.build.internal.spaces.CollectionQuerySpaceImpl@27abb6ca]
12:30:51.577 [main] DEBUG o.h.l.p.b.i.spaces.QuerySpacesImpl - Adding QuerySpace : uid = <gen:1> -> org.hibernate.loader.plan.build.internal.spaces.EntityQuerySpaceImpl@696db620]
12:30:51.577 [main] DEBUG o.h.p.w.spi.MetamodelGraphWalker - Visiting attribute path : seller
12:30:51.577 [main] DEBUG o.h.l.p.b.i.spaces.QuerySpacesImpl - Adding QuerySpace : uid = <gen:2> -> org.hibernate.loader.plan.build.internal.spaces.EntityQuerySpaceImpl@77f991c]
12:30:51.577 [main] DEBUG o.h.p.w.spi.MetamodelGraphWalker - Visiting attribute path : seller.name
12:30:51.577 [main] DEBUG o.h.p.w.spi.MetamodelGraphWalker - Visiting attribute path : seller.passes
12:30:51.577 [main] DEBUG o.h.p.w.spi.MetamodelGraphWalker - Property path deemed to be circular : seller.passes
12:30:51.577 [main] DEBUG o.h.p.w.spi.MetamodelGraphWalker - Visiting attribute path : seller.tickets
12:30:51.577 [main] DEBUG o.h.p.w.spi.MetamodelGraphWalker - Property path deemed to be circular : seller.tickets
12:30:51.577 [main] DEBUG o.h.p.w.spi.MetamodelGraphWalker - Visiting attribute path : seller.people
12:30:51.577 [main] DEBUG o.h.l.p.b.i.spaces.QuerySpacesImpl - Adding QuerySpace : uid = <gen:3> -> org.hibernate.loader.plan.build.internal.spaces.CollectionQuerySpaceImpl@2ceee4b6]
12:30:51.578 [main] DEBUG o.h.l.p.b.i.spaces.QuerySpacesImpl - Adding QuerySpace : uid = <gen:4> -> org.hibernate.loader.plan.build.internal.spaces.EntityQuerySpaceImpl@12a470dd]
12:30:51.578 [main] DEBUG o.h.p.w.spi.MetamodelGraphWalker - Visiting attribute path : seller.isWorking
12:30:51.578 [main] DEBUG o.h.p.w.spi.MetamodelGraphWalker - Visiting attribute path : person
12:30:51.578 [main] DEBUG o.h.l.p.b.i.spaces.QuerySpacesImpl - Adding QuerySpace : uid = <gen:5> -> org.hibernate.loader.plan.build.internal.spaces.EntityQuerySpaceImpl@6968bcec]
12:30:51.578 [main] DEBUG o.h.p.w.spi.MetamodelGraphWalker - Visiting attribute path : person.birthdate
12:30:51.578 [main] DEBUG o.h.p.w.spi.MetamodelGraphWalker - Visiting attribute path : person.cardNum
12:30:51.578 [main] DEBUG o.h.l.p.b.i.spaces.QuerySpacesImpl - Adding QuerySpace : uid = <gen:6> -> org.hibernate.loader.plan.build.internal.spaces.EntityQuerySpaceImpl@e784320]
12:30:51.578 [main] DEBUG o.h.p.w.spi.MetamodelGraphWalker - Visiting attribute path : person.cardNum.emissionDate
12:30:51.578 [main] DEBUG o.h.p.w.spi.MetamodelGraphWalker - Visiting attribute path : person.cardNum.expirationDate
12:30:51.578 [main] DEBUG o.h.p.w.spi.MetamodelGraphWalker - Visiting attribute path : person.cardNum.person
12:30:51.578 [main] DEBUG o.h.p.w.spi.MetamodelGraphWalker - Property path deemed to be circular : person.cardNum.person
12:30:51.578 [main] DEBUG o.h.p.w.spi.MetamodelGraphWalker - Visiting attribute path : person.firstName
12:30:51.578 [main] DEBUG o.h.p.w.spi.MetamodelGraphWalker - Visiting attribute path : person.lastName
12:30:51.578 [main] DEBUG o.h.p.w.spi.MetamodelGraphWalker - Visiting attribute path : sellers
12:30:51.578 [main] DEBUG o.h.l.p.b.i.spaces.QuerySpacesImpl - Adding QuerySpace : uid = <gen:7> -> org.hibernate.loader.plan.build.internal.spaces.EntityQuerySpaceImpl@13c8ac77]
12:30:51.578 [main] DEBUG o.h.p.w.spi.MetamodelGraphWalker - Visiting attribute path : sellers.name
12:30:51.578 [main] DEBUG o.h.p.w.spi.MetamodelGraphWalker - Visiting attribute path : sellers.passes
12:30:51.578 [main] DEBUG o.h.p.w.spi.MetamodelGraphWalker - Property path deemed to be circular : sellers.passes
12:30:51.578 [main] DEBUG o.h.p.w.spi.MetamodelGraphWalker - Visiting attribute path : sellers.tickets
12:30:51.578 [main] DEBUG o.h.p.w.spi.MetamodelGraphWalker - Property path deemed to be circular : sellers.tickets
12:30:51.578 [main] DEBUG o.h.p.w.spi.MetamodelGraphWalker - Visiting attribute path : sellers.people
12:30:51.578 [main] DEBUG o.h.l.p.b.i.spaces.QuerySpacesImpl - Adding QuerySpace : uid = <gen:8> -> org.hibernate.loader.plan.build.internal.spaces.CollectionQuerySpaceImpl@4cad79bc]
12:30:51.578 [main] DEBUG o.h.l.p.b.i.spaces.QuerySpacesImpl - Adding QuerySpace : uid = <gen:9> -> org.hibernate.loader.plan.build.internal.spaces.EntityQuerySpaceImpl@2c63762b]
12:30:51.578 [main] DEBUG o.h.p.w.spi.MetamodelGraphWalker - Visiting attribute path : sellers.isWorking
12:30:51.578 [main] DEBUG o.h.p.w.spi.MetamodelGraphWalker - Visiting attribute path : validity
12:30:51.578 [main] DEBUG o.h.l.p.b.i.FetchStyleLoadPlanBuildingAssociationVisitationStrategy - Building LoadPlan...
12:30:51.578 [main] DEBUG o.h.l.p.e.i.LoadQueryJoinAndFetchProcessor - processing queryspace <gen:0>
12:30:51.579 [main] DEBUG o.h.l.p.b.spi.LoadPlanTreePrinter - LoadPlan(collection=Abstract.TicketSeller.passes)
    - Returns
       - CollectionReturnImpl(collection=Abstract.TicketSeller.passes, querySpaceUid=<gen:0>, path=[Abstract.TicketSeller.passes])
          - (collection element) CollectionFetchableElementEntityGraph(entity=Classes.Pass, querySpaceUid=<gen:1>, path=[Abstract.TicketSeller.passes].<elements>)
             - EntityAttributeFetchImpl(entity=Abstract.TicketSeller, querySpaceUid=<gen:2>, path=[Abstract.TicketSeller.passes].<elements>.seller)
                - CollectionAttributeFetchImpl(collection=Classes.Shop.people, querySpaceUid=<gen:3>, path=[Abstract.TicketSeller.passes].<elements>.seller.people)
                   - (collection element) CollectionFetchableElementEntityGraph(entity=Classes.Person, querySpaceUid=<gen:4>, path=[Abstract.TicketSeller.passes].<elements>.seller.people.<elements>)
             - EntityAttributeFetchImpl(entity=Classes.Person, querySpaceUid=<gen:5>, path=[Abstract.TicketSeller.passes].<elements>.person)
                - EntityAttributeFetchImpl(entity=Classes.Card, querySpaceUid=<gen:6>, path=[Abstract.TicketSeller.passes].<elements>.person.cardNum)
             - EntityAttributeFetchImpl(entity=Abstract.TicketSeller, querySpaceUid=<gen:7>, path=[Abstract.TicketSeller.passes].<elements>.sellers)
                - CollectionAttributeFetchImpl(collection=Classes.Shop.people, querySpaceUid=<gen:8>, path=[Abstract.TicketSeller.passes].<elements>.sellers.people)
                   - (collection element) CollectionFetchableElementEntityGraph(entity=Classes.Person, querySpaceUid=<gen:9>, path=[Abstract.TicketSeller.passes].<elements>.sellers.people.<elements>)
    - QuerySpaces
       - CollectionQuerySpaceImpl(uid=<gen:0>, collection=Abstract.TicketSeller.passes)
          - SQL table alias mapping - passes0_
          - alias suffix - 0_
          - suffixed key columns - {ticketse1_5_0_}
          - entity-element alias suffix - 1_
          - 1_entity-element suffixed key columns - id2_2_1_
          - JOIN (JoinDefinedByMetadata(elements)) : <gen:0> -> <gen:1>
             - EntityQuerySpaceImpl(uid=<gen:1>, entity=Classes.Pass)
                - SQL table alias mapping - pass1_
                - alias suffix - 1_
                - suffixed key columns - {id2_2_1_}
                - JOIN (JoinDefinedByMetadata(seller)) : <gen:1> -> <gen:2>
                   - EntityQuerySpaceImpl(uid=<gen:2>, entity=Abstract.TicketSeller)
                      - SQL table alias mapping - ticketsell2_
                      - alias suffix - 2_
                      - suffixed key columns - {id2_3_2_}
                - JOIN (JoinDefinedByMetadata(person)) : <gen:1> -> <gen:5>
                   - EntityQuerySpaceImpl(uid=<gen:5>, entity=Classes.Person)
                      - SQL table alias mapping - person3_
                      - alias suffix - 3_
                      - suffixed key columns - {id1_1_3_}
                      - JOIN (JoinDefinedByMetadata(cardNum)) : <gen:5> -> <gen:6>
                         - EntityQuerySpaceImpl(uid=<gen:6>, entity=Classes.Card)
                            - SQL table alias mapping - card4_
                            - alias suffix - 4_
                            - suffixed key columns - {id1_0_4_}
                - JOIN (JoinDefinedByMetadata(sellers)) : <gen:1> -> <gen:7>
                   - EntityQuerySpaceImpl(uid=<gen:7>, entity=Abstract.TicketSeller)
                      - SQL table alias mapping - ticketsell5_
                      - alias suffix - 5_
                      - suffixed key columns - {id2_3_5_}

12:30:51.579 [main] DEBUG o.h.l.c.plan.CollectionLoader - Static select for collection Abstract.TicketSeller.passes: select passes0_.TicketSeller_id as ticketse1_5_0_, passes0_.passes_id as passes_i3_5_0_, pass1_.id as id2_2_1_, pass1_.seller_id as seller_i4_2_1_, pass1_.person_id as person_i5_2_1_, pass1_.sellers_id as sellers_6_2_1_, pass1_.validity as validity3_2_1_, ticketsell2_.id as id2_3_2_, ticketsell2_.seller_name as seller_n3_3_2_, ticketsell2_.isWorking as isworkin4_3_2_, ticketsell2_.Elementi as elementi1_3_2_, person3_.id as id1_1_3_, person3_.birthdate as birthdat2_1_3_, person3_.cardNum_id as cardnum_5_1_3_, person3_.firstName as firstnam3_1_3_, person3_.lastName as lastname4_1_3_, card4_.id as id1_0_4_, card4_.emissionDate as emission2_0_4_, card4_.expirationDate as expirati3_0_4_, ticketsell5_.id as id2_3_5_, ticketsell5_.seller_name as seller_n3_3_5_, ticketsell5_.isWorking as isworkin4_3_5_, ticketsell5_.Elementi as elementi1_3_5_ from TicketSeller_Ticket passes0_ inner join Ticket pass1_ on passes0_.passes_id=pass1_.id left outer join TicketSeller ticketsell2_ on pass1_.seller_id=ticketsell2_.id left outer join Person person3_ on pass1_.person_id=person3_.id left outer join Card card4_ on person3_.cardNum_id=card4_.id left outer join TicketSeller ticketsell5_ on pass1_.sellers_id=ticketsell5_.id where passes0_.TicketSeller_id=?
12:30:51.579 [main] DEBUG o.h.l.p.b.i.spaces.QuerySpacesImpl - Adding QuerySpace : uid = <gen:0> -> org.hibernate.loader.plan.build.internal.spaces.CollectionQuerySpaceImpl@7a9eccc4]
12:30:51.579 [main] DEBUG o.h.l.p.b.i.spaces.QuerySpacesImpl - Adding QuerySpace : uid = <gen:1> -> org.hibernate.loader.plan.build.internal.spaces.EntityQuerySpaceImpl@78422efb]
12:30:51.579 [main] DEBUG o.h.p.w.spi.MetamodelGraphWalker - Visiting attribute path : birthdate
12:30:51.579 [main] DEBUG o.h.p.w.spi.MetamodelGraphWalker - Visiting attribute path : cardNum
12:30:51.579 [main] DEBUG o.h.l.p.b.i.spaces.QuerySpacesImpl - Adding QuerySpace : uid = <gen:2> -> org.hibernate.loader.plan.build.internal.spaces.EntityQuerySpaceImpl@64942607]
12:30:51.579 [main] DEBUG o.h.p.w.spi.MetamodelGraphWalker - Visiting attribute path : cardNum.emissionDate
12:30:51.579 [main] DEBUG o.h.p.w.spi.MetamodelGraphWalker - Visiting attribute path : cardNum.expirationDate
12:30:51.579 [main] DEBUG o.h.p.w.spi.MetamodelGraphWalker - Visiting attribute path : cardNum.person
12:30:51.579 [main] DEBUG o.h.p.w.spi.MetamodelGraphWalker - Property path deemed to be circular : cardNum.person
12:30:51.579 [main] DEBUG o.h.p.w.spi.MetamodelGraphWalker - Visiting attribute path : firstName
12:30:51.579 [main] DEBUG o.h.p.w.spi.MetamodelGraphWalker - Visiting attribute path : lastName
12:30:51.579 [main] DEBUG o.h.l.p.b.i.FetchStyleLoadPlanBuildingAssociationVisitationStrategy - Building LoadPlan...
12:30:51.579 [main] DEBUG o.h.l.p.e.i.LoadQueryJoinAndFetchProcessor - processing queryspace <gen:0>
12:30:51.579 [main] DEBUG o.h.l.p.b.spi.LoadPlanTreePrinter - LoadPlan(collection=Classes.Shop.people)
    - Returns
       - CollectionReturnImpl(collection=Classes.Shop.people, querySpaceUid=<gen:0>, path=[Classes.Shop.people])
          - (collection element) CollectionFetchableElementEntityGraph(entity=Classes.Person, querySpaceUid=<gen:1>, path=[Classes.Shop.people].<elements>)
             - EntityAttributeFetchImpl(entity=Classes.Card, querySpaceUid=<gen:2>, path=[Classes.Shop.people].<elements>.cardNum)
    - QuerySpaces
       - CollectionQuerySpaceImpl(uid=<gen:0>, collection=Classes.Shop.people)
          - SQL table alias mapping - people0_
          - alias suffix - 0_
          - suffixed key columns - {shop_id1_4_0_}
          - entity-element alias suffix - 1_
          - 1_entity-element suffixed key columns - id1_1_1_
          - JOIN (JoinDefinedByMetadata(elements)) : <gen:0> -> <gen:1>
             - EntityQuerySpaceImpl(uid=<gen:1>, entity=Classes.Person)
                - SQL table alias mapping - person1_
                - alias suffix - 1_
                - suffixed key columns - {id1_1_1_}
                - JOIN (JoinDefinedByMetadata(cardNum)) : <gen:1> -> <gen:2>
                   - EntityQuerySpaceImpl(uid=<gen:2>, entity=Classes.Card)
                      - SQL table alias mapping - card2_
                      - alias suffix - 2_
                      - suffixed key columns - {id1_0_2_}

12:30:51.580 [main] DEBUG o.h.l.c.plan.CollectionLoader - Static select for collection Classes.Shop.people: select people0_.Shop_id as shop_id1_4_0_, people0_.people_id as people_i2_4_0_, person1_.id as id1_1_1_, person1_.birthdate as birthdat2_1_1_, person1_.cardNum_id as cardnum_5_1_1_, person1_.firstName as firstnam3_1_1_, person1_.lastName as lastname4_1_1_, card2_.id as id1_0_2_, card2_.emissionDate as emission2_0_2_, card2_.expirationDate as expirati3_0_2_ from TicketSeller_Person people0_ inner join Person person1_ on people0_.people_id=person1_.id left outer join Card card2_ on person1_.cardNum_id=card2_.id where people0_.Shop_id=?
12:30:51.604 [main] INFO  o.hibernate.orm.connections.access - HHH10001501: Connection obtained from JdbcConnectionAccess [org.hibernate.engine.jdbc.env.internal.JdbcEnvironmentInitiator$ConnectionProviderJdbcConnectionAccess@7b1e5e55] for (non-JTA) DDL execution was not in auto-commit mode; the Connection 'local transaction' will be committed and the Connection will be set into auto-commit mode.
12:30:51.621 [main] DEBUG org.hibernate.mapping.Table - No alter strings for table : Card
12:30:51.621 [main] DEBUG org.hibernate.mapping.Table - No alter strings for table : Person
12:30:51.621 [main] DEBUG org.hibernate.mapping.Table - No alter strings for table : Ticket
12:30:51.621 [main] DEBUG org.hibernate.mapping.Table - No alter strings for table : TicketSeller
12:30:51.621 [main] DEBUG org.hibernate.mapping.Table - No alter strings for table : TicketSeller_Person
12:30:51.621 [main] DEBUG org.hibernate.mapping.Table - No alter strings for table : TicketSeller_Ticket
12:30:51.680 [main] DEBUG o.h.e.t.j.p.i.JtaPlatformInitiator - No JtaPlatform was specified, checking resolver
12:30:51.681 [main] DEBUG o.h.e.t.j.p.i.JtaPlatformResolverInitiator - No JtaPlatformResolver was specified, using default [org.hibernate.engine.transaction.jta.platform.internal.StandardJtaPlatformResolver]
12:30:51.684 [main] DEBUG o.h.e.t.j.p.i.StandardJtaPlatformResolver - Could not resolve JtaPlatform, using default [org.hibernate.engine.transaction.jta.platform.internal.NoJtaPlatform]
12:30:51.684 [main] INFO  o.h.e.t.j.p.i.JtaPlatformInitiator - HHH000490: Using JtaPlatform implementation: [org.hibernate.engine.transaction.jta.platform.internal.NoJtaPlatform]
12:30:51.687 [main] DEBUG o.h.s.i.SessionFactoryServiceRegistryImpl - EventListenerRegistry access via ServiceRegistry is deprecated.  Use `sessionFactory.getEventEngine().getListenerRegistry()` instead
12:30:51.690 [main] DEBUG o.h.h.i.QueryTranslatorFactoryInitiator - QueryTranslatorFactory: org.hibernate.hql.internal.ast.ASTQueryTranslatorFactory@1200458e
12:30:51.692 [main] DEBUG o.h.query.spi.NamedQueryRepository - Checking 0 named HQL queries
12:30:51.692 [main] DEBUG o.h.query.spi.NamedQueryRepository - Checking 0 named SQL queries
12:30:51.694 [main] DEBUG o.h.internal.SessionFactoryRegistry - Initializing SessionFactoryRegistry : org.hibernate.internal.SessionFactoryRegistry@66522ead
12:30:51.695 [main] DEBUG o.h.internal.SessionFactoryRegistry - Registering SessionFactory: f274df92-d389-4ec8-9138-07d142a0d164 (<unnamed>)
12:30:51.695 [main] DEBUG o.h.internal.SessionFactoryRegistry - Not binding SessionFactory to JNDI, no JNDI name configured
12:30:51.722 [main] DEBUG o.h.s.internal.StatisticsInitiator - Statistics initialized [enabled=false]
12:30:51.724 [main] DEBUG o.h.e.t.internal.TransactionImpl - On TransactionImpl creation, JpaCompliance#isJpaTransactionComplianceEnabled == false
12:30:51.724 [main] DEBUG o.h.e.t.internal.TransactionImpl - begin
12:30:51.729 [main] DEBUG org.hibernate.SQL - select person0_.id as id1_1_0_, person0_.birthdate as birthdat2_1_0_, person0_.cardNum_id as cardnum_5_1_0_, person0_.firstName as firstnam3_1_0_, person0_.lastName as lastname4_1_0_, card1_.id as id1_0_1_, card1_.emissionDate as emission2_0_1_, card1_.expirationDate as expirati3_0_1_ from Person person0_ left outer join Card card1_ on person0_.cardNum_id=card1_.id where person0_.id=?
12:30:51.733 [main] DEBUG o.h.l.p.e.p.i.EntityReferenceInitializerImpl - On call to EntityIdentifierReaderImpl#resolve, EntityKey was already known; should only happen on root returns with an optional identifier specified
12:30:51.737 [main] DEBUG o.h.engine.internal.TwoPhaseLoad - Resolving attributes for [Classes.Person#6]
12:30:51.738 [main] DEBUG o.h.engine.internal.TwoPhaseLoad - Processing attribute `birthdate` : value = 1977-03-22
12:30:51.738 [main] DEBUG o.h.engine.internal.TwoPhaseLoad - Attribute (`birthdate`)  - enhanced for lazy-loading? - false
12:30:51.738 [main] DEBUG o.h.engine.internal.TwoPhaseLoad - Processing attribute `cardNum` : value = null
12:30:51.738 [main] DEBUG o.h.engine.internal.TwoPhaseLoad - Attribute (`cardNum`)  - enhanced for lazy-loading? - false
12:30:51.738 [main] DEBUG o.h.engine.internal.TwoPhaseLoad - Processing attribute `firstName` : value = Francesca
12:30:51.738 [main] DEBUG o.h.engine.internal.TwoPhaseLoad - Attribute (`firstName`)  - enhanced for lazy-loading? - false
12:30:51.738 [main] DEBUG o.h.engine.internal.TwoPhaseLoad - Processing attribute `lastName` : value = Neri
12:30:51.738 [main] DEBUG o.h.engine.internal.TwoPhaseLoad - Attribute (`lastName`)  - enhanced for lazy-loading? - false
12:30:51.739 [main] DEBUG o.h.engine.internal.TwoPhaseLoad - Done materializing entity [Classes.Person#6]
12:30:51.739 [main] DEBUG o.h.l.e.p.AbstractLoadPlanBasedEntityLoader - Done entity load : Classes.Person#6
12:30:51.744 [main] DEBUG o.h.e.t.internal.TransactionImpl - committing
12:30:51.744 [main] DEBUG o.h.e.i.AbstractFlushingEventListener - Processing flush-time cascades
12:30:51.744 [main] DEBUG o.h.e.i.AbstractFlushingEventListener - Dirty checking collections
12:30:51.746 [main] DEBUG o.h.e.i.AbstractFlushingEventListener - Flushed: 0 insertions, 0 updates, 1 deletions to 1 objects
12:30:51.746 [main] DEBUG o.h.e.i.AbstractFlushingEventListener - Flushed: 0 (re)creations, 0 updates, 0 removals to 0 collections
12:30:51.747 [main] DEBUG o.h.internal.util.EntityPrinter - Listing entities:
12:30:51.747 [main] DEBUG o.h.internal.util.EntityPrinter - Classes.Person{firstName=Francesca, lastName=Neri, cardNum=null, birthdate=1977-03-22, id=6}
12:30:51.750 [main] DEBUG org.hibernate.SQL - delete from Person where id=?
12:30:51.754 [main] DEBUG o.h.r.j.i.LogicalConnectionManagedImpl - Initiating JDBC connection release from afterTransaction
12:30:51.754 [main] DEBUG o.h.r.j.i.LogicalConnectionManagedImpl - Initiating JDBC connection release from afterTransaction
12:36:03.962 [main] DEBUG org.jboss.logging - Logging Provider: org.jboss.logging.Slf4jLoggerProvider
12:36:04.023 [main] DEBUG o.h.jpa.HibernatePersistenceProvider - Located and parsed 2 persistence units; checking each
12:36:04.023 [main] DEBUG o.h.jpa.HibernatePersistenceProvider - Checking persistence-unit [name=HomeworkS3D3, explicit-provider=null] against incoming persistence unit name [BuildWeek_4]
12:36:04.023 [main] DEBUG o.h.jpa.HibernatePersistenceProvider - Excluding from consideration due to name mis-match
12:36:04.023 [main] DEBUG o.h.jpa.HibernatePersistenceProvider - Checking persistence-unit [name=BuildWeek_4, explicit-provider=null] against incoming persistence unit name [BuildWeek_4]
12:36:04.023 [main] DEBUG o.h.jpa.boot.spi.ProviderChecker - No PersistenceProvider explicitly requested, assuming Hibernate
12:36:04.026 [main] DEBUG o.h.jpa.internal.util.LogHelper - PersistenceUnitInfo [
	name: BuildWeek_4
	persistence provider classname: null
	classloader: null
	excludeUnlistedClasses: false
	JTA datasource: null
	Non JTA datasource: null
	Transaction type: RESOURCE_LOCAL
	PU root URL: file:/C:/Users/total/Desktop/All/Epicode/fs0223-Luca-Sernicola-BackEnd/BuildWeek_4/target/classes/
	Shared Cache Mode: null
	Validation Mode: null
	Jar files URLs []
	Managed classes names []
	Mapping files names []
	Properties [
		javax.persistence.jdbc.driver: org.postgresql.Driver
		javax.persistence.jdbc.password: root
		hibernate.dialect: org.hibernate.dialect.PostgreSQLDialect
		javax.persistence.jdbc.url: jdbc:postgresql://localhost:5432/BuildWeek
		hibernate.hbm2ddl.auto: update
		javax.persistence.jdbc.user: postgres]
12:36:04.029 [main] DEBUG o.h.i.internal.IntegratorServiceImpl - Adding Integrator [org.hibernate.cfg.beanvalidation.BeanValidationIntegrator].
12:36:04.030 [main] DEBUG o.h.i.internal.IntegratorServiceImpl - Adding Integrator [org.hibernate.secure.spi.JaccIntegrator].
12:36:04.031 [main] DEBUG o.h.i.internal.IntegratorServiceImpl - Adding Integrator [org.hibernate.cache.internal.CollectionCacheInvalidator].
12:36:04.056 [main] INFO  org.hibernate.Version - HHH000412: Hibernate ORM core version 5.6.15.Final
12:36:04.057 [main] DEBUG org.hibernate.cfg.Environment - HHH000206: hibernate.properties not found
12:36:04.155 [main] DEBUG o.h.service.spi.ServiceBinding - Overriding existing service binding [org.hibernate.secure.spi.JaccService]
12:36:04.164 [main] DEBUG o.h.c.i.RegionFactoryInitiator - Cannot default RegionFactory based on registered strategies as `[]` RegionFactory strategies were registered
12:36:04.165 [main] DEBUG o.h.c.i.RegionFactoryInitiator - Cache region factory : org.hibernate.cache.internal.NoCachingRegionFactory
12:36:04.177 [main] INFO  o.h.annotations.common.Version - HCANN000001: Hibernate Commons Annotations {5.1.2.Final}
12:36:04.231 [main] DEBUG o.hibernate.type.BasicTypeRegistry - Adding type registration boolean -> org.hibernate.type.BooleanType@4b672daa
12:36:04.231 [main] DEBUG o.hibernate.type.BasicTypeRegistry - Adding type registration boolean -> org.hibernate.type.BooleanType@4b672daa
12:36:04.231 [main] DEBUG o.hibernate.type.BasicTypeRegistry - Adding type registration java.lang.Boolean -> org.hibernate.type.BooleanType@4b672daa
12:36:04.231 [main] DEBUG o.hibernate.type.BasicTypeRegistry - Adding type registration numeric_boolean -> org.hibernate.type.NumericBooleanType@7c2b6087
12:36:04.232 [main] DEBUG o.hibernate.type.BasicTypeRegistry - Adding type registration true_false -> org.hibernate.type.TrueFalseType@3b77a04f
12:36:04.232 [main] DEBUG o.hibernate.type.BasicTypeRegistry - Adding type registration yes_no -> org.hibernate.type.YesNoType@662f5666
12:36:04.233 [main] DEBUG o.hibernate.type.BasicTypeRegistry - Adding type registration byte -> org.hibernate.type.ByteType@5c3b6c6e
12:36:04.233 [main] DEBUG o.hibernate.type.BasicTypeRegistry - Adding type registration byte -> org.hibernate.type.ByteType@5c3b6c6e
12:36:04.233 [main] DEBUG o.hibernate.type.BasicTypeRegistry - Adding type registration java.lang.Byte -> org.hibernate.type.ByteType@5c3b6c6e
12:36:04.233 [main] DEBUG o.hibernate.type.BasicTypeRegistry - Adding type registration character -> org.hibernate.type.CharacterType@47db5fa5
12:36:04.233 [main] DEBUG o.hibernate.type.BasicTypeRegistry - Adding type registration char -> org.hibernate.type.CharacterType@47db5fa5
12:36:04.233 [main] DEBUG o.hibernate.type.BasicTypeRegistry - Adding type registration java.lang.Character -> org.hibernate.type.CharacterType@47db5fa5
12:36:04.234 [main] DEBUG o.hibernate.type.BasicTypeRegistry - Adding type registration short -> org.hibernate.type.ShortType@1fdfafd2
12:36:04.234 [main] DEBUG o.hibernate.type.BasicTypeRegistry - Adding type registration short -> org.hibernate.type.ShortType@1fdfafd2
12:36:04.234 [main] DEBUG o.hibernate.type.BasicTypeRegistry - Adding type registration java.lang.Short -> org.hibernate.type.ShortType@1fdfafd2
12:36:04.235 [main] DEBUG o.hibernate.type.BasicTypeRegistry - Adding type registration integer -> org.hibernate.type.IntegerType@40499e4f
12:36:04.235 [main] DEBUG o.hibernate.type.BasicTypeRegistry - Adding type registration int -> org.hibernate.type.IntegerType@40499e4f
12:36:04.235 [main] DEBUG o.hibernate.type.BasicTypeRegistry - Adding type registration java.lang.Integer -> org.hibernate.type.IntegerType@40499e4f
12:36:04.235 [main] DEBUG o.hibernate.type.BasicTypeRegistry - Adding type registration long -> org.hibernate.type.LongType@14c01636
12:36:04.235 [main] DEBUG o.hibernate.type.BasicTypeRegistry - Adding type registration long -> org.hibernate.type.LongType@14c01636
12:36:04.235 [main] DEBUG o.hibernate.type.BasicTypeRegistry - Adding type registration java.lang.Long -> org.hibernate.type.LongType@14c01636
12:36:04.236 [main] DEBUG o.hibernate.type.BasicTypeRegistry - Adding type registration float -> org.hibernate.type.FloatType@609640d5
12:36:04.236 [main] DEBUG o.hibernate.type.BasicTypeRegistry - Adding type registration float -> org.hibernate.type.FloatType@609640d5
12:36:04.236 [main] DEBUG o.hibernate.type.BasicTypeRegistry - Adding type registration java.lang.Float -> org.hibernate.type.FloatType@609640d5
12:36:04.236 [main] DEBUG o.hibernate.type.BasicTypeRegistry - Adding type registration double -> org.hibernate.type.DoubleType@556d0826
12:36:04.236 [main] DEBUG o.hibernate.type.BasicTypeRegistry - Adding type registration double -> org.hibernate.type.DoubleType@556d0826
12:36:04.236 [main] DEBUG o.hibernate.type.BasicTypeRegistry - Adding type registration java.lang.Double -> org.hibernate.type.DoubleType@556d0826
12:36:04.237 [main] DEBUG o.hibernate.type.BasicTypeRegistry - Adding type registration big_decimal -> org.hibernate.type.BigDecimalType@16ecee1
12:36:04.237 [main] DEBUG o.hibernate.type.BasicTypeRegistry - Adding type registration java.math.BigDecimal -> org.hibernate.type.BigDecimalType@16ecee1
12:36:04.237 [main] DEBUG o.hibernate.type.BasicTypeRegistry - Adding type registration big_integer -> org.hibernate.type.BigIntegerType@41925502
12:36:04.237 [main] DEBUG o.hibernate.type.BasicTypeRegistry - Adding type registration java.math.BigInteger -> org.hibernate.type.BigIntegerType@41925502
12:36:04.238 [main] DEBUG o.hibernate.type.BasicTypeRegistry - Adding type registration string -> org.hibernate.type.StringType@13c3c1e1
12:36:04.238 [main] DEBUG o.hibernate.type.BasicTypeRegistry - Adding type registration java.lang.String -> org.hibernate.type.StringType@13c3c1e1
12:36:04.238 [main] DEBUG o.hibernate.type.BasicTypeRegistry - Adding type registration nstring -> org.hibernate.type.StringNVarcharType@36546a22
12:36:04.238 [main] DEBUG o.hibernate.type.BasicTypeRegistry - Adding type registration ncharacter -> org.hibernate.type.CharacterNCharType@2c88b9fc
12:36:04.239 [main] DEBUG o.hibernate.type.BasicTypeRegistry - Adding type registration url -> org.hibernate.type.UrlType@3d484181
12:36:04.239 [main] DEBUG o.hibernate.type.BasicTypeRegistry - Adding type registration java.net.URL -> org.hibernate.type.UrlType@3d484181
12:36:04.239 [main] DEBUG o.hibernate.type.BasicTypeRegistry - Adding type registration Duration -> org.hibernate.type.DurationType@11eadcba
12:36:04.239 [main] DEBUG o.hibernate.type.BasicTypeRegistry - Adding type registration java.time.Duration -> org.hibernate.type.DurationType@11eadcba
12:36:04.240 [main] DEBUG o.hibernate.type.BasicTypeRegistry - Adding type registration Instant -> org.hibernate.type.InstantType@5827af16
12:36:04.240 [main] DEBUG o.hibernate.type.BasicTypeRegistry - Adding type registration java.time.Instant -> org.hibernate.type.InstantType@5827af16
12:36:04.241 [main] DEBUG o.hibernate.type.BasicTypeRegistry - Adding type registration LocalDateTime -> org.hibernate.type.LocalDateTimeType@12dae582
12:36:04.241 [main] DEBUG o.hibernate.type.BasicTypeRegistry - Adding type registration java.time.LocalDateTime -> org.hibernate.type.LocalDateTimeType@12dae582
12:36:04.241 [main] DEBUG o.hibernate.type.BasicTypeRegistry - Adding type registration LocalDate -> org.hibernate.type.LocalDateType@2bef51f2
12:36:04.241 [main] DEBUG o.hibernate.type.BasicTypeRegistry - Adding type registration java.time.LocalDate -> org.hibernate.type.LocalDateType@2bef51f2
12:36:04.242 [main] DEBUG o.hibernate.type.BasicTypeRegistry - Adding type registration LocalTime -> org.hibernate.type.LocalTimeType@24d4d7c9
12:36:04.242 [main] DEBUG o.hibernate.type.BasicTypeRegistry - Adding type registration java.time.LocalTime -> org.hibernate.type.LocalTimeType@24d4d7c9
12:36:04.242 [main] DEBUG o.hibernate.type.BasicTypeRegistry - Adding type registration OffsetDateTime -> org.hibernate.type.OffsetDateTimeType@3c435123
12:36:04.242 [main] DEBUG o.hibernate.type.BasicTypeRegistry - Adding type registration java.time.OffsetDateTime -> org.hibernate.type.OffsetDateTimeType@3c435123
12:36:04.243 [main] DEBUG o.hibernate.type.BasicTypeRegistry - Adding type registration OffsetTime -> org.hibernate.type.OffsetTimeType@5357c287
12:36:04.243 [main] DEBUG o.hibernate.type.BasicTypeRegistry - Adding type registration java.time.OffsetTime -> org.hibernate.type.OffsetTimeType@5357c287
12:36:04.244 [main] DEBUG o.hibernate.type.BasicTypeRegistry - Adding type registration ZonedDateTime -> org.hibernate.type.ZonedDateTimeType@5b04476e
12:36:04.244 [main] DEBUG o.hibernate.type.BasicTypeRegistry - Adding type registration java.time.ZonedDateTime -> org.hibernate.type.ZonedDateTimeType@5b04476e
12:36:04.245 [main] DEBUG o.hibernate.type.BasicTypeRegistry - Adding type registration date -> org.hibernate.type.DateType@1bb1fde8
12:36:04.245 [main] DEBUG o.hibernate.type.BasicTypeRegistry - Adding type registration java.sql.Date -> org.hibernate.type.DateType@1bb1fde8
12:36:04.246 [main] DEBUG o.hibernate.type.BasicTypeRegistry - Adding type registration time -> org.hibernate.type.TimeType@6e1d8f9e
12:36:04.246 [main] DEBUG o.hibernate.type.BasicTypeRegistry - Adding type registration java.sql.Time -> org.hibernate.type.TimeType@6e1d8f9e
12:36:04.246 [main] DEBUG o.hibernate.type.BasicTypeRegistry - Adding type registration timestamp -> org.hibernate.type.TimestampType@5d018107
12:36:04.246 [main] DEBUG o.hibernate.type.BasicTypeRegistry - Adding type registration java.sql.Timestamp -> org.hibernate.type.TimestampType@5d018107
12:36:04.246 [main] DEBUG o.hibernate.type.BasicTypeRegistry - Adding type registration java.util.Date -> org.hibernate.type.TimestampType@5d018107
12:36:04.247 [main] DEBUG o.hibernate.type.BasicTypeRegistry - Adding type registration dbtimestamp -> org.hibernate.type.DbTimestampType@339bf286
12:36:04.249 [main] DEBUG o.hibernate.type.BasicTypeRegistry - Adding type registration calendar -> org.hibernate.type.CalendarType@557a1e2d
12:36:04.249 [main] DEBUG o.hibernate.type.BasicTypeRegistry - Adding type registration java.util.Calendar -> org.hibernate.type.CalendarType@557a1e2d
12:36:04.249 [main] DEBUG o.hibernate.type.BasicTypeRegistry - Adding type registration java.util.GregorianCalendar -> org.hibernate.type.CalendarType@557a1e2d
12:36:04.249 [main] DEBUG o.hibernate.type.BasicTypeRegistry - Adding type registration calendar_date -> org.hibernate.type.CalendarDateType@31e75d13
12:36:04.249 [main] DEBUG o.hibernate.type.BasicTypeRegistry - Adding type registration calendar_time -> org.hibernate.type.CalendarTimeType@2f9a01c1
12:36:04.250 [main] DEBUG o.hibernate.type.BasicTypeRegistry - Adding type registration locale -> org.hibernate.type.LocaleType@5778826f
12:36:04.250 [main] DEBUG o.hibernate.type.BasicTypeRegistry - Adding type registration java.util.Locale -> org.hibernate.type.LocaleType@5778826f
12:36:04.251 [main] DEBUG o.hibernate.type.BasicTypeRegistry - Adding type registration currency -> org.hibernate.type.CurrencyType@15c25153
12:36:04.251 [main] DEBUG o.hibernate.type.BasicTypeRegistry - Adding type registration java.util.Currency -> org.hibernate.type.CurrencyType@15c25153
12:36:04.251 [main] DEBUG o.hibernate.type.BasicTypeRegistry - Adding type registration timezone -> org.hibernate.type.TimeZoneType@5b408dc3
12:36:04.251 [main] DEBUG o.hibernate.type.BasicTypeRegistry - Adding type registration java.util.TimeZone -> org.hibernate.type.TimeZoneType@5b408dc3
12:36:04.251 [main] DEBUG o.hibernate.type.BasicTypeRegistry - Adding type registration class -> org.hibernate.type.ClassType@2692b61e
12:36:04.251 [main] DEBUG o.hibernate.type.BasicTypeRegistry - Adding type registration java.lang.Class -> org.hibernate.type.ClassType@2692b61e
12:36:04.251 [main] DEBUG o.hibernate.type.BasicTypeRegistry - Adding type registration uuid-binary -> org.hibernate.type.UUIDBinaryType@4f2613d1
12:36:04.252 [main] DEBUG o.hibernate.type.BasicTypeRegistry - Adding type registration java.util.UUID -> org.hibernate.type.UUIDBinaryType@4f2613d1
12:36:04.252 [main] DEBUG o.hibernate.type.BasicTypeRegistry - Adding type registration uuid-char -> org.hibernate.type.UUIDCharType@878452d
12:36:04.252 [main] DEBUG o.hibernate.type.BasicTypeRegistry - Adding type registration binary -> org.hibernate.type.BinaryType@665e9289
12:36:04.252 [main] DEBUG o.hibernate.type.BasicTypeRegistry - Adding type registration byte[] -> org.hibernate.type.BinaryType@665e9289
12:36:04.252 [main] DEBUG o.hibernate.type.BasicTypeRegistry - Adding type registration [B -> org.hibernate.type.BinaryType@665e9289
12:36:04.253 [main] DEBUG o.hibernate.type.BasicTypeRegistry - Adding type registration wrapper-binary -> org.hibernate.type.WrapperBinaryType@165b2f7f
12:36:04.253 [main] DEBUG o.hibernate.type.BasicTypeRegistry - Adding type registration Byte[] -> org.hibernate.type.WrapperBinaryType@165b2f7f
12:36:04.253 [main] DEBUG o.hibernate.type.BasicTypeRegistry - Adding type registration [Ljava.lang.Byte; -> org.hibernate.type.WrapperBinaryType@165b2f7f
12:36:04.253 [main] DEBUG o.hibernate.type.BasicTypeRegistry - Adding type registration row_version -> org.hibernate.type.RowVersionType@292d1c71
12:36:04.253 [main] DEBUG o.hibernate.type.BasicTypeRegistry - Adding type registration image -> org.hibernate.type.ImageType@5ddabb18
12:36:04.255 [main] DEBUG o.hibernate.type.BasicTypeRegistry - Adding type registration characters -> org.hibernate.type.CharArrayType@28d6290
12:36:04.255 [main] DEBUG o.hibernate.type.BasicTypeRegistry - Adding type registration char[] -> org.hibernate.type.CharArrayType@28d6290
12:36:04.255 [main] DEBUG o.hibernate.type.BasicTypeRegistry - Adding type registration [C -> org.hibernate.type.CharArrayType@28d6290
12:36:04.255 [main] DEBUG o.hibernate.type.BasicTypeRegistry - Adding type registration wrapper-characters -> org.hibernate.type.CharacterArrayType@77602954
12:36:04.255 [main] DEBUG o.hibernate.type.BasicTypeRegistry - Adding type registration [Ljava.lang.Character; -> org.hibernate.type.CharacterArrayType@77602954
12:36:04.255 [main] DEBUG o.hibernate.type.BasicTypeRegistry - Adding type registration Character[] -> org.hibernate.type.CharacterArrayType@77602954
12:36:04.256 [main] DEBUG o.hibernate.type.BasicTypeRegistry - Adding type registration text -> org.hibernate.type.TextType@4275c20c
12:36:04.256 [main] DEBUG o.hibernate.type.BasicTypeRegistry - Adding type registration ntext -> org.hibernate.type.NTextType@2cac4385
12:36:04.257 [main] DEBUG o.hibernate.type.BasicTypeRegistry - Adding type registration blob -> org.hibernate.type.BlobType@2c104774
12:36:04.257 [main] DEBUG o.hibernate.type.BasicTypeRegistry - Adding type registration java.sql.Blob -> org.hibernate.type.BlobType@2c104774
12:36:04.257 [main] DEBUG o.hibernate.type.BasicTypeRegistry - Adding type registration materialized_blob -> org.hibernate.type.MaterializedBlobType@6a66a204
12:36:04.258 [main] DEBUG o.hibernate.type.BasicTypeRegistry - Adding type registration clob -> org.hibernate.type.ClobType@65aa6596
12:36:04.258 [main] DEBUG o.hibernate.type.BasicTypeRegistry - Adding type registration java.sql.Clob -> org.hibernate.type.ClobType@65aa6596
12:36:04.258 [main] DEBUG o.hibernate.type.BasicTypeRegistry - Adding type registration nclob -> org.hibernate.type.NClobType@58670130
12:36:04.258 [main] DEBUG o.hibernate.type.BasicTypeRegistry - Adding type registration java.sql.NClob -> org.hibernate.type.NClobType@58670130
12:36:04.259 [main] DEBUG o.hibernate.type.BasicTypeRegistry - Adding type registration materialized_clob -> org.hibernate.type.MaterializedClobType@39dcf4b0
12:36:04.259 [main] DEBUG o.hibernate.type.BasicTypeRegistry - Adding type registration materialized_nclob -> org.hibernate.type.MaterializedNClobType@18518ccf
12:36:04.259 [main] DEBUG o.hibernate.type.BasicTypeRegistry - Adding type registration serializable -> org.hibernate.type.SerializableType@1cd201a8
12:36:04.261 [main] DEBUG o.hibernate.type.BasicTypeRegistry - Adding type registration object -> org.hibernate.type.ObjectType@b40bb6e
12:36:04.261 [main] DEBUG o.hibernate.type.BasicTypeRegistry - Adding type registration java.lang.Object -> org.hibernate.type.ObjectType@b40bb6e
12:36:04.261 [main] DEBUG o.hibernate.type.BasicTypeRegistry - Adding type registration imm_date -> org.hibernate.type.AdaptedImmutableType@631e06ab
12:36:04.261 [main] DEBUG o.hibernate.type.BasicTypeRegistry - Adding type registration imm_time -> org.hibernate.type.AdaptedImmutableType@2a3591c5
12:36:04.261 [main] DEBUG o.hibernate.type.BasicTypeRegistry - Adding type registration imm_timestamp -> org.hibernate.type.AdaptedImmutableType@34a75079
12:36:04.261 [main] DEBUG o.hibernate.type.BasicTypeRegistry - Adding type registration imm_dbtimestamp -> org.hibernate.type.AdaptedImmutableType@346a361
12:36:04.261 [main] DEBUG o.hibernate.type.BasicTypeRegistry - Adding type registration imm_calendar -> org.hibernate.type.AdaptedImmutableType@107ed6fc
12:36:04.262 [main] DEBUG o.hibernate.type.BasicTypeRegistry - Adding type registration imm_calendar_date -> org.hibernate.type.AdaptedImmutableType@1643d68f
12:36:04.262 [main] DEBUG o.hibernate.type.BasicTypeRegistry - Adding type registration imm_binary -> org.hibernate.type.AdaptedImmutableType@186978a6
12:36:04.262 [main] DEBUG o.hibernate.type.BasicTypeRegistry - Adding type registration imm_serializable -> org.hibernate.type.AdaptedImmutableType@2e029d61
12:36:04.268 [main] DEBUG o.h.b.internal.BootstrapContextImpl - Injecting ScanEnvironment [org.hibernate.jpa.boot.internal.StandardJpaScanEnvironmentImpl@757d6814] into BootstrapContext; was [null]
12:36:04.268 [main] DEBUG o.h.b.internal.BootstrapContextImpl - Injecting ScanOptions [org.hibernate.boot.archive.scan.internal.StandardScanOptions@649725e3] into BootstrapContext; was [org.hibernate.boot.archive.scan.internal.StandardScanOptions@3c0fae6c]
12:36:04.301 [main] DEBUG o.h.b.internal.BootstrapContextImpl - Injecting JPA temp ClassLoader [null] into BootstrapContext; was [null]
12:36:04.301 [main] DEBUG o.h.b.internal.ClassLoaderAccessImpl - ClassLoaderAccessImpl#injectTempClassLoader(null) [was null]
12:36:04.307 [main] DEBUG o.h.i.f.i.DefaultIdentifierGeneratorFactory - Registering IdentifierGenerator strategy [uuid2] -> [org.hibernate.id.UUIDGenerator]
12:36:04.308 [main] DEBUG o.h.i.f.i.DefaultIdentifierGeneratorFactory - Registering IdentifierGenerator strategy [guid] -> [org.hibernate.id.GUIDGenerator]
12:36:04.308 [main] DEBUG o.h.i.f.i.DefaultIdentifierGeneratorFactory - Registering IdentifierGenerator strategy [uuid] -> [org.hibernate.id.UUIDHexGenerator]
12:36:04.308 [main] DEBUG o.h.i.f.i.DefaultIdentifierGeneratorFactory - Registering IdentifierGenerator strategy [uuid.hex] -> [org.hibernate.id.UUIDHexGenerator]
12:36:04.308 [main] DEBUG o.h.i.f.i.DefaultIdentifierGeneratorFactory - Registering IdentifierGenerator strategy [assigned] -> [org.hibernate.id.Assigned]
12:36:04.309 [main] DEBUG o.h.i.f.i.DefaultIdentifierGeneratorFactory - Registering IdentifierGenerator strategy [identity] -> [org.hibernate.id.IdentityGenerator]
12:36:04.309 [main] DEBUG o.h.i.f.i.DefaultIdentifierGeneratorFactory - Registering IdentifierGenerator strategy [select] -> [org.hibernate.id.SelectGenerator]
12:36:04.309 [main] DEBUG o.h.i.f.i.DefaultIdentifierGeneratorFactory - Registering IdentifierGenerator strategy [sequence] -> [org.hibernate.id.enhanced.SequenceStyleGenerator]
12:36:04.310 [main] DEBUG o.h.i.f.i.DefaultIdentifierGeneratorFactory - Registering IdentifierGenerator strategy [seqhilo] -> [org.hibernate.id.SequenceHiLoGenerator]
12:36:04.310 [main] DEBUG o.h.i.f.i.DefaultIdentifierGeneratorFactory - Registering IdentifierGenerator strategy [increment] -> [org.hibernate.id.IncrementGenerator]
12:36:04.311 [main] DEBUG o.h.i.f.i.DefaultIdentifierGeneratorFactory - Registering IdentifierGenerator strategy [foreign] -> [org.hibernate.id.ForeignGenerator]
12:36:04.311 [main] DEBUG o.h.i.f.i.DefaultIdentifierGeneratorFactory - Registering IdentifierGenerator strategy [sequence-identity] -> [org.hibernate.id.SequenceIdentityGenerator]
12:36:04.311 [main] DEBUG o.h.i.f.i.DefaultIdentifierGeneratorFactory - Registering IdentifierGenerator strategy [enhanced-sequence] -> [org.hibernate.id.enhanced.SequenceStyleGenerator]
12:36:04.311 [main] DEBUG o.h.i.f.i.DefaultIdentifierGeneratorFactory - Registering IdentifierGenerator strategy [enhanced-table] -> [org.hibernate.id.enhanced.TableGenerator]
12:36:04.314 [main] WARN  o.hibernate.orm.connections.pooling - HHH10001002: Using Hibernate built-in connection pool (not for production use!)
12:36:04.317 [main] INFO  o.hibernate.orm.connections.pooling - HHH10001005: using driver [org.postgresql.Driver] at URL [jdbc:postgresql://localhost:5432/BuildWeek]
12:36:04.317 [main] INFO  o.hibernate.orm.connections.pooling - HHH10001001: Connection properties: {password=root, user=postgres}
12:36:04.317 [main] INFO  o.hibernate.orm.connections.pooling - HHH10001003: Autocommit mode: false
12:36:04.319 [main] DEBUG o.h.e.j.c.i.DriverManagerConnectionProviderImpl - Initializing Connection pool with 1 Connections
12:36:04.319 [main] INFO  o.h.e.j.c.i.DriverManagerConnectionProviderImpl - HHH000115: Hibernate connection pool size: 20 (min=1)
12:36:04.471 [main] DEBUG o.h.e.j.e.i.JdbcEnvironmentInitiator - Database ->
       name : PostgreSQL
    version : 15.3
      major : 15
      minor : 3
12:36:04.471 [main] DEBUG o.h.e.j.e.i.JdbcEnvironmentInitiator - Driver ->
       name : PostgreSQL JDBC Driver
    version : 42.6.0
      major : 42
      minor : 6
12:36:04.471 [main] DEBUG o.h.e.j.e.i.JdbcEnvironmentInitiator - JDBC version : 4.2
12:36:04.478 [main] INFO  org.hibernate.dialect.Dialect - HHH000400: Using dialect: org.hibernate.dialect.PostgreSQLDialect
12:36:04.488 [main] DEBUG o.h.e.j.e.s.IdentifierHelperBuilder - JDBC driver metadata reported database stores quoted identifiers in neither upper, lower nor mixed case
12:36:04.505 [main] DEBUG o.hibernate.type.BasicTypeRegistry - Adding type registration pg-uuid -> org.hibernate.type.PostgresUUIDType@201aa8c1
12:36:04.505 [main] DEBUG o.hibernate.type.BasicTypeRegistry - Adding type registration java.util.UUID -> org.hibernate.type.PostgresUUIDType@201aa8c1
12:36:04.505 [main] DEBUG o.hibernate.type.BasicTypeRegistry - HHH000270: Type registration [java.util.UUID] overrides previous : org.hibernate.type.UUIDBinaryType@4f2613d1
12:36:04.506 [main] DEBUG o.h.type.spi.TypeConfiguration$Scope - Scoping TypeConfiguration [org.hibernate.type.spi.TypeConfiguration@4aac85fa] to MetadataBuildingContext [org.hibernate.boot.internal.MetadataBuildingContextRootImpl@21fff664]
12:36:04.528 [main] DEBUG o.h.boot.model.relational.Namespace - Created database namespace [logicalName=Name{catalog=null, schema=null}, physicalName=Name{catalog=null, schema=null}]
12:36:04.537 [main] DEBUG org.hibernate.cfg.AnnotationBinder - Binding entity from annotated class: Abstract.TicketSeller
12:36:04.547 [main] DEBUG org.hibernate.cfg.Ejb3Column - Binding column: Ejb3DiscriminatorColumn{logicalColumnName'type', discriminatorTypeName='string'}
12:36:04.550 [main] DEBUG o.h.cfg.annotations.EntityBinder - Import with entity name TicketSeller
12:36:04.553 [main] DEBUG o.h.cfg.annotations.EntityBinder - Bind entity Abstract.TicketSeller on table TicketSeller
12:36:04.571 [main] DEBUG org.hibernate.cfg.Ejb3Column - Binding column: Ejb3Column{table=org.hibernate.mapping.Table(TicketSeller), mappingColumn=id, insertable=true, updatable=true, unique=false}
12:36:04.572 [main] DEBUG o.h.b.internal.ClassLoaderAccessImpl - Not known whether passed class name [Abstract.TicketSeller] is safe
12:36:04.572 [main] DEBUG o.h.b.internal.ClassLoaderAccessImpl - No temp ClassLoader provided; using live ClassLoader for loading potentially unsafe class : Abstract.TicketSeller
12:36:04.573 [main] DEBUG o.h.cfg.annotations.PropertyBinder - MetadataSourceProcessor property id with lazy=false
12:36:04.574 [main] DEBUG o.h.cfg.AbstractPropertyHolder - Attempting to locate auto-apply AttributeConverter for property [Abstract.TicketSeller:id]
12:36:04.576 [main] DEBUG o.h.c.annotations.SimpleValueBinder - building SimpleValue for id
12:36:04.576 [main] DEBUG o.h.cfg.annotations.PropertyBinder - Building property id
12:36:04.579 [main] DEBUG org.hibernate.cfg.BinderHelper - #makeIdGenerator(org.hibernate.mapping.SimpleValue([org.hibernate.mapping.Column(id)]), id, org.hibernate.id.enhanced.SequenceStyleGenerator, elCat_seq, ...)
12:36:04.580 [main] DEBUG org.hibernate.cfg.Ejb3Column - Binding column: Ejb3Column{table=org.hibernate.mapping.Table(TicketSeller), mappingColumn=seller_name, insertable=true, updatable=true, unique=false}
12:36:04.580 [main] DEBUG o.h.cfg.annotations.PropertyBinder - MetadataSourceProcessor property name with lazy=false
12:36:04.580 [main] DEBUG o.h.cfg.AbstractPropertyHolder - Attempting to locate auto-apply AttributeConverter for property [Abstract.TicketSeller:name]
12:36:04.580 [main] DEBUG o.h.c.annotations.SimpleValueBinder - building SimpleValue for name
12:36:04.581 [main] DEBUG o.h.cfg.annotations.PropertyBinder - Building property name
12:36:04.581 [main] DEBUG org.hibernate.cfg.Ejb3Column - Binding column: Ejb3JoinColumn{logicalColumnName='null', referencedColumn='null', mappedBy=''}
12:36:04.581 [main] DEBUG org.hibernate.cfg.Ejb3Column - Binding column: Ejb3Column{table=org.hibernate.mapping.Table(TicketSeller), mappingColumn=passes, insertable=true, updatable=true, unique=false}
12:36:04.583 [main] DEBUG org.hibernate.cfg.Ejb3Column - Binding column: Ejb3Column{table=org.hibernate.mapping.Table(TicketSeller), mappingColumn=null, insertable=true, updatable=true, unique=false}
12:36:04.588 [main] DEBUG org.hibernate.cfg.Ejb3Column - Binding column: Ejb3Column{table=org.hibernate.mapping.Table(TicketSeller), mappingColumn=element, insertable=true, updatable=true, unique=false}
12:36:04.588 [main] DEBUG org.hibernate.cfg.Ejb3Column - Binding column: Ejb3Column{table=org.hibernate.mapping.Table(TicketSeller), mappingColumn=passes_KEY, insertable=true, updatable=true, unique=false}
12:36:04.589 [main] DEBUG org.hibernate.cfg.Ejb3Column - Binding column: Ejb3JoinColumn{logicalColumnName='passes_KEY', referencedColumn='null', mappedBy='null'}
12:36:04.589 [main] DEBUG org.hibernate.cfg.Ejb3Column - Binding column: Ejb3JoinColumn{logicalColumnName='null', referencedColumn='null', mappedBy=''}
12:36:04.589 [main] DEBUG org.hibernate.cfg.Ejb3Column - Binding column: Ejb3JoinColumn{logicalColumnName='null', referencedColumn='null', mappedBy=''}
12:36:04.590 [main] DEBUG o.h.cfg.annotations.CollectionBinder - Collection role: Abstract.TicketSeller.passes
12:36:04.591 [main] DEBUG o.h.cfg.annotations.PropertyBinder - Building property passes
12:36:04.591 [main] DEBUG org.hibernate.cfg.Ejb3Column - Binding column: Ejb3JoinColumn{logicalColumnName='null', referencedColumn='null', mappedBy=''}
12:36:04.591 [main] DEBUG org.hibernate.cfg.Ejb3Column - Binding column: Ejb3Column{table=org.hibernate.mapping.Table(TicketSeller), mappingColumn=tickets, insertable=true, updatable=true, unique=false}
12:36:04.591 [main] DEBUG org.hibernate.cfg.Ejb3Column - Binding column: Ejb3Column{table=org.hibernate.mapping.Table(TicketSeller), mappingColumn=null, insertable=true, updatable=true, unique=false}
12:36:04.591 [main] DEBUG org.hibernate.cfg.Ejb3Column - Binding column: Ejb3Column{table=org.hibernate.mapping.Table(TicketSeller), mappingColumn=element, insertable=true, updatable=true, unique=false}
12:36:04.591 [main] DEBUG org.hibernate.cfg.Ejb3Column - Binding column: Ejb3Column{table=org.hibernate.mapping.Table(TicketSeller), mappingColumn=tickets_KEY, insertable=true, updatable=true, unique=false}
12:36:04.591 [main] DEBUG org.hibernate.cfg.Ejb3Column - Binding column: Ejb3JoinColumn{logicalColumnName='tickets_KEY', referencedColumn='null', mappedBy='null'}
12:36:04.591 [main] DEBUG org.hibernate.cfg.Ejb3Column - Binding column: Ejb3JoinColumn{logicalColumnName='null', referencedColumn='null', mappedBy=''}
12:36:04.591 [main] DEBUG org.hibernate.cfg.Ejb3Column - Binding column: Ejb3JoinColumn{logicalColumnName='null', referencedColumn='null', mappedBy=''}
12:36:04.592 [main] DEBUG o.h.cfg.annotations.CollectionBinder - Collection role: Abstract.TicketSeller.tickets
12:36:04.592 [main] DEBUG o.h.cfg.annotations.PropertyBinder - Building property tickets
12:36:04.595 [main] DEBUG org.hibernate.cfg.AnnotationBinder - Binding entity from annotated class: Classes.Card
12:36:04.595 [main] DEBUG org.hibernate.cfg.Ejb3Column - Binding column: Ejb3DiscriminatorColumn{logicalColumnName'DTYPE', discriminatorTypeName='string'}
12:36:04.596 [main] DEBUG o.h.cfg.annotations.EntityBinder - Import with entity name Card
12:36:04.596 [main] DEBUG o.h.cfg.annotations.EntityBinder - Bind entity Classes.Card on table Card
12:36:04.597 [main] DEBUG org.hibernate.cfg.Ejb3Column - Binding column: Ejb3Column{table=org.hibernate.mapping.Table(Card), mappingColumn=id, insertable=true, updatable=true, unique=false}
12:36:04.597 [main] DEBUG o.h.b.internal.ClassLoaderAccessImpl - Not known whether passed class name [Classes.Card] is safe
12:36:04.597 [main] DEBUG o.h.b.internal.ClassLoaderAccessImpl - No temp ClassLoader provided; using live ClassLoader for loading potentially unsafe class : Classes.Card
12:36:04.597 [main] DEBUG o.h.cfg.annotations.PropertyBinder - MetadataSourceProcessor property id with lazy=false
12:36:04.597 [main] DEBUG o.h.cfg.AbstractPropertyHolder - Attempting to locate auto-apply AttributeConverter for property [Classes.Card:id]
12:36:04.597 [main] DEBUG o.h.c.annotations.SimpleValueBinder - building SimpleValue for id
12:36:04.597 [main] DEBUG o.h.cfg.annotations.PropertyBinder - Building property id
12:36:04.598 [main] DEBUG org.hibernate.cfg.BinderHelper - #makeIdGenerator(org.hibernate.mapping.SimpleValue([org.hibernate.mapping.Column(id)]), id, identity, , ...)
12:36:04.598 [main] DEBUG org.hibernate.cfg.Ejb3Column - Binding column: Ejb3Column{table=org.hibernate.mapping.Table(Card), mappingColumn=emissionDate, insertable=true, updatable=true, unique=false}
12:36:04.598 [main] DEBUG o.h.cfg.annotations.PropertyBinder - MetadataSourceProcessor property emissionDate with lazy=false
12:36:04.598 [main] DEBUG o.h.cfg.AbstractPropertyHolder - Attempting to locate auto-apply AttributeConverter for property [Classes.Card:emissionDate]
12:36:04.598 [main] DEBUG o.h.c.annotations.SimpleValueBinder - building SimpleValue for emissionDate
12:36:04.598 [main] DEBUG o.h.cfg.annotations.PropertyBinder - Building property emissionDate
12:36:04.598 [main] DEBUG org.hibernate.cfg.Ejb3Column - Binding column: Ejb3Column{table=org.hibernate.mapping.Table(Card), mappingColumn=expirationDate, insertable=true, updatable=true, unique=false}
12:36:04.598 [main] DEBUG o.h.cfg.annotations.PropertyBinder - MetadataSourceProcessor property expirationDate with lazy=false
12:36:04.598 [main] DEBUG o.h.cfg.AbstractPropertyHolder - Attempting to locate auto-apply AttributeConverter for property [Classes.Card:expirationDate]
12:36:04.598 [main] DEBUG o.h.c.annotations.SimpleValueBinder - building SimpleValue for expirationDate
12:36:04.598 [main] DEBUG o.h.cfg.annotations.PropertyBinder - Building property expirationDate
12:36:04.598 [main] DEBUG org.hibernate.cfg.Ejb3Column - Binding column: Ejb3JoinColumn{logicalColumnName='null', referencedColumn='null', mappedBy='cardNum'}
12:36:04.598 [main] DEBUG org.hibernate.cfg.Ejb3Column - Binding column: Ejb3Column{table=org.hibernate.mapping.Table(Card), mappingColumn=person, insertable=true, updatable=true, unique=false}
12:36:04.600 [main] DEBUG org.hibernate.cfg.AnnotationBinder - Binding entity from annotated class: Classes.Person
12:36:04.600 [main] DEBUG org.hibernate.cfg.Ejb3Column - Binding column: Ejb3DiscriminatorColumn{logicalColumnName'DTYPE', discriminatorTypeName='string'}
12:36:04.600 [main] DEBUG o.h.cfg.annotations.EntityBinder - Import with entity name Person
12:36:04.600 [main] DEBUG o.h.cfg.annotations.EntityBinder - Bind entity Classes.Person on table Person
12:36:04.601 [main] DEBUG org.hibernate.cfg.Ejb3Column - Binding column: Ejb3Column{table=org.hibernate.mapping.Table(Person), mappingColumn=id, insertable=true, updatable=true, unique=false}
12:36:04.601 [main] DEBUG o.h.b.internal.ClassLoaderAccessImpl - Not known whether passed class name [Classes.Person] is safe
12:36:04.601 [main] DEBUG o.h.b.internal.ClassLoaderAccessImpl - No temp ClassLoader provided; using live ClassLoader for loading potentially unsafe class : Classes.Person
12:36:04.601 [main] DEBUG o.h.cfg.annotations.PropertyBinder - MetadataSourceProcessor property id with lazy=false
12:36:04.601 [main] DEBUG o.h.cfg.AbstractPropertyHolder - Attempting to locate auto-apply AttributeConverter for property [Classes.Person:id]
12:36:04.601 [main] DEBUG o.h.c.annotations.SimpleValueBinder - building SimpleValue for id
12:36:04.601 [main] DEBUG o.h.cfg.annotations.PropertyBinder - Building property id
12:36:04.601 [main] DEBUG org.hibernate.cfg.BinderHelper - #makeIdGenerator(org.hibernate.mapping.SimpleValue([org.hibernate.mapping.Column(id)]), id, identity, , ...)
12:36:04.601 [main] DEBUG org.hibernate.cfg.Ejb3Column - Binding column: Ejb3Column{table=org.hibernate.mapping.Table(Person), mappingColumn=birthdate, insertable=true, updatable=true, unique=false}
12:36:04.601 [main] DEBUG o.h.cfg.annotations.PropertyBinder - MetadataSourceProcessor property birthdate with lazy=false
12:36:04.601 [main] DEBUG o.h.cfg.AbstractPropertyHolder - Attempting to locate auto-apply AttributeConverter for property [Classes.Person:birthdate]
12:36:04.601 [main] DEBUG o.h.c.annotations.SimpleValueBinder - building SimpleValue for birthdate
12:36:04.601 [main] DEBUG o.h.cfg.annotations.PropertyBinder - Building property birthdate
12:36:04.601 [main] DEBUG org.hibernate.cfg.Ejb3Column - Binding column: Ejb3JoinColumn{logicalColumnName='null', referencedColumn='null', mappedBy=''}
12:36:04.601 [main] DEBUG org.hibernate.cfg.Ejb3Column - Binding column: Ejb3Column{table=org.hibernate.mapping.Table(Person), mappingColumn=cardNum, insertable=true, updatable=true, unique=false}
12:36:04.603 [main] DEBUG o.h.cfg.annotations.PropertyBinder - Building property cardNum
12:36:04.603 [main] DEBUG org.hibernate.cfg.Ejb3Column - Binding column: Ejb3Column{table=org.hibernate.mapping.Table(Person), mappingColumn=firstName, insertable=true, updatable=true, unique=false}
12:36:04.603 [main] DEBUG o.h.cfg.annotations.PropertyBinder - MetadataSourceProcessor property firstName with lazy=false
12:36:04.603 [main] DEBUG o.h.cfg.AbstractPropertyHolder - Attempting to locate auto-apply AttributeConverter for property [Classes.Person:firstName]
12:36:04.603 [main] DEBUG o.h.c.annotations.SimpleValueBinder - building SimpleValue for firstName
12:36:04.603 [main] DEBUG o.h.cfg.annotations.PropertyBinder - Building property firstName
12:36:04.603 [main] DEBUG org.hibernate.cfg.Ejb3Column - Binding column: Ejb3Column{table=org.hibernate.mapping.Table(Person), mappingColumn=lastName, insertable=true, updatable=true, unique=false}
12:36:04.603 [main] DEBUG o.h.cfg.annotations.PropertyBinder - MetadataSourceProcessor property lastName with lazy=false
12:36:04.603 [main] DEBUG o.h.cfg.AbstractPropertyHolder - Attempting to locate auto-apply AttributeConverter for property [Classes.Person:lastName]
12:36:04.603 [main] DEBUG o.h.c.annotations.SimpleValueBinder - building SimpleValue for lastName
12:36:04.603 [main] DEBUG o.h.cfg.annotations.PropertyBinder - Building property lastName
12:36:04.604 [main] DEBUG org.hibernate.cfg.AnnotationBinder - Binding entity from annotated class: Classes.Ticket
12:36:04.604 [main] DEBUG org.hibernate.cfg.Ejb3Column - Binding column: Ejb3DiscriminatorColumn{logicalColumnName'DTYPE', discriminatorTypeName='string'}
12:36:04.604 [main] DEBUG o.h.cfg.annotations.EntityBinder - Import with entity name Ticket
12:36:04.604 [main] DEBUG o.h.cfg.annotations.EntityBinder - Bind entity Classes.Ticket on table Ticket
12:36:04.605 [main] DEBUG org.hibernate.cfg.Ejb3Column - Binding column: Ejb3Column{table=org.hibernate.mapping.Table(Ticket), mappingColumn=id, insertable=true, updatable=true, unique=false}
12:36:04.605 [main] DEBUG o.h.b.internal.ClassLoaderAccessImpl - Not known whether passed class name [Classes.Ticket] is safe
12:36:04.605 [main] DEBUG o.h.b.internal.ClassLoaderAccessImpl - No temp ClassLoader provided; using live ClassLoader for loading potentially unsafe class : Classes.Ticket
12:36:04.605 [main] DEBUG o.h.cfg.annotations.PropertyBinder - MetadataSourceProcessor property id with lazy=false
12:36:04.605 [main] DEBUG o.h.cfg.AbstractPropertyHolder - Attempting to locate auto-apply AttributeConverter for property [Classes.Ticket:id]
12:36:04.605 [main] DEBUG o.h.c.annotations.SimpleValueBinder - building SimpleValue for id
12:36:04.605 [main] DEBUG o.h.cfg.annotations.PropertyBinder - Building property id
12:36:04.605 [main] DEBUG org.hibernate.cfg.BinderHelper - #makeIdGenerator(org.hibernate.mapping.SimpleValue([org.hibernate.mapping.Column(id)]), id, identity, , ...)
12:36:04.605 [main] DEBUG org.hibernate.cfg.Ejb3Column - Binding column: Ejb3JoinColumn{logicalColumnName='null', referencedColumn='null', mappedBy='null'}
12:36:04.605 [main] DEBUG org.hibernate.cfg.Ejb3Column - Binding column: Ejb3Column{table=org.hibernate.mapping.Table(Ticket), mappingColumn=seller, insertable=true, updatable=true, unique=false}
12:36:04.605 [main] DEBUG o.h.cfg.annotations.PropertyBinder - Building property seller
12:36:04.606 [main] DEBUG org.hibernate.cfg.AnnotationBinder - Binding entity from annotated class: Classes.Pass
12:36:04.606 [main] DEBUG o.h.cfg.annotations.EntityBinder - Import with entity name Pass
12:36:04.607 [main] DEBUG org.hibernate.cfg.Ejb3Column - Binding column: Ejb3JoinColumn{logicalColumnName='null', referencedColumn='null', mappedBy=''}
12:36:04.607 [main] DEBUG org.hibernate.cfg.Ejb3Column - Binding column: Ejb3Column{table=org.hibernate.mapping.Table(Ticket), mappingColumn=person, insertable=true, updatable=true, unique=false}
12:36:04.607 [main] DEBUG o.h.cfg.annotations.PropertyBinder - Building property person
12:36:04.607 [main] DEBUG org.hibernate.cfg.Ejb3Column - Binding column: Ejb3JoinColumn{logicalColumnName='null', referencedColumn='null', mappedBy='null'}
12:36:04.607 [main] DEBUG org.hibernate.cfg.Ejb3Column - Binding column: Ejb3Column{table=org.hibernate.mapping.Table(Ticket), mappingColumn=sellers, insertable=true, updatable=true, unique=false}
12:36:04.607 [main] DEBUG o.h.cfg.annotations.PropertyBinder - Building property sellers
12:36:04.607 [main] DEBUG org.hibernate.cfg.Ejb3Column - Binding column: Ejb3Column{table=org.hibernate.mapping.Table(Ticket), mappingColumn=validity, insertable=true, updatable=true, unique=false}
12:36:04.607 [main] DEBUG o.h.cfg.annotations.PropertyBinder - MetadataSourceProcessor property validity with lazy=false
12:36:04.607 [main] DEBUG o.h.cfg.AbstractPropertyHolder - Attempting to locate auto-apply AttributeConverter for property [Classes.Pass:validity]
12:36:04.609 [main] DEBUG o.h.c.annotations.SimpleValueBinder - building SimpleValue for validity
12:36:04.609 [main] DEBUG o.h.cfg.annotations.PropertyBinder - Building property validity
12:36:04.609 [main] DEBUG org.hibernate.cfg.AnnotationBinder - Binding entity from annotated class: Classes.Shop
12:36:04.609 [main] DEBUG o.h.cfg.annotations.EntityBinder - Import with entity name Shop
12:36:04.609 [main] DEBUG org.hibernate.cfg.AnnotationBinder - Skipping attribute [java.util.List : passes] as it was already processed as part of super hierarchy
12:36:04.610 [main] DEBUG org.hibernate.cfg.Ejb3Column - Binding column: Ejb3JoinColumn{logicalColumnName='null', referencedColumn='null', mappedBy=''}
12:36:04.610 [main] DEBUG org.hibernate.cfg.Ejb3Column - Binding column: Ejb3Column{table=org.hibernate.mapping.Table(TicketSeller), mappingColumn=people, insertable=true, updatable=true, unique=false}
12:36:04.610 [main] DEBUG org.hibernate.cfg.Ejb3Column - Binding column: Ejb3Column{table=org.hibernate.mapping.Table(TicketSeller), mappingColumn=null, insertable=true, updatable=true, unique=false}
12:36:04.610 [main] DEBUG org.hibernate.cfg.Ejb3Column - Binding column: Ejb3Column{table=org.hibernate.mapping.Table(TicketSeller), mappingColumn=element, insertable=true, updatable=true, unique=false}
12:36:04.610 [main] DEBUG org.hibernate.cfg.Ejb3Column - Binding column: Ejb3Column{table=org.hibernate.mapping.Table(TicketSeller), mappingColumn=people_KEY, insertable=true, updatable=true, unique=false}
12:36:04.610 [main] DEBUG org.hibernate.cfg.Ejb3Column - Binding column: Ejb3JoinColumn{logicalColumnName='people_KEY', referencedColumn='null', mappedBy='null'}
12:36:04.610 [main] DEBUG org.hibernate.cfg.Ejb3Column - Binding column: Ejb3JoinColumn{logicalColumnName='null', referencedColumn='null', mappedBy=''}
12:36:04.610 [main] DEBUG org.hibernate.cfg.Ejb3Column - Binding column: Ejb3JoinColumn{logicalColumnName='null', referencedColumn='null', mappedBy=''}
12:36:04.610 [main] DEBUG o.h.cfg.annotations.CollectionBinder - Collection role: Classes.Shop.people
12:36:04.610 [main] DEBUG o.h.cfg.annotations.PropertyBinder - Building property people
12:36:04.610 [main] DEBUG org.hibernate.cfg.AnnotationBinder - Skipping attribute [java.util.List : tickets] as it was already processed as part of super hierarchy
12:36:04.610 [main] DEBUG org.hibernate.cfg.AnnotationBinder - Binding entity from annotated class: Classes.VendingMachine
12:36:04.610 [main] DEBUG o.h.cfg.annotations.EntityBinder - Import with entity name VendingMachine
12:36:04.611 [main] DEBUG org.hibernate.cfg.Ejb3Column - Binding column: Ejb3Column{table=org.hibernate.mapping.Table(TicketSeller), mappingColumn=isWorking, insertable=true, updatable=true, unique=false}
12:36:04.611 [main] DEBUG o.h.cfg.annotations.PropertyBinder - MetadataSourceProcessor property isWorking with lazy=false
12:36:04.611 [main] DEBUG o.h.cfg.AbstractPropertyHolder - Attempting to locate auto-apply AttributeConverter for property [Classes.VendingMachine:isWorking]
12:36:04.611 [main] DEBUG o.h.c.annotations.SimpleValueBinder - building SimpleValue for isWorking
12:36:04.611 [main] DEBUG o.h.cfg.annotations.PropertyBinder - Building property isWorking
12:36:04.612 [main] DEBUG o.h.c.annotations.SimpleValueBinder - Starting fillSimpleValue for id
12:36:04.612 [main] DEBUG o.h.c.annotations.SimpleValueBinder - Starting fillSimpleValue for name
12:36:04.612 [main] DEBUG o.h.c.annotations.SimpleValueBinder - Starting fillSimpleValue for id
12:36:04.613 [main] DEBUG o.h.c.annotations.SimpleValueBinder - Starting fillSimpleValue for emissionDate
12:36:04.613 [main] DEBUG o.h.c.annotations.SimpleValueBinder - Starting fillSimpleValue for expirationDate
12:36:04.613 [main] DEBUG o.h.c.annotations.SimpleValueBinder - Starting fillSimpleValue for id
12:36:04.613 [main] DEBUG o.h.c.annotations.SimpleValueBinder - Starting fillSimpleValue for birthdate
12:36:04.613 [main] DEBUG o.h.c.annotations.SimpleValueBinder - Starting fillSimpleValue for firstName
12:36:04.613 [main] DEBUG o.h.c.annotations.SimpleValueBinder - Starting fillSimpleValue for lastName
12:36:04.613 [main] DEBUG o.h.c.annotations.SimpleValueBinder - Starting fillSimpleValue for id
12:36:04.613 [main] DEBUG o.h.c.annotations.SimpleValueBinder - Starting fillSimpleValue for validity
12:36:04.613 [main] DEBUG o.h.c.annotations.SimpleValueBinder - Starting fillSimpleValue for isWorking
12:36:04.617 [main] DEBUG org.hibernate.mapping.PrimaryKey - Forcing column [id] to be non-null as it is part of the primary key for table [ticketseller]
12:36:04.617 [main] DEBUG org.hibernate.mapping.PrimaryKey - Forcing column [id] to be non-null as it is part of the primary key for table [card]
12:36:04.617 [main] DEBUG org.hibernate.mapping.PrimaryKey - Forcing column [id] to be non-null as it is part of the primary key for table [person]
12:36:04.617 [main] DEBUG org.hibernate.mapping.PrimaryKey - Forcing column [id] to be non-null as it is part of the primary key for table [ticket]
12:36:04.617 [main] DEBUG o.hibernate.cfg.CollectionSecondPass - Second pass for collection: Classes.Shop.people
12:36:04.617 [main] DEBUG o.h.cfg.annotations.CollectionBinder - Binding a OneToMany: Classes.Shop.people through an association table
12:36:04.621 [main] DEBUG o.hibernate.cfg.CollectionSecondPass - Mapped collection key: Shop_id, element: people_id
12:36:04.621 [main] DEBUG o.hibernate.cfg.CollectionSecondPass - Second pass for collection: Abstract.TicketSeller.tickets
12:36:04.621 [main] DEBUG o.h.cfg.annotations.CollectionBinder - Binding a OneToMany: Abstract.TicketSeller.tickets through an association table
12:36:04.622 [main] DEBUG o.hibernate.cfg.CollectionSecondPass - Mapped collection key: TicketSeller_id, element: tickets_id
12:36:04.622 [main] DEBUG o.hibernate.cfg.CollectionSecondPass - Second pass for collection: Abstract.TicketSeller.passes
12:36:04.622 [main] DEBUG o.h.cfg.annotations.CollectionBinder - Binding a OneToMany: Abstract.TicketSeller.passes through an association table
12:36:04.623 [main] DEBUG o.hibernate.cfg.CollectionSecondPass - Mapped collection key: TicketSeller_id, element: passes_id
12:36:04.623 [main] DEBUG o.h.cfg.annotations.PropertyBinder - Building property person
12:36:04.624 [main] DEBUG o.h.b.i.InFlightMetadataCollectorImpl - Processing association property references
12:36:04.624 [main] DEBUG o.h.b.i.InFlightMetadataCollectorImpl - Resolving reference to class: Classes.Card
12:36:04.625 [main] DEBUG o.h.b.i.InFlightMetadataCollectorImpl - Resolving reference to class: Abstract.TicketSeller
12:36:04.625 [main] DEBUG o.h.b.i.InFlightMetadataCollectorImpl - Resolving reference to class: Classes.Person
12:36:04.625 [main] DEBUG o.h.b.i.InFlightMetadataCollectorImpl - Resolving reference to class: Abstract.TicketSeller
12:36:04.626 [main] DEBUG o.h.b.i.InFlightMetadataCollectorImpl - Resolving reference to class: Classes.Person
12:36:04.626 [main] DEBUG o.h.b.i.InFlightMetadataCollectorImpl - Resolving reference to class: Classes.Shop
12:36:04.626 [main] DEBUG o.h.b.i.InFlightMetadataCollectorImpl - Resolving reference to class: Classes.Ticket
12:36:04.626 [main] DEBUG o.h.b.i.InFlightMetadataCollectorImpl - Resolving reference to class: Abstract.TicketSeller
12:36:04.626 [main] DEBUG o.h.b.i.InFlightMetadataCollectorImpl - Resolving reference to class: Classes.Pass
12:36:04.627 [main] DEBUG o.h.b.i.InFlightMetadataCollectorImpl - Processing association property references
12:36:04.627 [main] DEBUG o.h.b.i.InFlightMetadataCollectorImpl - Resolving reference to class: Classes.Card
12:36:04.627 [main] DEBUG o.h.b.i.InFlightMetadataCollectorImpl - Resolving reference to class: Abstract.TicketSeller
12:36:04.627 [main] DEBUG o.h.b.i.InFlightMetadataCollectorImpl - Resolving reference to class: Classes.Person
12:36:04.627 [main] DEBUG o.h.b.i.InFlightMetadataCollectorImpl - Resolving reference to class: Abstract.TicketSeller
12:36:04.627 [main] DEBUG o.h.b.i.InFlightMetadataCollectorImpl - Resolving reference to class: Classes.Person
12:36:04.628 [main] DEBUG o.h.b.i.InFlightMetadataCollectorImpl - Resolving reference to class: Classes.Shop
12:36:04.628 [main] DEBUG o.h.b.i.InFlightMetadataCollectorImpl - Resolving reference to class: Classes.Ticket
12:36:04.628 [main] DEBUG o.h.b.i.InFlightMetadataCollectorImpl - Resolving reference to class: Abstract.TicketSeller
12:36:04.628 [main] DEBUG o.h.b.i.InFlightMetadataCollectorImpl - Resolving reference to class: Classes.Pass
12:36:04.655 [main] DEBUG o.h.internal.SessionFactoryImpl - Building session factory
12:36:04.655 [main] DEBUG org.hibernate.cfg.Settings - SessionFactory name : null
12:36:04.656 [main] DEBUG org.hibernate.cfg.Settings - Automatic flush during beforeCompletion(): enabled
12:36:04.656 [main] DEBUG org.hibernate.cfg.Settings - Automatic session close at end of transaction: disabled
12:36:04.656 [main] DEBUG org.hibernate.cfg.Settings - Statistics: disabled
12:36:04.656 [main] DEBUG org.hibernate.cfg.Settings - Deleted entity synthetic identifier rollback: disabled
12:36:04.656 [main] DEBUG org.hibernate.cfg.Settings - Default entity-mode: pojo
12:36:04.656 [main] DEBUG org.hibernate.cfg.Settings - Check Nullability in Core (should be disabled when Bean Validation is on): enabled
12:36:04.656 [main] DEBUG org.hibernate.cfg.Settings - Allow initialization of lazy state outside session : disabled
12:36:04.656 [main] DEBUG org.hibernate.cfg.Settings - Using BatchFetchStyle : LEGACY
12:36:04.656 [main] DEBUG org.hibernate.cfg.Settings - Default batch fetch size: -1
12:36:04.656 [main] DEBUG org.hibernate.cfg.Settings - Maximum outer join fetch depth: null
12:36:04.656 [main] DEBUG org.hibernate.cfg.Settings - Default null ordering: NONE
12:36:04.656 [main] DEBUG org.hibernate.cfg.Settings - Order SQL updates by primary key: disabled
12:36:04.656 [main] DEBUG org.hibernate.cfg.Settings - Order SQL inserts for batching: disabled
12:36:04.656 [main] DEBUG org.hibernate.cfg.Settings - multi-tenancy strategy : NONE
12:36:04.656 [main] DEBUG org.hibernate.cfg.Settings - JTA Track by Thread: enabled
12:36:04.656 [main] DEBUG org.hibernate.cfg.Settings - Query language substitutions: {}
12:36:04.656 [main] DEBUG org.hibernate.cfg.Settings - Named query checking : enabled
12:36:04.656 [main] DEBUG org.hibernate.cfg.Settings - Second-level cache: disabled
12:36:04.656 [main] DEBUG org.hibernate.cfg.Settings - Second-level query cache: disabled
12:36:04.656 [main] DEBUG org.hibernate.cfg.Settings - Second-level query cache factory: null
12:36:04.656 [main] DEBUG org.hibernate.cfg.Settings - Second-level cache region prefix: null
12:36:04.656 [main] DEBUG org.hibernate.cfg.Settings - Optimize second-level cache for minimal puts: disabled
12:36:04.656 [main] DEBUG org.hibernate.cfg.Settings - Structured second-level cache entries: disabled
12:36:04.656 [main] DEBUG org.hibernate.cfg.Settings - Second-level cache direct-reference entries: disabled
12:36:04.656 [main] DEBUG org.hibernate.cfg.Settings - Automatic eviction of collection cache: disabled
12:36:04.656 [main] DEBUG org.hibernate.cfg.Settings - JDBC batch size: 15
12:36:04.656 [main] DEBUG org.hibernate.cfg.Settings - JDBC batch updates for versioned data: enabled
12:36:04.657 [main] DEBUG org.hibernate.cfg.Settings - Scrollable result sets: enabled
12:36:04.657 [main] DEBUG org.hibernate.cfg.Settings - Wrap result sets: disabled
12:36:04.657 [main] DEBUG org.hibernate.cfg.Settings - JDBC3 getGeneratedKeys(): enabled
12:36:04.657 [main] DEBUG org.hibernate.cfg.Settings - JDBC result set fetch size: null
12:36:04.657 [main] DEBUG org.hibernate.cfg.Settings - Connection release mode: AFTER_TRANSACTION
12:36:04.657 [main] DEBUG org.hibernate.cfg.Settings - Generate SQL with comments: disabled
12:36:04.657 [main] DEBUG org.hibernate.cfg.Settings - JPA compliance - query : disabled
12:36:04.657 [main] DEBUG org.hibernate.cfg.Settings - JPA compliance - closed-handling : disabled
12:36:04.657 [main] DEBUG org.hibernate.cfg.Settings - JPA compliance - lists : disabled
12:36:04.657 [main] DEBUG org.hibernate.cfg.Settings - JPA compliance - transactions : disabled
12:36:04.663 [main] DEBUG o.h.b.internal.ClassLoaderAccessImpl - Not known whether passed class name [Classes.Pass] is safe
12:36:04.663 [main] DEBUG o.h.b.internal.ClassLoaderAccessImpl - No temp ClassLoader provided; using live ClassLoader for loading potentially unsafe class : Classes.Pass
12:36:04.663 [main] DEBUG o.h.b.internal.ClassLoaderAccessImpl - Not known whether passed class name [Classes.Shop] is safe
12:36:04.663 [main] DEBUG o.h.b.internal.ClassLoaderAccessImpl - No temp ClassLoader provided; using live ClassLoader for loading potentially unsafe class : Classes.Shop
12:36:04.663 [main] DEBUG o.h.b.internal.ClassLoaderAccessImpl - Not known whether passed class name [Classes.VendingMachine] is safe
12:36:04.663 [main] DEBUG o.h.b.internal.ClassLoaderAccessImpl - No temp ClassLoader provided; using live ClassLoader for loading potentially unsafe class : Classes.VendingMachine
12:36:04.690 [main] DEBUG o.h.s.i.SessionFactoryServiceRegistryImpl - EventListenerRegistry access via ServiceRegistry is deprecated.  Use `sessionFactory.getEventEngine().getListenerRegistry()` instead
12:36:04.691 [main] DEBUG o.h.s.i.SessionFactoryServiceRegistryImpl - EventListenerRegistry access via ServiceRegistry is deprecated.  Use `sessionFactory.getEventEngine().getListenerRegistry()` instead
12:36:04.700 [main] DEBUG o.h.internal.SessionFactoryImpl - Session factory constructed with filter configurations : {}
12:36:04.700 [main] DEBUG o.h.internal.SessionFactoryImpl - Instantiating session factory with properties: {java.specification.version=17, sun.cpu.isalist=amd64, sun.jnu.encoding=Cp1252, hibernate.dialect=org.hibernate.dialect.PostgreSQLDialect, java.class.path=C:\Users\total\Desktop\All\Epicode\fs0223-Luca-Sernicola-BackEnd\BuildWeek_4\target\classes;C:\Users\total\.m2\repository\ch\qos\logback\logback-classic\1.4.8\logback-classic-1.4.8.jar;C:\Users\total\.m2\repository\ch\qos\logback\logback-core\1.4.8\logback-core-1.4.8.jar;C:\Users\total\.m2\repository\org\slf4j\slf4j-api\2.0.7\slf4j-api-2.0.7.jar;C:\Users\total\.m2\repository\commons-io\commons-io\2.13.0\commons-io-2.13.0.jar;C:\Users\total\.m2\repository\org\postgresql\postgresql\42.6.0\postgresql-42.6.0.jar;C:\Users\total\.m2\repository\org\checkerframework\checker-qual\3.31.0\checker-qual-3.31.0.jar;C:\Users\total\.m2\repository\org\hibernate\hibernate-core\5.6.15.Final\hibernate-core-5.6.15.Final.jar;C:\Users\total\.m2\repository\org\jboss\logging\jboss-logging\3.4.3.Final\jboss-logging-3.4.3.Final.jar;C:\Users\total\.m2\repository\javax\persistence\javax.persistence-api\2.2\javax.persistence-api-2.2.jar;C:\Users\total\.m2\repository\net\bytebuddy\byte-buddy\1.12.18\byte-buddy-1.12.18.jar;C:\Users\total\.m2\repository\antlr\antlr\2.7.7\antlr-2.7.7.jar;C:\Users\total\.m2\repository\org\jboss\spec\javax\transaction\jboss-transaction-api_1.2_spec\1.1.1.Final\jboss-transaction-api_1.2_spec-1.1.1.Final.jar;C:\Users\total\.m2\repository\org\jboss\jandex\2.4.2.Final\jandex-2.4.2.Final.jar;C:\Users\total\.m2\repository\com\fasterxml\classmate\1.5.1\classmate-1.5.1.jar;C:\Users\total\.m2\repository\javax\activation\javax.activation-api\1.2.0\javax.activation-api-1.2.0.jar;C:\Users\total\.m2\repository\org\hibernate\common\hibernate-commons-annotations\5.1.2.Final\hibernate-commons-annotations-5.1.2.Final.jar;C:\Users\total\.m2\repository\javax\xml\bind\jaxb-api\2.3.1\jaxb-api-2.3.1.jar;C:\Users\total\.m2\repository\org\glassfish\jaxb\jaxb-runtime\2.3.1\jaxb-runtime-2.3.1.jar;C:\Users\total\.m2\repository\org\glassfish\jaxb\txw2\2.3.1\txw2-2.3.1.jar;C:\Users\total\.m2\repository\com\sun\istack\istack-commons-runtime\3.0.7\istack-commons-runtime-3.0.7.jar;C:\Users\total\.m2\repository\org\jvnet\staxex\stax-ex\1.8\stax-ex-1.8.jar;C:\Users\total\.m2\repository\com\sun\xml\fastinfoset\FastInfoset\1.2.15\FastInfoset-1.2.15.jar;C:\Users\total\Desktop\All\Epicode\fs0223-Luca-Sernicola-BackEnd\Homework_W3_D3\target\classes, java.vm.vendor=Eclipse Adoptium, sun.arch.data.model=64, user.variant=, java.vendor.url=https://adoptium.net/, user.timezone=Europe/Rome, javax.persistence.jdbc.url=jdbc:postgresql://localhost:5432/BuildWeek, javax.persistence.jdbc.user=****, java.vm.specification.version=17, os.name=Windows 11, jakarta.persistence.jdbc.password=****, sun.java.launcher=SUN_STANDARD, user.country=US, local.setting.IS_JTA_TXN_COORD=false, sun.boot.library.path=C:\Users\total\.p2\pool\plugins\org.eclipse.justj.openjdk.hotspot.jre.full.win32.x86_64_17.0.7.v20230425-1502\jre\bin, sun.java.command=MainClass.MainClass, jdk.debug=release, jakarta.persistence.jdbc.driver=org.postgresql.Driver, sun.cpu.endian=little, user.home=C:\Users\total, user.language=en, java.specification.vendor=Oracle Corporation, java.version.date=2023-04-18, java.home=C:\Users\total\.p2\pool\plugins\org.eclipse.justj.openjdk.hotspot.jre.full.win32.x86_64_17.0.7.v20230425-1502\jre, file.separator=\, java.vm.compressedOopsMode=Zero based, jakarta.persistence.jdbc.user=****, line.separator=
, hibernate.persistenceUnitName=BuildWeek_4, java.vm.specification.vendor=Oracle Corporation, java.specification.name=Java Platform API Specification, hibernate.transaction.coordinator_class=class org.hibernate.resource.transaction.backend.jdbc.internal.JdbcResourceLocalTransactionCoordinatorBuilderImpl, javax.persistence.jdbc.driver=org.postgresql.Driver, hibernate.hbm2ddl.auto=update, user.script=, sun.management.compiler=HotSpot 64-Bit Tiered Compilers, java.runtime.version=17.0.7+7, user.name=total, path.separator=;, hibernate.connection.username=****, os.version=10.0, java.runtime.name=OpenJDK Runtime Environment, hibernate.connection.url=jdbc:postgresql://localhost:5432/BuildWeek, file.encoding=UTF-8, hibernate.ejb.persistenceUnitName=BuildWeek_4, java.vm.name=OpenJDK 64-Bit Server VM, java.vendor.version=Temurin-17.0.7+7, hibernate.connection.driver_class=org.postgresql.Driver, java.vendor.url.bug=https://github.com/adoptium/adoptium-support/issues, java.io.tmpdir=C:\Users\total\AppData\Local\Temp\, java.version=17.0.7, user.dir=C:\Users\total\Desktop\All\Epicode\fs0223-Luca-Sernicola-BackEnd\BuildWeek_4, os.arch=amd64, java.vm.specification.name=Java Virtual Machine Specification, hibernate.connection.password=****, sun.os.patch.level=, jakarta.persistence.jdbc.url=jdbc:postgresql://localhost:5432/BuildWeek, hibernate.boot.CfgXmlAccessService.key=org.hibernate.boot.registry.StandardServiceRegistryBuilder$1@12968227, native.encoding=Cp1252, java.library.path=C:\Users\total\.p2\pool\plugins\org.eclipse.justj.openjdk.hotspot.jre.full.win32.x86_64_17.0.7.v20230425-1502\jre\bin;C:\windows\Sun\Java\bin;C:\windows\system32;C:\windows;C:/Users/total/.p2/pool/plugins/org.eclipse.justj.openjdk.hotspot.jre.full.win32.x86_64_17.0.7.v20230425-1502/jre/bin/server;C:/Users/total/.p2/pool/plugins/org.eclipse.justj.openjdk.hotspot.jre.full.win32.x86_64_17.0.7.v20230425-1502/jre/bin;C:\Program Files\Eclipse Adoptium\jdk-17.0.7.7-hotspot\bin;C:\Program Files (x86)\NVIDIA Corporation\PhysX\Common;C:\windows\system32;C:\windows;C:\windows\System32\Wbem;C:\windows\System32\WindowsPowerShell\v1.0\;C:\windows\System32\OpenSSH\;C:\Program Files\Git\cmd;C:\Program Files\nodejs\;C:\Users\total\AppData\Local\Microsoft\WindowsApps;C:\Users\total\AppData\Local\Programs\Microsoft VS Code\bin;C:\Users\total\AppData\Roaming\npm;C:\Users\total\AppData\Local\GitHubDesktop\bin;C:\windows\System32;;., java.vendor=Eclipse Adoptium, java.vm.info=mixed mode, java.vm.version=17.0.7+7, hibernate.bytecode.use_reflection_optimizer=false, sun.io.unicode.encoding=UnicodeLittle, javax.persistence.jdbc.password=****, java.class.version=61.0}
12:36:04.713 [main] DEBUG o.h.secure.spi.JaccIntegrator - Skipping JACC integration as it was not enabled
12:36:04.716 [main] DEBUG org.hibernate.type.EnumType - Using ORDINAL-based conversion for Enum Enums.Validity
12:36:04.717 [main] DEBUG o.h.internal.SessionFactoryImpl - Instantiated session factory
12:36:04.717 [main] DEBUG o.h.type.spi.TypeConfiguration$Scope - Scoping TypeConfiguration [org.hibernate.type.spi.TypeConfiguration@4aac85fa] to SessionFactoryImpl [org.hibernate.internal.SessionFactoryImpl@524a2ffb]
12:36:04.754 [main] DEBUG o.h.b.internal.ClassLoaderAccessImpl - Not known whether passed class name [Abstract.TicketSeller] is safe
12:36:04.754 [main] DEBUG o.h.b.internal.ClassLoaderAccessImpl - No temp ClassLoader provided; using live ClassLoader for loading potentially unsafe class : Abstract.TicketSeller
12:36:04.756 [main] DEBUG o.h.b.internal.ClassLoaderAccessImpl - Not known whether passed class name [Classes.Shop] is safe
12:36:04.756 [main] DEBUG o.h.b.internal.ClassLoaderAccessImpl - No temp ClassLoader provided; using live ClassLoader for loading potentially unsafe class : Classes.Shop
12:36:04.756 [main] DEBUG o.h.b.internal.ClassLoaderAccessImpl - Not known whether passed class name [Classes.VendingMachine] is safe
12:36:04.756 [main] DEBUG o.h.b.internal.ClassLoaderAccessImpl - No temp ClassLoader provided; using live ClassLoader for loading potentially unsafe class : Classes.VendingMachine
12:36:04.869 [main] DEBUG o.hibernate.orm.bytecode.interceptor - To-one property `Classes.Card#person` was mapped with LAZY + NO_PROXY but the class was not enhanced
12:36:04.869 [main] DEBUG o.hibernate.orm.bytecode.interceptor - To-one property `Classes.Card#person` was mapped with LAZY + NO_PROXY but the class was not enhanced
12:36:04.869 [main] DEBUG o.h.b.internal.ClassLoaderAccessImpl - Not known whether passed class name [Classes.Card] is safe
12:36:04.869 [main] DEBUG o.h.b.internal.ClassLoaderAccessImpl - No temp ClassLoader provided; using live ClassLoader for loading potentially unsafe class : Classes.Card
12:36:04.878 [main] DEBUG o.hibernate.orm.bytecode.interceptor - To-one property `Classes.Card#person` was mapped with LAZY + NO_PROXY but the class was not enhanced
12:36:04.878 [main] DEBUG o.hibernate.orm.bytecode.interceptor - To-one property `Classes.Card#person` was mapped with LAZY + NO_PROXY but the class was not enhanced
12:36:04.878 [main] DEBUG o.hibernate.orm.bytecode.interceptor - To-one property `Classes.Person#cardNum` was mapped with LAZY + NO_PROXY but the class was not enhanced
12:36:04.878 [main] DEBUG o.hibernate.orm.bytecode.interceptor - To-one property `Classes.Person#cardNum` was mapped with LAZY + NO_PROXY but the class was not enhanced
12:36:04.878 [main] DEBUG o.h.b.internal.ClassLoaderAccessImpl - Not known whether passed class name [Classes.Person] is safe
12:36:04.878 [main] DEBUG o.h.b.internal.ClassLoaderAccessImpl - No temp ClassLoader provided; using live ClassLoader for loading potentially unsafe class : Classes.Person
12:36:04.885 [main] DEBUG o.hibernate.orm.bytecode.interceptor - To-one property `Classes.Person#cardNum` was mapped with LAZY + NO_PROXY but the class was not enhanced
12:36:04.885 [main] DEBUG o.hibernate.orm.bytecode.interceptor - To-one property `Classes.Person#cardNum` was mapped with LAZY + NO_PROXY but the class was not enhanced
12:36:04.885 [main] DEBUG o.hibernate.orm.bytecode.interceptor - To-one property `Classes.Ticket#seller` was mapped with LAZY + NO_PROXY but the class was not enhanced
12:36:04.885 [main] DEBUG o.hibernate.orm.bytecode.interceptor - To-one property `Classes.Ticket#seller` was mapped with LAZY + NO_PROXY but the class was not enhanced
12:36:04.885 [main] DEBUG o.hibernate.orm.bytecode.interceptor - To-one property `Classes.Pass#person` was mapped with LAZY + NO_PROXY but the class was not enhanced
12:36:04.885 [main] DEBUG o.hibernate.orm.bytecode.interceptor - To-one property `Classes.Pass#person` was mapped with LAZY + NO_PROXY but the class was not enhanced
12:36:04.885 [main] DEBUG o.hibernate.orm.bytecode.interceptor - To-one property `Classes.Pass#sellers` was mapped with LAZY + NO_PROXY but the class was not enhanced
12:36:04.885 [main] DEBUG o.hibernate.orm.bytecode.interceptor - To-one property `Classes.Pass#sellers` was mapped with LAZY + NO_PROXY but the class was not enhanced
12:36:04.885 [main] DEBUG o.h.b.internal.ClassLoaderAccessImpl - Not known whether passed class name [Classes.Pass] is safe
12:36:04.885 [main] DEBUG o.h.b.internal.ClassLoaderAccessImpl - No temp ClassLoader provided; using live ClassLoader for loading potentially unsafe class : Classes.Pass
12:36:04.891 [main] DEBUG o.hibernate.orm.bytecode.interceptor - To-one property `Classes.Ticket#seller` was mapped with LAZY + NO_PROXY but the class was not enhanced
12:36:04.891 [main] DEBUG o.hibernate.orm.bytecode.interceptor - To-one property `Classes.Pass#person` was mapped with LAZY + NO_PROXY but the class was not enhanced
12:36:04.891 [main] DEBUG o.hibernate.orm.bytecode.interceptor - To-one property `Classes.Pass#sellers` was mapped with LAZY + NO_PROXY but the class was not enhanced
12:36:04.891 [main] DEBUG o.hibernate.orm.bytecode.interceptor - To-one property `Classes.Ticket#seller` was mapped with LAZY + NO_PROXY but the class was not enhanced
12:36:04.891 [main] DEBUG o.hibernate.orm.bytecode.interceptor - To-one property `Classes.Pass#person` was mapped with LAZY + NO_PROXY but the class was not enhanced
12:36:04.891 [main] DEBUG o.hibernate.orm.bytecode.interceptor - To-one property `Classes.Pass#sellers` was mapped with LAZY + NO_PROXY but the class was not enhanced
12:36:04.896 [main] DEBUG o.hibernate.orm.bytecode.interceptor - To-one property `Classes.Ticket#seller` was mapped with LAZY + NO_PROXY but the class was not enhanced
12:36:04.896 [main] DEBUG o.hibernate.orm.bytecode.interceptor - To-one property `Classes.Ticket#seller` was mapped with LAZY + NO_PROXY but the class was not enhanced
12:36:04.896 [main] DEBUG o.h.b.internal.ClassLoaderAccessImpl - Not known whether passed class name [Classes.Ticket] is safe
12:36:04.896 [main] DEBUG o.h.b.internal.ClassLoaderAccessImpl - No temp ClassLoader provided; using live ClassLoader for loading potentially unsafe class : Classes.Ticket
12:36:04.901 [main] DEBUG o.hibernate.orm.bytecode.interceptor - To-one property `Classes.Ticket#seller` was mapped with LAZY + NO_PROXY but the class was not enhanced
12:36:04.901 [main] DEBUG o.hibernate.orm.bytecode.interceptor - To-one property `Classes.Ticket#seller` was mapped with LAZY + NO_PROXY but the class was not enhanced
12:36:04.901 [main] DEBUG o.hibernate.orm.bytecode.interceptor - To-one property `Classes.Pass#person` was mapped with LAZY + NO_PROXY but the class was not enhanced
12:36:04.901 [main] DEBUG o.hibernate.orm.bytecode.interceptor - To-one property `Classes.Pass#sellers` was mapped with LAZY + NO_PROXY but the class was not enhanced
12:36:04.913 [main] DEBUG o.h.p.c.AbstractCollectionPersister - Static SQL for collection: Abstract.TicketSeller.tickets
12:36:04.913 [main] DEBUG o.h.p.c.AbstractCollectionPersister -  Row insert: insert into TicketSeller_Ticket (TicketSeller_id, tickets_id) values (?, ?)
12:36:04.913 [main] DEBUG o.h.p.c.AbstractCollectionPersister -  Row update: update TicketSeller_Ticket set tickets_id=? where TicketSeller_id=? and tickets_id=?
12:36:04.913 [main] DEBUG o.h.p.c.AbstractCollectionPersister -  Row delete: delete from TicketSeller_Ticket where TicketSeller_id=? and tickets_id=?
12:36:04.913 [main] DEBUG o.h.p.c.AbstractCollectionPersister -  One-shot delete: delete from TicketSeller_Ticket where TicketSeller_id=?
12:36:04.913 [main] DEBUG o.h.p.c.AbstractCollectionPersister - Static SQL for collection: Abstract.TicketSeller.passes
12:36:04.913 [main] DEBUG o.h.p.c.AbstractCollectionPersister -  Row insert: insert into TicketSeller_Ticket (TicketSeller_id, passes_id) values (?, ?)
12:36:04.913 [main] DEBUG o.h.p.c.AbstractCollectionPersister -  Row update: update TicketSeller_Ticket set passes_id=? where TicketSeller_id=? and passes_id=?
12:36:04.913 [main] DEBUG o.h.p.c.AbstractCollectionPersister -  Row delete: delete from TicketSeller_Ticket where TicketSeller_id=? and passes_id=?
12:36:04.913 [main] DEBUG o.h.p.c.AbstractCollectionPersister -  One-shot delete: delete from TicketSeller_Ticket where TicketSeller_id=?
12:36:04.913 [main] DEBUG o.h.p.c.AbstractCollectionPersister - Static SQL for collection: Classes.Shop.people
12:36:04.913 [main] DEBUG o.h.p.c.AbstractCollectionPersister -  Row insert: insert into TicketSeller_Person (Shop_id, people_id) values (?, ?)
12:36:04.913 [main] DEBUG o.h.p.c.AbstractCollectionPersister -  Row update: update TicketSeller_Person set people_id=? where Shop_id=? and people_id=?
12:36:04.913 [main] DEBUG o.h.p.c.AbstractCollectionPersister -  Row delete: delete from TicketSeller_Person where Shop_id=? and people_id=?
12:36:04.913 [main] DEBUG o.h.p.c.AbstractCollectionPersister -  One-shot delete: delete from TicketSeller_Person where Shop_id=?
12:36:04.915 [main] DEBUG o.h.p.entity.AbstractEntityPersister - Static SQL for entity: Abstract.TicketSeller
12:36:04.915 [main] DEBUG o.h.p.entity.AbstractEntityPersister -  Version select: select id from TicketSeller where id =?
12:36:04.915 [main] DEBUG o.h.p.entity.AbstractEntityPersister -  Snapshot select: select ticketsell_.id, ticketsell_.seller_name as seller_n3_3_ from TicketSeller ticketsell_ where ticketsell_.id=?
12:36:04.915 [main] DEBUG o.h.p.entity.AbstractEntityPersister -  Insert 0: insert into TicketSeller (seller_name, type, id) values (?, 'TicketSeller', ?)
12:36:04.915 [main] DEBUG o.h.p.entity.AbstractEntityPersister -  Update 0: update TicketSeller set seller_name=? where id=?
12:36:04.915 [main] DEBUG o.h.p.entity.AbstractEntityPersister -  Delete 0: delete from TicketSeller where id=?
12:36:04.927 [main] DEBUG o.h.l.p.b.i.spaces.QuerySpacesImpl - Adding QuerySpace : uid = <gen:0> -> org.hibernate.loader.plan.build.internal.spaces.EntityQuerySpaceImpl@688a2c09]
12:36:04.928 [main] DEBUG o.h.p.w.spi.MetamodelGraphWalker - Visiting attribute path : name
12:36:04.928 [main] DEBUG o.h.p.w.spi.MetamodelGraphWalker - Visiting attribute path : passes
12:36:04.929 [main] DEBUG o.h.l.p.b.i.spaces.QuerySpacesImpl - Adding QuerySpace : uid = <gen:1> -> org.hibernate.loader.plan.build.internal.spaces.CollectionQuerySpaceImpl@5eea5627]
12:36:04.930 [main] DEBUG o.h.l.p.b.i.spaces.QuerySpacesImpl - Adding QuerySpace : uid = <gen:2> -> org.hibernate.loader.plan.build.internal.spaces.EntityQuerySpaceImpl@74f827ad]
12:36:04.930 [main] DEBUG o.h.p.w.spi.MetamodelGraphWalker - Visiting attribute path : tickets
12:36:04.930 [main] DEBUG o.h.l.p.b.i.spaces.QuerySpacesImpl - Adding QuerySpace : uid = <gen:3> -> org.hibernate.loader.plan.build.internal.spaces.CollectionQuerySpaceImpl@24a2e565]
12:36:04.930 [main] DEBUG o.h.l.p.b.i.spaces.QuerySpacesImpl - Adding QuerySpace : uid = <gen:4> -> org.hibernate.loader.plan.build.internal.spaces.EntityQuerySpaceImpl@3e36b7a0]
12:36:04.930 [main] DEBUG o.h.p.w.spi.MetamodelGraphWalker - Visiting attribute path : people
12:36:04.931 [main] DEBUG o.h.l.p.b.i.spaces.QuerySpacesImpl - Adding QuerySpace : uid = <gen:5> -> org.hibernate.loader.plan.build.internal.spaces.CollectionQuerySpaceImpl@60c1663c]
12:36:04.931 [main] DEBUG o.h.l.p.b.i.spaces.QuerySpacesImpl - Adding QuerySpace : uid = <gen:6> -> org.hibernate.loader.plan.build.internal.spaces.EntityQuerySpaceImpl@f5cf29b]
12:36:04.931 [main] DEBUG o.h.p.w.spi.MetamodelGraphWalker - Visiting attribute path : isWorking
12:36:04.931 [main] DEBUG o.h.l.p.b.i.FetchStyleLoadPlanBuildingAssociationVisitationStrategy - Building LoadPlan...
12:36:04.937 [main] DEBUG o.h.l.p.e.i.LoadQueryJoinAndFetchProcessor - processing queryspace <gen:0>
12:36:04.939 [main] DEBUG o.h.l.p.b.spi.LoadPlanTreePrinter - LoadPlan(entity=Abstract.TicketSeller)
    - Returns
       - EntityReturnImpl(entity=Abstract.TicketSeller, querySpaceUid=<gen:0>, path=Abstract.TicketSeller)
          - CollectionAttributeFetchImpl(collection=Abstract.TicketSeller.passes, querySpaceUid=<gen:1>, path=Abstract.TicketSeller.passes)
             - (collection element) CollectionFetchableElementEntityGraph(entity=Classes.Pass, querySpaceUid=<gen:2>, path=Abstract.TicketSeller.passes.<elements>)
          - CollectionAttributeFetchImpl(collection=Abstract.TicketSeller.tickets, querySpaceUid=<gen:3>, path=Abstract.TicketSeller.tickets)
             - (collection element) CollectionFetchableElementEntityGraph(entity=Classes.Ticket, querySpaceUid=<gen:4>, path=Abstract.TicketSeller.tickets.<elements>)
          - CollectionAttributeFetchImpl(collection=Classes.Shop.people, querySpaceUid=<gen:5>, path=Abstract.TicketSeller.people)
             - (collection element) CollectionFetchableElementEntityGraph(entity=Classes.Person, querySpaceUid=<gen:6>, path=Abstract.TicketSeller.people.<elements>)
    - QuerySpaces
       - EntityQuerySpaceImpl(uid=<gen:0>, entity=Abstract.TicketSeller)
          - SQL table alias mapping - ticketsell0_
          - alias suffix - 0_
          - suffixed key columns - {id2_3_0_}

12:36:04.940 [main] DEBUG o.h.loader.entity.plan.EntityLoader - Static select for entity Abstract.TicketSeller [NONE]: select ticketsell0_.id as id2_3_0_, ticketsell0_.seller_name as seller_n3_3_0_, ticketsell0_.isWorking as isworkin4_3_0_, ticketsell0_.type as type1_3_0_ from TicketSeller ticketsell0_ where ticketsell0_.id=?
12:36:04.941 [main] DEBUG o.h.p.entity.AbstractEntityPersister - Static SQL for entity: Classes.Card
12:36:04.941 [main] DEBUG o.h.p.entity.AbstractEntityPersister -  Version select: select id from Card where id =?
12:36:04.941 [main] DEBUG o.h.p.entity.AbstractEntityPersister -  Snapshot select: select card_.id, card_.emissionDate as emission2_0_, card_.expirationDate as expirati3_0_ from Card card_ where card_.id=?
12:36:04.941 [main] DEBUG o.h.p.entity.AbstractEntityPersister -  Insert 0: insert into Card (emissionDate, expirationDate, id) values (?, ?, ?)
12:36:04.941 [main] DEBUG o.h.p.entity.AbstractEntityPersister -  Update 0: update Card set emissionDate=?, expirationDate=? where id=?
12:36:04.941 [main] DEBUG o.h.p.entity.AbstractEntityPersister -  Delete 0: delete from Card where id=?
12:36:04.941 [main] DEBUG o.h.p.entity.AbstractEntityPersister -  Identity insert: insert into Card (emissionDate, expirationDate) values (?, ?)
12:36:04.941 [main] DEBUG o.h.l.p.b.i.spaces.QuerySpacesImpl - Adding QuerySpace : uid = <gen:0> -> org.hibernate.loader.plan.build.internal.spaces.EntityQuerySpaceImpl@7f4701b1]
12:36:04.941 [main] DEBUG o.h.p.w.spi.MetamodelGraphWalker - Visiting attribute path : emissionDate
12:36:04.941 [main] DEBUG o.h.p.w.spi.MetamodelGraphWalker - Visiting attribute path : expirationDate
12:36:04.941 [main] DEBUG o.h.p.w.spi.MetamodelGraphWalker - Visiting attribute path : person
12:36:04.941 [main] DEBUG o.h.l.p.b.i.spaces.QuerySpacesImpl - Adding QuerySpace : uid = <gen:1> -> org.hibernate.loader.plan.build.internal.spaces.EntityQuerySpaceImpl@fb49fdf]
12:36:04.941 [main] DEBUG o.h.p.w.spi.MetamodelGraphWalker - Visiting attribute path : person.birthdate
12:36:04.941 [main] DEBUG o.h.p.w.spi.MetamodelGraphWalker - Visiting attribute path : person.cardNum
12:36:04.941 [main] DEBUG o.h.p.w.spi.MetamodelGraphWalker - Property path deemed to be circular : person.cardNum
12:36:04.942 [main] DEBUG o.h.p.w.spi.MetamodelGraphWalker - Visiting attribute path : person.firstName
12:36:04.942 [main] DEBUG o.h.p.w.spi.MetamodelGraphWalker - Visiting attribute path : person.lastName
12:36:04.942 [main] DEBUG o.h.l.p.b.i.FetchStyleLoadPlanBuildingAssociationVisitationStrategy - Building LoadPlan...
12:36:04.942 [main] DEBUG o.h.l.p.e.i.LoadQueryJoinAndFetchProcessor - processing queryspace <gen:0>
12:36:04.942 [main] DEBUG o.h.l.p.b.spi.LoadPlanTreePrinter - LoadPlan(entity=Classes.Card)
    - Returns
       - EntityReturnImpl(entity=Classes.Card, querySpaceUid=<gen:0>, path=Classes.Card)
          - EntityAttributeFetchImpl(entity=Classes.Person, querySpaceUid=<gen:1>, path=Classes.Card.person)
    - QuerySpaces
       - EntityQuerySpaceImpl(uid=<gen:0>, entity=Classes.Card)
          - SQL table alias mapping - card0_
          - alias suffix - 0_
          - suffixed key columns - {id1_0_0_}
          - JOIN (JoinDefinedByMetadata(person)) : <gen:0> -> <gen:1>
             - EntityQuerySpaceImpl(uid=<gen:1>, entity=Classes.Person)
                - SQL table alias mapping - person1_
                - alias suffix - 1_
                - suffixed key columns - {id1_1_1_}

12:36:04.942 [main] DEBUG o.h.loader.entity.plan.EntityLoader - Static select for entity Classes.Card [NONE]: select card0_.id as id1_0_0_, card0_.emissionDate as emission2_0_0_, card0_.expirationDate as expirati3_0_0_, person1_.id as id1_1_1_, person1_.birthdate as birthdat2_1_1_, person1_.cardNum_id as cardnum_5_1_1_, person1_.firstName as firstnam3_1_1_, person1_.lastName as lastname4_1_1_ from Card card0_ left outer join Person person1_ on card0_.id=person1_.cardNum_id where card0_.id=?
12:36:04.942 [main] DEBUG o.h.p.entity.AbstractEntityPersister - Static SQL for entity: Classes.Person
12:36:04.942 [main] DEBUG o.h.p.entity.AbstractEntityPersister -  Version select: select id from Person where id =?
12:36:04.942 [main] DEBUG o.h.p.entity.AbstractEntityPersister -  Snapshot select: select person_.id, person_.birthdate as birthdat2_1_, person_.cardNum_id as cardnum_5_1_, person_.firstName as firstnam3_1_, person_.lastName as lastname4_1_ from Person person_ where person_.id=?
12:36:04.942 [main] DEBUG o.h.p.entity.AbstractEntityPersister -  Insert 0: insert into Person (birthdate, cardNum_id, firstName, lastName, id) values (?, ?, ?, ?, ?)
12:36:04.942 [main] DEBUG o.h.p.entity.AbstractEntityPersister -  Update 0: update Person set birthdate=?, cardNum_id=?, firstName=?, lastName=? where id=?
12:36:04.942 [main] DEBUG o.h.p.entity.AbstractEntityPersister -  Delete 0: delete from Person where id=?
12:36:04.942 [main] DEBUG o.h.p.entity.AbstractEntityPersister -  Identity insert: insert into Person (birthdate, cardNum_id, firstName, lastName) values (?, ?, ?, ?)
12:36:04.942 [main] DEBUG o.h.l.p.b.i.spaces.QuerySpacesImpl - Adding QuerySpace : uid = <gen:0> -> org.hibernate.loader.plan.build.internal.spaces.EntityQuerySpaceImpl@35c4e864]
12:36:04.942 [main] DEBUG o.h.p.w.spi.MetamodelGraphWalker - Visiting attribute path : birthdate
12:36:04.942 [main] DEBUG o.h.p.w.spi.MetamodelGraphWalker - Visiting attribute path : cardNum
12:36:04.942 [main] DEBUG o.h.l.p.b.i.spaces.QuerySpacesImpl - Adding QuerySpace : uid = <gen:1> -> org.hibernate.loader.plan.build.internal.spaces.EntityQuerySpaceImpl@682af059]
12:36:04.943 [main] DEBUG o.h.p.w.spi.MetamodelGraphWalker - Visiting attribute path : cardNum.emissionDate
12:36:04.943 [main] DEBUG o.h.p.w.spi.MetamodelGraphWalker - Visiting attribute path : cardNum.expirationDate
12:36:04.943 [main] DEBUG o.h.p.w.spi.MetamodelGraphWalker - Visiting attribute path : cardNum.person
12:36:04.943 [main] DEBUG o.h.p.w.spi.MetamodelGraphWalker - Property path deemed to be circular : cardNum.person
12:36:04.943 [main] DEBUG o.h.p.w.spi.MetamodelGraphWalker - Visiting attribute path : firstName
12:36:04.943 [main] DEBUG o.h.p.w.spi.MetamodelGraphWalker - Visiting attribute path : lastName
12:36:04.943 [main] DEBUG o.h.l.p.b.i.FetchStyleLoadPlanBuildingAssociationVisitationStrategy - Building LoadPlan...
12:36:04.943 [main] DEBUG o.h.l.p.e.i.LoadQueryJoinAndFetchProcessor - processing queryspace <gen:0>
12:36:04.943 [main] DEBUG o.h.l.p.b.spi.LoadPlanTreePrinter - LoadPlan(entity=Classes.Person)
    - Returns
       - EntityReturnImpl(entity=Classes.Person, querySpaceUid=<gen:0>, path=Classes.Person)
          - EntityAttributeFetchImpl(entity=Classes.Card, querySpaceUid=<gen:1>, path=Classes.Person.cardNum)
    - QuerySpaces
       - EntityQuerySpaceImpl(uid=<gen:0>, entity=Classes.Person)
          - SQL table alias mapping - person0_
          - alias suffix - 0_
          - suffixed key columns - {id1_1_0_}
          - JOIN (JoinDefinedByMetadata(cardNum)) : <gen:0> -> <gen:1>
             - EntityQuerySpaceImpl(uid=<gen:1>, entity=Classes.Card)
                - SQL table alias mapping - card1_
                - alias suffix - 1_
                - suffixed key columns - {id1_0_1_}

12:36:04.943 [main] DEBUG o.h.loader.entity.plan.EntityLoader - Static select for entity Classes.Person [NONE]: select person0_.id as id1_1_0_, person0_.birthdate as birthdat2_1_0_, person0_.cardNum_id as cardnum_5_1_0_, person0_.firstName as firstnam3_1_0_, person0_.lastName as lastname4_1_0_, card1_.id as id1_0_1_, card1_.emissionDate as emission2_0_1_, card1_.expirationDate as expirati3_0_1_ from Person person0_ left outer join Card card1_ on person0_.cardNum_id=card1_.id where person0_.id=?
12:36:04.947 [main] DEBUG org.hibernate.loader.Loader - Static select for entity Classes.Person [NONE]: select person0_.id as id1_1_1_, person0_.birthdate as birthdat2_1_1_, person0_.cardNum_id as cardnum_5_1_1_, person0_.firstName as firstnam3_1_1_, person0_.lastName as lastname4_1_1_, card1_.id as id1_0_0_, card1_.emissionDate as emission2_0_0_, card1_.expirationDate as expirati3_0_0_ from Person person0_ left outer join Card card1_ on person0_.cardNum_id=card1_.id where person0_.cardNum_id=?
12:36:04.947 [main] DEBUG o.h.p.entity.AbstractEntityPersister - Static SQL for entity: Classes.Pass
12:36:04.947 [main] DEBUG o.h.p.entity.AbstractEntityPersister -  Version select: select id from Ticket where id =?
12:36:04.947 [main] DEBUG o.h.p.entity.AbstractEntityPersister -  Snapshot select: select pass_.id, pass_.seller_id as seller_i4_2_, pass_.person_id as person_i5_2_, pass_.sellers_id as sellers_6_2_, pass_.validity as validity3_2_ from Ticket pass_ where pass_.id=?
12:36:04.947 [main] DEBUG o.h.p.entity.AbstractEntityPersister -  Insert 0: insert into Ticket (seller_id, person_id, sellers_id, validity, DTYPE, id) values (?, ?, ?, ?, 'Pass', ?)
12:36:04.947 [main] DEBUG o.h.p.entity.AbstractEntityPersister -  Update 0: update Ticket set seller_id=?, person_id=?, sellers_id=?, validity=? where id=?
12:36:04.948 [main] DEBUG o.h.p.entity.AbstractEntityPersister -  Delete 0: delete from Ticket where id=?
12:36:04.948 [main] DEBUG o.h.p.entity.AbstractEntityPersister -  Identity insert: insert into Ticket (seller_id, person_id, sellers_id, validity, DTYPE) values (?, ?, ?, ?, 'Pass')
12:36:04.948 [main] DEBUG o.h.l.p.b.i.spaces.QuerySpacesImpl - Adding QuerySpace : uid = <gen:0> -> org.hibernate.loader.plan.build.internal.spaces.EntityQuerySpaceImpl@7fd987ef]
12:36:04.948 [main] DEBUG o.h.p.w.spi.MetamodelGraphWalker - Visiting attribute path : seller
12:36:04.948 [main] DEBUG o.h.l.p.b.i.spaces.QuerySpacesImpl - Adding QuerySpace : uid = <gen:1> -> org.hibernate.loader.plan.build.internal.spaces.EntityQuerySpaceImpl@5e99b9c]
12:36:04.948 [main] DEBUG o.h.p.w.spi.MetamodelGraphWalker - Visiting attribute path : seller.name
12:36:04.948 [main] DEBUG o.h.p.w.spi.MetamodelGraphWalker - Visiting attribute path : seller.passes
12:36:04.948 [main] DEBUG o.h.l.p.b.i.spaces.QuerySpacesImpl - Adding QuerySpace : uid = <gen:2> -> org.hibernate.loader.plan.build.internal.spaces.CollectionQuerySpaceImpl@1c3259fa]
12:36:04.948 [main] DEBUG o.h.l.p.b.i.spaces.QuerySpacesImpl - Adding QuerySpace : uid = <gen:3> -> org.hibernate.loader.plan.build.internal.spaces.EntityQuerySpaceImpl@217bf99e]
12:36:04.948 [main] DEBUG o.h.p.w.spi.MetamodelGraphWalker - Visiting attribute path : seller.tickets
12:36:04.948 [main] DEBUG o.h.l.p.b.i.spaces.QuerySpacesImpl - Adding QuerySpace : uid = <gen:4> -> org.hibernate.loader.plan.build.internal.spaces.CollectionQuerySpaceImpl@6807a356]
12:36:04.948 [main] DEBUG o.h.l.p.b.i.spaces.QuerySpacesImpl - Adding QuerySpace : uid = <gen:5> -> org.hibernate.loader.plan.build.internal.spaces.EntityQuerySpaceImpl@7ddd84b5]
12:36:04.948 [main] DEBUG o.h.p.w.spi.MetamodelGraphWalker - Visiting attribute path : seller.people
12:36:04.948 [main] DEBUG o.h.l.p.b.i.spaces.QuerySpacesImpl - Adding QuerySpace : uid = <gen:6> -> org.hibernate.loader.plan.build.internal.spaces.CollectionQuerySpaceImpl@73aeef7d]
12:36:04.948 [main] DEBUG o.h.l.p.b.i.spaces.QuerySpacesImpl - Adding QuerySpace : uid = <gen:7> -> org.hibernate.loader.plan.build.internal.spaces.EntityQuerySpaceImpl@d675f9f]
12:36:04.948 [main] DEBUG o.h.p.w.spi.MetamodelGraphWalker - Visiting attribute path : seller.isWorking
12:36:04.948 [main] DEBUG o.h.p.w.spi.MetamodelGraphWalker - Visiting attribute path : person
12:36:04.948 [main] DEBUG o.h.l.p.b.i.spaces.QuerySpacesImpl - Adding QuerySpace : uid = <gen:8> -> org.hibernate.loader.plan.build.internal.spaces.EntityQuerySpaceImpl@58af5076]
12:36:04.948 [main] DEBUG o.h.p.w.spi.MetamodelGraphWalker - Visiting attribute path : person.birthdate
12:36:04.948 [main] DEBUG o.h.p.w.spi.MetamodelGraphWalker - Visiting attribute path : person.cardNum
12:36:04.948 [main] DEBUG o.h.l.p.b.i.spaces.QuerySpacesImpl - Adding QuerySpace : uid = <gen:9> -> org.hibernate.loader.plan.build.internal.spaces.EntityQuerySpaceImpl@4d9754a8]
12:36:04.948 [main] DEBUG o.h.p.w.spi.MetamodelGraphWalker - Visiting attribute path : person.cardNum.emissionDate
12:36:04.948 [main] DEBUG o.h.p.w.spi.MetamodelGraphWalker - Visiting attribute path : person.cardNum.expirationDate
12:36:04.948 [main] DEBUG o.h.p.w.spi.MetamodelGraphWalker - Visiting attribute path : person.cardNum.person
12:36:04.948 [main] DEBUG o.h.p.w.spi.MetamodelGraphWalker - Property path deemed to be circular : person.cardNum.person
12:36:04.948 [main] DEBUG o.h.p.w.spi.MetamodelGraphWalker - Visiting attribute path : person.firstName
12:36:04.948 [main] DEBUG o.h.p.w.spi.MetamodelGraphWalker - Visiting attribute path : person.lastName
12:36:04.948 [main] DEBUG o.h.p.w.spi.MetamodelGraphWalker - Visiting attribute path : sellers
12:36:04.948 [main] DEBUG o.h.l.p.b.i.spaces.QuerySpacesImpl - Adding QuerySpace : uid = <gen:10> -> org.hibernate.loader.plan.build.internal.spaces.EntityQuerySpaceImpl@58b5a2f3]
12:36:04.948 [main] DEBUG o.h.p.w.spi.MetamodelGraphWalker - Visiting attribute path : sellers.name
12:36:04.948 [main] DEBUG o.h.p.w.spi.MetamodelGraphWalker - Visiting attribute path : sellers.passes
12:36:04.948 [main] DEBUG o.h.l.p.b.i.spaces.QuerySpacesImpl - Adding QuerySpace : uid = <gen:11> -> org.hibernate.loader.plan.build.internal.spaces.CollectionQuerySpaceImpl@52b46d52]
12:36:04.949 [main] DEBUG o.h.l.p.b.i.spaces.QuerySpacesImpl - Adding QuerySpace : uid = <gen:12> -> org.hibernate.loader.plan.build.internal.spaces.EntityQuerySpaceImpl@7327a447]
12:36:04.949 [main] DEBUG o.h.p.w.spi.MetamodelGraphWalker - Visiting attribute path : sellers.tickets
12:36:04.949 [main] DEBUG o.h.l.p.b.i.spaces.QuerySpacesImpl - Adding QuerySpace : uid = <gen:13> -> org.hibernate.loader.plan.build.internal.spaces.CollectionQuerySpaceImpl@67022ea]
12:36:04.949 [main] DEBUG o.h.l.p.b.i.spaces.QuerySpacesImpl - Adding QuerySpace : uid = <gen:14> -> org.hibernate.loader.plan.build.internal.spaces.EntityQuerySpaceImpl@2954f6ab]
12:36:04.949 [main] DEBUG o.h.p.w.spi.MetamodelGraphWalker - Visiting attribute path : sellers.people
12:36:04.949 [main] DEBUG o.h.l.p.b.i.spaces.QuerySpacesImpl - Adding QuerySpace : uid = <gen:15> -> org.hibernate.loader.plan.build.internal.spaces.CollectionQuerySpaceImpl@58fbd02e]
12:36:04.949 [main] DEBUG o.h.l.p.b.i.spaces.QuerySpacesImpl - Adding QuerySpace : uid = <gen:16> -> org.hibernate.loader.plan.build.internal.spaces.EntityQuerySpaceImpl@163042ea]
12:36:04.949 [main] DEBUG o.h.p.w.spi.MetamodelGraphWalker - Visiting attribute path : sellers.isWorking
12:36:04.949 [main] DEBUG o.h.p.w.spi.MetamodelGraphWalker - Visiting attribute path : validity
12:36:04.949 [main] DEBUG o.h.l.p.b.i.FetchStyleLoadPlanBuildingAssociationVisitationStrategy - Building LoadPlan...
12:36:04.949 [main] DEBUG o.h.l.p.e.i.LoadQueryJoinAndFetchProcessor - processing queryspace <gen:0>
12:36:04.949 [main] DEBUG o.h.l.p.b.spi.LoadPlanTreePrinter - LoadPlan(entity=Classes.Pass)
    - Returns
       - EntityReturnImpl(entity=Classes.Pass, querySpaceUid=<gen:0>, path=Classes.Pass)
          - EntityAttributeFetchImpl(entity=Abstract.TicketSeller, querySpaceUid=<gen:1>, path=Classes.Pass.seller)
             - CollectionAttributeFetchImpl(collection=Abstract.TicketSeller.passes, querySpaceUid=<gen:2>, path=Classes.Pass.seller.passes)
                - (collection element) CollectionFetchableElementEntityGraph(entity=Classes.Pass, querySpaceUid=<gen:3>, path=Classes.Pass.seller.passes.<elements>)
             - CollectionAttributeFetchImpl(collection=Abstract.TicketSeller.tickets, querySpaceUid=<gen:4>, path=Classes.Pass.seller.tickets)
                - (collection element) CollectionFetchableElementEntityGraph(entity=Classes.Ticket, querySpaceUid=<gen:5>, path=Classes.Pass.seller.tickets.<elements>)
             - CollectionAttributeFetchImpl(collection=Classes.Shop.people, querySpaceUid=<gen:6>, path=Classes.Pass.seller.people)
                - (collection element) CollectionFetchableElementEntityGraph(entity=Classes.Person, querySpaceUid=<gen:7>, path=Classes.Pass.seller.people.<elements>)
          - EntityAttributeFetchImpl(entity=Classes.Person, querySpaceUid=<gen:8>, path=Classes.Pass.person)
             - EntityAttributeFetchImpl(entity=Classes.Card, querySpaceUid=<gen:9>, path=Classes.Pass.person.cardNum)
          - EntityAttributeFetchImpl(entity=Abstract.TicketSeller, querySpaceUid=<gen:10>, path=Classes.Pass.sellers)
             - CollectionAttributeFetchImpl(collection=Abstract.TicketSeller.passes, querySpaceUid=<gen:11>, path=Classes.Pass.sellers.passes)
                - (collection element) CollectionFetchableElementEntityGraph(entity=Classes.Pass, querySpaceUid=<gen:12>, path=Classes.Pass.sellers.passes.<elements>)
             - CollectionAttributeFetchImpl(collection=Abstract.TicketSeller.tickets, querySpaceUid=<gen:13>, path=Classes.Pass.sellers.tickets)
                - (collection element) CollectionFetchableElementEntityGraph(entity=Classes.Ticket, querySpaceUid=<gen:14>, path=Classes.Pass.sellers.tickets.<elements>)
             - CollectionAttributeFetchImpl(collection=Classes.Shop.people, querySpaceUid=<gen:15>, path=Classes.Pass.sellers.people)
                - (collection element) CollectionFetchableElementEntityGraph(entity=Classes.Person, querySpaceUid=<gen:16>, path=Classes.Pass.sellers.people.<elements>)
    - QuerySpaces
       - EntityQuerySpaceImpl(uid=<gen:0>, entity=Classes.Pass)
          - SQL table alias mapping - pass0_
          - alias suffix - 0_
          - suffixed key columns - {id2_2_0_}
          - JOIN (JoinDefinedByMetadata(seller)) : <gen:0> -> <gen:1>
             - EntityQuerySpaceImpl(uid=<gen:1>, entity=Abstract.TicketSeller)
                - SQL table alias mapping - ticketsell1_
                - alias suffix - 1_
                - suffixed key columns - {id2_3_1_}
          - JOIN (JoinDefinedByMetadata(person)) : <gen:0> -> <gen:8>
             - EntityQuerySpaceImpl(uid=<gen:8>, entity=Classes.Person)
                - SQL table alias mapping - person2_
                - alias suffix - 2_
                - suffixed key columns - {id1_1_2_}
                - JOIN (JoinDefinedByMetadata(cardNum)) : <gen:8> -> <gen:9>
                   - EntityQuerySpaceImpl(uid=<gen:9>, entity=Classes.Card)
                      - SQL table alias mapping - card3_
                      - alias suffix - 3_
                      - suffixed key columns - {id1_0_3_}
          - JOIN (JoinDefinedByMetadata(sellers)) : <gen:0> -> <gen:10>
             - EntityQuerySpaceImpl(uid=<gen:10>, entity=Abstract.TicketSeller)
                - SQL table alias mapping - ticketsell4_
                - alias suffix - 4_
                - suffixed key columns - {id2_3_4_}

12:36:04.949 [main] DEBUG o.h.loader.entity.plan.EntityLoader - Static select for entity Classes.Pass [NONE]: select pass0_.id as id2_2_0_, pass0_.seller_id as seller_i4_2_0_, pass0_.person_id as person_i5_2_0_, pass0_.sellers_id as sellers_6_2_0_, pass0_.validity as validity3_2_0_, ticketsell1_.id as id2_3_1_, ticketsell1_.seller_name as seller_n3_3_1_, ticketsell1_.isWorking as isworkin4_3_1_, ticketsell1_.type as type1_3_1_, person2_.id as id1_1_2_, person2_.birthdate as birthdat2_1_2_, person2_.cardNum_id as cardnum_5_1_2_, person2_.firstName as firstnam3_1_2_, person2_.lastName as lastname4_1_2_, card3_.id as id1_0_3_, card3_.emissionDate as emission2_0_3_, card3_.expirationDate as expirati3_0_3_, ticketsell4_.id as id2_3_4_, ticketsell4_.seller_name as seller_n3_3_4_, ticketsell4_.isWorking as isworkin4_3_4_, ticketsell4_.type as type1_3_4_ from Ticket pass0_ left outer join TicketSeller ticketsell1_ on pass0_.seller_id=ticketsell1_.id left outer join Person person2_ on pass0_.person_id=person2_.id left outer join Card card3_ on person2_.cardNum_id=card3_.id left outer join TicketSeller ticketsell4_ on pass0_.sellers_id=ticketsell4_.id where pass0_.id=? and pass0_.DTYPE='Pass'
12:36:04.950 [main] DEBUG o.h.p.entity.AbstractEntityPersister - Static SQL for entity: Classes.Shop
12:36:04.950 [main] DEBUG o.h.p.entity.AbstractEntityPersister -  Version select: select id from TicketSeller where id =?
12:36:04.950 [main] DEBUG o.h.p.entity.AbstractEntityPersister -  Snapshot select: select shop_.id, shop_.seller_name as seller_n3_3_ from TicketSeller shop_ where shop_.id=?
12:36:04.950 [main] DEBUG o.h.p.entity.AbstractEntityPersister -  Insert 0: insert into TicketSeller (seller_name, type, id) values (?, 'shop', ?)
12:36:04.950 [main] DEBUG o.h.p.entity.AbstractEntityPersister -  Update 0: update TicketSeller set seller_name=? where id=?
12:36:04.950 [main] DEBUG o.h.p.entity.AbstractEntityPersister -  Delete 0: delete from TicketSeller where id=?
12:36:04.950 [main] DEBUG o.h.l.p.b.i.spaces.QuerySpacesImpl - Adding QuerySpace : uid = <gen:0> -> org.hibernate.loader.plan.build.internal.spaces.EntityQuerySpaceImpl@11d045b4]
12:36:04.950 [main] DEBUG o.h.p.w.spi.MetamodelGraphWalker - Visiting attribute path : name
12:36:04.950 [main] DEBUG o.h.p.w.spi.MetamodelGraphWalker - Visiting attribute path : passes
12:36:04.950 [main] DEBUG o.h.l.p.b.i.spaces.QuerySpacesImpl - Adding QuerySpace : uid = <gen:1> -> org.hibernate.loader.plan.build.internal.spaces.CollectionQuerySpaceImpl@1943c1f2]
12:36:04.950 [main] DEBUG o.h.l.p.b.i.spaces.QuerySpacesImpl - Adding QuerySpace : uid = <gen:2> -> org.hibernate.loader.plan.build.internal.spaces.EntityQuerySpaceImpl@d70f722]
12:36:04.950 [main] DEBUG o.h.p.w.spi.MetamodelGraphWalker - Visiting attribute path : tickets
12:36:04.950 [main] DEBUG o.h.l.p.b.i.spaces.QuerySpacesImpl - Adding QuerySpace : uid = <gen:3> -> org.hibernate.loader.plan.build.internal.spaces.CollectionQuerySpaceImpl@1e1eeedd]
12:36:04.950 [main] DEBUG o.h.l.p.b.i.spaces.QuerySpacesImpl - Adding QuerySpace : uid = <gen:4> -> org.hibernate.loader.plan.build.internal.spaces.EntityQuerySpaceImpl@798256c5]
12:36:04.950 [main] DEBUG o.h.p.w.spi.MetamodelGraphWalker - Visiting attribute path : people
12:36:04.950 [main] DEBUG o.h.l.p.b.i.spaces.QuerySpacesImpl - Adding QuerySpace : uid = <gen:5> -> org.hibernate.loader.plan.build.internal.spaces.CollectionQuerySpaceImpl@7ec95456]
12:36:04.950 [main] DEBUG o.h.l.p.b.i.spaces.QuerySpacesImpl - Adding QuerySpace : uid = <gen:6> -> org.hibernate.loader.plan.build.internal.spaces.EntityQuerySpaceImpl@748a654a]
12:36:04.950 [main] DEBUG o.h.l.p.b.i.FetchStyleLoadPlanBuildingAssociationVisitationStrategy - Building LoadPlan...
12:36:04.950 [main] DEBUG o.h.l.p.e.i.LoadQueryJoinAndFetchProcessor - processing queryspace <gen:0>
12:36:04.950 [main] DEBUG o.h.l.p.b.spi.LoadPlanTreePrinter - LoadPlan(entity=Classes.Shop)
    - Returns
       - EntityReturnImpl(entity=Classes.Shop, querySpaceUid=<gen:0>, path=Classes.Shop)
          - CollectionAttributeFetchImpl(collection=Abstract.TicketSeller.passes, querySpaceUid=<gen:1>, path=Classes.Shop.passes)
             - (collection element) CollectionFetchableElementEntityGraph(entity=Classes.Pass, querySpaceUid=<gen:2>, path=Classes.Shop.passes.<elements>)
          - CollectionAttributeFetchImpl(collection=Abstract.TicketSeller.tickets, querySpaceUid=<gen:3>, path=Classes.Shop.tickets)
             - (collection element) CollectionFetchableElementEntityGraph(entity=Classes.Ticket, querySpaceUid=<gen:4>, path=Classes.Shop.tickets.<elements>)
          - CollectionAttributeFetchImpl(collection=Classes.Shop.people, querySpaceUid=<gen:5>, path=Classes.Shop.people)
             - (collection element) CollectionFetchableElementEntityGraph(entity=Classes.Person, querySpaceUid=<gen:6>, path=Classes.Shop.people.<elements>)
    - QuerySpaces
       - EntityQuerySpaceImpl(uid=<gen:0>, entity=Classes.Shop)
          - SQL table alias mapping - shop0_
          - alias suffix - 0_
          - suffixed key columns - {id2_3_0_}

12:36:04.950 [main] DEBUG o.h.loader.entity.plan.EntityLoader - Static select for entity Classes.Shop [NONE]: select shop0_.id as id2_3_0_, shop0_.seller_name as seller_n3_3_0_ from TicketSeller shop0_ where shop0_.id=? and shop0_.type='shop'
12:36:04.950 [main] DEBUG o.h.p.entity.AbstractEntityPersister - Static SQL for entity: Classes.Ticket
12:36:04.950 [main] DEBUG o.h.p.entity.AbstractEntityPersister -  Version select: select id from Ticket where id =?
12:36:04.950 [main] DEBUG o.h.p.entity.AbstractEntityPersister -  Snapshot select: select ticket_.id, ticket_.seller_id as seller_i4_2_ from Ticket ticket_ where ticket_.id=?
12:36:04.950 [main] DEBUG o.h.p.entity.AbstractEntityPersister -  Insert 0: insert into Ticket (seller_id, DTYPE, id) values (?, 'Ticket', ?)
12:36:04.950 [main] DEBUG o.h.p.entity.AbstractEntityPersister -  Update 0: update Ticket set seller_id=? where id=?
12:36:04.950 [main] DEBUG o.h.p.entity.AbstractEntityPersister -  Delete 0: delete from Ticket where id=?
12:36:04.950 [main] DEBUG o.h.p.entity.AbstractEntityPersister -  Identity insert: insert into Ticket (seller_id, DTYPE) values (?, 'Ticket')
12:36:04.950 [main] DEBUG o.h.l.p.b.i.spaces.QuerySpacesImpl - Adding QuerySpace : uid = <gen:0> -> org.hibernate.loader.plan.build.internal.spaces.EntityQuerySpaceImpl@1d8b0500]
12:36:04.950 [main] DEBUG o.h.p.w.spi.MetamodelGraphWalker - Visiting attribute path : seller
12:36:04.950 [main] DEBUG o.h.l.p.b.i.spaces.QuerySpacesImpl - Adding QuerySpace : uid = <gen:1> -> org.hibernate.loader.plan.build.internal.spaces.EntityQuerySpaceImpl@428bdd72]
12:36:04.951 [main] DEBUG o.h.p.w.spi.MetamodelGraphWalker - Visiting attribute path : seller.name
12:36:04.951 [main] DEBUG o.h.p.w.spi.MetamodelGraphWalker - Visiting attribute path : seller.passes
12:36:04.951 [main] DEBUG o.h.l.p.b.i.spaces.QuerySpacesImpl - Adding QuerySpace : uid = <gen:2> -> org.hibernate.loader.plan.build.internal.spaces.CollectionQuerySpaceImpl@20eaeaf8]
12:36:04.951 [main] DEBUG o.h.l.p.b.i.spaces.QuerySpacesImpl - Adding QuerySpace : uid = <gen:3> -> org.hibernate.loader.plan.build.internal.spaces.EntityQuerySpaceImpl@748ac6f3]
12:36:04.951 [main] DEBUG o.h.p.w.spi.MetamodelGraphWalker - Visiting attribute path : seller.tickets
12:36:04.951 [main] DEBUG o.h.l.p.b.i.spaces.QuerySpacesImpl - Adding QuerySpace : uid = <gen:4> -> org.hibernate.loader.plan.build.internal.spaces.CollectionQuerySpaceImpl@68f6e55d]
12:36:04.951 [main] DEBUG o.h.l.p.b.i.spaces.QuerySpacesImpl - Adding QuerySpace : uid = <gen:5> -> org.hibernate.loader.plan.build.internal.spaces.EntityQuerySpaceImpl@6fff46bf]
12:36:04.951 [main] DEBUG o.h.p.w.spi.MetamodelGraphWalker - Visiting attribute path : seller.people
12:36:04.951 [main] DEBUG o.h.l.p.b.i.spaces.QuerySpacesImpl - Adding QuerySpace : uid = <gen:6> -> org.hibernate.loader.plan.build.internal.spaces.CollectionQuerySpaceImpl@1835dc92]
12:36:04.951 [main] DEBUG o.h.l.p.b.i.spaces.QuerySpacesImpl - Adding QuerySpace : uid = <gen:7> -> org.hibernate.loader.plan.build.internal.spaces.EntityQuerySpaceImpl@3aaa3c39]
12:36:04.951 [main] DEBUG o.h.p.w.spi.MetamodelGraphWalker - Visiting attribute path : seller.isWorking
12:36:04.951 [main] DEBUG o.h.p.w.spi.MetamodelGraphWalker - Visiting attribute path : person
12:36:04.951 [main] DEBUG o.h.l.p.b.i.spaces.QuerySpacesImpl - Adding QuerySpace : uid = <gen:8> -> org.hibernate.loader.plan.build.internal.spaces.EntityQuerySpaceImpl@65a9ea3c]
12:36:04.951 [main] DEBUG o.h.p.w.spi.MetamodelGraphWalker - Visiting attribute path : person.birthdate
12:36:04.951 [main] DEBUG o.h.p.w.spi.MetamodelGraphWalker - Visiting attribute path : person.cardNum
12:36:04.951 [main] DEBUG o.h.l.p.b.i.spaces.QuerySpacesImpl - Adding QuerySpace : uid = <gen:9> -> org.hibernate.loader.plan.build.internal.spaces.EntityQuerySpaceImpl@46911148]
12:36:04.951 [main] DEBUG o.h.p.w.spi.MetamodelGraphWalker - Visiting attribute path : person.cardNum.emissionDate
12:36:04.951 [main] DEBUG o.h.p.w.spi.MetamodelGraphWalker - Visiting attribute path : person.cardNum.expirationDate
12:36:04.951 [main] DEBUG o.h.p.w.spi.MetamodelGraphWalker - Visiting attribute path : person.cardNum.person
12:36:04.951 [main] DEBUG o.h.p.w.spi.MetamodelGraphWalker - Property path deemed to be circular : person.cardNum.person
12:36:04.951 [main] DEBUG o.h.p.w.spi.MetamodelGraphWalker - Visiting attribute path : person.firstName
12:36:04.951 [main] DEBUG o.h.p.w.spi.MetamodelGraphWalker - Visiting attribute path : person.lastName
12:36:04.951 [main] DEBUG o.h.p.w.spi.MetamodelGraphWalker - Visiting attribute path : sellers
12:36:04.951 [main] DEBUG o.h.l.p.b.i.spaces.QuerySpacesImpl - Adding QuerySpace : uid = <gen:10> -> org.hibernate.loader.plan.build.internal.spaces.EntityQuerySpaceImpl@7e351d7]
12:36:04.951 [main] DEBUG o.h.p.w.spi.MetamodelGraphWalker - Visiting attribute path : sellers.name
12:36:04.951 [main] DEBUG o.h.p.w.spi.MetamodelGraphWalker - Visiting attribute path : sellers.passes
12:36:04.951 [main] DEBUG o.h.l.p.b.i.spaces.QuerySpacesImpl - Adding QuerySpace : uid = <gen:11> -> org.hibernate.loader.plan.build.internal.spaces.CollectionQuerySpaceImpl@d902300]
12:36:04.951 [main] DEBUG o.h.l.p.b.i.spaces.QuerySpacesImpl - Adding QuerySpace : uid = <gen:12> -> org.hibernate.loader.plan.build.internal.spaces.EntityQuerySpaceImpl@2db33feb]
12:36:04.951 [main] DEBUG o.h.p.w.spi.MetamodelGraphWalker - Visiting attribute path : sellers.tickets
12:36:04.951 [main] DEBUG o.h.l.p.b.i.spaces.QuerySpacesImpl - Adding QuerySpace : uid = <gen:13> -> org.hibernate.loader.plan.build.internal.spaces.CollectionQuerySpaceImpl@30c3ae63]
12:36:04.951 [main] DEBUG o.h.l.p.b.i.spaces.QuerySpacesImpl - Adding QuerySpace : uid = <gen:14> -> org.hibernate.loader.plan.build.internal.spaces.EntityQuerySpaceImpl@58658f63]
12:36:04.951 [main] DEBUG o.h.p.w.spi.MetamodelGraphWalker - Visiting attribute path : sellers.people
12:36:04.951 [main] DEBUG o.h.l.p.b.i.spaces.QuerySpacesImpl - Adding QuerySpace : uid = <gen:15> -> org.hibernate.loader.plan.build.internal.spaces.CollectionQuerySpaceImpl@54e12f4c]
12:36:04.951 [main] DEBUG o.h.l.p.b.i.spaces.QuerySpacesImpl - Adding QuerySpace : uid = <gen:16> -> org.hibernate.loader.plan.build.internal.spaces.EntityQuerySpaceImpl@60990e5c]
12:36:04.951 [main] DEBUG o.h.p.w.spi.MetamodelGraphWalker - Visiting attribute path : sellers.isWorking
12:36:04.951 [main] DEBUG o.h.p.w.spi.MetamodelGraphWalker - Visiting attribute path : validity
12:36:04.951 [main] DEBUG o.h.l.p.b.i.FetchStyleLoadPlanBuildingAssociationVisitationStrategy - Building LoadPlan...
12:36:04.952 [main] DEBUG o.h.l.p.e.i.LoadQueryJoinAndFetchProcessor - processing queryspace <gen:0>
12:36:04.952 [main] DEBUG o.h.l.p.b.spi.LoadPlanTreePrinter - LoadPlan(entity=Classes.Ticket)
    - Returns
       - EntityReturnImpl(entity=Classes.Ticket, querySpaceUid=<gen:0>, path=Classes.Ticket)
          - EntityAttributeFetchImpl(entity=Abstract.TicketSeller, querySpaceUid=<gen:1>, path=Classes.Ticket.seller)
             - CollectionAttributeFetchImpl(collection=Abstract.TicketSeller.passes, querySpaceUid=<gen:2>, path=Classes.Ticket.seller.passes)
                - (collection element) CollectionFetchableElementEntityGraph(entity=Classes.Pass, querySpaceUid=<gen:3>, path=Classes.Ticket.seller.passes.<elements>)
             - CollectionAttributeFetchImpl(collection=Abstract.TicketSeller.tickets, querySpaceUid=<gen:4>, path=Classes.Ticket.seller.tickets)
                - (collection element) CollectionFetchableElementEntityGraph(entity=Classes.Ticket, querySpaceUid=<gen:5>, path=Classes.Ticket.seller.tickets.<elements>)
             - CollectionAttributeFetchImpl(collection=Classes.Shop.people, querySpaceUid=<gen:6>, path=Classes.Ticket.seller.people)
                - (collection element) CollectionFetchableElementEntityGraph(entity=Classes.Person, querySpaceUid=<gen:7>, path=Classes.Ticket.seller.people.<elements>)
          - EntityAttributeFetchImpl(entity=Classes.Person, querySpaceUid=<gen:8>, path=Classes.Ticket.person)
             - EntityAttributeFetchImpl(entity=Classes.Card, querySpaceUid=<gen:9>, path=Classes.Ticket.person.cardNum)
          - EntityAttributeFetchImpl(entity=Abstract.TicketSeller, querySpaceUid=<gen:10>, path=Classes.Ticket.sellers)
             - CollectionAttributeFetchImpl(collection=Abstract.TicketSeller.passes, querySpaceUid=<gen:11>, path=Classes.Ticket.sellers.passes)
                - (collection element) CollectionFetchableElementEntityGraph(entity=Classes.Pass, querySpaceUid=<gen:12>, path=Classes.Ticket.sellers.passes.<elements>)
             - CollectionAttributeFetchImpl(collection=Abstract.TicketSeller.tickets, querySpaceUid=<gen:13>, path=Classes.Ticket.sellers.tickets)
                - (collection element) CollectionFetchableElementEntityGraph(entity=Classes.Ticket, querySpaceUid=<gen:14>, path=Classes.Ticket.sellers.tickets.<elements>)
             - CollectionAttributeFetchImpl(collection=Classes.Shop.people, querySpaceUid=<gen:15>, path=Classes.Ticket.sellers.people)
                - (collection element) CollectionFetchableElementEntityGraph(entity=Classes.Person, querySpaceUid=<gen:16>, path=Classes.Ticket.sellers.people.<elements>)
    - QuerySpaces
       - EntityQuerySpaceImpl(uid=<gen:0>, entity=Classes.Ticket)
          - SQL table alias mapping - ticket0_
          - alias suffix - 0_
          - suffixed key columns - {id2_2_0_}
          - JOIN (JoinDefinedByMetadata(seller)) : <gen:0> -> <gen:1>
             - EntityQuerySpaceImpl(uid=<gen:1>, entity=Abstract.TicketSeller)
                - SQL table alias mapping - ticketsell1_
                - alias suffix - 1_
                - suffixed key columns - {id2_3_1_}
          - JOIN (JoinDefinedByMetadata(person)) : <gen:0> -> <gen:8>
             - EntityQuerySpaceImpl(uid=<gen:8>, entity=Classes.Person)
                - SQL table alias mapping - person2_
                - alias suffix - 2_
                - suffixed key columns - {id1_1_2_}
                - JOIN (JoinDefinedByMetadata(cardNum)) : <gen:8> -> <gen:9>
                   - EntityQuerySpaceImpl(uid=<gen:9>, entity=Classes.Card)
                      - SQL table alias mapping - card3_
                      - alias suffix - 3_
                      - suffixed key columns - {id1_0_3_}
          - JOIN (JoinDefinedByMetadata(sellers)) : <gen:0> -> <gen:10>
             - EntityQuerySpaceImpl(uid=<gen:10>, entity=Abstract.TicketSeller)
                - SQL table alias mapping - ticketsell4_
                - alias suffix - 4_
                - suffixed key columns - {id2_3_4_}

12:36:04.952 [main] DEBUG o.h.loader.entity.plan.EntityLoader - Static select for entity Classes.Ticket [NONE]: select ticket0_.id as id2_2_0_, ticket0_.seller_id as seller_i4_2_0_, ticket0_.person_id as person_i5_2_0_, ticket0_.sellers_id as sellers_6_2_0_, ticket0_.validity as validity3_2_0_, ticket0_.DTYPE as dtype1_2_0_, ticketsell1_.id as id2_3_1_, ticketsell1_.seller_name as seller_n3_3_1_, ticketsell1_.isWorking as isworkin4_3_1_, ticketsell1_.type as type1_3_1_, person2_.id as id1_1_2_, person2_.birthdate as birthdat2_1_2_, person2_.cardNum_id as cardnum_5_1_2_, person2_.firstName as firstnam3_1_2_, person2_.lastName as lastname4_1_2_, card3_.id as id1_0_3_, card3_.emissionDate as emission2_0_3_, card3_.expirationDate as expirati3_0_3_, ticketsell4_.id as id2_3_4_, ticketsell4_.seller_name as seller_n3_3_4_, ticketsell4_.isWorking as isworkin4_3_4_, ticketsell4_.type as type1_3_4_ from Ticket ticket0_ left outer join TicketSeller ticketsell1_ on ticket0_.seller_id=ticketsell1_.id left outer join Person person2_ on ticket0_.person_id=person2_.id left outer join Card card3_ on person2_.cardNum_id=card3_.id left outer join TicketSeller ticketsell4_ on ticket0_.sellers_id=ticketsell4_.id where ticket0_.id=?
12:36:04.952 [main] DEBUG o.h.p.entity.AbstractEntityPersister - Static SQL for entity: Classes.VendingMachine
12:36:04.952 [main] DEBUG o.h.p.entity.AbstractEntityPersister -  Version select: select id from TicketSeller where id =?
12:36:04.952 [main] DEBUG o.h.p.entity.AbstractEntityPersister -  Snapshot select: select vendingmac_.id, vendingmac_.seller_name as seller_n3_3_, vendingmac_.isWorking as isworkin4_3_ from TicketSeller vendingmac_ where vendingmac_.id=?
12:36:04.952 [main] DEBUG o.h.p.entity.AbstractEntityPersister -  Insert 0: insert into TicketSeller (seller_name, isWorking, type, id) values (?, ?, 'vending_machine', ?)
12:36:04.952 [main] DEBUG o.h.p.entity.AbstractEntityPersister -  Update 0: update TicketSeller set seller_name=?, isWorking=? where id=?
12:36:04.952 [main] DEBUG o.h.p.entity.AbstractEntityPersister -  Delete 0: delete from TicketSeller where id=?
12:36:04.952 [main] DEBUG o.h.l.p.b.i.spaces.QuerySpacesImpl - Adding QuerySpace : uid = <gen:0> -> org.hibernate.loader.plan.build.internal.spaces.EntityQuerySpaceImpl@4d84049a]
12:36:04.952 [main] DEBUG o.h.p.w.spi.MetamodelGraphWalker - Visiting attribute path : name
12:36:04.952 [main] DEBUG o.h.p.w.spi.MetamodelGraphWalker - Visiting attribute path : passes
12:36:04.952 [main] DEBUG o.h.l.p.b.i.spaces.QuerySpacesImpl - Adding QuerySpace : uid = <gen:1> -> org.hibernate.loader.plan.build.internal.spaces.CollectionQuerySpaceImpl@642857e0]
12:36:04.952 [main] DEBUG o.h.l.p.b.i.spaces.QuerySpacesImpl - Adding QuerySpace : uid = <gen:2> -> org.hibernate.loader.plan.build.internal.spaces.EntityQuerySpaceImpl@4c6b4ed7]
12:36:04.952 [main] DEBUG o.h.p.w.spi.MetamodelGraphWalker - Visiting attribute path : tickets
12:36:04.952 [main] DEBUG o.h.l.p.b.i.spaces.QuerySpacesImpl - Adding QuerySpace : uid = <gen:3> -> org.hibernate.loader.plan.build.internal.spaces.CollectionQuerySpaceImpl@21263314]
12:36:04.952 [main] DEBUG o.h.l.p.b.i.spaces.QuerySpacesImpl - Adding QuerySpace : uid = <gen:4> -> org.hibernate.loader.plan.build.internal.spaces.EntityQuerySpaceImpl@6ca30b8a]
12:36:04.952 [main] DEBUG o.h.p.w.spi.MetamodelGraphWalker - Visiting attribute path : isWorking
12:36:04.954 [main] DEBUG o.h.l.p.b.i.FetchStyleLoadPlanBuildingAssociationVisitationStrategy - Building LoadPlan...
12:36:04.954 [main] DEBUG o.h.l.p.e.i.LoadQueryJoinAndFetchProcessor - processing queryspace <gen:0>
12:36:04.954 [main] DEBUG o.h.l.p.b.spi.LoadPlanTreePrinter - LoadPlan(entity=Classes.VendingMachine)
    - Returns
       - EntityReturnImpl(entity=Classes.VendingMachine, querySpaceUid=<gen:0>, path=Classes.VendingMachine)
          - CollectionAttributeFetchImpl(collection=Abstract.TicketSeller.passes, querySpaceUid=<gen:1>, path=Classes.VendingMachine.passes)
             - (collection element) CollectionFetchableElementEntityGraph(entity=Classes.Pass, querySpaceUid=<gen:2>, path=Classes.VendingMachine.passes.<elements>)
          - CollectionAttributeFetchImpl(collection=Abstract.TicketSeller.tickets, querySpaceUid=<gen:3>, path=Classes.VendingMachine.tickets)
             - (collection element) CollectionFetchableElementEntityGraph(entity=Classes.Ticket, querySpaceUid=<gen:4>, path=Classes.VendingMachine.tickets.<elements>)
    - QuerySpaces
       - EntityQuerySpaceImpl(uid=<gen:0>, entity=Classes.VendingMachine)
          - SQL table alias mapping - vendingmac0_
          - alias suffix - 0_
          - suffixed key columns - {id2_3_0_}

12:36:04.954 [main] DEBUG o.h.loader.entity.plan.EntityLoader - Static select for entity Classes.VendingMachine [NONE]: select vendingmac0_.id as id2_3_0_, vendingmac0_.seller_name as seller_n3_3_0_, vendingmac0_.isWorking as isworkin4_3_0_ from TicketSeller vendingmac0_ where vendingmac0_.id=? and vendingmac0_.type='vending_machine'
12:36:04.956 [main] DEBUG o.h.l.p.b.i.spaces.QuerySpacesImpl - Adding QuerySpace : uid = <gen:0> -> org.hibernate.loader.plan.build.internal.spaces.CollectionQuerySpaceImpl@1665fa54]
12:36:04.956 [main] DEBUG o.h.l.p.b.i.spaces.QuerySpacesImpl - Adding QuerySpace : uid = <gen:1> -> org.hibernate.loader.plan.build.internal.spaces.EntityQuerySpaceImpl@6d67f5eb]
12:36:04.956 [main] DEBUG o.h.p.w.spi.MetamodelGraphWalker - Visiting attribute path : seller
12:36:04.956 [main] DEBUG o.h.l.p.b.i.spaces.QuerySpacesImpl - Adding QuerySpace : uid = <gen:2> -> org.hibernate.loader.plan.build.internal.spaces.EntityQuerySpaceImpl@2262d6d5]
12:36:04.956 [main] DEBUG o.h.p.w.spi.MetamodelGraphWalker - Visiting attribute path : seller.name
12:36:04.956 [main] DEBUG o.h.p.w.spi.MetamodelGraphWalker - Visiting attribute path : seller.passes
12:36:04.956 [main] DEBUG o.h.p.w.spi.MetamodelGraphWalker - Property path deemed to be circular : seller.passes
12:36:04.956 [main] DEBUG o.h.p.w.spi.MetamodelGraphWalker - Visiting attribute path : seller.tickets
12:36:04.956 [main] DEBUG o.h.p.w.spi.MetamodelGraphWalker - Property path deemed to be circular : seller.tickets
12:36:04.956 [main] DEBUG o.h.p.w.spi.MetamodelGraphWalker - Visiting attribute path : seller.people
12:36:04.956 [main] DEBUG o.h.l.p.b.i.spaces.QuerySpacesImpl - Adding QuerySpace : uid = <gen:3> -> org.hibernate.loader.plan.build.internal.spaces.CollectionQuerySpaceImpl@6ff0b1cc]
12:36:04.957 [main] DEBUG o.h.l.p.b.i.spaces.QuerySpacesImpl - Adding QuerySpace : uid = <gen:4> -> org.hibernate.loader.plan.build.internal.spaces.EntityQuerySpaceImpl@3b55dd15]
12:36:04.957 [main] DEBUG o.h.p.w.spi.MetamodelGraphWalker - Visiting attribute path : seller.isWorking
12:36:04.957 [main] DEBUG o.h.p.w.spi.MetamodelGraphWalker - Visiting attribute path : person
12:36:04.957 [main] DEBUG o.h.l.p.b.i.spaces.QuerySpacesImpl - Adding QuerySpace : uid = <gen:5> -> org.hibernate.loader.plan.build.internal.spaces.EntityQuerySpaceImpl@f3560d4]
12:36:04.957 [main] DEBUG o.h.p.w.spi.MetamodelGraphWalker - Visiting attribute path : person.birthdate
12:36:04.957 [main] DEBUG o.h.p.w.spi.MetamodelGraphWalker - Visiting attribute path : person.cardNum
12:36:04.957 [main] DEBUG o.h.l.p.b.i.spaces.QuerySpacesImpl - Adding QuerySpace : uid = <gen:6> -> org.hibernate.loader.plan.build.internal.spaces.EntityQuerySpaceImpl@51b77cdf]
12:36:04.957 [main] DEBUG o.h.p.w.spi.MetamodelGraphWalker - Visiting attribute path : person.cardNum.emissionDate
12:36:04.957 [main] DEBUG o.h.p.w.spi.MetamodelGraphWalker - Visiting attribute path : person.cardNum.expirationDate
12:36:04.957 [main] DEBUG o.h.p.w.spi.MetamodelGraphWalker - Visiting attribute path : person.cardNum.person
12:36:04.957 [main] DEBUG o.h.p.w.spi.MetamodelGraphWalker - Property path deemed to be circular : person.cardNum.person
12:36:04.957 [main] DEBUG o.h.p.w.spi.MetamodelGraphWalker - Visiting attribute path : person.firstName
12:36:04.957 [main] DEBUG o.h.p.w.spi.MetamodelGraphWalker - Visiting attribute path : person.lastName
12:36:04.957 [main] DEBUG o.h.p.w.spi.MetamodelGraphWalker - Visiting attribute path : sellers
12:36:04.957 [main] DEBUG o.h.l.p.b.i.spaces.QuerySpacesImpl - Adding QuerySpace : uid = <gen:7> -> org.hibernate.loader.plan.build.internal.spaces.EntityQuerySpaceImpl@6088451e]
12:36:04.957 [main] DEBUG o.h.p.w.spi.MetamodelGraphWalker - Visiting attribute path : sellers.name
12:36:04.957 [main] DEBUG o.h.p.w.spi.MetamodelGraphWalker - Visiting attribute path : sellers.passes
12:36:04.957 [main] DEBUG o.h.p.w.spi.MetamodelGraphWalker - Property path deemed to be circular : sellers.passes
12:36:04.957 [main] DEBUG o.h.p.w.spi.MetamodelGraphWalker - Visiting attribute path : sellers.tickets
12:36:04.957 [main] DEBUG o.h.p.w.spi.MetamodelGraphWalker - Property path deemed to be circular : sellers.tickets
12:36:04.957 [main] DEBUG o.h.p.w.spi.MetamodelGraphWalker - Visiting attribute path : sellers.people
12:36:04.957 [main] DEBUG o.h.l.p.b.i.spaces.QuerySpacesImpl - Adding QuerySpace : uid = <gen:8> -> org.hibernate.loader.plan.build.internal.spaces.CollectionQuerySpaceImpl@2f10f633]
12:36:04.957 [main] DEBUG o.h.l.p.b.i.spaces.QuerySpacesImpl - Adding QuerySpace : uid = <gen:9> -> org.hibernate.loader.plan.build.internal.spaces.EntityQuerySpaceImpl@1642eeae]
12:36:04.957 [main] DEBUG o.h.p.w.spi.MetamodelGraphWalker - Visiting attribute path : sellers.isWorking
12:36:04.957 [main] DEBUG o.h.p.w.spi.MetamodelGraphWalker - Visiting attribute path : validity
12:36:04.957 [main] DEBUG o.h.l.p.b.i.FetchStyleLoadPlanBuildingAssociationVisitationStrategy - Building LoadPlan...
12:36:04.959 [main] DEBUG o.h.l.p.e.i.LoadQueryJoinAndFetchProcessor - processing queryspace <gen:0>
12:36:04.959 [main] DEBUG o.h.l.p.b.spi.LoadPlanTreePrinter - LoadPlan(collection=Abstract.TicketSeller.tickets)
    - Returns
       - CollectionReturnImpl(collection=Abstract.TicketSeller.tickets, querySpaceUid=<gen:0>, path=[Abstract.TicketSeller.tickets])
          - (collection element) CollectionFetchableElementEntityGraph(entity=Classes.Ticket, querySpaceUid=<gen:1>, path=[Abstract.TicketSeller.tickets].<elements>)
             - EntityAttributeFetchImpl(entity=Abstract.TicketSeller, querySpaceUid=<gen:2>, path=[Abstract.TicketSeller.tickets].<elements>.seller)
                - CollectionAttributeFetchImpl(collection=Classes.Shop.people, querySpaceUid=<gen:3>, path=[Abstract.TicketSeller.tickets].<elements>.seller.people)
                   - (collection element) CollectionFetchableElementEntityGraph(entity=Classes.Person, querySpaceUid=<gen:4>, path=[Abstract.TicketSeller.tickets].<elements>.seller.people.<elements>)
             - EntityAttributeFetchImpl(entity=Classes.Person, querySpaceUid=<gen:5>, path=[Abstract.TicketSeller.tickets].<elements>.person)
                - EntityAttributeFetchImpl(entity=Classes.Card, querySpaceUid=<gen:6>, path=[Abstract.TicketSeller.tickets].<elements>.person.cardNum)
             - EntityAttributeFetchImpl(entity=Abstract.TicketSeller, querySpaceUid=<gen:7>, path=[Abstract.TicketSeller.tickets].<elements>.sellers)
                - CollectionAttributeFetchImpl(collection=Classes.Shop.people, querySpaceUid=<gen:8>, path=[Abstract.TicketSeller.tickets].<elements>.sellers.people)
                   - (collection element) CollectionFetchableElementEntityGraph(entity=Classes.Person, querySpaceUid=<gen:9>, path=[Abstract.TicketSeller.tickets].<elements>.sellers.people.<elements>)
    - QuerySpaces
       - CollectionQuerySpaceImpl(uid=<gen:0>, collection=Abstract.TicketSeller.tickets)
          - SQL table alias mapping - tickets0_
          - alias suffix - 0_
          - suffixed key columns - {ticketse1_5_0_}
          - entity-element alias suffix - 1_
          - 1_entity-element suffixed key columns - id2_2_1_
          - JOIN (JoinDefinedByMetadata(elements)) : <gen:0> -> <gen:1>
             - EntityQuerySpaceImpl(uid=<gen:1>, entity=Classes.Ticket)
                - SQL table alias mapping - ticket1_
                - alias suffix - 1_
                - suffixed key columns - {id2_2_1_}
                - JOIN (JoinDefinedByMetadata(seller)) : <gen:1> -> <gen:2>
                   - EntityQuerySpaceImpl(uid=<gen:2>, entity=Abstract.TicketSeller)
                      - SQL table alias mapping - ticketsell2_
                      - alias suffix - 2_
                      - suffixed key columns - {id2_3_2_}
                - JOIN (JoinDefinedByMetadata(person)) : <gen:1> -> <gen:5>
                   - EntityQuerySpaceImpl(uid=<gen:5>, entity=Classes.Person)
                      - SQL table alias mapping - person3_
                      - alias suffix - 3_
                      - suffixed key columns - {id1_1_3_}
                      - JOIN (JoinDefinedByMetadata(cardNum)) : <gen:5> -> <gen:6>
                         - EntityQuerySpaceImpl(uid=<gen:6>, entity=Classes.Card)
                            - SQL table alias mapping - card4_
                            - alias suffix - 4_
                            - suffixed key columns - {id1_0_4_}
                - JOIN (JoinDefinedByMetadata(sellers)) : <gen:1> -> <gen:7>
                   - EntityQuerySpaceImpl(uid=<gen:7>, entity=Abstract.TicketSeller)
                      - SQL table alias mapping - ticketsell5_
                      - alias suffix - 5_
                      - suffixed key columns - {id2_3_5_}

12:36:04.960 [main] DEBUG o.h.l.c.plan.CollectionLoader - Static select for collection Abstract.TicketSeller.tickets: select tickets0_.TicketSeller_id as ticketse1_5_0_, tickets0_.tickets_id as tickets_2_5_0_, ticket1_.id as id2_2_1_, ticket1_.seller_id as seller_i4_2_1_, ticket1_.person_id as person_i5_2_1_, ticket1_.sellers_id as sellers_6_2_1_, ticket1_.validity as validity3_2_1_, ticket1_.DTYPE as dtype1_2_1_, ticketsell2_.id as id2_3_2_, ticketsell2_.seller_name as seller_n3_3_2_, ticketsell2_.isWorking as isworkin4_3_2_, ticketsell2_.type as type1_3_2_, person3_.id as id1_1_3_, person3_.birthdate as birthdat2_1_3_, person3_.cardNum_id as cardnum_5_1_3_, person3_.firstName as firstnam3_1_3_, person3_.lastName as lastname4_1_3_, card4_.id as id1_0_4_, card4_.emissionDate as emission2_0_4_, card4_.expirationDate as expirati3_0_4_, ticketsell5_.id as id2_3_5_, ticketsell5_.seller_name as seller_n3_3_5_, ticketsell5_.isWorking as isworkin4_3_5_, ticketsell5_.type as type1_3_5_ from TicketSeller_Ticket tickets0_ inner join Ticket ticket1_ on tickets0_.tickets_id=ticket1_.id left outer join TicketSeller ticketsell2_ on ticket1_.seller_id=ticketsell2_.id left outer join Person person3_ on ticket1_.person_id=person3_.id left outer join Card card4_ on person3_.cardNum_id=card4_.id left outer join TicketSeller ticketsell5_ on ticket1_.sellers_id=ticketsell5_.id where tickets0_.TicketSeller_id=?
12:36:04.960 [main] DEBUG o.h.l.p.b.i.spaces.QuerySpacesImpl - Adding QuerySpace : uid = <gen:0> -> org.hibernate.loader.plan.build.internal.spaces.CollectionQuerySpaceImpl@4bdf]
12:36:04.960 [main] DEBUG o.h.l.p.b.i.spaces.QuerySpacesImpl - Adding QuerySpace : uid = <gen:1> -> org.hibernate.loader.plan.build.internal.spaces.EntityQuerySpaceImpl@4cad79bc]
12:36:04.960 [main] DEBUG o.h.p.w.spi.MetamodelGraphWalker - Visiting attribute path : seller
12:36:04.960 [main] DEBUG o.h.l.p.b.i.spaces.QuerySpacesImpl - Adding QuerySpace : uid = <gen:2> -> org.hibernate.loader.plan.build.internal.spaces.EntityQuerySpaceImpl@78422efb]
12:36:04.960 [main] DEBUG o.h.p.w.spi.MetamodelGraphWalker - Visiting attribute path : seller.name
12:36:04.960 [main] DEBUG o.h.p.w.spi.MetamodelGraphWalker - Visiting attribute path : seller.passes
12:36:04.960 [main] DEBUG o.h.p.w.spi.MetamodelGraphWalker - Property path deemed to be circular : seller.passes
12:36:04.960 [main] DEBUG o.h.p.w.spi.MetamodelGraphWalker - Visiting attribute path : seller.tickets
12:36:04.960 [main] DEBUG o.h.p.w.spi.MetamodelGraphWalker - Property path deemed to be circular : seller.tickets
12:36:04.960 [main] DEBUG o.h.p.w.spi.MetamodelGraphWalker - Visiting attribute path : seller.people
12:36:04.960 [main] DEBUG o.h.l.p.b.i.spaces.QuerySpacesImpl - Adding QuerySpace : uid = <gen:3> -> org.hibernate.loader.plan.build.internal.spaces.CollectionQuerySpaceImpl@68e02f33]
12:36:04.960 [main] DEBUG o.h.l.p.b.i.spaces.QuerySpacesImpl - Adding QuerySpace : uid = <gen:4> -> org.hibernate.loader.plan.build.internal.spaces.EntityQuerySpaceImpl@64942607]
12:36:04.960 [main] DEBUG o.h.p.w.spi.MetamodelGraphWalker - Visiting attribute path : seller.isWorking
12:36:04.960 [main] DEBUG o.h.p.w.spi.MetamodelGraphWalker - Visiting attribute path : person
12:36:04.960 [main] DEBUG o.h.l.p.b.i.spaces.QuerySpacesImpl - Adding QuerySpace : uid = <gen:5> -> org.hibernate.loader.plan.build.internal.spaces.EntityQuerySpaceImpl@d48e998]
12:36:04.960 [main] DEBUG o.h.p.w.spi.MetamodelGraphWalker - Visiting attribute path : person.birthdate
12:36:04.960 [main] DEBUG o.h.p.w.spi.MetamodelGraphWalker - Visiting attribute path : person.cardNum
12:36:04.960 [main] DEBUG o.h.l.p.b.i.spaces.QuerySpacesImpl - Adding QuerySpace : uid = <gen:6> -> org.hibernate.loader.plan.build.internal.spaces.EntityQuerySpaceImpl@158ae284]
12:36:04.960 [main] DEBUG o.h.p.w.spi.MetamodelGraphWalker - Visiting attribute path : person.cardNum.emissionDate
12:36:04.960 [main] DEBUG o.h.p.w.spi.MetamodelGraphWalker - Visiting attribute path : person.cardNum.expirationDate
12:36:04.960 [main] DEBUG o.h.p.w.spi.MetamodelGraphWalker - Visiting attribute path : person.cardNum.person
12:36:04.960 [main] DEBUG o.h.p.w.spi.MetamodelGraphWalker - Property path deemed to be circular : person.cardNum.person
12:36:04.960 [main] DEBUG o.h.p.w.spi.MetamodelGraphWalker - Visiting attribute path : person.firstName
12:36:04.960 [main] DEBUG o.h.p.w.spi.MetamodelGraphWalker - Visiting attribute path : person.lastName
12:36:04.960 [main] DEBUG o.h.p.w.spi.MetamodelGraphWalker - Visiting attribute path : sellers
12:36:04.961 [main] DEBUG o.h.l.p.b.i.spaces.QuerySpacesImpl - Adding QuerySpace : uid = <gen:7> -> org.hibernate.loader.plan.build.internal.spaces.EntityQuerySpaceImpl@1a256d80]
12:36:04.961 [main] DEBUG o.h.p.w.spi.MetamodelGraphWalker - Visiting attribute path : sellers.name
12:36:04.961 [main] DEBUG o.h.p.w.spi.MetamodelGraphWalker - Visiting attribute path : sellers.passes
12:36:04.961 [main] DEBUG o.h.p.w.spi.MetamodelGraphWalker - Property path deemed to be circular : sellers.passes
12:36:04.961 [main] DEBUG o.h.p.w.spi.MetamodelGraphWalker - Visiting attribute path : sellers.tickets
12:36:04.961 [main] DEBUG o.h.p.w.spi.MetamodelGraphWalker - Property path deemed to be circular : sellers.tickets
12:36:04.961 [main] DEBUG o.h.p.w.spi.MetamodelGraphWalker - Visiting attribute path : sellers.people
12:36:04.961 [main] DEBUG o.h.l.p.b.i.spaces.QuerySpacesImpl - Adding QuerySpace : uid = <gen:8> -> org.hibernate.loader.plan.build.internal.spaces.CollectionQuerySpaceImpl@7235f92b]
12:36:04.961 [main] DEBUG o.h.l.p.b.i.spaces.QuerySpacesImpl - Adding QuerySpace : uid = <gen:9> -> org.hibernate.loader.plan.build.internal.spaces.EntityQuerySpaceImpl@7885776b]
12:36:04.961 [main] DEBUG o.h.p.w.spi.MetamodelGraphWalker - Visiting attribute path : sellers.isWorking
12:36:04.961 [main] DEBUG o.h.p.w.spi.MetamodelGraphWalker - Visiting attribute path : validity
12:36:04.961 [main] DEBUG o.h.l.p.b.i.FetchStyleLoadPlanBuildingAssociationVisitationStrategy - Building LoadPlan...
12:36:04.961 [main] DEBUG o.h.l.p.e.i.LoadQueryJoinAndFetchProcessor - processing queryspace <gen:0>
12:36:04.961 [main] DEBUG o.h.l.p.b.spi.LoadPlanTreePrinter - LoadPlan(collection=Abstract.TicketSeller.passes)
    - Returns
       - CollectionReturnImpl(collection=Abstract.TicketSeller.passes, querySpaceUid=<gen:0>, path=[Abstract.TicketSeller.passes])
          - (collection element) CollectionFetchableElementEntityGraph(entity=Classes.Pass, querySpaceUid=<gen:1>, path=[Abstract.TicketSeller.passes].<elements>)
             - EntityAttributeFetchImpl(entity=Abstract.TicketSeller, querySpaceUid=<gen:2>, path=[Abstract.TicketSeller.passes].<elements>.seller)
                - CollectionAttributeFetchImpl(collection=Classes.Shop.people, querySpaceUid=<gen:3>, path=[Abstract.TicketSeller.passes].<elements>.seller.people)
                   - (collection element) CollectionFetchableElementEntityGraph(entity=Classes.Person, querySpaceUid=<gen:4>, path=[Abstract.TicketSeller.passes].<elements>.seller.people.<elements>)
             - EntityAttributeFetchImpl(entity=Classes.Person, querySpaceUid=<gen:5>, path=[Abstract.TicketSeller.passes].<elements>.person)
                - EntityAttributeFetchImpl(entity=Classes.Card, querySpaceUid=<gen:6>, path=[Abstract.TicketSeller.passes].<elements>.person.cardNum)
             - EntityAttributeFetchImpl(entity=Abstract.TicketSeller, querySpaceUid=<gen:7>, path=[Abstract.TicketSeller.passes].<elements>.sellers)
                - CollectionAttributeFetchImpl(collection=Classes.Shop.people, querySpaceUid=<gen:8>, path=[Abstract.TicketSeller.passes].<elements>.sellers.people)
                   - (collection element) CollectionFetchableElementEntityGraph(entity=Classes.Person, querySpaceUid=<gen:9>, path=[Abstract.TicketSeller.passes].<elements>.sellers.people.<elements>)
    - QuerySpaces
       - CollectionQuerySpaceImpl(uid=<gen:0>, collection=Abstract.TicketSeller.passes)
          - SQL table alias mapping - passes0_
          - alias suffix - 0_
          - suffixed key columns - {ticketse1_5_0_}
          - entity-element alias suffix - 1_
          - 1_entity-element suffixed key columns - id2_2_1_
          - JOIN (JoinDefinedByMetadata(elements)) : <gen:0> -> <gen:1>
             - EntityQuerySpaceImpl(uid=<gen:1>, entity=Classes.Pass)
                - SQL table alias mapping - pass1_
                - alias suffix - 1_
                - suffixed key columns - {id2_2_1_}
                - JOIN (JoinDefinedByMetadata(seller)) : <gen:1> -> <gen:2>
                   - EntityQuerySpaceImpl(uid=<gen:2>, entity=Abstract.TicketSeller)
                      - SQL table alias mapping - ticketsell2_
                      - alias suffix - 2_
                      - suffixed key columns - {id2_3_2_}
                - JOIN (JoinDefinedByMetadata(person)) : <gen:1> -> <gen:5>
                   - EntityQuerySpaceImpl(uid=<gen:5>, entity=Classes.Person)
                      - SQL table alias mapping - person3_
                      - alias suffix - 3_
                      - suffixed key columns - {id1_1_3_}
                      - JOIN (JoinDefinedByMetadata(cardNum)) : <gen:5> -> <gen:6>
                         - EntityQuerySpaceImpl(uid=<gen:6>, entity=Classes.Card)
                            - SQL table alias mapping - card4_
                            - alias suffix - 4_
                            - suffixed key columns - {id1_0_4_}
                - JOIN (JoinDefinedByMetadata(sellers)) : <gen:1> -> <gen:7>
                   - EntityQuerySpaceImpl(uid=<gen:7>, entity=Abstract.TicketSeller)
                      - SQL table alias mapping - ticketsell5_
                      - alias suffix - 5_
                      - suffixed key columns - {id2_3_5_}

12:36:04.961 [main] DEBUG o.h.l.c.plan.CollectionLoader - Static select for collection Abstract.TicketSeller.passes: select passes0_.TicketSeller_id as ticketse1_5_0_, passes0_.passes_id as passes_i3_5_0_, pass1_.id as id2_2_1_, pass1_.seller_id as seller_i4_2_1_, pass1_.person_id as person_i5_2_1_, pass1_.sellers_id as sellers_6_2_1_, pass1_.validity as validity3_2_1_, ticketsell2_.id as id2_3_2_, ticketsell2_.seller_name as seller_n3_3_2_, ticketsell2_.isWorking as isworkin4_3_2_, ticketsell2_.type as type1_3_2_, person3_.id as id1_1_3_, person3_.birthdate as birthdat2_1_3_, person3_.cardNum_id as cardnum_5_1_3_, person3_.firstName as firstnam3_1_3_, person3_.lastName as lastname4_1_3_, card4_.id as id1_0_4_, card4_.emissionDate as emission2_0_4_, card4_.expirationDate as expirati3_0_4_, ticketsell5_.id as id2_3_5_, ticketsell5_.seller_name as seller_n3_3_5_, ticketsell5_.isWorking as isworkin4_3_5_, ticketsell5_.type as type1_3_5_ from TicketSeller_Ticket passes0_ inner join Ticket pass1_ on passes0_.passes_id=pass1_.id left outer join TicketSeller ticketsell2_ on pass1_.seller_id=ticketsell2_.id left outer join Person person3_ on pass1_.person_id=person3_.id left outer join Card card4_ on person3_.cardNum_id=card4_.id left outer join TicketSeller ticketsell5_ on pass1_.sellers_id=ticketsell5_.id where passes0_.TicketSeller_id=?
12:36:04.961 [main] DEBUG o.h.l.p.b.i.spaces.QuerySpacesImpl - Adding QuerySpace : uid = <gen:0> -> org.hibernate.loader.plan.build.internal.spaces.CollectionQuerySpaceImpl@497d4c96]
12:36:04.961 [main] DEBUG o.h.l.p.b.i.spaces.QuerySpacesImpl - Adding QuerySpace : uid = <gen:1> -> org.hibernate.loader.plan.build.internal.spaces.EntityQuerySpaceImpl@3472947a]
12:36:04.961 [main] DEBUG o.h.p.w.spi.MetamodelGraphWalker - Visiting attribute path : birthdate
12:36:04.961 [main] DEBUG o.h.p.w.spi.MetamodelGraphWalker - Visiting attribute path : cardNum
12:36:04.961 [main] DEBUG o.h.l.p.b.i.spaces.QuerySpacesImpl - Adding QuerySpace : uid = <gen:2> -> org.hibernate.loader.plan.build.internal.spaces.EntityQuerySpaceImpl@1984212d]
12:36:04.962 [main] DEBUG o.h.p.w.spi.MetamodelGraphWalker - Visiting attribute path : cardNum.emissionDate
12:36:04.962 [main] DEBUG o.h.p.w.spi.MetamodelGraphWalker - Visiting attribute path : cardNum.expirationDate
12:36:04.962 [main] DEBUG o.h.p.w.spi.MetamodelGraphWalker - Visiting attribute path : cardNum.person
12:36:04.962 [main] DEBUG o.h.p.w.spi.MetamodelGraphWalker - Property path deemed to be circular : cardNum.person
12:36:04.962 [main] DEBUG o.h.p.w.spi.MetamodelGraphWalker - Visiting attribute path : firstName
12:36:04.962 [main] DEBUG o.h.p.w.spi.MetamodelGraphWalker - Visiting attribute path : lastName
12:36:04.962 [main] DEBUG o.h.l.p.b.i.FetchStyleLoadPlanBuildingAssociationVisitationStrategy - Building LoadPlan...
12:36:04.962 [main] DEBUG o.h.l.p.e.i.LoadQueryJoinAndFetchProcessor - processing queryspace <gen:0>
12:36:04.962 [main] DEBUG o.h.l.p.b.spi.LoadPlanTreePrinter - LoadPlan(collection=Classes.Shop.people)
    - Returns
       - CollectionReturnImpl(collection=Classes.Shop.people, querySpaceUid=<gen:0>, path=[Classes.Shop.people])
          - (collection element) CollectionFetchableElementEntityGraph(entity=Classes.Person, querySpaceUid=<gen:1>, path=[Classes.Shop.people].<elements>)
             - EntityAttributeFetchImpl(entity=Classes.Card, querySpaceUid=<gen:2>, path=[Classes.Shop.people].<elements>.cardNum)
    - QuerySpaces
       - CollectionQuerySpaceImpl(uid=<gen:0>, collection=Classes.Shop.people)
          - SQL table alias mapping - people0_
          - alias suffix - 0_
          - suffixed key columns - {shop_id1_4_0_}
          - entity-element alias suffix - 1_
          - 1_entity-element suffixed key columns - id1_1_1_
          - JOIN (JoinDefinedByMetadata(elements)) : <gen:0> -> <gen:1>
             - EntityQuerySpaceImpl(uid=<gen:1>, entity=Classes.Person)
                - SQL table alias mapping - person1_
                - alias suffix - 1_
                - suffixed key columns - {id1_1_1_}
                - JOIN (JoinDefinedByMetadata(cardNum)) : <gen:1> -> <gen:2>
                   - EntityQuerySpaceImpl(uid=<gen:2>, entity=Classes.Card)
                      - SQL table alias mapping - card2_
                      - alias suffix - 2_
                      - suffixed key columns - {id1_0_2_}

12:36:04.962 [main] DEBUG o.h.l.c.plan.CollectionLoader - Static select for collection Classes.Shop.people: select people0_.Shop_id as shop_id1_4_0_, people0_.people_id as people_i2_4_0_, person1_.id as id1_1_1_, person1_.birthdate as birthdat2_1_1_, person1_.cardNum_id as cardnum_5_1_1_, person1_.firstName as firstnam3_1_1_, person1_.lastName as lastname4_1_1_, card2_.id as id1_0_2_, card2_.emissionDate as emission2_0_2_, card2_.expirationDate as expirati3_0_2_ from TicketSeller_Person people0_ inner join Person person1_ on people0_.people_id=person1_.id left outer join Card card2_ on person1_.cardNum_id=card2_.id where people0_.Shop_id=?
12:36:04.987 [main] INFO  o.hibernate.orm.connections.access - HHH10001501: Connection obtained from JdbcConnectionAccess [org.hibernate.engine.jdbc.env.internal.JdbcEnvironmentInitiator$ConnectionProviderJdbcConnectionAccess@173f1614] for (non-JTA) DDL execution was not in auto-commit mode; the Connection 'local transaction' will be committed and the Connection will be set into auto-commit mode.
12:36:05.003 [main] DEBUG org.hibernate.mapping.Table - No alter strings for table : Card
12:36:05.003 [main] DEBUG org.hibernate.mapping.Table - No alter strings for table : Person
12:36:05.003 [main] DEBUG org.hibernate.mapping.Table - No alter strings for table : Ticket
12:36:05.003 [main] DEBUG org.hibernate.SQL - alter table TicketSeller add column type varchar(31) not null
12:36:05.007 [main] DEBUG org.hibernate.mapping.Table - No alter strings for table : TicketSeller_Person
12:36:05.007 [main] DEBUG org.hibernate.mapping.Table - No alter strings for table : TicketSeller_Ticket
12:36:05.067 [main] DEBUG o.h.e.t.j.p.i.JtaPlatformInitiator - No JtaPlatform was specified, checking resolver
12:36:05.067 [main] DEBUG o.h.e.t.j.p.i.JtaPlatformResolverInitiator - No JtaPlatformResolver was specified, using default [org.hibernate.engine.transaction.jta.platform.internal.StandardJtaPlatformResolver]
12:36:05.070 [main] DEBUG o.h.e.t.j.p.i.StandardJtaPlatformResolver - Could not resolve JtaPlatform, using default [org.hibernate.engine.transaction.jta.platform.internal.NoJtaPlatform]
12:36:05.070 [main] INFO  o.h.e.t.j.p.i.JtaPlatformInitiator - HHH000490: Using JtaPlatform implementation: [org.hibernate.engine.transaction.jta.platform.internal.NoJtaPlatform]
12:36:05.074 [main] DEBUG o.h.s.i.SessionFactoryServiceRegistryImpl - EventListenerRegistry access via ServiceRegistry is deprecated.  Use `sessionFactory.getEventEngine().getListenerRegistry()` instead
12:36:05.076 [main] DEBUG o.h.h.i.QueryTranslatorFactoryInitiator - QueryTranslatorFactory: org.hibernate.hql.internal.ast.ASTQueryTranslatorFactory@49e2b3c5
12:36:05.078 [main] DEBUG o.h.query.spi.NamedQueryRepository - Checking 0 named HQL queries
12:36:05.078 [main] DEBUG o.h.query.spi.NamedQueryRepository - Checking 0 named SQL queries
12:36:05.079 [main] DEBUG o.h.internal.SessionFactoryRegistry - Initializing SessionFactoryRegistry : org.hibernate.internal.SessionFactoryRegistry@4215e133
12:36:05.081 [main] DEBUG o.h.internal.SessionFactoryRegistry - Registering SessionFactory: 604945a3-8cc6-4200-a730-e7d7745a30e4 (<unnamed>)
12:36:05.081 [main] DEBUG o.h.internal.SessionFactoryRegistry - Not binding SessionFactory to JNDI, no JNDI name configured
12:36:05.109 [main] DEBUG o.h.s.internal.StatisticsInitiator - Statistics initialized [enabled=false]
12:36:05.112 [main] DEBUG o.h.e.t.internal.TransactionImpl - On TransactionImpl creation, JpaCompliance#isJpaTransactionComplianceEnabled == false
12:36:05.112 [main] DEBUG o.h.e.t.internal.TransactionImpl - begin
12:36:05.115 [main] DEBUG org.hibernate.SQL - select nextval ('elCat_seq')
12:36:05.117 [main] DEBUG o.h.id.enhanced.SequenceStructure - Sequence value obtained: 1
12:36:05.117 [main] DEBUG o.h.r.j.i.ResourceRegistryStandardImpl - HHH000387: ResultSet's statement was not registered
12:36:05.117 [main] DEBUG o.h.e.i.AbstractSaveEventListener - Generated identifier: 1, using strategy: org.hibernate.id.enhanced.SequenceStyleGenerator
12:36:05.125 [main] DEBUG o.h.e.t.internal.TransactionImpl - committing
12:36:05.125 [main] DEBUG o.h.e.i.AbstractFlushingEventListener - Processing flush-time cascades
12:36:05.126 [main] DEBUG o.h.e.i.AbstractFlushingEventListener - Dirty checking collections
12:36:05.128 [main] DEBUG o.h.e.i.AbstractFlushingEventListener - Flushed: 1 insertions, 0 updates, 0 deletions to 1 objects
12:36:05.128 [main] DEBUG o.h.e.i.AbstractFlushingEventListener - Flushed: 0 (re)creations, 0 updates, 0 removals to 0 collections
12:36:05.128 [main] DEBUG o.h.internal.util.EntityPrinter - Listing entities:
12:36:05.128 [main] DEBUG o.h.internal.util.EntityPrinter - Classes.Shop{tickets=null, passes=null, name=Tabacchino DiGregorio, id=1, people=null}
12:36:05.131 [main] DEBUG org.hibernate.SQL - insert into TicketSeller (seller_name, type, id) values (?, 'shop', ?)
12:36:05.138 [main] DEBUG o.h.e.jdbc.spi.SqlExceptionHelper - could not execute statement [n/a]
org.postgresql.util.PSQLException: ERRORE: il valore nullo nella colonna "elementi" della relazione "ticketseller" viola il vincolo non nullo
  Detail: La riga in errore contiene (null, 1, Tabacchino DiGregorio, null, shop).
	at org.postgresql.core.v3.QueryExecutorImpl.receiveErrorResponse(QueryExecutorImpl.java:2713)
	at org.postgresql.core.v3.QueryExecutorImpl.processResults(QueryExecutorImpl.java:2401)
	at org.postgresql.core.v3.QueryExecutorImpl.execute(QueryExecutorImpl.java:368)
	at org.postgresql.jdbc.PgStatement.executeInternal(PgStatement.java:498)
	at org.postgresql.jdbc.PgStatement.execute(PgStatement.java:415)
	at org.postgresql.jdbc.PgPreparedStatement.executeWithFlags(PgPreparedStatement.java:190)
	at org.postgresql.jdbc.PgPreparedStatement.executeUpdate(PgPreparedStatement.java:152)
	at org.hibernate.engine.jdbc.internal.ResultSetReturnImpl.executeUpdate(ResultSetReturnImpl.java:197)
	at org.hibernate.engine.jdbc.batch.internal.NonBatchingBatch.addToBatch(NonBatchingBatch.java:46)
	at org.hibernate.persister.entity.AbstractEntityPersister.insert(AbstractEntityPersister.java:3375)
	at org.hibernate.persister.entity.AbstractEntityPersister.insert(AbstractEntityPersister.java:3937)
	at org.hibernate.action.internal.EntityInsertAction.execute(EntityInsertAction.java:107)
	at org.hibernate.engine.spi.ActionQueue.executeActions(ActionQueue.java:604)
	at org.hibernate.engine.spi.ActionQueue.lambda$executeActions$1(ActionQueue.java:478)
	at java.base/java.util.LinkedHashMap.forEach(LinkedHashMap.java:721)
	at org.hibernate.engine.spi.ActionQueue.executeActions(ActionQueue.java:475)
	at org.hibernate.event.internal.AbstractFlushingEventListener.performExecutions(AbstractFlushingEventListener.java:344)
	at org.hibernate.event.internal.DefaultFlushEventListener.onFlush(DefaultFlushEventListener.java:40)
	at org.hibernate.event.service.internal.EventListenerGroupImpl.fireEventOnEachListener(EventListenerGroupImpl.java:107)
	at org.hibernate.internal.SessionImpl.doFlush(SessionImpl.java:1407)
	at org.hibernate.internal.SessionImpl.managedFlush(SessionImpl.java:489)
	at org.hibernate.internal.SessionImpl.flushBeforeTransactionCompletion(SessionImpl.java:3303)
	at org.hibernate.internal.SessionImpl.beforeTransactionCompletion(SessionImpl.java:2438)
	at org.hibernate.engine.jdbc.internal.JdbcCoordinatorImpl.beforeTransactionCompletion(JdbcCoordinatorImpl.java:449)
	at org.hibernate.resource.transaction.backend.jdbc.internal.JdbcResourceLocalTransactionCoordinatorImpl.beforeCompletionCallback(JdbcResourceLocalTransactionCoordinatorImpl.java:183)
	at org.hibernate.resource.transaction.backend.jdbc.internal.JdbcResourceLocalTransactionCoordinatorImpl.access$300(JdbcResourceLocalTransactionCoordinatorImpl.java:40)
	at org.hibernate.resource.transaction.backend.jdbc.internal.JdbcResourceLocalTransactionCoordinatorImpl$TransactionDriverControlImpl.commit(JdbcResourceLocalTransactionCoordinatorImpl.java:281)
	at org.hibernate.engine.transaction.internal.TransactionImpl.commit(TransactionImpl.java:101)
	at ClassesDAO.SellerDAO.saveShop(SellerDAO.java:20)
	at MainClass.MainClass.main(MainClass.java:27)
12:36:05.139 [main] WARN  o.h.e.jdbc.spi.SqlExceptionHelper - SQL Error: 0, SQLState: 23502
12:36:05.139 [main] ERROR o.h.e.jdbc.spi.SqlExceptionHelper - ERRORE: il valore nullo nella colonna "elementi" della relazione "ticketseller" viola il vincolo non nullo
  Detail: La riga in errore contiene (null, 1, Tabacchino DiGregorio, null, shop).
12:36:05.141 [main] INFO  o.h.e.j.b.internal.AbstractBatchImpl - HHH000010: On release of batch it still contained JDBC statements
12:36:05.143 [main] DEBUG o.h.r.t.b.j.i.JdbcResourceLocalTransactionCoordinatorImpl - JDBC transaction marked for rollback-only (exception provided for stack trace)
java.lang.Exception: exception just for purpose of providing stack trace
	at org.hibernate.resource.transaction.backend.jdbc.internal.JdbcResourceLocalTransactionCoordinatorImpl$TransactionDriverControlImpl.markRollbackOnly(JdbcResourceLocalTransactionCoordinatorImpl.java:324)
	at org.hibernate.engine.transaction.internal.TransactionImpl.markRollbackOnly(TransactionImpl.java:203)
	at org.hibernate.internal.AbstractSharedSessionContract.markForRollbackOnly(AbstractSharedSessionContract.java:428)
	at org.hibernate.internal.ExceptionConverterImpl.handlePersistenceException(ExceptionConverterImpl.java:297)
	at org.hibernate.internal.ExceptionConverterImpl.convert(ExceptionConverterImpl.java:155)
	at org.hibernate.internal.ExceptionConverterImpl.convert(ExceptionConverterImpl.java:181)
	at org.hibernate.internal.ExceptionConverterImpl.convert(ExceptionConverterImpl.java:188)
	at org.hibernate.internal.SessionImpl.doFlush(SessionImpl.java:1411)
	at org.hibernate.internal.SessionImpl.managedFlush(SessionImpl.java:489)
	at org.hibernate.internal.SessionImpl.flushBeforeTransactionCompletion(SessionImpl.java:3303)
	at org.hibernate.internal.SessionImpl.beforeTransactionCompletion(SessionImpl.java:2438)
	at org.hibernate.engine.jdbc.internal.JdbcCoordinatorImpl.beforeTransactionCompletion(JdbcCoordinatorImpl.java:449)
	at org.hibernate.resource.transaction.backend.jdbc.internal.JdbcResourceLocalTransactionCoordinatorImpl.beforeCompletionCallback(JdbcResourceLocalTransactionCoordinatorImpl.java:183)
	at org.hibernate.resource.transaction.backend.jdbc.internal.JdbcResourceLocalTransactionCoordinatorImpl.access$300(JdbcResourceLocalTransactionCoordinatorImpl.java:40)
	at org.hibernate.resource.transaction.backend.jdbc.internal.JdbcResourceLocalTransactionCoordinatorImpl$TransactionDriverControlImpl.commit(JdbcResourceLocalTransactionCoordinatorImpl.java:281)
	at org.hibernate.engine.transaction.internal.TransactionImpl.commit(TransactionImpl.java:101)
	at ClassesDAO.SellerDAO.saveShop(SellerDAO.java:20)
	at MainClass.MainClass.main(MainClass.java:27)
12:36:05.143 [main] DEBUG o.h.r.t.b.j.i.JdbcResourceLocalTransactionCoordinatorImpl - JDBC transaction marked for rollback-only (exception provided for stack trace)
java.lang.Exception: exception just for purpose of providing stack trace
	at org.hibernate.resource.transaction.backend.jdbc.internal.JdbcResourceLocalTransactionCoordinatorImpl$TransactionDriverControlImpl.markRollbackOnly(JdbcResourceLocalTransactionCoordinatorImpl.java:324)
	at org.hibernate.resource.transaction.backend.jdbc.internal.JdbcResourceLocalTransactionCoordinatorImpl.beforeCompletionCallback(JdbcResourceLocalTransactionCoordinatorImpl.java:192)
	at org.hibernate.resource.transaction.backend.jdbc.internal.JdbcResourceLocalTransactionCoordinatorImpl.access$300(JdbcResourceLocalTransactionCoordinatorImpl.java:40)
	at org.hibernate.resource.transaction.backend.jdbc.internal.JdbcResourceLocalTransactionCoordinatorImpl$TransactionDriverControlImpl.commit(JdbcResourceLocalTransactionCoordinatorImpl.java:281)
	at org.hibernate.engine.transaction.internal.TransactionImpl.commit(TransactionImpl.java:101)
	at ClassesDAO.SellerDAO.saveShop(SellerDAO.java:20)
	at MainClass.MainClass.main(MainClass.java:27)
12:36:05.143 [main] DEBUG o.h.r.j.i.LogicalConnectionManagedImpl - Initiating JDBC connection release from afterTransaction
12:36:05.144 [main] DEBUG o.h.r.j.i.LogicalConnectionManagedImpl - Initiating JDBC connection release from afterTransaction
12:36:05.144 [main] DEBUG o.h.e.t.internal.TransactionImpl - rollback() called on an inactive transaction
12:38:54.413 [main] DEBUG org.jboss.logging - Logging Provider: org.jboss.logging.Slf4jLoggerProvider
12:38:54.482 [main] DEBUG o.h.jpa.HibernatePersistenceProvider - Located and parsed 2 persistence units; checking each
12:38:54.482 [main] DEBUG o.h.jpa.HibernatePersistenceProvider - Checking persistence-unit [name=HomeworkS3D3, explicit-provider=null] against incoming persistence unit name [BuildWeek_4]
12:38:54.482 [main] DEBUG o.h.jpa.HibernatePersistenceProvider - Excluding from consideration due to name mis-match
12:38:54.482 [main] DEBUG o.h.jpa.HibernatePersistenceProvider - Checking persistence-unit [name=BuildWeek_4, explicit-provider=null] against incoming persistence unit name [BuildWeek_4]
12:38:54.483 [main] DEBUG o.h.jpa.boot.spi.ProviderChecker - No PersistenceProvider explicitly requested, assuming Hibernate
12:38:54.487 [main] DEBUG o.h.jpa.internal.util.LogHelper - PersistenceUnitInfo [
	name: BuildWeek_4
	persistence provider classname: null
	classloader: null
	excludeUnlistedClasses: false
	JTA datasource: null
	Non JTA datasource: null
	Transaction type: RESOURCE_LOCAL
	PU root URL: file:/C:/Users/total/Desktop/All/Epicode/fs0223-Luca-Sernicola-BackEnd/BuildWeek_4/target/classes/
	Shared Cache Mode: null
	Validation Mode: null
	Jar files URLs []
	Managed classes names []
	Mapping files names []
	Properties [
		javax.persistence.jdbc.driver: org.postgresql.Driver
		javax.persistence.jdbc.password: root
		hibernate.dialect: org.hibernate.dialect.PostgreSQLDialect
		javax.persistence.jdbc.url: jdbc:postgresql://localhost:5432/BuildWeek
		hibernate.hbm2ddl.auto: update
		javax.persistence.jdbc.user: postgres]
12:38:54.490 [main] DEBUG o.h.i.internal.IntegratorServiceImpl - Adding Integrator [org.hibernate.cfg.beanvalidation.BeanValidationIntegrator].
12:38:54.490 [main] DEBUG o.h.i.internal.IntegratorServiceImpl - Adding Integrator [org.hibernate.secure.spi.JaccIntegrator].
12:38:54.493 [main] DEBUG o.h.i.internal.IntegratorServiceImpl - Adding Integrator [org.hibernate.cache.internal.CollectionCacheInvalidator].
12:38:54.521 [main] INFO  org.hibernate.Version - HHH000412: Hibernate ORM core version 5.6.15.Final
12:38:54.523 [main] DEBUG org.hibernate.cfg.Environment - HHH000206: hibernate.properties not found
12:38:54.634 [main] DEBUG o.h.service.spi.ServiceBinding - Overriding existing service binding [org.hibernate.secure.spi.JaccService]
12:38:54.645 [main] DEBUG o.h.c.i.RegionFactoryInitiator - Cannot default RegionFactory based on registered strategies as `[]` RegionFactory strategies were registered
12:38:54.646 [main] DEBUG o.h.c.i.RegionFactoryInitiator - Cache region factory : org.hibernate.cache.internal.NoCachingRegionFactory
12:38:54.662 [main] INFO  o.h.annotations.common.Version - HCANN000001: Hibernate Commons Annotations {5.1.2.Final}
12:38:54.737 [main] DEBUG o.hibernate.type.BasicTypeRegistry - Adding type registration boolean -> org.hibernate.type.BooleanType@4b672daa
12:38:54.737 [main] DEBUG o.hibernate.type.BasicTypeRegistry - Adding type registration boolean -> org.hibernate.type.BooleanType@4b672daa
12:38:54.737 [main] DEBUG o.hibernate.type.BasicTypeRegistry - Adding type registration java.lang.Boolean -> org.hibernate.type.BooleanType@4b672daa
12:38:54.738 [main] DEBUG o.hibernate.type.BasicTypeRegistry - Adding type registration numeric_boolean -> org.hibernate.type.NumericBooleanType@7c2b6087
12:38:54.738 [main] DEBUG o.hibernate.type.BasicTypeRegistry - Adding type registration true_false -> org.hibernate.type.TrueFalseType@3b77a04f
12:38:54.739 [main] DEBUG o.hibernate.type.BasicTypeRegistry - Adding type registration yes_no -> org.hibernate.type.YesNoType@662f5666
12:38:54.740 [main] DEBUG o.hibernate.type.BasicTypeRegistry - Adding type registration byte -> org.hibernate.type.ByteType@5c3b6c6e
12:38:54.740 [main] DEBUG o.hibernate.type.BasicTypeRegistry - Adding type registration byte -> org.hibernate.type.ByteType@5c3b6c6e
12:38:54.740 [main] DEBUG o.hibernate.type.BasicTypeRegistry - Adding type registration java.lang.Byte -> org.hibernate.type.ByteType@5c3b6c6e
12:38:54.741 [main] DEBUG o.hibernate.type.BasicTypeRegistry - Adding type registration character -> org.hibernate.type.CharacterType@47db5fa5
12:38:54.741 [main] DEBUG o.hibernate.type.BasicTypeRegistry - Adding type registration char -> org.hibernate.type.CharacterType@47db5fa5
12:38:54.741 [main] DEBUG o.hibernate.type.BasicTypeRegistry - Adding type registration java.lang.Character -> org.hibernate.type.CharacterType@47db5fa5
12:38:54.742 [main] DEBUG o.hibernate.type.BasicTypeRegistry - Adding type registration short -> org.hibernate.type.ShortType@1fdfafd2
12:38:54.743 [main] DEBUG o.hibernate.type.BasicTypeRegistry - Adding type registration short -> org.hibernate.type.ShortType@1fdfafd2
12:38:54.743 [main] DEBUG o.hibernate.type.BasicTypeRegistry - Adding type registration java.lang.Short -> org.hibernate.type.ShortType@1fdfafd2
12:38:54.743 [main] DEBUG o.hibernate.type.BasicTypeRegistry - Adding type registration integer -> org.hibernate.type.IntegerType@40499e4f
12:38:54.744 [main] DEBUG o.hibernate.type.BasicTypeRegistry - Adding type registration int -> org.hibernate.type.IntegerType@40499e4f
12:38:54.744 [main] DEBUG o.hibernate.type.BasicTypeRegistry - Adding type registration java.lang.Integer -> org.hibernate.type.IntegerType@40499e4f
12:38:54.744 [main] DEBUG o.hibernate.type.BasicTypeRegistry - Adding type registration long -> org.hibernate.type.LongType@14c01636
12:38:54.744 [main] DEBUG o.hibernate.type.BasicTypeRegistry - Adding type registration long -> org.hibernate.type.LongType@14c01636
12:38:54.744 [main] DEBUG o.hibernate.type.BasicTypeRegistry - Adding type registration java.lang.Long -> org.hibernate.type.LongType@14c01636
12:38:54.745 [main] DEBUG o.hibernate.type.BasicTypeRegistry - Adding type registration float -> org.hibernate.type.FloatType@609640d5
12:38:54.745 [main] DEBUG o.hibernate.type.BasicTypeRegistry - Adding type registration float -> org.hibernate.type.FloatType@609640d5
12:38:54.745 [main] DEBUG o.hibernate.type.BasicTypeRegistry - Adding type registration java.lang.Float -> org.hibernate.type.FloatType@609640d5
12:38:54.746 [main] DEBUG o.hibernate.type.BasicTypeRegistry - Adding type registration double -> org.hibernate.type.DoubleType@556d0826
12:38:54.746 [main] DEBUG o.hibernate.type.BasicTypeRegistry - Adding type registration double -> org.hibernate.type.DoubleType@556d0826
12:38:54.746 [main] DEBUG o.hibernate.type.BasicTypeRegistry - Adding type registration java.lang.Double -> org.hibernate.type.DoubleType@556d0826
12:38:54.747 [main] DEBUG o.hibernate.type.BasicTypeRegistry - Adding type registration big_decimal -> org.hibernate.type.BigDecimalType@16ecee1
12:38:54.747 [main] DEBUG o.hibernate.type.BasicTypeRegistry - Adding type registration java.math.BigDecimal -> org.hibernate.type.BigDecimalType@16ecee1
12:38:54.747 [main] DEBUG o.hibernate.type.BasicTypeRegistry - Adding type registration big_integer -> org.hibernate.type.BigIntegerType@41925502
12:38:54.747 [main] DEBUG o.hibernate.type.BasicTypeRegistry - Adding type registration java.math.BigInteger -> org.hibernate.type.BigIntegerType@41925502
12:38:54.748 [main] DEBUG o.hibernate.type.BasicTypeRegistry - Adding type registration string -> org.hibernate.type.StringType@13c3c1e1
12:38:54.748 [main] DEBUG o.hibernate.type.BasicTypeRegistry - Adding type registration java.lang.String -> org.hibernate.type.StringType@13c3c1e1
12:38:54.748 [main] DEBUG o.hibernate.type.BasicTypeRegistry - Adding type registration nstring -> org.hibernate.type.StringNVarcharType@36546a22
12:38:54.748 [main] DEBUG o.hibernate.type.BasicTypeRegistry - Adding type registration ncharacter -> org.hibernate.type.CharacterNCharType@2c88b9fc
12:38:54.749 [main] DEBUG o.hibernate.type.BasicTypeRegistry - Adding type registration url -> org.hibernate.type.UrlType@3d484181
12:38:54.749 [main] DEBUG o.hibernate.type.BasicTypeRegistry - Adding type registration java.net.URL -> org.hibernate.type.UrlType@3d484181
12:38:54.749 [main] DEBUG o.hibernate.type.BasicTypeRegistry - Adding type registration Duration -> org.hibernate.type.DurationType@11eadcba
12:38:54.749 [main] DEBUG o.hibernate.type.BasicTypeRegistry - Adding type registration java.time.Duration -> org.hibernate.type.DurationType@11eadcba
12:38:54.750 [main] DEBUG o.hibernate.type.BasicTypeRegistry - Adding type registration Instant -> org.hibernate.type.InstantType@5827af16
12:38:54.750 [main] DEBUG o.hibernate.type.BasicTypeRegistry - Adding type registration java.time.Instant -> org.hibernate.type.InstantType@5827af16
12:38:54.751 [main] DEBUG o.hibernate.type.BasicTypeRegistry - Adding type registration LocalDateTime -> org.hibernate.type.LocalDateTimeType@12dae582
12:38:54.751 [main] DEBUG o.hibernate.type.BasicTypeRegistry - Adding type registration java.time.LocalDateTime -> org.hibernate.type.LocalDateTimeType@12dae582
12:38:54.752 [main] DEBUG o.hibernate.type.BasicTypeRegistry - Adding type registration LocalDate -> org.hibernate.type.LocalDateType@2bef51f2
12:38:54.752 [main] DEBUG o.hibernate.type.BasicTypeRegistry - Adding type registration java.time.LocalDate -> org.hibernate.type.LocalDateType@2bef51f2
12:38:54.753 [main] DEBUG o.hibernate.type.BasicTypeRegistry - Adding type registration LocalTime -> org.hibernate.type.LocalTimeType@24d4d7c9
12:38:54.753 [main] DEBUG o.hibernate.type.BasicTypeRegistry - Adding type registration java.time.LocalTime -> org.hibernate.type.LocalTimeType@24d4d7c9
12:38:54.754 [main] DEBUG o.hibernate.type.BasicTypeRegistry - Adding type registration OffsetDateTime -> org.hibernate.type.OffsetDateTimeType@3c435123
12:38:54.754 [main] DEBUG o.hibernate.type.BasicTypeRegistry - Adding type registration java.time.OffsetDateTime -> org.hibernate.type.OffsetDateTimeType@3c435123
12:38:54.755 [main] DEBUG o.hibernate.type.BasicTypeRegistry - Adding type registration OffsetTime -> org.hibernate.type.OffsetTimeType@5357c287
12:38:54.755 [main] DEBUG o.hibernate.type.BasicTypeRegistry - Adding type registration java.time.OffsetTime -> org.hibernate.type.OffsetTimeType@5357c287
12:38:54.755 [main] DEBUG o.hibernate.type.BasicTypeRegistry - Adding type registration ZonedDateTime -> org.hibernate.type.ZonedDateTimeType@5b04476e
12:38:54.755 [main] DEBUG o.hibernate.type.BasicTypeRegistry - Adding type registration java.time.ZonedDateTime -> org.hibernate.type.ZonedDateTimeType@5b04476e
12:38:54.757 [main] DEBUG o.hibernate.type.BasicTypeRegistry - Adding type registration date -> org.hibernate.type.DateType@1bb1fde8
12:38:54.757 [main] DEBUG o.hibernate.type.BasicTypeRegistry - Adding type registration java.sql.Date -> org.hibernate.type.DateType@1bb1fde8
12:38:54.758 [main] DEBUG o.hibernate.type.BasicTypeRegistry - Adding type registration time -> org.hibernate.type.TimeType@6e1d8f9e
12:38:54.758 [main] DEBUG o.hibernate.type.BasicTypeRegistry - Adding type registration java.sql.Time -> org.hibernate.type.TimeType@6e1d8f9e
12:38:54.759 [main] DEBUG o.hibernate.type.BasicTypeRegistry - Adding type registration timestamp -> org.hibernate.type.TimestampType@5d018107
12:38:54.759 [main] DEBUG o.hibernate.type.BasicTypeRegistry - Adding type registration java.sql.Timestamp -> org.hibernate.type.TimestampType@5d018107
12:38:54.759 [main] DEBUG o.hibernate.type.BasicTypeRegistry - Adding type registration java.util.Date -> org.hibernate.type.TimestampType@5d018107
12:38:54.761 [main] DEBUG o.hibernate.type.BasicTypeRegistry - Adding type registration dbtimestamp -> org.hibernate.type.DbTimestampType@339bf286
12:38:54.762 [main] DEBUG o.hibernate.type.BasicTypeRegistry - Adding type registration calendar -> org.hibernate.type.CalendarType@557a1e2d
12:38:54.762 [main] DEBUG o.hibernate.type.BasicTypeRegistry - Adding type registration java.util.Calendar -> org.hibernate.type.CalendarType@557a1e2d
12:38:54.762 [main] DEBUG o.hibernate.type.BasicTypeRegistry - Adding type registration java.util.GregorianCalendar -> org.hibernate.type.CalendarType@557a1e2d
12:38:54.762 [main] DEBUG o.hibernate.type.BasicTypeRegistry - Adding type registration calendar_date -> org.hibernate.type.CalendarDateType@31e75d13
12:38:54.763 [main] DEBUG o.hibernate.type.BasicTypeRegistry - Adding type registration calendar_time -> org.hibernate.type.CalendarTimeType@2f9a01c1
12:38:54.763 [main] DEBUG o.hibernate.type.BasicTypeRegistry - Adding type registration locale -> org.hibernate.type.LocaleType@5778826f
12:38:54.763 [main] DEBUG o.hibernate.type.BasicTypeRegistry - Adding type registration java.util.Locale -> org.hibernate.type.LocaleType@5778826f
12:38:54.764 [main] DEBUG o.hibernate.type.BasicTypeRegistry - Adding type registration currency -> org.hibernate.type.CurrencyType@15c25153
12:38:54.764 [main] DEBUG o.hibernate.type.BasicTypeRegistry - Adding type registration java.util.Currency -> org.hibernate.type.CurrencyType@15c25153
12:38:54.765 [main] DEBUG o.hibernate.type.BasicTypeRegistry - Adding type registration timezone -> org.hibernate.type.TimeZoneType@5b408dc3
12:38:54.765 [main] DEBUG o.hibernate.type.BasicTypeRegistry - Adding type registration java.util.TimeZone -> org.hibernate.type.TimeZoneType@5b408dc3
12:38:54.765 [main] DEBUG o.hibernate.type.BasicTypeRegistry - Adding type registration class -> org.hibernate.type.ClassType@2692b61e
12:38:54.765 [main] DEBUG o.hibernate.type.BasicTypeRegistry - Adding type registration java.lang.Class -> org.hibernate.type.ClassType@2692b61e
12:38:54.766 [main] DEBUG o.hibernate.type.BasicTypeRegistry - Adding type registration uuid-binary -> org.hibernate.type.UUIDBinaryType@4f2613d1
12:38:54.766 [main] DEBUG o.hibernate.type.BasicTypeRegistry - Adding type registration java.util.UUID -> org.hibernate.type.UUIDBinaryType@4f2613d1
12:38:54.766 [main] DEBUG o.hibernate.type.BasicTypeRegistry - Adding type registration uuid-char -> org.hibernate.type.UUIDCharType@878452d
12:38:54.766 [main] DEBUG o.hibernate.type.BasicTypeRegistry - Adding type registration binary -> org.hibernate.type.BinaryType@665e9289
12:38:54.767 [main] DEBUG o.hibernate.type.BasicTypeRegistry - Adding type registration byte[] -> org.hibernate.type.BinaryType@665e9289
12:38:54.767 [main] DEBUG o.hibernate.type.BasicTypeRegistry - Adding type registration [B -> org.hibernate.type.BinaryType@665e9289
12:38:54.767 [main] DEBUG o.hibernate.type.BasicTypeRegistry - Adding type registration wrapper-binary -> org.hibernate.type.WrapperBinaryType@165b2f7f
12:38:54.767 [main] DEBUG o.hibernate.type.BasicTypeRegistry - Adding type registration Byte[] -> org.hibernate.type.WrapperBinaryType@165b2f7f
12:38:54.767 [main] DEBUG o.hibernate.type.BasicTypeRegistry - Adding type registration [Ljava.lang.Byte; -> org.hibernate.type.WrapperBinaryType@165b2f7f
12:38:54.768 [main] DEBUG o.hibernate.type.BasicTypeRegistry - Adding type registration row_version -> org.hibernate.type.RowVersionType@292d1c71
12:38:54.768 [main] DEBUG o.hibernate.type.BasicTypeRegistry - Adding type registration image -> org.hibernate.type.ImageType@5ddabb18
12:38:54.769 [main] DEBUG o.hibernate.type.BasicTypeRegistry - Adding type registration characters -> org.hibernate.type.CharArrayType@28d6290
12:38:54.769 [main] DEBUG o.hibernate.type.BasicTypeRegistry - Adding type registration char[] -> org.hibernate.type.CharArrayType@28d6290
12:38:54.769 [main] DEBUG o.hibernate.type.BasicTypeRegistry - Adding type registration [C -> org.hibernate.type.CharArrayType@28d6290
12:38:54.769 [main] DEBUG o.hibernate.type.BasicTypeRegistry - Adding type registration wrapper-characters -> org.hibernate.type.CharacterArrayType@77602954
12:38:54.769 [main] DEBUG o.hibernate.type.BasicTypeRegistry - Adding type registration [Ljava.lang.Character; -> org.hibernate.type.CharacterArrayType@77602954
12:38:54.770 [main] DEBUG o.hibernate.type.BasicTypeRegistry - Adding type registration Character[] -> org.hibernate.type.CharacterArrayType@77602954
12:38:54.770 [main] DEBUG o.hibernate.type.BasicTypeRegistry - Adding type registration text -> org.hibernate.type.TextType@4275c20c
12:38:54.771 [main] DEBUG o.hibernate.type.BasicTypeRegistry - Adding type registration ntext -> org.hibernate.type.NTextType@2cac4385
12:38:54.772 [main] DEBUG o.hibernate.type.BasicTypeRegistry - Adding type registration blob -> org.hibernate.type.BlobType@2c104774
12:38:54.772 [main] DEBUG o.hibernate.type.BasicTypeRegistry - Adding type registration java.sql.Blob -> org.hibernate.type.BlobType@2c104774
12:38:54.772 [main] DEBUG o.hibernate.type.BasicTypeRegistry - Adding type registration materialized_blob -> org.hibernate.type.MaterializedBlobType@6a66a204
12:38:54.773 [main] DEBUG o.hibernate.type.BasicTypeRegistry - Adding type registration clob -> org.hibernate.type.ClobType@65aa6596
12:38:54.773 [main] DEBUG o.hibernate.type.BasicTypeRegistry - Adding type registration java.sql.Clob -> org.hibernate.type.ClobType@65aa6596
12:38:54.774 [main] DEBUG o.hibernate.type.BasicTypeRegistry - Adding type registration nclob -> org.hibernate.type.NClobType@58670130
12:38:54.774 [main] DEBUG o.hibernate.type.BasicTypeRegistry - Adding type registration java.sql.NClob -> org.hibernate.type.NClobType@58670130
12:38:54.774 [main] DEBUG o.hibernate.type.BasicTypeRegistry - Adding type registration materialized_clob -> org.hibernate.type.MaterializedClobType@39dcf4b0
12:38:54.774 [main] DEBUG o.hibernate.type.BasicTypeRegistry - Adding type registration materialized_nclob -> org.hibernate.type.MaterializedNClobType@18518ccf
12:38:54.775 [main] DEBUG o.hibernate.type.BasicTypeRegistry - Adding type registration serializable -> org.hibernate.type.SerializableType@1cd201a8
12:38:54.777 [main] DEBUG o.hibernate.type.BasicTypeRegistry - Adding type registration object -> org.hibernate.type.ObjectType@b40bb6e
12:38:54.777 [main] DEBUG o.hibernate.type.BasicTypeRegistry - Adding type registration java.lang.Object -> org.hibernate.type.ObjectType@b40bb6e
12:38:54.777 [main] DEBUG o.hibernate.type.BasicTypeRegistry - Adding type registration imm_date -> org.hibernate.type.AdaptedImmutableType@631e06ab
12:38:54.777 [main] DEBUG o.hibernate.type.BasicTypeRegistry - Adding type registration imm_time -> org.hibernate.type.AdaptedImmutableType@2a3591c5
12:38:54.777 [main] DEBUG o.hibernate.type.BasicTypeRegistry - Adding type registration imm_timestamp -> org.hibernate.type.AdaptedImmutableType@34a75079
12:38:54.777 [main] DEBUG o.hibernate.type.BasicTypeRegistry - Adding type registration imm_dbtimestamp -> org.hibernate.type.AdaptedImmutableType@346a361
12:38:54.777 [main] DEBUG o.hibernate.type.BasicTypeRegistry - Adding type registration imm_calendar -> org.hibernate.type.AdaptedImmutableType@107ed6fc
12:38:54.777 [main] DEBUG o.hibernate.type.BasicTypeRegistry - Adding type registration imm_calendar_date -> org.hibernate.type.AdaptedImmutableType@1643d68f
12:38:54.777 [main] DEBUG o.hibernate.type.BasicTypeRegistry - Adding type registration imm_binary -> org.hibernate.type.AdaptedImmutableType@186978a6
12:38:54.777 [main] DEBUG o.hibernate.type.BasicTypeRegistry - Adding type registration imm_serializable -> org.hibernate.type.AdaptedImmutableType@2e029d61
12:38:54.786 [main] DEBUG o.h.b.internal.BootstrapContextImpl - Injecting ScanEnvironment [org.hibernate.jpa.boot.internal.StandardJpaScanEnvironmentImpl@757d6814] into BootstrapContext; was [null]
12:38:54.786 [main] DEBUG o.h.b.internal.BootstrapContextImpl - Injecting ScanOptions [org.hibernate.boot.archive.scan.internal.StandardScanOptions@649725e3] into BootstrapContext; was [org.hibernate.boot.archive.scan.internal.StandardScanOptions@3c0fae6c]
12:38:54.828 [main] DEBUG o.h.b.internal.BootstrapContextImpl - Injecting JPA temp ClassLoader [null] into BootstrapContext; was [null]
12:38:54.828 [main] DEBUG o.h.b.internal.ClassLoaderAccessImpl - ClassLoaderAccessImpl#injectTempClassLoader(null) [was null]
12:38:54.835 [main] DEBUG o.h.i.f.i.DefaultIdentifierGeneratorFactory - Registering IdentifierGenerator strategy [uuid2] -> [org.hibernate.id.UUIDGenerator]
12:38:54.835 [main] DEBUG o.h.i.f.i.DefaultIdentifierGeneratorFactory - Registering IdentifierGenerator strategy [guid] -> [org.hibernate.id.GUIDGenerator]
12:38:54.836 [main] DEBUG o.h.i.f.i.DefaultIdentifierGeneratorFactory - Registering IdentifierGenerator strategy [uuid] -> [org.hibernate.id.UUIDHexGenerator]
12:38:54.836 [main] DEBUG o.h.i.f.i.DefaultIdentifierGeneratorFactory - Registering IdentifierGenerator strategy [uuid.hex] -> [org.hibernate.id.UUIDHexGenerator]
12:38:54.836 [main] DEBUG o.h.i.f.i.DefaultIdentifierGeneratorFactory - Registering IdentifierGenerator strategy [assigned] -> [org.hibernate.id.Assigned]
12:38:54.837 [main] DEBUG o.h.i.f.i.DefaultIdentifierGeneratorFactory - Registering IdentifierGenerator strategy [identity] -> [org.hibernate.id.IdentityGenerator]
12:38:54.837 [main] DEBUG o.h.i.f.i.DefaultIdentifierGeneratorFactory - Registering IdentifierGenerator strategy [select] -> [org.hibernate.id.SelectGenerator]
12:38:54.838 [main] DEBUG o.h.i.f.i.DefaultIdentifierGeneratorFactory - Registering IdentifierGenerator strategy [sequence] -> [org.hibernate.id.enhanced.SequenceStyleGenerator]
12:38:54.839 [main] DEBUG o.h.i.f.i.DefaultIdentifierGeneratorFactory - Registering IdentifierGenerator strategy [seqhilo] -> [org.hibernate.id.SequenceHiLoGenerator]
12:38:54.839 [main] DEBUG o.h.i.f.i.DefaultIdentifierGeneratorFactory - Registering IdentifierGenerator strategy [increment] -> [org.hibernate.id.IncrementGenerator]
12:38:54.839 [main] DEBUG o.h.i.f.i.DefaultIdentifierGeneratorFactory - Registering IdentifierGenerator strategy [foreign] -> [org.hibernate.id.ForeignGenerator]
12:38:54.840 [main] DEBUG o.h.i.f.i.DefaultIdentifierGeneratorFactory - Registering IdentifierGenerator strategy [sequence-identity] -> [org.hibernate.id.SequenceIdentityGenerator]
12:38:54.840 [main] DEBUG o.h.i.f.i.DefaultIdentifierGeneratorFactory - Registering IdentifierGenerator strategy [enhanced-sequence] -> [org.hibernate.id.enhanced.SequenceStyleGenerator]
12:38:54.841 [main] DEBUG o.h.i.f.i.DefaultIdentifierGeneratorFactory - Registering IdentifierGenerator strategy [enhanced-table] -> [org.hibernate.id.enhanced.TableGenerator]
12:38:54.844 [main] WARN  o.hibernate.orm.connections.pooling - HHH10001002: Using Hibernate built-in connection pool (not for production use!)
12:38:54.847 [main] INFO  o.hibernate.orm.connections.pooling - HHH10001005: using driver [org.postgresql.Driver] at URL [jdbc:postgresql://localhost:5432/BuildWeek]
12:38:54.847 [main] INFO  o.hibernate.orm.connections.pooling - HHH10001001: Connection properties: {password=root, user=postgres}
12:38:54.847 [main] INFO  o.hibernate.orm.connections.pooling - HHH10001003: Autocommit mode: false
12:38:54.849 [main] DEBUG o.h.e.j.c.i.DriverManagerConnectionProviderImpl - Initializing Connection pool with 1 Connections
12:38:54.849 [main] INFO  o.h.e.j.c.i.DriverManagerConnectionProviderImpl - HHH000115: Hibernate connection pool size: 20 (min=1)
12:38:55.027 [main] DEBUG o.h.e.j.e.i.JdbcEnvironmentInitiator - Database ->
       name : PostgreSQL
    version : 15.3
      major : 15
      minor : 3
12:38:55.028 [main] DEBUG o.h.e.j.e.i.JdbcEnvironmentInitiator - Driver ->
       name : PostgreSQL JDBC Driver
    version : 42.6.0
      major : 42
      minor : 6
12:38:55.028 [main] DEBUG o.h.e.j.e.i.JdbcEnvironmentInitiator - JDBC version : 4.2
12:38:55.036 [main] INFO  org.hibernate.dialect.Dialect - HHH000400: Using dialect: org.hibernate.dialect.PostgreSQLDialect
12:38:55.046 [main] DEBUG o.h.e.j.e.s.IdentifierHelperBuilder - JDBC driver metadata reported database stores quoted identifiers in neither upper, lower nor mixed case
12:38:55.069 [main] DEBUG o.hibernate.type.BasicTypeRegistry - Adding type registration pg-uuid -> org.hibernate.type.PostgresUUIDType@1d207fad
12:38:55.069 [main] DEBUG o.hibernate.type.BasicTypeRegistry - Adding type registration java.util.UUID -> org.hibernate.type.PostgresUUIDType@1d207fad
12:38:55.069 [main] DEBUG o.hibernate.type.BasicTypeRegistry - HHH000270: Type registration [java.util.UUID] overrides previous : org.hibernate.type.UUIDBinaryType@4f2613d1
12:38:55.071 [main] DEBUG o.h.type.spi.TypeConfiguration$Scope - Scoping TypeConfiguration [org.hibernate.type.spi.TypeConfiguration@6d2d99fc] to MetadataBuildingContext [org.hibernate.boot.internal.MetadataBuildingContextRootImpl@bdecc21]
12:38:55.096 [main] DEBUG o.h.boot.model.relational.Namespace - Created database namespace [logicalName=Name{catalog=null, schema=null}, physicalName=Name{catalog=null, schema=null}]
12:38:55.105 [main] DEBUG org.hibernate.cfg.AnnotationBinder - Binding entity from annotated class: Abstract.TicketSeller
12:38:55.116 [main] DEBUG org.hibernate.cfg.Ejb3Column - Binding column: Ejb3DiscriminatorColumn{logicalColumnName'type', discriminatorTypeName='string'}
12:38:55.120 [main] DEBUG o.h.cfg.annotations.EntityBinder - Import with entity name TicketSeller
12:38:55.124 [main] DEBUG o.h.cfg.annotations.EntityBinder - Bind entity Abstract.TicketSeller on table TicketSeller
12:38:55.140 [main] DEBUG org.hibernate.cfg.Ejb3Column - Binding column: Ejb3Column{table=org.hibernate.mapping.Table(TicketSeller), mappingColumn=id, insertable=true, updatable=true, unique=false}
12:38:55.142 [main] DEBUG o.h.b.internal.ClassLoaderAccessImpl - Not known whether passed class name [Abstract.TicketSeller] is safe
12:38:55.142 [main] DEBUG o.h.b.internal.ClassLoaderAccessImpl - No temp ClassLoader provided; using live ClassLoader for loading potentially unsafe class : Abstract.TicketSeller
12:38:55.143 [main] DEBUG o.h.cfg.annotations.PropertyBinder - MetadataSourceProcessor property id with lazy=false
12:38:55.144 [main] DEBUG o.h.cfg.AbstractPropertyHolder - Attempting to locate auto-apply AttributeConverter for property [Abstract.TicketSeller:id]
12:38:55.145 [main] DEBUG o.h.c.annotations.SimpleValueBinder - building SimpleValue for id
12:38:55.146 [main] DEBUG o.h.cfg.annotations.PropertyBinder - Building property id
12:38:55.149 [main] DEBUG org.hibernate.cfg.BinderHelper - #makeIdGenerator(org.hibernate.mapping.SimpleValue([org.hibernate.mapping.Column(id)]), id, org.hibernate.id.enhanced.SequenceStyleGenerator, elCat_seq, ...)
12:38:55.151 [main] DEBUG org.hibernate.cfg.Ejb3Column - Binding column: Ejb3Column{table=org.hibernate.mapping.Table(TicketSeller), mappingColumn=seller_name, insertable=true, updatable=true, unique=false}
12:38:55.151 [main] DEBUG o.h.cfg.annotations.PropertyBinder - MetadataSourceProcessor property name with lazy=false
12:38:55.151 [main] DEBUG o.h.cfg.AbstractPropertyHolder - Attempting to locate auto-apply AttributeConverter for property [Abstract.TicketSeller:name]
12:38:55.151 [main] DEBUG o.h.c.annotations.SimpleValueBinder - building SimpleValue for name
12:38:55.152 [main] DEBUG o.h.cfg.annotations.PropertyBinder - Building property name
12:38:55.153 [main] DEBUG org.hibernate.cfg.Ejb3Column - Binding column: Ejb3JoinColumn{logicalColumnName='null', referencedColumn='null', mappedBy=''}
12:38:55.153 [main] DEBUG org.hibernate.cfg.Ejb3Column - Binding column: Ejb3Column{table=org.hibernate.mapping.Table(TicketSeller), mappingColumn=passes, insertable=true, updatable=true, unique=false}
12:38:55.155 [main] DEBUG org.hibernate.cfg.Ejb3Column - Binding column: Ejb3Column{table=org.hibernate.mapping.Table(TicketSeller), mappingColumn=null, insertable=true, updatable=true, unique=false}
12:38:55.160 [main] DEBUG org.hibernate.cfg.Ejb3Column - Binding column: Ejb3Column{table=org.hibernate.mapping.Table(TicketSeller), mappingColumn=element, insertable=true, updatable=true, unique=false}
12:38:55.160 [main] DEBUG org.hibernate.cfg.Ejb3Column - Binding column: Ejb3Column{table=org.hibernate.mapping.Table(TicketSeller), mappingColumn=passes_KEY, insertable=true, updatable=true, unique=false}
12:38:55.160 [main] DEBUG org.hibernate.cfg.Ejb3Column - Binding column: Ejb3JoinColumn{logicalColumnName='passes_KEY', referencedColumn='null', mappedBy='null'}
12:38:55.162 [main] DEBUG org.hibernate.cfg.Ejb3Column - Binding column: Ejb3JoinColumn{logicalColumnName='null', referencedColumn='null', mappedBy=''}
12:38:55.162 [main] DEBUG org.hibernate.cfg.Ejb3Column - Binding column: Ejb3JoinColumn{logicalColumnName='null', referencedColumn='null', mappedBy=''}
12:38:55.163 [main] DEBUG o.h.cfg.annotations.CollectionBinder - Collection role: Abstract.TicketSeller.passes
12:38:55.164 [main] DEBUG o.h.cfg.annotations.PropertyBinder - Building property passes
12:38:55.164 [main] DEBUG org.hibernate.cfg.Ejb3Column - Binding column: Ejb3JoinColumn{logicalColumnName='null', referencedColumn='null', mappedBy=''}
12:38:55.164 [main] DEBUG org.hibernate.cfg.Ejb3Column - Binding column: Ejb3Column{table=org.hibernate.mapping.Table(TicketSeller), mappingColumn=tickets, insertable=true, updatable=true, unique=false}
12:38:55.164 [main] DEBUG org.hibernate.cfg.Ejb3Column - Binding column: Ejb3Column{table=org.hibernate.mapping.Table(TicketSeller), mappingColumn=null, insertable=true, updatable=true, unique=false}
12:38:55.164 [main] DEBUG org.hibernate.cfg.Ejb3Column - Binding column: Ejb3Column{table=org.hibernate.mapping.Table(TicketSeller), mappingColumn=element, insertable=true, updatable=true, unique=false}
12:38:55.164 [main] DEBUG org.hibernate.cfg.Ejb3Column - Binding column: Ejb3Column{table=org.hibernate.mapping.Table(TicketSeller), mappingColumn=tickets_KEY, insertable=true, updatable=true, unique=false}
12:38:55.164 [main] DEBUG org.hibernate.cfg.Ejb3Column - Binding column: Ejb3JoinColumn{logicalColumnName='tickets_KEY', referencedColumn='null', mappedBy='null'}
12:38:55.165 [main] DEBUG org.hibernate.cfg.Ejb3Column - Binding column: Ejb3JoinColumn{logicalColumnName='null', referencedColumn='null', mappedBy=''}
12:38:55.165 [main] DEBUG org.hibernate.cfg.Ejb3Column - Binding column: Ejb3JoinColumn{logicalColumnName='null', referencedColumn='null', mappedBy=''}
12:38:55.165 [main] DEBUG o.h.cfg.annotations.CollectionBinder - Collection role: Abstract.TicketSeller.tickets
12:38:55.165 [main] DEBUG o.h.cfg.annotations.PropertyBinder - Building property tickets
12:38:55.168 [main] DEBUG org.hibernate.cfg.AnnotationBinder - Binding entity from annotated class: Classes.Card
12:38:55.169 [main] DEBUG org.hibernate.cfg.Ejb3Column - Binding column: Ejb3DiscriminatorColumn{logicalColumnName'DTYPE', discriminatorTypeName='string'}
12:38:55.169 [main] DEBUG o.h.cfg.annotations.EntityBinder - Import with entity name Card
12:38:55.169 [main] DEBUG o.h.cfg.annotations.EntityBinder - Bind entity Classes.Card on table Card
12:38:55.170 [main] DEBUG org.hibernate.cfg.Ejb3Column - Binding column: Ejb3Column{table=org.hibernate.mapping.Table(Card), mappingColumn=id, insertable=true, updatable=true, unique=false}
12:38:55.170 [main] DEBUG o.h.b.internal.ClassLoaderAccessImpl - Not known whether passed class name [Classes.Card] is safe
12:38:55.170 [main] DEBUG o.h.b.internal.ClassLoaderAccessImpl - No temp ClassLoader provided; using live ClassLoader for loading potentially unsafe class : Classes.Card
12:38:55.170 [main] DEBUG o.h.cfg.annotations.PropertyBinder - MetadataSourceProcessor property id with lazy=false
12:38:55.170 [main] DEBUG o.h.cfg.AbstractPropertyHolder - Attempting to locate auto-apply AttributeConverter for property [Classes.Card:id]
12:38:55.170 [main] DEBUG o.h.c.annotations.SimpleValueBinder - building SimpleValue for id
12:38:55.170 [main] DEBUG o.h.cfg.annotations.PropertyBinder - Building property id
12:38:55.170 [main] DEBUG org.hibernate.cfg.BinderHelper - #makeIdGenerator(org.hibernate.mapping.SimpleValue([org.hibernate.mapping.Column(id)]), id, identity, , ...)
12:38:55.170 [main] DEBUG org.hibernate.cfg.Ejb3Column - Binding column: Ejb3Column{table=org.hibernate.mapping.Table(Card), mappingColumn=emissionDate, insertable=true, updatable=true, unique=false}
12:38:55.170 [main] DEBUG o.h.cfg.annotations.PropertyBinder - MetadataSourceProcessor property emissionDate with lazy=false
12:38:55.170 [main] DEBUG o.h.cfg.AbstractPropertyHolder - Attempting to locate auto-apply AttributeConverter for property [Classes.Card:emissionDate]
12:38:55.170 [main] DEBUG o.h.c.annotations.SimpleValueBinder - building SimpleValue for emissionDate
12:38:55.171 [main] DEBUG o.h.cfg.annotations.PropertyBinder - Building property emissionDate
12:38:55.171 [main] DEBUG org.hibernate.cfg.Ejb3Column - Binding column: Ejb3Column{table=org.hibernate.mapping.Table(Card), mappingColumn=expirationDate, insertable=true, updatable=true, unique=false}
12:38:55.171 [main] DEBUG o.h.cfg.annotations.PropertyBinder - MetadataSourceProcessor property expirationDate with lazy=false
12:38:55.171 [main] DEBUG o.h.cfg.AbstractPropertyHolder - Attempting to locate auto-apply AttributeConverter for property [Classes.Card:expirationDate]
12:38:55.171 [main] DEBUG o.h.c.annotations.SimpleValueBinder - building SimpleValue for expirationDate
12:38:55.171 [main] DEBUG o.h.cfg.annotations.PropertyBinder - Building property expirationDate
12:38:55.171 [main] DEBUG org.hibernate.cfg.Ejb3Column - Binding column: Ejb3JoinColumn{logicalColumnName='null', referencedColumn='null', mappedBy='cardNum'}
12:38:55.171 [main] DEBUG org.hibernate.cfg.Ejb3Column - Binding column: Ejb3Column{table=org.hibernate.mapping.Table(Card), mappingColumn=person, insertable=true, updatable=true, unique=false}
12:38:55.173 [main] DEBUG org.hibernate.cfg.AnnotationBinder - Binding entity from annotated class: Classes.Person
12:38:55.173 [main] DEBUG org.hibernate.cfg.Ejb3Column - Binding column: Ejb3DiscriminatorColumn{logicalColumnName'DTYPE', discriminatorTypeName='string'}
12:38:55.173 [main] DEBUG o.h.cfg.annotations.EntityBinder - Import with entity name Person
12:38:55.173 [main] DEBUG o.h.cfg.annotations.EntityBinder - Bind entity Classes.Person on table Person
12:38:55.174 [main] DEBUG org.hibernate.cfg.Ejb3Column - Binding column: Ejb3Column{table=org.hibernate.mapping.Table(Person), mappingColumn=id, insertable=true, updatable=true, unique=false}
12:38:55.174 [main] DEBUG o.h.b.internal.ClassLoaderAccessImpl - Not known whether passed class name [Classes.Person] is safe
12:38:55.174 [main] DEBUG o.h.b.internal.ClassLoaderAccessImpl - No temp ClassLoader provided; using live ClassLoader for loading potentially unsafe class : Classes.Person
12:38:55.174 [main] DEBUG o.h.cfg.annotations.PropertyBinder - MetadataSourceProcessor property id with lazy=false
12:38:55.174 [main] DEBUG o.h.cfg.AbstractPropertyHolder - Attempting to locate auto-apply AttributeConverter for property [Classes.Person:id]
12:38:55.174 [main] DEBUG o.h.c.annotations.SimpleValueBinder - building SimpleValue for id
12:38:55.174 [main] DEBUG o.h.cfg.annotations.PropertyBinder - Building property id
12:38:55.175 [main] DEBUG org.hibernate.cfg.BinderHelper - #makeIdGenerator(org.hibernate.mapping.SimpleValue([org.hibernate.mapping.Column(id)]), id, identity, , ...)
12:38:55.175 [main] DEBUG org.hibernate.cfg.Ejb3Column - Binding column: Ejb3Column{table=org.hibernate.mapping.Table(Person), mappingColumn=birthdate, insertable=true, updatable=true, unique=false}
12:38:55.175 [main] DEBUG o.h.cfg.annotations.PropertyBinder - MetadataSourceProcessor property birthdate with lazy=false
12:38:55.175 [main] DEBUG o.h.cfg.AbstractPropertyHolder - Attempting to locate auto-apply AttributeConverter for property [Classes.Person:birthdate]
12:38:55.175 [main] DEBUG o.h.c.annotations.SimpleValueBinder - building SimpleValue for birthdate
12:38:55.175 [main] DEBUG o.h.cfg.annotations.PropertyBinder - Building property birthdate
12:38:55.175 [main] DEBUG org.hibernate.cfg.Ejb3Column - Binding column: Ejb3JoinColumn{logicalColumnName='null', referencedColumn='null', mappedBy=''}
12:38:55.175 [main] DEBUG org.hibernate.cfg.Ejb3Column - Binding column: Ejb3Column{table=org.hibernate.mapping.Table(Person), mappingColumn=cardNum, insertable=true, updatable=true, unique=false}
12:38:55.176 [main] DEBUG o.h.cfg.annotations.PropertyBinder - Building property cardNum
12:38:55.176 [main] DEBUG org.hibernate.cfg.Ejb3Column - Binding column: Ejb3Column{table=org.hibernate.mapping.Table(Person), mappingColumn=firstName, insertable=true, updatable=true, unique=false}
12:38:55.176 [main] DEBUG o.h.cfg.annotations.PropertyBinder - MetadataSourceProcessor property firstName with lazy=false
12:38:55.176 [main] DEBUG o.h.cfg.AbstractPropertyHolder - Attempting to locate auto-apply AttributeConverter for property [Classes.Person:firstName]
12:38:55.176 [main] DEBUG o.h.c.annotations.SimpleValueBinder - building SimpleValue for firstName
12:38:55.176 [main] DEBUG o.h.cfg.annotations.PropertyBinder - Building property firstName
12:38:55.176 [main] DEBUG org.hibernate.cfg.Ejb3Column - Binding column: Ejb3Column{table=org.hibernate.mapping.Table(Person), mappingColumn=lastName, insertable=true, updatable=true, unique=false}
12:38:55.176 [main] DEBUG o.h.cfg.annotations.PropertyBinder - MetadataSourceProcessor property lastName with lazy=false
12:38:55.176 [main] DEBUG o.h.cfg.AbstractPropertyHolder - Attempting to locate auto-apply AttributeConverter for property [Classes.Person:lastName]
12:38:55.177 [main] DEBUG o.h.c.annotations.SimpleValueBinder - building SimpleValue for lastName
12:38:55.177 [main] DEBUG o.h.cfg.annotations.PropertyBinder - Building property lastName
12:38:55.177 [main] DEBUG org.hibernate.cfg.AnnotationBinder - Binding entity from annotated class: Classes.Ticket
12:38:55.177 [main] DEBUG org.hibernate.cfg.Ejb3Column - Binding column: Ejb3DiscriminatorColumn{logicalColumnName'DTYPE', discriminatorTypeName='string'}
12:38:55.177 [main] DEBUG o.h.cfg.annotations.EntityBinder - Import with entity name Ticket
12:38:55.177 [main] DEBUG o.h.cfg.annotations.EntityBinder - Bind entity Classes.Ticket on table Ticket
12:38:55.179 [main] DEBUG org.hibernate.cfg.Ejb3Column - Binding column: Ejb3Column{table=org.hibernate.mapping.Table(Ticket), mappingColumn=id, insertable=true, updatable=true, unique=false}
12:38:55.179 [main] DEBUG o.h.b.internal.ClassLoaderAccessImpl - Not known whether passed class name [Classes.Ticket] is safe
12:38:55.179 [main] DEBUG o.h.b.internal.ClassLoaderAccessImpl - No temp ClassLoader provided; using live ClassLoader for loading potentially unsafe class : Classes.Ticket
12:38:55.179 [main] DEBUG o.h.cfg.annotations.PropertyBinder - MetadataSourceProcessor property id with lazy=false
12:38:55.179 [main] DEBUG o.h.cfg.AbstractPropertyHolder - Attempting to locate auto-apply AttributeConverter for property [Classes.Ticket:id]
12:38:55.179 [main] DEBUG o.h.c.annotations.SimpleValueBinder - building SimpleValue for id
12:38:55.179 [main] DEBUG o.h.cfg.annotations.PropertyBinder - Building property id
12:38:55.179 [main] DEBUG org.hibernate.cfg.BinderHelper - #makeIdGenerator(org.hibernate.mapping.SimpleValue([org.hibernate.mapping.Column(id)]), id, identity, , ...)
12:38:55.179 [main] DEBUG org.hibernate.cfg.Ejb3Column - Binding column: Ejb3JoinColumn{logicalColumnName='null', referencedColumn='null', mappedBy='null'}
12:38:55.180 [main] DEBUG org.hibernate.cfg.Ejb3Column - Binding column: Ejb3Column{table=org.hibernate.mapping.Table(Ticket), mappingColumn=seller, insertable=true, updatable=true, unique=false}
12:38:55.180 [main] DEBUG o.h.cfg.annotations.PropertyBinder - Building property seller
12:38:55.180 [main] DEBUG org.hibernate.cfg.AnnotationBinder - Binding entity from annotated class: Classes.Pass
12:38:55.180 [main] DEBUG o.h.cfg.annotations.EntityBinder - Import with entity name Pass
12:38:55.182 [main] DEBUG org.hibernate.cfg.Ejb3Column - Binding column: Ejb3JoinColumn{logicalColumnName='null', referencedColumn='null', mappedBy=''}
12:38:55.182 [main] DEBUG org.hibernate.cfg.Ejb3Column - Binding column: Ejb3Column{table=org.hibernate.mapping.Table(Ticket), mappingColumn=person, insertable=true, updatable=true, unique=false}
12:38:55.182 [main] DEBUG o.h.cfg.annotations.PropertyBinder - Building property person
12:38:55.182 [main] DEBUG org.hibernate.cfg.Ejb3Column - Binding column: Ejb3JoinColumn{logicalColumnName='null', referencedColumn='null', mappedBy='null'}
12:38:55.182 [main] DEBUG org.hibernate.cfg.Ejb3Column - Binding column: Ejb3Column{table=org.hibernate.mapping.Table(Ticket), mappingColumn=sellers, insertable=true, updatable=true, unique=false}
12:38:55.182 [main] DEBUG o.h.cfg.annotations.PropertyBinder - Building property sellers
12:38:55.182 [main] DEBUG org.hibernate.cfg.Ejb3Column - Binding column: Ejb3Column{table=org.hibernate.mapping.Table(Ticket), mappingColumn=validity, insertable=true, updatable=true, unique=false}
12:38:55.182 [main] DEBUG o.h.cfg.annotations.PropertyBinder - MetadataSourceProcessor property validity with lazy=false
12:38:55.182 [main] DEBUG o.h.cfg.AbstractPropertyHolder - Attempting to locate auto-apply AttributeConverter for property [Classes.Pass:validity]
12:38:55.183 [main] DEBUG o.h.c.annotations.SimpleValueBinder - building SimpleValue for validity
12:38:55.184 [main] DEBUG o.h.cfg.annotations.PropertyBinder - Building property validity
12:38:55.184 [main] DEBUG org.hibernate.cfg.AnnotationBinder - Binding entity from annotated class: Classes.Shop
12:38:55.184 [main] DEBUG o.h.cfg.annotations.EntityBinder - Import with entity name Shop
12:38:55.185 [main] DEBUG org.hibernate.cfg.AnnotationBinder - Skipping attribute [java.util.List : passes] as it was already processed as part of super hierarchy
12:38:55.185 [main] DEBUG org.hibernate.cfg.Ejb3Column - Binding column: Ejb3JoinColumn{logicalColumnName='null', referencedColumn='null', mappedBy=''}
12:38:55.185 [main] DEBUG org.hibernate.cfg.Ejb3Column - Binding column: Ejb3Column{table=org.hibernate.mapping.Table(TicketSeller), mappingColumn=people, insertable=true, updatable=true, unique=false}
12:38:55.185 [main] DEBUG org.hibernate.cfg.Ejb3Column - Binding column: Ejb3Column{table=org.hibernate.mapping.Table(TicketSeller), mappingColumn=null, insertable=true, updatable=true, unique=false}
12:38:55.185 [main] DEBUG org.hibernate.cfg.Ejb3Column - Binding column: Ejb3Column{table=org.hibernate.mapping.Table(TicketSeller), mappingColumn=element, insertable=true, updatable=true, unique=false}
12:38:55.185 [main] DEBUG org.hibernate.cfg.Ejb3Column - Binding column: Ejb3Column{table=org.hibernate.mapping.Table(TicketSeller), mappingColumn=people_KEY, insertable=true, updatable=true, unique=false}
12:38:55.185 [main] DEBUG org.hibernate.cfg.Ejb3Column - Binding column: Ejb3JoinColumn{logicalColumnName='people_KEY', referencedColumn='null', mappedBy='null'}
12:38:55.185 [main] DEBUG org.hibernate.cfg.Ejb3Column - Binding column: Ejb3JoinColumn{logicalColumnName='null', referencedColumn='null', mappedBy=''}
12:38:55.185 [main] DEBUG org.hibernate.cfg.Ejb3Column - Binding column: Ejb3JoinColumn{logicalColumnName='null', referencedColumn='null', mappedBy=''}
12:38:55.185 [main] DEBUG o.h.cfg.annotations.CollectionBinder - Collection role: Classes.Shop.people
12:38:55.185 [main] DEBUG o.h.cfg.annotations.PropertyBinder - Building property people
12:38:55.186 [main] DEBUG org.hibernate.cfg.AnnotationBinder - Skipping attribute [java.util.List : tickets] as it was already processed as part of super hierarchy
12:38:55.186 [main] DEBUG org.hibernate.cfg.AnnotationBinder - Binding entity from annotated class: Classes.VendingMachine
12:38:55.186 [main] DEBUG o.h.cfg.annotations.EntityBinder - Import with entity name VendingMachine
12:38:55.186 [main] DEBUG org.hibernate.cfg.Ejb3Column - Binding column: Ejb3Column{table=org.hibernate.mapping.Table(TicketSeller), mappingColumn=isWorking, insertable=true, updatable=true, unique=false}
12:38:55.187 [main] DEBUG o.h.cfg.annotations.PropertyBinder - MetadataSourceProcessor property isWorking with lazy=false
12:38:55.187 [main] DEBUG o.h.cfg.AbstractPropertyHolder - Attempting to locate auto-apply AttributeConverter for property [Classes.VendingMachine:isWorking]
12:38:55.187 [main] DEBUG o.h.c.annotations.SimpleValueBinder - building SimpleValue for isWorking
12:38:55.187 [main] DEBUG o.h.cfg.annotations.PropertyBinder - Building property isWorking
12:38:55.188 [main] DEBUG o.h.c.annotations.SimpleValueBinder - Starting fillSimpleValue for id
12:38:55.188 [main] DEBUG o.h.c.annotations.SimpleValueBinder - Starting fillSimpleValue for name
12:38:55.188 [main] DEBUG o.h.c.annotations.SimpleValueBinder - Starting fillSimpleValue for id
12:38:55.188 [main] DEBUG o.h.c.annotations.SimpleValueBinder - Starting fillSimpleValue for emissionDate
12:38:55.188 [main] DEBUG o.h.c.annotations.SimpleValueBinder - Starting fillSimpleValue for expirationDate
12:38:55.188 [main] DEBUG o.h.c.annotations.SimpleValueBinder - Starting fillSimpleValue for id
12:38:55.188 [main] DEBUG o.h.c.annotations.SimpleValueBinder - Starting fillSimpleValue for birthdate
12:38:55.190 [main] DEBUG o.h.c.annotations.SimpleValueBinder - Starting fillSimpleValue for firstName
12:38:55.190 [main] DEBUG o.h.c.annotations.SimpleValueBinder - Starting fillSimpleValue for lastName
12:38:55.190 [main] DEBUG o.h.c.annotations.SimpleValueBinder - Starting fillSimpleValue for id
12:38:55.190 [main] DEBUG o.h.c.annotations.SimpleValueBinder - Starting fillSimpleValue for validity
12:38:55.191 [main] DEBUG o.h.c.annotations.SimpleValueBinder - Starting fillSimpleValue for isWorking
12:38:55.194 [main] DEBUG org.hibernate.mapping.PrimaryKey - Forcing column [id] to be non-null as it is part of the primary key for table [ticketseller]
12:38:55.194 [main] DEBUG org.hibernate.mapping.PrimaryKey - Forcing column [id] to be non-null as it is part of the primary key for table [card]
12:38:55.194 [main] DEBUG org.hibernate.mapping.PrimaryKey - Forcing column [id] to be non-null as it is part of the primary key for table [person]
12:38:55.194 [main] DEBUG org.hibernate.mapping.PrimaryKey - Forcing column [id] to be non-null as it is part of the primary key for table [ticket]
12:38:55.194 [main] DEBUG o.hibernate.cfg.CollectionSecondPass - Second pass for collection: Classes.Shop.people
12:38:55.194 [main] DEBUG o.h.cfg.annotations.CollectionBinder - Binding a OneToMany: Classes.Shop.people through an association table
12:38:55.200 [main] DEBUG o.hibernate.cfg.CollectionSecondPass - Mapped collection key: Shop_id, element: people_id
12:38:55.200 [main] DEBUG o.hibernate.cfg.CollectionSecondPass - Second pass for collection: Abstract.TicketSeller.tickets
12:38:55.200 [main] DEBUG o.h.cfg.annotations.CollectionBinder - Binding a OneToMany: Abstract.TicketSeller.tickets through an association table
12:38:55.200 [main] DEBUG o.hibernate.cfg.CollectionSecondPass - Mapped collection key: TicketSeller_id, element: tickets_id
12:38:55.200 [main] DEBUG o.hibernate.cfg.CollectionSecondPass - Second pass for collection: Abstract.TicketSeller.passes
12:38:55.200 [main] DEBUG o.h.cfg.annotations.CollectionBinder - Binding a OneToMany: Abstract.TicketSeller.passes through an association table
12:38:55.201 [main] DEBUG o.hibernate.cfg.CollectionSecondPass - Mapped collection key: TicketSeller_id, element: passes_id
12:38:55.201 [main] DEBUG o.h.cfg.annotations.PropertyBinder - Building property person
12:38:55.202 [main] DEBUG o.h.b.i.InFlightMetadataCollectorImpl - Processing association property references
12:38:55.202 [main] DEBUG o.h.b.i.InFlightMetadataCollectorImpl - Resolving reference to class: Classes.Card
12:38:55.203 [main] DEBUG o.h.b.i.InFlightMetadataCollectorImpl - Resolving reference to class: Abstract.TicketSeller
12:38:55.203 [main] DEBUG o.h.b.i.InFlightMetadataCollectorImpl - Resolving reference to class: Classes.Person
12:38:55.203 [main] DEBUG o.h.b.i.InFlightMetadataCollectorImpl - Resolving reference to class: Abstract.TicketSeller
12:38:55.204 [main] DEBUG o.h.b.i.InFlightMetadataCollectorImpl - Resolving reference to class: Classes.Person
12:38:55.204 [main] DEBUG o.h.b.i.InFlightMetadataCollectorImpl - Resolving reference to class: Classes.Shop
12:38:55.204 [main] DEBUG o.h.b.i.InFlightMetadataCollectorImpl - Resolving reference to class: Classes.Ticket
12:38:55.204 [main] DEBUG o.h.b.i.InFlightMetadataCollectorImpl - Resolving reference to class: Abstract.TicketSeller
12:38:55.204 [main] DEBUG o.h.b.i.InFlightMetadataCollectorImpl - Resolving reference to class: Classes.Pass
12:38:55.205 [main] DEBUG o.h.b.i.InFlightMetadataCollectorImpl - Processing association property references
12:38:55.205 [main] DEBUG o.h.b.i.InFlightMetadataCollectorImpl - Resolving reference to class: Classes.Card
12:38:55.205 [main] DEBUG o.h.b.i.InFlightMetadataCollectorImpl - Resolving reference to class: Abstract.TicketSeller
12:38:55.205 [main] DEBUG o.h.b.i.InFlightMetadataCollectorImpl - Resolving reference to class: Classes.Person
12:38:55.206 [main] DEBUG o.h.b.i.InFlightMetadataCollectorImpl - Resolving reference to class: Abstract.TicketSeller
12:38:55.206 [main] DEBUG o.h.b.i.InFlightMetadataCollectorImpl - Resolving reference to class: Classes.Person
12:38:55.206 [main] DEBUG o.h.b.i.InFlightMetadataCollectorImpl - Resolving reference to class: Classes.Shop
12:38:55.206 [main] DEBUG o.h.b.i.InFlightMetadataCollectorImpl - Resolving reference to class: Classes.Ticket
12:38:55.206 [main] DEBUG o.h.b.i.InFlightMetadataCollectorImpl - Resolving reference to class: Abstract.TicketSeller
12:38:55.206 [main] DEBUG o.h.b.i.InFlightMetadataCollectorImpl - Resolving reference to class: Classes.Pass
12:38:55.239 [main] DEBUG o.h.internal.SessionFactoryImpl - Building session factory
12:38:55.240 [main] DEBUG org.hibernate.cfg.Settings - SessionFactory name : null
12:38:55.241 [main] DEBUG org.hibernate.cfg.Settings - Automatic flush during beforeCompletion(): enabled
12:38:55.241 [main] DEBUG org.hibernate.cfg.Settings - Automatic session close at end of transaction: disabled
12:38:55.241 [main] DEBUG org.hibernate.cfg.Settings - Statistics: disabled
12:38:55.241 [main] DEBUG org.hibernate.cfg.Settings - Deleted entity synthetic identifier rollback: disabled
12:38:55.241 [main] DEBUG org.hibernate.cfg.Settings - Default entity-mode: pojo
12:38:55.241 [main] DEBUG org.hibernate.cfg.Settings - Check Nullability in Core (should be disabled when Bean Validation is on): enabled
12:38:55.241 [main] DEBUG org.hibernate.cfg.Settings - Allow initialization of lazy state outside session : disabled
12:38:55.241 [main] DEBUG org.hibernate.cfg.Settings - Using BatchFetchStyle : LEGACY
12:38:55.241 [main] DEBUG org.hibernate.cfg.Settings - Default batch fetch size: -1
12:38:55.241 [main] DEBUG org.hibernate.cfg.Settings - Maximum outer join fetch depth: null
12:38:55.241 [main] DEBUG org.hibernate.cfg.Settings - Default null ordering: NONE
12:38:55.241 [main] DEBUG org.hibernate.cfg.Settings - Order SQL updates by primary key: disabled
12:38:55.241 [main] DEBUG org.hibernate.cfg.Settings - Order SQL inserts for batching: disabled
12:38:55.241 [main] DEBUG org.hibernate.cfg.Settings - multi-tenancy strategy : NONE
12:38:55.241 [main] DEBUG org.hibernate.cfg.Settings - JTA Track by Thread: enabled
12:38:55.241 [main] DEBUG org.hibernate.cfg.Settings - Query language substitutions: {}
12:38:55.241 [main] DEBUG org.hibernate.cfg.Settings - Named query checking : enabled
12:38:55.241 [main] DEBUG org.hibernate.cfg.Settings - Second-level cache: disabled
12:38:55.241 [main] DEBUG org.hibernate.cfg.Settings - Second-level query cache: disabled
12:38:55.241 [main] DEBUG org.hibernate.cfg.Settings - Second-level query cache factory: null
12:38:55.241 [main] DEBUG org.hibernate.cfg.Settings - Second-level cache region prefix: null
12:38:55.241 [main] DEBUG org.hibernate.cfg.Settings - Optimize second-level cache for minimal puts: disabled
12:38:55.241 [main] DEBUG org.hibernate.cfg.Settings - Structured second-level cache entries: disabled
12:38:55.241 [main] DEBUG org.hibernate.cfg.Settings - Second-level cache direct-reference entries: disabled
12:38:55.241 [main] DEBUG org.hibernate.cfg.Settings - Automatic eviction of collection cache: disabled
12:38:55.241 [main] DEBUG org.hibernate.cfg.Settings - JDBC batch size: 15
12:38:55.242 [main] DEBUG org.hibernate.cfg.Settings - JDBC batch updates for versioned data: enabled
12:38:55.242 [main] DEBUG org.hibernate.cfg.Settings - Scrollable result sets: enabled
12:38:55.242 [main] DEBUG org.hibernate.cfg.Settings - Wrap result sets: disabled
12:38:55.242 [main] DEBUG org.hibernate.cfg.Settings - JDBC3 getGeneratedKeys(): enabled
12:38:55.242 [main] DEBUG org.hibernate.cfg.Settings - JDBC result set fetch size: null
12:38:55.242 [main] DEBUG org.hibernate.cfg.Settings - Connection release mode: AFTER_TRANSACTION
12:38:55.242 [main] DEBUG org.hibernate.cfg.Settings - Generate SQL with comments: disabled
12:38:55.242 [main] DEBUG org.hibernate.cfg.Settings - JPA compliance - query : disabled
12:38:55.242 [main] DEBUG org.hibernate.cfg.Settings - JPA compliance - closed-handling : disabled
12:38:55.242 [main] DEBUG org.hibernate.cfg.Settings - JPA compliance - lists : disabled
12:38:55.242 [main] DEBUG org.hibernate.cfg.Settings - JPA compliance - transactions : disabled
12:38:55.250 [main] DEBUG o.h.b.internal.ClassLoaderAccessImpl - Not known whether passed class name [Classes.Pass] is safe
12:38:55.250 [main] DEBUG o.h.b.internal.ClassLoaderAccessImpl - No temp ClassLoader provided; using live ClassLoader for loading potentially unsafe class : Classes.Pass
12:38:55.250 [main] DEBUG o.h.b.internal.ClassLoaderAccessImpl - Not known whether passed class name [Classes.Shop] is safe
12:38:55.250 [main] DEBUG o.h.b.internal.ClassLoaderAccessImpl - No temp ClassLoader provided; using live ClassLoader for loading potentially unsafe class : Classes.Shop
12:38:55.250 [main] DEBUG o.h.b.internal.ClassLoaderAccessImpl - Not known whether passed class name [Classes.VendingMachine] is safe
12:38:55.250 [main] DEBUG o.h.b.internal.ClassLoaderAccessImpl - No temp ClassLoader provided; using live ClassLoader for loading potentially unsafe class : Classes.VendingMachine
12:38:55.280 [main] DEBUG o.h.s.i.SessionFactoryServiceRegistryImpl - EventListenerRegistry access via ServiceRegistry is deprecated.  Use `sessionFactory.getEventEngine().getListenerRegistry()` instead
12:38:55.280 [main] DEBUG o.h.s.i.SessionFactoryServiceRegistryImpl - EventListenerRegistry access via ServiceRegistry is deprecated.  Use `sessionFactory.getEventEngine().getListenerRegistry()` instead
12:38:55.291 [main] DEBUG o.h.internal.SessionFactoryImpl - Session factory constructed with filter configurations : {}
12:38:55.291 [main] DEBUG o.h.internal.SessionFactoryImpl - Instantiating session factory with properties: {java.specification.version=17, sun.cpu.isalist=amd64, sun.jnu.encoding=Cp1252, hibernate.dialect=org.hibernate.dialect.PostgreSQLDialect, java.class.path=C:\Users\total\Desktop\All\Epicode\fs0223-Luca-Sernicola-BackEnd\BuildWeek_4\target\classes;C:\Users\total\.m2\repository\ch\qos\logback\logback-classic\1.4.8\logback-classic-1.4.8.jar;C:\Users\total\.m2\repository\ch\qos\logback\logback-core\1.4.8\logback-core-1.4.8.jar;C:\Users\total\.m2\repository\org\slf4j\slf4j-api\2.0.7\slf4j-api-2.0.7.jar;C:\Users\total\.m2\repository\commons-io\commons-io\2.13.0\commons-io-2.13.0.jar;C:\Users\total\.m2\repository\org\postgresql\postgresql\42.6.0\postgresql-42.6.0.jar;C:\Users\total\.m2\repository\org\checkerframework\checker-qual\3.31.0\checker-qual-3.31.0.jar;C:\Users\total\.m2\repository\org\hibernate\hibernate-core\5.6.15.Final\hibernate-core-5.6.15.Final.jar;C:\Users\total\.m2\repository\org\jboss\logging\jboss-logging\3.4.3.Final\jboss-logging-3.4.3.Final.jar;C:\Users\total\.m2\repository\javax\persistence\javax.persistence-api\2.2\javax.persistence-api-2.2.jar;C:\Users\total\.m2\repository\net\bytebuddy\byte-buddy\1.12.18\byte-buddy-1.12.18.jar;C:\Users\total\.m2\repository\antlr\antlr\2.7.7\antlr-2.7.7.jar;C:\Users\total\.m2\repository\org\jboss\spec\javax\transaction\jboss-transaction-api_1.2_spec\1.1.1.Final\jboss-transaction-api_1.2_spec-1.1.1.Final.jar;C:\Users\total\.m2\repository\org\jboss\jandex\2.4.2.Final\jandex-2.4.2.Final.jar;C:\Users\total\.m2\repository\com\fasterxml\classmate\1.5.1\classmate-1.5.1.jar;C:\Users\total\.m2\repository\javax\activation\javax.activation-api\1.2.0\javax.activation-api-1.2.0.jar;C:\Users\total\.m2\repository\org\hibernate\common\hibernate-commons-annotations\5.1.2.Final\hibernate-commons-annotations-5.1.2.Final.jar;C:\Users\total\.m2\repository\javax\xml\bind\jaxb-api\2.3.1\jaxb-api-2.3.1.jar;C:\Users\total\.m2\repository\org\glassfish\jaxb\jaxb-runtime\2.3.1\jaxb-runtime-2.3.1.jar;C:\Users\total\.m2\repository\org\glassfish\jaxb\txw2\2.3.1\txw2-2.3.1.jar;C:\Users\total\.m2\repository\com\sun\istack\istack-commons-runtime\3.0.7\istack-commons-runtime-3.0.7.jar;C:\Users\total\.m2\repository\org\jvnet\staxex\stax-ex\1.8\stax-ex-1.8.jar;C:\Users\total\.m2\repository\com\sun\xml\fastinfoset\FastInfoset\1.2.15\FastInfoset-1.2.15.jar;C:\Users\total\Desktop\All\Epicode\fs0223-Luca-Sernicola-BackEnd\Homework_W3_D3\target\classes, java.vm.vendor=Eclipse Adoptium, sun.arch.data.model=64, user.variant=, java.vendor.url=https://adoptium.net/, user.timezone=Europe/Rome, javax.persistence.jdbc.url=jdbc:postgresql://localhost:5432/BuildWeek, javax.persistence.jdbc.user=****, java.vm.specification.version=17, os.name=Windows 11, jakarta.persistence.jdbc.password=****, sun.java.launcher=SUN_STANDARD, user.country=US, local.setting.IS_JTA_TXN_COORD=false, sun.boot.library.path=C:\Users\total\.p2\pool\plugins\org.eclipse.justj.openjdk.hotspot.jre.full.win32.x86_64_17.0.7.v20230425-1502\jre\bin, sun.java.command=MainClass.MainClass, jdk.debug=release, jakarta.persistence.jdbc.driver=org.postgresql.Driver, sun.cpu.endian=little, user.home=C:\Users\total, user.language=en, java.specification.vendor=Oracle Corporation, java.version.date=2023-04-18, java.home=C:\Users\total\.p2\pool\plugins\org.eclipse.justj.openjdk.hotspot.jre.full.win32.x86_64_17.0.7.v20230425-1502\jre, file.separator=\, java.vm.compressedOopsMode=Zero based, jakarta.persistence.jdbc.user=****, line.separator=
, hibernate.persistenceUnitName=BuildWeek_4, java.vm.specification.vendor=Oracle Corporation, java.specification.name=Java Platform API Specification, hibernate.transaction.coordinator_class=class org.hibernate.resource.transaction.backend.jdbc.internal.JdbcResourceLocalTransactionCoordinatorBuilderImpl, javax.persistence.jdbc.driver=org.postgresql.Driver, hibernate.hbm2ddl.auto=update, user.script=, sun.management.compiler=HotSpot 64-Bit Tiered Compilers, java.runtime.version=17.0.7+7, user.name=total, path.separator=;, hibernate.connection.username=****, os.version=10.0, java.runtime.name=OpenJDK Runtime Environment, hibernate.connection.url=jdbc:postgresql://localhost:5432/BuildWeek, file.encoding=UTF-8, hibernate.ejb.persistenceUnitName=BuildWeek_4, java.vm.name=OpenJDK 64-Bit Server VM, java.vendor.version=Temurin-17.0.7+7, hibernate.connection.driver_class=org.postgresql.Driver, java.vendor.url.bug=https://github.com/adoptium/adoptium-support/issues, java.io.tmpdir=C:\Users\total\AppData\Local\Temp\, java.version=17.0.7, user.dir=C:\Users\total\Desktop\All\Epicode\fs0223-Luca-Sernicola-BackEnd\BuildWeek_4, os.arch=amd64, java.vm.specification.name=Java Virtual Machine Specification, hibernate.connection.password=****, sun.os.patch.level=, jakarta.persistence.jdbc.url=jdbc:postgresql://localhost:5432/BuildWeek, hibernate.boot.CfgXmlAccessService.key=org.hibernate.boot.registry.StandardServiceRegistryBuilder$1@341672e, native.encoding=Cp1252, java.library.path=C:\Users\total\.p2\pool\plugins\org.eclipse.justj.openjdk.hotspot.jre.full.win32.x86_64_17.0.7.v20230425-1502\jre\bin;C:\windows\Sun\Java\bin;C:\windows\system32;C:\windows;C:/Users/total/.p2/pool/plugins/org.eclipse.justj.openjdk.hotspot.jre.full.win32.x86_64_17.0.7.v20230425-1502/jre/bin/server;C:/Users/total/.p2/pool/plugins/org.eclipse.justj.openjdk.hotspot.jre.full.win32.x86_64_17.0.7.v20230425-1502/jre/bin;C:\Program Files\Eclipse Adoptium\jdk-17.0.7.7-hotspot\bin;C:\Program Files (x86)\NVIDIA Corporation\PhysX\Common;C:\windows\system32;C:\windows;C:\windows\System32\Wbem;C:\windows\System32\WindowsPowerShell\v1.0\;C:\windows\System32\OpenSSH\;C:\Program Files\Git\cmd;C:\Program Files\nodejs\;C:\Users\total\AppData\Local\Microsoft\WindowsApps;C:\Users\total\AppData\Local\Programs\Microsoft VS Code\bin;C:\Users\total\AppData\Roaming\npm;C:\Users\total\AppData\Local\GitHubDesktop\bin;C:\windows\System32;;., java.vendor=Eclipse Adoptium, java.vm.info=mixed mode, java.vm.version=17.0.7+7, hibernate.bytecode.use_reflection_optimizer=false, sun.io.unicode.encoding=UnicodeLittle, javax.persistence.jdbc.password=****, java.class.version=61.0}
12:38:55.302 [main] DEBUG o.h.secure.spi.JaccIntegrator - Skipping JACC integration as it was not enabled
12:38:55.305 [main] DEBUG org.hibernate.type.EnumType - Using ORDINAL-based conversion for Enum Enums.Validity
12:38:55.306 [main] DEBUG o.h.internal.SessionFactoryImpl - Instantiated session factory
12:38:55.306 [main] DEBUG o.h.type.spi.TypeConfiguration$Scope - Scoping TypeConfiguration [org.hibernate.type.spi.TypeConfiguration@6d2d99fc] to SessionFactoryImpl [org.hibernate.internal.SessionFactoryImpl@58860997]
12:38:55.339 [main] DEBUG o.h.b.internal.ClassLoaderAccessImpl - Not known whether passed class name [Abstract.TicketSeller] is safe
12:38:55.339 [main] DEBUG o.h.b.internal.ClassLoaderAccessImpl - No temp ClassLoader provided; using live ClassLoader for loading potentially unsafe class : Abstract.TicketSeller
12:38:55.341 [main] DEBUG o.h.b.internal.ClassLoaderAccessImpl - Not known whether passed class name [Classes.Shop] is safe
12:38:55.341 [main] DEBUG o.h.b.internal.ClassLoaderAccessImpl - No temp ClassLoader provided; using live ClassLoader for loading potentially unsafe class : Classes.Shop
12:38:55.341 [main] DEBUG o.h.b.internal.ClassLoaderAccessImpl - Not known whether passed class name [Classes.VendingMachine] is safe
12:38:55.341 [main] DEBUG o.h.b.internal.ClassLoaderAccessImpl - No temp ClassLoader provided; using live ClassLoader for loading potentially unsafe class : Classes.VendingMachine
12:38:55.444 [main] DEBUG o.hibernate.orm.bytecode.interceptor - To-one property `Classes.Card#person` was mapped with LAZY + NO_PROXY but the class was not enhanced
12:38:55.444 [main] DEBUG o.hibernate.orm.bytecode.interceptor - To-one property `Classes.Card#person` was mapped with LAZY + NO_PROXY but the class was not enhanced
12:38:55.444 [main] DEBUG o.h.b.internal.ClassLoaderAccessImpl - Not known whether passed class name [Classes.Card] is safe
12:38:55.444 [main] DEBUG o.h.b.internal.ClassLoaderAccessImpl - No temp ClassLoader provided; using live ClassLoader for loading potentially unsafe class : Classes.Card
12:38:55.454 [main] DEBUG o.hibernate.orm.bytecode.interceptor - To-one property `Classes.Card#person` was mapped with LAZY + NO_PROXY but the class was not enhanced
12:38:55.454 [main] DEBUG o.hibernate.orm.bytecode.interceptor - To-one property `Classes.Card#person` was mapped with LAZY + NO_PROXY but the class was not enhanced
12:38:55.455 [main] DEBUG o.hibernate.orm.bytecode.interceptor - To-one property `Classes.Person#cardNum` was mapped with LAZY + NO_PROXY but the class was not enhanced
12:38:55.455 [main] DEBUG o.hibernate.orm.bytecode.interceptor - To-one property `Classes.Person#cardNum` was mapped with LAZY + NO_PROXY but the class was not enhanced
12:38:55.455 [main] DEBUG o.h.b.internal.ClassLoaderAccessImpl - Not known whether passed class name [Classes.Person] is safe
12:38:55.455 [main] DEBUG o.h.b.internal.ClassLoaderAccessImpl - No temp ClassLoader provided; using live ClassLoader for loading potentially unsafe class : Classes.Person
12:38:55.463 [main] DEBUG o.hibernate.orm.bytecode.interceptor - To-one property `Classes.Person#cardNum` was mapped with LAZY + NO_PROXY but the class was not enhanced
12:38:55.463 [main] DEBUG o.hibernate.orm.bytecode.interceptor - To-one property `Classes.Person#cardNum` was mapped with LAZY + NO_PROXY but the class was not enhanced
12:38:55.464 [main] DEBUG o.hibernate.orm.bytecode.interceptor - To-one property `Classes.Ticket#seller` was mapped with LAZY + NO_PROXY but the class was not enhanced
12:38:55.464 [main] DEBUG o.hibernate.orm.bytecode.interceptor - To-one property `Classes.Ticket#seller` was mapped with LAZY + NO_PROXY but the class was not enhanced
12:38:55.464 [main] DEBUG o.hibernate.orm.bytecode.interceptor - To-one property `Classes.Pass#person` was mapped with LAZY + NO_PROXY but the class was not enhanced
12:38:55.464 [main] DEBUG o.hibernate.orm.bytecode.interceptor - To-one property `Classes.Pass#person` was mapped with LAZY + NO_PROXY but the class was not enhanced
12:38:55.464 [main] DEBUG o.hibernate.orm.bytecode.interceptor - To-one property `Classes.Pass#sellers` was mapped with LAZY + NO_PROXY but the class was not enhanced
12:38:55.464 [main] DEBUG o.hibernate.orm.bytecode.interceptor - To-one property `Classes.Pass#sellers` was mapped with LAZY + NO_PROXY but the class was not enhanced
12:38:55.464 [main] DEBUG o.h.b.internal.ClassLoaderAccessImpl - Not known whether passed class name [Classes.Pass] is safe
12:38:55.464 [main] DEBUG o.h.b.internal.ClassLoaderAccessImpl - No temp ClassLoader provided; using live ClassLoader for loading potentially unsafe class : Classes.Pass
12:38:55.472 [main] DEBUG o.hibernate.orm.bytecode.interceptor - To-one property `Classes.Ticket#seller` was mapped with LAZY + NO_PROXY but the class was not enhanced
12:38:55.472 [main] DEBUG o.hibernate.orm.bytecode.interceptor - To-one property `Classes.Pass#person` was mapped with LAZY + NO_PROXY but the class was not enhanced
12:38:55.472 [main] DEBUG o.hibernate.orm.bytecode.interceptor - To-one property `Classes.Pass#sellers` was mapped with LAZY + NO_PROXY but the class was not enhanced
12:38:55.472 [main] DEBUG o.hibernate.orm.bytecode.interceptor - To-one property `Classes.Ticket#seller` was mapped with LAZY + NO_PROXY but the class was not enhanced
12:38:55.472 [main] DEBUG o.hibernate.orm.bytecode.interceptor - To-one property `Classes.Pass#person` was mapped with LAZY + NO_PROXY but the class was not enhanced
12:38:55.472 [main] DEBUG o.hibernate.orm.bytecode.interceptor - To-one property `Classes.Pass#sellers` was mapped with LAZY + NO_PROXY but the class was not enhanced
12:38:55.479 [main] DEBUG o.hibernate.orm.bytecode.interceptor - To-one property `Classes.Ticket#seller` was mapped with LAZY + NO_PROXY but the class was not enhanced
12:38:55.479 [main] DEBUG o.hibernate.orm.bytecode.interceptor - To-one property `Classes.Ticket#seller` was mapped with LAZY + NO_PROXY but the class was not enhanced
12:38:55.479 [main] DEBUG o.h.b.internal.ClassLoaderAccessImpl - Not known whether passed class name [Classes.Ticket] is safe
12:38:55.479 [main] DEBUG o.h.b.internal.ClassLoaderAccessImpl - No temp ClassLoader provided; using live ClassLoader for loading potentially unsafe class : Classes.Ticket
12:38:55.485 [main] DEBUG o.hibernate.orm.bytecode.interceptor - To-one property `Classes.Ticket#seller` was mapped with LAZY + NO_PROXY but the class was not enhanced
12:38:55.485 [main] DEBUG o.hibernate.orm.bytecode.interceptor - To-one property `Classes.Ticket#seller` was mapped with LAZY + NO_PROXY but the class was not enhanced
12:38:55.485 [main] DEBUG o.hibernate.orm.bytecode.interceptor - To-one property `Classes.Pass#person` was mapped with LAZY + NO_PROXY but the class was not enhanced
12:38:55.485 [main] DEBUG o.hibernate.orm.bytecode.interceptor - To-one property `Classes.Pass#sellers` was mapped with LAZY + NO_PROXY but the class was not enhanced
12:38:55.496 [main] DEBUG o.h.p.c.AbstractCollectionPersister - Static SQL for collection: Abstract.TicketSeller.tickets
12:38:55.496 [main] DEBUG o.h.p.c.AbstractCollectionPersister -  Row insert: insert into TicketSeller_Ticket (TicketSeller_id, tickets_id) values (?, ?)
12:38:55.496 [main] DEBUG o.h.p.c.AbstractCollectionPersister -  Row update: update TicketSeller_Ticket set tickets_id=? where TicketSeller_id=? and tickets_id=?
12:38:55.496 [main] DEBUG o.h.p.c.AbstractCollectionPersister -  Row delete: delete from TicketSeller_Ticket where TicketSeller_id=? and tickets_id=?
12:38:55.496 [main] DEBUG o.h.p.c.AbstractCollectionPersister -  One-shot delete: delete from TicketSeller_Ticket where TicketSeller_id=?
12:38:55.496 [main] DEBUG o.h.p.c.AbstractCollectionPersister - Static SQL for collection: Abstract.TicketSeller.passes
12:38:55.496 [main] DEBUG o.h.p.c.AbstractCollectionPersister -  Row insert: insert into TicketSeller_Ticket (TicketSeller_id, passes_id) values (?, ?)
12:38:55.497 [main] DEBUG o.h.p.c.AbstractCollectionPersister -  Row update: update TicketSeller_Ticket set passes_id=? where TicketSeller_id=? and passes_id=?
12:38:55.497 [main] DEBUG o.h.p.c.AbstractCollectionPersister -  Row delete: delete from TicketSeller_Ticket where TicketSeller_id=? and passes_id=?
12:38:55.497 [main] DEBUG o.h.p.c.AbstractCollectionPersister -  One-shot delete: delete from TicketSeller_Ticket where TicketSeller_id=?
12:38:55.497 [main] DEBUG o.h.p.c.AbstractCollectionPersister - Static SQL for collection: Classes.Shop.people
12:38:55.497 [main] DEBUG o.h.p.c.AbstractCollectionPersister -  Row insert: insert into TicketSeller_Person (Shop_id, people_id) values (?, ?)
12:38:55.497 [main] DEBUG o.h.p.c.AbstractCollectionPersister -  Row update: update TicketSeller_Person set people_id=? where Shop_id=? and people_id=?
12:38:55.497 [main] DEBUG o.h.p.c.AbstractCollectionPersister -  Row delete: delete from TicketSeller_Person where Shop_id=? and people_id=?
12:38:55.497 [main] DEBUG o.h.p.c.AbstractCollectionPersister -  One-shot delete: delete from TicketSeller_Person where Shop_id=?
12:38:55.499 [main] DEBUG o.h.p.entity.AbstractEntityPersister - Static SQL for entity: Abstract.TicketSeller
12:38:55.499 [main] DEBUG o.h.p.entity.AbstractEntityPersister -  Version select: select id from TicketSeller where id =?
12:38:55.499 [main] DEBUG o.h.p.entity.AbstractEntityPersister -  Snapshot select: select ticketsell_.id, ticketsell_.seller_name as seller_n3_3_ from TicketSeller ticketsell_ where ticketsell_.id=?
12:38:55.499 [main] DEBUG o.h.p.entity.AbstractEntityPersister -  Insert 0: insert into TicketSeller (seller_name, type, id) values (?, 'TicketSeller', ?)
12:38:55.499 [main] DEBUG o.h.p.entity.AbstractEntityPersister -  Update 0: update TicketSeller set seller_name=? where id=?
12:38:55.499 [main] DEBUG o.h.p.entity.AbstractEntityPersister -  Delete 0: delete from TicketSeller where id=?
12:38:55.511 [main] DEBUG o.h.l.p.b.i.spaces.QuerySpacesImpl - Adding QuerySpace : uid = <gen:0> -> org.hibernate.loader.plan.build.internal.spaces.EntityQuerySpaceImpl@6badba10]
12:38:55.512 [main] DEBUG o.h.p.w.spi.MetamodelGraphWalker - Visiting attribute path : name
12:38:55.512 [main] DEBUG o.h.p.w.spi.MetamodelGraphWalker - Visiting attribute path : passes
12:38:55.514 [main] DEBUG o.h.l.p.b.i.spaces.QuerySpacesImpl - Adding QuerySpace : uid = <gen:1> -> org.hibernate.loader.plan.build.internal.spaces.CollectionQuerySpaceImpl@5d7399f9]
12:38:55.514 [main] DEBUG o.h.l.p.b.i.spaces.QuerySpacesImpl - Adding QuerySpace : uid = <gen:2> -> org.hibernate.loader.plan.build.internal.spaces.EntityQuerySpaceImpl@27df95e]
12:38:55.514 [main] DEBUG o.h.p.w.spi.MetamodelGraphWalker - Visiting attribute path : tickets
12:38:55.514 [main] DEBUG o.h.l.p.b.i.spaces.QuerySpacesImpl - Adding QuerySpace : uid = <gen:3> -> org.hibernate.loader.plan.build.internal.spaces.CollectionQuerySpaceImpl@f425231]
12:38:55.514 [main] DEBUG o.h.l.p.b.i.spaces.QuerySpacesImpl - Adding QuerySpace : uid = <gen:4> -> org.hibernate.loader.plan.build.internal.spaces.EntityQuerySpaceImpl@506aabf6]
12:38:55.514 [main] DEBUG o.h.p.w.spi.MetamodelGraphWalker - Visiting attribute path : people
12:38:55.515 [main] DEBUG o.h.l.p.b.i.spaces.QuerySpacesImpl - Adding QuerySpace : uid = <gen:5> -> org.hibernate.loader.plan.build.internal.spaces.CollectionQuerySpaceImpl@5cbd94b2]
12:38:55.515 [main] DEBUG o.h.l.p.b.i.spaces.QuerySpacesImpl - Adding QuerySpace : uid = <gen:6> -> org.hibernate.loader.plan.build.internal.spaces.EntityQuerySpaceImpl@6824b913]
12:38:55.515 [main] DEBUG o.h.p.w.spi.MetamodelGraphWalker - Visiting attribute path : isWorking
12:38:55.515 [main] DEBUG o.h.l.p.b.i.FetchStyleLoadPlanBuildingAssociationVisitationStrategy - Building LoadPlan...
12:38:55.521 [main] DEBUG o.h.l.p.e.i.LoadQueryJoinAndFetchProcessor - processing queryspace <gen:0>
12:38:55.523 [main] DEBUG o.h.l.p.b.spi.LoadPlanTreePrinter - LoadPlan(entity=Abstract.TicketSeller)
    - Returns
       - EntityReturnImpl(entity=Abstract.TicketSeller, querySpaceUid=<gen:0>, path=Abstract.TicketSeller)
          - CollectionAttributeFetchImpl(collection=Abstract.TicketSeller.passes, querySpaceUid=<gen:1>, path=Abstract.TicketSeller.passes)
             - (collection element) CollectionFetchableElementEntityGraph(entity=Classes.Pass, querySpaceUid=<gen:2>, path=Abstract.TicketSeller.passes.<elements>)
          - CollectionAttributeFetchImpl(collection=Abstract.TicketSeller.tickets, querySpaceUid=<gen:3>, path=Abstract.TicketSeller.tickets)
             - (collection element) CollectionFetchableElementEntityGraph(entity=Classes.Ticket, querySpaceUid=<gen:4>, path=Abstract.TicketSeller.tickets.<elements>)
          - CollectionAttributeFetchImpl(collection=Classes.Shop.people, querySpaceUid=<gen:5>, path=Abstract.TicketSeller.people)
             - (collection element) CollectionFetchableElementEntityGraph(entity=Classes.Person, querySpaceUid=<gen:6>, path=Abstract.TicketSeller.people.<elements>)
    - QuerySpaces
       - EntityQuerySpaceImpl(uid=<gen:0>, entity=Abstract.TicketSeller)
          - SQL table alias mapping - ticketsell0_
          - alias suffix - 0_
          - suffixed key columns - {id2_3_0_}

12:38:55.524 [main] DEBUG o.h.loader.entity.plan.EntityLoader - Static select for entity Abstract.TicketSeller [NONE]: select ticketsell0_.id as id2_3_0_, ticketsell0_.seller_name as seller_n3_3_0_, ticketsell0_.isWorking as isworkin4_3_0_, ticketsell0_.type as type1_3_0_ from TicketSeller ticketsell0_ where ticketsell0_.id=?
12:38:55.525 [main] DEBUG o.h.p.entity.AbstractEntityPersister - Static SQL for entity: Classes.Card
12:38:55.525 [main] DEBUG o.h.p.entity.AbstractEntityPersister -  Version select: select id from Card where id =?
12:38:55.525 [main] DEBUG o.h.p.entity.AbstractEntityPersister -  Snapshot select: select card_.id, card_.emissionDate as emission2_0_, card_.expirationDate as expirati3_0_ from Card card_ where card_.id=?
12:38:55.525 [main] DEBUG o.h.p.entity.AbstractEntityPersister -  Insert 0: insert into Card (emissionDate, expirationDate, id) values (?, ?, ?)
12:38:55.525 [main] DEBUG o.h.p.entity.AbstractEntityPersister -  Update 0: update Card set emissionDate=?, expirationDate=? where id=?
12:38:55.525 [main] DEBUG o.h.p.entity.AbstractEntityPersister -  Delete 0: delete from Card where id=?
12:38:55.525 [main] DEBUG o.h.p.entity.AbstractEntityPersister -  Identity insert: insert into Card (emissionDate, expirationDate) values (?, ?)
12:38:55.525 [main] DEBUG o.h.l.p.b.i.spaces.QuerySpacesImpl - Adding QuerySpace : uid = <gen:0> -> org.hibernate.loader.plan.build.internal.spaces.EntityQuerySpaceImpl@6ebc9573]
12:38:55.525 [main] DEBUG o.h.p.w.spi.MetamodelGraphWalker - Visiting attribute path : emissionDate
12:38:55.525 [main] DEBUG o.h.p.w.spi.MetamodelGraphWalker - Visiting attribute path : expirationDate
12:38:55.525 [main] DEBUG o.h.p.w.spi.MetamodelGraphWalker - Visiting attribute path : person
12:38:55.525 [main] DEBUG o.h.l.p.b.i.spaces.QuerySpacesImpl - Adding QuerySpace : uid = <gen:1> -> org.hibernate.loader.plan.build.internal.spaces.EntityQuerySpaceImpl@630390b9]
12:38:55.526 [main] DEBUG o.h.p.w.spi.MetamodelGraphWalker - Visiting attribute path : person.birthdate
12:38:55.526 [main] DEBUG o.h.p.w.spi.MetamodelGraphWalker - Visiting attribute path : person.cardNum
12:38:55.526 [main] DEBUG o.h.p.w.spi.MetamodelGraphWalker - Property path deemed to be circular : person.cardNum
12:38:55.526 [main] DEBUG o.h.p.w.spi.MetamodelGraphWalker - Visiting attribute path : person.firstName
12:38:55.526 [main] DEBUG o.h.p.w.spi.MetamodelGraphWalker - Visiting attribute path : person.lastName
12:38:55.526 [main] DEBUG o.h.l.p.b.i.FetchStyleLoadPlanBuildingAssociationVisitationStrategy - Building LoadPlan...
12:38:55.527 [main] DEBUG o.h.l.p.e.i.LoadQueryJoinAndFetchProcessor - processing queryspace <gen:0>
12:38:55.527 [main] DEBUG o.h.l.p.b.spi.LoadPlanTreePrinter - LoadPlan(entity=Classes.Card)
    - Returns
       - EntityReturnImpl(entity=Classes.Card, querySpaceUid=<gen:0>, path=Classes.Card)
          - EntityAttributeFetchImpl(entity=Classes.Person, querySpaceUid=<gen:1>, path=Classes.Card.person)
    - QuerySpaces
       - EntityQuerySpaceImpl(uid=<gen:0>, entity=Classes.Card)
          - SQL table alias mapping - card0_
          - alias suffix - 0_
          - suffixed key columns - {id1_0_0_}
          - JOIN (JoinDefinedByMetadata(person)) : <gen:0> -> <gen:1>
             - EntityQuerySpaceImpl(uid=<gen:1>, entity=Classes.Person)
                - SQL table alias mapping - person1_
                - alias suffix - 1_
                - suffixed key columns - {id1_1_1_}

12:38:55.527 [main] DEBUG o.h.loader.entity.plan.EntityLoader - Static select for entity Classes.Card [NONE]: select card0_.id as id1_0_0_, card0_.emissionDate as emission2_0_0_, card0_.expirationDate as expirati3_0_0_, person1_.id as id1_1_1_, person1_.birthdate as birthdat2_1_1_, person1_.cardNum_id as cardnum_5_1_1_, person1_.firstName as firstnam3_1_1_, person1_.lastName as lastname4_1_1_ from Card card0_ left outer join Person person1_ on card0_.id=person1_.cardNum_id where card0_.id=?
12:38:55.527 [main] DEBUG o.h.p.entity.AbstractEntityPersister - Static SQL for entity: Classes.Person
12:38:55.527 [main] DEBUG o.h.p.entity.AbstractEntityPersister -  Version select: select id from Person where id =?
12:38:55.527 [main] DEBUG o.h.p.entity.AbstractEntityPersister -  Snapshot select: select person_.id, person_.birthdate as birthdat2_1_, person_.cardNum_id as cardnum_5_1_, person_.firstName as firstnam3_1_, person_.lastName as lastname4_1_ from Person person_ where person_.id=?
12:38:55.527 [main] DEBUG o.h.p.entity.AbstractEntityPersister -  Insert 0: insert into Person (birthdate, cardNum_id, firstName, lastName, id) values (?, ?, ?, ?, ?)
12:38:55.527 [main] DEBUG o.h.p.entity.AbstractEntityPersister -  Update 0: update Person set birthdate=?, cardNum_id=?, firstName=?, lastName=? where id=?
12:38:55.527 [main] DEBUG o.h.p.entity.AbstractEntityPersister -  Delete 0: delete from Person where id=?
12:38:55.527 [main] DEBUG o.h.p.entity.AbstractEntityPersister -  Identity insert: insert into Person (birthdate, cardNum_id, firstName, lastName) values (?, ?, ?, ?)
12:38:55.527 [main] DEBUG o.h.l.p.b.i.spaces.QuerySpacesImpl - Adding QuerySpace : uid = <gen:0> -> org.hibernate.loader.plan.build.internal.spaces.EntityQuerySpaceImpl@753fd7a1]
12:38:55.527 [main] DEBUG o.h.p.w.spi.MetamodelGraphWalker - Visiting attribute path : birthdate
12:38:55.527 [main] DEBUG o.h.p.w.spi.MetamodelGraphWalker - Visiting attribute path : cardNum
12:38:55.527 [main] DEBUG o.h.l.p.b.i.spaces.QuerySpacesImpl - Adding QuerySpace : uid = <gen:1> -> org.hibernate.loader.plan.build.internal.spaces.EntityQuerySpaceImpl@21b6c9c2]
12:38:55.528 [main] DEBUG o.h.p.w.spi.MetamodelGraphWalker - Visiting attribute path : cardNum.emissionDate
12:38:55.528 [main] DEBUG o.h.p.w.spi.MetamodelGraphWalker - Visiting attribute path : cardNum.expirationDate
12:38:55.528 [main] DEBUG o.h.p.w.spi.MetamodelGraphWalker - Visiting attribute path : cardNum.person
12:38:55.528 [main] DEBUG o.h.p.w.spi.MetamodelGraphWalker - Property path deemed to be circular : cardNum.person
12:38:55.528 [main] DEBUG o.h.p.w.spi.MetamodelGraphWalker - Visiting attribute path : firstName
12:38:55.528 [main] DEBUG o.h.p.w.spi.MetamodelGraphWalker - Visiting attribute path : lastName
12:38:55.528 [main] DEBUG o.h.l.p.b.i.FetchStyleLoadPlanBuildingAssociationVisitationStrategy - Building LoadPlan...
12:38:55.528 [main] DEBUG o.h.l.p.e.i.LoadQueryJoinAndFetchProcessor - processing queryspace <gen:0>
12:38:55.528 [main] DEBUG o.h.l.p.b.spi.LoadPlanTreePrinter - LoadPlan(entity=Classes.Person)
    - Returns
       - EntityReturnImpl(entity=Classes.Person, querySpaceUid=<gen:0>, path=Classes.Person)
          - EntityAttributeFetchImpl(entity=Classes.Card, querySpaceUid=<gen:1>, path=Classes.Person.cardNum)
    - QuerySpaces
       - EntityQuerySpaceImpl(uid=<gen:0>, entity=Classes.Person)
          - SQL table alias mapping - person0_
          - alias suffix - 0_
          - suffixed key columns - {id1_1_0_}
          - JOIN (JoinDefinedByMetadata(cardNum)) : <gen:0> -> <gen:1>
             - EntityQuerySpaceImpl(uid=<gen:1>, entity=Classes.Card)
                - SQL table alias mapping - card1_
                - alias suffix - 1_
                - suffixed key columns - {id1_0_1_}

12:38:55.528 [main] DEBUG o.h.loader.entity.plan.EntityLoader - Static select for entity Classes.Person [NONE]: select person0_.id as id1_1_0_, person0_.birthdate as birthdat2_1_0_, person0_.cardNum_id as cardnum_5_1_0_, person0_.firstName as firstnam3_1_0_, person0_.lastName as lastname4_1_0_, card1_.id as id1_0_1_, card1_.emissionDate as emission2_0_1_, card1_.expirationDate as expirati3_0_1_ from Person person0_ left outer join Card card1_ on person0_.cardNum_id=card1_.id where person0_.id=?
12:38:55.532 [main] DEBUG org.hibernate.loader.Loader - Static select for entity Classes.Person [NONE]: select person0_.id as id1_1_1_, person0_.birthdate as birthdat2_1_1_, person0_.cardNum_id as cardnum_5_1_1_, person0_.firstName as firstnam3_1_1_, person0_.lastName as lastname4_1_1_, card1_.id as id1_0_0_, card1_.emissionDate as emission2_0_0_, card1_.expirationDate as expirati3_0_0_ from Person person0_ left outer join Card card1_ on person0_.cardNum_id=card1_.id where person0_.cardNum_id=?
12:38:55.532 [main] DEBUG o.h.p.entity.AbstractEntityPersister - Static SQL for entity: Classes.Pass
12:38:55.532 [main] DEBUG o.h.p.entity.AbstractEntityPersister -  Version select: select id from Ticket where id =?
12:38:55.532 [main] DEBUG o.h.p.entity.AbstractEntityPersister -  Snapshot select: select pass_.id, pass_.seller_id as seller_i4_2_, pass_.person_id as person_i5_2_, pass_.sellers_id as sellers_6_2_, pass_.validity as validity3_2_ from Ticket pass_ where pass_.id=?
12:38:55.533 [main] DEBUG o.h.p.entity.AbstractEntityPersister -  Insert 0: insert into Ticket (seller_id, person_id, sellers_id, validity, DTYPE, id) values (?, ?, ?, ?, 'Pass', ?)
12:38:55.533 [main] DEBUG o.h.p.entity.AbstractEntityPersister -  Update 0: update Ticket set seller_id=?, person_id=?, sellers_id=?, validity=? where id=?
12:38:55.533 [main] DEBUG o.h.p.entity.AbstractEntityPersister -  Delete 0: delete from Ticket where id=?
12:38:55.533 [main] DEBUG o.h.p.entity.AbstractEntityPersister -  Identity insert: insert into Ticket (seller_id, person_id, sellers_id, validity, DTYPE) values (?, ?, ?, ?, 'Pass')
12:38:55.533 [main] DEBUG o.h.l.p.b.i.spaces.QuerySpacesImpl - Adding QuerySpace : uid = <gen:0> -> org.hibernate.loader.plan.build.internal.spaces.EntityQuerySpaceImpl@1668919e]
12:38:55.533 [main] DEBUG o.h.p.w.spi.MetamodelGraphWalker - Visiting attribute path : seller
12:38:55.533 [main] DEBUG o.h.l.p.b.i.spaces.QuerySpacesImpl - Adding QuerySpace : uid = <gen:1> -> org.hibernate.loader.plan.build.internal.spaces.EntityQuerySpaceImpl@22c53d82]
12:38:55.533 [main] DEBUG o.h.p.w.spi.MetamodelGraphWalker - Visiting attribute path : seller.name
12:38:55.533 [main] DEBUG o.h.p.w.spi.MetamodelGraphWalker - Visiting attribute path : seller.passes
12:38:55.533 [main] DEBUG o.h.l.p.b.i.spaces.QuerySpacesImpl - Adding QuerySpace : uid = <gen:2> -> org.hibernate.loader.plan.build.internal.spaces.CollectionQuerySpaceImpl@68d6d775]
12:38:55.533 [main] DEBUG o.h.l.p.b.i.spaces.QuerySpacesImpl - Adding QuerySpace : uid = <gen:3> -> org.hibernate.loader.plan.build.internal.spaces.EntityQuerySpaceImpl@b67cc70]
12:38:55.533 [main] DEBUG o.h.p.w.spi.MetamodelGraphWalker - Visiting attribute path : seller.tickets
12:38:55.533 [main] DEBUG o.h.l.p.b.i.spaces.QuerySpacesImpl - Adding QuerySpace : uid = <gen:4> -> org.hibernate.loader.plan.build.internal.spaces.CollectionQuerySpaceImpl@45c9b3]
12:38:55.533 [main] DEBUG o.h.l.p.b.i.spaces.QuerySpacesImpl - Adding QuerySpace : uid = <gen:5> -> org.hibernate.loader.plan.build.internal.spaces.EntityQuerySpaceImpl@38b3f208]
12:38:55.533 [main] DEBUG o.h.p.w.spi.MetamodelGraphWalker - Visiting attribute path : seller.people
12:38:55.533 [main] DEBUG o.h.l.p.b.i.spaces.QuerySpacesImpl - Adding QuerySpace : uid = <gen:6> -> org.hibernate.loader.plan.build.internal.spaces.CollectionQuerySpaceImpl@6680f714]
12:38:55.533 [main] DEBUG o.h.l.p.b.i.spaces.QuerySpacesImpl - Adding QuerySpace : uid = <gen:7> -> org.hibernate.loader.plan.build.internal.spaces.EntityQuerySpaceImpl@53b1a3f8]
12:38:55.533 [main] DEBUG o.h.p.w.spi.MetamodelGraphWalker - Visiting attribute path : seller.isWorking
12:38:55.533 [main] DEBUG o.h.p.w.spi.MetamodelGraphWalker - Visiting attribute path : person
12:38:55.533 [main] DEBUG o.h.l.p.b.i.spaces.QuerySpacesImpl - Adding QuerySpace : uid = <gen:8> -> org.hibernate.loader.plan.build.internal.spaces.EntityQuerySpaceImpl@7d97e06c]
12:38:55.533 [main] DEBUG o.h.p.w.spi.MetamodelGraphWalker - Visiting attribute path : person.birthdate
12:38:55.533 [main] DEBUG o.h.p.w.spi.MetamodelGraphWalker - Visiting attribute path : person.cardNum
12:38:55.533 [main] DEBUG o.h.l.p.b.i.spaces.QuerySpacesImpl - Adding QuerySpace : uid = <gen:9> -> org.hibernate.loader.plan.build.internal.spaces.EntityQuerySpaceImpl@3b4a1a75]
12:38:55.533 [main] DEBUG o.h.p.w.spi.MetamodelGraphWalker - Visiting attribute path : person.cardNum.emissionDate
12:38:55.533 [main] DEBUG o.h.p.w.spi.MetamodelGraphWalker - Visiting attribute path : person.cardNum.expirationDate
12:38:55.533 [main] DEBUG o.h.p.w.spi.MetamodelGraphWalker - Visiting attribute path : person.cardNum.person
12:38:55.533 [main] DEBUG o.h.p.w.spi.MetamodelGraphWalker - Property path deemed to be circular : person.cardNum.person
12:38:55.533 [main] DEBUG o.h.p.w.spi.MetamodelGraphWalker - Visiting attribute path : person.firstName
12:38:55.533 [main] DEBUG o.h.p.w.spi.MetamodelGraphWalker - Visiting attribute path : person.lastName
12:38:55.533 [main] DEBUG o.h.p.w.spi.MetamodelGraphWalker - Visiting attribute path : sellers
12:38:55.534 [main] DEBUG o.h.l.p.b.i.spaces.QuerySpacesImpl - Adding QuerySpace : uid = <gen:10> -> org.hibernate.loader.plan.build.internal.spaces.EntityQuerySpaceImpl@276cc8dc]
12:38:55.534 [main] DEBUG o.h.p.w.spi.MetamodelGraphWalker - Visiting attribute path : sellers.name
12:38:55.534 [main] DEBUG o.h.p.w.spi.MetamodelGraphWalker - Visiting attribute path : sellers.passes
12:38:55.534 [main] DEBUG o.h.l.p.b.i.spaces.QuerySpacesImpl - Adding QuerySpace : uid = <gen:11> -> org.hibernate.loader.plan.build.internal.spaces.CollectionQuerySpaceImpl@d3f4505]
12:38:55.534 [main] DEBUG o.h.l.p.b.i.spaces.QuerySpacesImpl - Adding QuerySpace : uid = <gen:12> -> org.hibernate.loader.plan.build.internal.spaces.EntityQuerySpaceImpl@3eb292cd]
12:38:55.534 [main] DEBUG o.h.p.w.spi.MetamodelGraphWalker - Visiting attribute path : sellers.tickets
12:38:55.534 [main] DEBUG o.h.l.p.b.i.spaces.QuerySpacesImpl - Adding QuerySpace : uid = <gen:13> -> org.hibernate.loader.plan.build.internal.spaces.CollectionQuerySpaceImpl@7fd987ef]
12:38:55.534 [main] DEBUG o.h.l.p.b.i.spaces.QuerySpacesImpl - Adding QuerySpace : uid = <gen:14> -> org.hibernate.loader.plan.build.internal.spaces.EntityQuerySpaceImpl@7209ffb5]
12:38:55.534 [main] DEBUG o.h.p.w.spi.MetamodelGraphWalker - Visiting attribute path : sellers.people
12:38:55.534 [main] DEBUG o.h.l.p.b.i.spaces.QuerySpacesImpl - Adding QuerySpace : uid = <gen:15> -> org.hibernate.loader.plan.build.internal.spaces.CollectionQuerySpaceImpl@5e99b9c]
12:38:55.534 [main] DEBUG o.h.l.p.b.i.spaces.QuerySpacesImpl - Adding QuerySpace : uid = <gen:16> -> org.hibernate.loader.plan.build.internal.spaces.EntityQuerySpaceImpl@2fe74516]
12:38:55.534 [main] DEBUG o.h.p.w.spi.MetamodelGraphWalker - Visiting attribute path : sellers.isWorking
12:38:55.534 [main] DEBUG o.h.p.w.spi.MetamodelGraphWalker - Visiting attribute path : validity
12:38:55.534 [main] DEBUG o.h.l.p.b.i.FetchStyleLoadPlanBuildingAssociationVisitationStrategy - Building LoadPlan...
12:38:55.534 [main] DEBUG o.h.l.p.e.i.LoadQueryJoinAndFetchProcessor - processing queryspace <gen:0>
12:38:55.534 [main] DEBUG o.h.l.p.b.spi.LoadPlanTreePrinter - LoadPlan(entity=Classes.Pass)
    - Returns
       - EntityReturnImpl(entity=Classes.Pass, querySpaceUid=<gen:0>, path=Classes.Pass)
          - EntityAttributeFetchImpl(entity=Abstract.TicketSeller, querySpaceUid=<gen:1>, path=Classes.Pass.seller)
             - CollectionAttributeFetchImpl(collection=Abstract.TicketSeller.passes, querySpaceUid=<gen:2>, path=Classes.Pass.seller.passes)
                - (collection element) CollectionFetchableElementEntityGraph(entity=Classes.Pass, querySpaceUid=<gen:3>, path=Classes.Pass.seller.passes.<elements>)
             - CollectionAttributeFetchImpl(collection=Abstract.TicketSeller.tickets, querySpaceUid=<gen:4>, path=Classes.Pass.seller.tickets)
                - (collection element) CollectionFetchableElementEntityGraph(entity=Classes.Ticket, querySpaceUid=<gen:5>, path=Classes.Pass.seller.tickets.<elements>)
             - CollectionAttributeFetchImpl(collection=Classes.Shop.people, querySpaceUid=<gen:6>, path=Classes.Pass.seller.people)
                - (collection element) CollectionFetchableElementEntityGraph(entity=Classes.Person, querySpaceUid=<gen:7>, path=Classes.Pass.seller.people.<elements>)
          - EntityAttributeFetchImpl(entity=Classes.Person, querySpaceUid=<gen:8>, path=Classes.Pass.person)
             - EntityAttributeFetchImpl(entity=Classes.Card, querySpaceUid=<gen:9>, path=Classes.Pass.person.cardNum)
          - EntityAttributeFetchImpl(entity=Abstract.TicketSeller, querySpaceUid=<gen:10>, path=Classes.Pass.sellers)
             - CollectionAttributeFetchImpl(collection=Abstract.TicketSeller.passes, querySpaceUid=<gen:11>, path=Classes.Pass.sellers.passes)
                - (collection element) CollectionFetchableElementEntityGraph(entity=Classes.Pass, querySpaceUid=<gen:12>, path=Classes.Pass.sellers.passes.<elements>)
             - CollectionAttributeFetchImpl(collection=Abstract.TicketSeller.tickets, querySpaceUid=<gen:13>, path=Classes.Pass.sellers.tickets)
                - (collection element) CollectionFetchableElementEntityGraph(entity=Classes.Ticket, querySpaceUid=<gen:14>, path=Classes.Pass.sellers.tickets.<elements>)
             - CollectionAttributeFetchImpl(collection=Classes.Shop.people, querySpaceUid=<gen:15>, path=Classes.Pass.sellers.people)
                - (collection element) CollectionFetchableElementEntityGraph(entity=Classes.Person, querySpaceUid=<gen:16>, path=Classes.Pass.sellers.people.<elements>)
    - QuerySpaces
       - EntityQuerySpaceImpl(uid=<gen:0>, entity=Classes.Pass)
          - SQL table alias mapping - pass0_
          - alias suffix - 0_
          - suffixed key columns - {id2_2_0_}
          - JOIN (JoinDefinedByMetadata(seller)) : <gen:0> -> <gen:1>
             - EntityQuerySpaceImpl(uid=<gen:1>, entity=Abstract.TicketSeller)
                - SQL table alias mapping - ticketsell1_
                - alias suffix - 1_
                - suffixed key columns - {id2_3_1_}
          - JOIN (JoinDefinedByMetadata(person)) : <gen:0> -> <gen:8>
             - EntityQuerySpaceImpl(uid=<gen:8>, entity=Classes.Person)
                - SQL table alias mapping - person2_
                - alias suffix - 2_
                - suffixed key columns - {id1_1_2_}
                - JOIN (JoinDefinedByMetadata(cardNum)) : <gen:8> -> <gen:9>
                   - EntityQuerySpaceImpl(uid=<gen:9>, entity=Classes.Card)
                      - SQL table alias mapping - card3_
                      - alias suffix - 3_
                      - suffixed key columns - {id1_0_3_}
          - JOIN (JoinDefinedByMetadata(sellers)) : <gen:0> -> <gen:10>
             - EntityQuerySpaceImpl(uid=<gen:10>, entity=Abstract.TicketSeller)
                - SQL table alias mapping - ticketsell4_
                - alias suffix - 4_
                - suffixed key columns - {id2_3_4_}

12:38:55.535 [main] DEBUG o.h.loader.entity.plan.EntityLoader - Static select for entity Classes.Pass [NONE]: select pass0_.id as id2_2_0_, pass0_.seller_id as seller_i4_2_0_, pass0_.person_id as person_i5_2_0_, pass0_.sellers_id as sellers_6_2_0_, pass0_.validity as validity3_2_0_, ticketsell1_.id as id2_3_1_, ticketsell1_.seller_name as seller_n3_3_1_, ticketsell1_.isWorking as isworkin4_3_1_, ticketsell1_.type as type1_3_1_, person2_.id as id1_1_2_, person2_.birthdate as birthdat2_1_2_, person2_.cardNum_id as cardnum_5_1_2_, person2_.firstName as firstnam3_1_2_, person2_.lastName as lastname4_1_2_, card3_.id as id1_0_3_, card3_.emissionDate as emission2_0_3_, card3_.expirationDate as expirati3_0_3_, ticketsell4_.id as id2_3_4_, ticketsell4_.seller_name as seller_n3_3_4_, ticketsell4_.isWorking as isworkin4_3_4_, ticketsell4_.type as type1_3_4_ from Ticket pass0_ left outer join TicketSeller ticketsell1_ on pass0_.seller_id=ticketsell1_.id left outer join Person person2_ on pass0_.person_id=person2_.id left outer join Card card3_ on person2_.cardNum_id=card3_.id left outer join TicketSeller ticketsell4_ on pass0_.sellers_id=ticketsell4_.id where pass0_.id=? and pass0_.DTYPE='Pass'
12:38:55.535 [main] DEBUG o.h.p.entity.AbstractEntityPersister - Static SQL for entity: Classes.Shop
12:38:55.535 [main] DEBUG o.h.p.entity.AbstractEntityPersister -  Version select: select id from TicketSeller where id =?
12:38:55.535 [main] DEBUG o.h.p.entity.AbstractEntityPersister -  Snapshot select: select shop_.id, shop_.seller_name as seller_n3_3_ from TicketSeller shop_ where shop_.id=?
12:38:55.535 [main] DEBUG o.h.p.entity.AbstractEntityPersister -  Insert 0: insert into TicketSeller (seller_name, type, id) values (?, 'shop', ?)
12:38:55.535 [main] DEBUG o.h.p.entity.AbstractEntityPersister -  Update 0: update TicketSeller set seller_name=? where id=?
12:38:55.535 [main] DEBUG o.h.p.entity.AbstractEntityPersister -  Delete 0: delete from TicketSeller where id=?
12:38:55.535 [main] DEBUG o.h.l.p.b.i.spaces.QuerySpacesImpl - Adding QuerySpace : uid = <gen:0> -> org.hibernate.loader.plan.build.internal.spaces.EntityQuerySpaceImpl@1c3259fa]
12:38:55.535 [main] DEBUG o.h.p.w.spi.MetamodelGraphWalker - Visiting attribute path : name
12:38:55.535 [main] DEBUG o.h.p.w.spi.MetamodelGraphWalker - Visiting attribute path : passes
12:38:55.535 [main] DEBUG o.h.l.p.b.i.spaces.QuerySpacesImpl - Adding QuerySpace : uid = <gen:1> -> org.hibernate.loader.plan.build.internal.spaces.CollectionQuerySpaceImpl@6807a356]
12:38:55.535 [main] DEBUG o.h.l.p.b.i.spaces.QuerySpacesImpl - Adding QuerySpace : uid = <gen:2> -> org.hibernate.loader.plan.build.internal.spaces.EntityQuerySpaceImpl@7ddd84b5]
12:38:55.535 [main] DEBUG o.h.p.w.spi.MetamodelGraphWalker - Visiting attribute path : tickets
12:38:55.535 [main] DEBUG o.h.l.p.b.i.spaces.QuerySpacesImpl - Adding QuerySpace : uid = <gen:3> -> org.hibernate.loader.plan.build.internal.spaces.CollectionQuerySpaceImpl@73aeef7d]
12:38:55.535 [main] DEBUG o.h.l.p.b.i.spaces.QuerySpacesImpl - Adding QuerySpace : uid = <gen:4> -> org.hibernate.loader.plan.build.internal.spaces.EntityQuerySpaceImpl@d675f9f]
12:38:55.535 [main] DEBUG o.h.p.w.spi.MetamodelGraphWalker - Visiting attribute path : people
12:38:55.535 [main] DEBUG o.h.l.p.b.i.spaces.QuerySpacesImpl - Adding QuerySpace : uid = <gen:5> -> org.hibernate.loader.plan.build.internal.spaces.CollectionQuerySpaceImpl@58af5076]
12:38:55.535 [main] DEBUG o.h.l.p.b.i.spaces.QuerySpacesImpl - Adding QuerySpace : uid = <gen:6> -> org.hibernate.loader.plan.build.internal.spaces.EntityQuerySpaceImpl@49469ffa]
12:38:55.535 [main] DEBUG o.h.l.p.b.i.FetchStyleLoadPlanBuildingAssociationVisitationStrategy - Building LoadPlan...
12:38:55.535 [main] DEBUG o.h.l.p.e.i.LoadQueryJoinAndFetchProcessor - processing queryspace <gen:0>
12:38:55.535 [main] DEBUG o.h.l.p.b.spi.LoadPlanTreePrinter - LoadPlan(entity=Classes.Shop)
    - Returns
       - EntityReturnImpl(entity=Classes.Shop, querySpaceUid=<gen:0>, path=Classes.Shop)
          - CollectionAttributeFetchImpl(collection=Abstract.TicketSeller.passes, querySpaceUid=<gen:1>, path=Classes.Shop.passes)
             - (collection element) CollectionFetchableElementEntityGraph(entity=Classes.Pass, querySpaceUid=<gen:2>, path=Classes.Shop.passes.<elements>)
          - CollectionAttributeFetchImpl(collection=Abstract.TicketSeller.tickets, querySpaceUid=<gen:3>, path=Classes.Shop.tickets)
             - (collection element) CollectionFetchableElementEntityGraph(entity=Classes.Ticket, querySpaceUid=<gen:4>, path=Classes.Shop.tickets.<elements>)
          - CollectionAttributeFetchImpl(collection=Classes.Shop.people, querySpaceUid=<gen:5>, path=Classes.Shop.people)
             - (collection element) CollectionFetchableElementEntityGraph(entity=Classes.Person, querySpaceUid=<gen:6>, path=Classes.Shop.people.<elements>)
    - QuerySpaces
       - EntityQuerySpaceImpl(uid=<gen:0>, entity=Classes.Shop)
          - SQL table alias mapping - shop0_
          - alias suffix - 0_
          - suffixed key columns - {id2_3_0_}

12:38:55.535 [main] DEBUG o.h.loader.entity.plan.EntityLoader - Static select for entity Classes.Shop [NONE]: select shop0_.id as id2_3_0_, shop0_.seller_name as seller_n3_3_0_ from TicketSeller shop0_ where shop0_.id=? and shop0_.type='shop'
12:38:55.535 [main] DEBUG o.h.p.entity.AbstractEntityPersister - Static SQL for entity: Classes.Ticket
12:38:55.535 [main] DEBUG o.h.p.entity.AbstractEntityPersister -  Version select: select id from Ticket where id =?
12:38:55.535 [main] DEBUG o.h.p.entity.AbstractEntityPersister -  Snapshot select: select ticket_.id, ticket_.seller_id as seller_i4_2_ from Ticket ticket_ where ticket_.id=?
12:38:55.535 [main] DEBUG o.h.p.entity.AbstractEntityPersister -  Insert 0: insert into Ticket (seller_id, DTYPE, id) values (?, 'Ticket', ?)
12:38:55.535 [main] DEBUG o.h.p.entity.AbstractEntityPersister -  Update 0: update Ticket set seller_id=? where id=?
12:38:55.535 [main] DEBUG o.h.p.entity.AbstractEntityPersister -  Delete 0: delete from Ticket where id=?
12:38:55.535 [main] DEBUG o.h.p.entity.AbstractEntityPersister -  Identity insert: insert into Ticket (seller_id, DTYPE) values (?, 'Ticket')
12:38:55.535 [main] DEBUG o.h.l.p.b.i.spaces.QuerySpacesImpl - Adding QuerySpace : uid = <gen:0> -> org.hibernate.loader.plan.build.internal.spaces.EntityQuerySpaceImpl@4d9754a8]
12:38:55.535 [main] DEBUG o.h.p.w.spi.MetamodelGraphWalker - Visiting attribute path : seller
12:38:55.536 [main] DEBUG o.h.l.p.b.i.spaces.QuerySpacesImpl - Adding QuerySpace : uid = <gen:1> -> org.hibernate.loader.plan.build.internal.spaces.EntityQuerySpaceImpl@58b5a2f3]
12:38:55.536 [main] DEBUG o.h.p.w.spi.MetamodelGraphWalker - Visiting attribute path : seller.name
12:38:55.536 [main] DEBUG o.h.p.w.spi.MetamodelGraphWalker - Visiting attribute path : seller.passes
12:38:55.536 [main] DEBUG o.h.l.p.b.i.spaces.QuerySpacesImpl - Adding QuerySpace : uid = <gen:2> -> org.hibernate.loader.plan.build.internal.spaces.CollectionQuerySpaceImpl@52b46d52]
12:38:55.536 [main] DEBUG o.h.l.p.b.i.spaces.QuerySpacesImpl - Adding QuerySpace : uid = <gen:3> -> org.hibernate.loader.plan.build.internal.spaces.EntityQuerySpaceImpl@7327a447]
12:38:55.536 [main] DEBUG o.h.p.w.spi.MetamodelGraphWalker - Visiting attribute path : seller.tickets
12:38:55.536 [main] DEBUG o.h.l.p.b.i.spaces.QuerySpacesImpl - Adding QuerySpace : uid = <gen:4> -> org.hibernate.loader.plan.build.internal.spaces.CollectionQuerySpaceImpl@67022ea]
12:38:55.536 [main] DEBUG o.h.l.p.b.i.spaces.QuerySpacesImpl - Adding QuerySpace : uid = <gen:5> -> org.hibernate.loader.plan.build.internal.spaces.EntityQuerySpaceImpl@2954f6ab]
12:38:55.536 [main] DEBUG o.h.p.w.spi.MetamodelGraphWalker - Visiting attribute path : seller.people
12:38:55.536 [main] DEBUG o.h.l.p.b.i.spaces.QuerySpacesImpl - Adding QuerySpace : uid = <gen:6> -> org.hibernate.loader.plan.build.internal.spaces.CollectionQuerySpaceImpl@58fbd02e]
12:38:55.536 [main] DEBUG o.h.l.p.b.i.spaces.QuerySpacesImpl - Adding QuerySpace : uid = <gen:7> -> org.hibernate.loader.plan.build.internal.spaces.EntityQuerySpaceImpl@163042ea]
12:38:55.536 [main] DEBUG o.h.p.w.spi.MetamodelGraphWalker - Visiting attribute path : seller.isWorking
12:38:55.536 [main] DEBUG o.h.p.w.spi.MetamodelGraphWalker - Visiting attribute path : person
12:38:55.536 [main] DEBUG o.h.l.p.b.i.spaces.QuerySpacesImpl - Adding QuerySpace : uid = <gen:8> -> org.hibernate.loader.plan.build.internal.spaces.EntityQuerySpaceImpl@11d045b4]
12:38:55.536 [main] DEBUG o.h.p.w.spi.MetamodelGraphWalker - Visiting attribute path : person.birthdate
12:38:55.536 [main] DEBUG o.h.p.w.spi.MetamodelGraphWalker - Visiting attribute path : person.cardNum
12:38:55.536 [main] DEBUG o.h.l.p.b.i.spaces.QuerySpacesImpl - Adding QuerySpace : uid = <gen:9> -> org.hibernate.loader.plan.build.internal.spaces.EntityQuerySpaceImpl@1943c1f2]
12:38:55.536 [main] DEBUG o.h.p.w.spi.MetamodelGraphWalker - Visiting attribute path : person.cardNum.emissionDate
12:38:55.536 [main] DEBUG o.h.p.w.spi.MetamodelGraphWalker - Visiting attribute path : person.cardNum.expirationDate
12:38:55.536 [main] DEBUG o.h.p.w.spi.MetamodelGraphWalker - Visiting attribute path : person.cardNum.person
12:38:55.536 [main] DEBUG o.h.p.w.spi.MetamodelGraphWalker - Property path deemed to be circular : person.cardNum.person
12:38:55.536 [main] DEBUG o.h.p.w.spi.MetamodelGraphWalker - Visiting attribute path : person.firstName
12:38:55.536 [main] DEBUG o.h.p.w.spi.MetamodelGraphWalker - Visiting attribute path : person.lastName
12:38:55.536 [main] DEBUG o.h.p.w.spi.MetamodelGraphWalker - Visiting attribute path : sellers
12:38:55.536 [main] DEBUG o.h.l.p.b.i.spaces.QuerySpacesImpl - Adding QuerySpace : uid = <gen:10> -> org.hibernate.loader.plan.build.internal.spaces.EntityQuerySpaceImpl@1e1eeedd]
12:38:55.536 [main] DEBUG o.h.p.w.spi.MetamodelGraphWalker - Visiting attribute path : sellers.name
12:38:55.536 [main] DEBUG o.h.p.w.spi.MetamodelGraphWalker - Visiting attribute path : sellers.passes
12:38:55.536 [main] DEBUG o.h.l.p.b.i.spaces.QuerySpacesImpl - Adding QuerySpace : uid = <gen:11> -> org.hibernate.loader.plan.build.internal.spaces.CollectionQuerySpaceImpl@7ec95456]
12:38:55.536 [main] DEBUG o.h.l.p.b.i.spaces.QuerySpacesImpl - Adding QuerySpace : uid = <gen:12> -> org.hibernate.loader.plan.build.internal.spaces.EntityQuerySpaceImpl@748a654a]
12:38:55.536 [main] DEBUG o.h.p.w.spi.MetamodelGraphWalker - Visiting attribute path : sellers.tickets
12:38:55.536 [main] DEBUG o.h.l.p.b.i.spaces.QuerySpacesImpl - Adding QuerySpace : uid = <gen:13> -> org.hibernate.loader.plan.build.internal.spaces.CollectionQuerySpaceImpl@1d8b0500]
12:38:55.536 [main] DEBUG o.h.l.p.b.i.spaces.QuerySpacesImpl - Adding QuerySpace : uid = <gen:14> -> org.hibernate.loader.plan.build.internal.spaces.EntityQuerySpaceImpl@76544c0a]
12:38:55.536 [main] DEBUG o.h.p.w.spi.MetamodelGraphWalker - Visiting attribute path : sellers.people
12:38:55.536 [main] DEBUG o.h.l.p.b.i.spaces.QuerySpacesImpl - Adding QuerySpace : uid = <gen:15> -> org.hibernate.loader.plan.build.internal.spaces.CollectionQuerySpaceImpl@428bdd72]
12:38:55.536 [main] DEBUG o.h.l.p.b.i.spaces.QuerySpacesImpl - Adding QuerySpace : uid = <gen:16> -> org.hibernate.loader.plan.build.internal.spaces.EntityQuerySpaceImpl@650c405c]
12:38:55.536 [main] DEBUG o.h.p.w.spi.MetamodelGraphWalker - Visiting attribute path : sellers.isWorking
12:38:55.536 [main] DEBUG o.h.p.w.spi.MetamodelGraphWalker - Visiting attribute path : validity
12:38:55.536 [main] DEBUG o.h.l.p.b.i.FetchStyleLoadPlanBuildingAssociationVisitationStrategy - Building LoadPlan...
12:38:55.536 [main] DEBUG o.h.l.p.e.i.LoadQueryJoinAndFetchProcessor - processing queryspace <gen:0>
12:38:55.537 [main] DEBUG o.h.l.p.b.spi.LoadPlanTreePrinter - LoadPlan(entity=Classes.Ticket)
    - Returns
       - EntityReturnImpl(entity=Classes.Ticket, querySpaceUid=<gen:0>, path=Classes.Ticket)
          - EntityAttributeFetchImpl(entity=Abstract.TicketSeller, querySpaceUid=<gen:1>, path=Classes.Ticket.seller)
             - CollectionAttributeFetchImpl(collection=Abstract.TicketSeller.passes, querySpaceUid=<gen:2>, path=Classes.Ticket.seller.passes)
                - (collection element) CollectionFetchableElementEntityGraph(entity=Classes.Pass, querySpaceUid=<gen:3>, path=Classes.Ticket.seller.passes.<elements>)
             - CollectionAttributeFetchImpl(collection=Abstract.TicketSeller.tickets, querySpaceUid=<gen:4>, path=Classes.Ticket.seller.tickets)
                - (collection element) CollectionFetchableElementEntityGraph(entity=Classes.Ticket, querySpaceUid=<gen:5>, path=Classes.Ticket.seller.tickets.<elements>)
             - CollectionAttributeFetchImpl(collection=Classes.Shop.people, querySpaceUid=<gen:6>, path=Classes.Ticket.seller.people)
                - (collection element) CollectionFetchableElementEntityGraph(entity=Classes.Person, querySpaceUid=<gen:7>, path=Classes.Ticket.seller.people.<elements>)
          - EntityAttributeFetchImpl(entity=Classes.Person, querySpaceUid=<gen:8>, path=Classes.Ticket.person)
             - EntityAttributeFetchImpl(entity=Classes.Card, querySpaceUid=<gen:9>, path=Classes.Ticket.person.cardNum)
          - EntityAttributeFetchImpl(entity=Abstract.TicketSeller, querySpaceUid=<gen:10>, path=Classes.Ticket.sellers)
             - CollectionAttributeFetchImpl(collection=Abstract.TicketSeller.passes, querySpaceUid=<gen:11>, path=Classes.Ticket.sellers.passes)
                - (collection element) CollectionFetchableElementEntityGraph(entity=Classes.Pass, querySpaceUid=<gen:12>, path=Classes.Ticket.sellers.passes.<elements>)
             - CollectionAttributeFetchImpl(collection=Abstract.TicketSeller.tickets, querySpaceUid=<gen:13>, path=Classes.Ticket.sellers.tickets)
                - (collection element) CollectionFetchableElementEntityGraph(entity=Classes.Ticket, querySpaceUid=<gen:14>, path=Classes.Ticket.sellers.tickets.<elements>)
             - CollectionAttributeFetchImpl(collection=Classes.Shop.people, querySpaceUid=<gen:15>, path=Classes.Ticket.sellers.people)
                - (collection element) CollectionFetchableElementEntityGraph(entity=Classes.Person, querySpaceUid=<gen:16>, path=Classes.Ticket.sellers.people.<elements>)
    - QuerySpaces
       - EntityQuerySpaceImpl(uid=<gen:0>, entity=Classes.Ticket)
          - SQL table alias mapping - ticket0_
          - alias suffix - 0_
          - suffixed key columns - {id2_2_0_}
          - JOIN (JoinDefinedByMetadata(seller)) : <gen:0> -> <gen:1>
             - EntityQuerySpaceImpl(uid=<gen:1>, entity=Abstract.TicketSeller)
                - SQL table alias mapping - ticketsell1_
                - alias suffix - 1_
                - suffixed key columns - {id2_3_1_}
          - JOIN (JoinDefinedByMetadata(person)) : <gen:0> -> <gen:8>
             - EntityQuerySpaceImpl(uid=<gen:8>, entity=Classes.Person)
                - SQL table alias mapping - person2_
                - alias suffix - 2_
                - suffixed key columns - {id1_1_2_}
                - JOIN (JoinDefinedByMetadata(cardNum)) : <gen:8> -> <gen:9>
                   - EntityQuerySpaceImpl(uid=<gen:9>, entity=Classes.Card)
                      - SQL table alias mapping - card3_
                      - alias suffix - 3_
                      - suffixed key columns - {id1_0_3_}
          - JOIN (JoinDefinedByMetadata(sellers)) : <gen:0> -> <gen:10>
             - EntityQuerySpaceImpl(uid=<gen:10>, entity=Abstract.TicketSeller)
                - SQL table alias mapping - ticketsell4_
                - alias suffix - 4_
                - suffixed key columns - {id2_3_4_}

12:38:55.537 [main] DEBUG o.h.loader.entity.plan.EntityLoader - Static select for entity Classes.Ticket [NONE]: select ticket0_.id as id2_2_0_, ticket0_.seller_id as seller_i4_2_0_, ticket0_.person_id as person_i5_2_0_, ticket0_.sellers_id as sellers_6_2_0_, ticket0_.validity as validity3_2_0_, ticket0_.DTYPE as dtype1_2_0_, ticketsell1_.id as id2_3_1_, ticketsell1_.seller_name as seller_n3_3_1_, ticketsell1_.isWorking as isworkin4_3_1_, ticketsell1_.type as type1_3_1_, person2_.id as id1_1_2_, person2_.birthdate as birthdat2_1_2_, person2_.cardNum_id as cardnum_5_1_2_, person2_.firstName as firstnam3_1_2_, person2_.lastName as lastname4_1_2_, card3_.id as id1_0_3_, card3_.emissionDate as emission2_0_3_, card3_.expirationDate as expirati3_0_3_, ticketsell4_.id as id2_3_4_, ticketsell4_.seller_name as seller_n3_3_4_, ticketsell4_.isWorking as isworkin4_3_4_, ticketsell4_.type as type1_3_4_ from Ticket ticket0_ left outer join TicketSeller ticketsell1_ on ticket0_.seller_id=ticketsell1_.id left outer join Person person2_ on ticket0_.person_id=person2_.id left outer join Card card3_ on person2_.cardNum_id=card3_.id left outer join TicketSeller ticketsell4_ on ticket0_.sellers_id=ticketsell4_.id where ticket0_.id=?
12:38:55.537 [main] DEBUG o.h.p.entity.AbstractEntityPersister - Static SQL for entity: Classes.VendingMachine
12:38:55.537 [main] DEBUG o.h.p.entity.AbstractEntityPersister -  Version select: select id from TicketSeller where id =?
12:38:55.537 [main] DEBUG o.h.p.entity.AbstractEntityPersister -  Snapshot select: select vendingmac_.id, vendingmac_.seller_name as seller_n3_3_, vendingmac_.isWorking as isworkin4_3_ from TicketSeller vendingmac_ where vendingmac_.id=?
12:38:55.537 [main] DEBUG o.h.p.entity.AbstractEntityPersister -  Insert 0: insert into TicketSeller (seller_name, isWorking, type, id) values (?, ?, 'vending_machine', ?)
12:38:55.537 [main] DEBUG o.h.p.entity.AbstractEntityPersister -  Update 0: update TicketSeller set seller_name=?, isWorking=? where id=?
12:38:55.537 [main] DEBUG o.h.p.entity.AbstractEntityPersister -  Delete 0: delete from TicketSeller where id=?
12:38:55.537 [main] DEBUG o.h.l.p.b.i.spaces.QuerySpacesImpl - Adding QuerySpace : uid = <gen:0> -> org.hibernate.loader.plan.build.internal.spaces.EntityQuerySpaceImpl@20eaeaf8]
12:38:55.537 [main] DEBUG o.h.p.w.spi.MetamodelGraphWalker - Visiting attribute path : name
12:38:55.537 [main] DEBUG o.h.p.w.spi.MetamodelGraphWalker - Visiting attribute path : passes
12:38:55.537 [main] DEBUG o.h.l.p.b.i.spaces.QuerySpacesImpl - Adding QuerySpace : uid = <gen:1> -> org.hibernate.loader.plan.build.internal.spaces.CollectionQuerySpaceImpl@68f6e55d]
12:38:55.537 [main] DEBUG o.h.l.p.b.i.spaces.QuerySpacesImpl - Adding QuerySpace : uid = <gen:2> -> org.hibernate.loader.plan.build.internal.spaces.EntityQuerySpaceImpl@6fff46bf]
12:38:55.537 [main] DEBUG o.h.p.w.spi.MetamodelGraphWalker - Visiting attribute path : tickets
12:38:55.537 [main] DEBUG o.h.l.p.b.i.spaces.QuerySpacesImpl - Adding QuerySpace : uid = <gen:3> -> org.hibernate.loader.plan.build.internal.spaces.CollectionQuerySpaceImpl@1835dc92]
12:38:55.537 [main] DEBUG o.h.l.p.b.i.spaces.QuerySpacesImpl - Adding QuerySpace : uid = <gen:4> -> org.hibernate.loader.plan.build.internal.spaces.EntityQuerySpaceImpl@3aaa3c39]
12:38:55.537 [main] DEBUG o.h.p.w.spi.MetamodelGraphWalker - Visiting attribute path : isWorking
12:38:55.537 [main] DEBUG o.h.l.p.b.i.FetchStyleLoadPlanBuildingAssociationVisitationStrategy - Building LoadPlan...
12:38:55.537 [main] DEBUG o.h.l.p.e.i.LoadQueryJoinAndFetchProcessor - processing queryspace <gen:0>
12:38:55.538 [main] DEBUG o.h.l.p.b.spi.LoadPlanTreePrinter - LoadPlan(entity=Classes.VendingMachine)
    - Returns
       - EntityReturnImpl(entity=Classes.VendingMachine, querySpaceUid=<gen:0>, path=Classes.VendingMachine)
          - CollectionAttributeFetchImpl(collection=Abstract.TicketSeller.passes, querySpaceUid=<gen:1>, path=Classes.VendingMachine.passes)
             - (collection element) CollectionFetchableElementEntityGraph(entity=Classes.Pass, querySpaceUid=<gen:2>, path=Classes.VendingMachine.passes.<elements>)
          - CollectionAttributeFetchImpl(collection=Abstract.TicketSeller.tickets, querySpaceUid=<gen:3>, path=Classes.VendingMachine.tickets)
             - (collection element) CollectionFetchableElementEntityGraph(entity=Classes.Ticket, querySpaceUid=<gen:4>, path=Classes.VendingMachine.tickets.<elements>)
    - QuerySpaces
       - EntityQuerySpaceImpl(uid=<gen:0>, entity=Classes.VendingMachine)
          - SQL table alias mapping - vendingmac0_
          - alias suffix - 0_
          - suffixed key columns - {id2_3_0_}

12:38:55.538 [main] DEBUG o.h.loader.entity.plan.EntityLoader - Static select for entity Classes.VendingMachine [NONE]: select vendingmac0_.id as id2_3_0_, vendingmac0_.seller_name as seller_n3_3_0_, vendingmac0_.isWorking as isworkin4_3_0_ from TicketSeller vendingmac0_ where vendingmac0_.id=? and vendingmac0_.type='vending_machine'
12:38:55.541 [main] DEBUG o.h.l.p.b.i.spaces.QuerySpacesImpl - Adding QuerySpace : uid = <gen:0> -> org.hibernate.loader.plan.build.internal.spaces.CollectionQuerySpaceImpl@40247d48]
12:38:55.541 [main] DEBUG o.h.l.p.b.i.spaces.QuerySpacesImpl - Adding QuerySpace : uid = <gen:1> -> org.hibernate.loader.plan.build.internal.spaces.EntityQuerySpaceImpl@3ff54f3d]
12:38:55.541 [main] DEBUG o.h.p.w.spi.MetamodelGraphWalker - Visiting attribute path : seller
12:38:55.541 [main] DEBUG o.h.l.p.b.i.spaces.QuerySpacesImpl - Adding QuerySpace : uid = <gen:2> -> org.hibernate.loader.plan.build.internal.spaces.EntityQuerySpaceImpl@67536ae0]
12:38:55.541 [main] DEBUG o.h.p.w.spi.MetamodelGraphWalker - Visiting attribute path : seller.name
12:38:55.541 [main] DEBUG o.h.p.w.spi.MetamodelGraphWalker - Visiting attribute path : seller.passes
12:38:55.541 [main] DEBUG o.h.p.w.spi.MetamodelGraphWalker - Property path deemed to be circular : seller.passes
12:38:55.541 [main] DEBUG o.h.p.w.spi.MetamodelGraphWalker - Visiting attribute path : seller.tickets
12:38:55.541 [main] DEBUG o.h.p.w.spi.MetamodelGraphWalker - Property path deemed to be circular : seller.tickets
12:38:55.541 [main] DEBUG o.h.p.w.spi.MetamodelGraphWalker - Visiting attribute path : seller.people
12:38:55.542 [main] DEBUG o.h.l.p.b.i.spaces.QuerySpacesImpl - Adding QuerySpace : uid = <gen:3> -> org.hibernate.loader.plan.build.internal.spaces.CollectionQuerySpaceImpl@d16be4f]
12:38:55.542 [main] DEBUG o.h.l.p.b.i.spaces.QuerySpacesImpl - Adding QuerySpace : uid = <gen:4> -> org.hibernate.loader.plan.build.internal.spaces.EntityQuerySpaceImpl@17b37e9a]
12:38:55.542 [main] DEBUG o.h.p.w.spi.MetamodelGraphWalker - Visiting attribute path : seller.isWorking
12:38:55.542 [main] DEBUG o.h.p.w.spi.MetamodelGraphWalker - Visiting attribute path : person
12:38:55.542 [main] DEBUG o.h.l.p.b.i.spaces.QuerySpacesImpl - Adding QuerySpace : uid = <gen:5> -> org.hibernate.loader.plan.build.internal.spaces.EntityQuerySpaceImpl@6bcb12e6]
12:38:55.542 [main] DEBUG o.h.p.w.spi.MetamodelGraphWalker - Visiting attribute path : person.birthdate
12:38:55.542 [main] DEBUG o.h.p.w.spi.MetamodelGraphWalker - Visiting attribute path : person.cardNum
12:38:55.542 [main] DEBUG o.h.l.p.b.i.spaces.QuerySpacesImpl - Adding QuerySpace : uid = <gen:6> -> org.hibernate.loader.plan.build.internal.spaces.EntityQuerySpaceImpl@29c17c3d]
12:38:55.542 [main] DEBUG o.h.p.w.spi.MetamodelGraphWalker - Visiting attribute path : person.cardNum.emissionDate
12:38:55.542 [main] DEBUG o.h.p.w.spi.MetamodelGraphWalker - Visiting attribute path : person.cardNum.expirationDate
12:38:55.542 [main] DEBUG o.h.p.w.spi.MetamodelGraphWalker - Visiting attribute path : person.cardNum.person
12:38:55.542 [main] DEBUG o.h.p.w.spi.MetamodelGraphWalker - Property path deemed to be circular : person.cardNum.person
12:38:55.542 [main] DEBUG o.h.p.w.spi.MetamodelGraphWalker - Visiting attribute path : person.firstName
12:38:55.542 [main] DEBUG o.h.p.w.spi.MetamodelGraphWalker - Visiting attribute path : person.lastName
12:38:55.542 [main] DEBUG o.h.p.w.spi.MetamodelGraphWalker - Visiting attribute path : sellers
12:38:55.542 [main] DEBUG o.h.l.p.b.i.spaces.QuerySpacesImpl - Adding QuerySpace : uid = <gen:7> -> org.hibernate.loader.plan.build.internal.spaces.EntityQuerySpaceImpl@1665fa54]
12:38:55.542 [main] DEBUG o.h.p.w.spi.MetamodelGraphWalker - Visiting attribute path : sellers.name
12:38:55.542 [main] DEBUG o.h.p.w.spi.MetamodelGraphWalker - Visiting attribute path : sellers.passes
12:38:55.542 [main] DEBUG o.h.p.w.spi.MetamodelGraphWalker - Property path deemed to be circular : sellers.passes
12:38:55.542 [main] DEBUG o.h.p.w.spi.MetamodelGraphWalker - Visiting attribute path : sellers.tickets
12:38:55.542 [main] DEBUG o.h.p.w.spi.MetamodelGraphWalker - Property path deemed to be circular : sellers.tickets
12:38:55.542 [main] DEBUG o.h.p.w.spi.MetamodelGraphWalker - Visiting attribute path : sellers.people
12:38:55.542 [main] DEBUG o.h.l.p.b.i.spaces.QuerySpacesImpl - Adding QuerySpace : uid = <gen:8> -> org.hibernate.loader.plan.build.internal.spaces.CollectionQuerySpaceImpl@4f654cee]
12:38:55.542 [main] DEBUG o.h.l.p.b.i.spaces.QuerySpacesImpl - Adding QuerySpace : uid = <gen:9> -> org.hibernate.loader.plan.build.internal.spaces.EntityQuerySpaceImpl@3e1fd62b]
12:38:55.542 [main] DEBUG o.h.p.w.spi.MetamodelGraphWalker - Visiting attribute path : sellers.isWorking
12:38:55.542 [main] DEBUG o.h.p.w.spi.MetamodelGraphWalker - Visiting attribute path : validity
12:38:55.542 [main] DEBUG o.h.l.p.b.i.FetchStyleLoadPlanBuildingAssociationVisitationStrategy - Building LoadPlan...
12:38:55.544 [main] DEBUG o.h.l.p.e.i.LoadQueryJoinAndFetchProcessor - processing queryspace <gen:0>
12:38:55.545 [main] DEBUG o.h.l.p.b.spi.LoadPlanTreePrinter - LoadPlan(collection=Abstract.TicketSeller.tickets)
    - Returns
       - CollectionReturnImpl(collection=Abstract.TicketSeller.tickets, querySpaceUid=<gen:0>, path=[Abstract.TicketSeller.tickets])
          - (collection element) CollectionFetchableElementEntityGraph(entity=Classes.Ticket, querySpaceUid=<gen:1>, path=[Abstract.TicketSeller.tickets].<elements>)
             - EntityAttributeFetchImpl(entity=Abstract.TicketSeller, querySpaceUid=<gen:2>, path=[Abstract.TicketSeller.tickets].<elements>.seller)
                - CollectionAttributeFetchImpl(collection=Classes.Shop.people, querySpaceUid=<gen:3>, path=[Abstract.TicketSeller.tickets].<elements>.seller.people)
                   - (collection element) CollectionFetchableElementEntityGraph(entity=Classes.Person, querySpaceUid=<gen:4>, path=[Abstract.TicketSeller.tickets].<elements>.seller.people.<elements>)
             - EntityAttributeFetchImpl(entity=Classes.Person, querySpaceUid=<gen:5>, path=[Abstract.TicketSeller.tickets].<elements>.person)
                - EntityAttributeFetchImpl(entity=Classes.Card, querySpaceUid=<gen:6>, path=[Abstract.TicketSeller.tickets].<elements>.person.cardNum)
             - EntityAttributeFetchImpl(entity=Abstract.TicketSeller, querySpaceUid=<gen:7>, path=[Abstract.TicketSeller.tickets].<elements>.sellers)
                - CollectionAttributeFetchImpl(collection=Classes.Shop.people, querySpaceUid=<gen:8>, path=[Abstract.TicketSeller.tickets].<elements>.sellers.people)
                   - (collection element) CollectionFetchableElementEntityGraph(entity=Classes.Person, querySpaceUid=<gen:9>, path=[Abstract.TicketSeller.tickets].<elements>.sellers.people.<elements>)
    - QuerySpaces
       - CollectionQuerySpaceImpl(uid=<gen:0>, collection=Abstract.TicketSeller.tickets)
          - SQL table alias mapping - tickets0_
          - alias suffix - 0_
          - suffixed key columns - {ticketse1_5_0_}
          - entity-element alias suffix - 1_
          - 1_entity-element suffixed key columns - id2_2_1_
          - JOIN (JoinDefinedByMetadata(elements)) : <gen:0> -> <gen:1>
             - EntityQuerySpaceImpl(uid=<gen:1>, entity=Classes.Ticket)
                - SQL table alias mapping - ticket1_
                - alias suffix - 1_
                - suffixed key columns - {id2_2_1_}
                - JOIN (JoinDefinedByMetadata(seller)) : <gen:1> -> <gen:2>
                   - EntityQuerySpaceImpl(uid=<gen:2>, entity=Abstract.TicketSeller)
                      - SQL table alias mapping - ticketsell2_
                      - alias suffix - 2_
                      - suffixed key columns - {id2_3_2_}
                - JOIN (JoinDefinedByMetadata(person)) : <gen:1> -> <gen:5>
                   - EntityQuerySpaceImpl(uid=<gen:5>, entity=Classes.Person)
                      - SQL table alias mapping - person3_
                      - alias suffix - 3_
                      - suffixed key columns - {id1_1_3_}
                      - JOIN (JoinDefinedByMetadata(cardNum)) : <gen:5> -> <gen:6>
                         - EntityQuerySpaceImpl(uid=<gen:6>, entity=Classes.Card)
                            - SQL table alias mapping - card4_
                            - alias suffix - 4_
                            - suffixed key columns - {id1_0_4_}
                - JOIN (JoinDefinedByMetadata(sellers)) : <gen:1> -> <gen:7>
                   - EntityQuerySpaceImpl(uid=<gen:7>, entity=Abstract.TicketSeller)
                      - SQL table alias mapping - ticketsell5_
                      - alias suffix - 5_
                      - suffixed key columns - {id2_3_5_}

12:38:55.545 [main] DEBUG o.h.l.c.plan.CollectionLoader - Static select for collection Abstract.TicketSeller.tickets: select tickets0_.TicketSeller_id as ticketse1_5_0_, tickets0_.tickets_id as tickets_2_5_0_, ticket1_.id as id2_2_1_, ticket1_.seller_id as seller_i4_2_1_, ticket1_.person_id as person_i5_2_1_, ticket1_.sellers_id as sellers_6_2_1_, ticket1_.validity as validity3_2_1_, ticket1_.DTYPE as dtype1_2_1_, ticketsell2_.id as id2_3_2_, ticketsell2_.seller_name as seller_n3_3_2_, ticketsell2_.isWorking as isworkin4_3_2_, ticketsell2_.type as type1_3_2_, person3_.id as id1_1_3_, person3_.birthdate as birthdat2_1_3_, person3_.cardNum_id as cardnum_5_1_3_, person3_.firstName as firstnam3_1_3_, person3_.lastName as lastname4_1_3_, card4_.id as id1_0_4_, card4_.emissionDate as emission2_0_4_, card4_.expirationDate as expirati3_0_4_, ticketsell5_.id as id2_3_5_, ticketsell5_.seller_name as seller_n3_3_5_, ticketsell5_.isWorking as isworkin4_3_5_, ticketsell5_.type as type1_3_5_ from TicketSeller_Ticket tickets0_ inner join Ticket ticket1_ on tickets0_.tickets_id=ticket1_.id left outer join TicketSeller ticketsell2_ on ticket1_.seller_id=ticketsell2_.id left outer join Person person3_ on ticket1_.person_id=person3_.id left outer join Card card4_ on person3_.cardNum_id=card4_.id left outer join TicketSeller ticketsell5_ on ticket1_.sellers_id=ticketsell5_.id where tickets0_.TicketSeller_id=?
12:38:55.545 [main] DEBUG o.h.l.p.b.i.spaces.QuerySpacesImpl - Adding QuerySpace : uid = <gen:0> -> org.hibernate.loader.plan.build.internal.spaces.CollectionQuerySpaceImpl@726934e2]
12:38:55.545 [main] DEBUG o.h.l.p.b.i.spaces.QuerySpacesImpl - Adding QuerySpace : uid = <gen:1> -> org.hibernate.loader.plan.build.internal.spaces.EntityQuerySpaceImpl@1319bc2a]
12:38:55.545 [main] DEBUG o.h.p.w.spi.MetamodelGraphWalker - Visiting attribute path : seller
12:38:55.545 [main] DEBUG o.h.l.p.b.i.spaces.QuerySpacesImpl - Adding QuerySpace : uid = <gen:2> -> org.hibernate.loader.plan.build.internal.spaces.EntityQuerySpaceImpl@798dad3d]
12:38:55.545 [main] DEBUG o.h.p.w.spi.MetamodelGraphWalker - Visiting attribute path : seller.name
12:38:55.545 [main] DEBUG o.h.p.w.spi.MetamodelGraphWalker - Visiting attribute path : seller.passes
12:38:55.545 [main] DEBUG o.h.p.w.spi.MetamodelGraphWalker - Property path deemed to be circular : seller.passes
12:38:55.545 [main] DEBUG o.h.p.w.spi.MetamodelGraphWalker - Visiting attribute path : seller.tickets
12:38:55.545 [main] DEBUG o.h.p.w.spi.MetamodelGraphWalker - Property path deemed to be circular : seller.tickets
12:38:55.545 [main] DEBUG o.h.p.w.spi.MetamodelGraphWalker - Visiting attribute path : seller.people
12:38:55.545 [main] DEBUG o.h.l.p.b.i.spaces.QuerySpacesImpl - Adding QuerySpace : uid = <gen:3> -> org.hibernate.loader.plan.build.internal.spaces.CollectionQuerySpaceImpl@696db620]
12:38:55.545 [main] DEBUG o.h.l.p.b.i.spaces.QuerySpacesImpl - Adding QuerySpace : uid = <gen:4> -> org.hibernate.loader.plan.build.internal.spaces.EntityQuerySpaceImpl@6968c1d6]
12:38:55.545 [main] DEBUG o.h.p.w.spi.MetamodelGraphWalker - Visiting attribute path : seller.isWorking
12:38:55.546 [main] DEBUG o.h.p.w.spi.MetamodelGraphWalker - Visiting attribute path : person
12:38:55.546 [main] DEBUG o.h.l.p.b.i.spaces.QuerySpacesImpl - Adding QuerySpace : uid = <gen:5> -> org.hibernate.loader.plan.build.internal.spaces.EntityQuerySpaceImpl@7d986d83]
12:38:55.546 [main] DEBUG o.h.p.w.spi.MetamodelGraphWalker - Visiting attribute path : person.birthdate
12:38:55.546 [main] DEBUG o.h.p.w.spi.MetamodelGraphWalker - Visiting attribute path : person.cardNum
12:38:55.546 [main] DEBUG o.h.l.p.b.i.spaces.QuerySpacesImpl - Adding QuerySpace : uid = <gen:6> -> org.hibernate.loader.plan.build.internal.spaces.EntityQuerySpaceImpl@3a7e365]
12:38:55.546 [main] DEBUG o.h.p.w.spi.MetamodelGraphWalker - Visiting attribute path : person.cardNum.emissionDate
12:38:55.546 [main] DEBUG o.h.p.w.spi.MetamodelGraphWalker - Visiting attribute path : person.cardNum.expirationDate
12:38:55.546 [main] DEBUG o.h.p.w.spi.MetamodelGraphWalker - Visiting attribute path : person.cardNum.person
12:38:55.546 [main] DEBUG o.h.p.w.spi.MetamodelGraphWalker - Property path deemed to be circular : person.cardNum.person
12:38:55.546 [main] DEBUG o.h.p.w.spi.MetamodelGraphWalker - Visiting attribute path : person.firstName
12:38:55.546 [main] DEBUG o.h.p.w.spi.MetamodelGraphWalker - Visiting attribute path : person.lastName
12:38:55.546 [main] DEBUG o.h.p.w.spi.MetamodelGraphWalker - Visiting attribute path : sellers
12:38:55.546 [main] DEBUG o.h.l.p.b.i.spaces.QuerySpacesImpl - Adding QuerySpace : uid = <gen:7> -> org.hibernate.loader.plan.build.internal.spaces.EntityQuerySpaceImpl@12a470dd]
12:38:55.546 [main] DEBUG o.h.p.w.spi.MetamodelGraphWalker - Visiting attribute path : sellers.name
12:38:55.546 [main] DEBUG o.h.p.w.spi.MetamodelGraphWalker - Visiting attribute path : sellers.passes
12:38:55.546 [main] DEBUG o.h.p.w.spi.MetamodelGraphWalker - Property path deemed to be circular : sellers.passes
12:38:55.546 [main] DEBUG o.h.p.w.spi.MetamodelGraphWalker - Visiting attribute path : sellers.tickets
12:38:55.546 [main] DEBUG o.h.p.w.spi.MetamodelGraphWalker - Property path deemed to be circular : sellers.tickets
12:38:55.546 [main] DEBUG o.h.p.w.spi.MetamodelGraphWalker - Visiting attribute path : sellers.people
12:38:55.546 [main] DEBUG o.h.l.p.b.i.spaces.QuerySpacesImpl - Adding QuerySpace : uid = <gen:8> -> org.hibernate.loader.plan.build.internal.spaces.CollectionQuerySpaceImpl@5568c66f]
12:38:55.546 [main] DEBUG o.h.l.p.b.i.spaces.QuerySpacesImpl - Adding QuerySpace : uid = <gen:9> -> org.hibernate.loader.plan.build.internal.spaces.EntityQuerySpaceImpl@e784320]
12:38:55.546 [main] DEBUG o.h.p.w.spi.MetamodelGraphWalker - Visiting attribute path : sellers.isWorking
12:38:55.546 [main] DEBUG o.h.p.w.spi.MetamodelGraphWalker - Visiting attribute path : validity
12:38:55.546 [main] DEBUG o.h.l.p.b.i.FetchStyleLoadPlanBuildingAssociationVisitationStrategy - Building LoadPlan...
12:38:55.546 [main] DEBUG o.h.l.p.e.i.LoadQueryJoinAndFetchProcessor - processing queryspace <gen:0>
12:38:55.547 [main] DEBUG o.h.l.p.b.spi.LoadPlanTreePrinter - LoadPlan(collection=Abstract.TicketSeller.passes)
    - Returns
       - CollectionReturnImpl(collection=Abstract.TicketSeller.passes, querySpaceUid=<gen:0>, path=[Abstract.TicketSeller.passes])
          - (collection element) CollectionFetchableElementEntityGraph(entity=Classes.Pass, querySpaceUid=<gen:1>, path=[Abstract.TicketSeller.passes].<elements>)
             - EntityAttributeFetchImpl(entity=Abstract.TicketSeller, querySpaceUid=<gen:2>, path=[Abstract.TicketSeller.passes].<elements>.seller)
                - CollectionAttributeFetchImpl(collection=Classes.Shop.people, querySpaceUid=<gen:3>, path=[Abstract.TicketSeller.passes].<elements>.seller.people)
                   - (collection element) CollectionFetchableElementEntityGraph(entity=Classes.Person, querySpaceUid=<gen:4>, path=[Abstract.TicketSeller.passes].<elements>.seller.people.<elements>)
             - EntityAttributeFetchImpl(entity=Classes.Person, querySpaceUid=<gen:5>, path=[Abstract.TicketSeller.passes].<elements>.person)
                - EntityAttributeFetchImpl(entity=Classes.Card, querySpaceUid=<gen:6>, path=[Abstract.TicketSeller.passes].<elements>.person.cardNum)
             - EntityAttributeFetchImpl(entity=Abstract.TicketSeller, querySpaceUid=<gen:7>, path=[Abstract.TicketSeller.passes].<elements>.sellers)
                - CollectionAttributeFetchImpl(collection=Classes.Shop.people, querySpaceUid=<gen:8>, path=[Abstract.TicketSeller.passes].<elements>.sellers.people)
                   - (collection element) CollectionFetchableElementEntityGraph(entity=Classes.Person, querySpaceUid=<gen:9>, path=[Abstract.TicketSeller.passes].<elements>.sellers.people.<elements>)
    - QuerySpaces
       - CollectionQuerySpaceImpl(uid=<gen:0>, collection=Abstract.TicketSeller.passes)
          - SQL table alias mapping - passes0_
          - alias suffix - 0_
          - suffixed key columns - {ticketse1_5_0_}
          - entity-element alias suffix - 1_
          - 1_entity-element suffixed key columns - id2_2_1_
          - JOIN (JoinDefinedByMetadata(elements)) : <gen:0> -> <gen:1>
             - EntityQuerySpaceImpl(uid=<gen:1>, entity=Classes.Pass)
                - SQL table alias mapping - pass1_
                - alias suffix - 1_
                - suffixed key columns - {id2_2_1_}
                - JOIN (JoinDefinedByMetadata(seller)) : <gen:1> -> <gen:2>
                   - EntityQuerySpaceImpl(uid=<gen:2>, entity=Abstract.TicketSeller)
                      - SQL table alias mapping - ticketsell2_
                      - alias suffix - 2_
                      - suffixed key columns - {id2_3_2_}
                - JOIN (JoinDefinedByMetadata(person)) : <gen:1> -> <gen:5>
                   - EntityQuerySpaceImpl(uid=<gen:5>, entity=Classes.Person)
                      - SQL table alias mapping - person3_
                      - alias suffix - 3_
                      - suffixed key columns - {id1_1_3_}
                      - JOIN (JoinDefinedByMetadata(cardNum)) : <gen:5> -> <gen:6>
                         - EntityQuerySpaceImpl(uid=<gen:6>, entity=Classes.Card)
                            - SQL table alias mapping - card4_
                            - alias suffix - 4_
                            - suffixed key columns - {id1_0_4_}
                - JOIN (JoinDefinedByMetadata(sellers)) : <gen:1> -> <gen:7>
                   - EntityQuerySpaceImpl(uid=<gen:7>, entity=Abstract.TicketSeller)
                      - SQL table alias mapping - ticketsell5_
                      - alias suffix - 5_
                      - suffixed key columns - {id2_3_5_}

12:38:55.547 [main] DEBUG o.h.l.c.plan.CollectionLoader - Static select for collection Abstract.TicketSeller.passes: select passes0_.TicketSeller_id as ticketse1_5_0_, passes0_.passes_id as passes_i3_5_0_, pass1_.id as id2_2_1_, pass1_.seller_id as seller_i4_2_1_, pass1_.person_id as person_i5_2_1_, pass1_.sellers_id as sellers_6_2_1_, pass1_.validity as validity3_2_1_, ticketsell2_.id as id2_3_2_, ticketsell2_.seller_name as seller_n3_3_2_, ticketsell2_.isWorking as isworkin4_3_2_, ticketsell2_.type as type1_3_2_, person3_.id as id1_1_3_, person3_.birthdate as birthdat2_1_3_, person3_.cardNum_id as cardnum_5_1_3_, person3_.firstName as firstnam3_1_3_, person3_.lastName as lastname4_1_3_, card4_.id as id1_0_4_, card4_.emissionDate as emission2_0_4_, card4_.expirationDate as expirati3_0_4_, ticketsell5_.id as id2_3_5_, ticketsell5_.seller_name as seller_n3_3_5_, ticketsell5_.isWorking as isworkin4_3_5_, ticketsell5_.type as type1_3_5_ from TicketSeller_Ticket passes0_ inner join Ticket pass1_ on passes0_.passes_id=pass1_.id left outer join TicketSeller ticketsell2_ on pass1_.seller_id=ticketsell2_.id left outer join Person person3_ on pass1_.person_id=person3_.id left outer join Card card4_ on person3_.cardNum_id=card4_.id left outer join TicketSeller ticketsell5_ on pass1_.sellers_id=ticketsell5_.id where passes0_.TicketSeller_id=?
12:38:55.547 [main] DEBUG o.h.l.p.b.i.spaces.QuerySpacesImpl - Adding QuerySpace : uid = <gen:0> -> org.hibernate.loader.plan.build.internal.spaces.CollectionQuerySpaceImpl@3f6bf8aa]
12:38:55.547 [main] DEBUG o.h.l.p.b.i.spaces.QuerySpacesImpl - Adding QuerySpace : uid = <gen:1> -> org.hibernate.loader.plan.build.internal.spaces.EntityQuerySpaceImpl@13c8ac77]
12:38:55.547 [main] DEBUG o.h.p.w.spi.MetamodelGraphWalker - Visiting attribute path : birthdate
12:38:55.547 [main] DEBUG o.h.p.w.spi.MetamodelGraphWalker - Visiting attribute path : cardNum
12:38:55.547 [main] DEBUG o.h.l.p.b.i.spaces.QuerySpacesImpl - Adding QuerySpace : uid = <gen:2> -> org.hibernate.loader.plan.build.internal.spaces.EntityQuerySpaceImpl@2c63762b]
12:38:55.547 [main] DEBUG o.h.p.w.spi.MetamodelGraphWalker - Visiting attribute path : cardNum.emissionDate
12:38:55.547 [main] DEBUG o.h.p.w.spi.MetamodelGraphWalker - Visiting attribute path : cardNum.expirationDate
12:38:55.547 [main] DEBUG o.h.p.w.spi.MetamodelGraphWalker - Visiting attribute path : cardNum.person
12:38:55.547 [main] DEBUG o.h.p.w.spi.MetamodelGraphWalker - Property path deemed to be circular : cardNum.person
12:38:55.547 [main] DEBUG o.h.p.w.spi.MetamodelGraphWalker - Visiting attribute path : firstName
12:38:55.547 [main] DEBUG o.h.p.w.spi.MetamodelGraphWalker - Visiting attribute path : lastName
12:38:55.547 [main] DEBUG o.h.l.p.b.i.FetchStyleLoadPlanBuildingAssociationVisitationStrategy - Building LoadPlan...
12:38:55.547 [main] DEBUG o.h.l.p.e.i.LoadQueryJoinAndFetchProcessor - processing queryspace <gen:0>
12:38:55.547 [main] DEBUG o.h.l.p.b.spi.LoadPlanTreePrinter - LoadPlan(collection=Classes.Shop.people)
    - Returns
       - CollectionReturnImpl(collection=Classes.Shop.people, querySpaceUid=<gen:0>, path=[Classes.Shop.people])
          - (collection element) CollectionFetchableElementEntityGraph(entity=Classes.Person, querySpaceUid=<gen:1>, path=[Classes.Shop.people].<elements>)
             - EntityAttributeFetchImpl(entity=Classes.Card, querySpaceUid=<gen:2>, path=[Classes.Shop.people].<elements>.cardNum)
    - QuerySpaces
       - CollectionQuerySpaceImpl(uid=<gen:0>, collection=Classes.Shop.people)
          - SQL table alias mapping - people0_
          - alias suffix - 0_
          - suffixed key columns - {shop_id1_4_0_}
          - entity-element alias suffix - 1_
          - 1_entity-element suffixed key columns - id1_1_1_
          - JOIN (JoinDefinedByMetadata(elements)) : <gen:0> -> <gen:1>
             - EntityQuerySpaceImpl(uid=<gen:1>, entity=Classes.Person)
                - SQL table alias mapping - person1_
                - alias suffix - 1_
                - suffixed key columns - {id1_1_1_}
                - JOIN (JoinDefinedByMetadata(cardNum)) : <gen:1> -> <gen:2>
                   - EntityQuerySpaceImpl(uid=<gen:2>, entity=Classes.Card)
                      - SQL table alias mapping - card2_
                      - alias suffix - 2_
                      - suffixed key columns - {id1_0_2_}

12:38:55.547 [main] DEBUG o.h.l.c.plan.CollectionLoader - Static select for collection Classes.Shop.people: select people0_.Shop_id as shop_id1_4_0_, people0_.people_id as people_i2_4_0_, person1_.id as id1_1_1_, person1_.birthdate as birthdat2_1_1_, person1_.cardNum_id as cardnum_5_1_1_, person1_.firstName as firstnam3_1_1_, person1_.lastName as lastname4_1_1_, card2_.id as id1_0_2_, card2_.emissionDate as emission2_0_2_, card2_.expirationDate as expirati3_0_2_ from TicketSeller_Person people0_ inner join Person person1_ on people0_.people_id=person1_.id left outer join Card card2_ on person1_.cardNum_id=card2_.id where people0_.Shop_id=?
12:38:55.571 [main] INFO  o.hibernate.orm.connections.access - HHH10001501: Connection obtained from JdbcConnectionAccess [org.hibernate.engine.jdbc.env.internal.JdbcEnvironmentInitiator$ConnectionProviderJdbcConnectionAccess@1b482cbf] for (non-JTA) DDL execution was not in auto-commit mode; the Connection 'local transaction' will be committed and the Connection will be set into auto-commit mode.
12:38:55.590 [main] DEBUG org.hibernate.SQL - create table Card (id  bigserial not null, emissionDate date, expirationDate date, primary key (id))
12:38:55.595 [main] DEBUG org.hibernate.SQL - create table Person (id  bigserial not null, birthdate date, firstName varchar(255), lastName varchar(255), cardNum_id int8, primary key (id))
12:38:55.600 [main] DEBUG org.hibernate.SQL - create table Ticket (DTYPE varchar(31) not null, id  bigserial not null, validity int4, seller_id int8, person_id int8, sellers_id int8, primary key (id))
12:38:55.603 [main] DEBUG org.hibernate.SQL - create table TicketSeller (type varchar(31) not null, id int8 not null, seller_name varchar(255), isWorking boolean, primary key (id))
12:38:55.605 [main] DEBUG org.hibernate.SQL - create table TicketSeller_Person (Shop_id int8 not null, people_id int8 not null)
12:38:55.606 [main] DEBUG org.hibernate.SQL - create table TicketSeller_Ticket (TicketSeller_id int8 not null, tickets_id int8 not null, passes_id int8 not null)
12:38:55.607 [main] DEBUG org.hibernate.SQL - alter table TicketSeller_Person drop constraint UK_ai91gq8fhkroqx2rp41m6talc
12:38:55.609 [main] DEBUG org.hibernate.SQL - alter table TicketSeller_Person add constraint UK_ai91gq8fhkroqx2rp41m6talc unique (people_id)
12:38:55.611 [main] DEBUG org.hibernate.SQL - alter table TicketSeller_Ticket drop constraint UK_k834ugpetlwypcxyr9ixpj5l9
12:38:55.611 [main] DEBUG org.hibernate.SQL - alter table TicketSeller_Ticket add constraint UK_k834ugpetlwypcxyr9ixpj5l9 unique (tickets_id)
12:38:55.613 [main] DEBUG org.hibernate.SQL - alter table TicketSeller_Ticket drop constraint UK_p0wft060m43vlctr268jk9xbh
12:38:55.613 [main] DEBUG org.hibernate.SQL - alter table TicketSeller_Ticket add constraint UK_p0wft060m43vlctr268jk9xbh unique (passes_id)
12:38:55.615 [main] DEBUG org.hibernate.SQL - create sequence elCat_seq start 1 increment 1
12:38:55.616 [main] DEBUG org.hibernate.SQL - alter table Person add constraint FKs21rn7ccb83aj3cyc94hxfhwo foreign key (cardNum_id) references Card
12:38:55.618 [main] DEBUG org.hibernate.SQL - alter table Ticket add constraint FKn548mjt1wwsm5w53k3k4ey46h foreign key (seller_id) references TicketSeller
12:38:55.619 [main] DEBUG org.hibernate.SQL - alter table Ticket add constraint FK2e9x965i3fqmd3y2ej3snooiu foreign key (person_id) references Person
12:38:55.620 [main] DEBUG org.hibernate.SQL - alter table Ticket add constraint FKsiyf4ehc03m2eydqipouu1sv6 foreign key (sellers_id) references TicketSeller
12:38:55.621 [main] DEBUG org.hibernate.SQL - alter table TicketSeller_Person add constraint FKpdm50odrap7flx0mqxll1ijqk foreign key (people_id) references Person
12:38:55.622 [main] DEBUG org.hibernate.SQL - alter table TicketSeller_Person add constraint FKcprrp3n4sr4mfk8045v3t32kv foreign key (Shop_id) references TicketSeller
12:38:55.623 [main] DEBUG org.hibernate.SQL - alter table TicketSeller_Ticket add constraint FK9ay6oetne9fqum7e7q6swoex1 foreign key (tickets_id) references Ticket
12:38:55.624 [main] DEBUG org.hibernate.SQL - alter table TicketSeller_Ticket add constraint FKoryv8myjly3celjm0okrl97th foreign key (TicketSeller_id) references TicketSeller
12:38:55.625 [main] DEBUG org.hibernate.SQL - alter table TicketSeller_Ticket add constraint FKicc9dun6l77nvk7nqitj832sv foreign key (passes_id) references Ticket
12:38:55.626 [main] DEBUG o.h.e.t.j.p.i.JtaPlatformInitiator - No JtaPlatform was specified, checking resolver
12:38:55.626 [main] DEBUG o.h.e.t.j.p.i.JtaPlatformResolverInitiator - No JtaPlatformResolver was specified, using default [org.hibernate.engine.transaction.jta.platform.internal.StandardJtaPlatformResolver]
12:38:55.630 [main] DEBUG o.h.e.t.j.p.i.StandardJtaPlatformResolver - Could not resolve JtaPlatform, using default [org.hibernate.engine.transaction.jta.platform.internal.NoJtaPlatform]
12:38:55.630 [main] INFO  o.h.e.t.j.p.i.JtaPlatformInitiator - HHH000490: Using JtaPlatform implementation: [org.hibernate.engine.transaction.jta.platform.internal.NoJtaPlatform]
12:38:55.632 [main] DEBUG o.h.s.i.SessionFactoryServiceRegistryImpl - EventListenerRegistry access via ServiceRegistry is deprecated.  Use `sessionFactory.getEventEngine().getListenerRegistry()` instead
12:38:55.633 [main] DEBUG o.h.h.i.QueryTranslatorFactoryInitiator - QueryTranslatorFactory: org.hibernate.hql.internal.ast.ASTQueryTranslatorFactory@5b39a3e6
12:38:55.635 [main] DEBUG o.h.query.spi.NamedQueryRepository - Checking 0 named HQL queries
12:38:55.635 [main] DEBUG o.h.query.spi.NamedQueryRepository - Checking 0 named SQL queries
12:38:55.636 [main] DEBUG o.h.internal.SessionFactoryRegistry - Initializing SessionFactoryRegistry : org.hibernate.internal.SessionFactoryRegistry@4e3e11b9
12:38:55.638 [main] DEBUG o.h.internal.SessionFactoryRegistry - Registering SessionFactory: 2d8c5cde-1070-4330-85ff-3786c084c1d9 (<unnamed>)
12:38:55.638 [main] DEBUG o.h.internal.SessionFactoryRegistry - Not binding SessionFactory to JNDI, no JNDI name configured
12:38:55.666 [main] DEBUG o.h.s.internal.StatisticsInitiator - Statistics initialized [enabled=false]
12:38:55.670 [main] DEBUG o.h.e.t.internal.TransactionImpl - On TransactionImpl creation, JpaCompliance#isJpaTransactionComplianceEnabled == false
12:38:55.670 [main] DEBUG o.h.e.t.internal.TransactionImpl - begin
12:38:55.672 [main] DEBUG org.hibernate.SQL - select nextval ('elCat_seq')
12:38:55.675 [main] DEBUG o.h.id.enhanced.SequenceStructure - Sequence value obtained: 1
12:38:55.675 [main] DEBUG o.h.r.j.i.ResourceRegistryStandardImpl - HHH000387: ResultSet's statement was not registered
12:38:55.675 [main] DEBUG o.h.e.i.AbstractSaveEventListener - Generated identifier: 1, using strategy: org.hibernate.id.enhanced.SequenceStyleGenerator
12:38:55.686 [main] DEBUG o.h.e.t.internal.TransactionImpl - committing
12:38:55.686 [main] DEBUG o.h.e.i.AbstractFlushingEventListener - Processing flush-time cascades
12:38:55.686 [main] DEBUG o.h.e.i.AbstractFlushingEventListener - Dirty checking collections
12:38:55.688 [main] DEBUG o.h.e.i.AbstractFlushingEventListener - Flushed: 1 insertions, 0 updates, 0 deletions to 1 objects
12:38:55.688 [main] DEBUG o.h.e.i.AbstractFlushingEventListener - Flushed: 0 (re)creations, 0 updates, 0 removals to 0 collections
12:38:55.690 [main] DEBUG o.h.internal.util.EntityPrinter - Listing entities:
12:38:55.690 [main] DEBUG o.h.internal.util.EntityPrinter - Classes.Shop{tickets=null, passes=null, name=Tabacchino DiGregorio, id=1, people=null}
12:38:55.693 [main] DEBUG org.hibernate.SQL - insert into TicketSeller (seller_name, type, id) values (?, 'shop', ?)
12:38:55.697 [main] DEBUG o.h.r.j.i.LogicalConnectionManagedImpl - Initiating JDBC connection release from afterTransaction
12:38:55.697 [main] DEBUG o.h.r.j.i.LogicalConnectionManagedImpl - Initiating JDBC connection release from afterTransaction
12:38:55.699 [main] DEBUG org.hibernate.loader.Loader - Static select for action ACTION_REFRESH on entity Classes.Shop: select shop0_.id as id2_3_0_, shop0_.seller_name as seller_n3_3_0_ from TicketSeller shop0_ where shop0_.id=? and shop0_.type='shop'
12:38:55.699 [main] DEBUG org.hibernate.loader.Loader - Loading entity: [Classes.Shop#1]
12:38:55.700 [main] DEBUG org.hibernate.SQL - select shop0_.id as id2_3_0_, shop0_.seller_name as seller_n3_3_0_ from TicketSeller shop0_ where shop0_.id=? and shop0_.type='shop'
12:38:55.701 [main] DEBUG org.hibernate.loader.Loader - Result set row: 0
12:38:55.701 [main] DEBUG org.hibernate.loader.Loader - Result row: EntityKey[Classes.Shop#1]
12:38:55.703 [main] DEBUG o.h.engine.internal.TwoPhaseLoad - Resolving attributes for [Classes.Shop#1]
12:38:55.704 [main] DEBUG o.h.engine.internal.TwoPhaseLoad - Processing attribute `name` : value = Tabacchino DiGregorio
12:38:55.704 [main] DEBUG o.h.engine.internal.TwoPhaseLoad - Attribute (`name`)  - enhanced for lazy-loading? - false
12:38:55.704 [main] DEBUG o.h.engine.internal.TwoPhaseLoad - Processing attribute `passes` : value = NOT NULL COLLECTION
12:38:55.704 [main] DEBUG o.h.engine.internal.TwoPhaseLoad - Attribute (`passes`)  - enhanced for lazy-loading? - false
12:38:55.707 [main] DEBUG o.h.engine.internal.TwoPhaseLoad - Processing attribute `tickets` : value = NOT NULL COLLECTION
12:38:55.707 [main] DEBUG o.h.engine.internal.TwoPhaseLoad - Attribute (`tickets`)  - enhanced for lazy-loading? - false
12:38:55.707 [main] DEBUG o.h.engine.internal.TwoPhaseLoad - Processing attribute `people` : value = NOT NULL COLLECTION
12:38:55.707 [main] DEBUG o.h.engine.internal.TwoPhaseLoad - Attribute (`people`)  - enhanced for lazy-loading? - false
12:38:55.707 [main] DEBUG o.h.engine.internal.TwoPhaseLoad - Done materializing entity [Classes.Shop#1]
12:38:55.708 [main] DEBUG org.hibernate.loader.Loader - Done entity load
12:48:23.056 [main] DEBUG org.jboss.logging - Logging Provider: org.jboss.logging.Slf4jLoggerProvider
12:48:23.116 [main] DEBUG o.h.jpa.HibernatePersistenceProvider - Located and parsed 2 persistence units; checking each
12:48:23.116 [main] DEBUG o.h.jpa.HibernatePersistenceProvider - Checking persistence-unit [name=HomeworkS3D3, explicit-provider=null] against incoming persistence unit name [BuildWeek_4]
12:48:23.116 [main] DEBUG o.h.jpa.HibernatePersistenceProvider - Excluding from consideration due to name mis-match
12:48:23.116 [main] DEBUG o.h.jpa.HibernatePersistenceProvider - Checking persistence-unit [name=BuildWeek_4, explicit-provider=null] against incoming persistence unit name [BuildWeek_4]
12:48:23.117 [main] DEBUG o.h.jpa.boot.spi.ProviderChecker - No PersistenceProvider explicitly requested, assuming Hibernate
12:48:23.120 [main] DEBUG o.h.jpa.internal.util.LogHelper - PersistenceUnitInfo [
	name: BuildWeek_4
	persistence provider classname: null
	classloader: null
	excludeUnlistedClasses: false
	JTA datasource: null
	Non JTA datasource: null
	Transaction type: RESOURCE_LOCAL
	PU root URL: file:/C:/Users/total/Desktop/All/Epicode/fs0223-Luca-Sernicola-BackEnd/BuildWeek_4/target/classes/
	Shared Cache Mode: null
	Validation Mode: null
	Jar files URLs []
	Managed classes names []
	Mapping files names []
	Properties [
		javax.persistence.jdbc.driver: org.postgresql.Driver
		javax.persistence.jdbc.password: root
		hibernate.dialect: org.hibernate.dialect.PostgreSQLDialect
		javax.persistence.jdbc.url: jdbc:postgresql://localhost:5432/BuildWeek
		hibernate.hbm2ddl.auto: update
		javax.persistence.jdbc.user: postgres]
12:48:23.122 [main] DEBUG o.h.i.internal.IntegratorServiceImpl - Adding Integrator [org.hibernate.cfg.beanvalidation.BeanValidationIntegrator].
12:48:23.123 [main] DEBUG o.h.i.internal.IntegratorServiceImpl - Adding Integrator [org.hibernate.secure.spi.JaccIntegrator].
12:48:23.125 [main] DEBUG o.h.i.internal.IntegratorServiceImpl - Adding Integrator [org.hibernate.cache.internal.CollectionCacheInvalidator].
12:48:23.149 [main] INFO  org.hibernate.Version - HHH000412: Hibernate ORM core version 5.6.15.Final
12:48:23.150 [main] DEBUG org.hibernate.cfg.Environment - HHH000206: hibernate.properties not found
12:48:23.249 [main] DEBUG o.h.service.spi.ServiceBinding - Overriding existing service binding [org.hibernate.secure.spi.JaccService]
12:48:23.258 [main] DEBUG o.h.c.i.RegionFactoryInitiator - Cannot default RegionFactory based on registered strategies as `[]` RegionFactory strategies were registered
12:48:23.259 [main] DEBUG o.h.c.i.RegionFactoryInitiator - Cache region factory : org.hibernate.cache.internal.NoCachingRegionFactory
12:48:23.269 [main] INFO  o.h.annotations.common.Version - HCANN000001: Hibernate Commons Annotations {5.1.2.Final}
12:48:23.324 [main] DEBUG o.hibernate.type.BasicTypeRegistry - Adding type registration boolean -> org.hibernate.type.BooleanType@ea9b7c6
12:48:23.324 [main] DEBUG o.hibernate.type.BasicTypeRegistry - Adding type registration boolean -> org.hibernate.type.BooleanType@ea9b7c6
12:48:23.324 [main] DEBUG o.hibernate.type.BasicTypeRegistry - Adding type registration java.lang.Boolean -> org.hibernate.type.BooleanType@ea9b7c6
12:48:23.324 [main] DEBUG o.hibernate.type.BasicTypeRegistry - Adding type registration numeric_boolean -> org.hibernate.type.NumericBooleanType@3fffff43
12:48:23.325 [main] DEBUG o.hibernate.type.BasicTypeRegistry - Adding type registration true_false -> org.hibernate.type.TrueFalseType@7b324585
12:48:23.325 [main] DEBUG o.hibernate.type.BasicTypeRegistry - Adding type registration yes_no -> org.hibernate.type.YesNoType@fd8294b
12:48:23.326 [main] DEBUG o.hibernate.type.BasicTypeRegistry - Adding type registration byte -> org.hibernate.type.ByteType@4fbda97b
12:48:23.326 [main] DEBUG o.hibernate.type.BasicTypeRegistry - Adding type registration byte -> org.hibernate.type.ByteType@4fbda97b
12:48:23.326 [main] DEBUG o.hibernate.type.BasicTypeRegistry - Adding type registration java.lang.Byte -> org.hibernate.type.ByteType@4fbda97b
12:48:23.326 [main] DEBUG o.hibernate.type.BasicTypeRegistry - Adding type registration character -> org.hibernate.type.CharacterType@354fc8f0
12:48:23.326 [main] DEBUG o.hibernate.type.BasicTypeRegistry - Adding type registration char -> org.hibernate.type.CharacterType@354fc8f0
12:48:23.327 [main] DEBUG o.hibernate.type.BasicTypeRegistry - Adding type registration java.lang.Character -> org.hibernate.type.CharacterType@354fc8f0
12:48:23.327 [main] DEBUG o.hibernate.type.BasicTypeRegistry - Adding type registration short -> org.hibernate.type.ShortType@a4b2d8f
12:48:23.327 [main] DEBUG o.hibernate.type.BasicTypeRegistry - Adding type registration short -> org.hibernate.type.ShortType@a4b2d8f
12:48:23.327 [main] DEBUG o.hibernate.type.BasicTypeRegistry - Adding type registration java.lang.Short -> org.hibernate.type.ShortType@a4b2d8f
12:48:23.328 [main] DEBUG o.hibernate.type.BasicTypeRegistry - Adding type registration integer -> org.hibernate.type.IntegerType@51cd7ffc
12:48:23.328 [main] DEBUG o.hibernate.type.BasicTypeRegistry - Adding type registration int -> org.hibernate.type.IntegerType@51cd7ffc
12:48:23.329 [main] DEBUG o.hibernate.type.BasicTypeRegistry - Adding type registration java.lang.Integer -> org.hibernate.type.IntegerType@51cd7ffc
12:48:23.329 [main] DEBUG o.hibernate.type.BasicTypeRegistry - Adding type registration long -> org.hibernate.type.LongType@590c73d3
12:48:23.329 [main] DEBUG o.hibernate.type.BasicTypeRegistry - Adding type registration long -> org.hibernate.type.LongType@590c73d3
12:48:23.329 [main] DEBUG o.hibernate.type.BasicTypeRegistry - Adding type registration java.lang.Long -> org.hibernate.type.LongType@590c73d3
12:48:23.329 [main] DEBUG o.hibernate.type.BasicTypeRegistry - Adding type registration float -> org.hibernate.type.FloatType@79da1ec0
12:48:23.329 [main] DEBUG o.hibernate.type.BasicTypeRegistry - Adding type registration float -> org.hibernate.type.FloatType@79da1ec0
12:48:23.331 [main] DEBUG o.hibernate.type.BasicTypeRegistry - Adding type registration java.lang.Float -> org.hibernate.type.FloatType@79da1ec0
12:48:23.333 [main] DEBUG o.hibernate.type.BasicTypeRegistry - Adding type registration double -> org.hibernate.type.DoubleType@66ce957f
12:48:23.334 [main] DEBUG o.hibernate.type.BasicTypeRegistry - Adding type registration double -> org.hibernate.type.DoubleType@66ce957f
12:48:23.334 [main] DEBUG o.hibernate.type.BasicTypeRegistry - Adding type registration java.lang.Double -> org.hibernate.type.DoubleType@66ce957f
12:48:23.334 [main] DEBUG o.hibernate.type.BasicTypeRegistry - Adding type registration big_decimal -> org.hibernate.type.BigDecimalType@3b220bcb
12:48:23.334 [main] DEBUG o.hibernate.type.BasicTypeRegistry - Adding type registration java.math.BigDecimal -> org.hibernate.type.BigDecimalType@3b220bcb
12:48:23.335 [main] DEBUG o.hibernate.type.BasicTypeRegistry - Adding type registration big_integer -> org.hibernate.type.BigIntegerType@13e3c1c7
12:48:23.335 [main] DEBUG o.hibernate.type.BasicTypeRegistry - Adding type registration java.math.BigInteger -> org.hibernate.type.BigIntegerType@13e3c1c7
12:48:23.336 [main] DEBUG o.hibernate.type.BasicTypeRegistry - Adding type registration string -> org.hibernate.type.StringType@1d8062d2
12:48:23.336 [main] DEBUG o.hibernate.type.BasicTypeRegistry - Adding type registration java.lang.String -> org.hibernate.type.StringType@1d8062d2
12:48:23.337 [main] DEBUG o.hibernate.type.BasicTypeRegistry - Adding type registration nstring -> org.hibernate.type.StringNVarcharType@285c08c8
12:48:23.339 [main] DEBUG o.hibernate.type.BasicTypeRegistry - Adding type registration ncharacter -> org.hibernate.type.CharacterNCharType@64dafeed
12:48:23.342 [main] DEBUG o.hibernate.type.BasicTypeRegistry - Adding type registration url -> org.hibernate.type.UrlType@6111ba37
12:48:23.342 [main] DEBUG o.hibernate.type.BasicTypeRegistry - Adding type registration java.net.URL -> org.hibernate.type.UrlType@6111ba37
12:48:23.343 [main] DEBUG o.hibernate.type.BasicTypeRegistry - Adding type registration Duration -> org.hibernate.type.DurationType@4721d212
12:48:23.343 [main] DEBUG o.hibernate.type.BasicTypeRegistry - Adding type registration java.time.Duration -> org.hibernate.type.DurationType@4721d212
12:48:23.344 [main] DEBUG o.hibernate.type.BasicTypeRegistry - Adding type registration Instant -> org.hibernate.type.InstantType@654d8173
12:48:23.344 [main] DEBUG o.hibernate.type.BasicTypeRegistry - Adding type registration java.time.Instant -> org.hibernate.type.InstantType@654d8173
12:48:23.344 [main] DEBUG o.hibernate.type.BasicTypeRegistry - Adding type registration LocalDateTime -> org.hibernate.type.LocalDateTimeType@239b0f9d
12:48:23.345 [main] DEBUG o.hibernate.type.BasicTypeRegistry - Adding type registration java.time.LocalDateTime -> org.hibernate.type.LocalDateTimeType@239b0f9d
12:48:23.345 [main] DEBUG o.hibernate.type.BasicTypeRegistry - Adding type registration LocalDate -> org.hibernate.type.LocalDateType@650eab8
12:48:23.345 [main] DEBUG o.hibernate.type.BasicTypeRegistry - Adding type registration java.time.LocalDate -> org.hibernate.type.LocalDateType@650eab8
12:48:23.346 [main] DEBUG o.hibernate.type.BasicTypeRegistry - Adding type registration LocalTime -> org.hibernate.type.LocalTimeType@f0e995e
12:48:23.346 [main] DEBUG o.hibernate.type.BasicTypeRegistry - Adding type registration java.time.LocalTime -> org.hibernate.type.LocalTimeType@f0e995e
12:48:23.348 [main] DEBUG o.hibernate.type.BasicTypeRegistry - Adding type registration OffsetDateTime -> org.hibernate.type.OffsetDateTimeType@50fe837a
12:48:23.348 [main] DEBUG o.hibernate.type.BasicTypeRegistry - Adding type registration java.time.OffsetDateTime -> org.hibernate.type.OffsetDateTimeType@50fe837a
12:48:23.349 [main] DEBUG o.hibernate.type.BasicTypeRegistry - Adding type registration OffsetTime -> org.hibernate.type.OffsetTimeType@1623134f
12:48:23.349 [main] DEBUG o.hibernate.type.BasicTypeRegistry - Adding type registration java.time.OffsetTime -> org.hibernate.type.OffsetTimeType@1623134f
12:48:23.350 [main] DEBUG o.hibernate.type.BasicTypeRegistry - Adding type registration ZonedDateTime -> org.hibernate.type.ZonedDateTimeType@5ad10c1a
12:48:23.350 [main] DEBUG o.hibernate.type.BasicTypeRegistry - Adding type registration java.time.ZonedDateTime -> org.hibernate.type.ZonedDateTimeType@5ad10c1a
12:48:23.351 [main] DEBUG o.hibernate.type.BasicTypeRegistry - Adding type registration date -> org.hibernate.type.DateType@15eebbff
12:48:23.351 [main] DEBUG o.hibernate.type.BasicTypeRegistry - Adding type registration java.sql.Date -> org.hibernate.type.DateType@15eebbff
12:48:23.352 [main] DEBUG o.hibernate.type.BasicTypeRegistry - Adding type registration time -> org.hibernate.type.TimeType@3e34ace1
12:48:23.352 [main] DEBUG o.hibernate.type.BasicTypeRegistry - Adding type registration java.sql.Time -> org.hibernate.type.TimeType@3e34ace1
12:48:23.353 [main] DEBUG o.hibernate.type.BasicTypeRegistry - Adding type registration timestamp -> org.hibernate.type.TimestampType@6cbcf243
12:48:23.353 [main] DEBUG o.hibernate.type.BasicTypeRegistry - Adding type registration java.sql.Timestamp -> org.hibernate.type.TimestampType@6cbcf243
12:48:23.353 [main] DEBUG o.hibernate.type.BasicTypeRegistry - Adding type registration java.util.Date -> org.hibernate.type.TimestampType@6cbcf243
12:48:23.354 [main] DEBUG o.hibernate.type.BasicTypeRegistry - Adding type registration dbtimestamp -> org.hibernate.type.DbTimestampType@38be305c
12:48:23.356 [main] DEBUG o.hibernate.type.BasicTypeRegistry - Adding type registration calendar -> org.hibernate.type.CalendarType@26a4842b
12:48:23.356 [main] DEBUG o.hibernate.type.BasicTypeRegistry - Adding type registration java.util.Calendar -> org.hibernate.type.CalendarType@26a4842b
12:48:23.356 [main] DEBUG o.hibernate.type.BasicTypeRegistry - Adding type registration java.util.GregorianCalendar -> org.hibernate.type.CalendarType@26a4842b
12:48:23.357 [main] DEBUG o.hibernate.type.BasicTypeRegistry - Adding type registration calendar_date -> org.hibernate.type.CalendarDateType@a5b0b86
12:48:23.357 [main] DEBUG o.hibernate.type.BasicTypeRegistry - Adding type registration calendar_time -> org.hibernate.type.CalendarTimeType@2611b9a3
12:48:23.358 [main] DEBUG o.hibernate.type.BasicTypeRegistry - Adding type registration locale -> org.hibernate.type.LocaleType@5b64c4b7
12:48:23.358 [main] DEBUG o.hibernate.type.BasicTypeRegistry - Adding type registration java.util.Locale -> org.hibernate.type.LocaleType@5b64c4b7
12:48:23.359 [main] DEBUG o.hibernate.type.BasicTypeRegistry - Adding type registration currency -> org.hibernate.type.CurrencyType@1252b961
12:48:23.359 [main] DEBUG o.hibernate.type.BasicTypeRegistry - Adding type registration java.util.Currency -> org.hibernate.type.CurrencyType@1252b961
12:48:23.360 [main] DEBUG o.hibernate.type.BasicTypeRegistry - Adding type registration timezone -> org.hibernate.type.TimeZoneType@4d098f9b
12:48:23.360 [main] DEBUG o.hibernate.type.BasicTypeRegistry - Adding type registration java.util.TimeZone -> org.hibernate.type.TimeZoneType@4d098f9b
12:48:23.360 [main] DEBUG o.hibernate.type.BasicTypeRegistry - Adding type registration class -> org.hibernate.type.ClassType@7b64240d
12:48:23.360 [main] DEBUG o.hibernate.type.BasicTypeRegistry - Adding type registration java.lang.Class -> org.hibernate.type.ClassType@7b64240d
12:48:23.362 [main] DEBUG o.hibernate.type.BasicTypeRegistry - Adding type registration uuid-binary -> org.hibernate.type.UUIDBinaryType@6d24ffa1
12:48:23.362 [main] DEBUG o.hibernate.type.BasicTypeRegistry - Adding type registration java.util.UUID -> org.hibernate.type.UUIDBinaryType@6d24ffa1
12:48:23.362 [main] DEBUG o.hibernate.type.BasicTypeRegistry - Adding type registration uuid-char -> org.hibernate.type.UUIDCharType@426b6a74
12:48:23.363 [main] DEBUG o.hibernate.type.BasicTypeRegistry - Adding type registration binary -> org.hibernate.type.BinaryType@7d3430a7
12:48:23.363 [main] DEBUG o.hibernate.type.BasicTypeRegistry - Adding type registration byte[] -> org.hibernate.type.BinaryType@7d3430a7
12:48:23.363 [main] DEBUG o.hibernate.type.BasicTypeRegistry - Adding type registration [B -> org.hibernate.type.BinaryType@7d3430a7
12:48:23.363 [main] DEBUG o.hibernate.type.BasicTypeRegistry - Adding type registration wrapper-binary -> org.hibernate.type.WrapperBinaryType@5536379e
12:48:23.364 [main] DEBUG o.hibernate.type.BasicTypeRegistry - Adding type registration Byte[] -> org.hibernate.type.WrapperBinaryType@5536379e
12:48:23.364 [main] DEBUG o.hibernate.type.BasicTypeRegistry - Adding type registration [Ljava.lang.Byte; -> org.hibernate.type.WrapperBinaryType@5536379e
12:48:23.364 [main] DEBUG o.hibernate.type.BasicTypeRegistry - Adding type registration row_version -> org.hibernate.type.RowVersionType@2b491fee
12:48:23.364 [main] DEBUG o.hibernate.type.BasicTypeRegistry - Adding type registration image -> org.hibernate.type.ImageType@3e8f7922
12:48:23.365 [main] DEBUG o.hibernate.type.BasicTypeRegistry - Adding type registration characters -> org.hibernate.type.CharArrayType@6ca0256d
12:48:23.365 [main] DEBUG o.hibernate.type.BasicTypeRegistry - Adding type registration char[] -> org.hibernate.type.CharArrayType@6ca0256d
12:48:23.365 [main] DEBUG o.hibernate.type.BasicTypeRegistry - Adding type registration [C -> org.hibernate.type.CharArrayType@6ca0256d
12:48:23.366 [main] DEBUG o.hibernate.type.BasicTypeRegistry - Adding type registration wrapper-characters -> org.hibernate.type.CharacterArrayType@e260766
12:48:23.366 [main] DEBUG o.hibernate.type.BasicTypeRegistry - Adding type registration [Ljava.lang.Character; -> org.hibernate.type.CharacterArrayType@e260766
12:48:23.366 [main] DEBUG o.hibernate.type.BasicTypeRegistry - Adding type registration Character[] -> org.hibernate.type.CharacterArrayType@e260766
12:48:23.366 [main] DEBUG o.hibernate.type.BasicTypeRegistry - Adding type registration text -> org.hibernate.type.TextType@7c56e013
12:48:23.366 [main] DEBUG o.hibernate.type.BasicTypeRegistry - Adding type registration ntext -> org.hibernate.type.NTextType@6731787b
12:48:23.368 [main] DEBUG o.hibernate.type.BasicTypeRegistry - Adding type registration blob -> org.hibernate.type.BlobType@2cb3d0f7
12:48:23.368 [main] DEBUG o.hibernate.type.BasicTypeRegistry - Adding type registration java.sql.Blob -> org.hibernate.type.BlobType@2cb3d0f7
12:48:23.368 [main] DEBUG o.hibernate.type.BasicTypeRegistry - Adding type registration materialized_blob -> org.hibernate.type.MaterializedBlobType@5860f3d7
12:48:23.369 [main] DEBUG o.hibernate.type.BasicTypeRegistry - Adding type registration clob -> org.hibernate.type.ClobType@67389cb8
12:48:23.369 [main] DEBUG o.hibernate.type.BasicTypeRegistry - Adding type registration java.sql.Clob -> org.hibernate.type.ClobType@67389cb8
12:48:23.370 [main] DEBUG o.hibernate.type.BasicTypeRegistry - Adding type registration nclob -> org.hibernate.type.NClobType@74e47444
12:48:23.370 [main] DEBUG o.hibernate.type.BasicTypeRegistry - Adding type registration java.sql.NClob -> org.hibernate.type.NClobType@74e47444
12:48:23.371 [main] DEBUG o.hibernate.type.BasicTypeRegistry - Adding type registration materialized_clob -> org.hibernate.type.MaterializedClobType@6e4de19b
12:48:23.371 [main] DEBUG o.hibernate.type.BasicTypeRegistry - Adding type registration materialized_nclob -> org.hibernate.type.MaterializedNClobType@1991f767
12:48:23.372 [main] DEBUG o.hibernate.type.BasicTypeRegistry - Adding type registration serializable -> org.hibernate.type.SerializableType@7db82169
12:48:23.373 [main] DEBUG o.hibernate.type.BasicTypeRegistry - Adding type registration object -> org.hibernate.type.ObjectType@3a94964
12:48:23.373 [main] DEBUG o.hibernate.type.BasicTypeRegistry - Adding type registration java.lang.Object -> org.hibernate.type.ObjectType@3a94964
12:48:23.374 [main] DEBUG o.hibernate.type.BasicTypeRegistry - Adding type registration imm_date -> org.hibernate.type.AdaptedImmutableType@2a3591c5
12:48:23.374 [main] DEBUG o.hibernate.type.BasicTypeRegistry - Adding type registration imm_time -> org.hibernate.type.AdaptedImmutableType@34a75079
12:48:23.374 [main] DEBUG o.hibernate.type.BasicTypeRegistry - Adding type registration imm_timestamp -> org.hibernate.type.AdaptedImmutableType@346a361
12:48:23.374 [main] DEBUG o.hibernate.type.BasicTypeRegistry - Adding type registration imm_dbtimestamp -> org.hibernate.type.AdaptedImmutableType@107ed6fc
12:48:23.374 [main] DEBUG o.hibernate.type.BasicTypeRegistry - Adding type registration imm_calendar -> org.hibernate.type.AdaptedImmutableType@1643d68f
12:48:23.374 [main] DEBUG o.hibernate.type.BasicTypeRegistry - Adding type registration imm_calendar_date -> org.hibernate.type.AdaptedImmutableType@186978a6
12:48:23.374 [main] DEBUG o.hibernate.type.BasicTypeRegistry - Adding type registration imm_binary -> org.hibernate.type.AdaptedImmutableType@2e029d61
12:48:23.374 [main] DEBUG o.hibernate.type.BasicTypeRegistry - Adding type registration imm_serializable -> org.hibernate.type.AdaptedImmutableType@482d776b
12:48:23.382 [main] DEBUG o.h.b.internal.BootstrapContextImpl - Injecting ScanEnvironment [org.hibernate.jpa.boot.internal.StandardJpaScanEnvironmentImpl@649725e3] into BootstrapContext; was [null]
12:48:23.382 [main] DEBUG o.h.b.internal.BootstrapContextImpl - Injecting ScanOptions [org.hibernate.boot.archive.scan.internal.StandardScanOptions@3c0fae6c] into BootstrapContext; was [org.hibernate.boot.archive.scan.internal.StandardScanOptions@4c168660]
12:48:23.418 [main] DEBUG o.h.b.internal.BootstrapContextImpl - Injecting JPA temp ClassLoader [null] into BootstrapContext; was [null]
12:48:23.419 [main] DEBUG o.h.b.internal.ClassLoaderAccessImpl - ClassLoaderAccessImpl#injectTempClassLoader(null) [was null]
12:48:23.424 [main] DEBUG o.h.i.f.i.DefaultIdentifierGeneratorFactory - Registering IdentifierGenerator strategy [uuid2] -> [org.hibernate.id.UUIDGenerator]
12:48:23.425 [main] DEBUG o.h.i.f.i.DefaultIdentifierGeneratorFactory - Registering IdentifierGenerator strategy [guid] -> [org.hibernate.id.GUIDGenerator]
12:48:23.425 [main] DEBUG o.h.i.f.i.DefaultIdentifierGeneratorFactory - Registering IdentifierGenerator strategy [uuid] -> [org.hibernate.id.UUIDHexGenerator]
12:48:23.425 [main] DEBUG o.h.i.f.i.DefaultIdentifierGeneratorFactory - Registering IdentifierGenerator strategy [uuid.hex] -> [org.hibernate.id.UUIDHexGenerator]
12:48:23.426 [main] DEBUG o.h.i.f.i.DefaultIdentifierGeneratorFactory - Registering IdentifierGenerator strategy [assigned] -> [org.hibernate.id.Assigned]
12:48:23.426 [main] DEBUG o.h.i.f.i.DefaultIdentifierGeneratorFactory - Registering IdentifierGenerator strategy [identity] -> [org.hibernate.id.IdentityGenerator]
12:48:23.426 [main] DEBUG o.h.i.f.i.DefaultIdentifierGeneratorFactory - Registering IdentifierGenerator strategy [select] -> [org.hibernate.id.SelectGenerator]
12:48:23.427 [main] DEBUG o.h.i.f.i.DefaultIdentifierGeneratorFactory - Registering IdentifierGenerator strategy [sequence] -> [org.hibernate.id.enhanced.SequenceStyleGenerator]
12:48:23.427 [main] DEBUG o.h.i.f.i.DefaultIdentifierGeneratorFactory - Registering IdentifierGenerator strategy [seqhilo] -> [org.hibernate.id.SequenceHiLoGenerator]
12:48:23.428 [main] DEBUG o.h.i.f.i.DefaultIdentifierGeneratorFactory - Registering IdentifierGenerator strategy [increment] -> [org.hibernate.id.IncrementGenerator]
12:48:23.428 [main] DEBUG o.h.i.f.i.DefaultIdentifierGeneratorFactory - Registering IdentifierGenerator strategy [foreign] -> [org.hibernate.id.ForeignGenerator]
12:48:23.428 [main] DEBUG o.h.i.f.i.DefaultIdentifierGeneratorFactory - Registering IdentifierGenerator strategy [sequence-identity] -> [org.hibernate.id.SequenceIdentityGenerator]
12:48:23.428 [main] DEBUG o.h.i.f.i.DefaultIdentifierGeneratorFactory - Registering IdentifierGenerator strategy [enhanced-sequence] -> [org.hibernate.id.enhanced.SequenceStyleGenerator]
12:48:23.429 [main] DEBUG o.h.i.f.i.DefaultIdentifierGeneratorFactory - Registering IdentifierGenerator strategy [enhanced-table] -> [org.hibernate.id.enhanced.TableGenerator]
12:48:23.431 [main] WARN  o.hibernate.orm.connections.pooling - HHH10001002: Using Hibernate built-in connection pool (not for production use!)
12:48:23.434 [main] INFO  o.hibernate.orm.connections.pooling - HHH10001005: using driver [org.postgresql.Driver] at URL [jdbc:postgresql://localhost:5432/BuildWeek]
12:48:23.434 [main] INFO  o.hibernate.orm.connections.pooling - HHH10001001: Connection properties: {password=root, user=postgres}
12:48:23.434 [main] INFO  o.hibernate.orm.connections.pooling - HHH10001003: Autocommit mode: false
12:48:23.436 [main] DEBUG o.h.e.j.c.i.DriverManagerConnectionProviderImpl - Initializing Connection pool with 1 Connections
12:48:23.436 [main] INFO  o.h.e.j.c.i.DriverManagerConnectionProviderImpl - HHH000115: Hibernate connection pool size: 20 (min=1)
12:48:23.590 [main] DEBUG o.h.e.j.e.i.JdbcEnvironmentInitiator - Database ->
       name : PostgreSQL
    version : 15.3
      major : 15
      minor : 3
12:48:23.590 [main] DEBUG o.h.e.j.e.i.JdbcEnvironmentInitiator - Driver ->
       name : PostgreSQL JDBC Driver
    version : 42.6.0
      major : 42
      minor : 6
12:48:23.590 [main] DEBUG o.h.e.j.e.i.JdbcEnvironmentInitiator - JDBC version : 4.2
12:48:23.597 [main] INFO  org.hibernate.dialect.Dialect - HHH000400: Using dialect: org.hibernate.dialect.PostgreSQLDialect
12:48:23.604 [main] DEBUG o.h.e.j.e.s.IdentifierHelperBuilder - JDBC driver metadata reported database stores quoted identifiers in neither upper, lower nor mixed case
12:48:23.623 [main] DEBUG o.hibernate.type.BasicTypeRegistry - Adding type registration pg-uuid -> org.hibernate.type.PostgresUUIDType@54da32dc
12:48:23.623 [main] DEBUG o.hibernate.type.BasicTypeRegistry - Adding type registration java.util.UUID -> org.hibernate.type.PostgresUUIDType@54da32dc
12:48:23.623 [main] DEBUG o.hibernate.type.BasicTypeRegistry - HHH000270: Type registration [java.util.UUID] overrides previous : org.hibernate.type.UUIDBinaryType@6d24ffa1
12:48:23.624 [main] DEBUG o.h.type.spi.TypeConfiguration$Scope - Scoping TypeConfiguration [org.hibernate.type.spi.TypeConfiguration@6edc4161] to MetadataBuildingContext [org.hibernate.boot.internal.MetadataBuildingContextRootImpl@5486887b]
12:48:23.645 [main] DEBUG o.h.boot.model.relational.Namespace - Created database namespace [logicalName=Name{catalog=null, schema=null}, physicalName=Name{catalog=null, schema=null}]
12:48:23.653 [main] DEBUG org.hibernate.cfg.AnnotationBinder - Binding entity from annotated class: Abstract.TicketSeller
12:48:23.662 [main] DEBUG org.hibernate.cfg.Ejb3Column - Binding column: Ejb3DiscriminatorColumn{logicalColumnName'type', discriminatorTypeName='string'}
12:48:23.665 [main] DEBUG o.h.cfg.annotations.EntityBinder - Import with entity name TicketSeller
12:48:23.668 [main] DEBUG o.h.cfg.annotations.EntityBinder - Bind entity Abstract.TicketSeller on table TicketSeller
12:48:23.684 [main] DEBUG org.hibernate.cfg.Ejb3Column - Binding column: Ejb3Column{table=org.hibernate.mapping.Table(TicketSeller), mappingColumn=id, insertable=true, updatable=true, unique=false}
12:48:23.685 [main] DEBUG o.h.b.internal.ClassLoaderAccessImpl - Not known whether passed class name [Abstract.TicketSeller] is safe
12:48:23.685 [main] DEBUG o.h.b.internal.ClassLoaderAccessImpl - No temp ClassLoader provided; using live ClassLoader for loading potentially unsafe class : Abstract.TicketSeller
12:48:23.686 [main] DEBUG o.h.cfg.annotations.PropertyBinder - MetadataSourceProcessor property id with lazy=false
12:48:23.687 [main] DEBUG o.h.cfg.AbstractPropertyHolder - Attempting to locate auto-apply AttributeConverter for property [Abstract.TicketSeller:id]
12:48:23.688 [main] DEBUG o.h.c.annotations.SimpleValueBinder - building SimpleValue for id
12:48:23.688 [main] DEBUG o.h.cfg.annotations.PropertyBinder - Building property id
12:48:23.692 [main] DEBUG org.hibernate.cfg.BinderHelper - #makeIdGenerator(org.hibernate.mapping.SimpleValue([org.hibernate.mapping.Column(id)]), id, org.hibernate.id.enhanced.SequenceStyleGenerator, elCat_seq, ...)
12:48:23.693 [main] DEBUG org.hibernate.cfg.Ejb3Column - Binding column: Ejb3Column{table=org.hibernate.mapping.Table(TicketSeller), mappingColumn=seller_name, insertable=true, updatable=true, unique=false}
12:48:23.693 [main] DEBUG o.h.cfg.annotations.PropertyBinder - MetadataSourceProcessor property name with lazy=false
12:48:23.693 [main] DEBUG o.h.cfg.AbstractPropertyHolder - Attempting to locate auto-apply AttributeConverter for property [Abstract.TicketSeller:name]
12:48:23.693 [main] DEBUG o.h.c.annotations.SimpleValueBinder - building SimpleValue for name
12:48:23.693 [main] DEBUG o.h.cfg.annotations.PropertyBinder - Building property name
12:48:23.694 [main] DEBUG org.hibernate.cfg.Ejb3Column - Binding column: Ejb3JoinColumn{logicalColumnName='null', referencedColumn='null', mappedBy=''}
12:48:23.694 [main] DEBUG org.hibernate.cfg.Ejb3Column - Binding column: Ejb3Column{table=org.hibernate.mapping.Table(TicketSeller), mappingColumn=passes, insertable=true, updatable=true, unique=false}
12:48:23.695 [main] DEBUG org.hibernate.cfg.Ejb3Column - Binding column: Ejb3Column{table=org.hibernate.mapping.Table(TicketSeller), mappingColumn=null, insertable=true, updatable=true, unique=false}
12:48:23.700 [main] DEBUG org.hibernate.cfg.Ejb3Column - Binding column: Ejb3Column{table=org.hibernate.mapping.Table(TicketSeller), mappingColumn=element, insertable=true, updatable=true, unique=false}
12:48:23.701 [main] DEBUG org.hibernate.cfg.Ejb3Column - Binding column: Ejb3Column{table=org.hibernate.mapping.Table(TicketSeller), mappingColumn=passes_KEY, insertable=true, updatable=true, unique=false}
12:48:23.701 [main] DEBUG org.hibernate.cfg.Ejb3Column - Binding column: Ejb3JoinColumn{logicalColumnName='passes_KEY', referencedColumn='null', mappedBy='null'}
12:48:23.702 [main] DEBUG org.hibernate.cfg.Ejb3Column - Binding column: Ejb3JoinColumn{logicalColumnName='null', referencedColumn='null', mappedBy=''}
12:48:23.702 [main] DEBUG org.hibernate.cfg.Ejb3Column - Binding column: Ejb3JoinColumn{logicalColumnName='null', referencedColumn='null', mappedBy=''}
12:48:23.702 [main] DEBUG o.h.cfg.annotations.CollectionBinder - Collection role: Abstract.TicketSeller.passes
12:48:23.703 [main] DEBUG o.h.cfg.annotations.PropertyBinder - Building property passes
12:48:23.703 [main] DEBUG org.hibernate.cfg.Ejb3Column - Binding column: Ejb3JoinColumn{logicalColumnName='null', referencedColumn='null', mappedBy=''}
12:48:23.703 [main] DEBUG org.hibernate.cfg.Ejb3Column - Binding column: Ejb3Column{table=org.hibernate.mapping.Table(TicketSeller), mappingColumn=tickets, insertable=true, updatable=true, unique=false}
12:48:23.703 [main] DEBUG org.hibernate.cfg.Ejb3Column - Binding column: Ejb3Column{table=org.hibernate.mapping.Table(TicketSeller), mappingColumn=null, insertable=true, updatable=true, unique=false}
12:48:23.704 [main] DEBUG org.hibernate.cfg.Ejb3Column - Binding column: Ejb3Column{table=org.hibernate.mapping.Table(TicketSeller), mappingColumn=element, insertable=true, updatable=true, unique=false}
12:48:23.704 [main] DEBUG org.hibernate.cfg.Ejb3Column - Binding column: Ejb3Column{table=org.hibernate.mapping.Table(TicketSeller), mappingColumn=tickets_KEY, insertable=true, updatable=true, unique=false}
12:48:23.704 [main] DEBUG org.hibernate.cfg.Ejb3Column - Binding column: Ejb3JoinColumn{logicalColumnName='tickets_KEY', referencedColumn='null', mappedBy='null'}
12:48:23.704 [main] DEBUG org.hibernate.cfg.Ejb3Column - Binding column: Ejb3JoinColumn{logicalColumnName='null', referencedColumn='null', mappedBy=''}
12:48:23.704 [main] DEBUG org.hibernate.cfg.Ejb3Column - Binding column: Ejb3JoinColumn{logicalColumnName='null', referencedColumn='null', mappedBy=''}
12:48:23.704 [main] DEBUG o.h.cfg.annotations.CollectionBinder - Collection role: Abstract.TicketSeller.tickets
12:48:23.704 [main] DEBUG o.h.cfg.annotations.PropertyBinder - Building property tickets
12:48:23.707 [main] DEBUG org.hibernate.cfg.AnnotationBinder - Binding entity from annotated class: Classes.Card
12:48:23.707 [main] DEBUG org.hibernate.cfg.Ejb3Column - Binding column: Ejb3DiscriminatorColumn{logicalColumnName'DTYPE', discriminatorTypeName='string'}
12:48:23.707 [main] DEBUG o.h.cfg.annotations.EntityBinder - Import with entity name Card
12:48:23.707 [main] DEBUG o.h.cfg.annotations.EntityBinder - Bind entity Classes.Card on table Card
12:48:23.709 [main] DEBUG org.hibernate.cfg.Ejb3Column - Binding column: Ejb3Column{table=org.hibernate.mapping.Table(Card), mappingColumn=id, insertable=true, updatable=true, unique=false}
12:48:23.709 [main] DEBUG o.h.b.internal.ClassLoaderAccessImpl - Not known whether passed class name [Classes.Card] is safe
12:48:23.709 [main] DEBUG o.h.b.internal.ClassLoaderAccessImpl - No temp ClassLoader provided; using live ClassLoader for loading potentially unsafe class : Classes.Card
12:48:23.709 [main] DEBUG o.h.cfg.annotations.PropertyBinder - MetadataSourceProcessor property id with lazy=false
12:48:23.709 [main] DEBUG o.h.cfg.AbstractPropertyHolder - Attempting to locate auto-apply AttributeConverter for property [Classes.Card:id]
12:48:23.709 [main] DEBUG o.h.c.annotations.SimpleValueBinder - building SimpleValue for id
12:48:23.709 [main] DEBUG o.h.cfg.annotations.PropertyBinder - Building property id
12:48:23.709 [main] DEBUG org.hibernate.cfg.BinderHelper - #makeIdGenerator(org.hibernate.mapping.SimpleValue([org.hibernate.mapping.Column(id)]), id, identity, , ...)
12:48:23.709 [main] DEBUG org.hibernate.cfg.Ejb3Column - Binding column: Ejb3Column{table=org.hibernate.mapping.Table(Card), mappingColumn=emissionDate, insertable=true, updatable=true, unique=false}
12:48:23.709 [main] DEBUG o.h.cfg.annotations.PropertyBinder - MetadataSourceProcessor property emissionDate with lazy=false
12:48:23.709 [main] DEBUG o.h.cfg.AbstractPropertyHolder - Attempting to locate auto-apply AttributeConverter for property [Classes.Card:emissionDate]
12:48:23.709 [main] DEBUG o.h.c.annotations.SimpleValueBinder - building SimpleValue for emissionDate
12:48:23.710 [main] DEBUG o.h.cfg.annotations.PropertyBinder - Building property emissionDate
12:48:23.710 [main] DEBUG org.hibernate.cfg.Ejb3Column - Binding column: Ejb3Column{table=org.hibernate.mapping.Table(Card), mappingColumn=expirationDate, insertable=true, updatable=true, unique=false}
12:48:23.710 [main] DEBUG o.h.cfg.annotations.PropertyBinder - MetadataSourceProcessor property expirationDate with lazy=false
12:48:23.710 [main] DEBUG o.h.cfg.AbstractPropertyHolder - Attempting to locate auto-apply AttributeConverter for property [Classes.Card:expirationDate]
12:48:23.710 [main] DEBUG o.h.c.annotations.SimpleValueBinder - building SimpleValue for expirationDate
12:48:23.710 [main] DEBUG o.h.cfg.annotations.PropertyBinder - Building property expirationDate
12:48:23.710 [main] DEBUG org.hibernate.cfg.Ejb3Column - Binding column: Ejb3JoinColumn{logicalColumnName='null', referencedColumn='null', mappedBy='cardNum'}
12:48:23.710 [main] DEBUG org.hibernate.cfg.Ejb3Column - Binding column: Ejb3Column{table=org.hibernate.mapping.Table(Card), mappingColumn=person, insertable=true, updatable=true, unique=false}
12:48:23.711 [main] DEBUG org.hibernate.cfg.AnnotationBinder - Binding entity from annotated class: Classes.Person
12:48:23.711 [main] DEBUG org.hibernate.cfg.Ejb3Column - Binding column: Ejb3DiscriminatorColumn{logicalColumnName'DTYPE', discriminatorTypeName='string'}
12:48:23.712 [main] DEBUG o.h.cfg.annotations.EntityBinder - Import with entity name Person
12:48:23.712 [main] DEBUG o.h.cfg.annotations.EntityBinder - Bind entity Classes.Person on table Person
12:48:23.712 [main] DEBUG org.hibernate.cfg.Ejb3Column - Binding column: Ejb3Column{table=org.hibernate.mapping.Table(Person), mappingColumn=id, insertable=true, updatable=true, unique=false}
12:48:23.712 [main] DEBUG o.h.b.internal.ClassLoaderAccessImpl - Not known whether passed class name [Classes.Person] is safe
12:48:23.712 [main] DEBUG o.h.b.internal.ClassLoaderAccessImpl - No temp ClassLoader provided; using live ClassLoader for loading potentially unsafe class : Classes.Person
12:48:23.712 [main] DEBUG o.h.cfg.annotations.PropertyBinder - MetadataSourceProcessor property id with lazy=false
12:48:23.712 [main] DEBUG o.h.cfg.AbstractPropertyHolder - Attempting to locate auto-apply AttributeConverter for property [Classes.Person:id]
12:48:23.712 [main] DEBUG o.h.c.annotations.SimpleValueBinder - building SimpleValue for id
12:48:23.712 [main] DEBUG o.h.cfg.annotations.PropertyBinder - Building property id
12:48:23.712 [main] DEBUG org.hibernate.cfg.BinderHelper - #makeIdGenerator(org.hibernate.mapping.SimpleValue([org.hibernate.mapping.Column(id)]), id, identity, , ...)
12:48:23.712 [main] DEBUG org.hibernate.cfg.Ejb3Column - Binding column: Ejb3Column{table=org.hibernate.mapping.Table(Person), mappingColumn=birthdate, insertable=true, updatable=true, unique=false}
12:48:23.712 [main] DEBUG o.h.cfg.annotations.PropertyBinder - MetadataSourceProcessor property birthdate with lazy=false
12:48:23.712 [main] DEBUG o.h.cfg.AbstractPropertyHolder - Attempting to locate auto-apply AttributeConverter for property [Classes.Person:birthdate]
12:48:23.712 [main] DEBUG o.h.c.annotations.SimpleValueBinder - building SimpleValue for birthdate
12:48:23.712 [main] DEBUG o.h.cfg.annotations.PropertyBinder - Building property birthdate
12:48:23.712 [main] DEBUG org.hibernate.cfg.Ejb3Column - Binding column: Ejb3JoinColumn{logicalColumnName='null', referencedColumn='null', mappedBy=''}
12:48:23.712 [main] DEBUG org.hibernate.cfg.Ejb3Column - Binding column: Ejb3Column{table=org.hibernate.mapping.Table(Person), mappingColumn=cardNum, insertable=true, updatable=true, unique=false}
12:48:23.713 [main] DEBUG o.h.cfg.annotations.PropertyBinder - Building property cardNum
12:48:23.714 [main] DEBUG org.hibernate.cfg.Ejb3Column - Binding column: Ejb3Column{table=org.hibernate.mapping.Table(Person), mappingColumn=firstName, insertable=true, updatable=true, unique=false}
12:48:23.714 [main] DEBUG o.h.cfg.annotations.PropertyBinder - MetadataSourceProcessor property firstName with lazy=false
12:48:23.714 [main] DEBUG o.h.cfg.AbstractPropertyHolder - Attempting to locate auto-apply AttributeConverter for property [Classes.Person:firstName]
12:48:23.714 [main] DEBUG o.h.c.annotations.SimpleValueBinder - building SimpleValue for firstName
12:48:23.714 [main] DEBUG o.h.cfg.annotations.PropertyBinder - Building property firstName
12:48:23.714 [main] DEBUG org.hibernate.cfg.Ejb3Column - Binding column: Ejb3Column{table=org.hibernate.mapping.Table(Person), mappingColumn=lastName, insertable=true, updatable=true, unique=false}
12:48:23.714 [main] DEBUG o.h.cfg.annotations.PropertyBinder - MetadataSourceProcessor property lastName with lazy=false
12:48:23.714 [main] DEBUG o.h.cfg.AbstractPropertyHolder - Attempting to locate auto-apply AttributeConverter for property [Classes.Person:lastName]
12:48:23.714 [main] DEBUG o.h.c.annotations.SimpleValueBinder - building SimpleValue for lastName
12:48:23.714 [main] DEBUG o.h.cfg.annotations.PropertyBinder - Building property lastName
12:48:23.714 [main] DEBUG org.hibernate.cfg.AnnotationBinder - Binding entity from annotated class: Classes.Ticket
12:48:23.714 [main] DEBUG org.hibernate.cfg.Ejb3Column - Binding column: Ejb3DiscriminatorColumn{logicalColumnName'DTYPE', discriminatorTypeName='string'}
12:48:23.715 [main] DEBUG o.h.cfg.annotations.EntityBinder - Import with entity name Ticket
12:48:23.715 [main] DEBUG o.h.cfg.annotations.EntityBinder - Bind entity Classes.Ticket on table Ticket
12:48:23.716 [main] DEBUG org.hibernate.cfg.Ejb3Column - Binding column: Ejb3Column{table=org.hibernate.mapping.Table(Ticket), mappingColumn=id, insertable=true, updatable=true, unique=false}
12:48:23.716 [main] DEBUG o.h.b.internal.ClassLoaderAccessImpl - Not known whether passed class name [Classes.Ticket] is safe
12:48:23.716 [main] DEBUG o.h.b.internal.ClassLoaderAccessImpl - No temp ClassLoader provided; using live ClassLoader for loading potentially unsafe class : Classes.Ticket
12:48:23.716 [main] DEBUG o.h.cfg.annotations.PropertyBinder - MetadataSourceProcessor property id with lazy=false
12:48:23.716 [main] DEBUG o.h.cfg.AbstractPropertyHolder - Attempting to locate auto-apply AttributeConverter for property [Classes.Ticket:id]
12:48:23.716 [main] DEBUG o.h.c.annotations.SimpleValueBinder - building SimpleValue for id
12:48:23.716 [main] DEBUG o.h.cfg.annotations.PropertyBinder - Building property id
12:48:23.717 [main] DEBUG org.hibernate.cfg.BinderHelper - #makeIdGenerator(org.hibernate.mapping.SimpleValue([org.hibernate.mapping.Column(id)]), id, identity, , ...)
12:48:23.717 [main] DEBUG org.hibernate.cfg.Ejb3Column - Binding column: Ejb3JoinColumn{logicalColumnName='null', referencedColumn='null', mappedBy='null'}
12:48:23.717 [main] DEBUG org.hibernate.cfg.Ejb3Column - Binding column: Ejb3Column{table=org.hibernate.mapping.Table(Ticket), mappingColumn=seller, insertable=true, updatable=true, unique=false}
12:48:23.717 [main] DEBUG o.h.cfg.annotations.PropertyBinder - Building property seller
12:48:23.717 [main] DEBUG org.hibernate.cfg.AnnotationBinder - Binding entity from annotated class: Classes.Pass
12:48:23.717 [main] DEBUG o.h.cfg.annotations.EntityBinder - Import with entity name Pass
12:48:23.719 [main] DEBUG org.hibernate.cfg.Ejb3Column - Binding column: Ejb3JoinColumn{logicalColumnName='null', referencedColumn='null', mappedBy=''}
12:48:23.719 [main] DEBUG org.hibernate.cfg.Ejb3Column - Binding column: Ejb3Column{table=org.hibernate.mapping.Table(Ticket), mappingColumn=person, insertable=true, updatable=true, unique=false}
12:48:23.719 [main] DEBUG o.h.cfg.annotations.PropertyBinder - Building property person
12:48:23.719 [main] DEBUG org.hibernate.cfg.Ejb3Column - Binding column: Ejb3JoinColumn{logicalColumnName='null', referencedColumn='null', mappedBy='null'}
12:48:23.719 [main] DEBUG org.hibernate.cfg.Ejb3Column - Binding column: Ejb3Column{table=org.hibernate.mapping.Table(Ticket), mappingColumn=sellers, insertable=true, updatable=true, unique=false}
12:48:23.719 [main] DEBUG o.h.cfg.annotations.PropertyBinder - Building property sellers
12:48:23.719 [main] DEBUG org.hibernate.cfg.Ejb3Column - Binding column: Ejb3Column{table=org.hibernate.mapping.Table(Ticket), mappingColumn=validity, insertable=true, updatable=true, unique=false}
12:48:23.719 [main] DEBUG o.h.cfg.annotations.PropertyBinder - MetadataSourceProcessor property validity with lazy=false
12:48:23.719 [main] DEBUG o.h.cfg.AbstractPropertyHolder - Attempting to locate auto-apply AttributeConverter for property [Classes.Pass:validity]
12:48:23.720 [main] DEBUG o.h.c.annotations.SimpleValueBinder - building SimpleValue for validity
12:48:23.720 [main] DEBUG o.h.cfg.annotations.PropertyBinder - Building property validity
12:48:23.720 [main] DEBUG org.hibernate.cfg.AnnotationBinder - Binding entity from annotated class: Classes.Shop
12:48:23.720 [main] DEBUG o.h.cfg.annotations.EntityBinder - Import with entity name Shop
12:48:23.722 [main] DEBUG org.hibernate.cfg.AnnotationBinder - Skipping attribute [java.util.List : passes] as it was already processed as part of super hierarchy
12:48:23.722 [main] DEBUG org.hibernate.cfg.Ejb3Column - Binding column: Ejb3JoinColumn{logicalColumnName='null', referencedColumn='null', mappedBy=''}
12:48:23.722 [main] DEBUG org.hibernate.cfg.Ejb3Column - Binding column: Ejb3Column{table=org.hibernate.mapping.Table(TicketSeller), mappingColumn=people, insertable=true, updatable=true, unique=false}
12:48:23.722 [main] DEBUG org.hibernate.cfg.Ejb3Column - Binding column: Ejb3Column{table=org.hibernate.mapping.Table(TicketSeller), mappingColumn=null, insertable=true, updatable=true, unique=false}
12:48:23.722 [main] DEBUG org.hibernate.cfg.Ejb3Column - Binding column: Ejb3Column{table=org.hibernate.mapping.Table(TicketSeller), mappingColumn=element, insertable=true, updatable=true, unique=false}
12:48:23.722 [main] DEBUG org.hibernate.cfg.Ejb3Column - Binding column: Ejb3Column{table=org.hibernate.mapping.Table(TicketSeller), mappingColumn=people_KEY, insertable=true, updatable=true, unique=false}
12:48:23.722 [main] DEBUG org.hibernate.cfg.Ejb3Column - Binding column: Ejb3JoinColumn{logicalColumnName='people_KEY', referencedColumn='null', mappedBy='null'}
12:48:23.722 [main] DEBUG org.hibernate.cfg.Ejb3Column - Binding column: Ejb3JoinColumn{logicalColumnName='null', referencedColumn='null', mappedBy=''}
12:48:23.722 [main] DEBUG org.hibernate.cfg.Ejb3Column - Binding column: Ejb3JoinColumn{logicalColumnName='null', referencedColumn='null', mappedBy=''}
12:48:23.722 [main] DEBUG o.h.cfg.annotations.CollectionBinder - Collection role: Classes.Shop.people
12:48:23.722 [main] DEBUG o.h.cfg.annotations.PropertyBinder - Building property people
12:48:23.722 [main] DEBUG org.hibernate.cfg.AnnotationBinder - Skipping attribute [java.util.List : tickets] as it was already processed as part of super hierarchy
12:48:23.723 [main] DEBUG org.hibernate.cfg.AnnotationBinder - Binding entity from annotated class: Classes.VendingMachine
12:48:23.723 [main] DEBUG o.h.cfg.annotations.EntityBinder - Import with entity name VendingMachine
12:48:23.723 [main] DEBUG org.hibernate.cfg.Ejb3Column - Binding column: Ejb3Column{table=org.hibernate.mapping.Table(TicketSeller), mappingColumn=isWorking, insertable=true, updatable=true, unique=false}
12:48:23.723 [main] DEBUG o.h.cfg.annotations.PropertyBinder - MetadataSourceProcessor property isWorking with lazy=false
12:48:23.723 [main] DEBUG o.h.cfg.AbstractPropertyHolder - Attempting to locate auto-apply AttributeConverter for property [Classes.VendingMachine:isWorking]
12:48:23.723 [main] DEBUG o.h.c.annotations.SimpleValueBinder - building SimpleValue for isWorking
12:48:23.723 [main] DEBUG o.h.cfg.annotations.PropertyBinder - Building property isWorking
12:48:23.724 [main] DEBUG o.h.c.annotations.SimpleValueBinder - Starting fillSimpleValue for id
12:48:23.724 [main] DEBUG o.h.c.annotations.SimpleValueBinder - Starting fillSimpleValue for name
12:48:23.725 [main] DEBUG o.h.c.annotations.SimpleValueBinder - Starting fillSimpleValue for id
12:48:23.725 [main] DEBUG o.h.c.annotations.SimpleValueBinder - Starting fillSimpleValue for emissionDate
12:48:23.725 [main] DEBUG o.h.c.annotations.SimpleValueBinder - Starting fillSimpleValue for expirationDate
12:48:23.725 [main] DEBUG o.h.c.annotations.SimpleValueBinder - Starting fillSimpleValue for id
12:48:23.725 [main] DEBUG o.h.c.annotations.SimpleValueBinder - Starting fillSimpleValue for birthdate
12:48:23.725 [main] DEBUG o.h.c.annotations.SimpleValueBinder - Starting fillSimpleValue for firstName
12:48:23.725 [main] DEBUG o.h.c.annotations.SimpleValueBinder - Starting fillSimpleValue for lastName
12:48:23.725 [main] DEBUG o.h.c.annotations.SimpleValueBinder - Starting fillSimpleValue for id
12:48:23.725 [main] DEBUG o.h.c.annotations.SimpleValueBinder - Starting fillSimpleValue for validity
12:48:23.726 [main] DEBUG o.h.c.annotations.SimpleValueBinder - Starting fillSimpleValue for isWorking
12:48:23.729 [main] DEBUG org.hibernate.mapping.PrimaryKey - Forcing column [id] to be non-null as it is part of the primary key for table [ticketseller]
12:48:23.729 [main] DEBUG org.hibernate.mapping.PrimaryKey - Forcing column [id] to be non-null as it is part of the primary key for table [card]
12:48:23.729 [main] DEBUG org.hibernate.mapping.PrimaryKey - Forcing column [id] to be non-null as it is part of the primary key for table [person]
12:48:23.729 [main] DEBUG org.hibernate.mapping.PrimaryKey - Forcing column [id] to be non-null as it is part of the primary key for table [ticket]
12:48:23.729 [main] DEBUG o.hibernate.cfg.CollectionSecondPass - Second pass for collection: Classes.Shop.people
12:48:23.729 [main] DEBUG o.h.cfg.annotations.CollectionBinder - Binding a OneToMany: Classes.Shop.people through an association table
12:48:23.733 [main] DEBUG o.hibernate.cfg.CollectionSecondPass - Mapped collection key: Shop_id, element: people_id
12:48:23.733 [main] DEBUG o.hibernate.cfg.CollectionSecondPass - Second pass for collection: Abstract.TicketSeller.tickets
12:48:23.733 [main] DEBUG o.h.cfg.annotations.CollectionBinder - Binding a OneToMany: Abstract.TicketSeller.tickets through an association table
12:48:23.734 [main] DEBUG o.hibernate.cfg.CollectionSecondPass - Mapped collection key: TicketSeller_id, element: tickets_id
12:48:23.734 [main] DEBUG o.hibernate.cfg.CollectionSecondPass - Second pass for collection: Abstract.TicketSeller.passes
12:48:23.734 [main] DEBUG o.h.cfg.annotations.CollectionBinder - Binding a OneToMany: Abstract.TicketSeller.passes through an association table
12:48:23.734 [main] DEBUG o.hibernate.cfg.CollectionSecondPass - Mapped collection key: TicketSeller_id, element: passes_id
12:48:23.735 [main] DEBUG o.h.cfg.annotations.PropertyBinder - Building property person
12:48:23.735 [main] DEBUG o.h.b.i.InFlightMetadataCollectorImpl - Processing association property references
12:48:23.735 [main] DEBUG o.h.b.i.InFlightMetadataCollectorImpl - Resolving reference to class: Classes.Card
12:48:23.736 [main] DEBUG o.h.b.i.InFlightMetadataCollectorImpl - Resolving reference to class: Abstract.TicketSeller
12:48:23.736 [main] DEBUG o.h.b.i.InFlightMetadataCollectorImpl - Resolving reference to class: Classes.Person
12:48:23.737 [main] DEBUG o.h.b.i.InFlightMetadataCollectorImpl - Resolving reference to class: Abstract.TicketSeller
12:48:23.737 [main] DEBUG o.h.b.i.InFlightMetadataCollectorImpl - Resolving reference to class: Classes.Person
12:48:23.737 [main] DEBUG o.h.b.i.InFlightMetadataCollectorImpl - Resolving reference to class: Classes.Shop
12:48:23.737 [main] DEBUG o.h.b.i.InFlightMetadataCollectorImpl - Resolving reference to class: Classes.Ticket
12:48:23.737 [main] DEBUG o.h.b.i.InFlightMetadataCollectorImpl - Resolving reference to class: Abstract.TicketSeller
12:48:23.737 [main] DEBUG o.h.b.i.InFlightMetadataCollectorImpl - Resolving reference to class: Classes.Pass
12:48:23.738 [main] DEBUG o.h.b.i.InFlightMetadataCollectorImpl - Processing association property references
12:48:23.738 [main] DEBUG o.h.b.i.InFlightMetadataCollectorImpl - Resolving reference to class: Classes.Card
12:48:23.738 [main] DEBUG o.h.b.i.InFlightMetadataCollectorImpl - Resolving reference to class: Abstract.TicketSeller
12:48:23.738 [main] DEBUG o.h.b.i.InFlightMetadataCollectorImpl - Resolving reference to class: Classes.Person
12:48:23.738 [main] DEBUG o.h.b.i.InFlightMetadataCollectorImpl - Resolving reference to class: Abstract.TicketSeller
12:48:23.738 [main] DEBUG o.h.b.i.InFlightMetadataCollectorImpl - Resolving reference to class: Classes.Person
12:48:23.738 [main] DEBUG o.h.b.i.InFlightMetadataCollectorImpl - Resolving reference to class: Classes.Shop
12:48:23.738 [main] DEBUG o.h.b.i.InFlightMetadataCollectorImpl - Resolving reference to class: Classes.Ticket
12:48:23.738 [main] DEBUG o.h.b.i.InFlightMetadataCollectorImpl - Resolving reference to class: Abstract.TicketSeller
12:48:23.738 [main] DEBUG o.h.b.i.InFlightMetadataCollectorImpl - Resolving reference to class: Classes.Pass
12:48:23.766 [main] DEBUG o.h.internal.SessionFactoryImpl - Building session factory
12:48:23.766 [main] DEBUG org.hibernate.cfg.Settings - SessionFactory name : null
12:48:23.766 [main] DEBUG org.hibernate.cfg.Settings - Automatic flush during beforeCompletion(): enabled
12:48:23.766 [main] DEBUG org.hibernate.cfg.Settings - Automatic session close at end of transaction: disabled
12:48:23.766 [main] DEBUG org.hibernate.cfg.Settings - Statistics: disabled
12:48:23.766 [main] DEBUG org.hibernate.cfg.Settings - Deleted entity synthetic identifier rollback: disabled
12:48:23.766 [main] DEBUG org.hibernate.cfg.Settings - Default entity-mode: pojo
12:48:23.766 [main] DEBUG org.hibernate.cfg.Settings - Check Nullability in Core (should be disabled when Bean Validation is on): enabled
12:48:23.766 [main] DEBUG org.hibernate.cfg.Settings - Allow initialization of lazy state outside session : disabled
12:48:23.766 [main] DEBUG org.hibernate.cfg.Settings - Using BatchFetchStyle : LEGACY
12:48:23.766 [main] DEBUG org.hibernate.cfg.Settings - Default batch fetch size: -1
12:48:23.766 [main] DEBUG org.hibernate.cfg.Settings - Maximum outer join fetch depth: null
12:48:23.766 [main] DEBUG org.hibernate.cfg.Settings - Default null ordering: NONE
12:48:23.766 [main] DEBUG org.hibernate.cfg.Settings - Order SQL updates by primary key: disabled
12:48:23.766 [main] DEBUG org.hibernate.cfg.Settings - Order SQL inserts for batching: disabled
12:48:23.766 [main] DEBUG org.hibernate.cfg.Settings - multi-tenancy strategy : NONE
12:48:23.766 [main] DEBUG org.hibernate.cfg.Settings - JTA Track by Thread: enabled
12:48:23.767 [main] DEBUG org.hibernate.cfg.Settings - Query language substitutions: {}
12:48:23.767 [main] DEBUG org.hibernate.cfg.Settings - Named query checking : enabled
12:48:23.767 [main] DEBUG org.hibernate.cfg.Settings - Second-level cache: disabled
12:48:23.767 [main] DEBUG org.hibernate.cfg.Settings - Second-level query cache: disabled
12:48:23.767 [main] DEBUG org.hibernate.cfg.Settings - Second-level query cache factory: null
12:48:23.767 [main] DEBUG org.hibernate.cfg.Settings - Second-level cache region prefix: null
12:48:23.767 [main] DEBUG org.hibernate.cfg.Settings - Optimize second-level cache for minimal puts: disabled
12:48:23.767 [main] DEBUG org.hibernate.cfg.Settings - Structured second-level cache entries: disabled
12:48:23.767 [main] DEBUG org.hibernate.cfg.Settings - Second-level cache direct-reference entries: disabled
12:48:23.767 [main] DEBUG org.hibernate.cfg.Settings - Automatic eviction of collection cache: disabled
12:48:23.767 [main] DEBUG org.hibernate.cfg.Settings - JDBC batch size: 15
12:48:23.767 [main] DEBUG org.hibernate.cfg.Settings - JDBC batch updates for versioned data: enabled
12:48:23.767 [main] DEBUG org.hibernate.cfg.Settings - Scrollable result sets: enabled
12:48:23.767 [main] DEBUG org.hibernate.cfg.Settings - Wrap result sets: disabled
12:48:23.767 [main] DEBUG org.hibernate.cfg.Settings - JDBC3 getGeneratedKeys(): enabled
12:48:23.767 [main] DEBUG org.hibernate.cfg.Settings - JDBC result set fetch size: null
12:48:23.767 [main] DEBUG org.hibernate.cfg.Settings - Connection release mode: AFTER_TRANSACTION
12:48:23.767 [main] DEBUG org.hibernate.cfg.Settings - Generate SQL with comments: disabled
12:48:23.767 [main] DEBUG org.hibernate.cfg.Settings - JPA compliance - query : disabled
12:48:23.767 [main] DEBUG org.hibernate.cfg.Settings - JPA compliance - closed-handling : disabled
12:48:23.767 [main] DEBUG org.hibernate.cfg.Settings - JPA compliance - lists : disabled
12:48:23.767 [main] DEBUG org.hibernate.cfg.Settings - JPA compliance - transactions : disabled
12:48:23.774 [main] DEBUG o.h.b.internal.ClassLoaderAccessImpl - Not known whether passed class name [Classes.Pass] is safe
12:48:23.774 [main] DEBUG o.h.b.internal.ClassLoaderAccessImpl - No temp ClassLoader provided; using live ClassLoader for loading potentially unsafe class : Classes.Pass
12:48:23.774 [main] DEBUG o.h.b.internal.ClassLoaderAccessImpl - Not known whether passed class name [Classes.Shop] is safe
12:48:23.774 [main] DEBUG o.h.b.internal.ClassLoaderAccessImpl - No temp ClassLoader provided; using live ClassLoader for loading potentially unsafe class : Classes.Shop
12:48:23.774 [main] DEBUG o.h.b.internal.ClassLoaderAccessImpl - Not known whether passed class name [Classes.VendingMachine] is safe
12:48:23.774 [main] DEBUG o.h.b.internal.ClassLoaderAccessImpl - No temp ClassLoader provided; using live ClassLoader for loading potentially unsafe class : Classes.VendingMachine
12:48:23.803 [main] DEBUG o.h.s.i.SessionFactoryServiceRegistryImpl - EventListenerRegistry access via ServiceRegistry is deprecated.  Use `sessionFactory.getEventEngine().getListenerRegistry()` instead
12:48:23.804 [main] DEBUG o.h.s.i.SessionFactoryServiceRegistryImpl - EventListenerRegistry access via ServiceRegistry is deprecated.  Use `sessionFactory.getEventEngine().getListenerRegistry()` instead
12:48:23.812 [main] DEBUG o.h.internal.SessionFactoryImpl - Session factory constructed with filter configurations : {}
12:48:23.812 [main] DEBUG o.h.internal.SessionFactoryImpl - Instantiating session factory with properties: {java.specification.version=17, sun.cpu.isalist=amd64, sun.jnu.encoding=Cp1252, hibernate.dialect=org.hibernate.dialect.PostgreSQLDialect, java.class.path=C:\Users\total\Desktop\All\Epicode\fs0223-Luca-Sernicola-BackEnd\BuildWeek_4\target\classes;C:\Users\total\.m2\repository\ch\qos\logback\logback-classic\1.4.8\logback-classic-1.4.8.jar;C:\Users\total\.m2\repository\ch\qos\logback\logback-core\1.4.8\logback-core-1.4.8.jar;C:\Users\total\.m2\repository\org\slf4j\slf4j-api\2.0.7\slf4j-api-2.0.7.jar;C:\Users\total\.m2\repository\commons-io\commons-io\2.13.0\commons-io-2.13.0.jar;C:\Users\total\.m2\repository\org\postgresql\postgresql\42.6.0\postgresql-42.6.0.jar;C:\Users\total\.m2\repository\org\checkerframework\checker-qual\3.31.0\checker-qual-3.31.0.jar;C:\Users\total\.m2\repository\org\hibernate\hibernate-core\5.6.15.Final\hibernate-core-5.6.15.Final.jar;C:\Users\total\.m2\repository\org\jboss\logging\jboss-logging\3.4.3.Final\jboss-logging-3.4.3.Final.jar;C:\Users\total\.m2\repository\javax\persistence\javax.persistence-api\2.2\javax.persistence-api-2.2.jar;C:\Users\total\.m2\repository\net\bytebuddy\byte-buddy\1.12.18\byte-buddy-1.12.18.jar;C:\Users\total\.m2\repository\antlr\antlr\2.7.7\antlr-2.7.7.jar;C:\Users\total\.m2\repository\org\jboss\spec\javax\transaction\jboss-transaction-api_1.2_spec\1.1.1.Final\jboss-transaction-api_1.2_spec-1.1.1.Final.jar;C:\Users\total\.m2\repository\org\jboss\jandex\2.4.2.Final\jandex-2.4.2.Final.jar;C:\Users\total\.m2\repository\com\fasterxml\classmate\1.5.1\classmate-1.5.1.jar;C:\Users\total\.m2\repository\javax\activation\javax.activation-api\1.2.0\javax.activation-api-1.2.0.jar;C:\Users\total\.m2\repository\org\hibernate\common\hibernate-commons-annotations\5.1.2.Final\hibernate-commons-annotations-5.1.2.Final.jar;C:\Users\total\.m2\repository\javax\xml\bind\jaxb-api\2.3.1\jaxb-api-2.3.1.jar;C:\Users\total\.m2\repository\org\glassfish\jaxb\jaxb-runtime\2.3.1\jaxb-runtime-2.3.1.jar;C:\Users\total\.m2\repository\org\glassfish\jaxb\txw2\2.3.1\txw2-2.3.1.jar;C:\Users\total\.m2\repository\com\sun\istack\istack-commons-runtime\3.0.7\istack-commons-runtime-3.0.7.jar;C:\Users\total\.m2\repository\org\jvnet\staxex\stax-ex\1.8\stax-ex-1.8.jar;C:\Users\total\.m2\repository\com\sun\xml\fastinfoset\FastInfoset\1.2.15\FastInfoset-1.2.15.jar;C:\Users\total\Desktop\All\Epicode\fs0223-Luca-Sernicola-BackEnd\Homework_W3_D3\target\classes, java.vm.vendor=Eclipse Adoptium, sun.arch.data.model=64, user.variant=, java.vendor.url=https://adoptium.net/, user.timezone=Europe/Rome, javax.persistence.jdbc.url=jdbc:postgresql://localhost:5432/BuildWeek, javax.persistence.jdbc.user=****, java.vm.specification.version=17, os.name=Windows 11, jakarta.persistence.jdbc.password=****, sun.java.launcher=SUN_STANDARD, user.country=US, local.setting.IS_JTA_TXN_COORD=false, sun.boot.library.path=C:\Users\total\.p2\pool\plugins\org.eclipse.justj.openjdk.hotspot.jre.full.win32.x86_64_17.0.7.v20230425-1502\jre\bin, sun.java.command=MainClass.MainClass, jdk.debug=release, jakarta.persistence.jdbc.driver=org.postgresql.Driver, sun.cpu.endian=little, user.home=C:\Users\total, user.language=en, java.specification.vendor=Oracle Corporation, java.version.date=2023-04-18, java.home=C:\Users\total\.p2\pool\plugins\org.eclipse.justj.openjdk.hotspot.jre.full.win32.x86_64_17.0.7.v20230425-1502\jre, file.separator=\, java.vm.compressedOopsMode=Zero based, jakarta.persistence.jdbc.user=****, line.separator=
, hibernate.persistenceUnitName=BuildWeek_4, java.vm.specification.vendor=Oracle Corporation, java.specification.name=Java Platform API Specification, hibernate.transaction.coordinator_class=class org.hibernate.resource.transaction.backend.jdbc.internal.JdbcResourceLocalTransactionCoordinatorBuilderImpl, javax.persistence.jdbc.driver=org.postgresql.Driver, hibernate.hbm2ddl.auto=update, user.script=, sun.management.compiler=HotSpot 64-Bit Tiered Compilers, java.runtime.version=17.0.7+7, user.name=total, path.separator=;, hibernate.connection.username=****, os.version=10.0, java.runtime.name=OpenJDK Runtime Environment, hibernate.connection.url=jdbc:postgresql://localhost:5432/BuildWeek, file.encoding=UTF-8, hibernate.ejb.persistenceUnitName=BuildWeek_4, java.vm.name=OpenJDK 64-Bit Server VM, java.vendor.version=Temurin-17.0.7+7, hibernate.connection.driver_class=org.postgresql.Driver, java.vendor.url.bug=https://github.com/adoptium/adoptium-support/issues, java.io.tmpdir=C:\Users\total\AppData\Local\Temp\, java.version=17.0.7, user.dir=C:\Users\total\Desktop\All\Epicode\fs0223-Luca-Sernicola-BackEnd\BuildWeek_4, os.arch=amd64, java.vm.specification.name=Java Virtual Machine Specification, hibernate.connection.password=****, sun.os.patch.level=, jakarta.persistence.jdbc.url=jdbc:postgresql://localhost:5432/BuildWeek, hibernate.boot.CfgXmlAccessService.key=org.hibernate.boot.registry.StandardServiceRegistryBuilder$1@48eb9836, native.encoding=Cp1252, java.library.path=C:\Users\total\.p2\pool\plugins\org.eclipse.justj.openjdk.hotspot.jre.full.win32.x86_64_17.0.7.v20230425-1502\jre\bin;C:\windows\Sun\Java\bin;C:\windows\system32;C:\windows;C:/Users/total/.p2/pool/plugins/org.eclipse.justj.openjdk.hotspot.jre.full.win32.x86_64_17.0.7.v20230425-1502/jre/bin/server;C:/Users/total/.p2/pool/plugins/org.eclipse.justj.openjdk.hotspot.jre.full.win32.x86_64_17.0.7.v20230425-1502/jre/bin;C:\Program Files\Eclipse Adoptium\jdk-17.0.7.7-hotspot\bin;C:\Program Files (x86)\NVIDIA Corporation\PhysX\Common;C:\windows\system32;C:\windows;C:\windows\System32\Wbem;C:\windows\System32\WindowsPowerShell\v1.0\;C:\windows\System32\OpenSSH\;C:\Program Files\Git\cmd;C:\Program Files\nodejs\;C:\Users\total\AppData\Local\Microsoft\WindowsApps;C:\Users\total\AppData\Local\Programs\Microsoft VS Code\bin;C:\Users\total\AppData\Roaming\npm;C:\Users\total\AppData\Local\GitHubDesktop\bin;C:\windows\System32;;., java.vendor=Eclipse Adoptium, java.vm.info=mixed mode, java.vm.version=17.0.7+7, hibernate.bytecode.use_reflection_optimizer=false, sun.io.unicode.encoding=UnicodeLittle, javax.persistence.jdbc.password=****, java.class.version=61.0}
12:48:23.823 [main] DEBUG o.h.secure.spi.JaccIntegrator - Skipping JACC integration as it was not enabled
12:48:23.827 [main] DEBUG org.hibernate.type.EnumType - Using ORDINAL-based conversion for Enum Enums.Validity
12:48:23.828 [main] DEBUG o.h.internal.SessionFactoryImpl - Instantiated session factory
12:48:23.828 [main] DEBUG o.h.type.spi.TypeConfiguration$Scope - Scoping TypeConfiguration [org.hibernate.type.spi.TypeConfiguration@6edc4161] to SessionFactoryImpl [org.hibernate.internal.SessionFactoryImpl@72456279]
12:48:23.860 [main] DEBUG o.h.b.internal.ClassLoaderAccessImpl - Not known whether passed class name [Abstract.TicketSeller] is safe
12:48:23.860 [main] DEBUG o.h.b.internal.ClassLoaderAccessImpl - No temp ClassLoader provided; using live ClassLoader for loading potentially unsafe class : Abstract.TicketSeller
12:48:23.864 [main] DEBUG o.h.b.internal.ClassLoaderAccessImpl - Not known whether passed class name [Classes.Shop] is safe
12:48:23.864 [main] DEBUG o.h.b.internal.ClassLoaderAccessImpl - No temp ClassLoader provided; using live ClassLoader for loading potentially unsafe class : Classes.Shop
12:48:23.864 [main] DEBUG o.h.b.internal.ClassLoaderAccessImpl - Not known whether passed class name [Classes.VendingMachine] is safe
12:48:23.864 [main] DEBUG o.h.b.internal.ClassLoaderAccessImpl - No temp ClassLoader provided; using live ClassLoader for loading potentially unsafe class : Classes.VendingMachine
12:48:23.964 [main] DEBUG o.hibernate.orm.bytecode.interceptor - To-one property `Classes.Card#person` was mapped with LAZY + NO_PROXY but the class was not enhanced
12:48:23.965 [main] DEBUG o.hibernate.orm.bytecode.interceptor - To-one property `Classes.Card#person` was mapped with LAZY + NO_PROXY but the class was not enhanced
12:48:23.965 [main] DEBUG o.h.b.internal.ClassLoaderAccessImpl - Not known whether passed class name [Classes.Card] is safe
12:48:23.965 [main] DEBUG o.h.b.internal.ClassLoaderAccessImpl - No temp ClassLoader provided; using live ClassLoader for loading potentially unsafe class : Classes.Card
12:48:23.972 [main] DEBUG o.hibernate.orm.bytecode.interceptor - To-one property `Classes.Card#person` was mapped with LAZY + NO_PROXY but the class was not enhanced
12:48:23.972 [main] DEBUG o.hibernate.orm.bytecode.interceptor - To-one property `Classes.Card#person` was mapped with LAZY + NO_PROXY but the class was not enhanced
12:48:23.972 [main] DEBUG o.hibernate.orm.bytecode.interceptor - To-one property `Classes.Person#cardNum` was mapped with LAZY + NO_PROXY but the class was not enhanced
12:48:23.972 [main] DEBUG o.hibernate.orm.bytecode.interceptor - To-one property `Classes.Person#cardNum` was mapped with LAZY + NO_PROXY but the class was not enhanced
12:48:23.972 [main] DEBUG o.h.b.internal.ClassLoaderAccessImpl - Not known whether passed class name [Classes.Person] is safe
12:48:23.972 [main] DEBUG o.h.b.internal.ClassLoaderAccessImpl - No temp ClassLoader provided; using live ClassLoader for loading potentially unsafe class : Classes.Person
12:48:23.980 [main] DEBUG o.hibernate.orm.bytecode.interceptor - To-one property `Classes.Person#cardNum` was mapped with LAZY + NO_PROXY but the class was not enhanced
12:48:23.980 [main] DEBUG o.hibernate.orm.bytecode.interceptor - To-one property `Classes.Person#cardNum` was mapped with LAZY + NO_PROXY but the class was not enhanced
12:48:23.980 [main] DEBUG o.hibernate.orm.bytecode.interceptor - To-one property `Classes.Ticket#seller` was mapped with LAZY + NO_PROXY but the class was not enhanced
12:48:23.980 [main] DEBUG o.hibernate.orm.bytecode.interceptor - To-one property `Classes.Ticket#seller` was mapped with LAZY + NO_PROXY but the class was not enhanced
12:48:23.980 [main] DEBUG o.hibernate.orm.bytecode.interceptor - To-one property `Classes.Pass#person` was mapped with LAZY + NO_PROXY but the class was not enhanced
12:48:23.980 [main] DEBUG o.hibernate.orm.bytecode.interceptor - To-one property `Classes.Pass#person` was mapped with LAZY + NO_PROXY but the class was not enhanced
12:48:23.980 [main] DEBUG o.hibernate.orm.bytecode.interceptor - To-one property `Classes.Pass#sellers` was mapped with LAZY + NO_PROXY but the class was not enhanced
12:48:23.980 [main] DEBUG o.hibernate.orm.bytecode.interceptor - To-one property `Classes.Pass#sellers` was mapped with LAZY + NO_PROXY but the class was not enhanced
12:48:23.980 [main] DEBUG o.h.b.internal.ClassLoaderAccessImpl - Not known whether passed class name [Classes.Pass] is safe
12:48:23.980 [main] DEBUG o.h.b.internal.ClassLoaderAccessImpl - No temp ClassLoader provided; using live ClassLoader for loading potentially unsafe class : Classes.Pass
12:48:23.988 [main] DEBUG o.hibernate.orm.bytecode.interceptor - To-one property `Classes.Ticket#seller` was mapped with LAZY + NO_PROXY but the class was not enhanced
12:48:23.988 [main] DEBUG o.hibernate.orm.bytecode.interceptor - To-one property `Classes.Pass#person` was mapped with LAZY + NO_PROXY but the class was not enhanced
12:48:23.988 [main] DEBUG o.hibernate.orm.bytecode.interceptor - To-one property `Classes.Pass#sellers` was mapped with LAZY + NO_PROXY but the class was not enhanced
12:48:23.988 [main] DEBUG o.hibernate.orm.bytecode.interceptor - To-one property `Classes.Ticket#seller` was mapped with LAZY + NO_PROXY but the class was not enhanced
12:48:23.988 [main] DEBUG o.hibernate.orm.bytecode.interceptor - To-one property `Classes.Pass#person` was mapped with LAZY + NO_PROXY but the class was not enhanced
12:48:23.988 [main] DEBUG o.hibernate.orm.bytecode.interceptor - To-one property `Classes.Pass#sellers` was mapped with LAZY + NO_PROXY but the class was not enhanced
12:48:23.992 [main] DEBUG o.hibernate.orm.bytecode.interceptor - To-one property `Classes.Ticket#seller` was mapped with LAZY + NO_PROXY but the class was not enhanced
12:48:23.992 [main] DEBUG o.hibernate.orm.bytecode.interceptor - To-one property `Classes.Ticket#seller` was mapped with LAZY + NO_PROXY but the class was not enhanced
12:48:23.992 [main] DEBUG o.h.b.internal.ClassLoaderAccessImpl - Not known whether passed class name [Classes.Ticket] is safe
12:48:23.992 [main] DEBUG o.h.b.internal.ClassLoaderAccessImpl - No temp ClassLoader provided; using live ClassLoader for loading potentially unsafe class : Classes.Ticket
12:48:23.996 [main] DEBUG o.hibernate.orm.bytecode.interceptor - To-one property `Classes.Ticket#seller` was mapped with LAZY + NO_PROXY but the class was not enhanced
12:48:23.996 [main] DEBUG o.hibernate.orm.bytecode.interceptor - To-one property `Classes.Ticket#seller` was mapped with LAZY + NO_PROXY but the class was not enhanced
12:48:23.996 [main] DEBUG o.hibernate.orm.bytecode.interceptor - To-one property `Classes.Pass#person` was mapped with LAZY + NO_PROXY but the class was not enhanced
12:48:23.996 [main] DEBUG o.hibernate.orm.bytecode.interceptor - To-one property `Classes.Pass#sellers` was mapped with LAZY + NO_PROXY but the class was not enhanced
12:48:24.008 [main] DEBUG o.h.p.c.AbstractCollectionPersister - Static SQL for collection: Abstract.TicketSeller.tickets
12:48:24.008 [main] DEBUG o.h.p.c.AbstractCollectionPersister -  Row insert: insert into TicketSeller_Ticket (TicketSeller_id, tickets_id) values (?, ?)
12:48:24.008 [main] DEBUG o.h.p.c.AbstractCollectionPersister -  Row update: update TicketSeller_Ticket set tickets_id=? where TicketSeller_id=? and tickets_id=?
12:48:24.008 [main] DEBUG o.h.p.c.AbstractCollectionPersister -  Row delete: delete from TicketSeller_Ticket where TicketSeller_id=? and tickets_id=?
12:48:24.008 [main] DEBUG o.h.p.c.AbstractCollectionPersister -  One-shot delete: delete from TicketSeller_Ticket where TicketSeller_id=?
12:48:24.008 [main] DEBUG o.h.p.c.AbstractCollectionPersister - Static SQL for collection: Abstract.TicketSeller.passes
12:48:24.008 [main] DEBUG o.h.p.c.AbstractCollectionPersister -  Row insert: insert into TicketSeller_Ticket (TicketSeller_id, passes_id) values (?, ?)
12:48:24.008 [main] DEBUG o.h.p.c.AbstractCollectionPersister -  Row update: update TicketSeller_Ticket set passes_id=? where TicketSeller_id=? and passes_id=?
12:48:24.008 [main] DEBUG o.h.p.c.AbstractCollectionPersister -  Row delete: delete from TicketSeller_Ticket where TicketSeller_id=? and passes_id=?
12:48:24.008 [main] DEBUG o.h.p.c.AbstractCollectionPersister -  One-shot delete: delete from TicketSeller_Ticket where TicketSeller_id=?
12:48:24.008 [main] DEBUG o.h.p.c.AbstractCollectionPersister - Static SQL for collection: Classes.Shop.people
12:48:24.008 [main] DEBUG o.h.p.c.AbstractCollectionPersister -  Row insert: insert into TicketSeller_Person (Shop_id, people_id) values (?, ?)
12:48:24.008 [main] DEBUG o.h.p.c.AbstractCollectionPersister -  Row update: update TicketSeller_Person set people_id=? where Shop_id=? and people_id=?
12:48:24.008 [main] DEBUG o.h.p.c.AbstractCollectionPersister -  Row delete: delete from TicketSeller_Person where Shop_id=? and people_id=?
12:48:24.008 [main] DEBUG o.h.p.c.AbstractCollectionPersister -  One-shot delete: delete from TicketSeller_Person where Shop_id=?
12:48:24.010 [main] DEBUG o.h.p.entity.AbstractEntityPersister - Static SQL for entity: Abstract.TicketSeller
12:48:24.010 [main] DEBUG o.h.p.entity.AbstractEntityPersister -  Version select: select id from TicketSeller where id =?
12:48:24.010 [main] DEBUG o.h.p.entity.AbstractEntityPersister -  Snapshot select: select ticketsell_.id, ticketsell_.seller_name as seller_n3_3_ from TicketSeller ticketsell_ where ticketsell_.id=?
12:48:24.010 [main] DEBUG o.h.p.entity.AbstractEntityPersister -  Insert 0: insert into TicketSeller (seller_name, type, id) values (?, 'TicketSeller', ?)
12:48:24.010 [main] DEBUG o.h.p.entity.AbstractEntityPersister -  Update 0: update TicketSeller set seller_name=? where id=?
12:48:24.010 [main] DEBUG o.h.p.entity.AbstractEntityPersister -  Delete 0: delete from TicketSeller where id=?
12:48:24.023 [main] DEBUG o.h.l.p.b.i.spaces.QuerySpacesImpl - Adding QuerySpace : uid = <gen:0> -> org.hibernate.loader.plan.build.internal.spaces.EntityQuerySpaceImpl@9efcd90]
12:48:24.024 [main] DEBUG o.h.p.w.spi.MetamodelGraphWalker - Visiting attribute path : name
12:48:24.024 [main] DEBUG o.h.p.w.spi.MetamodelGraphWalker - Visiting attribute path : passes
12:48:24.025 [main] DEBUG o.h.l.p.b.i.spaces.QuerySpacesImpl - Adding QuerySpace : uid = <gen:1> -> org.hibernate.loader.plan.build.internal.spaces.CollectionQuerySpaceImpl@5cbd94b2]
12:48:24.026 [main] DEBUG o.h.l.p.b.i.spaces.QuerySpacesImpl - Adding QuerySpace : uid = <gen:2> -> org.hibernate.loader.plan.build.internal.spaces.EntityQuerySpaceImpl@49e4c2d5]
12:48:24.026 [main] DEBUG o.h.p.w.spi.MetamodelGraphWalker - Visiting attribute path : tickets
12:48:24.026 [main] DEBUG o.h.l.p.b.i.spaces.QuerySpacesImpl - Adding QuerySpace : uid = <gen:3> -> org.hibernate.loader.plan.build.internal.spaces.CollectionQuerySpaceImpl@3c66b7d8]
12:48:24.026 [main] DEBUG o.h.l.p.b.i.spaces.QuerySpacesImpl - Adding QuerySpace : uid = <gen:4> -> org.hibernate.loader.plan.build.internal.spaces.EntityQuerySpaceImpl@37e69c43]
12:48:24.026 [main] DEBUG o.h.p.w.spi.MetamodelGraphWalker - Visiting attribute path : people
12:48:24.026 [main] DEBUG o.h.l.p.b.i.spaces.QuerySpacesImpl - Adding QuerySpace : uid = <gen:5> -> org.hibernate.loader.plan.build.internal.spaces.CollectionQuerySpaceImpl@5c7dfc05]
12:48:24.026 [main] DEBUG o.h.l.p.b.i.spaces.QuerySpacesImpl - Adding QuerySpace : uid = <gen:6> -> org.hibernate.loader.plan.build.internal.spaces.EntityQuerySpaceImpl@345d053b]
12:48:24.026 [main] DEBUG o.h.p.w.spi.MetamodelGraphWalker - Visiting attribute path : isWorking
12:48:24.026 [main] DEBUG o.h.l.p.b.i.FetchStyleLoadPlanBuildingAssociationVisitationStrategy - Building LoadPlan...
12:48:24.030 [main] DEBUG o.h.l.p.e.i.LoadQueryJoinAndFetchProcessor - processing queryspace <gen:0>
12:48:24.034 [main] DEBUG o.h.l.p.b.spi.LoadPlanTreePrinter - LoadPlan(entity=Abstract.TicketSeller)
    - Returns
       - EntityReturnImpl(entity=Abstract.TicketSeller, querySpaceUid=<gen:0>, path=Abstract.TicketSeller)
          - CollectionAttributeFetchImpl(collection=Abstract.TicketSeller.passes, querySpaceUid=<gen:1>, path=Abstract.TicketSeller.passes)
             - (collection element) CollectionFetchableElementEntityGraph(entity=Classes.Pass, querySpaceUid=<gen:2>, path=Abstract.TicketSeller.passes.<elements>)
          - CollectionAttributeFetchImpl(collection=Abstract.TicketSeller.tickets, querySpaceUid=<gen:3>, path=Abstract.TicketSeller.tickets)
             - (collection element) CollectionFetchableElementEntityGraph(entity=Classes.Ticket, querySpaceUid=<gen:4>, path=Abstract.TicketSeller.tickets.<elements>)
          - CollectionAttributeFetchImpl(collection=Classes.Shop.people, querySpaceUid=<gen:5>, path=Abstract.TicketSeller.people)
             - (collection element) CollectionFetchableElementEntityGraph(entity=Classes.Person, querySpaceUid=<gen:6>, path=Abstract.TicketSeller.people.<elements>)
    - QuerySpaces
       - EntityQuerySpaceImpl(uid=<gen:0>, entity=Abstract.TicketSeller)
          - SQL table alias mapping - ticketsell0_
          - alias suffix - 0_
          - suffixed key columns - {id2_3_0_}

12:48:24.035 [main] DEBUG o.h.loader.entity.plan.EntityLoader - Static select for entity Abstract.TicketSeller [NONE]: select ticketsell0_.id as id2_3_0_, ticketsell0_.seller_name as seller_n3_3_0_, ticketsell0_.isWorking as isworkin4_3_0_, ticketsell0_.type as type1_3_0_ from TicketSeller ticketsell0_ where ticketsell0_.id=?
12:48:24.035 [main] DEBUG o.h.p.entity.AbstractEntityPersister - Static SQL for entity: Classes.Card
12:48:24.035 [main] DEBUG o.h.p.entity.AbstractEntityPersister -  Version select: select id from Card where id =?
12:48:24.035 [main] DEBUG o.h.p.entity.AbstractEntityPersister -  Snapshot select: select card_.id, card_.emissionDate as emission2_0_, card_.expirationDate as expirati3_0_ from Card card_ where card_.id=?
12:48:24.035 [main] DEBUG o.h.p.entity.AbstractEntityPersister -  Insert 0: insert into Card (emissionDate, expirationDate, id) values (?, ?, ?)
12:48:24.036 [main] DEBUG o.h.p.entity.AbstractEntityPersister -  Update 0: update Card set emissionDate=?, expirationDate=? where id=?
12:48:24.036 [main] DEBUG o.h.p.entity.AbstractEntityPersister -  Delete 0: delete from Card where id=?
12:48:24.036 [main] DEBUG o.h.p.entity.AbstractEntityPersister -  Identity insert: insert into Card (emissionDate, expirationDate) values (?, ?)
12:48:24.036 [main] DEBUG o.h.l.p.b.i.spaces.QuerySpacesImpl - Adding QuerySpace : uid = <gen:0> -> org.hibernate.loader.plan.build.internal.spaces.EntityQuerySpaceImpl@7da34b26]
12:48:24.036 [main] DEBUG o.h.p.w.spi.MetamodelGraphWalker - Visiting attribute path : emissionDate
12:48:24.036 [main] DEBUG o.h.p.w.spi.MetamodelGraphWalker - Visiting attribute path : expirationDate
12:48:24.036 [main] DEBUG o.h.p.w.spi.MetamodelGraphWalker - Visiting attribute path : person
12:48:24.036 [main] DEBUG o.h.l.p.b.i.spaces.QuerySpacesImpl - Adding QuerySpace : uid = <gen:1> -> org.hibernate.loader.plan.build.internal.spaces.EntityQuerySpaceImpl@3b2553d9]
12:48:24.036 [main] DEBUG o.h.p.w.spi.MetamodelGraphWalker - Visiting attribute path : person.birthdate
12:48:24.037 [main] DEBUG o.h.p.w.spi.MetamodelGraphWalker - Visiting attribute path : person.cardNum
12:48:24.037 [main] DEBUG o.h.p.w.spi.MetamodelGraphWalker - Property path deemed to be circular : person.cardNum
12:48:24.037 [main] DEBUG o.h.p.w.spi.MetamodelGraphWalker - Visiting attribute path : person.firstName
12:48:24.037 [main] DEBUG o.h.p.w.spi.MetamodelGraphWalker - Visiting attribute path : person.lastName
12:48:24.037 [main] DEBUG o.h.l.p.b.i.FetchStyleLoadPlanBuildingAssociationVisitationStrategy - Building LoadPlan...
12:48:24.037 [main] DEBUG o.h.l.p.e.i.LoadQueryJoinAndFetchProcessor - processing queryspace <gen:0>
12:48:24.038 [main] DEBUG o.h.l.p.b.spi.LoadPlanTreePrinter - LoadPlan(entity=Classes.Card)
    - Returns
       - EntityReturnImpl(entity=Classes.Card, querySpaceUid=<gen:0>, path=Classes.Card)
          - EntityAttributeFetchImpl(entity=Classes.Person, querySpaceUid=<gen:1>, path=Classes.Card.person)
    - QuerySpaces
       - EntityQuerySpaceImpl(uid=<gen:0>, entity=Classes.Card)
          - SQL table alias mapping - card0_
          - alias suffix - 0_
          - suffixed key columns - {id1_0_0_}
          - JOIN (JoinDefinedByMetadata(person)) : <gen:0> -> <gen:1>
             - EntityQuerySpaceImpl(uid=<gen:1>, entity=Classes.Person)
                - SQL table alias mapping - person1_
                - alias suffix - 1_
                - suffixed key columns - {id1_1_1_}

12:48:24.038 [main] DEBUG o.h.loader.entity.plan.EntityLoader - Static select for entity Classes.Card [NONE]: select card0_.id as id1_0_0_, card0_.emissionDate as emission2_0_0_, card0_.expirationDate as expirati3_0_0_, person1_.id as id1_1_1_, person1_.birthdate as birthdat2_1_1_, person1_.cardNum_id as cardnum_5_1_1_, person1_.firstName as firstnam3_1_1_, person1_.lastName as lastname4_1_1_ from Card card0_ left outer join Person person1_ on card0_.id=person1_.cardNum_id where card0_.id=?
12:48:24.038 [main] DEBUG o.h.p.entity.AbstractEntityPersister - Static SQL for entity: Classes.Person
12:48:24.038 [main] DEBUG o.h.p.entity.AbstractEntityPersister -  Version select: select id from Person where id =?
12:48:24.038 [main] DEBUG o.h.p.entity.AbstractEntityPersister -  Snapshot select: select person_.id, person_.birthdate as birthdat2_1_, person_.cardNum_id as cardnum_5_1_, person_.firstName as firstnam3_1_, person_.lastName as lastname4_1_ from Person person_ where person_.id=?
12:48:24.038 [main] DEBUG o.h.p.entity.AbstractEntityPersister -  Insert 0: insert into Person (birthdate, cardNum_id, firstName, lastName, id) values (?, ?, ?, ?, ?)
12:48:24.038 [main] DEBUG o.h.p.entity.AbstractEntityPersister -  Update 0: update Person set birthdate=?, cardNum_id=?, firstName=?, lastName=? where id=?
12:48:24.038 [main] DEBUG o.h.p.entity.AbstractEntityPersister -  Delete 0: delete from Person where id=?
12:48:24.038 [main] DEBUG o.h.p.entity.AbstractEntityPersister -  Identity insert: insert into Person (birthdate, cardNum_id, firstName, lastName) values (?, ?, ?, ?)
12:48:24.038 [main] DEBUG o.h.l.p.b.i.spaces.QuerySpacesImpl - Adding QuerySpace : uid = <gen:0> -> org.hibernate.loader.plan.build.internal.spaces.EntityQuerySpaceImpl@4da39ca9]
12:48:24.038 [main] DEBUG o.h.p.w.spi.MetamodelGraphWalker - Visiting attribute path : birthdate
12:48:24.038 [main] DEBUG o.h.p.w.spi.MetamodelGraphWalker - Visiting attribute path : cardNum
12:48:24.038 [main] DEBUG o.h.l.p.b.i.spaces.QuerySpacesImpl - Adding QuerySpace : uid = <gen:1> -> org.hibernate.loader.plan.build.internal.spaces.EntityQuerySpaceImpl@5584d9c6]
12:48:24.038 [main] DEBUG o.h.p.w.spi.MetamodelGraphWalker - Visiting attribute path : cardNum.emissionDate
12:48:24.038 [main] DEBUG o.h.p.w.spi.MetamodelGraphWalker - Visiting attribute path : cardNum.expirationDate
12:48:24.038 [main] DEBUG o.h.p.w.spi.MetamodelGraphWalker - Visiting attribute path : cardNum.person
12:48:24.038 [main] DEBUG o.h.p.w.spi.MetamodelGraphWalker - Property path deemed to be circular : cardNum.person
12:48:24.038 [main] DEBUG o.h.p.w.spi.MetamodelGraphWalker - Visiting attribute path : firstName
12:48:24.038 [main] DEBUG o.h.p.w.spi.MetamodelGraphWalker - Visiting attribute path : lastName
12:48:24.038 [main] DEBUG o.h.l.p.b.i.FetchStyleLoadPlanBuildingAssociationVisitationStrategy - Building LoadPlan...
12:48:24.038 [main] DEBUG o.h.l.p.e.i.LoadQueryJoinAndFetchProcessor - processing queryspace <gen:0>
12:48:24.039 [main] DEBUG o.h.l.p.b.spi.LoadPlanTreePrinter - LoadPlan(entity=Classes.Person)
    - Returns
       - EntityReturnImpl(entity=Classes.Person, querySpaceUid=<gen:0>, path=Classes.Person)
          - EntityAttributeFetchImpl(entity=Classes.Card, querySpaceUid=<gen:1>, path=Classes.Person.cardNum)
    - QuerySpaces
       - EntityQuerySpaceImpl(uid=<gen:0>, entity=Classes.Person)
          - SQL table alias mapping - person0_
          - alias suffix - 0_
          - suffixed key columns - {id1_1_0_}
          - JOIN (JoinDefinedByMetadata(cardNum)) : <gen:0> -> <gen:1>
             - EntityQuerySpaceImpl(uid=<gen:1>, entity=Classes.Card)
                - SQL table alias mapping - card1_
                - alias suffix - 1_
                - suffixed key columns - {id1_0_1_}

12:48:24.039 [main] DEBUG o.h.loader.entity.plan.EntityLoader - Static select for entity Classes.Person [NONE]: select person0_.id as id1_1_0_, person0_.birthdate as birthdat2_1_0_, person0_.cardNum_id as cardnum_5_1_0_, person0_.firstName as firstnam3_1_0_, person0_.lastName as lastname4_1_0_, card1_.id as id1_0_1_, card1_.emissionDate as emission2_0_1_, card1_.expirationDate as expirati3_0_1_ from Person person0_ left outer join Card card1_ on person0_.cardNum_id=card1_.id where person0_.id=?
12:48:24.042 [main] DEBUG org.hibernate.loader.Loader - Static select for entity Classes.Person [NONE]: select person0_.id as id1_1_1_, person0_.birthdate as birthdat2_1_1_, person0_.cardNum_id as cardnum_5_1_1_, person0_.firstName as firstnam3_1_1_, person0_.lastName as lastname4_1_1_, card1_.id as id1_0_0_, card1_.emissionDate as emission2_0_0_, card1_.expirationDate as expirati3_0_0_ from Person person0_ left outer join Card card1_ on person0_.cardNum_id=card1_.id where person0_.cardNum_id=?
12:48:24.042 [main] DEBUG o.h.p.entity.AbstractEntityPersister - Static SQL for entity: Classes.Pass
12:48:24.042 [main] DEBUG o.h.p.entity.AbstractEntityPersister -  Version select: select id from Ticket where id =?
12:48:24.042 [main] DEBUG o.h.p.entity.AbstractEntityPersister -  Snapshot select: select pass_.id, pass_.seller_id as seller_i4_2_, pass_.person_id as person_i5_2_, pass_.sellers_id as sellers_6_2_, pass_.validity as validity3_2_ from Ticket pass_ where pass_.id=?
12:48:24.042 [main] DEBUG o.h.p.entity.AbstractEntityPersister -  Insert 0: insert into Ticket (seller_id, person_id, sellers_id, validity, DTYPE, id) values (?, ?, ?, ?, 'Pass', ?)
12:48:24.042 [main] DEBUG o.h.p.entity.AbstractEntityPersister -  Update 0: update Ticket set seller_id=?, person_id=?, sellers_id=?, validity=? where id=?
12:48:24.042 [main] DEBUG o.h.p.entity.AbstractEntityPersister -  Delete 0: delete from Ticket where id=?
12:48:24.042 [main] DEBUG o.h.p.entity.AbstractEntityPersister -  Identity insert: insert into Ticket (seller_id, person_id, sellers_id, validity, DTYPE) values (?, ?, ?, ?, 'Pass')
12:48:24.042 [main] DEBUG o.h.l.p.b.i.spaces.QuerySpacesImpl - Adding QuerySpace : uid = <gen:0> -> org.hibernate.loader.plan.build.internal.spaces.EntityQuerySpaceImpl@1c3259fa]
12:48:24.042 [main] DEBUG o.h.p.w.spi.MetamodelGraphWalker - Visiting attribute path : seller
12:48:24.042 [main] DEBUG o.h.l.p.b.i.spaces.QuerySpacesImpl - Adding QuerySpace : uid = <gen:1> -> org.hibernate.loader.plan.build.internal.spaces.EntityQuerySpaceImpl@6807a356]
12:48:24.042 [main] DEBUG o.h.p.w.spi.MetamodelGraphWalker - Visiting attribute path : seller.name
12:48:24.042 [main] DEBUG o.h.p.w.spi.MetamodelGraphWalker - Visiting attribute path : seller.passes
12:48:24.042 [main] DEBUG o.h.l.p.b.i.spaces.QuerySpacesImpl - Adding QuerySpace : uid = <gen:2> -> org.hibernate.loader.plan.build.internal.spaces.CollectionQuerySpaceImpl@73aeef7d]
12:48:24.042 [main] DEBUG o.h.l.p.b.i.spaces.QuerySpacesImpl - Adding QuerySpace : uid = <gen:3> -> org.hibernate.loader.plan.build.internal.spaces.EntityQuerySpaceImpl@d675f9f]
12:48:24.042 [main] DEBUG o.h.p.w.spi.MetamodelGraphWalker - Visiting attribute path : seller.tickets
12:48:24.042 [main] DEBUG o.h.l.p.b.i.spaces.QuerySpacesImpl - Adding QuerySpace : uid = <gen:4> -> org.hibernate.loader.plan.build.internal.spaces.CollectionQuerySpaceImpl@58af5076]
12:48:24.042 [main] DEBUG o.h.l.p.b.i.spaces.QuerySpacesImpl - Adding QuerySpace : uid = <gen:5> -> org.hibernate.loader.plan.build.internal.spaces.EntityQuerySpaceImpl@49469ffa]
12:48:24.044 [main] DEBUG o.h.p.w.spi.MetamodelGraphWalker - Visiting attribute path : seller.people
12:48:24.044 [main] DEBUG o.h.l.p.b.i.spaces.QuerySpacesImpl - Adding QuerySpace : uid = <gen:6> -> org.hibernate.loader.plan.build.internal.spaces.CollectionQuerySpaceImpl@4d9754a8]
12:48:24.044 [main] DEBUG o.h.l.p.b.i.spaces.QuerySpacesImpl - Adding QuerySpace : uid = <gen:7> -> org.hibernate.loader.plan.build.internal.spaces.EntityQuerySpaceImpl@7a3b7122]
12:48:24.044 [main] DEBUG o.h.p.w.spi.MetamodelGraphWalker - Visiting attribute path : seller.isWorking
12:48:24.044 [main] DEBUG o.h.p.w.spi.MetamodelGraphWalker - Visiting attribute path : person
12:48:24.044 [main] DEBUG o.h.l.p.b.i.spaces.QuerySpacesImpl - Adding QuerySpace : uid = <gen:8> -> org.hibernate.loader.plan.build.internal.spaces.EntityQuerySpaceImpl@58b5a2f3]
12:48:24.044 [main] DEBUG o.h.p.w.spi.MetamodelGraphWalker - Visiting attribute path : person.birthdate
12:48:24.044 [main] DEBUG o.h.p.w.spi.MetamodelGraphWalker - Visiting attribute path : person.cardNum
12:48:24.044 [main] DEBUG o.h.l.p.b.i.spaces.QuerySpacesImpl - Adding QuerySpace : uid = <gen:9> -> org.hibernate.loader.plan.build.internal.spaces.EntityQuerySpaceImpl@52b46d52]
12:48:24.044 [main] DEBUG o.h.p.w.spi.MetamodelGraphWalker - Visiting attribute path : person.cardNum.emissionDate
12:48:24.044 [main] DEBUG o.h.p.w.spi.MetamodelGraphWalker - Visiting attribute path : person.cardNum.expirationDate
12:48:24.044 [main] DEBUG o.h.p.w.spi.MetamodelGraphWalker - Visiting attribute path : person.cardNum.person
12:48:24.044 [main] DEBUG o.h.p.w.spi.MetamodelGraphWalker - Property path deemed to be circular : person.cardNum.person
12:48:24.044 [main] DEBUG o.h.p.w.spi.MetamodelGraphWalker - Visiting attribute path : person.firstName
12:48:24.044 [main] DEBUG o.h.p.w.spi.MetamodelGraphWalker - Visiting attribute path : person.lastName
12:48:24.044 [main] DEBUG o.h.p.w.spi.MetamodelGraphWalker - Visiting attribute path : sellers
12:48:24.044 [main] DEBUG o.h.l.p.b.i.spaces.QuerySpacesImpl - Adding QuerySpace : uid = <gen:10> -> org.hibernate.loader.plan.build.internal.spaces.EntityQuerySpaceImpl@67022ea]
12:48:24.044 [main] DEBUG o.h.p.w.spi.MetamodelGraphWalker - Visiting attribute path : sellers.name
12:48:24.044 [main] DEBUG o.h.p.w.spi.MetamodelGraphWalker - Visiting attribute path : sellers.passes
12:48:24.044 [main] DEBUG o.h.l.p.b.i.spaces.QuerySpacesImpl - Adding QuerySpace : uid = <gen:11> -> org.hibernate.loader.plan.build.internal.spaces.CollectionQuerySpaceImpl@58fbd02e]
12:48:24.044 [main] DEBUG o.h.l.p.b.i.spaces.QuerySpacesImpl - Adding QuerySpace : uid = <gen:12> -> org.hibernate.loader.plan.build.internal.spaces.EntityQuerySpaceImpl@163042ea]
12:48:24.044 [main] DEBUG o.h.p.w.spi.MetamodelGraphWalker - Visiting attribute path : sellers.tickets
12:48:24.044 [main] DEBUG o.h.l.p.b.i.spaces.QuerySpacesImpl - Adding QuerySpace : uid = <gen:13> -> org.hibernate.loader.plan.build.internal.spaces.CollectionQuerySpaceImpl@11d045b4]
12:48:24.044 [main] DEBUG o.h.l.p.b.i.spaces.QuerySpacesImpl - Adding QuerySpace : uid = <gen:14> -> org.hibernate.loader.plan.build.internal.spaces.EntityQuerySpaceImpl@1fbf088b]
12:48:24.044 [main] DEBUG o.h.p.w.spi.MetamodelGraphWalker - Visiting attribute path : sellers.people
12:48:24.044 [main] DEBUG o.h.l.p.b.i.spaces.QuerySpacesImpl - Adding QuerySpace : uid = <gen:15> -> org.hibernate.loader.plan.build.internal.spaces.CollectionQuerySpaceImpl@1943c1f2]
12:48:24.044 [main] DEBUG o.h.l.p.b.i.spaces.QuerySpacesImpl - Adding QuerySpace : uid = <gen:16> -> org.hibernate.loader.plan.build.internal.spaces.EntityQuerySpaceImpl@d70f722]
12:48:24.044 [main] DEBUG o.h.p.w.spi.MetamodelGraphWalker - Visiting attribute path : sellers.isWorking
12:48:24.044 [main] DEBUG o.h.p.w.spi.MetamodelGraphWalker - Visiting attribute path : validity
12:48:24.044 [main] DEBUG o.h.l.p.b.i.FetchStyleLoadPlanBuildingAssociationVisitationStrategy - Building LoadPlan...
12:48:24.044 [main] DEBUG o.h.l.p.e.i.LoadQueryJoinAndFetchProcessor - processing queryspace <gen:0>
12:48:24.045 [main] DEBUG o.h.l.p.b.spi.LoadPlanTreePrinter - LoadPlan(entity=Classes.Pass)
    - Returns
       - EntityReturnImpl(entity=Classes.Pass, querySpaceUid=<gen:0>, path=Classes.Pass)
          - EntityAttributeFetchImpl(entity=Abstract.TicketSeller, querySpaceUid=<gen:1>, path=Classes.Pass.seller)
             - CollectionAttributeFetchImpl(collection=Abstract.TicketSeller.passes, querySpaceUid=<gen:2>, path=Classes.Pass.seller.passes)
                - (collection element) CollectionFetchableElementEntityGraph(entity=Classes.Pass, querySpaceUid=<gen:3>, path=Classes.Pass.seller.passes.<elements>)
             - CollectionAttributeFetchImpl(collection=Abstract.TicketSeller.tickets, querySpaceUid=<gen:4>, path=Classes.Pass.seller.tickets)
                - (collection element) CollectionFetchableElementEntityGraph(entity=Classes.Ticket, querySpaceUid=<gen:5>, path=Classes.Pass.seller.tickets.<elements>)
             - CollectionAttributeFetchImpl(collection=Classes.Shop.people, querySpaceUid=<gen:6>, path=Classes.Pass.seller.people)
                - (collection element) CollectionFetchableElementEntityGraph(entity=Classes.Person, querySpaceUid=<gen:7>, path=Classes.Pass.seller.people.<elements>)
          - EntityAttributeFetchImpl(entity=Classes.Person, querySpaceUid=<gen:8>, path=Classes.Pass.person)
             - EntityAttributeFetchImpl(entity=Classes.Card, querySpaceUid=<gen:9>, path=Classes.Pass.person.cardNum)
          - EntityAttributeFetchImpl(entity=Abstract.TicketSeller, querySpaceUid=<gen:10>, path=Classes.Pass.sellers)
             - CollectionAttributeFetchImpl(collection=Abstract.TicketSeller.passes, querySpaceUid=<gen:11>, path=Classes.Pass.sellers.passes)
                - (collection element) CollectionFetchableElementEntityGraph(entity=Classes.Pass, querySpaceUid=<gen:12>, path=Classes.Pass.sellers.passes.<elements>)
             - CollectionAttributeFetchImpl(collection=Abstract.TicketSeller.tickets, querySpaceUid=<gen:13>, path=Classes.Pass.sellers.tickets)
                - (collection element) CollectionFetchableElementEntityGraph(entity=Classes.Ticket, querySpaceUid=<gen:14>, path=Classes.Pass.sellers.tickets.<elements>)
             - CollectionAttributeFetchImpl(collection=Classes.Shop.people, querySpaceUid=<gen:15>, path=Classes.Pass.sellers.people)
                - (collection element) CollectionFetchableElementEntityGraph(entity=Classes.Person, querySpaceUid=<gen:16>, path=Classes.Pass.sellers.people.<elements>)
    - QuerySpaces
       - EntityQuerySpaceImpl(uid=<gen:0>, entity=Classes.Pass)
          - SQL table alias mapping - pass0_
          - alias suffix - 0_
          - suffixed key columns - {id2_2_0_}
          - JOIN (JoinDefinedByMetadata(seller)) : <gen:0> -> <gen:1>
             - EntityQuerySpaceImpl(uid=<gen:1>, entity=Abstract.TicketSeller)
                - SQL table alias mapping - ticketsell1_
                - alias suffix - 1_
                - suffixed key columns - {id2_3_1_}
          - JOIN (JoinDefinedByMetadata(person)) : <gen:0> -> <gen:8>
             - EntityQuerySpaceImpl(uid=<gen:8>, entity=Classes.Person)
                - SQL table alias mapping - person2_
                - alias suffix - 2_
                - suffixed key columns - {id1_1_2_}
                - JOIN (JoinDefinedByMetadata(cardNum)) : <gen:8> -> <gen:9>
                   - EntityQuerySpaceImpl(uid=<gen:9>, entity=Classes.Card)
                      - SQL table alias mapping - card3_
                      - alias suffix - 3_
                      - suffixed key columns - {id1_0_3_}
          - JOIN (JoinDefinedByMetadata(sellers)) : <gen:0> -> <gen:10>
             - EntityQuerySpaceImpl(uid=<gen:10>, entity=Abstract.TicketSeller)
                - SQL table alias mapping - ticketsell4_
                - alias suffix - 4_
                - suffixed key columns - {id2_3_4_}

12:48:24.045 [main] DEBUG o.h.loader.entity.plan.EntityLoader - Static select for entity Classes.Pass [NONE]: select pass0_.id as id2_2_0_, pass0_.seller_id as seller_i4_2_0_, pass0_.person_id as person_i5_2_0_, pass0_.sellers_id as sellers_6_2_0_, pass0_.validity as validity3_2_0_, ticketsell1_.id as id2_3_1_, ticketsell1_.seller_name as seller_n3_3_1_, ticketsell1_.isWorking as isworkin4_3_1_, ticketsell1_.type as type1_3_1_, person2_.id as id1_1_2_, person2_.birthdate as birthdat2_1_2_, person2_.cardNum_id as cardnum_5_1_2_, person2_.firstName as firstnam3_1_2_, person2_.lastName as lastname4_1_2_, card3_.id as id1_0_3_, card3_.emissionDate as emission2_0_3_, card3_.expirationDate as expirati3_0_3_, ticketsell4_.id as id2_3_4_, ticketsell4_.seller_name as seller_n3_3_4_, ticketsell4_.isWorking as isworkin4_3_4_, ticketsell4_.type as type1_3_4_ from Ticket pass0_ left outer join TicketSeller ticketsell1_ on pass0_.seller_id=ticketsell1_.id left outer join Person person2_ on pass0_.person_id=person2_.id left outer join Card card3_ on person2_.cardNum_id=card3_.id left outer join TicketSeller ticketsell4_ on pass0_.sellers_id=ticketsell4_.id where pass0_.id=? and pass0_.DTYPE='Pass'
12:48:24.045 [main] DEBUG o.h.p.entity.AbstractEntityPersister - Static SQL for entity: Classes.Shop
12:48:24.045 [main] DEBUG o.h.p.entity.AbstractEntityPersister -  Version select: select id from TicketSeller where id =?
12:48:24.045 [main] DEBUG o.h.p.entity.AbstractEntityPersister -  Snapshot select: select shop_.id, shop_.seller_name as seller_n3_3_ from TicketSeller shop_ where shop_.id=?
12:48:24.045 [main] DEBUG o.h.p.entity.AbstractEntityPersister -  Insert 0: insert into TicketSeller (seller_name, type, id) values (?, 'shop', ?)
12:48:24.045 [main] DEBUG o.h.p.entity.AbstractEntityPersister -  Update 0: update TicketSeller set seller_name=? where id=?
12:48:24.045 [main] DEBUG o.h.p.entity.AbstractEntityPersister -  Delete 0: delete from TicketSeller where id=?
12:48:24.045 [main] DEBUG o.h.l.p.b.i.spaces.QuerySpacesImpl - Adding QuerySpace : uid = <gen:0> -> org.hibernate.loader.plan.build.internal.spaces.EntityQuerySpaceImpl@1e1eeedd]
12:48:24.045 [main] DEBUG o.h.p.w.spi.MetamodelGraphWalker - Visiting attribute path : name
12:48:24.045 [main] DEBUG o.h.p.w.spi.MetamodelGraphWalker - Visiting attribute path : passes
12:48:24.045 [main] DEBUG o.h.l.p.b.i.spaces.QuerySpacesImpl - Adding QuerySpace : uid = <gen:1> -> org.hibernate.loader.plan.build.internal.spaces.CollectionQuerySpaceImpl@7ec95456]
12:48:24.045 [main] DEBUG o.h.l.p.b.i.spaces.QuerySpacesImpl - Adding QuerySpace : uid = <gen:2> -> org.hibernate.loader.plan.build.internal.spaces.EntityQuerySpaceImpl@748a654a]
12:48:24.045 [main] DEBUG o.h.p.w.spi.MetamodelGraphWalker - Visiting attribute path : tickets
12:48:24.045 [main] DEBUG o.h.l.p.b.i.spaces.QuerySpacesImpl - Adding QuerySpace : uid = <gen:3> -> org.hibernate.loader.plan.build.internal.spaces.CollectionQuerySpaceImpl@1d8b0500]
12:48:24.046 [main] DEBUG o.h.l.p.b.i.spaces.QuerySpacesImpl - Adding QuerySpace : uid = <gen:4> -> org.hibernate.loader.plan.build.internal.spaces.EntityQuerySpaceImpl@76544c0a]
12:48:24.046 [main] DEBUG o.h.p.w.spi.MetamodelGraphWalker - Visiting attribute path : people
12:48:24.046 [main] DEBUG o.h.l.p.b.i.spaces.QuerySpacesImpl - Adding QuerySpace : uid = <gen:5> -> org.hibernate.loader.plan.build.internal.spaces.CollectionQuerySpaceImpl@428bdd72]
12:48:24.046 [main] DEBUG o.h.l.p.b.i.spaces.QuerySpacesImpl - Adding QuerySpace : uid = <gen:6> -> org.hibernate.loader.plan.build.internal.spaces.EntityQuerySpaceImpl@650c405c]
12:48:24.046 [main] DEBUG o.h.l.p.b.i.FetchStyleLoadPlanBuildingAssociationVisitationStrategy - Building LoadPlan...
12:48:24.046 [main] DEBUG o.h.l.p.e.i.LoadQueryJoinAndFetchProcessor - processing queryspace <gen:0>
12:48:24.046 [main] DEBUG o.h.l.p.b.spi.LoadPlanTreePrinter - LoadPlan(entity=Classes.Shop)
    - Returns
       - EntityReturnImpl(entity=Classes.Shop, querySpaceUid=<gen:0>, path=Classes.Shop)
          - CollectionAttributeFetchImpl(collection=Abstract.TicketSeller.passes, querySpaceUid=<gen:1>, path=Classes.Shop.passes)
             - (collection element) CollectionFetchableElementEntityGraph(entity=Classes.Pass, querySpaceUid=<gen:2>, path=Classes.Shop.passes.<elements>)
          - CollectionAttributeFetchImpl(collection=Abstract.TicketSeller.tickets, querySpaceUid=<gen:3>, path=Classes.Shop.tickets)
             - (collection element) CollectionFetchableElementEntityGraph(entity=Classes.Ticket, querySpaceUid=<gen:4>, path=Classes.Shop.tickets.<elements>)
          - CollectionAttributeFetchImpl(collection=Classes.Shop.people, querySpaceUid=<gen:5>, path=Classes.Shop.people)
             - (collection element) CollectionFetchableElementEntityGraph(entity=Classes.Person, querySpaceUid=<gen:6>, path=Classes.Shop.people.<elements>)
    - QuerySpaces
       - EntityQuerySpaceImpl(uid=<gen:0>, entity=Classes.Shop)
          - SQL table alias mapping - shop0_
          - alias suffix - 0_
          - suffixed key columns - {id2_3_0_}

12:48:24.046 [main] DEBUG o.h.loader.entity.plan.EntityLoader - Static select for entity Classes.Shop [NONE]: select shop0_.id as id2_3_0_, shop0_.seller_name as seller_n3_3_0_ from TicketSeller shop0_ where shop0_.id=? and shop0_.type='shop'
12:48:24.046 [main] DEBUG o.h.p.entity.AbstractEntityPersister - Static SQL for entity: Classes.Ticket
12:48:24.046 [main] DEBUG o.h.p.entity.AbstractEntityPersister -  Version select: select id from Ticket where id =?
12:48:24.046 [main] DEBUG o.h.p.entity.AbstractEntityPersister -  Snapshot select: select ticket_.id, ticket_.seller_id as seller_i4_2_ from Ticket ticket_ where ticket_.id=?
12:48:24.046 [main] DEBUG o.h.p.entity.AbstractEntityPersister -  Insert 0: insert into Ticket (seller_id, DTYPE, id) values (?, 'Ticket', ?)
12:48:24.046 [main] DEBUG o.h.p.entity.AbstractEntityPersister -  Update 0: update Ticket set seller_id=? where id=?
12:48:24.046 [main] DEBUG o.h.p.entity.AbstractEntityPersister -  Delete 0: delete from Ticket where id=?
12:48:24.046 [main] DEBUG o.h.p.entity.AbstractEntityPersister -  Identity insert: insert into Ticket (seller_id, DTYPE) values (?, 'Ticket')
12:48:24.046 [main] DEBUG o.h.l.p.b.i.spaces.QuerySpacesImpl - Adding QuerySpace : uid = <gen:0> -> org.hibernate.loader.plan.build.internal.spaces.EntityQuerySpaceImpl@20eaeaf8]
12:48:24.046 [main] DEBUG o.h.p.w.spi.MetamodelGraphWalker - Visiting attribute path : seller
12:48:24.046 [main] DEBUG o.h.l.p.b.i.spaces.QuerySpacesImpl - Adding QuerySpace : uid = <gen:1> -> org.hibernate.loader.plan.build.internal.spaces.EntityQuerySpaceImpl@68f6e55d]
12:48:24.046 [main] DEBUG o.h.p.w.spi.MetamodelGraphWalker - Visiting attribute path : seller.name
12:48:24.046 [main] DEBUG o.h.p.w.spi.MetamodelGraphWalker - Visiting attribute path : seller.passes
12:48:24.046 [main] DEBUG o.h.l.p.b.i.spaces.QuerySpacesImpl - Adding QuerySpace : uid = <gen:2> -> org.hibernate.loader.plan.build.internal.spaces.CollectionQuerySpaceImpl@1835dc92]
12:48:24.047 [main] DEBUG o.h.l.p.b.i.spaces.QuerySpacesImpl - Adding QuerySpace : uid = <gen:3> -> org.hibernate.loader.plan.build.internal.spaces.EntityQuerySpaceImpl@3aaa3c39]
12:48:24.047 [main] DEBUG o.h.p.w.spi.MetamodelGraphWalker - Visiting attribute path : seller.tickets
12:48:24.047 [main] DEBUG o.h.l.p.b.i.spaces.QuerySpacesImpl - Adding QuerySpace : uid = <gen:4> -> org.hibernate.loader.plan.build.internal.spaces.CollectionQuerySpaceImpl@65a9ea3c]
12:48:24.047 [main] DEBUG o.h.l.p.b.i.spaces.QuerySpacesImpl - Adding QuerySpace : uid = <gen:5> -> org.hibernate.loader.plan.build.internal.spaces.EntityQuerySpaceImpl@70f68288]
12:48:24.047 [main] DEBUG o.h.p.w.spi.MetamodelGraphWalker - Visiting attribute path : seller.people
12:48:24.047 [main] DEBUG o.h.l.p.b.i.spaces.QuerySpacesImpl - Adding QuerySpace : uid = <gen:6> -> org.hibernate.loader.plan.build.internal.spaces.CollectionQuerySpaceImpl@46911148]
12:48:24.047 [main] DEBUG o.h.l.p.b.i.spaces.QuerySpacesImpl - Adding QuerySpace : uid = <gen:7> -> org.hibernate.loader.plan.build.internal.spaces.EntityQuerySpaceImpl@2db1b657]
12:48:24.047 [main] DEBUG o.h.p.w.spi.MetamodelGraphWalker - Visiting attribute path : seller.isWorking
12:48:24.047 [main] DEBUG o.h.p.w.spi.MetamodelGraphWalker - Visiting attribute path : person
12:48:24.047 [main] DEBUG o.h.l.p.b.i.spaces.QuerySpacesImpl - Adding QuerySpace : uid = <gen:8> -> org.hibernate.loader.plan.build.internal.spaces.EntityQuerySpaceImpl@7e351d7]
12:48:24.047 [main] DEBUG o.h.p.w.spi.MetamodelGraphWalker - Visiting attribute path : person.birthdate
12:48:24.047 [main] DEBUG o.h.p.w.spi.MetamodelGraphWalker - Visiting attribute path : person.cardNum
12:48:24.047 [main] DEBUG o.h.l.p.b.i.spaces.QuerySpacesImpl - Adding QuerySpace : uid = <gen:9> -> org.hibernate.loader.plan.build.internal.spaces.EntityQuerySpaceImpl@d902300]
12:48:24.047 [main] DEBUG o.h.p.w.spi.MetamodelGraphWalker - Visiting attribute path : person.cardNum.emissionDate
12:48:24.047 [main] DEBUG o.h.p.w.spi.MetamodelGraphWalker - Visiting attribute path : person.cardNum.expirationDate
12:48:24.047 [main] DEBUG o.h.p.w.spi.MetamodelGraphWalker - Visiting attribute path : person.cardNum.person
12:48:24.047 [main] DEBUG o.h.p.w.spi.MetamodelGraphWalker - Property path deemed to be circular : person.cardNum.person
12:48:24.047 [main] DEBUG o.h.p.w.spi.MetamodelGraphWalker - Visiting attribute path : person.firstName
12:48:24.047 [main] DEBUG o.h.p.w.spi.MetamodelGraphWalker - Visiting attribute path : person.lastName
12:48:24.047 [main] DEBUG o.h.p.w.spi.MetamodelGraphWalker - Visiting attribute path : sellers
12:48:24.047 [main] DEBUG o.h.l.p.b.i.spaces.QuerySpacesImpl - Adding QuerySpace : uid = <gen:10> -> org.hibernate.loader.plan.build.internal.spaces.EntityQuerySpaceImpl@30c3ae63]
12:48:24.047 [main] DEBUG o.h.p.w.spi.MetamodelGraphWalker - Visiting attribute path : sellers.name
12:48:24.047 [main] DEBUG o.h.p.w.spi.MetamodelGraphWalker - Visiting attribute path : sellers.passes
12:48:24.047 [main] DEBUG o.h.l.p.b.i.spaces.QuerySpacesImpl - Adding QuerySpace : uid = <gen:11> -> org.hibernate.loader.plan.build.internal.spaces.CollectionQuerySpaceImpl@54e12f4c]
12:48:24.047 [main] DEBUG o.h.l.p.b.i.spaces.QuerySpacesImpl - Adding QuerySpace : uid = <gen:12> -> org.hibernate.loader.plan.build.internal.spaces.EntityQuerySpaceImpl@60990e5c]
12:48:24.047 [main] DEBUG o.h.p.w.spi.MetamodelGraphWalker - Visiting attribute path : sellers.tickets
12:48:24.047 [main] DEBUG o.h.l.p.b.i.spaces.QuerySpacesImpl - Adding QuerySpace : uid = <gen:13> -> org.hibernate.loader.plan.build.internal.spaces.CollectionQuerySpaceImpl@4d84049a]
12:48:24.047 [main] DEBUG o.h.l.p.b.i.spaces.QuerySpacesImpl - Adding QuerySpace : uid = <gen:14> -> org.hibernate.loader.plan.build.internal.spaces.EntityQuerySpaceImpl@39ee94de]
12:48:24.047 [main] DEBUG o.h.p.w.spi.MetamodelGraphWalker - Visiting attribute path : sellers.people
12:48:24.047 [main] DEBUG o.h.l.p.b.i.spaces.QuerySpacesImpl - Adding QuerySpace : uid = <gen:15> -> org.hibernate.loader.plan.build.internal.spaces.CollectionQuerySpaceImpl@642857e0]
12:48:24.047 [main] DEBUG o.h.l.p.b.i.spaces.QuerySpacesImpl - Adding QuerySpace : uid = <gen:16> -> org.hibernate.loader.plan.build.internal.spaces.EntityQuerySpaceImpl@4c6b4ed7]
12:48:24.047 [main] DEBUG o.h.p.w.spi.MetamodelGraphWalker - Visiting attribute path : sellers.isWorking
12:48:24.047 [main] DEBUG o.h.p.w.spi.MetamodelGraphWalker - Visiting attribute path : validity
12:48:24.047 [main] DEBUG o.h.l.p.b.i.FetchStyleLoadPlanBuildingAssociationVisitationStrategy - Building LoadPlan...
12:48:24.047 [main] DEBUG o.h.l.p.e.i.LoadQueryJoinAndFetchProcessor - processing queryspace <gen:0>
12:48:24.048 [main] DEBUG o.h.l.p.b.spi.LoadPlanTreePrinter - LoadPlan(entity=Classes.Ticket)
    - Returns
       - EntityReturnImpl(entity=Classes.Ticket, querySpaceUid=<gen:0>, path=Classes.Ticket)
          - EntityAttributeFetchImpl(entity=Abstract.TicketSeller, querySpaceUid=<gen:1>, path=Classes.Ticket.seller)
             - CollectionAttributeFetchImpl(collection=Abstract.TicketSeller.passes, querySpaceUid=<gen:2>, path=Classes.Ticket.seller.passes)
                - (collection element) CollectionFetchableElementEntityGraph(entity=Classes.Pass, querySpaceUid=<gen:3>, path=Classes.Ticket.seller.passes.<elements>)
             - CollectionAttributeFetchImpl(collection=Abstract.TicketSeller.tickets, querySpaceUid=<gen:4>, path=Classes.Ticket.seller.tickets)
                - (collection element) CollectionFetchableElementEntityGraph(entity=Classes.Ticket, querySpaceUid=<gen:5>, path=Classes.Ticket.seller.tickets.<elements>)
             - CollectionAttributeFetchImpl(collection=Classes.Shop.people, querySpaceUid=<gen:6>, path=Classes.Ticket.seller.people)
                - (collection element) CollectionFetchableElementEntityGraph(entity=Classes.Person, querySpaceUid=<gen:7>, path=Classes.Ticket.seller.people.<elements>)
          - EntityAttributeFetchImpl(entity=Classes.Person, querySpaceUid=<gen:8>, path=Classes.Ticket.person)
             - EntityAttributeFetchImpl(entity=Classes.Card, querySpaceUid=<gen:9>, path=Classes.Ticket.person.cardNum)
          - EntityAttributeFetchImpl(entity=Abstract.TicketSeller, querySpaceUid=<gen:10>, path=Classes.Ticket.sellers)
             - CollectionAttributeFetchImpl(collection=Abstract.TicketSeller.passes, querySpaceUid=<gen:11>, path=Classes.Ticket.sellers.passes)
                - (collection element) CollectionFetchableElementEntityGraph(entity=Classes.Pass, querySpaceUid=<gen:12>, path=Classes.Ticket.sellers.passes.<elements>)
             - CollectionAttributeFetchImpl(collection=Abstract.TicketSeller.tickets, querySpaceUid=<gen:13>, path=Classes.Ticket.sellers.tickets)
                - (collection element) CollectionFetchableElementEntityGraph(entity=Classes.Ticket, querySpaceUid=<gen:14>, path=Classes.Ticket.sellers.tickets.<elements>)
             - CollectionAttributeFetchImpl(collection=Classes.Shop.people, querySpaceUid=<gen:15>, path=Classes.Ticket.sellers.people)
                - (collection element) CollectionFetchableElementEntityGraph(entity=Classes.Person, querySpaceUid=<gen:16>, path=Classes.Ticket.sellers.people.<elements>)
    - QuerySpaces
       - EntityQuerySpaceImpl(uid=<gen:0>, entity=Classes.Ticket)
          - SQL table alias mapping - ticket0_
          - alias suffix - 0_
          - suffixed key columns - {id2_2_0_}
          - JOIN (JoinDefinedByMetadata(seller)) : <gen:0> -> <gen:1>
             - EntityQuerySpaceImpl(uid=<gen:1>, entity=Abstract.TicketSeller)
                - SQL table alias mapping - ticketsell1_
                - alias suffix - 1_
                - suffixed key columns - {id2_3_1_}
          - JOIN (JoinDefinedByMetadata(person)) : <gen:0> -> <gen:8>
             - EntityQuerySpaceImpl(uid=<gen:8>, entity=Classes.Person)
                - SQL table alias mapping - person2_
                - alias suffix - 2_
                - suffixed key columns - {id1_1_2_}
                - JOIN (JoinDefinedByMetadata(cardNum)) : <gen:8> -> <gen:9>
                   - EntityQuerySpaceImpl(uid=<gen:9>, entity=Classes.Card)
                      - SQL table alias mapping - card3_
                      - alias suffix - 3_
                      - suffixed key columns - {id1_0_3_}
          - JOIN (JoinDefinedByMetadata(sellers)) : <gen:0> -> <gen:10>
             - EntityQuerySpaceImpl(uid=<gen:10>, entity=Abstract.TicketSeller)
                - SQL table alias mapping - ticketsell4_
                - alias suffix - 4_
                - suffixed key columns - {id2_3_4_}

12:48:24.048 [main] DEBUG o.h.loader.entity.plan.EntityLoader - Static select for entity Classes.Ticket [NONE]: select ticket0_.id as id2_2_0_, ticket0_.seller_id as seller_i4_2_0_, ticket0_.person_id as person_i5_2_0_, ticket0_.sellers_id as sellers_6_2_0_, ticket0_.validity as validity3_2_0_, ticket0_.DTYPE as dtype1_2_0_, ticketsell1_.id as id2_3_1_, ticketsell1_.seller_name as seller_n3_3_1_, ticketsell1_.isWorking as isworkin4_3_1_, ticketsell1_.type as type1_3_1_, person2_.id as id1_1_2_, person2_.birthdate as birthdat2_1_2_, person2_.cardNum_id as cardnum_5_1_2_, person2_.firstName as firstnam3_1_2_, person2_.lastName as lastname4_1_2_, card3_.id as id1_0_3_, card3_.emissionDate as emission2_0_3_, card3_.expirationDate as expirati3_0_3_, ticketsell4_.id as id2_3_4_, ticketsell4_.seller_name as seller_n3_3_4_, ticketsell4_.isWorking as isworkin4_3_4_, ticketsell4_.type as type1_3_4_ from Ticket ticket0_ left outer join TicketSeller ticketsell1_ on ticket0_.seller_id=ticketsell1_.id left outer join Person person2_ on ticket0_.person_id=person2_.id left outer join Card card3_ on person2_.cardNum_id=card3_.id left outer join TicketSeller ticketsell4_ on ticket0_.sellers_id=ticketsell4_.id where ticket0_.id=?
12:48:24.048 [main] DEBUG o.h.p.entity.AbstractEntityPersister - Static SQL for entity: Classes.VendingMachine
12:48:24.048 [main] DEBUG o.h.p.entity.AbstractEntityPersister -  Version select: select id from TicketSeller where id =?
12:48:24.048 [main] DEBUG o.h.p.entity.AbstractEntityPersister -  Snapshot select: select vendingmac_.id, vendingmac_.seller_name as seller_n3_3_, vendingmac_.isWorking as isworkin4_3_ from TicketSeller vendingmac_ where vendingmac_.id=?
12:48:24.048 [main] DEBUG o.h.p.entity.AbstractEntityPersister -  Insert 0: insert into TicketSeller (seller_name, isWorking, type, id) values (?, ?, 'vending_machine', ?)
12:48:24.048 [main] DEBUG o.h.p.entity.AbstractEntityPersister -  Update 0: update TicketSeller set seller_name=?, isWorking=? where id=?
12:48:24.048 [main] DEBUG o.h.p.entity.AbstractEntityPersister -  Delete 0: delete from TicketSeller where id=?
12:48:24.048 [main] DEBUG o.h.l.p.b.i.spaces.QuerySpacesImpl - Adding QuerySpace : uid = <gen:0> -> org.hibernate.loader.plan.build.internal.spaces.EntityQuerySpaceImpl@21263314]
12:48:24.048 [main] DEBUG o.h.p.w.spi.MetamodelGraphWalker - Visiting attribute path : name
12:48:24.048 [main] DEBUG o.h.p.w.spi.MetamodelGraphWalker - Visiting attribute path : passes
12:48:24.048 [main] DEBUG o.h.l.p.b.i.spaces.QuerySpacesImpl - Adding QuerySpace : uid = <gen:1> -> org.hibernate.loader.plan.build.internal.spaces.CollectionQuerySpaceImpl@4a92c6a9]
12:48:24.048 [main] DEBUG o.h.l.p.b.i.spaces.QuerySpacesImpl - Adding QuerySpace : uid = <gen:2> -> org.hibernate.loader.plan.build.internal.spaces.EntityQuerySpaceImpl@5c9934da]
12:48:24.048 [main] DEBUG o.h.p.w.spi.MetamodelGraphWalker - Visiting attribute path : tickets
12:48:24.048 [main] DEBUG o.h.l.p.b.i.spaces.QuerySpacesImpl - Adding QuerySpace : uid = <gen:3> -> org.hibernate.loader.plan.build.internal.spaces.CollectionQuerySpaceImpl@4cb702ce]
12:48:24.048 [main] DEBUG o.h.l.p.b.i.spaces.QuerySpacesImpl - Adding QuerySpace : uid = <gen:4> -> org.hibernate.loader.plan.build.internal.spaces.EntityQuerySpaceImpl@383caf89]
12:48:24.048 [main] DEBUG o.h.p.w.spi.MetamodelGraphWalker - Visiting attribute path : isWorking
12:48:24.048 [main] DEBUG o.h.l.p.b.i.FetchStyleLoadPlanBuildingAssociationVisitationStrategy - Building LoadPlan...
12:48:24.048 [main] DEBUG o.h.l.p.e.i.LoadQueryJoinAndFetchProcessor - processing queryspace <gen:0>
12:48:24.049 [main] DEBUG o.h.l.p.b.spi.LoadPlanTreePrinter - LoadPlan(entity=Classes.VendingMachine)
    - Returns
       - EntityReturnImpl(entity=Classes.VendingMachine, querySpaceUid=<gen:0>, path=Classes.VendingMachine)
          - CollectionAttributeFetchImpl(collection=Abstract.TicketSeller.passes, querySpaceUid=<gen:1>, path=Classes.VendingMachine.passes)
             - (collection element) CollectionFetchableElementEntityGraph(entity=Classes.Pass, querySpaceUid=<gen:2>, path=Classes.VendingMachine.passes.<elements>)
          - CollectionAttributeFetchImpl(collection=Abstract.TicketSeller.tickets, querySpaceUid=<gen:3>, path=Classes.VendingMachine.tickets)
             - (collection element) CollectionFetchableElementEntityGraph(entity=Classes.Ticket, querySpaceUid=<gen:4>, path=Classes.VendingMachine.tickets.<elements>)
    - QuerySpaces
       - EntityQuerySpaceImpl(uid=<gen:0>, entity=Classes.VendingMachine)
          - SQL table alias mapping - vendingmac0_
          - alias suffix - 0_
          - suffixed key columns - {id2_3_0_}

12:48:24.049 [main] DEBUG o.h.loader.entity.plan.EntityLoader - Static select for entity Classes.VendingMachine [NONE]: select vendingmac0_.id as id2_3_0_, vendingmac0_.seller_name as seller_n3_3_0_, vendingmac0_.isWorking as isworkin4_3_0_ from TicketSeller vendingmac0_ where vendingmac0_.id=? and vendingmac0_.type='vending_machine'
12:48:24.050 [main] DEBUG o.h.l.p.b.i.spaces.QuerySpacesImpl - Adding QuerySpace : uid = <gen:0> -> org.hibernate.loader.plan.build.internal.spaces.CollectionQuerySpaceImpl@7112ce6]
12:48:24.050 [main] DEBUG o.h.l.p.b.i.spaces.QuerySpacesImpl - Adding QuerySpace : uid = <gen:1> -> org.hibernate.loader.plan.build.internal.spaces.EntityQuerySpaceImpl@558b4942]
12:48:24.051 [main] DEBUG o.h.p.w.spi.MetamodelGraphWalker - Visiting attribute path : seller
12:48:24.051 [main] DEBUG o.h.l.p.b.i.spaces.QuerySpacesImpl - Adding QuerySpace : uid = <gen:2> -> org.hibernate.loader.plan.build.internal.spaces.EntityQuerySpaceImpl@f3560d4]
12:48:24.051 [main] DEBUG o.h.p.w.spi.MetamodelGraphWalker - Visiting attribute path : seller.name
12:48:24.051 [main] DEBUG o.h.p.w.spi.MetamodelGraphWalker - Visiting attribute path : seller.passes
12:48:24.051 [main] DEBUG o.h.p.w.spi.MetamodelGraphWalker - Property path deemed to be circular : seller.passes
12:48:24.051 [main] DEBUG o.h.p.w.spi.MetamodelGraphWalker - Visiting attribute path : seller.tickets
12:48:24.051 [main] DEBUG o.h.p.w.spi.MetamodelGraphWalker - Property path deemed to be circular : seller.tickets
12:48:24.051 [main] DEBUG o.h.p.w.spi.MetamodelGraphWalker - Visiting attribute path : seller.people
12:48:24.051 [main] DEBUG o.h.l.p.b.i.spaces.QuerySpacesImpl - Adding QuerySpace : uid = <gen:3> -> org.hibernate.loader.plan.build.internal.spaces.CollectionQuerySpaceImpl@51b77cdf]
12:48:24.051 [main] DEBUG o.h.l.p.b.i.spaces.QuerySpacesImpl - Adding QuerySpace : uid = <gen:4> -> org.hibernate.loader.plan.build.internal.spaces.EntityQuerySpaceImpl@441fbe89]
12:48:24.051 [main] DEBUG o.h.p.w.spi.MetamodelGraphWalker - Visiting attribute path : seller.isWorking
12:48:24.051 [main] DEBUG o.h.p.w.spi.MetamodelGraphWalker - Visiting attribute path : person
12:48:24.051 [main] DEBUG o.h.l.p.b.i.spaces.QuerySpacesImpl - Adding QuerySpace : uid = <gen:5> -> org.hibernate.loader.plan.build.internal.spaces.EntityQuerySpaceImpl@6088451e]
12:48:24.051 [main] DEBUG o.h.p.w.spi.MetamodelGraphWalker - Visiting attribute path : person.birthdate
12:48:24.051 [main] DEBUG o.h.p.w.spi.MetamodelGraphWalker - Visiting attribute path : person.cardNum
12:48:24.051 [main] DEBUG o.h.l.p.b.i.spaces.QuerySpacesImpl - Adding QuerySpace : uid = <gen:6> -> org.hibernate.loader.plan.build.internal.spaces.EntityQuerySpaceImpl@2f10f633]
12:48:24.051 [main] DEBUG o.h.p.w.spi.MetamodelGraphWalker - Visiting attribute path : person.cardNum.emissionDate
12:48:24.051 [main] DEBUG o.h.p.w.spi.MetamodelGraphWalker - Visiting attribute path : person.cardNum.expirationDate
12:48:24.051 [main] DEBUG o.h.p.w.spi.MetamodelGraphWalker - Visiting attribute path : person.cardNum.person
12:48:24.051 [main] DEBUG o.h.p.w.spi.MetamodelGraphWalker - Property path deemed to be circular : person.cardNum.person
12:48:24.051 [main] DEBUG o.h.p.w.spi.MetamodelGraphWalker - Visiting attribute path : person.firstName
12:48:24.051 [main] DEBUG o.h.p.w.spi.MetamodelGraphWalker - Visiting attribute path : person.lastName
12:48:24.051 [main] DEBUG o.h.p.w.spi.MetamodelGraphWalker - Visiting attribute path : sellers
12:48:24.051 [main] DEBUG o.h.l.p.b.i.spaces.QuerySpacesImpl - Adding QuerySpace : uid = <gen:7> -> org.hibernate.loader.plan.build.internal.spaces.EntityQuerySpaceImpl@3440e9cd]
12:48:24.051 [main] DEBUG o.h.p.w.spi.MetamodelGraphWalker - Visiting attribute path : sellers.name
12:48:24.051 [main] DEBUG o.h.p.w.spi.MetamodelGraphWalker - Visiting attribute path : sellers.passes
12:48:24.051 [main] DEBUG o.h.p.w.spi.MetamodelGraphWalker - Property path deemed to be circular : sellers.passes
12:48:24.051 [main] DEBUG o.h.p.w.spi.MetamodelGraphWalker - Visiting attribute path : sellers.tickets
12:48:24.051 [main] DEBUG o.h.p.w.spi.MetamodelGraphWalker - Property path deemed to be circular : sellers.tickets
12:48:24.051 [main] DEBUG o.h.p.w.spi.MetamodelGraphWalker - Visiting attribute path : sellers.people
12:48:24.051 [main] DEBUG o.h.l.p.b.i.spaces.QuerySpacesImpl - Adding QuerySpace : uid = <gen:8> -> org.hibernate.loader.plan.build.internal.spaces.CollectionQuerySpaceImpl@a09303]
12:48:24.052 [main] DEBUG o.h.l.p.b.i.spaces.QuerySpacesImpl - Adding QuerySpace : uid = <gen:9> -> org.hibernate.loader.plan.build.internal.spaces.EntityQuerySpaceImpl@1163a27]
12:48:24.052 [main] DEBUG o.h.p.w.spi.MetamodelGraphWalker - Visiting attribute path : sellers.isWorking
12:48:24.052 [main] DEBUG o.h.p.w.spi.MetamodelGraphWalker - Visiting attribute path : validity
12:48:24.052 [main] DEBUG o.h.l.p.b.i.FetchStyleLoadPlanBuildingAssociationVisitationStrategy - Building LoadPlan...
12:48:24.053 [main] DEBUG o.h.l.p.e.i.LoadQueryJoinAndFetchProcessor - processing queryspace <gen:0>
12:48:24.054 [main] DEBUG o.h.l.p.b.spi.LoadPlanTreePrinter - LoadPlan(collection=Abstract.TicketSeller.tickets)
    - Returns
       - CollectionReturnImpl(collection=Abstract.TicketSeller.tickets, querySpaceUid=<gen:0>, path=[Abstract.TicketSeller.tickets])
          - (collection element) CollectionFetchableElementEntityGraph(entity=Classes.Ticket, querySpaceUid=<gen:1>, path=[Abstract.TicketSeller.tickets].<elements>)
             - EntityAttributeFetchImpl(entity=Abstract.TicketSeller, querySpaceUid=<gen:2>, path=[Abstract.TicketSeller.tickets].<elements>.seller)
                - CollectionAttributeFetchImpl(collection=Classes.Shop.people, querySpaceUid=<gen:3>, path=[Abstract.TicketSeller.tickets].<elements>.seller.people)
                   - (collection element) CollectionFetchableElementEntityGraph(entity=Classes.Person, querySpaceUid=<gen:4>, path=[Abstract.TicketSeller.tickets].<elements>.seller.people.<elements>)
             - EntityAttributeFetchImpl(entity=Classes.Person, querySpaceUid=<gen:5>, path=[Abstract.TicketSeller.tickets].<elements>.person)
                - EntityAttributeFetchImpl(entity=Classes.Card, querySpaceUid=<gen:6>, path=[Abstract.TicketSeller.tickets].<elements>.person.cardNum)
             - EntityAttributeFetchImpl(entity=Abstract.TicketSeller, querySpaceUid=<gen:7>, path=[Abstract.TicketSeller.tickets].<elements>.sellers)
                - CollectionAttributeFetchImpl(collection=Classes.Shop.people, querySpaceUid=<gen:8>, path=[Abstract.TicketSeller.tickets].<elements>.sellers.people)
                   - (collection element) CollectionFetchableElementEntityGraph(entity=Classes.Person, querySpaceUid=<gen:9>, path=[Abstract.TicketSeller.tickets].<elements>.sellers.people.<elements>)
    - QuerySpaces
       - CollectionQuerySpaceImpl(uid=<gen:0>, collection=Abstract.TicketSeller.tickets)
          - SQL table alias mapping - tickets0_
          - alias suffix - 0_
          - suffixed key columns - {ticketse1_5_0_}
          - entity-element alias suffix - 1_
          - 1_entity-element suffixed key columns - id2_2_1_
          - JOIN (JoinDefinedByMetadata(elements)) : <gen:0> -> <gen:1>
             - EntityQuerySpaceImpl(uid=<gen:1>, entity=Classes.Ticket)
                - SQL table alias mapping - ticket1_
                - alias suffix - 1_
                - suffixed key columns - {id2_2_1_}
                - JOIN (JoinDefinedByMetadata(seller)) : <gen:1> -> <gen:2>
                   - EntityQuerySpaceImpl(uid=<gen:2>, entity=Abstract.TicketSeller)
                      - SQL table alias mapping - ticketsell2_
                      - alias suffix - 2_
                      - suffixed key columns - {id2_3_2_}
                - JOIN (JoinDefinedByMetadata(person)) : <gen:1> -> <gen:5>
                   - EntityQuerySpaceImpl(uid=<gen:5>, entity=Classes.Person)
                      - SQL table alias mapping - person3_
                      - alias suffix - 3_
                      - suffixed key columns - {id1_1_3_}
                      - JOIN (JoinDefinedByMetadata(cardNum)) : <gen:5> -> <gen:6>
                         - EntityQuerySpaceImpl(uid=<gen:6>, entity=Classes.Card)
                            - SQL table alias mapping - card4_
                            - alias suffix - 4_
                            - suffixed key columns - {id1_0_4_}
                - JOIN (JoinDefinedByMetadata(sellers)) : <gen:1> -> <gen:7>
                   - EntityQuerySpaceImpl(uid=<gen:7>, entity=Abstract.TicketSeller)
                      - SQL table alias mapping - ticketsell5_
                      - alias suffix - 5_
                      - suffixed key columns - {id2_3_5_}

12:48:24.054 [main] DEBUG o.h.l.c.plan.CollectionLoader - Static select for collection Abstract.TicketSeller.tickets: select tickets0_.TicketSeller_id as ticketse1_5_0_, tickets0_.tickets_id as tickets_2_5_0_, ticket1_.id as id2_2_1_, ticket1_.seller_id as seller_i4_2_1_, ticket1_.person_id as person_i5_2_1_, ticket1_.sellers_id as sellers_6_2_1_, ticket1_.validity as validity3_2_1_, ticket1_.DTYPE as dtype1_2_1_, ticketsell2_.id as id2_3_2_, ticketsell2_.seller_name as seller_n3_3_2_, ticketsell2_.isWorking as isworkin4_3_2_, ticketsell2_.type as type1_3_2_, person3_.id as id1_1_3_, person3_.birthdate as birthdat2_1_3_, person3_.cardNum_id as cardnum_5_1_3_, person3_.firstName as firstnam3_1_3_, person3_.lastName as lastname4_1_3_, card4_.id as id1_0_4_, card4_.emissionDate as emission2_0_4_, card4_.expirationDate as expirati3_0_4_, ticketsell5_.id as id2_3_5_, ticketsell5_.seller_name as seller_n3_3_5_, ticketsell5_.isWorking as isworkin4_3_5_, ticketsell5_.type as type1_3_5_ from TicketSeller_Ticket tickets0_ inner join Ticket ticket1_ on tickets0_.tickets_id=ticket1_.id left outer join TicketSeller ticketsell2_ on ticket1_.seller_id=ticketsell2_.id left outer join Person person3_ on ticket1_.person_id=person3_.id left outer join Card card4_ on person3_.cardNum_id=card4_.id left outer join TicketSeller ticketsell5_ on ticket1_.sellers_id=ticketsell5_.id where tickets0_.TicketSeller_id=?
12:48:24.054 [main] DEBUG o.h.l.p.b.i.spaces.QuerySpacesImpl - Adding QuerySpace : uid = <gen:0> -> org.hibernate.loader.plan.build.internal.spaces.CollectionQuerySpaceImpl@78422efb]
12:48:24.054 [main] DEBUG o.h.l.p.b.i.spaces.QuerySpacesImpl - Adding QuerySpace : uid = <gen:1> -> org.hibernate.loader.plan.build.internal.spaces.EntityQuerySpaceImpl@5f05c8d6]
12:48:24.054 [main] DEBUG o.h.p.w.spi.MetamodelGraphWalker - Visiting attribute path : seller
12:48:24.054 [main] DEBUG o.h.l.p.b.i.spaces.QuerySpacesImpl - Adding QuerySpace : uid = <gen:2> -> org.hibernate.loader.plan.build.internal.spaces.EntityQuerySpaceImpl@d48e998]
12:48:24.054 [main] DEBUG o.h.p.w.spi.MetamodelGraphWalker - Visiting attribute path : seller.name
12:48:24.054 [main] DEBUG o.h.p.w.spi.MetamodelGraphWalker - Visiting attribute path : seller.passes
12:48:24.054 [main] DEBUG o.h.p.w.spi.MetamodelGraphWalker - Property path deemed to be circular : seller.passes
12:48:24.054 [main] DEBUG o.h.p.w.spi.MetamodelGraphWalker - Visiting attribute path : seller.tickets
12:48:24.054 [main] DEBUG o.h.p.w.spi.MetamodelGraphWalker - Property path deemed to be circular : seller.tickets
12:48:24.054 [main] DEBUG o.h.p.w.spi.MetamodelGraphWalker - Visiting attribute path : seller.people
12:48:24.054 [main] DEBUG o.h.l.p.b.i.spaces.QuerySpacesImpl - Adding QuerySpace : uid = <gen:3> -> org.hibernate.loader.plan.build.internal.spaces.CollectionQuerySpaceImpl@158ae284]
12:48:24.055 [main] DEBUG o.h.l.p.b.i.spaces.QuerySpacesImpl - Adding QuerySpace : uid = <gen:4> -> org.hibernate.loader.plan.build.internal.spaces.EntityQuerySpaceImpl@50eb4a2c]
12:48:24.055 [main] DEBUG o.h.p.w.spi.MetamodelGraphWalker - Visiting attribute path : seller.isWorking
12:48:24.055 [main] DEBUG o.h.p.w.spi.MetamodelGraphWalker - Visiting attribute path : person
12:48:24.055 [main] DEBUG o.h.l.p.b.i.spaces.QuerySpacesImpl - Adding QuerySpace : uid = <gen:5> -> org.hibernate.loader.plan.build.internal.spaces.EntityQuerySpaceImpl@1a256d80]
12:48:24.055 [main] DEBUG o.h.p.w.spi.MetamodelGraphWalker - Visiting attribute path : person.birthdate
12:48:24.055 [main] DEBUG o.h.p.w.spi.MetamodelGraphWalker - Visiting attribute path : person.cardNum
12:48:24.055 [main] DEBUG o.h.l.p.b.i.spaces.QuerySpacesImpl - Adding QuerySpace : uid = <gen:6> -> org.hibernate.loader.plan.build.internal.spaces.EntityQuerySpaceImpl@7235f92b]
12:48:24.055 [main] DEBUG o.h.p.w.spi.MetamodelGraphWalker - Visiting attribute path : person.cardNum.emissionDate
12:48:24.055 [main] DEBUG o.h.p.w.spi.MetamodelGraphWalker - Visiting attribute path : person.cardNum.expirationDate
12:48:24.055 [main] DEBUG o.h.p.w.spi.MetamodelGraphWalker - Visiting attribute path : person.cardNum.person
12:48:24.055 [main] DEBUG o.h.p.w.spi.MetamodelGraphWalker - Property path deemed to be circular : person.cardNum.person
12:48:24.055 [main] DEBUG o.h.p.w.spi.MetamodelGraphWalker - Visiting attribute path : person.firstName
12:48:24.055 [main] DEBUG o.h.p.w.spi.MetamodelGraphWalker - Visiting attribute path : person.lastName
12:48:24.055 [main] DEBUG o.h.p.w.spi.MetamodelGraphWalker - Visiting attribute path : sellers
12:48:24.055 [main] DEBUG o.h.l.p.b.i.spaces.QuerySpacesImpl - Adding QuerySpace : uid = <gen:7> -> org.hibernate.loader.plan.build.internal.spaces.EntityQuerySpaceImpl@497d4c96]
12:48:24.055 [main] DEBUG o.h.p.w.spi.MetamodelGraphWalker - Visiting attribute path : sellers.name
12:48:24.055 [main] DEBUG o.h.p.w.spi.MetamodelGraphWalker - Visiting attribute path : sellers.passes
12:48:24.055 [main] DEBUG o.h.p.w.spi.MetamodelGraphWalker - Property path deemed to be circular : sellers.passes
12:48:24.055 [main] DEBUG o.h.p.w.spi.MetamodelGraphWalker - Visiting attribute path : sellers.tickets
12:48:24.055 [main] DEBUG o.h.p.w.spi.MetamodelGraphWalker - Property path deemed to be circular : sellers.tickets
12:48:24.055 [main] DEBUG o.h.p.w.spi.MetamodelGraphWalker - Visiting attribute path : sellers.people
12:48:24.055 [main] DEBUG o.h.l.p.b.i.spaces.QuerySpacesImpl - Adding QuerySpace : uid = <gen:8> -> org.hibernate.loader.plan.build.internal.spaces.CollectionQuerySpaceImpl@69d3cf7e]
12:48:24.055 [main] DEBUG o.h.l.p.b.i.spaces.QuerySpacesImpl - Adding QuerySpace : uid = <gen:9> -> org.hibernate.loader.plan.build.internal.spaces.EntityQuerySpaceImpl@3a3ed300]
12:48:24.055 [main] DEBUG o.h.p.w.spi.MetamodelGraphWalker - Visiting attribute path : sellers.isWorking
12:48:24.055 [main] DEBUG o.h.p.w.spi.MetamodelGraphWalker - Visiting attribute path : validity
12:48:24.055 [main] DEBUG o.h.l.p.b.i.FetchStyleLoadPlanBuildingAssociationVisitationStrategy - Building LoadPlan...
12:48:24.055 [main] DEBUG o.h.l.p.e.i.LoadQueryJoinAndFetchProcessor - processing queryspace <gen:0>
12:48:24.056 [main] DEBUG o.h.l.p.b.spi.LoadPlanTreePrinter - LoadPlan(collection=Abstract.TicketSeller.passes)
    - Returns
       - CollectionReturnImpl(collection=Abstract.TicketSeller.passes, querySpaceUid=<gen:0>, path=[Abstract.TicketSeller.passes])
          - (collection element) CollectionFetchableElementEntityGraph(entity=Classes.Pass, querySpaceUid=<gen:1>, path=[Abstract.TicketSeller.passes].<elements>)
             - EntityAttributeFetchImpl(entity=Abstract.TicketSeller, querySpaceUid=<gen:2>, path=[Abstract.TicketSeller.passes].<elements>.seller)
                - CollectionAttributeFetchImpl(collection=Classes.Shop.people, querySpaceUid=<gen:3>, path=[Abstract.TicketSeller.passes].<elements>.seller.people)
                   - (collection element) CollectionFetchableElementEntityGraph(entity=Classes.Person, querySpaceUid=<gen:4>, path=[Abstract.TicketSeller.passes].<elements>.seller.people.<elements>)
             - EntityAttributeFetchImpl(entity=Classes.Person, querySpaceUid=<gen:5>, path=[Abstract.TicketSeller.passes].<elements>.person)
                - EntityAttributeFetchImpl(entity=Classes.Card, querySpaceUid=<gen:6>, path=[Abstract.TicketSeller.passes].<elements>.person.cardNum)
             - EntityAttributeFetchImpl(entity=Abstract.TicketSeller, querySpaceUid=<gen:7>, path=[Abstract.TicketSeller.passes].<elements>.sellers)
                - CollectionAttributeFetchImpl(collection=Classes.Shop.people, querySpaceUid=<gen:8>, path=[Abstract.TicketSeller.passes].<elements>.sellers.people)
                   - (collection element) CollectionFetchableElementEntityGraph(entity=Classes.Person, querySpaceUid=<gen:9>, path=[Abstract.TicketSeller.passes].<elements>.sellers.people.<elements>)
    - QuerySpaces
       - CollectionQuerySpaceImpl(uid=<gen:0>, collection=Abstract.TicketSeller.passes)
          - SQL table alias mapping - passes0_
          - alias suffix - 0_
          - suffixed key columns - {ticketse1_5_0_}
          - entity-element alias suffix - 1_
          - 1_entity-element suffixed key columns - id2_2_1_
          - JOIN (JoinDefinedByMetadata(elements)) : <gen:0> -> <gen:1>
             - EntityQuerySpaceImpl(uid=<gen:1>, entity=Classes.Pass)
                - SQL table alias mapping - pass1_
                - alias suffix - 1_
                - suffixed key columns - {id2_2_1_}
                - JOIN (JoinDefinedByMetadata(seller)) : <gen:1> -> <gen:2>
                   - EntityQuerySpaceImpl(uid=<gen:2>, entity=Abstract.TicketSeller)
                      - SQL table alias mapping - ticketsell2_
                      - alias suffix - 2_
                      - suffixed key columns - {id2_3_2_}
                - JOIN (JoinDefinedByMetadata(person)) : <gen:1> -> <gen:5>
                   - EntityQuerySpaceImpl(uid=<gen:5>, entity=Classes.Person)
                      - SQL table alias mapping - person3_
                      - alias suffix - 3_
                      - suffixed key columns - {id1_1_3_}
                      - JOIN (JoinDefinedByMetadata(cardNum)) : <gen:5> -> <gen:6>
                         - EntityQuerySpaceImpl(uid=<gen:6>, entity=Classes.Card)
                            - SQL table alias mapping - card4_
                            - alias suffix - 4_
                            - suffixed key columns - {id1_0_4_}
                - JOIN (JoinDefinedByMetadata(sellers)) : <gen:1> -> <gen:7>
                   - EntityQuerySpaceImpl(uid=<gen:7>, entity=Abstract.TicketSeller)
                      - SQL table alias mapping - ticketsell5_
                      - alias suffix - 5_
                      - suffixed key columns - {id2_3_5_}

12:48:24.056 [main] DEBUG o.h.l.c.plan.CollectionLoader - Static select for collection Abstract.TicketSeller.passes: select passes0_.TicketSeller_id as ticketse1_5_0_, passes0_.passes_id as passes_i3_5_0_, pass1_.id as id2_2_1_, pass1_.seller_id as seller_i4_2_1_, pass1_.person_id as person_i5_2_1_, pass1_.sellers_id as sellers_6_2_1_, pass1_.validity as validity3_2_1_, ticketsell2_.id as id2_3_2_, ticketsell2_.seller_name as seller_n3_3_2_, ticketsell2_.isWorking as isworkin4_3_2_, ticketsell2_.type as type1_3_2_, person3_.id as id1_1_3_, person3_.birthdate as birthdat2_1_3_, person3_.cardNum_id as cardnum_5_1_3_, person3_.firstName as firstnam3_1_3_, person3_.lastName as lastname4_1_3_, card4_.id as id1_0_4_, card4_.emissionDate as emission2_0_4_, card4_.expirationDate as expirati3_0_4_, ticketsell5_.id as id2_3_5_, ticketsell5_.seller_name as seller_n3_3_5_, ticketsell5_.isWorking as isworkin4_3_5_, ticketsell5_.type as type1_3_5_ from TicketSeller_Ticket passes0_ inner join Ticket pass1_ on passes0_.passes_id=pass1_.id left outer join TicketSeller ticketsell2_ on pass1_.seller_id=ticketsell2_.id left outer join Person person3_ on pass1_.person_id=person3_.id left outer join Card card4_ on person3_.cardNum_id=card4_.id left outer join TicketSeller ticketsell5_ on pass1_.sellers_id=ticketsell5_.id where passes0_.TicketSeller_id=?
12:48:24.056 [main] DEBUG o.h.l.p.b.i.spaces.QuerySpacesImpl - Adding QuerySpace : uid = <gen:0> -> org.hibernate.loader.plan.build.internal.spaces.CollectionQuerySpaceImpl@1984212d]
12:48:24.056 [main] DEBUG o.h.l.p.b.i.spaces.QuerySpacesImpl - Adding QuerySpace : uid = <gen:1> -> org.hibernate.loader.plan.build.internal.spaces.EntityQuerySpaceImpl@39f5b723]
12:48:24.056 [main] DEBUG o.h.p.w.spi.MetamodelGraphWalker - Visiting attribute path : birthdate
12:48:24.056 [main] DEBUG o.h.p.w.spi.MetamodelGraphWalker - Visiting attribute path : cardNum
12:48:24.056 [main] DEBUG o.h.l.p.b.i.spaces.QuerySpacesImpl - Adding QuerySpace : uid = <gen:2> -> org.hibernate.loader.plan.build.internal.spaces.EntityQuerySpaceImpl@3af58f76]
12:48:24.056 [main] DEBUG o.h.p.w.spi.MetamodelGraphWalker - Visiting attribute path : cardNum.emissionDate
12:48:24.056 [main] DEBUG o.h.p.w.spi.MetamodelGraphWalker - Visiting attribute path : cardNum.expirationDate
12:48:24.056 [main] DEBUG o.h.p.w.spi.MetamodelGraphWalker - Visiting attribute path : cardNum.person
12:48:24.056 [main] DEBUG o.h.p.w.spi.MetamodelGraphWalker - Property path deemed to be circular : cardNum.person
12:48:24.056 [main] DEBUG o.h.p.w.spi.MetamodelGraphWalker - Visiting attribute path : firstName
12:48:24.056 [main] DEBUG o.h.p.w.spi.MetamodelGraphWalker - Visiting attribute path : lastName
12:48:24.056 [main] DEBUG o.h.l.p.b.i.FetchStyleLoadPlanBuildingAssociationVisitationStrategy - Building LoadPlan...
12:48:24.056 [main] DEBUG o.h.l.p.e.i.LoadQueryJoinAndFetchProcessor - processing queryspace <gen:0>
12:48:24.056 [main] DEBUG o.h.l.p.b.spi.LoadPlanTreePrinter - LoadPlan(collection=Classes.Shop.people)
    - Returns
       - CollectionReturnImpl(collection=Classes.Shop.people, querySpaceUid=<gen:0>, path=[Classes.Shop.people])
          - (collection element) CollectionFetchableElementEntityGraph(entity=Classes.Person, querySpaceUid=<gen:1>, path=[Classes.Shop.people].<elements>)
             - EntityAttributeFetchImpl(entity=Classes.Card, querySpaceUid=<gen:2>, path=[Classes.Shop.people].<elements>.cardNum)
    - QuerySpaces
       - CollectionQuerySpaceImpl(uid=<gen:0>, collection=Classes.Shop.people)
          - SQL table alias mapping - people0_
          - alias suffix - 0_
          - suffixed key columns - {shop_id1_4_0_}
          - entity-element alias suffix - 1_
          - 1_entity-element suffixed key columns - id1_1_1_
          - JOIN (JoinDefinedByMetadata(elements)) : <gen:0> -> <gen:1>
             - EntityQuerySpaceImpl(uid=<gen:1>, entity=Classes.Person)
                - SQL table alias mapping - person1_
                - alias suffix - 1_
                - suffixed key columns - {id1_1_1_}
                - JOIN (JoinDefinedByMetadata(cardNum)) : <gen:1> -> <gen:2>
                   - EntityQuerySpaceImpl(uid=<gen:2>, entity=Classes.Card)
                      - SQL table alias mapping - card2_
                      - alias suffix - 2_
                      - suffixed key columns - {id1_0_2_}

12:48:24.056 [main] DEBUG o.h.l.c.plan.CollectionLoader - Static select for collection Classes.Shop.people: select people0_.Shop_id as shop_id1_4_0_, people0_.people_id as people_i2_4_0_, person1_.id as id1_1_1_, person1_.birthdate as birthdat2_1_1_, person1_.cardNum_id as cardnum_5_1_1_, person1_.firstName as firstnam3_1_1_, person1_.lastName as lastname4_1_1_, card2_.id as id1_0_2_, card2_.emissionDate as emission2_0_2_, card2_.expirationDate as expirati3_0_2_ from TicketSeller_Person people0_ inner join Person person1_ on people0_.people_id=person1_.id left outer join Card card2_ on person1_.cardNum_id=card2_.id where people0_.Shop_id=?
12:48:24.081 [main] INFO  o.hibernate.orm.connections.access - HHH10001501: Connection obtained from JdbcConnectionAccess [org.hibernate.engine.jdbc.env.internal.JdbcEnvironmentInitiator$ConnectionProviderJdbcConnectionAccess@7a6ea47d] for (non-JTA) DDL execution was not in auto-commit mode; the Connection 'local transaction' will be committed and the Connection will be set into auto-commit mode.
12:48:24.097 [main] DEBUG org.hibernate.mapping.Table - No alter strings for table : Card
12:48:24.097 [main] DEBUG org.hibernate.mapping.Table - No alter strings for table : Person
12:48:24.097 [main] DEBUG org.hibernate.mapping.Table - No alter strings for table : Ticket
12:48:24.097 [main] DEBUG org.hibernate.mapping.Table - No alter strings for table : TicketSeller
12:48:24.097 [main] DEBUG org.hibernate.mapping.Table - No alter strings for table : TicketSeller_Person
12:48:24.097 [main] DEBUG org.hibernate.mapping.Table - No alter strings for table : TicketSeller_Ticket
12:48:24.154 [main] DEBUG o.h.e.t.j.p.i.JtaPlatformInitiator - No JtaPlatform was specified, checking resolver
12:48:24.155 [main] DEBUG o.h.e.t.j.p.i.JtaPlatformResolverInitiator - No JtaPlatformResolver was specified, using default [org.hibernate.engine.transaction.jta.platform.internal.StandardJtaPlatformResolver]
12:48:24.158 [main] DEBUG o.h.e.t.j.p.i.StandardJtaPlatformResolver - Could not resolve JtaPlatform, using default [org.hibernate.engine.transaction.jta.platform.internal.NoJtaPlatform]
12:48:24.158 [main] INFO  o.h.e.t.j.p.i.JtaPlatformInitiator - HHH000490: Using JtaPlatform implementation: [org.hibernate.engine.transaction.jta.platform.internal.NoJtaPlatform]
12:48:24.160 [main] DEBUG o.h.s.i.SessionFactoryServiceRegistryImpl - EventListenerRegistry access via ServiceRegistry is deprecated.  Use `sessionFactory.getEventEngine().getListenerRegistry()` instead
12:48:24.162 [main] DEBUG o.h.h.i.QueryTranslatorFactoryInitiator - QueryTranslatorFactory: org.hibernate.hql.internal.ast.ASTQueryTranslatorFactory@30db5536
12:48:24.165 [main] DEBUG o.h.query.spi.NamedQueryRepository - Checking 0 named HQL queries
12:48:24.165 [main] DEBUG o.h.query.spi.NamedQueryRepository - Checking 0 named SQL queries
12:48:24.166 [main] DEBUG o.h.internal.SessionFactoryRegistry - Initializing SessionFactoryRegistry : org.hibernate.internal.SessionFactoryRegistry@48eaf42f
12:48:24.167 [main] DEBUG o.h.internal.SessionFactoryRegistry - Registering SessionFactory: bb55db4a-8611-4b68-aa51-3216297ad973 (<unnamed>)
12:48:24.167 [main] DEBUG o.h.internal.SessionFactoryRegistry - Not binding SessionFactory to JNDI, no JNDI name configured
12:48:24.195 [main] DEBUG o.h.s.internal.StatisticsInitiator - Statistics initialized [enabled=false]
12:48:24.198 [main] DEBUG o.h.e.t.internal.TransactionImpl - On TransactionImpl creation, JpaCompliance#isJpaTransactionComplianceEnabled == false
12:48:24.198 [main] DEBUG o.h.e.t.internal.TransactionImpl - begin
12:48:24.201 [main] DEBUG org.hibernate.SQL - select nextval ('elCat_seq')
12:48:24.203 [main] DEBUG o.h.id.enhanced.SequenceStructure - Sequence value obtained: 2
12:48:24.203 [main] DEBUG o.h.r.j.i.ResourceRegistryStandardImpl - HHH000387: ResultSet's statement was not registered
12:48:24.203 [main] DEBUG o.h.e.i.AbstractSaveEventListener - Generated identifier: 2, using strategy: org.hibernate.id.enhanced.SequenceStyleGenerator
12:48:24.210 [main] DEBUG o.h.e.t.internal.TransactionImpl - committing
12:48:24.211 [main] DEBUG o.h.e.i.AbstractFlushingEventListener - Processing flush-time cascades
12:48:24.211 [main] DEBUG o.h.e.i.AbstractFlushingEventListener - Dirty checking collections
12:48:24.213 [main] DEBUG o.h.e.i.AbstractFlushingEventListener - Flushed: 1 insertions, 0 updates, 0 deletions to 1 objects
12:48:24.214 [main] DEBUG o.h.e.i.AbstractFlushingEventListener - Flushed: 0 (re)creations, 0 updates, 0 removals to 0 collections
12:48:24.214 [main] DEBUG o.h.internal.util.EntityPrinter - Listing entities:
12:48:24.214 [main] DEBUG o.h.internal.util.EntityPrinter - Classes.VendingMachine{tickets=null, passes=null, name=Vending DiGregorio, id=2, isWorking=true}
12:48:24.217 [main] DEBUG org.hibernate.SQL - insert into TicketSeller (seller_name, isWorking, type, id) values (?, ?, 'vending_machine', ?)
12:48:24.220 [main] DEBUG o.h.r.j.i.LogicalConnectionManagedImpl - Initiating JDBC connection release from afterTransaction
12:48:24.220 [main] DEBUG o.h.r.j.i.LogicalConnectionManagedImpl - Initiating JDBC connection release from afterTransaction
12:48:24.223 [main] DEBUG org.hibernate.loader.Loader - Static select for action ACTION_REFRESH on entity Classes.VendingMachine: select vendingmac0_.id as id2_3_0_, vendingmac0_.seller_name as seller_n3_3_0_, vendingmac0_.isWorking as isworkin4_3_0_ from TicketSeller vendingmac0_ where vendingmac0_.id=? and vendingmac0_.type='vending_machine'
12:48:24.223 [main] DEBUG org.hibernate.loader.Loader - Loading entity: [Classes.VendingMachine#2]
12:48:24.225 [main] DEBUG org.hibernate.SQL - select vendingmac0_.id as id2_3_0_, vendingmac0_.seller_name as seller_n3_3_0_, vendingmac0_.isWorking as isworkin4_3_0_ from TicketSeller vendingmac0_ where vendingmac0_.id=? and vendingmac0_.type='vending_machine'
12:48:24.226 [main] DEBUG org.hibernate.loader.Loader - Result set row: 0
12:48:24.226 [main] DEBUG org.hibernate.loader.Loader - Result row: EntityKey[Classes.VendingMachine#2]
12:48:24.228 [main] DEBUG o.h.engine.internal.TwoPhaseLoad - Resolving attributes for [Classes.VendingMachine#2]
12:48:24.228 [main] DEBUG o.h.engine.internal.TwoPhaseLoad - Processing attribute `name` : value = Vending DiGregorio
12:48:24.228 [main] DEBUG o.h.engine.internal.TwoPhaseLoad - Attribute (`name`)  - enhanced for lazy-loading? - false
12:48:24.228 [main] DEBUG o.h.engine.internal.TwoPhaseLoad - Processing attribute `passes` : value = NOT NULL COLLECTION
12:48:24.228 [main] DEBUG o.h.engine.internal.TwoPhaseLoad - Attribute (`passes`)  - enhanced for lazy-loading? - false
12:48:24.230 [main] DEBUG o.h.engine.internal.TwoPhaseLoad - Processing attribute `tickets` : value = NOT NULL COLLECTION
12:48:24.230 [main] DEBUG o.h.engine.internal.TwoPhaseLoad - Attribute (`tickets`)  - enhanced for lazy-loading? - false
12:48:24.230 [main] DEBUG o.h.engine.internal.TwoPhaseLoad - Processing attribute `isWorking` : value = true
12:48:24.230 [main] DEBUG o.h.engine.internal.TwoPhaseLoad - Attribute (`isWorking`)  - enhanced for lazy-loading? - false
12:48:24.230 [main] DEBUG o.h.engine.internal.TwoPhaseLoad - Done materializing entity [Classes.VendingMachine#2]
12:48:24.232 [main] DEBUG org.hibernate.loader.Loader - Done entity load
12:49:33.855 [main] DEBUG org.jboss.logging - Logging Provider: org.jboss.logging.Slf4jLoggerProvider
12:49:33.915 [main] DEBUG o.h.jpa.HibernatePersistenceProvider - Located and parsed 2 persistence units; checking each
12:49:33.916 [main] DEBUG o.h.jpa.HibernatePersistenceProvider - Checking persistence-unit [name=HomeworkS3D3, explicit-provider=null] against incoming persistence unit name [BuildWeek_4]
12:49:33.916 [main] DEBUG o.h.jpa.HibernatePersistenceProvider - Excluding from consideration due to name mis-match
12:49:33.916 [main] DEBUG o.h.jpa.HibernatePersistenceProvider - Checking persistence-unit [name=BuildWeek_4, explicit-provider=null] against incoming persistence unit name [BuildWeek_4]
12:49:33.916 [main] DEBUG o.h.jpa.boot.spi.ProviderChecker - No PersistenceProvider explicitly requested, assuming Hibernate
12:49:33.920 [main] DEBUG o.h.jpa.internal.util.LogHelper - PersistenceUnitInfo [
	name: BuildWeek_4
	persistence provider classname: null
	classloader: null
	excludeUnlistedClasses: false
	JTA datasource: null
	Non JTA datasource: null
	Transaction type: RESOURCE_LOCAL
	PU root URL: file:/C:/Users/total/Desktop/All/Epicode/fs0223-Luca-Sernicola-BackEnd/BuildWeek_4/target/classes/
	Shared Cache Mode: null
	Validation Mode: null
	Jar files URLs []
	Managed classes names []
	Mapping files names []
	Properties [
		javax.persistence.jdbc.driver: org.postgresql.Driver
		javax.persistence.jdbc.password: root
		hibernate.dialect: org.hibernate.dialect.PostgreSQLDialect
		javax.persistence.jdbc.url: jdbc:postgresql://localhost:5432/BuildWeek
		hibernate.hbm2ddl.auto: update
		javax.persistence.jdbc.user: postgres]
12:49:33.922 [main] DEBUG o.h.i.internal.IntegratorServiceImpl - Adding Integrator [org.hibernate.cfg.beanvalidation.BeanValidationIntegrator].
12:49:33.923 [main] DEBUG o.h.i.internal.IntegratorServiceImpl - Adding Integrator [org.hibernate.secure.spi.JaccIntegrator].
12:49:33.925 [main] DEBUG o.h.i.internal.IntegratorServiceImpl - Adding Integrator [org.hibernate.cache.internal.CollectionCacheInvalidator].
12:49:33.949 [main] INFO  org.hibernate.Version - HHH000412: Hibernate ORM core version 5.6.15.Final
12:49:33.949 [main] DEBUG org.hibernate.cfg.Environment - HHH000206: hibernate.properties not found
12:49:34.047 [main] DEBUG o.h.service.spi.ServiceBinding - Overriding existing service binding [org.hibernate.secure.spi.JaccService]
12:49:34.054 [main] DEBUG o.h.c.i.RegionFactoryInitiator - Cannot default RegionFactory based on registered strategies as `[]` RegionFactory strategies were registered
12:49:34.055 [main] DEBUG o.h.c.i.RegionFactoryInitiator - Cache region factory : org.hibernate.cache.internal.NoCachingRegionFactory
12:49:34.065 [main] INFO  o.h.annotations.common.Version - HCANN000001: Hibernate Commons Annotations {5.1.2.Final}
12:49:34.119 [main] DEBUG o.hibernate.type.BasicTypeRegistry - Adding type registration boolean -> org.hibernate.type.BooleanType@ea9b7c6
12:49:34.119 [main] DEBUG o.hibernate.type.BasicTypeRegistry - Adding type registration boolean -> org.hibernate.type.BooleanType@ea9b7c6
12:49:34.119 [main] DEBUG o.hibernate.type.BasicTypeRegistry - Adding type registration java.lang.Boolean -> org.hibernate.type.BooleanType@ea9b7c6
12:49:34.121 [main] DEBUG o.hibernate.type.BasicTypeRegistry - Adding type registration numeric_boolean -> org.hibernate.type.NumericBooleanType@3fffff43
12:49:34.121 [main] DEBUG o.hibernate.type.BasicTypeRegistry - Adding type registration true_false -> org.hibernate.type.TrueFalseType@7b324585
12:49:34.121 [main] DEBUG o.hibernate.type.BasicTypeRegistry - Adding type registration yes_no -> org.hibernate.type.YesNoType@fd8294b
12:49:34.122 [main] DEBUG o.hibernate.type.BasicTypeRegistry - Adding type registration byte -> org.hibernate.type.ByteType@4fbda97b
12:49:34.122 [main] DEBUG o.hibernate.type.BasicTypeRegistry - Adding type registration byte -> org.hibernate.type.ByteType@4fbda97b
12:49:34.122 [main] DEBUG o.hibernate.type.BasicTypeRegistry - Adding type registration java.lang.Byte -> org.hibernate.type.ByteType@4fbda97b
12:49:34.123 [main] DEBUG o.hibernate.type.BasicTypeRegistry - Adding type registration character -> org.hibernate.type.CharacterType@354fc8f0
12:49:34.123 [main] DEBUG o.hibernate.type.BasicTypeRegistry - Adding type registration char -> org.hibernate.type.CharacterType@354fc8f0
12:49:34.123 [main] DEBUG o.hibernate.type.BasicTypeRegistry - Adding type registration java.lang.Character -> org.hibernate.type.CharacterType@354fc8f0
12:49:34.123 [main] DEBUG o.hibernate.type.BasicTypeRegistry - Adding type registration short -> org.hibernate.type.ShortType@a4b2d8f
12:49:34.123 [main] DEBUG o.hibernate.type.BasicTypeRegistry - Adding type registration short -> org.hibernate.type.ShortType@a4b2d8f
12:49:34.123 [main] DEBUG o.hibernate.type.BasicTypeRegistry - Adding type registration java.lang.Short -> org.hibernate.type.ShortType@a4b2d8f
12:49:34.124 [main] DEBUG o.hibernate.type.BasicTypeRegistry - Adding type registration integer -> org.hibernate.type.IntegerType@51cd7ffc
12:49:34.124 [main] DEBUG o.hibernate.type.BasicTypeRegistry - Adding type registration int -> org.hibernate.type.IntegerType@51cd7ffc
12:49:34.124 [main] DEBUG o.hibernate.type.BasicTypeRegistry - Adding type registration java.lang.Integer -> org.hibernate.type.IntegerType@51cd7ffc
12:49:34.125 [main] DEBUG o.hibernate.type.BasicTypeRegistry - Adding type registration long -> org.hibernate.type.LongType@590c73d3
12:49:34.125 [main] DEBUG o.hibernate.type.BasicTypeRegistry - Adding type registration long -> org.hibernate.type.LongType@590c73d3
12:49:34.125 [main] DEBUG o.hibernate.type.BasicTypeRegistry - Adding type registration java.lang.Long -> org.hibernate.type.LongType@590c73d3
12:49:34.125 [main] DEBUG o.hibernate.type.BasicTypeRegistry - Adding type registration float -> org.hibernate.type.FloatType@79da1ec0
12:49:34.125 [main] DEBUG o.hibernate.type.BasicTypeRegistry - Adding type registration float -> org.hibernate.type.FloatType@79da1ec0
12:49:34.125 [main] DEBUG o.hibernate.type.BasicTypeRegistry - Adding type registration java.lang.Float -> org.hibernate.type.FloatType@79da1ec0
12:49:34.126 [main] DEBUG o.hibernate.type.BasicTypeRegistry - Adding type registration double -> org.hibernate.type.DoubleType@66ce957f
12:49:34.126 [main] DEBUG o.hibernate.type.BasicTypeRegistry - Adding type registration double -> org.hibernate.type.DoubleType@66ce957f
12:49:34.126 [main] DEBUG o.hibernate.type.BasicTypeRegistry - Adding type registration java.lang.Double -> org.hibernate.type.DoubleType@66ce957f
12:49:34.126 [main] DEBUG o.hibernate.type.BasicTypeRegistry - Adding type registration big_decimal -> org.hibernate.type.BigDecimalType@3b220bcb
12:49:34.126 [main] DEBUG o.hibernate.type.BasicTypeRegistry - Adding type registration java.math.BigDecimal -> org.hibernate.type.BigDecimalType@3b220bcb
12:49:34.127 [main] DEBUG o.hibernate.type.BasicTypeRegistry - Adding type registration big_integer -> org.hibernate.type.BigIntegerType@13e3c1c7
12:49:34.127 [main] DEBUG o.hibernate.type.BasicTypeRegistry - Adding type registration java.math.BigInteger -> org.hibernate.type.BigIntegerType@13e3c1c7
12:49:34.127 [main] DEBUG o.hibernate.type.BasicTypeRegistry - Adding type registration string -> org.hibernate.type.StringType@1d8062d2
12:49:34.127 [main] DEBUG o.hibernate.type.BasicTypeRegistry - Adding type registration java.lang.String -> org.hibernate.type.StringType@1d8062d2
12:49:34.128 [main] DEBUG o.hibernate.type.BasicTypeRegistry - Adding type registration nstring -> org.hibernate.type.StringNVarcharType@285c08c8
12:49:34.128 [main] DEBUG o.hibernate.type.BasicTypeRegistry - Adding type registration ncharacter -> org.hibernate.type.CharacterNCharType@64dafeed
12:49:34.128 [main] DEBUG o.hibernate.type.BasicTypeRegistry - Adding type registration url -> org.hibernate.type.UrlType@6111ba37
12:49:34.128 [main] DEBUG o.hibernate.type.BasicTypeRegistry - Adding type registration java.net.URL -> org.hibernate.type.UrlType@6111ba37
12:49:34.129 [main] DEBUG o.hibernate.type.BasicTypeRegistry - Adding type registration Duration -> org.hibernate.type.DurationType@4721d212
12:49:34.129 [main] DEBUG o.hibernate.type.BasicTypeRegistry - Adding type registration java.time.Duration -> org.hibernate.type.DurationType@4721d212
12:49:34.130 [main] DEBUG o.hibernate.type.BasicTypeRegistry - Adding type registration Instant -> org.hibernate.type.InstantType@654d8173
12:49:34.130 [main] DEBUG o.hibernate.type.BasicTypeRegistry - Adding type registration java.time.Instant -> org.hibernate.type.InstantType@654d8173
12:49:34.130 [main] DEBUG o.hibernate.type.BasicTypeRegistry - Adding type registration LocalDateTime -> org.hibernate.type.LocalDateTimeType@239b0f9d
12:49:34.130 [main] DEBUG o.hibernate.type.BasicTypeRegistry - Adding type registration java.time.LocalDateTime -> org.hibernate.type.LocalDateTimeType@239b0f9d
12:49:34.131 [main] DEBUG o.hibernate.type.BasicTypeRegistry - Adding type registration LocalDate -> org.hibernate.type.LocalDateType@650eab8
12:49:34.131 [main] DEBUG o.hibernate.type.BasicTypeRegistry - Adding type registration java.time.LocalDate -> org.hibernate.type.LocalDateType@650eab8
12:49:34.131 [main] DEBUG o.hibernate.type.BasicTypeRegistry - Adding type registration LocalTime -> org.hibernate.type.LocalTimeType@f0e995e
12:49:34.131 [main] DEBUG o.hibernate.type.BasicTypeRegistry - Adding type registration java.time.LocalTime -> org.hibernate.type.LocalTimeType@f0e995e
12:49:34.131 [main] DEBUG o.hibernate.type.BasicTypeRegistry - Adding type registration OffsetDateTime -> org.hibernate.type.OffsetDateTimeType@50fe837a
12:49:34.131 [main] DEBUG o.hibernate.type.BasicTypeRegistry - Adding type registration java.time.OffsetDateTime -> org.hibernate.type.OffsetDateTimeType@50fe837a
12:49:34.132 [main] DEBUG o.hibernate.type.BasicTypeRegistry - Adding type registration OffsetTime -> org.hibernate.type.OffsetTimeType@1623134f
12:49:34.132 [main] DEBUG o.hibernate.type.BasicTypeRegistry - Adding type registration java.time.OffsetTime -> org.hibernate.type.OffsetTimeType@1623134f
12:49:34.133 [main] DEBUG o.hibernate.type.BasicTypeRegistry - Adding type registration ZonedDateTime -> org.hibernate.type.ZonedDateTimeType@5ad10c1a
12:49:34.133 [main] DEBUG o.hibernate.type.BasicTypeRegistry - Adding type registration java.time.ZonedDateTime -> org.hibernate.type.ZonedDateTimeType@5ad10c1a
12:49:34.134 [main] DEBUG o.hibernate.type.BasicTypeRegistry - Adding type registration date -> org.hibernate.type.DateType@15eebbff
12:49:34.134 [main] DEBUG o.hibernate.type.BasicTypeRegistry - Adding type registration java.sql.Date -> org.hibernate.type.DateType@15eebbff
12:49:34.134 [main] DEBUG o.hibernate.type.BasicTypeRegistry - Adding type registration time -> org.hibernate.type.TimeType@3e34ace1
12:49:34.135 [main] DEBUG o.hibernate.type.BasicTypeRegistry - Adding type registration java.sql.Time -> org.hibernate.type.TimeType@3e34ace1
12:49:34.135 [main] DEBUG o.hibernate.type.BasicTypeRegistry - Adding type registration timestamp -> org.hibernate.type.TimestampType@6cbcf243
12:49:34.135 [main] DEBUG o.hibernate.type.BasicTypeRegistry - Adding type registration java.sql.Timestamp -> org.hibernate.type.TimestampType@6cbcf243
12:49:34.135 [main] DEBUG o.hibernate.type.BasicTypeRegistry - Adding type registration java.util.Date -> org.hibernate.type.TimestampType@6cbcf243
12:49:34.136 [main] DEBUG o.hibernate.type.BasicTypeRegistry - Adding type registration dbtimestamp -> org.hibernate.type.DbTimestampType@38be305c
12:49:34.137 [main] DEBUG o.hibernate.type.BasicTypeRegistry - Adding type registration calendar -> org.hibernate.type.CalendarType@26a4842b
12:49:34.138 [main] DEBUG o.hibernate.type.BasicTypeRegistry - Adding type registration java.util.Calendar -> org.hibernate.type.CalendarType@26a4842b
12:49:34.138 [main] DEBUG o.hibernate.type.BasicTypeRegistry - Adding type registration java.util.GregorianCalendar -> org.hibernate.type.CalendarType@26a4842b
12:49:34.138 [main] DEBUG o.hibernate.type.BasicTypeRegistry - Adding type registration calendar_date -> org.hibernate.type.CalendarDateType@a5b0b86
12:49:34.138 [main] DEBUG o.hibernate.type.BasicTypeRegistry - Adding type registration calendar_time -> org.hibernate.type.CalendarTimeType@2611b9a3
12:49:34.139 [main] DEBUG o.hibernate.type.BasicTypeRegistry - Adding type registration locale -> org.hibernate.type.LocaleType@5b64c4b7
12:49:34.139 [main] DEBUG o.hibernate.type.BasicTypeRegistry - Adding type registration java.util.Locale -> org.hibernate.type.LocaleType@5b64c4b7
12:49:34.139 [main] DEBUG o.hibernate.type.BasicTypeRegistry - Adding type registration currency -> org.hibernate.type.CurrencyType@1252b961
12:49:34.139 [main] DEBUG o.hibernate.type.BasicTypeRegistry - Adding type registration java.util.Currency -> org.hibernate.type.CurrencyType@1252b961
12:49:34.140 [main] DEBUG o.hibernate.type.BasicTypeRegistry - Adding type registration timezone -> org.hibernate.type.TimeZoneType@4d098f9b
12:49:34.140 [main] DEBUG o.hibernate.type.BasicTypeRegistry - Adding type registration java.util.TimeZone -> org.hibernate.type.TimeZoneType@4d098f9b
12:49:34.140 [main] DEBUG o.hibernate.type.BasicTypeRegistry - Adding type registration class -> org.hibernate.type.ClassType@7b64240d
12:49:34.140 [main] DEBUG o.hibernate.type.BasicTypeRegistry - Adding type registration java.lang.Class -> org.hibernate.type.ClassType@7b64240d
12:49:34.142 [main] DEBUG o.hibernate.type.BasicTypeRegistry - Adding type registration uuid-binary -> org.hibernate.type.UUIDBinaryType@6d24ffa1
12:49:34.142 [main] DEBUG o.hibernate.type.BasicTypeRegistry - Adding type registration java.util.UUID -> org.hibernate.type.UUIDBinaryType@6d24ffa1
12:49:34.142 [main] DEBUG o.hibernate.type.BasicTypeRegistry - Adding type registration uuid-char -> org.hibernate.type.UUIDCharType@426b6a74
12:49:34.142 [main] DEBUG o.hibernate.type.BasicTypeRegistry - Adding type registration binary -> org.hibernate.type.BinaryType@7d3430a7
12:49:34.143 [main] DEBUG o.hibernate.type.BasicTypeRegistry - Adding type registration byte[] -> org.hibernate.type.BinaryType@7d3430a7
12:49:34.143 [main] DEBUG o.hibernate.type.BasicTypeRegistry - Adding type registration [B -> org.hibernate.type.BinaryType@7d3430a7
12:49:34.143 [main] DEBUG o.hibernate.type.BasicTypeRegistry - Adding type registration wrapper-binary -> org.hibernate.type.WrapperBinaryType@5536379e
12:49:34.143 [main] DEBUG o.hibernate.type.BasicTypeRegistry - Adding type registration Byte[] -> org.hibernate.type.WrapperBinaryType@5536379e
12:49:34.143 [main] DEBUG o.hibernate.type.BasicTypeRegistry - Adding type registration [Ljava.lang.Byte; -> org.hibernate.type.WrapperBinaryType@5536379e
12:49:34.144 [main] DEBUG o.hibernate.type.BasicTypeRegistry - Adding type registration row_version -> org.hibernate.type.RowVersionType@2b491fee
12:49:34.144 [main] DEBUG o.hibernate.type.BasicTypeRegistry - Adding type registration image -> org.hibernate.type.ImageType@3e8f7922
12:49:34.144 [main] DEBUG o.hibernate.type.BasicTypeRegistry - Adding type registration characters -> org.hibernate.type.CharArrayType@6ca0256d
12:49:34.144 [main] DEBUG o.hibernate.type.BasicTypeRegistry - Adding type registration char[] -> org.hibernate.type.CharArrayType@6ca0256d
12:49:34.144 [main] DEBUG o.hibernate.type.BasicTypeRegistry - Adding type registration [C -> org.hibernate.type.CharArrayType@6ca0256d
12:49:34.145 [main] DEBUG o.hibernate.type.BasicTypeRegistry - Adding type registration wrapper-characters -> org.hibernate.type.CharacterArrayType@e260766
12:49:34.145 [main] DEBUG o.hibernate.type.BasicTypeRegistry - Adding type registration [Ljava.lang.Character; -> org.hibernate.type.CharacterArrayType@e260766
12:49:34.145 [main] DEBUG o.hibernate.type.BasicTypeRegistry - Adding type registration Character[] -> org.hibernate.type.CharacterArrayType@e260766
12:49:34.145 [main] DEBUG o.hibernate.type.BasicTypeRegistry - Adding type registration text -> org.hibernate.type.TextType@7c56e013
12:49:34.145 [main] DEBUG o.hibernate.type.BasicTypeRegistry - Adding type registration ntext -> org.hibernate.type.NTextType@6731787b
12:49:34.146 [main] DEBUG o.hibernate.type.BasicTypeRegistry - Adding type registration blob -> org.hibernate.type.BlobType@2cb3d0f7
12:49:34.146 [main] DEBUG o.hibernate.type.BasicTypeRegistry - Adding type registration java.sql.Blob -> org.hibernate.type.BlobType@2cb3d0f7
12:49:34.146 [main] DEBUG o.hibernate.type.BasicTypeRegistry - Adding type registration materialized_blob -> org.hibernate.type.MaterializedBlobType@5860f3d7
12:49:34.147 [main] DEBUG o.hibernate.type.BasicTypeRegistry - Adding type registration clob -> org.hibernate.type.ClobType@67389cb8
12:49:34.147 [main] DEBUG o.hibernate.type.BasicTypeRegistry - Adding type registration java.sql.Clob -> org.hibernate.type.ClobType@67389cb8
12:49:34.148 [main] DEBUG o.hibernate.type.BasicTypeRegistry - Adding type registration nclob -> org.hibernate.type.NClobType@74e47444
12:49:34.148 [main] DEBUG o.hibernate.type.BasicTypeRegistry - Adding type registration java.sql.NClob -> org.hibernate.type.NClobType@74e47444
12:49:34.148 [main] DEBUG o.hibernate.type.BasicTypeRegistry - Adding type registration materialized_clob -> org.hibernate.type.MaterializedClobType@6e4de19b
12:49:34.148 [main] DEBUG o.hibernate.type.BasicTypeRegistry - Adding type registration materialized_nclob -> org.hibernate.type.MaterializedNClobType@1991f767
12:49:34.149 [main] DEBUG o.hibernate.type.BasicTypeRegistry - Adding type registration serializable -> org.hibernate.type.SerializableType@7db82169
12:49:34.151 [main] DEBUG o.hibernate.type.BasicTypeRegistry - Adding type registration object -> org.hibernate.type.ObjectType@3a94964
12:49:34.151 [main] DEBUG o.hibernate.type.BasicTypeRegistry - Adding type registration java.lang.Object -> org.hibernate.type.ObjectType@3a94964
12:49:34.151 [main] DEBUG o.hibernate.type.BasicTypeRegistry - Adding type registration imm_date -> org.hibernate.type.AdaptedImmutableType@2a3591c5
12:49:34.151 [main] DEBUG o.hibernate.type.BasicTypeRegistry - Adding type registration imm_time -> org.hibernate.type.AdaptedImmutableType@34a75079
12:49:34.151 [main] DEBUG o.hibernate.type.BasicTypeRegistry - Adding type registration imm_timestamp -> org.hibernate.type.AdaptedImmutableType@346a361
12:49:34.151 [main] DEBUG o.hibernate.type.BasicTypeRegistry - Adding type registration imm_dbtimestamp -> org.hibernate.type.AdaptedImmutableType@107ed6fc
12:49:34.151 [main] DEBUG o.hibernate.type.BasicTypeRegistry - Adding type registration imm_calendar -> org.hibernate.type.AdaptedImmutableType@1643d68f
12:49:34.151 [main] DEBUG o.hibernate.type.BasicTypeRegistry - Adding type registration imm_calendar_date -> org.hibernate.type.AdaptedImmutableType@186978a6
12:49:34.151 [main] DEBUG o.hibernate.type.BasicTypeRegistry - Adding type registration imm_binary -> org.hibernate.type.AdaptedImmutableType@2e029d61
12:49:34.151 [main] DEBUG o.hibernate.type.BasicTypeRegistry - Adding type registration imm_serializable -> org.hibernate.type.AdaptedImmutableType@482d776b
12:49:34.158 [main] DEBUG o.h.b.internal.BootstrapContextImpl - Injecting ScanEnvironment [org.hibernate.jpa.boot.internal.StandardJpaScanEnvironmentImpl@649725e3] into BootstrapContext; was [null]
12:49:34.158 [main] DEBUG o.h.b.internal.BootstrapContextImpl - Injecting ScanOptions [org.hibernate.boot.archive.scan.internal.StandardScanOptions@3c0fae6c] into BootstrapContext; was [org.hibernate.boot.archive.scan.internal.StandardScanOptions@4c168660]
12:49:34.191 [main] DEBUG o.h.b.internal.BootstrapContextImpl - Injecting JPA temp ClassLoader [null] into BootstrapContext; was [null]
12:49:34.191 [main] DEBUG o.h.b.internal.ClassLoaderAccessImpl - ClassLoaderAccessImpl#injectTempClassLoader(null) [was null]
12:49:34.198 [main] DEBUG o.h.i.f.i.DefaultIdentifierGeneratorFactory - Registering IdentifierGenerator strategy [uuid2] -> [org.hibernate.id.UUIDGenerator]
12:49:34.198 [main] DEBUG o.h.i.f.i.DefaultIdentifierGeneratorFactory - Registering IdentifierGenerator strategy [guid] -> [org.hibernate.id.GUIDGenerator]
12:49:34.199 [main] DEBUG o.h.i.f.i.DefaultIdentifierGeneratorFactory - Registering IdentifierGenerator strategy [uuid] -> [org.hibernate.id.UUIDHexGenerator]
12:49:34.199 [main] DEBUG o.h.i.f.i.DefaultIdentifierGeneratorFactory - Registering IdentifierGenerator strategy [uuid.hex] -> [org.hibernate.id.UUIDHexGenerator]
12:49:34.199 [main] DEBUG o.h.i.f.i.DefaultIdentifierGeneratorFactory - Registering IdentifierGenerator strategy [assigned] -> [org.hibernate.id.Assigned]
12:49:34.200 [main] DEBUG o.h.i.f.i.DefaultIdentifierGeneratorFactory - Registering IdentifierGenerator strategy [identity] -> [org.hibernate.id.IdentityGenerator]
12:49:34.200 [main] DEBUG o.h.i.f.i.DefaultIdentifierGeneratorFactory - Registering IdentifierGenerator strategy [select] -> [org.hibernate.id.SelectGenerator]
12:49:34.200 [main] DEBUG o.h.i.f.i.DefaultIdentifierGeneratorFactory - Registering IdentifierGenerator strategy [sequence] -> [org.hibernate.id.enhanced.SequenceStyleGenerator]
12:49:34.201 [main] DEBUG o.h.i.f.i.DefaultIdentifierGeneratorFactory - Registering IdentifierGenerator strategy [seqhilo] -> [org.hibernate.id.SequenceHiLoGenerator]
12:49:34.201 [main] DEBUG o.h.i.f.i.DefaultIdentifierGeneratorFactory - Registering IdentifierGenerator strategy [increment] -> [org.hibernate.id.IncrementGenerator]
12:49:34.201 [main] DEBUG o.h.i.f.i.DefaultIdentifierGeneratorFactory - Registering IdentifierGenerator strategy [foreign] -> [org.hibernate.id.ForeignGenerator]
12:49:34.201 [main] DEBUG o.h.i.f.i.DefaultIdentifierGeneratorFactory - Registering IdentifierGenerator strategy [sequence-identity] -> [org.hibernate.id.SequenceIdentityGenerator]
12:49:34.201 [main] DEBUG o.h.i.f.i.DefaultIdentifierGeneratorFactory - Registering IdentifierGenerator strategy [enhanced-sequence] -> [org.hibernate.id.enhanced.SequenceStyleGenerator]
12:49:34.202 [main] DEBUG o.h.i.f.i.DefaultIdentifierGeneratorFactory - Registering IdentifierGenerator strategy [enhanced-table] -> [org.hibernate.id.enhanced.TableGenerator]
12:49:34.204 [main] WARN  o.hibernate.orm.connections.pooling - HHH10001002: Using Hibernate built-in connection pool (not for production use!)
12:49:34.207 [main] INFO  o.hibernate.orm.connections.pooling - HHH10001005: using driver [org.postgresql.Driver] at URL [jdbc:postgresql://localhost:5432/BuildWeek]
12:49:34.207 [main] INFO  o.hibernate.orm.connections.pooling - HHH10001001: Connection properties: {password=root, user=postgres}
12:49:34.207 [main] INFO  o.hibernate.orm.connections.pooling - HHH10001003: Autocommit mode: false
12:49:34.209 [main] DEBUG o.h.e.j.c.i.DriverManagerConnectionProviderImpl - Initializing Connection pool with 1 Connections
12:49:34.209 [main] INFO  o.h.e.j.c.i.DriverManagerConnectionProviderImpl - HHH000115: Hibernate connection pool size: 20 (min=1)
12:49:34.366 [main] DEBUG o.h.e.j.e.i.JdbcEnvironmentInitiator - Database ->
       name : PostgreSQL
    version : 15.3
      major : 15
      minor : 3
12:49:34.366 [main] DEBUG o.h.e.j.e.i.JdbcEnvironmentInitiator - Driver ->
       name : PostgreSQL JDBC Driver
    version : 42.6.0
      major : 42
      minor : 6
12:49:34.366 [main] DEBUG o.h.e.j.e.i.JdbcEnvironmentInitiator - JDBC version : 4.2
12:49:34.374 [main] INFO  org.hibernate.dialect.Dialect - HHH000400: Using dialect: org.hibernate.dialect.PostgreSQLDialect
12:49:34.383 [main] DEBUG o.h.e.j.e.s.IdentifierHelperBuilder - JDBC driver metadata reported database stores quoted identifiers in neither upper, lower nor mixed case
12:49:34.401 [main] DEBUG o.hibernate.type.BasicTypeRegistry - Adding type registration pg-uuid -> org.hibernate.type.PostgresUUIDType@4f20a5e0
12:49:34.401 [main] DEBUG o.hibernate.type.BasicTypeRegistry - Adding type registration java.util.UUID -> org.hibernate.type.PostgresUUIDType@4f20a5e0
12:49:34.401 [main] DEBUG o.hibernate.type.BasicTypeRegistry - HHH000270: Type registration [java.util.UUID] overrides previous : org.hibernate.type.UUIDBinaryType@6d24ffa1
12:49:34.403 [main] DEBUG o.h.type.spi.TypeConfiguration$Scope - Scoping TypeConfiguration [org.hibernate.type.spi.TypeConfiguration@30cecdca] to MetadataBuildingContext [org.hibernate.boot.internal.MetadataBuildingContextRootImpl@6edc4161]
12:49:34.424 [main] DEBUG o.h.boot.model.relational.Namespace - Created database namespace [logicalName=Name{catalog=null, schema=null}, physicalName=Name{catalog=null, schema=null}]
12:49:34.433 [main] DEBUG org.hibernate.cfg.AnnotationBinder - Binding entity from annotated class: Abstract.TicketSeller
12:49:34.442 [main] DEBUG org.hibernate.cfg.Ejb3Column - Binding column: Ejb3DiscriminatorColumn{logicalColumnName'type', discriminatorTypeName='string'}
12:49:34.445 [main] DEBUG o.h.cfg.annotations.EntityBinder - Import with entity name TicketSeller
12:49:34.447 [main] DEBUG o.h.cfg.annotations.EntityBinder - Bind entity Abstract.TicketSeller on table TicketSeller
12:49:34.463 [main] DEBUG org.hibernate.cfg.Ejb3Column - Binding column: Ejb3Column{table=org.hibernate.mapping.Table(TicketSeller), mappingColumn=id, insertable=true, updatable=true, unique=false}
12:49:34.465 [main] DEBUG o.h.b.internal.ClassLoaderAccessImpl - Not known whether passed class name [Abstract.TicketSeller] is safe
12:49:34.465 [main] DEBUG o.h.b.internal.ClassLoaderAccessImpl - No temp ClassLoader provided; using live ClassLoader for loading potentially unsafe class : Abstract.TicketSeller
12:49:34.466 [main] DEBUG o.h.cfg.annotations.PropertyBinder - MetadataSourceProcessor property id with lazy=false
12:49:34.467 [main] DEBUG o.h.cfg.AbstractPropertyHolder - Attempting to locate auto-apply AttributeConverter for property [Abstract.TicketSeller:id]
12:49:34.468 [main] DEBUG o.h.c.annotations.SimpleValueBinder - building SimpleValue for id
12:49:34.468 [main] DEBUG o.h.cfg.annotations.PropertyBinder - Building property id
12:49:34.471 [main] DEBUG org.hibernate.cfg.BinderHelper - #makeIdGenerator(org.hibernate.mapping.SimpleValue([org.hibernate.mapping.Column(id)]), id, org.hibernate.id.enhanced.SequenceStyleGenerator, elCat_seq, ...)
12:49:34.472 [main] DEBUG org.hibernate.cfg.Ejb3Column - Binding column: Ejb3Column{table=org.hibernate.mapping.Table(TicketSeller), mappingColumn=seller_name, insertable=true, updatable=true, unique=false}
12:49:34.472 [main] DEBUG o.h.cfg.annotations.PropertyBinder - MetadataSourceProcessor property name with lazy=false
12:49:34.472 [main] DEBUG o.h.cfg.AbstractPropertyHolder - Attempting to locate auto-apply AttributeConverter for property [Abstract.TicketSeller:name]
12:49:34.473 [main] DEBUG o.h.c.annotations.SimpleValueBinder - building SimpleValue for name
12:49:34.473 [main] DEBUG o.h.cfg.annotations.PropertyBinder - Building property name
12:49:34.473 [main] DEBUG org.hibernate.cfg.Ejb3Column - Binding column: Ejb3JoinColumn{logicalColumnName='null', referencedColumn='null', mappedBy=''}
12:49:34.473 [main] DEBUG org.hibernate.cfg.Ejb3Column - Binding column: Ejb3Column{table=org.hibernate.mapping.Table(TicketSeller), mappingColumn=passes, insertable=true, updatable=true, unique=false}
12:49:34.474 [main] DEBUG org.hibernate.cfg.Ejb3Column - Binding column: Ejb3Column{table=org.hibernate.mapping.Table(TicketSeller), mappingColumn=null, insertable=true, updatable=true, unique=false}
12:49:34.479 [main] DEBUG org.hibernate.cfg.Ejb3Column - Binding column: Ejb3Column{table=org.hibernate.mapping.Table(TicketSeller), mappingColumn=element, insertable=true, updatable=true, unique=false}
12:49:34.480 [main] DEBUG org.hibernate.cfg.Ejb3Column - Binding column: Ejb3Column{table=org.hibernate.mapping.Table(TicketSeller), mappingColumn=passes_KEY, insertable=true, updatable=true, unique=false}
12:49:34.480 [main] DEBUG org.hibernate.cfg.Ejb3Column - Binding column: Ejb3JoinColumn{logicalColumnName='passes_KEY', referencedColumn='null', mappedBy='null'}
12:49:34.481 [main] DEBUG org.hibernate.cfg.Ejb3Column - Binding column: Ejb3JoinColumn{logicalColumnName='null', referencedColumn='null', mappedBy=''}
12:49:34.481 [main] DEBUG org.hibernate.cfg.Ejb3Column - Binding column: Ejb3JoinColumn{logicalColumnName='null', referencedColumn='null', mappedBy=''}
12:49:34.481 [main] DEBUG o.h.cfg.annotations.CollectionBinder - Collection role: Abstract.TicketSeller.passes
12:49:34.482 [main] DEBUG o.h.cfg.annotations.PropertyBinder - Building property passes
12:49:34.482 [main] DEBUG org.hibernate.cfg.Ejb3Column - Binding column: Ejb3JoinColumn{logicalColumnName='null', referencedColumn='null', mappedBy=''}
12:49:34.482 [main] DEBUG org.hibernate.cfg.Ejb3Column - Binding column: Ejb3Column{table=org.hibernate.mapping.Table(TicketSeller), mappingColumn=tickets, insertable=true, updatable=true, unique=false}
12:49:34.482 [main] DEBUG org.hibernate.cfg.Ejb3Column - Binding column: Ejb3Column{table=org.hibernate.mapping.Table(TicketSeller), mappingColumn=null, insertable=true, updatable=true, unique=false}
12:49:34.483 [main] DEBUG org.hibernate.cfg.Ejb3Column - Binding column: Ejb3Column{table=org.hibernate.mapping.Table(TicketSeller), mappingColumn=element, insertable=true, updatable=true, unique=false}
12:49:34.483 [main] DEBUG org.hibernate.cfg.Ejb3Column - Binding column: Ejb3Column{table=org.hibernate.mapping.Table(TicketSeller), mappingColumn=tickets_KEY, insertable=true, updatable=true, unique=false}
12:49:34.483 [main] DEBUG org.hibernate.cfg.Ejb3Column - Binding column: Ejb3JoinColumn{logicalColumnName='tickets_KEY', referencedColumn='null', mappedBy='null'}
12:49:34.483 [main] DEBUG org.hibernate.cfg.Ejb3Column - Binding column: Ejb3JoinColumn{logicalColumnName='null', referencedColumn='null', mappedBy=''}
12:49:34.483 [main] DEBUG org.hibernate.cfg.Ejb3Column - Binding column: Ejb3JoinColumn{logicalColumnName='null', referencedColumn='null', mappedBy=''}
12:49:34.483 [main] DEBUG o.h.cfg.annotations.CollectionBinder - Collection role: Abstract.TicketSeller.tickets
12:49:34.483 [main] DEBUG o.h.cfg.annotations.PropertyBinder - Building property tickets
12:49:34.486 [main] DEBUG org.hibernate.cfg.AnnotationBinder - Binding entity from annotated class: Classes.Card
12:49:34.486 [main] DEBUG org.hibernate.cfg.Ejb3Column - Binding column: Ejb3DiscriminatorColumn{logicalColumnName'DTYPE', discriminatorTypeName='string'}
12:49:34.486 [main] DEBUG o.h.cfg.annotations.EntityBinder - Import with entity name Card
12:49:34.486 [main] DEBUG o.h.cfg.annotations.EntityBinder - Bind entity Classes.Card on table Card
12:49:34.487 [main] DEBUG org.hibernate.cfg.Ejb3Column - Binding column: Ejb3Column{table=org.hibernate.mapping.Table(Card), mappingColumn=id, insertable=true, updatable=true, unique=false}
12:49:34.487 [main] DEBUG o.h.b.internal.ClassLoaderAccessImpl - Not known whether passed class name [Classes.Card] is safe
12:49:34.487 [main] DEBUG o.h.b.internal.ClassLoaderAccessImpl - No temp ClassLoader provided; using live ClassLoader for loading potentially unsafe class : Classes.Card
12:49:34.487 [main] DEBUG o.h.cfg.annotations.PropertyBinder - MetadataSourceProcessor property id with lazy=false
12:49:34.487 [main] DEBUG o.h.cfg.AbstractPropertyHolder - Attempting to locate auto-apply AttributeConverter for property [Classes.Card:id]
12:49:34.488 [main] DEBUG o.h.c.annotations.SimpleValueBinder - building SimpleValue for id
12:49:34.488 [main] DEBUG o.h.cfg.annotations.PropertyBinder - Building property id
12:49:34.488 [main] DEBUG org.hibernate.cfg.BinderHelper - #makeIdGenerator(org.hibernate.mapping.SimpleValue([org.hibernate.mapping.Column(id)]), id, identity, , ...)
12:49:34.488 [main] DEBUG org.hibernate.cfg.Ejb3Column - Binding column: Ejb3Column{table=org.hibernate.mapping.Table(Card), mappingColumn=emissionDate, insertable=true, updatable=true, unique=false}
12:49:34.488 [main] DEBUG o.h.cfg.annotations.PropertyBinder - MetadataSourceProcessor property emissionDate with lazy=false
12:49:34.488 [main] DEBUG o.h.cfg.AbstractPropertyHolder - Attempting to locate auto-apply AttributeConverter for property [Classes.Card:emissionDate]
12:49:34.488 [main] DEBUG o.h.c.annotations.SimpleValueBinder - building SimpleValue for emissionDate
12:49:34.488 [main] DEBUG o.h.cfg.annotations.PropertyBinder - Building property emissionDate
12:49:34.488 [main] DEBUG org.hibernate.cfg.Ejb3Column - Binding column: Ejb3Column{table=org.hibernate.mapping.Table(Card), mappingColumn=expirationDate, insertable=true, updatable=true, unique=false}
12:49:34.488 [main] DEBUG o.h.cfg.annotations.PropertyBinder - MetadataSourceProcessor property expirationDate with lazy=false
12:49:34.488 [main] DEBUG o.h.cfg.AbstractPropertyHolder - Attempting to locate auto-apply AttributeConverter for property [Classes.Card:expirationDate]
12:49:34.488 [main] DEBUG o.h.c.annotations.SimpleValueBinder - building SimpleValue for expirationDate
12:49:34.488 [main] DEBUG o.h.cfg.annotations.PropertyBinder - Building property expirationDate
12:49:34.488 [main] DEBUG org.hibernate.cfg.Ejb3Column - Binding column: Ejb3JoinColumn{logicalColumnName='null', referencedColumn='null', mappedBy='cardNum'}
12:49:34.488 [main] DEBUG org.hibernate.cfg.Ejb3Column - Binding column: Ejb3Column{table=org.hibernate.mapping.Table(Card), mappingColumn=person, insertable=true, updatable=true, unique=false}
12:49:34.489 [main] DEBUG org.hibernate.cfg.AnnotationBinder - Binding entity from annotated class: Classes.Person
12:49:34.489 [main] DEBUG org.hibernate.cfg.Ejb3Column - Binding column: Ejb3DiscriminatorColumn{logicalColumnName'DTYPE', discriminatorTypeName='string'}
12:49:34.489 [main] DEBUG o.h.cfg.annotations.EntityBinder - Import with entity name Person
12:49:34.489 [main] DEBUG o.h.cfg.annotations.EntityBinder - Bind entity Classes.Person on table Person
12:49:34.491 [main] DEBUG org.hibernate.cfg.Ejb3Column - Binding column: Ejb3Column{table=org.hibernate.mapping.Table(Person), mappingColumn=id, insertable=true, updatable=true, unique=false}
12:49:34.491 [main] DEBUG o.h.b.internal.ClassLoaderAccessImpl - Not known whether passed class name [Classes.Person] is safe
12:49:34.491 [main] DEBUG o.h.b.internal.ClassLoaderAccessImpl - No temp ClassLoader provided; using live ClassLoader for loading potentially unsafe class : Classes.Person
12:49:34.491 [main] DEBUG o.h.cfg.annotations.PropertyBinder - MetadataSourceProcessor property id with lazy=false
12:49:34.491 [main] DEBUG o.h.cfg.AbstractPropertyHolder - Attempting to locate auto-apply AttributeConverter for property [Classes.Person:id]
12:49:34.491 [main] DEBUG o.h.c.annotations.SimpleValueBinder - building SimpleValue for id
12:49:34.491 [main] DEBUG o.h.cfg.annotations.PropertyBinder - Building property id
12:49:34.491 [main] DEBUG org.hibernate.cfg.BinderHelper - #makeIdGenerator(org.hibernate.mapping.SimpleValue([org.hibernate.mapping.Column(id)]), id, identity, , ...)
12:49:34.491 [main] DEBUG org.hibernate.cfg.Ejb3Column - Binding column: Ejb3Column{table=org.hibernate.mapping.Table(Person), mappingColumn=birthdate, insertable=true, updatable=true, unique=false}
12:49:34.491 [main] DEBUG o.h.cfg.annotations.PropertyBinder - MetadataSourceProcessor property birthdate with lazy=false
12:49:34.491 [main] DEBUG o.h.cfg.AbstractPropertyHolder - Attempting to locate auto-apply AttributeConverter for property [Classes.Person:birthdate]
12:49:34.491 [main] DEBUG o.h.c.annotations.SimpleValueBinder - building SimpleValue for birthdate
12:49:34.491 [main] DEBUG o.h.cfg.annotations.PropertyBinder - Building property birthdate
12:49:34.491 [main] DEBUG org.hibernate.cfg.Ejb3Column - Binding column: Ejb3JoinColumn{logicalColumnName='null', referencedColumn='null', mappedBy=''}
12:49:34.491 [main] DEBUG org.hibernate.cfg.Ejb3Column - Binding column: Ejb3Column{table=org.hibernate.mapping.Table(Person), mappingColumn=cardNum, insertable=true, updatable=true, unique=false}
12:49:34.492 [main] DEBUG o.h.cfg.annotations.PropertyBinder - Building property cardNum
12:49:34.492 [main] DEBUG org.hibernate.cfg.Ejb3Column - Binding column: Ejb3Column{table=org.hibernate.mapping.Table(Person), mappingColumn=firstName, insertable=true, updatable=true, unique=false}
12:49:34.492 [main] DEBUG o.h.cfg.annotations.PropertyBinder - MetadataSourceProcessor property firstName with lazy=false
12:49:34.492 [main] DEBUG o.h.cfg.AbstractPropertyHolder - Attempting to locate auto-apply AttributeConverter for property [Classes.Person:firstName]
12:49:34.492 [main] DEBUG o.h.c.annotations.SimpleValueBinder - building SimpleValue for firstName
12:49:34.493 [main] DEBUG o.h.cfg.annotations.PropertyBinder - Building property firstName
12:49:34.493 [main] DEBUG org.hibernate.cfg.Ejb3Column - Binding column: Ejb3Column{table=org.hibernate.mapping.Table(Person), mappingColumn=lastName, insertable=true, updatable=true, unique=false}
12:49:34.493 [main] DEBUG o.h.cfg.annotations.PropertyBinder - MetadataSourceProcessor property lastName with lazy=false
12:49:34.493 [main] DEBUG o.h.cfg.AbstractPropertyHolder - Attempting to locate auto-apply AttributeConverter for property [Classes.Person:lastName]
12:49:34.493 [main] DEBUG o.h.c.annotations.SimpleValueBinder - building SimpleValue for lastName
12:49:34.493 [main] DEBUG o.h.cfg.annotations.PropertyBinder - Building property lastName
12:49:34.493 [main] DEBUG org.hibernate.cfg.AnnotationBinder - Binding entity from annotated class: Classes.Ticket
12:49:34.493 [main] DEBUG org.hibernate.cfg.Ejb3Column - Binding column: Ejb3DiscriminatorColumn{logicalColumnName'DTYPE', discriminatorTypeName='string'}
12:49:34.493 [main] DEBUG o.h.cfg.annotations.EntityBinder - Import with entity name Ticket
12:49:34.494 [main] DEBUG o.h.cfg.annotations.EntityBinder - Bind entity Classes.Ticket on table Ticket
12:49:34.495 [main] DEBUG org.hibernate.cfg.Ejb3Column - Binding column: Ejb3Column{table=org.hibernate.mapping.Table(Ticket), mappingColumn=id, insertable=true, updatable=true, unique=false}
12:49:34.495 [main] DEBUG o.h.b.internal.ClassLoaderAccessImpl - Not known whether passed class name [Classes.Ticket] is safe
12:49:34.495 [main] DEBUG o.h.b.internal.ClassLoaderAccessImpl - No temp ClassLoader provided; using live ClassLoader for loading potentially unsafe class : Classes.Ticket
12:49:34.495 [main] DEBUG o.h.cfg.annotations.PropertyBinder - MetadataSourceProcessor property id with lazy=false
12:49:34.495 [main] DEBUG o.h.cfg.AbstractPropertyHolder - Attempting to locate auto-apply AttributeConverter for property [Classes.Ticket:id]
12:49:34.495 [main] DEBUG o.h.c.annotations.SimpleValueBinder - building SimpleValue for id
12:49:34.495 [main] DEBUG o.h.cfg.annotations.PropertyBinder - Building property id
12:49:34.495 [main] DEBUG org.hibernate.cfg.BinderHelper - #makeIdGenerator(org.hibernate.mapping.SimpleValue([org.hibernate.mapping.Column(id)]), id, identity, , ...)
12:49:34.495 [main] DEBUG org.hibernate.cfg.Ejb3Column - Binding column: Ejb3JoinColumn{logicalColumnName='null', referencedColumn='null', mappedBy='null'}
12:49:34.495 [main] DEBUG org.hibernate.cfg.Ejb3Column - Binding column: Ejb3Column{table=org.hibernate.mapping.Table(Ticket), mappingColumn=seller, insertable=true, updatable=true, unique=false}
12:49:34.496 [main] DEBUG o.h.cfg.annotations.PropertyBinder - Building property seller
12:49:34.496 [main] DEBUG org.hibernate.cfg.AnnotationBinder - Binding entity from annotated class: Classes.Pass
12:49:34.496 [main] DEBUG o.h.cfg.annotations.EntityBinder - Import with entity name Pass
12:49:34.497 [main] DEBUG org.hibernate.cfg.Ejb3Column - Binding column: Ejb3JoinColumn{logicalColumnName='null', referencedColumn='null', mappedBy=''}
12:49:34.497 [main] DEBUG org.hibernate.cfg.Ejb3Column - Binding column: Ejb3Column{table=org.hibernate.mapping.Table(Ticket), mappingColumn=person, insertable=true, updatable=true, unique=false}
12:49:34.497 [main] DEBUG o.h.cfg.annotations.PropertyBinder - Building property person
12:49:34.497 [main] DEBUG org.hibernate.cfg.Ejb3Column - Binding column: Ejb3JoinColumn{logicalColumnName='null', referencedColumn='null', mappedBy='null'}
12:49:34.497 [main] DEBUG org.hibernate.cfg.Ejb3Column - Binding column: Ejb3Column{table=org.hibernate.mapping.Table(Ticket), mappingColumn=sellers, insertable=true, updatable=true, unique=false}
12:49:34.498 [main] DEBUG o.h.cfg.annotations.PropertyBinder - Building property sellers
12:49:34.498 [main] DEBUG org.hibernate.cfg.Ejb3Column - Binding column: Ejb3Column{table=org.hibernate.mapping.Table(Ticket), mappingColumn=validity, insertable=true, updatable=true, unique=false}
12:49:34.498 [main] DEBUG o.h.cfg.annotations.PropertyBinder - MetadataSourceProcessor property validity with lazy=false
12:49:34.498 [main] DEBUG o.h.cfg.AbstractPropertyHolder - Attempting to locate auto-apply AttributeConverter for property [Classes.Pass:validity]
12:49:34.499 [main] DEBUG o.h.c.annotations.SimpleValueBinder - building SimpleValue for validity
12:49:34.499 [main] DEBUG o.h.cfg.annotations.PropertyBinder - Building property validity
12:49:34.499 [main] DEBUG org.hibernate.cfg.AnnotationBinder - Binding entity from annotated class: Classes.Shop
12:49:34.499 [main] DEBUG o.h.cfg.annotations.EntityBinder - Import with entity name Shop
12:49:34.499 [main] DEBUG org.hibernate.cfg.AnnotationBinder - Skipping attribute [java.util.List : passes] as it was already processed as part of super hierarchy
12:49:34.499 [main] DEBUG org.hibernate.cfg.Ejb3Column - Binding column: Ejb3JoinColumn{logicalColumnName='null', referencedColumn='null', mappedBy=''}
12:49:34.499 [main] DEBUG org.hibernate.cfg.Ejb3Column - Binding column: Ejb3Column{table=org.hibernate.mapping.Table(TicketSeller), mappingColumn=people, insertable=true, updatable=true, unique=false}
12:49:34.499 [main] DEBUG org.hibernate.cfg.Ejb3Column - Binding column: Ejb3Column{table=org.hibernate.mapping.Table(TicketSeller), mappingColumn=null, insertable=true, updatable=true, unique=false}
12:49:34.499 [main] DEBUG org.hibernate.cfg.Ejb3Column - Binding column: Ejb3Column{table=org.hibernate.mapping.Table(TicketSeller), mappingColumn=element, insertable=true, updatable=true, unique=false}
12:49:34.501 [main] DEBUG org.hibernate.cfg.Ejb3Column - Binding column: Ejb3Column{table=org.hibernate.mapping.Table(TicketSeller), mappingColumn=people_KEY, insertable=true, updatable=true, unique=false}
12:49:34.501 [main] DEBUG org.hibernate.cfg.Ejb3Column - Binding column: Ejb3JoinColumn{logicalColumnName='people_KEY', referencedColumn='null', mappedBy='null'}
12:49:34.501 [main] DEBUG org.hibernate.cfg.Ejb3Column - Binding column: Ejb3JoinColumn{logicalColumnName='null', referencedColumn='null', mappedBy=''}
12:49:34.501 [main] DEBUG org.hibernate.cfg.Ejb3Column - Binding column: Ejb3JoinColumn{logicalColumnName='null', referencedColumn='null', mappedBy=''}
12:49:34.501 [main] DEBUG o.h.cfg.annotations.CollectionBinder - Collection role: Classes.Shop.people
12:49:34.501 [main] DEBUG o.h.cfg.annotations.PropertyBinder - Building property people
12:49:34.501 [main] DEBUG org.hibernate.cfg.AnnotationBinder - Skipping attribute [java.util.List : tickets] as it was already processed as part of super hierarchy
12:49:34.501 [main] DEBUG org.hibernate.cfg.AnnotationBinder - Binding entity from annotated class: Classes.VendingMachine
12:49:34.501 [main] DEBUG o.h.cfg.annotations.EntityBinder - Import with entity name VendingMachine
12:49:34.501 [main] DEBUG org.hibernate.cfg.Ejb3Column - Binding column: Ejb3Column{table=org.hibernate.mapping.Table(TicketSeller), mappingColumn=isWorking, insertable=true, updatable=true, unique=false}
12:49:34.501 [main] DEBUG o.h.cfg.annotations.PropertyBinder - MetadataSourceProcessor property isWorking with lazy=false
12:49:34.501 [main] DEBUG o.h.cfg.AbstractPropertyHolder - Attempting to locate auto-apply AttributeConverter for property [Classes.VendingMachine:isWorking]
12:49:34.501 [main] DEBUG o.h.c.annotations.SimpleValueBinder - building SimpleValue for isWorking
12:49:34.502 [main] DEBUG o.h.cfg.annotations.PropertyBinder - Building property isWorking
12:49:34.503 [main] DEBUG o.h.c.annotations.SimpleValueBinder - Starting fillSimpleValue for id
12:49:34.503 [main] DEBUG o.h.c.annotations.SimpleValueBinder - Starting fillSimpleValue for name
12:49:34.503 [main] DEBUG o.h.c.annotations.SimpleValueBinder - Starting fillSimpleValue for id
12:49:34.503 [main] DEBUG o.h.c.annotations.SimpleValueBinder - Starting fillSimpleValue for emissionDate
12:49:34.503 [main] DEBUG o.h.c.annotations.SimpleValueBinder - Starting fillSimpleValue for expirationDate
12:49:34.503 [main] DEBUG o.h.c.annotations.SimpleValueBinder - Starting fillSimpleValue for id
12:49:34.503 [main] DEBUG o.h.c.annotations.SimpleValueBinder - Starting fillSimpleValue for birthdate
12:49:34.503 [main] DEBUG o.h.c.annotations.SimpleValueBinder - Starting fillSimpleValue for firstName
12:49:34.503 [main] DEBUG o.h.c.annotations.SimpleValueBinder - Starting fillSimpleValue for lastName
12:49:34.503 [main] DEBUG o.h.c.annotations.SimpleValueBinder - Starting fillSimpleValue for id
12:49:34.503 [main] DEBUG o.h.c.annotations.SimpleValueBinder - Starting fillSimpleValue for validity
12:49:34.504 [main] DEBUG o.h.c.annotations.SimpleValueBinder - Starting fillSimpleValue for isWorking
12:49:34.506 [main] DEBUG org.hibernate.mapping.PrimaryKey - Forcing column [id] to be non-null as it is part of the primary key for table [ticketseller]
12:49:34.506 [main] DEBUG org.hibernate.mapping.PrimaryKey - Forcing column [id] to be non-null as it is part of the primary key for table [card]
12:49:34.507 [main] DEBUG org.hibernate.mapping.PrimaryKey - Forcing column [id] to be non-null as it is part of the primary key for table [person]
12:49:34.507 [main] DEBUG org.hibernate.mapping.PrimaryKey - Forcing column [id] to be non-null as it is part of the primary key for table [ticket]
12:49:34.507 [main] DEBUG o.hibernate.cfg.CollectionSecondPass - Second pass for collection: Classes.Shop.people
12:49:34.507 [main] DEBUG o.h.cfg.annotations.CollectionBinder - Binding a OneToMany: Classes.Shop.people through an association table
12:49:34.511 [main] DEBUG o.hibernate.cfg.CollectionSecondPass - Mapped collection key: Shop_id, element: people_id
12:49:34.511 [main] DEBUG o.hibernate.cfg.CollectionSecondPass - Second pass for collection: Abstract.TicketSeller.tickets
12:49:34.511 [main] DEBUG o.h.cfg.annotations.CollectionBinder - Binding a OneToMany: Abstract.TicketSeller.tickets through an association table
12:49:34.511 [main] DEBUG o.hibernate.cfg.CollectionSecondPass - Mapped collection key: TicketSeller_id, element: tickets_id
12:49:34.511 [main] DEBUG o.hibernate.cfg.CollectionSecondPass - Second pass for collection: Abstract.TicketSeller.passes
12:49:34.511 [main] DEBUG o.h.cfg.annotations.CollectionBinder - Binding a OneToMany: Abstract.TicketSeller.passes through an association table
12:49:34.511 [main] DEBUG o.hibernate.cfg.CollectionSecondPass - Mapped collection key: TicketSeller_id, element: passes_id
12:49:34.512 [main] DEBUG o.h.cfg.annotations.PropertyBinder - Building property person
12:49:34.512 [main] DEBUG o.h.b.i.InFlightMetadataCollectorImpl - Processing association property references
12:49:34.513 [main] DEBUG o.h.b.i.InFlightMetadataCollectorImpl - Resolving reference to class: Classes.Card
12:49:34.513 [main] DEBUG o.h.b.i.InFlightMetadataCollectorImpl - Resolving reference to class: Abstract.TicketSeller
12:49:34.513 [main] DEBUG o.h.b.i.InFlightMetadataCollectorImpl - Resolving reference to class: Classes.Person
12:49:34.514 [main] DEBUG o.h.b.i.InFlightMetadataCollectorImpl - Resolving reference to class: Abstract.TicketSeller
12:49:34.514 [main] DEBUG o.h.b.i.InFlightMetadataCollectorImpl - Resolving reference to class: Classes.Person
12:49:34.514 [main] DEBUG o.h.b.i.InFlightMetadataCollectorImpl - Resolving reference to class: Classes.Shop
12:49:34.514 [main] DEBUG o.h.b.i.InFlightMetadataCollectorImpl - Resolving reference to class: Classes.Ticket
12:49:34.514 [main] DEBUG o.h.b.i.InFlightMetadataCollectorImpl - Resolving reference to class: Abstract.TicketSeller
12:49:34.514 [main] DEBUG o.h.b.i.InFlightMetadataCollectorImpl - Resolving reference to class: Classes.Pass
12:49:34.515 [main] DEBUG o.h.b.i.InFlightMetadataCollectorImpl - Processing association property references
12:49:34.515 [main] DEBUG o.h.b.i.InFlightMetadataCollectorImpl - Resolving reference to class: Classes.Card
12:49:34.515 [main] DEBUG o.h.b.i.InFlightMetadataCollectorImpl - Resolving reference to class: Abstract.TicketSeller
12:49:34.516 [main] DEBUG o.h.b.i.InFlightMetadataCollectorImpl - Resolving reference to class: Classes.Person
12:49:34.516 [main] DEBUG o.h.b.i.InFlightMetadataCollectorImpl - Resolving reference to class: Abstract.TicketSeller
12:49:34.516 [main] DEBUG o.h.b.i.InFlightMetadataCollectorImpl - Resolving reference to class: Classes.Person
12:49:34.516 [main] DEBUG o.h.b.i.InFlightMetadataCollectorImpl - Resolving reference to class: Classes.Shop
12:49:34.516 [main] DEBUG o.h.b.i.InFlightMetadataCollectorImpl - Resolving reference to class: Classes.Ticket
12:49:34.516 [main] DEBUG o.h.b.i.InFlightMetadataCollectorImpl - Resolving reference to class: Abstract.TicketSeller
12:49:34.516 [main] DEBUG o.h.b.i.InFlightMetadataCollectorImpl - Resolving reference to class: Classes.Pass
12:49:34.542 [main] DEBUG o.h.internal.SessionFactoryImpl - Building session factory
12:49:34.543 [main] DEBUG org.hibernate.cfg.Settings - SessionFactory name : null
12:49:34.543 [main] DEBUG org.hibernate.cfg.Settings - Automatic flush during beforeCompletion(): enabled
12:49:34.543 [main] DEBUG org.hibernate.cfg.Settings - Automatic session close at end of transaction: disabled
12:49:34.543 [main] DEBUG org.hibernate.cfg.Settings - Statistics: disabled
12:49:34.543 [main] DEBUG org.hibernate.cfg.Settings - Deleted entity synthetic identifier rollback: disabled
12:49:34.543 [main] DEBUG org.hibernate.cfg.Settings - Default entity-mode: pojo
12:49:34.543 [main] DEBUG org.hibernate.cfg.Settings - Check Nullability in Core (should be disabled when Bean Validation is on): enabled
12:49:34.543 [main] DEBUG org.hibernate.cfg.Settings - Allow initialization of lazy state outside session : disabled
12:49:34.543 [main] DEBUG org.hibernate.cfg.Settings - Using BatchFetchStyle : LEGACY
12:49:34.543 [main] DEBUG org.hibernate.cfg.Settings - Default batch fetch size: -1
12:49:34.543 [main] DEBUG org.hibernate.cfg.Settings - Maximum outer join fetch depth: null
12:49:34.543 [main] DEBUG org.hibernate.cfg.Settings - Default null ordering: NONE
12:49:34.543 [main] DEBUG org.hibernate.cfg.Settings - Order SQL updates by primary key: disabled
12:49:34.543 [main] DEBUG org.hibernate.cfg.Settings - Order SQL inserts for batching: disabled
12:49:34.543 [main] DEBUG org.hibernate.cfg.Settings - multi-tenancy strategy : NONE
12:49:34.543 [main] DEBUG org.hibernate.cfg.Settings - JTA Track by Thread: enabled
12:49:34.543 [main] DEBUG org.hibernate.cfg.Settings - Query language substitutions: {}
12:49:34.543 [main] DEBUG org.hibernate.cfg.Settings - Named query checking : enabled
12:49:34.543 [main] DEBUG org.hibernate.cfg.Settings - Second-level cache: disabled
12:49:34.543 [main] DEBUG org.hibernate.cfg.Settings - Second-level query cache: disabled
12:49:34.543 [main] DEBUG org.hibernate.cfg.Settings - Second-level query cache factory: null
12:49:34.543 [main] DEBUG org.hibernate.cfg.Settings - Second-level cache region prefix: null
12:49:34.543 [main] DEBUG org.hibernate.cfg.Settings - Optimize second-level cache for minimal puts: disabled
12:49:34.543 [main] DEBUG org.hibernate.cfg.Settings - Structured second-level cache entries: disabled
12:49:34.543 [main] DEBUG org.hibernate.cfg.Settings - Second-level cache direct-reference entries: disabled
12:49:34.543 [main] DEBUG org.hibernate.cfg.Settings - Automatic eviction of collection cache: disabled
12:49:34.543 [main] DEBUG org.hibernate.cfg.Settings - JDBC batch size: 15
12:49:34.543 [main] DEBUG org.hibernate.cfg.Settings - JDBC batch updates for versioned data: enabled
12:49:34.543 [main] DEBUG org.hibernate.cfg.Settings - Scrollable result sets: enabled
12:49:34.543 [main] DEBUG org.hibernate.cfg.Settings - Wrap result sets: disabled
12:49:34.543 [main] DEBUG org.hibernate.cfg.Settings - JDBC3 getGeneratedKeys(): enabled
12:49:34.543 [main] DEBUG org.hibernate.cfg.Settings - JDBC result set fetch size: null
12:49:34.543 [main] DEBUG org.hibernate.cfg.Settings - Connection release mode: AFTER_TRANSACTION
12:49:34.543 [main] DEBUG org.hibernate.cfg.Settings - Generate SQL with comments: disabled
12:49:34.543 [main] DEBUG org.hibernate.cfg.Settings - JPA compliance - query : disabled
12:49:34.543 [main] DEBUG org.hibernate.cfg.Settings - JPA compliance - closed-handling : disabled
12:49:34.544 [main] DEBUG org.hibernate.cfg.Settings - JPA compliance - lists : disabled
12:49:34.544 [main] DEBUG org.hibernate.cfg.Settings - JPA compliance - transactions : disabled
12:49:34.549 [main] DEBUG o.h.b.internal.ClassLoaderAccessImpl - Not known whether passed class name [Classes.Pass] is safe
12:49:34.549 [main] DEBUG o.h.b.internal.ClassLoaderAccessImpl - No temp ClassLoader provided; using live ClassLoader for loading potentially unsafe class : Classes.Pass
12:49:34.549 [main] DEBUG o.h.b.internal.ClassLoaderAccessImpl - Not known whether passed class name [Classes.Shop] is safe
12:49:34.549 [main] DEBUG o.h.b.internal.ClassLoaderAccessImpl - No temp ClassLoader provided; using live ClassLoader for loading potentially unsafe class : Classes.Shop
12:49:34.549 [main] DEBUG o.h.b.internal.ClassLoaderAccessImpl - Not known whether passed class name [Classes.VendingMachine] is safe
12:49:34.549 [main] DEBUG o.h.b.internal.ClassLoaderAccessImpl - No temp ClassLoader provided; using live ClassLoader for loading potentially unsafe class : Classes.VendingMachine
12:49:34.575 [main] DEBUG o.h.s.i.SessionFactoryServiceRegistryImpl - EventListenerRegistry access via ServiceRegistry is deprecated.  Use `sessionFactory.getEventEngine().getListenerRegistry()` instead
12:49:34.576 [main] DEBUG o.h.s.i.SessionFactoryServiceRegistryImpl - EventListenerRegistry access via ServiceRegistry is deprecated.  Use `sessionFactory.getEventEngine().getListenerRegistry()` instead
12:49:34.585 [main] DEBUG o.h.internal.SessionFactoryImpl - Session factory constructed with filter configurations : {}
12:49:34.585 [main] DEBUG o.h.internal.SessionFactoryImpl - Instantiating session factory with properties: {java.specification.version=17, sun.cpu.isalist=amd64, sun.jnu.encoding=Cp1252, hibernate.dialect=org.hibernate.dialect.PostgreSQLDialect, java.class.path=C:\Users\total\Desktop\All\Epicode\fs0223-Luca-Sernicola-BackEnd\BuildWeek_4\target\classes;C:\Users\total\.m2\repository\ch\qos\logback\logback-classic\1.4.8\logback-classic-1.4.8.jar;C:\Users\total\.m2\repository\ch\qos\logback\logback-core\1.4.8\logback-core-1.4.8.jar;C:\Users\total\.m2\repository\org\slf4j\slf4j-api\2.0.7\slf4j-api-2.0.7.jar;C:\Users\total\.m2\repository\commons-io\commons-io\2.13.0\commons-io-2.13.0.jar;C:\Users\total\.m2\repository\org\postgresql\postgresql\42.6.0\postgresql-42.6.0.jar;C:\Users\total\.m2\repository\org\checkerframework\checker-qual\3.31.0\checker-qual-3.31.0.jar;C:\Users\total\.m2\repository\org\hibernate\hibernate-core\5.6.15.Final\hibernate-core-5.6.15.Final.jar;C:\Users\total\.m2\repository\org\jboss\logging\jboss-logging\3.4.3.Final\jboss-logging-3.4.3.Final.jar;C:\Users\total\.m2\repository\javax\persistence\javax.persistence-api\2.2\javax.persistence-api-2.2.jar;C:\Users\total\.m2\repository\net\bytebuddy\byte-buddy\1.12.18\byte-buddy-1.12.18.jar;C:\Users\total\.m2\repository\antlr\antlr\2.7.7\antlr-2.7.7.jar;C:\Users\total\.m2\repository\org\jboss\spec\javax\transaction\jboss-transaction-api_1.2_spec\1.1.1.Final\jboss-transaction-api_1.2_spec-1.1.1.Final.jar;C:\Users\total\.m2\repository\org\jboss\jandex\2.4.2.Final\jandex-2.4.2.Final.jar;C:\Users\total\.m2\repository\com\fasterxml\classmate\1.5.1\classmate-1.5.1.jar;C:\Users\total\.m2\repository\javax\activation\javax.activation-api\1.2.0\javax.activation-api-1.2.0.jar;C:\Users\total\.m2\repository\org\hibernate\common\hibernate-commons-annotations\5.1.2.Final\hibernate-commons-annotations-5.1.2.Final.jar;C:\Users\total\.m2\repository\javax\xml\bind\jaxb-api\2.3.1\jaxb-api-2.3.1.jar;C:\Users\total\.m2\repository\org\glassfish\jaxb\jaxb-runtime\2.3.1\jaxb-runtime-2.3.1.jar;C:\Users\total\.m2\repository\org\glassfish\jaxb\txw2\2.3.1\txw2-2.3.1.jar;C:\Users\total\.m2\repository\com\sun\istack\istack-commons-runtime\3.0.7\istack-commons-runtime-3.0.7.jar;C:\Users\total\.m2\repository\org\jvnet\staxex\stax-ex\1.8\stax-ex-1.8.jar;C:\Users\total\.m2\repository\com\sun\xml\fastinfoset\FastInfoset\1.2.15\FastInfoset-1.2.15.jar;C:\Users\total\Desktop\All\Epicode\fs0223-Luca-Sernicola-BackEnd\Homework_W3_D3\target\classes, java.vm.vendor=Eclipse Adoptium, sun.arch.data.model=64, user.variant=, java.vendor.url=https://adoptium.net/, user.timezone=Europe/Rome, javax.persistence.jdbc.url=jdbc:postgresql://localhost:5432/BuildWeek, javax.persistence.jdbc.user=****, java.vm.specification.version=17, os.name=Windows 11, jakarta.persistence.jdbc.password=****, sun.java.launcher=SUN_STANDARD, user.country=US, local.setting.IS_JTA_TXN_COORD=false, sun.boot.library.path=C:\Users\total\.p2\pool\plugins\org.eclipse.justj.openjdk.hotspot.jre.full.win32.x86_64_17.0.7.v20230425-1502\jre\bin, sun.java.command=MainClass.MainClass, jdk.debug=release, jakarta.persistence.jdbc.driver=org.postgresql.Driver, sun.cpu.endian=little, user.home=C:\Users\total, user.language=en, java.specification.vendor=Oracle Corporation, java.version.date=2023-04-18, java.home=C:\Users\total\.p2\pool\plugins\org.eclipse.justj.openjdk.hotspot.jre.full.win32.x86_64_17.0.7.v20230425-1502\jre, file.separator=\, java.vm.compressedOopsMode=Zero based, jakarta.persistence.jdbc.user=****, line.separator=
, hibernate.persistenceUnitName=BuildWeek_4, java.vm.specification.vendor=Oracle Corporation, java.specification.name=Java Platform API Specification, hibernate.transaction.coordinator_class=class org.hibernate.resource.transaction.backend.jdbc.internal.JdbcResourceLocalTransactionCoordinatorBuilderImpl, javax.persistence.jdbc.driver=org.postgresql.Driver, hibernate.hbm2ddl.auto=update, user.script=, sun.management.compiler=HotSpot 64-Bit Tiered Compilers, java.runtime.version=17.0.7+7, user.name=total, path.separator=;, hibernate.connection.username=****, os.version=10.0, java.runtime.name=OpenJDK Runtime Environment, hibernate.connection.url=jdbc:postgresql://localhost:5432/BuildWeek, file.encoding=UTF-8, hibernate.ejb.persistenceUnitName=BuildWeek_4, java.vm.name=OpenJDK 64-Bit Server VM, java.vendor.version=Temurin-17.0.7+7, hibernate.connection.driver_class=org.postgresql.Driver, java.vendor.url.bug=https://github.com/adoptium/adoptium-support/issues, java.io.tmpdir=C:\Users\total\AppData\Local\Temp\, java.version=17.0.7, user.dir=C:\Users\total\Desktop\All\Epicode\fs0223-Luca-Sernicola-BackEnd\BuildWeek_4, os.arch=amd64, java.vm.specification.name=Java Virtual Machine Specification, hibernate.connection.password=****, sun.os.patch.level=, jakarta.persistence.jdbc.url=jdbc:postgresql://localhost:5432/BuildWeek, hibernate.boot.CfgXmlAccessService.key=org.hibernate.boot.registry.StandardServiceRegistryBuilder$1@6ecab872, native.encoding=Cp1252, java.library.path=C:\Users\total\.p2\pool\plugins\org.eclipse.justj.openjdk.hotspot.jre.full.win32.x86_64_17.0.7.v20230425-1502\jre\bin;C:\windows\Sun\Java\bin;C:\windows\system32;C:\windows;C:/Users/total/.p2/pool/plugins/org.eclipse.justj.openjdk.hotspot.jre.full.win32.x86_64_17.0.7.v20230425-1502/jre/bin/server;C:/Users/total/.p2/pool/plugins/org.eclipse.justj.openjdk.hotspot.jre.full.win32.x86_64_17.0.7.v20230425-1502/jre/bin;C:\Program Files\Eclipse Adoptium\jdk-17.0.7.7-hotspot\bin;C:\Program Files (x86)\NVIDIA Corporation\PhysX\Common;C:\windows\system32;C:\windows;C:\windows\System32\Wbem;C:\windows\System32\WindowsPowerShell\v1.0\;C:\windows\System32\OpenSSH\;C:\Program Files\Git\cmd;C:\Program Files\nodejs\;C:\Users\total\AppData\Local\Microsoft\WindowsApps;C:\Users\total\AppData\Local\Programs\Microsoft VS Code\bin;C:\Users\total\AppData\Roaming\npm;C:\Users\total\AppData\Local\GitHubDesktop\bin;C:\windows\System32;;., java.vendor=Eclipse Adoptium, java.vm.info=mixed mode, java.vm.version=17.0.7+7, hibernate.bytecode.use_reflection_optimizer=false, sun.io.unicode.encoding=UnicodeLittle, javax.persistence.jdbc.password=****, java.class.version=61.0}
12:49:34.595 [main] DEBUG o.h.secure.spi.JaccIntegrator - Skipping JACC integration as it was not enabled
12:49:34.598 [main] DEBUG org.hibernate.type.EnumType - Using ORDINAL-based conversion for Enum Enums.Validity
12:49:34.598 [main] DEBUG o.h.internal.SessionFactoryImpl - Instantiated session factory
12:49:34.599 [main] DEBUG o.h.type.spi.TypeConfiguration$Scope - Scoping TypeConfiguration [org.hibernate.type.spi.TypeConfiguration@30cecdca] to SessionFactoryImpl [org.hibernate.internal.SessionFactoryImpl@7173ae5b]
12:49:34.631 [main] DEBUG o.h.b.internal.ClassLoaderAccessImpl - Not known whether passed class name [Abstract.TicketSeller] is safe
12:49:34.631 [main] DEBUG o.h.b.internal.ClassLoaderAccessImpl - No temp ClassLoader provided; using live ClassLoader for loading potentially unsafe class : Abstract.TicketSeller
12:49:34.633 [main] DEBUG o.h.b.internal.ClassLoaderAccessImpl - Not known whether passed class name [Classes.Shop] is safe
12:49:34.633 [main] DEBUG o.h.b.internal.ClassLoaderAccessImpl - No temp ClassLoader provided; using live ClassLoader for loading potentially unsafe class : Classes.Shop
12:49:34.633 [main] DEBUG o.h.b.internal.ClassLoaderAccessImpl - Not known whether passed class name [Classes.VendingMachine] is safe
12:49:34.633 [main] DEBUG o.h.b.internal.ClassLoaderAccessImpl - No temp ClassLoader provided; using live ClassLoader for loading potentially unsafe class : Classes.VendingMachine
12:49:34.738 [main] DEBUG o.hibernate.orm.bytecode.interceptor - To-one property `Classes.Card#person` was mapped with LAZY + NO_PROXY but the class was not enhanced
12:49:34.738 [main] DEBUG o.hibernate.orm.bytecode.interceptor - To-one property `Classes.Card#person` was mapped with LAZY + NO_PROXY but the class was not enhanced
12:49:34.738 [main] DEBUG o.h.b.internal.ClassLoaderAccessImpl - Not known whether passed class name [Classes.Card] is safe
12:49:34.738 [main] DEBUG o.h.b.internal.ClassLoaderAccessImpl - No temp ClassLoader provided; using live ClassLoader for loading potentially unsafe class : Classes.Card
12:49:34.747 [main] DEBUG o.hibernate.orm.bytecode.interceptor - To-one property `Classes.Card#person` was mapped with LAZY + NO_PROXY but the class was not enhanced
12:49:34.747 [main] DEBUG o.hibernate.orm.bytecode.interceptor - To-one property `Classes.Card#person` was mapped with LAZY + NO_PROXY but the class was not enhanced
12:49:34.747 [main] DEBUG o.hibernate.orm.bytecode.interceptor - To-one property `Classes.Person#cardNum` was mapped with LAZY + NO_PROXY but the class was not enhanced
12:49:34.747 [main] DEBUG o.hibernate.orm.bytecode.interceptor - To-one property `Classes.Person#cardNum` was mapped with LAZY + NO_PROXY but the class was not enhanced
12:49:34.747 [main] DEBUG o.h.b.internal.ClassLoaderAccessImpl - Not known whether passed class name [Classes.Person] is safe
12:49:34.747 [main] DEBUG o.h.b.internal.ClassLoaderAccessImpl - No temp ClassLoader provided; using live ClassLoader for loading potentially unsafe class : Classes.Person
12:49:34.754 [main] DEBUG o.hibernate.orm.bytecode.interceptor - To-one property `Classes.Person#cardNum` was mapped with LAZY + NO_PROXY but the class was not enhanced
12:49:34.754 [main] DEBUG o.hibernate.orm.bytecode.interceptor - To-one property `Classes.Person#cardNum` was mapped with LAZY + NO_PROXY but the class was not enhanced
12:49:34.754 [main] DEBUG o.hibernate.orm.bytecode.interceptor - To-one property `Classes.Ticket#seller` was mapped with LAZY + NO_PROXY but the class was not enhanced
12:49:34.754 [main] DEBUG o.hibernate.orm.bytecode.interceptor - To-one property `Classes.Ticket#seller` was mapped with LAZY + NO_PROXY but the class was not enhanced
12:49:34.754 [main] DEBUG o.hibernate.orm.bytecode.interceptor - To-one property `Classes.Pass#person` was mapped with LAZY + NO_PROXY but the class was not enhanced
12:49:34.754 [main] DEBUG o.hibernate.orm.bytecode.interceptor - To-one property `Classes.Pass#person` was mapped with LAZY + NO_PROXY but the class was not enhanced
12:49:34.754 [main] DEBUG o.hibernate.orm.bytecode.interceptor - To-one property `Classes.Pass#sellers` was mapped with LAZY + NO_PROXY but the class was not enhanced
12:49:34.754 [main] DEBUG o.hibernate.orm.bytecode.interceptor - To-one property `Classes.Pass#sellers` was mapped with LAZY + NO_PROXY but the class was not enhanced
12:49:34.754 [main] DEBUG o.h.b.internal.ClassLoaderAccessImpl - Not known whether passed class name [Classes.Pass] is safe
12:49:34.755 [main] DEBUG o.h.b.internal.ClassLoaderAccessImpl - No temp ClassLoader provided; using live ClassLoader for loading potentially unsafe class : Classes.Pass
12:49:34.760 [main] DEBUG o.hibernate.orm.bytecode.interceptor - To-one property `Classes.Ticket#seller` was mapped with LAZY + NO_PROXY but the class was not enhanced
12:49:34.761 [main] DEBUG o.hibernate.orm.bytecode.interceptor - To-one property `Classes.Pass#person` was mapped with LAZY + NO_PROXY but the class was not enhanced
12:49:34.761 [main] DEBUG o.hibernate.orm.bytecode.interceptor - To-one property `Classes.Pass#sellers` was mapped with LAZY + NO_PROXY but the class was not enhanced
12:49:34.761 [main] DEBUG o.hibernate.orm.bytecode.interceptor - To-one property `Classes.Ticket#seller` was mapped with LAZY + NO_PROXY but the class was not enhanced
12:49:34.761 [main] DEBUG o.hibernate.orm.bytecode.interceptor - To-one property `Classes.Pass#person` was mapped with LAZY + NO_PROXY but the class was not enhanced
12:49:34.761 [main] DEBUG o.hibernate.orm.bytecode.interceptor - To-one property `Classes.Pass#sellers` was mapped with LAZY + NO_PROXY but the class was not enhanced
12:49:34.766 [main] DEBUG o.hibernate.orm.bytecode.interceptor - To-one property `Classes.Ticket#seller` was mapped with LAZY + NO_PROXY but the class was not enhanced
12:49:34.766 [main] DEBUG o.hibernate.orm.bytecode.interceptor - To-one property `Classes.Ticket#seller` was mapped with LAZY + NO_PROXY but the class was not enhanced
12:49:34.766 [main] DEBUG o.h.b.internal.ClassLoaderAccessImpl - Not known whether passed class name [Classes.Ticket] is safe
12:49:34.766 [main] DEBUG o.h.b.internal.ClassLoaderAccessImpl - No temp ClassLoader provided; using live ClassLoader for loading potentially unsafe class : Classes.Ticket
12:49:34.771 [main] DEBUG o.hibernate.orm.bytecode.interceptor - To-one property `Classes.Ticket#seller` was mapped with LAZY + NO_PROXY but the class was not enhanced
12:49:34.771 [main] DEBUG o.hibernate.orm.bytecode.interceptor - To-one property `Classes.Ticket#seller` was mapped with LAZY + NO_PROXY but the class was not enhanced
12:49:34.772 [main] DEBUG o.hibernate.orm.bytecode.interceptor - To-one property `Classes.Pass#person` was mapped with LAZY + NO_PROXY but the class was not enhanced
12:49:34.772 [main] DEBUG o.hibernate.orm.bytecode.interceptor - To-one property `Classes.Pass#sellers` was mapped with LAZY + NO_PROXY but the class was not enhanced
12:49:34.782 [main] DEBUG o.h.p.c.AbstractCollectionPersister - Static SQL for collection: Abstract.TicketSeller.tickets
12:49:34.782 [main] DEBUG o.h.p.c.AbstractCollectionPersister -  Row insert: insert into TicketSeller_Ticket (TicketSeller_id, tickets_id) values (?, ?)
12:49:34.782 [main] DEBUG o.h.p.c.AbstractCollectionPersister -  Row update: update TicketSeller_Ticket set tickets_id=? where TicketSeller_id=? and tickets_id=?
12:49:34.782 [main] DEBUG o.h.p.c.AbstractCollectionPersister -  Row delete: delete from TicketSeller_Ticket where TicketSeller_id=? and tickets_id=?
12:49:34.782 [main] DEBUG o.h.p.c.AbstractCollectionPersister -  One-shot delete: delete from TicketSeller_Ticket where TicketSeller_id=?
12:49:34.782 [main] DEBUG o.h.p.c.AbstractCollectionPersister - Static SQL for collection: Abstract.TicketSeller.passes
12:49:34.782 [main] DEBUG o.h.p.c.AbstractCollectionPersister -  Row insert: insert into TicketSeller_Ticket (TicketSeller_id, passes_id) values (?, ?)
12:49:34.782 [main] DEBUG o.h.p.c.AbstractCollectionPersister -  Row update: update TicketSeller_Ticket set passes_id=? where TicketSeller_id=? and passes_id=?
12:49:34.782 [main] DEBUG o.h.p.c.AbstractCollectionPersister -  Row delete: delete from TicketSeller_Ticket where TicketSeller_id=? and passes_id=?
12:49:34.782 [main] DEBUG o.h.p.c.AbstractCollectionPersister -  One-shot delete: delete from TicketSeller_Ticket where TicketSeller_id=?
12:49:34.782 [main] DEBUG o.h.p.c.AbstractCollectionPersister - Static SQL for collection: Classes.Shop.people
12:49:34.782 [main] DEBUG o.h.p.c.AbstractCollectionPersister -  Row insert: insert into TicketSeller_Person (Shop_id, people_id) values (?, ?)
12:49:34.782 [main] DEBUG o.h.p.c.AbstractCollectionPersister -  Row update: update TicketSeller_Person set people_id=? where Shop_id=? and people_id=?
12:49:34.782 [main] DEBUG o.h.p.c.AbstractCollectionPersister -  Row delete: delete from TicketSeller_Person where Shop_id=? and people_id=?
12:49:34.782 [main] DEBUG o.h.p.c.AbstractCollectionPersister -  One-shot delete: delete from TicketSeller_Person where Shop_id=?
12:49:34.784 [main] DEBUG o.h.p.entity.AbstractEntityPersister - Static SQL for entity: Abstract.TicketSeller
12:49:34.784 [main] DEBUG o.h.p.entity.AbstractEntityPersister -  Version select: select id from TicketSeller where id =?
12:49:34.785 [main] DEBUG o.h.p.entity.AbstractEntityPersister -  Snapshot select: select ticketsell_.id, ticketsell_.seller_name as seller_n3_3_ from TicketSeller ticketsell_ where ticketsell_.id=?
12:49:34.785 [main] DEBUG o.h.p.entity.AbstractEntityPersister -  Insert 0: insert into TicketSeller (seller_name, type, id) values (?, 'TicketSeller', ?)
12:49:34.785 [main] DEBUG o.h.p.entity.AbstractEntityPersister -  Update 0: update TicketSeller set seller_name=? where id=?
12:49:34.785 [main] DEBUG o.h.p.entity.AbstractEntityPersister -  Delete 0: delete from TicketSeller where id=?
12:49:34.799 [main] DEBUG o.h.l.p.b.i.spaces.QuerySpacesImpl - Adding QuerySpace : uid = <gen:0> -> org.hibernate.loader.plan.build.internal.spaces.EntityQuerySpaceImpl@303c55fa]
12:49:34.799 [main] DEBUG o.h.p.w.spi.MetamodelGraphWalker - Visiting attribute path : name
12:49:34.799 [main] DEBUG o.h.p.w.spi.MetamodelGraphWalker - Visiting attribute path : passes
12:49:34.801 [main] DEBUG o.h.l.p.b.i.spaces.QuerySpacesImpl - Adding QuerySpace : uid = <gen:1> -> org.hibernate.loader.plan.build.internal.spaces.CollectionQuerySpaceImpl@506aabf6]
12:49:34.802 [main] DEBUG o.h.l.p.b.i.spaces.QuerySpacesImpl - Adding QuerySpace : uid = <gen:2> -> org.hibernate.loader.plan.build.internal.spaces.EntityQuerySpaceImpl@7c1447b5]
12:49:34.802 [main] DEBUG o.h.p.w.spi.MetamodelGraphWalker - Visiting attribute path : tickets
12:49:34.802 [main] DEBUG o.h.l.p.b.i.spaces.QuerySpacesImpl - Adding QuerySpace : uid = <gen:3> -> org.hibernate.loader.plan.build.internal.spaces.CollectionQuerySpaceImpl@f5cf29b]
12:49:34.802 [main] DEBUG o.h.l.p.b.i.spaces.QuerySpacesImpl - Adding QuerySpace : uid = <gen:4> -> org.hibernate.loader.plan.build.internal.spaces.EntityQuerySpaceImpl@3c66b7d8]
12:49:34.802 [main] DEBUG o.h.p.w.spi.MetamodelGraphWalker - Visiting attribute path : people
12:49:34.802 [main] DEBUG o.h.l.p.b.i.spaces.QuerySpacesImpl - Adding QuerySpace : uid = <gen:5> -> org.hibernate.loader.plan.build.internal.spaces.CollectionQuerySpaceImpl@37e69c43]
12:49:34.802 [main] DEBUG o.h.l.p.b.i.spaces.QuerySpacesImpl - Adding QuerySpace : uid = <gen:6> -> org.hibernate.loader.plan.build.internal.spaces.EntityQuerySpaceImpl@5c7dfc05]
12:49:34.802 [main] DEBUG o.h.p.w.spi.MetamodelGraphWalker - Visiting attribute path : isWorking
12:49:34.802 [main] DEBUG o.h.l.p.b.i.FetchStyleLoadPlanBuildingAssociationVisitationStrategy - Building LoadPlan...
12:49:34.809 [main] DEBUG o.h.l.p.e.i.LoadQueryJoinAndFetchProcessor - processing queryspace <gen:0>
12:49:34.811 [main] DEBUG o.h.l.p.b.spi.LoadPlanTreePrinter - LoadPlan(entity=Abstract.TicketSeller)
    - Returns
       - EntityReturnImpl(entity=Abstract.TicketSeller, querySpaceUid=<gen:0>, path=Abstract.TicketSeller)
          - CollectionAttributeFetchImpl(collection=Abstract.TicketSeller.passes, querySpaceUid=<gen:1>, path=Abstract.TicketSeller.passes)
             - (collection element) CollectionFetchableElementEntityGraph(entity=Classes.Pass, querySpaceUid=<gen:2>, path=Abstract.TicketSeller.passes.<elements>)
          - CollectionAttributeFetchImpl(collection=Abstract.TicketSeller.tickets, querySpaceUid=<gen:3>, path=Abstract.TicketSeller.tickets)
             - (collection element) CollectionFetchableElementEntityGraph(entity=Classes.Ticket, querySpaceUid=<gen:4>, path=Abstract.TicketSeller.tickets.<elements>)
          - CollectionAttributeFetchImpl(collection=Classes.Shop.people, querySpaceUid=<gen:5>, path=Abstract.TicketSeller.people)
             - (collection element) CollectionFetchableElementEntityGraph(entity=Classes.Person, querySpaceUid=<gen:6>, path=Abstract.TicketSeller.people.<elements>)
    - QuerySpaces
       - EntityQuerySpaceImpl(uid=<gen:0>, entity=Abstract.TicketSeller)
          - SQL table alias mapping - ticketsell0_
          - alias suffix - 0_
          - suffixed key columns - {id2_3_0_}

12:49:34.811 [main] DEBUG o.h.loader.entity.plan.EntityLoader - Static select for entity Abstract.TicketSeller [NONE]: select ticketsell0_.id as id2_3_0_, ticketsell0_.seller_name as seller_n3_3_0_, ticketsell0_.isWorking as isworkin4_3_0_, ticketsell0_.type as type1_3_0_ from TicketSeller ticketsell0_ where ticketsell0_.id=?
12:49:34.812 [main] DEBUG o.h.p.entity.AbstractEntityPersister - Static SQL for entity: Classes.Card
12:49:34.812 [main] DEBUG o.h.p.entity.AbstractEntityPersister -  Version select: select id from Card where id =?
12:49:34.812 [main] DEBUG o.h.p.entity.AbstractEntityPersister -  Snapshot select: select card_.id, card_.emissionDate as emission2_0_, card_.expirationDate as expirati3_0_ from Card card_ where card_.id=?
12:49:34.812 [main] DEBUG o.h.p.entity.AbstractEntityPersister -  Insert 0: insert into Card (emissionDate, expirationDate, id) values (?, ?, ?)
12:49:34.812 [main] DEBUG o.h.p.entity.AbstractEntityPersister -  Update 0: update Card set emissionDate=?, expirationDate=? where id=?
12:49:34.812 [main] DEBUG o.h.p.entity.AbstractEntityPersister -  Delete 0: delete from Card where id=?
12:49:34.812 [main] DEBUG o.h.p.entity.AbstractEntityPersister -  Identity insert: insert into Card (emissionDate, expirationDate) values (?, ?)
12:49:34.812 [main] DEBUG o.h.l.p.b.i.spaces.QuerySpacesImpl - Adding QuerySpace : uid = <gen:0> -> org.hibernate.loader.plan.build.internal.spaces.EntityQuerySpaceImpl@3a2e9f5b]
12:49:34.813 [main] DEBUG o.h.p.w.spi.MetamodelGraphWalker - Visiting attribute path : emissionDate
12:49:34.813 [main] DEBUG o.h.p.w.spi.MetamodelGraphWalker - Visiting attribute path : expirationDate
12:49:34.813 [main] DEBUG o.h.p.w.spi.MetamodelGraphWalker - Visiting attribute path : person
12:49:34.813 [main] DEBUG o.h.l.p.b.i.spaces.QuerySpacesImpl - Adding QuerySpace : uid = <gen:1> -> org.hibernate.loader.plan.build.internal.spaces.EntityQuerySpaceImpl@10c47c79]
12:49:34.813 [main] DEBUG o.h.p.w.spi.MetamodelGraphWalker - Visiting attribute path : person.birthdate
12:49:34.813 [main] DEBUG o.h.p.w.spi.MetamodelGraphWalker - Visiting attribute path : person.cardNum
12:49:34.813 [main] DEBUG o.h.p.w.spi.MetamodelGraphWalker - Property path deemed to be circular : person.cardNum
12:49:34.814 [main] DEBUG o.h.p.w.spi.MetamodelGraphWalker - Visiting attribute path : person.firstName
12:49:34.814 [main] DEBUG o.h.p.w.spi.MetamodelGraphWalker - Visiting attribute path : person.lastName
12:49:34.814 [main] DEBUG o.h.l.p.b.i.FetchStyleLoadPlanBuildingAssociationVisitationStrategy - Building LoadPlan...
12:49:34.814 [main] DEBUG o.h.l.p.e.i.LoadQueryJoinAndFetchProcessor - processing queryspace <gen:0>
12:49:34.814 [main] DEBUG o.h.l.p.b.spi.LoadPlanTreePrinter - LoadPlan(entity=Classes.Card)
    - Returns
       - EntityReturnImpl(entity=Classes.Card, querySpaceUid=<gen:0>, path=Classes.Card)
          - EntityAttributeFetchImpl(entity=Classes.Person, querySpaceUid=<gen:1>, path=Classes.Card.person)
    - QuerySpaces
       - EntityQuerySpaceImpl(uid=<gen:0>, entity=Classes.Card)
          - SQL table alias mapping - card0_
          - alias suffix - 0_
          - suffixed key columns - {id1_0_0_}
          - JOIN (JoinDefinedByMetadata(person)) : <gen:0> -> <gen:1>
             - EntityQuerySpaceImpl(uid=<gen:1>, entity=Classes.Person)
                - SQL table alias mapping - person1_
                - alias suffix - 1_
                - suffixed key columns - {id1_1_1_}

12:49:34.814 [main] DEBUG o.h.loader.entity.plan.EntityLoader - Static select for entity Classes.Card [NONE]: select card0_.id as id1_0_0_, card0_.emissionDate as emission2_0_0_, card0_.expirationDate as expirati3_0_0_, person1_.id as id1_1_1_, person1_.birthdate as birthdat2_1_1_, person1_.cardNum_id as cardnum_5_1_1_, person1_.firstName as firstnam3_1_1_, person1_.lastName as lastname4_1_1_ from Card card0_ left outer join Person person1_ on card0_.id=person1_.cardNum_id where card0_.id=?
12:49:34.815 [main] DEBUG o.h.p.entity.AbstractEntityPersister - Static SQL for entity: Classes.Person
12:49:34.815 [main] DEBUG o.h.p.entity.AbstractEntityPersister -  Version select: select id from Person where id =?
12:49:34.815 [main] DEBUG o.h.p.entity.AbstractEntityPersister -  Snapshot select: select person_.id, person_.birthdate as birthdat2_1_, person_.cardNum_id as cardnum_5_1_, person_.firstName as firstnam3_1_, person_.lastName as lastname4_1_ from Person person_ where person_.id=?
12:49:34.815 [main] DEBUG o.h.p.entity.AbstractEntityPersister -  Insert 0: insert into Person (birthdate, cardNum_id, firstName, lastName, id) values (?, ?, ?, ?, ?)
12:49:34.815 [main] DEBUG o.h.p.entity.AbstractEntityPersister -  Update 0: update Person set birthdate=?, cardNum_id=?, firstName=?, lastName=? where id=?
12:49:34.815 [main] DEBUG o.h.p.entity.AbstractEntityPersister -  Delete 0: delete from Person where id=?
12:49:34.815 [main] DEBUG o.h.p.entity.AbstractEntityPersister -  Identity insert: insert into Person (birthdate, cardNum_id, firstName, lastName) values (?, ?, ?, ?)
12:49:34.815 [main] DEBUG o.h.l.p.b.i.spaces.QuerySpacesImpl - Adding QuerySpace : uid = <gen:0> -> org.hibernate.loader.plan.build.internal.spaces.EntityQuerySpaceImpl@5f36c8e3]
12:49:34.815 [main] DEBUG o.h.p.w.spi.MetamodelGraphWalker - Visiting attribute path : birthdate
12:49:34.815 [main] DEBUG o.h.p.w.spi.MetamodelGraphWalker - Visiting attribute path : cardNum
12:49:34.815 [main] DEBUG o.h.l.p.b.i.spaces.QuerySpacesImpl - Adding QuerySpace : uid = <gen:1> -> org.hibernate.loader.plan.build.internal.spaces.EntityQuerySpaceImpl@6a9344f5]
12:49:34.815 [main] DEBUG o.h.p.w.spi.MetamodelGraphWalker - Visiting attribute path : cardNum.emissionDate
12:49:34.815 [main] DEBUG o.h.p.w.spi.MetamodelGraphWalker - Visiting attribute path : cardNum.expirationDate
12:49:34.815 [main] DEBUG o.h.p.w.spi.MetamodelGraphWalker - Visiting attribute path : cardNum.person
12:49:34.815 [main] DEBUG o.h.p.w.spi.MetamodelGraphWalker - Property path deemed to be circular : cardNum.person
12:49:34.815 [main] DEBUG o.h.p.w.spi.MetamodelGraphWalker - Visiting attribute path : firstName
12:49:34.815 [main] DEBUG o.h.p.w.spi.MetamodelGraphWalker - Visiting attribute path : lastName
12:49:34.815 [main] DEBUG o.h.l.p.b.i.FetchStyleLoadPlanBuildingAssociationVisitationStrategy - Building LoadPlan...
12:49:34.815 [main] DEBUG o.h.l.p.e.i.LoadQueryJoinAndFetchProcessor - processing queryspace <gen:0>
12:49:34.816 [main] DEBUG o.h.l.p.b.spi.LoadPlanTreePrinter - LoadPlan(entity=Classes.Person)
    - Returns
       - EntityReturnImpl(entity=Classes.Person, querySpaceUid=<gen:0>, path=Classes.Person)
          - EntityAttributeFetchImpl(entity=Classes.Card, querySpaceUid=<gen:1>, path=Classes.Person.cardNum)
    - QuerySpaces
       - EntityQuerySpaceImpl(uid=<gen:0>, entity=Classes.Person)
          - SQL table alias mapping - person0_
          - alias suffix - 0_
          - suffixed key columns - {id1_1_0_}
          - JOIN (JoinDefinedByMetadata(cardNum)) : <gen:0> -> <gen:1>
             - EntityQuerySpaceImpl(uid=<gen:1>, entity=Classes.Card)
                - SQL table alias mapping - card1_
                - alias suffix - 1_
                - suffixed key columns - {id1_0_1_}

12:49:34.816 [main] DEBUG o.h.loader.entity.plan.EntityLoader - Static select for entity Classes.Person [NONE]: select person0_.id as id1_1_0_, person0_.birthdate as birthdat2_1_0_, person0_.cardNum_id as cardnum_5_1_0_, person0_.firstName as firstnam3_1_0_, person0_.lastName as lastname4_1_0_, card1_.id as id1_0_1_, card1_.emissionDate as emission2_0_1_, card1_.expirationDate as expirati3_0_1_ from Person person0_ left outer join Card card1_ on person0_.cardNum_id=card1_.id where person0_.id=?
12:49:34.820 [main] DEBUG org.hibernate.loader.Loader - Static select for entity Classes.Person [NONE]: select person0_.id as id1_1_1_, person0_.birthdate as birthdat2_1_1_, person0_.cardNum_id as cardnum_5_1_1_, person0_.firstName as firstnam3_1_1_, person0_.lastName as lastname4_1_1_, card1_.id as id1_0_0_, card1_.emissionDate as emission2_0_0_, card1_.expirationDate as expirati3_0_0_ from Person person0_ left outer join Card card1_ on person0_.cardNum_id=card1_.id where person0_.cardNum_id=?
12:49:34.821 [main] DEBUG o.h.p.entity.AbstractEntityPersister - Static SQL for entity: Classes.Pass
12:49:34.821 [main] DEBUG o.h.p.entity.AbstractEntityPersister -  Version select: select id from Ticket where id =?
12:49:34.821 [main] DEBUG o.h.p.entity.AbstractEntityPersister -  Snapshot select: select pass_.id, pass_.seller_id as seller_i4_2_, pass_.person_id as person_i5_2_, pass_.sellers_id as sellers_6_2_, pass_.validity as validity3_2_ from Ticket pass_ where pass_.id=?
12:49:34.821 [main] DEBUG o.h.p.entity.AbstractEntityPersister -  Insert 0: insert into Ticket (seller_id, person_id, sellers_id, validity, DTYPE, id) values (?, ?, ?, ?, 'Pass', ?)
12:49:34.821 [main] DEBUG o.h.p.entity.AbstractEntityPersister -  Update 0: update Ticket set seller_id=?, person_id=?, sellers_id=?, validity=? where id=?
12:49:34.821 [main] DEBUG o.h.p.entity.AbstractEntityPersister -  Delete 0: delete from Ticket where id=?
12:49:34.821 [main] DEBUG o.h.p.entity.AbstractEntityPersister -  Identity insert: insert into Ticket (seller_id, person_id, sellers_id, validity, DTYPE) values (?, ?, ?, ?, 'Pass')
12:49:34.821 [main] DEBUG o.h.l.p.b.i.spaces.QuerySpacesImpl - Adding QuerySpace : uid = <gen:0> -> org.hibernate.loader.plan.build.internal.spaces.EntityQuerySpaceImpl@2fe74516]
12:49:34.821 [main] DEBUG o.h.p.w.spi.MetamodelGraphWalker - Visiting attribute path : seller
12:49:34.821 [main] DEBUG o.h.l.p.b.i.spaces.QuerySpacesImpl - Adding QuerySpace : uid = <gen:1> -> org.hibernate.loader.plan.build.internal.spaces.EntityQuerySpaceImpl@217bf99e]
12:49:34.821 [main] DEBUG o.h.p.w.spi.MetamodelGraphWalker - Visiting attribute path : seller.name
12:49:34.821 [main] DEBUG o.h.p.w.spi.MetamodelGraphWalker - Visiting attribute path : seller.passes
12:49:34.821 [main] DEBUG o.h.l.p.b.i.spaces.QuerySpacesImpl - Adding QuerySpace : uid = <gen:2> -> org.hibernate.loader.plan.build.internal.spaces.CollectionQuerySpaceImpl@7ddd84b5]
12:49:34.821 [main] DEBUG o.h.l.p.b.i.spaces.QuerySpacesImpl - Adding QuerySpace : uid = <gen:3> -> org.hibernate.loader.plan.build.internal.spaces.EntityQuerySpaceImpl@73aeef7d]
12:49:34.821 [main] DEBUG o.h.p.w.spi.MetamodelGraphWalker - Visiting attribute path : seller.tickets
12:49:34.821 [main] DEBUG o.h.l.p.b.i.spaces.QuerySpacesImpl - Adding QuerySpace : uid = <gen:4> -> org.hibernate.loader.plan.build.internal.spaces.CollectionQuerySpaceImpl@d675f9f]
12:49:34.821 [main] DEBUG o.h.l.p.b.i.spaces.QuerySpacesImpl - Adding QuerySpace : uid = <gen:5> -> org.hibernate.loader.plan.build.internal.spaces.EntityQuerySpaceImpl@58af5076]
12:49:34.821 [main] DEBUG o.h.p.w.spi.MetamodelGraphWalker - Visiting attribute path : seller.people
12:49:34.821 [main] DEBUG o.h.l.p.b.i.spaces.QuerySpacesImpl - Adding QuerySpace : uid = <gen:6> -> org.hibernate.loader.plan.build.internal.spaces.CollectionQuerySpaceImpl@49469ffa]
12:49:34.821 [main] DEBUG o.h.l.p.b.i.spaces.QuerySpacesImpl - Adding QuerySpace : uid = <gen:7> -> org.hibernate.loader.plan.build.internal.spaces.EntityQuerySpaceImpl@4d9754a8]
12:49:34.821 [main] DEBUG o.h.p.w.spi.MetamodelGraphWalker - Visiting attribute path : seller.isWorking
12:49:34.821 [main] DEBUG o.h.p.w.spi.MetamodelGraphWalker - Visiting attribute path : person
12:49:34.821 [main] DEBUG o.h.l.p.b.i.spaces.QuerySpacesImpl - Adding QuerySpace : uid = <gen:8> -> org.hibernate.loader.plan.build.internal.spaces.EntityQuerySpaceImpl@7a3b7122]
12:49:34.821 [main] DEBUG o.h.p.w.spi.MetamodelGraphWalker - Visiting attribute path : person.birthdate
12:49:34.821 [main] DEBUG o.h.p.w.spi.MetamodelGraphWalker - Visiting attribute path : person.cardNum
12:49:34.821 [main] DEBUG o.h.l.p.b.i.spaces.QuerySpacesImpl - Adding QuerySpace : uid = <gen:9> -> org.hibernate.loader.plan.build.internal.spaces.EntityQuerySpaceImpl@25f15f50]
12:49:34.821 [main] DEBUG o.h.p.w.spi.MetamodelGraphWalker - Visiting attribute path : person.cardNum.emissionDate
12:49:34.821 [main] DEBUG o.h.p.w.spi.MetamodelGraphWalker - Visiting attribute path : person.cardNum.expirationDate
12:49:34.821 [main] DEBUG o.h.p.w.spi.MetamodelGraphWalker - Visiting attribute path : person.cardNum.person
12:49:34.822 [main] DEBUG o.h.p.w.spi.MetamodelGraphWalker - Property path deemed to be circular : person.cardNum.person
12:49:34.822 [main] DEBUG o.h.p.w.spi.MetamodelGraphWalker - Visiting attribute path : person.firstName
12:49:34.822 [main] DEBUG o.h.p.w.spi.MetamodelGraphWalker - Visiting attribute path : person.lastName
12:49:34.822 [main] DEBUG o.h.p.w.spi.MetamodelGraphWalker - Visiting attribute path : sellers
12:49:34.822 [main] DEBUG o.h.l.p.b.i.spaces.QuerySpacesImpl - Adding QuerySpace : uid = <gen:10> -> org.hibernate.loader.plan.build.internal.spaces.EntityQuerySpaceImpl@7327a447]
12:49:34.822 [main] DEBUG o.h.p.w.spi.MetamodelGraphWalker - Visiting attribute path : sellers.name
12:49:34.822 [main] DEBUG o.h.p.w.spi.MetamodelGraphWalker - Visiting attribute path : sellers.passes
12:49:34.822 [main] DEBUG o.h.l.p.b.i.spaces.QuerySpacesImpl - Adding QuerySpace : uid = <gen:11> -> org.hibernate.loader.plan.build.internal.spaces.CollectionQuerySpaceImpl@2954f6ab]
12:49:34.822 [main] DEBUG o.h.l.p.b.i.spaces.QuerySpacesImpl - Adding QuerySpace : uid = <gen:12> -> org.hibernate.loader.plan.build.internal.spaces.EntityQuerySpaceImpl@58fbd02e]
12:49:34.822 [main] DEBUG o.h.p.w.spi.MetamodelGraphWalker - Visiting attribute path : sellers.tickets
12:49:34.822 [main] DEBUG o.h.l.p.b.i.spaces.QuerySpacesImpl - Adding QuerySpace : uid = <gen:13> -> org.hibernate.loader.plan.build.internal.spaces.CollectionQuerySpaceImpl@163042ea]
12:49:34.822 [main] DEBUG o.h.l.p.b.i.spaces.QuerySpacesImpl - Adding QuerySpace : uid = <gen:14> -> org.hibernate.loader.plan.build.internal.spaces.EntityQuerySpaceImpl@11d045b4]
12:49:34.822 [main] DEBUG o.h.p.w.spi.MetamodelGraphWalker - Visiting attribute path : sellers.people
12:49:34.822 [main] DEBUG o.h.l.p.b.i.spaces.QuerySpacesImpl - Adding QuerySpace : uid = <gen:15> -> org.hibernate.loader.plan.build.internal.spaces.CollectionQuerySpaceImpl@1fbf088b]
12:49:34.822 [main] DEBUG o.h.l.p.b.i.spaces.QuerySpacesImpl - Adding QuerySpace : uid = <gen:16> -> org.hibernate.loader.plan.build.internal.spaces.EntityQuerySpaceImpl@1943c1f2]
12:49:34.822 [main] DEBUG o.h.p.w.spi.MetamodelGraphWalker - Visiting attribute path : sellers.isWorking
12:49:34.822 [main] DEBUG o.h.p.w.spi.MetamodelGraphWalker - Visiting attribute path : validity
12:49:34.822 [main] DEBUG o.h.l.p.b.i.FetchStyleLoadPlanBuildingAssociationVisitationStrategy - Building LoadPlan...
12:49:34.822 [main] DEBUG o.h.l.p.e.i.LoadQueryJoinAndFetchProcessor - processing queryspace <gen:0>
12:49:34.823 [main] DEBUG o.h.l.p.b.spi.LoadPlanTreePrinter - LoadPlan(entity=Classes.Pass)
    - Returns
       - EntityReturnImpl(entity=Classes.Pass, querySpaceUid=<gen:0>, path=Classes.Pass)
          - EntityAttributeFetchImpl(entity=Abstract.TicketSeller, querySpaceUid=<gen:1>, path=Classes.Pass.seller)
             - CollectionAttributeFetchImpl(collection=Abstract.TicketSeller.passes, querySpaceUid=<gen:2>, path=Classes.Pass.seller.passes)
                - (collection element) CollectionFetchableElementEntityGraph(entity=Classes.Pass, querySpaceUid=<gen:3>, path=Classes.Pass.seller.passes.<elements>)
             - CollectionAttributeFetchImpl(collection=Abstract.TicketSeller.tickets, querySpaceUid=<gen:4>, path=Classes.Pass.seller.tickets)
                - (collection element) CollectionFetchableElementEntityGraph(entity=Classes.Ticket, querySpaceUid=<gen:5>, path=Classes.Pass.seller.tickets.<elements>)
             - CollectionAttributeFetchImpl(collection=Classes.Shop.people, querySpaceUid=<gen:6>, path=Classes.Pass.seller.people)
                - (collection element) CollectionFetchableElementEntityGraph(entity=Classes.Person, querySpaceUid=<gen:7>, path=Classes.Pass.seller.people.<elements>)
          - EntityAttributeFetchImpl(entity=Classes.Person, querySpaceUid=<gen:8>, path=Classes.Pass.person)
             - EntityAttributeFetchImpl(entity=Classes.Card, querySpaceUid=<gen:9>, path=Classes.Pass.person.cardNum)
          - EntityAttributeFetchImpl(entity=Abstract.TicketSeller, querySpaceUid=<gen:10>, path=Classes.Pass.sellers)
             - CollectionAttributeFetchImpl(collection=Abstract.TicketSeller.passes, querySpaceUid=<gen:11>, path=Classes.Pass.sellers.passes)
                - (collection element) CollectionFetchableElementEntityGraph(entity=Classes.Pass, querySpaceUid=<gen:12>, path=Classes.Pass.sellers.passes.<elements>)
             - CollectionAttributeFetchImpl(collection=Abstract.TicketSeller.tickets, querySpaceUid=<gen:13>, path=Classes.Pass.sellers.tickets)
                - (collection element) CollectionFetchableElementEntityGraph(entity=Classes.Ticket, querySpaceUid=<gen:14>, path=Classes.Pass.sellers.tickets.<elements>)
             - CollectionAttributeFetchImpl(collection=Classes.Shop.people, querySpaceUid=<gen:15>, path=Classes.Pass.sellers.people)
                - (collection element) CollectionFetchableElementEntityGraph(entity=Classes.Person, querySpaceUid=<gen:16>, path=Classes.Pass.sellers.people.<elements>)
    - QuerySpaces
       - EntityQuerySpaceImpl(uid=<gen:0>, entity=Classes.Pass)
          - SQL table alias mapping - pass0_
          - alias suffix - 0_
          - suffixed key columns - {id2_2_0_}
          - JOIN (JoinDefinedByMetadata(seller)) : <gen:0> -> <gen:1>
             - EntityQuerySpaceImpl(uid=<gen:1>, entity=Abstract.TicketSeller)
                - SQL table alias mapping - ticketsell1_
                - alias suffix - 1_
                - suffixed key columns - {id2_3_1_}
          - JOIN (JoinDefinedByMetadata(person)) : <gen:0> -> <gen:8>
             - EntityQuerySpaceImpl(uid=<gen:8>, entity=Classes.Person)
                - SQL table alias mapping - person2_
                - alias suffix - 2_
                - suffixed key columns - {id1_1_2_}
                - JOIN (JoinDefinedByMetadata(cardNum)) : <gen:8> -> <gen:9>
                   - EntityQuerySpaceImpl(uid=<gen:9>, entity=Classes.Card)
                      - SQL table alias mapping - card3_
                      - alias suffix - 3_
                      - suffixed key columns - {id1_0_3_}
          - JOIN (JoinDefinedByMetadata(sellers)) : <gen:0> -> <gen:10>
             - EntityQuerySpaceImpl(uid=<gen:10>, entity=Abstract.TicketSeller)
                - SQL table alias mapping - ticketsell4_
                - alias suffix - 4_
                - suffixed key columns - {id2_3_4_}

12:49:34.823 [main] DEBUG o.h.loader.entity.plan.EntityLoader - Static select for entity Classes.Pass [NONE]: select pass0_.id as id2_2_0_, pass0_.seller_id as seller_i4_2_0_, pass0_.person_id as person_i5_2_0_, pass0_.sellers_id as sellers_6_2_0_, pass0_.validity as validity3_2_0_, ticketsell1_.id as id2_3_1_, ticketsell1_.seller_name as seller_n3_3_1_, ticketsell1_.isWorking as isworkin4_3_1_, ticketsell1_.type as type1_3_1_, person2_.id as id1_1_2_, person2_.birthdate as birthdat2_1_2_, person2_.cardNum_id as cardnum_5_1_2_, person2_.firstName as firstnam3_1_2_, person2_.lastName as lastname4_1_2_, card3_.id as id1_0_3_, card3_.emissionDate as emission2_0_3_, card3_.expirationDate as expirati3_0_3_, ticketsell4_.id as id2_3_4_, ticketsell4_.seller_name as seller_n3_3_4_, ticketsell4_.isWorking as isworkin4_3_4_, ticketsell4_.type as type1_3_4_ from Ticket pass0_ left outer join TicketSeller ticketsell1_ on pass0_.seller_id=ticketsell1_.id left outer join Person person2_ on pass0_.person_id=person2_.id left outer join Card card3_ on person2_.cardNum_id=card3_.id left outer join TicketSeller ticketsell4_ on pass0_.sellers_id=ticketsell4_.id where pass0_.id=? and pass0_.DTYPE='Pass'
12:49:34.823 [main] DEBUG o.h.p.entity.AbstractEntityPersister - Static SQL for entity: Classes.Shop
12:49:34.823 [main] DEBUG o.h.p.entity.AbstractEntityPersister -  Version select: select id from TicketSeller where id =?
12:49:34.823 [main] DEBUG o.h.p.entity.AbstractEntityPersister -  Snapshot select: select shop_.id, shop_.seller_name as seller_n3_3_ from TicketSeller shop_ where shop_.id=?
12:49:34.823 [main] DEBUG o.h.p.entity.AbstractEntityPersister -  Insert 0: insert into TicketSeller (seller_name, type, id) values (?, 'shop', ?)
12:49:34.823 [main] DEBUG o.h.p.entity.AbstractEntityPersister -  Update 0: update TicketSeller set seller_name=? where id=?
12:49:34.823 [main] DEBUG o.h.p.entity.AbstractEntityPersister -  Delete 0: delete from TicketSeller where id=?
12:49:34.823 [main] DEBUG o.h.l.p.b.i.spaces.QuerySpacesImpl - Adding QuerySpace : uid = <gen:0> -> org.hibernate.loader.plan.build.internal.spaces.EntityQuerySpaceImpl@d70f722]
12:49:34.823 [main] DEBUG o.h.p.w.spi.MetamodelGraphWalker - Visiting attribute path : name
12:49:34.823 [main] DEBUG o.h.p.w.spi.MetamodelGraphWalker - Visiting attribute path : passes
12:49:34.823 [main] DEBUG o.h.l.p.b.i.spaces.QuerySpacesImpl - Adding QuerySpace : uid = <gen:1> -> org.hibernate.loader.plan.build.internal.spaces.CollectionQuerySpaceImpl@798256c5]
12:49:34.823 [main] DEBUG o.h.l.p.b.i.spaces.QuerySpacesImpl - Adding QuerySpace : uid = <gen:2> -> org.hibernate.loader.plan.build.internal.spaces.EntityQuerySpaceImpl@7ec95456]
12:49:34.823 [main] DEBUG o.h.p.w.spi.MetamodelGraphWalker - Visiting attribute path : tickets
12:49:34.823 [main] DEBUG o.h.l.p.b.i.spaces.QuerySpacesImpl - Adding QuerySpace : uid = <gen:3> -> org.hibernate.loader.plan.build.internal.spaces.CollectionQuerySpaceImpl@748a654a]
12:49:34.823 [main] DEBUG o.h.l.p.b.i.spaces.QuerySpacesImpl - Adding QuerySpace : uid = <gen:4> -> org.hibernate.loader.plan.build.internal.spaces.EntityQuerySpaceImpl@1d8b0500]
12:49:34.823 [main] DEBUG o.h.p.w.spi.MetamodelGraphWalker - Visiting attribute path : people
12:49:34.823 [main] DEBUG o.h.l.p.b.i.spaces.QuerySpacesImpl - Adding QuerySpace : uid = <gen:5> -> org.hibernate.loader.plan.build.internal.spaces.CollectionQuerySpaceImpl@76544c0a]
12:49:34.823 [main] DEBUG o.h.l.p.b.i.spaces.QuerySpacesImpl - Adding QuerySpace : uid = <gen:6> -> org.hibernate.loader.plan.build.internal.spaces.EntityQuerySpaceImpl@428bdd72]
12:49:34.823 [main] DEBUG o.h.l.p.b.i.FetchStyleLoadPlanBuildingAssociationVisitationStrategy - Building LoadPlan...
12:49:34.823 [main] DEBUG o.h.l.p.e.i.LoadQueryJoinAndFetchProcessor - processing queryspace <gen:0>
12:49:34.824 [main] DEBUG o.h.l.p.b.spi.LoadPlanTreePrinter - LoadPlan(entity=Classes.Shop)
    - Returns
       - EntityReturnImpl(entity=Classes.Shop, querySpaceUid=<gen:0>, path=Classes.Shop)
          - CollectionAttributeFetchImpl(collection=Abstract.TicketSeller.passes, querySpaceUid=<gen:1>, path=Classes.Shop.passes)
             - (collection element) CollectionFetchableElementEntityGraph(entity=Classes.Pass, querySpaceUid=<gen:2>, path=Classes.Shop.passes.<elements>)
          - CollectionAttributeFetchImpl(collection=Abstract.TicketSeller.tickets, querySpaceUid=<gen:3>, path=Classes.Shop.tickets)
             - (collection element) CollectionFetchableElementEntityGraph(entity=Classes.Ticket, querySpaceUid=<gen:4>, path=Classes.Shop.tickets.<elements>)
          - CollectionAttributeFetchImpl(collection=Classes.Shop.people, querySpaceUid=<gen:5>, path=Classes.Shop.people)
             - (collection element) CollectionFetchableElementEntityGraph(entity=Classes.Person, querySpaceUid=<gen:6>, path=Classes.Shop.people.<elements>)
    - QuerySpaces
       - EntityQuerySpaceImpl(uid=<gen:0>, entity=Classes.Shop)
          - SQL table alias mapping - shop0_
          - alias suffix - 0_
          - suffixed key columns - {id2_3_0_}

12:49:34.824 [main] DEBUG o.h.loader.entity.plan.EntityLoader - Static select for entity Classes.Shop [NONE]: select shop0_.id as id2_3_0_, shop0_.seller_name as seller_n3_3_0_ from TicketSeller shop0_ where shop0_.id=? and shop0_.type='shop'
12:49:34.824 [main] DEBUG o.h.p.entity.AbstractEntityPersister - Static SQL for entity: Classes.Ticket
12:49:34.824 [main] DEBUG o.h.p.entity.AbstractEntityPersister -  Version select: select id from Ticket where id =?
12:49:34.824 [main] DEBUG o.h.p.entity.AbstractEntityPersister -  Snapshot select: select ticket_.id, ticket_.seller_id as seller_i4_2_ from Ticket ticket_ where ticket_.id=?
12:49:34.824 [main] DEBUG o.h.p.entity.AbstractEntityPersister -  Insert 0: insert into Ticket (seller_id, DTYPE, id) values (?, 'Ticket', ?)
12:49:34.824 [main] DEBUG o.h.p.entity.AbstractEntityPersister -  Update 0: update Ticket set seller_id=? where id=?
12:49:34.824 [main] DEBUG o.h.p.entity.AbstractEntityPersister -  Delete 0: delete from Ticket where id=?
12:49:34.824 [main] DEBUG o.h.p.entity.AbstractEntityPersister -  Identity insert: insert into Ticket (seller_id, DTYPE) values (?, 'Ticket')
12:49:34.824 [main] DEBUG o.h.l.p.b.i.spaces.QuerySpacesImpl - Adding QuerySpace : uid = <gen:0> -> org.hibernate.loader.plan.build.internal.spaces.EntityQuerySpaceImpl@650c405c]
12:49:34.824 [main] DEBUG o.h.p.w.spi.MetamodelGraphWalker - Visiting attribute path : seller
12:49:34.824 [main] DEBUG o.h.l.p.b.i.spaces.QuerySpacesImpl - Adding QuerySpace : uid = <gen:1> -> org.hibernate.loader.plan.build.internal.spaces.EntityQuerySpaceImpl@748ac6f3]
12:49:34.824 [main] DEBUG o.h.p.w.spi.MetamodelGraphWalker - Visiting attribute path : seller.name
12:49:34.824 [main] DEBUG o.h.p.w.spi.MetamodelGraphWalker - Visiting attribute path : seller.passes
12:49:34.824 [main] DEBUG o.h.l.p.b.i.spaces.QuerySpacesImpl - Adding QuerySpace : uid = <gen:2> -> org.hibernate.loader.plan.build.internal.spaces.CollectionQuerySpaceImpl@6fff46bf]
12:49:34.824 [main] DEBUG o.h.l.p.b.i.spaces.QuerySpacesImpl - Adding QuerySpace : uid = <gen:3> -> org.hibernate.loader.plan.build.internal.spaces.EntityQuerySpaceImpl@1835dc92]
12:49:34.824 [main] DEBUG o.h.p.w.spi.MetamodelGraphWalker - Visiting attribute path : seller.tickets
12:49:34.824 [main] DEBUG o.h.l.p.b.i.spaces.QuerySpacesImpl - Adding QuerySpace : uid = <gen:4> -> org.hibernate.loader.plan.build.internal.spaces.CollectionQuerySpaceImpl@3aaa3c39]
12:49:34.824 [main] DEBUG o.h.l.p.b.i.spaces.QuerySpacesImpl - Adding QuerySpace : uid = <gen:5> -> org.hibernate.loader.plan.build.internal.spaces.EntityQuerySpaceImpl@65a9ea3c]
12:49:34.824 [main] DEBUG o.h.p.w.spi.MetamodelGraphWalker - Visiting attribute path : seller.people
12:49:34.824 [main] DEBUG o.h.l.p.b.i.spaces.QuerySpacesImpl - Adding QuerySpace : uid = <gen:6> -> org.hibernate.loader.plan.build.internal.spaces.CollectionQuerySpaceImpl@70f68288]
12:49:34.824 [main] DEBUG o.h.l.p.b.i.spaces.QuerySpacesImpl - Adding QuerySpace : uid = <gen:7> -> org.hibernate.loader.plan.build.internal.spaces.EntityQuerySpaceImpl@46911148]
12:49:34.824 [main] DEBUG o.h.p.w.spi.MetamodelGraphWalker - Visiting attribute path : seller.isWorking
12:49:34.824 [main] DEBUG o.h.p.w.spi.MetamodelGraphWalker - Visiting attribute path : person
12:49:34.824 [main] DEBUG o.h.l.p.b.i.spaces.QuerySpacesImpl - Adding QuerySpace : uid = <gen:8> -> org.hibernate.loader.plan.build.internal.spaces.EntityQuerySpaceImpl@2db1b657]
12:49:34.824 [main] DEBUG o.h.p.w.spi.MetamodelGraphWalker - Visiting attribute path : person.birthdate
12:49:34.824 [main] DEBUG o.h.p.w.spi.MetamodelGraphWalker - Visiting attribute path : person.cardNum
12:49:34.824 [main] DEBUG o.h.l.p.b.i.spaces.QuerySpacesImpl - Adding QuerySpace : uid = <gen:9> -> org.hibernate.loader.plan.build.internal.spaces.EntityQuerySpaceImpl@43c57161]
12:49:34.824 [main] DEBUG o.h.p.w.spi.MetamodelGraphWalker - Visiting attribute path : person.cardNum.emissionDate
12:49:34.824 [main] DEBUG o.h.p.w.spi.MetamodelGraphWalker - Visiting attribute path : person.cardNum.expirationDate
12:49:34.824 [main] DEBUG o.h.p.w.spi.MetamodelGraphWalker - Visiting attribute path : person.cardNum.person
12:49:34.824 [main] DEBUG o.h.p.w.spi.MetamodelGraphWalker - Property path deemed to be circular : person.cardNum.person
12:49:34.825 [main] DEBUG o.h.p.w.spi.MetamodelGraphWalker - Visiting attribute path : person.firstName
12:49:34.825 [main] DEBUG o.h.p.w.spi.MetamodelGraphWalker - Visiting attribute path : person.lastName
12:49:34.825 [main] DEBUG o.h.p.w.spi.MetamodelGraphWalker - Visiting attribute path : sellers
12:49:34.825 [main] DEBUG o.h.l.p.b.i.spaces.QuerySpacesImpl - Adding QuerySpace : uid = <gen:10> -> org.hibernate.loader.plan.build.internal.spaces.EntityQuerySpaceImpl@2db33feb]
12:49:34.825 [main] DEBUG o.h.p.w.spi.MetamodelGraphWalker - Visiting attribute path : sellers.name
12:49:34.825 [main] DEBUG o.h.p.w.spi.MetamodelGraphWalker - Visiting attribute path : sellers.passes
12:49:34.825 [main] DEBUG o.h.l.p.b.i.spaces.QuerySpacesImpl - Adding QuerySpace : uid = <gen:11> -> org.hibernate.loader.plan.build.internal.spaces.CollectionQuerySpaceImpl@58658f63]
12:49:34.825 [main] DEBUG o.h.l.p.b.i.spaces.QuerySpacesImpl - Adding QuerySpace : uid = <gen:12> -> org.hibernate.loader.plan.build.internal.spaces.EntityQuerySpaceImpl@54e12f4c]
12:49:34.825 [main] DEBUG o.h.p.w.spi.MetamodelGraphWalker - Visiting attribute path : sellers.tickets
12:49:34.825 [main] DEBUG o.h.l.p.b.i.spaces.QuerySpacesImpl - Adding QuerySpace : uid = <gen:13> -> org.hibernate.loader.plan.build.internal.spaces.CollectionQuerySpaceImpl@60990e5c]
12:49:34.825 [main] DEBUG o.h.l.p.b.i.spaces.QuerySpacesImpl - Adding QuerySpace : uid = <gen:14> -> org.hibernate.loader.plan.build.internal.spaces.EntityQuerySpaceImpl@4d84049a]
12:49:34.825 [main] DEBUG o.h.p.w.spi.MetamodelGraphWalker - Visiting attribute path : sellers.people
12:49:34.825 [main] DEBUG o.h.l.p.b.i.spaces.QuerySpacesImpl - Adding QuerySpace : uid = <gen:15> -> org.hibernate.loader.plan.build.internal.spaces.CollectionQuerySpaceImpl@39ee94de]
12:49:34.825 [main] DEBUG o.h.l.p.b.i.spaces.QuerySpacesImpl - Adding QuerySpace : uid = <gen:16> -> org.hibernate.loader.plan.build.internal.spaces.EntityQuerySpaceImpl@642857e0]
12:49:34.825 [main] DEBUG o.h.p.w.spi.MetamodelGraphWalker - Visiting attribute path : sellers.isWorking
12:49:34.825 [main] DEBUG o.h.p.w.spi.MetamodelGraphWalker - Visiting attribute path : validity
12:49:34.825 [main] DEBUG o.h.l.p.b.i.FetchStyleLoadPlanBuildingAssociationVisitationStrategy - Building LoadPlan...
12:49:34.825 [main] DEBUG o.h.l.p.e.i.LoadQueryJoinAndFetchProcessor - processing queryspace <gen:0>
12:49:34.826 [main] DEBUG o.h.l.p.b.spi.LoadPlanTreePrinter - LoadPlan(entity=Classes.Ticket)
    - Returns
       - EntityReturnImpl(entity=Classes.Ticket, querySpaceUid=<gen:0>, path=Classes.Ticket)
          - EntityAttributeFetchImpl(entity=Abstract.TicketSeller, querySpaceUid=<gen:1>, path=Classes.Ticket.seller)
             - CollectionAttributeFetchImpl(collection=Abstract.TicketSeller.passes, querySpaceUid=<gen:2>, path=Classes.Ticket.seller.passes)
                - (collection element) CollectionFetchableElementEntityGraph(entity=Classes.Pass, querySpaceUid=<gen:3>, path=Classes.Ticket.seller.passes.<elements>)
             - CollectionAttributeFetchImpl(collection=Abstract.TicketSeller.tickets, querySpaceUid=<gen:4>, path=Classes.Ticket.seller.tickets)
                - (collection element) CollectionFetchableElementEntityGraph(entity=Classes.Ticket, querySpaceUid=<gen:5>, path=Classes.Ticket.seller.tickets.<elements>)
             - CollectionAttributeFetchImpl(collection=Classes.Shop.people, querySpaceUid=<gen:6>, path=Classes.Ticket.seller.people)
                - (collection element) CollectionFetchableElementEntityGraph(entity=Classes.Person, querySpaceUid=<gen:7>, path=Classes.Ticket.seller.people.<elements>)
          - EntityAttributeFetchImpl(entity=Classes.Person, querySpaceUid=<gen:8>, path=Classes.Ticket.person)
             - EntityAttributeFetchImpl(entity=Classes.Card, querySpaceUid=<gen:9>, path=Classes.Ticket.person.cardNum)
          - EntityAttributeFetchImpl(entity=Abstract.TicketSeller, querySpaceUid=<gen:10>, path=Classes.Ticket.sellers)
             - CollectionAttributeFetchImpl(collection=Abstract.TicketSeller.passes, querySpaceUid=<gen:11>, path=Classes.Ticket.sellers.passes)
                - (collection element) CollectionFetchableElementEntityGraph(entity=Classes.Pass, querySpaceUid=<gen:12>, path=Classes.Ticket.sellers.passes.<elements>)
             - CollectionAttributeFetchImpl(collection=Abstract.TicketSeller.tickets, querySpaceUid=<gen:13>, path=Classes.Ticket.sellers.tickets)
                - (collection element) CollectionFetchableElementEntityGraph(entity=Classes.Ticket, querySpaceUid=<gen:14>, path=Classes.Ticket.sellers.tickets.<elements>)
             - CollectionAttributeFetchImpl(collection=Classes.Shop.people, querySpaceUid=<gen:15>, path=Classes.Ticket.sellers.people)
                - (collection element) CollectionFetchableElementEntityGraph(entity=Classes.Person, querySpaceUid=<gen:16>, path=Classes.Ticket.sellers.people.<elements>)
    - QuerySpaces
       - EntityQuerySpaceImpl(uid=<gen:0>, entity=Classes.Ticket)
          - SQL table alias mapping - ticket0_
          - alias suffix - 0_
          - suffixed key columns - {id2_2_0_}
          - JOIN (JoinDefinedByMetadata(seller)) : <gen:0> -> <gen:1>
             - EntityQuerySpaceImpl(uid=<gen:1>, entity=Abstract.TicketSeller)
                - SQL table alias mapping - ticketsell1_
                - alias suffix - 1_
                - suffixed key columns - {id2_3_1_}
          - JOIN (JoinDefinedByMetadata(person)) : <gen:0> -> <gen:8>
             - EntityQuerySpaceImpl(uid=<gen:8>, entity=Classes.Person)
                - SQL table alias mapping - person2_
                - alias suffix - 2_
                - suffixed key columns - {id1_1_2_}
                - JOIN (JoinDefinedByMetadata(cardNum)) : <gen:8> -> <gen:9>
                   - EntityQuerySpaceImpl(uid=<gen:9>, entity=Classes.Card)
                      - SQL table alias mapping - card3_
                      - alias suffix - 3_
                      - suffixed key columns - {id1_0_3_}
          - JOIN (JoinDefinedByMetadata(sellers)) : <gen:0> -> <gen:10>
             - EntityQuerySpaceImpl(uid=<gen:10>, entity=Abstract.TicketSeller)
                - SQL table alias mapping - ticketsell4_
                - alias suffix - 4_
                - suffixed key columns - {id2_3_4_}

12:49:34.826 [main] DEBUG o.h.loader.entity.plan.EntityLoader - Static select for entity Classes.Ticket [NONE]: select ticket0_.id as id2_2_0_, ticket0_.seller_id as seller_i4_2_0_, ticket0_.person_id as person_i5_2_0_, ticket0_.sellers_id as sellers_6_2_0_, ticket0_.validity as validity3_2_0_, ticket0_.DTYPE as dtype1_2_0_, ticketsell1_.id as id2_3_1_, ticketsell1_.seller_name as seller_n3_3_1_, ticketsell1_.isWorking as isworkin4_3_1_, ticketsell1_.type as type1_3_1_, person2_.id as id1_1_2_, person2_.birthdate as birthdat2_1_2_, person2_.cardNum_id as cardnum_5_1_2_, person2_.firstName as firstnam3_1_2_, person2_.lastName as lastname4_1_2_, card3_.id as id1_0_3_, card3_.emissionDate as emission2_0_3_, card3_.expirationDate as expirati3_0_3_, ticketsell4_.id as id2_3_4_, ticketsell4_.seller_name as seller_n3_3_4_, ticketsell4_.isWorking as isworkin4_3_4_, ticketsell4_.type as type1_3_4_ from Ticket ticket0_ left outer join TicketSeller ticketsell1_ on ticket0_.seller_id=ticketsell1_.id left outer join Person person2_ on ticket0_.person_id=person2_.id left outer join Card card3_ on person2_.cardNum_id=card3_.id left outer join TicketSeller ticketsell4_ on ticket0_.sellers_id=ticketsell4_.id where ticket0_.id=?
12:49:34.826 [main] DEBUG o.h.p.entity.AbstractEntityPersister - Static SQL for entity: Classes.VendingMachine
12:49:34.826 [main] DEBUG o.h.p.entity.AbstractEntityPersister -  Version select: select id from TicketSeller where id =?
12:49:34.826 [main] DEBUG o.h.p.entity.AbstractEntityPersister -  Snapshot select: select vendingmac_.id, vendingmac_.seller_name as seller_n3_3_, vendingmac_.isWorking as isworkin4_3_ from TicketSeller vendingmac_ where vendingmac_.id=?
12:49:34.826 [main] DEBUG o.h.p.entity.AbstractEntityPersister -  Insert 0: insert into TicketSeller (seller_name, isWorking, type, id) values (?, ?, 'vending_machine', ?)
12:49:34.826 [main] DEBUG o.h.p.entity.AbstractEntityPersister -  Update 0: update TicketSeller set seller_name=?, isWorking=? where id=?
12:49:34.826 [main] DEBUG o.h.p.entity.AbstractEntityPersister -  Delete 0: delete from TicketSeller where id=?
12:49:34.826 [main] DEBUG o.h.l.p.b.i.spaces.QuerySpacesImpl - Adding QuerySpace : uid = <gen:0> -> org.hibernate.loader.plan.build.internal.spaces.EntityQuerySpaceImpl@4c6b4ed7]
12:49:34.826 [main] DEBUG o.h.p.w.spi.MetamodelGraphWalker - Visiting attribute path : name
12:49:34.826 [main] DEBUG o.h.p.w.spi.MetamodelGraphWalker - Visiting attribute path : passes
12:49:34.826 [main] DEBUG o.h.l.p.b.i.spaces.QuerySpacesImpl - Adding QuerySpace : uid = <gen:1> -> org.hibernate.loader.plan.build.internal.spaces.CollectionQuerySpaceImpl@6ca30b8a]
12:49:34.826 [main] DEBUG o.h.l.p.b.i.spaces.QuerySpacesImpl - Adding QuerySpace : uid = <gen:2> -> org.hibernate.loader.plan.build.internal.spaces.EntityQuerySpaceImpl@4a92c6a9]
12:49:34.826 [main] DEBUG o.h.p.w.spi.MetamodelGraphWalker - Visiting attribute path : tickets
12:49:34.826 [main] DEBUG o.h.l.p.b.i.spaces.QuerySpacesImpl - Adding QuerySpace : uid = <gen:3> -> org.hibernate.loader.plan.build.internal.spaces.CollectionQuerySpaceImpl@5c9934da]
12:49:34.826 [main] DEBUG o.h.l.p.b.i.spaces.QuerySpacesImpl - Adding QuerySpace : uid = <gen:4> -> org.hibernate.loader.plan.build.internal.spaces.EntityQuerySpaceImpl@4cb702ce]
12:49:34.826 [main] DEBUG o.h.p.w.spi.MetamodelGraphWalker - Visiting attribute path : isWorking
12:49:34.826 [main] DEBUG o.h.l.p.b.i.FetchStyleLoadPlanBuildingAssociationVisitationStrategy - Building LoadPlan...
12:49:34.826 [main] DEBUG o.h.l.p.e.i.LoadQueryJoinAndFetchProcessor - processing queryspace <gen:0>
12:49:34.826 [main] DEBUG o.h.l.p.b.spi.LoadPlanTreePrinter - LoadPlan(entity=Classes.VendingMachine)
    - Returns
       - EntityReturnImpl(entity=Classes.VendingMachine, querySpaceUid=<gen:0>, path=Classes.VendingMachine)
          - CollectionAttributeFetchImpl(collection=Abstract.TicketSeller.passes, querySpaceUid=<gen:1>, path=Classes.VendingMachine.passes)
             - (collection element) CollectionFetchableElementEntityGraph(entity=Classes.Pass, querySpaceUid=<gen:2>, path=Classes.VendingMachine.passes.<elements>)
          - CollectionAttributeFetchImpl(collection=Abstract.TicketSeller.tickets, querySpaceUid=<gen:3>, path=Classes.VendingMachine.tickets)
             - (collection element) CollectionFetchableElementEntityGraph(entity=Classes.Ticket, querySpaceUid=<gen:4>, path=Classes.VendingMachine.tickets.<elements>)
    - QuerySpaces
       - EntityQuerySpaceImpl(uid=<gen:0>, entity=Classes.VendingMachine)
          - SQL table alias mapping - vendingmac0_
          - alias suffix - 0_
          - suffixed key columns - {id2_3_0_}

12:49:34.826 [main] DEBUG o.h.loader.entity.plan.EntityLoader - Static select for entity Classes.VendingMachine [NONE]: select vendingmac0_.id as id2_3_0_, vendingmac0_.seller_name as seller_n3_3_0_, vendingmac0_.isWorking as isworkin4_3_0_ from TicketSeller vendingmac0_ where vendingmac0_.id=? and vendingmac0_.type='vending_machine'
12:49:34.828 [main] DEBUG o.h.l.p.b.i.spaces.QuerySpacesImpl - Adding QuerySpace : uid = <gen:0> -> org.hibernate.loader.plan.build.internal.spaces.CollectionQuerySpaceImpl@3e1fd62b]
12:49:34.828 [main] DEBUG o.h.l.p.b.i.spaces.QuerySpacesImpl - Adding QuerySpace : uid = <gen:1> -> org.hibernate.loader.plan.build.internal.spaces.EntityQuerySpaceImpl@7112ce6]
12:49:34.829 [main] DEBUG o.h.p.w.spi.MetamodelGraphWalker - Visiting attribute path : seller
12:49:34.829 [main] DEBUG o.h.l.p.b.i.spaces.QuerySpacesImpl - Adding QuerySpace : uid = <gen:2> -> org.hibernate.loader.plan.build.internal.spaces.EntityQuerySpaceImpl@3b55dd15]
12:49:34.829 [main] DEBUG o.h.p.w.spi.MetamodelGraphWalker - Visiting attribute path : seller.name
12:49:34.829 [main] DEBUG o.h.p.w.spi.MetamodelGraphWalker - Visiting attribute path : seller.passes
12:49:34.829 [main] DEBUG o.h.p.w.spi.MetamodelGraphWalker - Property path deemed to be circular : seller.passes
12:49:34.829 [main] DEBUG o.h.p.w.spi.MetamodelGraphWalker - Visiting attribute path : seller.tickets
12:49:34.829 [main] DEBUG o.h.p.w.spi.MetamodelGraphWalker - Property path deemed to be circular : seller.tickets
12:49:34.829 [main] DEBUG o.h.p.w.spi.MetamodelGraphWalker - Visiting attribute path : seller.people
12:49:34.829 [main] DEBUG o.h.l.p.b.i.spaces.QuerySpacesImpl - Adding QuerySpace : uid = <gen:3> -> org.hibernate.loader.plan.build.internal.spaces.CollectionQuerySpaceImpl@3ba3d4b6]
12:49:34.829 [main] DEBUG o.h.l.p.b.i.spaces.QuerySpacesImpl - Adding QuerySpace : uid = <gen:4> -> org.hibernate.loader.plan.build.internal.spaces.EntityQuerySpaceImpl@51b77cdf]
12:49:34.829 [main] DEBUG o.h.p.w.spi.MetamodelGraphWalker - Visiting attribute path : seller.isWorking
12:49:34.829 [main] DEBUG o.h.p.w.spi.MetamodelGraphWalker - Visiting attribute path : person
12:49:34.829 [main] DEBUG o.h.l.p.b.i.spaces.QuerySpacesImpl - Adding QuerySpace : uid = <gen:5> -> org.hibernate.loader.plan.build.internal.spaces.EntityQuerySpaceImpl@441fbe89]
12:49:34.829 [main] DEBUG o.h.p.w.spi.MetamodelGraphWalker - Visiting attribute path : person.birthdate
12:49:34.829 [main] DEBUG o.h.p.w.spi.MetamodelGraphWalker - Visiting attribute path : person.cardNum
12:49:34.829 [main] DEBUG o.h.l.p.b.i.spaces.QuerySpacesImpl - Adding QuerySpace : uid = <gen:6> -> org.hibernate.loader.plan.build.internal.spaces.EntityQuerySpaceImpl@45ab3bdd]
12:49:34.829 [main] DEBUG o.h.p.w.spi.MetamodelGraphWalker - Visiting attribute path : person.cardNum.emissionDate
12:49:34.830 [main] DEBUG o.h.p.w.spi.MetamodelGraphWalker - Visiting attribute path : person.cardNum.expirationDate
12:49:34.830 [main] DEBUG o.h.p.w.spi.MetamodelGraphWalker - Visiting attribute path : person.cardNum.person
12:49:34.830 [main] DEBUG o.h.p.w.spi.MetamodelGraphWalker - Property path deemed to be circular : person.cardNum.person
12:49:34.830 [main] DEBUG o.h.p.w.spi.MetamodelGraphWalker - Visiting attribute path : person.firstName
12:49:34.830 [main] DEBUG o.h.p.w.spi.MetamodelGraphWalker - Visiting attribute path : person.lastName
12:49:34.830 [main] DEBUG o.h.p.w.spi.MetamodelGraphWalker - Visiting attribute path : sellers
12:49:34.830 [main] DEBUG o.h.l.p.b.i.spaces.QuerySpacesImpl - Adding QuerySpace : uid = <gen:7> -> org.hibernate.loader.plan.build.internal.spaces.EntityQuerySpaceImpl@1642eeae]
12:49:34.830 [main] DEBUG o.h.p.w.spi.MetamodelGraphWalker - Visiting attribute path : sellers.name
12:49:34.830 [main] DEBUG o.h.p.w.spi.MetamodelGraphWalker - Visiting attribute path : sellers.passes
12:49:34.830 [main] DEBUG o.h.p.w.spi.MetamodelGraphWalker - Property path deemed to be circular : sellers.passes
12:49:34.830 [main] DEBUG o.h.p.w.spi.MetamodelGraphWalker - Visiting attribute path : sellers.tickets
12:49:34.830 [main] DEBUG o.h.p.w.spi.MetamodelGraphWalker - Property path deemed to be circular : sellers.tickets
12:49:34.830 [main] DEBUG o.h.p.w.spi.MetamodelGraphWalker - Visiting attribute path : sellers.people
12:49:34.830 [main] DEBUG o.h.l.p.b.i.spaces.QuerySpacesImpl - Adding QuerySpace : uid = <gen:8> -> org.hibernate.loader.plan.build.internal.spaces.CollectionQuerySpaceImpl@28a9494b]
12:49:34.830 [main] DEBUG o.h.l.p.b.i.spaces.QuerySpacesImpl - Adding QuerySpace : uid = <gen:9> -> org.hibernate.loader.plan.build.internal.spaces.EntityQuerySpaceImpl@a09303]
12:49:34.830 [main] DEBUG o.h.p.w.spi.MetamodelGraphWalker - Visiting attribute path : sellers.isWorking
12:49:34.830 [main] DEBUG o.h.p.w.spi.MetamodelGraphWalker - Visiting attribute path : validity
12:49:34.830 [main] DEBUG o.h.l.p.b.i.FetchStyleLoadPlanBuildingAssociationVisitationStrategy - Building LoadPlan...
12:49:34.832 [main] DEBUG o.h.l.p.e.i.LoadQueryJoinAndFetchProcessor - processing queryspace <gen:0>
12:49:34.832 [main] DEBUG o.h.l.p.b.spi.LoadPlanTreePrinter - LoadPlan(collection=Abstract.TicketSeller.tickets)
    - Returns
       - CollectionReturnImpl(collection=Abstract.TicketSeller.tickets, querySpaceUid=<gen:0>, path=[Abstract.TicketSeller.tickets])
          - (collection element) CollectionFetchableElementEntityGraph(entity=Classes.Ticket, querySpaceUid=<gen:1>, path=[Abstract.TicketSeller.tickets].<elements>)
             - EntityAttributeFetchImpl(entity=Abstract.TicketSeller, querySpaceUid=<gen:2>, path=[Abstract.TicketSeller.tickets].<elements>.seller)
                - CollectionAttributeFetchImpl(collection=Classes.Shop.people, querySpaceUid=<gen:3>, path=[Abstract.TicketSeller.tickets].<elements>.seller.people)
                   - (collection element) CollectionFetchableElementEntityGraph(entity=Classes.Person, querySpaceUid=<gen:4>, path=[Abstract.TicketSeller.tickets].<elements>.seller.people.<elements>)
             - EntityAttributeFetchImpl(entity=Classes.Person, querySpaceUid=<gen:5>, path=[Abstract.TicketSeller.tickets].<elements>.person)
                - EntityAttributeFetchImpl(entity=Classes.Card, querySpaceUid=<gen:6>, path=[Abstract.TicketSeller.tickets].<elements>.person.cardNum)
             - EntityAttributeFetchImpl(entity=Abstract.TicketSeller, querySpaceUid=<gen:7>, path=[Abstract.TicketSeller.tickets].<elements>.sellers)
                - CollectionAttributeFetchImpl(collection=Classes.Shop.people, querySpaceUid=<gen:8>, path=[Abstract.TicketSeller.tickets].<elements>.sellers.people)
                   - (collection element) CollectionFetchableElementEntityGraph(entity=Classes.Person, querySpaceUid=<gen:9>, path=[Abstract.TicketSeller.tickets].<elements>.sellers.people.<elements>)
    - QuerySpaces
       - CollectionQuerySpaceImpl(uid=<gen:0>, collection=Abstract.TicketSeller.tickets)
          - SQL table alias mapping - tickets0_
          - alias suffix - 0_
          - suffixed key columns - {ticketse1_5_0_}
          - entity-element alias suffix - 1_
          - 1_entity-element suffixed key columns - id2_2_1_
          - JOIN (JoinDefinedByMetadata(elements)) : <gen:0> -> <gen:1>
             - EntityQuerySpaceImpl(uid=<gen:1>, entity=Classes.Ticket)
                - SQL table alias mapping - ticket1_
                - alias suffix - 1_
                - suffixed key columns - {id2_2_1_}
                - JOIN (JoinDefinedByMetadata(seller)) : <gen:1> -> <gen:2>
                   - EntityQuerySpaceImpl(uid=<gen:2>, entity=Abstract.TicketSeller)
                      - SQL table alias mapping - ticketsell2_
                      - alias suffix - 2_
                      - suffixed key columns - {id2_3_2_}
                - JOIN (JoinDefinedByMetadata(person)) : <gen:1> -> <gen:5>
                   - EntityQuerySpaceImpl(uid=<gen:5>, entity=Classes.Person)
                      - SQL table alias mapping - person3_
                      - alias suffix - 3_
                      - suffixed key columns - {id1_1_3_}
                      - JOIN (JoinDefinedByMetadata(cardNum)) : <gen:5> -> <gen:6>
                         - EntityQuerySpaceImpl(uid=<gen:6>, entity=Classes.Card)
                            - SQL table alias mapping - card4_
                            - alias suffix - 4_
                            - suffixed key columns - {id1_0_4_}
                - JOIN (JoinDefinedByMetadata(sellers)) : <gen:1> -> <gen:7>
                   - EntityQuerySpaceImpl(uid=<gen:7>, entity=Abstract.TicketSeller)
                      - SQL table alias mapping - ticketsell5_
                      - alias suffix - 5_
                      - suffixed key columns - {id2_3_5_}

12:49:34.832 [main] DEBUG o.h.l.c.plan.CollectionLoader - Static select for collection Abstract.TicketSeller.tickets: select tickets0_.TicketSeller_id as ticketse1_5_0_, tickets0_.tickets_id as tickets_2_5_0_, ticket1_.id as id2_2_1_, ticket1_.seller_id as seller_i4_2_1_, ticket1_.person_id as person_i5_2_1_, ticket1_.sellers_id as sellers_6_2_1_, ticket1_.validity as validity3_2_1_, ticket1_.DTYPE as dtype1_2_1_, ticketsell2_.id as id2_3_2_, ticketsell2_.seller_name as seller_n3_3_2_, ticketsell2_.isWorking as isworkin4_3_2_, ticketsell2_.type as type1_3_2_, person3_.id as id1_1_3_, person3_.birthdate as birthdat2_1_3_, person3_.cardNum_id as cardnum_5_1_3_, person3_.firstName as firstnam3_1_3_, person3_.lastName as lastname4_1_3_, card4_.id as id1_0_4_, card4_.emissionDate as emission2_0_4_, card4_.expirationDate as expirati3_0_4_, ticketsell5_.id as id2_3_5_, ticketsell5_.seller_name as seller_n3_3_5_, ticketsell5_.isWorking as isworkin4_3_5_, ticketsell5_.type as type1_3_5_ from TicketSeller_Ticket tickets0_ inner join Ticket ticket1_ on tickets0_.tickets_id=ticket1_.id left outer join TicketSeller ticketsell2_ on ticket1_.seller_id=ticketsell2_.id left outer join Person person3_ on ticket1_.person_id=person3_.id left outer join Card card4_ on person3_.cardNum_id=card4_.id left outer join TicketSeller ticketsell5_ on ticket1_.sellers_id=ticketsell5_.id where tickets0_.TicketSeller_id=?
12:49:34.832 [main] DEBUG o.h.l.p.b.i.spaces.QuerySpacesImpl - Adding QuerySpace : uid = <gen:0> -> org.hibernate.loader.plan.build.internal.spaces.CollectionQuerySpaceImpl@7a9eccc4]
12:49:34.832 [main] DEBUG o.h.l.p.b.i.spaces.QuerySpacesImpl - Adding QuerySpace : uid = <gen:1> -> org.hibernate.loader.plan.build.internal.spaces.EntityQuerySpaceImpl@78422efb]
12:49:34.833 [main] DEBUG o.h.p.w.spi.MetamodelGraphWalker - Visiting attribute path : seller
12:49:34.833 [main] DEBUG o.h.l.p.b.i.spaces.QuerySpacesImpl - Adding QuerySpace : uid = <gen:2> -> org.hibernate.loader.plan.build.internal.spaces.EntityQuerySpaceImpl@64942607]
12:49:34.833 [main] DEBUG o.h.p.w.spi.MetamodelGraphWalker - Visiting attribute path : seller.name
12:49:34.833 [main] DEBUG o.h.p.w.spi.MetamodelGraphWalker - Visiting attribute path : seller.passes
12:49:34.833 [main] DEBUG o.h.p.w.spi.MetamodelGraphWalker - Property path deemed to be circular : seller.passes
12:49:34.833 [main] DEBUG o.h.p.w.spi.MetamodelGraphWalker - Visiting attribute path : seller.tickets
12:49:34.833 [main] DEBUG o.h.p.w.spi.MetamodelGraphWalker - Property path deemed to be circular : seller.tickets
12:49:34.833 [main] DEBUG o.h.p.w.spi.MetamodelGraphWalker - Visiting attribute path : seller.people
12:49:34.833 [main] DEBUG o.h.l.p.b.i.spaces.QuerySpacesImpl - Adding QuerySpace : uid = <gen:3> -> org.hibernate.loader.plan.build.internal.spaces.CollectionQuerySpaceImpl@7cfac39f]
12:49:34.833 [main] DEBUG o.h.l.p.b.i.spaces.QuerySpacesImpl - Adding QuerySpace : uid = <gen:4> -> org.hibernate.loader.plan.build.internal.spaces.EntityQuerySpaceImpl@158ae284]
12:49:34.833 [main] DEBUG o.h.p.w.spi.MetamodelGraphWalker - Visiting attribute path : seller.isWorking
12:49:34.833 [main] DEBUG o.h.p.w.spi.MetamodelGraphWalker - Visiting attribute path : person
12:49:34.833 [main] DEBUG o.h.l.p.b.i.spaces.QuerySpacesImpl - Adding QuerySpace : uid = <gen:5> -> org.hibernate.loader.plan.build.internal.spaces.EntityQuerySpaceImpl@50eb4a2c]
12:49:34.833 [main] DEBUG o.h.p.w.spi.MetamodelGraphWalker - Visiting attribute path : person.birthdate
12:49:34.833 [main] DEBUG o.h.p.w.spi.MetamodelGraphWalker - Visiting attribute path : person.cardNum
12:49:34.833 [main] DEBUG o.h.l.p.b.i.spaces.QuerySpacesImpl - Adding QuerySpace : uid = <gen:6> -> org.hibernate.loader.plan.build.internal.spaces.EntityQuerySpaceImpl@3069a360]
12:49:34.833 [main] DEBUG o.h.p.w.spi.MetamodelGraphWalker - Visiting attribute path : person.cardNum.emissionDate
12:49:34.833 [main] DEBUG o.h.p.w.spi.MetamodelGraphWalker - Visiting attribute path : person.cardNum.expirationDate
12:49:34.833 [main] DEBUG o.h.p.w.spi.MetamodelGraphWalker - Visiting attribute path : person.cardNum.person
12:49:34.833 [main] DEBUG o.h.p.w.spi.MetamodelGraphWalker - Property path deemed to be circular : person.cardNum.person
12:49:34.833 [main] DEBUG o.h.p.w.spi.MetamodelGraphWalker - Visiting attribute path : person.firstName
12:49:34.833 [main] DEBUG o.h.p.w.spi.MetamodelGraphWalker - Visiting attribute path : person.lastName
12:49:34.833 [main] DEBUG o.h.p.w.spi.MetamodelGraphWalker - Visiting attribute path : sellers
12:49:34.833 [main] DEBUG o.h.l.p.b.i.spaces.QuerySpacesImpl - Adding QuerySpace : uid = <gen:7> -> org.hibernate.loader.plan.build.internal.spaces.EntityQuerySpaceImpl@7885776b]
12:49:34.833 [main] DEBUG o.h.p.w.spi.MetamodelGraphWalker - Visiting attribute path : sellers.name
12:49:34.833 [main] DEBUG o.h.p.w.spi.MetamodelGraphWalker - Visiting attribute path : sellers.passes
12:49:34.833 [main] DEBUG o.h.p.w.spi.MetamodelGraphWalker - Property path deemed to be circular : sellers.passes
12:49:34.833 [main] DEBUG o.h.p.w.spi.MetamodelGraphWalker - Visiting attribute path : sellers.tickets
12:49:34.833 [main] DEBUG o.h.p.w.spi.MetamodelGraphWalker - Property path deemed to be circular : sellers.tickets
12:49:34.833 [main] DEBUG o.h.p.w.spi.MetamodelGraphWalker - Visiting attribute path : sellers.people
12:49:34.833 [main] DEBUG o.h.l.p.b.i.spaces.QuerySpacesImpl - Adding QuerySpace : uid = <gen:8> -> org.hibernate.loader.plan.build.internal.spaces.CollectionQuerySpaceImpl@3472947a]
12:49:34.833 [main] DEBUG o.h.l.p.b.i.spaces.QuerySpacesImpl - Adding QuerySpace : uid = <gen:9> -> org.hibernate.loader.plan.build.internal.spaces.EntityQuerySpaceImpl@69d3cf7e]
12:49:34.833 [main] DEBUG o.h.p.w.spi.MetamodelGraphWalker - Visiting attribute path : sellers.isWorking
12:49:34.833 [main] DEBUG o.h.p.w.spi.MetamodelGraphWalker - Visiting attribute path : validity
12:49:34.833 [main] DEBUG o.h.l.p.b.i.FetchStyleLoadPlanBuildingAssociationVisitationStrategy - Building LoadPlan...
12:49:34.833 [main] DEBUG o.h.l.p.e.i.LoadQueryJoinAndFetchProcessor - processing queryspace <gen:0>
12:49:34.834 [main] DEBUG o.h.l.p.b.spi.LoadPlanTreePrinter - LoadPlan(collection=Abstract.TicketSeller.passes)
    - Returns
       - CollectionReturnImpl(collection=Abstract.TicketSeller.passes, querySpaceUid=<gen:0>, path=[Abstract.TicketSeller.passes])
          - (collection element) CollectionFetchableElementEntityGraph(entity=Classes.Pass, querySpaceUid=<gen:1>, path=[Abstract.TicketSeller.passes].<elements>)
             - EntityAttributeFetchImpl(entity=Abstract.TicketSeller, querySpaceUid=<gen:2>, path=[Abstract.TicketSeller.passes].<elements>.seller)
                - CollectionAttributeFetchImpl(collection=Classes.Shop.people, querySpaceUid=<gen:3>, path=[Abstract.TicketSeller.passes].<elements>.seller.people)
                   - (collection element) CollectionFetchableElementEntityGraph(entity=Classes.Person, querySpaceUid=<gen:4>, path=[Abstract.TicketSeller.passes].<elements>.seller.people.<elements>)
             - EntityAttributeFetchImpl(entity=Classes.Person, querySpaceUid=<gen:5>, path=[Abstract.TicketSeller.passes].<elements>.person)
                - EntityAttributeFetchImpl(entity=Classes.Card, querySpaceUid=<gen:6>, path=[Abstract.TicketSeller.passes].<elements>.person.cardNum)
             - EntityAttributeFetchImpl(entity=Abstract.TicketSeller, querySpaceUid=<gen:7>, path=[Abstract.TicketSeller.passes].<elements>.sellers)
                - CollectionAttributeFetchImpl(collection=Classes.Shop.people, querySpaceUid=<gen:8>, path=[Abstract.TicketSeller.passes].<elements>.sellers.people)
                   - (collection element) CollectionFetchableElementEntityGraph(entity=Classes.Person, querySpaceUid=<gen:9>, path=[Abstract.TicketSeller.passes].<elements>.sellers.people.<elements>)
    - QuerySpaces
       - CollectionQuerySpaceImpl(uid=<gen:0>, collection=Abstract.TicketSeller.passes)
          - SQL table alias mapping - passes0_
          - alias suffix - 0_
          - suffixed key columns - {ticketse1_5_0_}
          - entity-element alias suffix - 1_
          - 1_entity-element suffixed key columns - id2_2_1_
          - JOIN (JoinDefinedByMetadata(elements)) : <gen:0> -> <gen:1>
             - EntityQuerySpaceImpl(uid=<gen:1>, entity=Classes.Pass)
                - SQL table alias mapping - pass1_
                - alias suffix - 1_
                - suffixed key columns - {id2_2_1_}
                - JOIN (JoinDefinedByMetadata(seller)) : <gen:1> -> <gen:2>
                   - EntityQuerySpaceImpl(uid=<gen:2>, entity=Abstract.TicketSeller)
                      - SQL table alias mapping - ticketsell2_
                      - alias suffix - 2_
                      - suffixed key columns - {id2_3_2_}
                - JOIN (JoinDefinedByMetadata(person)) : <gen:1> -> <gen:5>
                   - EntityQuerySpaceImpl(uid=<gen:5>, entity=Classes.Person)
                      - SQL table alias mapping - person3_
                      - alias suffix - 3_
                      - suffixed key columns - {id1_1_3_}
                      - JOIN (JoinDefinedByMetadata(cardNum)) : <gen:5> -> <gen:6>
                         - EntityQuerySpaceImpl(uid=<gen:6>, entity=Classes.Card)
                            - SQL table alias mapping - card4_
                            - alias suffix - 4_
                            - suffixed key columns - {id1_0_4_}
                - JOIN (JoinDefinedByMetadata(sellers)) : <gen:1> -> <gen:7>
                   - EntityQuerySpaceImpl(uid=<gen:7>, entity=Abstract.TicketSeller)
                      - SQL table alias mapping - ticketsell5_
                      - alias suffix - 5_
                      - suffixed key columns - {id2_3_5_}

12:49:34.834 [main] DEBUG o.h.l.c.plan.CollectionLoader - Static select for collection Abstract.TicketSeller.passes: select passes0_.TicketSeller_id as ticketse1_5_0_, passes0_.passes_id as passes_i3_5_0_, pass1_.id as id2_2_1_, pass1_.seller_id as seller_i4_2_1_, pass1_.person_id as person_i5_2_1_, pass1_.sellers_id as sellers_6_2_1_, pass1_.validity as validity3_2_1_, ticketsell2_.id as id2_3_2_, ticketsell2_.seller_name as seller_n3_3_2_, ticketsell2_.isWorking as isworkin4_3_2_, ticketsell2_.type as type1_3_2_, person3_.id as id1_1_3_, person3_.birthdate as birthdat2_1_3_, person3_.cardNum_id as cardnum_5_1_3_, person3_.firstName as firstnam3_1_3_, person3_.lastName as lastname4_1_3_, card4_.id as id1_0_4_, card4_.emissionDate as emission2_0_4_, card4_.expirationDate as expirati3_0_4_, ticketsell5_.id as id2_3_5_, ticketsell5_.seller_name as seller_n3_3_5_, ticketsell5_.isWorking as isworkin4_3_5_, ticketsell5_.type as type1_3_5_ from TicketSeller_Ticket passes0_ inner join Ticket pass1_ on passes0_.passes_id=pass1_.id left outer join TicketSeller ticketsell2_ on pass1_.seller_id=ticketsell2_.id left outer join Person person3_ on pass1_.person_id=person3_.id left outer join Card card4_ on person3_.cardNum_id=card4_.id left outer join TicketSeller ticketsell5_ on pass1_.sellers_id=ticketsell5_.id where passes0_.TicketSeller_id=?
12:49:34.834 [main] DEBUG o.h.l.p.b.i.spaces.QuerySpacesImpl - Adding QuerySpace : uid = <gen:0> -> org.hibernate.loader.plan.build.internal.spaces.CollectionQuerySpaceImpl@3a3ed300]
12:49:34.834 [main] DEBUG o.h.l.p.b.i.spaces.QuerySpacesImpl - Adding QuerySpace : uid = <gen:1> -> org.hibernate.loader.plan.build.internal.spaces.EntityQuerySpaceImpl@1984212d]
12:49:34.834 [main] DEBUG o.h.p.w.spi.MetamodelGraphWalker - Visiting attribute path : birthdate
12:49:34.834 [main] DEBUG o.h.p.w.spi.MetamodelGraphWalker - Visiting attribute path : cardNum
12:49:34.834 [main] DEBUG o.h.l.p.b.i.spaces.QuerySpacesImpl - Adding QuerySpace : uid = <gen:2> -> org.hibernate.loader.plan.build.internal.spaces.EntityQuerySpaceImpl@2404b5a]
12:49:34.834 [main] DEBUG o.h.p.w.spi.MetamodelGraphWalker - Visiting attribute path : cardNum.emissionDate
12:49:34.834 [main] DEBUG o.h.p.w.spi.MetamodelGraphWalker - Visiting attribute path : cardNum.expirationDate
12:49:34.834 [main] DEBUG o.h.p.w.spi.MetamodelGraphWalker - Visiting attribute path : cardNum.person
12:49:34.834 [main] DEBUG o.h.p.w.spi.MetamodelGraphWalker - Property path deemed to be circular : cardNum.person
12:49:34.834 [main] DEBUG o.h.p.w.spi.MetamodelGraphWalker - Visiting attribute path : firstName
12:49:34.834 [main] DEBUG o.h.p.w.spi.MetamodelGraphWalker - Visiting attribute path : lastName
12:49:34.834 [main] DEBUG o.h.l.p.b.i.FetchStyleLoadPlanBuildingAssociationVisitationStrategy - Building LoadPlan...
12:49:34.834 [main] DEBUG o.h.l.p.e.i.LoadQueryJoinAndFetchProcessor - processing queryspace <gen:0>
12:49:34.834 [main] DEBUG o.h.l.p.b.spi.LoadPlanTreePrinter - LoadPlan(collection=Classes.Shop.people)
    - Returns
       - CollectionReturnImpl(collection=Classes.Shop.people, querySpaceUid=<gen:0>, path=[Classes.Shop.people])
          - (collection element) CollectionFetchableElementEntityGraph(entity=Classes.Person, querySpaceUid=<gen:1>, path=[Classes.Shop.people].<elements>)
             - EntityAttributeFetchImpl(entity=Classes.Card, querySpaceUid=<gen:2>, path=[Classes.Shop.people].<elements>.cardNum)
    - QuerySpaces
       - CollectionQuerySpaceImpl(uid=<gen:0>, collection=Classes.Shop.people)
          - SQL table alias mapping - people0_
          - alias suffix - 0_
          - suffixed key columns - {shop_id1_4_0_}
          - entity-element alias suffix - 1_
          - 1_entity-element suffixed key columns - id1_1_1_
          - JOIN (JoinDefinedByMetadata(elements)) : <gen:0> -> <gen:1>
             - EntityQuerySpaceImpl(uid=<gen:1>, entity=Classes.Person)
                - SQL table alias mapping - person1_
                - alias suffix - 1_
                - suffixed key columns - {id1_1_1_}
                - JOIN (JoinDefinedByMetadata(cardNum)) : <gen:1> -> <gen:2>
                   - EntityQuerySpaceImpl(uid=<gen:2>, entity=Classes.Card)
                      - SQL table alias mapping - card2_
                      - alias suffix - 2_
                      - suffixed key columns - {id1_0_2_}

12:49:34.835 [main] DEBUG o.h.l.c.plan.CollectionLoader - Static select for collection Classes.Shop.people: select people0_.Shop_id as shop_id1_4_0_, people0_.people_id as people_i2_4_0_, person1_.id as id1_1_1_, person1_.birthdate as birthdat2_1_1_, person1_.cardNum_id as cardnum_5_1_1_, person1_.firstName as firstnam3_1_1_, person1_.lastName as lastname4_1_1_, card2_.id as id1_0_2_, card2_.emissionDate as emission2_0_2_, card2_.expirationDate as expirati3_0_2_ from TicketSeller_Person people0_ inner join Person person1_ on people0_.people_id=person1_.id left outer join Card card2_ on person1_.cardNum_id=card2_.id where people0_.Shop_id=?
12:49:34.858 [main] INFO  o.hibernate.orm.connections.access - HHH10001501: Connection obtained from JdbcConnectionAccess [org.hibernate.engine.jdbc.env.internal.JdbcEnvironmentInitiator$ConnectionProviderJdbcConnectionAccess@158e9f6e] for (non-JTA) DDL execution was not in auto-commit mode; the Connection 'local transaction' will be committed and the Connection will be set into auto-commit mode.
12:49:34.875 [main] DEBUG org.hibernate.mapping.Table - No alter strings for table : Card
12:49:34.875 [main] DEBUG org.hibernate.mapping.Table - No alter strings for table : Person
12:49:34.875 [main] DEBUG org.hibernate.mapping.Table - No alter strings for table : Ticket
12:49:34.875 [main] DEBUG org.hibernate.mapping.Table - No alter strings for table : TicketSeller
12:49:34.875 [main] DEBUG org.hibernate.mapping.Table - No alter strings for table : TicketSeller_Person
12:49:34.875 [main] DEBUG org.hibernate.mapping.Table - No alter strings for table : TicketSeller_Ticket
12:49:34.932 [main] DEBUG o.h.e.t.j.p.i.JtaPlatformInitiator - No JtaPlatform was specified, checking resolver
12:49:34.932 [main] DEBUG o.h.e.t.j.p.i.JtaPlatformResolverInitiator - No JtaPlatformResolver was specified, using default [org.hibernate.engine.transaction.jta.platform.internal.StandardJtaPlatformResolver]
12:49:34.935 [main] DEBUG o.h.e.t.j.p.i.StandardJtaPlatformResolver - Could not resolve JtaPlatform, using default [org.hibernate.engine.transaction.jta.platform.internal.NoJtaPlatform]
12:49:34.935 [main] INFO  o.h.e.t.j.p.i.JtaPlatformInitiator - HHH000490: Using JtaPlatform implementation: [org.hibernate.engine.transaction.jta.platform.internal.NoJtaPlatform]
12:49:34.938 [main] DEBUG o.h.s.i.SessionFactoryServiceRegistryImpl - EventListenerRegistry access via ServiceRegistry is deprecated.  Use `sessionFactory.getEventEngine().getListenerRegistry()` instead
12:49:34.939 [main] DEBUG o.h.h.i.QueryTranslatorFactoryInitiator - QueryTranslatorFactory: org.hibernate.hql.internal.ast.ASTQueryTranslatorFactory@6cfbbff7
12:49:34.943 [main] DEBUG o.h.query.spi.NamedQueryRepository - Checking 0 named HQL queries
12:49:34.943 [main] DEBUG o.h.query.spi.NamedQueryRepository - Checking 0 named SQL queries
12:49:34.944 [main] DEBUG o.h.internal.SessionFactoryRegistry - Initializing SessionFactoryRegistry : org.hibernate.internal.SessionFactoryRegistry@259b85d6
12:49:34.947 [main] DEBUG o.h.internal.SessionFactoryRegistry - Registering SessionFactory: c86ee934-4740-4acb-be49-6d8cd46ec3b0 (<unnamed>)
12:49:34.947 [main] DEBUG o.h.internal.SessionFactoryRegistry - Not binding SessionFactory to JNDI, no JNDI name configured
12:49:34.974 [main] DEBUG o.h.s.internal.StatisticsInitiator - Statistics initialized [enabled=false]
12:49:34.978 [main] DEBUG o.h.e.t.internal.TransactionImpl - On TransactionImpl creation, JpaCompliance#isJpaTransactionComplianceEnabled == false
12:49:34.978 [main] DEBUG o.h.e.t.internal.TransactionImpl - begin
12:49:34.979 [main] DEBUG o.h.e.i.EntityCopyObserverFactoryInitiator - Configured EntityCopyObserver strategy: disallow
12:49:34.986 [main] DEBUG org.hibernate.SQL - select nextval ('elCat_seq')
12:49:34.988 [main] DEBUG o.h.id.enhanced.SequenceStructure - Sequence value obtained: 3
12:49:34.988 [main] DEBUG o.h.r.j.i.ResourceRegistryStandardImpl - HHH000387: ResultSet's statement was not registered
12:49:34.988 [main] DEBUG o.h.e.i.AbstractSaveEventListener - Generated identifier: 3, using strategy: org.hibernate.id.enhanced.SequenceStyleGenerator
12:49:34.993 [main] DEBUG o.h.r.t.b.j.i.JdbcResourceLocalTransactionCoordinatorImpl - JDBC transaction marked for rollback-only (exception provided for stack trace)
java.lang.Exception: exception just for purpose of providing stack trace
	at org.hibernate.resource.transaction.backend.jdbc.internal.JdbcResourceLocalTransactionCoordinatorImpl$TransactionDriverControlImpl.markRollbackOnly(JdbcResourceLocalTransactionCoordinatorImpl.java:324)
	at org.hibernate.engine.transaction.internal.TransactionImpl.markRollbackOnly(TransactionImpl.java:203)
	at org.hibernate.internal.AbstractSharedSessionContract.markForRollbackOnly(AbstractSharedSessionContract.java:428)
	at org.hibernate.internal.ExceptionConverterImpl.convert(ExceptionConverterImpl.java:191)
	at org.hibernate.internal.SessionImpl.fireRefresh(SessionImpl.java:1304)
	at org.hibernate.internal.SessionImpl.refresh(SessionImpl.java:1247)
	at ClassesDAO.SellerDAO.inMaintenance(SellerDAO.java:58)
	at MainClass.MainClass.main(MainClass.java:28)
12:51:42.623 [main] DEBUG org.jboss.logging - Logging Provider: org.jboss.logging.Slf4jLoggerProvider
12:51:42.682 [main] DEBUG o.h.jpa.HibernatePersistenceProvider - Located and parsed 2 persistence units; checking each
12:51:42.682 [main] DEBUG o.h.jpa.HibernatePersistenceProvider - Checking persistence-unit [name=HomeworkS3D3, explicit-provider=null] against incoming persistence unit name [BuildWeek_4]
12:51:42.683 [main] DEBUG o.h.jpa.HibernatePersistenceProvider - Excluding from consideration due to name mis-match
12:51:42.683 [main] DEBUG o.h.jpa.HibernatePersistenceProvider - Checking persistence-unit [name=BuildWeek_4, explicit-provider=null] against incoming persistence unit name [BuildWeek_4]
12:51:42.683 [main] DEBUG o.h.jpa.boot.spi.ProviderChecker - No PersistenceProvider explicitly requested, assuming Hibernate
12:51:42.686 [main] DEBUG o.h.jpa.internal.util.LogHelper - PersistenceUnitInfo [
	name: BuildWeek_4
	persistence provider classname: null
	classloader: null
	excludeUnlistedClasses: false
	JTA datasource: null
	Non JTA datasource: null
	Transaction type: RESOURCE_LOCAL
	PU root URL: file:/C:/Users/total/Desktop/All/Epicode/fs0223-Luca-Sernicola-BackEnd/BuildWeek_4/target/classes/
	Shared Cache Mode: null
	Validation Mode: null
	Jar files URLs []
	Managed classes names []
	Mapping files names []
	Properties [
		javax.persistence.jdbc.driver: org.postgresql.Driver
		javax.persistence.jdbc.password: root
		hibernate.dialect: org.hibernate.dialect.PostgreSQLDialect
		javax.persistence.jdbc.url: jdbc:postgresql://localhost:5432/BuildWeek
		hibernate.hbm2ddl.auto: update
		javax.persistence.jdbc.user: postgres]
12:51:42.689 [main] DEBUG o.h.i.internal.IntegratorServiceImpl - Adding Integrator [org.hibernate.cfg.beanvalidation.BeanValidationIntegrator].
12:51:42.690 [main] DEBUG o.h.i.internal.IntegratorServiceImpl - Adding Integrator [org.hibernate.secure.spi.JaccIntegrator].
12:51:42.693 [main] DEBUG o.h.i.internal.IntegratorServiceImpl - Adding Integrator [org.hibernate.cache.internal.CollectionCacheInvalidator].
12:51:42.716 [main] INFO  org.hibernate.Version - HHH000412: Hibernate ORM core version 5.6.15.Final
12:51:42.716 [main] DEBUG org.hibernate.cfg.Environment - HHH000206: hibernate.properties not found
12:51:42.817 [main] DEBUG o.h.service.spi.ServiceBinding - Overriding existing service binding [org.hibernate.secure.spi.JaccService]
12:51:42.824 [main] DEBUG o.h.c.i.RegionFactoryInitiator - Cannot default RegionFactory based on registered strategies as `[]` RegionFactory strategies were registered
12:51:42.825 [main] DEBUG o.h.c.i.RegionFactoryInitiator - Cache region factory : org.hibernate.cache.internal.NoCachingRegionFactory
12:51:42.835 [main] INFO  o.h.annotations.common.Version - HCANN000001: Hibernate Commons Annotations {5.1.2.Final}
12:51:42.887 [main] DEBUG o.hibernate.type.BasicTypeRegistry - Adding type registration boolean -> org.hibernate.type.BooleanType@ea9b7c6
12:51:42.887 [main] DEBUG o.hibernate.type.BasicTypeRegistry - Adding type registration boolean -> org.hibernate.type.BooleanType@ea9b7c6
12:51:42.887 [main] DEBUG o.hibernate.type.BasicTypeRegistry - Adding type registration java.lang.Boolean -> org.hibernate.type.BooleanType@ea9b7c6
12:51:42.888 [main] DEBUG o.hibernate.type.BasicTypeRegistry - Adding type registration numeric_boolean -> org.hibernate.type.NumericBooleanType@3fffff43
12:51:42.888 [main] DEBUG o.hibernate.type.BasicTypeRegistry - Adding type registration true_false -> org.hibernate.type.TrueFalseType@7b324585
12:51:42.888 [main] DEBUG o.hibernate.type.BasicTypeRegistry - Adding type registration yes_no -> org.hibernate.type.YesNoType@fd8294b
12:51:42.889 [main] DEBUG o.hibernate.type.BasicTypeRegistry - Adding type registration byte -> org.hibernate.type.ByteType@4fbda97b
12:51:42.889 [main] DEBUG o.hibernate.type.BasicTypeRegistry - Adding type registration byte -> org.hibernate.type.ByteType@4fbda97b
12:51:42.889 [main] DEBUG o.hibernate.type.BasicTypeRegistry - Adding type registration java.lang.Byte -> org.hibernate.type.ByteType@4fbda97b
12:51:42.889 [main] DEBUG o.hibernate.type.BasicTypeRegistry - Adding type registration character -> org.hibernate.type.CharacterType@354fc8f0
12:51:42.889 [main] DEBUG o.hibernate.type.BasicTypeRegistry - Adding type registration char -> org.hibernate.type.CharacterType@354fc8f0
12:51:42.889 [main] DEBUG o.hibernate.type.BasicTypeRegistry - Adding type registration java.lang.Character -> org.hibernate.type.CharacterType@354fc8f0
12:51:42.891 [main] DEBUG o.hibernate.type.BasicTypeRegistry - Adding type registration short -> org.hibernate.type.ShortType@a4b2d8f
12:51:42.891 [main] DEBUG o.hibernate.type.BasicTypeRegistry - Adding type registration short -> org.hibernate.type.ShortType@a4b2d8f
12:51:42.891 [main] DEBUG o.hibernate.type.BasicTypeRegistry - Adding type registration java.lang.Short -> org.hibernate.type.ShortType@a4b2d8f
12:51:42.891 [main] DEBUG o.hibernate.type.BasicTypeRegistry - Adding type registration integer -> org.hibernate.type.IntegerType@51cd7ffc
12:51:42.891 [main] DEBUG o.hibernate.type.BasicTypeRegistry - Adding type registration int -> org.hibernate.type.IntegerType@51cd7ffc
12:51:42.891 [main] DEBUG o.hibernate.type.BasicTypeRegistry - Adding type registration java.lang.Integer -> org.hibernate.type.IntegerType@51cd7ffc
12:51:42.892 [main] DEBUG o.hibernate.type.BasicTypeRegistry - Adding type registration long -> org.hibernate.type.LongType@590c73d3
12:51:42.892 [main] DEBUG o.hibernate.type.BasicTypeRegistry - Adding type registration long -> org.hibernate.type.LongType@590c73d3
12:51:42.892 [main] DEBUG o.hibernate.type.BasicTypeRegistry - Adding type registration java.lang.Long -> org.hibernate.type.LongType@590c73d3
12:51:42.892 [main] DEBUG o.hibernate.type.BasicTypeRegistry - Adding type registration float -> org.hibernate.type.FloatType@79da1ec0
12:51:42.893 [main] DEBUG o.hibernate.type.BasicTypeRegistry - Adding type registration float -> org.hibernate.type.FloatType@79da1ec0
12:51:42.893 [main] DEBUG o.hibernate.type.BasicTypeRegistry - Adding type registration java.lang.Float -> org.hibernate.type.FloatType@79da1ec0
12:51:42.893 [main] DEBUG o.hibernate.type.BasicTypeRegistry - Adding type registration double -> org.hibernate.type.DoubleType@66ce957f
12:51:42.893 [main] DEBUG o.hibernate.type.BasicTypeRegistry - Adding type registration double -> org.hibernate.type.DoubleType@66ce957f
12:51:42.893 [main] DEBUG o.hibernate.type.BasicTypeRegistry - Adding type registration java.lang.Double -> org.hibernate.type.DoubleType@66ce957f
12:51:42.893 [main] DEBUG o.hibernate.type.BasicTypeRegistry - Adding type registration big_decimal -> org.hibernate.type.BigDecimalType@3b220bcb
12:51:42.893 [main] DEBUG o.hibernate.type.BasicTypeRegistry - Adding type registration java.math.BigDecimal -> org.hibernate.type.BigDecimalType@3b220bcb
12:51:42.894 [main] DEBUG o.hibernate.type.BasicTypeRegistry - Adding type registration big_integer -> org.hibernate.type.BigIntegerType@13e3c1c7
12:51:42.894 [main] DEBUG o.hibernate.type.BasicTypeRegistry - Adding type registration java.math.BigInteger -> org.hibernate.type.BigIntegerType@13e3c1c7
12:51:42.894 [main] DEBUG o.hibernate.type.BasicTypeRegistry - Adding type registration string -> org.hibernate.type.StringType@1d8062d2
12:51:42.894 [main] DEBUG o.hibernate.type.BasicTypeRegistry - Adding type registration java.lang.String -> org.hibernate.type.StringType@1d8062d2
12:51:42.894 [main] DEBUG o.hibernate.type.BasicTypeRegistry - Adding type registration nstring -> org.hibernate.type.StringNVarcharType@285c08c8
12:51:42.895 [main] DEBUG o.hibernate.type.BasicTypeRegistry - Adding type registration ncharacter -> org.hibernate.type.CharacterNCharType@64dafeed
12:51:42.895 [main] DEBUG o.hibernate.type.BasicTypeRegistry - Adding type registration url -> org.hibernate.type.UrlType@6111ba37
12:51:42.895 [main] DEBUG o.hibernate.type.BasicTypeRegistry - Adding type registration java.net.URL -> org.hibernate.type.UrlType@6111ba37
12:51:42.896 [main] DEBUG o.hibernate.type.BasicTypeRegistry - Adding type registration Duration -> org.hibernate.type.DurationType@4721d212
12:51:42.896 [main] DEBUG o.hibernate.type.BasicTypeRegistry - Adding type registration java.time.Duration -> org.hibernate.type.DurationType@4721d212
12:51:42.896 [main] DEBUG o.hibernate.type.BasicTypeRegistry - Adding type registration Instant -> org.hibernate.type.InstantType@654d8173
12:51:42.896 [main] DEBUG o.hibernate.type.BasicTypeRegistry - Adding type registration java.time.Instant -> org.hibernate.type.InstantType@654d8173
12:51:42.897 [main] DEBUG o.hibernate.type.BasicTypeRegistry - Adding type registration LocalDateTime -> org.hibernate.type.LocalDateTimeType@239b0f9d
12:51:42.897 [main] DEBUG o.hibernate.type.BasicTypeRegistry - Adding type registration java.time.LocalDateTime -> org.hibernate.type.LocalDateTimeType@239b0f9d
12:51:42.897 [main] DEBUG o.hibernate.type.BasicTypeRegistry - Adding type registration LocalDate -> org.hibernate.type.LocalDateType@650eab8
12:51:42.897 [main] DEBUG o.hibernate.type.BasicTypeRegistry - Adding type registration java.time.LocalDate -> org.hibernate.type.LocalDateType@650eab8
12:51:42.897 [main] DEBUG o.hibernate.type.BasicTypeRegistry - Adding type registration LocalTime -> org.hibernate.type.LocalTimeType@f0e995e
12:51:42.897 [main] DEBUG o.hibernate.type.BasicTypeRegistry - Adding type registration java.time.LocalTime -> org.hibernate.type.LocalTimeType@f0e995e
12:51:42.899 [main] DEBUG o.hibernate.type.BasicTypeRegistry - Adding type registration OffsetDateTime -> org.hibernate.type.OffsetDateTimeType@50fe837a
12:51:42.899 [main] DEBUG o.hibernate.type.BasicTypeRegistry - Adding type registration java.time.OffsetDateTime -> org.hibernate.type.OffsetDateTimeType@50fe837a
12:51:42.900 [main] DEBUG o.hibernate.type.BasicTypeRegistry - Adding type registration OffsetTime -> org.hibernate.type.OffsetTimeType@1623134f
12:51:42.900 [main] DEBUG o.hibernate.type.BasicTypeRegistry - Adding type registration java.time.OffsetTime -> org.hibernate.type.OffsetTimeType@1623134f
12:51:42.900 [main] DEBUG o.hibernate.type.BasicTypeRegistry - Adding type registration ZonedDateTime -> org.hibernate.type.ZonedDateTimeType@5ad10c1a
12:51:42.901 [main] DEBUG o.hibernate.type.BasicTypeRegistry - Adding type registration java.time.ZonedDateTime -> org.hibernate.type.ZonedDateTimeType@5ad10c1a
12:51:42.902 [main] DEBUG o.hibernate.type.BasicTypeRegistry - Adding type registration date -> org.hibernate.type.DateType@15eebbff
12:51:42.902 [main] DEBUG o.hibernate.type.BasicTypeRegistry - Adding type registration java.sql.Date -> org.hibernate.type.DateType@15eebbff
12:51:42.902 [main] DEBUG o.hibernate.type.BasicTypeRegistry - Adding type registration time -> org.hibernate.type.TimeType@3e34ace1
12:51:42.902 [main] DEBUG o.hibernate.type.BasicTypeRegistry - Adding type registration java.sql.Time -> org.hibernate.type.TimeType@3e34ace1
12:51:42.903 [main] DEBUG o.hibernate.type.BasicTypeRegistry - Adding type registration timestamp -> org.hibernate.type.TimestampType@6cbcf243
12:51:42.903 [main] DEBUG o.hibernate.type.BasicTypeRegistry - Adding type registration java.sql.Timestamp -> org.hibernate.type.TimestampType@6cbcf243
12:51:42.903 [main] DEBUG o.hibernate.type.BasicTypeRegistry - Adding type registration java.util.Date -> org.hibernate.type.TimestampType@6cbcf243
12:51:42.904 [main] DEBUG o.hibernate.type.BasicTypeRegistry - Adding type registration dbtimestamp -> org.hibernate.type.DbTimestampType@38be305c
12:51:42.905 [main] DEBUG o.hibernate.type.BasicTypeRegistry - Adding type registration calendar -> org.hibernate.type.CalendarType@26a4842b
12:51:42.905 [main] DEBUG o.hibernate.type.BasicTypeRegistry - Adding type registration java.util.Calendar -> org.hibernate.type.CalendarType@26a4842b
12:51:42.905 [main] DEBUG o.hibernate.type.BasicTypeRegistry - Adding type registration java.util.GregorianCalendar -> org.hibernate.type.CalendarType@26a4842b
12:51:42.906 [main] DEBUG o.hibernate.type.BasicTypeRegistry - Adding type registration calendar_date -> org.hibernate.type.CalendarDateType@a5b0b86
12:51:42.906 [main] DEBUG o.hibernate.type.BasicTypeRegistry - Adding type registration calendar_time -> org.hibernate.type.CalendarTimeType@2611b9a3
12:51:42.906 [main] DEBUG o.hibernate.type.BasicTypeRegistry - Adding type registration locale -> org.hibernate.type.LocaleType@5b64c4b7
12:51:42.906 [main] DEBUG o.hibernate.type.BasicTypeRegistry - Adding type registration java.util.Locale -> org.hibernate.type.LocaleType@5b64c4b7
12:51:42.907 [main] DEBUG o.hibernate.type.BasicTypeRegistry - Adding type registration currency -> org.hibernate.type.CurrencyType@1252b961
12:51:42.907 [main] DEBUG o.hibernate.type.BasicTypeRegistry - Adding type registration java.util.Currency -> org.hibernate.type.CurrencyType@1252b961
12:51:42.908 [main] DEBUG o.hibernate.type.BasicTypeRegistry - Adding type registration timezone -> org.hibernate.type.TimeZoneType@4d098f9b
12:51:42.908 [main] DEBUG o.hibernate.type.BasicTypeRegistry - Adding type registration java.util.TimeZone -> org.hibernate.type.TimeZoneType@4d098f9b
12:51:42.908 [main] DEBUG o.hibernate.type.BasicTypeRegistry - Adding type registration class -> org.hibernate.type.ClassType@7b64240d
12:51:42.908 [main] DEBUG o.hibernate.type.BasicTypeRegistry - Adding type registration java.lang.Class -> org.hibernate.type.ClassType@7b64240d
12:51:42.908 [main] DEBUG o.hibernate.type.BasicTypeRegistry - Adding type registration uuid-binary -> org.hibernate.type.UUIDBinaryType@6d24ffa1
12:51:42.909 [main] DEBUG o.hibernate.type.BasicTypeRegistry - Adding type registration java.util.UUID -> org.hibernate.type.UUIDBinaryType@6d24ffa1
12:51:42.909 [main] DEBUG o.hibernate.type.BasicTypeRegistry - Adding type registration uuid-char -> org.hibernate.type.UUIDCharType@426b6a74
12:51:42.909 [main] DEBUG o.hibernate.type.BasicTypeRegistry - Adding type registration binary -> org.hibernate.type.BinaryType@7d3430a7
12:51:42.909 [main] DEBUG o.hibernate.type.BasicTypeRegistry - Adding type registration byte[] -> org.hibernate.type.BinaryType@7d3430a7
12:51:42.909 [main] DEBUG o.hibernate.type.BasicTypeRegistry - Adding type registration [B -> org.hibernate.type.BinaryType@7d3430a7
12:51:42.910 [main] DEBUG o.hibernate.type.BasicTypeRegistry - Adding type registration wrapper-binary -> org.hibernate.type.WrapperBinaryType@5536379e
12:51:42.910 [main] DEBUG o.hibernate.type.BasicTypeRegistry - Adding type registration Byte[] -> org.hibernate.type.WrapperBinaryType@5536379e
12:51:42.910 [main] DEBUG o.hibernate.type.BasicTypeRegistry - Adding type registration [Ljava.lang.Byte; -> org.hibernate.type.WrapperBinaryType@5536379e
12:51:42.911 [main] DEBUG o.hibernate.type.BasicTypeRegistry - Adding type registration row_version -> org.hibernate.type.RowVersionType@2b491fee
12:51:42.911 [main] DEBUG o.hibernate.type.BasicTypeRegistry - Adding type registration image -> org.hibernate.type.ImageType@3e8f7922
12:51:42.911 [main] DEBUG o.hibernate.type.BasicTypeRegistry - Adding type registration characters -> org.hibernate.type.CharArrayType@6ca0256d
12:51:42.911 [main] DEBUG o.hibernate.type.BasicTypeRegistry - Adding type registration char[] -> org.hibernate.type.CharArrayType@6ca0256d
12:51:42.911 [main] DEBUG o.hibernate.type.BasicTypeRegistry - Adding type registration [C -> org.hibernate.type.CharArrayType@6ca0256d
12:51:42.912 [main] DEBUG o.hibernate.type.BasicTypeRegistry - Adding type registration wrapper-characters -> org.hibernate.type.CharacterArrayType@e260766
12:51:42.912 [main] DEBUG o.hibernate.type.BasicTypeRegistry - Adding type registration [Ljava.lang.Character; -> org.hibernate.type.CharacterArrayType@e260766
12:51:42.912 [main] DEBUG o.hibernate.type.BasicTypeRegistry - Adding type registration Character[] -> org.hibernate.type.CharacterArrayType@e260766
12:51:42.912 [main] DEBUG o.hibernate.type.BasicTypeRegistry - Adding type registration text -> org.hibernate.type.TextType@7c56e013
12:51:42.912 [main] DEBUG o.hibernate.type.BasicTypeRegistry - Adding type registration ntext -> org.hibernate.type.NTextType@6731787b
12:51:42.913 [main] DEBUG o.hibernate.type.BasicTypeRegistry - Adding type registration blob -> org.hibernate.type.BlobType@2cb3d0f7
12:51:42.913 [main] DEBUG o.hibernate.type.BasicTypeRegistry - Adding type registration java.sql.Blob -> org.hibernate.type.BlobType@2cb3d0f7
12:51:42.913 [main] DEBUG o.hibernate.type.BasicTypeRegistry - Adding type registration materialized_blob -> org.hibernate.type.MaterializedBlobType@5860f3d7
12:51:42.914 [main] DEBUG o.hibernate.type.BasicTypeRegistry - Adding type registration clob -> org.hibernate.type.ClobType@67389cb8
12:51:42.914 [main] DEBUG o.hibernate.type.BasicTypeRegistry - Adding type registration java.sql.Clob -> org.hibernate.type.ClobType@67389cb8
12:51:42.915 [main] DEBUG o.hibernate.type.BasicTypeRegistry - Adding type registration nclob -> org.hibernate.type.NClobType@74e47444
12:51:42.915 [main] DEBUG o.hibernate.type.BasicTypeRegistry - Adding type registration java.sql.NClob -> org.hibernate.type.NClobType@74e47444
12:51:42.915 [main] DEBUG o.hibernate.type.BasicTypeRegistry - Adding type registration materialized_clob -> org.hibernate.type.MaterializedClobType@6e4de19b
12:51:42.915 [main] DEBUG o.hibernate.type.BasicTypeRegistry - Adding type registration materialized_nclob -> org.hibernate.type.MaterializedNClobType@1991f767
12:51:42.916 [main] DEBUG o.hibernate.type.BasicTypeRegistry - Adding type registration serializable -> org.hibernate.type.SerializableType@7db82169
12:51:42.918 [main] DEBUG o.hibernate.type.BasicTypeRegistry - Adding type registration object -> org.hibernate.type.ObjectType@3a94964
12:51:42.918 [main] DEBUG o.hibernate.type.BasicTypeRegistry - Adding type registration java.lang.Object -> org.hibernate.type.ObjectType@3a94964
12:51:42.918 [main] DEBUG o.hibernate.type.BasicTypeRegistry - Adding type registration imm_date -> org.hibernate.type.AdaptedImmutableType@2a3591c5
12:51:42.918 [main] DEBUG o.hibernate.type.BasicTypeRegistry - Adding type registration imm_time -> org.hibernate.type.AdaptedImmutableType@34a75079
12:51:42.918 [main] DEBUG o.hibernate.type.BasicTypeRegistry - Adding type registration imm_timestamp -> org.hibernate.type.AdaptedImmutableType@346a361
12:51:42.918 [main] DEBUG o.hibernate.type.BasicTypeRegistry - Adding type registration imm_dbtimestamp -> org.hibernate.type.AdaptedImmutableType@107ed6fc
12:51:42.918 [main] DEBUG o.hibernate.type.BasicTypeRegistry - Adding type registration imm_calendar -> org.hibernate.type.AdaptedImmutableType@1643d68f
12:51:42.918 [main] DEBUG o.hibernate.type.BasicTypeRegistry - Adding type registration imm_calendar_date -> org.hibernate.type.AdaptedImmutableType@186978a6
12:51:42.918 [main] DEBUG o.hibernate.type.BasicTypeRegistry - Adding type registration imm_binary -> org.hibernate.type.AdaptedImmutableType@2e029d61
12:51:42.918 [main] DEBUG o.hibernate.type.BasicTypeRegistry - Adding type registration imm_serializable -> org.hibernate.type.AdaptedImmutableType@482d776b
12:51:42.925 [main] DEBUG o.h.b.internal.BootstrapContextImpl - Injecting ScanEnvironment [org.hibernate.jpa.boot.internal.StandardJpaScanEnvironmentImpl@649725e3] into BootstrapContext; was [null]
12:51:42.925 [main] DEBUG o.h.b.internal.BootstrapContextImpl - Injecting ScanOptions [org.hibernate.boot.archive.scan.internal.StandardScanOptions@3c0fae6c] into BootstrapContext; was [org.hibernate.boot.archive.scan.internal.StandardScanOptions@4c168660]
12:51:42.957 [main] DEBUG o.h.b.internal.BootstrapContextImpl - Injecting JPA temp ClassLoader [null] into BootstrapContext; was [null]
12:51:42.957 [main] DEBUG o.h.b.internal.ClassLoaderAccessImpl - ClassLoaderAccessImpl#injectTempClassLoader(null) [was null]
12:51:42.964 [main] DEBUG o.h.i.f.i.DefaultIdentifierGeneratorFactory - Registering IdentifierGenerator strategy [uuid2] -> [org.hibernate.id.UUIDGenerator]
12:51:42.964 [main] DEBUG o.h.i.f.i.DefaultIdentifierGeneratorFactory - Registering IdentifierGenerator strategy [guid] -> [org.hibernate.id.GUIDGenerator]
12:51:42.965 [main] DEBUG o.h.i.f.i.DefaultIdentifierGeneratorFactory - Registering IdentifierGenerator strategy [uuid] -> [org.hibernate.id.UUIDHexGenerator]
12:51:42.965 [main] DEBUG o.h.i.f.i.DefaultIdentifierGeneratorFactory - Registering IdentifierGenerator strategy [uuid.hex] -> [org.hibernate.id.UUIDHexGenerator]
12:51:42.965 [main] DEBUG o.h.i.f.i.DefaultIdentifierGeneratorFactory - Registering IdentifierGenerator strategy [assigned] -> [org.hibernate.id.Assigned]
12:51:42.966 [main] DEBUG o.h.i.f.i.DefaultIdentifierGeneratorFactory - Registering IdentifierGenerator strategy [identity] -> [org.hibernate.id.IdentityGenerator]
12:51:42.966 [main] DEBUG o.h.i.f.i.DefaultIdentifierGeneratorFactory - Registering IdentifierGenerator strategy [select] -> [org.hibernate.id.SelectGenerator]
12:51:42.966 [main] DEBUG o.h.i.f.i.DefaultIdentifierGeneratorFactory - Registering IdentifierGenerator strategy [sequence] -> [org.hibernate.id.enhanced.SequenceStyleGenerator]
12:51:42.967 [main] DEBUG o.h.i.f.i.DefaultIdentifierGeneratorFactory - Registering IdentifierGenerator strategy [seqhilo] -> [org.hibernate.id.SequenceHiLoGenerator]
12:51:42.967 [main] DEBUG o.h.i.f.i.DefaultIdentifierGeneratorFactory - Registering IdentifierGenerator strategy [increment] -> [org.hibernate.id.IncrementGenerator]
12:51:42.968 [main] DEBUG o.h.i.f.i.DefaultIdentifierGeneratorFactory - Registering IdentifierGenerator strategy [foreign] -> [org.hibernate.id.ForeignGenerator]
12:51:42.968 [main] DEBUG o.h.i.f.i.DefaultIdentifierGeneratorFactory - Registering IdentifierGenerator strategy [sequence-identity] -> [org.hibernate.id.SequenceIdentityGenerator]
12:51:42.968 [main] DEBUG o.h.i.f.i.DefaultIdentifierGeneratorFactory - Registering IdentifierGenerator strategy [enhanced-sequence] -> [org.hibernate.id.enhanced.SequenceStyleGenerator]
12:51:42.968 [main] DEBUG o.h.i.f.i.DefaultIdentifierGeneratorFactory - Registering IdentifierGenerator strategy [enhanced-table] -> [org.hibernate.id.enhanced.TableGenerator]
12:51:42.971 [main] WARN  o.hibernate.orm.connections.pooling - HHH10001002: Using Hibernate built-in connection pool (not for production use!)
12:51:42.973 [main] INFO  o.hibernate.orm.connections.pooling - HHH10001005: using driver [org.postgresql.Driver] at URL [jdbc:postgresql://localhost:5432/BuildWeek]
12:51:42.974 [main] INFO  o.hibernate.orm.connections.pooling - HHH10001001: Connection properties: {password=root, user=postgres}
12:51:42.974 [main] INFO  o.hibernate.orm.connections.pooling - HHH10001003: Autocommit mode: false
12:51:42.976 [main] DEBUG o.h.e.j.c.i.DriverManagerConnectionProviderImpl - Initializing Connection pool with 1 Connections
12:51:42.976 [main] INFO  o.h.e.j.c.i.DriverManagerConnectionProviderImpl - HHH000115: Hibernate connection pool size: 20 (min=1)
12:51:43.130 [main] DEBUG o.h.e.j.e.i.JdbcEnvironmentInitiator - Database ->
       name : PostgreSQL
    version : 15.3
      major : 15
      minor : 3
12:51:43.130 [main] DEBUG o.h.e.j.e.i.JdbcEnvironmentInitiator - Driver ->
       name : PostgreSQL JDBC Driver
    version : 42.6.0
      major : 42
      minor : 6
12:51:43.130 [main] DEBUG o.h.e.j.e.i.JdbcEnvironmentInitiator - JDBC version : 4.2
12:51:43.137 [main] INFO  org.hibernate.dialect.Dialect - HHH000400: Using dialect: org.hibernate.dialect.PostgreSQLDialect
12:51:43.145 [main] DEBUG o.h.e.j.e.s.IdentifierHelperBuilder - JDBC driver metadata reported database stores quoted identifiers in neither upper, lower nor mixed case
12:51:43.163 [main] DEBUG o.hibernate.type.BasicTypeRegistry - Adding type registration pg-uuid -> org.hibernate.type.PostgresUUIDType@21f9277b
12:51:43.163 [main] DEBUG o.hibernate.type.BasicTypeRegistry - Adding type registration java.util.UUID -> org.hibernate.type.PostgresUUIDType@21f9277b
12:51:43.163 [main] DEBUG o.hibernate.type.BasicTypeRegistry - HHH000270: Type registration [java.util.UUID] overrides previous : org.hibernate.type.UUIDBinaryType@6d24ffa1
12:51:43.165 [main] DEBUG o.h.type.spi.TypeConfiguration$Scope - Scoping TypeConfiguration [org.hibernate.type.spi.TypeConfiguration@66bfd864] to MetadataBuildingContext [org.hibernate.boot.internal.MetadataBuildingContextRootImpl@4aac85fa]
12:51:43.185 [main] DEBUG o.h.boot.model.relational.Namespace - Created database namespace [logicalName=Name{catalog=null, schema=null}, physicalName=Name{catalog=null, schema=null}]
12:51:43.193 [main] DEBUG org.hibernate.cfg.AnnotationBinder - Binding entity from annotated class: Abstract.TicketSeller
12:51:43.202 [main] DEBUG org.hibernate.cfg.Ejb3Column - Binding column: Ejb3DiscriminatorColumn{logicalColumnName'type', discriminatorTypeName='string'}
12:51:43.205 [main] DEBUG o.h.cfg.annotations.EntityBinder - Import with entity name TicketSeller
12:51:43.208 [main] DEBUG o.h.cfg.annotations.EntityBinder - Bind entity Abstract.TicketSeller on table TicketSeller
12:51:43.224 [main] DEBUG org.hibernate.cfg.Ejb3Column - Binding column: Ejb3Column{table=org.hibernate.mapping.Table(TicketSeller), mappingColumn=id, insertable=true, updatable=true, unique=false}
12:51:43.225 [main] DEBUG o.h.b.internal.ClassLoaderAccessImpl - Not known whether passed class name [Abstract.TicketSeller] is safe
12:51:43.225 [main] DEBUG o.h.b.internal.ClassLoaderAccessImpl - No temp ClassLoader provided; using live ClassLoader for loading potentially unsafe class : Abstract.TicketSeller
12:51:43.226 [main] DEBUG o.h.cfg.annotations.PropertyBinder - MetadataSourceProcessor property id with lazy=false
12:51:43.227 [main] DEBUG o.h.cfg.AbstractPropertyHolder - Attempting to locate auto-apply AttributeConverter for property [Abstract.TicketSeller:id]
12:51:43.229 [main] DEBUG o.h.c.annotations.SimpleValueBinder - building SimpleValue for id
12:51:43.229 [main] DEBUG o.h.cfg.annotations.PropertyBinder - Building property id
12:51:43.232 [main] DEBUG org.hibernate.cfg.BinderHelper - #makeIdGenerator(org.hibernate.mapping.SimpleValue([org.hibernate.mapping.Column(id)]), id, org.hibernate.id.enhanced.SequenceStyleGenerator, elCat_seq, ...)
12:51:43.233 [main] DEBUG org.hibernate.cfg.Ejb3Column - Binding column: Ejb3Column{table=org.hibernate.mapping.Table(TicketSeller), mappingColumn=seller_name, insertable=true, updatable=true, unique=false}
12:51:43.233 [main] DEBUG o.h.cfg.annotations.PropertyBinder - MetadataSourceProcessor property name with lazy=false
12:51:43.234 [main] DEBUG o.h.cfg.AbstractPropertyHolder - Attempting to locate auto-apply AttributeConverter for property [Abstract.TicketSeller:name]
12:51:43.234 [main] DEBUG o.h.c.annotations.SimpleValueBinder - building SimpleValue for name
12:51:43.234 [main] DEBUG o.h.cfg.annotations.PropertyBinder - Building property name
12:51:43.234 [main] DEBUG org.hibernate.cfg.Ejb3Column - Binding column: Ejb3JoinColumn{logicalColumnName='null', referencedColumn='null', mappedBy=''}
12:51:43.234 [main] DEBUG org.hibernate.cfg.Ejb3Column - Binding column: Ejb3Column{table=org.hibernate.mapping.Table(TicketSeller), mappingColumn=passes, insertable=true, updatable=true, unique=false}
12:51:43.235 [main] DEBUG org.hibernate.cfg.Ejb3Column - Binding column: Ejb3Column{table=org.hibernate.mapping.Table(TicketSeller), mappingColumn=null, insertable=true, updatable=true, unique=false}
12:51:43.239 [main] DEBUG org.hibernate.cfg.Ejb3Column - Binding column: Ejb3Column{table=org.hibernate.mapping.Table(TicketSeller), mappingColumn=element, insertable=true, updatable=true, unique=false}
12:51:43.239 [main] DEBUG org.hibernate.cfg.Ejb3Column - Binding column: Ejb3Column{table=org.hibernate.mapping.Table(TicketSeller), mappingColumn=passes_KEY, insertable=true, updatable=true, unique=false}
12:51:43.241 [main] DEBUG org.hibernate.cfg.Ejb3Column - Binding column: Ejb3JoinColumn{logicalColumnName='passes_KEY', referencedColumn='null', mappedBy='null'}
12:51:43.241 [main] DEBUG org.hibernate.cfg.Ejb3Column - Binding column: Ejb3JoinColumn{logicalColumnName='null', referencedColumn='null', mappedBy=''}
12:51:43.241 [main] DEBUG org.hibernate.cfg.Ejb3Column - Binding column: Ejb3JoinColumn{logicalColumnName='null', referencedColumn='null', mappedBy=''}
12:51:43.242 [main] DEBUG o.h.cfg.annotations.CollectionBinder - Collection role: Abstract.TicketSeller.passes
12:51:43.243 [main] DEBUG o.h.cfg.annotations.PropertyBinder - Building property passes
12:51:43.243 [main] DEBUG org.hibernate.cfg.Ejb3Column - Binding column: Ejb3JoinColumn{logicalColumnName='null', referencedColumn='null', mappedBy=''}
12:51:43.243 [main] DEBUG org.hibernate.cfg.Ejb3Column - Binding column: Ejb3Column{table=org.hibernate.mapping.Table(TicketSeller), mappingColumn=tickets, insertable=true, updatable=true, unique=false}
12:51:43.243 [main] DEBUG org.hibernate.cfg.Ejb3Column - Binding column: Ejb3Column{table=org.hibernate.mapping.Table(TicketSeller), mappingColumn=null, insertable=true, updatable=true, unique=false}
12:51:43.243 [main] DEBUG org.hibernate.cfg.Ejb3Column - Binding column: Ejb3Column{table=org.hibernate.mapping.Table(TicketSeller), mappingColumn=element, insertable=true, updatable=true, unique=false}
12:51:43.243 [main] DEBUG org.hibernate.cfg.Ejb3Column - Binding column: Ejb3Column{table=org.hibernate.mapping.Table(TicketSeller), mappingColumn=tickets_KEY, insertable=true, updatable=true, unique=false}
12:51:43.243 [main] DEBUG org.hibernate.cfg.Ejb3Column - Binding column: Ejb3JoinColumn{logicalColumnName='tickets_KEY', referencedColumn='null', mappedBy='null'}
12:51:43.243 [main] DEBUG org.hibernate.cfg.Ejb3Column - Binding column: Ejb3JoinColumn{logicalColumnName='null', referencedColumn='null', mappedBy=''}
12:51:43.243 [main] DEBUG org.hibernate.cfg.Ejb3Column - Binding column: Ejb3JoinColumn{logicalColumnName='null', referencedColumn='null', mappedBy=''}
12:51:43.243 [main] DEBUG o.h.cfg.annotations.CollectionBinder - Collection role: Abstract.TicketSeller.tickets
12:51:43.244 [main] DEBUG o.h.cfg.annotations.PropertyBinder - Building property tickets
12:51:43.247 [main] DEBUG org.hibernate.cfg.AnnotationBinder - Binding entity from annotated class: Classes.Card
12:51:43.247 [main] DEBUG org.hibernate.cfg.Ejb3Column - Binding column: Ejb3DiscriminatorColumn{logicalColumnName'DTYPE', discriminatorTypeName='string'}
12:51:43.247 [main] DEBUG o.h.cfg.annotations.EntityBinder - Import with entity name Card
12:51:43.247 [main] DEBUG o.h.cfg.annotations.EntityBinder - Bind entity Classes.Card on table Card
12:51:43.248 [main] DEBUG org.hibernate.cfg.Ejb3Column - Binding column: Ejb3Column{table=org.hibernate.mapping.Table(Card), mappingColumn=id, insertable=true, updatable=true, unique=false}
12:51:43.249 [main] DEBUG o.h.b.internal.ClassLoaderAccessImpl - Not known whether passed class name [Classes.Card] is safe
12:51:43.249 [main] DEBUG o.h.b.internal.ClassLoaderAccessImpl - No temp ClassLoader provided; using live ClassLoader for loading potentially unsafe class : Classes.Card
12:51:43.249 [main] DEBUG o.h.cfg.annotations.PropertyBinder - MetadataSourceProcessor property id with lazy=false
12:51:43.249 [main] DEBUG o.h.cfg.AbstractPropertyHolder - Attempting to locate auto-apply AttributeConverter for property [Classes.Card:id]
12:51:43.249 [main] DEBUG o.h.c.annotations.SimpleValueBinder - building SimpleValue for id
12:51:43.249 [main] DEBUG o.h.cfg.annotations.PropertyBinder - Building property id
12:51:43.249 [main] DEBUG org.hibernate.cfg.BinderHelper - #makeIdGenerator(org.hibernate.mapping.SimpleValue([org.hibernate.mapping.Column(id)]), id, identity, , ...)
12:51:43.249 [main] DEBUG org.hibernate.cfg.Ejb3Column - Binding column: Ejb3Column{table=org.hibernate.mapping.Table(Card), mappingColumn=emissionDate, insertable=true, updatable=true, unique=false}
12:51:43.249 [main] DEBUG o.h.cfg.annotations.PropertyBinder - MetadataSourceProcessor property emissionDate with lazy=false
12:51:43.249 [main] DEBUG o.h.cfg.AbstractPropertyHolder - Attempting to locate auto-apply AttributeConverter for property [Classes.Card:emissionDate]
12:51:43.249 [main] DEBUG o.h.c.annotations.SimpleValueBinder - building SimpleValue for emissionDate
12:51:43.249 [main] DEBUG o.h.cfg.annotations.PropertyBinder - Building property emissionDate
12:51:43.249 [main] DEBUG org.hibernate.cfg.Ejb3Column - Binding column: Ejb3Column{table=org.hibernate.mapping.Table(Card), mappingColumn=expirationDate, insertable=true, updatable=true, unique=false}
12:51:43.249 [main] DEBUG o.h.cfg.annotations.PropertyBinder - MetadataSourceProcessor property expirationDate with lazy=false
12:51:43.249 [main] DEBUG o.h.cfg.AbstractPropertyHolder - Attempting to locate auto-apply AttributeConverter for property [Classes.Card:expirationDate]
12:51:43.249 [main] DEBUG o.h.c.annotations.SimpleValueBinder - building SimpleValue for expirationDate
12:51:43.249 [main] DEBUG o.h.cfg.annotations.PropertyBinder - Building property expirationDate
12:51:43.249 [main] DEBUG org.hibernate.cfg.Ejb3Column - Binding column: Ejb3JoinColumn{logicalColumnName='null', referencedColumn='null', mappedBy='cardNum'}
12:51:43.250 [main] DEBUG org.hibernate.cfg.Ejb3Column - Binding column: Ejb3Column{table=org.hibernate.mapping.Table(Card), mappingColumn=person, insertable=true, updatable=true, unique=false}
12:51:43.251 [main] DEBUG org.hibernate.cfg.AnnotationBinder - Binding entity from annotated class: Classes.Person
12:51:43.251 [main] DEBUG org.hibernate.cfg.Ejb3Column - Binding column: Ejb3DiscriminatorColumn{logicalColumnName'DTYPE', discriminatorTypeName='string'}
12:51:43.251 [main] DEBUG o.h.cfg.annotations.EntityBinder - Import with entity name Person
12:51:43.251 [main] DEBUG o.h.cfg.annotations.EntityBinder - Bind entity Classes.Person on table Person
12:51:43.252 [main] DEBUG org.hibernate.cfg.Ejb3Column - Binding column: Ejb3Column{table=org.hibernate.mapping.Table(Person), mappingColumn=id, insertable=true, updatable=true, unique=false}
12:51:43.252 [main] DEBUG o.h.b.internal.ClassLoaderAccessImpl - Not known whether passed class name [Classes.Person] is safe
12:51:43.252 [main] DEBUG o.h.b.internal.ClassLoaderAccessImpl - No temp ClassLoader provided; using live ClassLoader for loading potentially unsafe class : Classes.Person
12:51:43.252 [main] DEBUG o.h.cfg.annotations.PropertyBinder - MetadataSourceProcessor property id with lazy=false
12:51:43.252 [main] DEBUG o.h.cfg.AbstractPropertyHolder - Attempting to locate auto-apply AttributeConverter for property [Classes.Person:id]
12:51:43.252 [main] DEBUG o.h.c.annotations.SimpleValueBinder - building SimpleValue for id
12:51:43.252 [main] DEBUG o.h.cfg.annotations.PropertyBinder - Building property id
12:51:43.252 [main] DEBUG org.hibernate.cfg.BinderHelper - #makeIdGenerator(org.hibernate.mapping.SimpleValue([org.hibernate.mapping.Column(id)]), id, identity, , ...)
12:51:43.252 [main] DEBUG org.hibernate.cfg.Ejb3Column - Binding column: Ejb3Column{table=org.hibernate.mapping.Table(Person), mappingColumn=birthdate, insertable=true, updatable=true, unique=false}
12:51:43.252 [main] DEBUG o.h.cfg.annotations.PropertyBinder - MetadataSourceProcessor property birthdate with lazy=false
12:51:43.252 [main] DEBUG o.h.cfg.AbstractPropertyHolder - Attempting to locate auto-apply AttributeConverter for property [Classes.Person:birthdate]
12:51:43.252 [main] DEBUG o.h.c.annotations.SimpleValueBinder - building SimpleValue for birthdate
12:51:43.252 [main] DEBUG o.h.cfg.annotations.PropertyBinder - Building property birthdate
12:51:43.253 [main] DEBUG org.hibernate.cfg.Ejb3Column - Binding column: Ejb3JoinColumn{logicalColumnName='null', referencedColumn='null', mappedBy=''}
12:51:43.253 [main] DEBUG org.hibernate.cfg.Ejb3Column - Binding column: Ejb3Column{table=org.hibernate.mapping.Table(Person), mappingColumn=cardNum, insertable=true, updatable=true, unique=false}
12:51:43.253 [main] DEBUG o.h.cfg.annotations.PropertyBinder - Building property cardNum
12:51:43.254 [main] DEBUG org.hibernate.cfg.Ejb3Column - Binding column: Ejb3Column{table=org.hibernate.mapping.Table(Person), mappingColumn=firstName, insertable=true, updatable=true, unique=false}
12:51:43.254 [main] DEBUG o.h.cfg.annotations.PropertyBinder - MetadataSourceProcessor property firstName with lazy=false
12:51:43.254 [main] DEBUG o.h.cfg.AbstractPropertyHolder - Attempting to locate auto-apply AttributeConverter for property [Classes.Person:firstName]
12:51:43.254 [main] DEBUG o.h.c.annotations.SimpleValueBinder - building SimpleValue for firstName
12:51:43.254 [main] DEBUG o.h.cfg.annotations.PropertyBinder - Building property firstName
12:51:43.254 [main] DEBUG org.hibernate.cfg.Ejb3Column - Binding column: Ejb3Column{table=org.hibernate.mapping.Table(Person), mappingColumn=lastName, insertable=true, updatable=true, unique=false}
12:51:43.254 [main] DEBUG o.h.cfg.annotations.PropertyBinder - MetadataSourceProcessor property lastName with lazy=false
12:51:43.254 [main] DEBUG o.h.cfg.AbstractPropertyHolder - Attempting to locate auto-apply AttributeConverter for property [Classes.Person:lastName]
12:51:43.254 [main] DEBUG o.h.c.annotations.SimpleValueBinder - building SimpleValue for lastName
12:51:43.254 [main] DEBUG o.h.cfg.annotations.PropertyBinder - Building property lastName
12:51:43.255 [main] DEBUG org.hibernate.cfg.AnnotationBinder - Binding entity from annotated class: Classes.Ticket
12:51:43.255 [main] DEBUG org.hibernate.cfg.Ejb3Column - Binding column: Ejb3DiscriminatorColumn{logicalColumnName'DTYPE', discriminatorTypeName='string'}
12:51:43.255 [main] DEBUG o.h.cfg.annotations.EntityBinder - Import with entity name Ticket
12:51:43.255 [main] DEBUG o.h.cfg.annotations.EntityBinder - Bind entity Classes.Ticket on table Ticket
12:51:43.256 [main] DEBUG org.hibernate.cfg.Ejb3Column - Binding column: Ejb3Column{table=org.hibernate.mapping.Table(Ticket), mappingColumn=id, insertable=true, updatable=true, unique=false}
12:51:43.256 [main] DEBUG o.h.b.internal.ClassLoaderAccessImpl - Not known whether passed class name [Classes.Ticket] is safe
12:51:43.256 [main] DEBUG o.h.b.internal.ClassLoaderAccessImpl - No temp ClassLoader provided; using live ClassLoader for loading potentially unsafe class : Classes.Ticket
12:51:43.256 [main] DEBUG o.h.cfg.annotations.PropertyBinder - MetadataSourceProcessor property id with lazy=false
12:51:43.256 [main] DEBUG o.h.cfg.AbstractPropertyHolder - Attempting to locate auto-apply AttributeConverter for property [Classes.Ticket:id]
12:51:43.256 [main] DEBUG o.h.c.annotations.SimpleValueBinder - building SimpleValue for id
12:51:43.256 [main] DEBUG o.h.cfg.annotations.PropertyBinder - Building property id
12:51:43.256 [main] DEBUG org.hibernate.cfg.BinderHelper - #makeIdGenerator(org.hibernate.mapping.SimpleValue([org.hibernate.mapping.Column(id)]), id, identity, , ...)
12:51:43.256 [main] DEBUG org.hibernate.cfg.Ejb3Column - Binding column: Ejb3JoinColumn{logicalColumnName='null', referencedColumn='null', mappedBy='null'}
12:51:43.256 [main] DEBUG org.hibernate.cfg.Ejb3Column - Binding column: Ejb3Column{table=org.hibernate.mapping.Table(Ticket), mappingColumn=seller, insertable=true, updatable=true, unique=false}
12:51:43.257 [main] DEBUG o.h.cfg.annotations.PropertyBinder - Building property seller
12:51:43.257 [main] DEBUG org.hibernate.cfg.AnnotationBinder - Binding entity from annotated class: Classes.Pass
12:51:43.257 [main] DEBUG o.h.cfg.annotations.EntityBinder - Import with entity name Pass
12:51:43.258 [main] DEBUG org.hibernate.cfg.Ejb3Column - Binding column: Ejb3JoinColumn{logicalColumnName='null', referencedColumn='null', mappedBy=''}
12:51:43.259 [main] DEBUG org.hibernate.cfg.Ejb3Column - Binding column: Ejb3Column{table=org.hibernate.mapping.Table(Ticket), mappingColumn=person, insertable=true, updatable=true, unique=false}
12:51:43.259 [main] DEBUG o.h.cfg.annotations.PropertyBinder - Building property person
12:51:43.259 [main] DEBUG org.hibernate.cfg.Ejb3Column - Binding column: Ejb3JoinColumn{logicalColumnName='null', referencedColumn='null', mappedBy='null'}
12:51:43.259 [main] DEBUG org.hibernate.cfg.Ejb3Column - Binding column: Ejb3Column{table=org.hibernate.mapping.Table(Ticket), mappingColumn=sellers, insertable=true, updatable=true, unique=false}
12:51:43.259 [main] DEBUG o.h.cfg.annotations.PropertyBinder - Building property sellers
12:51:43.259 [main] DEBUG org.hibernate.cfg.Ejb3Column - Binding column: Ejb3Column{table=org.hibernate.mapping.Table(Ticket), mappingColumn=validity, insertable=true, updatable=true, unique=false}
12:51:43.259 [main] DEBUG o.h.cfg.annotations.PropertyBinder - MetadataSourceProcessor property validity with lazy=false
12:51:43.259 [main] DEBUG o.h.cfg.AbstractPropertyHolder - Attempting to locate auto-apply AttributeConverter for property [Classes.Pass:validity]
12:51:43.260 [main] DEBUG o.h.c.annotations.SimpleValueBinder - building SimpleValue for validity
12:51:43.260 [main] DEBUG o.h.cfg.annotations.PropertyBinder - Building property validity
12:51:43.261 [main] DEBUG org.hibernate.cfg.AnnotationBinder - Binding entity from annotated class: Classes.Shop
12:51:43.261 [main] DEBUG o.h.cfg.annotations.EntityBinder - Import with entity name Shop
12:51:43.262 [main] DEBUG org.hibernate.cfg.AnnotationBinder - Skipping attribute [java.util.List : passes] as it was already processed as part of super hierarchy
12:51:43.262 [main] DEBUG org.hibernate.cfg.Ejb3Column - Binding column: Ejb3JoinColumn{logicalColumnName='null', referencedColumn='null', mappedBy=''}
12:51:43.262 [main] DEBUG org.hibernate.cfg.Ejb3Column - Binding column: Ejb3Column{table=org.hibernate.mapping.Table(TicketSeller), mappingColumn=people, insertable=true, updatable=true, unique=false}
12:51:43.262 [main] DEBUG org.hibernate.cfg.Ejb3Column - Binding column: Ejb3Column{table=org.hibernate.mapping.Table(TicketSeller), mappingColumn=null, insertable=true, updatable=true, unique=false}
12:51:43.262 [main] DEBUG org.hibernate.cfg.Ejb3Column - Binding column: Ejb3Column{table=org.hibernate.mapping.Table(TicketSeller), mappingColumn=element, insertable=true, updatable=true, unique=false}
12:51:43.262 [main] DEBUG org.hibernate.cfg.Ejb3Column - Binding column: Ejb3Column{table=org.hibernate.mapping.Table(TicketSeller), mappingColumn=people_KEY, insertable=true, updatable=true, unique=false}
12:51:43.262 [main] DEBUG org.hibernate.cfg.Ejb3Column - Binding column: Ejb3JoinColumn{logicalColumnName='people_KEY', referencedColumn='null', mappedBy='null'}
12:51:43.262 [main] DEBUG org.hibernate.cfg.Ejb3Column - Binding column: Ejb3JoinColumn{logicalColumnName='null', referencedColumn='null', mappedBy=''}
12:51:43.262 [main] DEBUG org.hibernate.cfg.Ejb3Column - Binding column: Ejb3JoinColumn{logicalColumnName='null', referencedColumn='null', mappedBy=''}
12:51:43.262 [main] DEBUG o.h.cfg.annotations.CollectionBinder - Collection role: Classes.Shop.people
12:51:43.262 [main] DEBUG o.h.cfg.annotations.PropertyBinder - Building property people
12:51:43.262 [main] DEBUG org.hibernate.cfg.AnnotationBinder - Skipping attribute [java.util.List : tickets] as it was already processed as part of super hierarchy
12:51:43.262 [main] DEBUG org.hibernate.cfg.AnnotationBinder - Binding entity from annotated class: Classes.VendingMachine
12:51:43.262 [main] DEBUG o.h.cfg.annotations.EntityBinder - Import with entity name VendingMachine
12:51:43.263 [main] DEBUG org.hibernate.cfg.Ejb3Column - Binding column: Ejb3Column{table=org.hibernate.mapping.Table(TicketSeller), mappingColumn=isWorking, insertable=true, updatable=true, unique=false}
12:51:43.263 [main] DEBUG o.h.cfg.annotations.PropertyBinder - MetadataSourceProcessor property isWorking with lazy=false
12:51:43.263 [main] DEBUG o.h.cfg.AbstractPropertyHolder - Attempting to locate auto-apply AttributeConverter for property [Classes.VendingMachine:isWorking]
12:51:43.263 [main] DEBUG o.h.c.annotations.SimpleValueBinder - building SimpleValue for isWorking
12:51:43.263 [main] DEBUG o.h.cfg.annotations.PropertyBinder - Building property isWorking
12:51:43.264 [main] DEBUG o.h.c.annotations.SimpleValueBinder - Starting fillSimpleValue for id
12:51:43.264 [main] DEBUG o.h.c.annotations.SimpleValueBinder - Starting fillSimpleValue for name
12:51:43.264 [main] DEBUG o.h.c.annotations.SimpleValueBinder - Starting fillSimpleValue for id
12:51:43.264 [main] DEBUG o.h.c.annotations.SimpleValueBinder - Starting fillSimpleValue for emissionDate
12:51:43.264 [main] DEBUG o.h.c.annotations.SimpleValueBinder - Starting fillSimpleValue for expirationDate
12:51:43.264 [main] DEBUG o.h.c.annotations.SimpleValueBinder - Starting fillSimpleValue for id
12:51:43.264 [main] DEBUG o.h.c.annotations.SimpleValueBinder - Starting fillSimpleValue for birthdate
12:51:43.264 [main] DEBUG o.h.c.annotations.SimpleValueBinder - Starting fillSimpleValue for firstName
12:51:43.264 [main] DEBUG o.h.c.annotations.SimpleValueBinder - Starting fillSimpleValue for lastName
12:51:43.264 [main] DEBUG o.h.c.annotations.SimpleValueBinder - Starting fillSimpleValue for id
12:51:43.264 [main] DEBUG o.h.c.annotations.SimpleValueBinder - Starting fillSimpleValue for validity
12:51:43.265 [main] DEBUG o.h.c.annotations.SimpleValueBinder - Starting fillSimpleValue for isWorking
12:51:43.268 [main] DEBUG org.hibernate.mapping.PrimaryKey - Forcing column [id] to be non-null as it is part of the primary key for table [ticketseller]
12:51:43.268 [main] DEBUG org.hibernate.mapping.PrimaryKey - Forcing column [id] to be non-null as it is part of the primary key for table [card]
12:51:43.268 [main] DEBUG org.hibernate.mapping.PrimaryKey - Forcing column [id] to be non-null as it is part of the primary key for table [person]
12:51:43.268 [main] DEBUG org.hibernate.mapping.PrimaryKey - Forcing column [id] to be non-null as it is part of the primary key for table [ticket]
12:51:43.269 [main] DEBUG o.hibernate.cfg.CollectionSecondPass - Second pass for collection: Classes.Shop.people
12:51:43.269 [main] DEBUG o.h.cfg.annotations.CollectionBinder - Binding a OneToMany: Classes.Shop.people through an association table
12:51:43.273 [main] DEBUG o.hibernate.cfg.CollectionSecondPass - Mapped collection key: Shop_id, element: people_id
12:51:43.273 [main] DEBUG o.hibernate.cfg.CollectionSecondPass - Second pass for collection: Abstract.TicketSeller.tickets
12:51:43.274 [main] DEBUG o.h.cfg.annotations.CollectionBinder - Binding a OneToMany: Abstract.TicketSeller.tickets through an association table
12:51:43.274 [main] DEBUG o.hibernate.cfg.CollectionSecondPass - Mapped collection key: TicketSeller_id, element: tickets_id
12:51:43.274 [main] DEBUG o.hibernate.cfg.CollectionSecondPass - Second pass for collection: Abstract.TicketSeller.passes
12:51:43.274 [main] DEBUG o.h.cfg.annotations.CollectionBinder - Binding a OneToMany: Abstract.TicketSeller.passes through an association table
12:51:43.274 [main] DEBUG o.hibernate.cfg.CollectionSecondPass - Mapped collection key: TicketSeller_id, element: passes_id
12:51:43.275 [main] DEBUG o.h.cfg.annotations.PropertyBinder - Building property person
12:51:43.276 [main] DEBUG o.h.b.i.InFlightMetadataCollectorImpl - Processing association property references
12:51:43.276 [main] DEBUG o.h.b.i.InFlightMetadataCollectorImpl - Resolving reference to class: Classes.Card
12:51:43.277 [main] DEBUG o.h.b.i.InFlightMetadataCollectorImpl - Resolving reference to class: Abstract.TicketSeller
12:51:43.277 [main] DEBUG o.h.b.i.InFlightMetadataCollectorImpl - Resolving reference to class: Classes.Person
12:51:43.277 [main] DEBUG o.h.b.i.InFlightMetadataCollectorImpl - Resolving reference to class: Abstract.TicketSeller
12:51:43.277 [main] DEBUG o.h.b.i.InFlightMetadataCollectorImpl - Resolving reference to class: Classes.Person
12:51:43.277 [main] DEBUG o.h.b.i.InFlightMetadataCollectorImpl - Resolving reference to class: Classes.Shop
12:51:43.277 [main] DEBUG o.h.b.i.InFlightMetadataCollectorImpl - Resolving reference to class: Classes.Ticket
12:51:43.277 [main] DEBUG o.h.b.i.InFlightMetadataCollectorImpl - Resolving reference to class: Abstract.TicketSeller
12:51:43.277 [main] DEBUG o.h.b.i.InFlightMetadataCollectorImpl - Resolving reference to class: Classes.Pass
12:51:43.279 [main] DEBUG o.h.b.i.InFlightMetadataCollectorImpl - Processing association property references
12:51:43.279 [main] DEBUG o.h.b.i.InFlightMetadataCollectorImpl - Resolving reference to class: Classes.Card
12:51:43.279 [main] DEBUG o.h.b.i.InFlightMetadataCollectorImpl - Resolving reference to class: Abstract.TicketSeller
12:51:43.279 [main] DEBUG o.h.b.i.InFlightMetadataCollectorImpl - Resolving reference to class: Classes.Person
12:51:43.279 [main] DEBUG o.h.b.i.InFlightMetadataCollectorImpl - Resolving reference to class: Abstract.TicketSeller
12:51:43.279 [main] DEBUG o.h.b.i.InFlightMetadataCollectorImpl - Resolving reference to class: Classes.Person
12:51:43.280 [main] DEBUG o.h.b.i.InFlightMetadataCollectorImpl - Resolving reference to class: Classes.Shop
12:51:43.280 [main] DEBUG o.h.b.i.InFlightMetadataCollectorImpl - Resolving reference to class: Classes.Ticket
12:51:43.280 [main] DEBUG o.h.b.i.InFlightMetadataCollectorImpl - Resolving reference to class: Abstract.TicketSeller
12:51:43.280 [main] DEBUG o.h.b.i.InFlightMetadataCollectorImpl - Resolving reference to class: Classes.Pass
12:51:43.308 [main] DEBUG o.h.internal.SessionFactoryImpl - Building session factory
12:51:43.309 [main] DEBUG org.hibernate.cfg.Settings - SessionFactory name : null
12:51:43.309 [main] DEBUG org.hibernate.cfg.Settings - Automatic flush during beforeCompletion(): enabled
12:51:43.309 [main] DEBUG org.hibernate.cfg.Settings - Automatic session close at end of transaction: disabled
12:51:43.309 [main] DEBUG org.hibernate.cfg.Settings - Statistics: disabled
12:51:43.309 [main] DEBUG org.hibernate.cfg.Settings - Deleted entity synthetic identifier rollback: disabled
12:51:43.309 [main] DEBUG org.hibernate.cfg.Settings - Default entity-mode: pojo
12:51:43.309 [main] DEBUG org.hibernate.cfg.Settings - Check Nullability in Core (should be disabled when Bean Validation is on): enabled
12:51:43.309 [main] DEBUG org.hibernate.cfg.Settings - Allow initialization of lazy state outside session : disabled
12:51:43.309 [main] DEBUG org.hibernate.cfg.Settings - Using BatchFetchStyle : LEGACY
12:51:43.309 [main] DEBUG org.hibernate.cfg.Settings - Default batch fetch size: -1
12:51:43.309 [main] DEBUG org.hibernate.cfg.Settings - Maximum outer join fetch depth: null
12:51:43.309 [main] DEBUG org.hibernate.cfg.Settings - Default null ordering: NONE
12:51:43.309 [main] DEBUG org.hibernate.cfg.Settings - Order SQL updates by primary key: disabled
12:51:43.309 [main] DEBUG org.hibernate.cfg.Settings - Order SQL inserts for batching: disabled
12:51:43.309 [main] DEBUG org.hibernate.cfg.Settings - multi-tenancy strategy : NONE
12:51:43.309 [main] DEBUG org.hibernate.cfg.Settings - JTA Track by Thread: enabled
12:51:43.309 [main] DEBUG org.hibernate.cfg.Settings - Query language substitutions: {}
12:51:43.309 [main] DEBUG org.hibernate.cfg.Settings - Named query checking : enabled
12:51:43.309 [main] DEBUG org.hibernate.cfg.Settings - Second-level cache: disabled
12:51:43.309 [main] DEBUG org.hibernate.cfg.Settings - Second-level query cache: disabled
12:51:43.309 [main] DEBUG org.hibernate.cfg.Settings - Second-level query cache factory: null
12:51:43.309 [main] DEBUG org.hibernate.cfg.Settings - Second-level cache region prefix: null
12:51:43.309 [main] DEBUG org.hibernate.cfg.Settings - Optimize second-level cache for minimal puts: disabled
12:51:43.309 [main] DEBUG org.hibernate.cfg.Settings - Structured second-level cache entries: disabled
12:51:43.309 [main] DEBUG org.hibernate.cfg.Settings - Second-level cache direct-reference entries: disabled
12:51:43.309 [main] DEBUG org.hibernate.cfg.Settings - Automatic eviction of collection cache: disabled
12:51:43.309 [main] DEBUG org.hibernate.cfg.Settings - JDBC batch size: 15
12:51:43.309 [main] DEBUG org.hibernate.cfg.Settings - JDBC batch updates for versioned data: enabled
12:51:43.309 [main] DEBUG org.hibernate.cfg.Settings - Scrollable result sets: enabled
12:51:43.309 [main] DEBUG org.hibernate.cfg.Settings - Wrap result sets: disabled
12:51:43.309 [main] DEBUG org.hibernate.cfg.Settings - JDBC3 getGeneratedKeys(): enabled
12:51:43.309 [main] DEBUG org.hibernate.cfg.Settings - JDBC result set fetch size: null
12:51:43.309 [main] DEBUG org.hibernate.cfg.Settings - Connection release mode: AFTER_TRANSACTION
12:51:43.309 [main] DEBUG org.hibernate.cfg.Settings - Generate SQL with comments: disabled
12:51:43.309 [main] DEBUG org.hibernate.cfg.Settings - JPA compliance - query : disabled
12:51:43.309 [main] DEBUG org.hibernate.cfg.Settings - JPA compliance - closed-handling : disabled
12:51:43.309 [main] DEBUG org.hibernate.cfg.Settings - JPA compliance - lists : disabled
12:51:43.309 [main] DEBUG org.hibernate.cfg.Settings - JPA compliance - transactions : disabled
12:51:43.315 [main] DEBUG o.h.b.internal.ClassLoaderAccessImpl - Not known whether passed class name [Classes.Pass] is safe
12:51:43.315 [main] DEBUG o.h.b.internal.ClassLoaderAccessImpl - No temp ClassLoader provided; using live ClassLoader for loading potentially unsafe class : Classes.Pass
12:51:43.315 [main] DEBUG o.h.b.internal.ClassLoaderAccessImpl - Not known whether passed class name [Classes.Shop] is safe
12:51:43.315 [main] DEBUG o.h.b.internal.ClassLoaderAccessImpl - No temp ClassLoader provided; using live ClassLoader for loading potentially unsafe class : Classes.Shop
12:51:43.315 [main] DEBUG o.h.b.internal.ClassLoaderAccessImpl - Not known whether passed class name [Classes.VendingMachine] is safe
12:51:43.315 [main] DEBUG o.h.b.internal.ClassLoaderAccessImpl - No temp ClassLoader provided; using live ClassLoader for loading potentially unsafe class : Classes.VendingMachine
12:51:43.341 [main] DEBUG o.h.s.i.SessionFactoryServiceRegistryImpl - EventListenerRegistry access via ServiceRegistry is deprecated.  Use `sessionFactory.getEventEngine().getListenerRegistry()` instead
12:51:43.342 [main] DEBUG o.h.s.i.SessionFactoryServiceRegistryImpl - EventListenerRegistry access via ServiceRegistry is deprecated.  Use `sessionFactory.getEventEngine().getListenerRegistry()` instead
12:51:43.350 [main] DEBUG o.h.internal.SessionFactoryImpl - Session factory constructed with filter configurations : {}
12:51:43.351 [main] DEBUG o.h.internal.SessionFactoryImpl - Instantiating session factory with properties: {java.specification.version=17, sun.cpu.isalist=amd64, sun.jnu.encoding=Cp1252, hibernate.dialect=org.hibernate.dialect.PostgreSQLDialect, java.class.path=C:\Users\total\Desktop\All\Epicode\fs0223-Luca-Sernicola-BackEnd\BuildWeek_4\target\classes;C:\Users\total\.m2\repository\ch\qos\logback\logback-classic\1.4.8\logback-classic-1.4.8.jar;C:\Users\total\.m2\repository\ch\qos\logback\logback-core\1.4.8\logback-core-1.4.8.jar;C:\Users\total\.m2\repository\org\slf4j\slf4j-api\2.0.7\slf4j-api-2.0.7.jar;C:\Users\total\.m2\repository\commons-io\commons-io\2.13.0\commons-io-2.13.0.jar;C:\Users\total\.m2\repository\org\postgresql\postgresql\42.6.0\postgresql-42.6.0.jar;C:\Users\total\.m2\repository\org\checkerframework\checker-qual\3.31.0\checker-qual-3.31.0.jar;C:\Users\total\.m2\repository\org\hibernate\hibernate-core\5.6.15.Final\hibernate-core-5.6.15.Final.jar;C:\Users\total\.m2\repository\org\jboss\logging\jboss-logging\3.4.3.Final\jboss-logging-3.4.3.Final.jar;C:\Users\total\.m2\repository\javax\persistence\javax.persistence-api\2.2\javax.persistence-api-2.2.jar;C:\Users\total\.m2\repository\net\bytebuddy\byte-buddy\1.12.18\byte-buddy-1.12.18.jar;C:\Users\total\.m2\repository\antlr\antlr\2.7.7\antlr-2.7.7.jar;C:\Users\total\.m2\repository\org\jboss\spec\javax\transaction\jboss-transaction-api_1.2_spec\1.1.1.Final\jboss-transaction-api_1.2_spec-1.1.1.Final.jar;C:\Users\total\.m2\repository\org\jboss\jandex\2.4.2.Final\jandex-2.4.2.Final.jar;C:\Users\total\.m2\repository\com\fasterxml\classmate\1.5.1\classmate-1.5.1.jar;C:\Users\total\.m2\repository\javax\activation\javax.activation-api\1.2.0\javax.activation-api-1.2.0.jar;C:\Users\total\.m2\repository\org\hibernate\common\hibernate-commons-annotations\5.1.2.Final\hibernate-commons-annotations-5.1.2.Final.jar;C:\Users\total\.m2\repository\javax\xml\bind\jaxb-api\2.3.1\jaxb-api-2.3.1.jar;C:\Users\total\.m2\repository\org\glassfish\jaxb\jaxb-runtime\2.3.1\jaxb-runtime-2.3.1.jar;C:\Users\total\.m2\repository\org\glassfish\jaxb\txw2\2.3.1\txw2-2.3.1.jar;C:\Users\total\.m2\repository\com\sun\istack\istack-commons-runtime\3.0.7\istack-commons-runtime-3.0.7.jar;C:\Users\total\.m2\repository\org\jvnet\staxex\stax-ex\1.8\stax-ex-1.8.jar;C:\Users\total\.m2\repository\com\sun\xml\fastinfoset\FastInfoset\1.2.15\FastInfoset-1.2.15.jar;C:\Users\total\Desktop\All\Epicode\fs0223-Luca-Sernicola-BackEnd\Homework_W3_D3\target\classes, java.vm.vendor=Eclipse Adoptium, sun.arch.data.model=64, user.variant=, java.vendor.url=https://adoptium.net/, user.timezone=Europe/Rome, javax.persistence.jdbc.url=jdbc:postgresql://localhost:5432/BuildWeek, javax.persistence.jdbc.user=****, java.vm.specification.version=17, os.name=Windows 11, jakarta.persistence.jdbc.password=****, sun.java.launcher=SUN_STANDARD, user.country=US, local.setting.IS_JTA_TXN_COORD=false, sun.boot.library.path=C:\Users\total\.p2\pool\plugins\org.eclipse.justj.openjdk.hotspot.jre.full.win32.x86_64_17.0.7.v20230425-1502\jre\bin, sun.java.command=MainClass.MainClass, jdk.debug=release, jakarta.persistence.jdbc.driver=org.postgresql.Driver, sun.cpu.endian=little, user.home=C:\Users\total, user.language=en, java.specification.vendor=Oracle Corporation, java.version.date=2023-04-18, java.home=C:\Users\total\.p2\pool\plugins\org.eclipse.justj.openjdk.hotspot.jre.full.win32.x86_64_17.0.7.v20230425-1502\jre, file.separator=\, java.vm.compressedOopsMode=Zero based, jakarta.persistence.jdbc.user=****, line.separator=
, hibernate.persistenceUnitName=BuildWeek_4, java.vm.specification.vendor=Oracle Corporation, java.specification.name=Java Platform API Specification, hibernate.transaction.coordinator_class=class org.hibernate.resource.transaction.backend.jdbc.internal.JdbcResourceLocalTransactionCoordinatorBuilderImpl, javax.persistence.jdbc.driver=org.postgresql.Driver, hibernate.hbm2ddl.auto=update, user.script=, sun.management.compiler=HotSpot 64-Bit Tiered Compilers, java.runtime.version=17.0.7+7, user.name=total, path.separator=;, hibernate.connection.username=****, os.version=10.0, java.runtime.name=OpenJDK Runtime Environment, hibernate.connection.url=jdbc:postgresql://localhost:5432/BuildWeek, file.encoding=UTF-8, hibernate.ejb.persistenceUnitName=BuildWeek_4, java.vm.name=OpenJDK 64-Bit Server VM, java.vendor.version=Temurin-17.0.7+7, hibernate.connection.driver_class=org.postgresql.Driver, java.vendor.url.bug=https://github.com/adoptium/adoptium-support/issues, java.io.tmpdir=C:\Users\total\AppData\Local\Temp\, java.version=17.0.7, user.dir=C:\Users\total\Desktop\All\Epicode\fs0223-Luca-Sernicola-BackEnd\BuildWeek_4, os.arch=amd64, java.vm.specification.name=Java Virtual Machine Specification, hibernate.connection.password=****, sun.os.patch.level=, jakarta.persistence.jdbc.url=jdbc:postgresql://localhost:5432/BuildWeek, hibernate.boot.CfgXmlAccessService.key=org.hibernate.boot.registry.StandardServiceRegistryBuilder$1@3872bc37, native.encoding=Cp1252, java.library.path=C:\Users\total\.p2\pool\plugins\org.eclipse.justj.openjdk.hotspot.jre.full.win32.x86_64_17.0.7.v20230425-1502\jre\bin;C:\windows\Sun\Java\bin;C:\windows\system32;C:\windows;C:/Users/total/.p2/pool/plugins/org.eclipse.justj.openjdk.hotspot.jre.full.win32.x86_64_17.0.7.v20230425-1502/jre/bin/server;C:/Users/total/.p2/pool/plugins/org.eclipse.justj.openjdk.hotspot.jre.full.win32.x86_64_17.0.7.v20230425-1502/jre/bin;C:\Program Files\Eclipse Adoptium\jdk-17.0.7.7-hotspot\bin;C:\Program Files (x86)\NVIDIA Corporation\PhysX\Common;C:\windows\system32;C:\windows;C:\windows\System32\Wbem;C:\windows\System32\WindowsPowerShell\v1.0\;C:\windows\System32\OpenSSH\;C:\Program Files\Git\cmd;C:\Program Files\nodejs\;C:\Users\total\AppData\Local\Microsoft\WindowsApps;C:\Users\total\AppData\Local\Programs\Microsoft VS Code\bin;C:\Users\total\AppData\Roaming\npm;C:\Users\total\AppData\Local\GitHubDesktop\bin;C:\windows\System32;;., java.vendor=Eclipse Adoptium, java.vm.info=mixed mode, java.vm.version=17.0.7+7, hibernate.bytecode.use_reflection_optimizer=false, sun.io.unicode.encoding=UnicodeLittle, javax.persistence.jdbc.password=****, java.class.version=61.0}
12:51:43.360 [main] DEBUG o.h.secure.spi.JaccIntegrator - Skipping JACC integration as it was not enabled
12:51:43.363 [main] DEBUG org.hibernate.type.EnumType - Using ORDINAL-based conversion for Enum Enums.Validity
12:51:43.364 [main] DEBUG o.h.internal.SessionFactoryImpl - Instantiated session factory
12:51:43.365 [main] DEBUG o.h.type.spi.TypeConfiguration$Scope - Scoping TypeConfiguration [org.hibernate.type.spi.TypeConfiguration@66bfd864] to SessionFactoryImpl [org.hibernate.internal.SessionFactoryImpl@7a7cc52c]
12:51:43.400 [main] DEBUG o.h.b.internal.ClassLoaderAccessImpl - Not known whether passed class name [Abstract.TicketSeller] is safe
12:51:43.400 [main] DEBUG o.h.b.internal.ClassLoaderAccessImpl - No temp ClassLoader provided; using live ClassLoader for loading potentially unsafe class : Abstract.TicketSeller
12:51:43.402 [main] DEBUG o.h.b.internal.ClassLoaderAccessImpl - Not known whether passed class name [Classes.Shop] is safe
12:51:43.402 [main] DEBUG o.h.b.internal.ClassLoaderAccessImpl - No temp ClassLoader provided; using live ClassLoader for loading potentially unsafe class : Classes.Shop
12:51:43.402 [main] DEBUG o.h.b.internal.ClassLoaderAccessImpl - Not known whether passed class name [Classes.VendingMachine] is safe
12:51:43.402 [main] DEBUG o.h.b.internal.ClassLoaderAccessImpl - No temp ClassLoader provided; using live ClassLoader for loading potentially unsafe class : Classes.VendingMachine
12:51:43.506 [main] DEBUG o.hibernate.orm.bytecode.interceptor - To-one property `Classes.Card#person` was mapped with LAZY + NO_PROXY but the class was not enhanced
12:51:43.506 [main] DEBUG o.hibernate.orm.bytecode.interceptor - To-one property `Classes.Card#person` was mapped with LAZY + NO_PROXY but the class was not enhanced
12:51:43.506 [main] DEBUG o.h.b.internal.ClassLoaderAccessImpl - Not known whether passed class name [Classes.Card] is safe
12:51:43.506 [main] DEBUG o.h.b.internal.ClassLoaderAccessImpl - No temp ClassLoader provided; using live ClassLoader for loading potentially unsafe class : Classes.Card
12:51:43.514 [main] DEBUG o.hibernate.orm.bytecode.interceptor - To-one property `Classes.Card#person` was mapped with LAZY + NO_PROXY but the class was not enhanced
12:51:43.514 [main] DEBUG o.hibernate.orm.bytecode.interceptor - To-one property `Classes.Card#person` was mapped with LAZY + NO_PROXY but the class was not enhanced
12:51:43.514 [main] DEBUG o.hibernate.orm.bytecode.interceptor - To-one property `Classes.Person#cardNum` was mapped with LAZY + NO_PROXY but the class was not enhanced
12:51:43.515 [main] DEBUG o.hibernate.orm.bytecode.interceptor - To-one property `Classes.Person#cardNum` was mapped with LAZY + NO_PROXY but the class was not enhanced
12:51:43.515 [main] DEBUG o.h.b.internal.ClassLoaderAccessImpl - Not known whether passed class name [Classes.Person] is safe
12:51:43.515 [main] DEBUG o.h.b.internal.ClassLoaderAccessImpl - No temp ClassLoader provided; using live ClassLoader for loading potentially unsafe class : Classes.Person
12:51:43.521 [main] DEBUG o.hibernate.orm.bytecode.interceptor - To-one property `Classes.Person#cardNum` was mapped with LAZY + NO_PROXY but the class was not enhanced
12:51:43.521 [main] DEBUG o.hibernate.orm.bytecode.interceptor - To-one property `Classes.Person#cardNum` was mapped with LAZY + NO_PROXY but the class was not enhanced
12:51:43.521 [main] DEBUG o.hibernate.orm.bytecode.interceptor - To-one property `Classes.Ticket#seller` was mapped with LAZY + NO_PROXY but the class was not enhanced
12:51:43.521 [main] DEBUG o.hibernate.orm.bytecode.interceptor - To-one property `Classes.Ticket#seller` was mapped with LAZY + NO_PROXY but the class was not enhanced
12:51:43.522 [main] DEBUG o.hibernate.orm.bytecode.interceptor - To-one property `Classes.Pass#person` was mapped with LAZY + NO_PROXY but the class was not enhanced
12:51:43.522 [main] DEBUG o.hibernate.orm.bytecode.interceptor - To-one property `Classes.Pass#person` was mapped with LAZY + NO_PROXY but the class was not enhanced
12:51:43.522 [main] DEBUG o.hibernate.orm.bytecode.interceptor - To-one property `Classes.Pass#sellers` was mapped with LAZY + NO_PROXY but the class was not enhanced
12:51:43.522 [main] DEBUG o.hibernate.orm.bytecode.interceptor - To-one property `Classes.Pass#sellers` was mapped with LAZY + NO_PROXY but the class was not enhanced
12:51:43.522 [main] DEBUG o.h.b.internal.ClassLoaderAccessImpl - Not known whether passed class name [Classes.Pass] is safe
12:51:43.522 [main] DEBUG o.h.b.internal.ClassLoaderAccessImpl - No temp ClassLoader provided; using live ClassLoader for loading potentially unsafe class : Classes.Pass
12:51:43.527 [main] DEBUG o.hibernate.orm.bytecode.interceptor - To-one property `Classes.Ticket#seller` was mapped with LAZY + NO_PROXY but the class was not enhanced
12:51:43.527 [main] DEBUG o.hibernate.orm.bytecode.interceptor - To-one property `Classes.Pass#person` was mapped with LAZY + NO_PROXY but the class was not enhanced
12:51:43.527 [main] DEBUG o.hibernate.orm.bytecode.interceptor - To-one property `Classes.Pass#sellers` was mapped with LAZY + NO_PROXY but the class was not enhanced
12:51:43.528 [main] DEBUG o.hibernate.orm.bytecode.interceptor - To-one property `Classes.Ticket#seller` was mapped with LAZY + NO_PROXY but the class was not enhanced
12:51:43.528 [main] DEBUG o.hibernate.orm.bytecode.interceptor - To-one property `Classes.Pass#person` was mapped with LAZY + NO_PROXY but the class was not enhanced
12:51:43.528 [main] DEBUG o.hibernate.orm.bytecode.interceptor - To-one property `Classes.Pass#sellers` was mapped with LAZY + NO_PROXY but the class was not enhanced
12:51:43.532 [main] DEBUG o.hibernate.orm.bytecode.interceptor - To-one property `Classes.Ticket#seller` was mapped with LAZY + NO_PROXY but the class was not enhanced
12:51:43.532 [main] DEBUG o.hibernate.orm.bytecode.interceptor - To-one property `Classes.Ticket#seller` was mapped with LAZY + NO_PROXY but the class was not enhanced
12:51:43.532 [main] DEBUG o.h.b.internal.ClassLoaderAccessImpl - Not known whether passed class name [Classes.Ticket] is safe
12:51:43.532 [main] DEBUG o.h.b.internal.ClassLoaderAccessImpl - No temp ClassLoader provided; using live ClassLoader for loading potentially unsafe class : Classes.Ticket
12:51:43.536 [main] DEBUG o.hibernate.orm.bytecode.interceptor - To-one property `Classes.Ticket#seller` was mapped with LAZY + NO_PROXY but the class was not enhanced
12:51:43.536 [main] DEBUG o.hibernate.orm.bytecode.interceptor - To-one property `Classes.Ticket#seller` was mapped with LAZY + NO_PROXY but the class was not enhanced
12:51:43.537 [main] DEBUG o.hibernate.orm.bytecode.interceptor - To-one property `Classes.Pass#person` was mapped with LAZY + NO_PROXY but the class was not enhanced
12:51:43.537 [main] DEBUG o.hibernate.orm.bytecode.interceptor - To-one property `Classes.Pass#sellers` was mapped with LAZY + NO_PROXY but the class was not enhanced
12:51:43.548 [main] DEBUG o.h.p.c.AbstractCollectionPersister - Static SQL for collection: Abstract.TicketSeller.tickets
12:51:43.549 [main] DEBUG o.h.p.c.AbstractCollectionPersister -  Row insert: insert into TicketSeller_Ticket (TicketSeller_id, tickets_id) values (?, ?)
12:51:43.549 [main] DEBUG o.h.p.c.AbstractCollectionPersister -  Row update: update TicketSeller_Ticket set tickets_id=? where TicketSeller_id=? and tickets_id=?
12:51:43.549 [main] DEBUG o.h.p.c.AbstractCollectionPersister -  Row delete: delete from TicketSeller_Ticket where TicketSeller_id=? and tickets_id=?
12:51:43.549 [main] DEBUG o.h.p.c.AbstractCollectionPersister -  One-shot delete: delete from TicketSeller_Ticket where TicketSeller_id=?
12:51:43.549 [main] DEBUG o.h.p.c.AbstractCollectionPersister - Static SQL for collection: Abstract.TicketSeller.passes
12:51:43.549 [main] DEBUG o.h.p.c.AbstractCollectionPersister -  Row insert: insert into TicketSeller_Ticket (TicketSeller_id, passes_id) values (?, ?)
12:51:43.549 [main] DEBUG o.h.p.c.AbstractCollectionPersister -  Row update: update TicketSeller_Ticket set passes_id=? where TicketSeller_id=? and passes_id=?
12:51:43.549 [main] DEBUG o.h.p.c.AbstractCollectionPersister -  Row delete: delete from TicketSeller_Ticket where TicketSeller_id=? and passes_id=?
12:51:43.549 [main] DEBUG o.h.p.c.AbstractCollectionPersister -  One-shot delete: delete from TicketSeller_Ticket where TicketSeller_id=?
12:51:43.549 [main] DEBUG o.h.p.c.AbstractCollectionPersister - Static SQL for collection: Classes.Shop.people
12:51:43.549 [main] DEBUG o.h.p.c.AbstractCollectionPersister -  Row insert: insert into TicketSeller_Person (Shop_id, people_id) values (?, ?)
12:51:43.549 [main] DEBUG o.h.p.c.AbstractCollectionPersister -  Row update: update TicketSeller_Person set people_id=? where Shop_id=? and people_id=?
12:51:43.549 [main] DEBUG o.h.p.c.AbstractCollectionPersister -  Row delete: delete from TicketSeller_Person where Shop_id=? and people_id=?
12:51:43.549 [main] DEBUG o.h.p.c.AbstractCollectionPersister -  One-shot delete: delete from TicketSeller_Person where Shop_id=?
12:51:43.551 [main] DEBUG o.h.p.entity.AbstractEntityPersister - Static SQL for entity: Abstract.TicketSeller
12:51:43.551 [main] DEBUG o.h.p.entity.AbstractEntityPersister -  Version select: select id from TicketSeller where id =?
12:51:43.551 [main] DEBUG o.h.p.entity.AbstractEntityPersister -  Snapshot select: select ticketsell_.id, ticketsell_.seller_name as seller_n3_3_ from TicketSeller ticketsell_ where ticketsell_.id=?
12:51:43.551 [main] DEBUG o.h.p.entity.AbstractEntityPersister -  Insert 0: insert into TicketSeller (seller_name, type, id) values (?, 'TicketSeller', ?)
12:51:43.551 [main] DEBUG o.h.p.entity.AbstractEntityPersister -  Update 0: update TicketSeller set seller_name=? where id=?
12:51:43.551 [main] DEBUG o.h.p.entity.AbstractEntityPersister -  Delete 0: delete from TicketSeller where id=?
12:51:43.563 [main] DEBUG o.h.l.p.b.i.spaces.QuerySpacesImpl - Adding QuerySpace : uid = <gen:0> -> org.hibernate.loader.plan.build.internal.spaces.EntityQuerySpaceImpl@6f1b8544]
12:51:43.564 [main] DEBUG o.h.p.w.spi.MetamodelGraphWalker - Visiting attribute path : name
12:51:43.564 [main] DEBUG o.h.p.w.spi.MetamodelGraphWalker - Visiting attribute path : passes
12:51:43.565 [main] DEBUG o.h.l.p.b.i.spaces.QuerySpacesImpl - Adding QuerySpace : uid = <gen:1> -> org.hibernate.loader.plan.build.internal.spaces.CollectionQuerySpaceImpl@b46e103]
12:51:43.566 [main] DEBUG o.h.l.p.b.i.spaces.QuerySpacesImpl - Adding QuerySpace : uid = <gen:2> -> org.hibernate.loader.plan.build.internal.spaces.EntityQuerySpaceImpl@4a2e7bcb]
12:51:43.566 [main] DEBUG o.h.p.w.spi.MetamodelGraphWalker - Visiting attribute path : tickets
12:51:43.566 [main] DEBUG o.h.l.p.b.i.spaces.QuerySpacesImpl - Adding QuerySpace : uid = <gen:3> -> org.hibernate.loader.plan.build.internal.spaces.CollectionQuerySpaceImpl@7c1447b5]
12:51:43.566 [main] DEBUG o.h.l.p.b.i.spaces.QuerySpacesImpl - Adding QuerySpace : uid = <gen:4> -> org.hibernate.loader.plan.build.internal.spaces.EntityQuerySpaceImpl@49e4c2d5]
12:51:43.566 [main] DEBUG o.h.p.w.spi.MetamodelGraphWalker - Visiting attribute path : people
12:51:43.566 [main] DEBUG o.h.l.p.b.i.spaces.QuerySpacesImpl - Adding QuerySpace : uid = <gen:5> -> org.hibernate.loader.plan.build.internal.spaces.CollectionQuerySpaceImpl@24a2e565]
12:51:43.566 [main] DEBUG o.h.l.p.b.i.spaces.QuerySpacesImpl - Adding QuerySpace : uid = <gen:6> -> org.hibernate.loader.plan.build.internal.spaces.EntityQuerySpaceImpl@3e36b7a0]
12:51:43.566 [main] DEBUG o.h.p.w.spi.MetamodelGraphWalker - Visiting attribute path : isWorking
12:51:43.566 [main] DEBUG o.h.l.p.b.i.FetchStyleLoadPlanBuildingAssociationVisitationStrategy - Building LoadPlan...
12:51:43.572 [main] DEBUG o.h.l.p.e.i.LoadQueryJoinAndFetchProcessor - processing queryspace <gen:0>
12:51:43.574 [main] DEBUG o.h.l.p.b.spi.LoadPlanTreePrinter - LoadPlan(entity=Abstract.TicketSeller)
    - Returns
       - EntityReturnImpl(entity=Abstract.TicketSeller, querySpaceUid=<gen:0>, path=Abstract.TicketSeller)
          - CollectionAttributeFetchImpl(collection=Abstract.TicketSeller.passes, querySpaceUid=<gen:1>, path=Abstract.TicketSeller.passes)
             - (collection element) CollectionFetchableElementEntityGraph(entity=Classes.Pass, querySpaceUid=<gen:2>, path=Abstract.TicketSeller.passes.<elements>)
          - CollectionAttributeFetchImpl(collection=Abstract.TicketSeller.tickets, querySpaceUid=<gen:3>, path=Abstract.TicketSeller.tickets)
             - (collection element) CollectionFetchableElementEntityGraph(entity=Classes.Ticket, querySpaceUid=<gen:4>, path=Abstract.TicketSeller.tickets.<elements>)
          - CollectionAttributeFetchImpl(collection=Classes.Shop.people, querySpaceUid=<gen:5>, path=Abstract.TicketSeller.people)
             - (collection element) CollectionFetchableElementEntityGraph(entity=Classes.Person, querySpaceUid=<gen:6>, path=Abstract.TicketSeller.people.<elements>)
    - QuerySpaces
       - EntityQuerySpaceImpl(uid=<gen:0>, entity=Abstract.TicketSeller)
          - SQL table alias mapping - ticketsell0_
          - alias suffix - 0_
          - suffixed key columns - {id2_3_0_}

12:51:43.575 [main] DEBUG o.h.loader.entity.plan.EntityLoader - Static select for entity Abstract.TicketSeller [NONE]: select ticketsell0_.id as id2_3_0_, ticketsell0_.seller_name as seller_n3_3_0_, ticketsell0_.isWorking as isworkin4_3_0_, ticketsell0_.type as type1_3_0_ from TicketSeller ticketsell0_ where ticketsell0_.id=?
12:51:43.575 [main] DEBUG o.h.p.entity.AbstractEntityPersister - Static SQL for entity: Classes.Card
12:51:43.575 [main] DEBUG o.h.p.entity.AbstractEntityPersister -  Version select: select id from Card where id =?
12:51:43.575 [main] DEBUG o.h.p.entity.AbstractEntityPersister -  Snapshot select: select card_.id, card_.emissionDate as emission2_0_, card_.expirationDate as expirati3_0_ from Card card_ where card_.id=?
12:51:43.576 [main] DEBUG o.h.p.entity.AbstractEntityPersister -  Insert 0: insert into Card (emissionDate, expirationDate, id) values (?, ?, ?)
12:51:43.576 [main] DEBUG o.h.p.entity.AbstractEntityPersister -  Update 0: update Card set emissionDate=?, expirationDate=? where id=?
12:51:43.576 [main] DEBUG o.h.p.entity.AbstractEntityPersister -  Delete 0: delete from Card where id=?
12:51:43.576 [main] DEBUG o.h.p.entity.AbstractEntityPersister -  Identity insert: insert into Card (emissionDate, expirationDate) values (?, ?)
12:51:43.576 [main] DEBUG o.h.l.p.b.i.spaces.QuerySpacesImpl - Adding QuerySpace : uid = <gen:0> -> org.hibernate.loader.plan.build.internal.spaces.EntityQuerySpaceImpl@1823b9c4]
12:51:43.576 [main] DEBUG o.h.p.w.spi.MetamodelGraphWalker - Visiting attribute path : emissionDate
12:51:43.576 [main] DEBUG o.h.p.w.spi.MetamodelGraphWalker - Visiting attribute path : expirationDate
12:51:43.576 [main] DEBUG o.h.p.w.spi.MetamodelGraphWalker - Visiting attribute path : person
12:51:43.576 [main] DEBUG o.h.l.p.b.i.spaces.QuerySpacesImpl - Adding QuerySpace : uid = <gen:1> -> org.hibernate.loader.plan.build.internal.spaces.EntityQuerySpaceImpl@7f4701b1]
12:51:43.576 [main] DEBUG o.h.p.w.spi.MetamodelGraphWalker - Visiting attribute path : person.birthdate
12:51:43.577 [main] DEBUG o.h.p.w.spi.MetamodelGraphWalker - Visiting attribute path : person.cardNum
12:51:43.577 [main] DEBUG o.h.p.w.spi.MetamodelGraphWalker - Property path deemed to be circular : person.cardNum
12:51:43.577 [main] DEBUG o.h.p.w.spi.MetamodelGraphWalker - Visiting attribute path : person.firstName
12:51:43.577 [main] DEBUG o.h.p.w.spi.MetamodelGraphWalker - Visiting attribute path : person.lastName
12:51:43.577 [main] DEBUG o.h.l.p.b.i.FetchStyleLoadPlanBuildingAssociationVisitationStrategy - Building LoadPlan...
12:51:43.577 [main] DEBUG o.h.l.p.e.i.LoadQueryJoinAndFetchProcessor - processing queryspace <gen:0>
12:51:43.577 [main] DEBUG o.h.l.p.b.spi.LoadPlanTreePrinter - LoadPlan(entity=Classes.Card)
    - Returns
       - EntityReturnImpl(entity=Classes.Card, querySpaceUid=<gen:0>, path=Classes.Card)
          - EntityAttributeFetchImpl(entity=Classes.Person, querySpaceUid=<gen:1>, path=Classes.Card.person)
    - QuerySpaces
       - EntityQuerySpaceImpl(uid=<gen:0>, entity=Classes.Card)
          - SQL table alias mapping - card0_
          - alias suffix - 0_
          - suffixed key columns - {id1_0_0_}
          - JOIN (JoinDefinedByMetadata(person)) : <gen:0> -> <gen:1>
             - EntityQuerySpaceImpl(uid=<gen:1>, entity=Classes.Person)
                - SQL table alias mapping - person1_
                - alias suffix - 1_
                - suffixed key columns - {id1_1_1_}

12:51:43.577 [main] DEBUG o.h.loader.entity.plan.EntityLoader - Static select for entity Classes.Card [NONE]: select card0_.id as id1_0_0_, card0_.emissionDate as emission2_0_0_, card0_.expirationDate as expirati3_0_0_, person1_.id as id1_1_1_, person1_.birthdate as birthdat2_1_1_, person1_.cardNum_id as cardnum_5_1_1_, person1_.firstName as firstnam3_1_1_, person1_.lastName as lastname4_1_1_ from Card card0_ left outer join Person person1_ on card0_.id=person1_.cardNum_id where card0_.id=?
12:51:43.578 [main] DEBUG o.h.p.entity.AbstractEntityPersister - Static SQL for entity: Classes.Person
12:51:43.578 [main] DEBUG o.h.p.entity.AbstractEntityPersister -  Version select: select id from Person where id =?
12:51:43.578 [main] DEBUG o.h.p.entity.AbstractEntityPersister -  Snapshot select: select person_.id, person_.birthdate as birthdat2_1_, person_.cardNum_id as cardnum_5_1_, person_.firstName as firstnam3_1_, person_.lastName as lastname4_1_ from Person person_ where person_.id=?
12:51:43.578 [main] DEBUG o.h.p.entity.AbstractEntityPersister -  Insert 0: insert into Person (birthdate, cardNum_id, firstName, lastName, id) values (?, ?, ?, ?, ?)
12:51:43.578 [main] DEBUG o.h.p.entity.AbstractEntityPersister -  Update 0: update Person set birthdate=?, cardNum_id=?, firstName=?, lastName=? where id=?
12:51:43.578 [main] DEBUG o.h.p.entity.AbstractEntityPersister -  Delete 0: delete from Person where id=?
12:51:43.578 [main] DEBUG o.h.p.entity.AbstractEntityPersister -  Identity insert: insert into Person (birthdate, cardNum_id, firstName, lastName) values (?, ?, ?, ?)
12:51:43.578 [main] DEBUG o.h.l.p.b.i.spaces.QuerySpacesImpl - Adding QuerySpace : uid = <gen:0> -> org.hibernate.loader.plan.build.internal.spaces.EntityQuerySpaceImpl@46039a21]
12:51:43.578 [main] DEBUG o.h.p.w.spi.MetamodelGraphWalker - Visiting attribute path : birthdate
12:51:43.578 [main] DEBUG o.h.p.w.spi.MetamodelGraphWalker - Visiting attribute path : cardNum
12:51:43.578 [main] DEBUG o.h.l.p.b.i.spaces.QuerySpacesImpl - Adding QuerySpace : uid = <gen:1> -> org.hibernate.loader.plan.build.internal.spaces.EntityQuerySpaceImpl@35c4e864]
12:51:43.578 [main] DEBUG o.h.p.w.spi.MetamodelGraphWalker - Visiting attribute path : cardNum.emissionDate
12:51:43.578 [main] DEBUG o.h.p.w.spi.MetamodelGraphWalker - Visiting attribute path : cardNum.expirationDate
12:51:43.578 [main] DEBUG o.h.p.w.spi.MetamodelGraphWalker - Visiting attribute path : cardNum.person
12:51:43.578 [main] DEBUG o.h.p.w.spi.MetamodelGraphWalker - Property path deemed to be circular : cardNum.person
12:51:43.578 [main] DEBUG o.h.p.w.spi.MetamodelGraphWalker - Visiting attribute path : firstName
12:51:43.578 [main] DEBUG o.h.p.w.spi.MetamodelGraphWalker - Visiting attribute path : lastName
12:51:43.578 [main] DEBUG o.h.l.p.b.i.FetchStyleLoadPlanBuildingAssociationVisitationStrategy - Building LoadPlan...
12:51:43.578 [main] DEBUG o.h.l.p.e.i.LoadQueryJoinAndFetchProcessor - processing queryspace <gen:0>
12:51:43.578 [main] DEBUG o.h.l.p.b.spi.LoadPlanTreePrinter - LoadPlan(entity=Classes.Person)
    - Returns
       - EntityReturnImpl(entity=Classes.Person, querySpaceUid=<gen:0>, path=Classes.Person)
          - EntityAttributeFetchImpl(entity=Classes.Card, querySpaceUid=<gen:1>, path=Classes.Person.cardNum)
    - QuerySpaces
       - EntityQuerySpaceImpl(uid=<gen:0>, entity=Classes.Person)
          - SQL table alias mapping - person0_
          - alias suffix - 0_
          - suffixed key columns - {id1_1_0_}
          - JOIN (JoinDefinedByMetadata(cardNum)) : <gen:0> -> <gen:1>
             - EntityQuerySpaceImpl(uid=<gen:1>, entity=Classes.Card)
                - SQL table alias mapping - card1_
                - alias suffix - 1_
                - suffixed key columns - {id1_0_1_}

12:51:43.578 [main] DEBUG o.h.loader.entity.plan.EntityLoader - Static select for entity Classes.Person [NONE]: select person0_.id as id1_1_0_, person0_.birthdate as birthdat2_1_0_, person0_.cardNum_id as cardnum_5_1_0_, person0_.firstName as firstnam3_1_0_, person0_.lastName as lastname4_1_0_, card1_.id as id1_0_1_, card1_.emissionDate as emission2_0_1_, card1_.expirationDate as expirati3_0_1_ from Person person0_ left outer join Card card1_ on person0_.cardNum_id=card1_.id where person0_.id=?
12:51:43.583 [main] DEBUG org.hibernate.loader.Loader - Static select for entity Classes.Person [NONE]: select person0_.id as id1_1_1_, person0_.birthdate as birthdat2_1_1_, person0_.cardNum_id as cardnum_5_1_1_, person0_.firstName as firstnam3_1_1_, person0_.lastName as lastname4_1_1_, card1_.id as id1_0_0_, card1_.emissionDate as emission2_0_0_, card1_.expirationDate as expirati3_0_0_ from Person person0_ left outer join Card card1_ on person0_.cardNum_id=card1_.id where person0_.cardNum_id=?
12:51:43.583 [main] DEBUG o.h.p.entity.AbstractEntityPersister - Static SQL for entity: Classes.Pass
12:51:43.583 [main] DEBUG o.h.p.entity.AbstractEntityPersister -  Version select: select id from Ticket where id =?
12:51:43.583 [main] DEBUG o.h.p.entity.AbstractEntityPersister -  Snapshot select: select pass_.id, pass_.seller_id as seller_i4_2_, pass_.person_id as person_i5_2_, pass_.sellers_id as sellers_6_2_, pass_.validity as validity3_2_ from Ticket pass_ where pass_.id=?
12:51:43.583 [main] DEBUG o.h.p.entity.AbstractEntityPersister -  Insert 0: insert into Ticket (seller_id, person_id, sellers_id, validity, DTYPE, id) values (?, ?, ?, ?, 'Pass', ?)
12:51:43.583 [main] DEBUG o.h.p.entity.AbstractEntityPersister -  Update 0: update Ticket set seller_id=?, person_id=?, sellers_id=?, validity=? where id=?
12:51:43.583 [main] DEBUG o.h.p.entity.AbstractEntityPersister -  Delete 0: delete from Ticket where id=?
12:51:43.583 [main] DEBUG o.h.p.entity.AbstractEntityPersister -  Identity insert: insert into Ticket (seller_id, person_id, sellers_id, validity, DTYPE) values (?, ?, ?, ?, 'Pass')
12:51:43.583 [main] DEBUG o.h.l.p.b.i.spaces.QuerySpacesImpl - Adding QuerySpace : uid = <gen:0> -> org.hibernate.loader.plan.build.internal.spaces.EntityQuerySpaceImpl@d3f4505]
12:51:43.583 [main] DEBUG o.h.p.w.spi.MetamodelGraphWalker - Visiting attribute path : seller
12:51:43.583 [main] DEBUG o.h.l.p.b.i.spaces.QuerySpacesImpl - Adding QuerySpace : uid = <gen:1> -> org.hibernate.loader.plan.build.internal.spaces.EntityQuerySpaceImpl@7fd987ef]
12:51:43.583 [main] DEBUG o.h.p.w.spi.MetamodelGraphWalker - Visiting attribute path : seller.name
12:51:43.583 [main] DEBUG o.h.p.w.spi.MetamodelGraphWalker - Visiting attribute path : seller.passes
12:51:43.583 [main] DEBUG o.h.l.p.b.i.spaces.QuerySpacesImpl - Adding QuerySpace : uid = <gen:2> -> org.hibernate.loader.plan.build.internal.spaces.CollectionQuerySpaceImpl@5e99b9c]
12:51:43.583 [main] DEBUG o.h.l.p.b.i.spaces.QuerySpacesImpl - Adding QuerySpace : uid = <gen:3> -> org.hibernate.loader.plan.build.internal.spaces.EntityQuerySpaceImpl@2fe74516]
12:51:43.583 [main] DEBUG o.h.p.w.spi.MetamodelGraphWalker - Visiting attribute path : seller.tickets
12:51:43.583 [main] DEBUG o.h.l.p.b.i.spaces.QuerySpacesImpl - Adding QuerySpace : uid = <gen:4> -> org.hibernate.loader.plan.build.internal.spaces.CollectionQuerySpaceImpl@1c3259fa]
12:51:43.583 [main] DEBUG o.h.l.p.b.i.spaces.QuerySpacesImpl - Adding QuerySpace : uid = <gen:5> -> org.hibernate.loader.plan.build.internal.spaces.EntityQuerySpaceImpl@217bf99e]
12:51:43.583 [main] DEBUG o.h.p.w.spi.MetamodelGraphWalker - Visiting attribute path : seller.people
12:51:43.583 [main] DEBUG o.h.l.p.b.i.spaces.QuerySpacesImpl - Adding QuerySpace : uid = <gen:6> -> org.hibernate.loader.plan.build.internal.spaces.CollectionQuerySpaceImpl@6807a356]
12:51:43.583 [main] DEBUG o.h.l.p.b.i.spaces.QuerySpacesImpl - Adding QuerySpace : uid = <gen:7> -> org.hibernate.loader.plan.build.internal.spaces.EntityQuerySpaceImpl@7ddd84b5]
12:51:43.583 [main] DEBUG o.h.p.w.spi.MetamodelGraphWalker - Visiting attribute path : seller.isWorking
12:51:43.583 [main] DEBUG o.h.p.w.spi.MetamodelGraphWalker - Visiting attribute path : person
12:51:43.583 [main] DEBUG o.h.l.p.b.i.spaces.QuerySpacesImpl - Adding QuerySpace : uid = <gen:8> -> org.hibernate.loader.plan.build.internal.spaces.EntityQuerySpaceImpl@73aeef7d]
12:51:43.583 [main] DEBUG o.h.p.w.spi.MetamodelGraphWalker - Visiting attribute path : person.birthdate
12:51:43.584 [main] DEBUG o.h.p.w.spi.MetamodelGraphWalker - Visiting attribute path : person.cardNum
12:51:43.584 [main] DEBUG o.h.l.p.b.i.spaces.QuerySpacesImpl - Adding QuerySpace : uid = <gen:9> -> org.hibernate.loader.plan.build.internal.spaces.EntityQuerySpaceImpl@58af5076]
12:51:43.584 [main] DEBUG o.h.p.w.spi.MetamodelGraphWalker - Visiting attribute path : person.cardNum.emissionDate
12:51:43.584 [main] DEBUG o.h.p.w.spi.MetamodelGraphWalker - Visiting attribute path : person.cardNum.expirationDate
12:51:43.584 [main] DEBUG o.h.p.w.spi.MetamodelGraphWalker - Visiting attribute path : person.cardNum.person
12:51:43.584 [main] DEBUG o.h.p.w.spi.MetamodelGraphWalker - Property path deemed to be circular : person.cardNum.person
12:51:43.584 [main] DEBUG o.h.p.w.spi.MetamodelGraphWalker - Visiting attribute path : person.firstName
12:51:43.584 [main] DEBUG o.h.p.w.spi.MetamodelGraphWalker - Visiting attribute path : person.lastName
12:51:43.584 [main] DEBUG o.h.p.w.spi.MetamodelGraphWalker - Visiting attribute path : sellers
12:51:43.584 [main] DEBUG o.h.l.p.b.i.spaces.QuerySpacesImpl - Adding QuerySpace : uid = <gen:10> -> org.hibernate.loader.plan.build.internal.spaces.EntityQuerySpaceImpl@4d9754a8]
12:51:43.584 [main] DEBUG o.h.p.w.spi.MetamodelGraphWalker - Visiting attribute path : sellers.name
12:51:43.584 [main] DEBUG o.h.p.w.spi.MetamodelGraphWalker - Visiting attribute path : sellers.passes
12:51:43.584 [main] DEBUG o.h.l.p.b.i.spaces.QuerySpacesImpl - Adding QuerySpace : uid = <gen:11> -> org.hibernate.loader.plan.build.internal.spaces.CollectionQuerySpaceImpl@58b5a2f3]
12:51:43.584 [main] DEBUG o.h.l.p.b.i.spaces.QuerySpacesImpl - Adding QuerySpace : uid = <gen:12> -> org.hibernate.loader.plan.build.internal.spaces.EntityQuerySpaceImpl@25f15f50]
12:51:43.584 [main] DEBUG o.h.p.w.spi.MetamodelGraphWalker - Visiting attribute path : sellers.tickets
12:51:43.584 [main] DEBUG o.h.l.p.b.i.spaces.QuerySpacesImpl - Adding QuerySpace : uid = <gen:13> -> org.hibernate.loader.plan.build.internal.spaces.CollectionQuerySpaceImpl@52b46d52]
12:51:43.584 [main] DEBUG o.h.l.p.b.i.spaces.QuerySpacesImpl - Adding QuerySpace : uid = <gen:14> -> org.hibernate.loader.plan.build.internal.spaces.EntityQuerySpaceImpl@7327a447]
12:51:43.584 [main] DEBUG o.h.p.w.spi.MetamodelGraphWalker - Visiting attribute path : sellers.people
12:51:43.584 [main] DEBUG o.h.l.p.b.i.spaces.QuerySpacesImpl - Adding QuerySpace : uid = <gen:15> -> org.hibernate.loader.plan.build.internal.spaces.CollectionQuerySpaceImpl@67022ea]
12:51:43.584 [main] DEBUG o.h.l.p.b.i.spaces.QuerySpacesImpl - Adding QuerySpace : uid = <gen:16> -> org.hibernate.loader.plan.build.internal.spaces.EntityQuerySpaceImpl@2954f6ab]
12:51:43.584 [main] DEBUG o.h.p.w.spi.MetamodelGraphWalker - Visiting attribute path : sellers.isWorking
12:51:43.584 [main] DEBUG o.h.p.w.spi.MetamodelGraphWalker - Visiting attribute path : validity
12:51:43.584 [main] DEBUG o.h.l.p.b.i.FetchStyleLoadPlanBuildingAssociationVisitationStrategy - Building LoadPlan...
12:51:43.584 [main] DEBUG o.h.l.p.e.i.LoadQueryJoinAndFetchProcessor - processing queryspace <gen:0>
12:51:43.585 [main] DEBUG o.h.l.p.b.spi.LoadPlanTreePrinter - LoadPlan(entity=Classes.Pass)
    - Returns
       - EntityReturnImpl(entity=Classes.Pass, querySpaceUid=<gen:0>, path=Classes.Pass)
          - EntityAttributeFetchImpl(entity=Abstract.TicketSeller, querySpaceUid=<gen:1>, path=Classes.Pass.seller)
             - CollectionAttributeFetchImpl(collection=Abstract.TicketSeller.passes, querySpaceUid=<gen:2>, path=Classes.Pass.seller.passes)
                - (collection element) CollectionFetchableElementEntityGraph(entity=Classes.Pass, querySpaceUid=<gen:3>, path=Classes.Pass.seller.passes.<elements>)
             - CollectionAttributeFetchImpl(collection=Abstract.TicketSeller.tickets, querySpaceUid=<gen:4>, path=Classes.Pass.seller.tickets)
                - (collection element) CollectionFetchableElementEntityGraph(entity=Classes.Ticket, querySpaceUid=<gen:5>, path=Classes.Pass.seller.tickets.<elements>)
             - CollectionAttributeFetchImpl(collection=Classes.Shop.people, querySpaceUid=<gen:6>, path=Classes.Pass.seller.people)
                - (collection element) CollectionFetchableElementEntityGraph(entity=Classes.Person, querySpaceUid=<gen:7>, path=Classes.Pass.seller.people.<elements>)
          - EntityAttributeFetchImpl(entity=Classes.Person, querySpaceUid=<gen:8>, path=Classes.Pass.person)
             - EntityAttributeFetchImpl(entity=Classes.Card, querySpaceUid=<gen:9>, path=Classes.Pass.person.cardNum)
          - EntityAttributeFetchImpl(entity=Abstract.TicketSeller, querySpaceUid=<gen:10>, path=Classes.Pass.sellers)
             - CollectionAttributeFetchImpl(collection=Abstract.TicketSeller.passes, querySpaceUid=<gen:11>, path=Classes.Pass.sellers.passes)
                - (collection element) CollectionFetchableElementEntityGraph(entity=Classes.Pass, querySpaceUid=<gen:12>, path=Classes.Pass.sellers.passes.<elements>)
             - CollectionAttributeFetchImpl(collection=Abstract.TicketSeller.tickets, querySpaceUid=<gen:13>, path=Classes.Pass.sellers.tickets)
                - (collection element) CollectionFetchableElementEntityGraph(entity=Classes.Ticket, querySpaceUid=<gen:14>, path=Classes.Pass.sellers.tickets.<elements>)
             - CollectionAttributeFetchImpl(collection=Classes.Shop.people, querySpaceUid=<gen:15>, path=Classes.Pass.sellers.people)
                - (collection element) CollectionFetchableElementEntityGraph(entity=Classes.Person, querySpaceUid=<gen:16>, path=Classes.Pass.sellers.people.<elements>)
    - QuerySpaces
       - EntityQuerySpaceImpl(uid=<gen:0>, entity=Classes.Pass)
          - SQL table alias mapping - pass0_
          - alias suffix - 0_
          - suffixed key columns - {id2_2_0_}
          - JOIN (JoinDefinedByMetadata(seller)) : <gen:0> -> <gen:1>
             - EntityQuerySpaceImpl(uid=<gen:1>, entity=Abstract.TicketSeller)
                - SQL table alias mapping - ticketsell1_
                - alias suffix - 1_
                - suffixed key columns - {id2_3_1_}
          - JOIN (JoinDefinedByMetadata(person)) : <gen:0> -> <gen:8>
             - EntityQuerySpaceImpl(uid=<gen:8>, entity=Classes.Person)
                - SQL table alias mapping - person2_
                - alias suffix - 2_
                - suffixed key columns - {id1_1_2_}
                - JOIN (JoinDefinedByMetadata(cardNum)) : <gen:8> -> <gen:9>
                   - EntityQuerySpaceImpl(uid=<gen:9>, entity=Classes.Card)
                      - SQL table alias mapping - card3_
                      - alias suffix - 3_
                      - suffixed key columns - {id1_0_3_}
          - JOIN (JoinDefinedByMetadata(sellers)) : <gen:0> -> <gen:10>
             - EntityQuerySpaceImpl(uid=<gen:10>, entity=Abstract.TicketSeller)
                - SQL table alias mapping - ticketsell4_
                - alias suffix - 4_
                - suffixed key columns - {id2_3_4_}

12:51:43.585 [main] DEBUG o.h.loader.entity.plan.EntityLoader - Static select for entity Classes.Pass [NONE]: select pass0_.id as id2_2_0_, pass0_.seller_id as seller_i4_2_0_, pass0_.person_id as person_i5_2_0_, pass0_.sellers_id as sellers_6_2_0_, pass0_.validity as validity3_2_0_, ticketsell1_.id as id2_3_1_, ticketsell1_.seller_name as seller_n3_3_1_, ticketsell1_.isWorking as isworkin4_3_1_, ticketsell1_.type as type1_3_1_, person2_.id as id1_1_2_, person2_.birthdate as birthdat2_1_2_, person2_.cardNum_id as cardnum_5_1_2_, person2_.firstName as firstnam3_1_2_, person2_.lastName as lastname4_1_2_, card3_.id as id1_0_3_, card3_.emissionDate as emission2_0_3_, card3_.expirationDate as expirati3_0_3_, ticketsell4_.id as id2_3_4_, ticketsell4_.seller_name as seller_n3_3_4_, ticketsell4_.isWorking as isworkin4_3_4_, ticketsell4_.type as type1_3_4_ from Ticket pass0_ left outer join TicketSeller ticketsell1_ on pass0_.seller_id=ticketsell1_.id left outer join Person person2_ on pass0_.person_id=person2_.id left outer join Card card3_ on person2_.cardNum_id=card3_.id left outer join TicketSeller ticketsell4_ on pass0_.sellers_id=ticketsell4_.id where pass0_.id=? and pass0_.DTYPE='Pass'
12:51:43.585 [main] DEBUG o.h.p.entity.AbstractEntityPersister - Static SQL for entity: Classes.Shop
12:51:43.585 [main] DEBUG o.h.p.entity.AbstractEntityPersister -  Version select: select id from TicketSeller where id =?
12:51:43.585 [main] DEBUG o.h.p.entity.AbstractEntityPersister -  Snapshot select: select shop_.id, shop_.seller_name as seller_n3_3_ from TicketSeller shop_ where shop_.id=?
12:51:43.585 [main] DEBUG o.h.p.entity.AbstractEntityPersister -  Insert 0: insert into TicketSeller (seller_name, type, id) values (?, 'shop', ?)
12:51:43.585 [main] DEBUG o.h.p.entity.AbstractEntityPersister -  Update 0: update TicketSeller set seller_name=? where id=?
12:51:43.585 [main] DEBUG o.h.p.entity.AbstractEntityPersister -  Delete 0: delete from TicketSeller where id=?
12:51:43.585 [main] DEBUG o.h.l.p.b.i.spaces.QuerySpacesImpl - Adding QuerySpace : uid = <gen:0> -> org.hibernate.loader.plan.build.internal.spaces.EntityQuerySpaceImpl@58fbd02e]
12:51:43.585 [main] DEBUG o.h.p.w.spi.MetamodelGraphWalker - Visiting attribute path : name
12:51:43.585 [main] DEBUG o.h.p.w.spi.MetamodelGraphWalker - Visiting attribute path : passes
12:51:43.585 [main] DEBUG o.h.l.p.b.i.spaces.QuerySpacesImpl - Adding QuerySpace : uid = <gen:1> -> org.hibernate.loader.plan.build.internal.spaces.CollectionQuerySpaceImpl@11d045b4]
12:51:43.585 [main] DEBUG o.h.l.p.b.i.spaces.QuerySpacesImpl - Adding QuerySpace : uid = <gen:2> -> org.hibernate.loader.plan.build.internal.spaces.EntityQuerySpaceImpl@1fbf088b]
12:51:43.585 [main] DEBUG o.h.p.w.spi.MetamodelGraphWalker - Visiting attribute path : tickets
12:51:43.585 [main] DEBUG o.h.l.p.b.i.spaces.QuerySpacesImpl - Adding QuerySpace : uid = <gen:3> -> org.hibernate.loader.plan.build.internal.spaces.CollectionQuerySpaceImpl@1943c1f2]
12:51:43.585 [main] DEBUG o.h.l.p.b.i.spaces.QuerySpacesImpl - Adding QuerySpace : uid = <gen:4> -> org.hibernate.loader.plan.build.internal.spaces.EntityQuerySpaceImpl@d70f722]
12:51:43.585 [main] DEBUG o.h.p.w.spi.MetamodelGraphWalker - Visiting attribute path : people
12:51:43.585 [main] DEBUG o.h.l.p.b.i.spaces.QuerySpacesImpl - Adding QuerySpace : uid = <gen:5> -> org.hibernate.loader.plan.build.internal.spaces.CollectionQuerySpaceImpl@1e1eeedd]
12:51:43.585 [main] DEBUG o.h.l.p.b.i.spaces.QuerySpacesImpl - Adding QuerySpace : uid = <gen:6> -> org.hibernate.loader.plan.build.internal.spaces.EntityQuerySpaceImpl@798256c5]
12:51:43.585 [main] DEBUG o.h.l.p.b.i.FetchStyleLoadPlanBuildingAssociationVisitationStrategy - Building LoadPlan...
12:51:43.585 [main] DEBUG o.h.l.p.e.i.LoadQueryJoinAndFetchProcessor - processing queryspace <gen:0>
12:51:43.586 [main] DEBUG o.h.l.p.b.spi.LoadPlanTreePrinter - LoadPlan(entity=Classes.Shop)
    - Returns
       - EntityReturnImpl(entity=Classes.Shop, querySpaceUid=<gen:0>, path=Classes.Shop)
          - CollectionAttributeFetchImpl(collection=Abstract.TicketSeller.passes, querySpaceUid=<gen:1>, path=Classes.Shop.passes)
             - (collection element) CollectionFetchableElementEntityGraph(entity=Classes.Pass, querySpaceUid=<gen:2>, path=Classes.Shop.passes.<elements>)
          - CollectionAttributeFetchImpl(collection=Abstract.TicketSeller.tickets, querySpaceUid=<gen:3>, path=Classes.Shop.tickets)
             - (collection element) CollectionFetchableElementEntityGraph(entity=Classes.Ticket, querySpaceUid=<gen:4>, path=Classes.Shop.tickets.<elements>)
          - CollectionAttributeFetchImpl(collection=Classes.Shop.people, querySpaceUid=<gen:5>, path=Classes.Shop.people)
             - (collection element) CollectionFetchableElementEntityGraph(entity=Classes.Person, querySpaceUid=<gen:6>, path=Classes.Shop.people.<elements>)
    - QuerySpaces
       - EntityQuerySpaceImpl(uid=<gen:0>, entity=Classes.Shop)
          - SQL table alias mapping - shop0_
          - alias suffix - 0_
          - suffixed key columns - {id2_3_0_}

12:51:43.586 [main] DEBUG o.h.loader.entity.plan.EntityLoader - Static select for entity Classes.Shop [NONE]: select shop0_.id as id2_3_0_, shop0_.seller_name as seller_n3_3_0_ from TicketSeller shop0_ where shop0_.id=? and shop0_.type='shop'
12:51:43.586 [main] DEBUG o.h.p.entity.AbstractEntityPersister - Static SQL for entity: Classes.Ticket
12:51:43.586 [main] DEBUG o.h.p.entity.AbstractEntityPersister -  Version select: select id from Ticket where id =?
12:51:43.586 [main] DEBUG o.h.p.entity.AbstractEntityPersister -  Snapshot select: select ticket_.id, ticket_.seller_id as seller_i4_2_ from Ticket ticket_ where ticket_.id=?
12:51:43.586 [main] DEBUG o.h.p.entity.AbstractEntityPersister -  Insert 0: insert into Ticket (seller_id, DTYPE, id) values (?, 'Ticket', ?)
12:51:43.586 [main] DEBUG o.h.p.entity.AbstractEntityPersister -  Update 0: update Ticket set seller_id=? where id=?
12:51:43.586 [main] DEBUG o.h.p.entity.AbstractEntityPersister -  Delete 0: delete from Ticket where id=?
12:51:43.586 [main] DEBUG o.h.p.entity.AbstractEntityPersister -  Identity insert: insert into Ticket (seller_id, DTYPE) values (?, 'Ticket')
12:51:43.586 [main] DEBUG o.h.l.p.b.i.spaces.QuerySpacesImpl - Adding QuerySpace : uid = <gen:0> -> org.hibernate.loader.plan.build.internal.spaces.EntityQuerySpaceImpl@7ec95456]
12:51:43.586 [main] DEBUG o.h.p.w.spi.MetamodelGraphWalker - Visiting attribute path : seller
12:51:43.586 [main] DEBUG o.h.l.p.b.i.spaces.QuerySpacesImpl - Adding QuerySpace : uid = <gen:1> -> org.hibernate.loader.plan.build.internal.spaces.EntityQuerySpaceImpl@1d8b0500]
12:51:43.586 [main] DEBUG o.h.p.w.spi.MetamodelGraphWalker - Visiting attribute path : seller.name
12:51:43.586 [main] DEBUG o.h.p.w.spi.MetamodelGraphWalker - Visiting attribute path : seller.passes
12:51:43.586 [main] DEBUG o.h.l.p.b.i.spaces.QuerySpacesImpl - Adding QuerySpace : uid = <gen:2> -> org.hibernate.loader.plan.build.internal.spaces.CollectionQuerySpaceImpl@428bdd72]
12:51:43.586 [main] DEBUG o.h.l.p.b.i.spaces.QuerySpacesImpl - Adding QuerySpace : uid = <gen:3> -> org.hibernate.loader.plan.build.internal.spaces.EntityQuerySpaceImpl@650c405c]
12:51:43.586 [main] DEBUG o.h.p.w.spi.MetamodelGraphWalker - Visiting attribute path : seller.tickets
12:51:43.586 [main] DEBUG o.h.l.p.b.i.spaces.QuerySpacesImpl - Adding QuerySpace : uid = <gen:4> -> org.hibernate.loader.plan.build.internal.spaces.CollectionQuerySpaceImpl@20eaeaf8]
12:51:43.586 [main] DEBUG o.h.l.p.b.i.spaces.QuerySpacesImpl - Adding QuerySpace : uid = <gen:5> -> org.hibernate.loader.plan.build.internal.spaces.EntityQuerySpaceImpl@748ac6f3]
12:51:43.586 [main] DEBUG o.h.p.w.spi.MetamodelGraphWalker - Visiting attribute path : seller.people
12:51:43.586 [main] DEBUG o.h.l.p.b.i.spaces.QuerySpacesImpl - Adding QuerySpace : uid = <gen:6> -> org.hibernate.loader.plan.build.internal.spaces.CollectionQuerySpaceImpl@68f6e55d]
12:51:43.586 [main] DEBUG o.h.l.p.b.i.spaces.QuerySpacesImpl - Adding QuerySpace : uid = <gen:7> -> org.hibernate.loader.plan.build.internal.spaces.EntityQuerySpaceImpl@6fff46bf]
12:51:43.586 [main] DEBUG o.h.p.w.spi.MetamodelGraphWalker - Visiting attribute path : seller.isWorking
12:51:43.586 [main] DEBUG o.h.p.w.spi.MetamodelGraphWalker - Visiting attribute path : person
12:51:43.586 [main] DEBUG o.h.l.p.b.i.spaces.QuerySpacesImpl - Adding QuerySpace : uid = <gen:8> -> org.hibernate.loader.plan.build.internal.spaces.EntityQuerySpaceImpl@1835dc92]
12:51:43.586 [main] DEBUG o.h.p.w.spi.MetamodelGraphWalker - Visiting attribute path : person.birthdate
12:51:43.586 [main] DEBUG o.h.p.w.spi.MetamodelGraphWalker - Visiting attribute path : person.cardNum
12:51:43.586 [main] DEBUG o.h.l.p.b.i.spaces.QuerySpacesImpl - Adding QuerySpace : uid = <gen:9> -> org.hibernate.loader.plan.build.internal.spaces.EntityQuerySpaceImpl@65a9ea3c]
12:51:43.586 [main] DEBUG o.h.p.w.spi.MetamodelGraphWalker - Visiting attribute path : person.cardNum.emissionDate
12:51:43.586 [main] DEBUG o.h.p.w.spi.MetamodelGraphWalker - Visiting attribute path : person.cardNum.expirationDate
12:51:43.586 [main] DEBUG o.h.p.w.spi.MetamodelGraphWalker - Visiting attribute path : person.cardNum.person
12:51:43.586 [main] DEBUG o.h.p.w.spi.MetamodelGraphWalker - Property path deemed to be circular : person.cardNum.person
12:51:43.586 [main] DEBUG o.h.p.w.spi.MetamodelGraphWalker - Visiting attribute path : person.firstName
12:51:43.586 [main] DEBUG o.h.p.w.spi.MetamodelGraphWalker - Visiting attribute path : person.lastName
12:51:43.586 [main] DEBUG o.h.p.w.spi.MetamodelGraphWalker - Visiting attribute path : sellers
12:51:43.587 [main] DEBUG o.h.l.p.b.i.spaces.QuerySpacesImpl - Adding QuerySpace : uid = <gen:10> -> org.hibernate.loader.plan.build.internal.spaces.EntityQuerySpaceImpl@46911148]
12:51:43.587 [main] DEBUG o.h.p.w.spi.MetamodelGraphWalker - Visiting attribute path : sellers.name
12:51:43.587 [main] DEBUG o.h.p.w.spi.MetamodelGraphWalker - Visiting attribute path : sellers.passes
12:51:43.587 [main] DEBUG o.h.l.p.b.i.spaces.QuerySpacesImpl - Adding QuerySpace : uid = <gen:11> -> org.hibernate.loader.plan.build.internal.spaces.CollectionQuerySpaceImpl@7e351d7]
12:51:43.587 [main] DEBUG o.h.l.p.b.i.spaces.QuerySpacesImpl - Adding QuerySpace : uid = <gen:12> -> org.hibernate.loader.plan.build.internal.spaces.EntityQuerySpaceImpl@43c57161]
12:51:43.587 [main] DEBUG o.h.p.w.spi.MetamodelGraphWalker - Visiting attribute path : sellers.tickets
12:51:43.587 [main] DEBUG o.h.l.p.b.i.spaces.QuerySpacesImpl - Adding QuerySpace : uid = <gen:13> -> org.hibernate.loader.plan.build.internal.spaces.CollectionQuerySpaceImpl@d902300]
12:51:43.587 [main] DEBUG o.h.l.p.b.i.spaces.QuerySpacesImpl - Adding QuerySpace : uid = <gen:14> -> org.hibernate.loader.plan.build.internal.spaces.EntityQuerySpaceImpl@2db33feb]
12:51:43.587 [main] DEBUG o.h.p.w.spi.MetamodelGraphWalker - Visiting attribute path : sellers.people
12:51:43.587 [main] DEBUG o.h.l.p.b.i.spaces.QuerySpacesImpl - Adding QuerySpace : uid = <gen:15> -> org.hibernate.loader.plan.build.internal.spaces.CollectionQuerySpaceImpl@30c3ae63]
12:51:43.587 [main] DEBUG o.h.l.p.b.i.spaces.QuerySpacesImpl - Adding QuerySpace : uid = <gen:16> -> org.hibernate.loader.plan.build.internal.spaces.EntityQuerySpaceImpl@58658f63]
12:51:43.587 [main] DEBUG o.h.p.w.spi.MetamodelGraphWalker - Visiting attribute path : sellers.isWorking
12:51:43.587 [main] DEBUG o.h.p.w.spi.MetamodelGraphWalker - Visiting attribute path : validity
12:51:43.587 [main] DEBUG o.h.l.p.b.i.FetchStyleLoadPlanBuildingAssociationVisitationStrategy - Building LoadPlan...
12:51:43.587 [main] DEBUG o.h.l.p.e.i.LoadQueryJoinAndFetchProcessor - processing queryspace <gen:0>
12:51:43.587 [main] DEBUG o.h.l.p.b.spi.LoadPlanTreePrinter - LoadPlan(entity=Classes.Ticket)
    - Returns
       - EntityReturnImpl(entity=Classes.Ticket, querySpaceUid=<gen:0>, path=Classes.Ticket)
          - EntityAttributeFetchImpl(entity=Abstract.TicketSeller, querySpaceUid=<gen:1>, path=Classes.Ticket.seller)
             - CollectionAttributeFetchImpl(collection=Abstract.TicketSeller.passes, querySpaceUid=<gen:2>, path=Classes.Ticket.seller.passes)
                - (collection element) CollectionFetchableElementEntityGraph(entity=Classes.Pass, querySpaceUid=<gen:3>, path=Classes.Ticket.seller.passes.<elements>)
             - CollectionAttributeFetchImpl(collection=Abstract.TicketSeller.tickets, querySpaceUid=<gen:4>, path=Classes.Ticket.seller.tickets)
                - (collection element) CollectionFetchableElementEntityGraph(entity=Classes.Ticket, querySpaceUid=<gen:5>, path=Classes.Ticket.seller.tickets.<elements>)
             - CollectionAttributeFetchImpl(collection=Classes.Shop.people, querySpaceUid=<gen:6>, path=Classes.Ticket.seller.people)
                - (collection element) CollectionFetchableElementEntityGraph(entity=Classes.Person, querySpaceUid=<gen:7>, path=Classes.Ticket.seller.people.<elements>)
          - EntityAttributeFetchImpl(entity=Classes.Person, querySpaceUid=<gen:8>, path=Classes.Ticket.person)
             - EntityAttributeFetchImpl(entity=Classes.Card, querySpaceUid=<gen:9>, path=Classes.Ticket.person.cardNum)
          - EntityAttributeFetchImpl(entity=Abstract.TicketSeller, querySpaceUid=<gen:10>, path=Classes.Ticket.sellers)
             - CollectionAttributeFetchImpl(collection=Abstract.TicketSeller.passes, querySpaceUid=<gen:11>, path=Classes.Ticket.sellers.passes)
                - (collection element) CollectionFetchableElementEntityGraph(entity=Classes.Pass, querySpaceUid=<gen:12>, path=Classes.Ticket.sellers.passes.<elements>)
             - CollectionAttributeFetchImpl(collection=Abstract.TicketSeller.tickets, querySpaceUid=<gen:13>, path=Classes.Ticket.sellers.tickets)
                - (collection element) CollectionFetchableElementEntityGraph(entity=Classes.Ticket, querySpaceUid=<gen:14>, path=Classes.Ticket.sellers.tickets.<elements>)
             - CollectionAttributeFetchImpl(collection=Classes.Shop.people, querySpaceUid=<gen:15>, path=Classes.Ticket.sellers.people)
                - (collection element) CollectionFetchableElementEntityGraph(entity=Classes.Person, querySpaceUid=<gen:16>, path=Classes.Ticket.sellers.people.<elements>)
    - QuerySpaces
       - EntityQuerySpaceImpl(uid=<gen:0>, entity=Classes.Ticket)
          - SQL table alias mapping - ticket0_
          - alias suffix - 0_
          - suffixed key columns - {id2_2_0_}
          - JOIN (JoinDefinedByMetadata(seller)) : <gen:0> -> <gen:1>
             - EntityQuerySpaceImpl(uid=<gen:1>, entity=Abstract.TicketSeller)
                - SQL table alias mapping - ticketsell1_
                - alias suffix - 1_
                - suffixed key columns - {id2_3_1_}
          - JOIN (JoinDefinedByMetadata(person)) : <gen:0> -> <gen:8>
             - EntityQuerySpaceImpl(uid=<gen:8>, entity=Classes.Person)
                - SQL table alias mapping - person2_
                - alias suffix - 2_
                - suffixed key columns - {id1_1_2_}
                - JOIN (JoinDefinedByMetadata(cardNum)) : <gen:8> -> <gen:9>
                   - EntityQuerySpaceImpl(uid=<gen:9>, entity=Classes.Card)
                      - SQL table alias mapping - card3_
                      - alias suffix - 3_
                      - suffixed key columns - {id1_0_3_}
          - JOIN (JoinDefinedByMetadata(sellers)) : <gen:0> -> <gen:10>
             - EntityQuerySpaceImpl(uid=<gen:10>, entity=Abstract.TicketSeller)
                - SQL table alias mapping - ticketsell4_
                - alias suffix - 4_
                - suffixed key columns - {id2_3_4_}

12:51:43.587 [main] DEBUG o.h.loader.entity.plan.EntityLoader - Static select for entity Classes.Ticket [NONE]: select ticket0_.id as id2_2_0_, ticket0_.seller_id as seller_i4_2_0_, ticket0_.person_id as person_i5_2_0_, ticket0_.sellers_id as sellers_6_2_0_, ticket0_.validity as validity3_2_0_, ticket0_.DTYPE as dtype1_2_0_, ticketsell1_.id as id2_3_1_, ticketsell1_.seller_name as seller_n3_3_1_, ticketsell1_.isWorking as isworkin4_3_1_, ticketsell1_.type as type1_3_1_, person2_.id as id1_1_2_, person2_.birthdate as birthdat2_1_2_, person2_.cardNum_id as cardnum_5_1_2_, person2_.firstName as firstnam3_1_2_, person2_.lastName as lastname4_1_2_, card3_.id as id1_0_3_, card3_.emissionDate as emission2_0_3_, card3_.expirationDate as expirati3_0_3_, ticketsell4_.id as id2_3_4_, ticketsell4_.seller_name as seller_n3_3_4_, ticketsell4_.isWorking as isworkin4_3_4_, ticketsell4_.type as type1_3_4_ from Ticket ticket0_ left outer join TicketSeller ticketsell1_ on ticket0_.seller_id=ticketsell1_.id left outer join Person person2_ on ticket0_.person_id=person2_.id left outer join Card card3_ on person2_.cardNum_id=card3_.id left outer join TicketSeller ticketsell4_ on ticket0_.sellers_id=ticketsell4_.id where ticket0_.id=?
12:51:43.588 [main] DEBUG o.h.p.entity.AbstractEntityPersister - Static SQL for entity: Classes.VendingMachine
12:51:43.588 [main] DEBUG o.h.p.entity.AbstractEntityPersister -  Version select: select id from TicketSeller where id =?
12:51:43.588 [main] DEBUG o.h.p.entity.AbstractEntityPersister -  Snapshot select: select vendingmac_.id, vendingmac_.seller_name as seller_n3_3_, vendingmac_.isWorking as isworkin4_3_ from TicketSeller vendingmac_ where vendingmac_.id=?
12:51:43.588 [main] DEBUG o.h.p.entity.AbstractEntityPersister -  Insert 0: insert into TicketSeller (seller_name, isWorking, type, id) values (?, ?, 'vending_machine', ?)
12:51:43.588 [main] DEBUG o.h.p.entity.AbstractEntityPersister -  Update 0: update TicketSeller set seller_name=?, isWorking=? where id=?
12:51:43.588 [main] DEBUG o.h.p.entity.AbstractEntityPersister -  Delete 0: delete from TicketSeller where id=?
12:51:43.588 [main] DEBUG o.h.l.p.b.i.spaces.QuerySpacesImpl - Adding QuerySpace : uid = <gen:0> -> org.hibernate.loader.plan.build.internal.spaces.EntityQuerySpaceImpl@54e12f4c]
12:51:43.588 [main] DEBUG o.h.p.w.spi.MetamodelGraphWalker - Visiting attribute path : name
12:51:43.588 [main] DEBUG o.h.p.w.spi.MetamodelGraphWalker - Visiting attribute path : passes
12:51:43.588 [main] DEBUG o.h.l.p.b.i.spaces.QuerySpacesImpl - Adding QuerySpace : uid = <gen:1> -> org.hibernate.loader.plan.build.internal.spaces.CollectionQuerySpaceImpl@4d84049a]
12:51:43.588 [main] DEBUG o.h.l.p.b.i.spaces.QuerySpacesImpl - Adding QuerySpace : uid = <gen:2> -> org.hibernate.loader.plan.build.internal.spaces.EntityQuerySpaceImpl@39ee94de]
12:51:43.588 [main] DEBUG o.h.p.w.spi.MetamodelGraphWalker - Visiting attribute path : tickets
12:51:43.588 [main] DEBUG o.h.l.p.b.i.spaces.QuerySpacesImpl - Adding QuerySpace : uid = <gen:3> -> org.hibernate.loader.plan.build.internal.spaces.CollectionQuerySpaceImpl@642857e0]
12:51:43.588 [main] DEBUG o.h.l.p.b.i.spaces.QuerySpacesImpl - Adding QuerySpace : uid = <gen:4> -> org.hibernate.loader.plan.build.internal.spaces.EntityQuerySpaceImpl@4c6b4ed7]
12:51:43.588 [main] DEBUG o.h.p.w.spi.MetamodelGraphWalker - Visiting attribute path : isWorking
12:51:43.588 [main] DEBUG o.h.l.p.b.i.FetchStyleLoadPlanBuildingAssociationVisitationStrategy - Building LoadPlan...
12:51:43.588 [main] DEBUG o.h.l.p.e.i.LoadQueryJoinAndFetchProcessor - processing queryspace <gen:0>
12:51:43.588 [main] DEBUG o.h.l.p.b.spi.LoadPlanTreePrinter - LoadPlan(entity=Classes.VendingMachine)
    - Returns
       - EntityReturnImpl(entity=Classes.VendingMachine, querySpaceUid=<gen:0>, path=Classes.VendingMachine)
          - CollectionAttributeFetchImpl(collection=Abstract.TicketSeller.passes, querySpaceUid=<gen:1>, path=Classes.VendingMachine.passes)
             - (collection element) CollectionFetchableElementEntityGraph(entity=Classes.Pass, querySpaceUid=<gen:2>, path=Classes.VendingMachine.passes.<elements>)
          - CollectionAttributeFetchImpl(collection=Abstract.TicketSeller.tickets, querySpaceUid=<gen:3>, path=Classes.VendingMachine.tickets)
             - (collection element) CollectionFetchableElementEntityGraph(entity=Classes.Ticket, querySpaceUid=<gen:4>, path=Classes.VendingMachine.tickets.<elements>)
    - QuerySpaces
       - EntityQuerySpaceImpl(uid=<gen:0>, entity=Classes.VendingMachine)
          - SQL table alias mapping - vendingmac0_
          - alias suffix - 0_
          - suffixed key columns - {id2_3_0_}

12:51:43.588 [main] DEBUG o.h.loader.entity.plan.EntityLoader - Static select for entity Classes.VendingMachine [NONE]: select vendingmac0_.id as id2_3_0_, vendingmac0_.seller_name as seller_n3_3_0_, vendingmac0_.isWorking as isworkin4_3_0_ from TicketSeller vendingmac0_ where vendingmac0_.id=? and vendingmac0_.type='vending_machine'
12:51:43.589 [main] DEBUG o.h.l.p.b.i.spaces.QuerySpacesImpl - Adding QuerySpace : uid = <gen:0> -> org.hibernate.loader.plan.build.internal.spaces.CollectionQuerySpaceImpl@29c17c3d]
12:51:43.589 [main] DEBUG o.h.l.p.b.i.spaces.QuerySpacesImpl - Adding QuerySpace : uid = <gen:1> -> org.hibernate.loader.plan.build.internal.spaces.EntityQuerySpaceImpl@250a9031]
12:51:43.591 [main] DEBUG o.h.p.w.spi.MetamodelGraphWalker - Visiting attribute path : seller
12:51:43.591 [main] DEBUG o.h.l.p.b.i.spaces.QuerySpacesImpl - Adding QuerySpace : uid = <gen:2> -> org.hibernate.loader.plan.build.internal.spaces.EntityQuerySpaceImpl@7efa3f63]
12:51:43.591 [main] DEBUG o.h.p.w.spi.MetamodelGraphWalker - Visiting attribute path : seller.name
12:51:43.591 [main] DEBUG o.h.p.w.spi.MetamodelGraphWalker - Visiting attribute path : seller.passes
12:51:43.591 [main] DEBUG o.h.p.w.spi.MetamodelGraphWalker - Property path deemed to be circular : seller.passes
12:51:43.591 [main] DEBUG o.h.p.w.spi.MetamodelGraphWalker - Visiting attribute path : seller.tickets
12:51:43.591 [main] DEBUG o.h.p.w.spi.MetamodelGraphWalker - Property path deemed to be circular : seller.tickets
12:51:43.591 [main] DEBUG o.h.p.w.spi.MetamodelGraphWalker - Visiting attribute path : seller.people
12:51:43.591 [main] DEBUG o.h.l.p.b.i.spaces.QuerySpacesImpl - Adding QuerySpace : uid = <gen:3> -> org.hibernate.loader.plan.build.internal.spaces.CollectionQuerySpaceImpl@2262d6d5]
12:51:43.591 [main] DEBUG o.h.l.p.b.i.spaces.QuerySpacesImpl - Adding QuerySpace : uid = <gen:4> -> org.hibernate.loader.plan.build.internal.spaces.EntityQuerySpaceImpl@40de8f93]
12:51:43.591 [main] DEBUG o.h.p.w.spi.MetamodelGraphWalker - Visiting attribute path : seller.isWorking
12:51:43.591 [main] DEBUG o.h.p.w.spi.MetamodelGraphWalker - Visiting attribute path : person
12:51:43.591 [main] DEBUG o.h.l.p.b.i.spaces.QuerySpacesImpl - Adding QuerySpace : uid = <gen:5> -> org.hibernate.loader.plan.build.internal.spaces.EntityQuerySpaceImpl@6ff0b1cc]
12:51:43.591 [main] DEBUG o.h.p.w.spi.MetamodelGraphWalker - Visiting attribute path : person.birthdate
12:51:43.591 [main] DEBUG o.h.p.w.spi.MetamodelGraphWalker - Visiting attribute path : person.cardNum
12:51:43.591 [main] DEBUG o.h.l.p.b.i.spaces.QuerySpacesImpl - Adding QuerySpace : uid = <gen:6> -> org.hibernate.loader.plan.build.internal.spaces.EntityQuerySpaceImpl@f3560d4]
12:51:43.591 [main] DEBUG o.h.p.w.spi.MetamodelGraphWalker - Visiting attribute path : person.cardNum.emissionDate
12:51:43.591 [main] DEBUG o.h.p.w.spi.MetamodelGraphWalker - Visiting attribute path : person.cardNum.expirationDate
12:51:43.591 [main] DEBUG o.h.p.w.spi.MetamodelGraphWalker - Visiting attribute path : person.cardNum.person
12:51:43.591 [main] DEBUG o.h.p.w.spi.MetamodelGraphWalker - Property path deemed to be circular : person.cardNum.person
12:51:43.591 [main] DEBUG o.h.p.w.spi.MetamodelGraphWalker - Visiting attribute path : person.firstName
12:51:43.591 [main] DEBUG o.h.p.w.spi.MetamodelGraphWalker - Visiting attribute path : person.lastName
12:51:43.591 [main] DEBUG o.h.p.w.spi.MetamodelGraphWalker - Visiting attribute path : sellers
12:51:43.591 [main] DEBUG o.h.l.p.b.i.spaces.QuerySpacesImpl - Adding QuerySpace : uid = <gen:7> -> org.hibernate.loader.plan.build.internal.spaces.EntityQuerySpaceImpl@51b77cdf]
12:51:43.591 [main] DEBUG o.h.p.w.spi.MetamodelGraphWalker - Visiting attribute path : sellers.name
12:51:43.591 [main] DEBUG o.h.p.w.spi.MetamodelGraphWalker - Visiting attribute path : sellers.passes
12:51:43.591 [main] DEBUG o.h.p.w.spi.MetamodelGraphWalker - Property path deemed to be circular : sellers.passes
12:51:43.591 [main] DEBUG o.h.p.w.spi.MetamodelGraphWalker - Visiting attribute path : sellers.tickets
12:51:43.591 [main] DEBUG o.h.p.w.spi.MetamodelGraphWalker - Property path deemed to be circular : sellers.tickets
12:51:43.591 [main] DEBUG o.h.p.w.spi.MetamodelGraphWalker - Visiting attribute path : sellers.people
12:51:43.592 [main] DEBUG o.h.l.p.b.i.spaces.QuerySpacesImpl - Adding QuerySpace : uid = <gen:8> -> org.hibernate.loader.plan.build.internal.spaces.CollectionQuerySpaceImpl@6088451e]
12:51:43.592 [main] DEBUG o.h.l.p.b.i.spaces.QuerySpacesImpl - Adding QuerySpace : uid = <gen:9> -> org.hibernate.loader.plan.build.internal.spaces.EntityQuerySpaceImpl@45ab3bdd]
12:51:43.592 [main] DEBUG o.h.p.w.spi.MetamodelGraphWalker - Visiting attribute path : sellers.isWorking
12:51:43.592 [main] DEBUG o.h.p.w.spi.MetamodelGraphWalker - Visiting attribute path : validity
12:51:43.592 [main] DEBUG o.h.l.p.b.i.FetchStyleLoadPlanBuildingAssociationVisitationStrategy - Building LoadPlan...
12:51:43.593 [main] DEBUG o.h.l.p.e.i.LoadQueryJoinAndFetchProcessor - processing queryspace <gen:0>
12:51:43.593 [main] DEBUG o.h.l.p.b.spi.LoadPlanTreePrinter - LoadPlan(collection=Abstract.TicketSeller.tickets)
    - Returns
       - CollectionReturnImpl(collection=Abstract.TicketSeller.tickets, querySpaceUid=<gen:0>, path=[Abstract.TicketSeller.tickets])
          - (collection element) CollectionFetchableElementEntityGraph(entity=Classes.Ticket, querySpaceUid=<gen:1>, path=[Abstract.TicketSeller.tickets].<elements>)
             - EntityAttributeFetchImpl(entity=Abstract.TicketSeller, querySpaceUid=<gen:2>, path=[Abstract.TicketSeller.tickets].<elements>.seller)
                - CollectionAttributeFetchImpl(collection=Classes.Shop.people, querySpaceUid=<gen:3>, path=[Abstract.TicketSeller.tickets].<elements>.seller.people)
                   - (collection element) CollectionFetchableElementEntityGraph(entity=Classes.Person, querySpaceUid=<gen:4>, path=[Abstract.TicketSeller.tickets].<elements>.seller.people.<elements>)
             - EntityAttributeFetchImpl(entity=Classes.Person, querySpaceUid=<gen:5>, path=[Abstract.TicketSeller.tickets].<elements>.person)
                - EntityAttributeFetchImpl(entity=Classes.Card, querySpaceUid=<gen:6>, path=[Abstract.TicketSeller.tickets].<elements>.person.cardNum)
             - EntityAttributeFetchImpl(entity=Abstract.TicketSeller, querySpaceUid=<gen:7>, path=[Abstract.TicketSeller.tickets].<elements>.sellers)
                - CollectionAttributeFetchImpl(collection=Classes.Shop.people, querySpaceUid=<gen:8>, path=[Abstract.TicketSeller.tickets].<elements>.sellers.people)
                   - (collection element) CollectionFetchableElementEntityGraph(entity=Classes.Person, querySpaceUid=<gen:9>, path=[Abstract.TicketSeller.tickets].<elements>.sellers.people.<elements>)
    - QuerySpaces
       - CollectionQuerySpaceImpl(uid=<gen:0>, collection=Abstract.TicketSeller.tickets)
          - SQL table alias mapping - tickets0_
          - alias suffix - 0_
          - suffixed key columns - {ticketse1_5_0_}
          - entity-element alias suffix - 1_
          - 1_entity-element suffixed key columns - id2_2_1_
          - JOIN (JoinDefinedByMetadata(elements)) : <gen:0> -> <gen:1>
             - EntityQuerySpaceImpl(uid=<gen:1>, entity=Classes.Ticket)
                - SQL table alias mapping - ticket1_
                - alias suffix - 1_
                - suffixed key columns - {id2_2_1_}
                - JOIN (JoinDefinedByMetadata(seller)) : <gen:1> -> <gen:2>
                   - EntityQuerySpaceImpl(uid=<gen:2>, entity=Abstract.TicketSeller)
                      - SQL table alias mapping - ticketsell2_
                      - alias suffix - 2_
                      - suffixed key columns - {id2_3_2_}
                - JOIN (JoinDefinedByMetadata(person)) : <gen:1> -> <gen:5>
                   - EntityQuerySpaceImpl(uid=<gen:5>, entity=Classes.Person)
                      - SQL table alias mapping - person3_
                      - alias suffix - 3_
                      - suffixed key columns - {id1_1_3_}
                      - JOIN (JoinDefinedByMetadata(cardNum)) : <gen:5> -> <gen:6>
                         - EntityQuerySpaceImpl(uid=<gen:6>, entity=Classes.Card)
                            - SQL table alias mapping - card4_
                            - alias suffix - 4_
                            - suffixed key columns - {id1_0_4_}
                - JOIN (JoinDefinedByMetadata(sellers)) : <gen:1> -> <gen:7>
                   - EntityQuerySpaceImpl(uid=<gen:7>, entity=Abstract.TicketSeller)
                      - SQL table alias mapping - ticketsell5_
                      - alias suffix - 5_
                      - suffixed key columns - {id2_3_5_}

12:51:43.593 [main] DEBUG o.h.l.c.plan.CollectionLoader - Static select for collection Abstract.TicketSeller.tickets: select tickets0_.TicketSeller_id as ticketse1_5_0_, tickets0_.tickets_id as tickets_2_5_0_, ticket1_.id as id2_2_1_, ticket1_.seller_id as seller_i4_2_1_, ticket1_.person_id as person_i5_2_1_, ticket1_.sellers_id as sellers_6_2_1_, ticket1_.validity as validity3_2_1_, ticket1_.DTYPE as dtype1_2_1_, ticketsell2_.id as id2_3_2_, ticketsell2_.seller_name as seller_n3_3_2_, ticketsell2_.isWorking as isworkin4_3_2_, ticketsell2_.type as type1_3_2_, person3_.id as id1_1_3_, person3_.birthdate as birthdat2_1_3_, person3_.cardNum_id as cardnum_5_1_3_, person3_.firstName as firstnam3_1_3_, person3_.lastName as lastname4_1_3_, card4_.id as id1_0_4_, card4_.emissionDate as emission2_0_4_, card4_.expirationDate as expirati3_0_4_, ticketsell5_.id as id2_3_5_, ticketsell5_.seller_name as seller_n3_3_5_, ticketsell5_.isWorking as isworkin4_3_5_, ticketsell5_.type as type1_3_5_ from TicketSeller_Ticket tickets0_ inner join Ticket ticket1_ on tickets0_.tickets_id=ticket1_.id left outer join TicketSeller ticketsell2_ on ticket1_.seller_id=ticketsell2_.id left outer join Person person3_ on ticket1_.person_id=person3_.id left outer join Card card4_ on person3_.cardNum_id=card4_.id left outer join TicketSeller ticketsell5_ on ticket1_.sellers_id=ticketsell5_.id where tickets0_.TicketSeller_id=?
12:51:43.594 [main] DEBUG o.h.l.p.b.i.spaces.QuerySpacesImpl - Adding QuerySpace : uid = <gen:0> -> org.hibernate.loader.plan.build.internal.spaces.CollectionQuerySpaceImpl@3f6bf8aa]
12:51:43.594 [main] DEBUG o.h.l.p.b.i.spaces.QuerySpacesImpl - Adding QuerySpace : uid = <gen:1> -> org.hibernate.loader.plan.build.internal.spaces.EntityQuerySpaceImpl@13c8ac77]
12:51:43.594 [main] DEBUG o.h.p.w.spi.MetamodelGraphWalker - Visiting attribute path : seller
12:51:43.594 [main] DEBUG o.h.l.p.b.i.spaces.QuerySpacesImpl - Adding QuerySpace : uid = <gen:2> -> org.hibernate.loader.plan.build.internal.spaces.EntityQuerySpaceImpl@2c63762b]
12:51:43.594 [main] DEBUG o.h.p.w.spi.MetamodelGraphWalker - Visiting attribute path : seller.name
12:51:43.594 [main] DEBUG o.h.p.w.spi.MetamodelGraphWalker - Visiting attribute path : seller.passes
12:51:43.594 [main] DEBUG o.h.p.w.spi.MetamodelGraphWalker - Property path deemed to be circular : seller.passes
12:51:43.594 [main] DEBUG o.h.p.w.spi.MetamodelGraphWalker - Visiting attribute path : seller.tickets
12:51:43.594 [main] DEBUG o.h.p.w.spi.MetamodelGraphWalker - Property path deemed to be circular : seller.tickets
12:51:43.594 [main] DEBUG o.h.p.w.spi.MetamodelGraphWalker - Visiting attribute path : seller.people
12:51:43.594 [main] DEBUG o.h.l.p.b.i.spaces.QuerySpacesImpl - Adding QuerySpace : uid = <gen:3> -> org.hibernate.loader.plan.build.internal.spaces.CollectionQuerySpaceImpl@78422efb]
12:51:43.594 [main] DEBUG o.h.l.p.b.i.spaces.QuerySpacesImpl - Adding QuerySpace : uid = <gen:4> -> org.hibernate.loader.plan.build.internal.spaces.EntityQuerySpaceImpl@5f05c8d6]
12:51:43.594 [main] DEBUG o.h.p.w.spi.MetamodelGraphWalker - Visiting attribute path : seller.isWorking
12:51:43.594 [main] DEBUG o.h.p.w.spi.MetamodelGraphWalker - Visiting attribute path : person
12:51:43.594 [main] DEBUG o.h.l.p.b.i.spaces.QuerySpacesImpl - Adding QuerySpace : uid = <gen:5> -> org.hibernate.loader.plan.build.internal.spaces.EntityQuerySpaceImpl@68e02f33]
12:51:43.594 [main] DEBUG o.h.p.w.spi.MetamodelGraphWalker - Visiting attribute path : person.birthdate
12:51:43.594 [main] DEBUG o.h.p.w.spi.MetamodelGraphWalker - Visiting attribute path : person.cardNum
12:51:43.594 [main] DEBUG o.h.l.p.b.i.spaces.QuerySpacesImpl - Adding QuerySpace : uid = <gen:6> -> org.hibernate.loader.plan.build.internal.spaces.EntityQuerySpaceImpl@d48e998]
12:51:43.594 [main] DEBUG o.h.p.w.spi.MetamodelGraphWalker - Visiting attribute path : person.cardNum.emissionDate
12:51:43.594 [main] DEBUG o.h.p.w.spi.MetamodelGraphWalker - Visiting attribute path : person.cardNum.expirationDate
12:51:43.594 [main] DEBUG o.h.p.w.spi.MetamodelGraphWalker - Visiting attribute path : person.cardNum.person
12:51:43.594 [main] DEBUG o.h.p.w.spi.MetamodelGraphWalker - Property path deemed to be circular : person.cardNum.person
12:51:43.594 [main] DEBUG o.h.p.w.spi.MetamodelGraphWalker - Visiting attribute path : person.firstName
12:51:43.594 [main] DEBUG o.h.p.w.spi.MetamodelGraphWalker - Visiting attribute path : person.lastName
12:51:43.594 [main] DEBUG o.h.p.w.spi.MetamodelGraphWalker - Visiting attribute path : sellers
12:51:43.594 [main] DEBUG o.h.l.p.b.i.spaces.QuerySpacesImpl - Adding QuerySpace : uid = <gen:7> -> org.hibernate.loader.plan.build.internal.spaces.EntityQuerySpaceImpl@158ae284]
12:51:43.594 [main] DEBUG o.h.p.w.spi.MetamodelGraphWalker - Visiting attribute path : sellers.name
12:51:43.594 [main] DEBUG o.h.p.w.spi.MetamodelGraphWalker - Visiting attribute path : sellers.passes
12:51:43.594 [main] DEBUG o.h.p.w.spi.MetamodelGraphWalker - Property path deemed to be circular : sellers.passes
12:51:43.594 [main] DEBUG o.h.p.w.spi.MetamodelGraphWalker - Visiting attribute path : sellers.tickets
12:51:43.594 [main] DEBUG o.h.p.w.spi.MetamodelGraphWalker - Property path deemed to be circular : sellers.tickets
12:51:43.594 [main] DEBUG o.h.p.w.spi.MetamodelGraphWalker - Visiting attribute path : sellers.people
12:51:43.594 [main] DEBUG o.h.l.p.b.i.spaces.QuerySpacesImpl - Adding QuerySpace : uid = <gen:8> -> org.hibernate.loader.plan.build.internal.spaces.CollectionQuerySpaceImpl@1a256d80]
12:51:43.595 [main] DEBUG o.h.l.p.b.i.spaces.QuerySpacesImpl - Adding QuerySpace : uid = <gen:9> -> org.hibernate.loader.plan.build.internal.spaces.EntityQuerySpaceImpl@3069a360]
12:51:43.595 [main] DEBUG o.h.p.w.spi.MetamodelGraphWalker - Visiting attribute path : sellers.isWorking
12:51:43.595 [main] DEBUG o.h.p.w.spi.MetamodelGraphWalker - Visiting attribute path : validity
12:51:43.595 [main] DEBUG o.h.l.p.b.i.FetchStyleLoadPlanBuildingAssociationVisitationStrategy - Building LoadPlan...
12:51:43.595 [main] DEBUG o.h.l.p.e.i.LoadQueryJoinAndFetchProcessor - processing queryspace <gen:0>
12:51:43.595 [main] DEBUG o.h.l.p.b.spi.LoadPlanTreePrinter - LoadPlan(collection=Abstract.TicketSeller.passes)
    - Returns
       - CollectionReturnImpl(collection=Abstract.TicketSeller.passes, querySpaceUid=<gen:0>, path=[Abstract.TicketSeller.passes])
          - (collection element) CollectionFetchableElementEntityGraph(entity=Classes.Pass, querySpaceUid=<gen:1>, path=[Abstract.TicketSeller.passes].<elements>)
             - EntityAttributeFetchImpl(entity=Abstract.TicketSeller, querySpaceUid=<gen:2>, path=[Abstract.TicketSeller.passes].<elements>.seller)
                - CollectionAttributeFetchImpl(collection=Classes.Shop.people, querySpaceUid=<gen:3>, path=[Abstract.TicketSeller.passes].<elements>.seller.people)
                   - (collection element) CollectionFetchableElementEntityGraph(entity=Classes.Person, querySpaceUid=<gen:4>, path=[Abstract.TicketSeller.passes].<elements>.seller.people.<elements>)
             - EntityAttributeFetchImpl(entity=Classes.Person, querySpaceUid=<gen:5>, path=[Abstract.TicketSeller.passes].<elements>.person)
                - EntityAttributeFetchImpl(entity=Classes.Card, querySpaceUid=<gen:6>, path=[Abstract.TicketSeller.passes].<elements>.person.cardNum)
             - EntityAttributeFetchImpl(entity=Abstract.TicketSeller, querySpaceUid=<gen:7>, path=[Abstract.TicketSeller.passes].<elements>.sellers)
                - CollectionAttributeFetchImpl(collection=Classes.Shop.people, querySpaceUid=<gen:8>, path=[Abstract.TicketSeller.passes].<elements>.sellers.people)
                   - (collection element) CollectionFetchableElementEntityGraph(entity=Classes.Person, querySpaceUid=<gen:9>, path=[Abstract.TicketSeller.passes].<elements>.sellers.people.<elements>)
    - QuerySpaces
       - CollectionQuerySpaceImpl(uid=<gen:0>, collection=Abstract.TicketSeller.passes)
          - SQL table alias mapping - passes0_
          - alias suffix - 0_
          - suffixed key columns - {ticketse1_5_0_}
          - entity-element alias suffix - 1_
          - 1_entity-element suffixed key columns - id2_2_1_
          - JOIN (JoinDefinedByMetadata(elements)) : <gen:0> -> <gen:1>
             - EntityQuerySpaceImpl(uid=<gen:1>, entity=Classes.Pass)
                - SQL table alias mapping - pass1_
                - alias suffix - 1_
                - suffixed key columns - {id2_2_1_}
                - JOIN (JoinDefinedByMetadata(seller)) : <gen:1> -> <gen:2>
                   - EntityQuerySpaceImpl(uid=<gen:2>, entity=Abstract.TicketSeller)
                      - SQL table alias mapping - ticketsell2_
                      - alias suffix - 2_
                      - suffixed key columns - {id2_3_2_}
                - JOIN (JoinDefinedByMetadata(person)) : <gen:1> -> <gen:5>
                   - EntityQuerySpaceImpl(uid=<gen:5>, entity=Classes.Person)
                      - SQL table alias mapping - person3_
                      - alias suffix - 3_
                      - suffixed key columns - {id1_1_3_}
                      - JOIN (JoinDefinedByMetadata(cardNum)) : <gen:5> -> <gen:6>
                         - EntityQuerySpaceImpl(uid=<gen:6>, entity=Classes.Card)
                            - SQL table alias mapping - card4_
                            - alias suffix - 4_
                            - suffixed key columns - {id1_0_4_}
                - JOIN (JoinDefinedByMetadata(sellers)) : <gen:1> -> <gen:7>
                   - EntityQuerySpaceImpl(uid=<gen:7>, entity=Abstract.TicketSeller)
                      - SQL table alias mapping - ticketsell5_
                      - alias suffix - 5_
                      - suffixed key columns - {id2_3_5_}

12:51:43.595 [main] DEBUG o.h.l.c.plan.CollectionLoader - Static select for collection Abstract.TicketSeller.passes: select passes0_.TicketSeller_id as ticketse1_5_0_, passes0_.passes_id as passes_i3_5_0_, pass1_.id as id2_2_1_, pass1_.seller_id as seller_i4_2_1_, pass1_.person_id as person_i5_2_1_, pass1_.sellers_id as sellers_6_2_1_, pass1_.validity as validity3_2_1_, ticketsell2_.id as id2_3_2_, ticketsell2_.seller_name as seller_n3_3_2_, ticketsell2_.isWorking as isworkin4_3_2_, ticketsell2_.type as type1_3_2_, person3_.id as id1_1_3_, person3_.birthdate as birthdat2_1_3_, person3_.cardNum_id as cardnum_5_1_3_, person3_.firstName as firstnam3_1_3_, person3_.lastName as lastname4_1_3_, card4_.id as id1_0_4_, card4_.emissionDate as emission2_0_4_, card4_.expirationDate as expirati3_0_4_, ticketsell5_.id as id2_3_5_, ticketsell5_.seller_name as seller_n3_3_5_, ticketsell5_.isWorking as isworkin4_3_5_, ticketsell5_.type as type1_3_5_ from TicketSeller_Ticket passes0_ inner join Ticket pass1_ on passes0_.passes_id=pass1_.id left outer join TicketSeller ticketsell2_ on pass1_.seller_id=ticketsell2_.id left outer join Person person3_ on pass1_.person_id=person3_.id left outer join Card card4_ on person3_.cardNum_id=card4_.id left outer join TicketSeller ticketsell5_ on pass1_.sellers_id=ticketsell5_.id where passes0_.TicketSeller_id=?
12:51:43.595 [main] DEBUG o.h.l.p.b.i.spaces.QuerySpacesImpl - Adding QuerySpace : uid = <gen:0> -> org.hibernate.loader.plan.build.internal.spaces.CollectionQuerySpaceImpl@7235f92b]
12:51:43.595 [main] DEBUG o.h.l.p.b.i.spaces.QuerySpacesImpl - Adding QuerySpace : uid = <gen:1> -> org.hibernate.loader.plan.build.internal.spaces.EntityQuerySpaceImpl@7885776b]
12:51:43.595 [main] DEBUG o.h.p.w.spi.MetamodelGraphWalker - Visiting attribute path : birthdate
12:51:43.595 [main] DEBUG o.h.p.w.spi.MetamodelGraphWalker - Visiting attribute path : cardNum
12:51:43.595 [main] DEBUG o.h.l.p.b.i.spaces.QuerySpacesImpl - Adding QuerySpace : uid = <gen:2> -> org.hibernate.loader.plan.build.internal.spaces.EntityQuerySpaceImpl@69d3cf7e]
12:51:43.595 [main] DEBUG o.h.p.w.spi.MetamodelGraphWalker - Visiting attribute path : cardNum.emissionDate
12:51:43.595 [main] DEBUG o.h.p.w.spi.MetamodelGraphWalker - Visiting attribute path : cardNum.expirationDate
12:51:43.595 [main] DEBUG o.h.p.w.spi.MetamodelGraphWalker - Visiting attribute path : cardNum.person
12:51:43.595 [main] DEBUG o.h.p.w.spi.MetamodelGraphWalker - Property path deemed to be circular : cardNum.person
12:51:43.596 [main] DEBUG o.h.p.w.spi.MetamodelGraphWalker - Visiting attribute path : firstName
12:51:43.596 [main] DEBUG o.h.p.w.spi.MetamodelGraphWalker - Visiting attribute path : lastName
12:51:43.596 [main] DEBUG o.h.l.p.b.i.FetchStyleLoadPlanBuildingAssociationVisitationStrategy - Building LoadPlan...
12:51:43.596 [main] DEBUG o.h.l.p.e.i.LoadQueryJoinAndFetchProcessor - processing queryspace <gen:0>
12:51:43.596 [main] DEBUG o.h.l.p.b.spi.LoadPlanTreePrinter - LoadPlan(collection=Classes.Shop.people)
    - Returns
       - CollectionReturnImpl(collection=Classes.Shop.people, querySpaceUid=<gen:0>, path=[Classes.Shop.people])
          - (collection element) CollectionFetchableElementEntityGraph(entity=Classes.Person, querySpaceUid=<gen:1>, path=[Classes.Shop.people].<elements>)
             - EntityAttributeFetchImpl(entity=Classes.Card, querySpaceUid=<gen:2>, path=[Classes.Shop.people].<elements>.cardNum)
    - QuerySpaces
       - CollectionQuerySpaceImpl(uid=<gen:0>, collection=Classes.Shop.people)
          - SQL table alias mapping - people0_
          - alias suffix - 0_
          - suffixed key columns - {shop_id1_4_0_}
          - entity-element alias suffix - 1_
          - 1_entity-element suffixed key columns - id1_1_1_
          - JOIN (JoinDefinedByMetadata(elements)) : <gen:0> -> <gen:1>
             - EntityQuerySpaceImpl(uid=<gen:1>, entity=Classes.Person)
                - SQL table alias mapping - person1_
                - alias suffix - 1_
                - suffixed key columns - {id1_1_1_}
                - JOIN (JoinDefinedByMetadata(cardNum)) : <gen:1> -> <gen:2>
                   - EntityQuerySpaceImpl(uid=<gen:2>, entity=Classes.Card)
                      - SQL table alias mapping - card2_
                      - alias suffix - 2_
                      - suffixed key columns - {id1_0_2_}

12:51:43.596 [main] DEBUG o.h.l.c.plan.CollectionLoader - Static select for collection Classes.Shop.people: select people0_.Shop_id as shop_id1_4_0_, people0_.people_id as people_i2_4_0_, person1_.id as id1_1_1_, person1_.birthdate as birthdat2_1_1_, person1_.cardNum_id as cardnum_5_1_1_, person1_.firstName as firstnam3_1_1_, person1_.lastName as lastname4_1_1_, card2_.id as id1_0_2_, card2_.emissionDate as emission2_0_2_, card2_.expirationDate as expirati3_0_2_ from TicketSeller_Person people0_ inner join Person person1_ on people0_.people_id=person1_.id left outer join Card card2_ on person1_.cardNum_id=card2_.id where people0_.Shop_id=?
12:51:43.620 [main] INFO  o.hibernate.orm.connections.access - HHH10001501: Connection obtained from JdbcConnectionAccess [org.hibernate.engine.jdbc.env.internal.JdbcEnvironmentInitiator$ConnectionProviderJdbcConnectionAccess@40bb4f87] for (non-JTA) DDL execution was not in auto-commit mode; the Connection 'local transaction' will be committed and the Connection will be set into auto-commit mode.
12:51:43.636 [main] DEBUG org.hibernate.mapping.Table - No alter strings for table : Card
12:51:43.637 [main] DEBUG org.hibernate.mapping.Table - No alter strings for table : Person
12:51:43.637 [main] DEBUG org.hibernate.mapping.Table - No alter strings for table : Ticket
12:51:43.637 [main] DEBUG org.hibernate.mapping.Table - No alter strings for table : TicketSeller
12:51:43.637 [main] DEBUG org.hibernate.mapping.Table - No alter strings for table : TicketSeller_Person
12:51:43.637 [main] DEBUG org.hibernate.mapping.Table - No alter strings for table : TicketSeller_Ticket
12:51:43.694 [main] DEBUG o.h.e.t.j.p.i.JtaPlatformInitiator - No JtaPlatform was specified, checking resolver
12:51:43.694 [main] DEBUG o.h.e.t.j.p.i.JtaPlatformResolverInitiator - No JtaPlatformResolver was specified, using default [org.hibernate.engine.transaction.jta.platform.internal.StandardJtaPlatformResolver]
12:51:43.697 [main] DEBUG o.h.e.t.j.p.i.StandardJtaPlatformResolver - Could not resolve JtaPlatform, using default [org.hibernate.engine.transaction.jta.platform.internal.NoJtaPlatform]
12:51:43.697 [main] INFO  o.h.e.t.j.p.i.JtaPlatformInitiator - HHH000490: Using JtaPlatform implementation: [org.hibernate.engine.transaction.jta.platform.internal.NoJtaPlatform]
12:51:43.701 [main] DEBUG o.h.s.i.SessionFactoryServiceRegistryImpl - EventListenerRegistry access via ServiceRegistry is deprecated.  Use `sessionFactory.getEventEngine().getListenerRegistry()` instead
12:51:43.701 [main] DEBUG o.h.h.i.QueryTranslatorFactoryInitiator - QueryTranslatorFactory: org.hibernate.hql.internal.ast.ASTQueryTranslatorFactory@6f5e16cf
12:51:43.705 [main] DEBUG o.h.query.spi.NamedQueryRepository - Checking 0 named HQL queries
12:51:43.705 [main] DEBUG o.h.query.spi.NamedQueryRepository - Checking 0 named SQL queries
12:51:43.706 [main] DEBUG o.h.internal.SessionFactoryRegistry - Initializing SessionFactoryRegistry : org.hibernate.internal.SessionFactoryRegistry@68b734a8
12:51:43.707 [main] DEBUG o.h.internal.SessionFactoryRegistry - Registering SessionFactory: b5553d1b-506f-4e14-b996-40ab398a10da (<unnamed>)
12:51:43.707 [main] DEBUG o.h.internal.SessionFactoryRegistry - Not binding SessionFactory to JNDI, no JNDI name configured
12:51:43.737 [main] DEBUG o.h.s.internal.StatisticsInitiator - Statistics initialized [enabled=false]
12:51:43.741 [main] DEBUG o.h.e.t.internal.TransactionImpl - On TransactionImpl creation, JpaCompliance#isJpaTransactionComplianceEnabled == false
12:51:43.741 [main] DEBUG o.h.e.t.internal.TransactionImpl - begin
12:51:43.742 [main] DEBUG o.h.e.i.EntityCopyObserverFactoryInitiator - Configured EntityCopyObserver strategy: disallow
12:51:43.748 [main] DEBUG org.hibernate.SQL - select nextval ('elCat_seq')
12:51:43.749 [main] DEBUG o.h.id.enhanced.SequenceStructure - Sequence value obtained: 4
12:51:43.749 [main] DEBUG o.h.r.j.i.ResourceRegistryStandardImpl - HHH000387: ResultSet's statement was not registered
12:51:43.750 [main] DEBUG o.h.e.i.AbstractSaveEventListener - Generated identifier: 4, using strategy: org.hibernate.id.enhanced.SequenceStyleGenerator
12:51:43.754 [main] DEBUG o.h.e.t.internal.TransactionImpl - committing
12:51:43.755 [main] DEBUG o.h.e.i.AbstractFlushingEventListener - Processing flush-time cascades
12:51:43.755 [main] DEBUG o.h.e.i.AbstractFlushingEventListener - Dirty checking collections
12:51:43.757 [main] DEBUG o.h.e.i.AbstractFlushingEventListener - Flushed: 1 insertions, 0 updates, 0 deletions to 1 objects
12:51:43.757 [main] DEBUG o.h.e.i.AbstractFlushingEventListener - Flushed: 0 (re)creations, 0 updates, 0 removals to 0 collections
12:51:43.757 [main] DEBUG o.h.internal.util.EntityPrinter - Listing entities:
12:51:43.757 [main] DEBUG o.h.internal.util.EntityPrinter - Classes.VendingMachine{tickets=null, passes=null, name=Vending DiGregorio, id=4, isWorking=false}
12:51:43.761 [main] DEBUG org.hibernate.SQL - insert into TicketSeller (seller_name, isWorking, type, id) values (?, ?, 'vending_machine', ?)
12:51:43.765 [main] DEBUG o.h.r.j.i.LogicalConnectionManagedImpl - Initiating JDBC connection release from afterTransaction
12:51:43.765 [main] DEBUG o.h.r.j.i.LogicalConnectionManagedImpl - Initiating JDBC connection release from afterTransaction
12:51:54.971 [main] DEBUG org.jboss.logging - Logging Provider: org.jboss.logging.Slf4jLoggerProvider
12:51:55.030 [main] DEBUG o.h.jpa.HibernatePersistenceProvider - Located and parsed 2 persistence units; checking each
12:51:55.030 [main] DEBUG o.h.jpa.HibernatePersistenceProvider - Checking persistence-unit [name=HomeworkS3D3, explicit-provider=null] against incoming persistence unit name [BuildWeek_4]
12:51:55.030 [main] DEBUG o.h.jpa.HibernatePersistenceProvider - Excluding from consideration due to name mis-match
12:51:55.030 [main] DEBUG o.h.jpa.HibernatePersistenceProvider - Checking persistence-unit [name=BuildWeek_4, explicit-provider=null] against incoming persistence unit name [BuildWeek_4]
12:51:55.031 [main] DEBUG o.h.jpa.boot.spi.ProviderChecker - No PersistenceProvider explicitly requested, assuming Hibernate
12:51:55.034 [main] DEBUG o.h.jpa.internal.util.LogHelper - PersistenceUnitInfo [
	name: BuildWeek_4
	persistence provider classname: null
	classloader: null
	excludeUnlistedClasses: false
	JTA datasource: null
	Non JTA datasource: null
	Transaction type: RESOURCE_LOCAL
	PU root URL: file:/C:/Users/total/Desktop/All/Epicode/fs0223-Luca-Sernicola-BackEnd/BuildWeek_4/target/classes/
	Shared Cache Mode: null
	Validation Mode: null
	Jar files URLs []
	Managed classes names []
	Mapping files names []
	Properties [
		javax.persistence.jdbc.driver: org.postgresql.Driver
		javax.persistence.jdbc.password: root
		hibernate.dialect: org.hibernate.dialect.PostgreSQLDialect
		javax.persistence.jdbc.url: jdbc:postgresql://localhost:5432/BuildWeek
		hibernate.hbm2ddl.auto: update
		javax.persistence.jdbc.user: postgres]
12:51:55.037 [main] DEBUG o.h.i.internal.IntegratorServiceImpl - Adding Integrator [org.hibernate.cfg.beanvalidation.BeanValidationIntegrator].
12:51:55.037 [main] DEBUG o.h.i.internal.IntegratorServiceImpl - Adding Integrator [org.hibernate.secure.spi.JaccIntegrator].
12:51:55.041 [main] DEBUG o.h.i.internal.IntegratorServiceImpl - Adding Integrator [org.hibernate.cache.internal.CollectionCacheInvalidator].
12:51:55.065 [main] INFO  org.hibernate.Version - HHH000412: Hibernate ORM core version 5.6.15.Final
12:51:55.065 [main] DEBUG org.hibernate.cfg.Environment - HHH000206: hibernate.properties not found
12:51:55.163 [main] DEBUG o.h.service.spi.ServiceBinding - Overriding existing service binding [org.hibernate.secure.spi.JaccService]
12:51:55.171 [main] DEBUG o.h.c.i.RegionFactoryInitiator - Cannot default RegionFactory based on registered strategies as `[]` RegionFactory strategies were registered
12:51:55.171 [main] DEBUG o.h.c.i.RegionFactoryInitiator - Cache region factory : org.hibernate.cache.internal.NoCachingRegionFactory
12:51:55.182 [main] INFO  o.h.annotations.common.Version - HCANN000001: Hibernate Commons Annotations {5.1.2.Final}
12:51:55.235 [main] DEBUG o.hibernate.type.BasicTypeRegistry - Adding type registration boolean -> org.hibernate.type.BooleanType@ea9b7c6
12:51:55.236 [main] DEBUG o.hibernate.type.BasicTypeRegistry - Adding type registration boolean -> org.hibernate.type.BooleanType@ea9b7c6
12:51:55.236 [main] DEBUG o.hibernate.type.BasicTypeRegistry - Adding type registration java.lang.Boolean -> org.hibernate.type.BooleanType@ea9b7c6
12:51:55.236 [main] DEBUG o.hibernate.type.BasicTypeRegistry - Adding type registration numeric_boolean -> org.hibernate.type.NumericBooleanType@3fffff43
12:51:55.236 [main] DEBUG o.hibernate.type.BasicTypeRegistry - Adding type registration true_false -> org.hibernate.type.TrueFalseType@7b324585
12:51:55.237 [main] DEBUG o.hibernate.type.BasicTypeRegistry - Adding type registration yes_no -> org.hibernate.type.YesNoType@fd8294b
12:51:55.237 [main] DEBUG o.hibernate.type.BasicTypeRegistry - Adding type registration byte -> org.hibernate.type.ByteType@4fbda97b
12:51:55.237 [main] DEBUG o.hibernate.type.BasicTypeRegistry - Adding type registration byte -> org.hibernate.type.ByteType@4fbda97b
12:51:55.237 [main] DEBUG o.hibernate.type.BasicTypeRegistry - Adding type registration java.lang.Byte -> org.hibernate.type.ByteType@4fbda97b
12:51:55.238 [main] DEBUG o.hibernate.type.BasicTypeRegistry - Adding type registration character -> org.hibernate.type.CharacterType@354fc8f0
12:51:55.238 [main] DEBUG o.hibernate.type.BasicTypeRegistry - Adding type registration char -> org.hibernate.type.CharacterType@354fc8f0
12:51:55.238 [main] DEBUG o.hibernate.type.BasicTypeRegistry - Adding type registration java.lang.Character -> org.hibernate.type.CharacterType@354fc8f0
12:51:55.239 [main] DEBUG o.hibernate.type.BasicTypeRegistry - Adding type registration short -> org.hibernate.type.ShortType@a4b2d8f
12:51:55.239 [main] DEBUG o.hibernate.type.BasicTypeRegistry - Adding type registration short -> org.hibernate.type.ShortType@a4b2d8f
12:51:55.239 [main] DEBUG o.hibernate.type.BasicTypeRegistry - Adding type registration java.lang.Short -> org.hibernate.type.ShortType@a4b2d8f
12:51:55.239 [main] DEBUG o.hibernate.type.BasicTypeRegistry - Adding type registration integer -> org.hibernate.type.IntegerType@51cd7ffc
12:51:55.239 [main] DEBUG o.hibernate.type.BasicTypeRegistry - Adding type registration int -> org.hibernate.type.IntegerType@51cd7ffc
12:51:55.239 [main] DEBUG o.hibernate.type.BasicTypeRegistry - Adding type registration java.lang.Integer -> org.hibernate.type.IntegerType@51cd7ffc
12:51:55.239 [main] DEBUG o.hibernate.type.BasicTypeRegistry - Adding type registration long -> org.hibernate.type.LongType@590c73d3
12:51:55.239 [main] DEBUG o.hibernate.type.BasicTypeRegistry - Adding type registration long -> org.hibernate.type.LongType@590c73d3
12:51:55.239 [main] DEBUG o.hibernate.type.BasicTypeRegistry - Adding type registration java.lang.Long -> org.hibernate.type.LongType@590c73d3
12:51:55.240 [main] DEBUG o.hibernate.type.BasicTypeRegistry - Adding type registration float -> org.hibernate.type.FloatType@79da1ec0
12:51:55.240 [main] DEBUG o.hibernate.type.BasicTypeRegistry - Adding type registration float -> org.hibernate.type.FloatType@79da1ec0
12:51:55.240 [main] DEBUG o.hibernate.type.BasicTypeRegistry - Adding type registration java.lang.Float -> org.hibernate.type.FloatType@79da1ec0
12:51:55.241 [main] DEBUG o.hibernate.type.BasicTypeRegistry - Adding type registration double -> org.hibernate.type.DoubleType@66ce957f
12:51:55.241 [main] DEBUG o.hibernate.type.BasicTypeRegistry - Adding type registration double -> org.hibernate.type.DoubleType@66ce957f
12:51:55.241 [main] DEBUG o.hibernate.type.BasicTypeRegistry - Adding type registration java.lang.Double -> org.hibernate.type.DoubleType@66ce957f
12:51:55.241 [main] DEBUG o.hibernate.type.BasicTypeRegistry - Adding type registration big_decimal -> org.hibernate.type.BigDecimalType@3b220bcb
12:51:55.241 [main] DEBUG o.hibernate.type.BasicTypeRegistry - Adding type registration java.math.BigDecimal -> org.hibernate.type.BigDecimalType@3b220bcb
12:51:55.242 [main] DEBUG o.hibernate.type.BasicTypeRegistry - Adding type registration big_integer -> org.hibernate.type.BigIntegerType@13e3c1c7
12:51:55.242 [main] DEBUG o.hibernate.type.BasicTypeRegistry - Adding type registration java.math.BigInteger -> org.hibernate.type.BigIntegerType@13e3c1c7
12:51:55.242 [main] DEBUG o.hibernate.type.BasicTypeRegistry - Adding type registration string -> org.hibernate.type.StringType@1d8062d2
12:51:55.243 [main] DEBUG o.hibernate.type.BasicTypeRegistry - Adding type registration java.lang.String -> org.hibernate.type.StringType@1d8062d2
12:51:55.243 [main] DEBUG o.hibernate.type.BasicTypeRegistry - Adding type registration nstring -> org.hibernate.type.StringNVarcharType@285c08c8
12:51:55.243 [main] DEBUG o.hibernate.type.BasicTypeRegistry - Adding type registration ncharacter -> org.hibernate.type.CharacterNCharType@64dafeed
12:51:55.244 [main] DEBUG o.hibernate.type.BasicTypeRegistry - Adding type registration url -> org.hibernate.type.UrlType@6111ba37
12:51:55.244 [main] DEBUG o.hibernate.type.BasicTypeRegistry - Adding type registration java.net.URL -> org.hibernate.type.UrlType@6111ba37
12:51:55.244 [main] DEBUG o.hibernate.type.BasicTypeRegistry - Adding type registration Duration -> org.hibernate.type.DurationType@4721d212
12:51:55.244 [main] DEBUG o.hibernate.type.BasicTypeRegistry - Adding type registration java.time.Duration -> org.hibernate.type.DurationType@4721d212
12:51:55.245 [main] DEBUG o.hibernate.type.BasicTypeRegistry - Adding type registration Instant -> org.hibernate.type.InstantType@654d8173
12:51:55.245 [main] DEBUG o.hibernate.type.BasicTypeRegistry - Adding type registration java.time.Instant -> org.hibernate.type.InstantType@654d8173
12:51:55.245 [main] DEBUG o.hibernate.type.BasicTypeRegistry - Adding type registration LocalDateTime -> org.hibernate.type.LocalDateTimeType@239b0f9d
12:51:55.245 [main] DEBUG o.hibernate.type.BasicTypeRegistry - Adding type registration java.time.LocalDateTime -> org.hibernate.type.LocalDateTimeType@239b0f9d
12:51:55.246 [main] DEBUG o.hibernate.type.BasicTypeRegistry - Adding type registration LocalDate -> org.hibernate.type.LocalDateType@650eab8
12:51:55.246 [main] DEBUG o.hibernate.type.BasicTypeRegistry - Adding type registration java.time.LocalDate -> org.hibernate.type.LocalDateType@650eab8
12:51:55.246 [main] DEBUG o.hibernate.type.BasicTypeRegistry - Adding type registration LocalTime -> org.hibernate.type.LocalTimeType@f0e995e
12:51:55.246 [main] DEBUG o.hibernate.type.BasicTypeRegistry - Adding type registration java.time.LocalTime -> org.hibernate.type.LocalTimeType@f0e995e
12:51:55.247 [main] DEBUG o.hibernate.type.BasicTypeRegistry - Adding type registration OffsetDateTime -> org.hibernate.type.OffsetDateTimeType@50fe837a
12:51:55.247 [main] DEBUG o.hibernate.type.BasicTypeRegistry - Adding type registration java.time.OffsetDateTime -> org.hibernate.type.OffsetDateTimeType@50fe837a
12:51:55.248 [main] DEBUG o.hibernate.type.BasicTypeRegistry - Adding type registration OffsetTime -> org.hibernate.type.OffsetTimeType@1623134f
12:51:55.248 [main] DEBUG o.hibernate.type.BasicTypeRegistry - Adding type registration java.time.OffsetTime -> org.hibernate.type.OffsetTimeType@1623134f
12:51:55.248 [main] DEBUG o.hibernate.type.BasicTypeRegistry - Adding type registration ZonedDateTime -> org.hibernate.type.ZonedDateTimeType@5ad10c1a
12:51:55.250 [main] DEBUG o.hibernate.type.BasicTypeRegistry - Adding type registration java.time.ZonedDateTime -> org.hibernate.type.ZonedDateTimeType@5ad10c1a
12:51:55.251 [main] DEBUG o.hibernate.type.BasicTypeRegistry - Adding type registration date -> org.hibernate.type.DateType@15eebbff
12:51:55.251 [main] DEBUG o.hibernate.type.BasicTypeRegistry - Adding type registration java.sql.Date -> org.hibernate.type.DateType@15eebbff
12:51:55.251 [main] DEBUG o.hibernate.type.BasicTypeRegistry - Adding type registration time -> org.hibernate.type.TimeType@3e34ace1
12:51:55.251 [main] DEBUG o.hibernate.type.BasicTypeRegistry - Adding type registration java.sql.Time -> org.hibernate.type.TimeType@3e34ace1
12:51:55.252 [main] DEBUG o.hibernate.type.BasicTypeRegistry - Adding type registration timestamp -> org.hibernate.type.TimestampType@6cbcf243
12:51:55.252 [main] DEBUG o.hibernate.type.BasicTypeRegistry - Adding type registration java.sql.Timestamp -> org.hibernate.type.TimestampType@6cbcf243
12:51:55.252 [main] DEBUG o.hibernate.type.BasicTypeRegistry - Adding type registration java.util.Date -> org.hibernate.type.TimestampType@6cbcf243
12:51:55.253 [main] DEBUG o.hibernate.type.BasicTypeRegistry - Adding type registration dbtimestamp -> org.hibernate.type.DbTimestampType@38be305c
12:51:55.254 [main] DEBUG o.hibernate.type.BasicTypeRegistry - Adding type registration calendar -> org.hibernate.type.CalendarType@26a4842b
12:51:55.254 [main] DEBUG o.hibernate.type.BasicTypeRegistry - Adding type registration java.util.Calendar -> org.hibernate.type.CalendarType@26a4842b
12:51:55.254 [main] DEBUG o.hibernate.type.BasicTypeRegistry - Adding type registration java.util.GregorianCalendar -> org.hibernate.type.CalendarType@26a4842b
12:51:55.255 [main] DEBUG o.hibernate.type.BasicTypeRegistry - Adding type registration calendar_date -> org.hibernate.type.CalendarDateType@a5b0b86
12:51:55.255 [main] DEBUG o.hibernate.type.BasicTypeRegistry - Adding type registration calendar_time -> org.hibernate.type.CalendarTimeType@2611b9a3
12:51:55.256 [main] DEBUG o.hibernate.type.BasicTypeRegistry - Adding type registration locale -> org.hibernate.type.LocaleType@5b64c4b7
12:51:55.256 [main] DEBUG o.hibernate.type.BasicTypeRegistry - Adding type registration java.util.Locale -> org.hibernate.type.LocaleType@5b64c4b7
12:51:55.256 [main] DEBUG o.hibernate.type.BasicTypeRegistry - Adding type registration currency -> org.hibernate.type.CurrencyType@1252b961
12:51:55.256 [main] DEBUG o.hibernate.type.BasicTypeRegistry - Adding type registration java.util.Currency -> org.hibernate.type.CurrencyType@1252b961
12:51:55.257 [main] DEBUG o.hibernate.type.BasicTypeRegistry - Adding type registration timezone -> org.hibernate.type.TimeZoneType@4d098f9b
12:51:55.257 [main] DEBUG o.hibernate.type.BasicTypeRegistry - Adding type registration java.util.TimeZone -> org.hibernate.type.TimeZoneType@4d098f9b
12:51:55.257 [main] DEBUG o.hibernate.type.BasicTypeRegistry - Adding type registration class -> org.hibernate.type.ClassType@7b64240d
12:51:55.257 [main] DEBUG o.hibernate.type.BasicTypeRegistry - Adding type registration java.lang.Class -> org.hibernate.type.ClassType@7b64240d
12:51:55.258 [main] DEBUG o.hibernate.type.BasicTypeRegistry - Adding type registration uuid-binary -> org.hibernate.type.UUIDBinaryType@6d24ffa1
12:51:55.258 [main] DEBUG o.hibernate.type.BasicTypeRegistry - Adding type registration java.util.UUID -> org.hibernate.type.UUIDBinaryType@6d24ffa1
12:51:55.258 [main] DEBUG o.hibernate.type.BasicTypeRegistry - Adding type registration uuid-char -> org.hibernate.type.UUIDCharType@426b6a74
12:51:55.259 [main] DEBUG o.hibernate.type.BasicTypeRegistry - Adding type registration binary -> org.hibernate.type.BinaryType@7d3430a7
12:51:55.259 [main] DEBUG o.hibernate.type.BasicTypeRegistry - Adding type registration byte[] -> org.hibernate.type.BinaryType@7d3430a7
12:51:55.259 [main] DEBUG o.hibernate.type.BasicTypeRegistry - Adding type registration [B -> org.hibernate.type.BinaryType@7d3430a7
12:51:55.259 [main] DEBUG o.hibernate.type.BasicTypeRegistry - Adding type registration wrapper-binary -> org.hibernate.type.WrapperBinaryType@5536379e
12:51:55.259 [main] DEBUG o.hibernate.type.BasicTypeRegistry - Adding type registration Byte[] -> org.hibernate.type.WrapperBinaryType@5536379e
12:51:55.259 [main] DEBUG o.hibernate.type.BasicTypeRegistry - Adding type registration [Ljava.lang.Byte; -> org.hibernate.type.WrapperBinaryType@5536379e
12:51:55.259 [main] DEBUG o.hibernate.type.BasicTypeRegistry - Adding type registration row_version -> org.hibernate.type.RowVersionType@2b491fee
12:51:55.259 [main] DEBUG o.hibernate.type.BasicTypeRegistry - Adding type registration image -> org.hibernate.type.ImageType@3e8f7922
12:51:55.260 [main] DEBUG o.hibernate.type.BasicTypeRegistry - Adding type registration characters -> org.hibernate.type.CharArrayType@6ca0256d
12:51:55.260 [main] DEBUG o.hibernate.type.BasicTypeRegistry - Adding type registration char[] -> org.hibernate.type.CharArrayType@6ca0256d
12:51:55.260 [main] DEBUG o.hibernate.type.BasicTypeRegistry - Adding type registration [C -> org.hibernate.type.CharArrayType@6ca0256d
12:51:55.260 [main] DEBUG o.hibernate.type.BasicTypeRegistry - Adding type registration wrapper-characters -> org.hibernate.type.CharacterArrayType@e260766
12:51:55.260 [main] DEBUG o.hibernate.type.BasicTypeRegistry - Adding type registration [Ljava.lang.Character; -> org.hibernate.type.CharacterArrayType@e260766
12:51:55.260 [main] DEBUG o.hibernate.type.BasicTypeRegistry - Adding type registration Character[] -> org.hibernate.type.CharacterArrayType@e260766
12:51:55.260 [main] DEBUG o.hibernate.type.BasicTypeRegistry - Adding type registration text -> org.hibernate.type.TextType@7c56e013
12:51:55.261 [main] DEBUG o.hibernate.type.BasicTypeRegistry - Adding type registration ntext -> org.hibernate.type.NTextType@6731787b
12:51:55.262 [main] DEBUG o.hibernate.type.BasicTypeRegistry - Adding type registration blob -> org.hibernate.type.BlobType@2cb3d0f7
12:51:55.262 [main] DEBUG o.hibernate.type.BasicTypeRegistry - Adding type registration java.sql.Blob -> org.hibernate.type.BlobType@2cb3d0f7
12:51:55.262 [main] DEBUG o.hibernate.type.BasicTypeRegistry - Adding type registration materialized_blob -> org.hibernate.type.MaterializedBlobType@5860f3d7
12:51:55.262 [main] DEBUG o.hibernate.type.BasicTypeRegistry - Adding type registration clob -> org.hibernate.type.ClobType@67389cb8
12:51:55.263 [main] DEBUG o.hibernate.type.BasicTypeRegistry - Adding type registration java.sql.Clob -> org.hibernate.type.ClobType@67389cb8
12:51:55.263 [main] DEBUG o.hibernate.type.BasicTypeRegistry - Adding type registration nclob -> org.hibernate.type.NClobType@74e47444
12:51:55.263 [main] DEBUG o.hibernate.type.BasicTypeRegistry - Adding type registration java.sql.NClob -> org.hibernate.type.NClobType@74e47444
12:51:55.264 [main] DEBUG o.hibernate.type.BasicTypeRegistry - Adding type registration materialized_clob -> org.hibernate.type.MaterializedClobType@6e4de19b
12:51:55.264 [main] DEBUG o.hibernate.type.BasicTypeRegistry - Adding type registration materialized_nclob -> org.hibernate.type.MaterializedNClobType@1991f767
12:51:55.264 [main] DEBUG o.hibernate.type.BasicTypeRegistry - Adding type registration serializable -> org.hibernate.type.SerializableType@7db82169
12:51:55.266 [main] DEBUG o.hibernate.type.BasicTypeRegistry - Adding type registration object -> org.hibernate.type.ObjectType@3a94964
12:51:55.266 [main] DEBUG o.hibernate.type.BasicTypeRegistry - Adding type registration java.lang.Object -> org.hibernate.type.ObjectType@3a94964
12:51:55.266 [main] DEBUG o.hibernate.type.BasicTypeRegistry - Adding type registration imm_date -> org.hibernate.type.AdaptedImmutableType@2a3591c5
12:51:55.266 [main] DEBUG o.hibernate.type.BasicTypeRegistry - Adding type registration imm_time -> org.hibernate.type.AdaptedImmutableType@34a75079
12:51:55.266 [main] DEBUG o.hibernate.type.BasicTypeRegistry - Adding type registration imm_timestamp -> org.hibernate.type.AdaptedImmutableType@346a361
12:51:55.266 [main] DEBUG o.hibernate.type.BasicTypeRegistry - Adding type registration imm_dbtimestamp -> org.hibernate.type.AdaptedImmutableType@107ed6fc
12:51:55.266 [main] DEBUG o.hibernate.type.BasicTypeRegistry - Adding type registration imm_calendar -> org.hibernate.type.AdaptedImmutableType@1643d68f
12:51:55.266 [main] DEBUG o.hibernate.type.BasicTypeRegistry - Adding type registration imm_calendar_date -> org.hibernate.type.AdaptedImmutableType@186978a6
12:51:55.266 [main] DEBUG o.hibernate.type.BasicTypeRegistry - Adding type registration imm_binary -> org.hibernate.type.AdaptedImmutableType@2e029d61
12:51:55.267 [main] DEBUG o.hibernate.type.BasicTypeRegistry - Adding type registration imm_serializable -> org.hibernate.type.AdaptedImmutableType@482d776b
12:51:55.275 [main] DEBUG o.h.b.internal.BootstrapContextImpl - Injecting ScanEnvironment [org.hibernate.jpa.boot.internal.StandardJpaScanEnvironmentImpl@649725e3] into BootstrapContext; was [null]
12:51:55.275 [main] DEBUG o.h.b.internal.BootstrapContextImpl - Injecting ScanOptions [org.hibernate.boot.archive.scan.internal.StandardScanOptions@3c0fae6c] into BootstrapContext; was [org.hibernate.boot.archive.scan.internal.StandardScanOptions@4c168660]
12:51:55.307 [main] DEBUG o.h.b.internal.BootstrapContextImpl - Injecting JPA temp ClassLoader [null] into BootstrapContext; was [null]
12:51:55.307 [main] DEBUG o.h.b.internal.ClassLoaderAccessImpl - ClassLoaderAccessImpl#injectTempClassLoader(null) [was null]
12:51:55.313 [main] DEBUG o.h.i.f.i.DefaultIdentifierGeneratorFactory - Registering IdentifierGenerator strategy [uuid2] -> [org.hibernate.id.UUIDGenerator]
12:51:55.313 [main] DEBUG o.h.i.f.i.DefaultIdentifierGeneratorFactory - Registering IdentifierGenerator strategy [guid] -> [org.hibernate.id.GUIDGenerator]
12:51:55.314 [main] DEBUG o.h.i.f.i.DefaultIdentifierGeneratorFactory - Registering IdentifierGenerator strategy [uuid] -> [org.hibernate.id.UUIDHexGenerator]
12:51:55.314 [main] DEBUG o.h.i.f.i.DefaultIdentifierGeneratorFactory - Registering IdentifierGenerator strategy [uuid.hex] -> [org.hibernate.id.UUIDHexGenerator]
12:51:55.314 [main] DEBUG o.h.i.f.i.DefaultIdentifierGeneratorFactory - Registering IdentifierGenerator strategy [assigned] -> [org.hibernate.id.Assigned]
12:51:55.315 [main] DEBUG o.h.i.f.i.DefaultIdentifierGeneratorFactory - Registering IdentifierGenerator strategy [identity] -> [org.hibernate.id.IdentityGenerator]
12:51:55.315 [main] DEBUG o.h.i.f.i.DefaultIdentifierGeneratorFactory - Registering IdentifierGenerator strategy [select] -> [org.hibernate.id.SelectGenerator]
12:51:55.315 [main] DEBUG o.h.i.f.i.DefaultIdentifierGeneratorFactory - Registering IdentifierGenerator strategy [sequence] -> [org.hibernate.id.enhanced.SequenceStyleGenerator]
12:51:55.316 [main] DEBUG o.h.i.f.i.DefaultIdentifierGeneratorFactory - Registering IdentifierGenerator strategy [seqhilo] -> [org.hibernate.id.SequenceHiLoGenerator]
12:51:55.316 [main] DEBUG o.h.i.f.i.DefaultIdentifierGeneratorFactory - Registering IdentifierGenerator strategy [increment] -> [org.hibernate.id.IncrementGenerator]
12:51:55.317 [main] DEBUG o.h.i.f.i.DefaultIdentifierGeneratorFactory - Registering IdentifierGenerator strategy [foreign] -> [org.hibernate.id.ForeignGenerator]
12:51:55.317 [main] DEBUG o.h.i.f.i.DefaultIdentifierGeneratorFactory - Registering IdentifierGenerator strategy [sequence-identity] -> [org.hibernate.id.SequenceIdentityGenerator]
12:51:55.317 [main] DEBUG o.h.i.f.i.DefaultIdentifierGeneratorFactory - Registering IdentifierGenerator strategy [enhanced-sequence] -> [org.hibernate.id.enhanced.SequenceStyleGenerator]
12:51:55.317 [main] DEBUG o.h.i.f.i.DefaultIdentifierGeneratorFactory - Registering IdentifierGenerator strategy [enhanced-table] -> [org.hibernate.id.enhanced.TableGenerator]
12:51:55.320 [main] WARN  o.hibernate.orm.connections.pooling - HHH10001002: Using Hibernate built-in connection pool (not for production use!)
12:51:55.323 [main] INFO  o.hibernate.orm.connections.pooling - HHH10001005: using driver [org.postgresql.Driver] at URL [jdbc:postgresql://localhost:5432/BuildWeek]
12:51:55.323 [main] INFO  o.hibernate.orm.connections.pooling - HHH10001001: Connection properties: {password=root, user=postgres}
12:51:55.323 [main] INFO  o.hibernate.orm.connections.pooling - HHH10001003: Autocommit mode: false
12:51:55.325 [main] DEBUG o.h.e.j.c.i.DriverManagerConnectionProviderImpl - Initializing Connection pool with 1 Connections
12:51:55.325 [main] INFO  o.h.e.j.c.i.DriverManagerConnectionProviderImpl - HHH000115: Hibernate connection pool size: 20 (min=1)
12:51:55.476 [main] DEBUG o.h.e.j.e.i.JdbcEnvironmentInitiator - Database ->
       name : PostgreSQL
    version : 15.3
      major : 15
      minor : 3
12:51:55.476 [main] DEBUG o.h.e.j.e.i.JdbcEnvironmentInitiator - Driver ->
       name : PostgreSQL JDBC Driver
    version : 42.6.0
      major : 42
      minor : 6
12:51:55.477 [main] DEBUG o.h.e.j.e.i.JdbcEnvironmentInitiator - JDBC version : 4.2
12:51:55.484 [main] INFO  org.hibernate.dialect.Dialect - HHH000400: Using dialect: org.hibernate.dialect.PostgreSQLDialect
12:51:55.492 [main] DEBUG o.h.e.j.e.s.IdentifierHelperBuilder - JDBC driver metadata reported database stores quoted identifiers in neither upper, lower nor mixed case
12:51:55.509 [main] DEBUG o.hibernate.type.BasicTypeRegistry - Adding type registration pg-uuid -> org.hibernate.type.PostgresUUIDType@18a645fd
12:51:55.509 [main] DEBUG o.hibernate.type.BasicTypeRegistry - Adding type registration java.util.UUID -> org.hibernate.type.PostgresUUIDType@18a645fd
12:51:55.509 [main] DEBUG o.hibernate.type.BasicTypeRegistry - HHH000270: Type registration [java.util.UUID] overrides previous : org.hibernate.type.UUIDBinaryType@6d24ffa1
12:51:55.510 [main] DEBUG o.h.type.spi.TypeConfiguration$Scope - Scoping TypeConfiguration [org.hibernate.type.spi.TypeConfiguration@4f20a5e0] to MetadataBuildingContext [org.hibernate.boot.internal.MetadataBuildingContextRootImpl@54da32dc]
12:51:55.531 [main] DEBUG o.h.boot.model.relational.Namespace - Created database namespace [logicalName=Name{catalog=null, schema=null}, physicalName=Name{catalog=null, schema=null}]
12:51:55.538 [main] DEBUG org.hibernate.cfg.AnnotationBinder - Binding entity from annotated class: Abstract.TicketSeller
12:51:55.548 [main] DEBUG org.hibernate.cfg.Ejb3Column - Binding column: Ejb3DiscriminatorColumn{logicalColumnName'type', discriminatorTypeName='string'}
12:51:55.551 [main] DEBUG o.h.cfg.annotations.EntityBinder - Import with entity name TicketSeller
12:51:55.553 [main] DEBUG o.h.cfg.annotations.EntityBinder - Bind entity Abstract.TicketSeller on table TicketSeller
12:51:55.569 [main] DEBUG org.hibernate.cfg.Ejb3Column - Binding column: Ejb3Column{table=org.hibernate.mapping.Table(TicketSeller), mappingColumn=id, insertable=true, updatable=true, unique=false}
12:51:55.570 [main] DEBUG o.h.b.internal.ClassLoaderAccessImpl - Not known whether passed class name [Abstract.TicketSeller] is safe
12:51:55.570 [main] DEBUG o.h.b.internal.ClassLoaderAccessImpl - No temp ClassLoader provided; using live ClassLoader for loading potentially unsafe class : Abstract.TicketSeller
12:51:55.571 [main] DEBUG o.h.cfg.annotations.PropertyBinder - MetadataSourceProcessor property id with lazy=false
12:51:55.572 [main] DEBUG o.h.cfg.AbstractPropertyHolder - Attempting to locate auto-apply AttributeConverter for property [Abstract.TicketSeller:id]
12:51:55.573 [main] DEBUG o.h.c.annotations.SimpleValueBinder - building SimpleValue for id
12:51:55.573 [main] DEBUG o.h.cfg.annotations.PropertyBinder - Building property id
12:51:55.576 [main] DEBUG org.hibernate.cfg.BinderHelper - #makeIdGenerator(org.hibernate.mapping.SimpleValue([org.hibernate.mapping.Column(id)]), id, org.hibernate.id.enhanced.SequenceStyleGenerator, elCat_seq, ...)
12:51:55.577 [main] DEBUG org.hibernate.cfg.Ejb3Column - Binding column: Ejb3Column{table=org.hibernate.mapping.Table(TicketSeller), mappingColumn=seller_name, insertable=true, updatable=true, unique=false}
12:51:55.577 [main] DEBUG o.h.cfg.annotations.PropertyBinder - MetadataSourceProcessor property name with lazy=false
12:51:55.577 [main] DEBUG o.h.cfg.AbstractPropertyHolder - Attempting to locate auto-apply AttributeConverter for property [Abstract.TicketSeller:name]
12:51:55.577 [main] DEBUG o.h.c.annotations.SimpleValueBinder - building SimpleValue for name
12:51:55.577 [main] DEBUG o.h.cfg.annotations.PropertyBinder - Building property name
12:51:55.578 [main] DEBUG org.hibernate.cfg.Ejb3Column - Binding column: Ejb3JoinColumn{logicalColumnName='null', referencedColumn='null', mappedBy=''}
12:51:55.578 [main] DEBUG org.hibernate.cfg.Ejb3Column - Binding column: Ejb3Column{table=org.hibernate.mapping.Table(TicketSeller), mappingColumn=passes, insertable=true, updatable=true, unique=false}
12:51:55.579 [main] DEBUG org.hibernate.cfg.Ejb3Column - Binding column: Ejb3Column{table=org.hibernate.mapping.Table(TicketSeller), mappingColumn=null, insertable=true, updatable=true, unique=false}
12:51:55.583 [main] DEBUG org.hibernate.cfg.Ejb3Column - Binding column: Ejb3Column{table=org.hibernate.mapping.Table(TicketSeller), mappingColumn=element, insertable=true, updatable=true, unique=false}
12:51:55.584 [main] DEBUG org.hibernate.cfg.Ejb3Column - Binding column: Ejb3Column{table=org.hibernate.mapping.Table(TicketSeller), mappingColumn=passes_KEY, insertable=true, updatable=true, unique=false}
12:51:55.584 [main] DEBUG org.hibernate.cfg.Ejb3Column - Binding column: Ejb3JoinColumn{logicalColumnName='passes_KEY', referencedColumn='null', mappedBy='null'}
12:51:55.585 [main] DEBUG org.hibernate.cfg.Ejb3Column - Binding column: Ejb3JoinColumn{logicalColumnName='null', referencedColumn='null', mappedBy=''}
12:51:55.585 [main] DEBUG org.hibernate.cfg.Ejb3Column - Binding column: Ejb3JoinColumn{logicalColumnName='null', referencedColumn='null', mappedBy=''}
12:51:55.585 [main] DEBUG o.h.cfg.annotations.CollectionBinder - Collection role: Abstract.TicketSeller.passes
12:51:55.586 [main] DEBUG o.h.cfg.annotations.PropertyBinder - Building property passes
12:51:55.586 [main] DEBUG org.hibernate.cfg.Ejb3Column - Binding column: Ejb3JoinColumn{logicalColumnName='null', referencedColumn='null', mappedBy=''}
12:51:55.586 [main] DEBUG org.hibernate.cfg.Ejb3Column - Binding column: Ejb3Column{table=org.hibernate.mapping.Table(TicketSeller), mappingColumn=tickets, insertable=true, updatable=true, unique=false}
12:51:55.586 [main] DEBUG org.hibernate.cfg.Ejb3Column - Binding column: Ejb3Column{table=org.hibernate.mapping.Table(TicketSeller), mappingColumn=null, insertable=true, updatable=true, unique=false}
12:51:55.586 [main] DEBUG org.hibernate.cfg.Ejb3Column - Binding column: Ejb3Column{table=org.hibernate.mapping.Table(TicketSeller), mappingColumn=element, insertable=true, updatable=true, unique=false}
12:51:55.586 [main] DEBUG org.hibernate.cfg.Ejb3Column - Binding column: Ejb3Column{table=org.hibernate.mapping.Table(TicketSeller), mappingColumn=tickets_KEY, insertable=true, updatable=true, unique=false}
12:51:55.586 [main] DEBUG org.hibernate.cfg.Ejb3Column - Binding column: Ejb3JoinColumn{logicalColumnName='tickets_KEY', referencedColumn='null', mappedBy='null'}
12:51:55.587 [main] DEBUG org.hibernate.cfg.Ejb3Column - Binding column: Ejb3JoinColumn{logicalColumnName='null', referencedColumn='null', mappedBy=''}
12:51:55.587 [main] DEBUG org.hibernate.cfg.Ejb3Column - Binding column: Ejb3JoinColumn{logicalColumnName='null', referencedColumn='null', mappedBy=''}
12:51:55.587 [main] DEBUG o.h.cfg.annotations.CollectionBinder - Collection role: Abstract.TicketSeller.tickets
12:51:55.587 [main] DEBUG o.h.cfg.annotations.PropertyBinder - Building property tickets
12:51:55.590 [main] DEBUG org.hibernate.cfg.AnnotationBinder - Binding entity from annotated class: Classes.Card
12:51:55.590 [main] DEBUG org.hibernate.cfg.Ejb3Column - Binding column: Ejb3DiscriminatorColumn{logicalColumnName'DTYPE', discriminatorTypeName='string'}
12:51:55.590 [main] DEBUG o.h.cfg.annotations.EntityBinder - Import with entity name Card
12:51:55.590 [main] DEBUG o.h.cfg.annotations.EntityBinder - Bind entity Classes.Card on table Card
12:51:55.592 [main] DEBUG org.hibernate.cfg.Ejb3Column - Binding column: Ejb3Column{table=org.hibernate.mapping.Table(Card), mappingColumn=id, insertable=true, updatable=true, unique=false}
12:51:55.592 [main] DEBUG o.h.b.internal.ClassLoaderAccessImpl - Not known whether passed class name [Classes.Card] is safe
12:51:55.592 [main] DEBUG o.h.b.internal.ClassLoaderAccessImpl - No temp ClassLoader provided; using live ClassLoader for loading potentially unsafe class : Classes.Card
12:51:55.592 [main] DEBUG o.h.cfg.annotations.PropertyBinder - MetadataSourceProcessor property id with lazy=false
12:51:55.592 [main] DEBUG o.h.cfg.AbstractPropertyHolder - Attempting to locate auto-apply AttributeConverter for property [Classes.Card:id]
12:51:55.592 [main] DEBUG o.h.c.annotations.SimpleValueBinder - building SimpleValue for id
12:51:55.592 [main] DEBUG o.h.cfg.annotations.PropertyBinder - Building property id
12:51:55.592 [main] DEBUG org.hibernate.cfg.BinderHelper - #makeIdGenerator(org.hibernate.mapping.SimpleValue([org.hibernate.mapping.Column(id)]), id, identity, , ...)
12:51:55.592 [main] DEBUG org.hibernate.cfg.Ejb3Column - Binding column: Ejb3Column{table=org.hibernate.mapping.Table(Card), mappingColumn=emissionDate, insertable=true, updatable=true, unique=false}
12:51:55.592 [main] DEBUG o.h.cfg.annotations.PropertyBinder - MetadataSourceProcessor property emissionDate with lazy=false
12:51:55.592 [main] DEBUG o.h.cfg.AbstractPropertyHolder - Attempting to locate auto-apply AttributeConverter for property [Classes.Card:emissionDate]
12:51:55.592 [main] DEBUG o.h.c.annotations.SimpleValueBinder - building SimpleValue for emissionDate
12:51:55.592 [main] DEBUG o.h.cfg.annotations.PropertyBinder - Building property emissionDate
12:51:55.592 [main] DEBUG org.hibernate.cfg.Ejb3Column - Binding column: Ejb3Column{table=org.hibernate.mapping.Table(Card), mappingColumn=expirationDate, insertable=true, updatable=true, unique=false}
12:51:55.592 [main] DEBUG o.h.cfg.annotations.PropertyBinder - MetadataSourceProcessor property expirationDate with lazy=false
12:51:55.592 [main] DEBUG o.h.cfg.AbstractPropertyHolder - Attempting to locate auto-apply AttributeConverter for property [Classes.Card:expirationDate]
12:51:55.592 [main] DEBUG o.h.c.annotations.SimpleValueBinder - building SimpleValue for expirationDate
12:51:55.592 [main] DEBUG o.h.cfg.annotations.PropertyBinder - Building property expirationDate
12:51:55.593 [main] DEBUG org.hibernate.cfg.Ejb3Column - Binding column: Ejb3JoinColumn{logicalColumnName='null', referencedColumn='null', mappedBy='cardNum'}
12:51:55.593 [main] DEBUG org.hibernate.cfg.Ejb3Column - Binding column: Ejb3Column{table=org.hibernate.mapping.Table(Card), mappingColumn=person, insertable=true, updatable=true, unique=false}
12:51:55.594 [main] DEBUG org.hibernate.cfg.AnnotationBinder - Binding entity from annotated class: Classes.Person
12:51:55.594 [main] DEBUG org.hibernate.cfg.Ejb3Column - Binding column: Ejb3DiscriminatorColumn{logicalColumnName'DTYPE', discriminatorTypeName='string'}
12:51:55.594 [main] DEBUG o.h.cfg.annotations.EntityBinder - Import with entity name Person
12:51:55.594 [main] DEBUG o.h.cfg.annotations.EntityBinder - Bind entity Classes.Person on table Person
12:51:55.595 [main] DEBUG org.hibernate.cfg.Ejb3Column - Binding column: Ejb3Column{table=org.hibernate.mapping.Table(Person), mappingColumn=id, insertable=true, updatable=true, unique=false}
12:51:55.595 [main] DEBUG o.h.b.internal.ClassLoaderAccessImpl - Not known whether passed class name [Classes.Person] is safe
12:51:55.595 [main] DEBUG o.h.b.internal.ClassLoaderAccessImpl - No temp ClassLoader provided; using live ClassLoader for loading potentially unsafe class : Classes.Person
12:51:55.595 [main] DEBUG o.h.cfg.annotations.PropertyBinder - MetadataSourceProcessor property id with lazy=false
12:51:55.595 [main] DEBUG o.h.cfg.AbstractPropertyHolder - Attempting to locate auto-apply AttributeConverter for property [Classes.Person:id]
12:51:55.595 [main] DEBUG o.h.c.annotations.SimpleValueBinder - building SimpleValue for id
12:51:55.595 [main] DEBUG o.h.cfg.annotations.PropertyBinder - Building property id
12:51:55.595 [main] DEBUG org.hibernate.cfg.BinderHelper - #makeIdGenerator(org.hibernate.mapping.SimpleValue([org.hibernate.mapping.Column(id)]), id, identity, , ...)
12:51:55.595 [main] DEBUG org.hibernate.cfg.Ejb3Column - Binding column: Ejb3Column{table=org.hibernate.mapping.Table(Person), mappingColumn=birthdate, insertable=true, updatable=true, unique=false}
12:51:55.595 [main] DEBUG o.h.cfg.annotations.PropertyBinder - MetadataSourceProcessor property birthdate with lazy=false
12:51:55.595 [main] DEBUG o.h.cfg.AbstractPropertyHolder - Attempting to locate auto-apply AttributeConverter for property [Classes.Person:birthdate]
12:51:55.595 [main] DEBUG o.h.c.annotations.SimpleValueBinder - building SimpleValue for birthdate
12:51:55.595 [main] DEBUG o.h.cfg.annotations.PropertyBinder - Building property birthdate
12:51:55.595 [main] DEBUG org.hibernate.cfg.Ejb3Column - Binding column: Ejb3JoinColumn{logicalColumnName='null', referencedColumn='null', mappedBy=''}
12:51:55.595 [main] DEBUG org.hibernate.cfg.Ejb3Column - Binding column: Ejb3Column{table=org.hibernate.mapping.Table(Person), mappingColumn=cardNum, insertable=true, updatable=true, unique=false}
12:51:55.597 [main] DEBUG o.h.cfg.annotations.PropertyBinder - Building property cardNum
12:51:55.597 [main] DEBUG org.hibernate.cfg.Ejb3Column - Binding column: Ejb3Column{table=org.hibernate.mapping.Table(Person), mappingColumn=firstName, insertable=true, updatable=true, unique=false}
12:51:55.597 [main] DEBUG o.h.cfg.annotations.PropertyBinder - MetadataSourceProcessor property firstName with lazy=false
12:51:55.597 [main] DEBUG o.h.cfg.AbstractPropertyHolder - Attempting to locate auto-apply AttributeConverter for property [Classes.Person:firstName]
12:51:55.597 [main] DEBUG o.h.c.annotations.SimpleValueBinder - building SimpleValue for firstName
12:51:55.597 [main] DEBUG o.h.cfg.annotations.PropertyBinder - Building property firstName
12:51:55.597 [main] DEBUG org.hibernate.cfg.Ejb3Column - Binding column: Ejb3Column{table=org.hibernate.mapping.Table(Person), mappingColumn=lastName, insertable=true, updatable=true, unique=false}
12:51:55.597 [main] DEBUG o.h.cfg.annotations.PropertyBinder - MetadataSourceProcessor property lastName with lazy=false
12:51:55.597 [main] DEBUG o.h.cfg.AbstractPropertyHolder - Attempting to locate auto-apply AttributeConverter for property [Classes.Person:lastName]
12:51:55.597 [main] DEBUG o.h.c.annotations.SimpleValueBinder - building SimpleValue for lastName
12:51:55.597 [main] DEBUG o.h.cfg.annotations.PropertyBinder - Building property lastName
12:51:55.597 [main] DEBUG org.hibernate.cfg.AnnotationBinder - Binding entity from annotated class: Classes.Ticket
12:51:55.598 [main] DEBUG org.hibernate.cfg.Ejb3Column - Binding column: Ejb3DiscriminatorColumn{logicalColumnName'DTYPE', discriminatorTypeName='string'}
12:51:55.598 [main] DEBUG o.h.cfg.annotations.EntityBinder - Import with entity name Ticket
12:51:55.598 [main] DEBUG o.h.cfg.annotations.EntityBinder - Bind entity Classes.Ticket on table Ticket
12:51:55.599 [main] DEBUG org.hibernate.cfg.Ejb3Column - Binding column: Ejb3Column{table=org.hibernate.mapping.Table(Ticket), mappingColumn=id, insertable=true, updatable=true, unique=false}
12:51:55.599 [main] DEBUG o.h.b.internal.ClassLoaderAccessImpl - Not known whether passed class name [Classes.Ticket] is safe
12:51:55.599 [main] DEBUG o.h.b.internal.ClassLoaderAccessImpl - No temp ClassLoader provided; using live ClassLoader for loading potentially unsafe class : Classes.Ticket
12:51:55.599 [main] DEBUG o.h.cfg.annotations.PropertyBinder - MetadataSourceProcessor property id with lazy=false
12:51:55.599 [main] DEBUG o.h.cfg.AbstractPropertyHolder - Attempting to locate auto-apply AttributeConverter for property [Classes.Ticket:id]
12:51:55.599 [main] DEBUG o.h.c.annotations.SimpleValueBinder - building SimpleValue for id
12:51:55.599 [main] DEBUG o.h.cfg.annotations.PropertyBinder - Building property id
12:51:55.599 [main] DEBUG org.hibernate.cfg.BinderHelper - #makeIdGenerator(org.hibernate.mapping.SimpleValue([org.hibernate.mapping.Column(id)]), id, identity, , ...)
12:51:55.599 [main] DEBUG org.hibernate.cfg.Ejb3Column - Binding column: Ejb3JoinColumn{logicalColumnName='null', referencedColumn='null', mappedBy='null'}
12:51:55.599 [main] DEBUG org.hibernate.cfg.Ejb3Column - Binding column: Ejb3Column{table=org.hibernate.mapping.Table(Ticket), mappingColumn=seller, insertable=true, updatable=true, unique=false}
12:51:55.599 [main] DEBUG o.h.cfg.annotations.PropertyBinder - Building property seller
12:51:55.599 [main] DEBUG org.hibernate.cfg.AnnotationBinder - Binding entity from annotated class: Classes.Pass
12:51:55.601 [main] DEBUG o.h.cfg.annotations.EntityBinder - Import with entity name Pass
12:51:55.602 [main] DEBUG org.hibernate.cfg.Ejb3Column - Binding column: Ejb3JoinColumn{logicalColumnName='null', referencedColumn='null', mappedBy=''}
12:51:55.602 [main] DEBUG org.hibernate.cfg.Ejb3Column - Binding column: Ejb3Column{table=org.hibernate.mapping.Table(Ticket), mappingColumn=person, insertable=true, updatable=true, unique=false}
12:51:55.602 [main] DEBUG o.h.cfg.annotations.PropertyBinder - Building property person
12:51:55.602 [main] DEBUG org.hibernate.cfg.Ejb3Column - Binding column: Ejb3JoinColumn{logicalColumnName='null', referencedColumn='null', mappedBy='null'}
12:51:55.602 [main] DEBUG org.hibernate.cfg.Ejb3Column - Binding column: Ejb3Column{table=org.hibernate.mapping.Table(Ticket), mappingColumn=sellers, insertable=true, updatable=true, unique=false}
12:51:55.602 [main] DEBUG o.h.cfg.annotations.PropertyBinder - Building property sellers
12:51:55.602 [main] DEBUG org.hibernate.cfg.Ejb3Column - Binding column: Ejb3Column{table=org.hibernate.mapping.Table(Ticket), mappingColumn=validity, insertable=true, updatable=true, unique=false}
12:51:55.602 [main] DEBUG o.h.cfg.annotations.PropertyBinder - MetadataSourceProcessor property validity with lazy=false
12:51:55.602 [main] DEBUG o.h.cfg.AbstractPropertyHolder - Attempting to locate auto-apply AttributeConverter for property [Classes.Pass:validity]
12:51:55.604 [main] DEBUG o.h.c.annotations.SimpleValueBinder - building SimpleValue for validity
12:51:55.604 [main] DEBUG o.h.cfg.annotations.PropertyBinder - Building property validity
12:51:55.604 [main] DEBUG org.hibernate.cfg.AnnotationBinder - Binding entity from annotated class: Classes.Shop
12:51:55.604 [main] DEBUG o.h.cfg.annotations.EntityBinder - Import with entity name Shop
12:51:55.604 [main] DEBUG org.hibernate.cfg.AnnotationBinder - Skipping attribute [java.util.List : passes] as it was already processed as part of super hierarchy
12:51:55.605 [main] DEBUG org.hibernate.cfg.Ejb3Column - Binding column: Ejb3JoinColumn{logicalColumnName='null', referencedColumn='null', mappedBy=''}
12:51:55.605 [main] DEBUG org.hibernate.cfg.Ejb3Column - Binding column: Ejb3Column{table=org.hibernate.mapping.Table(TicketSeller), mappingColumn=people, insertable=true, updatable=true, unique=false}
12:51:55.605 [main] DEBUG org.hibernate.cfg.Ejb3Column - Binding column: Ejb3Column{table=org.hibernate.mapping.Table(TicketSeller), mappingColumn=null, insertable=true, updatable=true, unique=false}
12:51:55.605 [main] DEBUG org.hibernate.cfg.Ejb3Column - Binding column: Ejb3Column{table=org.hibernate.mapping.Table(TicketSeller), mappingColumn=element, insertable=true, updatable=true, unique=false}
12:51:55.605 [main] DEBUG org.hibernate.cfg.Ejb3Column - Binding column: Ejb3Column{table=org.hibernate.mapping.Table(TicketSeller), mappingColumn=people_KEY, insertable=true, updatable=true, unique=false}
12:51:55.605 [main] DEBUG org.hibernate.cfg.Ejb3Column - Binding column: Ejb3JoinColumn{logicalColumnName='people_KEY', referencedColumn='null', mappedBy='null'}
12:51:55.605 [main] DEBUG org.hibernate.cfg.Ejb3Column - Binding column: Ejb3JoinColumn{logicalColumnName='null', referencedColumn='null', mappedBy=''}
12:51:55.605 [main] DEBUG org.hibernate.cfg.Ejb3Column - Binding column: Ejb3JoinColumn{logicalColumnName='null', referencedColumn='null', mappedBy=''}
12:51:55.605 [main] DEBUG o.h.cfg.annotations.CollectionBinder - Collection role: Classes.Shop.people
12:51:55.605 [main] DEBUG o.h.cfg.annotations.PropertyBinder - Building property people
12:51:55.605 [main] DEBUG org.hibernate.cfg.AnnotationBinder - Skipping attribute [java.util.List : tickets] as it was already processed as part of super hierarchy
12:51:55.605 [main] DEBUG org.hibernate.cfg.AnnotationBinder - Binding entity from annotated class: Classes.VendingMachine
12:51:55.605 [main] DEBUG o.h.cfg.annotations.EntityBinder - Import with entity name VendingMachine
12:51:55.606 [main] DEBUG org.hibernate.cfg.Ejb3Column - Binding column: Ejb3Column{table=org.hibernate.mapping.Table(TicketSeller), mappingColumn=isWorking, insertable=true, updatable=true, unique=false}
12:51:55.606 [main] DEBUG o.h.cfg.annotations.PropertyBinder - MetadataSourceProcessor property isWorking with lazy=false
12:51:55.606 [main] DEBUG o.h.cfg.AbstractPropertyHolder - Attempting to locate auto-apply AttributeConverter for property [Classes.VendingMachine:isWorking]
12:51:55.606 [main] DEBUG o.h.c.annotations.SimpleValueBinder - building SimpleValue for isWorking
12:51:55.606 [main] DEBUG o.h.cfg.annotations.PropertyBinder - Building property isWorking
12:51:55.607 [main] DEBUG o.h.c.annotations.SimpleValueBinder - Starting fillSimpleValue for id
12:51:55.607 [main] DEBUG o.h.c.annotations.SimpleValueBinder - Starting fillSimpleValue for name
12:51:55.607 [main] DEBUG o.h.c.annotations.SimpleValueBinder - Starting fillSimpleValue for id
12:51:55.607 [main] DEBUG o.h.c.annotations.SimpleValueBinder - Starting fillSimpleValue for emissionDate
12:51:55.607 [main] DEBUG o.h.c.annotations.SimpleValueBinder - Starting fillSimpleValue for expirationDate
12:51:55.607 [main] DEBUG o.h.c.annotations.SimpleValueBinder - Starting fillSimpleValue for id
12:51:55.607 [main] DEBUG o.h.c.annotations.SimpleValueBinder - Starting fillSimpleValue for birthdate
12:51:55.607 [main] DEBUG o.h.c.annotations.SimpleValueBinder - Starting fillSimpleValue for firstName
12:51:55.607 [main] DEBUG o.h.c.annotations.SimpleValueBinder - Starting fillSimpleValue for lastName
12:51:55.607 [main] DEBUG o.h.c.annotations.SimpleValueBinder - Starting fillSimpleValue for id
12:51:55.607 [main] DEBUG o.h.c.annotations.SimpleValueBinder - Starting fillSimpleValue for validity
12:51:55.608 [main] DEBUG o.h.c.annotations.SimpleValueBinder - Starting fillSimpleValue for isWorking
12:51:55.611 [main] DEBUG org.hibernate.mapping.PrimaryKey - Forcing column [id] to be non-null as it is part of the primary key for table [ticketseller]
12:51:55.611 [main] DEBUG org.hibernate.mapping.PrimaryKey - Forcing column [id] to be non-null as it is part of the primary key for table [card]
12:51:55.611 [main] DEBUG org.hibernate.mapping.PrimaryKey - Forcing column [id] to be non-null as it is part of the primary key for table [person]
12:51:55.611 [main] DEBUG org.hibernate.mapping.PrimaryKey - Forcing column [id] to be non-null as it is part of the primary key for table [ticket]
12:51:55.611 [main] DEBUG o.hibernate.cfg.CollectionSecondPass - Second pass for collection: Classes.Shop.people
12:51:55.612 [main] DEBUG o.h.cfg.annotations.CollectionBinder - Binding a OneToMany: Classes.Shop.people through an association table
12:51:55.617 [main] DEBUG o.hibernate.cfg.CollectionSecondPass - Mapped collection key: Shop_id, element: people_id
12:51:55.617 [main] DEBUG o.hibernate.cfg.CollectionSecondPass - Second pass for collection: Abstract.TicketSeller.tickets
12:51:55.617 [main] DEBUG o.h.cfg.annotations.CollectionBinder - Binding a OneToMany: Abstract.TicketSeller.tickets through an association table
12:51:55.618 [main] DEBUG o.hibernate.cfg.CollectionSecondPass - Mapped collection key: TicketSeller_id, element: tickets_id
12:51:55.618 [main] DEBUG o.hibernate.cfg.CollectionSecondPass - Second pass for collection: Abstract.TicketSeller.passes
12:51:55.618 [main] DEBUG o.h.cfg.annotations.CollectionBinder - Binding a OneToMany: Abstract.TicketSeller.passes through an association table
12:51:55.618 [main] DEBUG o.hibernate.cfg.CollectionSecondPass - Mapped collection key: TicketSeller_id, element: passes_id
12:51:55.619 [main] DEBUG o.h.cfg.annotations.PropertyBinder - Building property person
12:51:55.619 [main] DEBUG o.h.b.i.InFlightMetadataCollectorImpl - Processing association property references
12:51:55.619 [main] DEBUG o.h.b.i.InFlightMetadataCollectorImpl - Resolving reference to class: Classes.Card
12:51:55.619 [main] DEBUG o.h.b.i.InFlightMetadataCollectorImpl - Resolving reference to class: Abstract.TicketSeller
12:51:55.619 [main] DEBUG o.h.b.i.InFlightMetadataCollectorImpl - Resolving reference to class: Classes.Person
12:51:55.619 [main] DEBUG o.h.b.i.InFlightMetadataCollectorImpl - Resolving reference to class: Abstract.TicketSeller
12:51:55.620 [main] DEBUG o.h.b.i.InFlightMetadataCollectorImpl - Resolving reference to class: Classes.Person
12:51:55.620 [main] DEBUG o.h.b.i.InFlightMetadataCollectorImpl - Resolving reference to class: Classes.Shop
12:51:55.620 [main] DEBUG o.h.b.i.InFlightMetadataCollectorImpl - Resolving reference to class: Classes.Ticket
12:51:55.620 [main] DEBUG o.h.b.i.InFlightMetadataCollectorImpl - Resolving reference to class: Abstract.TicketSeller
12:51:55.620 [main] DEBUG o.h.b.i.InFlightMetadataCollectorImpl - Resolving reference to class: Classes.Pass
12:51:55.621 [main] DEBUG o.h.b.i.InFlightMetadataCollectorImpl - Processing association property references
12:51:55.621 [main] DEBUG o.h.b.i.InFlightMetadataCollectorImpl - Resolving reference to class: Classes.Card
12:51:55.621 [main] DEBUG o.h.b.i.InFlightMetadataCollectorImpl - Resolving reference to class: Abstract.TicketSeller
12:51:55.621 [main] DEBUG o.h.b.i.InFlightMetadataCollectorImpl - Resolving reference to class: Classes.Person
12:51:55.621 [main] DEBUG o.h.b.i.InFlightMetadataCollectorImpl - Resolving reference to class: Abstract.TicketSeller
12:51:55.621 [main] DEBUG o.h.b.i.InFlightMetadataCollectorImpl - Resolving reference to class: Classes.Person
12:51:55.621 [main] DEBUG o.h.b.i.InFlightMetadataCollectorImpl - Resolving reference to class: Classes.Shop
12:51:55.621 [main] DEBUG o.h.b.i.InFlightMetadataCollectorImpl - Resolving reference to class: Classes.Ticket
12:51:55.621 [main] DEBUG o.h.b.i.InFlightMetadataCollectorImpl - Resolving reference to class: Abstract.TicketSeller
12:51:55.621 [main] DEBUG o.h.b.i.InFlightMetadataCollectorImpl - Resolving reference to class: Classes.Pass
12:51:55.649 [main] DEBUG o.h.internal.SessionFactoryImpl - Building session factory
12:51:55.650 [main] DEBUG org.hibernate.cfg.Settings - SessionFactory name : null
12:51:55.650 [main] DEBUG org.hibernate.cfg.Settings - Automatic flush during beforeCompletion(): enabled
12:51:55.650 [main] DEBUG org.hibernate.cfg.Settings - Automatic session close at end of transaction: disabled
12:51:55.650 [main] DEBUG org.hibernate.cfg.Settings - Statistics: disabled
12:51:55.650 [main] DEBUG org.hibernate.cfg.Settings - Deleted entity synthetic identifier rollback: disabled
12:51:55.650 [main] DEBUG org.hibernate.cfg.Settings - Default entity-mode: pojo
12:51:55.650 [main] DEBUG org.hibernate.cfg.Settings - Check Nullability in Core (should be disabled when Bean Validation is on): enabled
12:51:55.650 [main] DEBUG org.hibernate.cfg.Settings - Allow initialization of lazy state outside session : disabled
12:51:55.650 [main] DEBUG org.hibernate.cfg.Settings - Using BatchFetchStyle : LEGACY
12:51:55.650 [main] DEBUG org.hibernate.cfg.Settings - Default batch fetch size: -1
12:51:55.650 [main] DEBUG org.hibernate.cfg.Settings - Maximum outer join fetch depth: null
12:51:55.650 [main] DEBUG org.hibernate.cfg.Settings - Default null ordering: NONE
12:51:55.651 [main] DEBUG org.hibernate.cfg.Settings - Order SQL updates by primary key: disabled
12:51:55.651 [main] DEBUG org.hibernate.cfg.Settings - Order SQL inserts for batching: disabled
12:51:55.651 [main] DEBUG org.hibernate.cfg.Settings - multi-tenancy strategy : NONE
12:51:55.651 [main] DEBUG org.hibernate.cfg.Settings - JTA Track by Thread: enabled
12:51:55.651 [main] DEBUG org.hibernate.cfg.Settings - Query language substitutions: {}
12:51:55.651 [main] DEBUG org.hibernate.cfg.Settings - Named query checking : enabled
12:51:55.651 [main] DEBUG org.hibernate.cfg.Settings - Second-level cache: disabled
12:51:55.651 [main] DEBUG org.hibernate.cfg.Settings - Second-level query cache: disabled
12:51:55.651 [main] DEBUG org.hibernate.cfg.Settings - Second-level query cache factory: null
12:51:55.651 [main] DEBUG org.hibernate.cfg.Settings - Second-level cache region prefix: null
12:51:55.651 [main] DEBUG org.hibernate.cfg.Settings - Optimize second-level cache for minimal puts: disabled
12:51:55.651 [main] DEBUG org.hibernate.cfg.Settings - Structured second-level cache entries: disabled
12:51:55.651 [main] DEBUG org.hibernate.cfg.Settings - Second-level cache direct-reference entries: disabled
12:51:55.651 [main] DEBUG org.hibernate.cfg.Settings - Automatic eviction of collection cache: disabled
12:51:55.651 [main] DEBUG org.hibernate.cfg.Settings - JDBC batch size: 15
12:51:55.651 [main] DEBUG org.hibernate.cfg.Settings - JDBC batch updates for versioned data: enabled
12:51:55.651 [main] DEBUG org.hibernate.cfg.Settings - Scrollable result sets: enabled
12:51:55.651 [main] DEBUG org.hibernate.cfg.Settings - Wrap result sets: disabled
12:51:55.651 [main] DEBUG org.hibernate.cfg.Settings - JDBC3 getGeneratedKeys(): enabled
12:51:55.651 [main] DEBUG org.hibernate.cfg.Settings - JDBC result set fetch size: null
12:51:55.651 [main] DEBUG org.hibernate.cfg.Settings - Connection release mode: AFTER_TRANSACTION
12:51:55.651 [main] DEBUG org.hibernate.cfg.Settings - Generate SQL with comments: disabled
12:51:55.651 [main] DEBUG org.hibernate.cfg.Settings - JPA compliance - query : disabled
12:51:55.651 [main] DEBUG org.hibernate.cfg.Settings - JPA compliance - closed-handling : disabled
12:51:55.651 [main] DEBUG org.hibernate.cfg.Settings - JPA compliance - lists : disabled
12:51:55.651 [main] DEBUG org.hibernate.cfg.Settings - JPA compliance - transactions : disabled
12:51:55.656 [main] DEBUG o.h.b.internal.ClassLoaderAccessImpl - Not known whether passed class name [Classes.Pass] is safe
12:51:55.657 [main] DEBUG o.h.b.internal.ClassLoaderAccessImpl - No temp ClassLoader provided; using live ClassLoader for loading potentially unsafe class : Classes.Pass
12:51:55.657 [main] DEBUG o.h.b.internal.ClassLoaderAccessImpl - Not known whether passed class name [Classes.Shop] is safe
12:51:55.657 [main] DEBUG o.h.b.internal.ClassLoaderAccessImpl - No temp ClassLoader provided; using live ClassLoader for loading potentially unsafe class : Classes.Shop
12:51:55.657 [main] DEBUG o.h.b.internal.ClassLoaderAccessImpl - Not known whether passed class name [Classes.VendingMachine] is safe
12:51:55.657 [main] DEBUG o.h.b.internal.ClassLoaderAccessImpl - No temp ClassLoader provided; using live ClassLoader for loading potentially unsafe class : Classes.VendingMachine
12:51:55.684 [main] DEBUG o.h.s.i.SessionFactoryServiceRegistryImpl - EventListenerRegistry access via ServiceRegistry is deprecated.  Use `sessionFactory.getEventEngine().getListenerRegistry()` instead
12:51:55.685 [main] DEBUG o.h.s.i.SessionFactoryServiceRegistryImpl - EventListenerRegistry access via ServiceRegistry is deprecated.  Use `sessionFactory.getEventEngine().getListenerRegistry()` instead
12:51:55.693 [main] DEBUG o.h.internal.SessionFactoryImpl - Session factory constructed with filter configurations : {}
12:51:55.693 [main] DEBUG o.h.internal.SessionFactoryImpl - Instantiating session factory with properties: {java.specification.version=17, sun.cpu.isalist=amd64, sun.jnu.encoding=Cp1252, hibernate.dialect=org.hibernate.dialect.PostgreSQLDialect, java.class.path=C:\Users\total\Desktop\All\Epicode\fs0223-Luca-Sernicola-BackEnd\BuildWeek_4\target\classes;C:\Users\total\.m2\repository\ch\qos\logback\logback-classic\1.4.8\logback-classic-1.4.8.jar;C:\Users\total\.m2\repository\ch\qos\logback\logback-core\1.4.8\logback-core-1.4.8.jar;C:\Users\total\.m2\repository\org\slf4j\slf4j-api\2.0.7\slf4j-api-2.0.7.jar;C:\Users\total\.m2\repository\commons-io\commons-io\2.13.0\commons-io-2.13.0.jar;C:\Users\total\.m2\repository\org\postgresql\postgresql\42.6.0\postgresql-42.6.0.jar;C:\Users\total\.m2\repository\org\checkerframework\checker-qual\3.31.0\checker-qual-3.31.0.jar;C:\Users\total\.m2\repository\org\hibernate\hibernate-core\5.6.15.Final\hibernate-core-5.6.15.Final.jar;C:\Users\total\.m2\repository\org\jboss\logging\jboss-logging\3.4.3.Final\jboss-logging-3.4.3.Final.jar;C:\Users\total\.m2\repository\javax\persistence\javax.persistence-api\2.2\javax.persistence-api-2.2.jar;C:\Users\total\.m2\repository\net\bytebuddy\byte-buddy\1.12.18\byte-buddy-1.12.18.jar;C:\Users\total\.m2\repository\antlr\antlr\2.7.7\antlr-2.7.7.jar;C:\Users\total\.m2\repository\org\jboss\spec\javax\transaction\jboss-transaction-api_1.2_spec\1.1.1.Final\jboss-transaction-api_1.2_spec-1.1.1.Final.jar;C:\Users\total\.m2\repository\org\jboss\jandex\2.4.2.Final\jandex-2.4.2.Final.jar;C:\Users\total\.m2\repository\com\fasterxml\classmate\1.5.1\classmate-1.5.1.jar;C:\Users\total\.m2\repository\javax\activation\javax.activation-api\1.2.0\javax.activation-api-1.2.0.jar;C:\Users\total\.m2\repository\org\hibernate\common\hibernate-commons-annotations\5.1.2.Final\hibernate-commons-annotations-5.1.2.Final.jar;C:\Users\total\.m2\repository\javax\xml\bind\jaxb-api\2.3.1\jaxb-api-2.3.1.jar;C:\Users\total\.m2\repository\org\glassfish\jaxb\jaxb-runtime\2.3.1\jaxb-runtime-2.3.1.jar;C:\Users\total\.m2\repository\org\glassfish\jaxb\txw2\2.3.1\txw2-2.3.1.jar;C:\Users\total\.m2\repository\com\sun\istack\istack-commons-runtime\3.0.7\istack-commons-runtime-3.0.7.jar;C:\Users\total\.m2\repository\org\jvnet\staxex\stax-ex\1.8\stax-ex-1.8.jar;C:\Users\total\.m2\repository\com\sun\xml\fastinfoset\FastInfoset\1.2.15\FastInfoset-1.2.15.jar;C:\Users\total\Desktop\All\Epicode\fs0223-Luca-Sernicola-BackEnd\Homework_W3_D3\target\classes, java.vm.vendor=Eclipse Adoptium, sun.arch.data.model=64, user.variant=, java.vendor.url=https://adoptium.net/, user.timezone=Europe/Rome, javax.persistence.jdbc.url=jdbc:postgresql://localhost:5432/BuildWeek, javax.persistence.jdbc.user=****, java.vm.specification.version=17, os.name=Windows 11, jakarta.persistence.jdbc.password=****, sun.java.launcher=SUN_STANDARD, user.country=US, local.setting.IS_JTA_TXN_COORD=false, sun.boot.library.path=C:\Users\total\.p2\pool\plugins\org.eclipse.justj.openjdk.hotspot.jre.full.win32.x86_64_17.0.7.v20230425-1502\jre\bin, sun.java.command=MainClass.MainClass, jdk.debug=release, jakarta.persistence.jdbc.driver=org.postgresql.Driver, sun.cpu.endian=little, user.home=C:\Users\total, user.language=en, java.specification.vendor=Oracle Corporation, java.version.date=2023-04-18, java.home=C:\Users\total\.p2\pool\plugins\org.eclipse.justj.openjdk.hotspot.jre.full.win32.x86_64_17.0.7.v20230425-1502\jre, file.separator=\, java.vm.compressedOopsMode=Zero based, jakarta.persistence.jdbc.user=****, line.separator=
, hibernate.persistenceUnitName=BuildWeek_4, java.vm.specification.vendor=Oracle Corporation, java.specification.name=Java Platform API Specification, hibernate.transaction.coordinator_class=class org.hibernate.resource.transaction.backend.jdbc.internal.JdbcResourceLocalTransactionCoordinatorBuilderImpl, javax.persistence.jdbc.driver=org.postgresql.Driver, hibernate.hbm2ddl.auto=update, user.script=, sun.management.compiler=HotSpot 64-Bit Tiered Compilers, java.runtime.version=17.0.7+7, user.name=total, path.separator=;, hibernate.connection.username=****, os.version=10.0, java.runtime.name=OpenJDK Runtime Environment, hibernate.connection.url=jdbc:postgresql://localhost:5432/BuildWeek, file.encoding=UTF-8, hibernate.ejb.persistenceUnitName=BuildWeek_4, java.vm.name=OpenJDK 64-Bit Server VM, java.vendor.version=Temurin-17.0.7+7, hibernate.connection.driver_class=org.postgresql.Driver, java.vendor.url.bug=https://github.com/adoptium/adoptium-support/issues, java.io.tmpdir=C:\Users\total\AppData\Local\Temp\, java.version=17.0.7, user.dir=C:\Users\total\Desktop\All\Epicode\fs0223-Luca-Sernicola-BackEnd\BuildWeek_4, os.arch=amd64, java.vm.specification.name=Java Virtual Machine Specification, hibernate.connection.password=****, sun.os.patch.level=, jakarta.persistence.jdbc.url=jdbc:postgresql://localhost:5432/BuildWeek, hibernate.boot.CfgXmlAccessService.key=org.hibernate.boot.registry.StandardServiceRegistryBuilder$1@4554de02, native.encoding=Cp1252, java.library.path=C:\Users\total\.p2\pool\plugins\org.eclipse.justj.openjdk.hotspot.jre.full.win32.x86_64_17.0.7.v20230425-1502\jre\bin;C:\windows\Sun\Java\bin;C:\windows\system32;C:\windows;C:/Users/total/.p2/pool/plugins/org.eclipse.justj.openjdk.hotspot.jre.full.win32.x86_64_17.0.7.v20230425-1502/jre/bin/server;C:/Users/total/.p2/pool/plugins/org.eclipse.justj.openjdk.hotspot.jre.full.win32.x86_64_17.0.7.v20230425-1502/jre/bin;C:\Program Files\Eclipse Adoptium\jdk-17.0.7.7-hotspot\bin;C:\Program Files (x86)\NVIDIA Corporation\PhysX\Common;C:\windows\system32;C:\windows;C:\windows\System32\Wbem;C:\windows\System32\WindowsPowerShell\v1.0\;C:\windows\System32\OpenSSH\;C:\Program Files\Git\cmd;C:\Program Files\nodejs\;C:\Users\total\AppData\Local\Microsoft\WindowsApps;C:\Users\total\AppData\Local\Programs\Microsoft VS Code\bin;C:\Users\total\AppData\Roaming\npm;C:\Users\total\AppData\Local\GitHubDesktop\bin;C:\windows\System32;;., java.vendor=Eclipse Adoptium, java.vm.info=mixed mode, java.vm.version=17.0.7+7, hibernate.bytecode.use_reflection_optimizer=false, sun.io.unicode.encoding=UnicodeLittle, javax.persistence.jdbc.password=****, java.class.version=61.0}
12:51:55.703 [main] DEBUG o.h.secure.spi.JaccIntegrator - Skipping JACC integration as it was not enabled
12:51:55.706 [main] DEBUG org.hibernate.type.EnumType - Using ORDINAL-based conversion for Enum Enums.Validity
12:51:55.707 [main] DEBUG o.h.internal.SessionFactoryImpl - Instantiated session factory
12:51:55.707 [main] DEBUG o.h.type.spi.TypeConfiguration$Scope - Scoping TypeConfiguration [org.hibernate.type.spi.TypeConfiguration@4f20a5e0] to SessionFactoryImpl [org.hibernate.internal.SessionFactoryImpl@3e17a0a1]
12:51:55.738 [main] DEBUG o.h.b.internal.ClassLoaderAccessImpl - Not known whether passed class name [Abstract.TicketSeller] is safe
12:51:55.738 [main] DEBUG o.h.b.internal.ClassLoaderAccessImpl - No temp ClassLoader provided; using live ClassLoader for loading potentially unsafe class : Abstract.TicketSeller
12:51:55.739 [main] DEBUG o.h.b.internal.ClassLoaderAccessImpl - Not known whether passed class name [Classes.Shop] is safe
12:51:55.739 [main] DEBUG o.h.b.internal.ClassLoaderAccessImpl - No temp ClassLoader provided; using live ClassLoader for loading potentially unsafe class : Classes.Shop
12:51:55.739 [main] DEBUG o.h.b.internal.ClassLoaderAccessImpl - Not known whether passed class name [Classes.VendingMachine] is safe
12:51:55.739 [main] DEBUG o.h.b.internal.ClassLoaderAccessImpl - No temp ClassLoader provided; using live ClassLoader for loading potentially unsafe class : Classes.VendingMachine
12:51:55.839 [main] DEBUG o.hibernate.orm.bytecode.interceptor - To-one property `Classes.Card#person` was mapped with LAZY + NO_PROXY but the class was not enhanced
12:51:55.839 [main] DEBUG o.hibernate.orm.bytecode.interceptor - To-one property `Classes.Card#person` was mapped with LAZY + NO_PROXY but the class was not enhanced
12:51:55.839 [main] DEBUG o.h.b.internal.ClassLoaderAccessImpl - Not known whether passed class name [Classes.Card] is safe
12:51:55.839 [main] DEBUG o.h.b.internal.ClassLoaderAccessImpl - No temp ClassLoader provided; using live ClassLoader for loading potentially unsafe class : Classes.Card
12:51:55.846 [main] DEBUG o.hibernate.orm.bytecode.interceptor - To-one property `Classes.Card#person` was mapped with LAZY + NO_PROXY but the class was not enhanced
12:51:55.847 [main] DEBUG o.hibernate.orm.bytecode.interceptor - To-one property `Classes.Card#person` was mapped with LAZY + NO_PROXY but the class was not enhanced
12:51:55.847 [main] DEBUG o.hibernate.orm.bytecode.interceptor - To-one property `Classes.Person#cardNum` was mapped with LAZY + NO_PROXY but the class was not enhanced
12:51:55.847 [main] DEBUG o.hibernate.orm.bytecode.interceptor - To-one property `Classes.Person#cardNum` was mapped with LAZY + NO_PROXY but the class was not enhanced
12:51:55.847 [main] DEBUG o.h.b.internal.ClassLoaderAccessImpl - Not known whether passed class name [Classes.Person] is safe
12:51:55.847 [main] DEBUG o.h.b.internal.ClassLoaderAccessImpl - No temp ClassLoader provided; using live ClassLoader for loading potentially unsafe class : Classes.Person
12:51:55.854 [main] DEBUG o.hibernate.orm.bytecode.interceptor - To-one property `Classes.Person#cardNum` was mapped with LAZY + NO_PROXY but the class was not enhanced
12:51:55.855 [main] DEBUG o.hibernate.orm.bytecode.interceptor - To-one property `Classes.Person#cardNum` was mapped with LAZY + NO_PROXY but the class was not enhanced
12:51:55.855 [main] DEBUG o.hibernate.orm.bytecode.interceptor - To-one property `Classes.Ticket#seller` was mapped with LAZY + NO_PROXY but the class was not enhanced
12:51:55.855 [main] DEBUG o.hibernate.orm.bytecode.interceptor - To-one property `Classes.Ticket#seller` was mapped with LAZY + NO_PROXY but the class was not enhanced
12:51:55.855 [main] DEBUG o.hibernate.orm.bytecode.interceptor - To-one property `Classes.Pass#person` was mapped with LAZY + NO_PROXY but the class was not enhanced
12:51:55.855 [main] DEBUG o.hibernate.orm.bytecode.interceptor - To-one property `Classes.Pass#person` was mapped with LAZY + NO_PROXY but the class was not enhanced
12:51:55.855 [main] DEBUG o.hibernate.orm.bytecode.interceptor - To-one property `Classes.Pass#sellers` was mapped with LAZY + NO_PROXY but the class was not enhanced
12:51:55.855 [main] DEBUG o.hibernate.orm.bytecode.interceptor - To-one property `Classes.Pass#sellers` was mapped with LAZY + NO_PROXY but the class was not enhanced
12:51:55.855 [main] DEBUG o.h.b.internal.ClassLoaderAccessImpl - Not known whether passed class name [Classes.Pass] is safe
12:51:55.855 [main] DEBUG o.h.b.internal.ClassLoaderAccessImpl - No temp ClassLoader provided; using live ClassLoader for loading potentially unsafe class : Classes.Pass
12:51:55.860 [main] DEBUG o.hibernate.orm.bytecode.interceptor - To-one property `Classes.Ticket#seller` was mapped with LAZY + NO_PROXY but the class was not enhanced
12:51:55.860 [main] DEBUG o.hibernate.orm.bytecode.interceptor - To-one property `Classes.Pass#person` was mapped with LAZY + NO_PROXY but the class was not enhanced
12:51:55.860 [main] DEBUG o.hibernate.orm.bytecode.interceptor - To-one property `Classes.Pass#sellers` was mapped with LAZY + NO_PROXY but the class was not enhanced
12:51:55.860 [main] DEBUG o.hibernate.orm.bytecode.interceptor - To-one property `Classes.Ticket#seller` was mapped with LAZY + NO_PROXY but the class was not enhanced
12:51:55.860 [main] DEBUG o.hibernate.orm.bytecode.interceptor - To-one property `Classes.Pass#person` was mapped with LAZY + NO_PROXY but the class was not enhanced
12:51:55.860 [main] DEBUG o.hibernate.orm.bytecode.interceptor - To-one property `Classes.Pass#sellers` was mapped with LAZY + NO_PROXY but the class was not enhanced
12:51:55.865 [main] DEBUG o.hibernate.orm.bytecode.interceptor - To-one property `Classes.Ticket#seller` was mapped with LAZY + NO_PROXY but the class was not enhanced
12:51:55.865 [main] DEBUG o.hibernate.orm.bytecode.interceptor - To-one property `Classes.Ticket#seller` was mapped with LAZY + NO_PROXY but the class was not enhanced
12:51:55.865 [main] DEBUG o.h.b.internal.ClassLoaderAccessImpl - Not known whether passed class name [Classes.Ticket] is safe
12:51:55.865 [main] DEBUG o.h.b.internal.ClassLoaderAccessImpl - No temp ClassLoader provided; using live ClassLoader for loading potentially unsafe class : Classes.Ticket
12:51:55.870 [main] DEBUG o.hibernate.orm.bytecode.interceptor - To-one property `Classes.Ticket#seller` was mapped with LAZY + NO_PROXY but the class was not enhanced
12:51:55.870 [main] DEBUG o.hibernate.orm.bytecode.interceptor - To-one property `Classes.Ticket#seller` was mapped with LAZY + NO_PROXY but the class was not enhanced
12:51:55.870 [main] DEBUG o.hibernate.orm.bytecode.interceptor - To-one property `Classes.Pass#person` was mapped with LAZY + NO_PROXY but the class was not enhanced
12:51:55.870 [main] DEBUG o.hibernate.orm.bytecode.interceptor - To-one property `Classes.Pass#sellers` was mapped with LAZY + NO_PROXY but the class was not enhanced
12:51:55.880 [main] DEBUG o.h.p.c.AbstractCollectionPersister - Static SQL for collection: Abstract.TicketSeller.tickets
12:51:55.880 [main] DEBUG o.h.p.c.AbstractCollectionPersister -  Row insert: insert into TicketSeller_Ticket (TicketSeller_id, tickets_id) values (?, ?)
12:51:55.880 [main] DEBUG o.h.p.c.AbstractCollectionPersister -  Row update: update TicketSeller_Ticket set tickets_id=? where TicketSeller_id=? and tickets_id=?
12:51:55.880 [main] DEBUG o.h.p.c.AbstractCollectionPersister -  Row delete: delete from TicketSeller_Ticket where TicketSeller_id=? and tickets_id=?
12:51:55.880 [main] DEBUG o.h.p.c.AbstractCollectionPersister -  One-shot delete: delete from TicketSeller_Ticket where TicketSeller_id=?
12:51:55.880 [main] DEBUG o.h.p.c.AbstractCollectionPersister - Static SQL for collection: Abstract.TicketSeller.passes
12:51:55.880 [main] DEBUG o.h.p.c.AbstractCollectionPersister -  Row insert: insert into TicketSeller_Ticket (TicketSeller_id, passes_id) values (?, ?)
12:51:55.881 [main] DEBUG o.h.p.c.AbstractCollectionPersister -  Row update: update TicketSeller_Ticket set passes_id=? where TicketSeller_id=? and passes_id=?
12:51:55.881 [main] DEBUG o.h.p.c.AbstractCollectionPersister -  Row delete: delete from TicketSeller_Ticket where TicketSeller_id=? and passes_id=?
12:51:55.881 [main] DEBUG o.h.p.c.AbstractCollectionPersister -  One-shot delete: delete from TicketSeller_Ticket where TicketSeller_id=?
12:51:55.881 [main] DEBUG o.h.p.c.AbstractCollectionPersister - Static SQL for collection: Classes.Shop.people
12:51:55.881 [main] DEBUG o.h.p.c.AbstractCollectionPersister -  Row insert: insert into TicketSeller_Person (Shop_id, people_id) values (?, ?)
12:51:55.881 [main] DEBUG o.h.p.c.AbstractCollectionPersister -  Row update: update TicketSeller_Person set people_id=? where Shop_id=? and people_id=?
12:51:55.881 [main] DEBUG o.h.p.c.AbstractCollectionPersister -  Row delete: delete from TicketSeller_Person where Shop_id=? and people_id=?
12:51:55.881 [main] DEBUG o.h.p.c.AbstractCollectionPersister -  One-shot delete: delete from TicketSeller_Person where Shop_id=?
12:51:55.883 [main] DEBUG o.h.p.entity.AbstractEntityPersister - Static SQL for entity: Abstract.TicketSeller
12:51:55.883 [main] DEBUG o.h.p.entity.AbstractEntityPersister -  Version select: select id from TicketSeller where id =?
12:51:55.883 [main] DEBUG o.h.p.entity.AbstractEntityPersister -  Snapshot select: select ticketsell_.id, ticketsell_.seller_name as seller_n3_3_ from TicketSeller ticketsell_ where ticketsell_.id=?
12:51:55.883 [main] DEBUG o.h.p.entity.AbstractEntityPersister -  Insert 0: insert into TicketSeller (seller_name, type, id) values (?, 'TicketSeller', ?)
12:51:55.883 [main] DEBUG o.h.p.entity.AbstractEntityPersister -  Update 0: update TicketSeller set seller_name=? where id=?
12:51:55.883 [main] DEBUG o.h.p.entity.AbstractEntityPersister -  Delete 0: delete from TicketSeller where id=?
12:51:55.895 [main] DEBUG o.h.l.p.b.i.spaces.QuerySpacesImpl - Adding QuerySpace : uid = <gen:0> -> org.hibernate.loader.plan.build.internal.spaces.EntityQuerySpaceImpl@5befbac1]
12:51:55.896 [main] DEBUG o.h.p.w.spi.MetamodelGraphWalker - Visiting attribute path : name
12:51:55.896 [main] DEBUG o.h.p.w.spi.MetamodelGraphWalker - Visiting attribute path : passes
12:51:55.898 [main] DEBUG o.h.l.p.b.i.spaces.QuerySpacesImpl - Adding QuerySpace : uid = <gen:1> -> org.hibernate.loader.plan.build.internal.spaces.CollectionQuerySpaceImpl@75156240]
12:51:55.899 [main] DEBUG o.h.l.p.b.i.spaces.QuerySpacesImpl - Adding QuerySpace : uid = <gen:2> -> org.hibernate.loader.plan.build.internal.spaces.EntityQuerySpaceImpl@5cbd94b2]
12:51:55.899 [main] DEBUG o.h.p.w.spi.MetamodelGraphWalker - Visiting attribute path : tickets
12:51:55.899 [main] DEBUG o.h.l.p.b.i.spaces.QuerySpacesImpl - Adding QuerySpace : uid = <gen:3> -> org.hibernate.loader.plan.build.internal.spaces.CollectionQuerySpaceImpl@d535a3d]
12:51:55.899 [main] DEBUG o.h.l.p.b.i.spaces.QuerySpacesImpl - Adding QuerySpace : uid = <gen:4> -> org.hibernate.loader.plan.build.internal.spaces.EntityQuerySpaceImpl@2d760326]
12:51:55.899 [main] DEBUG o.h.p.w.spi.MetamodelGraphWalker - Visiting attribute path : people
12:51:55.899 [main] DEBUG o.h.l.p.b.i.spaces.QuerySpacesImpl - Adding QuerySpace : uid = <gen:5> -> org.hibernate.loader.plan.build.internal.spaces.CollectionQuerySpaceImpl@9e54c59]
12:51:55.899 [main] DEBUG o.h.l.p.b.i.spaces.QuerySpacesImpl - Adding QuerySpace : uid = <gen:6> -> org.hibernate.loader.plan.build.internal.spaces.EntityQuerySpaceImpl@5dbb50f3]
12:51:55.899 [main] DEBUG o.h.p.w.spi.MetamodelGraphWalker - Visiting attribute path : isWorking
12:51:55.899 [main] DEBUG o.h.l.p.b.i.FetchStyleLoadPlanBuildingAssociationVisitationStrategy - Building LoadPlan...
12:51:55.906 [main] DEBUG o.h.l.p.e.i.LoadQueryJoinAndFetchProcessor - processing queryspace <gen:0>
12:51:55.907 [main] DEBUG o.h.l.p.b.spi.LoadPlanTreePrinter - LoadPlan(entity=Abstract.TicketSeller)
    - Returns
       - EntityReturnImpl(entity=Abstract.TicketSeller, querySpaceUid=<gen:0>, path=Abstract.TicketSeller)
          - CollectionAttributeFetchImpl(collection=Abstract.TicketSeller.passes, querySpaceUid=<gen:1>, path=Abstract.TicketSeller.passes)
             - (collection element) CollectionFetchableElementEntityGraph(entity=Classes.Pass, querySpaceUid=<gen:2>, path=Abstract.TicketSeller.passes.<elements>)
          - CollectionAttributeFetchImpl(collection=Abstract.TicketSeller.tickets, querySpaceUid=<gen:3>, path=Abstract.TicketSeller.tickets)
             - (collection element) CollectionFetchableElementEntityGraph(entity=Classes.Ticket, querySpaceUid=<gen:4>, path=Abstract.TicketSeller.tickets.<elements>)
          - CollectionAttributeFetchImpl(collection=Classes.Shop.people, querySpaceUid=<gen:5>, path=Abstract.TicketSeller.people)
             - (collection element) CollectionFetchableElementEntityGraph(entity=Classes.Person, querySpaceUid=<gen:6>, path=Abstract.TicketSeller.people.<elements>)
    - QuerySpaces
       - EntityQuerySpaceImpl(uid=<gen:0>, entity=Abstract.TicketSeller)
          - SQL table alias mapping - ticketsell0_
          - alias suffix - 0_
          - suffixed key columns - {id2_3_0_}

12:51:55.908 [main] DEBUG o.h.loader.entity.plan.EntityLoader - Static select for entity Abstract.TicketSeller [NONE]: select ticketsell0_.id as id2_3_0_, ticketsell0_.seller_name as seller_n3_3_0_, ticketsell0_.isWorking as isworkin4_3_0_, ticketsell0_.type as type1_3_0_ from TicketSeller ticketsell0_ where ticketsell0_.id=?
12:51:55.909 [main] DEBUG o.h.p.entity.AbstractEntityPersister - Static SQL for entity: Classes.Card
12:51:55.909 [main] DEBUG o.h.p.entity.AbstractEntityPersister -  Version select: select id from Card where id =?
12:51:55.909 [main] DEBUG o.h.p.entity.AbstractEntityPersister -  Snapshot select: select card_.id, card_.emissionDate as emission2_0_, card_.expirationDate as expirati3_0_ from Card card_ where card_.id=?
12:51:55.909 [main] DEBUG o.h.p.entity.AbstractEntityPersister -  Insert 0: insert into Card (emissionDate, expirationDate, id) values (?, ?, ?)
12:51:55.909 [main] DEBUG o.h.p.entity.AbstractEntityPersister -  Update 0: update Card set emissionDate=?, expirationDate=? where id=?
12:51:55.909 [main] DEBUG o.h.p.entity.AbstractEntityPersister -  Delete 0: delete from Card where id=?
12:51:55.909 [main] DEBUG o.h.p.entity.AbstractEntityPersister -  Identity insert: insert into Card (emissionDate, expirationDate) values (?, ?)
12:51:55.909 [main] DEBUG o.h.l.p.b.i.spaces.QuerySpacesImpl - Adding QuerySpace : uid = <gen:0> -> org.hibernate.loader.plan.build.internal.spaces.EntityQuerySpaceImpl@55fee662]
12:51:55.909 [main] DEBUG o.h.p.w.spi.MetamodelGraphWalker - Visiting attribute path : emissionDate
12:51:55.909 [main] DEBUG o.h.p.w.spi.MetamodelGraphWalker - Visiting attribute path : expirationDate
12:51:55.909 [main] DEBUG o.h.p.w.spi.MetamodelGraphWalker - Visiting attribute path : person
12:51:55.909 [main] DEBUG o.h.l.p.b.i.spaces.QuerySpacesImpl - Adding QuerySpace : uid = <gen:1> -> org.hibernate.loader.plan.build.internal.spaces.EntityQuerySpaceImpl@45adc393]
12:51:55.910 [main] DEBUG o.h.p.w.spi.MetamodelGraphWalker - Visiting attribute path : person.birthdate
12:51:55.910 [main] DEBUG o.h.p.w.spi.MetamodelGraphWalker - Visiting attribute path : person.cardNum
12:51:55.910 [main] DEBUG o.h.p.w.spi.MetamodelGraphWalker - Property path deemed to be circular : person.cardNum
12:51:55.910 [main] DEBUG o.h.p.w.spi.MetamodelGraphWalker - Visiting attribute path : person.firstName
12:51:55.910 [main] DEBUG o.h.p.w.spi.MetamodelGraphWalker - Visiting attribute path : person.lastName
12:51:55.910 [main] DEBUG o.h.l.p.b.i.FetchStyleLoadPlanBuildingAssociationVisitationStrategy - Building LoadPlan...
12:51:55.910 [main] DEBUG o.h.l.p.e.i.LoadQueryJoinAndFetchProcessor - processing queryspace <gen:0>
12:51:55.911 [main] DEBUG o.h.l.p.b.spi.LoadPlanTreePrinter - LoadPlan(entity=Classes.Card)
    - Returns
       - EntityReturnImpl(entity=Classes.Card, querySpaceUid=<gen:0>, path=Classes.Card)
          - EntityAttributeFetchImpl(entity=Classes.Person, querySpaceUid=<gen:1>, path=Classes.Card.person)
    - QuerySpaces
       - EntityQuerySpaceImpl(uid=<gen:0>, entity=Classes.Card)
          - SQL table alias mapping - card0_
          - alias suffix - 0_
          - suffixed key columns - {id1_0_0_}
          - JOIN (JoinDefinedByMetadata(person)) : <gen:0> -> <gen:1>
             - EntityQuerySpaceImpl(uid=<gen:1>, entity=Classes.Person)
                - SQL table alias mapping - person1_
                - alias suffix - 1_
                - suffixed key columns - {id1_1_1_}

12:51:55.911 [main] DEBUG o.h.loader.entity.plan.EntityLoader - Static select for entity Classes.Card [NONE]: select card0_.id as id1_0_0_, card0_.emissionDate as emission2_0_0_, card0_.expirationDate as expirati3_0_0_, person1_.id as id1_1_1_, person1_.birthdate as birthdat2_1_1_, person1_.cardNum_id as cardnum_5_1_1_, person1_.firstName as firstnam3_1_1_, person1_.lastName as lastname4_1_1_ from Card card0_ left outer join Person person1_ on card0_.id=person1_.cardNum_id where card0_.id=?
12:51:55.911 [main] DEBUG o.h.p.entity.AbstractEntityPersister - Static SQL for entity: Classes.Person
12:51:55.911 [main] DEBUG o.h.p.entity.AbstractEntityPersister -  Version select: select id from Person where id =?
12:51:55.911 [main] DEBUG o.h.p.entity.AbstractEntityPersister -  Snapshot select: select person_.id, person_.birthdate as birthdat2_1_, person_.cardNum_id as cardnum_5_1_, person_.firstName as firstnam3_1_, person_.lastName as lastname4_1_ from Person person_ where person_.id=?
12:51:55.911 [main] DEBUG o.h.p.entity.AbstractEntityPersister -  Insert 0: insert into Person (birthdate, cardNum_id, firstName, lastName, id) values (?, ?, ?, ?, ?)
12:51:55.911 [main] DEBUG o.h.p.entity.AbstractEntityPersister -  Update 0: update Person set birthdate=?, cardNum_id=?, firstName=?, lastName=? where id=?
12:51:55.911 [main] DEBUG o.h.p.entity.AbstractEntityPersister -  Delete 0: delete from Person where id=?
12:51:55.911 [main] DEBUG o.h.p.entity.AbstractEntityPersister -  Identity insert: insert into Person (birthdate, cardNum_id, firstName, lastName) values (?, ?, ?, ?)
12:51:55.911 [main] DEBUG o.h.l.p.b.i.spaces.QuerySpacesImpl - Adding QuerySpace : uid = <gen:0> -> org.hibernate.loader.plan.build.internal.spaces.EntityQuerySpaceImpl@7b3cde6f]
12:51:55.911 [main] DEBUG o.h.p.w.spi.MetamodelGraphWalker - Visiting attribute path : birthdate
12:51:55.911 [main] DEBUG o.h.p.w.spi.MetamodelGraphWalker - Visiting attribute path : cardNum
12:51:55.911 [main] DEBUG o.h.l.p.b.i.spaces.QuerySpacesImpl - Adding QuerySpace : uid = <gen:1> -> org.hibernate.loader.plan.build.internal.spaces.EntityQuerySpaceImpl@7c663eaf]
12:51:55.911 [main] DEBUG o.h.p.w.spi.MetamodelGraphWalker - Visiting attribute path : cardNum.emissionDate
12:51:55.912 [main] DEBUG o.h.p.w.spi.MetamodelGraphWalker - Visiting attribute path : cardNum.expirationDate
12:51:55.912 [main] DEBUG o.h.p.w.spi.MetamodelGraphWalker - Visiting attribute path : cardNum.person
12:51:55.912 [main] DEBUG o.h.p.w.spi.MetamodelGraphWalker - Property path deemed to be circular : cardNum.person
12:51:55.912 [main] DEBUG o.h.p.w.spi.MetamodelGraphWalker - Visiting attribute path : firstName
12:51:55.912 [main] DEBUG o.h.p.w.spi.MetamodelGraphWalker - Visiting attribute path : lastName
12:51:55.912 [main] DEBUG o.h.l.p.b.i.FetchStyleLoadPlanBuildingAssociationVisitationStrategy - Building LoadPlan...
12:51:55.912 [main] DEBUG o.h.l.p.e.i.LoadQueryJoinAndFetchProcessor - processing queryspace <gen:0>
12:51:55.912 [main] DEBUG o.h.l.p.b.spi.LoadPlanTreePrinter - LoadPlan(entity=Classes.Person)
    - Returns
       - EntityReturnImpl(entity=Classes.Person, querySpaceUid=<gen:0>, path=Classes.Person)
          - EntityAttributeFetchImpl(entity=Classes.Card, querySpaceUid=<gen:1>, path=Classes.Person.cardNum)
    - QuerySpaces
       - EntityQuerySpaceImpl(uid=<gen:0>, entity=Classes.Person)
          - SQL table alias mapping - person0_
          - alias suffix - 0_
          - suffixed key columns - {id1_1_0_}
          - JOIN (JoinDefinedByMetadata(cardNum)) : <gen:0> -> <gen:1>
             - EntityQuerySpaceImpl(uid=<gen:1>, entity=Classes.Card)
                - SQL table alias mapping - card1_
                - alias suffix - 1_
                - suffixed key columns - {id1_0_1_}

12:51:55.912 [main] DEBUG o.h.loader.entity.plan.EntityLoader - Static select for entity Classes.Person [NONE]: select person0_.id as id1_1_0_, person0_.birthdate as birthdat2_1_0_, person0_.cardNum_id as cardnum_5_1_0_, person0_.firstName as firstnam3_1_0_, person0_.lastName as lastname4_1_0_, card1_.id as id1_0_1_, card1_.emissionDate as emission2_0_1_, card1_.expirationDate as expirati3_0_1_ from Person person0_ left outer join Card card1_ on person0_.cardNum_id=card1_.id where person0_.id=?
12:51:55.916 [main] DEBUG org.hibernate.loader.Loader - Static select for entity Classes.Person [NONE]: select person0_.id as id1_1_1_, person0_.birthdate as birthdat2_1_1_, person0_.cardNum_id as cardnum_5_1_1_, person0_.firstName as firstnam3_1_1_, person0_.lastName as lastname4_1_1_, card1_.id as id1_0_0_, card1_.emissionDate as emission2_0_0_, card1_.expirationDate as expirati3_0_0_ from Person person0_ left outer join Card card1_ on person0_.cardNum_id=card1_.id where person0_.cardNum_id=?
12:51:55.916 [main] DEBUG o.h.p.entity.AbstractEntityPersister - Static SQL for entity: Classes.Pass
12:51:55.916 [main] DEBUG o.h.p.entity.AbstractEntityPersister -  Version select: select id from Ticket where id =?
12:51:55.916 [main] DEBUG o.h.p.entity.AbstractEntityPersister -  Snapshot select: select pass_.id, pass_.seller_id as seller_i4_2_, pass_.person_id as person_i5_2_, pass_.sellers_id as sellers_6_2_, pass_.validity as validity3_2_ from Ticket pass_ where pass_.id=?
12:51:55.916 [main] DEBUG o.h.p.entity.AbstractEntityPersister -  Insert 0: insert into Ticket (seller_id, person_id, sellers_id, validity, DTYPE, id) values (?, ?, ?, ?, 'Pass', ?)
12:51:55.916 [main] DEBUG o.h.p.entity.AbstractEntityPersister -  Update 0: update Ticket set seller_id=?, person_id=?, sellers_id=?, validity=? where id=?
12:51:55.916 [main] DEBUG o.h.p.entity.AbstractEntityPersister -  Delete 0: delete from Ticket where id=?
12:51:55.916 [main] DEBUG o.h.p.entity.AbstractEntityPersister -  Identity insert: insert into Ticket (seller_id, person_id, sellers_id, validity, DTYPE) values (?, ?, ?, ?, 'Pass')
12:51:55.916 [main] DEBUG o.h.l.p.b.i.spaces.QuerySpacesImpl - Adding QuerySpace : uid = <gen:0> -> org.hibernate.loader.plan.build.internal.spaces.EntityQuerySpaceImpl@38b3f208]
12:51:55.916 [main] DEBUG o.h.p.w.spi.MetamodelGraphWalker - Visiting attribute path : seller
12:51:55.916 [main] DEBUG o.h.l.p.b.i.spaces.QuerySpacesImpl - Adding QuerySpace : uid = <gen:1> -> org.hibernate.loader.plan.build.internal.spaces.EntityQuerySpaceImpl@53b1a3f8]
12:51:55.917 [main] DEBUG o.h.p.w.spi.MetamodelGraphWalker - Visiting attribute path : seller.name
12:51:55.917 [main] DEBUG o.h.p.w.spi.MetamodelGraphWalker - Visiting attribute path : seller.passes
12:51:55.917 [main] DEBUG o.h.l.p.b.i.spaces.QuerySpacesImpl - Adding QuerySpace : uid = <gen:2> -> org.hibernate.loader.plan.build.internal.spaces.CollectionQuerySpaceImpl@5a936e64]
12:51:55.917 [main] DEBUG o.h.l.p.b.i.spaces.QuerySpacesImpl - Adding QuerySpace : uid = <gen:3> -> org.hibernate.loader.plan.build.internal.spaces.EntityQuerySpaceImpl@3b4a1a75]
12:51:55.917 [main] DEBUG o.h.p.w.spi.MetamodelGraphWalker - Visiting attribute path : seller.tickets
12:51:55.917 [main] DEBUG o.h.l.p.b.i.spaces.QuerySpacesImpl - Adding QuerySpace : uid = <gen:4> -> org.hibernate.loader.plan.build.internal.spaces.CollectionQuerySpaceImpl@65bad087]
12:51:55.917 [main] DEBUG o.h.l.p.b.i.spaces.QuerySpacesImpl - Adding QuerySpace : uid = <gen:5> -> org.hibernate.loader.plan.build.internal.spaces.EntityQuerySpaceImpl@276cc8dc]
12:51:55.917 [main] DEBUG o.h.p.w.spi.MetamodelGraphWalker - Visiting attribute path : seller.people
12:51:55.917 [main] DEBUG o.h.l.p.b.i.spaces.QuerySpacesImpl - Adding QuerySpace : uid = <gen:6> -> org.hibernate.loader.plan.build.internal.spaces.CollectionQuerySpaceImpl@66cd621b]
12:51:55.917 [main] DEBUG o.h.l.p.b.i.spaces.QuerySpacesImpl - Adding QuerySpace : uid = <gen:7> -> org.hibernate.loader.plan.build.internal.spaces.EntityQuerySpaceImpl@d3f4505]
12:51:55.917 [main] DEBUG o.h.p.w.spi.MetamodelGraphWalker - Visiting attribute path : seller.isWorking
12:51:55.917 [main] DEBUG o.h.p.w.spi.MetamodelGraphWalker - Visiting attribute path : person
12:51:55.917 [main] DEBUG o.h.l.p.b.i.spaces.QuerySpacesImpl - Adding QuerySpace : uid = <gen:8> -> org.hibernate.loader.plan.build.internal.spaces.EntityQuerySpaceImpl@3eb292cd]
12:51:55.917 [main] DEBUG o.h.p.w.spi.MetamodelGraphWalker - Visiting attribute path : person.birthdate
12:51:55.917 [main] DEBUG o.h.p.w.spi.MetamodelGraphWalker - Visiting attribute path : person.cardNum
12:51:55.917 [main] DEBUG o.h.l.p.b.i.spaces.QuerySpacesImpl - Adding QuerySpace : uid = <gen:9> -> org.hibernate.loader.plan.build.internal.spaces.EntityQuerySpaceImpl@7209ffb5]
12:51:55.917 [main] DEBUG o.h.p.w.spi.MetamodelGraphWalker - Visiting attribute path : person.cardNum.emissionDate
12:51:55.917 [main] DEBUG o.h.p.w.spi.MetamodelGraphWalker - Visiting attribute path : person.cardNum.expirationDate
12:51:55.917 [main] DEBUG o.h.p.w.spi.MetamodelGraphWalker - Visiting attribute path : person.cardNum.person
12:51:55.917 [main] DEBUG o.h.p.w.spi.MetamodelGraphWalker - Property path deemed to be circular : person.cardNum.person
12:51:55.917 [main] DEBUG o.h.p.w.spi.MetamodelGraphWalker - Visiting attribute path : person.firstName
12:51:55.917 [main] DEBUG o.h.p.w.spi.MetamodelGraphWalker - Visiting attribute path : person.lastName
12:51:55.917 [main] DEBUG o.h.p.w.spi.MetamodelGraphWalker - Visiting attribute path : sellers
12:51:55.917 [main] DEBUG o.h.l.p.b.i.spaces.QuerySpacesImpl - Adding QuerySpace : uid = <gen:10> -> org.hibernate.loader.plan.build.internal.spaces.EntityQuerySpaceImpl@2fe74516]
12:51:55.917 [main] DEBUG o.h.p.w.spi.MetamodelGraphWalker - Visiting attribute path : sellers.name
12:51:55.917 [main] DEBUG o.h.p.w.spi.MetamodelGraphWalker - Visiting attribute path : sellers.passes
12:51:55.917 [main] DEBUG o.h.l.p.b.i.spaces.QuerySpacesImpl - Adding QuerySpace : uid = <gen:11> -> org.hibernate.loader.plan.build.internal.spaces.CollectionQuerySpaceImpl@217bf99e]
12:51:55.917 [main] DEBUG o.h.l.p.b.i.spaces.QuerySpacesImpl - Adding QuerySpace : uid = <gen:12> -> org.hibernate.loader.plan.build.internal.spaces.EntityQuerySpaceImpl@6807a356]
12:51:55.917 [main] DEBUG o.h.p.w.spi.MetamodelGraphWalker - Visiting attribute path : sellers.tickets
12:51:55.917 [main] DEBUG o.h.l.p.b.i.spaces.QuerySpacesImpl - Adding QuerySpace : uid = <gen:13> -> org.hibernate.loader.plan.build.internal.spaces.CollectionQuerySpaceImpl@7ddd84b5]
12:51:55.917 [main] DEBUG o.h.l.p.b.i.spaces.QuerySpacesImpl - Adding QuerySpace : uid = <gen:14> -> org.hibernate.loader.plan.build.internal.spaces.EntityQuerySpaceImpl@73aeef7d]
12:51:55.917 [main] DEBUG o.h.p.w.spi.MetamodelGraphWalker - Visiting attribute path : sellers.people
12:51:55.917 [main] DEBUG o.h.l.p.b.i.spaces.QuerySpacesImpl - Adding QuerySpace : uid = <gen:15> -> org.hibernate.loader.plan.build.internal.spaces.CollectionQuerySpaceImpl@d675f9f]
12:51:55.917 [main] DEBUG o.h.l.p.b.i.spaces.QuerySpacesImpl - Adding QuerySpace : uid = <gen:16> -> org.hibernate.loader.plan.build.internal.spaces.EntityQuerySpaceImpl@58af5076]
12:51:55.917 [main] DEBUG o.h.p.w.spi.MetamodelGraphWalker - Visiting attribute path : sellers.isWorking
12:51:55.917 [main] DEBUG o.h.p.w.spi.MetamodelGraphWalker - Visiting attribute path : validity
12:51:55.917 [main] DEBUG o.h.l.p.b.i.FetchStyleLoadPlanBuildingAssociationVisitationStrategy - Building LoadPlan...
12:51:55.917 [main] DEBUG o.h.l.p.e.i.LoadQueryJoinAndFetchProcessor - processing queryspace <gen:0>
12:51:55.919 [main] DEBUG o.h.l.p.b.spi.LoadPlanTreePrinter - LoadPlan(entity=Classes.Pass)
    - Returns
       - EntityReturnImpl(entity=Classes.Pass, querySpaceUid=<gen:0>, path=Classes.Pass)
          - EntityAttributeFetchImpl(entity=Abstract.TicketSeller, querySpaceUid=<gen:1>, path=Classes.Pass.seller)
             - CollectionAttributeFetchImpl(collection=Abstract.TicketSeller.passes, querySpaceUid=<gen:2>, path=Classes.Pass.seller.passes)
                - (collection element) CollectionFetchableElementEntityGraph(entity=Classes.Pass, querySpaceUid=<gen:3>, path=Classes.Pass.seller.passes.<elements>)
             - CollectionAttributeFetchImpl(collection=Abstract.TicketSeller.tickets, querySpaceUid=<gen:4>, path=Classes.Pass.seller.tickets)
                - (collection element) CollectionFetchableElementEntityGraph(entity=Classes.Ticket, querySpaceUid=<gen:5>, path=Classes.Pass.seller.tickets.<elements>)
             - CollectionAttributeFetchImpl(collection=Classes.Shop.people, querySpaceUid=<gen:6>, path=Classes.Pass.seller.people)
                - (collection element) CollectionFetchableElementEntityGraph(entity=Classes.Person, querySpaceUid=<gen:7>, path=Classes.Pass.seller.people.<elements>)
          - EntityAttributeFetchImpl(entity=Classes.Person, querySpaceUid=<gen:8>, path=Classes.Pass.person)
             - EntityAttributeFetchImpl(entity=Classes.Card, querySpaceUid=<gen:9>, path=Classes.Pass.person.cardNum)
          - EntityAttributeFetchImpl(entity=Abstract.TicketSeller, querySpaceUid=<gen:10>, path=Classes.Pass.sellers)
             - CollectionAttributeFetchImpl(collection=Abstract.TicketSeller.passes, querySpaceUid=<gen:11>, path=Classes.Pass.sellers.passes)
                - (collection element) CollectionFetchableElementEntityGraph(entity=Classes.Pass, querySpaceUid=<gen:12>, path=Classes.Pass.sellers.passes.<elements>)
             - CollectionAttributeFetchImpl(collection=Abstract.TicketSeller.tickets, querySpaceUid=<gen:13>, path=Classes.Pass.sellers.tickets)
                - (collection element) CollectionFetchableElementEntityGraph(entity=Classes.Ticket, querySpaceUid=<gen:14>, path=Classes.Pass.sellers.tickets.<elements>)
             - CollectionAttributeFetchImpl(collection=Classes.Shop.people, querySpaceUid=<gen:15>, path=Classes.Pass.sellers.people)
                - (collection element) CollectionFetchableElementEntityGraph(entity=Classes.Person, querySpaceUid=<gen:16>, path=Classes.Pass.sellers.people.<elements>)
    - QuerySpaces
       - EntityQuerySpaceImpl(uid=<gen:0>, entity=Classes.Pass)
          - SQL table alias mapping - pass0_
          - alias suffix - 0_
          - suffixed key columns - {id2_2_0_}
          - JOIN (JoinDefinedByMetadata(seller)) : <gen:0> -> <gen:1>
             - EntityQuerySpaceImpl(uid=<gen:1>, entity=Abstract.TicketSeller)
                - SQL table alias mapping - ticketsell1_
                - alias suffix - 1_
                - suffixed key columns - {id2_3_1_}
          - JOIN (JoinDefinedByMetadata(person)) : <gen:0> -> <gen:8>
             - EntityQuerySpaceImpl(uid=<gen:8>, entity=Classes.Person)
                - SQL table alias mapping - person2_
                - alias suffix - 2_
                - suffixed key columns - {id1_1_2_}
                - JOIN (JoinDefinedByMetadata(cardNum)) : <gen:8> -> <gen:9>
                   - EntityQuerySpaceImpl(uid=<gen:9>, entity=Classes.Card)
                      - SQL table alias mapping - card3_
                      - alias suffix - 3_
                      - suffixed key columns - {id1_0_3_}
          - JOIN (JoinDefinedByMetadata(sellers)) : <gen:0> -> <gen:10>
             - EntityQuerySpaceImpl(uid=<gen:10>, entity=Abstract.TicketSeller)
                - SQL table alias mapping - ticketsell4_
                - alias suffix - 4_
                - suffixed key columns - {id2_3_4_}

12:51:55.919 [main] DEBUG o.h.loader.entity.plan.EntityLoader - Static select for entity Classes.Pass [NONE]: select pass0_.id as id2_2_0_, pass0_.seller_id as seller_i4_2_0_, pass0_.person_id as person_i5_2_0_, pass0_.sellers_id as sellers_6_2_0_, pass0_.validity as validity3_2_0_, ticketsell1_.id as id2_3_1_, ticketsell1_.seller_name as seller_n3_3_1_, ticketsell1_.isWorking as isworkin4_3_1_, ticketsell1_.type as type1_3_1_, person2_.id as id1_1_2_, person2_.birthdate as birthdat2_1_2_, person2_.cardNum_id as cardnum_5_1_2_, person2_.firstName as firstnam3_1_2_, person2_.lastName as lastname4_1_2_, card3_.id as id1_0_3_, card3_.emissionDate as emission2_0_3_, card3_.expirationDate as expirati3_0_3_, ticketsell4_.id as id2_3_4_, ticketsell4_.seller_name as seller_n3_3_4_, ticketsell4_.isWorking as isworkin4_3_4_, ticketsell4_.type as type1_3_4_ from Ticket pass0_ left outer join TicketSeller ticketsell1_ on pass0_.seller_id=ticketsell1_.id left outer join Person person2_ on pass0_.person_id=person2_.id left outer join Card card3_ on person2_.cardNum_id=card3_.id left outer join TicketSeller ticketsell4_ on pass0_.sellers_id=ticketsell4_.id where pass0_.id=? and pass0_.DTYPE='Pass'
12:51:55.919 [main] DEBUG o.h.p.entity.AbstractEntityPersister - Static SQL for entity: Classes.Shop
12:51:55.919 [main] DEBUG o.h.p.entity.AbstractEntityPersister -  Version select: select id from TicketSeller where id =?
12:51:55.919 [main] DEBUG o.h.p.entity.AbstractEntityPersister -  Snapshot select: select shop_.id, shop_.seller_name as seller_n3_3_ from TicketSeller shop_ where shop_.id=?
12:51:55.919 [main] DEBUG o.h.p.entity.AbstractEntityPersister -  Insert 0: insert into TicketSeller (seller_name, type, id) values (?, 'shop', ?)
12:51:55.919 [main] DEBUG o.h.p.entity.AbstractEntityPersister -  Update 0: update TicketSeller set seller_name=? where id=?
12:51:55.919 [main] DEBUG o.h.p.entity.AbstractEntityPersister -  Delete 0: delete from TicketSeller where id=?
12:51:55.919 [main] DEBUG o.h.l.p.b.i.spaces.QuerySpacesImpl - Adding QuerySpace : uid = <gen:0> -> org.hibernate.loader.plan.build.internal.spaces.EntityQuerySpaceImpl@49469ffa]
12:51:55.919 [main] DEBUG o.h.p.w.spi.MetamodelGraphWalker - Visiting attribute path : name
12:51:55.919 [main] DEBUG o.h.p.w.spi.MetamodelGraphWalker - Visiting attribute path : passes
12:51:55.919 [main] DEBUG o.h.l.p.b.i.spaces.QuerySpacesImpl - Adding QuerySpace : uid = <gen:1> -> org.hibernate.loader.plan.build.internal.spaces.CollectionQuerySpaceImpl@7a3b7122]
12:51:55.919 [main] DEBUG o.h.l.p.b.i.spaces.QuerySpacesImpl - Adding QuerySpace : uid = <gen:2> -> org.hibernate.loader.plan.build.internal.spaces.EntityQuerySpaceImpl@58b5a2f3]
12:51:55.919 [main] DEBUG o.h.p.w.spi.MetamodelGraphWalker - Visiting attribute path : tickets
12:51:55.919 [main] DEBUG o.h.l.p.b.i.spaces.QuerySpacesImpl - Adding QuerySpace : uid = <gen:3> -> org.hibernate.loader.plan.build.internal.spaces.CollectionQuerySpaceImpl@25f15f50]
12:51:55.919 [main] DEBUG o.h.l.p.b.i.spaces.QuerySpacesImpl - Adding QuerySpace : uid = <gen:4> -> org.hibernate.loader.plan.build.internal.spaces.EntityQuerySpaceImpl@52b46d52]
12:51:55.919 [main] DEBUG o.h.p.w.spi.MetamodelGraphWalker - Visiting attribute path : people
12:51:55.919 [main] DEBUG o.h.l.p.b.i.spaces.QuerySpacesImpl - Adding QuerySpace : uid = <gen:5> -> org.hibernate.loader.plan.build.internal.spaces.CollectionQuerySpaceImpl@7327a447]
12:51:55.919 [main] DEBUG o.h.l.p.b.i.spaces.QuerySpacesImpl - Adding QuerySpace : uid = <gen:6> -> org.hibernate.loader.plan.build.internal.spaces.EntityQuerySpaceImpl@67022ea]
12:51:55.919 [main] DEBUG o.h.l.p.b.i.FetchStyleLoadPlanBuildingAssociationVisitationStrategy - Building LoadPlan...
12:51:55.919 [main] DEBUG o.h.l.p.e.i.LoadQueryJoinAndFetchProcessor - processing queryspace <gen:0>
12:51:55.920 [main] DEBUG o.h.l.p.b.spi.LoadPlanTreePrinter - LoadPlan(entity=Classes.Shop)
    - Returns
       - EntityReturnImpl(entity=Classes.Shop, querySpaceUid=<gen:0>, path=Classes.Shop)
          - CollectionAttributeFetchImpl(collection=Abstract.TicketSeller.passes, querySpaceUid=<gen:1>, path=Classes.Shop.passes)
             - (collection element) CollectionFetchableElementEntityGraph(entity=Classes.Pass, querySpaceUid=<gen:2>, path=Classes.Shop.passes.<elements>)
          - CollectionAttributeFetchImpl(collection=Abstract.TicketSeller.tickets, querySpaceUid=<gen:3>, path=Classes.Shop.tickets)
             - (collection element) CollectionFetchableElementEntityGraph(entity=Classes.Ticket, querySpaceUid=<gen:4>, path=Classes.Shop.tickets.<elements>)
          - CollectionAttributeFetchImpl(collection=Classes.Shop.people, querySpaceUid=<gen:5>, path=Classes.Shop.people)
             - (collection element) CollectionFetchableElementEntityGraph(entity=Classes.Person, querySpaceUid=<gen:6>, path=Classes.Shop.people.<elements>)
    - QuerySpaces
       - EntityQuerySpaceImpl(uid=<gen:0>, entity=Classes.Shop)
          - SQL table alias mapping - shop0_
          - alias suffix - 0_
          - suffixed key columns - {id2_3_0_}

12:51:55.920 [main] DEBUG o.h.loader.entity.plan.EntityLoader - Static select for entity Classes.Shop [NONE]: select shop0_.id as id2_3_0_, shop0_.seller_name as seller_n3_3_0_ from TicketSeller shop0_ where shop0_.id=? and shop0_.type='shop'
12:51:55.920 [main] DEBUG o.h.p.entity.AbstractEntityPersister - Static SQL for entity: Classes.Ticket
12:51:55.920 [main] DEBUG o.h.p.entity.AbstractEntityPersister -  Version select: select id from Ticket where id =?
12:51:55.920 [main] DEBUG o.h.p.entity.AbstractEntityPersister -  Snapshot select: select ticket_.id, ticket_.seller_id as seller_i4_2_ from Ticket ticket_ where ticket_.id=?
12:51:55.920 [main] DEBUG o.h.p.entity.AbstractEntityPersister -  Insert 0: insert into Ticket (seller_id, DTYPE, id) values (?, 'Ticket', ?)
12:51:55.920 [main] DEBUG o.h.p.entity.AbstractEntityPersister -  Update 0: update Ticket set seller_id=? where id=?
12:51:55.920 [main] DEBUG o.h.p.entity.AbstractEntityPersister -  Delete 0: delete from Ticket where id=?
12:51:55.920 [main] DEBUG o.h.p.entity.AbstractEntityPersister -  Identity insert: insert into Ticket (seller_id, DTYPE) values (?, 'Ticket')
12:51:55.920 [main] DEBUG o.h.l.p.b.i.spaces.QuerySpacesImpl - Adding QuerySpace : uid = <gen:0> -> org.hibernate.loader.plan.build.internal.spaces.EntityQuerySpaceImpl@2954f6ab]
12:51:55.920 [main] DEBUG o.h.p.w.spi.MetamodelGraphWalker - Visiting attribute path : seller
12:51:55.920 [main] DEBUG o.h.l.p.b.i.spaces.QuerySpacesImpl - Adding QuerySpace : uid = <gen:1> -> org.hibernate.loader.plan.build.internal.spaces.EntityQuerySpaceImpl@163042ea]
12:51:55.920 [main] DEBUG o.h.p.w.spi.MetamodelGraphWalker - Visiting attribute path : seller.name
12:51:55.920 [main] DEBUG o.h.p.w.spi.MetamodelGraphWalker - Visiting attribute path : seller.passes
12:51:55.920 [main] DEBUG o.h.l.p.b.i.spaces.QuerySpacesImpl - Adding QuerySpace : uid = <gen:2> -> org.hibernate.loader.plan.build.internal.spaces.CollectionQuerySpaceImpl@1fbf088b]
12:51:55.920 [main] DEBUG o.h.l.p.b.i.spaces.QuerySpacesImpl - Adding QuerySpace : uid = <gen:3> -> org.hibernate.loader.plan.build.internal.spaces.EntityQuerySpaceImpl@1943c1f2]
12:51:55.920 [main] DEBUG o.h.p.w.spi.MetamodelGraphWalker - Visiting attribute path : seller.tickets
12:51:55.920 [main] DEBUG o.h.l.p.b.i.spaces.QuerySpacesImpl - Adding QuerySpace : uid = <gen:4> -> org.hibernate.loader.plan.build.internal.spaces.CollectionQuerySpaceImpl@d70f722]
12:51:55.920 [main] DEBUG o.h.l.p.b.i.spaces.QuerySpacesImpl - Adding QuerySpace : uid = <gen:5> -> org.hibernate.loader.plan.build.internal.spaces.EntityQuerySpaceImpl@1e1eeedd]
12:51:55.920 [main] DEBUG o.h.p.w.spi.MetamodelGraphWalker - Visiting attribute path : seller.people
12:51:55.920 [main] DEBUG o.h.l.p.b.i.spaces.QuerySpacesImpl - Adding QuerySpace : uid = <gen:6> -> org.hibernate.loader.plan.build.internal.spaces.CollectionQuerySpaceImpl@798256c5]
12:51:55.920 [main] DEBUG o.h.l.p.b.i.spaces.QuerySpacesImpl - Adding QuerySpace : uid = <gen:7> -> org.hibernate.loader.plan.build.internal.spaces.EntityQuerySpaceImpl@7ec95456]
12:51:55.920 [main] DEBUG o.h.p.w.spi.MetamodelGraphWalker - Visiting attribute path : seller.isWorking
12:51:55.920 [main] DEBUG o.h.p.w.spi.MetamodelGraphWalker - Visiting attribute path : person
12:51:55.920 [main] DEBUG o.h.l.p.b.i.spaces.QuerySpacesImpl - Adding QuerySpace : uid = <gen:8> -> org.hibernate.loader.plan.build.internal.spaces.EntityQuerySpaceImpl@748a654a]
12:51:55.920 [main] DEBUG o.h.p.w.spi.MetamodelGraphWalker - Visiting attribute path : person.birthdate
12:51:55.920 [main] DEBUG o.h.p.w.spi.MetamodelGraphWalker - Visiting attribute path : person.cardNum
12:51:55.920 [main] DEBUG o.h.l.p.b.i.spaces.QuerySpacesImpl - Adding QuerySpace : uid = <gen:9> -> org.hibernate.loader.plan.build.internal.spaces.EntityQuerySpaceImpl@76544c0a]
12:51:55.920 [main] DEBUG o.h.p.w.spi.MetamodelGraphWalker - Visiting attribute path : person.cardNum.emissionDate
12:51:55.920 [main] DEBUG o.h.p.w.spi.MetamodelGraphWalker - Visiting attribute path : person.cardNum.expirationDate
12:51:55.920 [main] DEBUG o.h.p.w.spi.MetamodelGraphWalker - Visiting attribute path : person.cardNum.person
12:51:55.920 [main] DEBUG o.h.p.w.spi.MetamodelGraphWalker - Property path deemed to be circular : person.cardNum.person
12:51:55.920 [main] DEBUG o.h.p.w.spi.MetamodelGraphWalker - Visiting attribute path : person.firstName
12:51:55.920 [main] DEBUG o.h.p.w.spi.MetamodelGraphWalker - Visiting attribute path : person.lastName
12:51:55.921 [main] DEBUG o.h.p.w.spi.MetamodelGraphWalker - Visiting attribute path : sellers
12:51:55.921 [main] DEBUG o.h.l.p.b.i.spaces.QuerySpacesImpl - Adding QuerySpace : uid = <gen:10> -> org.hibernate.loader.plan.build.internal.spaces.EntityQuerySpaceImpl@650c405c]
12:51:55.921 [main] DEBUG o.h.p.w.spi.MetamodelGraphWalker - Visiting attribute path : sellers.name
12:51:55.921 [main] DEBUG o.h.p.w.spi.MetamodelGraphWalker - Visiting attribute path : sellers.passes
12:51:55.921 [main] DEBUG o.h.l.p.b.i.spaces.QuerySpacesImpl - Adding QuerySpace : uid = <gen:11> -> org.hibernate.loader.plan.build.internal.spaces.CollectionQuerySpaceImpl@748ac6f3]
12:51:55.921 [main] DEBUG o.h.l.p.b.i.spaces.QuerySpacesImpl - Adding QuerySpace : uid = <gen:12> -> org.hibernate.loader.plan.build.internal.spaces.EntityQuerySpaceImpl@68f6e55d]
12:51:55.921 [main] DEBUG o.h.p.w.spi.MetamodelGraphWalker - Visiting attribute path : sellers.tickets
12:51:55.921 [main] DEBUG o.h.l.p.b.i.spaces.QuerySpacesImpl - Adding QuerySpace : uid = <gen:13> -> org.hibernate.loader.plan.build.internal.spaces.CollectionQuerySpaceImpl@6fff46bf]
12:51:55.921 [main] DEBUG o.h.l.p.b.i.spaces.QuerySpacesImpl - Adding QuerySpace : uid = <gen:14> -> org.hibernate.loader.plan.build.internal.spaces.EntityQuerySpaceImpl@1835dc92]
12:51:55.921 [main] DEBUG o.h.p.w.spi.MetamodelGraphWalker - Visiting attribute path : sellers.people
12:51:55.921 [main] DEBUG o.h.l.p.b.i.spaces.QuerySpacesImpl - Adding QuerySpace : uid = <gen:15> -> org.hibernate.loader.plan.build.internal.spaces.CollectionQuerySpaceImpl@3aaa3c39]
12:51:55.921 [main] DEBUG o.h.l.p.b.i.spaces.QuerySpacesImpl - Adding QuerySpace : uid = <gen:16> -> org.hibernate.loader.plan.build.internal.spaces.EntityQuerySpaceImpl@65a9ea3c]
12:51:55.921 [main] DEBUG o.h.p.w.spi.MetamodelGraphWalker - Visiting attribute path : sellers.isWorking
12:51:55.921 [main] DEBUG o.h.p.w.spi.MetamodelGraphWalker - Visiting attribute path : validity
12:51:55.921 [main] DEBUG o.h.l.p.b.i.FetchStyleLoadPlanBuildingAssociationVisitationStrategy - Building LoadPlan...
12:51:55.921 [main] DEBUG o.h.l.p.e.i.LoadQueryJoinAndFetchProcessor - processing queryspace <gen:0>
12:51:55.921 [main] DEBUG o.h.l.p.b.spi.LoadPlanTreePrinter - LoadPlan(entity=Classes.Ticket)
    - Returns
       - EntityReturnImpl(entity=Classes.Ticket, querySpaceUid=<gen:0>, path=Classes.Ticket)
          - EntityAttributeFetchImpl(entity=Abstract.TicketSeller, querySpaceUid=<gen:1>, path=Classes.Ticket.seller)
             - CollectionAttributeFetchImpl(collection=Abstract.TicketSeller.passes, querySpaceUid=<gen:2>, path=Classes.Ticket.seller.passes)
                - (collection element) CollectionFetchableElementEntityGraph(entity=Classes.Pass, querySpaceUid=<gen:3>, path=Classes.Ticket.seller.passes.<elements>)
             - CollectionAttributeFetchImpl(collection=Abstract.TicketSeller.tickets, querySpaceUid=<gen:4>, path=Classes.Ticket.seller.tickets)
                - (collection element) CollectionFetchableElementEntityGraph(entity=Classes.Ticket, querySpaceUid=<gen:5>, path=Classes.Ticket.seller.tickets.<elements>)
             - CollectionAttributeFetchImpl(collection=Classes.Shop.people, querySpaceUid=<gen:6>, path=Classes.Ticket.seller.people)
                - (collection element) CollectionFetchableElementEntityGraph(entity=Classes.Person, querySpaceUid=<gen:7>, path=Classes.Ticket.seller.people.<elements>)
          - EntityAttributeFetchImpl(entity=Classes.Person, querySpaceUid=<gen:8>, path=Classes.Ticket.person)
             - EntityAttributeFetchImpl(entity=Classes.Card, querySpaceUid=<gen:9>, path=Classes.Ticket.person.cardNum)
          - EntityAttributeFetchImpl(entity=Abstract.TicketSeller, querySpaceUid=<gen:10>, path=Classes.Ticket.sellers)
             - CollectionAttributeFetchImpl(collection=Abstract.TicketSeller.passes, querySpaceUid=<gen:11>, path=Classes.Ticket.sellers.passes)
                - (collection element) CollectionFetchableElementEntityGraph(entity=Classes.Pass, querySpaceUid=<gen:12>, path=Classes.Ticket.sellers.passes.<elements>)
             - CollectionAttributeFetchImpl(collection=Abstract.TicketSeller.tickets, querySpaceUid=<gen:13>, path=Classes.Ticket.sellers.tickets)
                - (collection element) CollectionFetchableElementEntityGraph(entity=Classes.Ticket, querySpaceUid=<gen:14>, path=Classes.Ticket.sellers.tickets.<elements>)
             - CollectionAttributeFetchImpl(collection=Classes.Shop.people, querySpaceUid=<gen:15>, path=Classes.Ticket.sellers.people)
                - (collection element) CollectionFetchableElementEntityGraph(entity=Classes.Person, querySpaceUid=<gen:16>, path=Classes.Ticket.sellers.people.<elements>)
    - QuerySpaces
       - EntityQuerySpaceImpl(uid=<gen:0>, entity=Classes.Ticket)
          - SQL table alias mapping - ticket0_
          - alias suffix - 0_
          - suffixed key columns - {id2_2_0_}
          - JOIN (JoinDefinedByMetadata(seller)) : <gen:0> -> <gen:1>
             - EntityQuerySpaceImpl(uid=<gen:1>, entity=Abstract.TicketSeller)
                - SQL table alias mapping - ticketsell1_
                - alias suffix - 1_
                - suffixed key columns - {id2_3_1_}
          - JOIN (JoinDefinedByMetadata(person)) : <gen:0> -> <gen:8>
             - EntityQuerySpaceImpl(uid=<gen:8>, entity=Classes.Person)
                - SQL table alias mapping - person2_
                - alias suffix - 2_
                - suffixed key columns - {id1_1_2_}
                - JOIN (JoinDefinedByMetadata(cardNum)) : <gen:8> -> <gen:9>
                   - EntityQuerySpaceImpl(uid=<gen:9>, entity=Classes.Card)
                      - SQL table alias mapping - card3_
                      - alias suffix - 3_
                      - suffixed key columns - {id1_0_3_}
          - JOIN (JoinDefinedByMetadata(sellers)) : <gen:0> -> <gen:10>
             - EntityQuerySpaceImpl(uid=<gen:10>, entity=Abstract.TicketSeller)
                - SQL table alias mapping - ticketsell4_
                - alias suffix - 4_
                - suffixed key columns - {id2_3_4_}

12:51:55.921 [main] DEBUG o.h.loader.entity.plan.EntityLoader - Static select for entity Classes.Ticket [NONE]: select ticket0_.id as id2_2_0_, ticket0_.seller_id as seller_i4_2_0_, ticket0_.person_id as person_i5_2_0_, ticket0_.sellers_id as sellers_6_2_0_, ticket0_.validity as validity3_2_0_, ticket0_.DTYPE as dtype1_2_0_, ticketsell1_.id as id2_3_1_, ticketsell1_.seller_name as seller_n3_3_1_, ticketsell1_.isWorking as isworkin4_3_1_, ticketsell1_.type as type1_3_1_, person2_.id as id1_1_2_, person2_.birthdate as birthdat2_1_2_, person2_.cardNum_id as cardnum_5_1_2_, person2_.firstName as firstnam3_1_2_, person2_.lastName as lastname4_1_2_, card3_.id as id1_0_3_, card3_.emissionDate as emission2_0_3_, card3_.expirationDate as expirati3_0_3_, ticketsell4_.id as id2_3_4_, ticketsell4_.seller_name as seller_n3_3_4_, ticketsell4_.isWorking as isworkin4_3_4_, ticketsell4_.type as type1_3_4_ from Ticket ticket0_ left outer join TicketSeller ticketsell1_ on ticket0_.seller_id=ticketsell1_.id left outer join Person person2_ on ticket0_.person_id=person2_.id left outer join Card card3_ on person2_.cardNum_id=card3_.id left outer join TicketSeller ticketsell4_ on ticket0_.sellers_id=ticketsell4_.id where ticket0_.id=?
12:51:55.921 [main] DEBUG o.h.p.entity.AbstractEntityPersister - Static SQL for entity: Classes.VendingMachine
12:51:55.922 [main] DEBUG o.h.p.entity.AbstractEntityPersister -  Version select: select id from TicketSeller where id =?
12:51:55.922 [main] DEBUG o.h.p.entity.AbstractEntityPersister -  Snapshot select: select vendingmac_.id, vendingmac_.seller_name as seller_n3_3_, vendingmac_.isWorking as isworkin4_3_ from TicketSeller vendingmac_ where vendingmac_.id=?
12:51:55.922 [main] DEBUG o.h.p.entity.AbstractEntityPersister -  Insert 0: insert into TicketSeller (seller_name, isWorking, type, id) values (?, ?, 'vending_machine', ?)
12:51:55.922 [main] DEBUG o.h.p.entity.AbstractEntityPersister -  Update 0: update TicketSeller set seller_name=?, isWorking=? where id=?
12:51:55.922 [main] DEBUG o.h.p.entity.AbstractEntityPersister -  Delete 0: delete from TicketSeller where id=?
12:51:55.922 [main] DEBUG o.h.l.p.b.i.spaces.QuerySpacesImpl - Adding QuerySpace : uid = <gen:0> -> org.hibernate.loader.plan.build.internal.spaces.EntityQuerySpaceImpl@70f68288]
12:51:55.922 [main] DEBUG o.h.p.w.spi.MetamodelGraphWalker - Visiting attribute path : name
12:51:55.922 [main] DEBUG o.h.p.w.spi.MetamodelGraphWalker - Visiting attribute path : passes
12:51:55.922 [main] DEBUG o.h.l.p.b.i.spaces.QuerySpacesImpl - Adding QuerySpace : uid = <gen:1> -> org.hibernate.loader.plan.build.internal.spaces.CollectionQuerySpaceImpl@2db1b657]
12:51:55.922 [main] DEBUG o.h.l.p.b.i.spaces.QuerySpacesImpl - Adding QuerySpace : uid = <gen:2> -> org.hibernate.loader.plan.build.internal.spaces.EntityQuerySpaceImpl@7e351d7]
12:51:55.922 [main] DEBUG o.h.p.w.spi.MetamodelGraphWalker - Visiting attribute path : tickets
12:51:55.922 [main] DEBUG o.h.l.p.b.i.spaces.QuerySpacesImpl - Adding QuerySpace : uid = <gen:3> -> org.hibernate.loader.plan.build.internal.spaces.CollectionQuerySpaceImpl@43c57161]
12:51:55.922 [main] DEBUG o.h.l.p.b.i.spaces.QuerySpacesImpl - Adding QuerySpace : uid = <gen:4> -> org.hibernate.loader.plan.build.internal.spaces.EntityQuerySpaceImpl@d902300]
12:51:55.922 [main] DEBUG o.h.p.w.spi.MetamodelGraphWalker - Visiting attribute path : isWorking
12:51:55.922 [main] DEBUG o.h.l.p.b.i.FetchStyleLoadPlanBuildingAssociationVisitationStrategy - Building LoadPlan...
12:51:55.922 [main] DEBUG o.h.l.p.e.i.LoadQueryJoinAndFetchProcessor - processing queryspace <gen:0>
12:51:55.922 [main] DEBUG o.h.l.p.b.spi.LoadPlanTreePrinter - LoadPlan(entity=Classes.VendingMachine)
    - Returns
       - EntityReturnImpl(entity=Classes.VendingMachine, querySpaceUid=<gen:0>, path=Classes.VendingMachine)
          - CollectionAttributeFetchImpl(collection=Abstract.TicketSeller.passes, querySpaceUid=<gen:1>, path=Classes.VendingMachine.passes)
             - (collection element) CollectionFetchableElementEntityGraph(entity=Classes.Pass, querySpaceUid=<gen:2>, path=Classes.VendingMachine.passes.<elements>)
          - CollectionAttributeFetchImpl(collection=Abstract.TicketSeller.tickets, querySpaceUid=<gen:3>, path=Classes.VendingMachine.tickets)
             - (collection element) CollectionFetchableElementEntityGraph(entity=Classes.Ticket, querySpaceUid=<gen:4>, path=Classes.VendingMachine.tickets.<elements>)
    - QuerySpaces
       - EntityQuerySpaceImpl(uid=<gen:0>, entity=Classes.VendingMachine)
          - SQL table alias mapping - vendingmac0_
          - alias suffix - 0_
          - suffixed key columns - {id2_3_0_}

12:51:55.922 [main] DEBUG o.h.loader.entity.plan.EntityLoader - Static select for entity Classes.VendingMachine [NONE]: select vendingmac0_.id as id2_3_0_, vendingmac0_.seller_name as seller_n3_3_0_, vendingmac0_.isWorking as isworkin4_3_0_ from TicketSeller vendingmac0_ where vendingmac0_.id=? and vendingmac0_.type='vending_machine'
12:51:55.924 [main] DEBUG o.h.l.p.b.i.spaces.QuerySpacesImpl - Adding QuerySpace : uid = <gen:0> -> org.hibernate.loader.plan.build.internal.spaces.CollectionQuerySpaceImpl@1f939a0f]
12:51:55.924 [main] DEBUG o.h.l.p.b.i.spaces.QuerySpacesImpl - Adding QuerySpace : uid = <gen:1> -> org.hibernate.loader.plan.build.internal.spaces.EntityQuerySpaceImpl@45658133]
12:51:55.925 [main] DEBUG o.h.p.w.spi.MetamodelGraphWalker - Visiting attribute path : seller
12:51:55.925 [main] DEBUG o.h.l.p.b.i.spaces.QuerySpacesImpl - Adding QuerySpace : uid = <gen:2> -> org.hibernate.loader.plan.build.internal.spaces.EntityQuerySpaceImpl@250a9031]
12:51:55.925 [main] DEBUG o.h.p.w.spi.MetamodelGraphWalker - Visiting attribute path : seller.name
12:51:55.925 [main] DEBUG o.h.p.w.spi.MetamodelGraphWalker - Visiting attribute path : seller.passes
12:51:55.925 [main] DEBUG o.h.p.w.spi.MetamodelGraphWalker - Property path deemed to be circular : seller.passes
12:51:55.925 [main] DEBUG o.h.p.w.spi.MetamodelGraphWalker - Visiting attribute path : seller.tickets
12:51:55.925 [main] DEBUG o.h.p.w.spi.MetamodelGraphWalker - Property path deemed to be circular : seller.tickets
12:51:55.925 [main] DEBUG o.h.p.w.spi.MetamodelGraphWalker - Visiting attribute path : seller.people
12:51:55.925 [main] DEBUG o.h.l.p.b.i.spaces.QuerySpacesImpl - Adding QuerySpace : uid = <gen:3> -> org.hibernate.loader.plan.build.internal.spaces.CollectionQuerySpaceImpl@6d67f5eb]
12:51:55.925 [main] DEBUG o.h.l.p.b.i.spaces.QuerySpacesImpl - Adding QuerySpace : uid = <gen:4> -> org.hibernate.loader.plan.build.internal.spaces.EntityQuerySpaceImpl@4f654cee]
12:51:55.925 [main] DEBUG o.h.p.w.spi.MetamodelGraphWalker - Visiting attribute path : seller.isWorking
12:51:55.925 [main] DEBUG o.h.p.w.spi.MetamodelGraphWalker - Visiting attribute path : person
12:51:55.925 [main] DEBUG o.h.l.p.b.i.spaces.QuerySpacesImpl - Adding QuerySpace : uid = <gen:5> -> org.hibernate.loader.plan.build.internal.spaces.EntityQuerySpaceImpl@3e1fd62b]
12:51:55.925 [main] DEBUG o.h.p.w.spi.MetamodelGraphWalker - Visiting attribute path : person.birthdate
12:51:55.925 [main] DEBUG o.h.p.w.spi.MetamodelGraphWalker - Visiting attribute path : person.cardNum
12:51:55.925 [main] DEBUG o.h.l.p.b.i.spaces.QuerySpacesImpl - Adding QuerySpace : uid = <gen:6> -> org.hibernate.loader.plan.build.internal.spaces.EntityQuerySpaceImpl@558b4942]
12:51:55.925 [main] DEBUG o.h.p.w.spi.MetamodelGraphWalker - Visiting attribute path : person.cardNum.emissionDate
12:51:55.925 [main] DEBUG o.h.p.w.spi.MetamodelGraphWalker - Visiting attribute path : person.cardNum.expirationDate
12:51:55.925 [main] DEBUG o.h.p.w.spi.MetamodelGraphWalker - Visiting attribute path : person.cardNum.person
12:51:55.925 [main] DEBUG o.h.p.w.spi.MetamodelGraphWalker - Property path deemed to be circular : person.cardNum.person
12:51:55.925 [main] DEBUG o.h.p.w.spi.MetamodelGraphWalker - Visiting attribute path : person.firstName
12:51:55.925 [main] DEBUG o.h.p.w.spi.MetamodelGraphWalker - Visiting attribute path : person.lastName
12:51:55.925 [main] DEBUG o.h.p.w.spi.MetamodelGraphWalker - Visiting attribute path : sellers
12:51:55.925 [main] DEBUG o.h.l.p.b.i.spaces.QuerySpacesImpl - Adding QuerySpace : uid = <gen:7> -> org.hibernate.loader.plan.build.internal.spaces.EntityQuerySpaceImpl@70025b99]
12:51:55.926 [main] DEBUG o.h.p.w.spi.MetamodelGraphWalker - Visiting attribute path : sellers.name
12:51:55.926 [main] DEBUG o.h.p.w.spi.MetamodelGraphWalker - Visiting attribute path : sellers.passes
12:51:55.926 [main] DEBUG o.h.p.w.spi.MetamodelGraphWalker - Property path deemed to be circular : sellers.passes
12:51:55.926 [main] DEBUG o.h.p.w.spi.MetamodelGraphWalker - Visiting attribute path : sellers.tickets
12:51:55.926 [main] DEBUG o.h.p.w.spi.MetamodelGraphWalker - Property path deemed to be circular : sellers.tickets
12:51:55.926 [main] DEBUG o.h.p.w.spi.MetamodelGraphWalker - Visiting attribute path : sellers.people
12:51:55.926 [main] DEBUG o.h.l.p.b.i.spaces.QuerySpacesImpl - Adding QuerySpace : uid = <gen:8> -> org.hibernate.loader.plan.build.internal.spaces.CollectionQuerySpaceImpl@7134b8a7]
12:51:55.926 [main] DEBUG o.h.l.p.b.i.spaces.QuerySpacesImpl - Adding QuerySpace : uid = <gen:9> -> org.hibernate.loader.plan.build.internal.spaces.EntityQuerySpaceImpl@2262d6d5]
12:51:55.926 [main] DEBUG o.h.p.w.spi.MetamodelGraphWalker - Visiting attribute path : sellers.isWorking
12:51:55.926 [main] DEBUG o.h.p.w.spi.MetamodelGraphWalker - Visiting attribute path : validity
12:51:55.926 [main] DEBUG o.h.l.p.b.i.FetchStyleLoadPlanBuildingAssociationVisitationStrategy - Building LoadPlan...
12:51:55.928 [main] DEBUG o.h.l.p.e.i.LoadQueryJoinAndFetchProcessor - processing queryspace <gen:0>
12:51:55.928 [main] DEBUG o.h.l.p.b.spi.LoadPlanTreePrinter - LoadPlan(collection=Abstract.TicketSeller.tickets)
    - Returns
       - CollectionReturnImpl(collection=Abstract.TicketSeller.tickets, querySpaceUid=<gen:0>, path=[Abstract.TicketSeller.tickets])
          - (collection element) CollectionFetchableElementEntityGraph(entity=Classes.Ticket, querySpaceUid=<gen:1>, path=[Abstract.TicketSeller.tickets].<elements>)
             - EntityAttributeFetchImpl(entity=Abstract.TicketSeller, querySpaceUid=<gen:2>, path=[Abstract.TicketSeller.tickets].<elements>.seller)
                - CollectionAttributeFetchImpl(collection=Classes.Shop.people, querySpaceUid=<gen:3>, path=[Abstract.TicketSeller.tickets].<elements>.seller.people)
                   - (collection element) CollectionFetchableElementEntityGraph(entity=Classes.Person, querySpaceUid=<gen:4>, path=[Abstract.TicketSeller.tickets].<elements>.seller.people.<elements>)
             - EntityAttributeFetchImpl(entity=Classes.Person, querySpaceUid=<gen:5>, path=[Abstract.TicketSeller.tickets].<elements>.person)
                - EntityAttributeFetchImpl(entity=Classes.Card, querySpaceUid=<gen:6>, path=[Abstract.TicketSeller.tickets].<elements>.person.cardNum)
             - EntityAttributeFetchImpl(entity=Abstract.TicketSeller, querySpaceUid=<gen:7>, path=[Abstract.TicketSeller.tickets].<elements>.sellers)
                - CollectionAttributeFetchImpl(collection=Classes.Shop.people, querySpaceUid=<gen:8>, path=[Abstract.TicketSeller.tickets].<elements>.sellers.people)
                   - (collection element) CollectionFetchableElementEntityGraph(entity=Classes.Person, querySpaceUid=<gen:9>, path=[Abstract.TicketSeller.tickets].<elements>.sellers.people.<elements>)
    - QuerySpaces
       - CollectionQuerySpaceImpl(uid=<gen:0>, collection=Abstract.TicketSeller.tickets)
          - SQL table alias mapping - tickets0_
          - alias suffix - 0_
          - suffixed key columns - {ticketse1_5_0_}
          - entity-element alias suffix - 1_
          - 1_entity-element suffixed key columns - id2_2_1_
          - JOIN (JoinDefinedByMetadata(elements)) : <gen:0> -> <gen:1>
             - EntityQuerySpaceImpl(uid=<gen:1>, entity=Classes.Ticket)
                - SQL table alias mapping - ticket1_
                - alias suffix - 1_
                - suffixed key columns - {id2_2_1_}
                - JOIN (JoinDefinedByMetadata(seller)) : <gen:1> -> <gen:2>
                   - EntityQuerySpaceImpl(uid=<gen:2>, entity=Abstract.TicketSeller)
                      - SQL table alias mapping - ticketsell2_
                      - alias suffix - 2_
                      - suffixed key columns - {id2_3_2_}
                - JOIN (JoinDefinedByMetadata(person)) : <gen:1> -> <gen:5>
                   - EntityQuerySpaceImpl(uid=<gen:5>, entity=Classes.Person)
                      - SQL table alias mapping - person3_
                      - alias suffix - 3_
                      - suffixed key columns - {id1_1_3_}
                      - JOIN (JoinDefinedByMetadata(cardNum)) : <gen:5> -> <gen:6>
                         - EntityQuerySpaceImpl(uid=<gen:6>, entity=Classes.Card)
                            - SQL table alias mapping - card4_
                            - alias suffix - 4_
                            - suffixed key columns - {id1_0_4_}
                - JOIN (JoinDefinedByMetadata(sellers)) : <gen:1> -> <gen:7>
                   - EntityQuerySpaceImpl(uid=<gen:7>, entity=Abstract.TicketSeller)
                      - SQL table alias mapping - ticketsell5_
                      - alias suffix - 5_
                      - suffixed key columns - {id2_3_5_}

12:51:55.928 [main] DEBUG o.h.l.c.plan.CollectionLoader - Static select for collection Abstract.TicketSeller.tickets: select tickets0_.TicketSeller_id as ticketse1_5_0_, tickets0_.tickets_id as tickets_2_5_0_, ticket1_.id as id2_2_1_, ticket1_.seller_id as seller_i4_2_1_, ticket1_.person_id as person_i5_2_1_, ticket1_.sellers_id as sellers_6_2_1_, ticket1_.validity as validity3_2_1_, ticket1_.DTYPE as dtype1_2_1_, ticketsell2_.id as id2_3_2_, ticketsell2_.seller_name as seller_n3_3_2_, ticketsell2_.isWorking as isworkin4_3_2_, ticketsell2_.type as type1_3_2_, person3_.id as id1_1_3_, person3_.birthdate as birthdat2_1_3_, person3_.cardNum_id as cardnum_5_1_3_, person3_.firstName as firstnam3_1_3_, person3_.lastName as lastname4_1_3_, card4_.id as id1_0_4_, card4_.emissionDate as emission2_0_4_, card4_.expirationDate as expirati3_0_4_, ticketsell5_.id as id2_3_5_, ticketsell5_.seller_name as seller_n3_3_5_, ticketsell5_.isWorking as isworkin4_3_5_, ticketsell5_.type as type1_3_5_ from TicketSeller_Ticket tickets0_ inner join Ticket ticket1_ on tickets0_.tickets_id=ticket1_.id left outer join TicketSeller ticketsell2_ on ticket1_.seller_id=ticketsell2_.id left outer join Person person3_ on ticket1_.person_id=person3_.id left outer join Card card4_ on person3_.cardNum_id=card4_.id left outer join TicketSeller ticketsell5_ on ticket1_.sellers_id=ticketsell5_.id where tickets0_.TicketSeller_id=?
12:51:55.928 [main] DEBUG o.h.l.p.b.i.spaces.QuerySpacesImpl - Adding QuerySpace : uid = <gen:0> -> org.hibernate.loader.plan.build.internal.spaces.CollectionQuerySpaceImpl@6968c1d6]
12:51:55.928 [main] DEBUG o.h.l.p.b.i.spaces.QuerySpacesImpl - Adding QuerySpace : uid = <gen:1> -> org.hibernate.loader.plan.build.internal.spaces.EntityQuerySpaceImpl@7d986d83]
12:51:55.929 [main] DEBUG o.h.p.w.spi.MetamodelGraphWalker - Visiting attribute path : seller
12:51:55.929 [main] DEBUG o.h.l.p.b.i.spaces.QuerySpacesImpl - Adding QuerySpace : uid = <gen:2> -> org.hibernate.loader.plan.build.internal.spaces.EntityQuerySpaceImpl@2ceee4b6]
12:51:55.929 [main] DEBUG o.h.p.w.spi.MetamodelGraphWalker - Visiting attribute path : seller.name
12:51:55.929 [main] DEBUG o.h.p.w.spi.MetamodelGraphWalker - Visiting attribute path : seller.passes
12:51:55.929 [main] DEBUG o.h.p.w.spi.MetamodelGraphWalker - Property path deemed to be circular : seller.passes
12:51:55.929 [main] DEBUG o.h.p.w.spi.MetamodelGraphWalker - Visiting attribute path : seller.tickets
12:51:55.929 [main] DEBUG o.h.p.w.spi.MetamodelGraphWalker - Property path deemed to be circular : seller.tickets
12:51:55.929 [main] DEBUG o.h.p.w.spi.MetamodelGraphWalker - Visiting attribute path : seller.people
12:51:55.929 [main] DEBUG o.h.l.p.b.i.spaces.QuerySpacesImpl - Adding QuerySpace : uid = <gen:3> -> org.hibernate.loader.plan.build.internal.spaces.CollectionQuerySpaceImpl@6968bcec]
12:51:55.929 [main] DEBUG o.h.l.p.b.i.spaces.QuerySpacesImpl - Adding QuerySpace : uid = <gen:4> -> org.hibernate.loader.plan.build.internal.spaces.EntityQuerySpaceImpl@5568c66f]
12:51:55.929 [main] DEBUG o.h.p.w.spi.MetamodelGraphWalker - Visiting attribute path : seller.isWorking
12:51:55.929 [main] DEBUG o.h.p.w.spi.MetamodelGraphWalker - Visiting attribute path : person
12:51:55.929 [main] DEBUG o.h.l.p.b.i.spaces.QuerySpacesImpl - Adding QuerySpace : uid = <gen:5> -> org.hibernate.loader.plan.build.internal.spaces.EntityQuerySpaceImpl@e784320]
12:51:55.929 [main] DEBUG o.h.p.w.spi.MetamodelGraphWalker - Visiting attribute path : person.birthdate
12:51:55.929 [main] DEBUG o.h.p.w.spi.MetamodelGraphWalker - Visiting attribute path : person.cardNum
12:51:55.929 [main] DEBUG o.h.l.p.b.i.spaces.QuerySpacesImpl - Adding QuerySpace : uid = <gen:6> -> org.hibernate.loader.plan.build.internal.spaces.EntityQuerySpaceImpl@13c8ac77]
12:51:55.929 [main] DEBUG o.h.p.w.spi.MetamodelGraphWalker - Visiting attribute path : person.cardNum.emissionDate
12:51:55.929 [main] DEBUG o.h.p.w.spi.MetamodelGraphWalker - Visiting attribute path : person.cardNum.expirationDate
12:51:55.929 [main] DEBUG o.h.p.w.spi.MetamodelGraphWalker - Visiting attribute path : person.cardNum.person
12:51:55.929 [main] DEBUG o.h.p.w.spi.MetamodelGraphWalker - Property path deemed to be circular : person.cardNum.person
12:51:55.929 [main] DEBUG o.h.p.w.spi.MetamodelGraphWalker - Visiting attribute path : person.firstName
12:51:55.929 [main] DEBUG o.h.p.w.spi.MetamodelGraphWalker - Visiting attribute path : person.lastName
12:51:55.929 [main] DEBUG o.h.p.w.spi.MetamodelGraphWalker - Visiting attribute path : sellers
12:51:55.929 [main] DEBUG o.h.l.p.b.i.spaces.QuerySpacesImpl - Adding QuerySpace : uid = <gen:7> -> org.hibernate.loader.plan.build.internal.spaces.EntityQuerySpaceImpl@4cad79bc]
12:51:55.929 [main] DEBUG o.h.p.w.spi.MetamodelGraphWalker - Visiting attribute path : sellers.name
12:51:55.929 [main] DEBUG o.h.p.w.spi.MetamodelGraphWalker - Visiting attribute path : sellers.passes
12:51:55.929 [main] DEBUG o.h.p.w.spi.MetamodelGraphWalker - Property path deemed to be circular : sellers.passes
12:51:55.929 [main] DEBUG o.h.p.w.spi.MetamodelGraphWalker - Visiting attribute path : sellers.tickets
12:51:55.929 [main] DEBUG o.h.p.w.spi.MetamodelGraphWalker - Property path deemed to be circular : sellers.tickets
12:51:55.929 [main] DEBUG o.h.p.w.spi.MetamodelGraphWalker - Visiting attribute path : sellers.people
12:51:55.929 [main] DEBUG o.h.l.p.b.i.spaces.QuerySpacesImpl - Adding QuerySpace : uid = <gen:8> -> org.hibernate.loader.plan.build.internal.spaces.CollectionQuerySpaceImpl@7a9eccc4]
12:51:55.929 [main] DEBUG o.h.l.p.b.i.spaces.QuerySpacesImpl - Adding QuerySpace : uid = <gen:9> -> org.hibernate.loader.plan.build.internal.spaces.EntityQuerySpaceImpl@78422efb]
12:51:55.929 [main] DEBUG o.h.p.w.spi.MetamodelGraphWalker - Visiting attribute path : sellers.isWorking
12:51:55.929 [main] DEBUG o.h.p.w.spi.MetamodelGraphWalker - Visiting attribute path : validity
12:51:55.929 [main] DEBUG o.h.l.p.b.i.FetchStyleLoadPlanBuildingAssociationVisitationStrategy - Building LoadPlan...
12:51:55.930 [main] DEBUG o.h.l.p.e.i.LoadQueryJoinAndFetchProcessor - processing queryspace <gen:0>
12:51:55.930 [main] DEBUG o.h.l.p.b.spi.LoadPlanTreePrinter - LoadPlan(collection=Abstract.TicketSeller.passes)
    - Returns
       - CollectionReturnImpl(collection=Abstract.TicketSeller.passes, querySpaceUid=<gen:0>, path=[Abstract.TicketSeller.passes])
          - (collection element) CollectionFetchableElementEntityGraph(entity=Classes.Pass, querySpaceUid=<gen:1>, path=[Abstract.TicketSeller.passes].<elements>)
             - EntityAttributeFetchImpl(entity=Abstract.TicketSeller, querySpaceUid=<gen:2>, path=[Abstract.TicketSeller.passes].<elements>.seller)
                - CollectionAttributeFetchImpl(collection=Classes.Shop.people, querySpaceUid=<gen:3>, path=[Abstract.TicketSeller.passes].<elements>.seller.people)
                   - (collection element) CollectionFetchableElementEntityGraph(entity=Classes.Person, querySpaceUid=<gen:4>, path=[Abstract.TicketSeller.passes].<elements>.seller.people.<elements>)
             - EntityAttributeFetchImpl(entity=Classes.Person, querySpaceUid=<gen:5>, path=[Abstract.TicketSeller.passes].<elements>.person)
                - EntityAttributeFetchImpl(entity=Classes.Card, querySpaceUid=<gen:6>, path=[Abstract.TicketSeller.passes].<elements>.person.cardNum)
             - EntityAttributeFetchImpl(entity=Abstract.TicketSeller, querySpaceUid=<gen:7>, path=[Abstract.TicketSeller.passes].<elements>.sellers)
                - CollectionAttributeFetchImpl(collection=Classes.Shop.people, querySpaceUid=<gen:8>, path=[Abstract.TicketSeller.passes].<elements>.sellers.people)
                   - (collection element) CollectionFetchableElementEntityGraph(entity=Classes.Person, querySpaceUid=<gen:9>, path=[Abstract.TicketSeller.passes].<elements>.sellers.people.<elements>)
    - QuerySpaces
       - CollectionQuerySpaceImpl(uid=<gen:0>, collection=Abstract.TicketSeller.passes)
          - SQL table alias mapping - passes0_
          - alias suffix - 0_
          - suffixed key columns - {ticketse1_5_0_}
          - entity-element alias suffix - 1_
          - 1_entity-element suffixed key columns - id2_2_1_
          - JOIN (JoinDefinedByMetadata(elements)) : <gen:0> -> <gen:1>
             - EntityQuerySpaceImpl(uid=<gen:1>, entity=Classes.Pass)
                - SQL table alias mapping - pass1_
                - alias suffix - 1_
                - suffixed key columns - {id2_2_1_}
                - JOIN (JoinDefinedByMetadata(seller)) : <gen:1> -> <gen:2>
                   - EntityQuerySpaceImpl(uid=<gen:2>, entity=Abstract.TicketSeller)
                      - SQL table alias mapping - ticketsell2_
                      - alias suffix - 2_
                      - suffixed key columns - {id2_3_2_}
                - JOIN (JoinDefinedByMetadata(person)) : <gen:1> -> <gen:5>
                   - EntityQuerySpaceImpl(uid=<gen:5>, entity=Classes.Person)
                      - SQL table alias mapping - person3_
                      - alias suffix - 3_
                      - suffixed key columns - {id1_1_3_}
                      - JOIN (JoinDefinedByMetadata(cardNum)) : <gen:5> -> <gen:6>
                         - EntityQuerySpaceImpl(uid=<gen:6>, entity=Classes.Card)
                            - SQL table alias mapping - card4_
                            - alias suffix - 4_
                            - suffixed key columns - {id1_0_4_}
                - JOIN (JoinDefinedByMetadata(sellers)) : <gen:1> -> <gen:7>
                   - EntityQuerySpaceImpl(uid=<gen:7>, entity=Abstract.TicketSeller)
                      - SQL table alias mapping - ticketsell5_
                      - alias suffix - 5_
                      - suffixed key columns - {id2_3_5_}

12:51:55.930 [main] DEBUG o.h.l.c.plan.CollectionLoader - Static select for collection Abstract.TicketSeller.passes: select passes0_.TicketSeller_id as ticketse1_5_0_, passes0_.passes_id as passes_i3_5_0_, pass1_.id as id2_2_1_, pass1_.seller_id as seller_i4_2_1_, pass1_.person_id as person_i5_2_1_, pass1_.sellers_id as sellers_6_2_1_, pass1_.validity as validity3_2_1_, ticketsell2_.id as id2_3_2_, ticketsell2_.seller_name as seller_n3_3_2_, ticketsell2_.isWorking as isworkin4_3_2_, ticketsell2_.type as type1_3_2_, person3_.id as id1_1_3_, person3_.birthdate as birthdat2_1_3_, person3_.cardNum_id as cardnum_5_1_3_, person3_.firstName as firstnam3_1_3_, person3_.lastName as lastname4_1_3_, card4_.id as id1_0_4_, card4_.emissionDate as emission2_0_4_, card4_.expirationDate as expirati3_0_4_, ticketsell5_.id as id2_3_5_, ticketsell5_.seller_name as seller_n3_3_5_, ticketsell5_.isWorking as isworkin4_3_5_, ticketsell5_.type as type1_3_5_ from TicketSeller_Ticket passes0_ inner join Ticket pass1_ on passes0_.passes_id=pass1_.id left outer join TicketSeller ticketsell2_ on pass1_.seller_id=ticketsell2_.id left outer join Person person3_ on pass1_.person_id=person3_.id left outer join Card card4_ on person3_.cardNum_id=card4_.id left outer join TicketSeller ticketsell5_ on pass1_.sellers_id=ticketsell5_.id where passes0_.TicketSeller_id=?
12:51:55.930 [main] DEBUG o.h.l.p.b.i.spaces.QuerySpacesImpl - Adding QuerySpace : uid = <gen:0> -> org.hibernate.loader.plan.build.internal.spaces.CollectionQuerySpaceImpl@5f05c8d6]
12:51:55.930 [main] DEBUG o.h.l.p.b.i.spaces.QuerySpacesImpl - Adding QuerySpace : uid = <gen:1> -> org.hibernate.loader.plan.build.internal.spaces.EntityQuerySpaceImpl@68e02f33]
12:51:55.930 [main] DEBUG o.h.p.w.spi.MetamodelGraphWalker - Visiting attribute path : birthdate
12:51:55.930 [main] DEBUG o.h.p.w.spi.MetamodelGraphWalker - Visiting attribute path : cardNum
12:51:55.930 [main] DEBUG o.h.l.p.b.i.spaces.QuerySpacesImpl - Adding QuerySpace : uid = <gen:2> -> org.hibernate.loader.plan.build.internal.spaces.EntityQuerySpaceImpl@7cfac39f]
12:51:55.930 [main] DEBUG o.h.p.w.spi.MetamodelGraphWalker - Visiting attribute path : cardNum.emissionDate
12:51:55.930 [main] DEBUG o.h.p.w.spi.MetamodelGraphWalker - Visiting attribute path : cardNum.expirationDate
12:51:55.930 [main] DEBUG o.h.p.w.spi.MetamodelGraphWalker - Visiting attribute path : cardNum.person
12:51:55.930 [main] DEBUG o.h.p.w.spi.MetamodelGraphWalker - Property path deemed to be circular : cardNum.person
12:51:55.930 [main] DEBUG o.h.p.w.spi.MetamodelGraphWalker - Visiting attribute path : firstName
12:51:55.930 [main] DEBUG o.h.p.w.spi.MetamodelGraphWalker - Visiting attribute path : lastName
12:51:55.930 [main] DEBUG o.h.l.p.b.i.FetchStyleLoadPlanBuildingAssociationVisitationStrategy - Building LoadPlan...
12:51:55.930 [main] DEBUG o.h.l.p.e.i.LoadQueryJoinAndFetchProcessor - processing queryspace <gen:0>
12:51:55.930 [main] DEBUG o.h.l.p.b.spi.LoadPlanTreePrinter - LoadPlan(collection=Classes.Shop.people)
    - Returns
       - CollectionReturnImpl(collection=Classes.Shop.people, querySpaceUid=<gen:0>, path=[Classes.Shop.people])
          - (collection element) CollectionFetchableElementEntityGraph(entity=Classes.Person, querySpaceUid=<gen:1>, path=[Classes.Shop.people].<elements>)
             - EntityAttributeFetchImpl(entity=Classes.Card, querySpaceUid=<gen:2>, path=[Classes.Shop.people].<elements>.cardNum)
    - QuerySpaces
       - CollectionQuerySpaceImpl(uid=<gen:0>, collection=Classes.Shop.people)
          - SQL table alias mapping - people0_
          - alias suffix - 0_
          - suffixed key columns - {shop_id1_4_0_}
          - entity-element alias suffix - 1_
          - 1_entity-element suffixed key columns - id1_1_1_
          - JOIN (JoinDefinedByMetadata(elements)) : <gen:0> -> <gen:1>
             - EntityQuerySpaceImpl(uid=<gen:1>, entity=Classes.Person)
                - SQL table alias mapping - person1_
                - alias suffix - 1_
                - suffixed key columns - {id1_1_1_}
                - JOIN (JoinDefinedByMetadata(cardNum)) : <gen:1> -> <gen:2>
                   - EntityQuerySpaceImpl(uid=<gen:2>, entity=Classes.Card)
                      - SQL table alias mapping - card2_
                      - alias suffix - 2_
                      - suffixed key columns - {id1_0_2_}

12:51:55.930 [main] DEBUG o.h.l.c.plan.CollectionLoader - Static select for collection Classes.Shop.people: select people0_.Shop_id as shop_id1_4_0_, people0_.people_id as people_i2_4_0_, person1_.id as id1_1_1_, person1_.birthdate as birthdat2_1_1_, person1_.cardNum_id as cardnum_5_1_1_, person1_.firstName as firstnam3_1_1_, person1_.lastName as lastname4_1_1_, card2_.id as id1_0_2_, card2_.emissionDate as emission2_0_2_, card2_.expirationDate as expirati3_0_2_ from TicketSeller_Person people0_ inner join Person person1_ on people0_.people_id=person1_.id left outer join Card card2_ on person1_.cardNum_id=card2_.id where people0_.Shop_id=?
12:51:55.954 [main] INFO  o.hibernate.orm.connections.access - HHH10001501: Connection obtained from JdbcConnectionAccess [org.hibernate.engine.jdbc.env.internal.JdbcEnvironmentInitiator$ConnectionProviderJdbcConnectionAccess@76cf841] for (non-JTA) DDL execution was not in auto-commit mode; the Connection 'local transaction' will be committed and the Connection will be set into auto-commit mode.
12:51:55.969 [main] DEBUG org.hibernate.mapping.Table - No alter strings for table : Card
12:51:55.969 [main] DEBUG org.hibernate.mapping.Table - No alter strings for table : Person
12:51:55.969 [main] DEBUG org.hibernate.mapping.Table - No alter strings for table : Ticket
12:51:55.969 [main] DEBUG org.hibernate.mapping.Table - No alter strings for table : TicketSeller
12:51:55.969 [main] DEBUG org.hibernate.mapping.Table - No alter strings for table : TicketSeller_Person
12:51:55.969 [main] DEBUG org.hibernate.mapping.Table - No alter strings for table : TicketSeller_Ticket
12:51:56.025 [main] DEBUG o.h.e.t.j.p.i.JtaPlatformInitiator - No JtaPlatform was specified, checking resolver
12:51:56.026 [main] DEBUG o.h.e.t.j.p.i.JtaPlatformResolverInitiator - No JtaPlatformResolver was specified, using default [org.hibernate.engine.transaction.jta.platform.internal.StandardJtaPlatformResolver]
12:51:56.029 [main] DEBUG o.h.e.t.j.p.i.StandardJtaPlatformResolver - Could not resolve JtaPlatform, using default [org.hibernate.engine.transaction.jta.platform.internal.NoJtaPlatform]
12:51:56.029 [main] INFO  o.h.e.t.j.p.i.JtaPlatformInitiator - HHH000490: Using JtaPlatform implementation: [org.hibernate.engine.transaction.jta.platform.internal.NoJtaPlatform]
12:51:56.032 [main] DEBUG o.h.s.i.SessionFactoryServiceRegistryImpl - EventListenerRegistry access via ServiceRegistry is deprecated.  Use `sessionFactory.getEventEngine().getListenerRegistry()` instead
12:51:56.033 [main] DEBUG o.h.h.i.QueryTranslatorFactoryInitiator - QueryTranslatorFactory: org.hibernate.hql.internal.ast.ASTQueryTranslatorFactory@3cc30dee
12:51:56.036 [main] DEBUG o.h.query.spi.NamedQueryRepository - Checking 0 named HQL queries
12:51:56.036 [main] DEBUG o.h.query.spi.NamedQueryRepository - Checking 0 named SQL queries
12:51:56.037 [main] DEBUG o.h.internal.SessionFactoryRegistry - Initializing SessionFactoryRegistry : org.hibernate.internal.SessionFactoryRegistry@e91b4f4
12:51:56.037 [main] DEBUG o.h.internal.SessionFactoryRegistry - Registering SessionFactory: 72cd0884-140e-4d0a-855e-2cfb8cc68b8a (<unnamed>)
12:51:56.037 [main] DEBUG o.h.internal.SessionFactoryRegistry - Not binding SessionFactory to JNDI, no JNDI name configured
12:51:56.065 [main] DEBUG o.h.s.internal.StatisticsInitiator - Statistics initialized [enabled=false]
12:51:56.069 [main] DEBUG o.h.e.t.internal.TransactionImpl - On TransactionImpl creation, JpaCompliance#isJpaTransactionComplianceEnabled == false
12:51:56.069 [main] DEBUG o.h.e.t.internal.TransactionImpl - begin
12:51:56.070 [main] DEBUG o.h.e.i.EntityCopyObserverFactoryInitiator - Configured EntityCopyObserver strategy: disallow
12:51:56.075 [main] DEBUG org.hibernate.SQL - select nextval ('elCat_seq')
12:51:56.077 [main] DEBUG o.h.id.enhanced.SequenceStructure - Sequence value obtained: 5
12:51:56.077 [main] DEBUG o.h.r.j.i.ResourceRegistryStandardImpl - HHH000387: ResultSet's statement was not registered
12:51:56.078 [main] DEBUG o.h.e.i.AbstractSaveEventListener - Generated identifier: 5, using strategy: org.hibernate.id.enhanced.SequenceStyleGenerator
12:51:56.082 [main] DEBUG o.h.e.t.internal.TransactionImpl - committing
12:51:56.082 [main] DEBUG o.h.e.i.AbstractFlushingEventListener - Processing flush-time cascades
12:51:56.083 [main] DEBUG o.h.e.i.AbstractFlushingEventListener - Dirty checking collections
12:51:56.085 [main] DEBUG o.h.e.i.AbstractFlushingEventListener - Flushed: 1 insertions, 0 updates, 0 deletions to 1 objects
12:51:56.085 [main] DEBUG o.h.e.i.AbstractFlushingEventListener - Flushed: 0 (re)creations, 0 updates, 0 removals to 0 collections
12:51:56.085 [main] DEBUG o.h.internal.util.EntityPrinter - Listing entities:
12:51:56.086 [main] DEBUG o.h.internal.util.EntityPrinter - Classes.VendingMachine{tickets=null, passes=null, name=Vending DiGregorio, id=5, isWorking=false}
12:51:56.088 [main] DEBUG org.hibernate.SQL - insert into TicketSeller (seller_name, isWorking, type, id) values (?, ?, 'vending_machine', ?)
12:51:56.092 [main] DEBUG o.h.r.j.i.LogicalConnectionManagedImpl - Initiating JDBC connection release from afterTransaction
12:51:56.092 [main] DEBUG o.h.r.j.i.LogicalConnectionManagedImpl - Initiating JDBC connection release from afterTransaction
12:54:44.521 [main] DEBUG org.jboss.logging - Logging Provider: org.jboss.logging.Slf4jLoggerProvider
12:54:44.580 [main] DEBUG o.h.jpa.HibernatePersistenceProvider - Located and parsed 2 persistence units; checking each
12:54:44.581 [main] DEBUG o.h.jpa.HibernatePersistenceProvider - Checking persistence-unit [name=HomeworkS3D3, explicit-provider=null] against incoming persistence unit name [BuildWeek_4]
12:54:44.581 [main] DEBUG o.h.jpa.HibernatePersistenceProvider - Excluding from consideration due to name mis-match
12:54:44.581 [main] DEBUG o.h.jpa.HibernatePersistenceProvider - Checking persistence-unit [name=BuildWeek_4, explicit-provider=null] against incoming persistence unit name [BuildWeek_4]
12:54:44.581 [main] DEBUG o.h.jpa.boot.spi.ProviderChecker - No PersistenceProvider explicitly requested, assuming Hibernate
12:54:44.585 [main] DEBUG o.h.jpa.internal.util.LogHelper - PersistenceUnitInfo [
	name: BuildWeek_4
	persistence provider classname: null
	classloader: null
	excludeUnlistedClasses: false
	JTA datasource: null
	Non JTA datasource: null
	Transaction type: RESOURCE_LOCAL
	PU root URL: file:/C:/Users/total/Desktop/All/Epicode/fs0223-Luca-Sernicola-BackEnd/BuildWeek_4/target/classes/
	Shared Cache Mode: null
	Validation Mode: null
	Jar files URLs []
	Managed classes names []
	Mapping files names []
	Properties [
		javax.persistence.jdbc.driver: org.postgresql.Driver
		javax.persistence.jdbc.password: root
		hibernate.dialect: org.hibernate.dialect.PostgreSQLDialect
		javax.persistence.jdbc.url: jdbc:postgresql://localhost:5432/BuildWeek
		hibernate.hbm2ddl.auto: update
		javax.persistence.jdbc.user: postgres]
12:54:44.587 [main] DEBUG o.h.i.internal.IntegratorServiceImpl - Adding Integrator [org.hibernate.cfg.beanvalidation.BeanValidationIntegrator].
12:54:44.588 [main] DEBUG o.h.i.internal.IntegratorServiceImpl - Adding Integrator [org.hibernate.secure.spi.JaccIntegrator].
12:54:44.590 [main] DEBUG o.h.i.internal.IntegratorServiceImpl - Adding Integrator [org.hibernate.cache.internal.CollectionCacheInvalidator].
12:54:44.615 [main] INFO  org.hibernate.Version - HHH000412: Hibernate ORM core version 5.6.15.Final
12:54:44.616 [main] DEBUG org.hibernate.cfg.Environment - HHH000206: hibernate.properties not found
12:54:44.716 [main] DEBUG o.h.service.spi.ServiceBinding - Overriding existing service binding [org.hibernate.secure.spi.JaccService]
12:54:44.724 [main] DEBUG o.h.c.i.RegionFactoryInitiator - Cannot default RegionFactory based on registered strategies as `[]` RegionFactory strategies were registered
12:54:44.724 [main] DEBUG o.h.c.i.RegionFactoryInitiator - Cache region factory : org.hibernate.cache.internal.NoCachingRegionFactory
12:54:44.734 [main] INFO  o.h.annotations.common.Version - HCANN000001: Hibernate Commons Annotations {5.1.2.Final}
12:54:44.787 [main] DEBUG o.hibernate.type.BasicTypeRegistry - Adding type registration boolean -> org.hibernate.type.BooleanType@ea9b7c6
12:54:44.787 [main] DEBUG o.hibernate.type.BasicTypeRegistry - Adding type registration boolean -> org.hibernate.type.BooleanType@ea9b7c6
12:54:44.787 [main] DEBUG o.hibernate.type.BasicTypeRegistry - Adding type registration java.lang.Boolean -> org.hibernate.type.BooleanType@ea9b7c6
12:54:44.788 [main] DEBUG o.hibernate.type.BasicTypeRegistry - Adding type registration numeric_boolean -> org.hibernate.type.NumericBooleanType@3fffff43
12:54:44.788 [main] DEBUG o.hibernate.type.BasicTypeRegistry - Adding type registration true_false -> org.hibernate.type.TrueFalseType@7b324585
12:54:44.788 [main] DEBUG o.hibernate.type.BasicTypeRegistry - Adding type registration yes_no -> org.hibernate.type.YesNoType@fd8294b
12:54:44.789 [main] DEBUG o.hibernate.type.BasicTypeRegistry - Adding type registration byte -> org.hibernate.type.ByteType@4fbda97b
12:54:44.789 [main] DEBUG o.hibernate.type.BasicTypeRegistry - Adding type registration byte -> org.hibernate.type.ByteType@4fbda97b
12:54:44.789 [main] DEBUG o.hibernate.type.BasicTypeRegistry - Adding type registration java.lang.Byte -> org.hibernate.type.ByteType@4fbda97b
12:54:44.789 [main] DEBUG o.hibernate.type.BasicTypeRegistry - Adding type registration character -> org.hibernate.type.CharacterType@354fc8f0
12:54:44.789 [main] DEBUG o.hibernate.type.BasicTypeRegistry - Adding type registration char -> org.hibernate.type.CharacterType@354fc8f0
12:54:44.789 [main] DEBUG o.hibernate.type.BasicTypeRegistry - Adding type registration java.lang.Character -> org.hibernate.type.CharacterType@354fc8f0
12:54:44.790 [main] DEBUG o.hibernate.type.BasicTypeRegistry - Adding type registration short -> org.hibernate.type.ShortType@a4b2d8f
12:54:44.790 [main] DEBUG o.hibernate.type.BasicTypeRegistry - Adding type registration short -> org.hibernate.type.ShortType@a4b2d8f
12:54:44.790 [main] DEBUG o.hibernate.type.BasicTypeRegistry - Adding type registration java.lang.Short -> org.hibernate.type.ShortType@a4b2d8f
12:54:44.791 [main] DEBUG o.hibernate.type.BasicTypeRegistry - Adding type registration integer -> org.hibernate.type.IntegerType@51cd7ffc
12:54:44.791 [main] DEBUG o.hibernate.type.BasicTypeRegistry - Adding type registration int -> org.hibernate.type.IntegerType@51cd7ffc
12:54:44.791 [main] DEBUG o.hibernate.type.BasicTypeRegistry - Adding type registration java.lang.Integer -> org.hibernate.type.IntegerType@51cd7ffc
12:54:44.791 [main] DEBUG o.hibernate.type.BasicTypeRegistry - Adding type registration long -> org.hibernate.type.LongType@590c73d3
12:54:44.791 [main] DEBUG o.hibernate.type.BasicTypeRegistry - Adding type registration long -> org.hibernate.type.LongType@590c73d3
12:54:44.791 [main] DEBUG o.hibernate.type.BasicTypeRegistry - Adding type registration java.lang.Long -> org.hibernate.type.LongType@590c73d3
12:54:44.792 [main] DEBUG o.hibernate.type.BasicTypeRegistry - Adding type registration float -> org.hibernate.type.FloatType@79da1ec0
12:54:44.792 [main] DEBUG o.hibernate.type.BasicTypeRegistry - Adding type registration float -> org.hibernate.type.FloatType@79da1ec0
12:54:44.792 [main] DEBUG o.hibernate.type.BasicTypeRegistry - Adding type registration java.lang.Float -> org.hibernate.type.FloatType@79da1ec0
12:54:44.792 [main] DEBUG o.hibernate.type.BasicTypeRegistry - Adding type registration double -> org.hibernate.type.DoubleType@66ce957f
12:54:44.792 [main] DEBUG o.hibernate.type.BasicTypeRegistry - Adding type registration double -> org.hibernate.type.DoubleType@66ce957f
12:54:44.792 [main] DEBUG o.hibernate.type.BasicTypeRegistry - Adding type registration java.lang.Double -> org.hibernate.type.DoubleType@66ce957f
12:54:44.793 [main] DEBUG o.hibernate.type.BasicTypeRegistry - Adding type registration big_decimal -> org.hibernate.type.BigDecimalType@3b220bcb
12:54:44.793 [main] DEBUG o.hibernate.type.BasicTypeRegistry - Adding type registration java.math.BigDecimal -> org.hibernate.type.BigDecimalType@3b220bcb
12:54:44.793 [main] DEBUG o.hibernate.type.BasicTypeRegistry - Adding type registration big_integer -> org.hibernate.type.BigIntegerType@13e3c1c7
12:54:44.793 [main] DEBUG o.hibernate.type.BasicTypeRegistry - Adding type registration java.math.BigInteger -> org.hibernate.type.BigIntegerType@13e3c1c7
12:54:44.794 [main] DEBUG o.hibernate.type.BasicTypeRegistry - Adding type registration string -> org.hibernate.type.StringType@1d8062d2
12:54:44.794 [main] DEBUG o.hibernate.type.BasicTypeRegistry - Adding type registration java.lang.String -> org.hibernate.type.StringType@1d8062d2
12:54:44.794 [main] DEBUG o.hibernate.type.BasicTypeRegistry - Adding type registration nstring -> org.hibernate.type.StringNVarcharType@285c08c8
12:54:44.794 [main] DEBUG o.hibernate.type.BasicTypeRegistry - Adding type registration ncharacter -> org.hibernate.type.CharacterNCharType@64dafeed
12:54:44.795 [main] DEBUG o.hibernate.type.BasicTypeRegistry - Adding type registration url -> org.hibernate.type.UrlType@6111ba37
12:54:44.795 [main] DEBUG o.hibernate.type.BasicTypeRegistry - Adding type registration java.net.URL -> org.hibernate.type.UrlType@6111ba37
12:54:44.795 [main] DEBUG o.hibernate.type.BasicTypeRegistry - Adding type registration Duration -> org.hibernate.type.DurationType@4721d212
12:54:44.795 [main] DEBUG o.hibernate.type.BasicTypeRegistry - Adding type registration java.time.Duration -> org.hibernate.type.DurationType@4721d212
12:54:44.796 [main] DEBUG o.hibernate.type.BasicTypeRegistry - Adding type registration Instant -> org.hibernate.type.InstantType@654d8173
12:54:44.797 [main] DEBUG o.hibernate.type.BasicTypeRegistry - Adding type registration java.time.Instant -> org.hibernate.type.InstantType@654d8173
12:54:44.797 [main] DEBUG o.hibernate.type.BasicTypeRegistry - Adding type registration LocalDateTime -> org.hibernate.type.LocalDateTimeType@239b0f9d
12:54:44.797 [main] DEBUG o.hibernate.type.BasicTypeRegistry - Adding type registration java.time.LocalDateTime -> org.hibernate.type.LocalDateTimeType@239b0f9d
12:54:44.797 [main] DEBUG o.hibernate.type.BasicTypeRegistry - Adding type registration LocalDate -> org.hibernate.type.LocalDateType@650eab8
12:54:44.797 [main] DEBUG o.hibernate.type.BasicTypeRegistry - Adding type registration java.time.LocalDate -> org.hibernate.type.LocalDateType@650eab8
12:54:44.798 [main] DEBUG o.hibernate.type.BasicTypeRegistry - Adding type registration LocalTime -> org.hibernate.type.LocalTimeType@f0e995e
12:54:44.798 [main] DEBUG o.hibernate.type.BasicTypeRegistry - Adding type registration java.time.LocalTime -> org.hibernate.type.LocalTimeType@f0e995e
12:54:44.798 [main] DEBUG o.hibernate.type.BasicTypeRegistry - Adding type registration OffsetDateTime -> org.hibernate.type.OffsetDateTimeType@50fe837a
12:54:44.799 [main] DEBUG o.hibernate.type.BasicTypeRegistry - Adding type registration java.time.OffsetDateTime -> org.hibernate.type.OffsetDateTimeType@50fe837a
12:54:44.799 [main] DEBUG o.hibernate.type.BasicTypeRegistry - Adding type registration OffsetTime -> org.hibernate.type.OffsetTimeType@1623134f
12:54:44.799 [main] DEBUG o.hibernate.type.BasicTypeRegistry - Adding type registration java.time.OffsetTime -> org.hibernate.type.OffsetTimeType@1623134f
12:54:44.800 [main] DEBUG o.hibernate.type.BasicTypeRegistry - Adding type registration ZonedDateTime -> org.hibernate.type.ZonedDateTimeType@5ad10c1a
12:54:44.800 [main] DEBUG o.hibernate.type.BasicTypeRegistry - Adding type registration java.time.ZonedDateTime -> org.hibernate.type.ZonedDateTimeType@5ad10c1a
12:54:44.801 [main] DEBUG o.hibernate.type.BasicTypeRegistry - Adding type registration date -> org.hibernate.type.DateType@15eebbff
12:54:44.801 [main] DEBUG o.hibernate.type.BasicTypeRegistry - Adding type registration java.sql.Date -> org.hibernate.type.DateType@15eebbff
12:54:44.802 [main] DEBUG o.hibernate.type.BasicTypeRegistry - Adding type registration time -> org.hibernate.type.TimeType@3e34ace1
12:54:44.802 [main] DEBUG o.hibernate.type.BasicTypeRegistry - Adding type registration java.sql.Time -> org.hibernate.type.TimeType@3e34ace1
12:54:44.802 [main] DEBUG o.hibernate.type.BasicTypeRegistry - Adding type registration timestamp -> org.hibernate.type.TimestampType@6cbcf243
12:54:44.802 [main] DEBUG o.hibernate.type.BasicTypeRegistry - Adding type registration java.sql.Timestamp -> org.hibernate.type.TimestampType@6cbcf243
12:54:44.802 [main] DEBUG o.hibernate.type.BasicTypeRegistry - Adding type registration java.util.Date -> org.hibernate.type.TimestampType@6cbcf243
12:54:44.803 [main] DEBUG o.hibernate.type.BasicTypeRegistry - Adding type registration dbtimestamp -> org.hibernate.type.DbTimestampType@38be305c
12:54:44.805 [main] DEBUG o.hibernate.type.BasicTypeRegistry - Adding type registration calendar -> org.hibernate.type.CalendarType@26a4842b
12:54:44.805 [main] DEBUG o.hibernate.type.BasicTypeRegistry - Adding type registration java.util.Calendar -> org.hibernate.type.CalendarType@26a4842b
12:54:44.805 [main] DEBUG o.hibernate.type.BasicTypeRegistry - Adding type registration java.util.GregorianCalendar -> org.hibernate.type.CalendarType@26a4842b
12:54:44.805 [main] DEBUG o.hibernate.type.BasicTypeRegistry - Adding type registration calendar_date -> org.hibernate.type.CalendarDateType@a5b0b86
12:54:44.805 [main] DEBUG o.hibernate.type.BasicTypeRegistry - Adding type registration calendar_time -> org.hibernate.type.CalendarTimeType@2611b9a3
12:54:44.806 [main] DEBUG o.hibernate.type.BasicTypeRegistry - Adding type registration locale -> org.hibernate.type.LocaleType@5b64c4b7
12:54:44.806 [main] DEBUG o.hibernate.type.BasicTypeRegistry - Adding type registration java.util.Locale -> org.hibernate.type.LocaleType@5b64c4b7
12:54:44.807 [main] DEBUG o.hibernate.type.BasicTypeRegistry - Adding type registration currency -> org.hibernate.type.CurrencyType@1252b961
12:54:44.807 [main] DEBUG o.hibernate.type.BasicTypeRegistry - Adding type registration java.util.Currency -> org.hibernate.type.CurrencyType@1252b961
12:54:44.807 [main] DEBUG o.hibernate.type.BasicTypeRegistry - Adding type registration timezone -> org.hibernate.type.TimeZoneType@4d098f9b
12:54:44.807 [main] DEBUG o.hibernate.type.BasicTypeRegistry - Adding type registration java.util.TimeZone -> org.hibernate.type.TimeZoneType@4d098f9b
12:54:44.807 [main] DEBUG o.hibernate.type.BasicTypeRegistry - Adding type registration class -> org.hibernate.type.ClassType@7b64240d
12:54:44.807 [main] DEBUG o.hibernate.type.BasicTypeRegistry - Adding type registration java.lang.Class -> org.hibernate.type.ClassType@7b64240d
12:54:44.808 [main] DEBUG o.hibernate.type.BasicTypeRegistry - Adding type registration uuid-binary -> org.hibernate.type.UUIDBinaryType@6d24ffa1
12:54:44.808 [main] DEBUG o.hibernate.type.BasicTypeRegistry - Adding type registration java.util.UUID -> org.hibernate.type.UUIDBinaryType@6d24ffa1
12:54:44.808 [main] DEBUG o.hibernate.type.BasicTypeRegistry - Adding type registration uuid-char -> org.hibernate.type.UUIDCharType@426b6a74
12:54:44.809 [main] DEBUG o.hibernate.type.BasicTypeRegistry - Adding type registration binary -> org.hibernate.type.BinaryType@7d3430a7
12:54:44.809 [main] DEBUG o.hibernate.type.BasicTypeRegistry - Adding type registration byte[] -> org.hibernate.type.BinaryType@7d3430a7
12:54:44.809 [main] DEBUG o.hibernate.type.BasicTypeRegistry - Adding type registration [B -> org.hibernate.type.BinaryType@7d3430a7
12:54:44.809 [main] DEBUG o.hibernate.type.BasicTypeRegistry - Adding type registration wrapper-binary -> org.hibernate.type.WrapperBinaryType@5536379e
12:54:44.809 [main] DEBUG o.hibernate.type.BasicTypeRegistry - Adding type registration Byte[] -> org.hibernate.type.WrapperBinaryType@5536379e
12:54:44.809 [main] DEBUG o.hibernate.type.BasicTypeRegistry - Adding type registration [Ljava.lang.Byte; -> org.hibernate.type.WrapperBinaryType@5536379e
12:54:44.810 [main] DEBUG o.hibernate.type.BasicTypeRegistry - Adding type registration row_version -> org.hibernate.type.RowVersionType@2b491fee
12:54:44.810 [main] DEBUG o.hibernate.type.BasicTypeRegistry - Adding type registration image -> org.hibernate.type.ImageType@3e8f7922
12:54:44.810 [main] DEBUG o.hibernate.type.BasicTypeRegistry - Adding type registration characters -> org.hibernate.type.CharArrayType@6ca0256d
12:54:44.810 [main] DEBUG o.hibernate.type.BasicTypeRegistry - Adding type registration char[] -> org.hibernate.type.CharArrayType@6ca0256d
12:54:44.811 [main] DEBUG o.hibernate.type.BasicTypeRegistry - Adding type registration [C -> org.hibernate.type.CharArrayType@6ca0256d
12:54:44.811 [main] DEBUG o.hibernate.type.BasicTypeRegistry - Adding type registration wrapper-characters -> org.hibernate.type.CharacterArrayType@e260766
12:54:44.811 [main] DEBUG o.hibernate.type.BasicTypeRegistry - Adding type registration [Ljava.lang.Character; -> org.hibernate.type.CharacterArrayType@e260766
12:54:44.811 [main] DEBUG o.hibernate.type.BasicTypeRegistry - Adding type registration Character[] -> org.hibernate.type.CharacterArrayType@e260766
12:54:44.811 [main] DEBUG o.hibernate.type.BasicTypeRegistry - Adding type registration text -> org.hibernate.type.TextType@7c56e013
12:54:44.812 [main] DEBUG o.hibernate.type.BasicTypeRegistry - Adding type registration ntext -> org.hibernate.type.NTextType@6731787b
12:54:44.812 [main] DEBUG o.hibernate.type.BasicTypeRegistry - Adding type registration blob -> org.hibernate.type.BlobType@2cb3d0f7
12:54:44.812 [main] DEBUG o.hibernate.type.BasicTypeRegistry - Adding type registration java.sql.Blob -> org.hibernate.type.BlobType@2cb3d0f7
12:54:44.813 [main] DEBUG o.hibernate.type.BasicTypeRegistry - Adding type registration materialized_blob -> org.hibernate.type.MaterializedBlobType@5860f3d7
12:54:44.813 [main] DEBUG o.hibernate.type.BasicTypeRegistry - Adding type registration clob -> org.hibernate.type.ClobType@67389cb8
12:54:44.813 [main] DEBUG o.hibernate.type.BasicTypeRegistry - Adding type registration java.sql.Clob -> org.hibernate.type.ClobType@67389cb8
12:54:44.814 [main] DEBUG o.hibernate.type.BasicTypeRegistry - Adding type registration nclob -> org.hibernate.type.NClobType@74e47444
12:54:44.814 [main] DEBUG o.hibernate.type.BasicTypeRegistry - Adding type registration java.sql.NClob -> org.hibernate.type.NClobType@74e47444
12:54:44.814 [main] DEBUG o.hibernate.type.BasicTypeRegistry - Adding type registration materialized_clob -> org.hibernate.type.MaterializedClobType@6e4de19b
12:54:44.815 [main] DEBUG o.hibernate.type.BasicTypeRegistry - Adding type registration materialized_nclob -> org.hibernate.type.MaterializedNClobType@1991f767
12:54:44.815 [main] DEBUG o.hibernate.type.BasicTypeRegistry - Adding type registration serializable -> org.hibernate.type.SerializableType@7db82169
12:54:44.817 [main] DEBUG o.hibernate.type.BasicTypeRegistry - Adding type registration object -> org.hibernate.type.ObjectType@3a94964
12:54:44.818 [main] DEBUG o.hibernate.type.BasicTypeRegistry - Adding type registration java.lang.Object -> org.hibernate.type.ObjectType@3a94964
12:54:44.818 [main] DEBUG o.hibernate.type.BasicTypeRegistry - Adding type registration imm_date -> org.hibernate.type.AdaptedImmutableType@2a3591c5
12:54:44.818 [main] DEBUG o.hibernate.type.BasicTypeRegistry - Adding type registration imm_time -> org.hibernate.type.AdaptedImmutableType@34a75079
12:54:44.818 [main] DEBUG o.hibernate.type.BasicTypeRegistry - Adding type registration imm_timestamp -> org.hibernate.type.AdaptedImmutableType@346a361
12:54:44.818 [main] DEBUG o.hibernate.type.BasicTypeRegistry - Adding type registration imm_dbtimestamp -> org.hibernate.type.AdaptedImmutableType@107ed6fc
12:54:44.818 [main] DEBUG o.hibernate.type.BasicTypeRegistry - Adding type registration imm_calendar -> org.hibernate.type.AdaptedImmutableType@1643d68f
12:54:44.818 [main] DEBUG o.hibernate.type.BasicTypeRegistry - Adding type registration imm_calendar_date -> org.hibernate.type.AdaptedImmutableType@186978a6
12:54:44.818 [main] DEBUG o.hibernate.type.BasicTypeRegistry - Adding type registration imm_binary -> org.hibernate.type.AdaptedImmutableType@2e029d61
12:54:44.818 [main] DEBUG o.hibernate.type.BasicTypeRegistry - Adding type registration imm_serializable -> org.hibernate.type.AdaptedImmutableType@482d776b
12:54:44.825 [main] DEBUG o.h.b.internal.BootstrapContextImpl - Injecting ScanEnvironment [org.hibernate.jpa.boot.internal.StandardJpaScanEnvironmentImpl@649725e3] into BootstrapContext; was [null]
12:54:44.825 [main] DEBUG o.h.b.internal.BootstrapContextImpl - Injecting ScanOptions [org.hibernate.boot.archive.scan.internal.StandardScanOptions@3c0fae6c] into BootstrapContext; was [org.hibernate.boot.archive.scan.internal.StandardScanOptions@4c168660]
12:54:44.858 [main] DEBUG o.h.b.internal.BootstrapContextImpl - Injecting JPA temp ClassLoader [null] into BootstrapContext; was [null]
12:54:44.858 [main] DEBUG o.h.b.internal.ClassLoaderAccessImpl - ClassLoaderAccessImpl#injectTempClassLoader(null) [was null]
12:54:44.864 [main] DEBUG o.h.i.f.i.DefaultIdentifierGeneratorFactory - Registering IdentifierGenerator strategy [uuid2] -> [org.hibernate.id.UUIDGenerator]
12:54:44.865 [main] DEBUG o.h.i.f.i.DefaultIdentifierGeneratorFactory - Registering IdentifierGenerator strategy [guid] -> [org.hibernate.id.GUIDGenerator]
12:54:44.865 [main] DEBUG o.h.i.f.i.DefaultIdentifierGeneratorFactory - Registering IdentifierGenerator strategy [uuid] -> [org.hibernate.id.UUIDHexGenerator]
12:54:44.865 [main] DEBUG o.h.i.f.i.DefaultIdentifierGeneratorFactory - Registering IdentifierGenerator strategy [uuid.hex] -> [org.hibernate.id.UUIDHexGenerator]
12:54:44.865 [main] DEBUG o.h.i.f.i.DefaultIdentifierGeneratorFactory - Registering IdentifierGenerator strategy [assigned] -> [org.hibernate.id.Assigned]
12:54:44.866 [main] DEBUG o.h.i.f.i.DefaultIdentifierGeneratorFactory - Registering IdentifierGenerator strategy [identity] -> [org.hibernate.id.IdentityGenerator]
12:54:44.867 [main] DEBUG o.h.i.f.i.DefaultIdentifierGeneratorFactory - Registering IdentifierGenerator strategy [select] -> [org.hibernate.id.SelectGenerator]
12:54:44.867 [main] DEBUG o.h.i.f.i.DefaultIdentifierGeneratorFactory - Registering IdentifierGenerator strategy [sequence] -> [org.hibernate.id.enhanced.SequenceStyleGenerator]
12:54:44.868 [main] DEBUG o.h.i.f.i.DefaultIdentifierGeneratorFactory - Registering IdentifierGenerator strategy [seqhilo] -> [org.hibernate.id.SequenceHiLoGenerator]
12:54:44.868 [main] DEBUG o.h.i.f.i.DefaultIdentifierGeneratorFactory - Registering IdentifierGenerator strategy [increment] -> [org.hibernate.id.IncrementGenerator]
12:54:44.868 [main] DEBUG o.h.i.f.i.DefaultIdentifierGeneratorFactory - Registering IdentifierGenerator strategy [foreign] -> [org.hibernate.id.ForeignGenerator]
12:54:44.868 [main] DEBUG o.h.i.f.i.DefaultIdentifierGeneratorFactory - Registering IdentifierGenerator strategy [sequence-identity] -> [org.hibernate.id.SequenceIdentityGenerator]
12:54:44.868 [main] DEBUG o.h.i.f.i.DefaultIdentifierGeneratorFactory - Registering IdentifierGenerator strategy [enhanced-sequence] -> [org.hibernate.id.enhanced.SequenceStyleGenerator]
12:54:44.869 [main] DEBUG o.h.i.f.i.DefaultIdentifierGeneratorFactory - Registering IdentifierGenerator strategy [enhanced-table] -> [org.hibernate.id.enhanced.TableGenerator]
12:54:44.871 [main] WARN  o.hibernate.orm.connections.pooling - HHH10001002: Using Hibernate built-in connection pool (not for production use!)
12:54:44.874 [main] INFO  o.hibernate.orm.connections.pooling - HHH10001005: using driver [org.postgresql.Driver] at URL [jdbc:postgresql://localhost:5432/BuildWeek]
12:54:44.874 [main] INFO  o.hibernate.orm.connections.pooling - HHH10001001: Connection properties: {password=root, user=postgres}
12:54:44.874 [main] INFO  o.hibernate.orm.connections.pooling - HHH10001003: Autocommit mode: false
12:54:44.876 [main] DEBUG o.h.e.j.c.i.DriverManagerConnectionProviderImpl - Initializing Connection pool with 1 Connections
12:54:44.876 [main] INFO  o.h.e.j.c.i.DriverManagerConnectionProviderImpl - HHH000115: Hibernate connection pool size: 20 (min=1)
12:54:45.032 [main] DEBUG o.h.e.j.e.i.JdbcEnvironmentInitiator - Database ->
       name : PostgreSQL
    version : 15.3
      major : 15
      minor : 3
12:54:45.032 [main] DEBUG o.h.e.j.e.i.JdbcEnvironmentInitiator - Driver ->
       name : PostgreSQL JDBC Driver
    version : 42.6.0
      major : 42
      minor : 6
12:54:45.032 [main] DEBUG o.h.e.j.e.i.JdbcEnvironmentInitiator - JDBC version : 4.2
12:54:45.039 [main] INFO  org.hibernate.dialect.Dialect - HHH000400: Using dialect: org.hibernate.dialect.PostgreSQLDialect
12:54:45.048 [main] DEBUG o.h.e.j.e.s.IdentifierHelperBuilder - JDBC driver metadata reported database stores quoted identifiers in neither upper, lower nor mixed case
12:54:45.066 [main] DEBUG o.hibernate.type.BasicTypeRegistry - Adding type registration pg-uuid -> org.hibernate.type.PostgresUUIDType@201aa8c1
12:54:45.066 [main] DEBUG o.hibernate.type.BasicTypeRegistry - Adding type registration java.util.UUID -> org.hibernate.type.PostgresUUIDType@201aa8c1
12:54:45.066 [main] DEBUG o.hibernate.type.BasicTypeRegistry - HHH000270: Type registration [java.util.UUID] overrides previous : org.hibernate.type.UUIDBinaryType@6d24ffa1
12:54:45.068 [main] DEBUG o.h.type.spi.TypeConfiguration$Scope - Scoping TypeConfiguration [org.hibernate.type.spi.TypeConfiguration@4aac85fa] to MetadataBuildingContext [org.hibernate.boot.internal.MetadataBuildingContextRootImpl@21fff664]
12:54:45.089 [main] DEBUG o.h.boot.model.relational.Namespace - Created database namespace [logicalName=Name{catalog=null, schema=null}, physicalName=Name{catalog=null, schema=null}]
12:54:45.096 [main] DEBUG org.hibernate.cfg.AnnotationBinder - Binding entity from annotated class: Abstract.TicketSeller
12:54:45.105 [main] DEBUG org.hibernate.cfg.Ejb3Column - Binding column: Ejb3DiscriminatorColumn{logicalColumnName'type', discriminatorTypeName='string'}
12:54:45.109 [main] DEBUG o.h.cfg.annotations.EntityBinder - Import with entity name TicketSeller
12:54:45.112 [main] DEBUG o.h.cfg.annotations.EntityBinder - Bind entity Abstract.TicketSeller on table TicketSeller
12:54:45.129 [main] DEBUG org.hibernate.cfg.Ejb3Column - Binding column: Ejb3Column{table=org.hibernate.mapping.Table(TicketSeller), mappingColumn=id, insertable=true, updatable=true, unique=false}
12:54:45.130 [main] DEBUG o.h.b.internal.ClassLoaderAccessImpl - Not known whether passed class name [Abstract.TicketSeller] is safe
12:54:45.130 [main] DEBUG o.h.b.internal.ClassLoaderAccessImpl - No temp ClassLoader provided; using live ClassLoader for loading potentially unsafe class : Abstract.TicketSeller
12:54:45.131 [main] DEBUG o.h.cfg.annotations.PropertyBinder - MetadataSourceProcessor property id with lazy=false
12:54:45.132 [main] DEBUG o.h.cfg.AbstractPropertyHolder - Attempting to locate auto-apply AttributeConverter for property [Abstract.TicketSeller:id]
12:54:45.133 [main] DEBUG o.h.c.annotations.SimpleValueBinder - building SimpleValue for id
12:54:45.134 [main] DEBUG o.h.cfg.annotations.PropertyBinder - Building property id
12:54:45.137 [main] DEBUG org.hibernate.cfg.BinderHelper - #makeIdGenerator(org.hibernate.mapping.SimpleValue([org.hibernate.mapping.Column(id)]), id, org.hibernate.id.enhanced.SequenceStyleGenerator, elCat_seq, ...)
12:54:45.138 [main] DEBUG org.hibernate.cfg.Ejb3Column - Binding column: Ejb3Column{table=org.hibernate.mapping.Table(TicketSeller), mappingColumn=seller_name, insertable=true, updatable=true, unique=false}
12:54:45.138 [main] DEBUG o.h.cfg.annotations.PropertyBinder - MetadataSourceProcessor property name with lazy=false
12:54:45.138 [main] DEBUG o.h.cfg.AbstractPropertyHolder - Attempting to locate auto-apply AttributeConverter for property [Abstract.TicketSeller:name]
12:54:45.138 [main] DEBUG o.h.c.annotations.SimpleValueBinder - building SimpleValue for name
12:54:45.138 [main] DEBUG o.h.cfg.annotations.PropertyBinder - Building property name
12:54:45.139 [main] DEBUG org.hibernate.cfg.Ejb3Column - Binding column: Ejb3JoinColumn{logicalColumnName='null', referencedColumn='null', mappedBy=''}
12:54:45.139 [main] DEBUG org.hibernate.cfg.Ejb3Column - Binding column: Ejb3Column{table=org.hibernate.mapping.Table(TicketSeller), mappingColumn=passes, insertable=true, updatable=true, unique=false}
12:54:45.140 [main] DEBUG org.hibernate.cfg.Ejb3Column - Binding column: Ejb3Column{table=org.hibernate.mapping.Table(TicketSeller), mappingColumn=null, insertable=true, updatable=true, unique=false}
12:54:45.145 [main] DEBUG org.hibernate.cfg.Ejb3Column - Binding column: Ejb3Column{table=org.hibernate.mapping.Table(TicketSeller), mappingColumn=element, insertable=true, updatable=true, unique=false}
12:54:45.145 [main] DEBUG org.hibernate.cfg.Ejb3Column - Binding column: Ejb3Column{table=org.hibernate.mapping.Table(TicketSeller), mappingColumn=passes_KEY, insertable=true, updatable=true, unique=false}
12:54:45.145 [main] DEBUG org.hibernate.cfg.Ejb3Column - Binding column: Ejb3JoinColumn{logicalColumnName='passes_KEY', referencedColumn='null', mappedBy='null'}
12:54:45.146 [main] DEBUG org.hibernate.cfg.Ejb3Column - Binding column: Ejb3JoinColumn{logicalColumnName='null', referencedColumn='null', mappedBy=''}
12:54:45.146 [main] DEBUG org.hibernate.cfg.Ejb3Column - Binding column: Ejb3JoinColumn{logicalColumnName='null', referencedColumn='null', mappedBy=''}
12:54:45.146 [main] DEBUG o.h.cfg.annotations.CollectionBinder - Collection role: Abstract.TicketSeller.passes
12:54:45.148 [main] DEBUG o.h.cfg.annotations.PropertyBinder - Building property passes
12:54:45.148 [main] DEBUG org.hibernate.cfg.Ejb3Column - Binding column: Ejb3JoinColumn{logicalColumnName='null', referencedColumn='null', mappedBy=''}
12:54:45.148 [main] DEBUG org.hibernate.cfg.Ejb3Column - Binding column: Ejb3Column{table=org.hibernate.mapping.Table(TicketSeller), mappingColumn=tickets, insertable=true, updatable=true, unique=false}
12:54:45.148 [main] DEBUG org.hibernate.cfg.Ejb3Column - Binding column: Ejb3Column{table=org.hibernate.mapping.Table(TicketSeller), mappingColumn=null, insertable=true, updatable=true, unique=false}
12:54:45.148 [main] DEBUG org.hibernate.cfg.Ejb3Column - Binding column: Ejb3Column{table=org.hibernate.mapping.Table(TicketSeller), mappingColumn=element, insertable=true, updatable=true, unique=false}
12:54:45.148 [main] DEBUG org.hibernate.cfg.Ejb3Column - Binding column: Ejb3Column{table=org.hibernate.mapping.Table(TicketSeller), mappingColumn=tickets_KEY, insertable=true, updatable=true, unique=false}
12:54:45.148 [main] DEBUG org.hibernate.cfg.Ejb3Column - Binding column: Ejb3JoinColumn{logicalColumnName='tickets_KEY', referencedColumn='null', mappedBy='null'}
12:54:45.148 [main] DEBUG org.hibernate.cfg.Ejb3Column - Binding column: Ejb3JoinColumn{logicalColumnName='null', referencedColumn='null', mappedBy=''}
12:54:45.148 [main] DEBUG org.hibernate.cfg.Ejb3Column - Binding column: Ejb3JoinColumn{logicalColumnName='null', referencedColumn='null', mappedBy=''}
12:54:45.148 [main] DEBUG o.h.cfg.annotations.CollectionBinder - Collection role: Abstract.TicketSeller.tickets
12:54:45.148 [main] DEBUG o.h.cfg.annotations.PropertyBinder - Building property tickets
12:54:45.152 [main] DEBUG org.hibernate.cfg.AnnotationBinder - Binding entity from annotated class: Classes.Card
12:54:45.152 [main] DEBUG org.hibernate.cfg.Ejb3Column - Binding column: Ejb3DiscriminatorColumn{logicalColumnName'DTYPE', discriminatorTypeName='string'}
12:54:45.152 [main] DEBUG o.h.cfg.annotations.EntityBinder - Import with entity name Card
12:54:45.152 [main] DEBUG o.h.cfg.annotations.EntityBinder - Bind entity Classes.Card on table Card
12:54:45.153 [main] DEBUG org.hibernate.cfg.Ejb3Column - Binding column: Ejb3Column{table=org.hibernate.mapping.Table(Card), mappingColumn=id, insertable=true, updatable=true, unique=false}
12:54:45.153 [main] DEBUG o.h.b.internal.ClassLoaderAccessImpl - Not known whether passed class name [Classes.Card] is safe
12:54:45.153 [main] DEBUG o.h.b.internal.ClassLoaderAccessImpl - No temp ClassLoader provided; using live ClassLoader for loading potentially unsafe class : Classes.Card
12:54:45.153 [main] DEBUG o.h.cfg.annotations.PropertyBinder - MetadataSourceProcessor property id with lazy=false
12:54:45.153 [main] DEBUG o.h.cfg.AbstractPropertyHolder - Attempting to locate auto-apply AttributeConverter for property [Classes.Card:id]
12:54:45.154 [main] DEBUG o.h.c.annotations.SimpleValueBinder - building SimpleValue for id
12:54:45.154 [main] DEBUG o.h.cfg.annotations.PropertyBinder - Building property id
12:54:45.154 [main] DEBUG org.hibernate.cfg.BinderHelper - #makeIdGenerator(org.hibernate.mapping.SimpleValue([org.hibernate.mapping.Column(id)]), id, identity, , ...)
12:54:45.154 [main] DEBUG org.hibernate.cfg.Ejb3Column - Binding column: Ejb3Column{table=org.hibernate.mapping.Table(Card), mappingColumn=emissionDate, insertable=true, updatable=true, unique=false}
12:54:45.154 [main] DEBUG o.h.cfg.annotations.PropertyBinder - MetadataSourceProcessor property emissionDate with lazy=false
12:54:45.154 [main] DEBUG o.h.cfg.AbstractPropertyHolder - Attempting to locate auto-apply AttributeConverter for property [Classes.Card:emissionDate]
12:54:45.154 [main] DEBUG o.h.c.annotations.SimpleValueBinder - building SimpleValue for emissionDate
12:54:45.154 [main] DEBUG o.h.cfg.annotations.PropertyBinder - Building property emissionDate
12:54:45.154 [main] DEBUG org.hibernate.cfg.Ejb3Column - Binding column: Ejb3Column{table=org.hibernate.mapping.Table(Card), mappingColumn=expirationDate, insertable=true, updatable=true, unique=false}
12:54:45.154 [main] DEBUG o.h.cfg.annotations.PropertyBinder - MetadataSourceProcessor property expirationDate with lazy=false
12:54:45.154 [main] DEBUG o.h.cfg.AbstractPropertyHolder - Attempting to locate auto-apply AttributeConverter for property [Classes.Card:expirationDate]
12:54:45.154 [main] DEBUG o.h.c.annotations.SimpleValueBinder - building SimpleValue for expirationDate
12:54:45.154 [main] DEBUG o.h.cfg.annotations.PropertyBinder - Building property expirationDate
12:54:45.154 [main] DEBUG org.hibernate.cfg.Ejb3Column - Binding column: Ejb3JoinColumn{logicalColumnName='null', referencedColumn='null', mappedBy='cardNum'}
12:54:45.155 [main] DEBUG org.hibernate.cfg.Ejb3Column - Binding column: Ejb3Column{table=org.hibernate.mapping.Table(Card), mappingColumn=person, insertable=true, updatable=true, unique=false}
12:54:45.155 [main] DEBUG org.hibernate.cfg.AnnotationBinder - Binding entity from annotated class: Classes.Person
12:54:45.155 [main] DEBUG org.hibernate.cfg.Ejb3Column - Binding column: Ejb3DiscriminatorColumn{logicalColumnName'DTYPE', discriminatorTypeName='string'}
12:54:45.156 [main] DEBUG o.h.cfg.annotations.EntityBinder - Import with entity name Person
12:54:45.156 [main] DEBUG o.h.cfg.annotations.EntityBinder - Bind entity Classes.Person on table Person
12:54:45.156 [main] DEBUG org.hibernate.cfg.Ejb3Column - Binding column: Ejb3Column{table=org.hibernate.mapping.Table(Person), mappingColumn=id, insertable=true, updatable=true, unique=false}
12:54:45.156 [main] DEBUG o.h.b.internal.ClassLoaderAccessImpl - Not known whether passed class name [Classes.Person] is safe
12:54:45.156 [main] DEBUG o.h.b.internal.ClassLoaderAccessImpl - No temp ClassLoader provided; using live ClassLoader for loading potentially unsafe class : Classes.Person
12:54:45.156 [main] DEBUG o.h.cfg.annotations.PropertyBinder - MetadataSourceProcessor property id with lazy=false
12:54:45.156 [main] DEBUG o.h.cfg.AbstractPropertyHolder - Attempting to locate auto-apply AttributeConverter for property [Classes.Person:id]
12:54:45.156 [main] DEBUG o.h.c.annotations.SimpleValueBinder - building SimpleValue for id
12:54:45.156 [main] DEBUG o.h.cfg.annotations.PropertyBinder - Building property id
12:54:45.157 [main] DEBUG org.hibernate.cfg.BinderHelper - #makeIdGenerator(org.hibernate.mapping.SimpleValue([org.hibernate.mapping.Column(id)]), id, identity, , ...)
12:54:45.157 [main] DEBUG org.hibernate.cfg.Ejb3Column - Binding column: Ejb3Column{table=org.hibernate.mapping.Table(Person), mappingColumn=birthdate, insertable=true, updatable=true, unique=false}
12:54:45.157 [main] DEBUG o.h.cfg.annotations.PropertyBinder - MetadataSourceProcessor property birthdate with lazy=false
12:54:45.157 [main] DEBUG o.h.cfg.AbstractPropertyHolder - Attempting to locate auto-apply AttributeConverter for property [Classes.Person:birthdate]
12:54:45.157 [main] DEBUG o.h.c.annotations.SimpleValueBinder - building SimpleValue for birthdate
12:54:45.157 [main] DEBUG o.h.cfg.annotations.PropertyBinder - Building property birthdate
12:54:45.157 [main] DEBUG org.hibernate.cfg.Ejb3Column - Binding column: Ejb3JoinColumn{logicalColumnName='null', referencedColumn='null', mappedBy=''}
12:54:45.157 [main] DEBUG org.hibernate.cfg.Ejb3Column - Binding column: Ejb3Column{table=org.hibernate.mapping.Table(Person), mappingColumn=cardNum, insertable=true, updatable=true, unique=false}
12:54:45.157 [main] DEBUG o.h.cfg.annotations.PropertyBinder - Building property cardNum
12:54:45.158 [main] DEBUG org.hibernate.cfg.Ejb3Column - Binding column: Ejb3Column{table=org.hibernate.mapping.Table(Person), mappingColumn=firstName, insertable=true, updatable=true, unique=false}
12:54:45.158 [main] DEBUG o.h.cfg.annotations.PropertyBinder - MetadataSourceProcessor property firstName with lazy=false
12:54:45.158 [main] DEBUG o.h.cfg.AbstractPropertyHolder - Attempting to locate auto-apply AttributeConverter for property [Classes.Person:firstName]
12:54:45.158 [main] DEBUG o.h.c.annotations.SimpleValueBinder - building SimpleValue for firstName
12:54:45.158 [main] DEBUG o.h.cfg.annotations.PropertyBinder - Building property firstName
12:54:45.158 [main] DEBUG org.hibernate.cfg.Ejb3Column - Binding column: Ejb3Column{table=org.hibernate.mapping.Table(Person), mappingColumn=lastName, insertable=true, updatable=true, unique=false}
12:54:45.158 [main] DEBUG o.h.cfg.annotations.PropertyBinder - MetadataSourceProcessor property lastName with lazy=false
12:54:45.158 [main] DEBUG o.h.cfg.AbstractPropertyHolder - Attempting to locate auto-apply AttributeConverter for property [Classes.Person:lastName]
12:54:45.158 [main] DEBUG o.h.c.annotations.SimpleValueBinder - building SimpleValue for lastName
12:54:45.158 [main] DEBUG o.h.cfg.annotations.PropertyBinder - Building property lastName
12:54:45.158 [main] DEBUG org.hibernate.cfg.AnnotationBinder - Binding entity from annotated class: Classes.Ticket
12:54:45.158 [main] DEBUG org.hibernate.cfg.Ejb3Column - Binding column: Ejb3DiscriminatorColumn{logicalColumnName'DTYPE', discriminatorTypeName='string'}
12:54:45.158 [main] DEBUG o.h.cfg.annotations.EntityBinder - Import with entity name Ticket
12:54:45.159 [main] DEBUG o.h.cfg.annotations.EntityBinder - Bind entity Classes.Ticket on table Ticket
12:54:45.160 [main] DEBUG org.hibernate.cfg.Ejb3Column - Binding column: Ejb3Column{table=org.hibernate.mapping.Table(Ticket), mappingColumn=id, insertable=true, updatable=true, unique=false}
12:54:45.160 [main] DEBUG o.h.b.internal.ClassLoaderAccessImpl - Not known whether passed class name [Classes.Ticket] is safe
12:54:45.160 [main] DEBUG o.h.b.internal.ClassLoaderAccessImpl - No temp ClassLoader provided; using live ClassLoader for loading potentially unsafe class : Classes.Ticket
12:54:45.160 [main] DEBUG o.h.cfg.annotations.PropertyBinder - MetadataSourceProcessor property id with lazy=false
12:54:45.160 [main] DEBUG o.h.cfg.AbstractPropertyHolder - Attempting to locate auto-apply AttributeConverter for property [Classes.Ticket:id]
12:54:45.160 [main] DEBUG o.h.c.annotations.SimpleValueBinder - building SimpleValue for id
12:54:45.160 [main] DEBUG o.h.cfg.annotations.PropertyBinder - Building property id
12:54:45.160 [main] DEBUG org.hibernate.cfg.BinderHelper - #makeIdGenerator(org.hibernate.mapping.SimpleValue([org.hibernate.mapping.Column(id)]), id, identity, , ...)
12:54:45.160 [main] DEBUG org.hibernate.cfg.Ejb3Column - Binding column: Ejb3JoinColumn{logicalColumnName='null', referencedColumn='null', mappedBy='null'}
12:54:45.160 [main] DEBUG org.hibernate.cfg.Ejb3Column - Binding column: Ejb3Column{table=org.hibernate.mapping.Table(Ticket), mappingColumn=seller, insertable=true, updatable=true, unique=false}
12:54:45.160 [main] DEBUG o.h.cfg.annotations.PropertyBinder - Building property seller
12:54:45.161 [main] DEBUG org.hibernate.cfg.AnnotationBinder - Binding entity from annotated class: Classes.Pass
12:54:45.161 [main] DEBUG o.h.cfg.annotations.EntityBinder - Import with entity name Pass
12:54:45.162 [main] DEBUG org.hibernate.cfg.Ejb3Column - Binding column: Ejb3JoinColumn{logicalColumnName='null', referencedColumn='null', mappedBy=''}
12:54:45.162 [main] DEBUG org.hibernate.cfg.Ejb3Column - Binding column: Ejb3Column{table=org.hibernate.mapping.Table(Ticket), mappingColumn=person, insertable=true, updatable=true, unique=false}
12:54:45.162 [main] DEBUG o.h.cfg.annotations.PropertyBinder - Building property person
12:54:45.163 [main] DEBUG org.hibernate.cfg.Ejb3Column - Binding column: Ejb3JoinColumn{logicalColumnName='null', referencedColumn='null', mappedBy='null'}
12:54:45.163 [main] DEBUG org.hibernate.cfg.Ejb3Column - Binding column: Ejb3Column{table=org.hibernate.mapping.Table(Ticket), mappingColumn=sellers, insertable=true, updatable=true, unique=false}
12:54:45.163 [main] DEBUG o.h.cfg.annotations.PropertyBinder - Building property sellers
12:54:45.163 [main] DEBUG org.hibernate.cfg.Ejb3Column - Binding column: Ejb3Column{table=org.hibernate.mapping.Table(Ticket), mappingColumn=validity, insertable=true, updatable=true, unique=false}
12:54:45.163 [main] DEBUG o.h.cfg.annotations.PropertyBinder - MetadataSourceProcessor property validity with lazy=false
12:54:45.163 [main] DEBUG o.h.cfg.AbstractPropertyHolder - Attempting to locate auto-apply AttributeConverter for property [Classes.Pass:validity]
12:54:45.164 [main] DEBUG o.h.c.annotations.SimpleValueBinder - building SimpleValue for validity
12:54:45.164 [main] DEBUG o.h.cfg.annotations.PropertyBinder - Building property validity
12:54:45.164 [main] DEBUG org.hibernate.cfg.AnnotationBinder - Binding entity from annotated class: Classes.Shop
12:54:45.164 [main] DEBUG o.h.cfg.annotations.EntityBinder - Import with entity name Shop
12:54:45.166 [main] DEBUG org.hibernate.cfg.AnnotationBinder - Skipping attribute [java.util.List : passes] as it was already processed as part of super hierarchy
12:54:45.166 [main] DEBUG org.hibernate.cfg.Ejb3Column - Binding column: Ejb3JoinColumn{logicalColumnName='null', referencedColumn='null', mappedBy=''}
12:54:45.166 [main] DEBUG org.hibernate.cfg.Ejb3Column - Binding column: Ejb3Column{table=org.hibernate.mapping.Table(TicketSeller), mappingColumn=people, insertable=true, updatable=true, unique=false}
12:54:45.166 [main] DEBUG org.hibernate.cfg.Ejb3Column - Binding column: Ejb3Column{table=org.hibernate.mapping.Table(TicketSeller), mappingColumn=null, insertable=true, updatable=true, unique=false}
12:54:45.166 [main] DEBUG org.hibernate.cfg.Ejb3Column - Binding column: Ejb3Column{table=org.hibernate.mapping.Table(TicketSeller), mappingColumn=element, insertable=true, updatable=true, unique=false}
12:54:45.166 [main] DEBUG org.hibernate.cfg.Ejb3Column - Binding column: Ejb3Column{table=org.hibernate.mapping.Table(TicketSeller), mappingColumn=people_KEY, insertable=true, updatable=true, unique=false}
12:54:45.166 [main] DEBUG org.hibernate.cfg.Ejb3Column - Binding column: Ejb3JoinColumn{logicalColumnName='people_KEY', referencedColumn='null', mappedBy='null'}
12:54:45.166 [main] DEBUG org.hibernate.cfg.Ejb3Column - Binding column: Ejb3JoinColumn{logicalColumnName='null', referencedColumn='null', mappedBy=''}
12:54:45.166 [main] DEBUG org.hibernate.cfg.Ejb3Column - Binding column: Ejb3JoinColumn{logicalColumnName='null', referencedColumn='null', mappedBy=''}
12:54:45.166 [main] DEBUG o.h.cfg.annotations.CollectionBinder - Collection role: Classes.Shop.people
12:54:45.166 [main] DEBUG o.h.cfg.annotations.PropertyBinder - Building property people
12:54:45.166 [main] DEBUG org.hibernate.cfg.AnnotationBinder - Skipping attribute [java.util.List : tickets] as it was already processed as part of super hierarchy
12:54:45.167 [main] DEBUG org.hibernate.cfg.AnnotationBinder - Binding entity from annotated class: Classes.VendingMachine
12:54:45.167 [main] DEBUG o.h.cfg.annotations.EntityBinder - Import with entity name VendingMachine
12:54:45.167 [main] DEBUG org.hibernate.cfg.Ejb3Column - Binding column: Ejb3Column{table=org.hibernate.mapping.Table(TicketSeller), mappingColumn=isWorking, insertable=true, updatable=true, unique=false}
12:54:45.167 [main] DEBUG o.h.cfg.annotations.PropertyBinder - MetadataSourceProcessor property isWorking with lazy=false
12:54:45.167 [main] DEBUG o.h.cfg.AbstractPropertyHolder - Attempting to locate auto-apply AttributeConverter for property [Classes.VendingMachine:isWorking]
12:54:45.167 [main] DEBUG o.h.c.annotations.SimpleValueBinder - building SimpleValue for isWorking
12:54:45.167 [main] DEBUG o.h.cfg.annotations.PropertyBinder - Building property isWorking
12:54:45.168 [main] DEBUG o.h.c.annotations.SimpleValueBinder - Starting fillSimpleValue for id
12:54:45.168 [main] DEBUG o.h.c.annotations.SimpleValueBinder - Starting fillSimpleValue for name
12:54:45.169 [main] DEBUG o.h.c.annotations.SimpleValueBinder - Starting fillSimpleValue for id
12:54:45.169 [main] DEBUG o.h.c.annotations.SimpleValueBinder - Starting fillSimpleValue for emissionDate
12:54:45.169 [main] DEBUG o.h.c.annotations.SimpleValueBinder - Starting fillSimpleValue for expirationDate
12:54:45.169 [main] DEBUG o.h.c.annotations.SimpleValueBinder - Starting fillSimpleValue for id
12:54:45.169 [main] DEBUG o.h.c.annotations.SimpleValueBinder - Starting fillSimpleValue for birthdate
12:54:45.169 [main] DEBUG o.h.c.annotations.SimpleValueBinder - Starting fillSimpleValue for firstName
12:54:45.169 [main] DEBUG o.h.c.annotations.SimpleValueBinder - Starting fillSimpleValue for lastName
12:54:45.169 [main] DEBUG o.h.c.annotations.SimpleValueBinder - Starting fillSimpleValue for id
12:54:45.169 [main] DEBUG o.h.c.annotations.SimpleValueBinder - Starting fillSimpleValue for validity
12:54:45.169 [main] DEBUG o.h.c.annotations.SimpleValueBinder - Starting fillSimpleValue for isWorking
12:54:45.172 [main] DEBUG org.hibernate.mapping.PrimaryKey - Forcing column [id] to be non-null as it is part of the primary key for table [ticketseller]
12:54:45.172 [main] DEBUG org.hibernate.mapping.PrimaryKey - Forcing column [id] to be non-null as it is part of the primary key for table [card]
12:54:45.172 [main] DEBUG org.hibernate.mapping.PrimaryKey - Forcing column [id] to be non-null as it is part of the primary key for table [person]
12:54:45.172 [main] DEBUG org.hibernate.mapping.PrimaryKey - Forcing column [id] to be non-null as it is part of the primary key for table [ticket]
12:54:45.172 [main] DEBUG o.hibernate.cfg.CollectionSecondPass - Second pass for collection: Classes.Shop.people
12:54:45.173 [main] DEBUG o.h.cfg.annotations.CollectionBinder - Binding a OneToMany: Classes.Shop.people through an association table
12:54:45.177 [main] DEBUG o.hibernate.cfg.CollectionSecondPass - Mapped collection key: Shop_id, element: people_id
12:54:45.177 [main] DEBUG o.hibernate.cfg.CollectionSecondPass - Second pass for collection: Abstract.TicketSeller.tickets
12:54:45.177 [main] DEBUG o.h.cfg.annotations.CollectionBinder - Binding a OneToMany: Abstract.TicketSeller.tickets through an association table
12:54:45.177 [main] DEBUG o.hibernate.cfg.CollectionSecondPass - Mapped collection key: TicketSeller_id, element: tickets_id
12:54:45.177 [main] DEBUG o.hibernate.cfg.CollectionSecondPass - Second pass for collection: Abstract.TicketSeller.passes
12:54:45.177 [main] DEBUG o.h.cfg.annotations.CollectionBinder - Binding a OneToMany: Abstract.TicketSeller.passes through an association table
12:54:45.177 [main] DEBUG o.hibernate.cfg.CollectionSecondPass - Mapped collection key: TicketSeller_id, element: passes_id
12:54:45.178 [main] DEBUG o.h.cfg.annotations.PropertyBinder - Building property person
12:54:45.178 [main] DEBUG o.h.b.i.InFlightMetadataCollectorImpl - Processing association property references
12:54:45.178 [main] DEBUG o.h.b.i.InFlightMetadataCollectorImpl - Resolving reference to class: Classes.Card
12:54:45.179 [main] DEBUG o.h.b.i.InFlightMetadataCollectorImpl - Resolving reference to class: Abstract.TicketSeller
12:54:45.179 [main] DEBUG o.h.b.i.InFlightMetadataCollectorImpl - Resolving reference to class: Classes.Person
12:54:45.179 [main] DEBUG o.h.b.i.InFlightMetadataCollectorImpl - Resolving reference to class: Abstract.TicketSeller
12:54:45.180 [main] DEBUG o.h.b.i.InFlightMetadataCollectorImpl - Resolving reference to class: Classes.Person
12:54:45.180 [main] DEBUG o.h.b.i.InFlightMetadataCollectorImpl - Resolving reference to class: Classes.Shop
12:54:45.180 [main] DEBUG o.h.b.i.InFlightMetadataCollectorImpl - Resolving reference to class: Classes.Ticket
12:54:45.180 [main] DEBUG o.h.b.i.InFlightMetadataCollectorImpl - Resolving reference to class: Abstract.TicketSeller
12:54:45.180 [main] DEBUG o.h.b.i.InFlightMetadataCollectorImpl - Resolving reference to class: Classes.Pass
12:54:45.181 [main] DEBUG o.h.b.i.InFlightMetadataCollectorImpl - Processing association property references
12:54:45.181 [main] DEBUG o.h.b.i.InFlightMetadataCollectorImpl - Resolving reference to class: Classes.Card
12:54:45.181 [main] DEBUG o.h.b.i.InFlightMetadataCollectorImpl - Resolving reference to class: Abstract.TicketSeller
12:54:45.181 [main] DEBUG o.h.b.i.InFlightMetadataCollectorImpl - Resolving reference to class: Classes.Person
12:54:45.182 [main] DEBUG o.h.b.i.InFlightMetadataCollectorImpl - Resolving reference to class: Abstract.TicketSeller
12:54:45.182 [main] DEBUG o.h.b.i.InFlightMetadataCollectorImpl - Resolving reference to class: Classes.Person
12:54:45.182 [main] DEBUG o.h.b.i.InFlightMetadataCollectorImpl - Resolving reference to class: Classes.Shop
12:54:45.182 [main] DEBUG o.h.b.i.InFlightMetadataCollectorImpl - Resolving reference to class: Classes.Ticket
12:54:45.182 [main] DEBUG o.h.b.i.InFlightMetadataCollectorImpl - Resolving reference to class: Abstract.TicketSeller
12:54:45.182 [main] DEBUG o.h.b.i.InFlightMetadataCollectorImpl - Resolving reference to class: Classes.Pass
12:54:45.209 [main] DEBUG o.h.internal.SessionFactoryImpl - Building session factory
12:54:45.209 [main] DEBUG org.hibernate.cfg.Settings - SessionFactory name : null
12:54:45.210 [main] DEBUG org.hibernate.cfg.Settings - Automatic flush during beforeCompletion(): enabled
12:54:45.210 [main] DEBUG org.hibernate.cfg.Settings - Automatic session close at end of transaction: disabled
12:54:45.210 [main] DEBUG org.hibernate.cfg.Settings - Statistics: disabled
12:54:45.210 [main] DEBUG org.hibernate.cfg.Settings - Deleted entity synthetic identifier rollback: disabled
12:54:45.210 [main] DEBUG org.hibernate.cfg.Settings - Default entity-mode: pojo
12:54:45.210 [main] DEBUG org.hibernate.cfg.Settings - Check Nullability in Core (should be disabled when Bean Validation is on): enabled
12:54:45.210 [main] DEBUG org.hibernate.cfg.Settings - Allow initialization of lazy state outside session : disabled
12:54:45.210 [main] DEBUG org.hibernate.cfg.Settings - Using BatchFetchStyle : LEGACY
12:54:45.210 [main] DEBUG org.hibernate.cfg.Settings - Default batch fetch size: -1
12:54:45.210 [main] DEBUG org.hibernate.cfg.Settings - Maximum outer join fetch depth: null
12:54:45.210 [main] DEBUG org.hibernate.cfg.Settings - Default null ordering: NONE
12:54:45.210 [main] DEBUG org.hibernate.cfg.Settings - Order SQL updates by primary key: disabled
12:54:45.210 [main] DEBUG org.hibernate.cfg.Settings - Order SQL inserts for batching: disabled
12:54:45.210 [main] DEBUG org.hibernate.cfg.Settings - multi-tenancy strategy : NONE
12:54:45.210 [main] DEBUG org.hibernate.cfg.Settings - JTA Track by Thread: enabled
12:54:45.210 [main] DEBUG org.hibernate.cfg.Settings - Query language substitutions: {}
12:54:45.210 [main] DEBUG org.hibernate.cfg.Settings - Named query checking : enabled
12:54:45.210 [main] DEBUG org.hibernate.cfg.Settings - Second-level cache: disabled
12:54:45.210 [main] DEBUG org.hibernate.cfg.Settings - Second-level query cache: disabled
12:54:45.210 [main] DEBUG org.hibernate.cfg.Settings - Second-level query cache factory: null
12:54:45.210 [main] DEBUG org.hibernate.cfg.Settings - Second-level cache region prefix: null
12:54:45.210 [main] DEBUG org.hibernate.cfg.Settings - Optimize second-level cache for minimal puts: disabled
12:54:45.210 [main] DEBUG org.hibernate.cfg.Settings - Structured second-level cache entries: disabled
12:54:45.210 [main] DEBUG org.hibernate.cfg.Settings - Second-level cache direct-reference entries: disabled
12:54:45.210 [main] DEBUG org.hibernate.cfg.Settings - Automatic eviction of collection cache: disabled
12:54:45.210 [main] DEBUG org.hibernate.cfg.Settings - JDBC batch size: 15
12:54:45.210 [main] DEBUG org.hibernate.cfg.Settings - JDBC batch updates for versioned data: enabled
12:54:45.210 [main] DEBUG org.hibernate.cfg.Settings - Scrollable result sets: enabled
12:54:45.210 [main] DEBUG org.hibernate.cfg.Settings - Wrap result sets: disabled
12:54:45.210 [main] DEBUG org.hibernate.cfg.Settings - JDBC3 getGeneratedKeys(): enabled
12:54:45.210 [main] DEBUG org.hibernate.cfg.Settings - JDBC result set fetch size: null
12:54:45.210 [main] DEBUG org.hibernate.cfg.Settings - Connection release mode: AFTER_TRANSACTION
12:54:45.210 [main] DEBUG org.hibernate.cfg.Settings - Generate SQL with comments: disabled
12:54:45.210 [main] DEBUG org.hibernate.cfg.Settings - JPA compliance - query : disabled
12:54:45.210 [main] DEBUG org.hibernate.cfg.Settings - JPA compliance - closed-handling : disabled
12:54:45.210 [main] DEBUG org.hibernate.cfg.Settings - JPA compliance - lists : disabled
12:54:45.211 [main] DEBUG org.hibernate.cfg.Settings - JPA compliance - transactions : disabled
12:54:45.215 [main] DEBUG o.h.b.internal.ClassLoaderAccessImpl - Not known whether passed class name [Classes.Pass] is safe
12:54:45.216 [main] DEBUG o.h.b.internal.ClassLoaderAccessImpl - No temp ClassLoader provided; using live ClassLoader for loading potentially unsafe class : Classes.Pass
12:54:45.216 [main] DEBUG o.h.b.internal.ClassLoaderAccessImpl - Not known whether passed class name [Classes.Shop] is safe
12:54:45.216 [main] DEBUG o.h.b.internal.ClassLoaderAccessImpl - No temp ClassLoader provided; using live ClassLoader for loading potentially unsafe class : Classes.Shop
12:54:45.216 [main] DEBUG o.h.b.internal.ClassLoaderAccessImpl - Not known whether passed class name [Classes.VendingMachine] is safe
12:54:45.216 [main] DEBUG o.h.b.internal.ClassLoaderAccessImpl - No temp ClassLoader provided; using live ClassLoader for loading potentially unsafe class : Classes.VendingMachine
12:54:45.241 [main] DEBUG o.h.s.i.SessionFactoryServiceRegistryImpl - EventListenerRegistry access via ServiceRegistry is deprecated.  Use `sessionFactory.getEventEngine().getListenerRegistry()` instead
12:54:45.241 [main] DEBUG o.h.s.i.SessionFactoryServiceRegistryImpl - EventListenerRegistry access via ServiceRegistry is deprecated.  Use `sessionFactory.getEventEngine().getListenerRegistry()` instead
12:54:45.250 [main] DEBUG o.h.internal.SessionFactoryImpl - Session factory constructed with filter configurations : {}
12:54:45.250 [main] DEBUG o.h.internal.SessionFactoryImpl - Instantiating session factory with properties: {java.specification.version=17, sun.cpu.isalist=amd64, sun.jnu.encoding=Cp1252, hibernate.dialect=org.hibernate.dialect.PostgreSQLDialect, java.class.path=C:\Users\total\Desktop\All\Epicode\fs0223-Luca-Sernicola-BackEnd\BuildWeek_4\target\classes;C:\Users\total\.m2\repository\ch\qos\logback\logback-classic\1.4.8\logback-classic-1.4.8.jar;C:\Users\total\.m2\repository\ch\qos\logback\logback-core\1.4.8\logback-core-1.4.8.jar;C:\Users\total\.m2\repository\org\slf4j\slf4j-api\2.0.7\slf4j-api-2.0.7.jar;C:\Users\total\.m2\repository\commons-io\commons-io\2.13.0\commons-io-2.13.0.jar;C:\Users\total\.m2\repository\org\postgresql\postgresql\42.6.0\postgresql-42.6.0.jar;C:\Users\total\.m2\repository\org\checkerframework\checker-qual\3.31.0\checker-qual-3.31.0.jar;C:\Users\total\.m2\repository\org\hibernate\hibernate-core\5.6.15.Final\hibernate-core-5.6.15.Final.jar;C:\Users\total\.m2\repository\org\jboss\logging\jboss-logging\3.4.3.Final\jboss-logging-3.4.3.Final.jar;C:\Users\total\.m2\repository\javax\persistence\javax.persistence-api\2.2\javax.persistence-api-2.2.jar;C:\Users\total\.m2\repository\net\bytebuddy\byte-buddy\1.12.18\byte-buddy-1.12.18.jar;C:\Users\total\.m2\repository\antlr\antlr\2.7.7\antlr-2.7.7.jar;C:\Users\total\.m2\repository\org\jboss\spec\javax\transaction\jboss-transaction-api_1.2_spec\1.1.1.Final\jboss-transaction-api_1.2_spec-1.1.1.Final.jar;C:\Users\total\.m2\repository\org\jboss\jandex\2.4.2.Final\jandex-2.4.2.Final.jar;C:\Users\total\.m2\repository\com\fasterxml\classmate\1.5.1\classmate-1.5.1.jar;C:\Users\total\.m2\repository\javax\activation\javax.activation-api\1.2.0\javax.activation-api-1.2.0.jar;C:\Users\total\.m2\repository\org\hibernate\common\hibernate-commons-annotations\5.1.2.Final\hibernate-commons-annotations-5.1.2.Final.jar;C:\Users\total\.m2\repository\javax\xml\bind\jaxb-api\2.3.1\jaxb-api-2.3.1.jar;C:\Users\total\.m2\repository\org\glassfish\jaxb\jaxb-runtime\2.3.1\jaxb-runtime-2.3.1.jar;C:\Users\total\.m2\repository\org\glassfish\jaxb\txw2\2.3.1\txw2-2.3.1.jar;C:\Users\total\.m2\repository\com\sun\istack\istack-commons-runtime\3.0.7\istack-commons-runtime-3.0.7.jar;C:\Users\total\.m2\repository\org\jvnet\staxex\stax-ex\1.8\stax-ex-1.8.jar;C:\Users\total\.m2\repository\com\sun\xml\fastinfoset\FastInfoset\1.2.15\FastInfoset-1.2.15.jar;C:\Users\total\Desktop\All\Epicode\fs0223-Luca-Sernicola-BackEnd\Homework_W3_D3\target\classes, java.vm.vendor=Eclipse Adoptium, sun.arch.data.model=64, user.variant=, java.vendor.url=https://adoptium.net/, user.timezone=Europe/Rome, javax.persistence.jdbc.url=jdbc:postgresql://localhost:5432/BuildWeek, javax.persistence.jdbc.user=****, java.vm.specification.version=17, os.name=Windows 11, jakarta.persistence.jdbc.password=****, sun.java.launcher=SUN_STANDARD, user.country=US, local.setting.IS_JTA_TXN_COORD=false, sun.boot.library.path=C:\Users\total\.p2\pool\plugins\org.eclipse.justj.openjdk.hotspot.jre.full.win32.x86_64_17.0.7.v20230425-1502\jre\bin, sun.java.command=MainClass.MainClass, jdk.debug=release, jakarta.persistence.jdbc.driver=org.postgresql.Driver, sun.cpu.endian=little, user.home=C:\Users\total, user.language=en, java.specification.vendor=Oracle Corporation, java.version.date=2023-04-18, java.home=C:\Users\total\.p2\pool\plugins\org.eclipse.justj.openjdk.hotspot.jre.full.win32.x86_64_17.0.7.v20230425-1502\jre, file.separator=\, java.vm.compressedOopsMode=Zero based, jakarta.persistence.jdbc.user=****, line.separator=
, hibernate.persistenceUnitName=BuildWeek_4, java.vm.specification.vendor=Oracle Corporation, java.specification.name=Java Platform API Specification, hibernate.transaction.coordinator_class=class org.hibernate.resource.transaction.backend.jdbc.internal.JdbcResourceLocalTransactionCoordinatorBuilderImpl, javax.persistence.jdbc.driver=org.postgresql.Driver, hibernate.hbm2ddl.auto=update, user.script=, sun.management.compiler=HotSpot 64-Bit Tiered Compilers, java.runtime.version=17.0.7+7, user.name=total, path.separator=;, hibernate.connection.username=****, os.version=10.0, java.runtime.name=OpenJDK Runtime Environment, hibernate.connection.url=jdbc:postgresql://localhost:5432/BuildWeek, file.encoding=UTF-8, hibernate.ejb.persistenceUnitName=BuildWeek_4, java.vm.name=OpenJDK 64-Bit Server VM, java.vendor.version=Temurin-17.0.7+7, hibernate.connection.driver_class=org.postgresql.Driver, java.vendor.url.bug=https://github.com/adoptium/adoptium-support/issues, java.io.tmpdir=C:\Users\total\AppData\Local\Temp\, java.version=17.0.7, user.dir=C:\Users\total\Desktop\All\Epicode\fs0223-Luca-Sernicola-BackEnd\BuildWeek_4, os.arch=amd64, java.vm.specification.name=Java Virtual Machine Specification, hibernate.connection.password=****, sun.os.patch.level=, jakarta.persistence.jdbc.url=jdbc:postgresql://localhost:5432/BuildWeek, hibernate.boot.CfgXmlAccessService.key=org.hibernate.boot.registry.StandardServiceRegistryBuilder$1@1a87b51, native.encoding=Cp1252, java.library.path=C:\Users\total\.p2\pool\plugins\org.eclipse.justj.openjdk.hotspot.jre.full.win32.x86_64_17.0.7.v20230425-1502\jre\bin;C:\windows\Sun\Java\bin;C:\windows\system32;C:\windows;C:/Users/total/.p2/pool/plugins/org.eclipse.justj.openjdk.hotspot.jre.full.win32.x86_64_17.0.7.v20230425-1502/jre/bin/server;C:/Users/total/.p2/pool/plugins/org.eclipse.justj.openjdk.hotspot.jre.full.win32.x86_64_17.0.7.v20230425-1502/jre/bin;C:\Program Files\Eclipse Adoptium\jdk-17.0.7.7-hotspot\bin;C:\Program Files (x86)\NVIDIA Corporation\PhysX\Common;C:\windows\system32;C:\windows;C:\windows\System32\Wbem;C:\windows\System32\WindowsPowerShell\v1.0\;C:\windows\System32\OpenSSH\;C:\Program Files\Git\cmd;C:\Program Files\nodejs\;C:\Users\total\AppData\Local\Microsoft\WindowsApps;C:\Users\total\AppData\Local\Programs\Microsoft VS Code\bin;C:\Users\total\AppData\Roaming\npm;C:\Users\total\AppData\Local\GitHubDesktop\bin;C:\windows\System32;;., java.vendor=Eclipse Adoptium, java.vm.info=mixed mode, java.vm.version=17.0.7+7, hibernate.bytecode.use_reflection_optimizer=false, sun.io.unicode.encoding=UnicodeLittle, javax.persistence.jdbc.password=****, java.class.version=61.0}
12:54:45.259 [main] DEBUG o.h.secure.spi.JaccIntegrator - Skipping JACC integration as it was not enabled
12:54:45.262 [main] DEBUG org.hibernate.type.EnumType - Using ORDINAL-based conversion for Enum Enums.Validity
12:54:45.263 [main] DEBUG o.h.internal.SessionFactoryImpl - Instantiated session factory
12:54:45.263 [main] DEBUG o.h.type.spi.TypeConfiguration$Scope - Scoping TypeConfiguration [org.hibernate.type.spi.TypeConfiguration@4aac85fa] to SessionFactoryImpl [org.hibernate.internal.SessionFactoryImpl@5853495b]
12:54:45.295 [main] DEBUG o.h.b.internal.ClassLoaderAccessImpl - Not known whether passed class name [Abstract.TicketSeller] is safe
12:54:45.296 [main] DEBUG o.h.b.internal.ClassLoaderAccessImpl - No temp ClassLoader provided; using live ClassLoader for loading potentially unsafe class : Abstract.TicketSeller
12:54:45.298 [main] DEBUG o.h.b.internal.ClassLoaderAccessImpl - Not known whether passed class name [Classes.Shop] is safe
12:54:45.298 [main] DEBUG o.h.b.internal.ClassLoaderAccessImpl - No temp ClassLoader provided; using live ClassLoader for loading potentially unsafe class : Classes.Shop
12:54:45.298 [main] DEBUG o.h.b.internal.ClassLoaderAccessImpl - Not known whether passed class name [Classes.VendingMachine] is safe
12:54:45.298 [main] DEBUG o.h.b.internal.ClassLoaderAccessImpl - No temp ClassLoader provided; using live ClassLoader for loading potentially unsafe class : Classes.VendingMachine
12:54:45.401 [main] DEBUG o.hibernate.orm.bytecode.interceptor - To-one property `Classes.Card#person` was mapped with LAZY + NO_PROXY but the class was not enhanced
12:54:45.402 [main] DEBUG o.hibernate.orm.bytecode.interceptor - To-one property `Classes.Card#person` was mapped with LAZY + NO_PROXY but the class was not enhanced
12:54:45.402 [main] DEBUG o.h.b.internal.ClassLoaderAccessImpl - Not known whether passed class name [Classes.Card] is safe
12:54:45.402 [main] DEBUG o.h.b.internal.ClassLoaderAccessImpl - No temp ClassLoader provided; using live ClassLoader for loading potentially unsafe class : Classes.Card
12:54:45.410 [main] DEBUG o.hibernate.orm.bytecode.interceptor - To-one property `Classes.Card#person` was mapped with LAZY + NO_PROXY but the class was not enhanced
12:54:45.410 [main] DEBUG o.hibernate.orm.bytecode.interceptor - To-one property `Classes.Card#person` was mapped with LAZY + NO_PROXY but the class was not enhanced
12:54:45.410 [main] DEBUG o.hibernate.orm.bytecode.interceptor - To-one property `Classes.Person#cardNum` was mapped with LAZY + NO_PROXY but the class was not enhanced
12:54:45.410 [main] DEBUG o.hibernate.orm.bytecode.interceptor - To-one property `Classes.Person#cardNum` was mapped with LAZY + NO_PROXY but the class was not enhanced
12:54:45.410 [main] DEBUG o.h.b.internal.ClassLoaderAccessImpl - Not known whether passed class name [Classes.Person] is safe
12:54:45.410 [main] DEBUG o.h.b.internal.ClassLoaderAccessImpl - No temp ClassLoader provided; using live ClassLoader for loading potentially unsafe class : Classes.Person
12:54:45.418 [main] DEBUG o.hibernate.orm.bytecode.interceptor - To-one property `Classes.Person#cardNum` was mapped with LAZY + NO_PROXY but the class was not enhanced
12:54:45.418 [main] DEBUG o.hibernate.orm.bytecode.interceptor - To-one property `Classes.Person#cardNum` was mapped with LAZY + NO_PROXY but the class was not enhanced
12:54:45.418 [main] DEBUG o.hibernate.orm.bytecode.interceptor - To-one property `Classes.Ticket#seller` was mapped with LAZY + NO_PROXY but the class was not enhanced
12:54:45.418 [main] DEBUG o.hibernate.orm.bytecode.interceptor - To-one property `Classes.Ticket#seller` was mapped with LAZY + NO_PROXY but the class was not enhanced
12:54:45.418 [main] DEBUG o.hibernate.orm.bytecode.interceptor - To-one property `Classes.Pass#person` was mapped with LAZY + NO_PROXY but the class was not enhanced
12:54:45.418 [main] DEBUG o.hibernate.orm.bytecode.interceptor - To-one property `Classes.Pass#person` was mapped with LAZY + NO_PROXY but the class was not enhanced
12:54:45.418 [main] DEBUG o.hibernate.orm.bytecode.interceptor - To-one property `Classes.Pass#sellers` was mapped with LAZY + NO_PROXY but the class was not enhanced
12:54:45.418 [main] DEBUG o.hibernate.orm.bytecode.interceptor - To-one property `Classes.Pass#sellers` was mapped with LAZY + NO_PROXY but the class was not enhanced
12:54:45.418 [main] DEBUG o.h.b.internal.ClassLoaderAccessImpl - Not known whether passed class name [Classes.Pass] is safe
12:54:45.418 [main] DEBUG o.h.b.internal.ClassLoaderAccessImpl - No temp ClassLoader provided; using live ClassLoader for loading potentially unsafe class : Classes.Pass
12:54:45.424 [main] DEBUG o.hibernate.orm.bytecode.interceptor - To-one property `Classes.Ticket#seller` was mapped with LAZY + NO_PROXY but the class was not enhanced
12:54:45.424 [main] DEBUG o.hibernate.orm.bytecode.interceptor - To-one property `Classes.Pass#person` was mapped with LAZY + NO_PROXY but the class was not enhanced
12:54:45.424 [main] DEBUG o.hibernate.orm.bytecode.interceptor - To-one property `Classes.Pass#sellers` was mapped with LAZY + NO_PROXY but the class was not enhanced
12:54:45.424 [main] DEBUG o.hibernate.orm.bytecode.interceptor - To-one property `Classes.Ticket#seller` was mapped with LAZY + NO_PROXY but the class was not enhanced
12:54:45.424 [main] DEBUG o.hibernate.orm.bytecode.interceptor - To-one property `Classes.Pass#person` was mapped with LAZY + NO_PROXY but the class was not enhanced
12:54:45.424 [main] DEBUG o.hibernate.orm.bytecode.interceptor - To-one property `Classes.Pass#sellers` was mapped with LAZY + NO_PROXY but the class was not enhanced
12:54:45.428 [main] DEBUG o.hibernate.orm.bytecode.interceptor - To-one property `Classes.Ticket#seller` was mapped with LAZY + NO_PROXY but the class was not enhanced
12:54:45.429 [main] DEBUG o.hibernate.orm.bytecode.interceptor - To-one property `Classes.Ticket#seller` was mapped with LAZY + NO_PROXY but the class was not enhanced
12:54:45.429 [main] DEBUG o.h.b.internal.ClassLoaderAccessImpl - Not known whether passed class name [Classes.Ticket] is safe
12:54:45.429 [main] DEBUG o.h.b.internal.ClassLoaderAccessImpl - No temp ClassLoader provided; using live ClassLoader for loading potentially unsafe class : Classes.Ticket
12:54:45.433 [main] DEBUG o.hibernate.orm.bytecode.interceptor - To-one property `Classes.Ticket#seller` was mapped with LAZY + NO_PROXY but the class was not enhanced
12:54:45.433 [main] DEBUG o.hibernate.orm.bytecode.interceptor - To-one property `Classes.Ticket#seller` was mapped with LAZY + NO_PROXY but the class was not enhanced
12:54:45.433 [main] DEBUG o.hibernate.orm.bytecode.interceptor - To-one property `Classes.Pass#person` was mapped with LAZY + NO_PROXY but the class was not enhanced
12:54:45.433 [main] DEBUG o.hibernate.orm.bytecode.interceptor - To-one property `Classes.Pass#sellers` was mapped with LAZY + NO_PROXY but the class was not enhanced
12:54:45.443 [main] DEBUG o.h.p.c.AbstractCollectionPersister - Static SQL for collection: Abstract.TicketSeller.tickets
12:54:45.443 [main] DEBUG o.h.p.c.AbstractCollectionPersister -  Row insert: insert into TicketSeller_Ticket (TicketSeller_id, tickets_id) values (?, ?)
12:54:45.443 [main] DEBUG o.h.p.c.AbstractCollectionPersister -  Row update: update TicketSeller_Ticket set tickets_id=? where TicketSeller_id=? and tickets_id=?
12:54:45.443 [main] DEBUG o.h.p.c.AbstractCollectionPersister -  Row delete: delete from TicketSeller_Ticket where TicketSeller_id=? and tickets_id=?
12:54:45.443 [main] DEBUG o.h.p.c.AbstractCollectionPersister -  One-shot delete: delete from TicketSeller_Ticket where TicketSeller_id=?
12:54:45.444 [main] DEBUG o.h.p.c.AbstractCollectionPersister - Static SQL for collection: Abstract.TicketSeller.passes
12:54:45.444 [main] DEBUG o.h.p.c.AbstractCollectionPersister -  Row insert: insert into TicketSeller_Ticket (TicketSeller_id, passes_id) values (?, ?)
12:54:45.444 [main] DEBUG o.h.p.c.AbstractCollectionPersister -  Row update: update TicketSeller_Ticket set passes_id=? where TicketSeller_id=? and passes_id=?
12:54:45.444 [main] DEBUG o.h.p.c.AbstractCollectionPersister -  Row delete: delete from TicketSeller_Ticket where TicketSeller_id=? and passes_id=?
12:54:45.444 [main] DEBUG o.h.p.c.AbstractCollectionPersister -  One-shot delete: delete from TicketSeller_Ticket where TicketSeller_id=?
12:54:45.444 [main] DEBUG o.h.p.c.AbstractCollectionPersister - Static SQL for collection: Classes.Shop.people
12:54:45.444 [main] DEBUG o.h.p.c.AbstractCollectionPersister -  Row insert: insert into TicketSeller_Person (Shop_id, people_id) values (?, ?)
12:54:45.444 [main] DEBUG o.h.p.c.AbstractCollectionPersister -  Row update: update TicketSeller_Person set people_id=? where Shop_id=? and people_id=?
12:54:45.444 [main] DEBUG o.h.p.c.AbstractCollectionPersister -  Row delete: delete from TicketSeller_Person where Shop_id=? and people_id=?
12:54:45.444 [main] DEBUG o.h.p.c.AbstractCollectionPersister -  One-shot delete: delete from TicketSeller_Person where Shop_id=?
12:54:45.445 [main] DEBUG o.h.p.entity.AbstractEntityPersister - Static SQL for entity: Abstract.TicketSeller
12:54:45.445 [main] DEBUG o.h.p.entity.AbstractEntityPersister -  Version select: select id from TicketSeller where id =?
12:54:45.445 [main] DEBUG o.h.p.entity.AbstractEntityPersister -  Snapshot select: select ticketsell_.id, ticketsell_.seller_name as seller_n3_3_ from TicketSeller ticketsell_ where ticketsell_.id=?
12:54:45.445 [main] DEBUG o.h.p.entity.AbstractEntityPersister -  Insert 0: insert into TicketSeller (seller_name, type, id) values (?, 'TicketSeller', ?)
12:54:45.445 [main] DEBUG o.h.p.entity.AbstractEntityPersister -  Update 0: update TicketSeller set seller_name=? where id=?
12:54:45.445 [main] DEBUG o.h.p.entity.AbstractEntityPersister -  Delete 0: delete from TicketSeller where id=?
12:54:45.458 [main] DEBUG o.h.l.p.b.i.spaces.QuerySpacesImpl - Adding QuerySpace : uid = <gen:0> -> org.hibernate.loader.plan.build.internal.spaces.EntityQuerySpaceImpl@51dae791]
12:54:45.459 [main] DEBUG o.h.p.w.spi.MetamodelGraphWalker - Visiting attribute path : name
12:54:45.459 [main] DEBUG o.h.p.w.spi.MetamodelGraphWalker - Visiting attribute path : passes
12:54:45.461 [main] DEBUG o.h.l.p.b.i.spaces.QuerySpacesImpl - Adding QuerySpace : uid = <gen:1> -> org.hibernate.loader.plan.build.internal.spaces.CollectionQuerySpaceImpl@2b0e9f30]
12:54:45.462 [main] DEBUG o.h.l.p.b.i.spaces.QuerySpacesImpl - Adding QuerySpace : uid = <gen:2> -> org.hibernate.loader.plan.build.internal.spaces.EntityQuerySpaceImpl@575c3e9b]
12:54:45.462 [main] DEBUG o.h.p.w.spi.MetamodelGraphWalker - Visiting attribute path : tickets
12:54:45.462 [main] DEBUG o.h.l.p.b.i.spaces.QuerySpacesImpl - Adding QuerySpace : uid = <gen:3> -> org.hibernate.loader.plan.build.internal.spaces.CollectionQuerySpaceImpl@49e4c2d5]
12:54:45.462 [main] DEBUG o.h.l.p.b.i.spaces.QuerySpacesImpl - Adding QuerySpace : uid = <gen:4> -> org.hibernate.loader.plan.build.internal.spaces.EntityQuerySpaceImpl@24a2e565]
12:54:45.462 [main] DEBUG o.h.p.w.spi.MetamodelGraphWalker - Visiting attribute path : people
12:54:45.462 [main] DEBUG o.h.l.p.b.i.spaces.QuerySpacesImpl - Adding QuerySpace : uid = <gen:5> -> org.hibernate.loader.plan.build.internal.spaces.CollectionQuerySpaceImpl@3e36b7a0]
12:54:45.462 [main] DEBUG o.h.l.p.b.i.spaces.QuerySpacesImpl - Adding QuerySpace : uid = <gen:6> -> org.hibernate.loader.plan.build.internal.spaces.EntityQuerySpaceImpl@60c1663c]
12:54:45.462 [main] DEBUG o.h.p.w.spi.MetamodelGraphWalker - Visiting attribute path : isWorking
12:54:45.462 [main] DEBUG o.h.l.p.b.i.FetchStyleLoadPlanBuildingAssociationVisitationStrategy - Building LoadPlan...
12:54:45.467 [main] DEBUG o.h.l.p.e.i.LoadQueryJoinAndFetchProcessor - processing queryspace <gen:0>
12:54:45.468 [main] DEBUG o.h.l.p.b.spi.LoadPlanTreePrinter - LoadPlan(entity=Abstract.TicketSeller)
    - Returns
       - EntityReturnImpl(entity=Abstract.TicketSeller, querySpaceUid=<gen:0>, path=Abstract.TicketSeller)
          - CollectionAttributeFetchImpl(collection=Abstract.TicketSeller.passes, querySpaceUid=<gen:1>, path=Abstract.TicketSeller.passes)
             - (collection element) CollectionFetchableElementEntityGraph(entity=Classes.Pass, querySpaceUid=<gen:2>, path=Abstract.TicketSeller.passes.<elements>)
          - CollectionAttributeFetchImpl(collection=Abstract.TicketSeller.tickets, querySpaceUid=<gen:3>, path=Abstract.TicketSeller.tickets)
             - (collection element) CollectionFetchableElementEntityGraph(entity=Classes.Ticket, querySpaceUid=<gen:4>, path=Abstract.TicketSeller.tickets.<elements>)
          - CollectionAttributeFetchImpl(collection=Classes.Shop.people, querySpaceUid=<gen:5>, path=Abstract.TicketSeller.people)
             - (collection element) CollectionFetchableElementEntityGraph(entity=Classes.Person, querySpaceUid=<gen:6>, path=Abstract.TicketSeller.people.<elements>)
    - QuerySpaces
       - EntityQuerySpaceImpl(uid=<gen:0>, entity=Abstract.TicketSeller)
          - SQL table alias mapping - ticketsell0_
          - alias suffix - 0_
          - suffixed key columns - {id2_3_0_}

12:54:45.469 [main] DEBUG o.h.loader.entity.plan.EntityLoader - Static select for entity Abstract.TicketSeller [NONE]: select ticketsell0_.id as id2_3_0_, ticketsell0_.seller_name as seller_n3_3_0_, ticketsell0_.isWorking as isworkin4_3_0_, ticketsell0_.type as type1_3_0_ from TicketSeller ticketsell0_ where ticketsell0_.id=?
12:54:45.470 [main] DEBUG o.h.p.entity.AbstractEntityPersister - Static SQL for entity: Classes.Card
12:54:45.470 [main] DEBUG o.h.p.entity.AbstractEntityPersister -  Version select: select id from Card where id =?
12:54:45.470 [main] DEBUG o.h.p.entity.AbstractEntityPersister -  Snapshot select: select card_.id, card_.emissionDate as emission2_0_, card_.expirationDate as expirati3_0_ from Card card_ where card_.id=?
12:54:45.470 [main] DEBUG o.h.p.entity.AbstractEntityPersister -  Insert 0: insert into Card (emissionDate, expirationDate, id) values (?, ?, ?)
12:54:45.470 [main] DEBUG o.h.p.entity.AbstractEntityPersister -  Update 0: update Card set emissionDate=?, expirationDate=? where id=?
12:54:45.470 [main] DEBUG o.h.p.entity.AbstractEntityPersister -  Delete 0: delete from Card where id=?
12:54:45.470 [main] DEBUG o.h.p.entity.AbstractEntityPersister -  Identity insert: insert into Card (emissionDate, expirationDate) values (?, ?)
12:54:45.470 [main] DEBUG o.h.l.p.b.i.spaces.QuerySpacesImpl - Adding QuerySpace : uid = <gen:0> -> org.hibernate.loader.plan.build.internal.spaces.EntityQuerySpaceImpl@5b5dce5c]
12:54:45.471 [main] DEBUG o.h.p.w.spi.MetamodelGraphWalker - Visiting attribute path : emissionDate
12:54:45.471 [main] DEBUG o.h.p.w.spi.MetamodelGraphWalker - Visiting attribute path : expirationDate
12:54:45.471 [main] DEBUG o.h.p.w.spi.MetamodelGraphWalker - Visiting attribute path : person
12:54:45.471 [main] DEBUG o.h.l.p.b.i.spaces.QuerySpacesImpl - Adding QuerySpace : uid = <gen:1> -> org.hibernate.loader.plan.build.internal.spaces.EntityQuerySpaceImpl@adcfad9]
12:54:45.471 [main] DEBUG o.h.p.w.spi.MetamodelGraphWalker - Visiting attribute path : person.birthdate
12:54:45.471 [main] DEBUG o.h.p.w.spi.MetamodelGraphWalker - Visiting attribute path : person.cardNum
12:54:45.472 [main] DEBUG o.h.p.w.spi.MetamodelGraphWalker - Property path deemed to be circular : person.cardNum
12:54:45.472 [main] DEBUG o.h.p.w.spi.MetamodelGraphWalker - Visiting attribute path : person.firstName
12:54:45.472 [main] DEBUG o.h.p.w.spi.MetamodelGraphWalker - Visiting attribute path : person.lastName
12:54:45.472 [main] DEBUG o.h.l.p.b.i.FetchStyleLoadPlanBuildingAssociationVisitationStrategy - Building LoadPlan...
12:54:45.472 [main] DEBUG o.h.l.p.e.i.LoadQueryJoinAndFetchProcessor - processing queryspace <gen:0>
12:54:45.473 [main] DEBUG o.h.l.p.b.spi.LoadPlanTreePrinter - LoadPlan(entity=Classes.Card)
    - Returns
       - EntityReturnImpl(entity=Classes.Card, querySpaceUid=<gen:0>, path=Classes.Card)
          - EntityAttributeFetchImpl(entity=Classes.Person, querySpaceUid=<gen:1>, path=Classes.Card.person)
    - QuerySpaces
       - EntityQuerySpaceImpl(uid=<gen:0>, entity=Classes.Card)
          - SQL table alias mapping - card0_
          - alias suffix - 0_
          - suffixed key columns - {id1_0_0_}
          - JOIN (JoinDefinedByMetadata(person)) : <gen:0> -> <gen:1>
             - EntityQuerySpaceImpl(uid=<gen:1>, entity=Classes.Person)
                - SQL table alias mapping - person1_
                - alias suffix - 1_
                - suffixed key columns - {id1_1_1_}

12:54:45.473 [main] DEBUG o.h.loader.entity.plan.EntityLoader - Static select for entity Classes.Card [NONE]: select card0_.id as id1_0_0_, card0_.emissionDate as emission2_0_0_, card0_.expirationDate as expirati3_0_0_, person1_.id as id1_1_1_, person1_.birthdate as birthdat2_1_1_, person1_.cardNum_id as cardnum_5_1_1_, person1_.firstName as firstnam3_1_1_, person1_.lastName as lastname4_1_1_ from Card card0_ left outer join Person person1_ on card0_.id=person1_.cardNum_id where card0_.id=?
12:54:45.473 [main] DEBUG o.h.p.entity.AbstractEntityPersister - Static SQL for entity: Classes.Person
12:54:45.473 [main] DEBUG o.h.p.entity.AbstractEntityPersister -  Version select: select id from Person where id =?
12:54:45.473 [main] DEBUG o.h.p.entity.AbstractEntityPersister -  Snapshot select: select person_.id, person_.birthdate as birthdat2_1_, person_.cardNum_id as cardnum_5_1_, person_.firstName as firstnam3_1_, person_.lastName as lastname4_1_ from Person person_ where person_.id=?
12:54:45.473 [main] DEBUG o.h.p.entity.AbstractEntityPersister -  Insert 0: insert into Person (birthdate, cardNum_id, firstName, lastName, id) values (?, ?, ?, ?, ?)
12:54:45.473 [main] DEBUG o.h.p.entity.AbstractEntityPersister -  Update 0: update Person set birthdate=?, cardNum_id=?, firstName=?, lastName=? where id=?
12:54:45.473 [main] DEBUG o.h.p.entity.AbstractEntityPersister -  Delete 0: delete from Person where id=?
12:54:45.473 [main] DEBUG o.h.p.entity.AbstractEntityPersister -  Identity insert: insert into Person (birthdate, cardNum_id, firstName, lastName) values (?, ?, ?, ?)
12:54:45.473 [main] DEBUG o.h.l.p.b.i.spaces.QuerySpacesImpl - Adding QuerySpace : uid = <gen:0> -> org.hibernate.loader.plan.build.internal.spaces.EntityQuerySpaceImpl@431e86b1]
12:54:45.473 [main] DEBUG o.h.p.w.spi.MetamodelGraphWalker - Visiting attribute path : birthdate
12:54:45.473 [main] DEBUG o.h.p.w.spi.MetamodelGraphWalker - Visiting attribute path : cardNum
12:54:45.473 [main] DEBUG o.h.l.p.b.i.spaces.QuerySpacesImpl - Adding QuerySpace : uid = <gen:1> -> org.hibernate.loader.plan.build.internal.spaces.EntityQuerySpaceImpl@32a2a6be]
12:54:45.473 [main] DEBUG o.h.p.w.spi.MetamodelGraphWalker - Visiting attribute path : cardNum.emissionDate
12:54:45.473 [main] DEBUG o.h.p.w.spi.MetamodelGraphWalker - Visiting attribute path : cardNum.expirationDate
12:54:45.473 [main] DEBUG o.h.p.w.spi.MetamodelGraphWalker - Visiting attribute path : cardNum.person
12:54:45.473 [main] DEBUG o.h.p.w.spi.MetamodelGraphWalker - Property path deemed to be circular : cardNum.person
12:54:45.473 [main] DEBUG o.h.p.w.spi.MetamodelGraphWalker - Visiting attribute path : firstName
12:54:45.473 [main] DEBUG o.h.p.w.spi.MetamodelGraphWalker - Visiting attribute path : lastName
12:54:45.473 [main] DEBUG o.h.l.p.b.i.FetchStyleLoadPlanBuildingAssociationVisitationStrategy - Building LoadPlan...
12:54:45.473 [main] DEBUG o.h.l.p.e.i.LoadQueryJoinAndFetchProcessor - processing queryspace <gen:0>
12:54:45.474 [main] DEBUG o.h.l.p.b.spi.LoadPlanTreePrinter - LoadPlan(entity=Classes.Person)
    - Returns
       - EntityReturnImpl(entity=Classes.Person, querySpaceUid=<gen:0>, path=Classes.Person)
          - EntityAttributeFetchImpl(entity=Classes.Card, querySpaceUid=<gen:1>, path=Classes.Person.cardNum)
    - QuerySpaces
       - EntityQuerySpaceImpl(uid=<gen:0>, entity=Classes.Person)
          - SQL table alias mapping - person0_
          - alias suffix - 0_
          - suffixed key columns - {id1_1_0_}
          - JOIN (JoinDefinedByMetadata(cardNum)) : <gen:0> -> <gen:1>
             - EntityQuerySpaceImpl(uid=<gen:1>, entity=Classes.Card)
                - SQL table alias mapping - card1_
                - alias suffix - 1_
                - suffixed key columns - {id1_0_1_}

12:54:45.474 [main] DEBUG o.h.loader.entity.plan.EntityLoader - Static select for entity Classes.Person [NONE]: select person0_.id as id1_1_0_, person0_.birthdate as birthdat2_1_0_, person0_.cardNum_id as cardnum_5_1_0_, person0_.firstName as firstnam3_1_0_, person0_.lastName as lastname4_1_0_, card1_.id as id1_0_1_, card1_.emissionDate as emission2_0_1_, card1_.expirationDate as expirati3_0_1_ from Person person0_ left outer join Card card1_ on person0_.cardNum_id=card1_.id where person0_.id=?
12:54:45.479 [main] DEBUG org.hibernate.loader.Loader - Static select for entity Classes.Person [NONE]: select person0_.id as id1_1_1_, person0_.birthdate as birthdat2_1_1_, person0_.cardNum_id as cardnum_5_1_1_, person0_.firstName as firstnam3_1_1_, person0_.lastName as lastname4_1_1_, card1_.id as id1_0_0_, card1_.emissionDate as emission2_0_0_, card1_.expirationDate as expirati3_0_0_ from Person person0_ left outer join Card card1_ on person0_.cardNum_id=card1_.id where person0_.cardNum_id=?
12:54:45.479 [main] DEBUG o.h.p.entity.AbstractEntityPersister - Static SQL for entity: Classes.Pass
12:54:45.479 [main] DEBUG o.h.p.entity.AbstractEntityPersister -  Version select: select id from Ticket where id =?
12:54:45.479 [main] DEBUG o.h.p.entity.AbstractEntityPersister -  Snapshot select: select pass_.id, pass_.seller_id as seller_i4_2_, pass_.person_id as person_i5_2_, pass_.sellers_id as sellers_6_2_, pass_.validity as validity3_2_ from Ticket pass_ where pass_.id=?
12:54:45.479 [main] DEBUG o.h.p.entity.AbstractEntityPersister -  Insert 0: insert into Ticket (seller_id, person_id, sellers_id, validity, DTYPE, id) values (?, ?, ?, ?, 'Pass', ?)
12:54:45.479 [main] DEBUG o.h.p.entity.AbstractEntityPersister -  Update 0: update Ticket set seller_id=?, person_id=?, sellers_id=?, validity=? where id=?
12:54:45.479 [main] DEBUG o.h.p.entity.AbstractEntityPersister -  Delete 0: delete from Ticket where id=?
12:54:45.479 [main] DEBUG o.h.p.entity.AbstractEntityPersister -  Identity insert: insert into Ticket (seller_id, person_id, sellers_id, validity, DTYPE) values (?, ?, ?, ?, 'Pass')
12:54:45.479 [main] DEBUG o.h.l.p.b.i.spaces.QuerySpacesImpl - Adding QuerySpace : uid = <gen:0> -> org.hibernate.loader.plan.build.internal.spaces.EntityQuerySpaceImpl@3eb292cd]
12:54:45.479 [main] DEBUG o.h.p.w.spi.MetamodelGraphWalker - Visiting attribute path : seller
12:54:45.479 [main] DEBUG o.h.l.p.b.i.spaces.QuerySpacesImpl - Adding QuerySpace : uid = <gen:1> -> org.hibernate.loader.plan.build.internal.spaces.EntityQuerySpaceImpl@7209ffb5]
12:54:45.479 [main] DEBUG o.h.p.w.spi.MetamodelGraphWalker - Visiting attribute path : seller.name
12:54:45.479 [main] DEBUG o.h.p.w.spi.MetamodelGraphWalker - Visiting attribute path : seller.passes
12:54:45.479 [main] DEBUG o.h.l.p.b.i.spaces.QuerySpacesImpl - Adding QuerySpace : uid = <gen:2> -> org.hibernate.loader.plan.build.internal.spaces.CollectionQuerySpaceImpl@2fe74516]
12:54:45.479 [main] DEBUG o.h.l.p.b.i.spaces.QuerySpacesImpl - Adding QuerySpace : uid = <gen:3> -> org.hibernate.loader.plan.build.internal.spaces.EntityQuerySpaceImpl@1c3259fa]
12:54:45.479 [main] DEBUG o.h.p.w.spi.MetamodelGraphWalker - Visiting attribute path : seller.tickets
12:54:45.479 [main] DEBUG o.h.l.p.b.i.spaces.QuerySpacesImpl - Adding QuerySpace : uid = <gen:4> -> org.hibernate.loader.plan.build.internal.spaces.CollectionQuerySpaceImpl@217bf99e]
12:54:45.479 [main] DEBUG o.h.l.p.b.i.spaces.QuerySpacesImpl - Adding QuerySpace : uid = <gen:5> -> org.hibernate.loader.plan.build.internal.spaces.EntityQuerySpaceImpl@6807a356]
12:54:45.479 [main] DEBUG o.h.p.w.spi.MetamodelGraphWalker - Visiting attribute path : seller.people
12:54:45.479 [main] DEBUG o.h.l.p.b.i.spaces.QuerySpacesImpl - Adding QuerySpace : uid = <gen:6> -> org.hibernate.loader.plan.build.internal.spaces.CollectionQuerySpaceImpl@7ddd84b5]
12:54:45.479 [main] DEBUG o.h.l.p.b.i.spaces.QuerySpacesImpl - Adding QuerySpace : uid = <gen:7> -> org.hibernate.loader.plan.build.internal.spaces.EntityQuerySpaceImpl@73aeef7d]
12:54:45.479 [main] DEBUG o.h.p.w.spi.MetamodelGraphWalker - Visiting attribute path : seller.isWorking
12:54:45.479 [main] DEBUG o.h.p.w.spi.MetamodelGraphWalker - Visiting attribute path : person
12:54:45.479 [main] DEBUG o.h.l.p.b.i.spaces.QuerySpacesImpl - Adding QuerySpace : uid = <gen:8> -> org.hibernate.loader.plan.build.internal.spaces.EntityQuerySpaceImpl@d675f9f]
12:54:45.479 [main] DEBUG o.h.p.w.spi.MetamodelGraphWalker - Visiting attribute path : person.birthdate
12:54:45.479 [main] DEBUG o.h.p.w.spi.MetamodelGraphWalker - Visiting attribute path : person.cardNum
12:54:45.479 [main] DEBUG o.h.l.p.b.i.spaces.QuerySpacesImpl - Adding QuerySpace : uid = <gen:9> -> org.hibernate.loader.plan.build.internal.spaces.EntityQuerySpaceImpl@49469ffa]
12:54:45.479 [main] DEBUG o.h.p.w.spi.MetamodelGraphWalker - Visiting attribute path : person.cardNum.emissionDate
12:54:45.479 [main] DEBUG o.h.p.w.spi.MetamodelGraphWalker - Visiting attribute path : person.cardNum.expirationDate
12:54:45.479 [main] DEBUG o.h.p.w.spi.MetamodelGraphWalker - Visiting attribute path : person.cardNum.person
12:54:45.479 [main] DEBUG o.h.p.w.spi.MetamodelGraphWalker - Property path deemed to be circular : person.cardNum.person
12:54:45.480 [main] DEBUG o.h.p.w.spi.MetamodelGraphWalker - Visiting attribute path : person.firstName
12:54:45.480 [main] DEBUG o.h.p.w.spi.MetamodelGraphWalker - Visiting attribute path : person.lastName
12:54:45.480 [main] DEBUG o.h.p.w.spi.MetamodelGraphWalker - Visiting attribute path : sellers
12:54:45.480 [main] DEBUG o.h.l.p.b.i.spaces.QuerySpacesImpl - Adding QuerySpace : uid = <gen:10> -> org.hibernate.loader.plan.build.internal.spaces.EntityQuerySpaceImpl@7a3b7122]
12:54:45.480 [main] DEBUG o.h.p.w.spi.MetamodelGraphWalker - Visiting attribute path : sellers.name
12:54:45.480 [main] DEBUG o.h.p.w.spi.MetamodelGraphWalker - Visiting attribute path : sellers.passes
12:54:45.480 [main] DEBUG o.h.l.p.b.i.spaces.QuerySpacesImpl - Adding QuerySpace : uid = <gen:11> -> org.hibernate.loader.plan.build.internal.spaces.CollectionQuerySpaceImpl@25f15f50]
12:54:45.480 [main] DEBUG o.h.l.p.b.i.spaces.QuerySpacesImpl - Adding QuerySpace : uid = <gen:12> -> org.hibernate.loader.plan.build.internal.spaces.EntityQuerySpaceImpl@52b46d52]
12:54:45.480 [main] DEBUG o.h.p.w.spi.MetamodelGraphWalker - Visiting attribute path : sellers.tickets
12:54:45.480 [main] DEBUG o.h.l.p.b.i.spaces.QuerySpacesImpl - Adding QuerySpace : uid = <gen:13> -> org.hibernate.loader.plan.build.internal.spaces.CollectionQuerySpaceImpl@7327a447]
12:54:45.480 [main] DEBUG o.h.l.p.b.i.spaces.QuerySpacesImpl - Adding QuerySpace : uid = <gen:14> -> org.hibernate.loader.plan.build.internal.spaces.EntityQuerySpaceImpl@67022ea]
12:54:45.480 [main] DEBUG o.h.p.w.spi.MetamodelGraphWalker - Visiting attribute path : sellers.people
12:54:45.480 [main] DEBUG o.h.l.p.b.i.spaces.QuerySpacesImpl - Adding QuerySpace : uid = <gen:15> -> org.hibernate.loader.plan.build.internal.spaces.CollectionQuerySpaceImpl@2954f6ab]
12:54:45.480 [main] DEBUG o.h.l.p.b.i.spaces.QuerySpacesImpl - Adding QuerySpace : uid = <gen:16> -> org.hibernate.loader.plan.build.internal.spaces.EntityQuerySpaceImpl@58fbd02e]
12:54:45.480 [main] DEBUG o.h.p.w.spi.MetamodelGraphWalker - Visiting attribute path : sellers.isWorking
12:54:45.480 [main] DEBUG o.h.p.w.spi.MetamodelGraphWalker - Visiting attribute path : validity
12:54:45.480 [main] DEBUG o.h.l.p.b.i.FetchStyleLoadPlanBuildingAssociationVisitationStrategy - Building LoadPlan...
12:54:45.480 [main] DEBUG o.h.l.p.e.i.LoadQueryJoinAndFetchProcessor - processing queryspace <gen:0>
12:54:45.481 [main] DEBUG o.h.l.p.b.spi.LoadPlanTreePrinter - LoadPlan(entity=Classes.Pass)
    - Returns
       - EntityReturnImpl(entity=Classes.Pass, querySpaceUid=<gen:0>, path=Classes.Pass)
          - EntityAttributeFetchImpl(entity=Abstract.TicketSeller, querySpaceUid=<gen:1>, path=Classes.Pass.seller)
             - CollectionAttributeFetchImpl(collection=Abstract.TicketSeller.passes, querySpaceUid=<gen:2>, path=Classes.Pass.seller.passes)
                - (collection element) CollectionFetchableElementEntityGraph(entity=Classes.Pass, querySpaceUid=<gen:3>, path=Classes.Pass.seller.passes.<elements>)
             - CollectionAttributeFetchImpl(collection=Abstract.TicketSeller.tickets, querySpaceUid=<gen:4>, path=Classes.Pass.seller.tickets)
                - (collection element) CollectionFetchableElementEntityGraph(entity=Classes.Ticket, querySpaceUid=<gen:5>, path=Classes.Pass.seller.tickets.<elements>)
             - CollectionAttributeFetchImpl(collection=Classes.Shop.people, querySpaceUid=<gen:6>, path=Classes.Pass.seller.people)
                - (collection element) CollectionFetchableElementEntityGraph(entity=Classes.Person, querySpaceUid=<gen:7>, path=Classes.Pass.seller.people.<elements>)
          - EntityAttributeFetchImpl(entity=Classes.Person, querySpaceUid=<gen:8>, path=Classes.Pass.person)
             - EntityAttributeFetchImpl(entity=Classes.Card, querySpaceUid=<gen:9>, path=Classes.Pass.person.cardNum)
          - EntityAttributeFetchImpl(entity=Abstract.TicketSeller, querySpaceUid=<gen:10>, path=Classes.Pass.sellers)
             - CollectionAttributeFetchImpl(collection=Abstract.TicketSeller.passes, querySpaceUid=<gen:11>, path=Classes.Pass.sellers.passes)
                - (collection element) CollectionFetchableElementEntityGraph(entity=Classes.Pass, querySpaceUid=<gen:12>, path=Classes.Pass.sellers.passes.<elements>)
             - CollectionAttributeFetchImpl(collection=Abstract.TicketSeller.tickets, querySpaceUid=<gen:13>, path=Classes.Pass.sellers.tickets)
                - (collection element) CollectionFetchableElementEntityGraph(entity=Classes.Ticket, querySpaceUid=<gen:14>, path=Classes.Pass.sellers.tickets.<elements>)
             - CollectionAttributeFetchImpl(collection=Classes.Shop.people, querySpaceUid=<gen:15>, path=Classes.Pass.sellers.people)
                - (collection element) CollectionFetchableElementEntityGraph(entity=Classes.Person, querySpaceUid=<gen:16>, path=Classes.Pass.sellers.people.<elements>)
    - QuerySpaces
       - EntityQuerySpaceImpl(uid=<gen:0>, entity=Classes.Pass)
          - SQL table alias mapping - pass0_
          - alias suffix - 0_
          - suffixed key columns - {id2_2_0_}
          - JOIN (JoinDefinedByMetadata(seller)) : <gen:0> -> <gen:1>
             - EntityQuerySpaceImpl(uid=<gen:1>, entity=Abstract.TicketSeller)
                - SQL table alias mapping - ticketsell1_
                - alias suffix - 1_
                - suffixed key columns - {id2_3_1_}
          - JOIN (JoinDefinedByMetadata(person)) : <gen:0> -> <gen:8>
             - EntityQuerySpaceImpl(uid=<gen:8>, entity=Classes.Person)
                - SQL table alias mapping - person2_
                - alias suffix - 2_
                - suffixed key columns - {id1_1_2_}
                - JOIN (JoinDefinedByMetadata(cardNum)) : <gen:8> -> <gen:9>
                   - EntityQuerySpaceImpl(uid=<gen:9>, entity=Classes.Card)
                      - SQL table alias mapping - card3_
                      - alias suffix - 3_
                      - suffixed key columns - {id1_0_3_}
          - JOIN (JoinDefinedByMetadata(sellers)) : <gen:0> -> <gen:10>
             - EntityQuerySpaceImpl(uid=<gen:10>, entity=Abstract.TicketSeller)
                - SQL table alias mapping - ticketsell4_
                - alias suffix - 4_
                - suffixed key columns - {id2_3_4_}

12:54:45.481 [main] DEBUG o.h.loader.entity.plan.EntityLoader - Static select for entity Classes.Pass [NONE]: select pass0_.id as id2_2_0_, pass0_.seller_id as seller_i4_2_0_, pass0_.person_id as person_i5_2_0_, pass0_.sellers_id as sellers_6_2_0_, pass0_.validity as validity3_2_0_, ticketsell1_.id as id2_3_1_, ticketsell1_.seller_name as seller_n3_3_1_, ticketsell1_.isWorking as isworkin4_3_1_, ticketsell1_.type as type1_3_1_, person2_.id as id1_1_2_, person2_.birthdate as birthdat2_1_2_, person2_.cardNum_id as cardnum_5_1_2_, person2_.firstName as firstnam3_1_2_, person2_.lastName as lastname4_1_2_, card3_.id as id1_0_3_, card3_.emissionDate as emission2_0_3_, card3_.expirationDate as expirati3_0_3_, ticketsell4_.id as id2_3_4_, ticketsell4_.seller_name as seller_n3_3_4_, ticketsell4_.isWorking as isworkin4_3_4_, ticketsell4_.type as type1_3_4_ from Ticket pass0_ left outer join TicketSeller ticketsell1_ on pass0_.seller_id=ticketsell1_.id left outer join Person person2_ on pass0_.person_id=person2_.id left outer join Card card3_ on person2_.cardNum_id=card3_.id left outer join TicketSeller ticketsell4_ on pass0_.sellers_id=ticketsell4_.id where pass0_.id=? and pass0_.DTYPE='Pass'
12:54:45.481 [main] DEBUG o.h.p.entity.AbstractEntityPersister - Static SQL for entity: Classes.Shop
12:54:45.481 [main] DEBUG o.h.p.entity.AbstractEntityPersister -  Version select: select id from TicketSeller where id =?
12:54:45.481 [main] DEBUG o.h.p.entity.AbstractEntityPersister -  Snapshot select: select shop_.id, shop_.seller_name as seller_n3_3_ from TicketSeller shop_ where shop_.id=?
12:54:45.481 [main] DEBUG o.h.p.entity.AbstractEntityPersister -  Insert 0: insert into TicketSeller (seller_name, type, id) values (?, 'shop', ?)
12:54:45.481 [main] DEBUG o.h.p.entity.AbstractEntityPersister -  Update 0: update TicketSeller set seller_name=? where id=?
12:54:45.481 [main] DEBUG o.h.p.entity.AbstractEntityPersister -  Delete 0: delete from TicketSeller where id=?
12:54:45.481 [main] DEBUG o.h.l.p.b.i.spaces.QuerySpacesImpl - Adding QuerySpace : uid = <gen:0> -> org.hibernate.loader.plan.build.internal.spaces.EntityQuerySpaceImpl@163042ea]
12:54:45.481 [main] DEBUG o.h.p.w.spi.MetamodelGraphWalker - Visiting attribute path : name
12:54:45.481 [main] DEBUG o.h.p.w.spi.MetamodelGraphWalker - Visiting attribute path : passes
12:54:45.481 [main] DEBUG o.h.l.p.b.i.spaces.QuerySpacesImpl - Adding QuerySpace : uid = <gen:1> -> org.hibernate.loader.plan.build.internal.spaces.CollectionQuerySpaceImpl@1fbf088b]
12:54:45.481 [main] DEBUG o.h.l.p.b.i.spaces.QuerySpacesImpl - Adding QuerySpace : uid = <gen:2> -> org.hibernate.loader.plan.build.internal.spaces.EntityQuerySpaceImpl@1943c1f2]
12:54:45.481 [main] DEBUG o.h.p.w.spi.MetamodelGraphWalker - Visiting attribute path : tickets
12:54:45.481 [main] DEBUG o.h.l.p.b.i.spaces.QuerySpacesImpl - Adding QuerySpace : uid = <gen:3> -> org.hibernate.loader.plan.build.internal.spaces.CollectionQuerySpaceImpl@d70f722]
12:54:45.481 [main] DEBUG o.h.l.p.b.i.spaces.QuerySpacesImpl - Adding QuerySpace : uid = <gen:4> -> org.hibernate.loader.plan.build.internal.spaces.EntityQuerySpaceImpl@1e1eeedd]
12:54:45.481 [main] DEBUG o.h.p.w.spi.MetamodelGraphWalker - Visiting attribute path : people
12:54:45.481 [main] DEBUG o.h.l.p.b.i.spaces.QuerySpacesImpl - Adding QuerySpace : uid = <gen:5> -> org.hibernate.loader.plan.build.internal.spaces.CollectionQuerySpaceImpl@798256c5]
12:54:45.481 [main] DEBUG o.h.l.p.b.i.spaces.QuerySpacesImpl - Adding QuerySpace : uid = <gen:6> -> org.hibernate.loader.plan.build.internal.spaces.EntityQuerySpaceImpl@7ec95456]
12:54:45.481 [main] DEBUG o.h.l.p.b.i.FetchStyleLoadPlanBuildingAssociationVisitationStrategy - Building LoadPlan...
12:54:45.481 [main] DEBUG o.h.l.p.e.i.LoadQueryJoinAndFetchProcessor - processing queryspace <gen:0>
12:54:45.481 [main] DEBUG o.h.l.p.b.spi.LoadPlanTreePrinter - LoadPlan(entity=Classes.Shop)
    - Returns
       - EntityReturnImpl(entity=Classes.Shop, querySpaceUid=<gen:0>, path=Classes.Shop)
          - CollectionAttributeFetchImpl(collection=Abstract.TicketSeller.passes, querySpaceUid=<gen:1>, path=Classes.Shop.passes)
             - (collection element) CollectionFetchableElementEntityGraph(entity=Classes.Pass, querySpaceUid=<gen:2>, path=Classes.Shop.passes.<elements>)
          - CollectionAttributeFetchImpl(collection=Abstract.TicketSeller.tickets, querySpaceUid=<gen:3>, path=Classes.Shop.tickets)
             - (collection element) CollectionFetchableElementEntityGraph(entity=Classes.Ticket, querySpaceUid=<gen:4>, path=Classes.Shop.tickets.<elements>)
          - CollectionAttributeFetchImpl(collection=Classes.Shop.people, querySpaceUid=<gen:5>, path=Classes.Shop.people)
             - (collection element) CollectionFetchableElementEntityGraph(entity=Classes.Person, querySpaceUid=<gen:6>, path=Classes.Shop.people.<elements>)
    - QuerySpaces
       - EntityQuerySpaceImpl(uid=<gen:0>, entity=Classes.Shop)
          - SQL table alias mapping - shop0_
          - alias suffix - 0_
          - suffixed key columns - {id2_3_0_}

12:54:45.481 [main] DEBUG o.h.loader.entity.plan.EntityLoader - Static select for entity Classes.Shop [NONE]: select shop0_.id as id2_3_0_, shop0_.seller_name as seller_n3_3_0_ from TicketSeller shop0_ where shop0_.id=? and shop0_.type='shop'
12:54:45.481 [main] DEBUG o.h.p.entity.AbstractEntityPersister - Static SQL for entity: Classes.Ticket
12:54:45.481 [main] DEBUG o.h.p.entity.AbstractEntityPersister -  Version select: select id from Ticket where id =?
12:54:45.481 [main] DEBUG o.h.p.entity.AbstractEntityPersister -  Snapshot select: select ticket_.id, ticket_.seller_id as seller_i4_2_ from Ticket ticket_ where ticket_.id=?
12:54:45.482 [main] DEBUG o.h.p.entity.AbstractEntityPersister -  Insert 0: insert into Ticket (seller_id, DTYPE, id) values (?, 'Ticket', ?)
12:54:45.482 [main] DEBUG o.h.p.entity.AbstractEntityPersister -  Update 0: update Ticket set seller_id=? where id=?
12:54:45.482 [main] DEBUG o.h.p.entity.AbstractEntityPersister -  Delete 0: delete from Ticket where id=?
12:54:45.482 [main] DEBUG o.h.p.entity.AbstractEntityPersister -  Identity insert: insert into Ticket (seller_id, DTYPE) values (?, 'Ticket')
12:54:45.482 [main] DEBUG o.h.l.p.b.i.spaces.QuerySpacesImpl - Adding QuerySpace : uid = <gen:0> -> org.hibernate.loader.plan.build.internal.spaces.EntityQuerySpaceImpl@748a654a]
12:54:45.482 [main] DEBUG o.h.p.w.spi.MetamodelGraphWalker - Visiting attribute path : seller
12:54:45.482 [main] DEBUG o.h.l.p.b.i.spaces.QuerySpacesImpl - Adding QuerySpace : uid = <gen:1> -> org.hibernate.loader.plan.build.internal.spaces.EntityQuerySpaceImpl@76544c0a]
12:54:45.482 [main] DEBUG o.h.p.w.spi.MetamodelGraphWalker - Visiting attribute path : seller.name
12:54:45.482 [main] DEBUG o.h.p.w.spi.MetamodelGraphWalker - Visiting attribute path : seller.passes
12:54:45.482 [main] DEBUG o.h.l.p.b.i.spaces.QuerySpacesImpl - Adding QuerySpace : uid = <gen:2> -> org.hibernate.loader.plan.build.internal.spaces.CollectionQuerySpaceImpl@650c405c]
12:54:45.482 [main] DEBUG o.h.l.p.b.i.spaces.QuerySpacesImpl - Adding QuerySpace : uid = <gen:3> -> org.hibernate.loader.plan.build.internal.spaces.EntityQuerySpaceImpl@20eaeaf8]
12:54:45.482 [main] DEBUG o.h.p.w.spi.MetamodelGraphWalker - Visiting attribute path : seller.tickets
12:54:45.482 [main] DEBUG o.h.l.p.b.i.spaces.QuerySpacesImpl - Adding QuerySpace : uid = <gen:4> -> org.hibernate.loader.plan.build.internal.spaces.CollectionQuerySpaceImpl@748ac6f3]
12:54:45.482 [main] DEBUG o.h.l.p.b.i.spaces.QuerySpacesImpl - Adding QuerySpace : uid = <gen:5> -> org.hibernate.loader.plan.build.internal.spaces.EntityQuerySpaceImpl@68f6e55d]
12:54:45.482 [main] DEBUG o.h.p.w.spi.MetamodelGraphWalker - Visiting attribute path : seller.people
12:54:45.482 [main] DEBUG o.h.l.p.b.i.spaces.QuerySpacesImpl - Adding QuerySpace : uid = <gen:6> -> org.hibernate.loader.plan.build.internal.spaces.CollectionQuerySpaceImpl@6fff46bf]
12:54:45.482 [main] DEBUG o.h.l.p.b.i.spaces.QuerySpacesImpl - Adding QuerySpace : uid = <gen:7> -> org.hibernate.loader.plan.build.internal.spaces.EntityQuerySpaceImpl@1835dc92]
12:54:45.482 [main] DEBUG o.h.p.w.spi.MetamodelGraphWalker - Visiting attribute path : seller.isWorking
12:54:45.482 [main] DEBUG o.h.p.w.spi.MetamodelGraphWalker - Visiting attribute path : person
12:54:45.482 [main] DEBUG o.h.l.p.b.i.spaces.QuerySpacesImpl - Adding QuerySpace : uid = <gen:8> -> org.hibernate.loader.plan.build.internal.spaces.EntityQuerySpaceImpl@3aaa3c39]
12:54:45.482 [main] DEBUG o.h.p.w.spi.MetamodelGraphWalker - Visiting attribute path : person.birthdate
12:54:45.482 [main] DEBUG o.h.p.w.spi.MetamodelGraphWalker - Visiting attribute path : person.cardNum
12:54:45.482 [main] DEBUG o.h.l.p.b.i.spaces.QuerySpacesImpl - Adding QuerySpace : uid = <gen:9> -> org.hibernate.loader.plan.build.internal.spaces.EntityQuerySpaceImpl@70f68288]
12:54:45.482 [main] DEBUG o.h.p.w.spi.MetamodelGraphWalker - Visiting attribute path : person.cardNum.emissionDate
12:54:45.482 [main] DEBUG o.h.p.w.spi.MetamodelGraphWalker - Visiting attribute path : person.cardNum.expirationDate
12:54:45.482 [main] DEBUG o.h.p.w.spi.MetamodelGraphWalker - Visiting attribute path : person.cardNum.person
12:54:45.482 [main] DEBUG o.h.p.w.spi.MetamodelGraphWalker - Property path deemed to be circular : person.cardNum.person
12:54:45.482 [main] DEBUG o.h.p.w.spi.MetamodelGraphWalker - Visiting attribute path : person.firstName
12:54:45.482 [main] DEBUG o.h.p.w.spi.MetamodelGraphWalker - Visiting attribute path : person.lastName
12:54:45.482 [main] DEBUG o.h.p.w.spi.MetamodelGraphWalker - Visiting attribute path : sellers
12:54:45.482 [main] DEBUG o.h.l.p.b.i.spaces.QuerySpacesImpl - Adding QuerySpace : uid = <gen:10> -> org.hibernate.loader.plan.build.internal.spaces.EntityQuerySpaceImpl@2db1b657]
12:54:45.482 [main] DEBUG o.h.p.w.spi.MetamodelGraphWalker - Visiting attribute path : sellers.name
12:54:45.482 [main] DEBUG o.h.p.w.spi.MetamodelGraphWalker - Visiting attribute path : sellers.passes
12:54:45.482 [main] DEBUG o.h.l.p.b.i.spaces.QuerySpacesImpl - Adding QuerySpace : uid = <gen:11> -> org.hibernate.loader.plan.build.internal.spaces.CollectionQuerySpaceImpl@43c57161]
12:54:45.482 [main] DEBUG o.h.l.p.b.i.spaces.QuerySpacesImpl - Adding QuerySpace : uid = <gen:12> -> org.hibernate.loader.plan.build.internal.spaces.EntityQuerySpaceImpl@d902300]
12:54:45.482 [main] DEBUG o.h.p.w.spi.MetamodelGraphWalker - Visiting attribute path : sellers.tickets
12:54:45.482 [main] DEBUG o.h.l.p.b.i.spaces.QuerySpacesImpl - Adding QuerySpace : uid = <gen:13> -> org.hibernate.loader.plan.build.internal.spaces.CollectionQuerySpaceImpl@2db33feb]
12:54:45.482 [main] DEBUG o.h.l.p.b.i.spaces.QuerySpacesImpl - Adding QuerySpace : uid = <gen:14> -> org.hibernate.loader.plan.build.internal.spaces.EntityQuerySpaceImpl@30c3ae63]
12:54:45.483 [main] DEBUG o.h.p.w.spi.MetamodelGraphWalker - Visiting attribute path : sellers.people
12:54:45.483 [main] DEBUG o.h.l.p.b.i.spaces.QuerySpacesImpl - Adding QuerySpace : uid = <gen:15> -> org.hibernate.loader.plan.build.internal.spaces.CollectionQuerySpaceImpl@58658f63]
12:54:45.483 [main] DEBUG o.h.l.p.b.i.spaces.QuerySpacesImpl - Adding QuerySpace : uid = <gen:16> -> org.hibernate.loader.plan.build.internal.spaces.EntityQuerySpaceImpl@54e12f4c]
12:54:45.483 [main] DEBUG o.h.p.w.spi.MetamodelGraphWalker - Visiting attribute path : sellers.isWorking
12:54:45.483 [main] DEBUG o.h.p.w.spi.MetamodelGraphWalker - Visiting attribute path : validity
12:54:45.483 [main] DEBUG o.h.l.p.b.i.FetchStyleLoadPlanBuildingAssociationVisitationStrategy - Building LoadPlan...
12:54:45.483 [main] DEBUG o.h.l.p.e.i.LoadQueryJoinAndFetchProcessor - processing queryspace <gen:0>
12:54:45.483 [main] DEBUG o.h.l.p.b.spi.LoadPlanTreePrinter - LoadPlan(entity=Classes.Ticket)
    - Returns
       - EntityReturnImpl(entity=Classes.Ticket, querySpaceUid=<gen:0>, path=Classes.Ticket)
          - EntityAttributeFetchImpl(entity=Abstract.TicketSeller, querySpaceUid=<gen:1>, path=Classes.Ticket.seller)
             - CollectionAttributeFetchImpl(collection=Abstract.TicketSeller.passes, querySpaceUid=<gen:2>, path=Classes.Ticket.seller.passes)
                - (collection element) CollectionFetchableElementEntityGraph(entity=Classes.Pass, querySpaceUid=<gen:3>, path=Classes.Ticket.seller.passes.<elements>)
             - CollectionAttributeFetchImpl(collection=Abstract.TicketSeller.tickets, querySpaceUid=<gen:4>, path=Classes.Ticket.seller.tickets)
                - (collection element) CollectionFetchableElementEntityGraph(entity=Classes.Ticket, querySpaceUid=<gen:5>, path=Classes.Ticket.seller.tickets.<elements>)
             - CollectionAttributeFetchImpl(collection=Classes.Shop.people, querySpaceUid=<gen:6>, path=Classes.Ticket.seller.people)
                - (collection element) CollectionFetchableElementEntityGraph(entity=Classes.Person, querySpaceUid=<gen:7>, path=Classes.Ticket.seller.people.<elements>)
          - EntityAttributeFetchImpl(entity=Classes.Person, querySpaceUid=<gen:8>, path=Classes.Ticket.person)
             - EntityAttributeFetchImpl(entity=Classes.Card, querySpaceUid=<gen:9>, path=Classes.Ticket.person.cardNum)
          - EntityAttributeFetchImpl(entity=Abstract.TicketSeller, querySpaceUid=<gen:10>, path=Classes.Ticket.sellers)
             - CollectionAttributeFetchImpl(collection=Abstract.TicketSeller.passes, querySpaceUid=<gen:11>, path=Classes.Ticket.sellers.passes)
                - (collection element) CollectionFetchableElementEntityGraph(entity=Classes.Pass, querySpaceUid=<gen:12>, path=Classes.Ticket.sellers.passes.<elements>)
             - CollectionAttributeFetchImpl(collection=Abstract.TicketSeller.tickets, querySpaceUid=<gen:13>, path=Classes.Ticket.sellers.tickets)
                - (collection element) CollectionFetchableElementEntityGraph(entity=Classes.Ticket, querySpaceUid=<gen:14>, path=Classes.Ticket.sellers.tickets.<elements>)
             - CollectionAttributeFetchImpl(collection=Classes.Shop.people, querySpaceUid=<gen:15>, path=Classes.Ticket.sellers.people)
                - (collection element) CollectionFetchableElementEntityGraph(entity=Classes.Person, querySpaceUid=<gen:16>, path=Classes.Ticket.sellers.people.<elements>)
    - QuerySpaces
       - EntityQuerySpaceImpl(uid=<gen:0>, entity=Classes.Ticket)
          - SQL table alias mapping - ticket0_
          - alias suffix - 0_
          - suffixed key columns - {id2_2_0_}
          - JOIN (JoinDefinedByMetadata(seller)) : <gen:0> -> <gen:1>
             - EntityQuerySpaceImpl(uid=<gen:1>, entity=Abstract.TicketSeller)
                - SQL table alias mapping - ticketsell1_
                - alias suffix - 1_
                - suffixed key columns - {id2_3_1_}
          - JOIN (JoinDefinedByMetadata(person)) : <gen:0> -> <gen:8>
             - EntityQuerySpaceImpl(uid=<gen:8>, entity=Classes.Person)
                - SQL table alias mapping - person2_
                - alias suffix - 2_
                - suffixed key columns - {id1_1_2_}
                - JOIN (JoinDefinedByMetadata(cardNum)) : <gen:8> -> <gen:9>
                   - EntityQuerySpaceImpl(uid=<gen:9>, entity=Classes.Card)
                      - SQL table alias mapping - card3_
                      - alias suffix - 3_
                      - suffixed key columns - {id1_0_3_}
          - JOIN (JoinDefinedByMetadata(sellers)) : <gen:0> -> <gen:10>
             - EntityQuerySpaceImpl(uid=<gen:10>, entity=Abstract.TicketSeller)
                - SQL table alias mapping - ticketsell4_
                - alias suffix - 4_
                - suffixed key columns - {id2_3_4_}

12:54:45.483 [main] DEBUG o.h.loader.entity.plan.EntityLoader - Static select for entity Classes.Ticket [NONE]: select ticket0_.id as id2_2_0_, ticket0_.seller_id as seller_i4_2_0_, ticket0_.person_id as person_i5_2_0_, ticket0_.sellers_id as sellers_6_2_0_, ticket0_.validity as validity3_2_0_, ticket0_.DTYPE as dtype1_2_0_, ticketsell1_.id as id2_3_1_, ticketsell1_.seller_name as seller_n3_3_1_, ticketsell1_.isWorking as isworkin4_3_1_, ticketsell1_.type as type1_3_1_, person2_.id as id1_1_2_, person2_.birthdate as birthdat2_1_2_, person2_.cardNum_id as cardnum_5_1_2_, person2_.firstName as firstnam3_1_2_, person2_.lastName as lastname4_1_2_, card3_.id as id1_0_3_, card3_.emissionDate as emission2_0_3_, card3_.expirationDate as expirati3_0_3_, ticketsell4_.id as id2_3_4_, ticketsell4_.seller_name as seller_n3_3_4_, ticketsell4_.isWorking as isworkin4_3_4_, ticketsell4_.type as type1_3_4_ from Ticket ticket0_ left outer join TicketSeller ticketsell1_ on ticket0_.seller_id=ticketsell1_.id left outer join Person person2_ on ticket0_.person_id=person2_.id left outer join Card card3_ on person2_.cardNum_id=card3_.id left outer join TicketSeller ticketsell4_ on ticket0_.sellers_id=ticketsell4_.id where ticket0_.id=?
12:54:45.483 [main] DEBUG o.h.p.entity.AbstractEntityPersister - Static SQL for entity: Classes.VendingMachine
12:54:45.483 [main] DEBUG o.h.p.entity.AbstractEntityPersister -  Version select: select id from TicketSeller where id =?
12:54:45.483 [main] DEBUG o.h.p.entity.AbstractEntityPersister -  Snapshot select: select vendingmac_.id, vendingmac_.seller_name as seller_n3_3_, vendingmac_.isWorking as isworkin4_3_ from TicketSeller vendingmac_ where vendingmac_.id=?
12:54:45.483 [main] DEBUG o.h.p.entity.AbstractEntityPersister -  Insert 0: insert into TicketSeller (seller_name, isWorking, type, id) values (?, ?, 'vending_machine', ?)
12:54:45.483 [main] DEBUG o.h.p.entity.AbstractEntityPersister -  Update 0: update TicketSeller set seller_name=?, isWorking=? where id=?
12:54:45.483 [main] DEBUG o.h.p.entity.AbstractEntityPersister -  Delete 0: delete from TicketSeller where id=?
12:54:45.483 [main] DEBUG o.h.l.p.b.i.spaces.QuerySpacesImpl - Adding QuerySpace : uid = <gen:0> -> org.hibernate.loader.plan.build.internal.spaces.EntityQuerySpaceImpl@60990e5c]
12:54:45.483 [main] DEBUG o.h.p.w.spi.MetamodelGraphWalker - Visiting attribute path : name
12:54:45.483 [main] DEBUG o.h.p.w.spi.MetamodelGraphWalker - Visiting attribute path : passes
12:54:45.484 [main] DEBUG o.h.l.p.b.i.spaces.QuerySpacesImpl - Adding QuerySpace : uid = <gen:1> -> org.hibernate.loader.plan.build.internal.spaces.CollectionQuerySpaceImpl@39ee94de]
12:54:45.484 [main] DEBUG o.h.l.p.b.i.spaces.QuerySpacesImpl - Adding QuerySpace : uid = <gen:2> -> org.hibernate.loader.plan.build.internal.spaces.EntityQuerySpaceImpl@642857e0]
12:54:45.484 [main] DEBUG o.h.p.w.spi.MetamodelGraphWalker - Visiting attribute path : tickets
12:54:45.484 [main] DEBUG o.h.l.p.b.i.spaces.QuerySpacesImpl - Adding QuerySpace : uid = <gen:3> -> org.hibernate.loader.plan.build.internal.spaces.CollectionQuerySpaceImpl@4c6b4ed7]
12:54:45.484 [main] DEBUG o.h.l.p.b.i.spaces.QuerySpacesImpl - Adding QuerySpace : uid = <gen:4> -> org.hibernate.loader.plan.build.internal.spaces.EntityQuerySpaceImpl@21263314]
12:54:45.484 [main] DEBUG o.h.p.w.spi.MetamodelGraphWalker - Visiting attribute path : isWorking
12:54:45.484 [main] DEBUG o.h.l.p.b.i.FetchStyleLoadPlanBuildingAssociationVisitationStrategy - Building LoadPlan...
12:54:45.484 [main] DEBUG o.h.l.p.e.i.LoadQueryJoinAndFetchProcessor - processing queryspace <gen:0>
12:54:45.484 [main] DEBUG o.h.l.p.b.spi.LoadPlanTreePrinter - LoadPlan(entity=Classes.VendingMachine)
    - Returns
       - EntityReturnImpl(entity=Classes.VendingMachine, querySpaceUid=<gen:0>, path=Classes.VendingMachine)
          - CollectionAttributeFetchImpl(collection=Abstract.TicketSeller.passes, querySpaceUid=<gen:1>, path=Classes.VendingMachine.passes)
             - (collection element) CollectionFetchableElementEntityGraph(entity=Classes.Pass, querySpaceUid=<gen:2>, path=Classes.VendingMachine.passes.<elements>)
          - CollectionAttributeFetchImpl(collection=Abstract.TicketSeller.tickets, querySpaceUid=<gen:3>, path=Classes.VendingMachine.tickets)
             - (collection element) CollectionFetchableElementEntityGraph(entity=Classes.Ticket, querySpaceUid=<gen:4>, path=Classes.VendingMachine.tickets.<elements>)
    - QuerySpaces
       - EntityQuerySpaceImpl(uid=<gen:0>, entity=Classes.VendingMachine)
          - SQL table alias mapping - vendingmac0_
          - alias suffix - 0_
          - suffixed key columns - {id2_3_0_}

12:54:45.484 [main] DEBUG o.h.loader.entity.plan.EntityLoader - Static select for entity Classes.VendingMachine [NONE]: select vendingmac0_.id as id2_3_0_, vendingmac0_.seller_name as seller_n3_3_0_, vendingmac0_.isWorking as isworkin4_3_0_ from TicketSeller vendingmac0_ where vendingmac0_.id=? and vendingmac0_.type='vending_machine'
12:54:45.486 [main] DEBUG o.h.l.p.b.i.spaces.QuerySpacesImpl - Adding QuerySpace : uid = <gen:0> -> org.hibernate.loader.plan.build.internal.spaces.CollectionQuerySpaceImpl@250a9031]
12:54:45.486 [main] DEBUG o.h.l.p.b.i.spaces.QuerySpacesImpl - Adding QuerySpace : uid = <gen:1> -> org.hibernate.loader.plan.build.internal.spaces.EntityQuerySpaceImpl@1665fa54]
12:54:45.487 [main] DEBUG o.h.p.w.spi.MetamodelGraphWalker - Visiting attribute path : seller
12:54:45.487 [main] DEBUG o.h.l.p.b.i.spaces.QuerySpacesImpl - Adding QuerySpace : uid = <gen:2> -> org.hibernate.loader.plan.build.internal.spaces.EntityQuerySpaceImpl@7134b8a7]
12:54:45.487 [main] DEBUG o.h.p.w.spi.MetamodelGraphWalker - Visiting attribute path : seller.name
12:54:45.487 [main] DEBUG o.h.p.w.spi.MetamodelGraphWalker - Visiting attribute path : seller.passes
12:54:45.487 [main] DEBUG o.h.p.w.spi.MetamodelGraphWalker - Property path deemed to be circular : seller.passes
12:54:45.487 [main] DEBUG o.h.p.w.spi.MetamodelGraphWalker - Visiting attribute path : seller.tickets
12:54:45.487 [main] DEBUG o.h.p.w.spi.MetamodelGraphWalker - Property path deemed to be circular : seller.tickets
12:54:45.487 [main] DEBUG o.h.p.w.spi.MetamodelGraphWalker - Visiting attribute path : seller.people
12:54:45.487 [main] DEBUG o.h.l.p.b.i.spaces.QuerySpacesImpl - Adding QuerySpace : uid = <gen:3> -> org.hibernate.loader.plan.build.internal.spaces.CollectionQuerySpaceImpl@40de8f93]
12:54:45.487 [main] DEBUG o.h.l.p.b.i.spaces.QuerySpacesImpl - Adding QuerySpace : uid = <gen:4> -> org.hibernate.loader.plan.build.internal.spaces.EntityQuerySpaceImpl@6ff0b1cc]
12:54:45.487 [main] DEBUG o.h.p.w.spi.MetamodelGraphWalker - Visiting attribute path : seller.isWorking
12:54:45.487 [main] DEBUG o.h.p.w.spi.MetamodelGraphWalker - Visiting attribute path : person
12:54:45.487 [main] DEBUG o.h.l.p.b.i.spaces.QuerySpacesImpl - Adding QuerySpace : uid = <gen:5> -> org.hibernate.loader.plan.build.internal.spaces.EntityQuerySpaceImpl@3b55dd15]
12:54:45.487 [main] DEBUG o.h.p.w.spi.MetamodelGraphWalker - Visiting attribute path : person.birthdate
12:54:45.487 [main] DEBUG o.h.p.w.spi.MetamodelGraphWalker - Visiting attribute path : person.cardNum
12:54:45.487 [main] DEBUG o.h.l.p.b.i.spaces.QuerySpacesImpl - Adding QuerySpace : uid = <gen:6> -> org.hibernate.loader.plan.build.internal.spaces.EntityQuerySpaceImpl@3ba3d4b6]
12:54:45.487 [main] DEBUG o.h.p.w.spi.MetamodelGraphWalker - Visiting attribute path : person.cardNum.emissionDate
12:54:45.487 [main] DEBUG o.h.p.w.spi.MetamodelGraphWalker - Visiting attribute path : person.cardNum.expirationDate
12:54:45.487 [main] DEBUG o.h.p.w.spi.MetamodelGraphWalker - Visiting attribute path : person.cardNum.person
12:54:45.487 [main] DEBUG o.h.p.w.spi.MetamodelGraphWalker - Property path deemed to be circular : person.cardNum.person
12:54:45.487 [main] DEBUG o.h.p.w.spi.MetamodelGraphWalker - Visiting attribute path : person.firstName
12:54:45.487 [main] DEBUG o.h.p.w.spi.MetamodelGraphWalker - Visiting attribute path : person.lastName
12:54:45.487 [main] DEBUG o.h.p.w.spi.MetamodelGraphWalker - Visiting attribute path : sellers
12:54:45.488 [main] DEBUG o.h.l.p.b.i.spaces.QuerySpacesImpl - Adding QuerySpace : uid = <gen:7> -> org.hibernate.loader.plan.build.internal.spaces.EntityQuerySpaceImpl@441fbe89]
12:54:45.488 [main] DEBUG o.h.p.w.spi.MetamodelGraphWalker - Visiting attribute path : sellers.name
12:54:45.488 [main] DEBUG o.h.p.w.spi.MetamodelGraphWalker - Visiting attribute path : sellers.passes
12:54:45.488 [main] DEBUG o.h.p.w.spi.MetamodelGraphWalker - Property path deemed to be circular : sellers.passes
12:54:45.488 [main] DEBUG o.h.p.w.spi.MetamodelGraphWalker - Visiting attribute path : sellers.tickets
12:54:45.488 [main] DEBUG o.h.p.w.spi.MetamodelGraphWalker - Property path deemed to be circular : sellers.tickets
12:54:45.488 [main] DEBUG o.h.p.w.spi.MetamodelGraphWalker - Visiting attribute path : sellers.people
12:54:45.488 [main] DEBUG o.h.l.p.b.i.spaces.QuerySpacesImpl - Adding QuerySpace : uid = <gen:8> -> org.hibernate.loader.plan.build.internal.spaces.CollectionQuerySpaceImpl@45ab3bdd]
12:54:45.488 [main] DEBUG o.h.l.p.b.i.spaces.QuerySpacesImpl - Adding QuerySpace : uid = <gen:9> -> org.hibernate.loader.plan.build.internal.spaces.EntityQuerySpaceImpl@2f10f633]
12:54:45.488 [main] DEBUG o.h.p.w.spi.MetamodelGraphWalker - Visiting attribute path : sellers.isWorking
12:54:45.488 [main] DEBUG o.h.p.w.spi.MetamodelGraphWalker - Visiting attribute path : validity
12:54:45.488 [main] DEBUG o.h.l.p.b.i.FetchStyleLoadPlanBuildingAssociationVisitationStrategy - Building LoadPlan...
12:54:45.490 [main] DEBUG o.h.l.p.e.i.LoadQueryJoinAndFetchProcessor - processing queryspace <gen:0>
12:54:45.490 [main] DEBUG o.h.l.p.b.spi.LoadPlanTreePrinter - LoadPlan(collection=Abstract.TicketSeller.tickets)
    - Returns
       - CollectionReturnImpl(collection=Abstract.TicketSeller.tickets, querySpaceUid=<gen:0>, path=[Abstract.TicketSeller.tickets])
          - (collection element) CollectionFetchableElementEntityGraph(entity=Classes.Ticket, querySpaceUid=<gen:1>, path=[Abstract.TicketSeller.tickets].<elements>)
             - EntityAttributeFetchImpl(entity=Abstract.TicketSeller, querySpaceUid=<gen:2>, path=[Abstract.TicketSeller.tickets].<elements>.seller)
                - CollectionAttributeFetchImpl(collection=Classes.Shop.people, querySpaceUid=<gen:3>, path=[Abstract.TicketSeller.tickets].<elements>.seller.people)
                   - (collection element) CollectionFetchableElementEntityGraph(entity=Classes.Person, querySpaceUid=<gen:4>, path=[Abstract.TicketSeller.tickets].<elements>.seller.people.<elements>)
             - EntityAttributeFetchImpl(entity=Classes.Person, querySpaceUid=<gen:5>, path=[Abstract.TicketSeller.tickets].<elements>.person)
                - EntityAttributeFetchImpl(entity=Classes.Card, querySpaceUid=<gen:6>, path=[Abstract.TicketSeller.tickets].<elements>.person.cardNum)
             - EntityAttributeFetchImpl(entity=Abstract.TicketSeller, querySpaceUid=<gen:7>, path=[Abstract.TicketSeller.tickets].<elements>.sellers)
                - CollectionAttributeFetchImpl(collection=Classes.Shop.people, querySpaceUid=<gen:8>, path=[Abstract.TicketSeller.tickets].<elements>.sellers.people)
                   - (collection element) CollectionFetchableElementEntityGraph(entity=Classes.Person, querySpaceUid=<gen:9>, path=[Abstract.TicketSeller.tickets].<elements>.sellers.people.<elements>)
    - QuerySpaces
       - CollectionQuerySpaceImpl(uid=<gen:0>, collection=Abstract.TicketSeller.tickets)
          - SQL table alias mapping - tickets0_
          - alias suffix - 0_
          - suffixed key columns - {ticketse1_5_0_}
          - entity-element alias suffix - 1_
          - 1_entity-element suffixed key columns - id2_2_1_
          - JOIN (JoinDefinedByMetadata(elements)) : <gen:0> -> <gen:1>
             - EntityQuerySpaceImpl(uid=<gen:1>, entity=Classes.Ticket)
                - SQL table alias mapping - ticket1_
                - alias suffix - 1_
                - suffixed key columns - {id2_2_1_}
                - JOIN (JoinDefinedByMetadata(seller)) : <gen:1> -> <gen:2>
                   - EntityQuerySpaceImpl(uid=<gen:2>, entity=Abstract.TicketSeller)
                      - SQL table alias mapping - ticketsell2_
                      - alias suffix - 2_
                      - suffixed key columns - {id2_3_2_}
                - JOIN (JoinDefinedByMetadata(person)) : <gen:1> -> <gen:5>
                   - EntityQuerySpaceImpl(uid=<gen:5>, entity=Classes.Person)
                      - SQL table alias mapping - person3_
                      - alias suffix - 3_
                      - suffixed key columns - {id1_1_3_}
                      - JOIN (JoinDefinedByMetadata(cardNum)) : <gen:5> -> <gen:6>
                         - EntityQuerySpaceImpl(uid=<gen:6>, entity=Classes.Card)
                            - SQL table alias mapping - card4_
                            - alias suffix - 4_
                            - suffixed key columns - {id1_0_4_}
                - JOIN (JoinDefinedByMetadata(sellers)) : <gen:1> -> <gen:7>
                   - EntityQuerySpaceImpl(uid=<gen:7>, entity=Abstract.TicketSeller)
                      - SQL table alias mapping - ticketsell5_
                      - alias suffix - 5_
                      - suffixed key columns - {id2_3_5_}

12:54:45.491 [main] DEBUG o.h.l.c.plan.CollectionLoader - Static select for collection Abstract.TicketSeller.tickets: select tickets0_.TicketSeller_id as ticketse1_5_0_, tickets0_.tickets_id as tickets_2_5_0_, ticket1_.id as id2_2_1_, ticket1_.seller_id as seller_i4_2_1_, ticket1_.person_id as person_i5_2_1_, ticket1_.sellers_id as sellers_6_2_1_, ticket1_.validity as validity3_2_1_, ticket1_.DTYPE as dtype1_2_1_, ticketsell2_.id as id2_3_2_, ticketsell2_.seller_name as seller_n3_3_2_, ticketsell2_.isWorking as isworkin4_3_2_, ticketsell2_.type as type1_3_2_, person3_.id as id1_1_3_, person3_.birthdate as birthdat2_1_3_, person3_.cardNum_id as cardnum_5_1_3_, person3_.firstName as firstnam3_1_3_, person3_.lastName as lastname4_1_3_, card4_.id as id1_0_4_, card4_.emissionDate as emission2_0_4_, card4_.expirationDate as expirati3_0_4_, ticketsell5_.id as id2_3_5_, ticketsell5_.seller_name as seller_n3_3_5_, ticketsell5_.isWorking as isworkin4_3_5_, ticketsell5_.type as type1_3_5_ from TicketSeller_Ticket tickets0_ inner join Ticket ticket1_ on tickets0_.tickets_id=ticket1_.id left outer join TicketSeller ticketsell2_ on ticket1_.seller_id=ticketsell2_.id left outer join Person person3_ on ticket1_.person_id=person3_.id left outer join Card card4_ on person3_.cardNum_id=card4_.id left outer join TicketSeller ticketsell5_ on ticket1_.sellers_id=ticketsell5_.id where tickets0_.TicketSeller_id=?
12:54:45.491 [main] DEBUG o.h.l.p.b.i.spaces.QuerySpacesImpl - Adding QuerySpace : uid = <gen:0> -> org.hibernate.loader.plan.build.internal.spaces.CollectionQuerySpaceImpl@13c8ac77]
12:54:45.491 [main] DEBUG o.h.l.p.b.i.spaces.QuerySpacesImpl - Adding QuerySpace : uid = <gen:1> -> org.hibernate.loader.plan.build.internal.spaces.EntityQuerySpaceImpl@4bdf]
12:54:45.491 [main] DEBUG o.h.p.w.spi.MetamodelGraphWalker - Visiting attribute path : seller
12:54:45.491 [main] DEBUG o.h.l.p.b.i.spaces.QuerySpacesImpl - Adding QuerySpace : uid = <gen:2> -> org.hibernate.loader.plan.build.internal.spaces.EntityQuerySpaceImpl@7a9eccc4]
12:54:45.491 [main] DEBUG o.h.p.w.spi.MetamodelGraphWalker - Visiting attribute path : seller.name
12:54:45.491 [main] DEBUG o.h.p.w.spi.MetamodelGraphWalker - Visiting attribute path : seller.passes
12:54:45.491 [main] DEBUG o.h.p.w.spi.MetamodelGraphWalker - Property path deemed to be circular : seller.passes
12:54:45.491 [main] DEBUG o.h.p.w.spi.MetamodelGraphWalker - Visiting attribute path : seller.tickets
12:54:45.491 [main] DEBUG o.h.p.w.spi.MetamodelGraphWalker - Property path deemed to be circular : seller.tickets
12:54:45.491 [main] DEBUG o.h.p.w.spi.MetamodelGraphWalker - Visiting attribute path : seller.people
12:54:45.491 [main] DEBUG o.h.l.p.b.i.spaces.QuerySpacesImpl - Adding QuerySpace : uid = <gen:3> -> org.hibernate.loader.plan.build.internal.spaces.CollectionQuerySpaceImpl@5f05c8d6]
12:54:45.491 [main] DEBUG o.h.l.p.b.i.spaces.QuerySpacesImpl - Adding QuerySpace : uid = <gen:4> -> org.hibernate.loader.plan.build.internal.spaces.EntityQuerySpaceImpl@68e02f33]
12:54:45.491 [main] DEBUG o.h.p.w.spi.MetamodelGraphWalker - Visiting attribute path : seller.isWorking
12:54:45.491 [main] DEBUG o.h.p.w.spi.MetamodelGraphWalker - Visiting attribute path : person
12:54:45.491 [main] DEBUG o.h.l.p.b.i.spaces.QuerySpacesImpl - Adding QuerySpace : uid = <gen:5> -> org.hibernate.loader.plan.build.internal.spaces.EntityQuerySpaceImpl@64942607]
12:54:45.491 [main] DEBUG o.h.p.w.spi.MetamodelGraphWalker - Visiting attribute path : person.birthdate
12:54:45.491 [main] DEBUG o.h.p.w.spi.MetamodelGraphWalker - Visiting attribute path : person.cardNum
12:54:45.491 [main] DEBUG o.h.l.p.b.i.spaces.QuerySpacesImpl - Adding QuerySpace : uid = <gen:6> -> org.hibernate.loader.plan.build.internal.spaces.EntityQuerySpaceImpl@7cfac39f]
12:54:45.491 [main] DEBUG o.h.p.w.spi.MetamodelGraphWalker - Visiting attribute path : person.cardNum.emissionDate
12:54:45.491 [main] DEBUG o.h.p.w.spi.MetamodelGraphWalker - Visiting attribute path : person.cardNum.expirationDate
12:54:45.491 [main] DEBUG o.h.p.w.spi.MetamodelGraphWalker - Visiting attribute path : person.cardNum.person
12:54:45.491 [main] DEBUG o.h.p.w.spi.MetamodelGraphWalker - Property path deemed to be circular : person.cardNum.person
12:54:45.491 [main] DEBUG o.h.p.w.spi.MetamodelGraphWalker - Visiting attribute path : person.firstName
12:54:45.491 [main] DEBUG o.h.p.w.spi.MetamodelGraphWalker - Visiting attribute path : person.lastName
12:54:45.491 [main] DEBUG o.h.p.w.spi.MetamodelGraphWalker - Visiting attribute path : sellers
12:54:45.491 [main] DEBUG o.h.l.p.b.i.spaces.QuerySpacesImpl - Adding QuerySpace : uid = <gen:7> -> org.hibernate.loader.plan.build.internal.spaces.EntityQuerySpaceImpl@50eb4a2c]
12:54:45.492 [main] DEBUG o.h.p.w.spi.MetamodelGraphWalker - Visiting attribute path : sellers.name
12:54:45.492 [main] DEBUG o.h.p.w.spi.MetamodelGraphWalker - Visiting attribute path : sellers.passes
12:54:45.492 [main] DEBUG o.h.p.w.spi.MetamodelGraphWalker - Property path deemed to be circular : sellers.passes
12:54:45.492 [main] DEBUG o.h.p.w.spi.MetamodelGraphWalker - Visiting attribute path : sellers.tickets
12:54:45.492 [main] DEBUG o.h.p.w.spi.MetamodelGraphWalker - Property path deemed to be circular : sellers.tickets
12:54:45.492 [main] DEBUG o.h.p.w.spi.MetamodelGraphWalker - Visiting attribute path : sellers.people
12:54:45.492 [main] DEBUG o.h.l.p.b.i.spaces.QuerySpacesImpl - Adding QuerySpace : uid = <gen:8> -> org.hibernate.loader.plan.build.internal.spaces.CollectionQuerySpaceImpl@3069a360]
12:54:45.492 [main] DEBUG o.h.l.p.b.i.spaces.QuerySpacesImpl - Adding QuerySpace : uid = <gen:9> -> org.hibernate.loader.plan.build.internal.spaces.EntityQuerySpaceImpl@7235f92b]
12:54:45.492 [main] DEBUG o.h.p.w.spi.MetamodelGraphWalker - Visiting attribute path : sellers.isWorking
12:54:45.492 [main] DEBUG o.h.p.w.spi.MetamodelGraphWalker - Visiting attribute path : validity
12:54:45.492 [main] DEBUG o.h.l.p.b.i.FetchStyleLoadPlanBuildingAssociationVisitationStrategy - Building LoadPlan...
12:54:45.492 [main] DEBUG o.h.l.p.e.i.LoadQueryJoinAndFetchProcessor - processing queryspace <gen:0>
12:54:45.492 [main] DEBUG o.h.l.p.b.spi.LoadPlanTreePrinter - LoadPlan(collection=Abstract.TicketSeller.passes)
    - Returns
       - CollectionReturnImpl(collection=Abstract.TicketSeller.passes, querySpaceUid=<gen:0>, path=[Abstract.TicketSeller.passes])
          - (collection element) CollectionFetchableElementEntityGraph(entity=Classes.Pass, querySpaceUid=<gen:1>, path=[Abstract.TicketSeller.passes].<elements>)
             - EntityAttributeFetchImpl(entity=Abstract.TicketSeller, querySpaceUid=<gen:2>, path=[Abstract.TicketSeller.passes].<elements>.seller)
                - CollectionAttributeFetchImpl(collection=Classes.Shop.people, querySpaceUid=<gen:3>, path=[Abstract.TicketSeller.passes].<elements>.seller.people)
                   - (collection element) CollectionFetchableElementEntityGraph(entity=Classes.Person, querySpaceUid=<gen:4>, path=[Abstract.TicketSeller.passes].<elements>.seller.people.<elements>)
             - EntityAttributeFetchImpl(entity=Classes.Person, querySpaceUid=<gen:5>, path=[Abstract.TicketSeller.passes].<elements>.person)
                - EntityAttributeFetchImpl(entity=Classes.Card, querySpaceUid=<gen:6>, path=[Abstract.TicketSeller.passes].<elements>.person.cardNum)
             - EntityAttributeFetchImpl(entity=Abstract.TicketSeller, querySpaceUid=<gen:7>, path=[Abstract.TicketSeller.passes].<elements>.sellers)
                - CollectionAttributeFetchImpl(collection=Classes.Shop.people, querySpaceUid=<gen:8>, path=[Abstract.TicketSeller.passes].<elements>.sellers.people)
                   - (collection element) CollectionFetchableElementEntityGraph(entity=Classes.Person, querySpaceUid=<gen:9>, path=[Abstract.TicketSeller.passes].<elements>.sellers.people.<elements>)
    - QuerySpaces
       - CollectionQuerySpaceImpl(uid=<gen:0>, collection=Abstract.TicketSeller.passes)
          - SQL table alias mapping - passes0_
          - alias suffix - 0_
          - suffixed key columns - {ticketse1_5_0_}
          - entity-element alias suffix - 1_
          - 1_entity-element suffixed key columns - id2_2_1_
          - JOIN (JoinDefinedByMetadata(elements)) : <gen:0> -> <gen:1>
             - EntityQuerySpaceImpl(uid=<gen:1>, entity=Classes.Pass)
                - SQL table alias mapping - pass1_
                - alias suffix - 1_
                - suffixed key columns - {id2_2_1_}
                - JOIN (JoinDefinedByMetadata(seller)) : <gen:1> -> <gen:2>
                   - EntityQuerySpaceImpl(uid=<gen:2>, entity=Abstract.TicketSeller)
                      - SQL table alias mapping - ticketsell2_
                      - alias suffix - 2_
                      - suffixed key columns - {id2_3_2_}
                - JOIN (JoinDefinedByMetadata(person)) : <gen:1> -> <gen:5>
                   - EntityQuerySpaceImpl(uid=<gen:5>, entity=Classes.Person)
                      - SQL table alias mapping - person3_
                      - alias suffix - 3_
                      - suffixed key columns - {id1_1_3_}
                      - JOIN (JoinDefinedByMetadata(cardNum)) : <gen:5> -> <gen:6>
                         - EntityQuerySpaceImpl(uid=<gen:6>, entity=Classes.Card)
                            - SQL table alias mapping - card4_
                            - alias suffix - 4_
                            - suffixed key columns - {id1_0_4_}
                - JOIN (JoinDefinedByMetadata(sellers)) : <gen:1> -> <gen:7>
                   - EntityQuerySpaceImpl(uid=<gen:7>, entity=Abstract.TicketSeller)
                      - SQL table alias mapping - ticketsell5_
                      - alias suffix - 5_
                      - suffixed key columns - {id2_3_5_}

12:54:45.492 [main] DEBUG o.h.l.c.plan.CollectionLoader - Static select for collection Abstract.TicketSeller.passes: select passes0_.TicketSeller_id as ticketse1_5_0_, passes0_.passes_id as passes_i3_5_0_, pass1_.id as id2_2_1_, pass1_.seller_id as seller_i4_2_1_, pass1_.person_id as person_i5_2_1_, pass1_.sellers_id as sellers_6_2_1_, pass1_.validity as validity3_2_1_, ticketsell2_.id as id2_3_2_, ticketsell2_.seller_name as seller_n3_3_2_, ticketsell2_.isWorking as isworkin4_3_2_, ticketsell2_.type as type1_3_2_, person3_.id as id1_1_3_, person3_.birthdate as birthdat2_1_3_, person3_.cardNum_id as cardnum_5_1_3_, person3_.firstName as firstnam3_1_3_, person3_.lastName as lastname4_1_3_, card4_.id as id1_0_4_, card4_.emissionDate as emission2_0_4_, card4_.expirationDate as expirati3_0_4_, ticketsell5_.id as id2_3_5_, ticketsell5_.seller_name as seller_n3_3_5_, ticketsell5_.isWorking as isworkin4_3_5_, ticketsell5_.type as type1_3_5_ from TicketSeller_Ticket passes0_ inner join Ticket pass1_ on passes0_.passes_id=pass1_.id left outer join TicketSeller ticketsell2_ on pass1_.seller_id=ticketsell2_.id left outer join Person person3_ on pass1_.person_id=person3_.id left outer join Card card4_ on person3_.cardNum_id=card4_.id left outer join TicketSeller ticketsell5_ on pass1_.sellers_id=ticketsell5_.id where passes0_.TicketSeller_id=?
12:54:45.492 [main] DEBUG o.h.l.p.b.i.spaces.QuerySpacesImpl - Adding QuerySpace : uid = <gen:0> -> org.hibernate.loader.plan.build.internal.spaces.CollectionQuerySpaceImpl@7885776b]
12:54:45.492 [main] DEBUG o.h.l.p.b.i.spaces.QuerySpacesImpl - Adding QuerySpace : uid = <gen:1> -> org.hibernate.loader.plan.build.internal.spaces.EntityQuerySpaceImpl@497d4c96]
12:54:45.492 [main] DEBUG o.h.p.w.spi.MetamodelGraphWalker - Visiting attribute path : birthdate
12:54:45.492 [main] DEBUG o.h.p.w.spi.MetamodelGraphWalker - Visiting attribute path : cardNum
12:54:45.492 [main] DEBUG o.h.l.p.b.i.spaces.QuerySpacesImpl - Adding QuerySpace : uid = <gen:2> -> org.hibernate.loader.plan.build.internal.spaces.EntityQuerySpaceImpl@3a3ed300]
12:54:45.492 [main] DEBUG o.h.p.w.spi.MetamodelGraphWalker - Visiting attribute path : cardNum.emissionDate
12:54:45.492 [main] DEBUG o.h.p.w.spi.MetamodelGraphWalker - Visiting attribute path : cardNum.expirationDate
12:54:45.492 [main] DEBUG o.h.p.w.spi.MetamodelGraphWalker - Visiting attribute path : cardNum.person
12:54:45.492 [main] DEBUG o.h.p.w.spi.MetamodelGraphWalker - Property path deemed to be circular : cardNum.person
12:54:45.493 [main] DEBUG o.h.p.w.spi.MetamodelGraphWalker - Visiting attribute path : firstName
12:54:45.493 [main] DEBUG o.h.p.w.spi.MetamodelGraphWalker - Visiting attribute path : lastName
12:54:45.493 [main] DEBUG o.h.l.p.b.i.FetchStyleLoadPlanBuildingAssociationVisitationStrategy - Building LoadPlan...
12:54:45.493 [main] DEBUG o.h.l.p.e.i.LoadQueryJoinAndFetchProcessor - processing queryspace <gen:0>
12:54:45.493 [main] DEBUG o.h.l.p.b.spi.LoadPlanTreePrinter - LoadPlan(collection=Classes.Shop.people)
    - Returns
       - CollectionReturnImpl(collection=Classes.Shop.people, querySpaceUid=<gen:0>, path=[Classes.Shop.people])
          - (collection element) CollectionFetchableElementEntityGraph(entity=Classes.Person, querySpaceUid=<gen:1>, path=[Classes.Shop.people].<elements>)
             - EntityAttributeFetchImpl(entity=Classes.Card, querySpaceUid=<gen:2>, path=[Classes.Shop.people].<elements>.cardNum)
    - QuerySpaces
       - CollectionQuerySpaceImpl(uid=<gen:0>, collection=Classes.Shop.people)
          - SQL table alias mapping - people0_
          - alias suffix - 0_
          - suffixed key columns - {shop_id1_4_0_}
          - entity-element alias suffix - 1_
          - 1_entity-element suffixed key columns - id1_1_1_
          - JOIN (JoinDefinedByMetadata(elements)) : <gen:0> -> <gen:1>
             - EntityQuerySpaceImpl(uid=<gen:1>, entity=Classes.Person)
                - SQL table alias mapping - person1_
                - alias suffix - 1_
                - suffixed key columns - {id1_1_1_}
                - JOIN (JoinDefinedByMetadata(cardNum)) : <gen:1> -> <gen:2>
                   - EntityQuerySpaceImpl(uid=<gen:2>, entity=Classes.Card)
                      - SQL table alias mapping - card2_
                      - alias suffix - 2_
                      - suffixed key columns - {id1_0_2_}

12:54:45.493 [main] DEBUG o.h.l.c.plan.CollectionLoader - Static select for collection Classes.Shop.people: select people0_.Shop_id as shop_id1_4_0_, people0_.people_id as people_i2_4_0_, person1_.id as id1_1_1_, person1_.birthdate as birthdat2_1_1_, person1_.cardNum_id as cardnum_5_1_1_, person1_.firstName as firstnam3_1_1_, person1_.lastName as lastname4_1_1_, card2_.id as id1_0_2_, card2_.emissionDate as emission2_0_2_, card2_.expirationDate as expirati3_0_2_ from TicketSeller_Person people0_ inner join Person person1_ on people0_.people_id=person1_.id left outer join Card card2_ on person1_.cardNum_id=card2_.id where people0_.Shop_id=?
12:54:45.517 [main] INFO  o.hibernate.orm.connections.access - HHH10001501: Connection obtained from JdbcConnectionAccess [org.hibernate.engine.jdbc.env.internal.JdbcEnvironmentInitiator$ConnectionProviderJdbcConnectionAccess@51a651c1] for (non-JTA) DDL execution was not in auto-commit mode; the Connection 'local transaction' will be committed and the Connection will be set into auto-commit mode.
12:54:45.534 [main] DEBUG org.hibernate.mapping.Table - No alter strings for table : Card
12:54:45.534 [main] DEBUG org.hibernate.mapping.Table - No alter strings for table : Person
12:54:45.534 [main] DEBUG org.hibernate.mapping.Table - No alter strings for table : Ticket
12:54:45.534 [main] DEBUG org.hibernate.mapping.Table - No alter strings for table : TicketSeller
12:54:45.534 [main] DEBUG org.hibernate.mapping.Table - No alter strings for table : TicketSeller_Person
12:54:45.534 [main] DEBUG org.hibernate.mapping.Table - No alter strings for table : TicketSeller_Ticket
12:54:45.593 [main] DEBUG o.h.e.t.j.p.i.JtaPlatformInitiator - No JtaPlatform was specified, checking resolver
12:54:45.594 [main] DEBUG o.h.e.t.j.p.i.JtaPlatformResolverInitiator - No JtaPlatformResolver was specified, using default [org.hibernate.engine.transaction.jta.platform.internal.StandardJtaPlatformResolver]
12:54:45.597 [main] DEBUG o.h.e.t.j.p.i.StandardJtaPlatformResolver - Could not resolve JtaPlatform, using default [org.hibernate.engine.transaction.jta.platform.internal.NoJtaPlatform]
12:54:45.597 [main] INFO  o.h.e.t.j.p.i.JtaPlatformInitiator - HHH000490: Using JtaPlatform implementation: [org.hibernate.engine.transaction.jta.platform.internal.NoJtaPlatform]
12:54:45.601 [main] DEBUG o.h.s.i.SessionFactoryServiceRegistryImpl - EventListenerRegistry access via ServiceRegistry is deprecated.  Use `sessionFactory.getEventEngine().getListenerRegistry()` instead
12:54:45.602 [main] DEBUG o.h.h.i.QueryTranslatorFactoryInitiator - QueryTranslatorFactory: org.hibernate.hql.internal.ast.ASTQueryTranslatorFactory@750a04ec
12:54:45.604 [main] DEBUG o.h.query.spi.NamedQueryRepository - Checking 0 named HQL queries
12:54:45.604 [main] DEBUG o.h.query.spi.NamedQueryRepository - Checking 0 named SQL queries
12:54:45.605 [main] DEBUG o.h.internal.SessionFactoryRegistry - Initializing SessionFactoryRegistry : org.hibernate.internal.SessionFactoryRegistry@1a464fa3
12:54:45.608 [main] DEBUG o.h.internal.SessionFactoryRegistry - Registering SessionFactory: 242ec9f8-0830-47d3-a833-2b30c087d699 (<unnamed>)
12:54:45.608 [main] DEBUG o.h.internal.SessionFactoryRegistry - Not binding SessionFactory to JNDI, no JNDI name configured
12:54:45.636 [main] DEBUG o.h.s.internal.StatisticsInitiator - Statistics initialized [enabled=false]
12:54:45.640 [main] DEBUG o.h.e.t.internal.TransactionImpl - On TransactionImpl creation, JpaCompliance#isJpaTransactionComplianceEnabled == false
12:54:45.640 [main] DEBUG o.h.e.t.internal.TransactionImpl - begin
12:54:45.645 [main] DEBUG org.hibernate.SQL - select vendingmac0_.id as id2_3_0_, vendingmac0_.seller_name as seller_n3_3_0_, vendingmac0_.isWorking as isworkin4_3_0_ from TicketSeller vendingmac0_ where vendingmac0_.id=? and vendingmac0_.type='vending_machine'
12:54:45.648 [main] DEBUG o.h.l.e.p.AbstractLoadPlanBasedEntityLoader - Done entity load : Classes.VendingMachine#3
12:54:45.651 [main] DEBUG o.h.r.t.b.j.i.JdbcResourceLocalTransactionCoordinatorImpl - JDBC transaction marked for rollback-only (exception provided for stack trace)
java.lang.Exception: exception just for purpose of providing stack trace
	at org.hibernate.resource.transaction.backend.jdbc.internal.JdbcResourceLocalTransactionCoordinatorImpl$TransactionDriverControlImpl.markRollbackOnly(JdbcResourceLocalTransactionCoordinatorImpl.java:324)
	at org.hibernate.engine.transaction.internal.TransactionImpl.markRollbackOnly(TransactionImpl.java:203)
	at org.hibernate.internal.AbstractSharedSessionContract.markForRollbackOnly(AbstractSharedSessionContract.java:428)
	at org.hibernate.internal.ExceptionConverterImpl.convert(ExceptionConverterImpl.java:191)
	at org.hibernate.internal.SessionImpl.remove(SessionImpl.java:3369)
	at ClassesDAO.SellerDAO.deleteVending(SellerDAO.java:45)
	at MainClass.MainClass.main(MainClass.java:28)
12:54:52.248 [main] DEBUG org.jboss.logging - Logging Provider: org.jboss.logging.Slf4jLoggerProvider
12:54:52.308 [main] DEBUG o.h.jpa.HibernatePersistenceProvider - Located and parsed 2 persistence units; checking each
12:54:52.309 [main] DEBUG o.h.jpa.HibernatePersistenceProvider - Checking persistence-unit [name=HomeworkS3D3, explicit-provider=null] against incoming persistence unit name [BuildWeek_4]
12:54:52.309 [main] DEBUG o.h.jpa.HibernatePersistenceProvider - Excluding from consideration due to name mis-match
12:54:52.309 [main] DEBUG o.h.jpa.HibernatePersistenceProvider - Checking persistence-unit [name=BuildWeek_4, explicit-provider=null] against incoming persistence unit name [BuildWeek_4]
12:54:52.309 [main] DEBUG o.h.jpa.boot.spi.ProviderChecker - No PersistenceProvider explicitly requested, assuming Hibernate
12:54:52.313 [main] DEBUG o.h.jpa.internal.util.LogHelper - PersistenceUnitInfo [
	name: BuildWeek_4
	persistence provider classname: null
	classloader: null
	excludeUnlistedClasses: false
	JTA datasource: null
	Non JTA datasource: null
	Transaction type: RESOURCE_LOCAL
	PU root URL: file:/C:/Users/total/Desktop/All/Epicode/fs0223-Luca-Sernicola-BackEnd/BuildWeek_4/target/classes/
	Shared Cache Mode: null
	Validation Mode: null
	Jar files URLs []
	Managed classes names []
	Mapping files names []
	Properties [
		javax.persistence.jdbc.driver: org.postgresql.Driver
		javax.persistence.jdbc.password: root
		hibernate.dialect: org.hibernate.dialect.PostgreSQLDialect
		javax.persistence.jdbc.url: jdbc:postgresql://localhost:5432/BuildWeek
		hibernate.hbm2ddl.auto: update
		javax.persistence.jdbc.user: postgres]
12:54:52.316 [main] DEBUG o.h.i.internal.IntegratorServiceImpl - Adding Integrator [org.hibernate.cfg.beanvalidation.BeanValidationIntegrator].
12:54:52.317 [main] DEBUG o.h.i.internal.IntegratorServiceImpl - Adding Integrator [org.hibernate.secure.spi.JaccIntegrator].
12:54:52.319 [main] DEBUG o.h.i.internal.IntegratorServiceImpl - Adding Integrator [org.hibernate.cache.internal.CollectionCacheInvalidator].
12:54:52.344 [main] INFO  org.hibernate.Version - HHH000412: Hibernate ORM core version 5.6.15.Final
12:54:52.345 [main] DEBUG org.hibernate.cfg.Environment - HHH000206: hibernate.properties not found
12:54:52.445 [main] DEBUG o.h.service.spi.ServiceBinding - Overriding existing service binding [org.hibernate.secure.spi.JaccService]
12:54:52.454 [main] DEBUG o.h.c.i.RegionFactoryInitiator - Cannot default RegionFactory based on registered strategies as `[]` RegionFactory strategies were registered
12:54:52.455 [main] DEBUG o.h.c.i.RegionFactoryInitiator - Cache region factory : org.hibernate.cache.internal.NoCachingRegionFactory
12:54:52.464 [main] INFO  o.h.annotations.common.Version - HCANN000001: Hibernate Commons Annotations {5.1.2.Final}
12:54:52.520 [main] DEBUG o.hibernate.type.BasicTypeRegistry - Adding type registration boolean -> org.hibernate.type.BooleanType@ea9b7c6
12:54:52.520 [main] DEBUG o.hibernate.type.BasicTypeRegistry - Adding type registration boolean -> org.hibernate.type.BooleanType@ea9b7c6
12:54:52.520 [main] DEBUG o.hibernate.type.BasicTypeRegistry - Adding type registration java.lang.Boolean -> org.hibernate.type.BooleanType@ea9b7c6
12:54:52.520 [main] DEBUG o.hibernate.type.BasicTypeRegistry - Adding type registration numeric_boolean -> org.hibernate.type.NumericBooleanType@3fffff43
12:54:52.521 [main] DEBUG o.hibernate.type.BasicTypeRegistry - Adding type registration true_false -> org.hibernate.type.TrueFalseType@7b324585
12:54:52.521 [main] DEBUG o.hibernate.type.BasicTypeRegistry - Adding type registration yes_no -> org.hibernate.type.YesNoType@fd8294b
12:54:52.521 [main] DEBUG o.hibernate.type.BasicTypeRegistry - Adding type registration byte -> org.hibernate.type.ByteType@4fbda97b
12:54:52.522 [main] DEBUG o.hibernate.type.BasicTypeRegistry - Adding type registration byte -> org.hibernate.type.ByteType@4fbda97b
12:54:52.522 [main] DEBUG o.hibernate.type.BasicTypeRegistry - Adding type registration java.lang.Byte -> org.hibernate.type.ByteType@4fbda97b
12:54:52.522 [main] DEBUG o.hibernate.type.BasicTypeRegistry - Adding type registration character -> org.hibernate.type.CharacterType@354fc8f0
12:54:52.522 [main] DEBUG o.hibernate.type.BasicTypeRegistry - Adding type registration char -> org.hibernate.type.CharacterType@354fc8f0
12:54:52.522 [main] DEBUG o.hibernate.type.BasicTypeRegistry - Adding type registration java.lang.Character -> org.hibernate.type.CharacterType@354fc8f0
12:54:52.523 [main] DEBUG o.hibernate.type.BasicTypeRegistry - Adding type registration short -> org.hibernate.type.ShortType@a4b2d8f
12:54:52.523 [main] DEBUG o.hibernate.type.BasicTypeRegistry - Adding type registration short -> org.hibernate.type.ShortType@a4b2d8f
12:54:52.523 [main] DEBUG o.hibernate.type.BasicTypeRegistry - Adding type registration java.lang.Short -> org.hibernate.type.ShortType@a4b2d8f
12:54:52.523 [main] DEBUG o.hibernate.type.BasicTypeRegistry - Adding type registration integer -> org.hibernate.type.IntegerType@51cd7ffc
12:54:52.524 [main] DEBUG o.hibernate.type.BasicTypeRegistry - Adding type registration int -> org.hibernate.type.IntegerType@51cd7ffc
12:54:52.524 [main] DEBUG o.hibernate.type.BasicTypeRegistry - Adding type registration java.lang.Integer -> org.hibernate.type.IntegerType@51cd7ffc
12:54:52.524 [main] DEBUG o.hibernate.type.BasicTypeRegistry - Adding type registration long -> org.hibernate.type.LongType@590c73d3
12:54:52.524 [main] DEBUG o.hibernate.type.BasicTypeRegistry - Adding type registration long -> org.hibernate.type.LongType@590c73d3
12:54:52.524 [main] DEBUG o.hibernate.type.BasicTypeRegistry - Adding type registration java.lang.Long -> org.hibernate.type.LongType@590c73d3
12:54:52.524 [main] DEBUG o.hibernate.type.BasicTypeRegistry - Adding type registration float -> org.hibernate.type.FloatType@79da1ec0
12:54:52.524 [main] DEBUG o.hibernate.type.BasicTypeRegistry - Adding type registration float -> org.hibernate.type.FloatType@79da1ec0
12:54:52.524 [main] DEBUG o.hibernate.type.BasicTypeRegistry - Adding type registration java.lang.Float -> org.hibernate.type.FloatType@79da1ec0
12:54:52.526 [main] DEBUG o.hibernate.type.BasicTypeRegistry - Adding type registration double -> org.hibernate.type.DoubleType@66ce957f
12:54:52.526 [main] DEBUG o.hibernate.type.BasicTypeRegistry - Adding type registration double -> org.hibernate.type.DoubleType@66ce957f
12:54:52.526 [main] DEBUG o.hibernate.type.BasicTypeRegistry - Adding type registration java.lang.Double -> org.hibernate.type.DoubleType@66ce957f
12:54:52.526 [main] DEBUG o.hibernate.type.BasicTypeRegistry - Adding type registration big_decimal -> org.hibernate.type.BigDecimalType@3b220bcb
12:54:52.526 [main] DEBUG o.hibernate.type.BasicTypeRegistry - Adding type registration java.math.BigDecimal -> org.hibernate.type.BigDecimalType@3b220bcb
12:54:52.527 [main] DEBUG o.hibernate.type.BasicTypeRegistry - Adding type registration big_integer -> org.hibernate.type.BigIntegerType@13e3c1c7
12:54:52.527 [main] DEBUG o.hibernate.type.BasicTypeRegistry - Adding type registration java.math.BigInteger -> org.hibernate.type.BigIntegerType@13e3c1c7
12:54:52.527 [main] DEBUG o.hibernate.type.BasicTypeRegistry - Adding type registration string -> org.hibernate.type.StringType@1d8062d2
12:54:52.527 [main] DEBUG o.hibernate.type.BasicTypeRegistry - Adding type registration java.lang.String -> org.hibernate.type.StringType@1d8062d2
12:54:52.528 [main] DEBUG o.hibernate.type.BasicTypeRegistry - Adding type registration nstring -> org.hibernate.type.StringNVarcharType@285c08c8
12:54:52.528 [main] DEBUG o.hibernate.type.BasicTypeRegistry - Adding type registration ncharacter -> org.hibernate.type.CharacterNCharType@64dafeed
12:54:52.528 [main] DEBUG o.hibernate.type.BasicTypeRegistry - Adding type registration url -> org.hibernate.type.UrlType@6111ba37
12:54:52.529 [main] DEBUG o.hibernate.type.BasicTypeRegistry - Adding type registration java.net.URL -> org.hibernate.type.UrlType@6111ba37
12:54:52.529 [main] DEBUG o.hibernate.type.BasicTypeRegistry - Adding type registration Duration -> org.hibernate.type.DurationType@4721d212
12:54:52.529 [main] DEBUG o.hibernate.type.BasicTypeRegistry - Adding type registration java.time.Duration -> org.hibernate.type.DurationType@4721d212
12:54:52.530 [main] DEBUG o.hibernate.type.BasicTypeRegistry - Adding type registration Instant -> org.hibernate.type.InstantType@654d8173
12:54:52.530 [main] DEBUG o.hibernate.type.BasicTypeRegistry - Adding type registration java.time.Instant -> org.hibernate.type.InstantType@654d8173
12:54:52.530 [main] DEBUG o.hibernate.type.BasicTypeRegistry - Adding type registration LocalDateTime -> org.hibernate.type.LocalDateTimeType@239b0f9d
12:54:52.530 [main] DEBUG o.hibernate.type.BasicTypeRegistry - Adding type registration java.time.LocalDateTime -> org.hibernate.type.LocalDateTimeType@239b0f9d
12:54:52.531 [main] DEBUG o.hibernate.type.BasicTypeRegistry - Adding type registration LocalDate -> org.hibernate.type.LocalDateType@650eab8
12:54:52.531 [main] DEBUG o.hibernate.type.BasicTypeRegistry - Adding type registration java.time.LocalDate -> org.hibernate.type.LocalDateType@650eab8
12:54:52.531 [main] DEBUG o.hibernate.type.BasicTypeRegistry - Adding type registration LocalTime -> org.hibernate.type.LocalTimeType@f0e995e
12:54:52.531 [main] DEBUG o.hibernate.type.BasicTypeRegistry - Adding type registration java.time.LocalTime -> org.hibernate.type.LocalTimeType@f0e995e
12:54:52.532 [main] DEBUG o.hibernate.type.BasicTypeRegistry - Adding type registration OffsetDateTime -> org.hibernate.type.OffsetDateTimeType@50fe837a
12:54:52.532 [main] DEBUG o.hibernate.type.BasicTypeRegistry - Adding type registration java.time.OffsetDateTime -> org.hibernate.type.OffsetDateTimeType@50fe837a
12:54:52.533 [main] DEBUG o.hibernate.type.BasicTypeRegistry - Adding type registration OffsetTime -> org.hibernate.type.OffsetTimeType@1623134f
12:54:52.533 [main] DEBUG o.hibernate.type.BasicTypeRegistry - Adding type registration java.time.OffsetTime -> org.hibernate.type.OffsetTimeType@1623134f
12:54:52.534 [main] DEBUG o.hibernate.type.BasicTypeRegistry - Adding type registration ZonedDateTime -> org.hibernate.type.ZonedDateTimeType@5ad10c1a
12:54:52.534 [main] DEBUG o.hibernate.type.BasicTypeRegistry - Adding type registration java.time.ZonedDateTime -> org.hibernate.type.ZonedDateTimeType@5ad10c1a
12:54:52.535 [main] DEBUG o.hibernate.type.BasicTypeRegistry - Adding type registration date -> org.hibernate.type.DateType@15eebbff
12:54:52.535 [main] DEBUG o.hibernate.type.BasicTypeRegistry - Adding type registration java.sql.Date -> org.hibernate.type.DateType@15eebbff
12:54:52.535 [main] DEBUG o.hibernate.type.BasicTypeRegistry - Adding type registration time -> org.hibernate.type.TimeType@3e34ace1
12:54:52.535 [main] DEBUG o.hibernate.type.BasicTypeRegistry - Adding type registration java.sql.Time -> org.hibernate.type.TimeType@3e34ace1
12:54:52.536 [main] DEBUG o.hibernate.type.BasicTypeRegistry - Adding type registration timestamp -> org.hibernate.type.TimestampType@6cbcf243
12:54:52.536 [main] DEBUG o.hibernate.type.BasicTypeRegistry - Adding type registration java.sql.Timestamp -> org.hibernate.type.TimestampType@6cbcf243
12:54:52.536 [main] DEBUG o.hibernate.type.BasicTypeRegistry - Adding type registration java.util.Date -> org.hibernate.type.TimestampType@6cbcf243
12:54:52.537 [main] DEBUG o.hibernate.type.BasicTypeRegistry - Adding type registration dbtimestamp -> org.hibernate.type.DbTimestampType@38be305c
12:54:52.538 [main] DEBUG o.hibernate.type.BasicTypeRegistry - Adding type registration calendar -> org.hibernate.type.CalendarType@26a4842b
12:54:52.538 [main] DEBUG o.hibernate.type.BasicTypeRegistry - Adding type registration java.util.Calendar -> org.hibernate.type.CalendarType@26a4842b
12:54:52.538 [main] DEBUG o.hibernate.type.BasicTypeRegistry - Adding type registration java.util.GregorianCalendar -> org.hibernate.type.CalendarType@26a4842b
12:54:52.538 [main] DEBUG o.hibernate.type.BasicTypeRegistry - Adding type registration calendar_date -> org.hibernate.type.CalendarDateType@a5b0b86
12:54:52.539 [main] DEBUG o.hibernate.type.BasicTypeRegistry - Adding type registration calendar_time -> org.hibernate.type.CalendarTimeType@2611b9a3
12:54:52.539 [main] DEBUG o.hibernate.type.BasicTypeRegistry - Adding type registration locale -> org.hibernate.type.LocaleType@5b64c4b7
12:54:52.539 [main] DEBUG o.hibernate.type.BasicTypeRegistry - Adding type registration java.util.Locale -> org.hibernate.type.LocaleType@5b64c4b7
12:54:52.541 [main] DEBUG o.hibernate.type.BasicTypeRegistry - Adding type registration currency -> org.hibernate.type.CurrencyType@1252b961
12:54:52.541 [main] DEBUG o.hibernate.type.BasicTypeRegistry - Adding type registration java.util.Currency -> org.hibernate.type.CurrencyType@1252b961
12:54:52.541 [main] DEBUG o.hibernate.type.BasicTypeRegistry - Adding type registration timezone -> org.hibernate.type.TimeZoneType@4d098f9b
12:54:52.541 [main] DEBUG o.hibernate.type.BasicTypeRegistry - Adding type registration java.util.TimeZone -> org.hibernate.type.TimeZoneType@4d098f9b
12:54:52.541 [main] DEBUG o.hibernate.type.BasicTypeRegistry - Adding type registration class -> org.hibernate.type.ClassType@7b64240d
12:54:52.541 [main] DEBUG o.hibernate.type.BasicTypeRegistry - Adding type registration java.lang.Class -> org.hibernate.type.ClassType@7b64240d
12:54:52.542 [main] DEBUG o.hibernate.type.BasicTypeRegistry - Adding type registration uuid-binary -> org.hibernate.type.UUIDBinaryType@6d24ffa1
12:54:52.542 [main] DEBUG o.hibernate.type.BasicTypeRegistry - Adding type registration java.util.UUID -> org.hibernate.type.UUIDBinaryType@6d24ffa1
12:54:52.542 [main] DEBUG o.hibernate.type.BasicTypeRegistry - Adding type registration uuid-char -> org.hibernate.type.UUIDCharType@426b6a74
12:54:52.543 [main] DEBUG o.hibernate.type.BasicTypeRegistry - Adding type registration binary -> org.hibernate.type.BinaryType@7d3430a7
12:54:52.543 [main] DEBUG o.hibernate.type.BasicTypeRegistry - Adding type registration byte[] -> org.hibernate.type.BinaryType@7d3430a7
12:54:52.543 [main] DEBUG o.hibernate.type.BasicTypeRegistry - Adding type registration [B -> org.hibernate.type.BinaryType@7d3430a7
12:54:52.543 [main] DEBUG o.hibernate.type.BasicTypeRegistry - Adding type registration wrapper-binary -> org.hibernate.type.WrapperBinaryType@5536379e
12:54:52.543 [main] DEBUG o.hibernate.type.BasicTypeRegistry - Adding type registration Byte[] -> org.hibernate.type.WrapperBinaryType@5536379e
12:54:52.543 [main] DEBUG o.hibernate.type.BasicTypeRegistry - Adding type registration [Ljava.lang.Byte; -> org.hibernate.type.WrapperBinaryType@5536379e
12:54:52.544 [main] DEBUG o.hibernate.type.BasicTypeRegistry - Adding type registration row_version -> org.hibernate.type.RowVersionType@2b491fee
12:54:52.544 [main] DEBUG o.hibernate.type.BasicTypeRegistry - Adding type registration image -> org.hibernate.type.ImageType@3e8f7922
12:54:52.544 [main] DEBUG o.hibernate.type.BasicTypeRegistry - Adding type registration characters -> org.hibernate.type.CharArrayType@6ca0256d
12:54:52.544 [main] DEBUG o.hibernate.type.BasicTypeRegistry - Adding type registration char[] -> org.hibernate.type.CharArrayType@6ca0256d
12:54:52.544 [main] DEBUG o.hibernate.type.BasicTypeRegistry - Adding type registration [C -> org.hibernate.type.CharArrayType@6ca0256d
12:54:52.546 [main] DEBUG o.hibernate.type.BasicTypeRegistry - Adding type registration wrapper-characters -> org.hibernate.type.CharacterArrayType@e260766
12:54:52.546 [main] DEBUG o.hibernate.type.BasicTypeRegistry - Adding type registration [Ljava.lang.Character; -> org.hibernate.type.CharacterArrayType@e260766
12:54:52.546 [main] DEBUG o.hibernate.type.BasicTypeRegistry - Adding type registration Character[] -> org.hibernate.type.CharacterArrayType@e260766
12:54:52.546 [main] DEBUG o.hibernate.type.BasicTypeRegistry - Adding type registration text -> org.hibernate.type.TextType@7c56e013
12:54:52.546 [main] DEBUG o.hibernate.type.BasicTypeRegistry - Adding type registration ntext -> org.hibernate.type.NTextType@6731787b
12:54:52.547 [main] DEBUG o.hibernate.type.BasicTypeRegistry - Adding type registration blob -> org.hibernate.type.BlobType@2cb3d0f7
12:54:52.547 [main] DEBUG o.hibernate.type.BasicTypeRegistry - Adding type registration java.sql.Blob -> org.hibernate.type.BlobType@2cb3d0f7
12:54:52.547 [main] DEBUG o.hibernate.type.BasicTypeRegistry - Adding type registration materialized_blob -> org.hibernate.type.MaterializedBlobType@5860f3d7
12:54:52.548 [main] DEBUG o.hibernate.type.BasicTypeRegistry - Adding type registration clob -> org.hibernate.type.ClobType@67389cb8
12:54:52.548 [main] DEBUG o.hibernate.type.BasicTypeRegistry - Adding type registration java.sql.Clob -> org.hibernate.type.ClobType@67389cb8
12:54:52.549 [main] DEBUG o.hibernate.type.BasicTypeRegistry - Adding type registration nclob -> org.hibernate.type.NClobType@74e47444
12:54:52.549 [main] DEBUG o.hibernate.type.BasicTypeRegistry - Adding type registration java.sql.NClob -> org.hibernate.type.NClobType@74e47444
12:54:52.549 [main] DEBUG o.hibernate.type.BasicTypeRegistry - Adding type registration materialized_clob -> org.hibernate.type.MaterializedClobType@6e4de19b
12:54:52.549 [main] DEBUG o.hibernate.type.BasicTypeRegistry - Adding type registration materialized_nclob -> org.hibernate.type.MaterializedNClobType@1991f767
12:54:52.550 [main] DEBUG o.hibernate.type.BasicTypeRegistry - Adding type registration serializable -> org.hibernate.type.SerializableType@7db82169
12:54:52.551 [main] DEBUG o.hibernate.type.BasicTypeRegistry - Adding type registration object -> org.hibernate.type.ObjectType@3a94964
12:54:52.551 [main] DEBUG o.hibernate.type.BasicTypeRegistry - Adding type registration java.lang.Object -> org.hibernate.type.ObjectType@3a94964
12:54:52.551 [main] DEBUG o.hibernate.type.BasicTypeRegistry - Adding type registration imm_date -> org.hibernate.type.AdaptedImmutableType@2a3591c5
12:54:52.551 [main] DEBUG o.hibernate.type.BasicTypeRegistry - Adding type registration imm_time -> org.hibernate.type.AdaptedImmutableType@34a75079
12:54:52.551 [main] DEBUG o.hibernate.type.BasicTypeRegistry - Adding type registration imm_timestamp -> org.hibernate.type.AdaptedImmutableType@346a361
12:54:52.551 [main] DEBUG o.hibernate.type.BasicTypeRegistry - Adding type registration imm_dbtimestamp -> org.hibernate.type.AdaptedImmutableType@107ed6fc
12:54:52.551 [main] DEBUG o.hibernate.type.BasicTypeRegistry - Adding type registration imm_calendar -> org.hibernate.type.AdaptedImmutableType@1643d68f
12:54:52.551 [main] DEBUG o.hibernate.type.BasicTypeRegistry - Adding type registration imm_calendar_date -> org.hibernate.type.AdaptedImmutableType@186978a6
12:54:52.551 [main] DEBUG o.hibernate.type.BasicTypeRegistry - Adding type registration imm_binary -> org.hibernate.type.AdaptedImmutableType@2e029d61
12:54:52.551 [main] DEBUG o.hibernate.type.BasicTypeRegistry - Adding type registration imm_serializable -> org.hibernate.type.AdaptedImmutableType@482d776b
12:54:52.559 [main] DEBUG o.h.b.internal.BootstrapContextImpl - Injecting ScanEnvironment [org.hibernate.jpa.boot.internal.StandardJpaScanEnvironmentImpl@649725e3] into BootstrapContext; was [null]
12:54:52.559 [main] DEBUG o.h.b.internal.BootstrapContextImpl - Injecting ScanOptions [org.hibernate.boot.archive.scan.internal.StandardScanOptions@3c0fae6c] into BootstrapContext; was [org.hibernate.boot.archive.scan.internal.StandardScanOptions@4c168660]
12:54:52.592 [main] DEBUG o.h.b.internal.BootstrapContextImpl - Injecting JPA temp ClassLoader [null] into BootstrapContext; was [null]
12:54:52.592 [main] DEBUG o.h.b.internal.ClassLoaderAccessImpl - ClassLoaderAccessImpl#injectTempClassLoader(null) [was null]
12:54:52.598 [main] DEBUG o.h.i.f.i.DefaultIdentifierGeneratorFactory - Registering IdentifierGenerator strategy [uuid2] -> [org.hibernate.id.UUIDGenerator]
12:54:52.598 [main] DEBUG o.h.i.f.i.DefaultIdentifierGeneratorFactory - Registering IdentifierGenerator strategy [guid] -> [org.hibernate.id.GUIDGenerator]
12:54:52.598 [main] DEBUG o.h.i.f.i.DefaultIdentifierGeneratorFactory - Registering IdentifierGenerator strategy [uuid] -> [org.hibernate.id.UUIDHexGenerator]
12:54:52.598 [main] DEBUG o.h.i.f.i.DefaultIdentifierGeneratorFactory - Registering IdentifierGenerator strategy [uuid.hex] -> [org.hibernate.id.UUIDHexGenerator]
12:54:52.598 [main] DEBUG o.h.i.f.i.DefaultIdentifierGeneratorFactory - Registering IdentifierGenerator strategy [assigned] -> [org.hibernate.id.Assigned]
12:54:52.599 [main] DEBUG o.h.i.f.i.DefaultIdentifierGeneratorFactory - Registering IdentifierGenerator strategy [identity] -> [org.hibernate.id.IdentityGenerator]
12:54:52.599 [main] DEBUG o.h.i.f.i.DefaultIdentifierGeneratorFactory - Registering IdentifierGenerator strategy [select] -> [org.hibernate.id.SelectGenerator]
12:54:52.600 [main] DEBUG o.h.i.f.i.DefaultIdentifierGeneratorFactory - Registering IdentifierGenerator strategy [sequence] -> [org.hibernate.id.enhanced.SequenceStyleGenerator]
12:54:52.600 [main] DEBUG o.h.i.f.i.DefaultIdentifierGeneratorFactory - Registering IdentifierGenerator strategy [seqhilo] -> [org.hibernate.id.SequenceHiLoGenerator]
12:54:52.600 [main] DEBUG o.h.i.f.i.DefaultIdentifierGeneratorFactory - Registering IdentifierGenerator strategy [increment] -> [org.hibernate.id.IncrementGenerator]
12:54:52.601 [main] DEBUG o.h.i.f.i.DefaultIdentifierGeneratorFactory - Registering IdentifierGenerator strategy [foreign] -> [org.hibernate.id.ForeignGenerator]
12:54:52.601 [main] DEBUG o.h.i.f.i.DefaultIdentifierGeneratorFactory - Registering IdentifierGenerator strategy [sequence-identity] -> [org.hibernate.id.SequenceIdentityGenerator]
12:54:52.601 [main] DEBUG o.h.i.f.i.DefaultIdentifierGeneratorFactory - Registering IdentifierGenerator strategy [enhanced-sequence] -> [org.hibernate.id.enhanced.SequenceStyleGenerator]
12:54:52.601 [main] DEBUG o.h.i.f.i.DefaultIdentifierGeneratorFactory - Registering IdentifierGenerator strategy [enhanced-table] -> [org.hibernate.id.enhanced.TableGenerator]
12:54:52.604 [main] WARN  o.hibernate.orm.connections.pooling - HHH10001002: Using Hibernate built-in connection pool (not for production use!)
12:54:52.607 [main] INFO  o.hibernate.orm.connections.pooling - HHH10001005: using driver [org.postgresql.Driver] at URL [jdbc:postgresql://localhost:5432/BuildWeek]
12:54:52.607 [main] INFO  o.hibernate.orm.connections.pooling - HHH10001001: Connection properties: {password=root, user=postgres}
12:54:52.607 [main] INFO  o.hibernate.orm.connections.pooling - HHH10001003: Autocommit mode: false
12:54:52.609 [main] DEBUG o.h.e.j.c.i.DriverManagerConnectionProviderImpl - Initializing Connection pool with 1 Connections
12:54:52.609 [main] INFO  o.h.e.j.c.i.DriverManagerConnectionProviderImpl - HHH000115: Hibernate connection pool size: 20 (min=1)
12:54:52.766 [main] DEBUG o.h.e.j.e.i.JdbcEnvironmentInitiator - Database ->
       name : PostgreSQL
    version : 15.3
      major : 15
      minor : 3
12:54:52.767 [main] DEBUG o.h.e.j.e.i.JdbcEnvironmentInitiator - Driver ->
       name : PostgreSQL JDBC Driver
    version : 42.6.0
      major : 42
      minor : 6
12:54:52.767 [main] DEBUG o.h.e.j.e.i.JdbcEnvironmentInitiator - JDBC version : 4.2
12:54:52.773 [main] INFO  org.hibernate.dialect.Dialect - HHH000400: Using dialect: org.hibernate.dialect.PostgreSQLDialect
12:54:52.782 [main] DEBUG o.h.e.j.e.s.IdentifierHelperBuilder - JDBC driver metadata reported database stores quoted identifiers in neither upper, lower nor mixed case
12:54:52.799 [main] DEBUG o.hibernate.type.BasicTypeRegistry - Adding type registration pg-uuid -> org.hibernate.type.PostgresUUIDType@22fba58c
12:54:52.799 [main] DEBUG o.hibernate.type.BasicTypeRegistry - Adding type registration java.util.UUID -> org.hibernate.type.PostgresUUIDType@22fba58c
12:54:52.799 [main] DEBUG o.hibernate.type.BasicTypeRegistry - HHH000270: Type registration [java.util.UUID] overrides previous : org.hibernate.type.UUIDBinaryType@6d24ffa1
12:54:52.801 [main] DEBUG o.h.type.spi.TypeConfiguration$Scope - Scoping TypeConfiguration [org.hibernate.type.spi.TypeConfiguration@189b5fb1] to MetadataBuildingContext [org.hibernate.boot.internal.MetadataBuildingContextRootImpl@783ec989]
12:54:52.822 [main] DEBUG o.h.boot.model.relational.Namespace - Created database namespace [logicalName=Name{catalog=null, schema=null}, physicalName=Name{catalog=null, schema=null}]
12:54:52.830 [main] DEBUG org.hibernate.cfg.AnnotationBinder - Binding entity from annotated class: Abstract.TicketSeller
12:54:52.840 [main] DEBUG org.hibernate.cfg.Ejb3Column - Binding column: Ejb3DiscriminatorColumn{logicalColumnName'type', discriminatorTypeName='string'}
12:54:52.843 [main] DEBUG o.h.cfg.annotations.EntityBinder - Import with entity name TicketSeller
12:54:52.846 [main] DEBUG o.h.cfg.annotations.EntityBinder - Bind entity Abstract.TicketSeller on table TicketSeller
12:54:52.862 [main] DEBUG org.hibernate.cfg.Ejb3Column - Binding column: Ejb3Column{table=org.hibernate.mapping.Table(TicketSeller), mappingColumn=id, insertable=true, updatable=true, unique=false}
12:54:52.863 [main] DEBUG o.h.b.internal.ClassLoaderAccessImpl - Not known whether passed class name [Abstract.TicketSeller] is safe
12:54:52.863 [main] DEBUG o.h.b.internal.ClassLoaderAccessImpl - No temp ClassLoader provided; using live ClassLoader for loading potentially unsafe class : Abstract.TicketSeller
12:54:52.864 [main] DEBUG o.h.cfg.annotations.PropertyBinder - MetadataSourceProcessor property id with lazy=false
12:54:52.865 [main] DEBUG o.h.cfg.AbstractPropertyHolder - Attempting to locate auto-apply AttributeConverter for property [Abstract.TicketSeller:id]
12:54:52.866 [main] DEBUG o.h.c.annotations.SimpleValueBinder - building SimpleValue for id
12:54:52.866 [main] DEBUG o.h.cfg.annotations.PropertyBinder - Building property id
12:54:52.869 [main] DEBUG org.hibernate.cfg.BinderHelper - #makeIdGenerator(org.hibernate.mapping.SimpleValue([org.hibernate.mapping.Column(id)]), id, org.hibernate.id.enhanced.SequenceStyleGenerator, elCat_seq, ...)
12:54:52.871 [main] DEBUG org.hibernate.cfg.Ejb3Column - Binding column: Ejb3Column{table=org.hibernate.mapping.Table(TicketSeller), mappingColumn=seller_name, insertable=true, updatable=true, unique=false}
12:54:52.872 [main] DEBUG o.h.cfg.annotations.PropertyBinder - MetadataSourceProcessor property name with lazy=false
12:54:52.872 [main] DEBUG o.h.cfg.AbstractPropertyHolder - Attempting to locate auto-apply AttributeConverter for property [Abstract.TicketSeller:name]
12:54:52.872 [main] DEBUG o.h.c.annotations.SimpleValueBinder - building SimpleValue for name
12:54:52.872 [main] DEBUG o.h.cfg.annotations.PropertyBinder - Building property name
12:54:52.872 [main] DEBUG org.hibernate.cfg.Ejb3Column - Binding column: Ejb3JoinColumn{logicalColumnName='null', referencedColumn='null', mappedBy=''}
12:54:52.872 [main] DEBUG org.hibernate.cfg.Ejb3Column - Binding column: Ejb3Column{table=org.hibernate.mapping.Table(TicketSeller), mappingColumn=passes, insertable=true, updatable=true, unique=false}
12:54:52.873 [main] DEBUG org.hibernate.cfg.Ejb3Column - Binding column: Ejb3Column{table=org.hibernate.mapping.Table(TicketSeller), mappingColumn=null, insertable=true, updatable=true, unique=false}
12:54:52.878 [main] DEBUG org.hibernate.cfg.Ejb3Column - Binding column: Ejb3Column{table=org.hibernate.mapping.Table(TicketSeller), mappingColumn=element, insertable=true, updatable=true, unique=false}
12:54:52.878 [main] DEBUG org.hibernate.cfg.Ejb3Column - Binding column: Ejb3Column{table=org.hibernate.mapping.Table(TicketSeller), mappingColumn=passes_KEY, insertable=true, updatable=true, unique=false}
12:54:52.878 [main] DEBUG org.hibernate.cfg.Ejb3Column - Binding column: Ejb3JoinColumn{logicalColumnName='passes_KEY', referencedColumn='null', mappedBy='null'}
12:54:52.879 [main] DEBUG org.hibernate.cfg.Ejb3Column - Binding column: Ejb3JoinColumn{logicalColumnName='null', referencedColumn='null', mappedBy=''}
12:54:52.879 [main] DEBUG org.hibernate.cfg.Ejb3Column - Binding column: Ejb3JoinColumn{logicalColumnName='null', referencedColumn='null', mappedBy=''}
12:54:52.879 [main] DEBUG o.h.cfg.annotations.CollectionBinder - Collection role: Abstract.TicketSeller.passes
12:54:52.880 [main] DEBUG o.h.cfg.annotations.PropertyBinder - Building property passes
12:54:52.881 [main] DEBUG org.hibernate.cfg.Ejb3Column - Binding column: Ejb3JoinColumn{logicalColumnName='null', referencedColumn='null', mappedBy=''}
12:54:52.881 [main] DEBUG org.hibernate.cfg.Ejb3Column - Binding column: Ejb3Column{table=org.hibernate.mapping.Table(TicketSeller), mappingColumn=tickets, insertable=true, updatable=true, unique=false}
12:54:52.881 [main] DEBUG org.hibernate.cfg.Ejb3Column - Binding column: Ejb3Column{table=org.hibernate.mapping.Table(TicketSeller), mappingColumn=null, insertable=true, updatable=true, unique=false}
12:54:52.881 [main] DEBUG org.hibernate.cfg.Ejb3Column - Binding column: Ejb3Column{table=org.hibernate.mapping.Table(TicketSeller), mappingColumn=element, insertable=true, updatable=true, unique=false}
12:54:52.881 [main] DEBUG org.hibernate.cfg.Ejb3Column - Binding column: Ejb3Column{table=org.hibernate.mapping.Table(TicketSeller), mappingColumn=tickets_KEY, insertable=true, updatable=true, unique=false}
12:54:52.881 [main] DEBUG org.hibernate.cfg.Ejb3Column - Binding column: Ejb3JoinColumn{logicalColumnName='tickets_KEY', referencedColumn='null', mappedBy='null'}
12:54:52.881 [main] DEBUG org.hibernate.cfg.Ejb3Column - Binding column: Ejb3JoinColumn{logicalColumnName='null', referencedColumn='null', mappedBy=''}
12:54:52.881 [main] DEBUG org.hibernate.cfg.Ejb3Column - Binding column: Ejb3JoinColumn{logicalColumnName='null', referencedColumn='null', mappedBy=''}
12:54:52.881 [main] DEBUG o.h.cfg.annotations.CollectionBinder - Collection role: Abstract.TicketSeller.tickets
12:54:52.881 [main] DEBUG o.h.cfg.annotations.PropertyBinder - Building property tickets
12:54:52.884 [main] DEBUG org.hibernate.cfg.AnnotationBinder - Binding entity from annotated class: Classes.Card
12:54:52.884 [main] DEBUG org.hibernate.cfg.Ejb3Column - Binding column: Ejb3DiscriminatorColumn{logicalColumnName'DTYPE', discriminatorTypeName='string'}
12:54:52.884 [main] DEBUG o.h.cfg.annotations.EntityBinder - Import with entity name Card
12:54:52.884 [main] DEBUG o.h.cfg.annotations.EntityBinder - Bind entity Classes.Card on table Card
12:54:52.886 [main] DEBUG org.hibernate.cfg.Ejb3Column - Binding column: Ejb3Column{table=org.hibernate.mapping.Table(Card), mappingColumn=id, insertable=true, updatable=true, unique=false}
12:54:52.887 [main] DEBUG o.h.b.internal.ClassLoaderAccessImpl - Not known whether passed class name [Classes.Card] is safe
12:54:52.887 [main] DEBUG o.h.b.internal.ClassLoaderAccessImpl - No temp ClassLoader provided; using live ClassLoader for loading potentially unsafe class : Classes.Card
12:54:52.887 [main] DEBUG o.h.cfg.annotations.PropertyBinder - MetadataSourceProcessor property id with lazy=false
12:54:52.887 [main] DEBUG o.h.cfg.AbstractPropertyHolder - Attempting to locate auto-apply AttributeConverter for property [Classes.Card:id]
12:54:52.887 [main] DEBUG o.h.c.annotations.SimpleValueBinder - building SimpleValue for id
12:54:52.887 [main] DEBUG o.h.cfg.annotations.PropertyBinder - Building property id
12:54:52.887 [main] DEBUG org.hibernate.cfg.BinderHelper - #makeIdGenerator(org.hibernate.mapping.SimpleValue([org.hibernate.mapping.Column(id)]), id, identity, , ...)
12:54:52.887 [main] DEBUG org.hibernate.cfg.Ejb3Column - Binding column: Ejb3Column{table=org.hibernate.mapping.Table(Card), mappingColumn=emissionDate, insertable=true, updatable=true, unique=false}
12:54:52.887 [main] DEBUG o.h.cfg.annotations.PropertyBinder - MetadataSourceProcessor property emissionDate with lazy=false
12:54:52.887 [main] DEBUG o.h.cfg.AbstractPropertyHolder - Attempting to locate auto-apply AttributeConverter for property [Classes.Card:emissionDate]
12:54:52.887 [main] DEBUG o.h.c.annotations.SimpleValueBinder - building SimpleValue for emissionDate
12:54:52.887 [main] DEBUG o.h.cfg.annotations.PropertyBinder - Building property emissionDate
12:54:52.887 [main] DEBUG org.hibernate.cfg.Ejb3Column - Binding column: Ejb3Column{table=org.hibernate.mapping.Table(Card), mappingColumn=expirationDate, insertable=true, updatable=true, unique=false}
12:54:52.887 [main] DEBUG o.h.cfg.annotations.PropertyBinder - MetadataSourceProcessor property expirationDate with lazy=false
12:54:52.887 [main] DEBUG o.h.cfg.AbstractPropertyHolder - Attempting to locate auto-apply AttributeConverter for property [Classes.Card:expirationDate]
12:54:52.887 [main] DEBUG o.h.c.annotations.SimpleValueBinder - building SimpleValue for expirationDate
12:54:52.888 [main] DEBUG o.h.cfg.annotations.PropertyBinder - Building property expirationDate
12:54:52.888 [main] DEBUG org.hibernate.cfg.Ejb3Column - Binding column: Ejb3JoinColumn{logicalColumnName='null', referencedColumn='null', mappedBy='cardNum'}
12:54:52.888 [main] DEBUG org.hibernate.cfg.Ejb3Column - Binding column: Ejb3Column{table=org.hibernate.mapping.Table(Card), mappingColumn=person, insertable=true, updatable=true, unique=false}
12:54:52.889 [main] DEBUG org.hibernate.cfg.AnnotationBinder - Binding entity from annotated class: Classes.Person
12:54:52.890 [main] DEBUG org.hibernate.cfg.Ejb3Column - Binding column: Ejb3DiscriminatorColumn{logicalColumnName'DTYPE', discriminatorTypeName='string'}
12:54:52.890 [main] DEBUG o.h.cfg.annotations.EntityBinder - Import with entity name Person
12:54:52.890 [main] DEBUG o.h.cfg.annotations.EntityBinder - Bind entity Classes.Person on table Person
12:54:52.890 [main] DEBUG org.hibernate.cfg.Ejb3Column - Binding column: Ejb3Column{table=org.hibernate.mapping.Table(Person), mappingColumn=id, insertable=true, updatable=true, unique=false}
12:54:52.890 [main] DEBUG o.h.b.internal.ClassLoaderAccessImpl - Not known whether passed class name [Classes.Person] is safe
12:54:52.890 [main] DEBUG o.h.b.internal.ClassLoaderAccessImpl - No temp ClassLoader provided; using live ClassLoader for loading potentially unsafe class : Classes.Person
12:54:52.890 [main] DEBUG o.h.cfg.annotations.PropertyBinder - MetadataSourceProcessor property id with lazy=false
12:54:52.890 [main] DEBUG o.h.cfg.AbstractPropertyHolder - Attempting to locate auto-apply AttributeConverter for property [Classes.Person:id]
12:54:52.890 [main] DEBUG o.h.c.annotations.SimpleValueBinder - building SimpleValue for id
12:54:52.890 [main] DEBUG o.h.cfg.annotations.PropertyBinder - Building property id
12:54:52.891 [main] DEBUG org.hibernate.cfg.BinderHelper - #makeIdGenerator(org.hibernate.mapping.SimpleValue([org.hibernate.mapping.Column(id)]), id, identity, , ...)
12:54:52.891 [main] DEBUG org.hibernate.cfg.Ejb3Column - Binding column: Ejb3Column{table=org.hibernate.mapping.Table(Person), mappingColumn=birthdate, insertable=true, updatable=true, unique=false}
12:54:52.891 [main] DEBUG o.h.cfg.annotations.PropertyBinder - MetadataSourceProcessor property birthdate with lazy=false
12:54:52.891 [main] DEBUG o.h.cfg.AbstractPropertyHolder - Attempting to locate auto-apply AttributeConverter for property [Classes.Person:birthdate]
12:54:52.891 [main] DEBUG o.h.c.annotations.SimpleValueBinder - building SimpleValue for birthdate
12:54:52.891 [main] DEBUG o.h.cfg.annotations.PropertyBinder - Building property birthdate
12:54:52.891 [main] DEBUG org.hibernate.cfg.Ejb3Column - Binding column: Ejb3JoinColumn{logicalColumnName='null', referencedColumn='null', mappedBy=''}
12:54:52.891 [main] DEBUG org.hibernate.cfg.Ejb3Column - Binding column: Ejb3Column{table=org.hibernate.mapping.Table(Person), mappingColumn=cardNum, insertable=true, updatable=true, unique=false}
12:54:52.892 [main] DEBUG o.h.cfg.annotations.PropertyBinder - Building property cardNum
12:54:52.892 [main] DEBUG org.hibernate.cfg.Ejb3Column - Binding column: Ejb3Column{table=org.hibernate.mapping.Table(Person), mappingColumn=firstName, insertable=true, updatable=true, unique=false}
12:54:52.892 [main] DEBUG o.h.cfg.annotations.PropertyBinder - MetadataSourceProcessor property firstName with lazy=false
12:54:52.892 [main] DEBUG o.h.cfg.AbstractPropertyHolder - Attempting to locate auto-apply AttributeConverter for property [Classes.Person:firstName]
12:54:52.892 [main] DEBUG o.h.c.annotations.SimpleValueBinder - building SimpleValue for firstName
12:54:52.892 [main] DEBUG o.h.cfg.annotations.PropertyBinder - Building property firstName
12:54:52.892 [main] DEBUG org.hibernate.cfg.Ejb3Column - Binding column: Ejb3Column{table=org.hibernate.mapping.Table(Person), mappingColumn=lastName, insertable=true, updatable=true, unique=false}
12:54:52.892 [main] DEBUG o.h.cfg.annotations.PropertyBinder - MetadataSourceProcessor property lastName with lazy=false
12:54:52.892 [main] DEBUG o.h.cfg.AbstractPropertyHolder - Attempting to locate auto-apply AttributeConverter for property [Classes.Person:lastName]
12:54:52.892 [main] DEBUG o.h.c.annotations.SimpleValueBinder - building SimpleValue for lastName
12:54:52.892 [main] DEBUG o.h.cfg.annotations.PropertyBinder - Building property lastName
12:54:52.893 [main] DEBUG org.hibernate.cfg.AnnotationBinder - Binding entity from annotated class: Classes.Ticket
12:54:52.893 [main] DEBUG org.hibernate.cfg.Ejb3Column - Binding column: Ejb3DiscriminatorColumn{logicalColumnName'DTYPE', discriminatorTypeName='string'}
12:54:52.893 [main] DEBUG o.h.cfg.annotations.EntityBinder - Import with entity name Ticket
12:54:52.893 [main] DEBUG o.h.cfg.annotations.EntityBinder - Bind entity Classes.Ticket on table Ticket
12:54:52.894 [main] DEBUG org.hibernate.cfg.Ejb3Column - Binding column: Ejb3Column{table=org.hibernate.mapping.Table(Ticket), mappingColumn=id, insertable=true, updatable=true, unique=false}
12:54:52.894 [main] DEBUG o.h.b.internal.ClassLoaderAccessImpl - Not known whether passed class name [Classes.Ticket] is safe
12:54:52.894 [main] DEBUG o.h.b.internal.ClassLoaderAccessImpl - No temp ClassLoader provided; using live ClassLoader for loading potentially unsafe class : Classes.Ticket
12:54:52.894 [main] DEBUG o.h.cfg.annotations.PropertyBinder - MetadataSourceProcessor property id with lazy=false
12:54:52.894 [main] DEBUG o.h.cfg.AbstractPropertyHolder - Attempting to locate auto-apply AttributeConverter for property [Classes.Ticket:id]
12:54:52.894 [main] DEBUG o.h.c.annotations.SimpleValueBinder - building SimpleValue for id
12:54:52.894 [main] DEBUG o.h.cfg.annotations.PropertyBinder - Building property id
12:54:52.894 [main] DEBUG org.hibernate.cfg.BinderHelper - #makeIdGenerator(org.hibernate.mapping.SimpleValue([org.hibernate.mapping.Column(id)]), id, identity, , ...)
12:54:52.894 [main] DEBUG org.hibernate.cfg.Ejb3Column - Binding column: Ejb3JoinColumn{logicalColumnName='null', referencedColumn='null', mappedBy='null'}
12:54:52.894 [main] DEBUG org.hibernate.cfg.Ejb3Column - Binding column: Ejb3Column{table=org.hibernate.mapping.Table(Ticket), mappingColumn=seller, insertable=true, updatable=true, unique=false}
12:54:52.894 [main] DEBUG o.h.cfg.annotations.PropertyBinder - Building property seller
12:54:52.895 [main] DEBUG org.hibernate.cfg.AnnotationBinder - Binding entity from annotated class: Classes.Pass
12:54:52.895 [main] DEBUG o.h.cfg.annotations.EntityBinder - Import with entity name Pass
12:54:52.896 [main] DEBUG org.hibernate.cfg.Ejb3Column - Binding column: Ejb3JoinColumn{logicalColumnName='null', referencedColumn='null', mappedBy=''}
12:54:52.896 [main] DEBUG org.hibernate.cfg.Ejb3Column - Binding column: Ejb3Column{table=org.hibernate.mapping.Table(Ticket), mappingColumn=person, insertable=true, updatable=true, unique=false}
12:54:52.896 [main] DEBUG o.h.cfg.annotations.PropertyBinder - Building property person
12:54:52.896 [main] DEBUG org.hibernate.cfg.Ejb3Column - Binding column: Ejb3JoinColumn{logicalColumnName='null', referencedColumn='null', mappedBy='null'}
12:54:52.896 [main] DEBUG org.hibernate.cfg.Ejb3Column - Binding column: Ejb3Column{table=org.hibernate.mapping.Table(Ticket), mappingColumn=sellers, insertable=true, updatable=true, unique=false}
12:54:52.897 [main] DEBUG o.h.cfg.annotations.PropertyBinder - Building property sellers
12:54:52.897 [main] DEBUG org.hibernate.cfg.Ejb3Column - Binding column: Ejb3Column{table=org.hibernate.mapping.Table(Ticket), mappingColumn=validity, insertable=true, updatable=true, unique=false}
12:54:52.897 [main] DEBUG o.h.cfg.annotations.PropertyBinder - MetadataSourceProcessor property validity with lazy=false
12:54:52.897 [main] DEBUG o.h.cfg.AbstractPropertyHolder - Attempting to locate auto-apply AttributeConverter for property [Classes.Pass:validity]
12:54:52.898 [main] DEBUG o.h.c.annotations.SimpleValueBinder - building SimpleValue for validity
12:54:52.898 [main] DEBUG o.h.cfg.annotations.PropertyBinder - Building property validity
12:54:52.899 [main] DEBUG org.hibernate.cfg.AnnotationBinder - Binding entity from annotated class: Classes.Shop
12:54:52.899 [main] DEBUG o.h.cfg.annotations.EntityBinder - Import with entity name Shop
12:54:52.899 [main] DEBUG org.hibernate.cfg.AnnotationBinder - Skipping attribute [java.util.List : passes] as it was already processed as part of super hierarchy
12:54:52.899 [main] DEBUG org.hibernate.cfg.Ejb3Column - Binding column: Ejb3JoinColumn{logicalColumnName='null', referencedColumn='null', mappedBy=''}
12:54:52.899 [main] DEBUG org.hibernate.cfg.Ejb3Column - Binding column: Ejb3Column{table=org.hibernate.mapping.Table(TicketSeller), mappingColumn=people, insertable=true, updatable=true, unique=false}
12:54:52.900 [main] DEBUG org.hibernate.cfg.Ejb3Column - Binding column: Ejb3Column{table=org.hibernate.mapping.Table(TicketSeller), mappingColumn=null, insertable=true, updatable=true, unique=false}
12:54:52.900 [main] DEBUG org.hibernate.cfg.Ejb3Column - Binding column: Ejb3Column{table=org.hibernate.mapping.Table(TicketSeller), mappingColumn=element, insertable=true, updatable=true, unique=false}
12:54:52.900 [main] DEBUG org.hibernate.cfg.Ejb3Column - Binding column: Ejb3Column{table=org.hibernate.mapping.Table(TicketSeller), mappingColumn=people_KEY, insertable=true, updatable=true, unique=false}
12:54:52.900 [main] DEBUG org.hibernate.cfg.Ejb3Column - Binding column: Ejb3JoinColumn{logicalColumnName='people_KEY', referencedColumn='null', mappedBy='null'}
12:54:52.900 [main] DEBUG org.hibernate.cfg.Ejb3Column - Binding column: Ejb3JoinColumn{logicalColumnName='null', referencedColumn='null', mappedBy=''}
12:54:52.900 [main] DEBUG org.hibernate.cfg.Ejb3Column - Binding column: Ejb3JoinColumn{logicalColumnName='null', referencedColumn='null', mappedBy=''}
12:54:52.900 [main] DEBUG o.h.cfg.annotations.CollectionBinder - Collection role: Classes.Shop.people
12:54:52.900 [main] DEBUG o.h.cfg.annotations.PropertyBinder - Building property people
12:54:52.900 [main] DEBUG org.hibernate.cfg.AnnotationBinder - Skipping attribute [java.util.List : tickets] as it was already processed as part of super hierarchy
12:54:52.900 [main] DEBUG org.hibernate.cfg.AnnotationBinder - Binding entity from annotated class: Classes.VendingMachine
12:54:52.900 [main] DEBUG o.h.cfg.annotations.EntityBinder - Import with entity name VendingMachine
12:54:52.901 [main] DEBUG org.hibernate.cfg.Ejb3Column - Binding column: Ejb3Column{table=org.hibernate.mapping.Table(TicketSeller), mappingColumn=isWorking, insertable=true, updatable=true, unique=false}
12:54:52.901 [main] DEBUG o.h.cfg.annotations.PropertyBinder - MetadataSourceProcessor property isWorking with lazy=false
12:54:52.901 [main] DEBUG o.h.cfg.AbstractPropertyHolder - Attempting to locate auto-apply AttributeConverter for property [Classes.VendingMachine:isWorking]
12:54:52.901 [main] DEBUG o.h.c.annotations.SimpleValueBinder - building SimpleValue for isWorking
12:54:52.901 [main] DEBUG o.h.cfg.annotations.PropertyBinder - Building property isWorking
12:54:52.902 [main] DEBUG o.h.c.annotations.SimpleValueBinder - Starting fillSimpleValue for id
12:54:52.902 [main] DEBUG o.h.c.annotations.SimpleValueBinder - Starting fillSimpleValue for name
12:54:52.902 [main] DEBUG o.h.c.annotations.SimpleValueBinder - Starting fillSimpleValue for id
12:54:52.902 [main] DEBUG o.h.c.annotations.SimpleValueBinder - Starting fillSimpleValue for emissionDate
12:54:52.902 [main] DEBUG o.h.c.annotations.SimpleValueBinder - Starting fillSimpleValue for expirationDate
12:54:52.902 [main] DEBUG o.h.c.annotations.SimpleValueBinder - Starting fillSimpleValue for id
12:54:52.902 [main] DEBUG o.h.c.annotations.SimpleValueBinder - Starting fillSimpleValue for birthdate
12:54:52.902 [main] DEBUG o.h.c.annotations.SimpleValueBinder - Starting fillSimpleValue for firstName
12:54:52.902 [main] DEBUG o.h.c.annotations.SimpleValueBinder - Starting fillSimpleValue for lastName
12:54:52.902 [main] DEBUG o.h.c.annotations.SimpleValueBinder - Starting fillSimpleValue for id
12:54:52.902 [main] DEBUG o.h.c.annotations.SimpleValueBinder - Starting fillSimpleValue for validity
12:54:52.903 [main] DEBUG o.h.c.annotations.SimpleValueBinder - Starting fillSimpleValue for isWorking
12:54:52.906 [main] DEBUG org.hibernate.mapping.PrimaryKey - Forcing column [id] to be non-null as it is part of the primary key for table [ticketseller]
12:54:52.906 [main] DEBUG org.hibernate.mapping.PrimaryKey - Forcing column [id] to be non-null as it is part of the primary key for table [card]
12:54:52.906 [main] DEBUG org.hibernate.mapping.PrimaryKey - Forcing column [id] to be non-null as it is part of the primary key for table [person]
12:54:52.906 [main] DEBUG org.hibernate.mapping.PrimaryKey - Forcing column [id] to be non-null as it is part of the primary key for table [ticket]
12:54:52.906 [main] DEBUG o.hibernate.cfg.CollectionSecondPass - Second pass for collection: Classes.Shop.people
12:54:52.906 [main] DEBUG o.h.cfg.annotations.CollectionBinder - Binding a OneToMany: Classes.Shop.people through an association table
12:54:52.911 [main] DEBUG o.hibernate.cfg.CollectionSecondPass - Mapped collection key: Shop_id, element: people_id
12:54:52.911 [main] DEBUG o.hibernate.cfg.CollectionSecondPass - Second pass for collection: Abstract.TicketSeller.tickets
12:54:52.911 [main] DEBUG o.h.cfg.annotations.CollectionBinder - Binding a OneToMany: Abstract.TicketSeller.tickets through an association table
12:54:52.911 [main] DEBUG o.hibernate.cfg.CollectionSecondPass - Mapped collection key: TicketSeller_id, element: tickets_id
12:54:52.911 [main] DEBUG o.hibernate.cfg.CollectionSecondPass - Second pass for collection: Abstract.TicketSeller.passes
12:54:52.911 [main] DEBUG o.h.cfg.annotations.CollectionBinder - Binding a OneToMany: Abstract.TicketSeller.passes through an association table
12:54:52.912 [main] DEBUG o.hibernate.cfg.CollectionSecondPass - Mapped collection key: TicketSeller_id, element: passes_id
12:54:52.913 [main] DEBUG o.h.cfg.annotations.PropertyBinder - Building property person
12:54:52.913 [main] DEBUG o.h.b.i.InFlightMetadataCollectorImpl - Processing association property references
12:54:52.914 [main] DEBUG o.h.b.i.InFlightMetadataCollectorImpl - Resolving reference to class: Classes.Card
12:54:52.915 [main] DEBUG o.h.b.i.InFlightMetadataCollectorImpl - Resolving reference to class: Abstract.TicketSeller
12:54:52.915 [main] DEBUG o.h.b.i.InFlightMetadataCollectorImpl - Resolving reference to class: Classes.Person
12:54:52.915 [main] DEBUG o.h.b.i.InFlightMetadataCollectorImpl - Resolving reference to class: Abstract.TicketSeller
12:54:52.915 [main] DEBUG o.h.b.i.InFlightMetadataCollectorImpl - Resolving reference to class: Classes.Person
12:54:52.915 [main] DEBUG o.h.b.i.InFlightMetadataCollectorImpl - Resolving reference to class: Classes.Shop
12:54:52.915 [main] DEBUG o.h.b.i.InFlightMetadataCollectorImpl - Resolving reference to class: Classes.Ticket
12:54:52.915 [main] DEBUG o.h.b.i.InFlightMetadataCollectorImpl - Resolving reference to class: Abstract.TicketSeller
12:54:52.915 [main] DEBUG o.h.b.i.InFlightMetadataCollectorImpl - Resolving reference to class: Classes.Pass
12:54:52.917 [main] DEBUG o.h.b.i.InFlightMetadataCollectorImpl - Processing association property references
12:54:52.917 [main] DEBUG o.h.b.i.InFlightMetadataCollectorImpl - Resolving reference to class: Classes.Card
12:54:52.917 [main] DEBUG o.h.b.i.InFlightMetadataCollectorImpl - Resolving reference to class: Abstract.TicketSeller
12:54:52.917 [main] DEBUG o.h.b.i.InFlightMetadataCollectorImpl - Resolving reference to class: Classes.Person
12:54:52.917 [main] DEBUG o.h.b.i.InFlightMetadataCollectorImpl - Resolving reference to class: Abstract.TicketSeller
12:54:52.917 [main] DEBUG o.h.b.i.InFlightMetadataCollectorImpl - Resolving reference to class: Classes.Person
12:54:52.917 [main] DEBUG o.h.b.i.InFlightMetadataCollectorImpl - Resolving reference to class: Classes.Shop
12:54:52.917 [main] DEBUG o.h.b.i.InFlightMetadataCollectorImpl - Resolving reference to class: Classes.Ticket
12:54:52.917 [main] DEBUG o.h.b.i.InFlightMetadataCollectorImpl - Resolving reference to class: Abstract.TicketSeller
12:54:52.917 [main] DEBUG o.h.b.i.InFlightMetadataCollectorImpl - Resolving reference to class: Classes.Pass
12:54:52.946 [main] DEBUG o.h.internal.SessionFactoryImpl - Building session factory
12:54:52.947 [main] DEBUG org.hibernate.cfg.Settings - SessionFactory name : null
12:54:52.947 [main] DEBUG org.hibernate.cfg.Settings - Automatic flush during beforeCompletion(): enabled
12:54:52.947 [main] DEBUG org.hibernate.cfg.Settings - Automatic session close at end of transaction: disabled
12:54:52.947 [main] DEBUG org.hibernate.cfg.Settings - Statistics: disabled
12:54:52.947 [main] DEBUG org.hibernate.cfg.Settings - Deleted entity synthetic identifier rollback: disabled
12:54:52.947 [main] DEBUG org.hibernate.cfg.Settings - Default entity-mode: pojo
12:54:52.947 [main] DEBUG org.hibernate.cfg.Settings - Check Nullability in Core (should be disabled when Bean Validation is on): enabled
12:54:52.947 [main] DEBUG org.hibernate.cfg.Settings - Allow initialization of lazy state outside session : disabled
12:54:52.947 [main] DEBUG org.hibernate.cfg.Settings - Using BatchFetchStyle : LEGACY
12:54:52.947 [main] DEBUG org.hibernate.cfg.Settings - Default batch fetch size: -1
12:54:52.947 [main] DEBUG org.hibernate.cfg.Settings - Maximum outer join fetch depth: null
12:54:52.947 [main] DEBUG org.hibernate.cfg.Settings - Default null ordering: NONE
12:54:52.947 [main] DEBUG org.hibernate.cfg.Settings - Order SQL updates by primary key: disabled
12:54:52.947 [main] DEBUG org.hibernate.cfg.Settings - Order SQL inserts for batching: disabled
12:54:52.947 [main] DEBUG org.hibernate.cfg.Settings - multi-tenancy strategy : NONE
12:54:52.947 [main] DEBUG org.hibernate.cfg.Settings - JTA Track by Thread: enabled
12:54:52.948 [main] DEBUG org.hibernate.cfg.Settings - Query language substitutions: {}
12:54:52.948 [main] DEBUG org.hibernate.cfg.Settings - Named query checking : enabled
12:54:52.948 [main] DEBUG org.hibernate.cfg.Settings - Second-level cache: disabled
12:54:52.948 [main] DEBUG org.hibernate.cfg.Settings - Second-level query cache: disabled
12:54:52.948 [main] DEBUG org.hibernate.cfg.Settings - Second-level query cache factory: null
12:54:52.948 [main] DEBUG org.hibernate.cfg.Settings - Second-level cache region prefix: null
12:54:52.948 [main] DEBUG org.hibernate.cfg.Settings - Optimize second-level cache for minimal puts: disabled
12:54:52.948 [main] DEBUG org.hibernate.cfg.Settings - Structured second-level cache entries: disabled
12:54:52.948 [main] DEBUG org.hibernate.cfg.Settings - Second-level cache direct-reference entries: disabled
12:54:52.948 [main] DEBUG org.hibernate.cfg.Settings - Automatic eviction of collection cache: disabled
12:54:52.948 [main] DEBUG org.hibernate.cfg.Settings - JDBC batch size: 15
12:54:52.948 [main] DEBUG org.hibernate.cfg.Settings - JDBC batch updates for versioned data: enabled
12:54:52.948 [main] DEBUG org.hibernate.cfg.Settings - Scrollable result sets: enabled
12:54:52.948 [main] DEBUG org.hibernate.cfg.Settings - Wrap result sets: disabled
12:54:52.948 [main] DEBUG org.hibernate.cfg.Settings - JDBC3 getGeneratedKeys(): enabled
12:54:52.948 [main] DEBUG org.hibernate.cfg.Settings - JDBC result set fetch size: null
12:54:52.948 [main] DEBUG org.hibernate.cfg.Settings - Connection release mode: AFTER_TRANSACTION
12:54:52.948 [main] DEBUG org.hibernate.cfg.Settings - Generate SQL with comments: disabled
12:54:52.948 [main] DEBUG org.hibernate.cfg.Settings - JPA compliance - query : disabled
12:54:52.948 [main] DEBUG org.hibernate.cfg.Settings - JPA compliance - closed-handling : disabled
12:54:52.948 [main] DEBUG org.hibernate.cfg.Settings - JPA compliance - lists : disabled
12:54:52.948 [main] DEBUG org.hibernate.cfg.Settings - JPA compliance - transactions : disabled
12:54:52.954 [main] DEBUG o.h.b.internal.ClassLoaderAccessImpl - Not known whether passed class name [Classes.Pass] is safe
12:54:52.954 [main] DEBUG o.h.b.internal.ClassLoaderAccessImpl - No temp ClassLoader provided; using live ClassLoader for loading potentially unsafe class : Classes.Pass
12:54:52.954 [main] DEBUG o.h.b.internal.ClassLoaderAccessImpl - Not known whether passed class name [Classes.Shop] is safe
12:54:52.954 [main] DEBUG o.h.b.internal.ClassLoaderAccessImpl - No temp ClassLoader provided; using live ClassLoader for loading potentially unsafe class : Classes.Shop
12:54:52.954 [main] DEBUG o.h.b.internal.ClassLoaderAccessImpl - Not known whether passed class name [Classes.VendingMachine] is safe
12:54:52.954 [main] DEBUG o.h.b.internal.ClassLoaderAccessImpl - No temp ClassLoader provided; using live ClassLoader for loading potentially unsafe class : Classes.VendingMachine
12:54:52.981 [main] DEBUG o.h.s.i.SessionFactoryServiceRegistryImpl - EventListenerRegistry access via ServiceRegistry is deprecated.  Use `sessionFactory.getEventEngine().getListenerRegistry()` instead
12:54:52.982 [main] DEBUG o.h.s.i.SessionFactoryServiceRegistryImpl - EventListenerRegistry access via ServiceRegistry is deprecated.  Use `sessionFactory.getEventEngine().getListenerRegistry()` instead
12:54:52.990 [main] DEBUG o.h.internal.SessionFactoryImpl - Session factory constructed with filter configurations : {}
12:54:52.991 [main] DEBUG o.h.internal.SessionFactoryImpl - Instantiating session factory with properties: {java.specification.version=17, sun.cpu.isalist=amd64, sun.jnu.encoding=Cp1252, hibernate.dialect=org.hibernate.dialect.PostgreSQLDialect, java.class.path=C:\Users\total\Desktop\All\Epicode\fs0223-Luca-Sernicola-BackEnd\BuildWeek_4\target\classes;C:\Users\total\.m2\repository\ch\qos\logback\logback-classic\1.4.8\logback-classic-1.4.8.jar;C:\Users\total\.m2\repository\ch\qos\logback\logback-core\1.4.8\logback-core-1.4.8.jar;C:\Users\total\.m2\repository\org\slf4j\slf4j-api\2.0.7\slf4j-api-2.0.7.jar;C:\Users\total\.m2\repository\commons-io\commons-io\2.13.0\commons-io-2.13.0.jar;C:\Users\total\.m2\repository\org\postgresql\postgresql\42.6.0\postgresql-42.6.0.jar;C:\Users\total\.m2\repository\org\checkerframework\checker-qual\3.31.0\checker-qual-3.31.0.jar;C:\Users\total\.m2\repository\org\hibernate\hibernate-core\5.6.15.Final\hibernate-core-5.6.15.Final.jar;C:\Users\total\.m2\repository\org\jboss\logging\jboss-logging\3.4.3.Final\jboss-logging-3.4.3.Final.jar;C:\Users\total\.m2\repository\javax\persistence\javax.persistence-api\2.2\javax.persistence-api-2.2.jar;C:\Users\total\.m2\repository\net\bytebuddy\byte-buddy\1.12.18\byte-buddy-1.12.18.jar;C:\Users\total\.m2\repository\antlr\antlr\2.7.7\antlr-2.7.7.jar;C:\Users\total\.m2\repository\org\jboss\spec\javax\transaction\jboss-transaction-api_1.2_spec\1.1.1.Final\jboss-transaction-api_1.2_spec-1.1.1.Final.jar;C:\Users\total\.m2\repository\org\jboss\jandex\2.4.2.Final\jandex-2.4.2.Final.jar;C:\Users\total\.m2\repository\com\fasterxml\classmate\1.5.1\classmate-1.5.1.jar;C:\Users\total\.m2\repository\javax\activation\javax.activation-api\1.2.0\javax.activation-api-1.2.0.jar;C:\Users\total\.m2\repository\org\hibernate\common\hibernate-commons-annotations\5.1.2.Final\hibernate-commons-annotations-5.1.2.Final.jar;C:\Users\total\.m2\repository\javax\xml\bind\jaxb-api\2.3.1\jaxb-api-2.3.1.jar;C:\Users\total\.m2\repository\org\glassfish\jaxb\jaxb-runtime\2.3.1\jaxb-runtime-2.3.1.jar;C:\Users\total\.m2\repository\org\glassfish\jaxb\txw2\2.3.1\txw2-2.3.1.jar;C:\Users\total\.m2\repository\com\sun\istack\istack-commons-runtime\3.0.7\istack-commons-runtime-3.0.7.jar;C:\Users\total\.m2\repository\org\jvnet\staxex\stax-ex\1.8\stax-ex-1.8.jar;C:\Users\total\.m2\repository\com\sun\xml\fastinfoset\FastInfoset\1.2.15\FastInfoset-1.2.15.jar;C:\Users\total\Desktop\All\Epicode\fs0223-Luca-Sernicola-BackEnd\Homework_W3_D3\target\classes, java.vm.vendor=Eclipse Adoptium, sun.arch.data.model=64, user.variant=, java.vendor.url=https://adoptium.net/, user.timezone=Europe/Rome, javax.persistence.jdbc.url=jdbc:postgresql://localhost:5432/BuildWeek, javax.persistence.jdbc.user=****, java.vm.specification.version=17, os.name=Windows 11, jakarta.persistence.jdbc.password=****, sun.java.launcher=SUN_STANDARD, user.country=US, local.setting.IS_JTA_TXN_COORD=false, sun.boot.library.path=C:\Users\total\.p2\pool\plugins\org.eclipse.justj.openjdk.hotspot.jre.full.win32.x86_64_17.0.7.v20230425-1502\jre\bin, sun.java.command=MainClass.MainClass, jdk.debug=release, jakarta.persistence.jdbc.driver=org.postgresql.Driver, sun.cpu.endian=little, user.home=C:\Users\total, user.language=en, java.specification.vendor=Oracle Corporation, java.version.date=2023-04-18, java.home=C:\Users\total\.p2\pool\plugins\org.eclipse.justj.openjdk.hotspot.jre.full.win32.x86_64_17.0.7.v20230425-1502\jre, file.separator=\, java.vm.compressedOopsMode=Zero based, jakarta.persistence.jdbc.user=****, line.separator=
, hibernate.persistenceUnitName=BuildWeek_4, java.vm.specification.vendor=Oracle Corporation, java.specification.name=Java Platform API Specification, hibernate.transaction.coordinator_class=class org.hibernate.resource.transaction.backend.jdbc.internal.JdbcResourceLocalTransactionCoordinatorBuilderImpl, javax.persistence.jdbc.driver=org.postgresql.Driver, hibernate.hbm2ddl.auto=update, user.script=, sun.management.compiler=HotSpot 64-Bit Tiered Compilers, java.runtime.version=17.0.7+7, user.name=total, path.separator=;, hibernate.connection.username=****, os.version=10.0, java.runtime.name=OpenJDK Runtime Environment, hibernate.connection.url=jdbc:postgresql://localhost:5432/BuildWeek, file.encoding=UTF-8, hibernate.ejb.persistenceUnitName=BuildWeek_4, java.vm.name=OpenJDK 64-Bit Server VM, java.vendor.version=Temurin-17.0.7+7, hibernate.connection.driver_class=org.postgresql.Driver, java.vendor.url.bug=https://github.com/adoptium/adoptium-support/issues, java.io.tmpdir=C:\Users\total\AppData\Local\Temp\, java.version=17.0.7, user.dir=C:\Users\total\Desktop\All\Epicode\fs0223-Luca-Sernicola-BackEnd\BuildWeek_4, os.arch=amd64, java.vm.specification.name=Java Virtual Machine Specification, hibernate.connection.password=****, sun.os.patch.level=, jakarta.persistence.jdbc.url=jdbc:postgresql://localhost:5432/BuildWeek, hibernate.boot.CfgXmlAccessService.key=org.hibernate.boot.registry.StandardServiceRegistryBuilder$1@3e3861d7, native.encoding=Cp1252, java.library.path=C:\Users\total\.p2\pool\plugins\org.eclipse.justj.openjdk.hotspot.jre.full.win32.x86_64_17.0.7.v20230425-1502\jre\bin;C:\windows\Sun\Java\bin;C:\windows\system32;C:\windows;C:/Users/total/.p2/pool/plugins/org.eclipse.justj.openjdk.hotspot.jre.full.win32.x86_64_17.0.7.v20230425-1502/jre/bin/server;C:/Users/total/.p2/pool/plugins/org.eclipse.justj.openjdk.hotspot.jre.full.win32.x86_64_17.0.7.v20230425-1502/jre/bin;C:\Program Files\Eclipse Adoptium\jdk-17.0.7.7-hotspot\bin;C:\Program Files (x86)\NVIDIA Corporation\PhysX\Common;C:\windows\system32;C:\windows;C:\windows\System32\Wbem;C:\windows\System32\WindowsPowerShell\v1.0\;C:\windows\System32\OpenSSH\;C:\Program Files\Git\cmd;C:\Program Files\nodejs\;C:\Users\total\AppData\Local\Microsoft\WindowsApps;C:\Users\total\AppData\Local\Programs\Microsoft VS Code\bin;C:\Users\total\AppData\Roaming\npm;C:\Users\total\AppData\Local\GitHubDesktop\bin;C:\windows\System32;;., java.vendor=Eclipse Adoptium, java.vm.info=mixed mode, java.vm.version=17.0.7+7, hibernate.bytecode.use_reflection_optimizer=false, sun.io.unicode.encoding=UnicodeLittle, javax.persistence.jdbc.password=****, java.class.version=61.0}
12:54:53.000 [main] DEBUG o.h.secure.spi.JaccIntegrator - Skipping JACC integration as it was not enabled
12:54:53.003 [main] DEBUG org.hibernate.type.EnumType - Using ORDINAL-based conversion for Enum Enums.Validity
12:54:53.004 [main] DEBUG o.h.internal.SessionFactoryImpl - Instantiated session factory
12:54:53.004 [main] DEBUG o.h.type.spi.TypeConfiguration$Scope - Scoping TypeConfiguration [org.hibernate.type.spi.TypeConfiguration@189b5fb1] to SessionFactoryImpl [org.hibernate.internal.SessionFactoryImpl@1416cf9f]
12:54:53.039 [main] DEBUG o.h.b.internal.ClassLoaderAccessImpl - Not known whether passed class name [Abstract.TicketSeller] is safe
12:54:53.039 [main] DEBUG o.h.b.internal.ClassLoaderAccessImpl - No temp ClassLoader provided; using live ClassLoader for loading potentially unsafe class : Abstract.TicketSeller
12:54:53.041 [main] DEBUG o.h.b.internal.ClassLoaderAccessImpl - Not known whether passed class name [Classes.Shop] is safe
12:54:53.041 [main] DEBUG o.h.b.internal.ClassLoaderAccessImpl - No temp ClassLoader provided; using live ClassLoader for loading potentially unsafe class : Classes.Shop
12:54:53.041 [main] DEBUG o.h.b.internal.ClassLoaderAccessImpl - Not known whether passed class name [Classes.VendingMachine] is safe
12:54:53.041 [main] DEBUG o.h.b.internal.ClassLoaderAccessImpl - No temp ClassLoader provided; using live ClassLoader for loading potentially unsafe class : Classes.VendingMachine
12:54:53.147 [main] DEBUG o.hibernate.orm.bytecode.interceptor - To-one property `Classes.Card#person` was mapped with LAZY + NO_PROXY but the class was not enhanced
12:54:53.147 [main] DEBUG o.hibernate.orm.bytecode.interceptor - To-one property `Classes.Card#person` was mapped with LAZY + NO_PROXY but the class was not enhanced
12:54:53.147 [main] DEBUG o.h.b.internal.ClassLoaderAccessImpl - Not known whether passed class name [Classes.Card] is safe
12:54:53.147 [main] DEBUG o.h.b.internal.ClassLoaderAccessImpl - No temp ClassLoader provided; using live ClassLoader for loading potentially unsafe class : Classes.Card
12:54:53.155 [main] DEBUG o.hibernate.orm.bytecode.interceptor - To-one property `Classes.Card#person` was mapped with LAZY + NO_PROXY but the class was not enhanced
12:54:53.155 [main] DEBUG o.hibernate.orm.bytecode.interceptor - To-one property `Classes.Card#person` was mapped with LAZY + NO_PROXY but the class was not enhanced
12:54:53.155 [main] DEBUG o.hibernate.orm.bytecode.interceptor - To-one property `Classes.Person#cardNum` was mapped with LAZY + NO_PROXY but the class was not enhanced
12:54:53.155 [main] DEBUG o.hibernate.orm.bytecode.interceptor - To-one property `Classes.Person#cardNum` was mapped with LAZY + NO_PROXY but the class was not enhanced
12:54:53.155 [main] DEBUG o.h.b.internal.ClassLoaderAccessImpl - Not known whether passed class name [Classes.Person] is safe
12:54:53.155 [main] DEBUG o.h.b.internal.ClassLoaderAccessImpl - No temp ClassLoader provided; using live ClassLoader for loading potentially unsafe class : Classes.Person
12:54:53.162 [main] DEBUG o.hibernate.orm.bytecode.interceptor - To-one property `Classes.Person#cardNum` was mapped with LAZY + NO_PROXY but the class was not enhanced
12:54:53.162 [main] DEBUG o.hibernate.orm.bytecode.interceptor - To-one property `Classes.Person#cardNum` was mapped with LAZY + NO_PROXY but the class was not enhanced
12:54:53.163 [main] DEBUG o.hibernate.orm.bytecode.interceptor - To-one property `Classes.Ticket#seller` was mapped with LAZY + NO_PROXY but the class was not enhanced
12:54:53.163 [main] DEBUG o.hibernate.orm.bytecode.interceptor - To-one property `Classes.Ticket#seller` was mapped with LAZY + NO_PROXY but the class was not enhanced
12:54:53.163 [main] DEBUG o.hibernate.orm.bytecode.interceptor - To-one property `Classes.Pass#person` was mapped with LAZY + NO_PROXY but the class was not enhanced
12:54:53.163 [main] DEBUG o.hibernate.orm.bytecode.interceptor - To-one property `Classes.Pass#person` was mapped with LAZY + NO_PROXY but the class was not enhanced
12:54:53.163 [main] DEBUG o.hibernate.orm.bytecode.interceptor - To-one property `Classes.Pass#sellers` was mapped with LAZY + NO_PROXY but the class was not enhanced
12:54:53.163 [main] DEBUG o.hibernate.orm.bytecode.interceptor - To-one property `Classes.Pass#sellers` was mapped with LAZY + NO_PROXY but the class was not enhanced
12:54:53.163 [main] DEBUG o.h.b.internal.ClassLoaderAccessImpl - Not known whether passed class name [Classes.Pass] is safe
12:54:53.163 [main] DEBUG o.h.b.internal.ClassLoaderAccessImpl - No temp ClassLoader provided; using live ClassLoader for loading potentially unsafe class : Classes.Pass
12:54:53.169 [main] DEBUG o.hibernate.orm.bytecode.interceptor - To-one property `Classes.Ticket#seller` was mapped with LAZY + NO_PROXY but the class was not enhanced
12:54:53.169 [main] DEBUG o.hibernate.orm.bytecode.interceptor - To-one property `Classes.Pass#person` was mapped with LAZY + NO_PROXY but the class was not enhanced
12:54:53.169 [main] DEBUG o.hibernate.orm.bytecode.interceptor - To-one property `Classes.Pass#sellers` was mapped with LAZY + NO_PROXY but the class was not enhanced
12:54:53.169 [main] DEBUG o.hibernate.orm.bytecode.interceptor - To-one property `Classes.Ticket#seller` was mapped with LAZY + NO_PROXY but the class was not enhanced
12:54:53.169 [main] DEBUG o.hibernate.orm.bytecode.interceptor - To-one property `Classes.Pass#person` was mapped with LAZY + NO_PROXY but the class was not enhanced
12:54:53.169 [main] DEBUG o.hibernate.orm.bytecode.interceptor - To-one property `Classes.Pass#sellers` was mapped with LAZY + NO_PROXY but the class was not enhanced
12:54:53.174 [main] DEBUG o.hibernate.orm.bytecode.interceptor - To-one property `Classes.Ticket#seller` was mapped with LAZY + NO_PROXY but the class was not enhanced
12:54:53.174 [main] DEBUG o.hibernate.orm.bytecode.interceptor - To-one property `Classes.Ticket#seller` was mapped with LAZY + NO_PROXY but the class was not enhanced
12:54:53.174 [main] DEBUG o.h.b.internal.ClassLoaderAccessImpl - Not known whether passed class name [Classes.Ticket] is safe
12:54:53.174 [main] DEBUG o.h.b.internal.ClassLoaderAccessImpl - No temp ClassLoader provided; using live ClassLoader for loading potentially unsafe class : Classes.Ticket
12:54:53.177 [main] DEBUG o.hibernate.orm.bytecode.interceptor - To-one property `Classes.Ticket#seller` was mapped with LAZY + NO_PROXY but the class was not enhanced
12:54:53.177 [main] DEBUG o.hibernate.orm.bytecode.interceptor - To-one property `Classes.Ticket#seller` was mapped with LAZY + NO_PROXY but the class was not enhanced
12:54:53.177 [main] DEBUG o.hibernate.orm.bytecode.interceptor - To-one property `Classes.Pass#person` was mapped with LAZY + NO_PROXY but the class was not enhanced
12:54:53.177 [main] DEBUG o.hibernate.orm.bytecode.interceptor - To-one property `Classes.Pass#sellers` was mapped with LAZY + NO_PROXY but the class was not enhanced
12:54:53.188 [main] DEBUG o.h.p.c.AbstractCollectionPersister - Static SQL for collection: Abstract.TicketSeller.tickets
12:54:53.188 [main] DEBUG o.h.p.c.AbstractCollectionPersister -  Row insert: insert into TicketSeller_Ticket (TicketSeller_id, tickets_id) values (?, ?)
12:54:53.188 [main] DEBUG o.h.p.c.AbstractCollectionPersister -  Row update: update TicketSeller_Ticket set tickets_id=? where TicketSeller_id=? and tickets_id=?
12:54:53.188 [main] DEBUG o.h.p.c.AbstractCollectionPersister -  Row delete: delete from TicketSeller_Ticket where TicketSeller_id=? and tickets_id=?
12:54:53.188 [main] DEBUG o.h.p.c.AbstractCollectionPersister -  One-shot delete: delete from TicketSeller_Ticket where TicketSeller_id=?
12:54:53.188 [main] DEBUG o.h.p.c.AbstractCollectionPersister - Static SQL for collection: Abstract.TicketSeller.passes
12:54:53.188 [main] DEBUG o.h.p.c.AbstractCollectionPersister -  Row insert: insert into TicketSeller_Ticket (TicketSeller_id, passes_id) values (?, ?)
12:54:53.188 [main] DEBUG o.h.p.c.AbstractCollectionPersister -  Row update: update TicketSeller_Ticket set passes_id=? where TicketSeller_id=? and passes_id=?
12:54:53.188 [main] DEBUG o.h.p.c.AbstractCollectionPersister -  Row delete: delete from TicketSeller_Ticket where TicketSeller_id=? and passes_id=?
12:54:53.188 [main] DEBUG o.h.p.c.AbstractCollectionPersister -  One-shot delete: delete from TicketSeller_Ticket where TicketSeller_id=?
12:54:53.188 [main] DEBUG o.h.p.c.AbstractCollectionPersister - Static SQL for collection: Classes.Shop.people
12:54:53.188 [main] DEBUG o.h.p.c.AbstractCollectionPersister -  Row insert: insert into TicketSeller_Person (Shop_id, people_id) values (?, ?)
12:54:53.188 [main] DEBUG o.h.p.c.AbstractCollectionPersister -  Row update: update TicketSeller_Person set people_id=? where Shop_id=? and people_id=?
12:54:53.188 [main] DEBUG o.h.p.c.AbstractCollectionPersister -  Row delete: delete from TicketSeller_Person where Shop_id=? and people_id=?
12:54:53.188 [main] DEBUG o.h.p.c.AbstractCollectionPersister -  One-shot delete: delete from TicketSeller_Person where Shop_id=?
12:54:53.190 [main] DEBUG o.h.p.entity.AbstractEntityPersister - Static SQL for entity: Abstract.TicketSeller
12:54:53.190 [main] DEBUG o.h.p.entity.AbstractEntityPersister -  Version select: select id from TicketSeller where id =?
12:54:53.190 [main] DEBUG o.h.p.entity.AbstractEntityPersister -  Snapshot select: select ticketsell_.id, ticketsell_.seller_name as seller_n3_3_ from TicketSeller ticketsell_ where ticketsell_.id=?
12:54:53.190 [main] DEBUG o.h.p.entity.AbstractEntityPersister -  Insert 0: insert into TicketSeller (seller_name, type, id) values (?, 'TicketSeller', ?)
12:54:53.190 [main] DEBUG o.h.p.entity.AbstractEntityPersister -  Update 0: update TicketSeller set seller_name=? where id=?
12:54:53.190 [main] DEBUG o.h.p.entity.AbstractEntityPersister -  Delete 0: delete from TicketSeller where id=?
12:54:53.201 [main] DEBUG o.h.l.p.b.i.spaces.QuerySpacesImpl - Adding QuerySpace : uid = <gen:0> -> org.hibernate.loader.plan.build.internal.spaces.EntityQuerySpaceImpl@b5de58f]
12:54:53.202 [main] DEBUG o.h.p.w.spi.MetamodelGraphWalker - Visiting attribute path : name
12:54:53.202 [main] DEBUG o.h.p.w.spi.MetamodelGraphWalker - Visiting attribute path : passes
12:54:53.204 [main] DEBUG o.h.l.p.b.i.spaces.QuerySpacesImpl - Adding QuerySpace : uid = <gen:1> -> org.hibernate.loader.plan.build.internal.spaces.CollectionQuerySpaceImpl@40729f01]
12:54:53.204 [main] DEBUG o.h.l.p.b.i.spaces.QuerySpacesImpl - Adding QuerySpace : uid = <gen:2> -> org.hibernate.loader.plan.build.internal.spaces.EntityQuerySpaceImpl@f5cf29b]
12:54:53.205 [main] DEBUG o.h.p.w.spi.MetamodelGraphWalker - Visiting attribute path : tickets
12:54:53.205 [main] DEBUG o.h.l.p.b.i.spaces.QuerySpacesImpl - Adding QuerySpace : uid = <gen:3> -> org.hibernate.loader.plan.build.internal.spaces.CollectionQuerySpaceImpl@3d0cac1f]
12:54:53.205 [main] DEBUG o.h.l.p.b.i.spaces.QuerySpacesImpl - Adding QuerySpace : uid = <gen:4> -> org.hibernate.loader.plan.build.internal.spaces.EntityQuerySpaceImpl@3e8b3b79]
12:54:53.205 [main] DEBUG o.h.p.w.spi.MetamodelGraphWalker - Visiting attribute path : people
12:54:53.205 [main] DEBUG o.h.l.p.b.i.spaces.QuerySpacesImpl - Adding QuerySpace : uid = <gen:5> -> org.hibernate.loader.plan.build.internal.spaces.CollectionQuerySpaceImpl@d257579]
12:54:53.205 [main] DEBUG o.h.l.p.b.i.spaces.QuerySpacesImpl - Adding QuerySpace : uid = <gen:6> -> org.hibernate.loader.plan.build.internal.spaces.EntityQuerySpaceImpl@518ddd3b]
12:54:53.205 [main] DEBUG o.h.p.w.spi.MetamodelGraphWalker - Visiting attribute path : isWorking
12:54:53.205 [main] DEBUG o.h.l.p.b.i.FetchStyleLoadPlanBuildingAssociationVisitationStrategy - Building LoadPlan...
12:54:53.211 [main] DEBUG o.h.l.p.e.i.LoadQueryJoinAndFetchProcessor - processing queryspace <gen:0>
12:54:53.212 [main] DEBUG o.h.l.p.b.spi.LoadPlanTreePrinter - LoadPlan(entity=Abstract.TicketSeller)
    - Returns
       - EntityReturnImpl(entity=Abstract.TicketSeller, querySpaceUid=<gen:0>, path=Abstract.TicketSeller)
          - CollectionAttributeFetchImpl(collection=Abstract.TicketSeller.passes, querySpaceUid=<gen:1>, path=Abstract.TicketSeller.passes)
             - (collection element) CollectionFetchableElementEntityGraph(entity=Classes.Pass, querySpaceUid=<gen:2>, path=Abstract.TicketSeller.passes.<elements>)
          - CollectionAttributeFetchImpl(collection=Abstract.TicketSeller.tickets, querySpaceUid=<gen:3>, path=Abstract.TicketSeller.tickets)
             - (collection element) CollectionFetchableElementEntityGraph(entity=Classes.Ticket, querySpaceUid=<gen:4>, path=Abstract.TicketSeller.tickets.<elements>)
          - CollectionAttributeFetchImpl(collection=Classes.Shop.people, querySpaceUid=<gen:5>, path=Abstract.TicketSeller.people)
             - (collection element) CollectionFetchableElementEntityGraph(entity=Classes.Person, querySpaceUid=<gen:6>, path=Abstract.TicketSeller.people.<elements>)
    - QuerySpaces
       - EntityQuerySpaceImpl(uid=<gen:0>, entity=Abstract.TicketSeller)
          - SQL table alias mapping - ticketsell0_
          - alias suffix - 0_
          - suffixed key columns - {id2_3_0_}

12:54:53.213 [main] DEBUG o.h.loader.entity.plan.EntityLoader - Static select for entity Abstract.TicketSeller [NONE]: select ticketsell0_.id as id2_3_0_, ticketsell0_.seller_name as seller_n3_3_0_, ticketsell0_.isWorking as isworkin4_3_0_, ticketsell0_.type as type1_3_0_ from TicketSeller ticketsell0_ where ticketsell0_.id=?
12:54:53.214 [main] DEBUG o.h.p.entity.AbstractEntityPersister - Static SQL for entity: Classes.Card
12:54:53.214 [main] DEBUG o.h.p.entity.AbstractEntityPersister -  Version select: select id from Card where id =?
12:54:53.214 [main] DEBUG o.h.p.entity.AbstractEntityPersister -  Snapshot select: select card_.id, card_.emissionDate as emission2_0_, card_.expirationDate as expirati3_0_ from Card card_ where card_.id=?
12:54:53.214 [main] DEBUG o.h.p.entity.AbstractEntityPersister -  Insert 0: insert into Card (emissionDate, expirationDate, id) values (?, ?, ?)
12:54:53.214 [main] DEBUG o.h.p.entity.AbstractEntityPersister -  Update 0: update Card set emissionDate=?, expirationDate=? where id=?
12:54:53.214 [main] DEBUG o.h.p.entity.AbstractEntityPersister -  Delete 0: delete from Card where id=?
12:54:53.214 [main] DEBUG o.h.p.entity.AbstractEntityPersister -  Identity insert: insert into Card (emissionDate, expirationDate) values (?, ?)
12:54:53.214 [main] DEBUG o.h.l.p.b.i.spaces.QuerySpacesImpl - Adding QuerySpace : uid = <gen:0> -> org.hibernate.loader.plan.build.internal.spaces.EntityQuerySpaceImpl@12a2585b]
12:54:53.214 [main] DEBUG o.h.p.w.spi.MetamodelGraphWalker - Visiting attribute path : emissionDate
12:54:53.214 [main] DEBUG o.h.p.w.spi.MetamodelGraphWalker - Visiting attribute path : expirationDate
12:54:53.214 [main] DEBUG o.h.p.w.spi.MetamodelGraphWalker - Visiting attribute path : person
12:54:53.215 [main] DEBUG o.h.l.p.b.i.spaces.QuerySpacesImpl - Adding QuerySpace : uid = <gen:1> -> org.hibernate.loader.plan.build.internal.spaces.EntityQuerySpaceImpl@309cedb6]
12:54:53.215 [main] DEBUG o.h.p.w.spi.MetamodelGraphWalker - Visiting attribute path : person.birthdate
12:54:53.215 [main] DEBUG o.h.p.w.spi.MetamodelGraphWalker - Visiting attribute path : person.cardNum
12:54:53.215 [main] DEBUG o.h.p.w.spi.MetamodelGraphWalker - Property path deemed to be circular : person.cardNum
12:54:53.216 [main] DEBUG o.h.p.w.spi.MetamodelGraphWalker - Visiting attribute path : person.firstName
12:54:53.216 [main] DEBUG o.h.p.w.spi.MetamodelGraphWalker - Visiting attribute path : person.lastName
12:54:53.216 [main] DEBUG o.h.l.p.b.i.FetchStyleLoadPlanBuildingAssociationVisitationStrategy - Building LoadPlan...
12:54:53.216 [main] DEBUG o.h.l.p.e.i.LoadQueryJoinAndFetchProcessor - processing queryspace <gen:0>
12:54:53.216 [main] DEBUG o.h.l.p.b.spi.LoadPlanTreePrinter - LoadPlan(entity=Classes.Card)
    - Returns
       - EntityReturnImpl(entity=Classes.Card, querySpaceUid=<gen:0>, path=Classes.Card)
          - EntityAttributeFetchImpl(entity=Classes.Person, querySpaceUid=<gen:1>, path=Classes.Card.person)
    - QuerySpaces
       - EntityQuerySpaceImpl(uid=<gen:0>, entity=Classes.Card)
          - SQL table alias mapping - card0_
          - alias suffix - 0_
          - suffixed key columns - {id1_0_0_}
          - JOIN (JoinDefinedByMetadata(person)) : <gen:0> -> <gen:1>
             - EntityQuerySpaceImpl(uid=<gen:1>, entity=Classes.Person)
                - SQL table alias mapping - person1_
                - alias suffix - 1_
                - suffixed key columns - {id1_1_1_}

12:54:53.216 [main] DEBUG o.h.loader.entity.plan.EntityLoader - Static select for entity Classes.Card [NONE]: select card0_.id as id1_0_0_, card0_.emissionDate as emission2_0_0_, card0_.expirationDate as expirati3_0_0_, person1_.id as id1_1_1_, person1_.birthdate as birthdat2_1_1_, person1_.cardNum_id as cardnum_5_1_1_, person1_.firstName as firstnam3_1_1_, person1_.lastName as lastname4_1_1_ from Card card0_ left outer join Person person1_ on card0_.id=person1_.cardNum_id where card0_.id=?
12:54:53.216 [main] DEBUG o.h.p.entity.AbstractEntityPersister - Static SQL for entity: Classes.Person
12:54:53.216 [main] DEBUG o.h.p.entity.AbstractEntityPersister -  Version select: select id from Person where id =?
12:54:53.216 [main] DEBUG o.h.p.entity.AbstractEntityPersister -  Snapshot select: select person_.id, person_.birthdate as birthdat2_1_, person_.cardNum_id as cardnum_5_1_, person_.firstName as firstnam3_1_, person_.lastName as lastname4_1_ from Person person_ where person_.id=?
12:54:53.216 [main] DEBUG o.h.p.entity.AbstractEntityPersister -  Insert 0: insert into Person (birthdate, cardNum_id, firstName, lastName, id) values (?, ?, ?, ?, ?)
12:54:53.216 [main] DEBUG o.h.p.entity.AbstractEntityPersister -  Update 0: update Person set birthdate=?, cardNum_id=?, firstName=?, lastName=? where id=?
12:54:53.216 [main] DEBUG o.h.p.entity.AbstractEntityPersister -  Delete 0: delete from Person where id=?
12:54:53.216 [main] DEBUG o.h.p.entity.AbstractEntityPersister -  Identity insert: insert into Person (birthdate, cardNum_id, firstName, lastName) values (?, ?, ?, ?)
12:54:53.216 [main] DEBUG o.h.l.p.b.i.spaces.QuerySpacesImpl - Adding QuerySpace : uid = <gen:0> -> org.hibernate.loader.plan.build.internal.spaces.EntityQuerySpaceImpl@6d0be7ab]
12:54:53.217 [main] DEBUG o.h.p.w.spi.MetamodelGraphWalker - Visiting attribute path : birthdate
12:54:53.217 [main] DEBUG o.h.p.w.spi.MetamodelGraphWalker - Visiting attribute path : cardNum
12:54:53.217 [main] DEBUG o.h.l.p.b.i.spaces.QuerySpacesImpl - Adding QuerySpace : uid = <gen:1> -> org.hibernate.loader.plan.build.internal.spaces.EntityQuerySpaceImpl@6ef60295]
12:54:53.217 [main] DEBUG o.h.p.w.spi.MetamodelGraphWalker - Visiting attribute path : cardNum.emissionDate
12:54:53.217 [main] DEBUG o.h.p.w.spi.MetamodelGraphWalker - Visiting attribute path : cardNum.expirationDate
12:54:53.217 [main] DEBUG o.h.p.w.spi.MetamodelGraphWalker - Visiting attribute path : cardNum.person
12:54:53.217 [main] DEBUG o.h.p.w.spi.MetamodelGraphWalker - Property path deemed to be circular : cardNum.person
12:54:53.217 [main] DEBUG o.h.p.w.spi.MetamodelGraphWalker - Visiting attribute path : firstName
12:54:53.217 [main] DEBUG o.h.p.w.spi.MetamodelGraphWalker - Visiting attribute path : lastName
12:54:53.217 [main] DEBUG o.h.l.p.b.i.FetchStyleLoadPlanBuildingAssociationVisitationStrategy - Building LoadPlan...
12:54:53.217 [main] DEBUG o.h.l.p.e.i.LoadQueryJoinAndFetchProcessor - processing queryspace <gen:0>
12:54:53.217 [main] DEBUG o.h.l.p.b.spi.LoadPlanTreePrinter - LoadPlan(entity=Classes.Person)
    - Returns
       - EntityReturnImpl(entity=Classes.Person, querySpaceUid=<gen:0>, path=Classes.Person)
          - EntityAttributeFetchImpl(entity=Classes.Card, querySpaceUid=<gen:1>, path=Classes.Person.cardNum)
    - QuerySpaces
       - EntityQuerySpaceImpl(uid=<gen:0>, entity=Classes.Person)
          - SQL table alias mapping - person0_
          - alias suffix - 0_
          - suffixed key columns - {id1_1_0_}
          - JOIN (JoinDefinedByMetadata(cardNum)) : <gen:0> -> <gen:1>
             - EntityQuerySpaceImpl(uid=<gen:1>, entity=Classes.Card)
                - SQL table alias mapping - card1_
                - alias suffix - 1_
                - suffixed key columns - {id1_0_1_}

12:54:53.217 [main] DEBUG o.h.loader.entity.plan.EntityLoader - Static select for entity Classes.Person [NONE]: select person0_.id as id1_1_0_, person0_.birthdate as birthdat2_1_0_, person0_.cardNum_id as cardnum_5_1_0_, person0_.firstName as firstnam3_1_0_, person0_.lastName as lastname4_1_0_, card1_.id as id1_0_1_, card1_.emissionDate as emission2_0_1_, card1_.expirationDate as expirati3_0_1_ from Person person0_ left outer join Card card1_ on person0_.cardNum_id=card1_.id where person0_.id=?
12:54:53.221 [main] DEBUG org.hibernate.loader.Loader - Static select for entity Classes.Person [NONE]: select person0_.id as id1_1_1_, person0_.birthdate as birthdat2_1_1_, person0_.cardNum_id as cardnum_5_1_1_, person0_.firstName as firstnam3_1_1_, person0_.lastName as lastname4_1_1_, card1_.id as id1_0_0_, card1_.emissionDate as emission2_0_0_, card1_.expirationDate as expirati3_0_0_ from Person person0_ left outer join Card card1_ on person0_.cardNum_id=card1_.id where person0_.cardNum_id=?
12:54:53.221 [main] DEBUG o.h.p.entity.AbstractEntityPersister - Static SQL for entity: Classes.Pass
12:54:53.221 [main] DEBUG o.h.p.entity.AbstractEntityPersister -  Version select: select id from Ticket where id =?
12:54:53.221 [main] DEBUG o.h.p.entity.AbstractEntityPersister -  Snapshot select: select pass_.id, pass_.seller_id as seller_i4_2_, pass_.person_id as person_i5_2_, pass_.sellers_id as sellers_6_2_, pass_.validity as validity3_2_ from Ticket pass_ where pass_.id=?
12:54:53.221 [main] DEBUG o.h.p.entity.AbstractEntityPersister -  Insert 0: insert into Ticket (seller_id, person_id, sellers_id, validity, DTYPE, id) values (?, ?, ?, ?, 'Pass', ?)
12:54:53.221 [main] DEBUG o.h.p.entity.AbstractEntityPersister -  Update 0: update Ticket set seller_id=?, person_id=?, sellers_id=?, validity=? where id=?
12:54:53.221 [main] DEBUG o.h.p.entity.AbstractEntityPersister -  Delete 0: delete from Ticket where id=?
12:54:53.222 [main] DEBUG o.h.p.entity.AbstractEntityPersister -  Identity insert: insert into Ticket (seller_id, person_id, sellers_id, validity, DTYPE) values (?, ?, ?, ?, 'Pass')
12:54:53.222 [main] DEBUG o.h.l.p.b.i.spaces.QuerySpacesImpl - Adding QuerySpace : uid = <gen:0> -> org.hibernate.loader.plan.build.internal.spaces.EntityQuerySpaceImpl@73aeef7d]
12:54:53.222 [main] DEBUG o.h.p.w.spi.MetamodelGraphWalker - Visiting attribute path : seller
12:54:53.222 [main] DEBUG o.h.l.p.b.i.spaces.QuerySpacesImpl - Adding QuerySpace : uid = <gen:1> -> org.hibernate.loader.plan.build.internal.spaces.EntityQuerySpaceImpl@58af5076]
12:54:53.222 [main] DEBUG o.h.p.w.spi.MetamodelGraphWalker - Visiting attribute path : seller.name
12:54:53.222 [main] DEBUG o.h.p.w.spi.MetamodelGraphWalker - Visiting attribute path : seller.passes
12:54:53.222 [main] DEBUG o.h.l.p.b.i.spaces.QuerySpacesImpl - Adding QuerySpace : uid = <gen:2> -> org.hibernate.loader.plan.build.internal.spaces.CollectionQuerySpaceImpl@4d9754a8]
12:54:53.222 [main] DEBUG o.h.l.p.b.i.spaces.QuerySpacesImpl - Adding QuerySpace : uid = <gen:3> -> org.hibernate.loader.plan.build.internal.spaces.EntityQuerySpaceImpl@7a3b7122]
12:54:53.222 [main] DEBUG o.h.p.w.spi.MetamodelGraphWalker - Visiting attribute path : seller.tickets
12:54:53.222 [main] DEBUG o.h.l.p.b.i.spaces.QuerySpacesImpl - Adding QuerySpace : uid = <gen:4> -> org.hibernate.loader.plan.build.internal.spaces.CollectionQuerySpaceImpl@58b5a2f3]
12:54:53.222 [main] DEBUG o.h.l.p.b.i.spaces.QuerySpacesImpl - Adding QuerySpace : uid = <gen:5> -> org.hibernate.loader.plan.build.internal.spaces.EntityQuerySpaceImpl@25f15f50]
12:54:53.222 [main] DEBUG o.h.p.w.spi.MetamodelGraphWalker - Visiting attribute path : seller.people
12:54:53.222 [main] DEBUG o.h.l.p.b.i.spaces.QuerySpacesImpl - Adding QuerySpace : uid = <gen:6> -> org.hibernate.loader.plan.build.internal.spaces.CollectionQuerySpaceImpl@52b46d52]
12:54:53.222 [main] DEBUG o.h.l.p.b.i.spaces.QuerySpacesImpl - Adding QuerySpace : uid = <gen:7> -> org.hibernate.loader.plan.build.internal.spaces.EntityQuerySpaceImpl@7327a447]
12:54:53.222 [main] DEBUG o.h.p.w.spi.MetamodelGraphWalker - Visiting attribute path : seller.isWorking
12:54:53.222 [main] DEBUG o.h.p.w.spi.MetamodelGraphWalker - Visiting attribute path : person
12:54:53.222 [main] DEBUG o.h.l.p.b.i.spaces.QuerySpacesImpl - Adding QuerySpace : uid = <gen:8> -> org.hibernate.loader.plan.build.internal.spaces.EntityQuerySpaceImpl@67022ea]
12:54:53.222 [main] DEBUG o.h.p.w.spi.MetamodelGraphWalker - Visiting attribute path : person.birthdate
12:54:53.222 [main] DEBUG o.h.p.w.spi.MetamodelGraphWalker - Visiting attribute path : person.cardNum
12:54:53.222 [main] DEBUG o.h.l.p.b.i.spaces.QuerySpacesImpl - Adding QuerySpace : uid = <gen:9> -> org.hibernate.loader.plan.build.internal.spaces.EntityQuerySpaceImpl@58fbd02e]
12:54:53.222 [main] DEBUG o.h.p.w.spi.MetamodelGraphWalker - Visiting attribute path : person.cardNum.emissionDate
12:54:53.222 [main] DEBUG o.h.p.w.spi.MetamodelGraphWalker - Visiting attribute path : person.cardNum.expirationDate
12:54:53.222 [main] DEBUG o.h.p.w.spi.MetamodelGraphWalker - Visiting attribute path : person.cardNum.person
12:54:53.222 [main] DEBUG o.h.p.w.spi.MetamodelGraphWalker - Property path deemed to be circular : person.cardNum.person
12:54:53.222 [main] DEBUG o.h.p.w.spi.MetamodelGraphWalker - Visiting attribute path : person.firstName
12:54:53.222 [main] DEBUG o.h.p.w.spi.MetamodelGraphWalker - Visiting attribute path : person.lastName
12:54:53.222 [main] DEBUG o.h.p.w.spi.MetamodelGraphWalker - Visiting attribute path : sellers
12:54:53.222 [main] DEBUG o.h.l.p.b.i.spaces.QuerySpacesImpl - Adding QuerySpace : uid = <gen:10> -> org.hibernate.loader.plan.build.internal.spaces.EntityQuerySpaceImpl@11d045b4]
12:54:53.222 [main] DEBUG o.h.p.w.spi.MetamodelGraphWalker - Visiting attribute path : sellers.name
12:54:53.222 [main] DEBUG o.h.p.w.spi.MetamodelGraphWalker - Visiting attribute path : sellers.passes
12:54:53.223 [main] DEBUG o.h.l.p.b.i.spaces.QuerySpacesImpl - Adding QuerySpace : uid = <gen:11> -> org.hibernate.loader.plan.build.internal.spaces.CollectionQuerySpaceImpl@1943c1f2]
12:54:53.223 [main] DEBUG o.h.l.p.b.i.spaces.QuerySpacesImpl - Adding QuerySpace : uid = <gen:12> -> org.hibernate.loader.plan.build.internal.spaces.EntityQuerySpaceImpl@d70f722]
12:54:53.223 [main] DEBUG o.h.p.w.spi.MetamodelGraphWalker - Visiting attribute path : sellers.tickets
12:54:53.223 [main] DEBUG o.h.l.p.b.i.spaces.QuerySpacesImpl - Adding QuerySpace : uid = <gen:13> -> org.hibernate.loader.plan.build.internal.spaces.CollectionQuerySpaceImpl@1e1eeedd]
12:54:53.223 [main] DEBUG o.h.l.p.b.i.spaces.QuerySpacesImpl - Adding QuerySpace : uid = <gen:14> -> org.hibernate.loader.plan.build.internal.spaces.EntityQuerySpaceImpl@798256c5]
12:54:53.223 [main] DEBUG o.h.p.w.spi.MetamodelGraphWalker - Visiting attribute path : sellers.people
12:54:53.223 [main] DEBUG o.h.l.p.b.i.spaces.QuerySpacesImpl - Adding QuerySpace : uid = <gen:15> -> org.hibernate.loader.plan.build.internal.spaces.CollectionQuerySpaceImpl@7ec95456]
12:54:53.223 [main] DEBUG o.h.l.p.b.i.spaces.QuerySpacesImpl - Adding QuerySpace : uid = <gen:16> -> org.hibernate.loader.plan.build.internal.spaces.EntityQuerySpaceImpl@748a654a]
12:54:53.223 [main] DEBUG o.h.p.w.spi.MetamodelGraphWalker - Visiting attribute path : sellers.isWorking
12:54:53.223 [main] DEBUG o.h.p.w.spi.MetamodelGraphWalker - Visiting attribute path : validity
12:54:53.223 [main] DEBUG o.h.l.p.b.i.FetchStyleLoadPlanBuildingAssociationVisitationStrategy - Building LoadPlan...
12:54:53.223 [main] DEBUG o.h.l.p.e.i.LoadQueryJoinAndFetchProcessor - processing queryspace <gen:0>
12:54:53.223 [main] DEBUG o.h.l.p.b.spi.LoadPlanTreePrinter - LoadPlan(entity=Classes.Pass)
    - Returns
       - EntityReturnImpl(entity=Classes.Pass, querySpaceUid=<gen:0>, path=Classes.Pass)
          - EntityAttributeFetchImpl(entity=Abstract.TicketSeller, querySpaceUid=<gen:1>, path=Classes.Pass.seller)
             - CollectionAttributeFetchImpl(collection=Abstract.TicketSeller.passes, querySpaceUid=<gen:2>, path=Classes.Pass.seller.passes)
                - (collection element) CollectionFetchableElementEntityGraph(entity=Classes.Pass, querySpaceUid=<gen:3>, path=Classes.Pass.seller.passes.<elements>)
             - CollectionAttributeFetchImpl(collection=Abstract.TicketSeller.tickets, querySpaceUid=<gen:4>, path=Classes.Pass.seller.tickets)
                - (collection element) CollectionFetchableElementEntityGraph(entity=Classes.Ticket, querySpaceUid=<gen:5>, path=Classes.Pass.seller.tickets.<elements>)
             - CollectionAttributeFetchImpl(collection=Classes.Shop.people, querySpaceUid=<gen:6>, path=Classes.Pass.seller.people)
                - (collection element) CollectionFetchableElementEntityGraph(entity=Classes.Person, querySpaceUid=<gen:7>, path=Classes.Pass.seller.people.<elements>)
          - EntityAttributeFetchImpl(entity=Classes.Person, querySpaceUid=<gen:8>, path=Classes.Pass.person)
             - EntityAttributeFetchImpl(entity=Classes.Card, querySpaceUid=<gen:9>, path=Classes.Pass.person.cardNum)
          - EntityAttributeFetchImpl(entity=Abstract.TicketSeller, querySpaceUid=<gen:10>, path=Classes.Pass.sellers)
             - CollectionAttributeFetchImpl(collection=Abstract.TicketSeller.passes, querySpaceUid=<gen:11>, path=Classes.Pass.sellers.passes)
                - (collection element) CollectionFetchableElementEntityGraph(entity=Classes.Pass, querySpaceUid=<gen:12>, path=Classes.Pass.sellers.passes.<elements>)
             - CollectionAttributeFetchImpl(collection=Abstract.TicketSeller.tickets, querySpaceUid=<gen:13>, path=Classes.Pass.sellers.tickets)
                - (collection element) CollectionFetchableElementEntityGraph(entity=Classes.Ticket, querySpaceUid=<gen:14>, path=Classes.Pass.sellers.tickets.<elements>)
             - CollectionAttributeFetchImpl(collection=Classes.Shop.people, querySpaceUid=<gen:15>, path=Classes.Pass.sellers.people)
                - (collection element) CollectionFetchableElementEntityGraph(entity=Classes.Person, querySpaceUid=<gen:16>, path=Classes.Pass.sellers.people.<elements>)
    - QuerySpaces
       - EntityQuerySpaceImpl(uid=<gen:0>, entity=Classes.Pass)
          - SQL table alias mapping - pass0_
          - alias suffix - 0_
          - suffixed key columns - {id2_2_0_}
          - JOIN (JoinDefinedByMetadata(seller)) : <gen:0> -> <gen:1>
             - EntityQuerySpaceImpl(uid=<gen:1>, entity=Abstract.TicketSeller)
                - SQL table alias mapping - ticketsell1_
                - alias suffix - 1_
                - suffixed key columns - {id2_3_1_}
          - JOIN (JoinDefinedByMetadata(person)) : <gen:0> -> <gen:8>
             - EntityQuerySpaceImpl(uid=<gen:8>, entity=Classes.Person)
                - SQL table alias mapping - person2_
                - alias suffix - 2_
                - suffixed key columns - {id1_1_2_}
                - JOIN (JoinDefinedByMetadata(cardNum)) : <gen:8> -> <gen:9>
                   - EntityQuerySpaceImpl(uid=<gen:9>, entity=Classes.Card)
                      - SQL table alias mapping - card3_
                      - alias suffix - 3_
                      - suffixed key columns - {id1_0_3_}
          - JOIN (JoinDefinedByMetadata(sellers)) : <gen:0> -> <gen:10>
             - EntityQuerySpaceImpl(uid=<gen:10>, entity=Abstract.TicketSeller)
                - SQL table alias mapping - ticketsell4_
                - alias suffix - 4_
                - suffixed key columns - {id2_3_4_}

12:54:53.223 [main] DEBUG o.h.loader.entity.plan.EntityLoader - Static select for entity Classes.Pass [NONE]: select pass0_.id as id2_2_0_, pass0_.seller_id as seller_i4_2_0_, pass0_.person_id as person_i5_2_0_, pass0_.sellers_id as sellers_6_2_0_, pass0_.validity as validity3_2_0_, ticketsell1_.id as id2_3_1_, ticketsell1_.seller_name as seller_n3_3_1_, ticketsell1_.isWorking as isworkin4_3_1_, ticketsell1_.type as type1_3_1_, person2_.id as id1_1_2_, person2_.birthdate as birthdat2_1_2_, person2_.cardNum_id as cardnum_5_1_2_, person2_.firstName as firstnam3_1_2_, person2_.lastName as lastname4_1_2_, card3_.id as id1_0_3_, card3_.emissionDate as emission2_0_3_, card3_.expirationDate as expirati3_0_3_, ticketsell4_.id as id2_3_4_, ticketsell4_.seller_name as seller_n3_3_4_, ticketsell4_.isWorking as isworkin4_3_4_, ticketsell4_.type as type1_3_4_ from Ticket pass0_ left outer join TicketSeller ticketsell1_ on pass0_.seller_id=ticketsell1_.id left outer join Person person2_ on pass0_.person_id=person2_.id left outer join Card card3_ on person2_.cardNum_id=card3_.id left outer join TicketSeller ticketsell4_ on pass0_.sellers_id=ticketsell4_.id where pass0_.id=? and pass0_.DTYPE='Pass'
12:54:53.223 [main] DEBUG o.h.p.entity.AbstractEntityPersister - Static SQL for entity: Classes.Shop
12:54:53.223 [main] DEBUG o.h.p.entity.AbstractEntityPersister -  Version select: select id from TicketSeller where id =?
12:54:53.223 [main] DEBUG o.h.p.entity.AbstractEntityPersister -  Snapshot select: select shop_.id, shop_.seller_name as seller_n3_3_ from TicketSeller shop_ where shop_.id=?
12:54:53.224 [main] DEBUG o.h.p.entity.AbstractEntityPersister -  Insert 0: insert into TicketSeller (seller_name, type, id) values (?, 'shop', ?)
12:54:53.224 [main] DEBUG o.h.p.entity.AbstractEntityPersister -  Update 0: update TicketSeller set seller_name=? where id=?
12:54:53.224 [main] DEBUG o.h.p.entity.AbstractEntityPersister -  Delete 0: delete from TicketSeller where id=?
12:54:53.224 [main] DEBUG o.h.l.p.b.i.spaces.QuerySpacesImpl - Adding QuerySpace : uid = <gen:0> -> org.hibernate.loader.plan.build.internal.spaces.EntityQuerySpaceImpl@1d8b0500]
12:54:53.224 [main] DEBUG o.h.p.w.spi.MetamodelGraphWalker - Visiting attribute path : name
12:54:53.224 [main] DEBUG o.h.p.w.spi.MetamodelGraphWalker - Visiting attribute path : passes
12:54:53.224 [main] DEBUG o.h.l.p.b.i.spaces.QuerySpacesImpl - Adding QuerySpace : uid = <gen:1> -> org.hibernate.loader.plan.build.internal.spaces.CollectionQuerySpaceImpl@428bdd72]
12:54:53.224 [main] DEBUG o.h.l.p.b.i.spaces.QuerySpacesImpl - Adding QuerySpace : uid = <gen:2> -> org.hibernate.loader.plan.build.internal.spaces.EntityQuerySpaceImpl@650c405c]
12:54:53.224 [main] DEBUG o.h.p.w.spi.MetamodelGraphWalker - Visiting attribute path : tickets
12:54:53.224 [main] DEBUG o.h.l.p.b.i.spaces.QuerySpacesImpl - Adding QuerySpace : uid = <gen:3> -> org.hibernate.loader.plan.build.internal.spaces.CollectionQuerySpaceImpl@20eaeaf8]
12:54:53.224 [main] DEBUG o.h.l.p.b.i.spaces.QuerySpacesImpl - Adding QuerySpace : uid = <gen:4> -> org.hibernate.loader.plan.build.internal.spaces.EntityQuerySpaceImpl@748ac6f3]
12:54:53.224 [main] DEBUG o.h.p.w.spi.MetamodelGraphWalker - Visiting attribute path : people
12:54:53.224 [main] DEBUG o.h.l.p.b.i.spaces.QuerySpacesImpl - Adding QuerySpace : uid = <gen:5> -> org.hibernate.loader.plan.build.internal.spaces.CollectionQuerySpaceImpl@68f6e55d]
12:54:53.224 [main] DEBUG o.h.l.p.b.i.spaces.QuerySpacesImpl - Adding QuerySpace : uid = <gen:6> -> org.hibernate.loader.plan.build.internal.spaces.EntityQuerySpaceImpl@6fff46bf]
12:54:53.224 [main] DEBUG o.h.l.p.b.i.FetchStyleLoadPlanBuildingAssociationVisitationStrategy - Building LoadPlan...
12:54:53.224 [main] DEBUG o.h.l.p.e.i.LoadQueryJoinAndFetchProcessor - processing queryspace <gen:0>
12:54:53.224 [main] DEBUG o.h.l.p.b.spi.LoadPlanTreePrinter - LoadPlan(entity=Classes.Shop)
    - Returns
       - EntityReturnImpl(entity=Classes.Shop, querySpaceUid=<gen:0>, path=Classes.Shop)
          - CollectionAttributeFetchImpl(collection=Abstract.TicketSeller.passes, querySpaceUid=<gen:1>, path=Classes.Shop.passes)
             - (collection element) CollectionFetchableElementEntityGraph(entity=Classes.Pass, querySpaceUid=<gen:2>, path=Classes.Shop.passes.<elements>)
          - CollectionAttributeFetchImpl(collection=Abstract.TicketSeller.tickets, querySpaceUid=<gen:3>, path=Classes.Shop.tickets)
             - (collection element) CollectionFetchableElementEntityGraph(entity=Classes.Ticket, querySpaceUid=<gen:4>, path=Classes.Shop.tickets.<elements>)
          - CollectionAttributeFetchImpl(collection=Classes.Shop.people, querySpaceUid=<gen:5>, path=Classes.Shop.people)
             - (collection element) CollectionFetchableElementEntityGraph(entity=Classes.Person, querySpaceUid=<gen:6>, path=Classes.Shop.people.<elements>)
    - QuerySpaces
       - EntityQuerySpaceImpl(uid=<gen:0>, entity=Classes.Shop)
          - SQL table alias mapping - shop0_
          - alias suffix - 0_
          - suffixed key columns - {id2_3_0_}

12:54:53.224 [main] DEBUG o.h.loader.entity.plan.EntityLoader - Static select for entity Classes.Shop [NONE]: select shop0_.id as id2_3_0_, shop0_.seller_name as seller_n3_3_0_ from TicketSeller shop0_ where shop0_.id=? and shop0_.type='shop'
12:54:53.224 [main] DEBUG o.h.p.entity.AbstractEntityPersister - Static SQL for entity: Classes.Ticket
12:54:53.224 [main] DEBUG o.h.p.entity.AbstractEntityPersister -  Version select: select id from Ticket where id =?
12:54:53.224 [main] DEBUG o.h.p.entity.AbstractEntityPersister -  Snapshot select: select ticket_.id, ticket_.seller_id as seller_i4_2_ from Ticket ticket_ where ticket_.id=?
12:54:53.224 [main] DEBUG o.h.p.entity.AbstractEntityPersister -  Insert 0: insert into Ticket (seller_id, DTYPE, id) values (?, 'Ticket', ?)
12:54:53.224 [main] DEBUG o.h.p.entity.AbstractEntityPersister -  Update 0: update Ticket set seller_id=? where id=?
12:54:53.224 [main] DEBUG o.h.p.entity.AbstractEntityPersister -  Delete 0: delete from Ticket where id=?
12:54:53.224 [main] DEBUG o.h.p.entity.AbstractEntityPersister -  Identity insert: insert into Ticket (seller_id, DTYPE) values (?, 'Ticket')
12:54:53.224 [main] DEBUG o.h.l.p.b.i.spaces.QuerySpacesImpl - Adding QuerySpace : uid = <gen:0> -> org.hibernate.loader.plan.build.internal.spaces.EntityQuerySpaceImpl@1835dc92]
12:54:53.224 [main] DEBUG o.h.p.w.spi.MetamodelGraphWalker - Visiting attribute path : seller
12:54:53.224 [main] DEBUG o.h.l.p.b.i.spaces.QuerySpacesImpl - Adding QuerySpace : uid = <gen:1> -> org.hibernate.loader.plan.build.internal.spaces.EntityQuerySpaceImpl@65a9ea3c]
12:54:53.224 [main] DEBUG o.h.p.w.spi.MetamodelGraphWalker - Visiting attribute path : seller.name
12:54:53.224 [main] DEBUG o.h.p.w.spi.MetamodelGraphWalker - Visiting attribute path : seller.passes
12:54:53.224 [main] DEBUG o.h.l.p.b.i.spaces.QuerySpacesImpl - Adding QuerySpace : uid = <gen:2> -> org.hibernate.loader.plan.build.internal.spaces.CollectionQuerySpaceImpl@46911148]
12:54:53.225 [main] DEBUG o.h.l.p.b.i.spaces.QuerySpacesImpl - Adding QuerySpace : uid = <gen:3> -> org.hibernate.loader.plan.build.internal.spaces.EntityQuerySpaceImpl@2db1b657]
12:54:53.225 [main] DEBUG o.h.p.w.spi.MetamodelGraphWalker - Visiting attribute path : seller.tickets
12:54:53.225 [main] DEBUG o.h.l.p.b.i.spaces.QuerySpacesImpl - Adding QuerySpace : uid = <gen:4> -> org.hibernate.loader.plan.build.internal.spaces.CollectionQuerySpaceImpl@7e351d7]
12:54:53.225 [main] DEBUG o.h.l.p.b.i.spaces.QuerySpacesImpl - Adding QuerySpace : uid = <gen:5> -> org.hibernate.loader.plan.build.internal.spaces.EntityQuerySpaceImpl@43c57161]
12:54:53.225 [main] DEBUG o.h.p.w.spi.MetamodelGraphWalker - Visiting attribute path : seller.people
12:54:53.225 [main] DEBUG o.h.l.p.b.i.spaces.QuerySpacesImpl - Adding QuerySpace : uid = <gen:6> -> org.hibernate.loader.plan.build.internal.spaces.CollectionQuerySpaceImpl@d902300]
12:54:53.225 [main] DEBUG o.h.l.p.b.i.spaces.QuerySpacesImpl - Adding QuerySpace : uid = <gen:7> -> org.hibernate.loader.plan.build.internal.spaces.EntityQuerySpaceImpl@2db33feb]
12:54:53.225 [main] DEBUG o.h.p.w.spi.MetamodelGraphWalker - Visiting attribute path : seller.isWorking
12:54:53.225 [main] DEBUG o.h.p.w.spi.MetamodelGraphWalker - Visiting attribute path : person
12:54:53.225 [main] DEBUG o.h.l.p.b.i.spaces.QuerySpacesImpl - Adding QuerySpace : uid = <gen:8> -> org.hibernate.loader.plan.build.internal.spaces.EntityQuerySpaceImpl@30c3ae63]
12:54:53.225 [main] DEBUG o.h.p.w.spi.MetamodelGraphWalker - Visiting attribute path : person.birthdate
12:54:53.225 [main] DEBUG o.h.p.w.spi.MetamodelGraphWalker - Visiting attribute path : person.cardNum
12:54:53.225 [main] DEBUG o.h.l.p.b.i.spaces.QuerySpacesImpl - Adding QuerySpace : uid = <gen:9> -> org.hibernate.loader.plan.build.internal.spaces.EntityQuerySpaceImpl@54e12f4c]
12:54:53.225 [main] DEBUG o.h.p.w.spi.MetamodelGraphWalker - Visiting attribute path : person.cardNum.emissionDate
12:54:53.225 [main] DEBUG o.h.p.w.spi.MetamodelGraphWalker - Visiting attribute path : person.cardNum.expirationDate
12:54:53.225 [main] DEBUG o.h.p.w.spi.MetamodelGraphWalker - Visiting attribute path : person.cardNum.person
12:54:53.225 [main] DEBUG o.h.p.w.spi.MetamodelGraphWalker - Property path deemed to be circular : person.cardNum.person
12:54:53.225 [main] DEBUG o.h.p.w.spi.MetamodelGraphWalker - Visiting attribute path : person.firstName
12:54:53.225 [main] DEBUG o.h.p.w.spi.MetamodelGraphWalker - Visiting attribute path : person.lastName
12:54:53.225 [main] DEBUG o.h.p.w.spi.MetamodelGraphWalker - Visiting attribute path : sellers
12:54:53.225 [main] DEBUG o.h.l.p.b.i.spaces.QuerySpacesImpl - Adding QuerySpace : uid = <gen:10> -> org.hibernate.loader.plan.build.internal.spaces.EntityQuerySpaceImpl@4d84049a]
12:54:53.225 [main] DEBUG o.h.p.w.spi.MetamodelGraphWalker - Visiting attribute path : sellers.name
12:54:53.225 [main] DEBUG o.h.p.w.spi.MetamodelGraphWalker - Visiting attribute path : sellers.passes
12:54:53.225 [main] DEBUG o.h.l.p.b.i.spaces.QuerySpacesImpl - Adding QuerySpace : uid = <gen:11> -> org.hibernate.loader.plan.build.internal.spaces.CollectionQuerySpaceImpl@642857e0]
12:54:53.225 [main] DEBUG o.h.l.p.b.i.spaces.QuerySpacesImpl - Adding QuerySpace : uid = <gen:12> -> org.hibernate.loader.plan.build.internal.spaces.EntityQuerySpaceImpl@4c6b4ed7]
12:54:53.225 [main] DEBUG o.h.p.w.spi.MetamodelGraphWalker - Visiting attribute path : sellers.tickets
12:54:53.225 [main] DEBUG o.h.l.p.b.i.spaces.QuerySpacesImpl - Adding QuerySpace : uid = <gen:13> -> org.hibernate.loader.plan.build.internal.spaces.CollectionQuerySpaceImpl@21263314]
12:54:53.225 [main] DEBUG o.h.l.p.b.i.spaces.QuerySpacesImpl - Adding QuerySpace : uid = <gen:14> -> org.hibernate.loader.plan.build.internal.spaces.EntityQuerySpaceImpl@6ca30b8a]
12:54:53.225 [main] DEBUG o.h.p.w.spi.MetamodelGraphWalker - Visiting attribute path : sellers.people
12:54:53.225 [main] DEBUG o.h.l.p.b.i.spaces.QuerySpacesImpl - Adding QuerySpace : uid = <gen:15> -> org.hibernate.loader.plan.build.internal.spaces.CollectionQuerySpaceImpl@4a92c6a9]
12:54:53.225 [main] DEBUG o.h.l.p.b.i.spaces.QuerySpacesImpl - Adding QuerySpace : uid = <gen:16> -> org.hibernate.loader.plan.build.internal.spaces.EntityQuerySpaceImpl@5c9934da]
12:54:53.225 [main] DEBUG o.h.p.w.spi.MetamodelGraphWalker - Visiting attribute path : sellers.isWorking
12:54:53.225 [main] DEBUG o.h.p.w.spi.MetamodelGraphWalker - Visiting attribute path : validity
12:54:53.225 [main] DEBUG o.h.l.p.b.i.FetchStyleLoadPlanBuildingAssociationVisitationStrategy - Building LoadPlan...
12:54:53.225 [main] DEBUG o.h.l.p.e.i.LoadQueryJoinAndFetchProcessor - processing queryspace <gen:0>
12:54:53.227 [main] DEBUG o.h.l.p.b.spi.LoadPlanTreePrinter - LoadPlan(entity=Classes.Ticket)
    - Returns
       - EntityReturnImpl(entity=Classes.Ticket, querySpaceUid=<gen:0>, path=Classes.Ticket)
          - EntityAttributeFetchImpl(entity=Abstract.TicketSeller, querySpaceUid=<gen:1>, path=Classes.Ticket.seller)
             - CollectionAttributeFetchImpl(collection=Abstract.TicketSeller.passes, querySpaceUid=<gen:2>, path=Classes.Ticket.seller.passes)
                - (collection element) CollectionFetchableElementEntityGraph(entity=Classes.Pass, querySpaceUid=<gen:3>, path=Classes.Ticket.seller.passes.<elements>)
             - CollectionAttributeFetchImpl(collection=Abstract.TicketSeller.tickets, querySpaceUid=<gen:4>, path=Classes.Ticket.seller.tickets)
                - (collection element) CollectionFetchableElementEntityGraph(entity=Classes.Ticket, querySpaceUid=<gen:5>, path=Classes.Ticket.seller.tickets.<elements>)
             - CollectionAttributeFetchImpl(collection=Classes.Shop.people, querySpaceUid=<gen:6>, path=Classes.Ticket.seller.people)
                - (collection element) CollectionFetchableElementEntityGraph(entity=Classes.Person, querySpaceUid=<gen:7>, path=Classes.Ticket.seller.people.<elements>)
          - EntityAttributeFetchImpl(entity=Classes.Person, querySpaceUid=<gen:8>, path=Classes.Ticket.person)
             - EntityAttributeFetchImpl(entity=Classes.Card, querySpaceUid=<gen:9>, path=Classes.Ticket.person.cardNum)
          - EntityAttributeFetchImpl(entity=Abstract.TicketSeller, querySpaceUid=<gen:10>, path=Classes.Ticket.sellers)
             - CollectionAttributeFetchImpl(collection=Abstract.TicketSeller.passes, querySpaceUid=<gen:11>, path=Classes.Ticket.sellers.passes)
                - (collection element) CollectionFetchableElementEntityGraph(entity=Classes.Pass, querySpaceUid=<gen:12>, path=Classes.Ticket.sellers.passes.<elements>)
             - CollectionAttributeFetchImpl(collection=Abstract.TicketSeller.tickets, querySpaceUid=<gen:13>, path=Classes.Ticket.sellers.tickets)
                - (collection element) CollectionFetchableElementEntityGraph(entity=Classes.Ticket, querySpaceUid=<gen:14>, path=Classes.Ticket.sellers.tickets.<elements>)
             - CollectionAttributeFetchImpl(collection=Classes.Shop.people, querySpaceUid=<gen:15>, path=Classes.Ticket.sellers.people)
                - (collection element) CollectionFetchableElementEntityGraph(entity=Classes.Person, querySpaceUid=<gen:16>, path=Classes.Ticket.sellers.people.<elements>)
    - QuerySpaces
       - EntityQuerySpaceImpl(uid=<gen:0>, entity=Classes.Ticket)
          - SQL table alias mapping - ticket0_
          - alias suffix - 0_
          - suffixed key columns - {id2_2_0_}
          - JOIN (JoinDefinedByMetadata(seller)) : <gen:0> -> <gen:1>
             - EntityQuerySpaceImpl(uid=<gen:1>, entity=Abstract.TicketSeller)
                - SQL table alias mapping - ticketsell1_
                - alias suffix - 1_
                - suffixed key columns - {id2_3_1_}
          - JOIN (JoinDefinedByMetadata(person)) : <gen:0> -> <gen:8>
             - EntityQuerySpaceImpl(uid=<gen:8>, entity=Classes.Person)
                - SQL table alias mapping - person2_
                - alias suffix - 2_
                - suffixed key columns - {id1_1_2_}
                - JOIN (JoinDefinedByMetadata(cardNum)) : <gen:8> -> <gen:9>
                   - EntityQuerySpaceImpl(uid=<gen:9>, entity=Classes.Card)
                      - SQL table alias mapping - card3_
                      - alias suffix - 3_
                      - suffixed key columns - {id1_0_3_}
          - JOIN (JoinDefinedByMetadata(sellers)) : <gen:0> -> <gen:10>
             - EntityQuerySpaceImpl(uid=<gen:10>, entity=Abstract.TicketSeller)
                - SQL table alias mapping - ticketsell4_
                - alias suffix - 4_
                - suffixed key columns - {id2_3_4_}

12:54:53.227 [main] DEBUG o.h.loader.entity.plan.EntityLoader - Static select for entity Classes.Ticket [NONE]: select ticket0_.id as id2_2_0_, ticket0_.seller_id as seller_i4_2_0_, ticket0_.person_id as person_i5_2_0_, ticket0_.sellers_id as sellers_6_2_0_, ticket0_.validity as validity3_2_0_, ticket0_.DTYPE as dtype1_2_0_, ticketsell1_.id as id2_3_1_, ticketsell1_.seller_name as seller_n3_3_1_, ticketsell1_.isWorking as isworkin4_3_1_, ticketsell1_.type as type1_3_1_, person2_.id as id1_1_2_, person2_.birthdate as birthdat2_1_2_, person2_.cardNum_id as cardnum_5_1_2_, person2_.firstName as firstnam3_1_2_, person2_.lastName as lastname4_1_2_, card3_.id as id1_0_3_, card3_.emissionDate as emission2_0_3_, card3_.expirationDate as expirati3_0_3_, ticketsell4_.id as id2_3_4_, ticketsell4_.seller_name as seller_n3_3_4_, ticketsell4_.isWorking as isworkin4_3_4_, ticketsell4_.type as type1_3_4_ from Ticket ticket0_ left outer join TicketSeller ticketsell1_ on ticket0_.seller_id=ticketsell1_.id left outer join Person person2_ on ticket0_.person_id=person2_.id left outer join Card card3_ on person2_.cardNum_id=card3_.id left outer join TicketSeller ticketsell4_ on ticket0_.sellers_id=ticketsell4_.id where ticket0_.id=?
12:54:53.227 [main] DEBUG o.h.p.entity.AbstractEntityPersister - Static SQL for entity: Classes.VendingMachine
12:54:53.227 [main] DEBUG o.h.p.entity.AbstractEntityPersister -  Version select: select id from TicketSeller where id =?
12:54:53.227 [main] DEBUG o.h.p.entity.AbstractEntityPersister -  Snapshot select: select vendingmac_.id, vendingmac_.seller_name as seller_n3_3_, vendingmac_.isWorking as isworkin4_3_ from TicketSeller vendingmac_ where vendingmac_.id=?
12:54:53.227 [main] DEBUG o.h.p.entity.AbstractEntityPersister -  Insert 0: insert into TicketSeller (seller_name, isWorking, type, id) values (?, ?, 'vending_machine', ?)
12:54:53.227 [main] DEBUG o.h.p.entity.AbstractEntityPersister -  Update 0: update TicketSeller set seller_name=?, isWorking=? where id=?
12:54:53.227 [main] DEBUG o.h.p.entity.AbstractEntityPersister -  Delete 0: delete from TicketSeller where id=?
12:54:53.227 [main] DEBUG o.h.l.p.b.i.spaces.QuerySpacesImpl - Adding QuerySpace : uid = <gen:0> -> org.hibernate.loader.plan.build.internal.spaces.EntityQuerySpaceImpl@4cb702ce]
12:54:53.227 [main] DEBUG o.h.p.w.spi.MetamodelGraphWalker - Visiting attribute path : name
12:54:53.227 [main] DEBUG o.h.p.w.spi.MetamodelGraphWalker - Visiting attribute path : passes
12:54:53.227 [main] DEBUG o.h.l.p.b.i.spaces.QuerySpacesImpl - Adding QuerySpace : uid = <gen:1> -> org.hibernate.loader.plan.build.internal.spaces.CollectionQuerySpaceImpl@64c781a9]
12:54:53.227 [main] DEBUG o.h.l.p.b.i.spaces.QuerySpacesImpl - Adding QuerySpace : uid = <gen:2> -> org.hibernate.loader.plan.build.internal.spaces.EntityQuerySpaceImpl@71ed560f]
12:54:53.227 [main] DEBUG o.h.p.w.spi.MetamodelGraphWalker - Visiting attribute path : tickets
12:54:53.227 [main] DEBUG o.h.l.p.b.i.spaces.QuerySpacesImpl - Adding QuerySpace : uid = <gen:3> -> org.hibernate.loader.plan.build.internal.spaces.CollectionQuerySpaceImpl@5b88b8e]
12:54:53.227 [main] DEBUG o.h.l.p.b.i.spaces.QuerySpacesImpl - Adding QuerySpace : uid = <gen:4> -> org.hibernate.loader.plan.build.internal.spaces.EntityQuerySpaceImpl@58253c57]
12:54:53.227 [main] DEBUG o.h.p.w.spi.MetamodelGraphWalker - Visiting attribute path : isWorking
12:54:53.227 [main] DEBUG o.h.l.p.b.i.FetchStyleLoadPlanBuildingAssociationVisitationStrategy - Building LoadPlan...
12:54:53.227 [main] DEBUG o.h.l.p.e.i.LoadQueryJoinAndFetchProcessor - processing queryspace <gen:0>
12:54:53.227 [main] DEBUG o.h.l.p.b.spi.LoadPlanTreePrinter - LoadPlan(entity=Classes.VendingMachine)
    - Returns
       - EntityReturnImpl(entity=Classes.VendingMachine, querySpaceUid=<gen:0>, path=Classes.VendingMachine)
          - CollectionAttributeFetchImpl(collection=Abstract.TicketSeller.passes, querySpaceUid=<gen:1>, path=Classes.VendingMachine.passes)
             - (collection element) CollectionFetchableElementEntityGraph(entity=Classes.Pass, querySpaceUid=<gen:2>, path=Classes.VendingMachine.passes.<elements>)
          - CollectionAttributeFetchImpl(collection=Abstract.TicketSeller.tickets, querySpaceUid=<gen:3>, path=Classes.VendingMachine.tickets)
             - (collection element) CollectionFetchableElementEntityGraph(entity=Classes.Ticket, querySpaceUid=<gen:4>, path=Classes.VendingMachine.tickets.<elements>)
    - QuerySpaces
       - EntityQuerySpaceImpl(uid=<gen:0>, entity=Classes.VendingMachine)
          - SQL table alias mapping - vendingmac0_
          - alias suffix - 0_
          - suffixed key columns - {id2_3_0_}

12:54:53.227 [main] DEBUG o.h.loader.entity.plan.EntityLoader - Static select for entity Classes.VendingMachine [NONE]: select vendingmac0_.id as id2_3_0_, vendingmac0_.seller_name as seller_n3_3_0_, vendingmac0_.isWorking as isworkin4_3_0_ from TicketSeller vendingmac0_ where vendingmac0_.id=? and vendingmac0_.type='vending_machine'
12:54:53.229 [main] DEBUG o.h.l.p.b.i.spaces.QuerySpacesImpl - Adding QuerySpace : uid = <gen:0> -> org.hibernate.loader.plan.build.internal.spaces.CollectionQuerySpaceImpl@7efa3f63]
12:54:53.230 [main] DEBUG o.h.l.p.b.i.spaces.QuerySpacesImpl - Adding QuerySpace : uid = <gen:1> -> org.hibernate.loader.plan.build.internal.spaces.EntityQuerySpaceImpl@7134b8a7]
12:54:53.230 [main] DEBUG o.h.p.w.spi.MetamodelGraphWalker - Visiting attribute path : seller
12:54:53.230 [main] DEBUG o.h.l.p.b.i.spaces.QuerySpacesImpl - Adding QuerySpace : uid = <gen:2> -> org.hibernate.loader.plan.build.internal.spaces.EntityQuerySpaceImpl@6088451e]
12:54:53.230 [main] DEBUG o.h.p.w.spi.MetamodelGraphWalker - Visiting attribute path : seller.name
12:54:53.230 [main] DEBUG o.h.p.w.spi.MetamodelGraphWalker - Visiting attribute path : seller.passes
12:54:53.230 [main] DEBUG o.h.p.w.spi.MetamodelGraphWalker - Property path deemed to be circular : seller.passes
12:54:53.230 [main] DEBUG o.h.p.w.spi.MetamodelGraphWalker - Visiting attribute path : seller.tickets
12:54:53.230 [main] DEBUG o.h.p.w.spi.MetamodelGraphWalker - Property path deemed to be circular : seller.tickets
12:54:53.230 [main] DEBUG o.h.p.w.spi.MetamodelGraphWalker - Visiting attribute path : seller.people
12:54:53.230 [main] DEBUG o.h.l.p.b.i.spaces.QuerySpacesImpl - Adding QuerySpace : uid = <gen:3> -> org.hibernate.loader.plan.build.internal.spaces.CollectionQuerySpaceImpl@2f10f633]
12:54:53.230 [main] DEBUG o.h.l.p.b.i.spaces.QuerySpacesImpl - Adding QuerySpace : uid = <gen:4> -> org.hibernate.loader.plan.build.internal.spaces.EntityQuerySpaceImpl@1642eeae]
12:54:53.230 [main] DEBUG o.h.p.w.spi.MetamodelGraphWalker - Visiting attribute path : seller.isWorking
12:54:53.230 [main] DEBUG o.h.p.w.spi.MetamodelGraphWalker - Visiting attribute path : person
12:54:53.230 [main] DEBUG o.h.l.p.b.i.spaces.QuerySpacesImpl - Adding QuerySpace : uid = <gen:5> -> org.hibernate.loader.plan.build.internal.spaces.EntityQuerySpaceImpl@3440e9cd]
12:54:53.230 [main] DEBUG o.h.p.w.spi.MetamodelGraphWalker - Visiting attribute path : person.birthdate
12:54:53.230 [main] DEBUG o.h.p.w.spi.MetamodelGraphWalker - Visiting attribute path : person.cardNum
12:54:53.231 [main] DEBUG o.h.l.p.b.i.spaces.QuerySpacesImpl - Adding QuerySpace : uid = <gen:6> -> org.hibernate.loader.plan.build.internal.spaces.EntityQuerySpaceImpl@a09303]
12:54:53.231 [main] DEBUG o.h.p.w.spi.MetamodelGraphWalker - Visiting attribute path : person.cardNum.emissionDate
12:54:53.231 [main] DEBUG o.h.p.w.spi.MetamodelGraphWalker - Visiting attribute path : person.cardNum.expirationDate
12:54:53.231 [main] DEBUG o.h.p.w.spi.MetamodelGraphWalker - Visiting attribute path : person.cardNum.person
12:54:53.231 [main] DEBUG o.h.p.w.spi.MetamodelGraphWalker - Property path deemed to be circular : person.cardNum.person
12:54:53.231 [main] DEBUG o.h.p.w.spi.MetamodelGraphWalker - Visiting attribute path : person.firstName
12:54:53.231 [main] DEBUG o.h.p.w.spi.MetamodelGraphWalker - Visiting attribute path : person.lastName
12:54:53.231 [main] DEBUG o.h.p.w.spi.MetamodelGraphWalker - Visiting attribute path : sellers
12:54:53.231 [main] DEBUG o.h.l.p.b.i.spaces.QuerySpacesImpl - Adding QuerySpace : uid = <gen:7> -> org.hibernate.loader.plan.build.internal.spaces.EntityQuerySpaceImpl@322ba549]
12:54:53.231 [main] DEBUG o.h.p.w.spi.MetamodelGraphWalker - Visiting attribute path : sellers.name
12:54:53.231 [main] DEBUG o.h.p.w.spi.MetamodelGraphWalker - Visiting attribute path : sellers.passes
12:54:53.231 [main] DEBUG o.h.p.w.spi.MetamodelGraphWalker - Property path deemed to be circular : sellers.passes
12:54:53.231 [main] DEBUG o.h.p.w.spi.MetamodelGraphWalker - Visiting attribute path : sellers.tickets
12:54:53.231 [main] DEBUG o.h.p.w.spi.MetamodelGraphWalker - Property path deemed to be circular : sellers.tickets
12:54:53.231 [main] DEBUG o.h.p.w.spi.MetamodelGraphWalker - Visiting attribute path : sellers.people
12:54:53.231 [main] DEBUG o.h.l.p.b.i.spaces.QuerySpacesImpl - Adding QuerySpace : uid = <gen:8> -> org.hibernate.loader.plan.build.internal.spaces.CollectionQuerySpaceImpl@5416f8db]
12:54:53.231 [main] DEBUG o.h.l.p.b.i.spaces.QuerySpacesImpl - Adding QuerySpace : uid = <gen:9> -> org.hibernate.loader.plan.build.internal.spaces.EntityQuerySpaceImpl@64e1377c]
12:54:53.231 [main] DEBUG o.h.p.w.spi.MetamodelGraphWalker - Visiting attribute path : sellers.isWorking
12:54:53.231 [main] DEBUG o.h.p.w.spi.MetamodelGraphWalker - Visiting attribute path : validity
12:54:53.231 [main] DEBUG o.h.l.p.b.i.FetchStyleLoadPlanBuildingAssociationVisitationStrategy - Building LoadPlan...
12:54:53.233 [main] DEBUG o.h.l.p.e.i.LoadQueryJoinAndFetchProcessor - processing queryspace <gen:0>
12:54:53.233 [main] DEBUG o.h.l.p.b.spi.LoadPlanTreePrinter - LoadPlan(collection=Abstract.TicketSeller.tickets)
    - Returns
       - CollectionReturnImpl(collection=Abstract.TicketSeller.tickets, querySpaceUid=<gen:0>, path=[Abstract.TicketSeller.tickets])
          - (collection element) CollectionFetchableElementEntityGraph(entity=Classes.Ticket, querySpaceUid=<gen:1>, path=[Abstract.TicketSeller.tickets].<elements>)
             - EntityAttributeFetchImpl(entity=Abstract.TicketSeller, querySpaceUid=<gen:2>, path=[Abstract.TicketSeller.tickets].<elements>.seller)
                - CollectionAttributeFetchImpl(collection=Classes.Shop.people, querySpaceUid=<gen:3>, path=[Abstract.TicketSeller.tickets].<elements>.seller.people)
                   - (collection element) CollectionFetchableElementEntityGraph(entity=Classes.Person, querySpaceUid=<gen:4>, path=[Abstract.TicketSeller.tickets].<elements>.seller.people.<elements>)
             - EntityAttributeFetchImpl(entity=Classes.Person, querySpaceUid=<gen:5>, path=[Abstract.TicketSeller.tickets].<elements>.person)
                - EntityAttributeFetchImpl(entity=Classes.Card, querySpaceUid=<gen:6>, path=[Abstract.TicketSeller.tickets].<elements>.person.cardNum)
             - EntityAttributeFetchImpl(entity=Abstract.TicketSeller, querySpaceUid=<gen:7>, path=[Abstract.TicketSeller.tickets].<elements>.sellers)
                - CollectionAttributeFetchImpl(collection=Classes.Shop.people, querySpaceUid=<gen:8>, path=[Abstract.TicketSeller.tickets].<elements>.sellers.people)
                   - (collection element) CollectionFetchableElementEntityGraph(entity=Classes.Person, querySpaceUid=<gen:9>, path=[Abstract.TicketSeller.tickets].<elements>.sellers.people.<elements>)
    - QuerySpaces
       - CollectionQuerySpaceImpl(uid=<gen:0>, collection=Abstract.TicketSeller.tickets)
          - SQL table alias mapping - tickets0_
          - alias suffix - 0_
          - suffixed key columns - {ticketse1_5_0_}
          - entity-element alias suffix - 1_
          - 1_entity-element suffixed key columns - id2_2_1_
          - JOIN (JoinDefinedByMetadata(elements)) : <gen:0> -> <gen:1>
             - EntityQuerySpaceImpl(uid=<gen:1>, entity=Classes.Ticket)
                - SQL table alias mapping - ticket1_
                - alias suffix - 1_
                - suffixed key columns - {id2_2_1_}
                - JOIN (JoinDefinedByMetadata(seller)) : <gen:1> -> <gen:2>
                   - EntityQuerySpaceImpl(uid=<gen:2>, entity=Abstract.TicketSeller)
                      - SQL table alias mapping - ticketsell2_
                      - alias suffix - 2_
                      - suffixed key columns - {id2_3_2_}
                - JOIN (JoinDefinedByMetadata(person)) : <gen:1> -> <gen:5>
                   - EntityQuerySpaceImpl(uid=<gen:5>, entity=Classes.Person)
                      - SQL table alias mapping - person3_
                      - alias suffix - 3_
                      - suffixed key columns - {id1_1_3_}
                      - JOIN (JoinDefinedByMetadata(cardNum)) : <gen:5> -> <gen:6>
                         - EntityQuerySpaceImpl(uid=<gen:6>, entity=Classes.Card)
                            - SQL table alias mapping - card4_
                            - alias suffix - 4_
                            - suffixed key columns - {id1_0_4_}
                - JOIN (JoinDefinedByMetadata(sellers)) : <gen:1> -> <gen:7>
                   - EntityQuerySpaceImpl(uid=<gen:7>, entity=Abstract.TicketSeller)
                      - SQL table alias mapping - ticketsell5_
                      - alias suffix - 5_
                      - suffixed key columns - {id2_3_5_}

12:54:53.233 [main] DEBUG o.h.l.c.plan.CollectionLoader - Static select for collection Abstract.TicketSeller.tickets: select tickets0_.TicketSeller_id as ticketse1_5_0_, tickets0_.tickets_id as tickets_2_5_0_, ticket1_.id as id2_2_1_, ticket1_.seller_id as seller_i4_2_1_, ticket1_.person_id as person_i5_2_1_, ticket1_.sellers_id as sellers_6_2_1_, ticket1_.validity as validity3_2_1_, ticket1_.DTYPE as dtype1_2_1_, ticketsell2_.id as id2_3_2_, ticketsell2_.seller_name as seller_n3_3_2_, ticketsell2_.isWorking as isworkin4_3_2_, ticketsell2_.type as type1_3_2_, person3_.id as id1_1_3_, person3_.birthdate as birthdat2_1_3_, person3_.cardNum_id as cardnum_5_1_3_, person3_.firstName as firstnam3_1_3_, person3_.lastName as lastname4_1_3_, card4_.id as id1_0_4_, card4_.emissionDate as emission2_0_4_, card4_.expirationDate as expirati3_0_4_, ticketsell5_.id as id2_3_5_, ticketsell5_.seller_name as seller_n3_3_5_, ticketsell5_.isWorking as isworkin4_3_5_, ticketsell5_.type as type1_3_5_ from TicketSeller_Ticket tickets0_ inner join Ticket ticket1_ on tickets0_.tickets_id=ticket1_.id left outer join TicketSeller ticketsell2_ on ticket1_.seller_id=ticketsell2_.id left outer join Person person3_ on ticket1_.person_id=person3_.id left outer join Card card4_ on person3_.cardNum_id=card4_.id left outer join TicketSeller ticketsell5_ on ticket1_.sellers_id=ticketsell5_.id where tickets0_.TicketSeller_id=?
12:54:53.234 [main] DEBUG o.h.l.p.b.i.spaces.QuerySpacesImpl - Adding QuerySpace : uid = <gen:0> -> org.hibernate.loader.plan.build.internal.spaces.CollectionQuerySpaceImpl@d48e998]
12:54:53.234 [main] DEBUG o.h.l.p.b.i.spaces.QuerySpacesImpl - Adding QuerySpace : uid = <gen:1> -> org.hibernate.loader.plan.build.internal.spaces.EntityQuerySpaceImpl@7cfac39f]
12:54:53.234 [main] DEBUG o.h.p.w.spi.MetamodelGraphWalker - Visiting attribute path : seller
12:54:53.234 [main] DEBUG o.h.l.p.b.i.spaces.QuerySpacesImpl - Adding QuerySpace : uid = <gen:2> -> org.hibernate.loader.plan.build.internal.spaces.EntityQuerySpaceImpl@1a256d80]
12:54:53.234 [main] DEBUG o.h.p.w.spi.MetamodelGraphWalker - Visiting attribute path : seller.name
12:54:53.234 [main] DEBUG o.h.p.w.spi.MetamodelGraphWalker - Visiting attribute path : seller.passes
12:54:53.234 [main] DEBUG o.h.p.w.spi.MetamodelGraphWalker - Property path deemed to be circular : seller.passes
12:54:53.234 [main] DEBUG o.h.p.w.spi.MetamodelGraphWalker - Visiting attribute path : seller.tickets
12:54:53.234 [main] DEBUG o.h.p.w.spi.MetamodelGraphWalker - Property path deemed to be circular : seller.tickets
12:54:53.234 [main] DEBUG o.h.p.w.spi.MetamodelGraphWalker - Visiting attribute path : seller.people
12:54:53.234 [main] DEBUG o.h.l.p.b.i.spaces.QuerySpacesImpl - Adding QuerySpace : uid = <gen:3> -> org.hibernate.loader.plan.build.internal.spaces.CollectionQuerySpaceImpl@7235f92b]
12:54:53.234 [main] DEBUG o.h.l.p.b.i.spaces.QuerySpacesImpl - Adding QuerySpace : uid = <gen:4> -> org.hibernate.loader.plan.build.internal.spaces.EntityQuerySpaceImpl@7885776b]
12:54:53.234 [main] DEBUG o.h.p.w.spi.MetamodelGraphWalker - Visiting attribute path : seller.isWorking
12:54:53.234 [main] DEBUG o.h.p.w.spi.MetamodelGraphWalker - Visiting attribute path : person
12:54:53.234 [main] DEBUG o.h.l.p.b.i.spaces.QuerySpacesImpl - Adding QuerySpace : uid = <gen:5> -> org.hibernate.loader.plan.build.internal.spaces.EntityQuerySpaceImpl@497d4c96]
12:54:53.234 [main] DEBUG o.h.p.w.spi.MetamodelGraphWalker - Visiting attribute path : person.birthdate
12:54:53.234 [main] DEBUG o.h.p.w.spi.MetamodelGraphWalker - Visiting attribute path : person.cardNum
12:54:53.234 [main] DEBUG o.h.l.p.b.i.spaces.QuerySpacesImpl - Adding QuerySpace : uid = <gen:6> -> org.hibernate.loader.plan.build.internal.spaces.EntityQuerySpaceImpl@69d3cf7e]
12:54:53.234 [main] DEBUG o.h.p.w.spi.MetamodelGraphWalker - Visiting attribute path : person.cardNum.emissionDate
12:54:53.234 [main] DEBUG o.h.p.w.spi.MetamodelGraphWalker - Visiting attribute path : person.cardNum.expirationDate
12:54:53.234 [main] DEBUG o.h.p.w.spi.MetamodelGraphWalker - Visiting attribute path : person.cardNum.person
12:54:53.234 [main] DEBUG o.h.p.w.spi.MetamodelGraphWalker - Property path deemed to be circular : person.cardNum.person
12:54:53.234 [main] DEBUG o.h.p.w.spi.MetamodelGraphWalker - Visiting attribute path : person.firstName
12:54:53.234 [main] DEBUG o.h.p.w.spi.MetamodelGraphWalker - Visiting attribute path : person.lastName
12:54:53.234 [main] DEBUG o.h.p.w.spi.MetamodelGraphWalker - Visiting attribute path : sellers
12:54:53.234 [main] DEBUG o.h.l.p.b.i.spaces.QuerySpacesImpl - Adding QuerySpace : uid = <gen:7> -> org.hibernate.loader.plan.build.internal.spaces.EntityQuerySpaceImpl@1984212d]
12:54:53.234 [main] DEBUG o.h.p.w.spi.MetamodelGraphWalker - Visiting attribute path : sellers.name
12:54:53.234 [main] DEBUG o.h.p.w.spi.MetamodelGraphWalker - Visiting attribute path : sellers.passes
12:54:53.234 [main] DEBUG o.h.p.w.spi.MetamodelGraphWalker - Property path deemed to be circular : sellers.passes
12:54:53.234 [main] DEBUG o.h.p.w.spi.MetamodelGraphWalker - Visiting attribute path : sellers.tickets
12:54:53.234 [main] DEBUG o.h.p.w.spi.MetamodelGraphWalker - Property path deemed to be circular : sellers.tickets
12:54:53.234 [main] DEBUG o.h.p.w.spi.MetamodelGraphWalker - Visiting attribute path : sellers.people
12:54:53.234 [main] DEBUG o.h.l.p.b.i.spaces.QuerySpacesImpl - Adding QuerySpace : uid = <gen:8> -> org.hibernate.loader.plan.build.internal.spaces.CollectionQuerySpaceImpl@4eaa375c]
12:54:53.234 [main] DEBUG o.h.l.p.b.i.spaces.QuerySpacesImpl - Adding QuerySpace : uid = <gen:9> -> org.hibernate.loader.plan.build.internal.spaces.EntityQuerySpaceImpl@2404b5a]
12:54:53.234 [main] DEBUG o.h.p.w.spi.MetamodelGraphWalker - Visiting attribute path : sellers.isWorking
12:54:53.235 [main] DEBUG o.h.p.w.spi.MetamodelGraphWalker - Visiting attribute path : validity
12:54:53.235 [main] DEBUG o.h.l.p.b.i.FetchStyleLoadPlanBuildingAssociationVisitationStrategy - Building LoadPlan...
12:54:53.235 [main] DEBUG o.h.l.p.e.i.LoadQueryJoinAndFetchProcessor - processing queryspace <gen:0>
12:54:53.235 [main] DEBUG o.h.l.p.b.spi.LoadPlanTreePrinter - LoadPlan(collection=Abstract.TicketSeller.passes)
    - Returns
       - CollectionReturnImpl(collection=Abstract.TicketSeller.passes, querySpaceUid=<gen:0>, path=[Abstract.TicketSeller.passes])
          - (collection element) CollectionFetchableElementEntityGraph(entity=Classes.Pass, querySpaceUid=<gen:1>, path=[Abstract.TicketSeller.passes].<elements>)
             - EntityAttributeFetchImpl(entity=Abstract.TicketSeller, querySpaceUid=<gen:2>, path=[Abstract.TicketSeller.passes].<elements>.seller)
                - CollectionAttributeFetchImpl(collection=Classes.Shop.people, querySpaceUid=<gen:3>, path=[Abstract.TicketSeller.passes].<elements>.seller.people)
                   - (collection element) CollectionFetchableElementEntityGraph(entity=Classes.Person, querySpaceUid=<gen:4>, path=[Abstract.TicketSeller.passes].<elements>.seller.people.<elements>)
             - EntityAttributeFetchImpl(entity=Classes.Person, querySpaceUid=<gen:5>, path=[Abstract.TicketSeller.passes].<elements>.person)
                - EntityAttributeFetchImpl(entity=Classes.Card, querySpaceUid=<gen:6>, path=[Abstract.TicketSeller.passes].<elements>.person.cardNum)
             - EntityAttributeFetchImpl(entity=Abstract.TicketSeller, querySpaceUid=<gen:7>, path=[Abstract.TicketSeller.passes].<elements>.sellers)
                - CollectionAttributeFetchImpl(collection=Classes.Shop.people, querySpaceUid=<gen:8>, path=[Abstract.TicketSeller.passes].<elements>.sellers.people)
                   - (collection element) CollectionFetchableElementEntityGraph(entity=Classes.Person, querySpaceUid=<gen:9>, path=[Abstract.TicketSeller.passes].<elements>.sellers.people.<elements>)
    - QuerySpaces
       - CollectionQuerySpaceImpl(uid=<gen:0>, collection=Abstract.TicketSeller.passes)
          - SQL table alias mapping - passes0_
          - alias suffix - 0_
          - suffixed key columns - {ticketse1_5_0_}
          - entity-element alias suffix - 1_
          - 1_entity-element suffixed key columns - id2_2_1_
          - JOIN (JoinDefinedByMetadata(elements)) : <gen:0> -> <gen:1>
             - EntityQuerySpaceImpl(uid=<gen:1>, entity=Classes.Pass)
                - SQL table alias mapping - pass1_
                - alias suffix - 1_
                - suffixed key columns - {id2_2_1_}
                - JOIN (JoinDefinedByMetadata(seller)) : <gen:1> -> <gen:2>
                   - EntityQuerySpaceImpl(uid=<gen:2>, entity=Abstract.TicketSeller)
                      - SQL table alias mapping - ticketsell2_
                      - alias suffix - 2_
                      - suffixed key columns - {id2_3_2_}
                - JOIN (JoinDefinedByMetadata(person)) : <gen:1> -> <gen:5>
                   - EntityQuerySpaceImpl(uid=<gen:5>, entity=Classes.Person)
                      - SQL table alias mapping - person3_
                      - alias suffix - 3_
                      - suffixed key columns - {id1_1_3_}
                      - JOIN (JoinDefinedByMetadata(cardNum)) : <gen:5> -> <gen:6>
                         - EntityQuerySpaceImpl(uid=<gen:6>, entity=Classes.Card)
                            - SQL table alias mapping - card4_
                            - alias suffix - 4_
                            - suffixed key columns - {id1_0_4_}
                - JOIN (JoinDefinedByMetadata(sellers)) : <gen:1> -> <gen:7>
                   - EntityQuerySpaceImpl(uid=<gen:7>, entity=Abstract.TicketSeller)
                      - SQL table alias mapping - ticketsell5_
                      - alias suffix - 5_
                      - suffixed key columns - {id2_3_5_}

12:54:53.235 [main] DEBUG o.h.l.c.plan.CollectionLoader - Static select for collection Abstract.TicketSeller.passes: select passes0_.TicketSeller_id as ticketse1_5_0_, passes0_.passes_id as passes_i3_5_0_, pass1_.id as id2_2_1_, pass1_.seller_id as seller_i4_2_1_, pass1_.person_id as person_i5_2_1_, pass1_.sellers_id as sellers_6_2_1_, pass1_.validity as validity3_2_1_, ticketsell2_.id as id2_3_2_, ticketsell2_.seller_name as seller_n3_3_2_, ticketsell2_.isWorking as isworkin4_3_2_, ticketsell2_.type as type1_3_2_, person3_.id as id1_1_3_, person3_.birthdate as birthdat2_1_3_, person3_.cardNum_id as cardnum_5_1_3_, person3_.firstName as firstnam3_1_3_, person3_.lastName as lastname4_1_3_, card4_.id as id1_0_4_, card4_.emissionDate as emission2_0_4_, card4_.expirationDate as expirati3_0_4_, ticketsell5_.id as id2_3_5_, ticketsell5_.seller_name as seller_n3_3_5_, ticketsell5_.isWorking as isworkin4_3_5_, ticketsell5_.type as type1_3_5_ from TicketSeller_Ticket passes0_ inner join Ticket pass1_ on passes0_.passes_id=pass1_.id left outer join TicketSeller ticketsell2_ on pass1_.seller_id=ticketsell2_.id left outer join Person person3_ on pass1_.person_id=person3_.id left outer join Card card4_ on person3_.cardNum_id=card4_.id left outer join TicketSeller ticketsell5_ on pass1_.sellers_id=ticketsell5_.id where passes0_.TicketSeller_id=?
12:54:53.235 [main] DEBUG o.h.l.p.b.i.spaces.QuerySpacesImpl - Adding QuerySpace : uid = <gen:0> -> org.hibernate.loader.plan.build.internal.spaces.CollectionQuerySpaceImpl@3af58f76]
12:54:53.235 [main] DEBUG o.h.l.p.b.i.spaces.QuerySpacesImpl - Adding QuerySpace : uid = <gen:1> -> org.hibernate.loader.plan.build.internal.spaces.EntityQuerySpaceImpl@2ead6ba4]
12:54:53.235 [main] DEBUG o.h.p.w.spi.MetamodelGraphWalker - Visiting attribute path : birthdate
12:54:53.235 [main] DEBUG o.h.p.w.spi.MetamodelGraphWalker - Visiting attribute path : cardNum
12:54:53.235 [main] DEBUG o.h.l.p.b.i.spaces.QuerySpacesImpl - Adding QuerySpace : uid = <gen:2> -> org.hibernate.loader.plan.build.internal.spaces.EntityQuerySpaceImpl@27a09971]
12:54:53.235 [main] DEBUG o.h.p.w.spi.MetamodelGraphWalker - Visiting attribute path : cardNum.emissionDate
12:54:53.235 [main] DEBUG o.h.p.w.spi.MetamodelGraphWalker - Visiting attribute path : cardNum.expirationDate
12:54:53.235 [main] DEBUG o.h.p.w.spi.MetamodelGraphWalker - Visiting attribute path : cardNum.person
12:54:53.235 [main] DEBUG o.h.p.w.spi.MetamodelGraphWalker - Property path deemed to be circular : cardNum.person
12:54:53.235 [main] DEBUG o.h.p.w.spi.MetamodelGraphWalker - Visiting attribute path : firstName
12:54:53.235 [main] DEBUG o.h.p.w.spi.MetamodelGraphWalker - Visiting attribute path : lastName
12:54:53.235 [main] DEBUG o.h.l.p.b.i.FetchStyleLoadPlanBuildingAssociationVisitationStrategy - Building LoadPlan...
12:54:53.235 [main] DEBUG o.h.l.p.e.i.LoadQueryJoinAndFetchProcessor - processing queryspace <gen:0>
12:54:53.235 [main] DEBUG o.h.l.p.b.spi.LoadPlanTreePrinter - LoadPlan(collection=Classes.Shop.people)
    - Returns
       - CollectionReturnImpl(collection=Classes.Shop.people, querySpaceUid=<gen:0>, path=[Classes.Shop.people])
          - (collection element) CollectionFetchableElementEntityGraph(entity=Classes.Person, querySpaceUid=<gen:1>, path=[Classes.Shop.people].<elements>)
             - EntityAttributeFetchImpl(entity=Classes.Card, querySpaceUid=<gen:2>, path=[Classes.Shop.people].<elements>.cardNum)
    - QuerySpaces
       - CollectionQuerySpaceImpl(uid=<gen:0>, collection=Classes.Shop.people)
          - SQL table alias mapping - people0_
          - alias suffix - 0_
          - suffixed key columns - {shop_id1_4_0_}
          - entity-element alias suffix - 1_
          - 1_entity-element suffixed key columns - id1_1_1_
          - JOIN (JoinDefinedByMetadata(elements)) : <gen:0> -> <gen:1>
             - EntityQuerySpaceImpl(uid=<gen:1>, entity=Classes.Person)
                - SQL table alias mapping - person1_
                - alias suffix - 1_
                - suffixed key columns - {id1_1_1_}
                - JOIN (JoinDefinedByMetadata(cardNum)) : <gen:1> -> <gen:2>
                   - EntityQuerySpaceImpl(uid=<gen:2>, entity=Classes.Card)
                      - SQL table alias mapping - card2_
                      - alias suffix - 2_
                      - suffixed key columns - {id1_0_2_}

12:54:53.235 [main] DEBUG o.h.l.c.plan.CollectionLoader - Static select for collection Classes.Shop.people: select people0_.Shop_id as shop_id1_4_0_, people0_.people_id as people_i2_4_0_, person1_.id as id1_1_1_, person1_.birthdate as birthdat2_1_1_, person1_.cardNum_id as cardnum_5_1_1_, person1_.firstName as firstnam3_1_1_, person1_.lastName as lastname4_1_1_, card2_.id as id1_0_2_, card2_.emissionDate as emission2_0_2_, card2_.expirationDate as expirati3_0_2_ from TicketSeller_Person people0_ inner join Person person1_ on people0_.people_id=person1_.id left outer join Card card2_ on person1_.cardNum_id=card2_.id where people0_.Shop_id=?
12:54:53.259 [main] INFO  o.hibernate.orm.connections.access - HHH10001501: Connection obtained from JdbcConnectionAccess [org.hibernate.engine.jdbc.env.internal.JdbcEnvironmentInitiator$ConnectionProviderJdbcConnectionAccess@63f9b562] for (non-JTA) DDL execution was not in auto-commit mode; the Connection 'local transaction' will be committed and the Connection will be set into auto-commit mode.
12:54:53.275 [main] DEBUG org.hibernate.mapping.Table - No alter strings for table : Card
12:54:53.275 [main] DEBUG org.hibernate.mapping.Table - No alter strings for table : Person
12:54:53.275 [main] DEBUG org.hibernate.mapping.Table - No alter strings for table : Ticket
12:54:53.275 [main] DEBUG org.hibernate.mapping.Table - No alter strings for table : TicketSeller
12:54:53.275 [main] DEBUG org.hibernate.mapping.Table - No alter strings for table : TicketSeller_Person
12:54:53.275 [main] DEBUG org.hibernate.mapping.Table - No alter strings for table : TicketSeller_Ticket
12:54:53.335 [main] DEBUG o.h.e.t.j.p.i.JtaPlatformInitiator - No JtaPlatform was specified, checking resolver
12:54:53.336 [main] DEBUG o.h.e.t.j.p.i.JtaPlatformResolverInitiator - No JtaPlatformResolver was specified, using default [org.hibernate.engine.transaction.jta.platform.internal.StandardJtaPlatformResolver]
12:54:53.339 [main] DEBUG o.h.e.t.j.p.i.StandardJtaPlatformResolver - Could not resolve JtaPlatform, using default [org.hibernate.engine.transaction.jta.platform.internal.NoJtaPlatform]
12:54:53.339 [main] INFO  o.h.e.t.j.p.i.JtaPlatformInitiator - HHH000490: Using JtaPlatform implementation: [org.hibernate.engine.transaction.jta.platform.internal.NoJtaPlatform]
12:54:53.343 [main] DEBUG o.h.s.i.SessionFactoryServiceRegistryImpl - EventListenerRegistry access via ServiceRegistry is deprecated.  Use `sessionFactory.getEventEngine().getListenerRegistry()` instead
12:54:53.344 [main] DEBUG o.h.h.i.QueryTranslatorFactoryInitiator - QueryTranslatorFactory: org.hibernate.hql.internal.ast.ASTQueryTranslatorFactory@484149eb
12:54:53.346 [main] DEBUG o.h.query.spi.NamedQueryRepository - Checking 0 named HQL queries
12:54:53.346 [main] DEBUG o.h.query.spi.NamedQueryRepository - Checking 0 named SQL queries
12:54:53.348 [main] DEBUG o.h.internal.SessionFactoryRegistry - Initializing SessionFactoryRegistry : org.hibernate.internal.SessionFactoryRegistry@6411504a
12:54:53.349 [main] DEBUG o.h.internal.SessionFactoryRegistry - Registering SessionFactory: 34db12b3-db5c-44da-b28e-b9ca4e92b170 (<unnamed>)
12:54:53.349 [main] DEBUG o.h.internal.SessionFactoryRegistry - Not binding SessionFactory to JNDI, no JNDI name configured
12:54:53.377 [main] DEBUG o.h.s.internal.StatisticsInitiator - Statistics initialized [enabled=false]
12:54:53.380 [main] DEBUG o.h.e.t.internal.TransactionImpl - On TransactionImpl creation, JpaCompliance#isJpaTransactionComplianceEnabled == false
12:54:53.381 [main] DEBUG o.h.e.t.internal.TransactionImpl - begin
12:54:53.385 [main] DEBUG org.hibernate.SQL - select vendingmac0_.id as id2_3_0_, vendingmac0_.seller_name as seller_n3_3_0_, vendingmac0_.isWorking as isworkin4_3_0_ from TicketSeller vendingmac0_ where vendingmac0_.id=? and vendingmac0_.type='vending_machine'
12:54:53.388 [main] DEBUG o.h.l.p.e.p.i.EntityReferenceInitializerImpl - On call to EntityIdentifierReaderImpl#resolve, EntityKey was already known; should only happen on root returns with an optional identifier specified
12:54:53.393 [main] DEBUG o.h.engine.internal.TwoPhaseLoad - Resolving attributes for [Classes.VendingMachine#4]
12:54:53.393 [main] DEBUG o.h.engine.internal.TwoPhaseLoad - Processing attribute `name` : value = Vending DiGregorio
12:54:53.393 [main] DEBUG o.h.engine.internal.TwoPhaseLoad - Attribute (`name`)  - enhanced for lazy-loading? - false
12:54:53.393 [main] DEBUG o.h.engine.internal.TwoPhaseLoad - Processing attribute `passes` : value = NOT NULL COLLECTION
12:54:53.393 [main] DEBUG o.h.engine.internal.TwoPhaseLoad - Attribute (`passes`)  - enhanced for lazy-loading? - false
12:54:53.397 [main] DEBUG o.h.engine.internal.TwoPhaseLoad - Processing attribute `tickets` : value = NOT NULL COLLECTION
12:54:53.397 [main] DEBUG o.h.engine.internal.TwoPhaseLoad - Attribute (`tickets`)  - enhanced for lazy-loading? - false
12:54:53.397 [main] DEBUG o.h.engine.internal.TwoPhaseLoad - Processing attribute `isWorking` : value = false
12:54:53.397 [main] DEBUG o.h.engine.internal.TwoPhaseLoad - Attribute (`isWorking`)  - enhanced for lazy-loading? - false
12:54:53.398 [main] DEBUG o.h.engine.internal.TwoPhaseLoad - Done materializing entity [Classes.VendingMachine#4]
12:54:53.398 [main] DEBUG o.h.l.e.p.AbstractLoadPlanBasedEntityLoader - Done entity load : Classes.VendingMachine#4
12:54:53.403 [main] DEBUG o.h.e.t.internal.TransactionImpl - committing
12:54:53.403 [main] DEBUG o.h.e.i.AbstractFlushingEventListener - Processing flush-time cascades
12:54:53.404 [main] DEBUG o.h.e.i.AbstractFlushingEventListener - Dirty checking collections
12:54:53.406 [main] DEBUG o.h.engine.internal.Collections - Collection dereferenced: [Abstract.TicketSeller.passes#4]
12:54:53.406 [main] DEBUG o.h.engine.internal.Collections - Collection dereferenced: [Abstract.TicketSeller.tickets#4]
12:54:53.407 [main] DEBUG o.h.e.i.AbstractFlushingEventListener - Flushed: 0 insertions, 0 updates, 1 deletions to 1 objects
12:54:53.407 [main] DEBUG o.h.e.i.AbstractFlushingEventListener - Flushed: 0 (re)creations, 0 updates, 2 removals to 2 collections
12:54:53.408 [main] DEBUG o.h.internal.util.EntityPrinter - Listing entities:
12:54:53.408 [main] DEBUG o.h.internal.util.EntityPrinter - Classes.VendingMachine{tickets=<uninitialized>, passes=<uninitialized>, name=Vending DiGregorio, id=4, isWorking=false}
12:54:53.409 [main] DEBUG o.h.p.c.AbstractCollectionPersister - Deleting collection: [Abstract.TicketSeller.passes#4]
12:54:53.411 [main] DEBUG org.hibernate.SQL - delete from TicketSeller_Ticket where TicketSeller_id=?
12:54:53.413 [main] DEBUG o.h.p.c.AbstractCollectionPersister - Done deleting collection
12:54:53.413 [main] DEBUG o.h.p.c.AbstractCollectionPersister - Deleting collection: [Abstract.TicketSeller.tickets#4]
12:54:53.413 [main] DEBUG org.hibernate.SQL - delete from TicketSeller_Ticket where TicketSeller_id=?
12:54:53.414 [main] DEBUG o.h.p.c.AbstractCollectionPersister - Done deleting collection
12:54:53.414 [main] DEBUG org.hibernate.SQL - delete from TicketSeller where id=?
12:54:53.418 [main] DEBUG o.h.r.j.i.LogicalConnectionManagedImpl - Initiating JDBC connection release from afterTransaction
12:54:53.418 [main] DEBUG o.h.r.j.i.LogicalConnectionManagedImpl - Initiating JDBC connection release from afterTransaction
12:54:58.258 [main] DEBUG org.jboss.logging - Logging Provider: org.jboss.logging.Slf4jLoggerProvider
12:54:58.319 [main] DEBUG o.h.jpa.HibernatePersistenceProvider - Located and parsed 2 persistence units; checking each
12:54:58.319 [main] DEBUG o.h.jpa.HibernatePersistenceProvider - Checking persistence-unit [name=HomeworkS3D3, explicit-provider=null] against incoming persistence unit name [BuildWeek_4]
12:54:58.319 [main] DEBUG o.h.jpa.HibernatePersistenceProvider - Excluding from consideration due to name mis-match
12:54:58.319 [main] DEBUG o.h.jpa.HibernatePersistenceProvider - Checking persistence-unit [name=BuildWeek_4, explicit-provider=null] against incoming persistence unit name [BuildWeek_4]
12:54:58.319 [main] DEBUG o.h.jpa.boot.spi.ProviderChecker - No PersistenceProvider explicitly requested, assuming Hibernate
12:54:58.323 [main] DEBUG o.h.jpa.internal.util.LogHelper - PersistenceUnitInfo [
	name: BuildWeek_4
	persistence provider classname: null
	classloader: null
	excludeUnlistedClasses: false
	JTA datasource: null
	Non JTA datasource: null
	Transaction type: RESOURCE_LOCAL
	PU root URL: file:/C:/Users/total/Desktop/All/Epicode/fs0223-Luca-Sernicola-BackEnd/BuildWeek_4/target/classes/
	Shared Cache Mode: null
	Validation Mode: null
	Jar files URLs []
	Managed classes names []
	Mapping files names []
	Properties [
		javax.persistence.jdbc.driver: org.postgresql.Driver
		javax.persistence.jdbc.password: root
		hibernate.dialect: org.hibernate.dialect.PostgreSQLDialect
		javax.persistence.jdbc.url: jdbc:postgresql://localhost:5432/BuildWeek
		hibernate.hbm2ddl.auto: update
		javax.persistence.jdbc.user: postgres]
12:54:58.326 [main] DEBUG o.h.i.internal.IntegratorServiceImpl - Adding Integrator [org.hibernate.cfg.beanvalidation.BeanValidationIntegrator].
12:54:58.327 [main] DEBUG o.h.i.internal.IntegratorServiceImpl - Adding Integrator [org.hibernate.secure.spi.JaccIntegrator].
12:54:58.329 [main] DEBUG o.h.i.internal.IntegratorServiceImpl - Adding Integrator [org.hibernate.cache.internal.CollectionCacheInvalidator].
12:54:58.354 [main] INFO  org.hibernate.Version - HHH000412: Hibernate ORM core version 5.6.15.Final
12:54:58.355 [main] DEBUG org.hibernate.cfg.Environment - HHH000206: hibernate.properties not found
12:54:58.454 [main] DEBUG o.h.service.spi.ServiceBinding - Overriding existing service binding [org.hibernate.secure.spi.JaccService]
12:54:58.463 [main] DEBUG o.h.c.i.RegionFactoryInitiator - Cannot default RegionFactory based on registered strategies as `[]` RegionFactory strategies were registered
12:54:58.463 [main] DEBUG o.h.c.i.RegionFactoryInitiator - Cache region factory : org.hibernate.cache.internal.NoCachingRegionFactory
12:54:58.475 [main] INFO  o.h.annotations.common.Version - HCANN000001: Hibernate Commons Annotations {5.1.2.Final}
12:54:58.530 [main] DEBUG o.hibernate.type.BasicTypeRegistry - Adding type registration boolean -> org.hibernate.type.BooleanType@ea9b7c6
12:54:58.530 [main] DEBUG o.hibernate.type.BasicTypeRegistry - Adding type registration boolean -> org.hibernate.type.BooleanType@ea9b7c6
12:54:58.530 [main] DEBUG o.hibernate.type.BasicTypeRegistry - Adding type registration java.lang.Boolean -> org.hibernate.type.BooleanType@ea9b7c6
12:54:58.531 [main] DEBUG o.hibernate.type.BasicTypeRegistry - Adding type registration numeric_boolean -> org.hibernate.type.NumericBooleanType@3fffff43
12:54:58.531 [main] DEBUG o.hibernate.type.BasicTypeRegistry - Adding type registration true_false -> org.hibernate.type.TrueFalseType@7b324585
12:54:58.531 [main] DEBUG o.hibernate.type.BasicTypeRegistry - Adding type registration yes_no -> org.hibernate.type.YesNoType@fd8294b
12:54:58.532 [main] DEBUG o.hibernate.type.BasicTypeRegistry - Adding type registration byte -> org.hibernate.type.ByteType@4fbda97b
12:54:58.532 [main] DEBUG o.hibernate.type.BasicTypeRegistry - Adding type registration byte -> org.hibernate.type.ByteType@4fbda97b
12:54:58.532 [main] DEBUG o.hibernate.type.BasicTypeRegistry - Adding type registration java.lang.Byte -> org.hibernate.type.ByteType@4fbda97b
12:54:58.532 [main] DEBUG o.hibernate.type.BasicTypeRegistry - Adding type registration character -> org.hibernate.type.CharacterType@354fc8f0
12:54:58.533 [main] DEBUG o.hibernate.type.BasicTypeRegistry - Adding type registration char -> org.hibernate.type.CharacterType@354fc8f0
12:54:58.533 [main] DEBUG o.hibernate.type.BasicTypeRegistry - Adding type registration java.lang.Character -> org.hibernate.type.CharacterType@354fc8f0
12:54:58.533 [main] DEBUG o.hibernate.type.BasicTypeRegistry - Adding type registration short -> org.hibernate.type.ShortType@a4b2d8f
12:54:58.533 [main] DEBUG o.hibernate.type.BasicTypeRegistry - Adding type registration short -> org.hibernate.type.ShortType@a4b2d8f
12:54:58.533 [main] DEBUG o.hibernate.type.BasicTypeRegistry - Adding type registration java.lang.Short -> org.hibernate.type.ShortType@a4b2d8f
12:54:58.534 [main] DEBUG o.hibernate.type.BasicTypeRegistry - Adding type registration integer -> org.hibernate.type.IntegerType@51cd7ffc
12:54:58.534 [main] DEBUG o.hibernate.type.BasicTypeRegistry - Adding type registration int -> org.hibernate.type.IntegerType@51cd7ffc
12:54:58.534 [main] DEBUG o.hibernate.type.BasicTypeRegistry - Adding type registration java.lang.Integer -> org.hibernate.type.IntegerType@51cd7ffc
12:54:58.534 [main] DEBUG o.hibernate.type.BasicTypeRegistry - Adding type registration long -> org.hibernate.type.LongType@590c73d3
12:54:58.535 [main] DEBUG o.hibernate.type.BasicTypeRegistry - Adding type registration long -> org.hibernate.type.LongType@590c73d3
12:54:58.535 [main] DEBUG o.hibernate.type.BasicTypeRegistry - Adding type registration java.lang.Long -> org.hibernate.type.LongType@590c73d3
12:54:58.535 [main] DEBUG o.hibernate.type.BasicTypeRegistry - Adding type registration float -> org.hibernate.type.FloatType@79da1ec0
12:54:58.535 [main] DEBUG o.hibernate.type.BasicTypeRegistry - Adding type registration float -> org.hibernate.type.FloatType@79da1ec0
12:54:58.535 [main] DEBUG o.hibernate.type.BasicTypeRegistry - Adding type registration java.lang.Float -> org.hibernate.type.FloatType@79da1ec0
12:54:58.536 [main] DEBUG o.hibernate.type.BasicTypeRegistry - Adding type registration double -> org.hibernate.type.DoubleType@66ce957f
12:54:58.536 [main] DEBUG o.hibernate.type.BasicTypeRegistry - Adding type registration double -> org.hibernate.type.DoubleType@66ce957f
12:54:58.536 [main] DEBUG o.hibernate.type.BasicTypeRegistry - Adding type registration java.lang.Double -> org.hibernate.type.DoubleType@66ce957f
12:54:58.536 [main] DEBUG o.hibernate.type.BasicTypeRegistry - Adding type registration big_decimal -> org.hibernate.type.BigDecimalType@3b220bcb
12:54:58.536 [main] DEBUG o.hibernate.type.BasicTypeRegistry - Adding type registration java.math.BigDecimal -> org.hibernate.type.BigDecimalType@3b220bcb
12:54:58.536 [main] DEBUG o.hibernate.type.BasicTypeRegistry - Adding type registration big_integer -> org.hibernate.type.BigIntegerType@13e3c1c7
12:54:58.536 [main] DEBUG o.hibernate.type.BasicTypeRegistry - Adding type registration java.math.BigInteger -> org.hibernate.type.BigIntegerType@13e3c1c7
12:54:58.537 [main] DEBUG o.hibernate.type.BasicTypeRegistry - Adding type registration string -> org.hibernate.type.StringType@1d8062d2
12:54:58.537 [main] DEBUG o.hibernate.type.BasicTypeRegistry - Adding type registration java.lang.String -> org.hibernate.type.StringType@1d8062d2
12:54:58.537 [main] DEBUG o.hibernate.type.BasicTypeRegistry - Adding type registration nstring -> org.hibernate.type.StringNVarcharType@285c08c8
12:54:58.537 [main] DEBUG o.hibernate.type.BasicTypeRegistry - Adding type registration ncharacter -> org.hibernate.type.CharacterNCharType@64dafeed
12:54:58.538 [main] DEBUG o.hibernate.type.BasicTypeRegistry - Adding type registration url -> org.hibernate.type.UrlType@6111ba37
12:54:58.538 [main] DEBUG o.hibernate.type.BasicTypeRegistry - Adding type registration java.net.URL -> org.hibernate.type.UrlType@6111ba37
12:54:58.538 [main] DEBUG o.hibernate.type.BasicTypeRegistry - Adding type registration Duration -> org.hibernate.type.DurationType@4721d212
12:54:58.538 [main] DEBUG o.hibernate.type.BasicTypeRegistry - Adding type registration java.time.Duration -> org.hibernate.type.DurationType@4721d212
12:54:58.539 [main] DEBUG o.hibernate.type.BasicTypeRegistry - Adding type registration Instant -> org.hibernate.type.InstantType@654d8173
12:54:58.539 [main] DEBUG o.hibernate.type.BasicTypeRegistry - Adding type registration java.time.Instant -> org.hibernate.type.InstantType@654d8173
12:54:58.540 [main] DEBUG o.hibernate.type.BasicTypeRegistry - Adding type registration LocalDateTime -> org.hibernate.type.LocalDateTimeType@239b0f9d
12:54:58.540 [main] DEBUG o.hibernate.type.BasicTypeRegistry - Adding type registration java.time.LocalDateTime -> org.hibernate.type.LocalDateTimeType@239b0f9d
12:54:58.540 [main] DEBUG o.hibernate.type.BasicTypeRegistry - Adding type registration LocalDate -> org.hibernate.type.LocalDateType@650eab8
12:54:58.540 [main] DEBUG o.hibernate.type.BasicTypeRegistry - Adding type registration java.time.LocalDate -> org.hibernate.type.LocalDateType@650eab8
12:54:58.541 [main] DEBUG o.hibernate.type.BasicTypeRegistry - Adding type registration LocalTime -> org.hibernate.type.LocalTimeType@f0e995e
12:54:58.541 [main] DEBUG o.hibernate.type.BasicTypeRegistry - Adding type registration java.time.LocalTime -> org.hibernate.type.LocalTimeType@f0e995e
12:54:58.541 [main] DEBUG o.hibernate.type.BasicTypeRegistry - Adding type registration OffsetDateTime -> org.hibernate.type.OffsetDateTimeType@50fe837a
12:54:58.542 [main] DEBUG o.hibernate.type.BasicTypeRegistry - Adding type registration java.time.OffsetDateTime -> org.hibernate.type.OffsetDateTimeType@50fe837a
12:54:58.542 [main] DEBUG o.hibernate.type.BasicTypeRegistry - Adding type registration OffsetTime -> org.hibernate.type.OffsetTimeType@1623134f
12:54:58.542 [main] DEBUG o.hibernate.type.BasicTypeRegistry - Adding type registration java.time.OffsetTime -> org.hibernate.type.OffsetTimeType@1623134f
12:54:58.543 [main] DEBUG o.hibernate.type.BasicTypeRegistry - Adding type registration ZonedDateTime -> org.hibernate.type.ZonedDateTimeType@5ad10c1a
12:54:58.543 [main] DEBUG o.hibernate.type.BasicTypeRegistry - Adding type registration java.time.ZonedDateTime -> org.hibernate.type.ZonedDateTimeType@5ad10c1a
12:54:58.544 [main] DEBUG o.hibernate.type.BasicTypeRegistry - Adding type registration date -> org.hibernate.type.DateType@15eebbff
12:54:58.544 [main] DEBUG o.hibernate.type.BasicTypeRegistry - Adding type registration java.sql.Date -> org.hibernate.type.DateType@15eebbff
12:54:58.544 [main] DEBUG o.hibernate.type.BasicTypeRegistry - Adding type registration time -> org.hibernate.type.TimeType@3e34ace1
12:54:58.544 [main] DEBUG o.hibernate.type.BasicTypeRegistry - Adding type registration java.sql.Time -> org.hibernate.type.TimeType@3e34ace1
12:54:58.546 [main] DEBUG o.hibernate.type.BasicTypeRegistry - Adding type registration timestamp -> org.hibernate.type.TimestampType@6cbcf243
12:54:58.546 [main] DEBUG o.hibernate.type.BasicTypeRegistry - Adding type registration java.sql.Timestamp -> org.hibernate.type.TimestampType@6cbcf243
12:54:58.546 [main] DEBUG o.hibernate.type.BasicTypeRegistry - Adding type registration java.util.Date -> org.hibernate.type.TimestampType@6cbcf243
12:54:58.547 [main] DEBUG o.hibernate.type.BasicTypeRegistry - Adding type registration dbtimestamp -> org.hibernate.type.DbTimestampType@38be305c
12:54:58.548 [main] DEBUG o.hibernate.type.BasicTypeRegistry - Adding type registration calendar -> org.hibernate.type.CalendarType@26a4842b
12:54:58.548 [main] DEBUG o.hibernate.type.BasicTypeRegistry - Adding type registration java.util.Calendar -> org.hibernate.type.CalendarType@26a4842b
12:54:58.548 [main] DEBUG o.hibernate.type.BasicTypeRegistry - Adding type registration java.util.GregorianCalendar -> org.hibernate.type.CalendarType@26a4842b
12:54:58.549 [main] DEBUG o.hibernate.type.BasicTypeRegistry - Adding type registration calendar_date -> org.hibernate.type.CalendarDateType@a5b0b86
12:54:58.549 [main] DEBUG o.hibernate.type.BasicTypeRegistry - Adding type registration calendar_time -> org.hibernate.type.CalendarTimeType@2611b9a3
12:54:58.549 [main] DEBUG o.hibernate.type.BasicTypeRegistry - Adding type registration locale -> org.hibernate.type.LocaleType@5b64c4b7
12:54:58.549 [main] DEBUG o.hibernate.type.BasicTypeRegistry - Adding type registration java.util.Locale -> org.hibernate.type.LocaleType@5b64c4b7
12:54:58.550 [main] DEBUG o.hibernate.type.BasicTypeRegistry - Adding type registration currency -> org.hibernate.type.CurrencyType@1252b961
12:54:58.550 [main] DEBUG o.hibernate.type.BasicTypeRegistry - Adding type registration java.util.Currency -> org.hibernate.type.CurrencyType@1252b961
12:54:58.550 [main] DEBUG o.hibernate.type.BasicTypeRegistry - Adding type registration timezone -> org.hibernate.type.TimeZoneType@4d098f9b
12:54:58.551 [main] DEBUG o.hibernate.type.BasicTypeRegistry - Adding type registration java.util.TimeZone -> org.hibernate.type.TimeZoneType@4d098f9b
12:54:58.551 [main] DEBUG o.hibernate.type.BasicTypeRegistry - Adding type registration class -> org.hibernate.type.ClassType@7b64240d
12:54:58.551 [main] DEBUG o.hibernate.type.BasicTypeRegistry - Adding type registration java.lang.Class -> org.hibernate.type.ClassType@7b64240d
12:54:58.551 [main] DEBUG o.hibernate.type.BasicTypeRegistry - Adding type registration uuid-binary -> org.hibernate.type.UUIDBinaryType@6d24ffa1
12:54:58.551 [main] DEBUG o.hibernate.type.BasicTypeRegistry - Adding type registration java.util.UUID -> org.hibernate.type.UUIDBinaryType@6d24ffa1
12:54:58.552 [main] DEBUG o.hibernate.type.BasicTypeRegistry - Adding type registration uuid-char -> org.hibernate.type.UUIDCharType@426b6a74
12:54:58.552 [main] DEBUG o.hibernate.type.BasicTypeRegistry - Adding type registration binary -> org.hibernate.type.BinaryType@7d3430a7
12:54:58.552 [main] DEBUG o.hibernate.type.BasicTypeRegistry - Adding type registration byte[] -> org.hibernate.type.BinaryType@7d3430a7
12:54:58.552 [main] DEBUG o.hibernate.type.BasicTypeRegistry - Adding type registration [B -> org.hibernate.type.BinaryType@7d3430a7
12:54:58.553 [main] DEBUG o.hibernate.type.BasicTypeRegistry - Adding type registration wrapper-binary -> org.hibernate.type.WrapperBinaryType@5536379e
12:54:58.553 [main] DEBUG o.hibernate.type.BasicTypeRegistry - Adding type registration Byte[] -> org.hibernate.type.WrapperBinaryType@5536379e
12:54:58.553 [main] DEBUG o.hibernate.type.BasicTypeRegistry - Adding type registration [Ljava.lang.Byte; -> org.hibernate.type.WrapperBinaryType@5536379e
12:54:58.553 [main] DEBUG o.hibernate.type.BasicTypeRegistry - Adding type registration row_version -> org.hibernate.type.RowVersionType@2b491fee
12:54:58.554 [main] DEBUG o.hibernate.type.BasicTypeRegistry - Adding type registration image -> org.hibernate.type.ImageType@3e8f7922
12:54:58.554 [main] DEBUG o.hibernate.type.BasicTypeRegistry - Adding type registration characters -> org.hibernate.type.CharArrayType@6ca0256d
12:54:58.554 [main] DEBUG o.hibernate.type.BasicTypeRegistry - Adding type registration char[] -> org.hibernate.type.CharArrayType@6ca0256d
12:54:58.554 [main] DEBUG o.hibernate.type.BasicTypeRegistry - Adding type registration [C -> org.hibernate.type.CharArrayType@6ca0256d
12:54:58.555 [main] DEBUG o.hibernate.type.BasicTypeRegistry - Adding type registration wrapper-characters -> org.hibernate.type.CharacterArrayType@e260766
12:54:58.555 [main] DEBUG o.hibernate.type.BasicTypeRegistry - Adding type registration [Ljava.lang.Character; -> org.hibernate.type.CharacterArrayType@e260766
12:54:58.555 [main] DEBUG o.hibernate.type.BasicTypeRegistry - Adding type registration Character[] -> org.hibernate.type.CharacterArrayType@e260766
12:54:58.555 [main] DEBUG o.hibernate.type.BasicTypeRegistry - Adding type registration text -> org.hibernate.type.TextType@7c56e013
12:54:58.556 [main] DEBUG o.hibernate.type.BasicTypeRegistry - Adding type registration ntext -> org.hibernate.type.NTextType@6731787b
12:54:58.557 [main] DEBUG o.hibernate.type.BasicTypeRegistry - Adding type registration blob -> org.hibernate.type.BlobType@2cb3d0f7
12:54:58.557 [main] DEBUG o.hibernate.type.BasicTypeRegistry - Adding type registration java.sql.Blob -> org.hibernate.type.BlobType@2cb3d0f7
12:54:58.557 [main] DEBUG o.hibernate.type.BasicTypeRegistry - Adding type registration materialized_blob -> org.hibernate.type.MaterializedBlobType@5860f3d7
12:54:58.558 [main] DEBUG o.hibernate.type.BasicTypeRegistry - Adding type registration clob -> org.hibernate.type.ClobType@67389cb8
12:54:58.558 [main] DEBUG o.hibernate.type.BasicTypeRegistry - Adding type registration java.sql.Clob -> org.hibernate.type.ClobType@67389cb8
12:54:58.558 [main] DEBUG o.hibernate.type.BasicTypeRegistry - Adding type registration nclob -> org.hibernate.type.NClobType@74e47444
12:54:58.558 [main] DEBUG o.hibernate.type.BasicTypeRegistry - Adding type registration java.sql.NClob -> org.hibernate.type.NClobType@74e47444
12:54:58.559 [main] DEBUG o.hibernate.type.BasicTypeRegistry - Adding type registration materialized_clob -> org.hibernate.type.MaterializedClobType@6e4de19b
12:54:58.559 [main] DEBUG o.hibernate.type.BasicTypeRegistry - Adding type registration materialized_nclob -> org.hibernate.type.MaterializedNClobType@1991f767
12:54:58.559 [main] DEBUG o.hibernate.type.BasicTypeRegistry - Adding type registration serializable -> org.hibernate.type.SerializableType@7db82169
12:54:58.561 [main] DEBUG o.hibernate.type.BasicTypeRegistry - Adding type registration object -> org.hibernate.type.ObjectType@3a94964
12:54:58.561 [main] DEBUG o.hibernate.type.BasicTypeRegistry - Adding type registration java.lang.Object -> org.hibernate.type.ObjectType@3a94964
12:54:58.561 [main] DEBUG o.hibernate.type.BasicTypeRegistry - Adding type registration imm_date -> org.hibernate.type.AdaptedImmutableType@2a3591c5
12:54:58.561 [main] DEBUG o.hibernate.type.BasicTypeRegistry - Adding type registration imm_time -> org.hibernate.type.AdaptedImmutableType@34a75079
12:54:58.561 [main] DEBUG o.hibernate.type.BasicTypeRegistry - Adding type registration imm_timestamp -> org.hibernate.type.AdaptedImmutableType@346a361
12:54:58.562 [main] DEBUG o.hibernate.type.BasicTypeRegistry - Adding type registration imm_dbtimestamp -> org.hibernate.type.AdaptedImmutableType@107ed6fc
12:54:58.562 [main] DEBUG o.hibernate.type.BasicTypeRegistry - Adding type registration imm_calendar -> org.hibernate.type.AdaptedImmutableType@1643d68f
12:54:58.562 [main] DEBUG o.hibernate.type.BasicTypeRegistry - Adding type registration imm_calendar_date -> org.hibernate.type.AdaptedImmutableType@186978a6
12:54:58.562 [main] DEBUG o.hibernate.type.BasicTypeRegistry - Adding type registration imm_binary -> org.hibernate.type.AdaptedImmutableType@2e029d61
12:54:58.562 [main] DEBUG o.hibernate.type.BasicTypeRegistry - Adding type registration imm_serializable -> org.hibernate.type.AdaptedImmutableType@482d776b
12:54:58.569 [main] DEBUG o.h.b.internal.BootstrapContextImpl - Injecting ScanEnvironment [org.hibernate.jpa.boot.internal.StandardJpaScanEnvironmentImpl@649725e3] into BootstrapContext; was [null]
12:54:58.569 [main] DEBUG o.h.b.internal.BootstrapContextImpl - Injecting ScanOptions [org.hibernate.boot.archive.scan.internal.StandardScanOptions@3c0fae6c] into BootstrapContext; was [org.hibernate.boot.archive.scan.internal.StandardScanOptions@4c168660]
12:54:58.604 [main] DEBUG o.h.b.internal.BootstrapContextImpl - Injecting JPA temp ClassLoader [null] into BootstrapContext; was [null]
12:54:58.604 [main] DEBUG o.h.b.internal.ClassLoaderAccessImpl - ClassLoaderAccessImpl#injectTempClassLoader(null) [was null]
12:54:58.610 [main] DEBUG o.h.i.f.i.DefaultIdentifierGeneratorFactory - Registering IdentifierGenerator strategy [uuid2] -> [org.hibernate.id.UUIDGenerator]
12:54:58.610 [main] DEBUG o.h.i.f.i.DefaultIdentifierGeneratorFactory - Registering IdentifierGenerator strategy [guid] -> [org.hibernate.id.GUIDGenerator]
12:54:58.610 [main] DEBUG o.h.i.f.i.DefaultIdentifierGeneratorFactory - Registering IdentifierGenerator strategy [uuid] -> [org.hibernate.id.UUIDHexGenerator]
12:54:58.611 [main] DEBUG o.h.i.f.i.DefaultIdentifierGeneratorFactory - Registering IdentifierGenerator strategy [uuid.hex] -> [org.hibernate.id.UUIDHexGenerator]
12:54:58.611 [main] DEBUG o.h.i.f.i.DefaultIdentifierGeneratorFactory - Registering IdentifierGenerator strategy [assigned] -> [org.hibernate.id.Assigned]
12:54:58.611 [main] DEBUG o.h.i.f.i.DefaultIdentifierGeneratorFactory - Registering IdentifierGenerator strategy [identity] -> [org.hibernate.id.IdentityGenerator]
12:54:58.612 [main] DEBUG o.h.i.f.i.DefaultIdentifierGeneratorFactory - Registering IdentifierGenerator strategy [select] -> [org.hibernate.id.SelectGenerator]
12:54:58.612 [main] DEBUG o.h.i.f.i.DefaultIdentifierGeneratorFactory - Registering IdentifierGenerator strategy [sequence] -> [org.hibernate.id.enhanced.SequenceStyleGenerator]
12:54:58.613 [main] DEBUG o.h.i.f.i.DefaultIdentifierGeneratorFactory - Registering IdentifierGenerator strategy [seqhilo] -> [org.hibernate.id.SequenceHiLoGenerator]
12:54:58.613 [main] DEBUG o.h.i.f.i.DefaultIdentifierGeneratorFactory - Registering IdentifierGenerator strategy [increment] -> [org.hibernate.id.IncrementGenerator]
12:54:58.613 [main] DEBUG o.h.i.f.i.DefaultIdentifierGeneratorFactory - Registering IdentifierGenerator strategy [foreign] -> [org.hibernate.id.ForeignGenerator]
12:54:58.613 [main] DEBUG o.h.i.f.i.DefaultIdentifierGeneratorFactory - Registering IdentifierGenerator strategy [sequence-identity] -> [org.hibernate.id.SequenceIdentityGenerator]
12:54:58.613 [main] DEBUG o.h.i.f.i.DefaultIdentifierGeneratorFactory - Registering IdentifierGenerator strategy [enhanced-sequence] -> [org.hibernate.id.enhanced.SequenceStyleGenerator]
12:54:58.614 [main] DEBUG o.h.i.f.i.DefaultIdentifierGeneratorFactory - Registering IdentifierGenerator strategy [enhanced-table] -> [org.hibernate.id.enhanced.TableGenerator]
12:54:58.616 [main] WARN  o.hibernate.orm.connections.pooling - HHH10001002: Using Hibernate built-in connection pool (not for production use!)
12:54:58.619 [main] INFO  o.hibernate.orm.connections.pooling - HHH10001005: using driver [org.postgresql.Driver] at URL [jdbc:postgresql://localhost:5432/BuildWeek]
12:54:58.619 [main] INFO  o.hibernate.orm.connections.pooling - HHH10001001: Connection properties: {password=root, user=postgres}
12:54:58.619 [main] INFO  o.hibernate.orm.connections.pooling - HHH10001003: Autocommit mode: false
12:54:58.621 [main] DEBUG o.h.e.j.c.i.DriverManagerConnectionProviderImpl - Initializing Connection pool with 1 Connections
12:54:58.621 [main] INFO  o.h.e.j.c.i.DriverManagerConnectionProviderImpl - HHH000115: Hibernate connection pool size: 20 (min=1)
12:54:58.776 [main] DEBUG o.h.e.j.e.i.JdbcEnvironmentInitiator - Database ->
       name : PostgreSQL
    version : 15.3
      major : 15
      minor : 3
12:54:58.776 [main] DEBUG o.h.e.j.e.i.JdbcEnvironmentInitiator - Driver ->
       name : PostgreSQL JDBC Driver
    version : 42.6.0
      major : 42
      minor : 6
12:54:58.776 [main] DEBUG o.h.e.j.e.i.JdbcEnvironmentInitiator - JDBC version : 4.2
12:54:58.782 [main] INFO  org.hibernate.dialect.Dialect - HHH000400: Using dialect: org.hibernate.dialect.PostgreSQLDialect
12:54:58.791 [main] DEBUG o.h.e.j.e.s.IdentifierHelperBuilder - JDBC driver metadata reported database stores quoted identifiers in neither upper, lower nor mixed case
12:54:58.808 [main] DEBUG o.hibernate.type.BasicTypeRegistry - Adding type registration pg-uuid -> org.hibernate.type.PostgresUUIDType@22fba58c
12:54:58.808 [main] DEBUG o.hibernate.type.BasicTypeRegistry - Adding type registration java.util.UUID -> org.hibernate.type.PostgresUUIDType@22fba58c
12:54:58.808 [main] DEBUG o.hibernate.type.BasicTypeRegistry - HHH000270: Type registration [java.util.UUID] overrides previous : org.hibernate.type.UUIDBinaryType@6d24ffa1
12:54:58.810 [main] DEBUG o.h.type.spi.TypeConfiguration$Scope - Scoping TypeConfiguration [org.hibernate.type.spi.TypeConfiguration@189b5fb1] to MetadataBuildingContext [org.hibernate.boot.internal.MetadataBuildingContextRootImpl@783ec989]
12:54:58.831 [main] DEBUG o.h.boot.model.relational.Namespace - Created database namespace [logicalName=Name{catalog=null, schema=null}, physicalName=Name{catalog=null, schema=null}]
12:54:58.838 [main] DEBUG org.hibernate.cfg.AnnotationBinder - Binding entity from annotated class: Abstract.TicketSeller
12:54:58.848 [main] DEBUG org.hibernate.cfg.Ejb3Column - Binding column: Ejb3DiscriminatorColumn{logicalColumnName'type', discriminatorTypeName='string'}
12:54:58.851 [main] DEBUG o.h.cfg.annotations.EntityBinder - Import with entity name TicketSeller
12:54:58.854 [main] DEBUG o.h.cfg.annotations.EntityBinder - Bind entity Abstract.TicketSeller on table TicketSeller
12:54:58.869 [main] DEBUG org.hibernate.cfg.Ejb3Column - Binding column: Ejb3Column{table=org.hibernate.mapping.Table(TicketSeller), mappingColumn=id, insertable=true, updatable=true, unique=false}
12:54:58.871 [main] DEBUG o.h.b.internal.ClassLoaderAccessImpl - Not known whether passed class name [Abstract.TicketSeller] is safe
12:54:58.871 [main] DEBUG o.h.b.internal.ClassLoaderAccessImpl - No temp ClassLoader provided; using live ClassLoader for loading potentially unsafe class : Abstract.TicketSeller
12:54:58.872 [main] DEBUG o.h.cfg.annotations.PropertyBinder - MetadataSourceProcessor property id with lazy=false
12:54:58.873 [main] DEBUG o.h.cfg.AbstractPropertyHolder - Attempting to locate auto-apply AttributeConverter for property [Abstract.TicketSeller:id]
12:54:58.874 [main] DEBUG o.h.c.annotations.SimpleValueBinder - building SimpleValue for id
12:54:58.874 [main] DEBUG o.h.cfg.annotations.PropertyBinder - Building property id
12:54:58.877 [main] DEBUG org.hibernate.cfg.BinderHelper - #makeIdGenerator(org.hibernate.mapping.SimpleValue([org.hibernate.mapping.Column(id)]), id, org.hibernate.id.enhanced.SequenceStyleGenerator, elCat_seq, ...)
12:54:58.878 [main] DEBUG org.hibernate.cfg.Ejb3Column - Binding column: Ejb3Column{table=org.hibernate.mapping.Table(TicketSeller), mappingColumn=seller_name, insertable=true, updatable=true, unique=false}
12:54:58.878 [main] DEBUG o.h.cfg.annotations.PropertyBinder - MetadataSourceProcessor property name with lazy=false
12:54:58.878 [main] DEBUG o.h.cfg.AbstractPropertyHolder - Attempting to locate auto-apply AttributeConverter for property [Abstract.TicketSeller:name]
12:54:58.878 [main] DEBUG o.h.c.annotations.SimpleValueBinder - building SimpleValue for name
12:54:58.878 [main] DEBUG o.h.cfg.annotations.PropertyBinder - Building property name
12:54:58.879 [main] DEBUG org.hibernate.cfg.Ejb3Column - Binding column: Ejb3JoinColumn{logicalColumnName='null', referencedColumn='null', mappedBy=''}
12:54:58.879 [main] DEBUG org.hibernate.cfg.Ejb3Column - Binding column: Ejb3Column{table=org.hibernate.mapping.Table(TicketSeller), mappingColumn=passes, insertable=true, updatable=true, unique=false}
12:54:58.880 [main] DEBUG org.hibernate.cfg.Ejb3Column - Binding column: Ejb3Column{table=org.hibernate.mapping.Table(TicketSeller), mappingColumn=null, insertable=true, updatable=true, unique=false}
12:54:58.885 [main] DEBUG org.hibernate.cfg.Ejb3Column - Binding column: Ejb3Column{table=org.hibernate.mapping.Table(TicketSeller), mappingColumn=element, insertable=true, updatable=true, unique=false}
12:54:58.885 [main] DEBUG org.hibernate.cfg.Ejb3Column - Binding column: Ejb3Column{table=org.hibernate.mapping.Table(TicketSeller), mappingColumn=passes_KEY, insertable=true, updatable=true, unique=false}
12:54:58.885 [main] DEBUG org.hibernate.cfg.Ejb3Column - Binding column: Ejb3JoinColumn{logicalColumnName='passes_KEY', referencedColumn='null', mappedBy='null'}
12:54:58.887 [main] DEBUG org.hibernate.cfg.Ejb3Column - Binding column: Ejb3JoinColumn{logicalColumnName='null', referencedColumn='null', mappedBy=''}
12:54:58.887 [main] DEBUG org.hibernate.cfg.Ejb3Column - Binding column: Ejb3JoinColumn{logicalColumnName='null', referencedColumn='null', mappedBy=''}
12:54:58.887 [main] DEBUG o.h.cfg.annotations.CollectionBinder - Collection role: Abstract.TicketSeller.passes
12:54:58.888 [main] DEBUG o.h.cfg.annotations.PropertyBinder - Building property passes
12:54:58.888 [main] DEBUG org.hibernate.cfg.Ejb3Column - Binding column: Ejb3JoinColumn{logicalColumnName='null', referencedColumn='null', mappedBy=''}
12:54:58.888 [main] DEBUG org.hibernate.cfg.Ejb3Column - Binding column: Ejb3Column{table=org.hibernate.mapping.Table(TicketSeller), mappingColumn=tickets, insertable=true, updatable=true, unique=false}
12:54:58.888 [main] DEBUG org.hibernate.cfg.Ejb3Column - Binding column: Ejb3Column{table=org.hibernate.mapping.Table(TicketSeller), mappingColumn=null, insertable=true, updatable=true, unique=false}
12:54:58.888 [main] DEBUG org.hibernate.cfg.Ejb3Column - Binding column: Ejb3Column{table=org.hibernate.mapping.Table(TicketSeller), mappingColumn=element, insertable=true, updatable=true, unique=false}
12:54:58.889 [main] DEBUG org.hibernate.cfg.Ejb3Column - Binding column: Ejb3Column{table=org.hibernate.mapping.Table(TicketSeller), mappingColumn=tickets_KEY, insertable=true, updatable=true, unique=false}
12:54:58.889 [main] DEBUG org.hibernate.cfg.Ejb3Column - Binding column: Ejb3JoinColumn{logicalColumnName='tickets_KEY', referencedColumn='null', mappedBy='null'}
12:54:58.889 [main] DEBUG org.hibernate.cfg.Ejb3Column - Binding column: Ejb3JoinColumn{logicalColumnName='null', referencedColumn='null', mappedBy=''}
12:54:58.889 [main] DEBUG org.hibernate.cfg.Ejb3Column - Binding column: Ejb3JoinColumn{logicalColumnName='null', referencedColumn='null', mappedBy=''}
12:54:58.889 [main] DEBUG o.h.cfg.annotations.CollectionBinder - Collection role: Abstract.TicketSeller.tickets
12:54:58.889 [main] DEBUG o.h.cfg.annotations.PropertyBinder - Building property tickets
12:54:58.892 [main] DEBUG org.hibernate.cfg.AnnotationBinder - Binding entity from annotated class: Classes.Card
12:54:58.892 [main] DEBUG org.hibernate.cfg.Ejb3Column - Binding column: Ejb3DiscriminatorColumn{logicalColumnName'DTYPE', discriminatorTypeName='string'}
12:54:58.892 [main] DEBUG o.h.cfg.annotations.EntityBinder - Import with entity name Card
12:54:58.892 [main] DEBUG o.h.cfg.annotations.EntityBinder - Bind entity Classes.Card on table Card
12:54:58.893 [main] DEBUG org.hibernate.cfg.Ejb3Column - Binding column: Ejb3Column{table=org.hibernate.mapping.Table(Card), mappingColumn=id, insertable=true, updatable=true, unique=false}
12:54:58.893 [main] DEBUG o.h.b.internal.ClassLoaderAccessImpl - Not known whether passed class name [Classes.Card] is safe
12:54:58.893 [main] DEBUG o.h.b.internal.ClassLoaderAccessImpl - No temp ClassLoader provided; using live ClassLoader for loading potentially unsafe class : Classes.Card
12:54:58.894 [main] DEBUG o.h.cfg.annotations.PropertyBinder - MetadataSourceProcessor property id with lazy=false
12:54:58.894 [main] DEBUG o.h.cfg.AbstractPropertyHolder - Attempting to locate auto-apply AttributeConverter for property [Classes.Card:id]
12:54:58.894 [main] DEBUG o.h.c.annotations.SimpleValueBinder - building SimpleValue for id
12:54:58.894 [main] DEBUG o.h.cfg.annotations.PropertyBinder - Building property id
12:54:58.894 [main] DEBUG org.hibernate.cfg.BinderHelper - #makeIdGenerator(org.hibernate.mapping.SimpleValue([org.hibernate.mapping.Column(id)]), id, identity, , ...)
12:54:58.894 [main] DEBUG org.hibernate.cfg.Ejb3Column - Binding column: Ejb3Column{table=org.hibernate.mapping.Table(Card), mappingColumn=emissionDate, insertable=true, updatable=true, unique=false}
12:54:58.894 [main] DEBUG o.h.cfg.annotations.PropertyBinder - MetadataSourceProcessor property emissionDate with lazy=false
12:54:58.894 [main] DEBUG o.h.cfg.AbstractPropertyHolder - Attempting to locate auto-apply AttributeConverter for property [Classes.Card:emissionDate]
12:54:58.894 [main] DEBUG o.h.c.annotations.SimpleValueBinder - building SimpleValue for emissionDate
12:54:58.894 [main] DEBUG o.h.cfg.annotations.PropertyBinder - Building property emissionDate
12:54:58.894 [main] DEBUG org.hibernate.cfg.Ejb3Column - Binding column: Ejb3Column{table=org.hibernate.mapping.Table(Card), mappingColumn=expirationDate, insertable=true, updatable=true, unique=false}
12:54:58.894 [main] DEBUG o.h.cfg.annotations.PropertyBinder - MetadataSourceProcessor property expirationDate with lazy=false
12:54:58.894 [main] DEBUG o.h.cfg.AbstractPropertyHolder - Attempting to locate auto-apply AttributeConverter for property [Classes.Card:expirationDate]
12:54:58.894 [main] DEBUG o.h.c.annotations.SimpleValueBinder - building SimpleValue for expirationDate
12:54:58.894 [main] DEBUG o.h.cfg.annotations.PropertyBinder - Building property expirationDate
12:54:58.895 [main] DEBUG org.hibernate.cfg.Ejb3Column - Binding column: Ejb3JoinColumn{logicalColumnName='null', referencedColumn='null', mappedBy='cardNum'}
12:54:58.895 [main] DEBUG org.hibernate.cfg.Ejb3Column - Binding column: Ejb3Column{table=org.hibernate.mapping.Table(Card), mappingColumn=person, insertable=true, updatable=true, unique=false}
12:54:58.896 [main] DEBUG org.hibernate.cfg.AnnotationBinder - Binding entity from annotated class: Classes.Person
12:54:58.896 [main] DEBUG org.hibernate.cfg.Ejb3Column - Binding column: Ejb3DiscriminatorColumn{logicalColumnName'DTYPE', discriminatorTypeName='string'}
12:54:58.896 [main] DEBUG o.h.cfg.annotations.EntityBinder - Import with entity name Person
12:54:58.896 [main] DEBUG o.h.cfg.annotations.EntityBinder - Bind entity Classes.Person on table Person
12:54:58.896 [main] DEBUG org.hibernate.cfg.Ejb3Column - Binding column: Ejb3Column{table=org.hibernate.mapping.Table(Person), mappingColumn=id, insertable=true, updatable=true, unique=false}
12:54:58.896 [main] DEBUG o.h.b.internal.ClassLoaderAccessImpl - Not known whether passed class name [Classes.Person] is safe
12:54:58.896 [main] DEBUG o.h.b.internal.ClassLoaderAccessImpl - No temp ClassLoader provided; using live ClassLoader for loading potentially unsafe class : Classes.Person
12:54:58.896 [main] DEBUG o.h.cfg.annotations.PropertyBinder - MetadataSourceProcessor property id with lazy=false
12:54:58.896 [main] DEBUG o.h.cfg.AbstractPropertyHolder - Attempting to locate auto-apply AttributeConverter for property [Classes.Person:id]
12:54:58.896 [main] DEBUG o.h.c.annotations.SimpleValueBinder - building SimpleValue for id
12:54:58.896 [main] DEBUG o.h.cfg.annotations.PropertyBinder - Building property id
12:54:58.896 [main] DEBUG org.hibernate.cfg.BinderHelper - #makeIdGenerator(org.hibernate.mapping.SimpleValue([org.hibernate.mapping.Column(id)]), id, identity, , ...)
12:54:58.896 [main] DEBUG org.hibernate.cfg.Ejb3Column - Binding column: Ejb3Column{table=org.hibernate.mapping.Table(Person), mappingColumn=birthdate, insertable=true, updatable=true, unique=false}
12:54:58.897 [main] DEBUG o.h.cfg.annotations.PropertyBinder - MetadataSourceProcessor property birthdate with lazy=false
12:54:58.897 [main] DEBUG o.h.cfg.AbstractPropertyHolder - Attempting to locate auto-apply AttributeConverter for property [Classes.Person:birthdate]
12:54:58.897 [main] DEBUG o.h.c.annotations.SimpleValueBinder - building SimpleValue for birthdate
12:54:58.897 [main] DEBUG o.h.cfg.annotations.PropertyBinder - Building property birthdate
12:54:58.897 [main] DEBUG org.hibernate.cfg.Ejb3Column - Binding column: Ejb3JoinColumn{logicalColumnName='null', referencedColumn='null', mappedBy=''}
12:54:58.897 [main] DEBUG org.hibernate.cfg.Ejb3Column - Binding column: Ejb3Column{table=org.hibernate.mapping.Table(Person), mappingColumn=cardNum, insertable=true, updatable=true, unique=false}
12:54:58.898 [main] DEBUG o.h.cfg.annotations.PropertyBinder - Building property cardNum
12:54:58.898 [main] DEBUG org.hibernate.cfg.Ejb3Column - Binding column: Ejb3Column{table=org.hibernate.mapping.Table(Person), mappingColumn=firstName, insertable=true, updatable=true, unique=false}
12:54:58.898 [main] DEBUG o.h.cfg.annotations.PropertyBinder - MetadataSourceProcessor property firstName with lazy=false
12:54:58.898 [main] DEBUG o.h.cfg.AbstractPropertyHolder - Attempting to locate auto-apply AttributeConverter for property [Classes.Person:firstName]
12:54:58.898 [main] DEBUG o.h.c.annotations.SimpleValueBinder - building SimpleValue for firstName
12:54:58.898 [main] DEBUG o.h.cfg.annotations.PropertyBinder - Building property firstName
12:54:58.898 [main] DEBUG org.hibernate.cfg.Ejb3Column - Binding column: Ejb3Column{table=org.hibernate.mapping.Table(Person), mappingColumn=lastName, insertable=true, updatable=true, unique=false}
12:54:58.898 [main] DEBUG o.h.cfg.annotations.PropertyBinder - MetadataSourceProcessor property lastName with lazy=false
12:54:58.898 [main] DEBUG o.h.cfg.AbstractPropertyHolder - Attempting to locate auto-apply AttributeConverter for property [Classes.Person:lastName]
12:54:58.898 [main] DEBUG o.h.c.annotations.SimpleValueBinder - building SimpleValue for lastName
12:54:58.898 [main] DEBUG o.h.cfg.annotations.PropertyBinder - Building property lastName
12:54:58.898 [main] DEBUG org.hibernate.cfg.AnnotationBinder - Binding entity from annotated class: Classes.Ticket
12:54:58.898 [main] DEBUG org.hibernate.cfg.Ejb3Column - Binding column: Ejb3DiscriminatorColumn{logicalColumnName'DTYPE', discriminatorTypeName='string'}
12:54:58.899 [main] DEBUG o.h.cfg.annotations.EntityBinder - Import with entity name Ticket
12:54:58.899 [main] DEBUG o.h.cfg.annotations.EntityBinder - Bind entity Classes.Ticket on table Ticket
12:54:58.900 [main] DEBUG org.hibernate.cfg.Ejb3Column - Binding column: Ejb3Column{table=org.hibernate.mapping.Table(Ticket), mappingColumn=id, insertable=true, updatable=true, unique=false}
12:54:58.900 [main] DEBUG o.h.b.internal.ClassLoaderAccessImpl - Not known whether passed class name [Classes.Ticket] is safe
12:54:58.900 [main] DEBUG o.h.b.internal.ClassLoaderAccessImpl - No temp ClassLoader provided; using live ClassLoader for loading potentially unsafe class : Classes.Ticket
12:54:58.900 [main] DEBUG o.h.cfg.annotations.PropertyBinder - MetadataSourceProcessor property id with lazy=false
12:54:58.900 [main] DEBUG o.h.cfg.AbstractPropertyHolder - Attempting to locate auto-apply AttributeConverter for property [Classes.Ticket:id]
12:54:58.900 [main] DEBUG o.h.c.annotations.SimpleValueBinder - building SimpleValue for id
12:54:58.900 [main] DEBUG o.h.cfg.annotations.PropertyBinder - Building property id
12:54:58.900 [main] DEBUG org.hibernate.cfg.BinderHelper - #makeIdGenerator(org.hibernate.mapping.SimpleValue([org.hibernate.mapping.Column(id)]), id, identity, , ...)
12:54:58.900 [main] DEBUG org.hibernate.cfg.Ejb3Column - Binding column: Ejb3JoinColumn{logicalColumnName='null', referencedColumn='null', mappedBy='null'}
12:54:58.900 [main] DEBUG org.hibernate.cfg.Ejb3Column - Binding column: Ejb3Column{table=org.hibernate.mapping.Table(Ticket), mappingColumn=seller, insertable=true, updatable=true, unique=false}
12:54:58.900 [main] DEBUG o.h.cfg.annotations.PropertyBinder - Building property seller
12:54:58.901 [main] DEBUG org.hibernate.cfg.AnnotationBinder - Binding entity from annotated class: Classes.Pass
12:54:58.901 [main] DEBUG o.h.cfg.annotations.EntityBinder - Import with entity name Pass
12:54:58.902 [main] DEBUG org.hibernate.cfg.Ejb3Column - Binding column: Ejb3JoinColumn{logicalColumnName='null', referencedColumn='null', mappedBy=''}
12:54:58.902 [main] DEBUG org.hibernate.cfg.Ejb3Column - Binding column: Ejb3Column{table=org.hibernate.mapping.Table(Ticket), mappingColumn=person, insertable=true, updatable=true, unique=false}
12:54:58.902 [main] DEBUG o.h.cfg.annotations.PropertyBinder - Building property person
12:54:58.902 [main] DEBUG org.hibernate.cfg.Ejb3Column - Binding column: Ejb3JoinColumn{logicalColumnName='null', referencedColumn='null', mappedBy='null'}
12:54:58.902 [main] DEBUG org.hibernate.cfg.Ejb3Column - Binding column: Ejb3Column{table=org.hibernate.mapping.Table(Ticket), mappingColumn=sellers, insertable=true, updatable=true, unique=false}
12:54:58.902 [main] DEBUG o.h.cfg.annotations.PropertyBinder - Building property sellers
12:54:58.902 [main] DEBUG org.hibernate.cfg.Ejb3Column - Binding column: Ejb3Column{table=org.hibernate.mapping.Table(Ticket), mappingColumn=validity, insertable=true, updatable=true, unique=false}
12:54:58.902 [main] DEBUG o.h.cfg.annotations.PropertyBinder - MetadataSourceProcessor property validity with lazy=false
12:54:58.902 [main] DEBUG o.h.cfg.AbstractPropertyHolder - Attempting to locate auto-apply AttributeConverter for property [Classes.Pass:validity]
12:54:58.903 [main] DEBUG o.h.c.annotations.SimpleValueBinder - building SimpleValue for validity
12:54:58.903 [main] DEBUG o.h.cfg.annotations.PropertyBinder - Building property validity
12:54:58.904 [main] DEBUG org.hibernate.cfg.AnnotationBinder - Binding entity from annotated class: Classes.Shop
12:54:58.904 [main] DEBUG o.h.cfg.annotations.EntityBinder - Import with entity name Shop
12:54:58.904 [main] DEBUG org.hibernate.cfg.AnnotationBinder - Skipping attribute [java.util.List : passes] as it was already processed as part of super hierarchy
12:54:58.904 [main] DEBUG org.hibernate.cfg.Ejb3Column - Binding column: Ejb3JoinColumn{logicalColumnName='null', referencedColumn='null', mappedBy=''}
12:54:58.904 [main] DEBUG org.hibernate.cfg.Ejb3Column - Binding column: Ejb3Column{table=org.hibernate.mapping.Table(TicketSeller), mappingColumn=people, insertable=true, updatable=true, unique=false}
12:54:58.904 [main] DEBUG org.hibernate.cfg.Ejb3Column - Binding column: Ejb3Column{table=org.hibernate.mapping.Table(TicketSeller), mappingColumn=null, insertable=true, updatable=true, unique=false}
12:54:58.904 [main] DEBUG org.hibernate.cfg.Ejb3Column - Binding column: Ejb3Column{table=org.hibernate.mapping.Table(TicketSeller), mappingColumn=element, insertable=true, updatable=true, unique=false}
12:54:58.904 [main] DEBUG org.hibernate.cfg.Ejb3Column - Binding column: Ejb3Column{table=org.hibernate.mapping.Table(TicketSeller), mappingColumn=people_KEY, insertable=true, updatable=true, unique=false}
12:54:58.904 [main] DEBUG org.hibernate.cfg.Ejb3Column - Binding column: Ejb3JoinColumn{logicalColumnName='people_KEY', referencedColumn='null', mappedBy='null'}
12:54:58.904 [main] DEBUG org.hibernate.cfg.Ejb3Column - Binding column: Ejb3JoinColumn{logicalColumnName='null', referencedColumn='null', mappedBy=''}
12:54:58.904 [main] DEBUG org.hibernate.cfg.Ejb3Column - Binding column: Ejb3JoinColumn{logicalColumnName='null', referencedColumn='null', mappedBy=''}
12:54:58.904 [main] DEBUG o.h.cfg.annotations.CollectionBinder - Collection role: Classes.Shop.people
12:54:58.904 [main] DEBUG o.h.cfg.annotations.PropertyBinder - Building property people
12:54:58.904 [main] DEBUG org.hibernate.cfg.AnnotationBinder - Skipping attribute [java.util.List : tickets] as it was already processed as part of super hierarchy
12:54:58.904 [main] DEBUG org.hibernate.cfg.AnnotationBinder - Binding entity from annotated class: Classes.VendingMachine
12:54:58.904 [main] DEBUG o.h.cfg.annotations.EntityBinder - Import with entity name VendingMachine
12:54:58.906 [main] DEBUG org.hibernate.cfg.Ejb3Column - Binding column: Ejb3Column{table=org.hibernate.mapping.Table(TicketSeller), mappingColumn=isWorking, insertable=true, updatable=true, unique=false}
12:54:58.906 [main] DEBUG o.h.cfg.annotations.PropertyBinder - MetadataSourceProcessor property isWorking with lazy=false
12:54:58.906 [main] DEBUG o.h.cfg.AbstractPropertyHolder - Attempting to locate auto-apply AttributeConverter for property [Classes.VendingMachine:isWorking]
12:54:58.906 [main] DEBUG o.h.c.annotations.SimpleValueBinder - building SimpleValue for isWorking
12:54:58.906 [main] DEBUG o.h.cfg.annotations.PropertyBinder - Building property isWorking
12:54:58.907 [main] DEBUG o.h.c.annotations.SimpleValueBinder - Starting fillSimpleValue for id
12:54:58.907 [main] DEBUG o.h.c.annotations.SimpleValueBinder - Starting fillSimpleValue for name
12:54:58.907 [main] DEBUG o.h.c.annotations.SimpleValueBinder - Starting fillSimpleValue for id
12:54:58.907 [main] DEBUG o.h.c.annotations.SimpleValueBinder - Starting fillSimpleValue for emissionDate
12:54:58.907 [main] DEBUG o.h.c.annotations.SimpleValueBinder - Starting fillSimpleValue for expirationDate
12:54:58.907 [main] DEBUG o.h.c.annotations.SimpleValueBinder - Starting fillSimpleValue for id
12:54:58.907 [main] DEBUG o.h.c.annotations.SimpleValueBinder - Starting fillSimpleValue for birthdate
12:54:58.907 [main] DEBUG o.h.c.annotations.SimpleValueBinder - Starting fillSimpleValue for firstName
12:54:58.907 [main] DEBUG o.h.c.annotations.SimpleValueBinder - Starting fillSimpleValue for lastName
12:54:58.907 [main] DEBUG o.h.c.annotations.SimpleValueBinder - Starting fillSimpleValue for id
12:54:58.907 [main] DEBUG o.h.c.annotations.SimpleValueBinder - Starting fillSimpleValue for validity
12:54:58.908 [main] DEBUG o.h.c.annotations.SimpleValueBinder - Starting fillSimpleValue for isWorking
12:54:58.911 [main] DEBUG org.hibernate.mapping.PrimaryKey - Forcing column [id] to be non-null as it is part of the primary key for table [ticketseller]
12:54:58.911 [main] DEBUG org.hibernate.mapping.PrimaryKey - Forcing column [id] to be non-null as it is part of the primary key for table [card]
12:54:58.911 [main] DEBUG org.hibernate.mapping.PrimaryKey - Forcing column [id] to be non-null as it is part of the primary key for table [person]
12:54:58.911 [main] DEBUG org.hibernate.mapping.PrimaryKey - Forcing column [id] to be non-null as it is part of the primary key for table [ticket]
12:54:58.911 [main] DEBUG o.hibernate.cfg.CollectionSecondPass - Second pass for collection: Classes.Shop.people
12:54:58.911 [main] DEBUG o.h.cfg.annotations.CollectionBinder - Binding a OneToMany: Classes.Shop.people through an association table
12:54:58.916 [main] DEBUG o.hibernate.cfg.CollectionSecondPass - Mapped collection key: Shop_id, element: people_id
12:54:58.916 [main] DEBUG o.hibernate.cfg.CollectionSecondPass - Second pass for collection: Abstract.TicketSeller.tickets
12:54:58.916 [main] DEBUG o.h.cfg.annotations.CollectionBinder - Binding a OneToMany: Abstract.TicketSeller.tickets through an association table
12:54:58.916 [main] DEBUG o.hibernate.cfg.CollectionSecondPass - Mapped collection key: TicketSeller_id, element: tickets_id
12:54:58.916 [main] DEBUG o.hibernate.cfg.CollectionSecondPass - Second pass for collection: Abstract.TicketSeller.passes
12:54:58.916 [main] DEBUG o.h.cfg.annotations.CollectionBinder - Binding a OneToMany: Abstract.TicketSeller.passes through an association table
12:54:58.916 [main] DEBUG o.hibernate.cfg.CollectionSecondPass - Mapped collection key: TicketSeller_id, element: passes_id
12:54:58.917 [main] DEBUG o.h.cfg.annotations.PropertyBinder - Building property person
12:54:58.917 [main] DEBUG o.h.b.i.InFlightMetadataCollectorImpl - Processing association property references
12:54:58.917 [main] DEBUG o.h.b.i.InFlightMetadataCollectorImpl - Resolving reference to class: Classes.Card
12:54:58.918 [main] DEBUG o.h.b.i.InFlightMetadataCollectorImpl - Resolving reference to class: Abstract.TicketSeller
12:54:58.918 [main] DEBUG o.h.b.i.InFlightMetadataCollectorImpl - Resolving reference to class: Classes.Person
12:54:58.918 [main] DEBUG o.h.b.i.InFlightMetadataCollectorImpl - Resolving reference to class: Abstract.TicketSeller
12:54:58.918 [main] DEBUG o.h.b.i.InFlightMetadataCollectorImpl - Resolving reference to class: Classes.Person
12:54:58.918 [main] DEBUG o.h.b.i.InFlightMetadataCollectorImpl - Resolving reference to class: Classes.Shop
12:54:58.918 [main] DEBUG o.h.b.i.InFlightMetadataCollectorImpl - Resolving reference to class: Classes.Ticket
12:54:58.919 [main] DEBUG o.h.b.i.InFlightMetadataCollectorImpl - Resolving reference to class: Abstract.TicketSeller
12:54:58.919 [main] DEBUG o.h.b.i.InFlightMetadataCollectorImpl - Resolving reference to class: Classes.Pass
12:54:58.920 [main] DEBUG o.h.b.i.InFlightMetadataCollectorImpl - Processing association property references
12:54:58.920 [main] DEBUG o.h.b.i.InFlightMetadataCollectorImpl - Resolving reference to class: Classes.Card
12:54:58.920 [main] DEBUG o.h.b.i.InFlightMetadataCollectorImpl - Resolving reference to class: Abstract.TicketSeller
12:54:58.920 [main] DEBUG o.h.b.i.InFlightMetadataCollectorImpl - Resolving reference to class: Classes.Person
12:54:58.920 [main] DEBUG o.h.b.i.InFlightMetadataCollectorImpl - Resolving reference to class: Abstract.TicketSeller
12:54:58.920 [main] DEBUG o.h.b.i.InFlightMetadataCollectorImpl - Resolving reference to class: Classes.Person
12:54:58.920 [main] DEBUG o.h.b.i.InFlightMetadataCollectorImpl - Resolving reference to class: Classes.Shop
12:54:58.920 [main] DEBUG o.h.b.i.InFlightMetadataCollectorImpl - Resolving reference to class: Classes.Ticket
12:54:58.920 [main] DEBUG o.h.b.i.InFlightMetadataCollectorImpl - Resolving reference to class: Abstract.TicketSeller
12:54:58.920 [main] DEBUG o.h.b.i.InFlightMetadataCollectorImpl - Resolving reference to class: Classes.Pass
12:54:58.947 [main] DEBUG o.h.internal.SessionFactoryImpl - Building session factory
12:54:58.948 [main] DEBUG org.hibernate.cfg.Settings - SessionFactory name : null
12:54:58.948 [main] DEBUG org.hibernate.cfg.Settings - Automatic flush during beforeCompletion(): enabled
12:54:58.948 [main] DEBUG org.hibernate.cfg.Settings - Automatic session close at end of transaction: disabled
12:54:58.948 [main] DEBUG org.hibernate.cfg.Settings - Statistics: disabled
12:54:58.948 [main] DEBUG org.hibernate.cfg.Settings - Deleted entity synthetic identifier rollback: disabled
12:54:58.948 [main] DEBUG org.hibernate.cfg.Settings - Default entity-mode: pojo
12:54:58.948 [main] DEBUG org.hibernate.cfg.Settings - Check Nullability in Core (should be disabled when Bean Validation is on): enabled
12:54:58.948 [main] DEBUG org.hibernate.cfg.Settings - Allow initialization of lazy state outside session : disabled
12:54:58.948 [main] DEBUG org.hibernate.cfg.Settings - Using BatchFetchStyle : LEGACY
12:54:58.948 [main] DEBUG org.hibernate.cfg.Settings - Default batch fetch size: -1
12:54:58.948 [main] DEBUG org.hibernate.cfg.Settings - Maximum outer join fetch depth: null
12:54:58.948 [main] DEBUG org.hibernate.cfg.Settings - Default null ordering: NONE
12:54:58.948 [main] DEBUG org.hibernate.cfg.Settings - Order SQL updates by primary key: disabled
12:54:58.948 [main] DEBUG org.hibernate.cfg.Settings - Order SQL inserts for batching: disabled
12:54:58.948 [main] DEBUG org.hibernate.cfg.Settings - multi-tenancy strategy : NONE
12:54:58.948 [main] DEBUG org.hibernate.cfg.Settings - JTA Track by Thread: enabled
12:54:58.948 [main] DEBUG org.hibernate.cfg.Settings - Query language substitutions: {}
12:54:58.948 [main] DEBUG org.hibernate.cfg.Settings - Named query checking : enabled
12:54:58.948 [main] DEBUG org.hibernate.cfg.Settings - Second-level cache: disabled
12:54:58.948 [main] DEBUG org.hibernate.cfg.Settings - Second-level query cache: disabled
12:54:58.948 [main] DEBUG org.hibernate.cfg.Settings - Second-level query cache factory: null
12:54:58.948 [main] DEBUG org.hibernate.cfg.Settings - Second-level cache region prefix: null
12:54:58.948 [main] DEBUG org.hibernate.cfg.Settings - Optimize second-level cache for minimal puts: disabled
12:54:58.948 [main] DEBUG org.hibernate.cfg.Settings - Structured second-level cache entries: disabled
12:54:58.948 [main] DEBUG org.hibernate.cfg.Settings - Second-level cache direct-reference entries: disabled
12:54:58.948 [main] DEBUG org.hibernate.cfg.Settings - Automatic eviction of collection cache: disabled
12:54:58.948 [main] DEBUG org.hibernate.cfg.Settings - JDBC batch size: 15
12:54:58.948 [main] DEBUG org.hibernate.cfg.Settings - JDBC batch updates for versioned data: enabled
12:54:58.948 [main] DEBUG org.hibernate.cfg.Settings - Scrollable result sets: enabled
12:54:58.948 [main] DEBUG org.hibernate.cfg.Settings - Wrap result sets: disabled
12:54:58.949 [main] DEBUG org.hibernate.cfg.Settings - JDBC3 getGeneratedKeys(): enabled
12:54:58.949 [main] DEBUG org.hibernate.cfg.Settings - JDBC result set fetch size: null
12:54:58.949 [main] DEBUG org.hibernate.cfg.Settings - Connection release mode: AFTER_TRANSACTION
12:54:58.949 [main] DEBUG org.hibernate.cfg.Settings - Generate SQL with comments: disabled
12:54:58.949 [main] DEBUG org.hibernate.cfg.Settings - JPA compliance - query : disabled
12:54:58.949 [main] DEBUG org.hibernate.cfg.Settings - JPA compliance - closed-handling : disabled
12:54:58.949 [main] DEBUG org.hibernate.cfg.Settings - JPA compliance - lists : disabled
12:54:58.949 [main] DEBUG org.hibernate.cfg.Settings - JPA compliance - transactions : disabled
12:54:58.954 [main] DEBUG o.h.b.internal.ClassLoaderAccessImpl - Not known whether passed class name [Classes.Pass] is safe
12:54:58.954 [main] DEBUG o.h.b.internal.ClassLoaderAccessImpl - No temp ClassLoader provided; using live ClassLoader for loading potentially unsafe class : Classes.Pass
12:54:58.954 [main] DEBUG o.h.b.internal.ClassLoaderAccessImpl - Not known whether passed class name [Classes.Shop] is safe
12:54:58.954 [main] DEBUG o.h.b.internal.ClassLoaderAccessImpl - No temp ClassLoader provided; using live ClassLoader for loading potentially unsafe class : Classes.Shop
12:54:58.954 [main] DEBUG o.h.b.internal.ClassLoaderAccessImpl - Not known whether passed class name [Classes.VendingMachine] is safe
12:54:58.955 [main] DEBUG o.h.b.internal.ClassLoaderAccessImpl - No temp ClassLoader provided; using live ClassLoader for loading potentially unsafe class : Classes.VendingMachine
12:54:58.981 [main] DEBUG o.h.s.i.SessionFactoryServiceRegistryImpl - EventListenerRegistry access via ServiceRegistry is deprecated.  Use `sessionFactory.getEventEngine().getListenerRegistry()` instead
12:54:58.982 [main] DEBUG o.h.s.i.SessionFactoryServiceRegistryImpl - EventListenerRegistry access via ServiceRegistry is deprecated.  Use `sessionFactory.getEventEngine().getListenerRegistry()` instead
12:54:58.990 [main] DEBUG o.h.internal.SessionFactoryImpl - Session factory constructed with filter configurations : {}
12:54:58.991 [main] DEBUG o.h.internal.SessionFactoryImpl - Instantiating session factory with properties: {java.specification.version=17, sun.cpu.isalist=amd64, sun.jnu.encoding=Cp1252, hibernate.dialect=org.hibernate.dialect.PostgreSQLDialect, java.class.path=C:\Users\total\Desktop\All\Epicode\fs0223-Luca-Sernicola-BackEnd\BuildWeek_4\target\classes;C:\Users\total\.m2\repository\ch\qos\logback\logback-classic\1.4.8\logback-classic-1.4.8.jar;C:\Users\total\.m2\repository\ch\qos\logback\logback-core\1.4.8\logback-core-1.4.8.jar;C:\Users\total\.m2\repository\org\slf4j\slf4j-api\2.0.7\slf4j-api-2.0.7.jar;C:\Users\total\.m2\repository\commons-io\commons-io\2.13.0\commons-io-2.13.0.jar;C:\Users\total\.m2\repository\org\postgresql\postgresql\42.6.0\postgresql-42.6.0.jar;C:\Users\total\.m2\repository\org\checkerframework\checker-qual\3.31.0\checker-qual-3.31.0.jar;C:\Users\total\.m2\repository\org\hibernate\hibernate-core\5.6.15.Final\hibernate-core-5.6.15.Final.jar;C:\Users\total\.m2\repository\org\jboss\logging\jboss-logging\3.4.3.Final\jboss-logging-3.4.3.Final.jar;C:\Users\total\.m2\repository\javax\persistence\javax.persistence-api\2.2\javax.persistence-api-2.2.jar;C:\Users\total\.m2\repository\net\bytebuddy\byte-buddy\1.12.18\byte-buddy-1.12.18.jar;C:\Users\total\.m2\repository\antlr\antlr\2.7.7\antlr-2.7.7.jar;C:\Users\total\.m2\repository\org\jboss\spec\javax\transaction\jboss-transaction-api_1.2_spec\1.1.1.Final\jboss-transaction-api_1.2_spec-1.1.1.Final.jar;C:\Users\total\.m2\repository\org\jboss\jandex\2.4.2.Final\jandex-2.4.2.Final.jar;C:\Users\total\.m2\repository\com\fasterxml\classmate\1.5.1\classmate-1.5.1.jar;C:\Users\total\.m2\repository\javax\activation\javax.activation-api\1.2.0\javax.activation-api-1.2.0.jar;C:\Users\total\.m2\repository\org\hibernate\common\hibernate-commons-annotations\5.1.2.Final\hibernate-commons-annotations-5.1.2.Final.jar;C:\Users\total\.m2\repository\javax\xml\bind\jaxb-api\2.3.1\jaxb-api-2.3.1.jar;C:\Users\total\.m2\repository\org\glassfish\jaxb\jaxb-runtime\2.3.1\jaxb-runtime-2.3.1.jar;C:\Users\total\.m2\repository\org\glassfish\jaxb\txw2\2.3.1\txw2-2.3.1.jar;C:\Users\total\.m2\repository\com\sun\istack\istack-commons-runtime\3.0.7\istack-commons-runtime-3.0.7.jar;C:\Users\total\.m2\repository\org\jvnet\staxex\stax-ex\1.8\stax-ex-1.8.jar;C:\Users\total\.m2\repository\com\sun\xml\fastinfoset\FastInfoset\1.2.15\FastInfoset-1.2.15.jar;C:\Users\total\Desktop\All\Epicode\fs0223-Luca-Sernicola-BackEnd\Homework_W3_D3\target\classes, java.vm.vendor=Eclipse Adoptium, sun.arch.data.model=64, user.variant=, java.vendor.url=https://adoptium.net/, user.timezone=Europe/Rome, javax.persistence.jdbc.url=jdbc:postgresql://localhost:5432/BuildWeek, javax.persistence.jdbc.user=****, java.vm.specification.version=17, os.name=Windows 11, jakarta.persistence.jdbc.password=****, sun.java.launcher=SUN_STANDARD, user.country=US, local.setting.IS_JTA_TXN_COORD=false, sun.boot.library.path=C:\Users\total\.p2\pool\plugins\org.eclipse.justj.openjdk.hotspot.jre.full.win32.x86_64_17.0.7.v20230425-1502\jre\bin, sun.java.command=MainClass.MainClass, jdk.debug=release, jakarta.persistence.jdbc.driver=org.postgresql.Driver, sun.cpu.endian=little, user.home=C:\Users\total, user.language=en, java.specification.vendor=Oracle Corporation, java.version.date=2023-04-18, java.home=C:\Users\total\.p2\pool\plugins\org.eclipse.justj.openjdk.hotspot.jre.full.win32.x86_64_17.0.7.v20230425-1502\jre, file.separator=\, java.vm.compressedOopsMode=Zero based, jakarta.persistence.jdbc.user=****, line.separator=
, hibernate.persistenceUnitName=BuildWeek_4, java.vm.specification.vendor=Oracle Corporation, java.specification.name=Java Platform API Specification, hibernate.transaction.coordinator_class=class org.hibernate.resource.transaction.backend.jdbc.internal.JdbcResourceLocalTransactionCoordinatorBuilderImpl, javax.persistence.jdbc.driver=org.postgresql.Driver, hibernate.hbm2ddl.auto=update, user.script=, sun.management.compiler=HotSpot 64-Bit Tiered Compilers, java.runtime.version=17.0.7+7, user.name=total, path.separator=;, hibernate.connection.username=****, os.version=10.0, java.runtime.name=OpenJDK Runtime Environment, hibernate.connection.url=jdbc:postgresql://localhost:5432/BuildWeek, file.encoding=UTF-8, hibernate.ejb.persistenceUnitName=BuildWeek_4, java.vm.name=OpenJDK 64-Bit Server VM, java.vendor.version=Temurin-17.0.7+7, hibernate.connection.driver_class=org.postgresql.Driver, java.vendor.url.bug=https://github.com/adoptium/adoptium-support/issues, java.io.tmpdir=C:\Users\total\AppData\Local\Temp\, java.version=17.0.7, user.dir=C:\Users\total\Desktop\All\Epicode\fs0223-Luca-Sernicola-BackEnd\BuildWeek_4, os.arch=amd64, java.vm.specification.name=Java Virtual Machine Specification, hibernate.connection.password=****, sun.os.patch.level=, jakarta.persistence.jdbc.url=jdbc:postgresql://localhost:5432/BuildWeek, hibernate.boot.CfgXmlAccessService.key=org.hibernate.boot.registry.StandardServiceRegistryBuilder$1@3e3861d7, native.encoding=Cp1252, java.library.path=C:\Users\total\.p2\pool\plugins\org.eclipse.justj.openjdk.hotspot.jre.full.win32.x86_64_17.0.7.v20230425-1502\jre\bin;C:\windows\Sun\Java\bin;C:\windows\system32;C:\windows;C:/Users/total/.p2/pool/plugins/org.eclipse.justj.openjdk.hotspot.jre.full.win32.x86_64_17.0.7.v20230425-1502/jre/bin/server;C:/Users/total/.p2/pool/plugins/org.eclipse.justj.openjdk.hotspot.jre.full.win32.x86_64_17.0.7.v20230425-1502/jre/bin;C:\Program Files\Eclipse Adoptium\jdk-17.0.7.7-hotspot\bin;C:\Program Files (x86)\NVIDIA Corporation\PhysX\Common;C:\windows\system32;C:\windows;C:\windows\System32\Wbem;C:\windows\System32\WindowsPowerShell\v1.0\;C:\windows\System32\OpenSSH\;C:\Program Files\Git\cmd;C:\Program Files\nodejs\;C:\Users\total\AppData\Local\Microsoft\WindowsApps;C:\Users\total\AppData\Local\Programs\Microsoft VS Code\bin;C:\Users\total\AppData\Roaming\npm;C:\Users\total\AppData\Local\GitHubDesktop\bin;C:\windows\System32;;., java.vendor=Eclipse Adoptium, java.vm.info=mixed mode, java.vm.version=17.0.7+7, hibernate.bytecode.use_reflection_optimizer=false, sun.io.unicode.encoding=UnicodeLittle, javax.persistence.jdbc.password=****, java.class.version=61.0}
12:54:58.999 [main] DEBUG o.h.secure.spi.JaccIntegrator - Skipping JACC integration as it was not enabled
12:54:59.003 [main] DEBUG org.hibernate.type.EnumType - Using ORDINAL-based conversion for Enum Enums.Validity
12:54:59.004 [main] DEBUG o.h.internal.SessionFactoryImpl - Instantiated session factory
12:54:59.004 [main] DEBUG o.h.type.spi.TypeConfiguration$Scope - Scoping TypeConfiguration [org.hibernate.type.spi.TypeConfiguration@189b5fb1] to SessionFactoryImpl [org.hibernate.internal.SessionFactoryImpl@1416cf9f]
12:54:59.038 [main] DEBUG o.h.b.internal.ClassLoaderAccessImpl - Not known whether passed class name [Abstract.TicketSeller] is safe
12:54:59.038 [main] DEBUG o.h.b.internal.ClassLoaderAccessImpl - No temp ClassLoader provided; using live ClassLoader for loading potentially unsafe class : Abstract.TicketSeller
12:54:59.040 [main] DEBUG o.h.b.internal.ClassLoaderAccessImpl - Not known whether passed class name [Classes.Shop] is safe
12:54:59.040 [main] DEBUG o.h.b.internal.ClassLoaderAccessImpl - No temp ClassLoader provided; using live ClassLoader for loading potentially unsafe class : Classes.Shop
12:54:59.040 [main] DEBUG o.h.b.internal.ClassLoaderAccessImpl - Not known whether passed class name [Classes.VendingMachine] is safe
12:54:59.040 [main] DEBUG o.h.b.internal.ClassLoaderAccessImpl - No temp ClassLoader provided; using live ClassLoader for loading potentially unsafe class : Classes.VendingMachine
12:54:59.145 [main] DEBUG o.hibernate.orm.bytecode.interceptor - To-one property `Classes.Card#person` was mapped with LAZY + NO_PROXY but the class was not enhanced
12:54:59.145 [main] DEBUG o.hibernate.orm.bytecode.interceptor - To-one property `Classes.Card#person` was mapped with LAZY + NO_PROXY but the class was not enhanced
12:54:59.145 [main] DEBUG o.h.b.internal.ClassLoaderAccessImpl - Not known whether passed class name [Classes.Card] is safe
12:54:59.145 [main] DEBUG o.h.b.internal.ClassLoaderAccessImpl - No temp ClassLoader provided; using live ClassLoader for loading potentially unsafe class : Classes.Card
12:54:59.154 [main] DEBUG o.hibernate.orm.bytecode.interceptor - To-one property `Classes.Card#person` was mapped with LAZY + NO_PROXY but the class was not enhanced
12:54:59.154 [main] DEBUG o.hibernate.orm.bytecode.interceptor - To-one property `Classes.Card#person` was mapped with LAZY + NO_PROXY but the class was not enhanced
12:54:59.154 [main] DEBUG o.hibernate.orm.bytecode.interceptor - To-one property `Classes.Person#cardNum` was mapped with LAZY + NO_PROXY but the class was not enhanced
12:54:59.154 [main] DEBUG o.hibernate.orm.bytecode.interceptor - To-one property `Classes.Person#cardNum` was mapped with LAZY + NO_PROXY but the class was not enhanced
12:54:59.154 [main] DEBUG o.h.b.internal.ClassLoaderAccessImpl - Not known whether passed class name [Classes.Person] is safe
12:54:59.154 [main] DEBUG o.h.b.internal.ClassLoaderAccessImpl - No temp ClassLoader provided; using live ClassLoader for loading potentially unsafe class : Classes.Person
12:54:59.160 [main] DEBUG o.hibernate.orm.bytecode.interceptor - To-one property `Classes.Person#cardNum` was mapped with LAZY + NO_PROXY but the class was not enhanced
12:54:59.160 [main] DEBUG o.hibernate.orm.bytecode.interceptor - To-one property `Classes.Person#cardNum` was mapped with LAZY + NO_PROXY but the class was not enhanced
12:54:59.160 [main] DEBUG o.hibernate.orm.bytecode.interceptor - To-one property `Classes.Ticket#seller` was mapped with LAZY + NO_PROXY but the class was not enhanced
12:54:59.160 [main] DEBUG o.hibernate.orm.bytecode.interceptor - To-one property `Classes.Ticket#seller` was mapped with LAZY + NO_PROXY but the class was not enhanced
12:54:59.160 [main] DEBUG o.hibernate.orm.bytecode.interceptor - To-one property `Classes.Pass#person` was mapped with LAZY + NO_PROXY but the class was not enhanced
12:54:59.160 [main] DEBUG o.hibernate.orm.bytecode.interceptor - To-one property `Classes.Pass#person` was mapped with LAZY + NO_PROXY but the class was not enhanced
12:54:59.161 [main] DEBUG o.hibernate.orm.bytecode.interceptor - To-one property `Classes.Pass#sellers` was mapped with LAZY + NO_PROXY but the class was not enhanced
12:54:59.161 [main] DEBUG o.hibernate.orm.bytecode.interceptor - To-one property `Classes.Pass#sellers` was mapped with LAZY + NO_PROXY but the class was not enhanced
12:54:59.161 [main] DEBUG o.h.b.internal.ClassLoaderAccessImpl - Not known whether passed class name [Classes.Pass] is safe
12:54:59.161 [main] DEBUG o.h.b.internal.ClassLoaderAccessImpl - No temp ClassLoader provided; using live ClassLoader for loading potentially unsafe class : Classes.Pass
12:54:59.167 [main] DEBUG o.hibernate.orm.bytecode.interceptor - To-one property `Classes.Ticket#seller` was mapped with LAZY + NO_PROXY but the class was not enhanced
12:54:59.167 [main] DEBUG o.hibernate.orm.bytecode.interceptor - To-one property `Classes.Pass#person` was mapped with LAZY + NO_PROXY but the class was not enhanced
12:54:59.167 [main] DEBUG o.hibernate.orm.bytecode.interceptor - To-one property `Classes.Pass#sellers` was mapped with LAZY + NO_PROXY but the class was not enhanced
12:54:59.167 [main] DEBUG o.hibernate.orm.bytecode.interceptor - To-one property `Classes.Ticket#seller` was mapped with LAZY + NO_PROXY but the class was not enhanced
12:54:59.167 [main] DEBUG o.hibernate.orm.bytecode.interceptor - To-one property `Classes.Pass#person` was mapped with LAZY + NO_PROXY but the class was not enhanced
12:54:59.167 [main] DEBUG o.hibernate.orm.bytecode.interceptor - To-one property `Classes.Pass#sellers` was mapped with LAZY + NO_PROXY but the class was not enhanced
12:54:59.171 [main] DEBUG o.hibernate.orm.bytecode.interceptor - To-one property `Classes.Ticket#seller` was mapped with LAZY + NO_PROXY but the class was not enhanced
12:54:59.171 [main] DEBUG o.hibernate.orm.bytecode.interceptor - To-one property `Classes.Ticket#seller` was mapped with LAZY + NO_PROXY but the class was not enhanced
12:54:59.172 [main] DEBUG o.h.b.internal.ClassLoaderAccessImpl - Not known whether passed class name [Classes.Ticket] is safe
12:54:59.172 [main] DEBUG o.h.b.internal.ClassLoaderAccessImpl - No temp ClassLoader provided; using live ClassLoader for loading potentially unsafe class : Classes.Ticket
12:54:59.176 [main] DEBUG o.hibernate.orm.bytecode.interceptor - To-one property `Classes.Ticket#seller` was mapped with LAZY + NO_PROXY but the class was not enhanced
12:54:59.176 [main] DEBUG o.hibernate.orm.bytecode.interceptor - To-one property `Classes.Ticket#seller` was mapped with LAZY + NO_PROXY but the class was not enhanced
12:54:59.176 [main] DEBUG o.hibernate.orm.bytecode.interceptor - To-one property `Classes.Pass#person` was mapped with LAZY + NO_PROXY but the class was not enhanced
12:54:59.176 [main] DEBUG o.hibernate.orm.bytecode.interceptor - To-one property `Classes.Pass#sellers` was mapped with LAZY + NO_PROXY but the class was not enhanced
12:54:59.186 [main] DEBUG o.h.p.c.AbstractCollectionPersister - Static SQL for collection: Abstract.TicketSeller.tickets
12:54:59.186 [main] DEBUG o.h.p.c.AbstractCollectionPersister -  Row insert: insert into TicketSeller_Ticket (TicketSeller_id, tickets_id) values (?, ?)
12:54:59.186 [main] DEBUG o.h.p.c.AbstractCollectionPersister -  Row update: update TicketSeller_Ticket set tickets_id=? where TicketSeller_id=? and tickets_id=?
12:54:59.186 [main] DEBUG o.h.p.c.AbstractCollectionPersister -  Row delete: delete from TicketSeller_Ticket where TicketSeller_id=? and tickets_id=?
12:54:59.186 [main] DEBUG o.h.p.c.AbstractCollectionPersister -  One-shot delete: delete from TicketSeller_Ticket where TicketSeller_id=?
12:54:59.186 [main] DEBUG o.h.p.c.AbstractCollectionPersister - Static SQL for collection: Abstract.TicketSeller.passes
12:54:59.186 [main] DEBUG o.h.p.c.AbstractCollectionPersister -  Row insert: insert into TicketSeller_Ticket (TicketSeller_id, passes_id) values (?, ?)
12:54:59.186 [main] DEBUG o.h.p.c.AbstractCollectionPersister -  Row update: update TicketSeller_Ticket set passes_id=? where TicketSeller_id=? and passes_id=?
12:54:59.186 [main] DEBUG o.h.p.c.AbstractCollectionPersister -  Row delete: delete from TicketSeller_Ticket where TicketSeller_id=? and passes_id=?
12:54:59.186 [main] DEBUG o.h.p.c.AbstractCollectionPersister -  One-shot delete: delete from TicketSeller_Ticket where TicketSeller_id=?
12:54:59.187 [main] DEBUG o.h.p.c.AbstractCollectionPersister - Static SQL for collection: Classes.Shop.people
12:54:59.187 [main] DEBUG o.h.p.c.AbstractCollectionPersister -  Row insert: insert into TicketSeller_Person (Shop_id, people_id) values (?, ?)
12:54:59.187 [main] DEBUG o.h.p.c.AbstractCollectionPersister -  Row update: update TicketSeller_Person set people_id=? where Shop_id=? and people_id=?
12:54:59.187 [main] DEBUG o.h.p.c.AbstractCollectionPersister -  Row delete: delete from TicketSeller_Person where Shop_id=? and people_id=?
12:54:59.187 [main] DEBUG o.h.p.c.AbstractCollectionPersister -  One-shot delete: delete from TicketSeller_Person where Shop_id=?
12:54:59.188 [main] DEBUG o.h.p.entity.AbstractEntityPersister - Static SQL for entity: Abstract.TicketSeller
12:54:59.188 [main] DEBUG o.h.p.entity.AbstractEntityPersister -  Version select: select id from TicketSeller where id =?
12:54:59.188 [main] DEBUG o.h.p.entity.AbstractEntityPersister -  Snapshot select: select ticketsell_.id, ticketsell_.seller_name as seller_n3_3_ from TicketSeller ticketsell_ where ticketsell_.id=?
12:54:59.188 [main] DEBUG o.h.p.entity.AbstractEntityPersister -  Insert 0: insert into TicketSeller (seller_name, type, id) values (?, 'TicketSeller', ?)
12:54:59.188 [main] DEBUG o.h.p.entity.AbstractEntityPersister -  Update 0: update TicketSeller set seller_name=? where id=?
12:54:59.188 [main] DEBUG o.h.p.entity.AbstractEntityPersister -  Delete 0: delete from TicketSeller where id=?
12:54:59.200 [main] DEBUG o.h.l.p.b.i.spaces.QuerySpacesImpl - Adding QuerySpace : uid = <gen:0> -> org.hibernate.loader.plan.build.internal.spaces.EntityQuerySpaceImpl@b5de58f]
12:54:59.201 [main] DEBUG o.h.p.w.spi.MetamodelGraphWalker - Visiting attribute path : name
12:54:59.201 [main] DEBUG o.h.p.w.spi.MetamodelGraphWalker - Visiting attribute path : passes
12:54:59.203 [main] DEBUG o.h.l.p.b.i.spaces.QuerySpacesImpl - Adding QuerySpace : uid = <gen:1> -> org.hibernate.loader.plan.build.internal.spaces.CollectionQuerySpaceImpl@40729f01]
12:54:59.204 [main] DEBUG o.h.l.p.b.i.spaces.QuerySpacesImpl - Adding QuerySpace : uid = <gen:2> -> org.hibernate.loader.plan.build.internal.spaces.EntityQuerySpaceImpl@f5cf29b]
12:54:59.204 [main] DEBUG o.h.p.w.spi.MetamodelGraphWalker - Visiting attribute path : tickets
12:54:59.204 [main] DEBUG o.h.l.p.b.i.spaces.QuerySpacesImpl - Adding QuerySpace : uid = <gen:3> -> org.hibernate.loader.plan.build.internal.spaces.CollectionQuerySpaceImpl@3d0cac1f]
12:54:59.204 [main] DEBUG o.h.l.p.b.i.spaces.QuerySpacesImpl - Adding QuerySpace : uid = <gen:4> -> org.hibernate.loader.plan.build.internal.spaces.EntityQuerySpaceImpl@3e8b3b79]
12:54:59.204 [main] DEBUG o.h.p.w.spi.MetamodelGraphWalker - Visiting attribute path : people
12:54:59.204 [main] DEBUG o.h.l.p.b.i.spaces.QuerySpacesImpl - Adding QuerySpace : uid = <gen:5> -> org.hibernate.loader.plan.build.internal.spaces.CollectionQuerySpaceImpl@d257579]
12:54:59.204 [main] DEBUG o.h.l.p.b.i.spaces.QuerySpacesImpl - Adding QuerySpace : uid = <gen:6> -> org.hibernate.loader.plan.build.internal.spaces.EntityQuerySpaceImpl@518ddd3b]
12:54:59.204 [main] DEBUG o.h.p.w.spi.MetamodelGraphWalker - Visiting attribute path : isWorking
12:54:59.204 [main] DEBUG o.h.l.p.b.i.FetchStyleLoadPlanBuildingAssociationVisitationStrategy - Building LoadPlan...
12:54:59.210 [main] DEBUG o.h.l.p.e.i.LoadQueryJoinAndFetchProcessor - processing queryspace <gen:0>
12:54:59.212 [main] DEBUG o.h.l.p.b.spi.LoadPlanTreePrinter - LoadPlan(entity=Abstract.TicketSeller)
    - Returns
       - EntityReturnImpl(entity=Abstract.TicketSeller, querySpaceUid=<gen:0>, path=Abstract.TicketSeller)
          - CollectionAttributeFetchImpl(collection=Abstract.TicketSeller.passes, querySpaceUid=<gen:1>, path=Abstract.TicketSeller.passes)
             - (collection element) CollectionFetchableElementEntityGraph(entity=Classes.Pass, querySpaceUid=<gen:2>, path=Abstract.TicketSeller.passes.<elements>)
          - CollectionAttributeFetchImpl(collection=Abstract.TicketSeller.tickets, querySpaceUid=<gen:3>, path=Abstract.TicketSeller.tickets)
             - (collection element) CollectionFetchableElementEntityGraph(entity=Classes.Ticket, querySpaceUid=<gen:4>, path=Abstract.TicketSeller.tickets.<elements>)
          - CollectionAttributeFetchImpl(collection=Classes.Shop.people, querySpaceUid=<gen:5>, path=Abstract.TicketSeller.people)
             - (collection element) CollectionFetchableElementEntityGraph(entity=Classes.Person, querySpaceUid=<gen:6>, path=Abstract.TicketSeller.people.<elements>)
    - QuerySpaces
       - EntityQuerySpaceImpl(uid=<gen:0>, entity=Abstract.TicketSeller)
          - SQL table alias mapping - ticketsell0_
          - alias suffix - 0_
          - suffixed key columns - {id2_3_0_}

12:54:59.213 [main] DEBUG o.h.loader.entity.plan.EntityLoader - Static select for entity Abstract.TicketSeller [NONE]: select ticketsell0_.id as id2_3_0_, ticketsell0_.seller_name as seller_n3_3_0_, ticketsell0_.isWorking as isworkin4_3_0_, ticketsell0_.type as type1_3_0_ from TicketSeller ticketsell0_ where ticketsell0_.id=?
12:54:59.214 [main] DEBUG o.h.p.entity.AbstractEntityPersister - Static SQL for entity: Classes.Card
12:54:59.214 [main] DEBUG o.h.p.entity.AbstractEntityPersister -  Version select: select id from Card where id =?
12:54:59.214 [main] DEBUG o.h.p.entity.AbstractEntityPersister -  Snapshot select: select card_.id, card_.emissionDate as emission2_0_, card_.expirationDate as expirati3_0_ from Card card_ where card_.id=?
12:54:59.214 [main] DEBUG o.h.p.entity.AbstractEntityPersister -  Insert 0: insert into Card (emissionDate, expirationDate, id) values (?, ?, ?)
12:54:59.214 [main] DEBUG o.h.p.entity.AbstractEntityPersister -  Update 0: update Card set emissionDate=?, expirationDate=? where id=?
12:54:59.214 [main] DEBUG o.h.p.entity.AbstractEntityPersister -  Delete 0: delete from Card where id=?
12:54:59.214 [main] DEBUG o.h.p.entity.AbstractEntityPersister -  Identity insert: insert into Card (emissionDate, expirationDate) values (?, ?)
12:54:59.214 [main] DEBUG o.h.l.p.b.i.spaces.QuerySpacesImpl - Adding QuerySpace : uid = <gen:0> -> org.hibernate.loader.plan.build.internal.spaces.EntityQuerySpaceImpl@12a2585b]
12:54:59.214 [main] DEBUG o.h.p.w.spi.MetamodelGraphWalker - Visiting attribute path : emissionDate
12:54:59.214 [main] DEBUG o.h.p.w.spi.MetamodelGraphWalker - Visiting attribute path : expirationDate
12:54:59.214 [main] DEBUG o.h.p.w.spi.MetamodelGraphWalker - Visiting attribute path : person
12:54:59.214 [main] DEBUG o.h.l.p.b.i.spaces.QuerySpacesImpl - Adding QuerySpace : uid = <gen:1> -> org.hibernate.loader.plan.build.internal.spaces.EntityQuerySpaceImpl@309cedb6]
12:54:59.215 [main] DEBUG o.h.p.w.spi.MetamodelGraphWalker - Visiting attribute path : person.birthdate
12:54:59.215 [main] DEBUG o.h.p.w.spi.MetamodelGraphWalker - Visiting attribute path : person.cardNum
12:54:59.215 [main] DEBUG o.h.p.w.spi.MetamodelGraphWalker - Property path deemed to be circular : person.cardNum
12:54:59.215 [main] DEBUG o.h.p.w.spi.MetamodelGraphWalker - Visiting attribute path : person.firstName
12:54:59.215 [main] DEBUG o.h.p.w.spi.MetamodelGraphWalker - Visiting attribute path : person.lastName
12:54:59.215 [main] DEBUG o.h.l.p.b.i.FetchStyleLoadPlanBuildingAssociationVisitationStrategy - Building LoadPlan...
12:54:59.215 [main] DEBUG o.h.l.p.e.i.LoadQueryJoinAndFetchProcessor - processing queryspace <gen:0>
12:54:59.215 [main] DEBUG o.h.l.p.b.spi.LoadPlanTreePrinter - LoadPlan(entity=Classes.Card)
    - Returns
       - EntityReturnImpl(entity=Classes.Card, querySpaceUid=<gen:0>, path=Classes.Card)
          - EntityAttributeFetchImpl(entity=Classes.Person, querySpaceUid=<gen:1>, path=Classes.Card.person)
    - QuerySpaces
       - EntityQuerySpaceImpl(uid=<gen:0>, entity=Classes.Card)
          - SQL table alias mapping - card0_
          - alias suffix - 0_
          - suffixed key columns - {id1_0_0_}
          - JOIN (JoinDefinedByMetadata(person)) : <gen:0> -> <gen:1>
             - EntityQuerySpaceImpl(uid=<gen:1>, entity=Classes.Person)
                - SQL table alias mapping - person1_
                - alias suffix - 1_
                - suffixed key columns - {id1_1_1_}

12:54:59.215 [main] DEBUG o.h.loader.entity.plan.EntityLoader - Static select for entity Classes.Card [NONE]: select card0_.id as id1_0_0_, card0_.emissionDate as emission2_0_0_, card0_.expirationDate as expirati3_0_0_, person1_.id as id1_1_1_, person1_.birthdate as birthdat2_1_1_, person1_.cardNum_id as cardnum_5_1_1_, person1_.firstName as firstnam3_1_1_, person1_.lastName as lastname4_1_1_ from Card card0_ left outer join Person person1_ on card0_.id=person1_.cardNum_id where card0_.id=?
12:54:59.216 [main] DEBUG o.h.p.entity.AbstractEntityPersister - Static SQL for entity: Classes.Person
12:54:59.216 [main] DEBUG o.h.p.entity.AbstractEntityPersister -  Version select: select id from Person where id =?
12:54:59.216 [main] DEBUG o.h.p.entity.AbstractEntityPersister -  Snapshot select: select person_.id, person_.birthdate as birthdat2_1_, person_.cardNum_id as cardnum_5_1_, person_.firstName as firstnam3_1_, person_.lastName as lastname4_1_ from Person person_ where person_.id=?
12:54:59.216 [main] DEBUG o.h.p.entity.AbstractEntityPersister -  Insert 0: insert into Person (birthdate, cardNum_id, firstName, lastName, id) values (?, ?, ?, ?, ?)
12:54:59.216 [main] DEBUG o.h.p.entity.AbstractEntityPersister -  Update 0: update Person set birthdate=?, cardNum_id=?, firstName=?, lastName=? where id=?
12:54:59.216 [main] DEBUG o.h.p.entity.AbstractEntityPersister -  Delete 0: delete from Person where id=?
12:54:59.216 [main] DEBUG o.h.p.entity.AbstractEntityPersister -  Identity insert: insert into Person (birthdate, cardNum_id, firstName, lastName) values (?, ?, ?, ?)
12:54:59.216 [main] DEBUG o.h.l.p.b.i.spaces.QuerySpacesImpl - Adding QuerySpace : uid = <gen:0> -> org.hibernate.loader.plan.build.internal.spaces.EntityQuerySpaceImpl@6d0be7ab]
12:54:59.216 [main] DEBUG o.h.p.w.spi.MetamodelGraphWalker - Visiting attribute path : birthdate
12:54:59.216 [main] DEBUG o.h.p.w.spi.MetamodelGraphWalker - Visiting attribute path : cardNum
12:54:59.216 [main] DEBUG o.h.l.p.b.i.spaces.QuerySpacesImpl - Adding QuerySpace : uid = <gen:1> -> org.hibernate.loader.plan.build.internal.spaces.EntityQuerySpaceImpl@6ef60295]
12:54:59.216 [main] DEBUG o.h.p.w.spi.MetamodelGraphWalker - Visiting attribute path : cardNum.emissionDate
12:54:59.216 [main] DEBUG o.h.p.w.spi.MetamodelGraphWalker - Visiting attribute path : cardNum.expirationDate
12:54:59.216 [main] DEBUG o.h.p.w.spi.MetamodelGraphWalker - Visiting attribute path : cardNum.person
12:54:59.216 [main] DEBUG o.h.p.w.spi.MetamodelGraphWalker - Property path deemed to be circular : cardNum.person
12:54:59.216 [main] DEBUG o.h.p.w.spi.MetamodelGraphWalker - Visiting attribute path : firstName
12:54:59.216 [main] DEBUG o.h.p.w.spi.MetamodelGraphWalker - Visiting attribute path : lastName
12:54:59.216 [main] DEBUG o.h.l.p.b.i.FetchStyleLoadPlanBuildingAssociationVisitationStrategy - Building LoadPlan...
12:54:59.216 [main] DEBUG o.h.l.p.e.i.LoadQueryJoinAndFetchProcessor - processing queryspace <gen:0>
12:54:59.216 [main] DEBUG o.h.l.p.b.spi.LoadPlanTreePrinter - LoadPlan(entity=Classes.Person)
    - Returns
       - EntityReturnImpl(entity=Classes.Person, querySpaceUid=<gen:0>, path=Classes.Person)
          - EntityAttributeFetchImpl(entity=Classes.Card, querySpaceUid=<gen:1>, path=Classes.Person.cardNum)
    - QuerySpaces
       - EntityQuerySpaceImpl(uid=<gen:0>, entity=Classes.Person)
          - SQL table alias mapping - person0_
          - alias suffix - 0_
          - suffixed key columns - {id1_1_0_}
          - JOIN (JoinDefinedByMetadata(cardNum)) : <gen:0> -> <gen:1>
             - EntityQuerySpaceImpl(uid=<gen:1>, entity=Classes.Card)
                - SQL table alias mapping - card1_
                - alias suffix - 1_
                - suffixed key columns - {id1_0_1_}

12:54:59.216 [main] DEBUG o.h.loader.entity.plan.EntityLoader - Static select for entity Classes.Person [NONE]: select person0_.id as id1_1_0_, person0_.birthdate as birthdat2_1_0_, person0_.cardNum_id as cardnum_5_1_0_, person0_.firstName as firstnam3_1_0_, person0_.lastName as lastname4_1_0_, card1_.id as id1_0_1_, card1_.emissionDate as emission2_0_1_, card1_.expirationDate as expirati3_0_1_ from Person person0_ left outer join Card card1_ on person0_.cardNum_id=card1_.id where person0_.id=?
12:54:59.221 [main] DEBUG org.hibernate.loader.Loader - Static select for entity Classes.Person [NONE]: select person0_.id as id1_1_1_, person0_.birthdate as birthdat2_1_1_, person0_.cardNum_id as cardnum_5_1_1_, person0_.firstName as firstnam3_1_1_, person0_.lastName as lastname4_1_1_, card1_.id as id1_0_0_, card1_.emissionDate as emission2_0_0_, card1_.expirationDate as expirati3_0_0_ from Person person0_ left outer join Card card1_ on person0_.cardNum_id=card1_.id where person0_.cardNum_id=?
12:54:59.221 [main] DEBUG o.h.p.entity.AbstractEntityPersister - Static SQL for entity: Classes.Pass
12:54:59.221 [main] DEBUG o.h.p.entity.AbstractEntityPersister -  Version select: select id from Ticket where id =?
12:54:59.221 [main] DEBUG o.h.p.entity.AbstractEntityPersister -  Snapshot select: select pass_.id, pass_.seller_id as seller_i4_2_, pass_.person_id as person_i5_2_, pass_.sellers_id as sellers_6_2_, pass_.validity as validity3_2_ from Ticket pass_ where pass_.id=?
12:54:59.221 [main] DEBUG o.h.p.entity.AbstractEntityPersister -  Insert 0: insert into Ticket (seller_id, person_id, sellers_id, validity, DTYPE, id) values (?, ?, ?, ?, 'Pass', ?)
12:54:59.222 [main] DEBUG o.h.p.entity.AbstractEntityPersister -  Update 0: update Ticket set seller_id=?, person_id=?, sellers_id=?, validity=? where id=?
12:54:59.222 [main] DEBUG o.h.p.entity.AbstractEntityPersister -  Delete 0: delete from Ticket where id=?
12:54:59.222 [main] DEBUG o.h.p.entity.AbstractEntityPersister -  Identity insert: insert into Ticket (seller_id, person_id, sellers_id, validity, DTYPE) values (?, ?, ?, ?, 'Pass')
12:54:59.222 [main] DEBUG o.h.l.p.b.i.spaces.QuerySpacesImpl - Adding QuerySpace : uid = <gen:0> -> org.hibernate.loader.plan.build.internal.spaces.EntityQuerySpaceImpl@73aeef7d]
12:54:59.222 [main] DEBUG o.h.p.w.spi.MetamodelGraphWalker - Visiting attribute path : seller
12:54:59.222 [main] DEBUG o.h.l.p.b.i.spaces.QuerySpacesImpl - Adding QuerySpace : uid = <gen:1> -> org.hibernate.loader.plan.build.internal.spaces.EntityQuerySpaceImpl@58af5076]
12:54:59.222 [main] DEBUG o.h.p.w.spi.MetamodelGraphWalker - Visiting attribute path : seller.name
12:54:59.222 [main] DEBUG o.h.p.w.spi.MetamodelGraphWalker - Visiting attribute path : seller.passes
12:54:59.222 [main] DEBUG o.h.l.p.b.i.spaces.QuerySpacesImpl - Adding QuerySpace : uid = <gen:2> -> org.hibernate.loader.plan.build.internal.spaces.CollectionQuerySpaceImpl@4d9754a8]
12:54:59.222 [main] DEBUG o.h.l.p.b.i.spaces.QuerySpacesImpl - Adding QuerySpace : uid = <gen:3> -> org.hibernate.loader.plan.build.internal.spaces.EntityQuerySpaceImpl@7a3b7122]
12:54:59.222 [main] DEBUG o.h.p.w.spi.MetamodelGraphWalker - Visiting attribute path : seller.tickets
12:54:59.222 [main] DEBUG o.h.l.p.b.i.spaces.QuerySpacesImpl - Adding QuerySpace : uid = <gen:4> -> org.hibernate.loader.plan.build.internal.spaces.CollectionQuerySpaceImpl@58b5a2f3]
12:54:59.222 [main] DEBUG o.h.l.p.b.i.spaces.QuerySpacesImpl - Adding QuerySpace : uid = <gen:5> -> org.hibernate.loader.plan.build.internal.spaces.EntityQuerySpaceImpl@25f15f50]
12:54:59.222 [main] DEBUG o.h.p.w.spi.MetamodelGraphWalker - Visiting attribute path : seller.people
12:54:59.222 [main] DEBUG o.h.l.p.b.i.spaces.QuerySpacesImpl - Adding QuerySpace : uid = <gen:6> -> org.hibernate.loader.plan.build.internal.spaces.CollectionQuerySpaceImpl@52b46d52]
12:54:59.222 [main] DEBUG o.h.l.p.b.i.spaces.QuerySpacesImpl - Adding QuerySpace : uid = <gen:7> -> org.hibernate.loader.plan.build.internal.spaces.EntityQuerySpaceImpl@7327a447]
12:54:59.222 [main] DEBUG o.h.p.w.spi.MetamodelGraphWalker - Visiting attribute path : seller.isWorking
12:54:59.222 [main] DEBUG o.h.p.w.spi.MetamodelGraphWalker - Visiting attribute path : person
12:54:59.222 [main] DEBUG o.h.l.p.b.i.spaces.QuerySpacesImpl - Adding QuerySpace : uid = <gen:8> -> org.hibernate.loader.plan.build.internal.spaces.EntityQuerySpaceImpl@67022ea]
12:54:59.222 [main] DEBUG o.h.p.w.spi.MetamodelGraphWalker - Visiting attribute path : person.birthdate
12:54:59.222 [main] DEBUG o.h.p.w.spi.MetamodelGraphWalker - Visiting attribute path : person.cardNum
12:54:59.222 [main] DEBUG o.h.l.p.b.i.spaces.QuerySpacesImpl - Adding QuerySpace : uid = <gen:9> -> org.hibernate.loader.plan.build.internal.spaces.EntityQuerySpaceImpl@58fbd02e]
12:54:59.222 [main] DEBUG o.h.p.w.spi.MetamodelGraphWalker - Visiting attribute path : person.cardNum.emissionDate
12:54:59.222 [main] DEBUG o.h.p.w.spi.MetamodelGraphWalker - Visiting attribute path : person.cardNum.expirationDate
12:54:59.222 [main] DEBUG o.h.p.w.spi.MetamodelGraphWalker - Visiting attribute path : person.cardNum.person
12:54:59.222 [main] DEBUG o.h.p.w.spi.MetamodelGraphWalker - Property path deemed to be circular : person.cardNum.person
12:54:59.222 [main] DEBUG o.h.p.w.spi.MetamodelGraphWalker - Visiting attribute path : person.firstName
12:54:59.222 [main] DEBUG o.h.p.w.spi.MetamodelGraphWalker - Visiting attribute path : person.lastName
12:54:59.222 [main] DEBUG o.h.p.w.spi.MetamodelGraphWalker - Visiting attribute path : sellers
12:54:59.222 [main] DEBUG o.h.l.p.b.i.spaces.QuerySpacesImpl - Adding QuerySpace : uid = <gen:10> -> org.hibernate.loader.plan.build.internal.spaces.EntityQuerySpaceImpl@11d045b4]
12:54:59.222 [main] DEBUG o.h.p.w.spi.MetamodelGraphWalker - Visiting attribute path : sellers.name
12:54:59.223 [main] DEBUG o.h.p.w.spi.MetamodelGraphWalker - Visiting attribute path : sellers.passes
12:54:59.223 [main] DEBUG o.h.l.p.b.i.spaces.QuerySpacesImpl - Adding QuerySpace : uid = <gen:11> -> org.hibernate.loader.plan.build.internal.spaces.CollectionQuerySpaceImpl@1943c1f2]
12:54:59.223 [main] DEBUG o.h.l.p.b.i.spaces.QuerySpacesImpl - Adding QuerySpace : uid = <gen:12> -> org.hibernate.loader.plan.build.internal.spaces.EntityQuerySpaceImpl@d70f722]
12:54:59.223 [main] DEBUG o.h.p.w.spi.MetamodelGraphWalker - Visiting attribute path : sellers.tickets
12:54:59.223 [main] DEBUG o.h.l.p.b.i.spaces.QuerySpacesImpl - Adding QuerySpace : uid = <gen:13> -> org.hibernate.loader.plan.build.internal.spaces.CollectionQuerySpaceImpl@1e1eeedd]
12:54:59.223 [main] DEBUG o.h.l.p.b.i.spaces.QuerySpacesImpl - Adding QuerySpace : uid = <gen:14> -> org.hibernate.loader.plan.build.internal.spaces.EntityQuerySpaceImpl@798256c5]
12:54:59.223 [main] DEBUG o.h.p.w.spi.MetamodelGraphWalker - Visiting attribute path : sellers.people
12:54:59.223 [main] DEBUG o.h.l.p.b.i.spaces.QuerySpacesImpl - Adding QuerySpace : uid = <gen:15> -> org.hibernate.loader.plan.build.internal.spaces.CollectionQuerySpaceImpl@7ec95456]
12:54:59.223 [main] DEBUG o.h.l.p.b.i.spaces.QuerySpacesImpl - Adding QuerySpace : uid = <gen:16> -> org.hibernate.loader.plan.build.internal.spaces.EntityQuerySpaceImpl@748a654a]
12:54:59.223 [main] DEBUG o.h.p.w.spi.MetamodelGraphWalker - Visiting attribute path : sellers.isWorking
12:54:59.223 [main] DEBUG o.h.p.w.spi.MetamodelGraphWalker - Visiting attribute path : validity
12:54:59.223 [main] DEBUG o.h.l.p.b.i.FetchStyleLoadPlanBuildingAssociationVisitationStrategy - Building LoadPlan...
12:54:59.223 [main] DEBUG o.h.l.p.e.i.LoadQueryJoinAndFetchProcessor - processing queryspace <gen:0>
12:54:59.224 [main] DEBUG o.h.l.p.b.spi.LoadPlanTreePrinter - LoadPlan(entity=Classes.Pass)
    - Returns
       - EntityReturnImpl(entity=Classes.Pass, querySpaceUid=<gen:0>, path=Classes.Pass)
          - EntityAttributeFetchImpl(entity=Abstract.TicketSeller, querySpaceUid=<gen:1>, path=Classes.Pass.seller)
             - CollectionAttributeFetchImpl(collection=Abstract.TicketSeller.passes, querySpaceUid=<gen:2>, path=Classes.Pass.seller.passes)
                - (collection element) CollectionFetchableElementEntityGraph(entity=Classes.Pass, querySpaceUid=<gen:3>, path=Classes.Pass.seller.passes.<elements>)
             - CollectionAttributeFetchImpl(collection=Abstract.TicketSeller.tickets, querySpaceUid=<gen:4>, path=Classes.Pass.seller.tickets)
                - (collection element) CollectionFetchableElementEntityGraph(entity=Classes.Ticket, querySpaceUid=<gen:5>, path=Classes.Pass.seller.tickets.<elements>)
             - CollectionAttributeFetchImpl(collection=Classes.Shop.people, querySpaceUid=<gen:6>, path=Classes.Pass.seller.people)
                - (collection element) CollectionFetchableElementEntityGraph(entity=Classes.Person, querySpaceUid=<gen:7>, path=Classes.Pass.seller.people.<elements>)
          - EntityAttributeFetchImpl(entity=Classes.Person, querySpaceUid=<gen:8>, path=Classes.Pass.person)
             - EntityAttributeFetchImpl(entity=Classes.Card, querySpaceUid=<gen:9>, path=Classes.Pass.person.cardNum)
          - EntityAttributeFetchImpl(entity=Abstract.TicketSeller, querySpaceUid=<gen:10>, path=Classes.Pass.sellers)
             - CollectionAttributeFetchImpl(collection=Abstract.TicketSeller.passes, querySpaceUid=<gen:11>, path=Classes.Pass.sellers.passes)
                - (collection element) CollectionFetchableElementEntityGraph(entity=Classes.Pass, querySpaceUid=<gen:12>, path=Classes.Pass.sellers.passes.<elements>)
             - CollectionAttributeFetchImpl(collection=Abstract.TicketSeller.tickets, querySpaceUid=<gen:13>, path=Classes.Pass.sellers.tickets)
                - (collection element) CollectionFetchableElementEntityGraph(entity=Classes.Ticket, querySpaceUid=<gen:14>, path=Classes.Pass.sellers.tickets.<elements>)
             - CollectionAttributeFetchImpl(collection=Classes.Shop.people, querySpaceUid=<gen:15>, path=Classes.Pass.sellers.people)
                - (collection element) CollectionFetchableElementEntityGraph(entity=Classes.Person, querySpaceUid=<gen:16>, path=Classes.Pass.sellers.people.<elements>)
    - QuerySpaces
       - EntityQuerySpaceImpl(uid=<gen:0>, entity=Classes.Pass)
          - SQL table alias mapping - pass0_
          - alias suffix - 0_
          - suffixed key columns - {id2_2_0_}
          - JOIN (JoinDefinedByMetadata(seller)) : <gen:0> -> <gen:1>
             - EntityQuerySpaceImpl(uid=<gen:1>, entity=Abstract.TicketSeller)
                - SQL table alias mapping - ticketsell1_
                - alias suffix - 1_
                - suffixed key columns - {id2_3_1_}
          - JOIN (JoinDefinedByMetadata(person)) : <gen:0> -> <gen:8>
             - EntityQuerySpaceImpl(uid=<gen:8>, entity=Classes.Person)
                - SQL table alias mapping - person2_
                - alias suffix - 2_
                - suffixed key columns - {id1_1_2_}
                - JOIN (JoinDefinedByMetadata(cardNum)) : <gen:8> -> <gen:9>
                   - EntityQuerySpaceImpl(uid=<gen:9>, entity=Classes.Card)
                      - SQL table alias mapping - card3_
                      - alias suffix - 3_
                      - suffixed key columns - {id1_0_3_}
          - JOIN (JoinDefinedByMetadata(sellers)) : <gen:0> -> <gen:10>
             - EntityQuerySpaceImpl(uid=<gen:10>, entity=Abstract.TicketSeller)
                - SQL table alias mapping - ticketsell4_
                - alias suffix - 4_
                - suffixed key columns - {id2_3_4_}

12:54:59.224 [main] DEBUG o.h.loader.entity.plan.EntityLoader - Static select for entity Classes.Pass [NONE]: select pass0_.id as id2_2_0_, pass0_.seller_id as seller_i4_2_0_, pass0_.person_id as person_i5_2_0_, pass0_.sellers_id as sellers_6_2_0_, pass0_.validity as validity3_2_0_, ticketsell1_.id as id2_3_1_, ticketsell1_.seller_name as seller_n3_3_1_, ticketsell1_.isWorking as isworkin4_3_1_, ticketsell1_.type as type1_3_1_, person2_.id as id1_1_2_, person2_.birthdate as birthdat2_1_2_, person2_.cardNum_id as cardnum_5_1_2_, person2_.firstName as firstnam3_1_2_, person2_.lastName as lastname4_1_2_, card3_.id as id1_0_3_, card3_.emissionDate as emission2_0_3_, card3_.expirationDate as expirati3_0_3_, ticketsell4_.id as id2_3_4_, ticketsell4_.seller_name as seller_n3_3_4_, ticketsell4_.isWorking as isworkin4_3_4_, ticketsell4_.type as type1_3_4_ from Ticket pass0_ left outer join TicketSeller ticketsell1_ on pass0_.seller_id=ticketsell1_.id left outer join Person person2_ on pass0_.person_id=person2_.id left outer join Card card3_ on person2_.cardNum_id=card3_.id left outer join TicketSeller ticketsell4_ on pass0_.sellers_id=ticketsell4_.id where pass0_.id=? and pass0_.DTYPE='Pass'
12:54:59.224 [main] DEBUG o.h.p.entity.AbstractEntityPersister - Static SQL for entity: Classes.Shop
12:54:59.224 [main] DEBUG o.h.p.entity.AbstractEntityPersister -  Version select: select id from TicketSeller where id =?
12:54:59.224 [main] DEBUG o.h.p.entity.AbstractEntityPersister -  Snapshot select: select shop_.id, shop_.seller_name as seller_n3_3_ from TicketSeller shop_ where shop_.id=?
12:54:59.224 [main] DEBUG o.h.p.entity.AbstractEntityPersister -  Insert 0: insert into TicketSeller (seller_name, type, id) values (?, 'shop', ?)
12:54:59.224 [main] DEBUG o.h.p.entity.AbstractEntityPersister -  Update 0: update TicketSeller set seller_name=? where id=?
12:54:59.224 [main] DEBUG o.h.p.entity.AbstractEntityPersister -  Delete 0: delete from TicketSeller where id=?
12:54:59.224 [main] DEBUG o.h.l.p.b.i.spaces.QuerySpacesImpl - Adding QuerySpace : uid = <gen:0> -> org.hibernate.loader.plan.build.internal.spaces.EntityQuerySpaceImpl@1d8b0500]
12:54:59.224 [main] DEBUG o.h.p.w.spi.MetamodelGraphWalker - Visiting attribute path : name
12:54:59.224 [main] DEBUG o.h.p.w.spi.MetamodelGraphWalker - Visiting attribute path : passes
12:54:59.224 [main] DEBUG o.h.l.p.b.i.spaces.QuerySpacesImpl - Adding QuerySpace : uid = <gen:1> -> org.hibernate.loader.plan.build.internal.spaces.CollectionQuerySpaceImpl@428bdd72]
12:54:59.224 [main] DEBUG o.h.l.p.b.i.spaces.QuerySpacesImpl - Adding QuerySpace : uid = <gen:2> -> org.hibernate.loader.plan.build.internal.spaces.EntityQuerySpaceImpl@650c405c]
12:54:59.224 [main] DEBUG o.h.p.w.spi.MetamodelGraphWalker - Visiting attribute path : tickets
12:54:59.224 [main] DEBUG o.h.l.p.b.i.spaces.QuerySpacesImpl - Adding QuerySpace : uid = <gen:3> -> org.hibernate.loader.plan.build.internal.spaces.CollectionQuerySpaceImpl@20eaeaf8]
12:54:59.224 [main] DEBUG o.h.l.p.b.i.spaces.QuerySpacesImpl - Adding QuerySpace : uid = <gen:4> -> org.hibernate.loader.plan.build.internal.spaces.EntityQuerySpaceImpl@748ac6f3]
12:54:59.224 [main] DEBUG o.h.p.w.spi.MetamodelGraphWalker - Visiting attribute path : people
12:54:59.224 [main] DEBUG o.h.l.p.b.i.spaces.QuerySpacesImpl - Adding QuerySpace : uid = <gen:5> -> org.hibernate.loader.plan.build.internal.spaces.CollectionQuerySpaceImpl@68f6e55d]
12:54:59.224 [main] DEBUG o.h.l.p.b.i.spaces.QuerySpacesImpl - Adding QuerySpace : uid = <gen:6> -> org.hibernate.loader.plan.build.internal.spaces.EntityQuerySpaceImpl@6fff46bf]
12:54:59.224 [main] DEBUG o.h.l.p.b.i.FetchStyleLoadPlanBuildingAssociationVisitationStrategy - Building LoadPlan...
12:54:59.224 [main] DEBUG o.h.l.p.e.i.LoadQueryJoinAndFetchProcessor - processing queryspace <gen:0>
12:54:59.224 [main] DEBUG o.h.l.p.b.spi.LoadPlanTreePrinter - LoadPlan(entity=Classes.Shop)
    - Returns
       - EntityReturnImpl(entity=Classes.Shop, querySpaceUid=<gen:0>, path=Classes.Shop)
          - CollectionAttributeFetchImpl(collection=Abstract.TicketSeller.passes, querySpaceUid=<gen:1>, path=Classes.Shop.passes)
             - (collection element) CollectionFetchableElementEntityGraph(entity=Classes.Pass, querySpaceUid=<gen:2>, path=Classes.Shop.passes.<elements>)
          - CollectionAttributeFetchImpl(collection=Abstract.TicketSeller.tickets, querySpaceUid=<gen:3>, path=Classes.Shop.tickets)
             - (collection element) CollectionFetchableElementEntityGraph(entity=Classes.Ticket, querySpaceUid=<gen:4>, path=Classes.Shop.tickets.<elements>)
          - CollectionAttributeFetchImpl(collection=Classes.Shop.people, querySpaceUid=<gen:5>, path=Classes.Shop.people)
             - (collection element) CollectionFetchableElementEntityGraph(entity=Classes.Person, querySpaceUid=<gen:6>, path=Classes.Shop.people.<elements>)
    - QuerySpaces
       - EntityQuerySpaceImpl(uid=<gen:0>, entity=Classes.Shop)
          - SQL table alias mapping - shop0_
          - alias suffix - 0_
          - suffixed key columns - {id2_3_0_}

12:54:59.224 [main] DEBUG o.h.loader.entity.plan.EntityLoader - Static select for entity Classes.Shop [NONE]: select shop0_.id as id2_3_0_, shop0_.seller_name as seller_n3_3_0_ from TicketSeller shop0_ where shop0_.id=? and shop0_.type='shop'
12:54:59.224 [main] DEBUG o.h.p.entity.AbstractEntityPersister - Static SQL for entity: Classes.Ticket
12:54:59.224 [main] DEBUG o.h.p.entity.AbstractEntityPersister -  Version select: select id from Ticket where id =?
12:54:59.224 [main] DEBUG o.h.p.entity.AbstractEntityPersister -  Snapshot select: select ticket_.id, ticket_.seller_id as seller_i4_2_ from Ticket ticket_ where ticket_.id=?
12:54:59.224 [main] DEBUG o.h.p.entity.AbstractEntityPersister -  Insert 0: insert into Ticket (seller_id, DTYPE, id) values (?, 'Ticket', ?)
12:54:59.224 [main] DEBUG o.h.p.entity.AbstractEntityPersister -  Update 0: update Ticket set seller_id=? where id=?
12:54:59.224 [main] DEBUG o.h.p.entity.AbstractEntityPersister -  Delete 0: delete from Ticket where id=?
12:54:59.224 [main] DEBUG o.h.p.entity.AbstractEntityPersister -  Identity insert: insert into Ticket (seller_id, DTYPE) values (?, 'Ticket')
12:54:59.224 [main] DEBUG o.h.l.p.b.i.spaces.QuerySpacesImpl - Adding QuerySpace : uid = <gen:0> -> org.hibernate.loader.plan.build.internal.spaces.EntityQuerySpaceImpl@1835dc92]
12:54:59.224 [main] DEBUG o.h.p.w.spi.MetamodelGraphWalker - Visiting attribute path : seller
12:54:59.224 [main] DEBUG o.h.l.p.b.i.spaces.QuerySpacesImpl - Adding QuerySpace : uid = <gen:1> -> org.hibernate.loader.plan.build.internal.spaces.EntityQuerySpaceImpl@65a9ea3c]
12:54:59.224 [main] DEBUG o.h.p.w.spi.MetamodelGraphWalker - Visiting attribute path : seller.name
12:54:59.224 [main] DEBUG o.h.p.w.spi.MetamodelGraphWalker - Visiting attribute path : seller.passes
12:54:59.224 [main] DEBUG o.h.l.p.b.i.spaces.QuerySpacesImpl - Adding QuerySpace : uid = <gen:2> -> org.hibernate.loader.plan.build.internal.spaces.CollectionQuerySpaceImpl@46911148]
12:54:59.224 [main] DEBUG o.h.l.p.b.i.spaces.QuerySpacesImpl - Adding QuerySpace : uid = <gen:3> -> org.hibernate.loader.plan.build.internal.spaces.EntityQuerySpaceImpl@2db1b657]
12:54:59.224 [main] DEBUG o.h.p.w.spi.MetamodelGraphWalker - Visiting attribute path : seller.tickets
12:54:59.224 [main] DEBUG o.h.l.p.b.i.spaces.QuerySpacesImpl - Adding QuerySpace : uid = <gen:4> -> org.hibernate.loader.plan.build.internal.spaces.CollectionQuerySpaceImpl@7e351d7]
12:54:59.226 [main] DEBUG o.h.l.p.b.i.spaces.QuerySpacesImpl - Adding QuerySpace : uid = <gen:5> -> org.hibernate.loader.plan.build.internal.spaces.EntityQuerySpaceImpl@43c57161]
12:54:59.226 [main] DEBUG o.h.p.w.spi.MetamodelGraphWalker - Visiting attribute path : seller.people
12:54:59.226 [main] DEBUG o.h.l.p.b.i.spaces.QuerySpacesImpl - Adding QuerySpace : uid = <gen:6> -> org.hibernate.loader.plan.build.internal.spaces.CollectionQuerySpaceImpl@d902300]
12:54:59.226 [main] DEBUG o.h.l.p.b.i.spaces.QuerySpacesImpl - Adding QuerySpace : uid = <gen:7> -> org.hibernate.loader.plan.build.internal.spaces.EntityQuerySpaceImpl@2db33feb]
12:54:59.226 [main] DEBUG o.h.p.w.spi.MetamodelGraphWalker - Visiting attribute path : seller.isWorking
12:54:59.226 [main] DEBUG o.h.p.w.spi.MetamodelGraphWalker - Visiting attribute path : person
12:54:59.226 [main] DEBUG o.h.l.p.b.i.spaces.QuerySpacesImpl - Adding QuerySpace : uid = <gen:8> -> org.hibernate.loader.plan.build.internal.spaces.EntityQuerySpaceImpl@30c3ae63]
12:54:59.226 [main] DEBUG o.h.p.w.spi.MetamodelGraphWalker - Visiting attribute path : person.birthdate
12:54:59.226 [main] DEBUG o.h.p.w.spi.MetamodelGraphWalker - Visiting attribute path : person.cardNum
12:54:59.226 [main] DEBUG o.h.l.p.b.i.spaces.QuerySpacesImpl - Adding QuerySpace : uid = <gen:9> -> org.hibernate.loader.plan.build.internal.spaces.EntityQuerySpaceImpl@54e12f4c]
12:54:59.226 [main] DEBUG o.h.p.w.spi.MetamodelGraphWalker - Visiting attribute path : person.cardNum.emissionDate
12:54:59.226 [main] DEBUG o.h.p.w.spi.MetamodelGraphWalker - Visiting attribute path : person.cardNum.expirationDate
12:54:59.226 [main] DEBUG o.h.p.w.spi.MetamodelGraphWalker - Visiting attribute path : person.cardNum.person
12:54:59.226 [main] DEBUG o.h.p.w.spi.MetamodelGraphWalker - Property path deemed to be circular : person.cardNum.person
12:54:59.226 [main] DEBUG o.h.p.w.spi.MetamodelGraphWalker - Visiting attribute path : person.firstName
12:54:59.226 [main] DEBUG o.h.p.w.spi.MetamodelGraphWalker - Visiting attribute path : person.lastName
12:54:59.226 [main] DEBUG o.h.p.w.spi.MetamodelGraphWalker - Visiting attribute path : sellers
12:54:59.226 [main] DEBUG o.h.l.p.b.i.spaces.QuerySpacesImpl - Adding QuerySpace : uid = <gen:10> -> org.hibernate.loader.plan.build.internal.spaces.EntityQuerySpaceImpl@4d84049a]
12:54:59.226 [main] DEBUG o.h.p.w.spi.MetamodelGraphWalker - Visiting attribute path : sellers.name
12:54:59.226 [main] DEBUG o.h.p.w.spi.MetamodelGraphWalker - Visiting attribute path : sellers.passes
12:54:59.226 [main] DEBUG o.h.l.p.b.i.spaces.QuerySpacesImpl - Adding QuerySpace : uid = <gen:11> -> org.hibernate.loader.plan.build.internal.spaces.CollectionQuerySpaceImpl@642857e0]
12:54:59.226 [main] DEBUG o.h.l.p.b.i.spaces.QuerySpacesImpl - Adding QuerySpace : uid = <gen:12> -> org.hibernate.loader.plan.build.internal.spaces.EntityQuerySpaceImpl@4c6b4ed7]
12:54:59.226 [main] DEBUG o.h.p.w.spi.MetamodelGraphWalker - Visiting attribute path : sellers.tickets
12:54:59.226 [main] DEBUG o.h.l.p.b.i.spaces.QuerySpacesImpl - Adding QuerySpace : uid = <gen:13> -> org.hibernate.loader.plan.build.internal.spaces.CollectionQuerySpaceImpl@21263314]
12:54:59.226 [main] DEBUG o.h.l.p.b.i.spaces.QuerySpacesImpl - Adding QuerySpace : uid = <gen:14> -> org.hibernate.loader.plan.build.internal.spaces.EntityQuerySpaceImpl@6ca30b8a]
12:54:59.226 [main] DEBUG o.h.p.w.spi.MetamodelGraphWalker - Visiting attribute path : sellers.people
12:54:59.226 [main] DEBUG o.h.l.p.b.i.spaces.QuerySpacesImpl - Adding QuerySpace : uid = <gen:15> -> org.hibernate.loader.plan.build.internal.spaces.CollectionQuerySpaceImpl@4a92c6a9]
12:54:59.226 [main] DEBUG o.h.l.p.b.i.spaces.QuerySpacesImpl - Adding QuerySpace : uid = <gen:16> -> org.hibernate.loader.plan.build.internal.spaces.EntityQuerySpaceImpl@5c9934da]
12:54:59.226 [main] DEBUG o.h.p.w.spi.MetamodelGraphWalker - Visiting attribute path : sellers.isWorking
12:54:59.226 [main] DEBUG o.h.p.w.spi.MetamodelGraphWalker - Visiting attribute path : validity
12:54:59.226 [main] DEBUG o.h.l.p.b.i.FetchStyleLoadPlanBuildingAssociationVisitationStrategy - Building LoadPlan...
12:54:59.226 [main] DEBUG o.h.l.p.e.i.LoadQueryJoinAndFetchProcessor - processing queryspace <gen:0>
12:54:59.227 [main] DEBUG o.h.l.p.b.spi.LoadPlanTreePrinter - LoadPlan(entity=Classes.Ticket)
    - Returns
       - EntityReturnImpl(entity=Classes.Ticket, querySpaceUid=<gen:0>, path=Classes.Ticket)
          - EntityAttributeFetchImpl(entity=Abstract.TicketSeller, querySpaceUid=<gen:1>, path=Classes.Ticket.seller)
             - CollectionAttributeFetchImpl(collection=Abstract.TicketSeller.passes, querySpaceUid=<gen:2>, path=Classes.Ticket.seller.passes)
                - (collection element) CollectionFetchableElementEntityGraph(entity=Classes.Pass, querySpaceUid=<gen:3>, path=Classes.Ticket.seller.passes.<elements>)
             - CollectionAttributeFetchImpl(collection=Abstract.TicketSeller.tickets, querySpaceUid=<gen:4>, path=Classes.Ticket.seller.tickets)
                - (collection element) CollectionFetchableElementEntityGraph(entity=Classes.Ticket, querySpaceUid=<gen:5>, path=Classes.Ticket.seller.tickets.<elements>)
             - CollectionAttributeFetchImpl(collection=Classes.Shop.people, querySpaceUid=<gen:6>, path=Classes.Ticket.seller.people)
                - (collection element) CollectionFetchableElementEntityGraph(entity=Classes.Person, querySpaceUid=<gen:7>, path=Classes.Ticket.seller.people.<elements>)
          - EntityAttributeFetchImpl(entity=Classes.Person, querySpaceUid=<gen:8>, path=Classes.Ticket.person)
             - EntityAttributeFetchImpl(entity=Classes.Card, querySpaceUid=<gen:9>, path=Classes.Ticket.person.cardNum)
          - EntityAttributeFetchImpl(entity=Abstract.TicketSeller, querySpaceUid=<gen:10>, path=Classes.Ticket.sellers)
             - CollectionAttributeFetchImpl(collection=Abstract.TicketSeller.passes, querySpaceUid=<gen:11>, path=Classes.Ticket.sellers.passes)
                - (collection element) CollectionFetchableElementEntityGraph(entity=Classes.Pass, querySpaceUid=<gen:12>, path=Classes.Ticket.sellers.passes.<elements>)
             - CollectionAttributeFetchImpl(collection=Abstract.TicketSeller.tickets, querySpaceUid=<gen:13>, path=Classes.Ticket.sellers.tickets)
                - (collection element) CollectionFetchableElementEntityGraph(entity=Classes.Ticket, querySpaceUid=<gen:14>, path=Classes.Ticket.sellers.tickets.<elements>)
             - CollectionAttributeFetchImpl(collection=Classes.Shop.people, querySpaceUid=<gen:15>, path=Classes.Ticket.sellers.people)
                - (collection element) CollectionFetchableElementEntityGraph(entity=Classes.Person, querySpaceUid=<gen:16>, path=Classes.Ticket.sellers.people.<elements>)
    - QuerySpaces
       - EntityQuerySpaceImpl(uid=<gen:0>, entity=Classes.Ticket)
          - SQL table alias mapping - ticket0_
          - alias suffix - 0_
          - suffixed key columns - {id2_2_0_}
          - JOIN (JoinDefinedByMetadata(seller)) : <gen:0> -> <gen:1>
             - EntityQuerySpaceImpl(uid=<gen:1>, entity=Abstract.TicketSeller)
                - SQL table alias mapping - ticketsell1_
                - alias suffix - 1_
                - suffixed key columns - {id2_3_1_}
          - JOIN (JoinDefinedByMetadata(person)) : <gen:0> -> <gen:8>
             - EntityQuerySpaceImpl(uid=<gen:8>, entity=Classes.Person)
                - SQL table alias mapping - person2_
                - alias suffix - 2_
                - suffixed key columns - {id1_1_2_}
                - JOIN (JoinDefinedByMetadata(cardNum)) : <gen:8> -> <gen:9>
                   - EntityQuerySpaceImpl(uid=<gen:9>, entity=Classes.Card)
                      - SQL table alias mapping - card3_
                      - alias suffix - 3_
                      - suffixed key columns - {id1_0_3_}
          - JOIN (JoinDefinedByMetadata(sellers)) : <gen:0> -> <gen:10>
             - EntityQuerySpaceImpl(uid=<gen:10>, entity=Abstract.TicketSeller)
                - SQL table alias mapping - ticketsell4_
                - alias suffix - 4_
                - suffixed key columns - {id2_3_4_}

12:54:59.227 [main] DEBUG o.h.loader.entity.plan.EntityLoader - Static select for entity Classes.Ticket [NONE]: select ticket0_.id as id2_2_0_, ticket0_.seller_id as seller_i4_2_0_, ticket0_.person_id as person_i5_2_0_, ticket0_.sellers_id as sellers_6_2_0_, ticket0_.validity as validity3_2_0_, ticket0_.DTYPE as dtype1_2_0_, ticketsell1_.id as id2_3_1_, ticketsell1_.seller_name as seller_n3_3_1_, ticketsell1_.isWorking as isworkin4_3_1_, ticketsell1_.type as type1_3_1_, person2_.id as id1_1_2_, person2_.birthdate as birthdat2_1_2_, person2_.cardNum_id as cardnum_5_1_2_, person2_.firstName as firstnam3_1_2_, person2_.lastName as lastname4_1_2_, card3_.id as id1_0_3_, card3_.emissionDate as emission2_0_3_, card3_.expirationDate as expirati3_0_3_, ticketsell4_.id as id2_3_4_, ticketsell4_.seller_name as seller_n3_3_4_, ticketsell4_.isWorking as isworkin4_3_4_, ticketsell4_.type as type1_3_4_ from Ticket ticket0_ left outer join TicketSeller ticketsell1_ on ticket0_.seller_id=ticketsell1_.id left outer join Person person2_ on ticket0_.person_id=person2_.id left outer join Card card3_ on person2_.cardNum_id=card3_.id left outer join TicketSeller ticketsell4_ on ticket0_.sellers_id=ticketsell4_.id where ticket0_.id=?
12:54:59.227 [main] DEBUG o.h.p.entity.AbstractEntityPersister - Static SQL for entity: Classes.VendingMachine
12:54:59.227 [main] DEBUG o.h.p.entity.AbstractEntityPersister -  Version select: select id from TicketSeller where id =?
12:54:59.227 [main] DEBUG o.h.p.entity.AbstractEntityPersister -  Snapshot select: select vendingmac_.id, vendingmac_.seller_name as seller_n3_3_, vendingmac_.isWorking as isworkin4_3_ from TicketSeller vendingmac_ where vendingmac_.id=?
12:54:59.227 [main] DEBUG o.h.p.entity.AbstractEntityPersister -  Insert 0: insert into TicketSeller (seller_name, isWorking, type, id) values (?, ?, 'vending_machine', ?)
12:54:59.227 [main] DEBUG o.h.p.entity.AbstractEntityPersister -  Update 0: update TicketSeller set seller_name=?, isWorking=? where id=?
12:54:59.227 [main] DEBUG o.h.p.entity.AbstractEntityPersister -  Delete 0: delete from TicketSeller where id=?
12:54:59.227 [main] DEBUG o.h.l.p.b.i.spaces.QuerySpacesImpl - Adding QuerySpace : uid = <gen:0> -> org.hibernate.loader.plan.build.internal.spaces.EntityQuerySpaceImpl@4cb702ce]
12:54:59.227 [main] DEBUG o.h.p.w.spi.MetamodelGraphWalker - Visiting attribute path : name
12:54:59.227 [main] DEBUG o.h.p.w.spi.MetamodelGraphWalker - Visiting attribute path : passes
12:54:59.227 [main] DEBUG o.h.l.p.b.i.spaces.QuerySpacesImpl - Adding QuerySpace : uid = <gen:1> -> org.hibernate.loader.plan.build.internal.spaces.CollectionQuerySpaceImpl@64c781a9]
12:54:59.227 [main] DEBUG o.h.l.p.b.i.spaces.QuerySpacesImpl - Adding QuerySpace : uid = <gen:2> -> org.hibernate.loader.plan.build.internal.spaces.EntityQuerySpaceImpl@71ed560f]
12:54:59.227 [main] DEBUG o.h.p.w.spi.MetamodelGraphWalker - Visiting attribute path : tickets
12:54:59.227 [main] DEBUG o.h.l.p.b.i.spaces.QuerySpacesImpl - Adding QuerySpace : uid = <gen:3> -> org.hibernate.loader.plan.build.internal.spaces.CollectionQuerySpaceImpl@5b88b8e]
12:54:59.227 [main] DEBUG o.h.l.p.b.i.spaces.QuerySpacesImpl - Adding QuerySpace : uid = <gen:4> -> org.hibernate.loader.plan.build.internal.spaces.EntityQuerySpaceImpl@58253c57]
12:54:59.227 [main] DEBUG o.h.p.w.spi.MetamodelGraphWalker - Visiting attribute path : isWorking
12:54:59.227 [main] DEBUG o.h.l.p.b.i.FetchStyleLoadPlanBuildingAssociationVisitationStrategy - Building LoadPlan...
12:54:59.227 [main] DEBUG o.h.l.p.e.i.LoadQueryJoinAndFetchProcessor - processing queryspace <gen:0>
12:54:59.228 [main] DEBUG o.h.l.p.b.spi.LoadPlanTreePrinter - LoadPlan(entity=Classes.VendingMachine)
    - Returns
       - EntityReturnImpl(entity=Classes.VendingMachine, querySpaceUid=<gen:0>, path=Classes.VendingMachine)
          - CollectionAttributeFetchImpl(collection=Abstract.TicketSeller.passes, querySpaceUid=<gen:1>, path=Classes.VendingMachine.passes)
             - (collection element) CollectionFetchableElementEntityGraph(entity=Classes.Pass, querySpaceUid=<gen:2>, path=Classes.VendingMachine.passes.<elements>)
          - CollectionAttributeFetchImpl(collection=Abstract.TicketSeller.tickets, querySpaceUid=<gen:3>, path=Classes.VendingMachine.tickets)
             - (collection element) CollectionFetchableElementEntityGraph(entity=Classes.Ticket, querySpaceUid=<gen:4>, path=Classes.VendingMachine.tickets.<elements>)
    - QuerySpaces
       - EntityQuerySpaceImpl(uid=<gen:0>, entity=Classes.VendingMachine)
          - SQL table alias mapping - vendingmac0_
          - alias suffix - 0_
          - suffixed key columns - {id2_3_0_}

12:54:59.228 [main] DEBUG o.h.loader.entity.plan.EntityLoader - Static select for entity Classes.VendingMachine [NONE]: select vendingmac0_.id as id2_3_0_, vendingmac0_.seller_name as seller_n3_3_0_, vendingmac0_.isWorking as isworkin4_3_0_ from TicketSeller vendingmac0_ where vendingmac0_.id=? and vendingmac0_.type='vending_machine'
12:54:59.230 [main] DEBUG o.h.l.p.b.i.spaces.QuerySpacesImpl - Adding QuerySpace : uid = <gen:0> -> org.hibernate.loader.plan.build.internal.spaces.CollectionQuerySpaceImpl@7efa3f63]
12:54:59.230 [main] DEBUG o.h.l.p.b.i.spaces.QuerySpacesImpl - Adding QuerySpace : uid = <gen:1> -> org.hibernate.loader.plan.build.internal.spaces.EntityQuerySpaceImpl@7134b8a7]
12:54:59.230 [main] DEBUG o.h.p.w.spi.MetamodelGraphWalker - Visiting attribute path : seller
12:54:59.230 [main] DEBUG o.h.l.p.b.i.spaces.QuerySpacesImpl - Adding QuerySpace : uid = <gen:2> -> org.hibernate.loader.plan.build.internal.spaces.EntityQuerySpaceImpl@6088451e]
12:54:59.230 [main] DEBUG o.h.p.w.spi.MetamodelGraphWalker - Visiting attribute path : seller.name
12:54:59.230 [main] DEBUG o.h.p.w.spi.MetamodelGraphWalker - Visiting attribute path : seller.passes
12:54:59.230 [main] DEBUG o.h.p.w.spi.MetamodelGraphWalker - Property path deemed to be circular : seller.passes
12:54:59.231 [main] DEBUG o.h.p.w.spi.MetamodelGraphWalker - Visiting attribute path : seller.tickets
12:54:59.231 [main] DEBUG o.h.p.w.spi.MetamodelGraphWalker - Property path deemed to be circular : seller.tickets
12:54:59.231 [main] DEBUG o.h.p.w.spi.MetamodelGraphWalker - Visiting attribute path : seller.people
12:54:59.231 [main] DEBUG o.h.l.p.b.i.spaces.QuerySpacesImpl - Adding QuerySpace : uid = <gen:3> -> org.hibernate.loader.plan.build.internal.spaces.CollectionQuerySpaceImpl@2f10f633]
12:54:59.231 [main] DEBUG o.h.l.p.b.i.spaces.QuerySpacesImpl - Adding QuerySpace : uid = <gen:4> -> org.hibernate.loader.plan.build.internal.spaces.EntityQuerySpaceImpl@1642eeae]
12:54:59.231 [main] DEBUG o.h.p.w.spi.MetamodelGraphWalker - Visiting attribute path : seller.isWorking
12:54:59.231 [main] DEBUG o.h.p.w.spi.MetamodelGraphWalker - Visiting attribute path : person
12:54:59.231 [main] DEBUG o.h.l.p.b.i.spaces.QuerySpacesImpl - Adding QuerySpace : uid = <gen:5> -> org.hibernate.loader.plan.build.internal.spaces.EntityQuerySpaceImpl@3440e9cd]
12:54:59.231 [main] DEBUG o.h.p.w.spi.MetamodelGraphWalker - Visiting attribute path : person.birthdate
12:54:59.231 [main] DEBUG o.h.p.w.spi.MetamodelGraphWalker - Visiting attribute path : person.cardNum
12:54:59.231 [main] DEBUG o.h.l.p.b.i.spaces.QuerySpacesImpl - Adding QuerySpace : uid = <gen:6> -> org.hibernate.loader.plan.build.internal.spaces.EntityQuerySpaceImpl@a09303]
12:54:59.231 [main] DEBUG o.h.p.w.spi.MetamodelGraphWalker - Visiting attribute path : person.cardNum.emissionDate
12:54:59.231 [main] DEBUG o.h.p.w.spi.MetamodelGraphWalker - Visiting attribute path : person.cardNum.expirationDate
12:54:59.231 [main] DEBUG o.h.p.w.spi.MetamodelGraphWalker - Visiting attribute path : person.cardNum.person
12:54:59.231 [main] DEBUG o.h.p.w.spi.MetamodelGraphWalker - Property path deemed to be circular : person.cardNum.person
12:54:59.231 [main] DEBUG o.h.p.w.spi.MetamodelGraphWalker - Visiting attribute path : person.firstName
12:54:59.231 [main] DEBUG o.h.p.w.spi.MetamodelGraphWalker - Visiting attribute path : person.lastName
12:54:59.231 [main] DEBUG o.h.p.w.spi.MetamodelGraphWalker - Visiting attribute path : sellers
12:54:59.231 [main] DEBUG o.h.l.p.b.i.spaces.QuerySpacesImpl - Adding QuerySpace : uid = <gen:7> -> org.hibernate.loader.plan.build.internal.spaces.EntityQuerySpaceImpl@322ba549]
12:54:59.231 [main] DEBUG o.h.p.w.spi.MetamodelGraphWalker - Visiting attribute path : sellers.name
12:54:59.231 [main] DEBUG o.h.p.w.spi.MetamodelGraphWalker - Visiting attribute path : sellers.passes
12:54:59.231 [main] DEBUG o.h.p.w.spi.MetamodelGraphWalker - Property path deemed to be circular : sellers.passes
12:54:59.231 [main] DEBUG o.h.p.w.spi.MetamodelGraphWalker - Visiting attribute path : sellers.tickets
12:54:59.231 [main] DEBUG o.h.p.w.spi.MetamodelGraphWalker - Property path deemed to be circular : sellers.tickets
12:54:59.231 [main] DEBUG o.h.p.w.spi.MetamodelGraphWalker - Visiting attribute path : sellers.people
12:54:59.231 [main] DEBUG o.h.l.p.b.i.spaces.QuerySpacesImpl - Adding QuerySpace : uid = <gen:8> -> org.hibernate.loader.plan.build.internal.spaces.CollectionQuerySpaceImpl@5416f8db]
12:54:59.231 [main] DEBUG o.h.l.p.b.i.spaces.QuerySpacesImpl - Adding QuerySpace : uid = <gen:9> -> org.hibernate.loader.plan.build.internal.spaces.EntityQuerySpaceImpl@64e1377c]
12:54:59.231 [main] DEBUG o.h.p.w.spi.MetamodelGraphWalker - Visiting attribute path : sellers.isWorking
12:54:59.231 [main] DEBUG o.h.p.w.spi.MetamodelGraphWalker - Visiting attribute path : validity
12:54:59.231 [main] DEBUG o.h.l.p.b.i.FetchStyleLoadPlanBuildingAssociationVisitationStrategy - Building LoadPlan...
12:54:59.233 [main] DEBUG o.h.l.p.e.i.LoadQueryJoinAndFetchProcessor - processing queryspace <gen:0>
12:54:59.233 [main] DEBUG o.h.l.p.b.spi.LoadPlanTreePrinter - LoadPlan(collection=Abstract.TicketSeller.tickets)
    - Returns
       - CollectionReturnImpl(collection=Abstract.TicketSeller.tickets, querySpaceUid=<gen:0>, path=[Abstract.TicketSeller.tickets])
          - (collection element) CollectionFetchableElementEntityGraph(entity=Classes.Ticket, querySpaceUid=<gen:1>, path=[Abstract.TicketSeller.tickets].<elements>)
             - EntityAttributeFetchImpl(entity=Abstract.TicketSeller, querySpaceUid=<gen:2>, path=[Abstract.TicketSeller.tickets].<elements>.seller)
                - CollectionAttributeFetchImpl(collection=Classes.Shop.people, querySpaceUid=<gen:3>, path=[Abstract.TicketSeller.tickets].<elements>.seller.people)
                   - (collection element) CollectionFetchableElementEntityGraph(entity=Classes.Person, querySpaceUid=<gen:4>, path=[Abstract.TicketSeller.tickets].<elements>.seller.people.<elements>)
             - EntityAttributeFetchImpl(entity=Classes.Person, querySpaceUid=<gen:5>, path=[Abstract.TicketSeller.tickets].<elements>.person)
                - EntityAttributeFetchImpl(entity=Classes.Card, querySpaceUid=<gen:6>, path=[Abstract.TicketSeller.tickets].<elements>.person.cardNum)
             - EntityAttributeFetchImpl(entity=Abstract.TicketSeller, querySpaceUid=<gen:7>, path=[Abstract.TicketSeller.tickets].<elements>.sellers)
                - CollectionAttributeFetchImpl(collection=Classes.Shop.people, querySpaceUid=<gen:8>, path=[Abstract.TicketSeller.tickets].<elements>.sellers.people)
                   - (collection element) CollectionFetchableElementEntityGraph(entity=Classes.Person, querySpaceUid=<gen:9>, path=[Abstract.TicketSeller.tickets].<elements>.sellers.people.<elements>)
    - QuerySpaces
       - CollectionQuerySpaceImpl(uid=<gen:0>, collection=Abstract.TicketSeller.tickets)
          - SQL table alias mapping - tickets0_
          - alias suffix - 0_
          - suffixed key columns - {ticketse1_5_0_}
          - entity-element alias suffix - 1_
          - 1_entity-element suffixed key columns - id2_2_1_
          - JOIN (JoinDefinedByMetadata(elements)) : <gen:0> -> <gen:1>
             - EntityQuerySpaceImpl(uid=<gen:1>, entity=Classes.Ticket)
                - SQL table alias mapping - ticket1_
                - alias suffix - 1_
                - suffixed key columns - {id2_2_1_}
                - JOIN (JoinDefinedByMetadata(seller)) : <gen:1> -> <gen:2>
                   - EntityQuerySpaceImpl(uid=<gen:2>, entity=Abstract.TicketSeller)
                      - SQL table alias mapping - ticketsell2_
                      - alias suffix - 2_
                      - suffixed key columns - {id2_3_2_}
                - JOIN (JoinDefinedByMetadata(person)) : <gen:1> -> <gen:5>
                   - EntityQuerySpaceImpl(uid=<gen:5>, entity=Classes.Person)
                      - SQL table alias mapping - person3_
                      - alias suffix - 3_
                      - suffixed key columns - {id1_1_3_}
                      - JOIN (JoinDefinedByMetadata(cardNum)) : <gen:5> -> <gen:6>
                         - EntityQuerySpaceImpl(uid=<gen:6>, entity=Classes.Card)
                            - SQL table alias mapping - card4_
                            - alias suffix - 4_
                            - suffixed key columns - {id1_0_4_}
                - JOIN (JoinDefinedByMetadata(sellers)) : <gen:1> -> <gen:7>
                   - EntityQuerySpaceImpl(uid=<gen:7>, entity=Abstract.TicketSeller)
                      - SQL table alias mapping - ticketsell5_
                      - alias suffix - 5_
                      - suffixed key columns - {id2_3_5_}

12:54:59.234 [main] DEBUG o.h.l.c.plan.CollectionLoader - Static select for collection Abstract.TicketSeller.tickets: select tickets0_.TicketSeller_id as ticketse1_5_0_, tickets0_.tickets_id as tickets_2_5_0_, ticket1_.id as id2_2_1_, ticket1_.seller_id as seller_i4_2_1_, ticket1_.person_id as person_i5_2_1_, ticket1_.sellers_id as sellers_6_2_1_, ticket1_.validity as validity3_2_1_, ticket1_.DTYPE as dtype1_2_1_, ticketsell2_.id as id2_3_2_, ticketsell2_.seller_name as seller_n3_3_2_, ticketsell2_.isWorking as isworkin4_3_2_, ticketsell2_.type as type1_3_2_, person3_.id as id1_1_3_, person3_.birthdate as birthdat2_1_3_, person3_.cardNum_id as cardnum_5_1_3_, person3_.firstName as firstnam3_1_3_, person3_.lastName as lastname4_1_3_, card4_.id as id1_0_4_, card4_.emissionDate as emission2_0_4_, card4_.expirationDate as expirati3_0_4_, ticketsell5_.id as id2_3_5_, ticketsell5_.seller_name as seller_n3_3_5_, ticketsell5_.isWorking as isworkin4_3_5_, ticketsell5_.type as type1_3_5_ from TicketSeller_Ticket tickets0_ inner join Ticket ticket1_ on tickets0_.tickets_id=ticket1_.id left outer join TicketSeller ticketsell2_ on ticket1_.seller_id=ticketsell2_.id left outer join Person person3_ on ticket1_.person_id=person3_.id left outer join Card card4_ on person3_.cardNum_id=card4_.id left outer join TicketSeller ticketsell5_ on ticket1_.sellers_id=ticketsell5_.id where tickets0_.TicketSeller_id=?
12:54:59.234 [main] DEBUG o.h.l.p.b.i.spaces.QuerySpacesImpl - Adding QuerySpace : uid = <gen:0> -> org.hibernate.loader.plan.build.internal.spaces.CollectionQuerySpaceImpl@d48e998]
12:54:59.234 [main] DEBUG o.h.l.p.b.i.spaces.QuerySpacesImpl - Adding QuerySpace : uid = <gen:1> -> org.hibernate.loader.plan.build.internal.spaces.EntityQuerySpaceImpl@7cfac39f]
12:54:59.234 [main] DEBUG o.h.p.w.spi.MetamodelGraphWalker - Visiting attribute path : seller
12:54:59.234 [main] DEBUG o.h.l.p.b.i.spaces.QuerySpacesImpl - Adding QuerySpace : uid = <gen:2> -> org.hibernate.loader.plan.build.internal.spaces.EntityQuerySpaceImpl@1a256d80]
12:54:59.234 [main] DEBUG o.h.p.w.spi.MetamodelGraphWalker - Visiting attribute path : seller.name
12:54:59.234 [main] DEBUG o.h.p.w.spi.MetamodelGraphWalker - Visiting attribute path : seller.passes
12:54:59.234 [main] DEBUG o.h.p.w.spi.MetamodelGraphWalker - Property path deemed to be circular : seller.passes
12:54:59.234 [main] DEBUG o.h.p.w.spi.MetamodelGraphWalker - Visiting attribute path : seller.tickets
12:54:59.234 [main] DEBUG o.h.p.w.spi.MetamodelGraphWalker - Property path deemed to be circular : seller.tickets
12:54:59.234 [main] DEBUG o.h.p.w.spi.MetamodelGraphWalker - Visiting attribute path : seller.people
12:54:59.234 [main] DEBUG o.h.l.p.b.i.spaces.QuerySpacesImpl - Adding QuerySpace : uid = <gen:3> -> org.hibernate.loader.plan.build.internal.spaces.CollectionQuerySpaceImpl@7235f92b]
12:54:59.234 [main] DEBUG o.h.l.p.b.i.spaces.QuerySpacesImpl - Adding QuerySpace : uid = <gen:4> -> org.hibernate.loader.plan.build.internal.spaces.EntityQuerySpaceImpl@7885776b]
12:54:59.234 [main] DEBUG o.h.p.w.spi.MetamodelGraphWalker - Visiting attribute path : seller.isWorking
12:54:59.234 [main] DEBUG o.h.p.w.spi.MetamodelGraphWalker - Visiting attribute path : person
12:54:59.234 [main] DEBUG o.h.l.p.b.i.spaces.QuerySpacesImpl - Adding QuerySpace : uid = <gen:5> -> org.hibernate.loader.plan.build.internal.spaces.EntityQuerySpaceImpl@497d4c96]
12:54:59.234 [main] DEBUG o.h.p.w.spi.MetamodelGraphWalker - Visiting attribute path : person.birthdate
12:54:59.234 [main] DEBUG o.h.p.w.spi.MetamodelGraphWalker - Visiting attribute path : person.cardNum
12:54:59.234 [main] DEBUG o.h.l.p.b.i.spaces.QuerySpacesImpl - Adding QuerySpace : uid = <gen:6> -> org.hibernate.loader.plan.build.internal.spaces.EntityQuerySpaceImpl@69d3cf7e]
12:54:59.234 [main] DEBUG o.h.p.w.spi.MetamodelGraphWalker - Visiting attribute path : person.cardNum.emissionDate
12:54:59.234 [main] DEBUG o.h.p.w.spi.MetamodelGraphWalker - Visiting attribute path : person.cardNum.expirationDate
12:54:59.234 [main] DEBUG o.h.p.w.spi.MetamodelGraphWalker - Visiting attribute path : person.cardNum.person
12:54:59.234 [main] DEBUG o.h.p.w.spi.MetamodelGraphWalker - Property path deemed to be circular : person.cardNum.person
12:54:59.234 [main] DEBUG o.h.p.w.spi.MetamodelGraphWalker - Visiting attribute path : person.firstName
12:54:59.234 [main] DEBUG o.h.p.w.spi.MetamodelGraphWalker - Visiting attribute path : person.lastName
12:54:59.234 [main] DEBUG o.h.p.w.spi.MetamodelGraphWalker - Visiting attribute path : sellers
12:54:59.234 [main] DEBUG o.h.l.p.b.i.spaces.QuerySpacesImpl - Adding QuerySpace : uid = <gen:7> -> org.hibernate.loader.plan.build.internal.spaces.EntityQuerySpaceImpl@1984212d]
12:54:59.235 [main] DEBUG o.h.p.w.spi.MetamodelGraphWalker - Visiting attribute path : sellers.name
12:54:59.235 [main] DEBUG o.h.p.w.spi.MetamodelGraphWalker - Visiting attribute path : sellers.passes
12:54:59.235 [main] DEBUG o.h.p.w.spi.MetamodelGraphWalker - Property path deemed to be circular : sellers.passes
12:54:59.235 [main] DEBUG o.h.p.w.spi.MetamodelGraphWalker - Visiting attribute path : sellers.tickets
12:54:59.235 [main] DEBUG o.h.p.w.spi.MetamodelGraphWalker - Property path deemed to be circular : sellers.tickets
12:54:59.235 [main] DEBUG o.h.p.w.spi.MetamodelGraphWalker - Visiting attribute path : sellers.people
12:54:59.235 [main] DEBUG o.h.l.p.b.i.spaces.QuerySpacesImpl - Adding QuerySpace : uid = <gen:8> -> org.hibernate.loader.plan.build.internal.spaces.CollectionQuerySpaceImpl@4eaa375c]
12:54:59.235 [main] DEBUG o.h.l.p.b.i.spaces.QuerySpacesImpl - Adding QuerySpace : uid = <gen:9> -> org.hibernate.loader.plan.build.internal.spaces.EntityQuerySpaceImpl@2404b5a]
12:54:59.235 [main] DEBUG o.h.p.w.spi.MetamodelGraphWalker - Visiting attribute path : sellers.isWorking
12:54:59.235 [main] DEBUG o.h.p.w.spi.MetamodelGraphWalker - Visiting attribute path : validity
12:54:59.235 [main] DEBUG o.h.l.p.b.i.FetchStyleLoadPlanBuildingAssociationVisitationStrategy - Building LoadPlan...
12:54:59.235 [main] DEBUG o.h.l.p.e.i.LoadQueryJoinAndFetchProcessor - processing queryspace <gen:0>
12:54:59.235 [main] DEBUG o.h.l.p.b.spi.LoadPlanTreePrinter - LoadPlan(collection=Abstract.TicketSeller.passes)
    - Returns
       - CollectionReturnImpl(collection=Abstract.TicketSeller.passes, querySpaceUid=<gen:0>, path=[Abstract.TicketSeller.passes])
          - (collection element) CollectionFetchableElementEntityGraph(entity=Classes.Pass, querySpaceUid=<gen:1>, path=[Abstract.TicketSeller.passes].<elements>)
             - EntityAttributeFetchImpl(entity=Abstract.TicketSeller, querySpaceUid=<gen:2>, path=[Abstract.TicketSeller.passes].<elements>.seller)
                - CollectionAttributeFetchImpl(collection=Classes.Shop.people, querySpaceUid=<gen:3>, path=[Abstract.TicketSeller.passes].<elements>.seller.people)
                   - (collection element) CollectionFetchableElementEntityGraph(entity=Classes.Person, querySpaceUid=<gen:4>, path=[Abstract.TicketSeller.passes].<elements>.seller.people.<elements>)
             - EntityAttributeFetchImpl(entity=Classes.Person, querySpaceUid=<gen:5>, path=[Abstract.TicketSeller.passes].<elements>.person)
                - EntityAttributeFetchImpl(entity=Classes.Card, querySpaceUid=<gen:6>, path=[Abstract.TicketSeller.passes].<elements>.person.cardNum)
             - EntityAttributeFetchImpl(entity=Abstract.TicketSeller, querySpaceUid=<gen:7>, path=[Abstract.TicketSeller.passes].<elements>.sellers)
                - CollectionAttributeFetchImpl(collection=Classes.Shop.people, querySpaceUid=<gen:8>, path=[Abstract.TicketSeller.passes].<elements>.sellers.people)
                   - (collection element) CollectionFetchableElementEntityGraph(entity=Classes.Person, querySpaceUid=<gen:9>, path=[Abstract.TicketSeller.passes].<elements>.sellers.people.<elements>)
    - QuerySpaces
       - CollectionQuerySpaceImpl(uid=<gen:0>, collection=Abstract.TicketSeller.passes)
          - SQL table alias mapping - passes0_
          - alias suffix - 0_
          - suffixed key columns - {ticketse1_5_0_}
          - entity-element alias suffix - 1_
          - 1_entity-element suffixed key columns - id2_2_1_
          - JOIN (JoinDefinedByMetadata(elements)) : <gen:0> -> <gen:1>
             - EntityQuerySpaceImpl(uid=<gen:1>, entity=Classes.Pass)
                - SQL table alias mapping - pass1_
                - alias suffix - 1_
                - suffixed key columns - {id2_2_1_}
                - JOIN (JoinDefinedByMetadata(seller)) : <gen:1> -> <gen:2>
                   - EntityQuerySpaceImpl(uid=<gen:2>, entity=Abstract.TicketSeller)
                      - SQL table alias mapping - ticketsell2_
                      - alias suffix - 2_
                      - suffixed key columns - {id2_3_2_}
                - JOIN (JoinDefinedByMetadata(person)) : <gen:1> -> <gen:5>
                   - EntityQuerySpaceImpl(uid=<gen:5>, entity=Classes.Person)
                      - SQL table alias mapping - person3_
                      - alias suffix - 3_
                      - suffixed key columns - {id1_1_3_}
                      - JOIN (JoinDefinedByMetadata(cardNum)) : <gen:5> -> <gen:6>
                         - EntityQuerySpaceImpl(uid=<gen:6>, entity=Classes.Card)
                            - SQL table alias mapping - card4_
                            - alias suffix - 4_
                            - suffixed key columns - {id1_0_4_}
                - JOIN (JoinDefinedByMetadata(sellers)) : <gen:1> -> <gen:7>
                   - EntityQuerySpaceImpl(uid=<gen:7>, entity=Abstract.TicketSeller)
                      - SQL table alias mapping - ticketsell5_
                      - alias suffix - 5_
                      - suffixed key columns - {id2_3_5_}

12:54:59.235 [main] DEBUG o.h.l.c.plan.CollectionLoader - Static select for collection Abstract.TicketSeller.passes: select passes0_.TicketSeller_id as ticketse1_5_0_, passes0_.passes_id as passes_i3_5_0_, pass1_.id as id2_2_1_, pass1_.seller_id as seller_i4_2_1_, pass1_.person_id as person_i5_2_1_, pass1_.sellers_id as sellers_6_2_1_, pass1_.validity as validity3_2_1_, ticketsell2_.id as id2_3_2_, ticketsell2_.seller_name as seller_n3_3_2_, ticketsell2_.isWorking as isworkin4_3_2_, ticketsell2_.type as type1_3_2_, person3_.id as id1_1_3_, person3_.birthdate as birthdat2_1_3_, person3_.cardNum_id as cardnum_5_1_3_, person3_.firstName as firstnam3_1_3_, person3_.lastName as lastname4_1_3_, card4_.id as id1_0_4_, card4_.emissionDate as emission2_0_4_, card4_.expirationDate as expirati3_0_4_, ticketsell5_.id as id2_3_5_, ticketsell5_.seller_name as seller_n3_3_5_, ticketsell5_.isWorking as isworkin4_3_5_, ticketsell5_.type as type1_3_5_ from TicketSeller_Ticket passes0_ inner join Ticket pass1_ on passes0_.passes_id=pass1_.id left outer join TicketSeller ticketsell2_ on pass1_.seller_id=ticketsell2_.id left outer join Person person3_ on pass1_.person_id=person3_.id left outer join Card card4_ on person3_.cardNum_id=card4_.id left outer join TicketSeller ticketsell5_ on pass1_.sellers_id=ticketsell5_.id where passes0_.TicketSeller_id=?
12:54:59.235 [main] DEBUG o.h.l.p.b.i.spaces.QuerySpacesImpl - Adding QuerySpace : uid = <gen:0> -> org.hibernate.loader.plan.build.internal.spaces.CollectionQuerySpaceImpl@3af58f76]
12:54:59.235 [main] DEBUG o.h.l.p.b.i.spaces.QuerySpacesImpl - Adding QuerySpace : uid = <gen:1> -> org.hibernate.loader.plan.build.internal.spaces.EntityQuerySpaceImpl@2ead6ba4]
12:54:59.235 [main] DEBUG o.h.p.w.spi.MetamodelGraphWalker - Visiting attribute path : birthdate
12:54:59.235 [main] DEBUG o.h.p.w.spi.MetamodelGraphWalker - Visiting attribute path : cardNum
12:54:59.235 [main] DEBUG o.h.l.p.b.i.spaces.QuerySpacesImpl - Adding QuerySpace : uid = <gen:2> -> org.hibernate.loader.plan.build.internal.spaces.EntityQuerySpaceImpl@27a09971]
12:54:59.235 [main] DEBUG o.h.p.w.spi.MetamodelGraphWalker - Visiting attribute path : cardNum.emissionDate
12:54:59.235 [main] DEBUG o.h.p.w.spi.MetamodelGraphWalker - Visiting attribute path : cardNum.expirationDate
12:54:59.235 [main] DEBUG o.h.p.w.spi.MetamodelGraphWalker - Visiting attribute path : cardNum.person
12:54:59.236 [main] DEBUG o.h.p.w.spi.MetamodelGraphWalker - Property path deemed to be circular : cardNum.person
12:54:59.236 [main] DEBUG o.h.p.w.spi.MetamodelGraphWalker - Visiting attribute path : firstName
12:54:59.236 [main] DEBUG o.h.p.w.spi.MetamodelGraphWalker - Visiting attribute path : lastName
12:54:59.236 [main] DEBUG o.h.l.p.b.i.FetchStyleLoadPlanBuildingAssociationVisitationStrategy - Building LoadPlan...
12:54:59.236 [main] DEBUG o.h.l.p.e.i.LoadQueryJoinAndFetchProcessor - processing queryspace <gen:0>
12:54:59.236 [main] DEBUG o.h.l.p.b.spi.LoadPlanTreePrinter - LoadPlan(collection=Classes.Shop.people)
    - Returns
       - CollectionReturnImpl(collection=Classes.Shop.people, querySpaceUid=<gen:0>, path=[Classes.Shop.people])
          - (collection element) CollectionFetchableElementEntityGraph(entity=Classes.Person, querySpaceUid=<gen:1>, path=[Classes.Shop.people].<elements>)
             - EntityAttributeFetchImpl(entity=Classes.Card, querySpaceUid=<gen:2>, path=[Classes.Shop.people].<elements>.cardNum)
    - QuerySpaces
       - CollectionQuerySpaceImpl(uid=<gen:0>, collection=Classes.Shop.people)
          - SQL table alias mapping - people0_
          - alias suffix - 0_
          - suffixed key columns - {shop_id1_4_0_}
          - entity-element alias suffix - 1_
          - 1_entity-element suffixed key columns - id1_1_1_
          - JOIN (JoinDefinedByMetadata(elements)) : <gen:0> -> <gen:1>
             - EntityQuerySpaceImpl(uid=<gen:1>, entity=Classes.Person)
                - SQL table alias mapping - person1_
                - alias suffix - 1_
                - suffixed key columns - {id1_1_1_}
                - JOIN (JoinDefinedByMetadata(cardNum)) : <gen:1> -> <gen:2>
                   - EntityQuerySpaceImpl(uid=<gen:2>, entity=Classes.Card)
                      - SQL table alias mapping - card2_
                      - alias suffix - 2_
                      - suffixed key columns - {id1_0_2_}

12:54:59.236 [main] DEBUG o.h.l.c.plan.CollectionLoader - Static select for collection Classes.Shop.people: select people0_.Shop_id as shop_id1_4_0_, people0_.people_id as people_i2_4_0_, person1_.id as id1_1_1_, person1_.birthdate as birthdat2_1_1_, person1_.cardNum_id as cardnum_5_1_1_, person1_.firstName as firstnam3_1_1_, person1_.lastName as lastname4_1_1_, card2_.id as id1_0_2_, card2_.emissionDate as emission2_0_2_, card2_.expirationDate as expirati3_0_2_ from TicketSeller_Person people0_ inner join Person person1_ on people0_.people_id=person1_.id left outer join Card card2_ on person1_.cardNum_id=card2_.id where people0_.Shop_id=?
12:54:59.260 [main] INFO  o.hibernate.orm.connections.access - HHH10001501: Connection obtained from JdbcConnectionAccess [org.hibernate.engine.jdbc.env.internal.JdbcEnvironmentInitiator$ConnectionProviderJdbcConnectionAccess@63f9b562] for (non-JTA) DDL execution was not in auto-commit mode; the Connection 'local transaction' will be committed and the Connection will be set into auto-commit mode.
12:54:59.276 [main] DEBUG org.hibernate.mapping.Table - No alter strings for table : Card
12:54:59.276 [main] DEBUG org.hibernate.mapping.Table - No alter strings for table : Person
12:54:59.276 [main] DEBUG org.hibernate.mapping.Table - No alter strings for table : Ticket
12:54:59.276 [main] DEBUG org.hibernate.mapping.Table - No alter strings for table : TicketSeller
12:54:59.276 [main] DEBUG org.hibernate.mapping.Table - No alter strings for table : TicketSeller_Person
12:54:59.276 [main] DEBUG org.hibernate.mapping.Table - No alter strings for table : TicketSeller_Ticket
12:54:59.336 [main] DEBUG o.h.e.t.j.p.i.JtaPlatformInitiator - No JtaPlatform was specified, checking resolver
12:54:59.337 [main] DEBUG o.h.e.t.j.p.i.JtaPlatformResolverInitiator - No JtaPlatformResolver was specified, using default [org.hibernate.engine.transaction.jta.platform.internal.StandardJtaPlatformResolver]
12:54:59.340 [main] DEBUG o.h.e.t.j.p.i.StandardJtaPlatformResolver - Could not resolve JtaPlatform, using default [org.hibernate.engine.transaction.jta.platform.internal.NoJtaPlatform]
12:54:59.340 [main] INFO  o.h.e.t.j.p.i.JtaPlatformInitiator - HHH000490: Using JtaPlatform implementation: [org.hibernate.engine.transaction.jta.platform.internal.NoJtaPlatform]
12:54:59.344 [main] DEBUG o.h.s.i.SessionFactoryServiceRegistryImpl - EventListenerRegistry access via ServiceRegistry is deprecated.  Use `sessionFactory.getEventEngine().getListenerRegistry()` instead
12:54:59.345 [main] DEBUG o.h.h.i.QueryTranslatorFactoryInitiator - QueryTranslatorFactory: org.hibernate.hql.internal.ast.ASTQueryTranslatorFactory@484149eb
12:54:59.349 [main] DEBUG o.h.query.spi.NamedQueryRepository - Checking 0 named HQL queries
12:54:59.349 [main] DEBUG o.h.query.spi.NamedQueryRepository - Checking 0 named SQL queries
12:54:59.350 [main] DEBUG o.h.internal.SessionFactoryRegistry - Initializing SessionFactoryRegistry : org.hibernate.internal.SessionFactoryRegistry@6411504a
12:54:59.351 [main] DEBUG o.h.internal.SessionFactoryRegistry - Registering SessionFactory: c634ffab-4b42-4a6d-9a04-cbfeade2d671 (<unnamed>)
12:54:59.351 [main] DEBUG o.h.internal.SessionFactoryRegistry - Not binding SessionFactory to JNDI, no JNDI name configured
12:54:59.378 [main] DEBUG o.h.s.internal.StatisticsInitiator - Statistics initialized [enabled=false]
12:54:59.381 [main] DEBUG o.h.e.t.internal.TransactionImpl - On TransactionImpl creation, JpaCompliance#isJpaTransactionComplianceEnabled == false
12:54:59.381 [main] DEBUG o.h.e.t.internal.TransactionImpl - begin
12:54:59.386 [main] DEBUG org.hibernate.SQL - select vendingmac0_.id as id2_3_0_, vendingmac0_.seller_name as seller_n3_3_0_, vendingmac0_.isWorking as isworkin4_3_0_ from TicketSeller vendingmac0_ where vendingmac0_.id=? and vendingmac0_.type='vending_machine'
12:54:59.389 [main] DEBUG o.h.l.p.e.p.i.EntityReferenceInitializerImpl - On call to EntityIdentifierReaderImpl#resolve, EntityKey was already known; should only happen on root returns with an optional identifier specified
12:54:59.394 [main] DEBUG o.h.engine.internal.TwoPhaseLoad - Resolving attributes for [Classes.VendingMachine#5]
12:54:59.394 [main] DEBUG o.h.engine.internal.TwoPhaseLoad - Processing attribute `name` : value = Vending DiGregorio
12:54:59.394 [main] DEBUG o.h.engine.internal.TwoPhaseLoad - Attribute (`name`)  - enhanced for lazy-loading? - false
12:54:59.394 [main] DEBUG o.h.engine.internal.TwoPhaseLoad - Processing attribute `passes` : value = NOT NULL COLLECTION
12:54:59.394 [main] DEBUG o.h.engine.internal.TwoPhaseLoad - Attribute (`passes`)  - enhanced for lazy-loading? - false
12:54:59.398 [main] DEBUG o.h.engine.internal.TwoPhaseLoad - Processing attribute `tickets` : value = NOT NULL COLLECTION
12:54:59.398 [main] DEBUG o.h.engine.internal.TwoPhaseLoad - Attribute (`tickets`)  - enhanced for lazy-loading? - false
12:54:59.398 [main] DEBUG o.h.engine.internal.TwoPhaseLoad - Processing attribute `isWorking` : value = false
12:54:59.398 [main] DEBUG o.h.engine.internal.TwoPhaseLoad - Attribute (`isWorking`)  - enhanced for lazy-loading? - false
12:54:59.399 [main] DEBUG o.h.engine.internal.TwoPhaseLoad - Done materializing entity [Classes.VendingMachine#5]
12:54:59.400 [main] DEBUG o.h.l.e.p.AbstractLoadPlanBasedEntityLoader - Done entity load : Classes.VendingMachine#5
12:54:59.405 [main] DEBUG o.h.e.t.internal.TransactionImpl - committing
12:54:59.405 [main] DEBUG o.h.e.i.AbstractFlushingEventListener - Processing flush-time cascades
12:54:59.405 [main] DEBUG o.h.e.i.AbstractFlushingEventListener - Dirty checking collections
12:54:59.408 [main] DEBUG o.h.engine.internal.Collections - Collection dereferenced: [Abstract.TicketSeller.passes#5]
12:54:59.408 [main] DEBUG o.h.engine.internal.Collections - Collection dereferenced: [Abstract.TicketSeller.tickets#5]
12:54:59.409 [main] DEBUG o.h.e.i.AbstractFlushingEventListener - Flushed: 0 insertions, 0 updates, 1 deletions to 1 objects
12:54:59.409 [main] DEBUG o.h.e.i.AbstractFlushingEventListener - Flushed: 0 (re)creations, 0 updates, 2 removals to 2 collections
12:54:59.410 [main] DEBUG o.h.internal.util.EntityPrinter - Listing entities:
12:54:59.410 [main] DEBUG o.h.internal.util.EntityPrinter - Classes.VendingMachine{tickets=<uninitialized>, passes=<uninitialized>, name=Vending DiGregorio, id=5, isWorking=false}
12:54:59.411 [main] DEBUG o.h.p.c.AbstractCollectionPersister - Deleting collection: [Abstract.TicketSeller.passes#5]
12:54:59.413 [main] DEBUG org.hibernate.SQL - delete from TicketSeller_Ticket where TicketSeller_id=?
12:54:59.414 [main] DEBUG o.h.p.c.AbstractCollectionPersister - Done deleting collection
12:54:59.415 [main] DEBUG o.h.p.c.AbstractCollectionPersister - Deleting collection: [Abstract.TicketSeller.tickets#5]
12:54:59.415 [main] DEBUG org.hibernate.SQL - delete from TicketSeller_Ticket where TicketSeller_id=?
12:54:59.415 [main] DEBUG o.h.p.c.AbstractCollectionPersister - Done deleting collection
12:54:59.415 [main] DEBUG org.hibernate.SQL - delete from TicketSeller where id=?
12:54:59.418 [main] DEBUG o.h.r.j.i.LogicalConnectionManagedImpl - Initiating JDBC connection release from afterTransaction
12:54:59.418 [main] DEBUG o.h.r.j.i.LogicalConnectionManagedImpl - Initiating JDBC connection release from afterTransaction
12:55:24.104 [main] DEBUG org.jboss.logging - Logging Provider: org.jboss.logging.Slf4jLoggerProvider
12:55:24.164 [main] DEBUG o.h.jpa.HibernatePersistenceProvider - Located and parsed 2 persistence units; checking each
12:55:24.164 [main] DEBUG o.h.jpa.HibernatePersistenceProvider - Checking persistence-unit [name=HomeworkS3D3, explicit-provider=null] against incoming persistence unit name [BuildWeek_4]
12:55:24.164 [main] DEBUG o.h.jpa.HibernatePersistenceProvider - Excluding from consideration due to name mis-match
12:55:24.165 [main] DEBUG o.h.jpa.HibernatePersistenceProvider - Checking persistence-unit [name=BuildWeek_4, explicit-provider=null] against incoming persistence unit name [BuildWeek_4]
12:55:24.165 [main] DEBUG o.h.jpa.boot.spi.ProviderChecker - No PersistenceProvider explicitly requested, assuming Hibernate
12:55:24.168 [main] DEBUG o.h.jpa.internal.util.LogHelper - PersistenceUnitInfo [
	name: BuildWeek_4
	persistence provider classname: null
	classloader: null
	excludeUnlistedClasses: false
	JTA datasource: null
	Non JTA datasource: null
	Transaction type: RESOURCE_LOCAL
	PU root URL: file:/C:/Users/total/Desktop/All/Epicode/fs0223-Luca-Sernicola-BackEnd/BuildWeek_4/target/classes/
	Shared Cache Mode: null
	Validation Mode: null
	Jar files URLs []
	Managed classes names []
	Mapping files names []
	Properties [
		javax.persistence.jdbc.driver: org.postgresql.Driver
		javax.persistence.jdbc.password: root
		hibernate.dialect: org.hibernate.dialect.PostgreSQLDialect
		javax.persistence.jdbc.url: jdbc:postgresql://localhost:5432/BuildWeek
		hibernate.hbm2ddl.auto: update
		javax.persistence.jdbc.user: postgres]
12:55:24.171 [main] DEBUG o.h.i.internal.IntegratorServiceImpl - Adding Integrator [org.hibernate.cfg.beanvalidation.BeanValidationIntegrator].
12:55:24.172 [main] DEBUG o.h.i.internal.IntegratorServiceImpl - Adding Integrator [org.hibernate.secure.spi.JaccIntegrator].
12:55:24.174 [main] DEBUG o.h.i.internal.IntegratorServiceImpl - Adding Integrator [org.hibernate.cache.internal.CollectionCacheInvalidator].
12:55:24.197 [main] INFO  org.hibernate.Version - HHH000412: Hibernate ORM core version 5.6.15.Final
12:55:24.198 [main] DEBUG org.hibernate.cfg.Environment - HHH000206: hibernate.properties not found
12:55:24.297 [main] DEBUG o.h.service.spi.ServiceBinding - Overriding existing service binding [org.hibernate.secure.spi.JaccService]
12:55:24.304 [main] DEBUG o.h.c.i.RegionFactoryInitiator - Cannot default RegionFactory based on registered strategies as `[]` RegionFactory strategies were registered
12:55:24.306 [main] DEBUG o.h.c.i.RegionFactoryInitiator - Cache region factory : org.hibernate.cache.internal.NoCachingRegionFactory
12:55:24.316 [main] INFO  o.h.annotations.common.Version - HCANN000001: Hibernate Commons Annotations {5.1.2.Final}
12:55:24.370 [main] DEBUG o.hibernate.type.BasicTypeRegistry - Adding type registration boolean -> org.hibernate.type.BooleanType@ea9b7c6
12:55:24.371 [main] DEBUG o.hibernate.type.BasicTypeRegistry - Adding type registration boolean -> org.hibernate.type.BooleanType@ea9b7c6
12:55:24.371 [main] DEBUG o.hibernate.type.BasicTypeRegistry - Adding type registration java.lang.Boolean -> org.hibernate.type.BooleanType@ea9b7c6
12:55:24.371 [main] DEBUG o.hibernate.type.BasicTypeRegistry - Adding type registration numeric_boolean -> org.hibernate.type.NumericBooleanType@3fffff43
12:55:24.372 [main] DEBUG o.hibernate.type.BasicTypeRegistry - Adding type registration true_false -> org.hibernate.type.TrueFalseType@7b324585
12:55:24.372 [main] DEBUG o.hibernate.type.BasicTypeRegistry - Adding type registration yes_no -> org.hibernate.type.YesNoType@fd8294b
12:55:24.372 [main] DEBUG o.hibernate.type.BasicTypeRegistry - Adding type registration byte -> org.hibernate.type.ByteType@4fbda97b
12:55:24.372 [main] DEBUG o.hibernate.type.BasicTypeRegistry - Adding type registration byte -> org.hibernate.type.ByteType@4fbda97b
12:55:24.373 [main] DEBUG o.hibernate.type.BasicTypeRegistry - Adding type registration java.lang.Byte -> org.hibernate.type.ByteType@4fbda97b
12:55:24.373 [main] DEBUG o.hibernate.type.BasicTypeRegistry - Adding type registration character -> org.hibernate.type.CharacterType@354fc8f0
12:55:24.373 [main] DEBUG o.hibernate.type.BasicTypeRegistry - Adding type registration char -> org.hibernate.type.CharacterType@354fc8f0
12:55:24.373 [main] DEBUG o.hibernate.type.BasicTypeRegistry - Adding type registration java.lang.Character -> org.hibernate.type.CharacterType@354fc8f0
12:55:24.374 [main] DEBUG o.hibernate.type.BasicTypeRegistry - Adding type registration short -> org.hibernate.type.ShortType@a4b2d8f
12:55:24.374 [main] DEBUG o.hibernate.type.BasicTypeRegistry - Adding type registration short -> org.hibernate.type.ShortType@a4b2d8f
12:55:24.374 [main] DEBUG o.hibernate.type.BasicTypeRegistry - Adding type registration java.lang.Short -> org.hibernate.type.ShortType@a4b2d8f
12:55:24.374 [main] DEBUG o.hibernate.type.BasicTypeRegistry - Adding type registration integer -> org.hibernate.type.IntegerType@51cd7ffc
12:55:24.374 [main] DEBUG o.hibernate.type.BasicTypeRegistry - Adding type registration int -> org.hibernate.type.IntegerType@51cd7ffc
12:55:24.374 [main] DEBUG o.hibernate.type.BasicTypeRegistry - Adding type registration java.lang.Integer -> org.hibernate.type.IntegerType@51cd7ffc
12:55:24.376 [main] DEBUG o.hibernate.type.BasicTypeRegistry - Adding type registration long -> org.hibernate.type.LongType@590c73d3
12:55:24.376 [main] DEBUG o.hibernate.type.BasicTypeRegistry - Adding type registration long -> org.hibernate.type.LongType@590c73d3
12:55:24.376 [main] DEBUG o.hibernate.type.BasicTypeRegistry - Adding type registration java.lang.Long -> org.hibernate.type.LongType@590c73d3
12:55:24.376 [main] DEBUG o.hibernate.type.BasicTypeRegistry - Adding type registration float -> org.hibernate.type.FloatType@79da1ec0
12:55:24.376 [main] DEBUG o.hibernate.type.BasicTypeRegistry - Adding type registration float -> org.hibernate.type.FloatType@79da1ec0
12:55:24.376 [main] DEBUG o.hibernate.type.BasicTypeRegistry - Adding type registration java.lang.Float -> org.hibernate.type.FloatType@79da1ec0
12:55:24.376 [main] DEBUG o.hibernate.type.BasicTypeRegistry - Adding type registration double -> org.hibernate.type.DoubleType@66ce957f
12:55:24.376 [main] DEBUG o.hibernate.type.BasicTypeRegistry - Adding type registration double -> org.hibernate.type.DoubleType@66ce957f
12:55:24.376 [main] DEBUG o.hibernate.type.BasicTypeRegistry - Adding type registration java.lang.Double -> org.hibernate.type.DoubleType@66ce957f
12:55:24.377 [main] DEBUG o.hibernate.type.BasicTypeRegistry - Adding type registration big_decimal -> org.hibernate.type.BigDecimalType@3b220bcb
12:55:24.377 [main] DEBUG o.hibernate.type.BasicTypeRegistry - Adding type registration java.math.BigDecimal -> org.hibernate.type.BigDecimalType@3b220bcb
12:55:24.377 [main] DEBUG o.hibernate.type.BasicTypeRegistry - Adding type registration big_integer -> org.hibernate.type.BigIntegerType@13e3c1c7
12:55:24.377 [main] DEBUG o.hibernate.type.BasicTypeRegistry - Adding type registration java.math.BigInteger -> org.hibernate.type.BigIntegerType@13e3c1c7
12:55:24.378 [main] DEBUG o.hibernate.type.BasicTypeRegistry - Adding type registration string -> org.hibernate.type.StringType@1d8062d2
12:55:24.378 [main] DEBUG o.hibernate.type.BasicTypeRegistry - Adding type registration java.lang.String -> org.hibernate.type.StringType@1d8062d2
12:55:24.378 [main] DEBUG o.hibernate.type.BasicTypeRegistry - Adding type registration nstring -> org.hibernate.type.StringNVarcharType@285c08c8
12:55:24.378 [main] DEBUG o.hibernate.type.BasicTypeRegistry - Adding type registration ncharacter -> org.hibernate.type.CharacterNCharType@64dafeed
12:55:24.379 [main] DEBUG o.hibernate.type.BasicTypeRegistry - Adding type registration url -> org.hibernate.type.UrlType@6111ba37
12:55:24.379 [main] DEBUG o.hibernate.type.BasicTypeRegistry - Adding type registration java.net.URL -> org.hibernate.type.UrlType@6111ba37
12:55:24.379 [main] DEBUG o.hibernate.type.BasicTypeRegistry - Adding type registration Duration -> org.hibernate.type.DurationType@4721d212
12:55:24.380 [main] DEBUG o.hibernate.type.BasicTypeRegistry - Adding type registration java.time.Duration -> org.hibernate.type.DurationType@4721d212
12:55:24.380 [main] DEBUG o.hibernate.type.BasicTypeRegistry - Adding type registration Instant -> org.hibernate.type.InstantType@654d8173
12:55:24.380 [main] DEBUG o.hibernate.type.BasicTypeRegistry - Adding type registration java.time.Instant -> org.hibernate.type.InstantType@654d8173
12:55:24.381 [main] DEBUG o.hibernate.type.BasicTypeRegistry - Adding type registration LocalDateTime -> org.hibernate.type.LocalDateTimeType@239b0f9d
12:55:24.381 [main] DEBUG o.hibernate.type.BasicTypeRegistry - Adding type registration java.time.LocalDateTime -> org.hibernate.type.LocalDateTimeType@239b0f9d
12:55:24.381 [main] DEBUG o.hibernate.type.BasicTypeRegistry - Adding type registration LocalDate -> org.hibernate.type.LocalDateType@650eab8
12:55:24.381 [main] DEBUG o.hibernate.type.BasicTypeRegistry - Adding type registration java.time.LocalDate -> org.hibernate.type.LocalDateType@650eab8
12:55:24.382 [main] DEBUG o.hibernate.type.BasicTypeRegistry - Adding type registration LocalTime -> org.hibernate.type.LocalTimeType@f0e995e
12:55:24.382 [main] DEBUG o.hibernate.type.BasicTypeRegistry - Adding type registration java.time.LocalTime -> org.hibernate.type.LocalTimeType@f0e995e
12:55:24.383 [main] DEBUG o.hibernate.type.BasicTypeRegistry - Adding type registration OffsetDateTime -> org.hibernate.type.OffsetDateTimeType@50fe837a
12:55:24.383 [main] DEBUG o.hibernate.type.BasicTypeRegistry - Adding type registration java.time.OffsetDateTime -> org.hibernate.type.OffsetDateTimeType@50fe837a
12:55:24.383 [main] DEBUG o.hibernate.type.BasicTypeRegistry - Adding type registration OffsetTime -> org.hibernate.type.OffsetTimeType@1623134f
12:55:24.384 [main] DEBUG o.hibernate.type.BasicTypeRegistry - Adding type registration java.time.OffsetTime -> org.hibernate.type.OffsetTimeType@1623134f
12:55:24.384 [main] DEBUG o.hibernate.type.BasicTypeRegistry - Adding type registration ZonedDateTime -> org.hibernate.type.ZonedDateTimeType@5ad10c1a
12:55:24.384 [main] DEBUG o.hibernate.type.BasicTypeRegistry - Adding type registration java.time.ZonedDateTime -> org.hibernate.type.ZonedDateTimeType@5ad10c1a
12:55:24.386 [main] DEBUG o.hibernate.type.BasicTypeRegistry - Adding type registration date -> org.hibernate.type.DateType@15eebbff
12:55:24.386 [main] DEBUG o.hibernate.type.BasicTypeRegistry - Adding type registration java.sql.Date -> org.hibernate.type.DateType@15eebbff
12:55:24.386 [main] DEBUG o.hibernate.type.BasicTypeRegistry - Adding type registration time -> org.hibernate.type.TimeType@3e34ace1
12:55:24.386 [main] DEBUG o.hibernate.type.BasicTypeRegistry - Adding type registration java.sql.Time -> org.hibernate.type.TimeType@3e34ace1
12:55:24.387 [main] DEBUG o.hibernate.type.BasicTypeRegistry - Adding type registration timestamp -> org.hibernate.type.TimestampType@6cbcf243
12:55:24.387 [main] DEBUG o.hibernate.type.BasicTypeRegistry - Adding type registration java.sql.Timestamp -> org.hibernate.type.TimestampType@6cbcf243
12:55:24.387 [main] DEBUG o.hibernate.type.BasicTypeRegistry - Adding type registration java.util.Date -> org.hibernate.type.TimestampType@6cbcf243
12:55:24.388 [main] DEBUG o.hibernate.type.BasicTypeRegistry - Adding type registration dbtimestamp -> org.hibernate.type.DbTimestampType@38be305c
12:55:24.390 [main] DEBUG o.hibernate.type.BasicTypeRegistry - Adding type registration calendar -> org.hibernate.type.CalendarType@26a4842b
12:55:24.390 [main] DEBUG o.hibernate.type.BasicTypeRegistry - Adding type registration java.util.Calendar -> org.hibernate.type.CalendarType@26a4842b
12:55:24.390 [main] DEBUG o.hibernate.type.BasicTypeRegistry - Adding type registration java.util.GregorianCalendar -> org.hibernate.type.CalendarType@26a4842b
12:55:24.390 [main] DEBUG o.hibernate.type.BasicTypeRegistry - Adding type registration calendar_date -> org.hibernate.type.CalendarDateType@a5b0b86
12:55:24.390 [main] DEBUG o.hibernate.type.BasicTypeRegistry - Adding type registration calendar_time -> org.hibernate.type.CalendarTimeType@2611b9a3
12:55:24.391 [main] DEBUG o.hibernate.type.BasicTypeRegistry - Adding type registration locale -> org.hibernate.type.LocaleType@5b64c4b7
12:55:24.391 [main] DEBUG o.hibernate.type.BasicTypeRegistry - Adding type registration java.util.Locale -> org.hibernate.type.LocaleType@5b64c4b7
12:55:24.392 [main] DEBUG o.hibernate.type.BasicTypeRegistry - Adding type registration currency -> org.hibernate.type.CurrencyType@1252b961
12:55:24.392 [main] DEBUG o.hibernate.type.BasicTypeRegistry - Adding type registration java.util.Currency -> org.hibernate.type.CurrencyType@1252b961
12:55:24.392 [main] DEBUG o.hibernate.type.BasicTypeRegistry - Adding type registration timezone -> org.hibernate.type.TimeZoneType@4d098f9b
12:55:24.392 [main] DEBUG o.hibernate.type.BasicTypeRegistry - Adding type registration java.util.TimeZone -> org.hibernate.type.TimeZoneType@4d098f9b
12:55:24.393 [main] DEBUG o.hibernate.type.BasicTypeRegistry - Adding type registration class -> org.hibernate.type.ClassType@7b64240d
12:55:24.393 [main] DEBUG o.hibernate.type.BasicTypeRegistry - Adding type registration java.lang.Class -> org.hibernate.type.ClassType@7b64240d
12:55:24.393 [main] DEBUG o.hibernate.type.BasicTypeRegistry - Adding type registration uuid-binary -> org.hibernate.type.UUIDBinaryType@6d24ffa1
12:55:24.393 [main] DEBUG o.hibernate.type.BasicTypeRegistry - Adding type registration java.util.UUID -> org.hibernate.type.UUIDBinaryType@6d24ffa1
12:55:24.393 [main] DEBUG o.hibernate.type.BasicTypeRegistry - Adding type registration uuid-char -> org.hibernate.type.UUIDCharType@426b6a74
12:55:24.394 [main] DEBUG o.hibernate.type.BasicTypeRegistry - Adding type registration binary -> org.hibernate.type.BinaryType@7d3430a7
12:55:24.394 [main] DEBUG o.hibernate.type.BasicTypeRegistry - Adding type registration byte[] -> org.hibernate.type.BinaryType@7d3430a7
12:55:24.394 [main] DEBUG o.hibernate.type.BasicTypeRegistry - Adding type registration [B -> org.hibernate.type.BinaryType@7d3430a7
12:55:24.394 [main] DEBUG o.hibernate.type.BasicTypeRegistry - Adding type registration wrapper-binary -> org.hibernate.type.WrapperBinaryType@5536379e
12:55:24.395 [main] DEBUG o.hibernate.type.BasicTypeRegistry - Adding type registration Byte[] -> org.hibernate.type.WrapperBinaryType@5536379e
12:55:24.395 [main] DEBUG o.hibernate.type.BasicTypeRegistry - Adding type registration [Ljava.lang.Byte; -> org.hibernate.type.WrapperBinaryType@5536379e
12:55:24.395 [main] DEBUG o.hibernate.type.BasicTypeRegistry - Adding type registration row_version -> org.hibernate.type.RowVersionType@2b491fee
12:55:24.395 [main] DEBUG o.hibernate.type.BasicTypeRegistry - Adding type registration image -> org.hibernate.type.ImageType@3e8f7922
12:55:24.396 [main] DEBUG o.hibernate.type.BasicTypeRegistry - Adding type registration characters -> org.hibernate.type.CharArrayType@6ca0256d
12:55:24.396 [main] DEBUG o.hibernate.type.BasicTypeRegistry - Adding type registration char[] -> org.hibernate.type.CharArrayType@6ca0256d
12:55:24.396 [main] DEBUG o.hibernate.type.BasicTypeRegistry - Adding type registration [C -> org.hibernate.type.CharArrayType@6ca0256d
12:55:24.396 [main] DEBUG o.hibernate.type.BasicTypeRegistry - Adding type registration wrapper-characters -> org.hibernate.type.CharacterArrayType@e260766
12:55:24.396 [main] DEBUG o.hibernate.type.BasicTypeRegistry - Adding type registration [Ljava.lang.Character; -> org.hibernate.type.CharacterArrayType@e260766
12:55:24.396 [main] DEBUG o.hibernate.type.BasicTypeRegistry - Adding type registration Character[] -> org.hibernate.type.CharacterArrayType@e260766
12:55:24.396 [main] DEBUG o.hibernate.type.BasicTypeRegistry - Adding type registration text -> org.hibernate.type.TextType@7c56e013
12:55:24.396 [main] DEBUG o.hibernate.type.BasicTypeRegistry - Adding type registration ntext -> org.hibernate.type.NTextType@6731787b
12:55:24.397 [main] DEBUG o.hibernate.type.BasicTypeRegistry - Adding type registration blob -> org.hibernate.type.BlobType@2cb3d0f7
12:55:24.397 [main] DEBUG o.hibernate.type.BasicTypeRegistry - Adding type registration java.sql.Blob -> org.hibernate.type.BlobType@2cb3d0f7
12:55:24.397 [main] DEBUG o.hibernate.type.BasicTypeRegistry - Adding type registration materialized_blob -> org.hibernate.type.MaterializedBlobType@5860f3d7
12:55:24.398 [main] DEBUG o.hibernate.type.BasicTypeRegistry - Adding type registration clob -> org.hibernate.type.ClobType@67389cb8
12:55:24.398 [main] DEBUG o.hibernate.type.BasicTypeRegistry - Adding type registration java.sql.Clob -> org.hibernate.type.ClobType@67389cb8
12:55:24.399 [main] DEBUG o.hibernate.type.BasicTypeRegistry - Adding type registration nclob -> org.hibernate.type.NClobType@74e47444
12:55:24.399 [main] DEBUG o.hibernate.type.BasicTypeRegistry - Adding type registration java.sql.NClob -> org.hibernate.type.NClobType@74e47444
12:55:24.399 [main] DEBUG o.hibernate.type.BasicTypeRegistry - Adding type registration materialized_clob -> org.hibernate.type.MaterializedClobType@6e4de19b
12:55:24.399 [main] DEBUG o.hibernate.type.BasicTypeRegistry - Adding type registration materialized_nclob -> org.hibernate.type.MaterializedNClobType@1991f767
12:55:24.400 [main] DEBUG o.hibernate.type.BasicTypeRegistry - Adding type registration serializable -> org.hibernate.type.SerializableType@7db82169
12:55:24.401 [main] DEBUG o.hibernate.type.BasicTypeRegistry - Adding type registration object -> org.hibernate.type.ObjectType@3a94964
12:55:24.401 [main] DEBUG o.hibernate.type.BasicTypeRegistry - Adding type registration java.lang.Object -> org.hibernate.type.ObjectType@3a94964
12:55:24.402 [main] DEBUG o.hibernate.type.BasicTypeRegistry - Adding type registration imm_date -> org.hibernate.type.AdaptedImmutableType@2a3591c5
12:55:24.402 [main] DEBUG o.hibernate.type.BasicTypeRegistry - Adding type registration imm_time -> org.hibernate.type.AdaptedImmutableType@34a75079
12:55:24.402 [main] DEBUG o.hibernate.type.BasicTypeRegistry - Adding type registration imm_timestamp -> org.hibernate.type.AdaptedImmutableType@346a361
12:55:24.402 [main] DEBUG o.hibernate.type.BasicTypeRegistry - Adding type registration imm_dbtimestamp -> org.hibernate.type.AdaptedImmutableType@107ed6fc
12:55:24.402 [main] DEBUG o.hibernate.type.BasicTypeRegistry - Adding type registration imm_calendar -> org.hibernate.type.AdaptedImmutableType@1643d68f
12:55:24.402 [main] DEBUG o.hibernate.type.BasicTypeRegistry - Adding type registration imm_calendar_date -> org.hibernate.type.AdaptedImmutableType@186978a6
12:55:24.402 [main] DEBUG o.hibernate.type.BasicTypeRegistry - Adding type registration imm_binary -> org.hibernate.type.AdaptedImmutableType@2e029d61
12:55:24.402 [main] DEBUG o.hibernate.type.BasicTypeRegistry - Adding type registration imm_serializable -> org.hibernate.type.AdaptedImmutableType@482d776b
12:55:24.410 [main] DEBUG o.h.b.internal.BootstrapContextImpl - Injecting ScanEnvironment [org.hibernate.jpa.boot.internal.StandardJpaScanEnvironmentImpl@649725e3] into BootstrapContext; was [null]
12:55:24.410 [main] DEBUG o.h.b.internal.BootstrapContextImpl - Injecting ScanOptions [org.hibernate.boot.archive.scan.internal.StandardScanOptions@3c0fae6c] into BootstrapContext; was [org.hibernate.boot.archive.scan.internal.StandardScanOptions@4c168660]
12:55:24.442 [main] DEBUG o.h.b.internal.BootstrapContextImpl - Injecting JPA temp ClassLoader [null] into BootstrapContext; was [null]
12:55:24.442 [main] DEBUG o.h.b.internal.ClassLoaderAccessImpl - ClassLoaderAccessImpl#injectTempClassLoader(null) [was null]
12:55:24.448 [main] DEBUG o.h.i.f.i.DefaultIdentifierGeneratorFactory - Registering IdentifierGenerator strategy [uuid2] -> [org.hibernate.id.UUIDGenerator]
12:55:24.448 [main] DEBUG o.h.i.f.i.DefaultIdentifierGeneratorFactory - Registering IdentifierGenerator strategy [guid] -> [org.hibernate.id.GUIDGenerator]
12:55:24.449 [main] DEBUG o.h.i.f.i.DefaultIdentifierGeneratorFactory - Registering IdentifierGenerator strategy [uuid] -> [org.hibernate.id.UUIDHexGenerator]
12:55:24.449 [main] DEBUG o.h.i.f.i.DefaultIdentifierGeneratorFactory - Registering IdentifierGenerator strategy [uuid.hex] -> [org.hibernate.id.UUIDHexGenerator]
12:55:24.449 [main] DEBUG o.h.i.f.i.DefaultIdentifierGeneratorFactory - Registering IdentifierGenerator strategy [assigned] -> [org.hibernate.id.Assigned]
12:55:24.450 [main] DEBUG o.h.i.f.i.DefaultIdentifierGeneratorFactory - Registering IdentifierGenerator strategy [identity] -> [org.hibernate.id.IdentityGenerator]
12:55:24.450 [main] DEBUG o.h.i.f.i.DefaultIdentifierGeneratorFactory - Registering IdentifierGenerator strategy [select] -> [org.hibernate.id.SelectGenerator]
12:55:24.450 [main] DEBUG o.h.i.f.i.DefaultIdentifierGeneratorFactory - Registering IdentifierGenerator strategy [sequence] -> [org.hibernate.id.enhanced.SequenceStyleGenerator]
12:55:24.451 [main] DEBUG o.h.i.f.i.DefaultIdentifierGeneratorFactory - Registering IdentifierGenerator strategy [seqhilo] -> [org.hibernate.id.SequenceHiLoGenerator]
12:55:24.451 [main] DEBUG o.h.i.f.i.DefaultIdentifierGeneratorFactory - Registering IdentifierGenerator strategy [increment] -> [org.hibernate.id.IncrementGenerator]
12:55:24.451 [main] DEBUG o.h.i.f.i.DefaultIdentifierGeneratorFactory - Registering IdentifierGenerator strategy [foreign] -> [org.hibernate.id.ForeignGenerator]
12:55:24.452 [main] DEBUG o.h.i.f.i.DefaultIdentifierGeneratorFactory - Registering IdentifierGenerator strategy [sequence-identity] -> [org.hibernate.id.SequenceIdentityGenerator]
12:55:24.452 [main] DEBUG o.h.i.f.i.DefaultIdentifierGeneratorFactory - Registering IdentifierGenerator strategy [enhanced-sequence] -> [org.hibernate.id.enhanced.SequenceStyleGenerator]
12:55:24.452 [main] DEBUG o.h.i.f.i.DefaultIdentifierGeneratorFactory - Registering IdentifierGenerator strategy [enhanced-table] -> [org.hibernate.id.enhanced.TableGenerator]
12:55:24.454 [main] WARN  o.hibernate.orm.connections.pooling - HHH10001002: Using Hibernate built-in connection pool (not for production use!)
12:55:24.458 [main] INFO  o.hibernate.orm.connections.pooling - HHH10001005: using driver [org.postgresql.Driver] at URL [jdbc:postgresql://localhost:5432/BuildWeek]
12:55:24.458 [main] INFO  o.hibernate.orm.connections.pooling - HHH10001001: Connection properties: {password=root, user=postgres}
12:55:24.458 [main] INFO  o.hibernate.orm.connections.pooling - HHH10001003: Autocommit mode: false
12:55:24.460 [main] DEBUG o.h.e.j.c.i.DriverManagerConnectionProviderImpl - Initializing Connection pool with 1 Connections
12:55:24.460 [main] INFO  o.h.e.j.c.i.DriverManagerConnectionProviderImpl - HHH000115: Hibernate connection pool size: 20 (min=1)
12:55:24.613 [main] DEBUG o.h.e.j.e.i.JdbcEnvironmentInitiator - Database ->
       name : PostgreSQL
    version : 15.3
      major : 15
      minor : 3
12:55:24.613 [main] DEBUG o.h.e.j.e.i.JdbcEnvironmentInitiator - Driver ->
       name : PostgreSQL JDBC Driver
    version : 42.6.0
      major : 42
      minor : 6
12:55:24.613 [main] DEBUG o.h.e.j.e.i.JdbcEnvironmentInitiator - JDBC version : 4.2
12:55:24.619 [main] INFO  org.hibernate.dialect.Dialect - HHH000400: Using dialect: org.hibernate.dialect.PostgreSQLDialect
12:55:24.629 [main] DEBUG o.h.e.j.e.s.IdentifierHelperBuilder - JDBC driver metadata reported database stores quoted identifiers in neither upper, lower nor mixed case
12:55:24.648 [main] DEBUG o.hibernate.type.BasicTypeRegistry - Adding type registration pg-uuid -> org.hibernate.type.PostgresUUIDType@18a645fd
12:55:24.648 [main] DEBUG o.hibernate.type.BasicTypeRegistry - Adding type registration java.util.UUID -> org.hibernate.type.PostgresUUIDType@18a645fd
12:55:24.648 [main] DEBUG o.hibernate.type.BasicTypeRegistry - HHH000270: Type registration [java.util.UUID] overrides previous : org.hibernate.type.UUIDBinaryType@6d24ffa1
12:55:24.650 [main] DEBUG o.h.type.spi.TypeConfiguration$Scope - Scoping TypeConfiguration [org.hibernate.type.spi.TypeConfiguration@4f20a5e0] to MetadataBuildingContext [org.hibernate.boot.internal.MetadataBuildingContextRootImpl@54da32dc]
12:55:24.671 [main] DEBUG o.h.boot.model.relational.Namespace - Created database namespace [logicalName=Name{catalog=null, schema=null}, physicalName=Name{catalog=null, schema=null}]
12:55:24.680 [main] DEBUG org.hibernate.cfg.AnnotationBinder - Binding entity from annotated class: Abstract.TicketSeller
12:55:24.688 [main] DEBUG org.hibernate.cfg.Ejb3Column - Binding column: Ejb3DiscriminatorColumn{logicalColumnName'type', discriminatorTypeName='string'}
12:55:24.691 [main] DEBUG o.h.cfg.annotations.EntityBinder - Import with entity name TicketSeller
12:55:24.694 [main] DEBUG o.h.cfg.annotations.EntityBinder - Bind entity Abstract.TicketSeller on table TicketSeller
12:55:24.710 [main] DEBUG org.hibernate.cfg.Ejb3Column - Binding column: Ejb3Column{table=org.hibernate.mapping.Table(TicketSeller), mappingColumn=id, insertable=true, updatable=true, unique=false}
12:55:24.711 [main] DEBUG o.h.b.internal.ClassLoaderAccessImpl - Not known whether passed class name [Abstract.TicketSeller] is safe
12:55:24.712 [main] DEBUG o.h.b.internal.ClassLoaderAccessImpl - No temp ClassLoader provided; using live ClassLoader for loading potentially unsafe class : Abstract.TicketSeller
12:55:24.712 [main] DEBUG o.h.cfg.annotations.PropertyBinder - MetadataSourceProcessor property id with lazy=false
12:55:24.714 [main] DEBUG o.h.cfg.AbstractPropertyHolder - Attempting to locate auto-apply AttributeConverter for property [Abstract.TicketSeller:id]
12:55:24.715 [main] DEBUG o.h.c.annotations.SimpleValueBinder - building SimpleValue for id
12:55:24.715 [main] DEBUG o.h.cfg.annotations.PropertyBinder - Building property id
12:55:24.718 [main] DEBUG org.hibernate.cfg.BinderHelper - #makeIdGenerator(org.hibernate.mapping.SimpleValue([org.hibernate.mapping.Column(id)]), id, org.hibernate.id.enhanced.SequenceStyleGenerator, elCat_seq, ...)
12:55:24.719 [main] DEBUG org.hibernate.cfg.Ejb3Column - Binding column: Ejb3Column{table=org.hibernate.mapping.Table(TicketSeller), mappingColumn=seller_name, insertable=true, updatable=true, unique=false}
12:55:24.720 [main] DEBUG o.h.cfg.annotations.PropertyBinder - MetadataSourceProcessor property name with lazy=false
12:55:24.720 [main] DEBUG o.h.cfg.AbstractPropertyHolder - Attempting to locate auto-apply AttributeConverter for property [Abstract.TicketSeller:name]
12:55:24.720 [main] DEBUG o.h.c.annotations.SimpleValueBinder - building SimpleValue for name
12:55:24.720 [main] DEBUG o.h.cfg.annotations.PropertyBinder - Building property name
12:55:24.721 [main] DEBUG org.hibernate.cfg.Ejb3Column - Binding column: Ejb3JoinColumn{logicalColumnName='null', referencedColumn='null', mappedBy=''}
12:55:24.721 [main] DEBUG org.hibernate.cfg.Ejb3Column - Binding column: Ejb3Column{table=org.hibernate.mapping.Table(TicketSeller), mappingColumn=passes, insertable=true, updatable=true, unique=false}
12:55:24.722 [main] DEBUG org.hibernate.cfg.Ejb3Column - Binding column: Ejb3Column{table=org.hibernate.mapping.Table(TicketSeller), mappingColumn=null, insertable=true, updatable=true, unique=false}
12:55:24.727 [main] DEBUG org.hibernate.cfg.Ejb3Column - Binding column: Ejb3Column{table=org.hibernate.mapping.Table(TicketSeller), mappingColumn=element, insertable=true, updatable=true, unique=false}
12:55:24.728 [main] DEBUG org.hibernate.cfg.Ejb3Column - Binding column: Ejb3Column{table=org.hibernate.mapping.Table(TicketSeller), mappingColumn=passes_KEY, insertable=true, updatable=true, unique=false}
12:55:24.728 [main] DEBUG org.hibernate.cfg.Ejb3Column - Binding column: Ejb3JoinColumn{logicalColumnName='passes_KEY', referencedColumn='null', mappedBy='null'}
12:55:24.729 [main] DEBUG org.hibernate.cfg.Ejb3Column - Binding column: Ejb3JoinColumn{logicalColumnName='null', referencedColumn='null', mappedBy=''}
12:55:24.729 [main] DEBUG org.hibernate.cfg.Ejb3Column - Binding column: Ejb3JoinColumn{logicalColumnName='null', referencedColumn='null', mappedBy=''}
12:55:24.729 [main] DEBUG o.h.cfg.annotations.CollectionBinder - Collection role: Abstract.TicketSeller.passes
12:55:24.731 [main] DEBUG o.h.cfg.annotations.PropertyBinder - Building property passes
12:55:24.731 [main] DEBUG org.hibernate.cfg.Ejb3Column - Binding column: Ejb3JoinColumn{logicalColumnName='null', referencedColumn='null', mappedBy=''}
12:55:24.731 [main] DEBUG org.hibernate.cfg.Ejb3Column - Binding column: Ejb3Column{table=org.hibernate.mapping.Table(TicketSeller), mappingColumn=tickets, insertable=true, updatable=true, unique=false}
12:55:24.731 [main] DEBUG org.hibernate.cfg.Ejb3Column - Binding column: Ejb3Column{table=org.hibernate.mapping.Table(TicketSeller), mappingColumn=null, insertable=true, updatable=true, unique=false}
12:55:24.731 [main] DEBUG org.hibernate.cfg.Ejb3Column - Binding column: Ejb3Column{table=org.hibernate.mapping.Table(TicketSeller), mappingColumn=element, insertable=true, updatable=true, unique=false}
12:55:24.731 [main] DEBUG org.hibernate.cfg.Ejb3Column - Binding column: Ejb3Column{table=org.hibernate.mapping.Table(TicketSeller), mappingColumn=tickets_KEY, insertable=true, updatable=true, unique=false}
12:55:24.731 [main] DEBUG org.hibernate.cfg.Ejb3Column - Binding column: Ejb3JoinColumn{logicalColumnName='tickets_KEY', referencedColumn='null', mappedBy='null'}
12:55:24.731 [main] DEBUG org.hibernate.cfg.Ejb3Column - Binding column: Ejb3JoinColumn{logicalColumnName='null', referencedColumn='null', mappedBy=''}
12:55:24.731 [main] DEBUG org.hibernate.cfg.Ejb3Column - Binding column: Ejb3JoinColumn{logicalColumnName='null', referencedColumn='null', mappedBy=''}
12:55:24.731 [main] DEBUG o.h.cfg.annotations.CollectionBinder - Collection role: Abstract.TicketSeller.tickets
12:55:24.731 [main] DEBUG o.h.cfg.annotations.PropertyBinder - Building property tickets
12:55:24.734 [main] DEBUG org.hibernate.cfg.AnnotationBinder - Binding entity from annotated class: Classes.Card
12:55:24.734 [main] DEBUG org.hibernate.cfg.Ejb3Column - Binding column: Ejb3DiscriminatorColumn{logicalColumnName'DTYPE', discriminatorTypeName='string'}
12:55:24.734 [main] DEBUG o.h.cfg.annotations.EntityBinder - Import with entity name Card
12:55:24.736 [main] DEBUG o.h.cfg.annotations.EntityBinder - Bind entity Classes.Card on table Card
12:55:24.737 [main] DEBUG org.hibernate.cfg.Ejb3Column - Binding column: Ejb3Column{table=org.hibernate.mapping.Table(Card), mappingColumn=id, insertable=true, updatable=true, unique=false}
12:55:24.737 [main] DEBUG o.h.b.internal.ClassLoaderAccessImpl - Not known whether passed class name [Classes.Card] is safe
12:55:24.737 [main] DEBUG o.h.b.internal.ClassLoaderAccessImpl - No temp ClassLoader provided; using live ClassLoader for loading potentially unsafe class : Classes.Card
12:55:24.737 [main] DEBUG o.h.cfg.annotations.PropertyBinder - MetadataSourceProcessor property id with lazy=false
12:55:24.737 [main] DEBUG o.h.cfg.AbstractPropertyHolder - Attempting to locate auto-apply AttributeConverter for property [Classes.Card:id]
12:55:24.737 [main] DEBUG o.h.c.annotations.SimpleValueBinder - building SimpleValue for id
12:55:24.737 [main] DEBUG o.h.cfg.annotations.PropertyBinder - Building property id
12:55:24.737 [main] DEBUG org.hibernate.cfg.BinderHelper - #makeIdGenerator(org.hibernate.mapping.SimpleValue([org.hibernate.mapping.Column(id)]), id, identity, , ...)
12:55:24.737 [main] DEBUG org.hibernate.cfg.Ejb3Column - Binding column: Ejb3Column{table=org.hibernate.mapping.Table(Card), mappingColumn=emissionDate, insertable=true, updatable=true, unique=false}
12:55:24.738 [main] DEBUG o.h.cfg.annotations.PropertyBinder - MetadataSourceProcessor property emissionDate with lazy=false
12:55:24.738 [main] DEBUG o.h.cfg.AbstractPropertyHolder - Attempting to locate auto-apply AttributeConverter for property [Classes.Card:emissionDate]
12:55:24.738 [main] DEBUG o.h.c.annotations.SimpleValueBinder - building SimpleValue for emissionDate
12:55:24.738 [main] DEBUG o.h.cfg.annotations.PropertyBinder - Building property emissionDate
12:55:24.738 [main] DEBUG org.hibernate.cfg.Ejb3Column - Binding column: Ejb3Column{table=org.hibernate.mapping.Table(Card), mappingColumn=expirationDate, insertable=true, updatable=true, unique=false}
12:55:24.738 [main] DEBUG o.h.cfg.annotations.PropertyBinder - MetadataSourceProcessor property expirationDate with lazy=false
12:55:24.738 [main] DEBUG o.h.cfg.AbstractPropertyHolder - Attempting to locate auto-apply AttributeConverter for property [Classes.Card:expirationDate]
12:55:24.738 [main] DEBUG o.h.c.annotations.SimpleValueBinder - building SimpleValue for expirationDate
12:55:24.738 [main] DEBUG o.h.cfg.annotations.PropertyBinder - Building property expirationDate
12:55:24.738 [main] DEBUG org.hibernate.cfg.Ejb3Column - Binding column: Ejb3JoinColumn{logicalColumnName='null', referencedColumn='null', mappedBy='cardNum'}
12:55:24.738 [main] DEBUG org.hibernate.cfg.Ejb3Column - Binding column: Ejb3Column{table=org.hibernate.mapping.Table(Card), mappingColumn=person, insertable=true, updatable=true, unique=false}
12:55:24.740 [main] DEBUG org.hibernate.cfg.AnnotationBinder - Binding entity from annotated class: Classes.Person
12:55:24.740 [main] DEBUG org.hibernate.cfg.Ejb3Column - Binding column: Ejb3DiscriminatorColumn{logicalColumnName'DTYPE', discriminatorTypeName='string'}
12:55:24.740 [main] DEBUG o.h.cfg.annotations.EntityBinder - Import with entity name Person
12:55:24.740 [main] DEBUG o.h.cfg.annotations.EntityBinder - Bind entity Classes.Person on table Person
12:55:24.740 [main] DEBUG org.hibernate.cfg.Ejb3Column - Binding column: Ejb3Column{table=org.hibernate.mapping.Table(Person), mappingColumn=id, insertable=true, updatable=true, unique=false}
12:55:24.740 [main] DEBUG o.h.b.internal.ClassLoaderAccessImpl - Not known whether passed class name [Classes.Person] is safe
12:55:24.740 [main] DEBUG o.h.b.internal.ClassLoaderAccessImpl - No temp ClassLoader provided; using live ClassLoader for loading potentially unsafe class : Classes.Person
12:55:24.740 [main] DEBUG o.h.cfg.annotations.PropertyBinder - MetadataSourceProcessor property id with lazy=false
12:55:24.740 [main] DEBUG o.h.cfg.AbstractPropertyHolder - Attempting to locate auto-apply AttributeConverter for property [Classes.Person:id]
12:55:24.740 [main] DEBUG o.h.c.annotations.SimpleValueBinder - building SimpleValue for id
12:55:24.741 [main] DEBUG o.h.cfg.annotations.PropertyBinder - Building property id
12:55:24.741 [main] DEBUG org.hibernate.cfg.BinderHelper - #makeIdGenerator(org.hibernate.mapping.SimpleValue([org.hibernate.mapping.Column(id)]), id, identity, , ...)
12:55:24.741 [main] DEBUG org.hibernate.cfg.Ejb3Column - Binding column: Ejb3Column{table=org.hibernate.mapping.Table(Person), mappingColumn=birthdate, insertable=true, updatable=true, unique=false}
12:55:24.741 [main] DEBUG o.h.cfg.annotations.PropertyBinder - MetadataSourceProcessor property birthdate with lazy=false
12:55:24.741 [main] DEBUG o.h.cfg.AbstractPropertyHolder - Attempting to locate auto-apply AttributeConverter for property [Classes.Person:birthdate]
12:55:24.741 [main] DEBUG o.h.c.annotations.SimpleValueBinder - building SimpleValue for birthdate
12:55:24.741 [main] DEBUG o.h.cfg.annotations.PropertyBinder - Building property birthdate
12:55:24.741 [main] DEBUG org.hibernate.cfg.Ejb3Column - Binding column: Ejb3JoinColumn{logicalColumnName='null', referencedColumn='null', mappedBy=''}
12:55:24.741 [main] DEBUG org.hibernate.cfg.Ejb3Column - Binding column: Ejb3Column{table=org.hibernate.mapping.Table(Person), mappingColumn=cardNum, insertable=true, updatable=true, unique=false}
12:55:24.742 [main] DEBUG o.h.cfg.annotations.PropertyBinder - Building property cardNum
12:55:24.742 [main] DEBUG org.hibernate.cfg.Ejb3Column - Binding column: Ejb3Column{table=org.hibernate.mapping.Table(Person), mappingColumn=firstName, insertable=true, updatable=true, unique=false}
12:55:24.742 [main] DEBUG o.h.cfg.annotations.PropertyBinder - MetadataSourceProcessor property firstName with lazy=false
12:55:24.742 [main] DEBUG o.h.cfg.AbstractPropertyHolder - Attempting to locate auto-apply AttributeConverter for property [Classes.Person:firstName]
12:55:24.742 [main] DEBUG o.h.c.annotations.SimpleValueBinder - building SimpleValue for firstName
12:55:24.742 [main] DEBUG o.h.cfg.annotations.PropertyBinder - Building property firstName
12:55:24.742 [main] DEBUG org.hibernate.cfg.Ejb3Column - Binding column: Ejb3Column{table=org.hibernate.mapping.Table(Person), mappingColumn=lastName, insertable=true, updatable=true, unique=false}
12:55:24.743 [main] DEBUG o.h.cfg.annotations.PropertyBinder - MetadataSourceProcessor property lastName with lazy=false
12:55:24.743 [main] DEBUG o.h.cfg.AbstractPropertyHolder - Attempting to locate auto-apply AttributeConverter for property [Classes.Person:lastName]
12:55:24.743 [main] DEBUG o.h.c.annotations.SimpleValueBinder - building SimpleValue for lastName
12:55:24.743 [main] DEBUG o.h.cfg.annotations.PropertyBinder - Building property lastName
12:55:24.743 [main] DEBUG org.hibernate.cfg.AnnotationBinder - Binding entity from annotated class: Classes.Ticket
12:55:24.743 [main] DEBUG org.hibernate.cfg.Ejb3Column - Binding column: Ejb3DiscriminatorColumn{logicalColumnName'DTYPE', discriminatorTypeName='string'}
12:55:24.743 [main] DEBUG o.h.cfg.annotations.EntityBinder - Import with entity name Ticket
12:55:24.743 [main] DEBUG o.h.cfg.annotations.EntityBinder - Bind entity Classes.Ticket on table Ticket
12:55:24.745 [main] DEBUG org.hibernate.cfg.Ejb3Column - Binding column: Ejb3Column{table=org.hibernate.mapping.Table(Ticket), mappingColumn=id, insertable=true, updatable=true, unique=false}
12:55:24.745 [main] DEBUG o.h.b.internal.ClassLoaderAccessImpl - Not known whether passed class name [Classes.Ticket] is safe
12:55:24.745 [main] DEBUG o.h.b.internal.ClassLoaderAccessImpl - No temp ClassLoader provided; using live ClassLoader for loading potentially unsafe class : Classes.Ticket
12:55:24.745 [main] DEBUG o.h.cfg.annotations.PropertyBinder - MetadataSourceProcessor property id with lazy=false
12:55:24.745 [main] DEBUG o.h.cfg.AbstractPropertyHolder - Attempting to locate auto-apply AttributeConverter for property [Classes.Ticket:id]
12:55:24.745 [main] DEBUG o.h.c.annotations.SimpleValueBinder - building SimpleValue for id
12:55:24.745 [main] DEBUG o.h.cfg.annotations.PropertyBinder - Building property id
12:55:24.745 [main] DEBUG org.hibernate.cfg.BinderHelper - #makeIdGenerator(org.hibernate.mapping.SimpleValue([org.hibernate.mapping.Column(id)]), id, identity, , ...)
12:55:24.746 [main] DEBUG org.hibernate.cfg.Ejb3Column - Binding column: Ejb3JoinColumn{logicalColumnName='null', referencedColumn='null', mappedBy='null'}
12:55:24.746 [main] DEBUG org.hibernate.cfg.Ejb3Column - Binding column: Ejb3Column{table=org.hibernate.mapping.Table(Ticket), mappingColumn=seller, insertable=true, updatable=true, unique=false}
12:55:24.746 [main] DEBUG o.h.cfg.annotations.PropertyBinder - Building property seller
12:55:24.746 [main] DEBUG org.hibernate.cfg.AnnotationBinder - Binding entity from annotated class: Classes.Pass
12:55:24.746 [main] DEBUG o.h.cfg.annotations.EntityBinder - Import with entity name Pass
12:55:24.747 [main] DEBUG org.hibernate.cfg.Ejb3Column - Binding column: Ejb3JoinColumn{logicalColumnName='null', referencedColumn='null', mappedBy=''}
12:55:24.747 [main] DEBUG org.hibernate.cfg.Ejb3Column - Binding column: Ejb3Column{table=org.hibernate.mapping.Table(Ticket), mappingColumn=person, insertable=true, updatable=true, unique=false}
12:55:24.747 [main] DEBUG o.h.cfg.annotations.PropertyBinder - Building property person
12:55:24.747 [main] DEBUG org.hibernate.cfg.Ejb3Column - Binding column: Ejb3JoinColumn{logicalColumnName='null', referencedColumn='null', mappedBy='null'}
12:55:24.747 [main] DEBUG org.hibernate.cfg.Ejb3Column - Binding column: Ejb3Column{table=org.hibernate.mapping.Table(Ticket), mappingColumn=sellers, insertable=true, updatable=true, unique=false}
12:55:24.748 [main] DEBUG o.h.cfg.annotations.PropertyBinder - Building property sellers
12:55:24.748 [main] DEBUG org.hibernate.cfg.Ejb3Column - Binding column: Ejb3Column{table=org.hibernate.mapping.Table(Ticket), mappingColumn=validity, insertable=true, updatable=true, unique=false}
12:55:24.748 [main] DEBUG o.h.cfg.annotations.PropertyBinder - MetadataSourceProcessor property validity with lazy=false
12:55:24.748 [main] DEBUG o.h.cfg.AbstractPropertyHolder - Attempting to locate auto-apply AttributeConverter for property [Classes.Pass:validity]
12:55:24.749 [main] DEBUG o.h.c.annotations.SimpleValueBinder - building SimpleValue for validity
12:55:24.749 [main] DEBUG o.h.cfg.annotations.PropertyBinder - Building property validity
12:55:24.749 [main] DEBUG org.hibernate.cfg.AnnotationBinder - Binding entity from annotated class: Classes.Shop
12:55:24.749 [main] DEBUG o.h.cfg.annotations.EntityBinder - Import with entity name Shop
12:55:24.750 [main] DEBUG org.hibernate.cfg.AnnotationBinder - Skipping attribute [java.util.List : passes] as it was already processed as part of super hierarchy
12:55:24.750 [main] DEBUG org.hibernate.cfg.Ejb3Column - Binding column: Ejb3JoinColumn{logicalColumnName='null', referencedColumn='null', mappedBy=''}
12:55:24.750 [main] DEBUG org.hibernate.cfg.Ejb3Column - Binding column: Ejb3Column{table=org.hibernate.mapping.Table(TicketSeller), mappingColumn=people, insertable=true, updatable=true, unique=false}
12:55:24.750 [main] DEBUG org.hibernate.cfg.Ejb3Column - Binding column: Ejb3Column{table=org.hibernate.mapping.Table(TicketSeller), mappingColumn=null, insertable=true, updatable=true, unique=false}
12:55:24.750 [main] DEBUG org.hibernate.cfg.Ejb3Column - Binding column: Ejb3Column{table=org.hibernate.mapping.Table(TicketSeller), mappingColumn=element, insertable=true, updatable=true, unique=false}
12:55:24.750 [main] DEBUG org.hibernate.cfg.Ejb3Column - Binding column: Ejb3Column{table=org.hibernate.mapping.Table(TicketSeller), mappingColumn=people_KEY, insertable=true, updatable=true, unique=false}
12:55:24.750 [main] DEBUG org.hibernate.cfg.Ejb3Column - Binding column: Ejb3JoinColumn{logicalColumnName='people_KEY', referencedColumn='null', mappedBy='null'}
12:55:24.750 [main] DEBUG org.hibernate.cfg.Ejb3Column - Binding column: Ejb3JoinColumn{logicalColumnName='null', referencedColumn='null', mappedBy=''}
12:55:24.751 [main] DEBUG org.hibernate.cfg.Ejb3Column - Binding column: Ejb3JoinColumn{logicalColumnName='null', referencedColumn='null', mappedBy=''}
12:55:24.751 [main] DEBUG o.h.cfg.annotations.CollectionBinder - Collection role: Classes.Shop.people
12:55:24.751 [main] DEBUG o.h.cfg.annotations.PropertyBinder - Building property people
12:55:24.751 [main] DEBUG org.hibernate.cfg.AnnotationBinder - Skipping attribute [java.util.List : tickets] as it was already processed as part of super hierarchy
12:55:24.751 [main] DEBUG org.hibernate.cfg.AnnotationBinder - Binding entity from annotated class: Classes.VendingMachine
12:55:24.751 [main] DEBUG o.h.cfg.annotations.EntityBinder - Import with entity name VendingMachine
12:55:24.751 [main] DEBUG org.hibernate.cfg.Ejb3Column - Binding column: Ejb3Column{table=org.hibernate.mapping.Table(TicketSeller), mappingColumn=isWorking, insertable=true, updatable=true, unique=false}
12:55:24.751 [main] DEBUG o.h.cfg.annotations.PropertyBinder - MetadataSourceProcessor property isWorking with lazy=false
12:55:24.751 [main] DEBUG o.h.cfg.AbstractPropertyHolder - Attempting to locate auto-apply AttributeConverter for property [Classes.VendingMachine:isWorking]
12:55:24.751 [main] DEBUG o.h.c.annotations.SimpleValueBinder - building SimpleValue for isWorking
12:55:24.751 [main] DEBUG o.h.cfg.annotations.PropertyBinder - Building property isWorking
12:55:24.753 [main] DEBUG o.h.c.annotations.SimpleValueBinder - Starting fillSimpleValue for id
12:55:24.753 [main] DEBUG o.h.c.annotations.SimpleValueBinder - Starting fillSimpleValue for name
12:55:24.753 [main] DEBUG o.h.c.annotations.SimpleValueBinder - Starting fillSimpleValue for id
12:55:24.753 [main] DEBUG o.h.c.annotations.SimpleValueBinder - Starting fillSimpleValue for emissionDate
12:55:24.753 [main] DEBUG o.h.c.annotations.SimpleValueBinder - Starting fillSimpleValue for expirationDate
12:55:24.753 [main] DEBUG o.h.c.annotations.SimpleValueBinder - Starting fillSimpleValue for id
12:55:24.753 [main] DEBUG o.h.c.annotations.SimpleValueBinder - Starting fillSimpleValue for birthdate
12:55:24.753 [main] DEBUG o.h.c.annotations.SimpleValueBinder - Starting fillSimpleValue for firstName
12:55:24.753 [main] DEBUG o.h.c.annotations.SimpleValueBinder - Starting fillSimpleValue for lastName
12:55:24.753 [main] DEBUG o.h.c.annotations.SimpleValueBinder - Starting fillSimpleValue for id
12:55:24.753 [main] DEBUG o.h.c.annotations.SimpleValueBinder - Starting fillSimpleValue for validity
12:55:24.754 [main] DEBUG o.h.c.annotations.SimpleValueBinder - Starting fillSimpleValue for isWorking
12:55:24.757 [main] DEBUG org.hibernate.mapping.PrimaryKey - Forcing column [id] to be non-null as it is part of the primary key for table [ticketseller]
12:55:24.757 [main] DEBUG org.hibernate.mapping.PrimaryKey - Forcing column [id] to be non-null as it is part of the primary key for table [card]
12:55:24.757 [main] DEBUG org.hibernate.mapping.PrimaryKey - Forcing column [id] to be non-null as it is part of the primary key for table [person]
12:55:24.757 [main] DEBUG org.hibernate.mapping.PrimaryKey - Forcing column [id] to be non-null as it is part of the primary key for table [ticket]
12:55:24.757 [main] DEBUG o.hibernate.cfg.CollectionSecondPass - Second pass for collection: Classes.Shop.people
12:55:24.757 [main] DEBUG o.h.cfg.annotations.CollectionBinder - Binding a OneToMany: Classes.Shop.people through an association table
12:55:24.762 [main] DEBUG o.hibernate.cfg.CollectionSecondPass - Mapped collection key: Shop_id, element: people_id
12:55:24.762 [main] DEBUG o.hibernate.cfg.CollectionSecondPass - Second pass for collection: Abstract.TicketSeller.tickets
12:55:24.762 [main] DEBUG o.h.cfg.annotations.CollectionBinder - Binding a OneToMany: Abstract.TicketSeller.tickets through an association table
12:55:24.762 [main] DEBUG o.hibernate.cfg.CollectionSecondPass - Mapped collection key: TicketSeller_id, element: tickets_id
12:55:24.762 [main] DEBUG o.hibernate.cfg.CollectionSecondPass - Second pass for collection: Abstract.TicketSeller.passes
12:55:24.762 [main] DEBUG o.h.cfg.annotations.CollectionBinder - Binding a OneToMany: Abstract.TicketSeller.passes through an association table
12:55:24.762 [main] DEBUG o.hibernate.cfg.CollectionSecondPass - Mapped collection key: TicketSeller_id, element: passes_id
12:55:24.763 [main] DEBUG o.h.cfg.annotations.PropertyBinder - Building property person
12:55:24.763 [main] DEBUG o.h.b.i.InFlightMetadataCollectorImpl - Processing association property references
12:55:24.763 [main] DEBUG o.h.b.i.InFlightMetadataCollectorImpl - Resolving reference to class: Classes.Card
12:55:24.764 [main] DEBUG o.h.b.i.InFlightMetadataCollectorImpl - Resolving reference to class: Abstract.TicketSeller
12:55:24.764 [main] DEBUG o.h.b.i.InFlightMetadataCollectorImpl - Resolving reference to class: Classes.Person
12:55:24.764 [main] DEBUG o.h.b.i.InFlightMetadataCollectorImpl - Resolving reference to class: Abstract.TicketSeller
12:55:24.764 [main] DEBUG o.h.b.i.InFlightMetadataCollectorImpl - Resolving reference to class: Classes.Person
12:55:24.764 [main] DEBUG o.h.b.i.InFlightMetadataCollectorImpl - Resolving reference to class: Classes.Shop
12:55:24.764 [main] DEBUG o.h.b.i.InFlightMetadataCollectorImpl - Resolving reference to class: Classes.Ticket
12:55:24.766 [main] DEBUG o.h.b.i.InFlightMetadataCollectorImpl - Resolving reference to class: Abstract.TicketSeller
12:55:24.766 [main] DEBUG o.h.b.i.InFlightMetadataCollectorImpl - Resolving reference to class: Classes.Pass
12:55:24.767 [main] DEBUG o.h.b.i.InFlightMetadataCollectorImpl - Processing association property references
12:55:24.767 [main] DEBUG o.h.b.i.InFlightMetadataCollectorImpl - Resolving reference to class: Classes.Card
12:55:24.767 [main] DEBUG o.h.b.i.InFlightMetadataCollectorImpl - Resolving reference to class: Abstract.TicketSeller
12:55:24.767 [main] DEBUG o.h.b.i.InFlightMetadataCollectorImpl - Resolving reference to class: Classes.Person
12:55:24.767 [main] DEBUG o.h.b.i.InFlightMetadataCollectorImpl - Resolving reference to class: Abstract.TicketSeller
12:55:24.767 [main] DEBUG o.h.b.i.InFlightMetadataCollectorImpl - Resolving reference to class: Classes.Person
12:55:24.767 [main] DEBUG o.h.b.i.InFlightMetadataCollectorImpl - Resolving reference to class: Classes.Shop
12:55:24.767 [main] DEBUG o.h.b.i.InFlightMetadataCollectorImpl - Resolving reference to class: Classes.Ticket
12:55:24.767 [main] DEBUG o.h.b.i.InFlightMetadataCollectorImpl - Resolving reference to class: Abstract.TicketSeller
12:55:24.767 [main] DEBUG o.h.b.i.InFlightMetadataCollectorImpl - Resolving reference to class: Classes.Pass
12:55:24.794 [main] DEBUG o.h.internal.SessionFactoryImpl - Building session factory
12:55:24.795 [main] DEBUG org.hibernate.cfg.Settings - SessionFactory name : null
12:55:24.795 [main] DEBUG org.hibernate.cfg.Settings - Automatic flush during beforeCompletion(): enabled
12:55:24.795 [main] DEBUG org.hibernate.cfg.Settings - Automatic session close at end of transaction: disabled
12:55:24.795 [main] DEBUG org.hibernate.cfg.Settings - Statistics: disabled
12:55:24.795 [main] DEBUG org.hibernate.cfg.Settings - Deleted entity synthetic identifier rollback: disabled
12:55:24.795 [main] DEBUG org.hibernate.cfg.Settings - Default entity-mode: pojo
12:55:24.795 [main] DEBUG org.hibernate.cfg.Settings - Check Nullability in Core (should be disabled when Bean Validation is on): enabled
12:55:24.795 [main] DEBUG org.hibernate.cfg.Settings - Allow initialization of lazy state outside session : disabled
12:55:24.795 [main] DEBUG org.hibernate.cfg.Settings - Using BatchFetchStyle : LEGACY
12:55:24.795 [main] DEBUG org.hibernate.cfg.Settings - Default batch fetch size: -1
12:55:24.795 [main] DEBUG org.hibernate.cfg.Settings - Maximum outer join fetch depth: null
12:55:24.795 [main] DEBUG org.hibernate.cfg.Settings - Default null ordering: NONE
12:55:24.795 [main] DEBUG org.hibernate.cfg.Settings - Order SQL updates by primary key: disabled
12:55:24.795 [main] DEBUG org.hibernate.cfg.Settings - Order SQL inserts for batching: disabled
12:55:24.795 [main] DEBUG org.hibernate.cfg.Settings - multi-tenancy strategy : NONE
12:55:24.795 [main] DEBUG org.hibernate.cfg.Settings - JTA Track by Thread: enabled
12:55:24.795 [main] DEBUG org.hibernate.cfg.Settings - Query language substitutions: {}
12:55:24.795 [main] DEBUG org.hibernate.cfg.Settings - Named query checking : enabled
12:55:24.796 [main] DEBUG org.hibernate.cfg.Settings - Second-level cache: disabled
12:55:24.796 [main] DEBUG org.hibernate.cfg.Settings - Second-level query cache: disabled
12:55:24.796 [main] DEBUG org.hibernate.cfg.Settings - Second-level query cache factory: null
12:55:24.796 [main] DEBUG org.hibernate.cfg.Settings - Second-level cache region prefix: null
12:55:24.796 [main] DEBUG org.hibernate.cfg.Settings - Optimize second-level cache for minimal puts: disabled
12:55:24.796 [main] DEBUG org.hibernate.cfg.Settings - Structured second-level cache entries: disabled
12:55:24.796 [main] DEBUG org.hibernate.cfg.Settings - Second-level cache direct-reference entries: disabled
12:55:24.796 [main] DEBUG org.hibernate.cfg.Settings - Automatic eviction of collection cache: disabled
12:55:24.796 [main] DEBUG org.hibernate.cfg.Settings - JDBC batch size: 15
12:55:24.796 [main] DEBUG org.hibernate.cfg.Settings - JDBC batch updates for versioned data: enabled
12:55:24.796 [main] DEBUG org.hibernate.cfg.Settings - Scrollable result sets: enabled
12:55:24.796 [main] DEBUG org.hibernate.cfg.Settings - Wrap result sets: disabled
12:55:24.796 [main] DEBUG org.hibernate.cfg.Settings - JDBC3 getGeneratedKeys(): enabled
12:55:24.796 [main] DEBUG org.hibernate.cfg.Settings - JDBC result set fetch size: null
12:55:24.796 [main] DEBUG org.hibernate.cfg.Settings - Connection release mode: AFTER_TRANSACTION
12:55:24.796 [main] DEBUG org.hibernate.cfg.Settings - Generate SQL with comments: disabled
12:55:24.796 [main] DEBUG org.hibernate.cfg.Settings - JPA compliance - query : disabled
12:55:24.796 [main] DEBUG org.hibernate.cfg.Settings - JPA compliance - closed-handling : disabled
12:55:24.796 [main] DEBUG org.hibernate.cfg.Settings - JPA compliance - lists : disabled
12:55:24.796 [main] DEBUG org.hibernate.cfg.Settings - JPA compliance - transactions : disabled
12:55:24.802 [main] DEBUG o.h.b.internal.ClassLoaderAccessImpl - Not known whether passed class name [Classes.Pass] is safe
12:55:24.802 [main] DEBUG o.h.b.internal.ClassLoaderAccessImpl - No temp ClassLoader provided; using live ClassLoader for loading potentially unsafe class : Classes.Pass
12:55:24.802 [main] DEBUG o.h.b.internal.ClassLoaderAccessImpl - Not known whether passed class name [Classes.Shop] is safe
12:55:24.802 [main] DEBUG o.h.b.internal.ClassLoaderAccessImpl - No temp ClassLoader provided; using live ClassLoader for loading potentially unsafe class : Classes.Shop
12:55:24.802 [main] DEBUG o.h.b.internal.ClassLoaderAccessImpl - Not known whether passed class name [Classes.VendingMachine] is safe
12:55:24.802 [main] DEBUG o.h.b.internal.ClassLoaderAccessImpl - No temp ClassLoader provided; using live ClassLoader for loading potentially unsafe class : Classes.VendingMachine
12:55:24.828 [main] DEBUG o.h.s.i.SessionFactoryServiceRegistryImpl - EventListenerRegistry access via ServiceRegistry is deprecated.  Use `sessionFactory.getEventEngine().getListenerRegistry()` instead
12:55:24.828 [main] DEBUG o.h.s.i.SessionFactoryServiceRegistryImpl - EventListenerRegistry access via ServiceRegistry is deprecated.  Use `sessionFactory.getEventEngine().getListenerRegistry()` instead
12:55:24.837 [main] DEBUG o.h.internal.SessionFactoryImpl - Session factory constructed with filter configurations : {}
12:55:24.837 [main] DEBUG o.h.internal.SessionFactoryImpl - Instantiating session factory with properties: {java.specification.version=17, sun.cpu.isalist=amd64, sun.jnu.encoding=Cp1252, hibernate.dialect=org.hibernate.dialect.PostgreSQLDialect, java.class.path=C:\Users\total\Desktop\All\Epicode\fs0223-Luca-Sernicola-BackEnd\BuildWeek_4\target\classes;C:\Users\total\.m2\repository\ch\qos\logback\logback-classic\1.4.8\logback-classic-1.4.8.jar;C:\Users\total\.m2\repository\ch\qos\logback\logback-core\1.4.8\logback-core-1.4.8.jar;C:\Users\total\.m2\repository\org\slf4j\slf4j-api\2.0.7\slf4j-api-2.0.7.jar;C:\Users\total\.m2\repository\commons-io\commons-io\2.13.0\commons-io-2.13.0.jar;C:\Users\total\.m2\repository\org\postgresql\postgresql\42.6.0\postgresql-42.6.0.jar;C:\Users\total\.m2\repository\org\checkerframework\checker-qual\3.31.0\checker-qual-3.31.0.jar;C:\Users\total\.m2\repository\org\hibernate\hibernate-core\5.6.15.Final\hibernate-core-5.6.15.Final.jar;C:\Users\total\.m2\repository\org\jboss\logging\jboss-logging\3.4.3.Final\jboss-logging-3.4.3.Final.jar;C:\Users\total\.m2\repository\javax\persistence\javax.persistence-api\2.2\javax.persistence-api-2.2.jar;C:\Users\total\.m2\repository\net\bytebuddy\byte-buddy\1.12.18\byte-buddy-1.12.18.jar;C:\Users\total\.m2\repository\antlr\antlr\2.7.7\antlr-2.7.7.jar;C:\Users\total\.m2\repository\org\jboss\spec\javax\transaction\jboss-transaction-api_1.2_spec\1.1.1.Final\jboss-transaction-api_1.2_spec-1.1.1.Final.jar;C:\Users\total\.m2\repository\org\jboss\jandex\2.4.2.Final\jandex-2.4.2.Final.jar;C:\Users\total\.m2\repository\com\fasterxml\classmate\1.5.1\classmate-1.5.1.jar;C:\Users\total\.m2\repository\javax\activation\javax.activation-api\1.2.0\javax.activation-api-1.2.0.jar;C:\Users\total\.m2\repository\org\hibernate\common\hibernate-commons-annotations\5.1.2.Final\hibernate-commons-annotations-5.1.2.Final.jar;C:\Users\total\.m2\repository\javax\xml\bind\jaxb-api\2.3.1\jaxb-api-2.3.1.jar;C:\Users\total\.m2\repository\org\glassfish\jaxb\jaxb-runtime\2.3.1\jaxb-runtime-2.3.1.jar;C:\Users\total\.m2\repository\org\glassfish\jaxb\txw2\2.3.1\txw2-2.3.1.jar;C:\Users\total\.m2\repository\com\sun\istack\istack-commons-runtime\3.0.7\istack-commons-runtime-3.0.7.jar;C:\Users\total\.m2\repository\org\jvnet\staxex\stax-ex\1.8\stax-ex-1.8.jar;C:\Users\total\.m2\repository\com\sun\xml\fastinfoset\FastInfoset\1.2.15\FastInfoset-1.2.15.jar;C:\Users\total\Desktop\All\Epicode\fs0223-Luca-Sernicola-BackEnd\Homework_W3_D3\target\classes, java.vm.vendor=Eclipse Adoptium, sun.arch.data.model=64, user.variant=, java.vendor.url=https://adoptium.net/, user.timezone=Europe/Rome, javax.persistence.jdbc.url=jdbc:postgresql://localhost:5432/BuildWeek, javax.persistence.jdbc.user=****, java.vm.specification.version=17, os.name=Windows 11, jakarta.persistence.jdbc.password=****, sun.java.launcher=SUN_STANDARD, user.country=US, local.setting.IS_JTA_TXN_COORD=false, sun.boot.library.path=C:\Users\total\.p2\pool\plugins\org.eclipse.justj.openjdk.hotspot.jre.full.win32.x86_64_17.0.7.v20230425-1502\jre\bin, sun.java.command=MainClass.MainClass, jdk.debug=release, jakarta.persistence.jdbc.driver=org.postgresql.Driver, sun.cpu.endian=little, user.home=C:\Users\total, user.language=en, java.specification.vendor=Oracle Corporation, java.version.date=2023-04-18, java.home=C:\Users\total\.p2\pool\plugins\org.eclipse.justj.openjdk.hotspot.jre.full.win32.x86_64_17.0.7.v20230425-1502\jre, file.separator=\, java.vm.compressedOopsMode=Zero based, jakarta.persistence.jdbc.user=****, line.separator=
, hibernate.persistenceUnitName=BuildWeek_4, java.vm.specification.vendor=Oracle Corporation, java.specification.name=Java Platform API Specification, hibernate.transaction.coordinator_class=class org.hibernate.resource.transaction.backend.jdbc.internal.JdbcResourceLocalTransactionCoordinatorBuilderImpl, javax.persistence.jdbc.driver=org.postgresql.Driver, hibernate.hbm2ddl.auto=update, user.script=, sun.management.compiler=HotSpot 64-Bit Tiered Compilers, java.runtime.version=17.0.7+7, user.name=total, path.separator=;, hibernate.connection.username=****, os.version=10.0, java.runtime.name=OpenJDK Runtime Environment, hibernate.connection.url=jdbc:postgresql://localhost:5432/BuildWeek, file.encoding=UTF-8, hibernate.ejb.persistenceUnitName=BuildWeek_4, java.vm.name=OpenJDK 64-Bit Server VM, java.vendor.version=Temurin-17.0.7+7, hibernate.connection.driver_class=org.postgresql.Driver, java.vendor.url.bug=https://github.com/adoptium/adoptium-support/issues, java.io.tmpdir=C:\Users\total\AppData\Local\Temp\, java.version=17.0.7, user.dir=C:\Users\total\Desktop\All\Epicode\fs0223-Luca-Sernicola-BackEnd\BuildWeek_4, os.arch=amd64, java.vm.specification.name=Java Virtual Machine Specification, hibernate.connection.password=****, sun.os.patch.level=, jakarta.persistence.jdbc.url=jdbc:postgresql://localhost:5432/BuildWeek, hibernate.boot.CfgXmlAccessService.key=org.hibernate.boot.registry.StandardServiceRegistryBuilder$1@4554de02, native.encoding=Cp1252, java.library.path=C:\Users\total\.p2\pool\plugins\org.eclipse.justj.openjdk.hotspot.jre.full.win32.x86_64_17.0.7.v20230425-1502\jre\bin;C:\windows\Sun\Java\bin;C:\windows\system32;C:\windows;C:/Users/total/.p2/pool/plugins/org.eclipse.justj.openjdk.hotspot.jre.full.win32.x86_64_17.0.7.v20230425-1502/jre/bin/server;C:/Users/total/.p2/pool/plugins/org.eclipse.justj.openjdk.hotspot.jre.full.win32.x86_64_17.0.7.v20230425-1502/jre/bin;C:\Program Files\Eclipse Adoptium\jdk-17.0.7.7-hotspot\bin;C:\Program Files (x86)\NVIDIA Corporation\PhysX\Common;C:\windows\system32;C:\windows;C:\windows\System32\Wbem;C:\windows\System32\WindowsPowerShell\v1.0\;C:\windows\System32\OpenSSH\;C:\Program Files\Git\cmd;C:\Program Files\nodejs\;C:\Users\total\AppData\Local\Microsoft\WindowsApps;C:\Users\total\AppData\Local\Programs\Microsoft VS Code\bin;C:\Users\total\AppData\Roaming\npm;C:\Users\total\AppData\Local\GitHubDesktop\bin;C:\windows\System32;;., java.vendor=Eclipse Adoptium, java.vm.info=mixed mode, java.vm.version=17.0.7+7, hibernate.bytecode.use_reflection_optimizer=false, sun.io.unicode.encoding=UnicodeLittle, javax.persistence.jdbc.password=****, java.class.version=61.0}
12:55:24.848 [main] DEBUG o.h.secure.spi.JaccIntegrator - Skipping JACC integration as it was not enabled
12:55:24.851 [main] DEBUG org.hibernate.type.EnumType - Using ORDINAL-based conversion for Enum Enums.Validity
12:55:24.852 [main] DEBUG o.h.internal.SessionFactoryImpl - Instantiated session factory
12:55:24.852 [main] DEBUG o.h.type.spi.TypeConfiguration$Scope - Scoping TypeConfiguration [org.hibernate.type.spi.TypeConfiguration@4f20a5e0] to SessionFactoryImpl [org.hibernate.internal.SessionFactoryImpl@3e17a0a1]
12:55:24.886 [main] DEBUG o.h.b.internal.ClassLoaderAccessImpl - Not known whether passed class name [Abstract.TicketSeller] is safe
12:55:24.886 [main] DEBUG o.h.b.internal.ClassLoaderAccessImpl - No temp ClassLoader provided; using live ClassLoader for loading potentially unsafe class : Abstract.TicketSeller
12:55:24.888 [main] DEBUG o.h.b.internal.ClassLoaderAccessImpl - Not known whether passed class name [Classes.Shop] is safe
12:55:24.888 [main] DEBUG o.h.b.internal.ClassLoaderAccessImpl - No temp ClassLoader provided; using live ClassLoader for loading potentially unsafe class : Classes.Shop
12:55:24.888 [main] DEBUG o.h.b.internal.ClassLoaderAccessImpl - Not known whether passed class name [Classes.VendingMachine] is safe
12:55:24.888 [main] DEBUG o.h.b.internal.ClassLoaderAccessImpl - No temp ClassLoader provided; using live ClassLoader for loading potentially unsafe class : Classes.VendingMachine
12:55:24.990 [main] DEBUG o.hibernate.orm.bytecode.interceptor - To-one property `Classes.Card#person` was mapped with LAZY + NO_PROXY but the class was not enhanced
12:55:24.990 [main] DEBUG o.hibernate.orm.bytecode.interceptor - To-one property `Classes.Card#person` was mapped with LAZY + NO_PROXY but the class was not enhanced
12:55:24.990 [main] DEBUG o.h.b.internal.ClassLoaderAccessImpl - Not known whether passed class name [Classes.Card] is safe
12:55:24.990 [main] DEBUG o.h.b.internal.ClassLoaderAccessImpl - No temp ClassLoader provided; using live ClassLoader for loading potentially unsafe class : Classes.Card
12:55:24.999 [main] DEBUG o.hibernate.orm.bytecode.interceptor - To-one property `Classes.Card#person` was mapped with LAZY + NO_PROXY but the class was not enhanced
12:55:24.999 [main] DEBUG o.hibernate.orm.bytecode.interceptor - To-one property `Classes.Card#person` was mapped with LAZY + NO_PROXY but the class was not enhanced
12:55:24.999 [main] DEBUG o.hibernate.orm.bytecode.interceptor - To-one property `Classes.Person#cardNum` was mapped with LAZY + NO_PROXY but the class was not enhanced
12:55:24.999 [main] DEBUG o.hibernate.orm.bytecode.interceptor - To-one property `Classes.Person#cardNum` was mapped with LAZY + NO_PROXY but the class was not enhanced
12:55:24.999 [main] DEBUG o.h.b.internal.ClassLoaderAccessImpl - Not known whether passed class name [Classes.Person] is safe
12:55:25.000 [main] DEBUG o.h.b.internal.ClassLoaderAccessImpl - No temp ClassLoader provided; using live ClassLoader for loading potentially unsafe class : Classes.Person
12:55:25.006 [main] DEBUG o.hibernate.orm.bytecode.interceptor - To-one property `Classes.Person#cardNum` was mapped with LAZY + NO_PROXY but the class was not enhanced
12:55:25.006 [main] DEBUG o.hibernate.orm.bytecode.interceptor - To-one property `Classes.Person#cardNum` was mapped with LAZY + NO_PROXY but the class was not enhanced
12:55:25.006 [main] DEBUG o.hibernate.orm.bytecode.interceptor - To-one property `Classes.Ticket#seller` was mapped with LAZY + NO_PROXY but the class was not enhanced
12:55:25.006 [main] DEBUG o.hibernate.orm.bytecode.interceptor - To-one property `Classes.Ticket#seller` was mapped with LAZY + NO_PROXY but the class was not enhanced
12:55:25.006 [main] DEBUG o.hibernate.orm.bytecode.interceptor - To-one property `Classes.Pass#person` was mapped with LAZY + NO_PROXY but the class was not enhanced
12:55:25.006 [main] DEBUG o.hibernate.orm.bytecode.interceptor - To-one property `Classes.Pass#person` was mapped with LAZY + NO_PROXY but the class was not enhanced
12:55:25.006 [main] DEBUG o.hibernate.orm.bytecode.interceptor - To-one property `Classes.Pass#sellers` was mapped with LAZY + NO_PROXY but the class was not enhanced
12:55:25.006 [main] DEBUG o.hibernate.orm.bytecode.interceptor - To-one property `Classes.Pass#sellers` was mapped with LAZY + NO_PROXY but the class was not enhanced
12:55:25.006 [main] DEBUG o.h.b.internal.ClassLoaderAccessImpl - Not known whether passed class name [Classes.Pass] is safe
12:55:25.006 [main] DEBUG o.h.b.internal.ClassLoaderAccessImpl - No temp ClassLoader provided; using live ClassLoader for loading potentially unsafe class : Classes.Pass
12:55:25.013 [main] DEBUG o.hibernate.orm.bytecode.interceptor - To-one property `Classes.Ticket#seller` was mapped with LAZY + NO_PROXY but the class was not enhanced
12:55:25.013 [main] DEBUG o.hibernate.orm.bytecode.interceptor - To-one property `Classes.Pass#person` was mapped with LAZY + NO_PROXY but the class was not enhanced
12:55:25.013 [main] DEBUG o.hibernate.orm.bytecode.interceptor - To-one property `Classes.Pass#sellers` was mapped with LAZY + NO_PROXY but the class was not enhanced
12:55:25.013 [main] DEBUG o.hibernate.orm.bytecode.interceptor - To-one property `Classes.Ticket#seller` was mapped with LAZY + NO_PROXY but the class was not enhanced
12:55:25.013 [main] DEBUG o.hibernate.orm.bytecode.interceptor - To-one property `Classes.Pass#person` was mapped with LAZY + NO_PROXY but the class was not enhanced
12:55:25.013 [main] DEBUG o.hibernate.orm.bytecode.interceptor - To-one property `Classes.Pass#sellers` was mapped with LAZY + NO_PROXY but the class was not enhanced
12:55:25.018 [main] DEBUG o.hibernate.orm.bytecode.interceptor - To-one property `Classes.Ticket#seller` was mapped with LAZY + NO_PROXY but the class was not enhanced
12:55:25.018 [main] DEBUG o.hibernate.orm.bytecode.interceptor - To-one property `Classes.Ticket#seller` was mapped with LAZY + NO_PROXY but the class was not enhanced
12:55:25.018 [main] DEBUG o.h.b.internal.ClassLoaderAccessImpl - Not known whether passed class name [Classes.Ticket] is safe
12:55:25.018 [main] DEBUG o.h.b.internal.ClassLoaderAccessImpl - No temp ClassLoader provided; using live ClassLoader for loading potentially unsafe class : Classes.Ticket
12:55:25.022 [main] DEBUG o.hibernate.orm.bytecode.interceptor - To-one property `Classes.Ticket#seller` was mapped with LAZY + NO_PROXY but the class was not enhanced
12:55:25.022 [main] DEBUG o.hibernate.orm.bytecode.interceptor - To-one property `Classes.Ticket#seller` was mapped with LAZY + NO_PROXY but the class was not enhanced
12:55:25.022 [main] DEBUG o.hibernate.orm.bytecode.interceptor - To-one property `Classes.Pass#person` was mapped with LAZY + NO_PROXY but the class was not enhanced
12:55:25.022 [main] DEBUG o.hibernate.orm.bytecode.interceptor - To-one property `Classes.Pass#sellers` was mapped with LAZY + NO_PROXY but the class was not enhanced
12:55:25.032 [main] DEBUG o.h.p.c.AbstractCollectionPersister - Static SQL for collection: Abstract.TicketSeller.tickets
12:55:25.032 [main] DEBUG o.h.p.c.AbstractCollectionPersister -  Row insert: insert into TicketSeller_Ticket (TicketSeller_id, tickets_id) values (?, ?)
12:55:25.032 [main] DEBUG o.h.p.c.AbstractCollectionPersister -  Row update: update TicketSeller_Ticket set tickets_id=? where TicketSeller_id=? and tickets_id=?
12:55:25.032 [main] DEBUG o.h.p.c.AbstractCollectionPersister -  Row delete: delete from TicketSeller_Ticket where TicketSeller_id=? and tickets_id=?
12:55:25.032 [main] DEBUG o.h.p.c.AbstractCollectionPersister -  One-shot delete: delete from TicketSeller_Ticket where TicketSeller_id=?
12:55:25.032 [main] DEBUG o.h.p.c.AbstractCollectionPersister - Static SQL for collection: Abstract.TicketSeller.passes
12:55:25.032 [main] DEBUG o.h.p.c.AbstractCollectionPersister -  Row insert: insert into TicketSeller_Ticket (TicketSeller_id, passes_id) values (?, ?)
12:55:25.032 [main] DEBUG o.h.p.c.AbstractCollectionPersister -  Row update: update TicketSeller_Ticket set passes_id=? where TicketSeller_id=? and passes_id=?
12:55:25.032 [main] DEBUG o.h.p.c.AbstractCollectionPersister -  Row delete: delete from TicketSeller_Ticket where TicketSeller_id=? and passes_id=?
12:55:25.032 [main] DEBUG o.h.p.c.AbstractCollectionPersister -  One-shot delete: delete from TicketSeller_Ticket where TicketSeller_id=?
12:55:25.033 [main] DEBUG o.h.p.c.AbstractCollectionPersister - Static SQL for collection: Classes.Shop.people
12:55:25.033 [main] DEBUG o.h.p.c.AbstractCollectionPersister -  Row insert: insert into TicketSeller_Person (Shop_id, people_id) values (?, ?)
12:55:25.033 [main] DEBUG o.h.p.c.AbstractCollectionPersister -  Row update: update TicketSeller_Person set people_id=? where Shop_id=? and people_id=?
12:55:25.033 [main] DEBUG o.h.p.c.AbstractCollectionPersister -  Row delete: delete from TicketSeller_Person where Shop_id=? and people_id=?
12:55:25.033 [main] DEBUG o.h.p.c.AbstractCollectionPersister -  One-shot delete: delete from TicketSeller_Person where Shop_id=?
12:55:25.035 [main] DEBUG o.h.p.entity.AbstractEntityPersister - Static SQL for entity: Abstract.TicketSeller
12:55:25.035 [main] DEBUG o.h.p.entity.AbstractEntityPersister -  Version select: select id from TicketSeller where id =?
12:55:25.035 [main] DEBUG o.h.p.entity.AbstractEntityPersister -  Snapshot select: select ticketsell_.id, ticketsell_.seller_name as seller_n3_3_ from TicketSeller ticketsell_ where ticketsell_.id=?
12:55:25.035 [main] DEBUG o.h.p.entity.AbstractEntityPersister -  Insert 0: insert into TicketSeller (seller_name, type, id) values (?, 'TicketSeller', ?)
12:55:25.035 [main] DEBUG o.h.p.entity.AbstractEntityPersister -  Update 0: update TicketSeller set seller_name=? where id=?
12:55:25.035 [main] DEBUG o.h.p.entity.AbstractEntityPersister -  Delete 0: delete from TicketSeller where id=?
12:55:25.048 [main] DEBUG o.h.l.p.b.i.spaces.QuerySpacesImpl - Adding QuerySpace : uid = <gen:0> -> org.hibernate.loader.plan.build.internal.spaces.EntityQuerySpaceImpl@5befbac1]
12:55:25.048 [main] DEBUG o.h.p.w.spi.MetamodelGraphWalker - Visiting attribute path : name
12:55:25.048 [main] DEBUG o.h.p.w.spi.MetamodelGraphWalker - Visiting attribute path : passes
12:55:25.050 [main] DEBUG o.h.l.p.b.i.spaces.QuerySpacesImpl - Adding QuerySpace : uid = <gen:1> -> org.hibernate.loader.plan.build.internal.spaces.CollectionQuerySpaceImpl@75156240]
12:55:25.051 [main] DEBUG o.h.l.p.b.i.spaces.QuerySpacesImpl - Adding QuerySpace : uid = <gen:2> -> org.hibernate.loader.plan.build.internal.spaces.EntityQuerySpaceImpl@5cbd94b2]
12:55:25.052 [main] DEBUG o.h.p.w.spi.MetamodelGraphWalker - Visiting attribute path : tickets
12:55:25.052 [main] DEBUG o.h.l.p.b.i.spaces.QuerySpacesImpl - Adding QuerySpace : uid = <gen:3> -> org.hibernate.loader.plan.build.internal.spaces.CollectionQuerySpaceImpl@d535a3d]
12:55:25.052 [main] DEBUG o.h.l.p.b.i.spaces.QuerySpacesImpl - Adding QuerySpace : uid = <gen:4> -> org.hibernate.loader.plan.build.internal.spaces.EntityQuerySpaceImpl@2d760326]
12:55:25.052 [main] DEBUG o.h.p.w.spi.MetamodelGraphWalker - Visiting attribute path : people
12:55:25.052 [main] DEBUG o.h.l.p.b.i.spaces.QuerySpacesImpl - Adding QuerySpace : uid = <gen:5> -> org.hibernate.loader.plan.build.internal.spaces.CollectionQuerySpaceImpl@9e54c59]
12:55:25.052 [main] DEBUG o.h.l.p.b.i.spaces.QuerySpacesImpl - Adding QuerySpace : uid = <gen:6> -> org.hibernate.loader.plan.build.internal.spaces.EntityQuerySpaceImpl@5dbb50f3]
12:55:25.052 [main] DEBUG o.h.p.w.spi.MetamodelGraphWalker - Visiting attribute path : isWorking
12:55:25.052 [main] DEBUG o.h.l.p.b.i.FetchStyleLoadPlanBuildingAssociationVisitationStrategy - Building LoadPlan...
12:55:25.057 [main] DEBUG o.h.l.p.e.i.LoadQueryJoinAndFetchProcessor - processing queryspace <gen:0>
12:55:25.060 [main] DEBUG o.h.l.p.b.spi.LoadPlanTreePrinter - LoadPlan(entity=Abstract.TicketSeller)
    - Returns
       - EntityReturnImpl(entity=Abstract.TicketSeller, querySpaceUid=<gen:0>, path=Abstract.TicketSeller)
          - CollectionAttributeFetchImpl(collection=Abstract.TicketSeller.passes, querySpaceUid=<gen:1>, path=Abstract.TicketSeller.passes)
             - (collection element) CollectionFetchableElementEntityGraph(entity=Classes.Pass, querySpaceUid=<gen:2>, path=Abstract.TicketSeller.passes.<elements>)
          - CollectionAttributeFetchImpl(collection=Abstract.TicketSeller.tickets, querySpaceUid=<gen:3>, path=Abstract.TicketSeller.tickets)
             - (collection element) CollectionFetchableElementEntityGraph(entity=Classes.Ticket, querySpaceUid=<gen:4>, path=Abstract.TicketSeller.tickets.<elements>)
          - CollectionAttributeFetchImpl(collection=Classes.Shop.people, querySpaceUid=<gen:5>, path=Abstract.TicketSeller.people)
             - (collection element) CollectionFetchableElementEntityGraph(entity=Classes.Person, querySpaceUid=<gen:6>, path=Abstract.TicketSeller.people.<elements>)
    - QuerySpaces
       - EntityQuerySpaceImpl(uid=<gen:0>, entity=Abstract.TicketSeller)
          - SQL table alias mapping - ticketsell0_
          - alias suffix - 0_
          - suffixed key columns - {id2_3_0_}

12:55:25.061 [main] DEBUG o.h.loader.entity.plan.EntityLoader - Static select for entity Abstract.TicketSeller [NONE]: select ticketsell0_.id as id2_3_0_, ticketsell0_.seller_name as seller_n3_3_0_, ticketsell0_.isWorking as isworkin4_3_0_, ticketsell0_.type as type1_3_0_ from TicketSeller ticketsell0_ where ticketsell0_.id=?
12:55:25.062 [main] DEBUG o.h.p.entity.AbstractEntityPersister - Static SQL for entity: Classes.Card
12:55:25.062 [main] DEBUG o.h.p.entity.AbstractEntityPersister -  Version select: select id from Card where id =?
12:55:25.062 [main] DEBUG o.h.p.entity.AbstractEntityPersister -  Snapshot select: select card_.id, card_.emissionDate as emission2_0_, card_.expirationDate as expirati3_0_ from Card card_ where card_.id=?
12:55:25.062 [main] DEBUG o.h.p.entity.AbstractEntityPersister -  Insert 0: insert into Card (emissionDate, expirationDate, id) values (?, ?, ?)
12:55:25.062 [main] DEBUG o.h.p.entity.AbstractEntityPersister -  Update 0: update Card set emissionDate=?, expirationDate=? where id=?
12:55:25.062 [main] DEBUG o.h.p.entity.AbstractEntityPersister -  Delete 0: delete from Card where id=?
12:55:25.062 [main] DEBUG o.h.p.entity.AbstractEntityPersister -  Identity insert: insert into Card (emissionDate, expirationDate) values (?, ?)
12:55:25.062 [main] DEBUG o.h.l.p.b.i.spaces.QuerySpacesImpl - Adding QuerySpace : uid = <gen:0> -> org.hibernate.loader.plan.build.internal.spaces.EntityQuerySpaceImpl@55fee662]
12:55:25.062 [main] DEBUG o.h.p.w.spi.MetamodelGraphWalker - Visiting attribute path : emissionDate
12:55:25.062 [main] DEBUG o.h.p.w.spi.MetamodelGraphWalker - Visiting attribute path : expirationDate
12:55:25.062 [main] DEBUG o.h.p.w.spi.MetamodelGraphWalker - Visiting attribute path : person
12:55:25.063 [main] DEBUG o.h.l.p.b.i.spaces.QuerySpacesImpl - Adding QuerySpace : uid = <gen:1> -> org.hibernate.loader.plan.build.internal.spaces.EntityQuerySpaceImpl@45adc393]
12:55:25.063 [main] DEBUG o.h.p.w.spi.MetamodelGraphWalker - Visiting attribute path : person.birthdate
12:55:25.063 [main] DEBUG o.h.p.w.spi.MetamodelGraphWalker - Visiting attribute path : person.cardNum
12:55:25.064 [main] DEBUG o.h.p.w.spi.MetamodelGraphWalker - Property path deemed to be circular : person.cardNum
12:55:25.064 [main] DEBUG o.h.p.w.spi.MetamodelGraphWalker - Visiting attribute path : person.firstName
12:55:25.064 [main] DEBUG o.h.p.w.spi.MetamodelGraphWalker - Visiting attribute path : person.lastName
12:55:25.064 [main] DEBUG o.h.l.p.b.i.FetchStyleLoadPlanBuildingAssociationVisitationStrategy - Building LoadPlan...
12:55:25.064 [main] DEBUG o.h.l.p.e.i.LoadQueryJoinAndFetchProcessor - processing queryspace <gen:0>
12:55:25.064 [main] DEBUG o.h.l.p.b.spi.LoadPlanTreePrinter - LoadPlan(entity=Classes.Card)
    - Returns
       - EntityReturnImpl(entity=Classes.Card, querySpaceUid=<gen:0>, path=Classes.Card)
          - EntityAttributeFetchImpl(entity=Classes.Person, querySpaceUid=<gen:1>, path=Classes.Card.person)
    - QuerySpaces
       - EntityQuerySpaceImpl(uid=<gen:0>, entity=Classes.Card)
          - SQL table alias mapping - card0_
          - alias suffix - 0_
          - suffixed key columns - {id1_0_0_}
          - JOIN (JoinDefinedByMetadata(person)) : <gen:0> -> <gen:1>
             - EntityQuerySpaceImpl(uid=<gen:1>, entity=Classes.Person)
                - SQL table alias mapping - person1_
                - alias suffix - 1_
                - suffixed key columns - {id1_1_1_}

12:55:25.064 [main] DEBUG o.h.loader.entity.plan.EntityLoader - Static select for entity Classes.Card [NONE]: select card0_.id as id1_0_0_, card0_.emissionDate as emission2_0_0_, card0_.expirationDate as expirati3_0_0_, person1_.id as id1_1_1_, person1_.birthdate as birthdat2_1_1_, person1_.cardNum_id as cardnum_5_1_1_, person1_.firstName as firstnam3_1_1_, person1_.lastName as lastname4_1_1_ from Card card0_ left outer join Person person1_ on card0_.id=person1_.cardNum_id where card0_.id=?
12:55:25.064 [main] DEBUG o.h.p.entity.AbstractEntityPersister - Static SQL for entity: Classes.Person
12:55:25.064 [main] DEBUG o.h.p.entity.AbstractEntityPersister -  Version select: select id from Person where id =?
12:55:25.065 [main] DEBUG o.h.p.entity.AbstractEntityPersister -  Snapshot select: select person_.id, person_.birthdate as birthdat2_1_, person_.cardNum_id as cardnum_5_1_, person_.firstName as firstnam3_1_, person_.lastName as lastname4_1_ from Person person_ where person_.id=?
12:55:25.065 [main] DEBUG o.h.p.entity.AbstractEntityPersister -  Insert 0: insert into Person (birthdate, cardNum_id, firstName, lastName, id) values (?, ?, ?, ?, ?)
12:55:25.065 [main] DEBUG o.h.p.entity.AbstractEntityPersister -  Update 0: update Person set birthdate=?, cardNum_id=?, firstName=?, lastName=? where id=?
12:55:25.065 [main] DEBUG o.h.p.entity.AbstractEntityPersister -  Delete 0: delete from Person where id=?
12:55:25.065 [main] DEBUG o.h.p.entity.AbstractEntityPersister -  Identity insert: insert into Person (birthdate, cardNum_id, firstName, lastName) values (?, ?, ?, ?)
12:55:25.065 [main] DEBUG o.h.l.p.b.i.spaces.QuerySpacesImpl - Adding QuerySpace : uid = <gen:0> -> org.hibernate.loader.plan.build.internal.spaces.EntityQuerySpaceImpl@7b3cde6f]
12:55:25.065 [main] DEBUG o.h.p.w.spi.MetamodelGraphWalker - Visiting attribute path : birthdate
12:55:25.065 [main] DEBUG o.h.p.w.spi.MetamodelGraphWalker - Visiting attribute path : cardNum
12:55:25.065 [main] DEBUG o.h.l.p.b.i.spaces.QuerySpacesImpl - Adding QuerySpace : uid = <gen:1> -> org.hibernate.loader.plan.build.internal.spaces.EntityQuerySpaceImpl@7c663eaf]
12:55:25.065 [main] DEBUG o.h.p.w.spi.MetamodelGraphWalker - Visiting attribute path : cardNum.emissionDate
12:55:25.065 [main] DEBUG o.h.p.w.spi.MetamodelGraphWalker - Visiting attribute path : cardNum.expirationDate
12:55:25.065 [main] DEBUG o.h.p.w.spi.MetamodelGraphWalker - Visiting attribute path : cardNum.person
12:55:25.065 [main] DEBUG o.h.p.w.spi.MetamodelGraphWalker - Property path deemed to be circular : cardNum.person
12:55:25.065 [main] DEBUG o.h.p.w.spi.MetamodelGraphWalker - Visiting attribute path : firstName
12:55:25.065 [main] DEBUG o.h.p.w.spi.MetamodelGraphWalker - Visiting attribute path : lastName
12:55:25.065 [main] DEBUG o.h.l.p.b.i.FetchStyleLoadPlanBuildingAssociationVisitationStrategy - Building LoadPlan...
12:55:25.065 [main] DEBUG o.h.l.p.e.i.LoadQueryJoinAndFetchProcessor - processing queryspace <gen:0>
12:55:25.065 [main] DEBUG o.h.l.p.b.spi.LoadPlanTreePrinter - LoadPlan(entity=Classes.Person)
    - Returns
       - EntityReturnImpl(entity=Classes.Person, querySpaceUid=<gen:0>, path=Classes.Person)
          - EntityAttributeFetchImpl(entity=Classes.Card, querySpaceUid=<gen:1>, path=Classes.Person.cardNum)
    - QuerySpaces
       - EntityQuerySpaceImpl(uid=<gen:0>, entity=Classes.Person)
          - SQL table alias mapping - person0_
          - alias suffix - 0_
          - suffixed key columns - {id1_1_0_}
          - JOIN (JoinDefinedByMetadata(cardNum)) : <gen:0> -> <gen:1>
             - EntityQuerySpaceImpl(uid=<gen:1>, entity=Classes.Card)
                - SQL table alias mapping - card1_
                - alias suffix - 1_
                - suffixed key columns - {id1_0_1_}

12:55:25.065 [main] DEBUG o.h.loader.entity.plan.EntityLoader - Static select for entity Classes.Person [NONE]: select person0_.id as id1_1_0_, person0_.birthdate as birthdat2_1_0_, person0_.cardNum_id as cardnum_5_1_0_, person0_.firstName as firstnam3_1_0_, person0_.lastName as lastname4_1_0_, card1_.id as id1_0_1_, card1_.emissionDate as emission2_0_1_, card1_.expirationDate as expirati3_0_1_ from Person person0_ left outer join Card card1_ on person0_.cardNum_id=card1_.id where person0_.id=?
12:55:25.069 [main] DEBUG org.hibernate.loader.Loader - Static select for entity Classes.Person [NONE]: select person0_.id as id1_1_1_, person0_.birthdate as birthdat2_1_1_, person0_.cardNum_id as cardnum_5_1_1_, person0_.firstName as firstnam3_1_1_, person0_.lastName as lastname4_1_1_, card1_.id as id1_0_0_, card1_.emissionDate as emission2_0_0_, card1_.expirationDate as expirati3_0_0_ from Person person0_ left outer join Card card1_ on person0_.cardNum_id=card1_.id where person0_.cardNum_id=?
12:55:25.070 [main] DEBUG o.h.p.entity.AbstractEntityPersister - Static SQL for entity: Classes.Pass
12:55:25.070 [main] DEBUG o.h.p.entity.AbstractEntityPersister -  Version select: select id from Ticket where id =?
12:55:25.070 [main] DEBUG o.h.p.entity.AbstractEntityPersister -  Snapshot select: select pass_.id, pass_.seller_id as seller_i4_2_, pass_.person_id as person_i5_2_, pass_.sellers_id as sellers_6_2_, pass_.validity as validity3_2_ from Ticket pass_ where pass_.id=?
12:55:25.070 [main] DEBUG o.h.p.entity.AbstractEntityPersister -  Insert 0: insert into Ticket (seller_id, person_id, sellers_id, validity, DTYPE, id) values (?, ?, ?, ?, 'Pass', ?)
12:55:25.070 [main] DEBUG o.h.p.entity.AbstractEntityPersister -  Update 0: update Ticket set seller_id=?, person_id=?, sellers_id=?, validity=? where id=?
12:55:25.070 [main] DEBUG o.h.p.entity.AbstractEntityPersister -  Delete 0: delete from Ticket where id=?
12:55:25.070 [main] DEBUG o.h.p.entity.AbstractEntityPersister -  Identity insert: insert into Ticket (seller_id, person_id, sellers_id, validity, DTYPE) values (?, ?, ?, ?, 'Pass')
12:55:25.070 [main] DEBUG o.h.l.p.b.i.spaces.QuerySpacesImpl - Adding QuerySpace : uid = <gen:0> -> org.hibernate.loader.plan.build.internal.spaces.EntityQuerySpaceImpl@38b3f208]
12:55:25.070 [main] DEBUG o.h.p.w.spi.MetamodelGraphWalker - Visiting attribute path : seller
12:55:25.070 [main] DEBUG o.h.l.p.b.i.spaces.QuerySpacesImpl - Adding QuerySpace : uid = <gen:1> -> org.hibernate.loader.plan.build.internal.spaces.EntityQuerySpaceImpl@53b1a3f8]
12:55:25.070 [main] DEBUG o.h.p.w.spi.MetamodelGraphWalker - Visiting attribute path : seller.name
12:55:25.070 [main] DEBUG o.h.p.w.spi.MetamodelGraphWalker - Visiting attribute path : seller.passes
12:55:25.070 [main] DEBUG o.h.l.p.b.i.spaces.QuerySpacesImpl - Adding QuerySpace : uid = <gen:2> -> org.hibernate.loader.plan.build.internal.spaces.CollectionQuerySpaceImpl@5a936e64]
12:55:25.070 [main] DEBUG o.h.l.p.b.i.spaces.QuerySpacesImpl - Adding QuerySpace : uid = <gen:3> -> org.hibernate.loader.plan.build.internal.spaces.EntityQuerySpaceImpl@3b4a1a75]
12:55:25.070 [main] DEBUG o.h.p.w.spi.MetamodelGraphWalker - Visiting attribute path : seller.tickets
12:55:25.070 [main] DEBUG o.h.l.p.b.i.spaces.QuerySpacesImpl - Adding QuerySpace : uid = <gen:4> -> org.hibernate.loader.plan.build.internal.spaces.CollectionQuerySpaceImpl@65bad087]
12:55:25.070 [main] DEBUG o.h.l.p.b.i.spaces.QuerySpacesImpl - Adding QuerySpace : uid = <gen:5> -> org.hibernate.loader.plan.build.internal.spaces.EntityQuerySpaceImpl@276cc8dc]
12:55:25.070 [main] DEBUG o.h.p.w.spi.MetamodelGraphWalker - Visiting attribute path : seller.people
12:55:25.070 [main] DEBUG o.h.l.p.b.i.spaces.QuerySpacesImpl - Adding QuerySpace : uid = <gen:6> -> org.hibernate.loader.plan.build.internal.spaces.CollectionQuerySpaceImpl@66cd621b]
12:55:25.070 [main] DEBUG o.h.l.p.b.i.spaces.QuerySpacesImpl - Adding QuerySpace : uid = <gen:7> -> org.hibernate.loader.plan.build.internal.spaces.EntityQuerySpaceImpl@d3f4505]
12:55:25.070 [main] DEBUG o.h.p.w.spi.MetamodelGraphWalker - Visiting attribute path : seller.isWorking
12:55:25.070 [main] DEBUG o.h.p.w.spi.MetamodelGraphWalker - Visiting attribute path : person
12:55:25.070 [main] DEBUG o.h.l.p.b.i.spaces.QuerySpacesImpl - Adding QuerySpace : uid = <gen:8> -> org.hibernate.loader.plan.build.internal.spaces.EntityQuerySpaceImpl@3eb292cd]
12:55:25.070 [main] DEBUG o.h.p.w.spi.MetamodelGraphWalker - Visiting attribute path : person.birthdate
12:55:25.070 [main] DEBUG o.h.p.w.spi.MetamodelGraphWalker - Visiting attribute path : person.cardNum
12:55:25.070 [main] DEBUG o.h.l.p.b.i.spaces.QuerySpacesImpl - Adding QuerySpace : uid = <gen:9> -> org.hibernate.loader.plan.build.internal.spaces.EntityQuerySpaceImpl@7209ffb5]
12:55:25.070 [main] DEBUG o.h.p.w.spi.MetamodelGraphWalker - Visiting attribute path : person.cardNum.emissionDate
12:55:25.070 [main] DEBUG o.h.p.w.spi.MetamodelGraphWalker - Visiting attribute path : person.cardNum.expirationDate
12:55:25.070 [main] DEBUG o.h.p.w.spi.MetamodelGraphWalker - Visiting attribute path : person.cardNum.person
12:55:25.070 [main] DEBUG o.h.p.w.spi.MetamodelGraphWalker - Property path deemed to be circular : person.cardNum.person
12:55:25.070 [main] DEBUG o.h.p.w.spi.MetamodelGraphWalker - Visiting attribute path : person.firstName
12:55:25.070 [main] DEBUG o.h.p.w.spi.MetamodelGraphWalker - Visiting attribute path : person.lastName
12:55:25.070 [main] DEBUG o.h.p.w.spi.MetamodelGraphWalker - Visiting attribute path : sellers
12:55:25.070 [main] DEBUG o.h.l.p.b.i.spaces.QuerySpacesImpl - Adding QuerySpace : uid = <gen:10> -> org.hibernate.loader.plan.build.internal.spaces.EntityQuerySpaceImpl@2fe74516]
12:55:25.070 [main] DEBUG o.h.p.w.spi.MetamodelGraphWalker - Visiting attribute path : sellers.name
12:55:25.070 [main] DEBUG o.h.p.w.spi.MetamodelGraphWalker - Visiting attribute path : sellers.passes
12:55:25.071 [main] DEBUG o.h.l.p.b.i.spaces.QuerySpacesImpl - Adding QuerySpace : uid = <gen:11> -> org.hibernate.loader.plan.build.internal.spaces.CollectionQuerySpaceImpl@217bf99e]
12:55:25.071 [main] DEBUG o.h.l.p.b.i.spaces.QuerySpacesImpl - Adding QuerySpace : uid = <gen:12> -> org.hibernate.loader.plan.build.internal.spaces.EntityQuerySpaceImpl@6807a356]
12:55:25.071 [main] DEBUG o.h.p.w.spi.MetamodelGraphWalker - Visiting attribute path : sellers.tickets
12:55:25.071 [main] DEBUG o.h.l.p.b.i.spaces.QuerySpacesImpl - Adding QuerySpace : uid = <gen:13> -> org.hibernate.loader.plan.build.internal.spaces.CollectionQuerySpaceImpl@7ddd84b5]
12:55:25.071 [main] DEBUG o.h.l.p.b.i.spaces.QuerySpacesImpl - Adding QuerySpace : uid = <gen:14> -> org.hibernate.loader.plan.build.internal.spaces.EntityQuerySpaceImpl@73aeef7d]
12:55:25.071 [main] DEBUG o.h.p.w.spi.MetamodelGraphWalker - Visiting attribute path : sellers.people
12:55:25.071 [main] DEBUG o.h.l.p.b.i.spaces.QuerySpacesImpl - Adding QuerySpace : uid = <gen:15> -> org.hibernate.loader.plan.build.internal.spaces.CollectionQuerySpaceImpl@d675f9f]
12:55:25.071 [main] DEBUG o.h.l.p.b.i.spaces.QuerySpacesImpl - Adding QuerySpace : uid = <gen:16> -> org.hibernate.loader.plan.build.internal.spaces.EntityQuerySpaceImpl@58af5076]
12:55:25.071 [main] DEBUG o.h.p.w.spi.MetamodelGraphWalker - Visiting attribute path : sellers.isWorking
12:55:25.071 [main] DEBUG o.h.p.w.spi.MetamodelGraphWalker - Visiting attribute path : validity
12:55:25.071 [main] DEBUG o.h.l.p.b.i.FetchStyleLoadPlanBuildingAssociationVisitationStrategy - Building LoadPlan...
12:55:25.071 [main] DEBUG o.h.l.p.e.i.LoadQueryJoinAndFetchProcessor - processing queryspace <gen:0>
12:55:25.071 [main] DEBUG o.h.l.p.b.spi.LoadPlanTreePrinter - LoadPlan(entity=Classes.Pass)
    - Returns
       - EntityReturnImpl(entity=Classes.Pass, querySpaceUid=<gen:0>, path=Classes.Pass)
          - EntityAttributeFetchImpl(entity=Abstract.TicketSeller, querySpaceUid=<gen:1>, path=Classes.Pass.seller)
             - CollectionAttributeFetchImpl(collection=Abstract.TicketSeller.passes, querySpaceUid=<gen:2>, path=Classes.Pass.seller.passes)
                - (collection element) CollectionFetchableElementEntityGraph(entity=Classes.Pass, querySpaceUid=<gen:3>, path=Classes.Pass.seller.passes.<elements>)
             - CollectionAttributeFetchImpl(collection=Abstract.TicketSeller.tickets, querySpaceUid=<gen:4>, path=Classes.Pass.seller.tickets)
                - (collection element) CollectionFetchableElementEntityGraph(entity=Classes.Ticket, querySpaceUid=<gen:5>, path=Classes.Pass.seller.tickets.<elements>)
             - CollectionAttributeFetchImpl(collection=Classes.Shop.people, querySpaceUid=<gen:6>, path=Classes.Pass.seller.people)
                - (collection element) CollectionFetchableElementEntityGraph(entity=Classes.Person, querySpaceUid=<gen:7>, path=Classes.Pass.seller.people.<elements>)
          - EntityAttributeFetchImpl(entity=Classes.Person, querySpaceUid=<gen:8>, path=Classes.Pass.person)
             - EntityAttributeFetchImpl(entity=Classes.Card, querySpaceUid=<gen:9>, path=Classes.Pass.person.cardNum)
          - EntityAttributeFetchImpl(entity=Abstract.TicketSeller, querySpaceUid=<gen:10>, path=Classes.Pass.sellers)
             - CollectionAttributeFetchImpl(collection=Abstract.TicketSeller.passes, querySpaceUid=<gen:11>, path=Classes.Pass.sellers.passes)
                - (collection element) CollectionFetchableElementEntityGraph(entity=Classes.Pass, querySpaceUid=<gen:12>, path=Classes.Pass.sellers.passes.<elements>)
             - CollectionAttributeFetchImpl(collection=Abstract.TicketSeller.tickets, querySpaceUid=<gen:13>, path=Classes.Pass.sellers.tickets)
                - (collection element) CollectionFetchableElementEntityGraph(entity=Classes.Ticket, querySpaceUid=<gen:14>, path=Classes.Pass.sellers.tickets.<elements>)
             - CollectionAttributeFetchImpl(collection=Classes.Shop.people, querySpaceUid=<gen:15>, path=Classes.Pass.sellers.people)
                - (collection element) CollectionFetchableElementEntityGraph(entity=Classes.Person, querySpaceUid=<gen:16>, path=Classes.Pass.sellers.people.<elements>)
    - QuerySpaces
       - EntityQuerySpaceImpl(uid=<gen:0>, entity=Classes.Pass)
          - SQL table alias mapping - pass0_
          - alias suffix - 0_
          - suffixed key columns - {id2_2_0_}
          - JOIN (JoinDefinedByMetadata(seller)) : <gen:0> -> <gen:1>
             - EntityQuerySpaceImpl(uid=<gen:1>, entity=Abstract.TicketSeller)
                - SQL table alias mapping - ticketsell1_
                - alias suffix - 1_
                - suffixed key columns - {id2_3_1_}
          - JOIN (JoinDefinedByMetadata(person)) : <gen:0> -> <gen:8>
             - EntityQuerySpaceImpl(uid=<gen:8>, entity=Classes.Person)
                - SQL table alias mapping - person2_
                - alias suffix - 2_
                - suffixed key columns - {id1_1_2_}
                - JOIN (JoinDefinedByMetadata(cardNum)) : <gen:8> -> <gen:9>
                   - EntityQuerySpaceImpl(uid=<gen:9>, entity=Classes.Card)
                      - SQL table alias mapping - card3_
                      - alias suffix - 3_
                      - suffixed key columns - {id1_0_3_}
          - JOIN (JoinDefinedByMetadata(sellers)) : <gen:0> -> <gen:10>
             - EntityQuerySpaceImpl(uid=<gen:10>, entity=Abstract.TicketSeller)
                - SQL table alias mapping - ticketsell4_
                - alias suffix - 4_
                - suffixed key columns - {id2_3_4_}

12:55:25.071 [main] DEBUG o.h.loader.entity.plan.EntityLoader - Static select for entity Classes.Pass [NONE]: select pass0_.id as id2_2_0_, pass0_.seller_id as seller_i4_2_0_, pass0_.person_id as person_i5_2_0_, pass0_.sellers_id as sellers_6_2_0_, pass0_.validity as validity3_2_0_, ticketsell1_.id as id2_3_1_, ticketsell1_.seller_name as seller_n3_3_1_, ticketsell1_.isWorking as isworkin4_3_1_, ticketsell1_.type as type1_3_1_, person2_.id as id1_1_2_, person2_.birthdate as birthdat2_1_2_, person2_.cardNum_id as cardnum_5_1_2_, person2_.firstName as firstnam3_1_2_, person2_.lastName as lastname4_1_2_, card3_.id as id1_0_3_, card3_.emissionDate as emission2_0_3_, card3_.expirationDate as expirati3_0_3_, ticketsell4_.id as id2_3_4_, ticketsell4_.seller_name as seller_n3_3_4_, ticketsell4_.isWorking as isworkin4_3_4_, ticketsell4_.type as type1_3_4_ from Ticket pass0_ left outer join TicketSeller ticketsell1_ on pass0_.seller_id=ticketsell1_.id left outer join Person person2_ on pass0_.person_id=person2_.id left outer join Card card3_ on person2_.cardNum_id=card3_.id left outer join TicketSeller ticketsell4_ on pass0_.sellers_id=ticketsell4_.id where pass0_.id=? and pass0_.DTYPE='Pass'
12:55:25.072 [main] DEBUG o.h.p.entity.AbstractEntityPersister - Static SQL for entity: Classes.Shop
12:55:25.072 [main] DEBUG o.h.p.entity.AbstractEntityPersister -  Version select: select id from TicketSeller where id =?
12:55:25.072 [main] DEBUG o.h.p.entity.AbstractEntityPersister -  Snapshot select: select shop_.id, shop_.seller_name as seller_n3_3_ from TicketSeller shop_ where shop_.id=?
12:55:25.072 [main] DEBUG o.h.p.entity.AbstractEntityPersister -  Insert 0: insert into TicketSeller (seller_name, type, id) values (?, 'shop', ?)
12:55:25.072 [main] DEBUG o.h.p.entity.AbstractEntityPersister -  Update 0: update TicketSeller set seller_name=? where id=?
12:55:25.072 [main] DEBUG o.h.p.entity.AbstractEntityPersister -  Delete 0: delete from TicketSeller where id=?
12:55:25.072 [main] DEBUG o.h.l.p.b.i.spaces.QuerySpacesImpl - Adding QuerySpace : uid = <gen:0> -> org.hibernate.loader.plan.build.internal.spaces.EntityQuerySpaceImpl@49469ffa]
12:55:25.072 [main] DEBUG o.h.p.w.spi.MetamodelGraphWalker - Visiting attribute path : name
12:55:25.072 [main] DEBUG o.h.p.w.spi.MetamodelGraphWalker - Visiting attribute path : passes
12:55:25.072 [main] DEBUG o.h.l.p.b.i.spaces.QuerySpacesImpl - Adding QuerySpace : uid = <gen:1> -> org.hibernate.loader.plan.build.internal.spaces.CollectionQuerySpaceImpl@7a3b7122]
12:55:25.072 [main] DEBUG o.h.l.p.b.i.spaces.QuerySpacesImpl - Adding QuerySpace : uid = <gen:2> -> org.hibernate.loader.plan.build.internal.spaces.EntityQuerySpaceImpl@58b5a2f3]
12:55:25.072 [main] DEBUG o.h.p.w.spi.MetamodelGraphWalker - Visiting attribute path : tickets
12:55:25.072 [main] DEBUG o.h.l.p.b.i.spaces.QuerySpacesImpl - Adding QuerySpace : uid = <gen:3> -> org.hibernate.loader.plan.build.internal.spaces.CollectionQuerySpaceImpl@25f15f50]
12:55:25.072 [main] DEBUG o.h.l.p.b.i.spaces.QuerySpacesImpl - Adding QuerySpace : uid = <gen:4> -> org.hibernate.loader.plan.build.internal.spaces.EntityQuerySpaceImpl@52b46d52]
12:55:25.072 [main] DEBUG o.h.p.w.spi.MetamodelGraphWalker - Visiting attribute path : people
12:55:25.072 [main] DEBUG o.h.l.p.b.i.spaces.QuerySpacesImpl - Adding QuerySpace : uid = <gen:5> -> org.hibernate.loader.plan.build.internal.spaces.CollectionQuerySpaceImpl@7327a447]
12:55:25.072 [main] DEBUG o.h.l.p.b.i.spaces.QuerySpacesImpl - Adding QuerySpace : uid = <gen:6> -> org.hibernate.loader.plan.build.internal.spaces.EntityQuerySpaceImpl@67022ea]
12:55:25.072 [main] DEBUG o.h.l.p.b.i.FetchStyleLoadPlanBuildingAssociationVisitationStrategy - Building LoadPlan...
12:55:25.072 [main] DEBUG o.h.l.p.e.i.LoadQueryJoinAndFetchProcessor - processing queryspace <gen:0>
12:55:25.072 [main] DEBUG o.h.l.p.b.spi.LoadPlanTreePrinter - LoadPlan(entity=Classes.Shop)
    - Returns
       - EntityReturnImpl(entity=Classes.Shop, querySpaceUid=<gen:0>, path=Classes.Shop)
          - CollectionAttributeFetchImpl(collection=Abstract.TicketSeller.passes, querySpaceUid=<gen:1>, path=Classes.Shop.passes)
             - (collection element) CollectionFetchableElementEntityGraph(entity=Classes.Pass, querySpaceUid=<gen:2>, path=Classes.Shop.passes.<elements>)
          - CollectionAttributeFetchImpl(collection=Abstract.TicketSeller.tickets, querySpaceUid=<gen:3>, path=Classes.Shop.tickets)
             - (collection element) CollectionFetchableElementEntityGraph(entity=Classes.Ticket, querySpaceUid=<gen:4>, path=Classes.Shop.tickets.<elements>)
          - CollectionAttributeFetchImpl(collection=Classes.Shop.people, querySpaceUid=<gen:5>, path=Classes.Shop.people)
             - (collection element) CollectionFetchableElementEntityGraph(entity=Classes.Person, querySpaceUid=<gen:6>, path=Classes.Shop.people.<elements>)
    - QuerySpaces
       - EntityQuerySpaceImpl(uid=<gen:0>, entity=Classes.Shop)
          - SQL table alias mapping - shop0_
          - alias suffix - 0_
          - suffixed key columns - {id2_3_0_}

12:55:25.072 [main] DEBUG o.h.loader.entity.plan.EntityLoader - Static select for entity Classes.Shop [NONE]: select shop0_.id as id2_3_0_, shop0_.seller_name as seller_n3_3_0_ from TicketSeller shop0_ where shop0_.id=? and shop0_.type='shop'
12:55:25.072 [main] DEBUG o.h.p.entity.AbstractEntityPersister - Static SQL for entity: Classes.Ticket
12:55:25.072 [main] DEBUG o.h.p.entity.AbstractEntityPersister -  Version select: select id from Ticket where id =?
12:55:25.072 [main] DEBUG o.h.p.entity.AbstractEntityPersister -  Snapshot select: select ticket_.id, ticket_.seller_id as seller_i4_2_ from Ticket ticket_ where ticket_.id=?
12:55:25.072 [main] DEBUG o.h.p.entity.AbstractEntityPersister -  Insert 0: insert into Ticket (seller_id, DTYPE, id) values (?, 'Ticket', ?)
12:55:25.072 [main] DEBUG o.h.p.entity.AbstractEntityPersister -  Update 0: update Ticket set seller_id=? where id=?
12:55:25.072 [main] DEBUG o.h.p.entity.AbstractEntityPersister -  Delete 0: delete from Ticket where id=?
12:55:25.072 [main] DEBUG o.h.p.entity.AbstractEntityPersister -  Identity insert: insert into Ticket (seller_id, DTYPE) values (?, 'Ticket')
12:55:25.072 [main] DEBUG o.h.l.p.b.i.spaces.QuerySpacesImpl - Adding QuerySpace : uid = <gen:0> -> org.hibernate.loader.plan.build.internal.spaces.EntityQuerySpaceImpl@2954f6ab]
12:55:25.072 [main] DEBUG o.h.p.w.spi.MetamodelGraphWalker - Visiting attribute path : seller
12:55:25.072 [main] DEBUG o.h.l.p.b.i.spaces.QuerySpacesImpl - Adding QuerySpace : uid = <gen:1> -> org.hibernate.loader.plan.build.internal.spaces.EntityQuerySpaceImpl@163042ea]
12:55:25.073 [main] DEBUG o.h.p.w.spi.MetamodelGraphWalker - Visiting attribute path : seller.name
12:55:25.073 [main] DEBUG o.h.p.w.spi.MetamodelGraphWalker - Visiting attribute path : seller.passes
12:55:25.073 [main] DEBUG o.h.l.p.b.i.spaces.QuerySpacesImpl - Adding QuerySpace : uid = <gen:2> -> org.hibernate.loader.plan.build.internal.spaces.CollectionQuerySpaceImpl@1fbf088b]
12:55:25.073 [main] DEBUG o.h.l.p.b.i.spaces.QuerySpacesImpl - Adding QuerySpace : uid = <gen:3> -> org.hibernate.loader.plan.build.internal.spaces.EntityQuerySpaceImpl@1943c1f2]
12:55:25.073 [main] DEBUG o.h.p.w.spi.MetamodelGraphWalker - Visiting attribute path : seller.tickets
12:55:25.073 [main] DEBUG o.h.l.p.b.i.spaces.QuerySpacesImpl - Adding QuerySpace : uid = <gen:4> -> org.hibernate.loader.plan.build.internal.spaces.CollectionQuerySpaceImpl@d70f722]
12:55:25.073 [main] DEBUG o.h.l.p.b.i.spaces.QuerySpacesImpl - Adding QuerySpace : uid = <gen:5> -> org.hibernate.loader.plan.build.internal.spaces.EntityQuerySpaceImpl@1e1eeedd]
12:55:25.073 [main] DEBUG o.h.p.w.spi.MetamodelGraphWalker - Visiting attribute path : seller.people
12:55:25.073 [main] DEBUG o.h.l.p.b.i.spaces.QuerySpacesImpl - Adding QuerySpace : uid = <gen:6> -> org.hibernate.loader.plan.build.internal.spaces.CollectionQuerySpaceImpl@798256c5]
12:55:25.073 [main] DEBUG o.h.l.p.b.i.spaces.QuerySpacesImpl - Adding QuerySpace : uid = <gen:7> -> org.hibernate.loader.plan.build.internal.spaces.EntityQuerySpaceImpl@7ec95456]
12:55:25.073 [main] DEBUG o.h.p.w.spi.MetamodelGraphWalker - Visiting attribute path : seller.isWorking
12:55:25.073 [main] DEBUG o.h.p.w.spi.MetamodelGraphWalker - Visiting attribute path : person
12:55:25.073 [main] DEBUG o.h.l.p.b.i.spaces.QuerySpacesImpl - Adding QuerySpace : uid = <gen:8> -> org.hibernate.loader.plan.build.internal.spaces.EntityQuerySpaceImpl@748a654a]
12:55:25.073 [main] DEBUG o.h.p.w.spi.MetamodelGraphWalker - Visiting attribute path : person.birthdate
12:55:25.073 [main] DEBUG o.h.p.w.spi.MetamodelGraphWalker - Visiting attribute path : person.cardNum
12:55:25.073 [main] DEBUG o.h.l.p.b.i.spaces.QuerySpacesImpl - Adding QuerySpace : uid = <gen:9> -> org.hibernate.loader.plan.build.internal.spaces.EntityQuerySpaceImpl@76544c0a]
12:55:25.073 [main] DEBUG o.h.p.w.spi.MetamodelGraphWalker - Visiting attribute path : person.cardNum.emissionDate
12:55:25.073 [main] DEBUG o.h.p.w.spi.MetamodelGraphWalker - Visiting attribute path : person.cardNum.expirationDate
12:55:25.073 [main] DEBUG o.h.p.w.spi.MetamodelGraphWalker - Visiting attribute path : person.cardNum.person
12:55:25.073 [main] DEBUG o.h.p.w.spi.MetamodelGraphWalker - Property path deemed to be circular : person.cardNum.person
12:55:25.073 [main] DEBUG o.h.p.w.spi.MetamodelGraphWalker - Visiting attribute path : person.firstName
12:55:25.073 [main] DEBUG o.h.p.w.spi.MetamodelGraphWalker - Visiting attribute path : person.lastName
12:55:25.073 [main] DEBUG o.h.p.w.spi.MetamodelGraphWalker - Visiting attribute path : sellers
12:55:25.073 [main] DEBUG o.h.l.p.b.i.spaces.QuerySpacesImpl - Adding QuerySpace : uid = <gen:10> -> org.hibernate.loader.plan.build.internal.spaces.EntityQuerySpaceImpl@650c405c]
12:55:25.073 [main] DEBUG o.h.p.w.spi.MetamodelGraphWalker - Visiting attribute path : sellers.name
12:55:25.073 [main] DEBUG o.h.p.w.spi.MetamodelGraphWalker - Visiting attribute path : sellers.passes
12:55:25.073 [main] DEBUG o.h.l.p.b.i.spaces.QuerySpacesImpl - Adding QuerySpace : uid = <gen:11> -> org.hibernate.loader.plan.build.internal.spaces.CollectionQuerySpaceImpl@748ac6f3]
12:55:25.073 [main] DEBUG o.h.l.p.b.i.spaces.QuerySpacesImpl - Adding QuerySpace : uid = <gen:12> -> org.hibernate.loader.plan.build.internal.spaces.EntityQuerySpaceImpl@68f6e55d]
12:55:25.073 [main] DEBUG o.h.p.w.spi.MetamodelGraphWalker - Visiting attribute path : sellers.tickets
12:55:25.073 [main] DEBUG o.h.l.p.b.i.spaces.QuerySpacesImpl - Adding QuerySpace : uid = <gen:13> -> org.hibernate.loader.plan.build.internal.spaces.CollectionQuerySpaceImpl@6fff46bf]
12:55:25.073 [main] DEBUG o.h.l.p.b.i.spaces.QuerySpacesImpl - Adding QuerySpace : uid = <gen:14> -> org.hibernate.loader.plan.build.internal.spaces.EntityQuerySpaceImpl@1835dc92]
12:55:25.073 [main] DEBUG o.h.p.w.spi.MetamodelGraphWalker - Visiting attribute path : sellers.people
12:55:25.073 [main] DEBUG o.h.l.p.b.i.spaces.QuerySpacesImpl - Adding QuerySpace : uid = <gen:15> -> org.hibernate.loader.plan.build.internal.spaces.CollectionQuerySpaceImpl@3aaa3c39]
12:55:25.073 [main] DEBUG o.h.l.p.b.i.spaces.QuerySpacesImpl - Adding QuerySpace : uid = <gen:16> -> org.hibernate.loader.plan.build.internal.spaces.EntityQuerySpaceImpl@65a9ea3c]
12:55:25.073 [main] DEBUG o.h.p.w.spi.MetamodelGraphWalker - Visiting attribute path : sellers.isWorking
12:55:25.073 [main] DEBUG o.h.p.w.spi.MetamodelGraphWalker - Visiting attribute path : validity
12:55:25.073 [main] DEBUG o.h.l.p.b.i.FetchStyleLoadPlanBuildingAssociationVisitationStrategy - Building LoadPlan...
12:55:25.074 [main] DEBUG o.h.l.p.e.i.LoadQueryJoinAndFetchProcessor - processing queryspace <gen:0>
12:55:25.074 [main] DEBUG o.h.l.p.b.spi.LoadPlanTreePrinter - LoadPlan(entity=Classes.Ticket)
    - Returns
       - EntityReturnImpl(entity=Classes.Ticket, querySpaceUid=<gen:0>, path=Classes.Ticket)
          - EntityAttributeFetchImpl(entity=Abstract.TicketSeller, querySpaceUid=<gen:1>, path=Classes.Ticket.seller)
             - CollectionAttributeFetchImpl(collection=Abstract.TicketSeller.passes, querySpaceUid=<gen:2>, path=Classes.Ticket.seller.passes)
                - (collection element) CollectionFetchableElementEntityGraph(entity=Classes.Pass, querySpaceUid=<gen:3>, path=Classes.Ticket.seller.passes.<elements>)
             - CollectionAttributeFetchImpl(collection=Abstract.TicketSeller.tickets, querySpaceUid=<gen:4>, path=Classes.Ticket.seller.tickets)
                - (collection element) CollectionFetchableElementEntityGraph(entity=Classes.Ticket, querySpaceUid=<gen:5>, path=Classes.Ticket.seller.tickets.<elements>)
             - CollectionAttributeFetchImpl(collection=Classes.Shop.people, querySpaceUid=<gen:6>, path=Classes.Ticket.seller.people)
                - (collection element) CollectionFetchableElementEntityGraph(entity=Classes.Person, querySpaceUid=<gen:7>, path=Classes.Ticket.seller.people.<elements>)
          - EntityAttributeFetchImpl(entity=Classes.Person, querySpaceUid=<gen:8>, path=Classes.Ticket.person)
             - EntityAttributeFetchImpl(entity=Classes.Card, querySpaceUid=<gen:9>, path=Classes.Ticket.person.cardNum)
          - EntityAttributeFetchImpl(entity=Abstract.TicketSeller, querySpaceUid=<gen:10>, path=Classes.Ticket.sellers)
             - CollectionAttributeFetchImpl(collection=Abstract.TicketSeller.passes, querySpaceUid=<gen:11>, path=Classes.Ticket.sellers.passes)
                - (collection element) CollectionFetchableElementEntityGraph(entity=Classes.Pass, querySpaceUid=<gen:12>, path=Classes.Ticket.sellers.passes.<elements>)
             - CollectionAttributeFetchImpl(collection=Abstract.TicketSeller.tickets, querySpaceUid=<gen:13>, path=Classes.Ticket.sellers.tickets)
                - (collection element) CollectionFetchableElementEntityGraph(entity=Classes.Ticket, querySpaceUid=<gen:14>, path=Classes.Ticket.sellers.tickets.<elements>)
             - CollectionAttributeFetchImpl(collection=Classes.Shop.people, querySpaceUid=<gen:15>, path=Classes.Ticket.sellers.people)
                - (collection element) CollectionFetchableElementEntityGraph(entity=Classes.Person, querySpaceUid=<gen:16>, path=Classes.Ticket.sellers.people.<elements>)
    - QuerySpaces
       - EntityQuerySpaceImpl(uid=<gen:0>, entity=Classes.Ticket)
          - SQL table alias mapping - ticket0_
          - alias suffix - 0_
          - suffixed key columns - {id2_2_0_}
          - JOIN (JoinDefinedByMetadata(seller)) : <gen:0> -> <gen:1>
             - EntityQuerySpaceImpl(uid=<gen:1>, entity=Abstract.TicketSeller)
                - SQL table alias mapping - ticketsell1_
                - alias suffix - 1_
                - suffixed key columns - {id2_3_1_}
          - JOIN (JoinDefinedByMetadata(person)) : <gen:0> -> <gen:8>
             - EntityQuerySpaceImpl(uid=<gen:8>, entity=Classes.Person)
                - SQL table alias mapping - person2_
                - alias suffix - 2_
                - suffixed key columns - {id1_1_2_}
                - JOIN (JoinDefinedByMetadata(cardNum)) : <gen:8> -> <gen:9>
                   - EntityQuerySpaceImpl(uid=<gen:9>, entity=Classes.Card)
                      - SQL table alias mapping - card3_
                      - alias suffix - 3_
                      - suffixed key columns - {id1_0_3_}
          - JOIN (JoinDefinedByMetadata(sellers)) : <gen:0> -> <gen:10>
             - EntityQuerySpaceImpl(uid=<gen:10>, entity=Abstract.TicketSeller)
                - SQL table alias mapping - ticketsell4_
                - alias suffix - 4_
                - suffixed key columns - {id2_3_4_}

12:55:25.074 [main] DEBUG o.h.loader.entity.plan.EntityLoader - Static select for entity Classes.Ticket [NONE]: select ticket0_.id as id2_2_0_, ticket0_.seller_id as seller_i4_2_0_, ticket0_.person_id as person_i5_2_0_, ticket0_.sellers_id as sellers_6_2_0_, ticket0_.validity as validity3_2_0_, ticket0_.DTYPE as dtype1_2_0_, ticketsell1_.id as id2_3_1_, ticketsell1_.seller_name as seller_n3_3_1_, ticketsell1_.isWorking as isworkin4_3_1_, ticketsell1_.type as type1_3_1_, person2_.id as id1_1_2_, person2_.birthdate as birthdat2_1_2_, person2_.cardNum_id as cardnum_5_1_2_, person2_.firstName as firstnam3_1_2_, person2_.lastName as lastname4_1_2_, card3_.id as id1_0_3_, card3_.emissionDate as emission2_0_3_, card3_.expirationDate as expirati3_0_3_, ticketsell4_.id as id2_3_4_, ticketsell4_.seller_name as seller_n3_3_4_, ticketsell4_.isWorking as isworkin4_3_4_, ticketsell4_.type as type1_3_4_ from Ticket ticket0_ left outer join TicketSeller ticketsell1_ on ticket0_.seller_id=ticketsell1_.id left outer join Person person2_ on ticket0_.person_id=person2_.id left outer join Card card3_ on person2_.cardNum_id=card3_.id left outer join TicketSeller ticketsell4_ on ticket0_.sellers_id=ticketsell4_.id where ticket0_.id=?
12:55:25.074 [main] DEBUG o.h.p.entity.AbstractEntityPersister - Static SQL for entity: Classes.VendingMachine
12:55:25.074 [main] DEBUG o.h.p.entity.AbstractEntityPersister -  Version select: select id from TicketSeller where id =?
12:55:25.074 [main] DEBUG o.h.p.entity.AbstractEntityPersister -  Snapshot select: select vendingmac_.id, vendingmac_.seller_name as seller_n3_3_, vendingmac_.isWorking as isworkin4_3_ from TicketSeller vendingmac_ where vendingmac_.id=?
12:55:25.074 [main] DEBUG o.h.p.entity.AbstractEntityPersister -  Insert 0: insert into TicketSeller (seller_name, isWorking, type, id) values (?, ?, 'vending_machine', ?)
12:55:25.074 [main] DEBUG o.h.p.entity.AbstractEntityPersister -  Update 0: update TicketSeller set seller_name=?, isWorking=? where id=?
12:55:25.074 [main] DEBUG o.h.p.entity.AbstractEntityPersister -  Delete 0: delete from TicketSeller where id=?
12:55:25.074 [main] DEBUG o.h.l.p.b.i.spaces.QuerySpacesImpl - Adding QuerySpace : uid = <gen:0> -> org.hibernate.loader.plan.build.internal.spaces.EntityQuerySpaceImpl@70f68288]
12:55:25.074 [main] DEBUG o.h.p.w.spi.MetamodelGraphWalker - Visiting attribute path : name
12:55:25.074 [main] DEBUG o.h.p.w.spi.MetamodelGraphWalker - Visiting attribute path : passes
12:55:25.074 [main] DEBUG o.h.l.p.b.i.spaces.QuerySpacesImpl - Adding QuerySpace : uid = <gen:1> -> org.hibernate.loader.plan.build.internal.spaces.CollectionQuerySpaceImpl@2db1b657]
12:55:25.074 [main] DEBUG o.h.l.p.b.i.spaces.QuerySpacesImpl - Adding QuerySpace : uid = <gen:2> -> org.hibernate.loader.plan.build.internal.spaces.EntityQuerySpaceImpl@7e351d7]
12:55:25.074 [main] DEBUG o.h.p.w.spi.MetamodelGraphWalker - Visiting attribute path : tickets
12:55:25.074 [main] DEBUG o.h.l.p.b.i.spaces.QuerySpacesImpl - Adding QuerySpace : uid = <gen:3> -> org.hibernate.loader.plan.build.internal.spaces.CollectionQuerySpaceImpl@43c57161]
12:55:25.074 [main] DEBUG o.h.l.p.b.i.spaces.QuerySpacesImpl - Adding QuerySpace : uid = <gen:4> -> org.hibernate.loader.plan.build.internal.spaces.EntityQuerySpaceImpl@d902300]
12:55:25.074 [main] DEBUG o.h.p.w.spi.MetamodelGraphWalker - Visiting attribute path : isWorking
12:55:25.074 [main] DEBUG o.h.l.p.b.i.FetchStyleLoadPlanBuildingAssociationVisitationStrategy - Building LoadPlan...
12:55:25.074 [main] DEBUG o.h.l.p.e.i.LoadQueryJoinAndFetchProcessor - processing queryspace <gen:0>
12:55:25.075 [main] DEBUG o.h.l.p.b.spi.LoadPlanTreePrinter - LoadPlan(entity=Classes.VendingMachine)
    - Returns
       - EntityReturnImpl(entity=Classes.VendingMachine, querySpaceUid=<gen:0>, path=Classes.VendingMachine)
          - CollectionAttributeFetchImpl(collection=Abstract.TicketSeller.passes, querySpaceUid=<gen:1>, path=Classes.VendingMachine.passes)
             - (collection element) CollectionFetchableElementEntityGraph(entity=Classes.Pass, querySpaceUid=<gen:2>, path=Classes.VendingMachine.passes.<elements>)
          - CollectionAttributeFetchImpl(collection=Abstract.TicketSeller.tickets, querySpaceUid=<gen:3>, path=Classes.VendingMachine.tickets)
             - (collection element) CollectionFetchableElementEntityGraph(entity=Classes.Ticket, querySpaceUid=<gen:4>, path=Classes.VendingMachine.tickets.<elements>)
    - QuerySpaces
       - EntityQuerySpaceImpl(uid=<gen:0>, entity=Classes.VendingMachine)
          - SQL table alias mapping - vendingmac0_
          - alias suffix - 0_
          - suffixed key columns - {id2_3_0_}

12:55:25.075 [main] DEBUG o.h.loader.entity.plan.EntityLoader - Static select for entity Classes.VendingMachine [NONE]: select vendingmac0_.id as id2_3_0_, vendingmac0_.seller_name as seller_n3_3_0_, vendingmac0_.isWorking as isworkin4_3_0_ from TicketSeller vendingmac0_ where vendingmac0_.id=? and vendingmac0_.type='vending_machine'
12:55:25.076 [main] DEBUG o.h.l.p.b.i.spaces.QuerySpacesImpl - Adding QuerySpace : uid = <gen:0> -> org.hibernate.loader.plan.build.internal.spaces.CollectionQuerySpaceImpl@1f939a0f]
12:55:25.076 [main] DEBUG o.h.l.p.b.i.spaces.QuerySpacesImpl - Adding QuerySpace : uid = <gen:1> -> org.hibernate.loader.plan.build.internal.spaces.EntityQuerySpaceImpl@45658133]
12:55:25.077 [main] DEBUG o.h.p.w.spi.MetamodelGraphWalker - Visiting attribute path : seller
12:55:25.077 [main] DEBUG o.h.l.p.b.i.spaces.QuerySpacesImpl - Adding QuerySpace : uid = <gen:2> -> org.hibernate.loader.plan.build.internal.spaces.EntityQuerySpaceImpl@250a9031]
12:55:25.077 [main] DEBUG o.h.p.w.spi.MetamodelGraphWalker - Visiting attribute path : seller.name
12:55:25.077 [main] DEBUG o.h.p.w.spi.MetamodelGraphWalker - Visiting attribute path : seller.passes
12:55:25.077 [main] DEBUG o.h.p.w.spi.MetamodelGraphWalker - Property path deemed to be circular : seller.passes
12:55:25.077 [main] DEBUG o.h.p.w.spi.MetamodelGraphWalker - Visiting attribute path : seller.tickets
12:55:25.077 [main] DEBUG o.h.p.w.spi.MetamodelGraphWalker - Property path deemed to be circular : seller.tickets
12:55:25.077 [main] DEBUG o.h.p.w.spi.MetamodelGraphWalker - Visiting attribute path : seller.people
12:55:25.077 [main] DEBUG o.h.l.p.b.i.spaces.QuerySpacesImpl - Adding QuerySpace : uid = <gen:3> -> org.hibernate.loader.plan.build.internal.spaces.CollectionQuerySpaceImpl@6d67f5eb]
12:55:25.077 [main] DEBUG o.h.l.p.b.i.spaces.QuerySpacesImpl - Adding QuerySpace : uid = <gen:4> -> org.hibernate.loader.plan.build.internal.spaces.EntityQuerySpaceImpl@4f654cee]
12:55:25.077 [main] DEBUG o.h.p.w.spi.MetamodelGraphWalker - Visiting attribute path : seller.isWorking
12:55:25.077 [main] DEBUG o.h.p.w.spi.MetamodelGraphWalker - Visiting attribute path : person
12:55:25.077 [main] DEBUG o.h.l.p.b.i.spaces.QuerySpacesImpl - Adding QuerySpace : uid = <gen:5> -> org.hibernate.loader.plan.build.internal.spaces.EntityQuerySpaceImpl@3e1fd62b]
12:55:25.077 [main] DEBUG o.h.p.w.spi.MetamodelGraphWalker - Visiting attribute path : person.birthdate
12:55:25.077 [main] DEBUG o.h.p.w.spi.MetamodelGraphWalker - Visiting attribute path : person.cardNum
12:55:25.077 [main] DEBUG o.h.l.p.b.i.spaces.QuerySpacesImpl - Adding QuerySpace : uid = <gen:6> -> org.hibernate.loader.plan.build.internal.spaces.EntityQuerySpaceImpl@558b4942]
12:55:25.077 [main] DEBUG o.h.p.w.spi.MetamodelGraphWalker - Visiting attribute path : person.cardNum.emissionDate
12:55:25.077 [main] DEBUG o.h.p.w.spi.MetamodelGraphWalker - Visiting attribute path : person.cardNum.expirationDate
12:55:25.077 [main] DEBUG o.h.p.w.spi.MetamodelGraphWalker - Visiting attribute path : person.cardNum.person
12:55:25.077 [main] DEBUG o.h.p.w.spi.MetamodelGraphWalker - Property path deemed to be circular : person.cardNum.person
12:55:25.077 [main] DEBUG o.h.p.w.spi.MetamodelGraphWalker - Visiting attribute path : person.firstName
12:55:25.077 [main] DEBUG o.h.p.w.spi.MetamodelGraphWalker - Visiting attribute path : person.lastName
12:55:25.077 [main] DEBUG o.h.p.w.spi.MetamodelGraphWalker - Visiting attribute path : sellers
12:55:25.077 [main] DEBUG o.h.l.p.b.i.spaces.QuerySpacesImpl - Adding QuerySpace : uid = <gen:7> -> org.hibernate.loader.plan.build.internal.spaces.EntityQuerySpaceImpl@70025b99]
12:55:25.077 [main] DEBUG o.h.p.w.spi.MetamodelGraphWalker - Visiting attribute path : sellers.name
12:55:25.077 [main] DEBUG o.h.p.w.spi.MetamodelGraphWalker - Visiting attribute path : sellers.passes
12:55:25.077 [main] DEBUG o.h.p.w.spi.MetamodelGraphWalker - Property path deemed to be circular : sellers.passes
12:55:25.077 [main] DEBUG o.h.p.w.spi.MetamodelGraphWalker - Visiting attribute path : sellers.tickets
12:55:25.077 [main] DEBUG o.h.p.w.spi.MetamodelGraphWalker - Property path deemed to be circular : sellers.tickets
12:55:25.077 [main] DEBUG o.h.p.w.spi.MetamodelGraphWalker - Visiting attribute path : sellers.people
12:55:25.077 [main] DEBUG o.h.l.p.b.i.spaces.QuerySpacesImpl - Adding QuerySpace : uid = <gen:8> -> org.hibernate.loader.plan.build.internal.spaces.CollectionQuerySpaceImpl@7134b8a7]
12:55:25.077 [main] DEBUG o.h.l.p.b.i.spaces.QuerySpacesImpl - Adding QuerySpace : uid = <gen:9> -> org.hibernate.loader.plan.build.internal.spaces.EntityQuerySpaceImpl@2262d6d5]
12:55:25.077 [main] DEBUG o.h.p.w.spi.MetamodelGraphWalker - Visiting attribute path : sellers.isWorking
12:55:25.078 [main] DEBUG o.h.p.w.spi.MetamodelGraphWalker - Visiting attribute path : validity
12:55:25.078 [main] DEBUG o.h.l.p.b.i.FetchStyleLoadPlanBuildingAssociationVisitationStrategy - Building LoadPlan...
12:55:25.079 [main] DEBUG o.h.l.p.e.i.LoadQueryJoinAndFetchProcessor - processing queryspace <gen:0>
12:55:25.080 [main] DEBUG o.h.l.p.b.spi.LoadPlanTreePrinter - LoadPlan(collection=Abstract.TicketSeller.tickets)
    - Returns
       - CollectionReturnImpl(collection=Abstract.TicketSeller.tickets, querySpaceUid=<gen:0>, path=[Abstract.TicketSeller.tickets])
          - (collection element) CollectionFetchableElementEntityGraph(entity=Classes.Ticket, querySpaceUid=<gen:1>, path=[Abstract.TicketSeller.tickets].<elements>)
             - EntityAttributeFetchImpl(entity=Abstract.TicketSeller, querySpaceUid=<gen:2>, path=[Abstract.TicketSeller.tickets].<elements>.seller)
                - CollectionAttributeFetchImpl(collection=Classes.Shop.people, querySpaceUid=<gen:3>, path=[Abstract.TicketSeller.tickets].<elements>.seller.people)
                   - (collection element) CollectionFetchableElementEntityGraph(entity=Classes.Person, querySpaceUid=<gen:4>, path=[Abstract.TicketSeller.tickets].<elements>.seller.people.<elements>)
             - EntityAttributeFetchImpl(entity=Classes.Person, querySpaceUid=<gen:5>, path=[Abstract.TicketSeller.tickets].<elements>.person)
                - EntityAttributeFetchImpl(entity=Classes.Card, querySpaceUid=<gen:6>, path=[Abstract.TicketSeller.tickets].<elements>.person.cardNum)
             - EntityAttributeFetchImpl(entity=Abstract.TicketSeller, querySpaceUid=<gen:7>, path=[Abstract.TicketSeller.tickets].<elements>.sellers)
                - CollectionAttributeFetchImpl(collection=Classes.Shop.people, querySpaceUid=<gen:8>, path=[Abstract.TicketSeller.tickets].<elements>.sellers.people)
                   - (collection element) CollectionFetchableElementEntityGraph(entity=Classes.Person, querySpaceUid=<gen:9>, path=[Abstract.TicketSeller.tickets].<elements>.sellers.people.<elements>)
    - QuerySpaces
       - CollectionQuerySpaceImpl(uid=<gen:0>, collection=Abstract.TicketSeller.tickets)
          - SQL table alias mapping - tickets0_
          - alias suffix - 0_
          - suffixed key columns - {ticketse1_5_0_}
          - entity-element alias suffix - 1_
          - 1_entity-element suffixed key columns - id2_2_1_
          - JOIN (JoinDefinedByMetadata(elements)) : <gen:0> -> <gen:1>
             - EntityQuerySpaceImpl(uid=<gen:1>, entity=Classes.Ticket)
                - SQL table alias mapping - ticket1_
                - alias suffix - 1_
                - suffixed key columns - {id2_2_1_}
                - JOIN (JoinDefinedByMetadata(seller)) : <gen:1> -> <gen:2>
                   - EntityQuerySpaceImpl(uid=<gen:2>, entity=Abstract.TicketSeller)
                      - SQL table alias mapping - ticketsell2_
                      - alias suffix - 2_
                      - suffixed key columns - {id2_3_2_}
                - JOIN (JoinDefinedByMetadata(person)) : <gen:1> -> <gen:5>
                   - EntityQuerySpaceImpl(uid=<gen:5>, entity=Classes.Person)
                      - SQL table alias mapping - person3_
                      - alias suffix - 3_
                      - suffixed key columns - {id1_1_3_}
                      - JOIN (JoinDefinedByMetadata(cardNum)) : <gen:5> -> <gen:6>
                         - EntityQuerySpaceImpl(uid=<gen:6>, entity=Classes.Card)
                            - SQL table alias mapping - card4_
                            - alias suffix - 4_
                            - suffixed key columns - {id1_0_4_}
                - JOIN (JoinDefinedByMetadata(sellers)) : <gen:1> -> <gen:7>
                   - EntityQuerySpaceImpl(uid=<gen:7>, entity=Abstract.TicketSeller)
                      - SQL table alias mapping - ticketsell5_
                      - alias suffix - 5_
                      - suffixed key columns - {id2_3_5_}

12:55:25.080 [main] DEBUG o.h.l.c.plan.CollectionLoader - Static select for collection Abstract.TicketSeller.tickets: select tickets0_.TicketSeller_id as ticketse1_5_0_, tickets0_.tickets_id as tickets_2_5_0_, ticket1_.id as id2_2_1_, ticket1_.seller_id as seller_i4_2_1_, ticket1_.person_id as person_i5_2_1_, ticket1_.sellers_id as sellers_6_2_1_, ticket1_.validity as validity3_2_1_, ticket1_.DTYPE as dtype1_2_1_, ticketsell2_.id as id2_3_2_, ticketsell2_.seller_name as seller_n3_3_2_, ticketsell2_.isWorking as isworkin4_3_2_, ticketsell2_.type as type1_3_2_, person3_.id as id1_1_3_, person3_.birthdate as birthdat2_1_3_, person3_.cardNum_id as cardnum_5_1_3_, person3_.firstName as firstnam3_1_3_, person3_.lastName as lastname4_1_3_, card4_.id as id1_0_4_, card4_.emissionDate as emission2_0_4_, card4_.expirationDate as expirati3_0_4_, ticketsell5_.id as id2_3_5_, ticketsell5_.seller_name as seller_n3_3_5_, ticketsell5_.isWorking as isworkin4_3_5_, ticketsell5_.type as type1_3_5_ from TicketSeller_Ticket tickets0_ inner join Ticket ticket1_ on tickets0_.tickets_id=ticket1_.id left outer join TicketSeller ticketsell2_ on ticket1_.seller_id=ticketsell2_.id left outer join Person person3_ on ticket1_.person_id=person3_.id left outer join Card card4_ on person3_.cardNum_id=card4_.id left outer join TicketSeller ticketsell5_ on ticket1_.sellers_id=ticketsell5_.id where tickets0_.TicketSeller_id=?
12:55:25.080 [main] DEBUG o.h.l.p.b.i.spaces.QuerySpacesImpl - Adding QuerySpace : uid = <gen:0> -> org.hibernate.loader.plan.build.internal.spaces.CollectionQuerySpaceImpl@6968c1d6]
12:55:25.080 [main] DEBUG o.h.l.p.b.i.spaces.QuerySpacesImpl - Adding QuerySpace : uid = <gen:1> -> org.hibernate.loader.plan.build.internal.spaces.EntityQuerySpaceImpl@7d986d83]
12:55:25.080 [main] DEBUG o.h.p.w.spi.MetamodelGraphWalker - Visiting attribute path : seller
12:55:25.080 [main] DEBUG o.h.l.p.b.i.spaces.QuerySpacesImpl - Adding QuerySpace : uid = <gen:2> -> org.hibernate.loader.plan.build.internal.spaces.EntityQuerySpaceImpl@2ceee4b6]
12:55:25.080 [main] DEBUG o.h.p.w.spi.MetamodelGraphWalker - Visiting attribute path : seller.name
12:55:25.081 [main] DEBUG o.h.p.w.spi.MetamodelGraphWalker - Visiting attribute path : seller.passes
12:55:25.081 [main] DEBUG o.h.p.w.spi.MetamodelGraphWalker - Property path deemed to be circular : seller.passes
12:55:25.081 [main] DEBUG o.h.p.w.spi.MetamodelGraphWalker - Visiting attribute path : seller.tickets
12:55:25.081 [main] DEBUG o.h.p.w.spi.MetamodelGraphWalker - Property path deemed to be circular : seller.tickets
12:55:25.081 [main] DEBUG o.h.p.w.spi.MetamodelGraphWalker - Visiting attribute path : seller.people
12:55:25.081 [main] DEBUG o.h.l.p.b.i.spaces.QuerySpacesImpl - Adding QuerySpace : uid = <gen:3> -> org.hibernate.loader.plan.build.internal.spaces.CollectionQuerySpaceImpl@6968bcec]
12:55:25.081 [main] DEBUG o.h.l.p.b.i.spaces.QuerySpacesImpl - Adding QuerySpace : uid = <gen:4> -> org.hibernate.loader.plan.build.internal.spaces.EntityQuerySpaceImpl@5568c66f]
12:55:25.081 [main] DEBUG o.h.p.w.spi.MetamodelGraphWalker - Visiting attribute path : seller.isWorking
12:55:25.081 [main] DEBUG o.h.p.w.spi.MetamodelGraphWalker - Visiting attribute path : person
12:55:25.081 [main] DEBUG o.h.l.p.b.i.spaces.QuerySpacesImpl - Adding QuerySpace : uid = <gen:5> -> org.hibernate.loader.plan.build.internal.spaces.EntityQuerySpaceImpl@e784320]
12:55:25.081 [main] DEBUG o.h.p.w.spi.MetamodelGraphWalker - Visiting attribute path : person.birthdate
12:55:25.081 [main] DEBUG o.h.p.w.spi.MetamodelGraphWalker - Visiting attribute path : person.cardNum
12:55:25.081 [main] DEBUG o.h.l.p.b.i.spaces.QuerySpacesImpl - Adding QuerySpace : uid = <gen:6> -> org.hibernate.loader.plan.build.internal.spaces.EntityQuerySpaceImpl@13c8ac77]
12:55:25.081 [main] DEBUG o.h.p.w.spi.MetamodelGraphWalker - Visiting attribute path : person.cardNum.emissionDate
12:55:25.081 [main] DEBUG o.h.p.w.spi.MetamodelGraphWalker - Visiting attribute path : person.cardNum.expirationDate
12:55:25.081 [main] DEBUG o.h.p.w.spi.MetamodelGraphWalker - Visiting attribute path : person.cardNum.person
12:55:25.081 [main] DEBUG o.h.p.w.spi.MetamodelGraphWalker - Property path deemed to be circular : person.cardNum.person
12:55:25.081 [main] DEBUG o.h.p.w.spi.MetamodelGraphWalker - Visiting attribute path : person.firstName
12:55:25.081 [main] DEBUG o.h.p.w.spi.MetamodelGraphWalker - Visiting attribute path : person.lastName
12:55:25.081 [main] DEBUG o.h.p.w.spi.MetamodelGraphWalker - Visiting attribute path : sellers
12:55:25.081 [main] DEBUG o.h.l.p.b.i.spaces.QuerySpacesImpl - Adding QuerySpace : uid = <gen:7> -> org.hibernate.loader.plan.build.internal.spaces.EntityQuerySpaceImpl@4cad79bc]
12:55:25.081 [main] DEBUG o.h.p.w.spi.MetamodelGraphWalker - Visiting attribute path : sellers.name
12:55:25.081 [main] DEBUG o.h.p.w.spi.MetamodelGraphWalker - Visiting attribute path : sellers.passes
12:55:25.081 [main] DEBUG o.h.p.w.spi.MetamodelGraphWalker - Property path deemed to be circular : sellers.passes
12:55:25.081 [main] DEBUG o.h.p.w.spi.MetamodelGraphWalker - Visiting attribute path : sellers.tickets
12:55:25.081 [main] DEBUG o.h.p.w.spi.MetamodelGraphWalker - Property path deemed to be circular : sellers.tickets
12:55:25.081 [main] DEBUG o.h.p.w.spi.MetamodelGraphWalker - Visiting attribute path : sellers.people
12:55:25.081 [main] DEBUG o.h.l.p.b.i.spaces.QuerySpacesImpl - Adding QuerySpace : uid = <gen:8> -> org.hibernate.loader.plan.build.internal.spaces.CollectionQuerySpaceImpl@7a9eccc4]
12:55:25.081 [main] DEBUG o.h.l.p.b.i.spaces.QuerySpacesImpl - Adding QuerySpace : uid = <gen:9> -> org.hibernate.loader.plan.build.internal.spaces.EntityQuerySpaceImpl@78422efb]
12:55:25.081 [main] DEBUG o.h.p.w.spi.MetamodelGraphWalker - Visiting attribute path : sellers.isWorking
12:55:25.081 [main] DEBUG o.h.p.w.spi.MetamodelGraphWalker - Visiting attribute path : validity
12:55:25.081 [main] DEBUG o.h.l.p.b.i.FetchStyleLoadPlanBuildingAssociationVisitationStrategy - Building LoadPlan...
12:55:25.081 [main] DEBUG o.h.l.p.e.i.LoadQueryJoinAndFetchProcessor - processing queryspace <gen:0>
12:55:25.082 [main] DEBUG o.h.l.p.b.spi.LoadPlanTreePrinter - LoadPlan(collection=Abstract.TicketSeller.passes)
    - Returns
       - CollectionReturnImpl(collection=Abstract.TicketSeller.passes, querySpaceUid=<gen:0>, path=[Abstract.TicketSeller.passes])
          - (collection element) CollectionFetchableElementEntityGraph(entity=Classes.Pass, querySpaceUid=<gen:1>, path=[Abstract.TicketSeller.passes].<elements>)
             - EntityAttributeFetchImpl(entity=Abstract.TicketSeller, querySpaceUid=<gen:2>, path=[Abstract.TicketSeller.passes].<elements>.seller)
                - CollectionAttributeFetchImpl(collection=Classes.Shop.people, querySpaceUid=<gen:3>, path=[Abstract.TicketSeller.passes].<elements>.seller.people)
                   - (collection element) CollectionFetchableElementEntityGraph(entity=Classes.Person, querySpaceUid=<gen:4>, path=[Abstract.TicketSeller.passes].<elements>.seller.people.<elements>)
             - EntityAttributeFetchImpl(entity=Classes.Person, querySpaceUid=<gen:5>, path=[Abstract.TicketSeller.passes].<elements>.person)
                - EntityAttributeFetchImpl(entity=Classes.Card, querySpaceUid=<gen:6>, path=[Abstract.TicketSeller.passes].<elements>.person.cardNum)
             - EntityAttributeFetchImpl(entity=Abstract.TicketSeller, querySpaceUid=<gen:7>, path=[Abstract.TicketSeller.passes].<elements>.sellers)
                - CollectionAttributeFetchImpl(collection=Classes.Shop.people, querySpaceUid=<gen:8>, path=[Abstract.TicketSeller.passes].<elements>.sellers.people)
                   - (collection element) CollectionFetchableElementEntityGraph(entity=Classes.Person, querySpaceUid=<gen:9>, path=[Abstract.TicketSeller.passes].<elements>.sellers.people.<elements>)
    - QuerySpaces
       - CollectionQuerySpaceImpl(uid=<gen:0>, collection=Abstract.TicketSeller.passes)
          - SQL table alias mapping - passes0_
          - alias suffix - 0_
          - suffixed key columns - {ticketse1_5_0_}
          - entity-element alias suffix - 1_
          - 1_entity-element suffixed key columns - id2_2_1_
          - JOIN (JoinDefinedByMetadata(elements)) : <gen:0> -> <gen:1>
             - EntityQuerySpaceImpl(uid=<gen:1>, entity=Classes.Pass)
                - SQL table alias mapping - pass1_
                - alias suffix - 1_
                - suffixed key columns - {id2_2_1_}
                - JOIN (JoinDefinedByMetadata(seller)) : <gen:1> -> <gen:2>
                   - EntityQuerySpaceImpl(uid=<gen:2>, entity=Abstract.TicketSeller)
                      - SQL table alias mapping - ticketsell2_
                      - alias suffix - 2_
                      - suffixed key columns - {id2_3_2_}
                - JOIN (JoinDefinedByMetadata(person)) : <gen:1> -> <gen:5>
                   - EntityQuerySpaceImpl(uid=<gen:5>, entity=Classes.Person)
                      - SQL table alias mapping - person3_
                      - alias suffix - 3_
                      - suffixed key columns - {id1_1_3_}
                      - JOIN (JoinDefinedByMetadata(cardNum)) : <gen:5> -> <gen:6>
                         - EntityQuerySpaceImpl(uid=<gen:6>, entity=Classes.Card)
                            - SQL table alias mapping - card4_
                            - alias suffix - 4_
                            - suffixed key columns - {id1_0_4_}
                - JOIN (JoinDefinedByMetadata(sellers)) : <gen:1> -> <gen:7>
                   - EntityQuerySpaceImpl(uid=<gen:7>, entity=Abstract.TicketSeller)
                      - SQL table alias mapping - ticketsell5_
                      - alias suffix - 5_
                      - suffixed key columns - {id2_3_5_}

12:55:25.082 [main] DEBUG o.h.l.c.plan.CollectionLoader - Static select for collection Abstract.TicketSeller.passes: select passes0_.TicketSeller_id as ticketse1_5_0_, passes0_.passes_id as passes_i3_5_0_, pass1_.id as id2_2_1_, pass1_.seller_id as seller_i4_2_1_, pass1_.person_id as person_i5_2_1_, pass1_.sellers_id as sellers_6_2_1_, pass1_.validity as validity3_2_1_, ticketsell2_.id as id2_3_2_, ticketsell2_.seller_name as seller_n3_3_2_, ticketsell2_.isWorking as isworkin4_3_2_, ticketsell2_.type as type1_3_2_, person3_.id as id1_1_3_, person3_.birthdate as birthdat2_1_3_, person3_.cardNum_id as cardnum_5_1_3_, person3_.firstName as firstnam3_1_3_, person3_.lastName as lastname4_1_3_, card4_.id as id1_0_4_, card4_.emissionDate as emission2_0_4_, card4_.expirationDate as expirati3_0_4_, ticketsell5_.id as id2_3_5_, ticketsell5_.seller_name as seller_n3_3_5_, ticketsell5_.isWorking as isworkin4_3_5_, ticketsell5_.type as type1_3_5_ from TicketSeller_Ticket passes0_ inner join Ticket pass1_ on passes0_.passes_id=pass1_.id left outer join TicketSeller ticketsell2_ on pass1_.seller_id=ticketsell2_.id left outer join Person person3_ on pass1_.person_id=person3_.id left outer join Card card4_ on person3_.cardNum_id=card4_.id left outer join TicketSeller ticketsell5_ on pass1_.sellers_id=ticketsell5_.id where passes0_.TicketSeller_id=?
12:55:25.082 [main] DEBUG o.h.l.p.b.i.spaces.QuerySpacesImpl - Adding QuerySpace : uid = <gen:0> -> org.hibernate.loader.plan.build.internal.spaces.CollectionQuerySpaceImpl@5f05c8d6]
12:55:25.082 [main] DEBUG o.h.l.p.b.i.spaces.QuerySpacesImpl - Adding QuerySpace : uid = <gen:1> -> org.hibernate.loader.plan.build.internal.spaces.EntityQuerySpaceImpl@68e02f33]
12:55:25.082 [main] DEBUG o.h.p.w.spi.MetamodelGraphWalker - Visiting attribute path : birthdate
12:55:25.082 [main] DEBUG o.h.p.w.spi.MetamodelGraphWalker - Visiting attribute path : cardNum
12:55:25.082 [main] DEBUG o.h.l.p.b.i.spaces.QuerySpacesImpl - Adding QuerySpace : uid = <gen:2> -> org.hibernate.loader.plan.build.internal.spaces.EntityQuerySpaceImpl@7cfac39f]
12:55:25.082 [main] DEBUG o.h.p.w.spi.MetamodelGraphWalker - Visiting attribute path : cardNum.emissionDate
12:55:25.082 [main] DEBUG o.h.p.w.spi.MetamodelGraphWalker - Visiting attribute path : cardNum.expirationDate
12:55:25.082 [main] DEBUG o.h.p.w.spi.MetamodelGraphWalker - Visiting attribute path : cardNum.person
12:55:25.082 [main] DEBUG o.h.p.w.spi.MetamodelGraphWalker - Property path deemed to be circular : cardNum.person
12:55:25.082 [main] DEBUG o.h.p.w.spi.MetamodelGraphWalker - Visiting attribute path : firstName
12:55:25.082 [main] DEBUG o.h.p.w.spi.MetamodelGraphWalker - Visiting attribute path : lastName
12:55:25.082 [main] DEBUG o.h.l.p.b.i.FetchStyleLoadPlanBuildingAssociationVisitationStrategy - Building LoadPlan...
12:55:25.082 [main] DEBUG o.h.l.p.e.i.LoadQueryJoinAndFetchProcessor - processing queryspace <gen:0>
12:55:25.082 [main] DEBUG o.h.l.p.b.spi.LoadPlanTreePrinter - LoadPlan(collection=Classes.Shop.people)
    - Returns
       - CollectionReturnImpl(collection=Classes.Shop.people, querySpaceUid=<gen:0>, path=[Classes.Shop.people])
          - (collection element) CollectionFetchableElementEntityGraph(entity=Classes.Person, querySpaceUid=<gen:1>, path=[Classes.Shop.people].<elements>)
             - EntityAttributeFetchImpl(entity=Classes.Card, querySpaceUid=<gen:2>, path=[Classes.Shop.people].<elements>.cardNum)
    - QuerySpaces
       - CollectionQuerySpaceImpl(uid=<gen:0>, collection=Classes.Shop.people)
          - SQL table alias mapping - people0_
          - alias suffix - 0_
          - suffixed key columns - {shop_id1_4_0_}
          - entity-element alias suffix - 1_
          - 1_entity-element suffixed key columns - id1_1_1_
          - JOIN (JoinDefinedByMetadata(elements)) : <gen:0> -> <gen:1>
             - EntityQuerySpaceImpl(uid=<gen:1>, entity=Classes.Person)
                - SQL table alias mapping - person1_
                - alias suffix - 1_
                - suffixed key columns - {id1_1_1_}
                - JOIN (JoinDefinedByMetadata(cardNum)) : <gen:1> -> <gen:2>
                   - EntityQuerySpaceImpl(uid=<gen:2>, entity=Classes.Card)
                      - SQL table alias mapping - card2_
                      - alias suffix - 2_
                      - suffixed key columns - {id1_0_2_}

12:55:25.082 [main] DEBUG o.h.l.c.plan.CollectionLoader - Static select for collection Classes.Shop.people: select people0_.Shop_id as shop_id1_4_0_, people0_.people_id as people_i2_4_0_, person1_.id as id1_1_1_, person1_.birthdate as birthdat2_1_1_, person1_.cardNum_id as cardnum_5_1_1_, person1_.firstName as firstnam3_1_1_, person1_.lastName as lastname4_1_1_, card2_.id as id1_0_2_, card2_.emissionDate as emission2_0_2_, card2_.expirationDate as expirati3_0_2_ from TicketSeller_Person people0_ inner join Person person1_ on people0_.people_id=person1_.id left outer join Card card2_ on person1_.cardNum_id=card2_.id where people0_.Shop_id=?
12:55:25.106 [main] INFO  o.hibernate.orm.connections.access - HHH10001501: Connection obtained from JdbcConnectionAccess [org.hibernate.engine.jdbc.env.internal.JdbcEnvironmentInitiator$ConnectionProviderJdbcConnectionAccess@76cf841] for (non-JTA) DDL execution was not in auto-commit mode; the Connection 'local transaction' will be committed and the Connection will be set into auto-commit mode.
12:55:25.122 [main] DEBUG org.hibernate.mapping.Table - No alter strings for table : Card
12:55:25.122 [main] DEBUG org.hibernate.mapping.Table - No alter strings for table : Person
12:55:25.122 [main] DEBUG org.hibernate.mapping.Table - No alter strings for table : Ticket
12:55:25.122 [main] DEBUG org.hibernate.mapping.Table - No alter strings for table : TicketSeller
12:55:25.122 [main] DEBUG org.hibernate.mapping.Table - No alter strings for table : TicketSeller_Person
12:55:25.122 [main] DEBUG org.hibernate.mapping.Table - No alter strings for table : TicketSeller_Ticket
12:55:25.181 [main] DEBUG o.h.e.t.j.p.i.JtaPlatformInitiator - No JtaPlatform was specified, checking resolver
12:55:25.182 [main] DEBUG o.h.e.t.j.p.i.JtaPlatformResolverInitiator - No JtaPlatformResolver was specified, using default [org.hibernate.engine.transaction.jta.platform.internal.StandardJtaPlatformResolver]
12:55:25.185 [main] DEBUG o.h.e.t.j.p.i.StandardJtaPlatformResolver - Could not resolve JtaPlatform, using default [org.hibernate.engine.transaction.jta.platform.internal.NoJtaPlatform]
12:55:25.185 [main] INFO  o.h.e.t.j.p.i.JtaPlatformInitiator - HHH000490: Using JtaPlatform implementation: [org.hibernate.engine.transaction.jta.platform.internal.NoJtaPlatform]
12:55:25.188 [main] DEBUG o.h.s.i.SessionFactoryServiceRegistryImpl - EventListenerRegistry access via ServiceRegistry is deprecated.  Use `sessionFactory.getEventEngine().getListenerRegistry()` instead
12:55:25.188 [main] DEBUG o.h.h.i.QueryTranslatorFactoryInitiator - QueryTranslatorFactory: org.hibernate.hql.internal.ast.ASTQueryTranslatorFactory@3cc30dee
12:55:25.192 [main] DEBUG o.h.query.spi.NamedQueryRepository - Checking 0 named HQL queries
12:55:25.192 [main] DEBUG o.h.query.spi.NamedQueryRepository - Checking 0 named SQL queries
12:55:25.193 [main] DEBUG o.h.internal.SessionFactoryRegistry - Initializing SessionFactoryRegistry : org.hibernate.internal.SessionFactoryRegistry@e91b4f4
12:55:25.194 [main] DEBUG o.h.internal.SessionFactoryRegistry - Registering SessionFactory: c45c5b57-e4e7-4e51-b7da-11fd319f94d7 (<unnamed>)
12:55:25.194 [main] DEBUG o.h.internal.SessionFactoryRegistry - Not binding SessionFactory to JNDI, no JNDI name configured
12:55:25.223 [main] DEBUG o.h.s.internal.StatisticsInitiator - Statistics initialized [enabled=false]
12:55:25.227 [main] DEBUG o.h.e.t.internal.TransactionImpl - On TransactionImpl creation, JpaCompliance#isJpaTransactionComplianceEnabled == false
12:55:25.227 [main] DEBUG o.h.e.t.internal.TransactionImpl - begin
12:55:25.230 [main] DEBUG o.h.r.t.b.j.i.JdbcResourceLocalTransactionCoordinatorImpl - JDBC transaction marked for rollback-only (exception provided for stack trace)
java.lang.Exception: exception just for purpose of providing stack trace
	at org.hibernate.resource.transaction.backend.jdbc.internal.JdbcResourceLocalTransactionCoordinatorImpl$TransactionDriverControlImpl.markRollbackOnly(JdbcResourceLocalTransactionCoordinatorImpl.java:324)
	at org.hibernate.engine.transaction.internal.TransactionImpl.markRollbackOnly(TransactionImpl.java:203)
	at org.hibernate.internal.AbstractSharedSessionContract.markForRollbackOnly(AbstractSharedSessionContract.java:428)
	at org.hibernate.internal.ExceptionConverterImpl.convert(ExceptionConverterImpl.java:203)
	at org.hibernate.internal.SessionImpl.find(SessionImpl.java:3452)
	at org.hibernate.internal.SessionImpl.find(SessionImpl.java:3375)
	at ClassesDAO.SellerDAO.inMaintenance(SellerDAO.java:52)
	at MainClass.MainClass.main(MainClass.java:28)
12:56:34.191 [main] DEBUG org.jboss.logging - Logging Provider: org.jboss.logging.Slf4jLoggerProvider
12:56:34.250 [main] DEBUG o.h.jpa.HibernatePersistenceProvider - Located and parsed 2 persistence units; checking each
12:56:34.250 [main] DEBUG o.h.jpa.HibernatePersistenceProvider - Checking persistence-unit [name=HomeworkS3D3, explicit-provider=null] against incoming persistence unit name [BuildWeek_4]
12:56:34.250 [main] DEBUG o.h.jpa.HibernatePersistenceProvider - Excluding from consideration due to name mis-match
12:56:34.250 [main] DEBUG o.h.jpa.HibernatePersistenceProvider - Checking persistence-unit [name=BuildWeek_4, explicit-provider=null] against incoming persistence unit name [BuildWeek_4]
12:56:34.250 [main] DEBUG o.h.jpa.boot.spi.ProviderChecker - No PersistenceProvider explicitly requested, assuming Hibernate
12:56:34.254 [main] DEBUG o.h.jpa.internal.util.LogHelper - PersistenceUnitInfo [
	name: BuildWeek_4
	persistence provider classname: null
	classloader: null
	excludeUnlistedClasses: false
	JTA datasource: null
	Non JTA datasource: null
	Transaction type: RESOURCE_LOCAL
	PU root URL: file:/C:/Users/total/Desktop/All/Epicode/fs0223-Luca-Sernicola-BackEnd/BuildWeek_4/target/classes/
	Shared Cache Mode: null
	Validation Mode: null
	Jar files URLs []
	Managed classes names []
	Mapping files names []
	Properties [
		javax.persistence.jdbc.driver: org.postgresql.Driver
		javax.persistence.jdbc.password: root
		hibernate.dialect: org.hibernate.dialect.PostgreSQLDialect
		javax.persistence.jdbc.url: jdbc:postgresql://localhost:5432/BuildWeek
		hibernate.hbm2ddl.auto: update
		javax.persistence.jdbc.user: postgres]
12:56:34.256 [main] DEBUG o.h.i.internal.IntegratorServiceImpl - Adding Integrator [org.hibernate.cfg.beanvalidation.BeanValidationIntegrator].
12:56:34.257 [main] DEBUG o.h.i.internal.IntegratorServiceImpl - Adding Integrator [org.hibernate.secure.spi.JaccIntegrator].
12:56:34.259 [main] DEBUG o.h.i.internal.IntegratorServiceImpl - Adding Integrator [org.hibernate.cache.internal.CollectionCacheInvalidator].
12:56:34.283 [main] INFO  org.hibernate.Version - HHH000412: Hibernate ORM core version 5.6.15.Final
12:56:34.283 [main] DEBUG org.hibernate.cfg.Environment - HHH000206: hibernate.properties not found
12:56:34.381 [main] DEBUG o.h.service.spi.ServiceBinding - Overriding existing service binding [org.hibernate.secure.spi.JaccService]
12:56:34.388 [main] DEBUG o.h.c.i.RegionFactoryInitiator - Cannot default RegionFactory based on registered strategies as `[]` RegionFactory strategies were registered
12:56:34.389 [main] DEBUG o.h.c.i.RegionFactoryInitiator - Cache region factory : org.hibernate.cache.internal.NoCachingRegionFactory
12:56:34.399 [main] INFO  o.h.annotations.common.Version - HCANN000001: Hibernate Commons Annotations {5.1.2.Final}
12:56:34.452 [main] DEBUG o.hibernate.type.BasicTypeRegistry - Adding type registration boolean -> org.hibernate.type.BooleanType@ea9b7c6
12:56:34.452 [main] DEBUG o.hibernate.type.BasicTypeRegistry - Adding type registration boolean -> org.hibernate.type.BooleanType@ea9b7c6
12:56:34.452 [main] DEBUG o.hibernate.type.BasicTypeRegistry - Adding type registration java.lang.Boolean -> org.hibernate.type.BooleanType@ea9b7c6
12:56:34.452 [main] DEBUG o.hibernate.type.BasicTypeRegistry - Adding type registration numeric_boolean -> org.hibernate.type.NumericBooleanType@3fffff43
12:56:34.452 [main] DEBUG o.hibernate.type.BasicTypeRegistry - Adding type registration true_false -> org.hibernate.type.TrueFalseType@7b324585
12:56:34.453 [main] DEBUG o.hibernate.type.BasicTypeRegistry - Adding type registration yes_no -> org.hibernate.type.YesNoType@fd8294b
12:56:34.453 [main] DEBUG o.hibernate.type.BasicTypeRegistry - Adding type registration byte -> org.hibernate.type.ByteType@4fbda97b
12:56:34.453 [main] DEBUG o.hibernate.type.BasicTypeRegistry - Adding type registration byte -> org.hibernate.type.ByteType@4fbda97b
12:56:34.453 [main] DEBUG o.hibernate.type.BasicTypeRegistry - Adding type registration java.lang.Byte -> org.hibernate.type.ByteType@4fbda97b
12:56:34.454 [main] DEBUG o.hibernate.type.BasicTypeRegistry - Adding type registration character -> org.hibernate.type.CharacterType@354fc8f0
12:56:34.454 [main] DEBUG o.hibernate.type.BasicTypeRegistry - Adding type registration char -> org.hibernate.type.CharacterType@354fc8f0
12:56:34.454 [main] DEBUG o.hibernate.type.BasicTypeRegistry - Adding type registration java.lang.Character -> org.hibernate.type.CharacterType@354fc8f0
12:56:34.454 [main] DEBUG o.hibernate.type.BasicTypeRegistry - Adding type registration short -> org.hibernate.type.ShortType@a4b2d8f
12:56:34.454 [main] DEBUG o.hibernate.type.BasicTypeRegistry - Adding type registration short -> org.hibernate.type.ShortType@a4b2d8f
12:56:34.454 [main] DEBUG o.hibernate.type.BasicTypeRegistry - Adding type registration java.lang.Short -> org.hibernate.type.ShortType@a4b2d8f
12:56:34.456 [main] DEBUG o.hibernate.type.BasicTypeRegistry - Adding type registration integer -> org.hibernate.type.IntegerType@51cd7ffc
12:56:34.456 [main] DEBUG o.hibernate.type.BasicTypeRegistry - Adding type registration int -> org.hibernate.type.IntegerType@51cd7ffc
12:56:34.456 [main] DEBUG o.hibernate.type.BasicTypeRegistry - Adding type registration java.lang.Integer -> org.hibernate.type.IntegerType@51cd7ffc
12:56:34.457 [main] DEBUG o.hibernate.type.BasicTypeRegistry - Adding type registration long -> org.hibernate.type.LongType@590c73d3
12:56:34.457 [main] DEBUG o.hibernate.type.BasicTypeRegistry - Adding type registration long -> org.hibernate.type.LongType@590c73d3
12:56:34.457 [main] DEBUG o.hibernate.type.BasicTypeRegistry - Adding type registration java.lang.Long -> org.hibernate.type.LongType@590c73d3
12:56:34.457 [main] DEBUG o.hibernate.type.BasicTypeRegistry - Adding type registration float -> org.hibernate.type.FloatType@79da1ec0
12:56:34.457 [main] DEBUG o.hibernate.type.BasicTypeRegistry - Adding type registration float -> org.hibernate.type.FloatType@79da1ec0
12:56:34.457 [main] DEBUG o.hibernate.type.BasicTypeRegistry - Adding type registration java.lang.Float -> org.hibernate.type.FloatType@79da1ec0
12:56:34.458 [main] DEBUG o.hibernate.type.BasicTypeRegistry - Adding type registration double -> org.hibernate.type.DoubleType@66ce957f
12:56:34.458 [main] DEBUG o.hibernate.type.BasicTypeRegistry - Adding type registration double -> org.hibernate.type.DoubleType@66ce957f
12:56:34.458 [main] DEBUG o.hibernate.type.BasicTypeRegistry - Adding type registration java.lang.Double -> org.hibernate.type.DoubleType@66ce957f
12:56:34.458 [main] DEBUG o.hibernate.type.BasicTypeRegistry - Adding type registration big_decimal -> org.hibernate.type.BigDecimalType@3b220bcb
12:56:34.458 [main] DEBUG o.hibernate.type.BasicTypeRegistry - Adding type registration java.math.BigDecimal -> org.hibernate.type.BigDecimalType@3b220bcb
12:56:34.459 [main] DEBUG o.hibernate.type.BasicTypeRegistry - Adding type registration big_integer -> org.hibernate.type.BigIntegerType@13e3c1c7
12:56:34.459 [main] DEBUG o.hibernate.type.BasicTypeRegistry - Adding type registration java.math.BigInteger -> org.hibernate.type.BigIntegerType@13e3c1c7
12:56:34.459 [main] DEBUG o.hibernate.type.BasicTypeRegistry - Adding type registration string -> org.hibernate.type.StringType@1d8062d2
12:56:34.459 [main] DEBUG o.hibernate.type.BasicTypeRegistry - Adding type registration java.lang.String -> org.hibernate.type.StringType@1d8062d2
12:56:34.460 [main] DEBUG o.hibernate.type.BasicTypeRegistry - Adding type registration nstring -> org.hibernate.type.StringNVarcharType@285c08c8
12:56:34.460 [main] DEBUG o.hibernate.type.BasicTypeRegistry - Adding type registration ncharacter -> org.hibernate.type.CharacterNCharType@64dafeed
12:56:34.460 [main] DEBUG o.hibernate.type.BasicTypeRegistry - Adding type registration url -> org.hibernate.type.UrlType@6111ba37
12:56:34.460 [main] DEBUG o.hibernate.type.BasicTypeRegistry - Adding type registration java.net.URL -> org.hibernate.type.UrlType@6111ba37
12:56:34.461 [main] DEBUG o.hibernate.type.BasicTypeRegistry - Adding type registration Duration -> org.hibernate.type.DurationType@4721d212
12:56:34.461 [main] DEBUG o.hibernate.type.BasicTypeRegistry - Adding type registration java.time.Duration -> org.hibernate.type.DurationType@4721d212
12:56:34.462 [main] DEBUG o.hibernate.type.BasicTypeRegistry - Adding type registration Instant -> org.hibernate.type.InstantType@654d8173
12:56:34.462 [main] DEBUG o.hibernate.type.BasicTypeRegistry - Adding type registration java.time.Instant -> org.hibernate.type.InstantType@654d8173
12:56:34.462 [main] DEBUG o.hibernate.type.BasicTypeRegistry - Adding type registration LocalDateTime -> org.hibernate.type.LocalDateTimeType@239b0f9d
12:56:34.462 [main] DEBUG o.hibernate.type.BasicTypeRegistry - Adding type registration java.time.LocalDateTime -> org.hibernate.type.LocalDateTimeType@239b0f9d
12:56:34.463 [main] DEBUG o.hibernate.type.BasicTypeRegistry - Adding type registration LocalDate -> org.hibernate.type.LocalDateType@650eab8
12:56:34.463 [main] DEBUG o.hibernate.type.BasicTypeRegistry - Adding type registration java.time.LocalDate -> org.hibernate.type.LocalDateType@650eab8
12:56:34.463 [main] DEBUG o.hibernate.type.BasicTypeRegistry - Adding type registration LocalTime -> org.hibernate.type.LocalTimeType@f0e995e
12:56:34.463 [main] DEBUG o.hibernate.type.BasicTypeRegistry - Adding type registration java.time.LocalTime -> org.hibernate.type.LocalTimeType@f0e995e
12:56:34.463 [main] DEBUG o.hibernate.type.BasicTypeRegistry - Adding type registration OffsetDateTime -> org.hibernate.type.OffsetDateTimeType@50fe837a
12:56:34.463 [main] DEBUG o.hibernate.type.BasicTypeRegistry - Adding type registration java.time.OffsetDateTime -> org.hibernate.type.OffsetDateTimeType@50fe837a
12:56:34.464 [main] DEBUG o.hibernate.type.BasicTypeRegistry - Adding type registration OffsetTime -> org.hibernate.type.OffsetTimeType@1623134f
12:56:34.464 [main] DEBUG o.hibernate.type.BasicTypeRegistry - Adding type registration java.time.OffsetTime -> org.hibernate.type.OffsetTimeType@1623134f
12:56:34.465 [main] DEBUG o.hibernate.type.BasicTypeRegistry - Adding type registration ZonedDateTime -> org.hibernate.type.ZonedDateTimeType@5ad10c1a
12:56:34.465 [main] DEBUG o.hibernate.type.BasicTypeRegistry - Adding type registration java.time.ZonedDateTime -> org.hibernate.type.ZonedDateTimeType@5ad10c1a
12:56:34.466 [main] DEBUG o.hibernate.type.BasicTypeRegistry - Adding type registration date -> org.hibernate.type.DateType@15eebbff
12:56:34.466 [main] DEBUG o.hibernate.type.BasicTypeRegistry - Adding type registration java.sql.Date -> org.hibernate.type.DateType@15eebbff
12:56:34.467 [main] DEBUG o.hibernate.type.BasicTypeRegistry - Adding type registration time -> org.hibernate.type.TimeType@3e34ace1
12:56:34.467 [main] DEBUG o.hibernate.type.BasicTypeRegistry - Adding type registration java.sql.Time -> org.hibernate.type.TimeType@3e34ace1
12:56:34.467 [main] DEBUG o.hibernate.type.BasicTypeRegistry - Adding type registration timestamp -> org.hibernate.type.TimestampType@6cbcf243
12:56:34.467 [main] DEBUG o.hibernate.type.BasicTypeRegistry - Adding type registration java.sql.Timestamp -> org.hibernate.type.TimestampType@6cbcf243
12:56:34.467 [main] DEBUG o.hibernate.type.BasicTypeRegistry - Adding type registration java.util.Date -> org.hibernate.type.TimestampType@6cbcf243
12:56:34.468 [main] DEBUG o.hibernate.type.BasicTypeRegistry - Adding type registration dbtimestamp -> org.hibernate.type.DbTimestampType@38be305c
12:56:34.470 [main] DEBUG o.hibernate.type.BasicTypeRegistry - Adding type registration calendar -> org.hibernate.type.CalendarType@26a4842b
12:56:34.470 [main] DEBUG o.hibernate.type.BasicTypeRegistry - Adding type registration java.util.Calendar -> org.hibernate.type.CalendarType@26a4842b
12:56:34.470 [main] DEBUG o.hibernate.type.BasicTypeRegistry - Adding type registration java.util.GregorianCalendar -> org.hibernate.type.CalendarType@26a4842b
12:56:34.470 [main] DEBUG o.hibernate.type.BasicTypeRegistry - Adding type registration calendar_date -> org.hibernate.type.CalendarDateType@a5b0b86
12:56:34.470 [main] DEBUG o.hibernate.type.BasicTypeRegistry - Adding type registration calendar_time -> org.hibernate.type.CalendarTimeType@2611b9a3
12:56:34.471 [main] DEBUG o.hibernate.type.BasicTypeRegistry - Adding type registration locale -> org.hibernate.type.LocaleType@5b64c4b7
12:56:34.471 [main] DEBUG o.hibernate.type.BasicTypeRegistry - Adding type registration java.util.Locale -> org.hibernate.type.LocaleType@5b64c4b7
12:56:34.471 [main] DEBUG o.hibernate.type.BasicTypeRegistry - Adding type registration currency -> org.hibernate.type.CurrencyType@1252b961
12:56:34.472 [main] DEBUG o.hibernate.type.BasicTypeRegistry - Adding type registration java.util.Currency -> org.hibernate.type.CurrencyType@1252b961
12:56:34.472 [main] DEBUG o.hibernate.type.BasicTypeRegistry - Adding type registration timezone -> org.hibernate.type.TimeZoneType@4d098f9b
12:56:34.472 [main] DEBUG o.hibernate.type.BasicTypeRegistry - Adding type registration java.util.TimeZone -> org.hibernate.type.TimeZoneType@4d098f9b
12:56:34.472 [main] DEBUG o.hibernate.type.BasicTypeRegistry - Adding type registration class -> org.hibernate.type.ClassType@7b64240d
12:56:34.472 [main] DEBUG o.hibernate.type.BasicTypeRegistry - Adding type registration java.lang.Class -> org.hibernate.type.ClassType@7b64240d
12:56:34.473 [main] DEBUG o.hibernate.type.BasicTypeRegistry - Adding type registration uuid-binary -> org.hibernate.type.UUIDBinaryType@6d24ffa1
12:56:34.473 [main] DEBUG o.hibernate.type.BasicTypeRegistry - Adding type registration java.util.UUID -> org.hibernate.type.UUIDBinaryType@6d24ffa1
12:56:34.473 [main] DEBUG o.hibernate.type.BasicTypeRegistry - Adding type registration uuid-char -> org.hibernate.type.UUIDCharType@426b6a74
12:56:34.474 [main] DEBUG o.hibernate.type.BasicTypeRegistry - Adding type registration binary -> org.hibernate.type.BinaryType@7d3430a7
12:56:34.474 [main] DEBUG o.hibernate.type.BasicTypeRegistry - Adding type registration byte[] -> org.hibernate.type.BinaryType@7d3430a7
12:56:34.474 [main] DEBUG o.hibernate.type.BasicTypeRegistry - Adding type registration [B -> org.hibernate.type.BinaryType@7d3430a7
12:56:34.474 [main] DEBUG o.hibernate.type.BasicTypeRegistry - Adding type registration wrapper-binary -> org.hibernate.type.WrapperBinaryType@5536379e
12:56:34.474 [main] DEBUG o.hibernate.type.BasicTypeRegistry - Adding type registration Byte[] -> org.hibernate.type.WrapperBinaryType@5536379e
12:56:34.474 [main] DEBUG o.hibernate.type.BasicTypeRegistry - Adding type registration [Ljava.lang.Byte; -> org.hibernate.type.WrapperBinaryType@5536379e
12:56:34.475 [main] DEBUG o.hibernate.type.BasicTypeRegistry - Adding type registration row_version -> org.hibernate.type.RowVersionType@2b491fee
12:56:34.475 [main] DEBUG o.hibernate.type.BasicTypeRegistry - Adding type registration image -> org.hibernate.type.ImageType@3e8f7922
12:56:34.475 [main] DEBUG o.hibernate.type.BasicTypeRegistry - Adding type registration characters -> org.hibernate.type.CharArrayType@6ca0256d
12:56:34.475 [main] DEBUG o.hibernate.type.BasicTypeRegistry - Adding type registration char[] -> org.hibernate.type.CharArrayType@6ca0256d
12:56:34.475 [main] DEBUG o.hibernate.type.BasicTypeRegistry - Adding type registration [C -> org.hibernate.type.CharArrayType@6ca0256d
12:56:34.476 [main] DEBUG o.hibernate.type.BasicTypeRegistry - Adding type registration wrapper-characters -> org.hibernate.type.CharacterArrayType@e260766
12:56:34.476 [main] DEBUG o.hibernate.type.BasicTypeRegistry - Adding type registration [Ljava.lang.Character; -> org.hibernate.type.CharacterArrayType@e260766
12:56:34.476 [main] DEBUG o.hibernate.type.BasicTypeRegistry - Adding type registration Character[] -> org.hibernate.type.CharacterArrayType@e260766
12:56:34.476 [main] DEBUG o.hibernate.type.BasicTypeRegistry - Adding type registration text -> org.hibernate.type.TextType@7c56e013
12:56:34.477 [main] DEBUG o.hibernate.type.BasicTypeRegistry - Adding type registration ntext -> org.hibernate.type.NTextType@6731787b
12:56:34.477 [main] DEBUG o.hibernate.type.BasicTypeRegistry - Adding type registration blob -> org.hibernate.type.BlobType@2cb3d0f7
12:56:34.477 [main] DEBUG o.hibernate.type.BasicTypeRegistry - Adding type registration java.sql.Blob -> org.hibernate.type.BlobType@2cb3d0f7
12:56:34.478 [main] DEBUG o.hibernate.type.BasicTypeRegistry - Adding type registration materialized_blob -> org.hibernate.type.MaterializedBlobType@5860f3d7
12:56:34.478 [main] DEBUG o.hibernate.type.BasicTypeRegistry - Adding type registration clob -> org.hibernate.type.ClobType@67389cb8
12:56:34.478 [main] DEBUG o.hibernate.type.BasicTypeRegistry - Adding type registration java.sql.Clob -> org.hibernate.type.ClobType@67389cb8
12:56:34.479 [main] DEBUG o.hibernate.type.BasicTypeRegistry - Adding type registration nclob -> org.hibernate.type.NClobType@74e47444
12:56:34.479 [main] DEBUG o.hibernate.type.BasicTypeRegistry - Adding type registration java.sql.NClob -> org.hibernate.type.NClobType@74e47444
12:56:34.479 [main] DEBUG o.hibernate.type.BasicTypeRegistry - Adding type registration materialized_clob -> org.hibernate.type.MaterializedClobType@6e4de19b
12:56:34.480 [main] DEBUG o.hibernate.type.BasicTypeRegistry - Adding type registration materialized_nclob -> org.hibernate.type.MaterializedNClobType@1991f767
12:56:34.480 [main] DEBUG o.hibernate.type.BasicTypeRegistry - Adding type registration serializable -> org.hibernate.type.SerializableType@7db82169
12:56:34.481 [main] DEBUG o.hibernate.type.BasicTypeRegistry - Adding type registration object -> org.hibernate.type.ObjectType@3a94964
12:56:34.481 [main] DEBUG o.hibernate.type.BasicTypeRegistry - Adding type registration java.lang.Object -> org.hibernate.type.ObjectType@3a94964
12:56:34.483 [main] DEBUG o.hibernate.type.BasicTypeRegistry - Adding type registration imm_date -> org.hibernate.type.AdaptedImmutableType@2a3591c5
12:56:34.483 [main] DEBUG o.hibernate.type.BasicTypeRegistry - Adding type registration imm_time -> org.hibernate.type.AdaptedImmutableType@34a75079
12:56:34.483 [main] DEBUG o.hibernate.type.BasicTypeRegistry - Adding type registration imm_timestamp -> org.hibernate.type.AdaptedImmutableType@346a361
12:56:34.483 [main] DEBUG o.hibernate.type.BasicTypeRegistry - Adding type registration imm_dbtimestamp -> org.hibernate.type.AdaptedImmutableType@107ed6fc
12:56:34.483 [main] DEBUG o.hibernate.type.BasicTypeRegistry - Adding type registration imm_calendar -> org.hibernate.type.AdaptedImmutableType@1643d68f
12:56:34.483 [main] DEBUG o.hibernate.type.BasicTypeRegistry - Adding type registration imm_calendar_date -> org.hibernate.type.AdaptedImmutableType@186978a6
12:56:34.483 [main] DEBUG o.hibernate.type.BasicTypeRegistry - Adding type registration imm_binary -> org.hibernate.type.AdaptedImmutableType@2e029d61
12:56:34.483 [main] DEBUG o.hibernate.type.BasicTypeRegistry - Adding type registration imm_serializable -> org.hibernate.type.AdaptedImmutableType@482d776b
12:56:34.491 [main] DEBUG o.h.b.internal.BootstrapContextImpl - Injecting ScanEnvironment [org.hibernate.jpa.boot.internal.StandardJpaScanEnvironmentImpl@649725e3] into BootstrapContext; was [null]
12:56:34.491 [main] DEBUG o.h.b.internal.BootstrapContextImpl - Injecting ScanOptions [org.hibernate.boot.archive.scan.internal.StandardScanOptions@3c0fae6c] into BootstrapContext; was [org.hibernate.boot.archive.scan.internal.StandardScanOptions@4c168660]
12:56:34.523 [main] DEBUG o.h.b.internal.BootstrapContextImpl - Injecting JPA temp ClassLoader [null] into BootstrapContext; was [null]
12:56:34.523 [main] DEBUG o.h.b.internal.ClassLoaderAccessImpl - ClassLoaderAccessImpl#injectTempClassLoader(null) [was null]
12:56:34.529 [main] DEBUG o.h.i.f.i.DefaultIdentifierGeneratorFactory - Registering IdentifierGenerator strategy [uuid2] -> [org.hibernate.id.UUIDGenerator]
12:56:34.530 [main] DEBUG o.h.i.f.i.DefaultIdentifierGeneratorFactory - Registering IdentifierGenerator strategy [guid] -> [org.hibernate.id.GUIDGenerator]
12:56:34.530 [main] DEBUG o.h.i.f.i.DefaultIdentifierGeneratorFactory - Registering IdentifierGenerator strategy [uuid] -> [org.hibernate.id.UUIDHexGenerator]
12:56:34.530 [main] DEBUG o.h.i.f.i.DefaultIdentifierGeneratorFactory - Registering IdentifierGenerator strategy [uuid.hex] -> [org.hibernate.id.UUIDHexGenerator]
12:56:34.530 [main] DEBUG o.h.i.f.i.DefaultIdentifierGeneratorFactory - Registering IdentifierGenerator strategy [assigned] -> [org.hibernate.id.Assigned]
12:56:34.531 [main] DEBUG o.h.i.f.i.DefaultIdentifierGeneratorFactory - Registering IdentifierGenerator strategy [identity] -> [org.hibernate.id.IdentityGenerator]
12:56:34.531 [main] DEBUG o.h.i.f.i.DefaultIdentifierGeneratorFactory - Registering IdentifierGenerator strategy [select] -> [org.hibernate.id.SelectGenerator]
12:56:34.532 [main] DEBUG o.h.i.f.i.DefaultIdentifierGeneratorFactory - Registering IdentifierGenerator strategy [sequence] -> [org.hibernate.id.enhanced.SequenceStyleGenerator]
12:56:34.532 [main] DEBUG o.h.i.f.i.DefaultIdentifierGeneratorFactory - Registering IdentifierGenerator strategy [seqhilo] -> [org.hibernate.id.SequenceHiLoGenerator]
12:56:34.533 [main] DEBUG o.h.i.f.i.DefaultIdentifierGeneratorFactory - Registering IdentifierGenerator strategy [increment] -> [org.hibernate.id.IncrementGenerator]
12:56:34.533 [main] DEBUG o.h.i.f.i.DefaultIdentifierGeneratorFactory - Registering IdentifierGenerator strategy [foreign] -> [org.hibernate.id.ForeignGenerator]
12:56:34.533 [main] DEBUG o.h.i.f.i.DefaultIdentifierGeneratorFactory - Registering IdentifierGenerator strategy [sequence-identity] -> [org.hibernate.id.SequenceIdentityGenerator]
12:56:34.533 [main] DEBUG o.h.i.f.i.DefaultIdentifierGeneratorFactory - Registering IdentifierGenerator strategy [enhanced-sequence] -> [org.hibernate.id.enhanced.SequenceStyleGenerator]
12:56:34.533 [main] DEBUG o.h.i.f.i.DefaultIdentifierGeneratorFactory - Registering IdentifierGenerator strategy [enhanced-table] -> [org.hibernate.id.enhanced.TableGenerator]
12:56:34.535 [main] WARN  o.hibernate.orm.connections.pooling - HHH10001002: Using Hibernate built-in connection pool (not for production use!)
12:56:34.539 [main] INFO  o.hibernate.orm.connections.pooling - HHH10001005: using driver [org.postgresql.Driver] at URL [jdbc:postgresql://localhost:5432/BuildWeek]
12:56:34.539 [main] INFO  o.hibernate.orm.connections.pooling - HHH10001001: Connection properties: {password=root, user=postgres}
12:56:34.539 [main] INFO  o.hibernate.orm.connections.pooling - HHH10001003: Autocommit mode: false
12:56:34.541 [main] DEBUG o.h.e.j.c.i.DriverManagerConnectionProviderImpl - Initializing Connection pool with 1 Connections
12:56:34.541 [main] INFO  o.h.e.j.c.i.DriverManagerConnectionProviderImpl - HHH000115: Hibernate connection pool size: 20 (min=1)
12:56:34.692 [main] DEBUG o.h.e.j.e.i.JdbcEnvironmentInitiator - Database ->
       name : PostgreSQL
    version : 15.3
      major : 15
      minor : 3
12:56:34.692 [main] DEBUG o.h.e.j.e.i.JdbcEnvironmentInitiator - Driver ->
       name : PostgreSQL JDBC Driver
    version : 42.6.0
      major : 42
      minor : 6
12:56:34.693 [main] DEBUG o.h.e.j.e.i.JdbcEnvironmentInitiator - JDBC version : 4.2
12:56:34.700 [main] INFO  org.hibernate.dialect.Dialect - HHH000400: Using dialect: org.hibernate.dialect.PostgreSQLDialect
12:56:34.709 [main] DEBUG o.h.e.j.e.s.IdentifierHelperBuilder - JDBC driver metadata reported database stores quoted identifiers in neither upper, lower nor mixed case
12:56:34.725 [main] DEBUG o.hibernate.type.BasicTypeRegistry - Adding type registration pg-uuid -> org.hibernate.type.PostgresUUIDType@21f9277b
12:56:34.725 [main] DEBUG o.hibernate.type.BasicTypeRegistry - Adding type registration java.util.UUID -> org.hibernate.type.PostgresUUIDType@21f9277b
12:56:34.727 [main] DEBUG o.hibernate.type.BasicTypeRegistry - HHH000270: Type registration [java.util.UUID] overrides previous : org.hibernate.type.UUIDBinaryType@6d24ffa1
12:56:34.728 [main] DEBUG o.h.type.spi.TypeConfiguration$Scope - Scoping TypeConfiguration [org.hibernate.type.spi.TypeConfiguration@66bfd864] to MetadataBuildingContext [org.hibernate.boot.internal.MetadataBuildingContextRootImpl@4aac85fa]
12:56:34.749 [main] DEBUG o.h.boot.model.relational.Namespace - Created database namespace [logicalName=Name{catalog=null, schema=null}, physicalName=Name{catalog=null, schema=null}]
12:56:34.757 [main] DEBUG org.hibernate.cfg.AnnotationBinder - Binding entity from annotated class: Abstract.TicketSeller
12:56:34.766 [main] DEBUG org.hibernate.cfg.Ejb3Column - Binding column: Ejb3DiscriminatorColumn{logicalColumnName'type', discriminatorTypeName='string'}
12:56:34.769 [main] DEBUG o.h.cfg.annotations.EntityBinder - Import with entity name TicketSeller
12:56:34.771 [main] DEBUG o.h.cfg.annotations.EntityBinder - Bind entity Abstract.TicketSeller on table TicketSeller
12:56:34.789 [main] DEBUG org.hibernate.cfg.Ejb3Column - Binding column: Ejb3Column{table=org.hibernate.mapping.Table(TicketSeller), mappingColumn=id, insertable=true, updatable=true, unique=false}
12:56:34.790 [main] DEBUG o.h.b.internal.ClassLoaderAccessImpl - Not known whether passed class name [Abstract.TicketSeller] is safe
12:56:34.790 [main] DEBUG o.h.b.internal.ClassLoaderAccessImpl - No temp ClassLoader provided; using live ClassLoader for loading potentially unsafe class : Abstract.TicketSeller
12:56:34.791 [main] DEBUG o.h.cfg.annotations.PropertyBinder - MetadataSourceProcessor property id with lazy=false
12:56:34.792 [main] DEBUG o.h.cfg.AbstractPropertyHolder - Attempting to locate auto-apply AttributeConverter for property [Abstract.TicketSeller:id]
12:56:34.793 [main] DEBUG o.h.c.annotations.SimpleValueBinder - building SimpleValue for id
12:56:34.793 [main] DEBUG o.h.cfg.annotations.PropertyBinder - Building property id
12:56:34.796 [main] DEBUG org.hibernate.cfg.BinderHelper - #makeIdGenerator(org.hibernate.mapping.SimpleValue([org.hibernate.mapping.Column(id)]), id, org.hibernate.id.enhanced.SequenceStyleGenerator, elCat_seq, ...)
12:56:34.797 [main] DEBUG org.hibernate.cfg.Ejb3Column - Binding column: Ejb3Column{table=org.hibernate.mapping.Table(TicketSeller), mappingColumn=seller_name, insertable=true, updatable=true, unique=false}
12:56:34.798 [main] DEBUG o.h.cfg.annotations.PropertyBinder - MetadataSourceProcessor property name with lazy=false
12:56:34.798 [main] DEBUG o.h.cfg.AbstractPropertyHolder - Attempting to locate auto-apply AttributeConverter for property [Abstract.TicketSeller:name]
12:56:34.798 [main] DEBUG o.h.c.annotations.SimpleValueBinder - building SimpleValue for name
12:56:34.798 [main] DEBUG o.h.cfg.annotations.PropertyBinder - Building property name
12:56:34.798 [main] DEBUG org.hibernate.cfg.Ejb3Column - Binding column: Ejb3JoinColumn{logicalColumnName='null', referencedColumn='null', mappedBy=''}
12:56:34.798 [main] DEBUG org.hibernate.cfg.Ejb3Column - Binding column: Ejb3Column{table=org.hibernate.mapping.Table(TicketSeller), mappingColumn=passes, insertable=true, updatable=true, unique=false}
12:56:34.799 [main] DEBUG org.hibernate.cfg.Ejb3Column - Binding column: Ejb3Column{table=org.hibernate.mapping.Table(TicketSeller), mappingColumn=null, insertable=true, updatable=true, unique=false}
12:56:34.803 [main] DEBUG org.hibernate.cfg.Ejb3Column - Binding column: Ejb3Column{table=org.hibernate.mapping.Table(TicketSeller), mappingColumn=element, insertable=true, updatable=true, unique=false}
12:56:34.803 [main] DEBUG org.hibernate.cfg.Ejb3Column - Binding column: Ejb3Column{table=org.hibernate.mapping.Table(TicketSeller), mappingColumn=passes_KEY, insertable=true, updatable=true, unique=false}
12:56:34.804 [main] DEBUG org.hibernate.cfg.Ejb3Column - Binding column: Ejb3JoinColumn{logicalColumnName='passes_KEY', referencedColumn='null', mappedBy='null'}
12:56:34.804 [main] DEBUG org.hibernate.cfg.Ejb3Column - Binding column: Ejb3JoinColumn{logicalColumnName='null', referencedColumn='null', mappedBy=''}
12:56:34.804 [main] DEBUG org.hibernate.cfg.Ejb3Column - Binding column: Ejb3JoinColumn{logicalColumnName='null', referencedColumn='null', mappedBy=''}
12:56:34.806 [main] DEBUG o.h.cfg.annotations.CollectionBinder - Collection role: Abstract.TicketSeller.passes
12:56:34.806 [main] DEBUG o.h.cfg.annotations.PropertyBinder - Building property passes
12:56:34.806 [main] DEBUG org.hibernate.cfg.Ejb3Column - Binding column: Ejb3JoinColumn{logicalColumnName='null', referencedColumn='null', mappedBy=''}
12:56:34.807 [main] DEBUG org.hibernate.cfg.Ejb3Column - Binding column: Ejb3Column{table=org.hibernate.mapping.Table(TicketSeller), mappingColumn=tickets, insertable=true, updatable=true, unique=false}
12:56:34.807 [main] DEBUG org.hibernate.cfg.Ejb3Column - Binding column: Ejb3Column{table=org.hibernate.mapping.Table(TicketSeller), mappingColumn=null, insertable=true, updatable=true, unique=false}
12:56:34.807 [main] DEBUG org.hibernate.cfg.Ejb3Column - Binding column: Ejb3Column{table=org.hibernate.mapping.Table(TicketSeller), mappingColumn=element, insertable=true, updatable=true, unique=false}
12:56:34.807 [main] DEBUG org.hibernate.cfg.Ejb3Column - Binding column: Ejb3Column{table=org.hibernate.mapping.Table(TicketSeller), mappingColumn=tickets_KEY, insertable=true, updatable=true, unique=false}
12:56:34.807 [main] DEBUG org.hibernate.cfg.Ejb3Column - Binding column: Ejb3JoinColumn{logicalColumnName='tickets_KEY', referencedColumn='null', mappedBy='null'}
12:56:34.807 [main] DEBUG org.hibernate.cfg.Ejb3Column - Binding column: Ejb3JoinColumn{logicalColumnName='null', referencedColumn='null', mappedBy=''}
12:56:34.807 [main] DEBUG org.hibernate.cfg.Ejb3Column - Binding column: Ejb3JoinColumn{logicalColumnName='null', referencedColumn='null', mappedBy=''}
12:56:34.807 [main] DEBUG o.h.cfg.annotations.CollectionBinder - Collection role: Abstract.TicketSeller.tickets
12:56:34.807 [main] DEBUG o.h.cfg.annotations.PropertyBinder - Building property tickets
12:56:34.810 [main] DEBUG org.hibernate.cfg.AnnotationBinder - Binding entity from annotated class: Classes.Card
12:56:34.810 [main] DEBUG org.hibernate.cfg.Ejb3Column - Binding column: Ejb3DiscriminatorColumn{logicalColumnName'DTYPE', discriminatorTypeName='string'}
12:56:34.810 [main] DEBUG o.h.cfg.annotations.EntityBinder - Import with entity name Card
12:56:34.810 [main] DEBUG o.h.cfg.annotations.EntityBinder - Bind entity Classes.Card on table Card
12:56:34.811 [main] DEBUG org.hibernate.cfg.Ejb3Column - Binding column: Ejb3Column{table=org.hibernate.mapping.Table(Card), mappingColumn=id, insertable=true, updatable=true, unique=false}
12:56:34.811 [main] DEBUG o.h.b.internal.ClassLoaderAccessImpl - Not known whether passed class name [Classes.Card] is safe
12:56:34.811 [main] DEBUG o.h.b.internal.ClassLoaderAccessImpl - No temp ClassLoader provided; using live ClassLoader for loading potentially unsafe class : Classes.Card
12:56:34.812 [main] DEBUG o.h.cfg.annotations.PropertyBinder - MetadataSourceProcessor property id with lazy=false
12:56:34.812 [main] DEBUG o.h.cfg.AbstractPropertyHolder - Attempting to locate auto-apply AttributeConverter for property [Classes.Card:id]
12:56:34.812 [main] DEBUG o.h.c.annotations.SimpleValueBinder - building SimpleValue for id
12:56:34.812 [main] DEBUG o.h.cfg.annotations.PropertyBinder - Building property id
12:56:34.812 [main] DEBUG org.hibernate.cfg.BinderHelper - #makeIdGenerator(org.hibernate.mapping.SimpleValue([org.hibernate.mapping.Column(id)]), id, identity, , ...)
12:56:34.812 [main] DEBUG org.hibernate.cfg.Ejb3Column - Binding column: Ejb3Column{table=org.hibernate.mapping.Table(Card), mappingColumn=emissionDate, insertable=true, updatable=true, unique=false}
12:56:34.812 [main] DEBUG o.h.cfg.annotations.PropertyBinder - MetadataSourceProcessor property emissionDate with lazy=false
12:56:34.812 [main] DEBUG o.h.cfg.AbstractPropertyHolder - Attempting to locate auto-apply AttributeConverter for property [Classes.Card:emissionDate]
12:56:34.812 [main] DEBUG o.h.c.annotations.SimpleValueBinder - building SimpleValue for emissionDate
12:56:34.812 [main] DEBUG o.h.cfg.annotations.PropertyBinder - Building property emissionDate
12:56:34.812 [main] DEBUG org.hibernate.cfg.Ejb3Column - Binding column: Ejb3Column{table=org.hibernate.mapping.Table(Card), mappingColumn=expirationDate, insertable=true, updatable=true, unique=false}
12:56:34.812 [main] DEBUG o.h.cfg.annotations.PropertyBinder - MetadataSourceProcessor property expirationDate with lazy=false
12:56:34.812 [main] DEBUG o.h.cfg.AbstractPropertyHolder - Attempting to locate auto-apply AttributeConverter for property [Classes.Card:expirationDate]
12:56:34.812 [main] DEBUG o.h.c.annotations.SimpleValueBinder - building SimpleValue for expirationDate
12:56:34.812 [main] DEBUG o.h.cfg.annotations.PropertyBinder - Building property expirationDate
12:56:34.812 [main] DEBUG org.hibernate.cfg.Ejb3Column - Binding column: Ejb3JoinColumn{logicalColumnName='null', referencedColumn='null', mappedBy='cardNum'}
12:56:34.813 [main] DEBUG org.hibernate.cfg.Ejb3Column - Binding column: Ejb3Column{table=org.hibernate.mapping.Table(Card), mappingColumn=person, insertable=true, updatable=true, unique=false}
12:56:34.813 [main] DEBUG org.hibernate.cfg.AnnotationBinder - Binding entity from annotated class: Classes.Person
12:56:34.813 [main] DEBUG org.hibernate.cfg.Ejb3Column - Binding column: Ejb3DiscriminatorColumn{logicalColumnName'DTYPE', discriminatorTypeName='string'}
12:56:34.813 [main] DEBUG o.h.cfg.annotations.EntityBinder - Import with entity name Person
12:56:34.813 [main] DEBUG o.h.cfg.annotations.EntityBinder - Bind entity Classes.Person on table Person
12:56:34.814 [main] DEBUG org.hibernate.cfg.Ejb3Column - Binding column: Ejb3Column{table=org.hibernate.mapping.Table(Person), mappingColumn=id, insertable=true, updatable=true, unique=false}
12:56:34.814 [main] DEBUG o.h.b.internal.ClassLoaderAccessImpl - Not known whether passed class name [Classes.Person] is safe
12:56:34.814 [main] DEBUG o.h.b.internal.ClassLoaderAccessImpl - No temp ClassLoader provided; using live ClassLoader for loading potentially unsafe class : Classes.Person
12:56:34.814 [main] DEBUG o.h.cfg.annotations.PropertyBinder - MetadataSourceProcessor property id with lazy=false
12:56:34.814 [main] DEBUG o.h.cfg.AbstractPropertyHolder - Attempting to locate auto-apply AttributeConverter for property [Classes.Person:id]
12:56:34.814 [main] DEBUG o.h.c.annotations.SimpleValueBinder - building SimpleValue for id
12:56:34.814 [main] DEBUG o.h.cfg.annotations.PropertyBinder - Building property id
12:56:34.814 [main] DEBUG org.hibernate.cfg.BinderHelper - #makeIdGenerator(org.hibernate.mapping.SimpleValue([org.hibernate.mapping.Column(id)]), id, identity, , ...)
12:56:34.814 [main] DEBUG org.hibernate.cfg.Ejb3Column - Binding column: Ejb3Column{table=org.hibernate.mapping.Table(Person), mappingColumn=birthdate, insertable=true, updatable=true, unique=false}
12:56:34.814 [main] DEBUG o.h.cfg.annotations.PropertyBinder - MetadataSourceProcessor property birthdate with lazy=false
12:56:34.814 [main] DEBUG o.h.cfg.AbstractPropertyHolder - Attempting to locate auto-apply AttributeConverter for property [Classes.Person:birthdate]
12:56:34.814 [main] DEBUG o.h.c.annotations.SimpleValueBinder - building SimpleValue for birthdate
12:56:34.814 [main] DEBUG o.h.cfg.annotations.PropertyBinder - Building property birthdate
12:56:34.814 [main] DEBUG org.hibernate.cfg.Ejb3Column - Binding column: Ejb3JoinColumn{logicalColumnName='null', referencedColumn='null', mappedBy=''}
12:56:34.815 [main] DEBUG org.hibernate.cfg.Ejb3Column - Binding column: Ejb3Column{table=org.hibernate.mapping.Table(Person), mappingColumn=cardNum, insertable=true, updatable=true, unique=false}
12:56:34.815 [main] DEBUG o.h.cfg.annotations.PropertyBinder - Building property cardNum
12:56:34.816 [main] DEBUG org.hibernate.cfg.Ejb3Column - Binding column: Ejb3Column{table=org.hibernate.mapping.Table(Person), mappingColumn=firstName, insertable=true, updatable=true, unique=false}
12:56:34.816 [main] DEBUG o.h.cfg.annotations.PropertyBinder - MetadataSourceProcessor property firstName with lazy=false
12:56:34.816 [main] DEBUG o.h.cfg.AbstractPropertyHolder - Attempting to locate auto-apply AttributeConverter for property [Classes.Person:firstName]
12:56:34.816 [main] DEBUG o.h.c.annotations.SimpleValueBinder - building SimpleValue for firstName
12:56:34.816 [main] DEBUG o.h.cfg.annotations.PropertyBinder - Building property firstName
12:56:34.816 [main] DEBUG org.hibernate.cfg.Ejb3Column - Binding column: Ejb3Column{table=org.hibernate.mapping.Table(Person), mappingColumn=lastName, insertable=true, updatable=true, unique=false}
12:56:34.816 [main] DEBUG o.h.cfg.annotations.PropertyBinder - MetadataSourceProcessor property lastName with lazy=false
12:56:34.816 [main] DEBUG o.h.cfg.AbstractPropertyHolder - Attempting to locate auto-apply AttributeConverter for property [Classes.Person:lastName]
12:56:34.816 [main] DEBUG o.h.c.annotations.SimpleValueBinder - building SimpleValue for lastName
12:56:34.816 [main] DEBUG o.h.cfg.annotations.PropertyBinder - Building property lastName
12:56:34.816 [main] DEBUG org.hibernate.cfg.AnnotationBinder - Binding entity from annotated class: Classes.Ticket
12:56:34.816 [main] DEBUG org.hibernate.cfg.Ejb3Column - Binding column: Ejb3DiscriminatorColumn{logicalColumnName'DTYPE', discriminatorTypeName='string'}
12:56:34.816 [main] DEBUG o.h.cfg.annotations.EntityBinder - Import with entity name Ticket
12:56:34.816 [main] DEBUG o.h.cfg.annotations.EntityBinder - Bind entity Classes.Ticket on table Ticket
12:56:34.818 [main] DEBUG org.hibernate.cfg.Ejb3Column - Binding column: Ejb3Column{table=org.hibernate.mapping.Table(Ticket), mappingColumn=id, insertable=true, updatable=true, unique=false}
12:56:34.818 [main] DEBUG o.h.b.internal.ClassLoaderAccessImpl - Not known whether passed class name [Classes.Ticket] is safe
12:56:34.818 [main] DEBUG o.h.b.internal.ClassLoaderAccessImpl - No temp ClassLoader provided; using live ClassLoader for loading potentially unsafe class : Classes.Ticket
12:56:34.818 [main] DEBUG o.h.cfg.annotations.PropertyBinder - MetadataSourceProcessor property id with lazy=false
12:56:34.818 [main] DEBUG o.h.cfg.AbstractPropertyHolder - Attempting to locate auto-apply AttributeConverter for property [Classes.Ticket:id]
12:56:34.818 [main] DEBUG o.h.c.annotations.SimpleValueBinder - building SimpleValue for id
12:56:34.818 [main] DEBUG o.h.cfg.annotations.PropertyBinder - Building property id
12:56:34.818 [main] DEBUG org.hibernate.cfg.BinderHelper - #makeIdGenerator(org.hibernate.mapping.SimpleValue([org.hibernate.mapping.Column(id)]), id, identity, , ...)
12:56:34.818 [main] DEBUG org.hibernate.cfg.Ejb3Column - Binding column: Ejb3JoinColumn{logicalColumnName='null', referencedColumn='null', mappedBy='null'}
12:56:34.818 [main] DEBUG org.hibernate.cfg.Ejb3Column - Binding column: Ejb3Column{table=org.hibernate.mapping.Table(Ticket), mappingColumn=seller, insertable=true, updatable=true, unique=false}
12:56:34.818 [main] DEBUG o.h.cfg.annotations.PropertyBinder - Building property seller
12:56:34.819 [main] DEBUG org.hibernate.cfg.AnnotationBinder - Binding entity from annotated class: Classes.Pass
12:56:34.819 [main] DEBUG o.h.cfg.annotations.EntityBinder - Import with entity name Pass
12:56:34.820 [main] DEBUG org.hibernate.cfg.Ejb3Column - Binding column: Ejb3JoinColumn{logicalColumnName='null', referencedColumn='null', mappedBy=''}
12:56:34.820 [main] DEBUG org.hibernate.cfg.Ejb3Column - Binding column: Ejb3Column{table=org.hibernate.mapping.Table(Ticket), mappingColumn=person, insertable=true, updatable=true, unique=false}
12:56:34.820 [main] DEBUG o.h.cfg.annotations.PropertyBinder - Building property person
12:56:34.821 [main] DEBUG org.hibernate.cfg.Ejb3Column - Binding column: Ejb3JoinColumn{logicalColumnName='null', referencedColumn='null', mappedBy='null'}
12:56:34.821 [main] DEBUG org.hibernate.cfg.Ejb3Column - Binding column: Ejb3Column{table=org.hibernate.mapping.Table(Ticket), mappingColumn=sellers, insertable=true, updatable=true, unique=false}
12:56:34.821 [main] DEBUG o.h.cfg.annotations.PropertyBinder - Building property sellers
12:56:34.821 [main] DEBUG org.hibernate.cfg.Ejb3Column - Binding column: Ejb3Column{table=org.hibernate.mapping.Table(Ticket), mappingColumn=validity, insertable=true, updatable=true, unique=false}
12:56:34.821 [main] DEBUG o.h.cfg.annotations.PropertyBinder - MetadataSourceProcessor property validity with lazy=false
12:56:34.821 [main] DEBUG o.h.cfg.AbstractPropertyHolder - Attempting to locate auto-apply AttributeConverter for property [Classes.Pass:validity]
12:56:34.822 [main] DEBUG o.h.c.annotations.SimpleValueBinder - building SimpleValue for validity
12:56:34.822 [main] DEBUG o.h.cfg.annotations.PropertyBinder - Building property validity
12:56:34.823 [main] DEBUG org.hibernate.cfg.AnnotationBinder - Binding entity from annotated class: Classes.Shop
12:56:34.823 [main] DEBUG o.h.cfg.annotations.EntityBinder - Import with entity name Shop
12:56:34.823 [main] DEBUG org.hibernate.cfg.AnnotationBinder - Skipping attribute [java.util.List : passes] as it was already processed as part of super hierarchy
12:56:34.823 [main] DEBUG org.hibernate.cfg.Ejb3Column - Binding column: Ejb3JoinColumn{logicalColumnName='null', referencedColumn='null', mappedBy=''}
12:56:34.823 [main] DEBUG org.hibernate.cfg.Ejb3Column - Binding column: Ejb3Column{table=org.hibernate.mapping.Table(TicketSeller), mappingColumn=people, insertable=true, updatable=true, unique=false}
12:56:34.823 [main] DEBUG org.hibernate.cfg.Ejb3Column - Binding column: Ejb3Column{table=org.hibernate.mapping.Table(TicketSeller), mappingColumn=null, insertable=true, updatable=true, unique=false}
12:56:34.823 [main] DEBUG org.hibernate.cfg.Ejb3Column - Binding column: Ejb3Column{table=org.hibernate.mapping.Table(TicketSeller), mappingColumn=element, insertable=true, updatable=true, unique=false}
12:56:34.824 [main] DEBUG org.hibernate.cfg.Ejb3Column - Binding column: Ejb3Column{table=org.hibernate.mapping.Table(TicketSeller), mappingColumn=people_KEY, insertable=true, updatable=true, unique=false}
12:56:34.824 [main] DEBUG org.hibernate.cfg.Ejb3Column - Binding column: Ejb3JoinColumn{logicalColumnName='people_KEY', referencedColumn='null', mappedBy='null'}
12:56:34.824 [main] DEBUG org.hibernate.cfg.Ejb3Column - Binding column: Ejb3JoinColumn{logicalColumnName='null', referencedColumn='null', mappedBy=''}
12:56:34.824 [main] DEBUG org.hibernate.cfg.Ejb3Column - Binding column: Ejb3JoinColumn{logicalColumnName='null', referencedColumn='null', mappedBy=''}
12:56:34.824 [main] DEBUG o.h.cfg.annotations.CollectionBinder - Collection role: Classes.Shop.people
12:56:34.824 [main] DEBUG o.h.cfg.annotations.PropertyBinder - Building property people
12:56:34.824 [main] DEBUG org.hibernate.cfg.AnnotationBinder - Skipping attribute [java.util.List : tickets] as it was already processed as part of super hierarchy
12:56:34.825 [main] DEBUG org.hibernate.cfg.AnnotationBinder - Binding entity from annotated class: Classes.VendingMachine
12:56:34.825 [main] DEBUG o.h.cfg.annotations.EntityBinder - Import with entity name VendingMachine
12:56:34.825 [main] DEBUG org.hibernate.cfg.Ejb3Column - Binding column: Ejb3Column{table=org.hibernate.mapping.Table(TicketSeller), mappingColumn=isWorking, insertable=true, updatable=true, unique=false}
12:56:34.825 [main] DEBUG o.h.cfg.annotations.PropertyBinder - MetadataSourceProcessor property isWorking with lazy=false
12:56:34.825 [main] DEBUG o.h.cfg.AbstractPropertyHolder - Attempting to locate auto-apply AttributeConverter for property [Classes.VendingMachine:isWorking]
12:56:34.825 [main] DEBUG o.h.c.annotations.SimpleValueBinder - building SimpleValue for isWorking
12:56:34.825 [main] DEBUG o.h.cfg.annotations.PropertyBinder - Building property isWorking
12:56:34.826 [main] DEBUG o.h.c.annotations.SimpleValueBinder - Starting fillSimpleValue for id
12:56:34.826 [main] DEBUG o.h.c.annotations.SimpleValueBinder - Starting fillSimpleValue for name
12:56:34.826 [main] DEBUG o.h.c.annotations.SimpleValueBinder - Starting fillSimpleValue for id
12:56:34.826 [main] DEBUG o.h.c.annotations.SimpleValueBinder - Starting fillSimpleValue for emissionDate
12:56:34.826 [main] DEBUG o.h.c.annotations.SimpleValueBinder - Starting fillSimpleValue for expirationDate
12:56:34.826 [main] DEBUG o.h.c.annotations.SimpleValueBinder - Starting fillSimpleValue for id
12:56:34.826 [main] DEBUG o.h.c.annotations.SimpleValueBinder - Starting fillSimpleValue for birthdate
12:56:34.826 [main] DEBUG o.h.c.annotations.SimpleValueBinder - Starting fillSimpleValue for firstName
12:56:34.826 [main] DEBUG o.h.c.annotations.SimpleValueBinder - Starting fillSimpleValue for lastName
12:56:34.826 [main] DEBUG o.h.c.annotations.SimpleValueBinder - Starting fillSimpleValue for id
12:56:34.826 [main] DEBUG o.h.c.annotations.SimpleValueBinder - Starting fillSimpleValue for validity
12:56:34.827 [main] DEBUG o.h.c.annotations.SimpleValueBinder - Starting fillSimpleValue for isWorking
12:56:34.830 [main] DEBUG org.hibernate.mapping.PrimaryKey - Forcing column [id] to be non-null as it is part of the primary key for table [ticketseller]
12:56:34.830 [main] DEBUG org.hibernate.mapping.PrimaryKey - Forcing column [id] to be non-null as it is part of the primary key for table [card]
12:56:34.830 [main] DEBUG org.hibernate.mapping.PrimaryKey - Forcing column [id] to be non-null as it is part of the primary key for table [person]
12:56:34.830 [main] DEBUG org.hibernate.mapping.PrimaryKey - Forcing column [id] to be non-null as it is part of the primary key for table [ticket]
12:56:34.830 [main] DEBUG o.hibernate.cfg.CollectionSecondPass - Second pass for collection: Classes.Shop.people
12:56:34.830 [main] DEBUG o.h.cfg.annotations.CollectionBinder - Binding a OneToMany: Classes.Shop.people through an association table
12:56:34.835 [main] DEBUG o.hibernate.cfg.CollectionSecondPass - Mapped collection key: Shop_id, element: people_id
12:56:34.835 [main] DEBUG o.hibernate.cfg.CollectionSecondPass - Second pass for collection: Abstract.TicketSeller.tickets
12:56:34.835 [main] DEBUG o.h.cfg.annotations.CollectionBinder - Binding a OneToMany: Abstract.TicketSeller.tickets through an association table
12:56:34.835 [main] DEBUG o.hibernate.cfg.CollectionSecondPass - Mapped collection key: TicketSeller_id, element: tickets_id
12:56:34.835 [main] DEBUG o.hibernate.cfg.CollectionSecondPass - Second pass for collection: Abstract.TicketSeller.passes
12:56:34.835 [main] DEBUG o.h.cfg.annotations.CollectionBinder - Binding a OneToMany: Abstract.TicketSeller.passes through an association table
12:56:34.836 [main] DEBUG o.hibernate.cfg.CollectionSecondPass - Mapped collection key: TicketSeller_id, element: passes_id
12:56:34.837 [main] DEBUG o.h.cfg.annotations.PropertyBinder - Building property person
12:56:34.837 [main] DEBUG o.h.b.i.InFlightMetadataCollectorImpl - Processing association property references
12:56:34.837 [main] DEBUG o.h.b.i.InFlightMetadataCollectorImpl - Resolving reference to class: Classes.Card
12:56:34.838 [main] DEBUG o.h.b.i.InFlightMetadataCollectorImpl - Resolving reference to class: Abstract.TicketSeller
12:56:34.838 [main] DEBUG o.h.b.i.InFlightMetadataCollectorImpl - Resolving reference to class: Classes.Person
12:56:34.838 [main] DEBUG o.h.b.i.InFlightMetadataCollectorImpl - Resolving reference to class: Abstract.TicketSeller
12:56:34.838 [main] DEBUG o.h.b.i.InFlightMetadataCollectorImpl - Resolving reference to class: Classes.Person
12:56:34.838 [main] DEBUG o.h.b.i.InFlightMetadataCollectorImpl - Resolving reference to class: Classes.Shop
12:56:34.838 [main] DEBUG o.h.b.i.InFlightMetadataCollectorImpl - Resolving reference to class: Classes.Ticket
12:56:34.838 [main] DEBUG o.h.b.i.InFlightMetadataCollectorImpl - Resolving reference to class: Abstract.TicketSeller
12:56:34.838 [main] DEBUG o.h.b.i.InFlightMetadataCollectorImpl - Resolving reference to class: Classes.Pass
12:56:34.840 [main] DEBUG o.h.b.i.InFlightMetadataCollectorImpl - Processing association property references
12:56:34.840 [main] DEBUG o.h.b.i.InFlightMetadataCollectorImpl - Resolving reference to class: Classes.Card
12:56:34.840 [main] DEBUG o.h.b.i.InFlightMetadataCollectorImpl - Resolving reference to class: Abstract.TicketSeller
12:56:34.840 [main] DEBUG o.h.b.i.InFlightMetadataCollectorImpl - Resolving reference to class: Classes.Person
12:56:34.840 [main] DEBUG o.h.b.i.InFlightMetadataCollectorImpl - Resolving reference to class: Abstract.TicketSeller
12:56:34.840 [main] DEBUG o.h.b.i.InFlightMetadataCollectorImpl - Resolving reference to class: Classes.Person
12:56:34.840 [main] DEBUG o.h.b.i.InFlightMetadataCollectorImpl - Resolving reference to class: Classes.Shop
12:56:34.840 [main] DEBUG o.h.b.i.InFlightMetadataCollectorImpl - Resolving reference to class: Classes.Ticket
12:56:34.840 [main] DEBUG o.h.b.i.InFlightMetadataCollectorImpl - Resolving reference to class: Abstract.TicketSeller
12:56:34.840 [main] DEBUG o.h.b.i.InFlightMetadataCollectorImpl - Resolving reference to class: Classes.Pass
12:56:34.866 [main] DEBUG o.h.internal.SessionFactoryImpl - Building session factory
12:56:34.867 [main] DEBUG org.hibernate.cfg.Settings - SessionFactory name : null
12:56:34.867 [main] DEBUG org.hibernate.cfg.Settings - Automatic flush during beforeCompletion(): enabled
12:56:34.867 [main] DEBUG org.hibernate.cfg.Settings - Automatic session close at end of transaction: disabled
12:56:34.867 [main] DEBUG org.hibernate.cfg.Settings - Statistics: disabled
12:56:34.867 [main] DEBUG org.hibernate.cfg.Settings - Deleted entity synthetic identifier rollback: disabled
12:56:34.867 [main] DEBUG org.hibernate.cfg.Settings - Default entity-mode: pojo
12:56:34.867 [main] DEBUG org.hibernate.cfg.Settings - Check Nullability in Core (should be disabled when Bean Validation is on): enabled
12:56:34.867 [main] DEBUG org.hibernate.cfg.Settings - Allow initialization of lazy state outside session : disabled
12:56:34.867 [main] DEBUG org.hibernate.cfg.Settings - Using BatchFetchStyle : LEGACY
12:56:34.867 [main] DEBUG org.hibernate.cfg.Settings - Default batch fetch size: -1
12:56:34.867 [main] DEBUG org.hibernate.cfg.Settings - Maximum outer join fetch depth: null
12:56:34.867 [main] DEBUG org.hibernate.cfg.Settings - Default null ordering: NONE
12:56:34.867 [main] DEBUG org.hibernate.cfg.Settings - Order SQL updates by primary key: disabled
12:56:34.867 [main] DEBUG org.hibernate.cfg.Settings - Order SQL inserts for batching: disabled
12:56:34.867 [main] DEBUG org.hibernate.cfg.Settings - multi-tenancy strategy : NONE
12:56:34.867 [main] DEBUG org.hibernate.cfg.Settings - JTA Track by Thread: enabled
12:56:34.867 [main] DEBUG org.hibernate.cfg.Settings - Query language substitutions: {}
12:56:34.867 [main] DEBUG org.hibernate.cfg.Settings - Named query checking : enabled
12:56:34.867 [main] DEBUG org.hibernate.cfg.Settings - Second-level cache: disabled
12:56:34.867 [main] DEBUG org.hibernate.cfg.Settings - Second-level query cache: disabled
12:56:34.867 [main] DEBUG org.hibernate.cfg.Settings - Second-level query cache factory: null
12:56:34.867 [main] DEBUG org.hibernate.cfg.Settings - Second-level cache region prefix: null
12:56:34.867 [main] DEBUG org.hibernate.cfg.Settings - Optimize second-level cache for minimal puts: disabled
12:56:34.867 [main] DEBUG org.hibernate.cfg.Settings - Structured second-level cache entries: disabled
12:56:34.867 [main] DEBUG org.hibernate.cfg.Settings - Second-level cache direct-reference entries: disabled
12:56:34.867 [main] DEBUG org.hibernate.cfg.Settings - Automatic eviction of collection cache: disabled
12:56:34.867 [main] DEBUG org.hibernate.cfg.Settings - JDBC batch size: 15
12:56:34.867 [main] DEBUG org.hibernate.cfg.Settings - JDBC batch updates for versioned data: enabled
12:56:34.867 [main] DEBUG org.hibernate.cfg.Settings - Scrollable result sets: enabled
12:56:34.867 [main] DEBUG org.hibernate.cfg.Settings - Wrap result sets: disabled
12:56:34.867 [main] DEBUG org.hibernate.cfg.Settings - JDBC3 getGeneratedKeys(): enabled
12:56:34.867 [main] DEBUG org.hibernate.cfg.Settings - JDBC result set fetch size: null
12:56:34.868 [main] DEBUG org.hibernate.cfg.Settings - Connection release mode: AFTER_TRANSACTION
12:56:34.868 [main] DEBUG org.hibernate.cfg.Settings - Generate SQL with comments: disabled
12:56:34.868 [main] DEBUG org.hibernate.cfg.Settings - JPA compliance - query : disabled
12:56:34.868 [main] DEBUG org.hibernate.cfg.Settings - JPA compliance - closed-handling : disabled
12:56:34.868 [main] DEBUG org.hibernate.cfg.Settings - JPA compliance - lists : disabled
12:56:34.868 [main] DEBUG org.hibernate.cfg.Settings - JPA compliance - transactions : disabled
12:56:34.873 [main] DEBUG o.h.b.internal.ClassLoaderAccessImpl - Not known whether passed class name [Classes.Pass] is safe
12:56:34.873 [main] DEBUG o.h.b.internal.ClassLoaderAccessImpl - No temp ClassLoader provided; using live ClassLoader for loading potentially unsafe class : Classes.Pass
12:56:34.873 [main] DEBUG o.h.b.internal.ClassLoaderAccessImpl - Not known whether passed class name [Classes.Shop] is safe
12:56:34.873 [main] DEBUG o.h.b.internal.ClassLoaderAccessImpl - No temp ClassLoader provided; using live ClassLoader for loading potentially unsafe class : Classes.Shop
12:56:34.873 [main] DEBUG o.h.b.internal.ClassLoaderAccessImpl - Not known whether passed class name [Classes.VendingMachine] is safe
12:56:34.873 [main] DEBUG o.h.b.internal.ClassLoaderAccessImpl - No temp ClassLoader provided; using live ClassLoader for loading potentially unsafe class : Classes.VendingMachine
12:56:34.899 [main] DEBUG o.h.s.i.SessionFactoryServiceRegistryImpl - EventListenerRegistry access via ServiceRegistry is deprecated.  Use `sessionFactory.getEventEngine().getListenerRegistry()` instead
12:56:34.900 [main] DEBUG o.h.s.i.SessionFactoryServiceRegistryImpl - EventListenerRegistry access via ServiceRegistry is deprecated.  Use `sessionFactory.getEventEngine().getListenerRegistry()` instead
12:56:34.907 [main] DEBUG o.h.internal.SessionFactoryImpl - Session factory constructed with filter configurations : {}
12:56:34.907 [main] DEBUG o.h.internal.SessionFactoryImpl - Instantiating session factory with properties: {java.specification.version=17, sun.cpu.isalist=amd64, sun.jnu.encoding=Cp1252, hibernate.dialect=org.hibernate.dialect.PostgreSQLDialect, java.class.path=C:\Users\total\Desktop\All\Epicode\fs0223-Luca-Sernicola-BackEnd\BuildWeek_4\target\classes;C:\Users\total\.m2\repository\ch\qos\logback\logback-classic\1.4.8\logback-classic-1.4.8.jar;C:\Users\total\.m2\repository\ch\qos\logback\logback-core\1.4.8\logback-core-1.4.8.jar;C:\Users\total\.m2\repository\org\slf4j\slf4j-api\2.0.7\slf4j-api-2.0.7.jar;C:\Users\total\.m2\repository\commons-io\commons-io\2.13.0\commons-io-2.13.0.jar;C:\Users\total\.m2\repository\org\postgresql\postgresql\42.6.0\postgresql-42.6.0.jar;C:\Users\total\.m2\repository\org\checkerframework\checker-qual\3.31.0\checker-qual-3.31.0.jar;C:\Users\total\.m2\repository\org\hibernate\hibernate-core\5.6.15.Final\hibernate-core-5.6.15.Final.jar;C:\Users\total\.m2\repository\org\jboss\logging\jboss-logging\3.4.3.Final\jboss-logging-3.4.3.Final.jar;C:\Users\total\.m2\repository\javax\persistence\javax.persistence-api\2.2\javax.persistence-api-2.2.jar;C:\Users\total\.m2\repository\net\bytebuddy\byte-buddy\1.12.18\byte-buddy-1.12.18.jar;C:\Users\total\.m2\repository\antlr\antlr\2.7.7\antlr-2.7.7.jar;C:\Users\total\.m2\repository\org\jboss\spec\javax\transaction\jboss-transaction-api_1.2_spec\1.1.1.Final\jboss-transaction-api_1.2_spec-1.1.1.Final.jar;C:\Users\total\.m2\repository\org\jboss\jandex\2.4.2.Final\jandex-2.4.2.Final.jar;C:\Users\total\.m2\repository\com\fasterxml\classmate\1.5.1\classmate-1.5.1.jar;C:\Users\total\.m2\repository\javax\activation\javax.activation-api\1.2.0\javax.activation-api-1.2.0.jar;C:\Users\total\.m2\repository\org\hibernate\common\hibernate-commons-annotations\5.1.2.Final\hibernate-commons-annotations-5.1.2.Final.jar;C:\Users\total\.m2\repository\javax\xml\bind\jaxb-api\2.3.1\jaxb-api-2.3.1.jar;C:\Users\total\.m2\repository\org\glassfish\jaxb\jaxb-runtime\2.3.1\jaxb-runtime-2.3.1.jar;C:\Users\total\.m2\repository\org\glassfish\jaxb\txw2\2.3.1\txw2-2.3.1.jar;C:\Users\total\.m2\repository\com\sun\istack\istack-commons-runtime\3.0.7\istack-commons-runtime-3.0.7.jar;C:\Users\total\.m2\repository\org\jvnet\staxex\stax-ex\1.8\stax-ex-1.8.jar;C:\Users\total\.m2\repository\com\sun\xml\fastinfoset\FastInfoset\1.2.15\FastInfoset-1.2.15.jar;C:\Users\total\Desktop\All\Epicode\fs0223-Luca-Sernicola-BackEnd\Homework_W3_D3\target\classes, java.vm.vendor=Eclipse Adoptium, sun.arch.data.model=64, user.variant=, java.vendor.url=https://adoptium.net/, user.timezone=Europe/Rome, javax.persistence.jdbc.url=jdbc:postgresql://localhost:5432/BuildWeek, javax.persistence.jdbc.user=****, java.vm.specification.version=17, os.name=Windows 11, jakarta.persistence.jdbc.password=****, sun.java.launcher=SUN_STANDARD, user.country=US, local.setting.IS_JTA_TXN_COORD=false, sun.boot.library.path=C:\Users\total\.p2\pool\plugins\org.eclipse.justj.openjdk.hotspot.jre.full.win32.x86_64_17.0.7.v20230425-1502\jre\bin, sun.java.command=MainClass.MainClass, jdk.debug=release, jakarta.persistence.jdbc.driver=org.postgresql.Driver, sun.cpu.endian=little, user.home=C:\Users\total, user.language=en, java.specification.vendor=Oracle Corporation, java.version.date=2023-04-18, java.home=C:\Users\total\.p2\pool\plugins\org.eclipse.justj.openjdk.hotspot.jre.full.win32.x86_64_17.0.7.v20230425-1502\jre, file.separator=\, java.vm.compressedOopsMode=Zero based, jakarta.persistence.jdbc.user=****, line.separator=
, hibernate.persistenceUnitName=BuildWeek_4, java.vm.specification.vendor=Oracle Corporation, java.specification.name=Java Platform API Specification, hibernate.transaction.coordinator_class=class org.hibernate.resource.transaction.backend.jdbc.internal.JdbcResourceLocalTransactionCoordinatorBuilderImpl, javax.persistence.jdbc.driver=org.postgresql.Driver, hibernate.hbm2ddl.auto=update, user.script=, sun.management.compiler=HotSpot 64-Bit Tiered Compilers, java.runtime.version=17.0.7+7, user.name=total, path.separator=;, hibernate.connection.username=****, os.version=10.0, java.runtime.name=OpenJDK Runtime Environment, hibernate.connection.url=jdbc:postgresql://localhost:5432/BuildWeek, file.encoding=UTF-8, hibernate.ejb.persistenceUnitName=BuildWeek_4, java.vm.name=OpenJDK 64-Bit Server VM, java.vendor.version=Temurin-17.0.7+7, hibernate.connection.driver_class=org.postgresql.Driver, java.vendor.url.bug=https://github.com/adoptium/adoptium-support/issues, java.io.tmpdir=C:\Users\total\AppData\Local\Temp\, java.version=17.0.7, user.dir=C:\Users\total\Desktop\All\Epicode\fs0223-Luca-Sernicola-BackEnd\BuildWeek_4, os.arch=amd64, java.vm.specification.name=Java Virtual Machine Specification, hibernate.connection.password=****, sun.os.patch.level=, jakarta.persistence.jdbc.url=jdbc:postgresql://localhost:5432/BuildWeek, hibernate.boot.CfgXmlAccessService.key=org.hibernate.boot.registry.StandardServiceRegistryBuilder$1@3872bc37, native.encoding=Cp1252, java.library.path=C:\Users\total\.p2\pool\plugins\org.eclipse.justj.openjdk.hotspot.jre.full.win32.x86_64_17.0.7.v20230425-1502\jre\bin;C:\windows\Sun\Java\bin;C:\windows\system32;C:\windows;C:/Users/total/.p2/pool/plugins/org.eclipse.justj.openjdk.hotspot.jre.full.win32.x86_64_17.0.7.v20230425-1502/jre/bin/server;C:/Users/total/.p2/pool/plugins/org.eclipse.justj.openjdk.hotspot.jre.full.win32.x86_64_17.0.7.v20230425-1502/jre/bin;C:\Program Files\Eclipse Adoptium\jdk-17.0.7.7-hotspot\bin;C:\Program Files (x86)\NVIDIA Corporation\PhysX\Common;C:\windows\system32;C:\windows;C:\windows\System32\Wbem;C:\windows\System32\WindowsPowerShell\v1.0\;C:\windows\System32\OpenSSH\;C:\Program Files\Git\cmd;C:\Program Files\nodejs\;C:\Users\total\AppData\Local\Microsoft\WindowsApps;C:\Users\total\AppData\Local\Programs\Microsoft VS Code\bin;C:\Users\total\AppData\Roaming\npm;C:\Users\total\AppData\Local\GitHubDesktop\bin;C:\windows\System32;;., java.vendor=Eclipse Adoptium, java.vm.info=mixed mode, java.vm.version=17.0.7+7, hibernate.bytecode.use_reflection_optimizer=false, sun.io.unicode.encoding=UnicodeLittle, javax.persistence.jdbc.password=****, java.class.version=61.0}
12:56:34.916 [main] DEBUG o.h.secure.spi.JaccIntegrator - Skipping JACC integration as it was not enabled
12:56:34.920 [main] DEBUG org.hibernate.type.EnumType - Using ORDINAL-based conversion for Enum Enums.Validity
12:56:34.920 [main] DEBUG o.h.internal.SessionFactoryImpl - Instantiated session factory
12:56:34.920 [main] DEBUG o.h.type.spi.TypeConfiguration$Scope - Scoping TypeConfiguration [org.hibernate.type.spi.TypeConfiguration@66bfd864] to SessionFactoryImpl [org.hibernate.internal.SessionFactoryImpl@7a7cc52c]
12:56:34.953 [main] DEBUG o.h.b.internal.ClassLoaderAccessImpl - Not known whether passed class name [Abstract.TicketSeller] is safe
12:56:34.953 [main] DEBUG o.h.b.internal.ClassLoaderAccessImpl - No temp ClassLoader provided; using live ClassLoader for loading potentially unsafe class : Abstract.TicketSeller
12:56:34.955 [main] DEBUG o.h.b.internal.ClassLoaderAccessImpl - Not known whether passed class name [Classes.Shop] is safe
12:56:34.955 [main] DEBUG o.h.b.internal.ClassLoaderAccessImpl - No temp ClassLoader provided; using live ClassLoader for loading potentially unsafe class : Classes.Shop
12:56:34.955 [main] DEBUG o.h.b.internal.ClassLoaderAccessImpl - Not known whether passed class name [Classes.VendingMachine] is safe
12:56:34.955 [main] DEBUG o.h.b.internal.ClassLoaderAccessImpl - No temp ClassLoader provided; using live ClassLoader for loading potentially unsafe class : Classes.VendingMachine
12:56:35.055 [main] DEBUG o.hibernate.orm.bytecode.interceptor - To-one property `Classes.Card#person` was mapped with LAZY + NO_PROXY but the class was not enhanced
12:56:35.055 [main] DEBUG o.hibernate.orm.bytecode.interceptor - To-one property `Classes.Card#person` was mapped with LAZY + NO_PROXY but the class was not enhanced
12:56:35.055 [main] DEBUG o.h.b.internal.ClassLoaderAccessImpl - Not known whether passed class name [Classes.Card] is safe
12:56:35.055 [main] DEBUG o.h.b.internal.ClassLoaderAccessImpl - No temp ClassLoader provided; using live ClassLoader for loading potentially unsafe class : Classes.Card
12:56:35.063 [main] DEBUG o.hibernate.orm.bytecode.interceptor - To-one property `Classes.Card#person` was mapped with LAZY + NO_PROXY but the class was not enhanced
12:56:35.064 [main] DEBUG o.hibernate.orm.bytecode.interceptor - To-one property `Classes.Card#person` was mapped with LAZY + NO_PROXY but the class was not enhanced
12:56:35.064 [main] DEBUG o.hibernate.orm.bytecode.interceptor - To-one property `Classes.Person#cardNum` was mapped with LAZY + NO_PROXY but the class was not enhanced
12:56:35.064 [main] DEBUG o.hibernate.orm.bytecode.interceptor - To-one property `Classes.Person#cardNum` was mapped with LAZY + NO_PROXY but the class was not enhanced
12:56:35.064 [main] DEBUG o.h.b.internal.ClassLoaderAccessImpl - Not known whether passed class name [Classes.Person] is safe
12:56:35.064 [main] DEBUG o.h.b.internal.ClassLoaderAccessImpl - No temp ClassLoader provided; using live ClassLoader for loading potentially unsafe class : Classes.Person
12:56:35.071 [main] DEBUG o.hibernate.orm.bytecode.interceptor - To-one property `Classes.Person#cardNum` was mapped with LAZY + NO_PROXY but the class was not enhanced
12:56:35.071 [main] DEBUG o.hibernate.orm.bytecode.interceptor - To-one property `Classes.Person#cardNum` was mapped with LAZY + NO_PROXY but the class was not enhanced
12:56:35.072 [main] DEBUG o.hibernate.orm.bytecode.interceptor - To-one property `Classes.Ticket#seller` was mapped with LAZY + NO_PROXY but the class was not enhanced
12:56:35.072 [main] DEBUG o.hibernate.orm.bytecode.interceptor - To-one property `Classes.Ticket#seller` was mapped with LAZY + NO_PROXY but the class was not enhanced
12:56:35.072 [main] DEBUG o.hibernate.orm.bytecode.interceptor - To-one property `Classes.Pass#person` was mapped with LAZY + NO_PROXY but the class was not enhanced
12:56:35.072 [main] DEBUG o.hibernate.orm.bytecode.interceptor - To-one property `Classes.Pass#person` was mapped with LAZY + NO_PROXY but the class was not enhanced
12:56:35.072 [main] DEBUG o.hibernate.orm.bytecode.interceptor - To-one property `Classes.Pass#sellers` was mapped with LAZY + NO_PROXY but the class was not enhanced
12:56:35.072 [main] DEBUG o.hibernate.orm.bytecode.interceptor - To-one property `Classes.Pass#sellers` was mapped with LAZY + NO_PROXY but the class was not enhanced
12:56:35.072 [main] DEBUG o.h.b.internal.ClassLoaderAccessImpl - Not known whether passed class name [Classes.Pass] is safe
12:56:35.072 [main] DEBUG o.h.b.internal.ClassLoaderAccessImpl - No temp ClassLoader provided; using live ClassLoader for loading potentially unsafe class : Classes.Pass
12:56:35.078 [main] DEBUG o.hibernate.orm.bytecode.interceptor - To-one property `Classes.Ticket#seller` was mapped with LAZY + NO_PROXY but the class was not enhanced
12:56:35.078 [main] DEBUG o.hibernate.orm.bytecode.interceptor - To-one property `Classes.Pass#person` was mapped with LAZY + NO_PROXY but the class was not enhanced
12:56:35.078 [main] DEBUG o.hibernate.orm.bytecode.interceptor - To-one property `Classes.Pass#sellers` was mapped with LAZY + NO_PROXY but the class was not enhanced
12:56:35.078 [main] DEBUG o.hibernate.orm.bytecode.interceptor - To-one property `Classes.Ticket#seller` was mapped with LAZY + NO_PROXY but the class was not enhanced
12:56:35.079 [main] DEBUG o.hibernate.orm.bytecode.interceptor - To-one property `Classes.Pass#person` was mapped with LAZY + NO_PROXY but the class was not enhanced
12:56:35.079 [main] DEBUG o.hibernate.orm.bytecode.interceptor - To-one property `Classes.Pass#sellers` was mapped with LAZY + NO_PROXY but the class was not enhanced
12:56:35.084 [main] DEBUG o.hibernate.orm.bytecode.interceptor - To-one property `Classes.Ticket#seller` was mapped with LAZY + NO_PROXY but the class was not enhanced
12:56:35.084 [main] DEBUG o.hibernate.orm.bytecode.interceptor - To-one property `Classes.Ticket#seller` was mapped with LAZY + NO_PROXY but the class was not enhanced
12:56:35.084 [main] DEBUG o.h.b.internal.ClassLoaderAccessImpl - Not known whether passed class name [Classes.Ticket] is safe
12:56:35.084 [main] DEBUG o.h.b.internal.ClassLoaderAccessImpl - No temp ClassLoader provided; using live ClassLoader for loading potentially unsafe class : Classes.Ticket
12:56:35.087 [main] DEBUG o.hibernate.orm.bytecode.interceptor - To-one property `Classes.Ticket#seller` was mapped with LAZY + NO_PROXY but the class was not enhanced
12:56:35.088 [main] DEBUG o.hibernate.orm.bytecode.interceptor - To-one property `Classes.Ticket#seller` was mapped with LAZY + NO_PROXY but the class was not enhanced
12:56:35.088 [main] DEBUG o.hibernate.orm.bytecode.interceptor - To-one property `Classes.Pass#person` was mapped with LAZY + NO_PROXY but the class was not enhanced
12:56:35.088 [main] DEBUG o.hibernate.orm.bytecode.interceptor - To-one property `Classes.Pass#sellers` was mapped with LAZY + NO_PROXY but the class was not enhanced
12:56:35.098 [main] DEBUG o.h.p.c.AbstractCollectionPersister - Static SQL for collection: Abstract.TicketSeller.tickets
12:56:35.098 [main] DEBUG o.h.p.c.AbstractCollectionPersister -  Row insert: insert into TicketSeller_Ticket (TicketSeller_id, tickets_id) values (?, ?)
12:56:35.098 [main] DEBUG o.h.p.c.AbstractCollectionPersister -  Row update: update TicketSeller_Ticket set tickets_id=? where TicketSeller_id=? and tickets_id=?
12:56:35.098 [main] DEBUG o.h.p.c.AbstractCollectionPersister -  Row delete: delete from TicketSeller_Ticket where TicketSeller_id=? and tickets_id=?
12:56:35.098 [main] DEBUG o.h.p.c.AbstractCollectionPersister -  One-shot delete: delete from TicketSeller_Ticket where TicketSeller_id=?
12:56:35.099 [main] DEBUG o.h.p.c.AbstractCollectionPersister - Static SQL for collection: Abstract.TicketSeller.passes
12:56:35.099 [main] DEBUG o.h.p.c.AbstractCollectionPersister -  Row insert: insert into TicketSeller_Ticket (TicketSeller_id, passes_id) values (?, ?)
12:56:35.099 [main] DEBUG o.h.p.c.AbstractCollectionPersister -  Row update: update TicketSeller_Ticket set passes_id=? where TicketSeller_id=? and passes_id=?
12:56:35.099 [main] DEBUG o.h.p.c.AbstractCollectionPersister -  Row delete: delete from TicketSeller_Ticket where TicketSeller_id=? and passes_id=?
12:56:35.099 [main] DEBUG o.h.p.c.AbstractCollectionPersister -  One-shot delete: delete from TicketSeller_Ticket where TicketSeller_id=?
12:56:35.099 [main] DEBUG o.h.p.c.AbstractCollectionPersister - Static SQL for collection: Classes.Shop.people
12:56:35.099 [main] DEBUG o.h.p.c.AbstractCollectionPersister -  Row insert: insert into TicketSeller_Person (Shop_id, people_id) values (?, ?)
12:56:35.099 [main] DEBUG o.h.p.c.AbstractCollectionPersister -  Row update: update TicketSeller_Person set people_id=? where Shop_id=? and people_id=?
12:56:35.099 [main] DEBUG o.h.p.c.AbstractCollectionPersister -  Row delete: delete from TicketSeller_Person where Shop_id=? and people_id=?
12:56:35.099 [main] DEBUG o.h.p.c.AbstractCollectionPersister -  One-shot delete: delete from TicketSeller_Person where Shop_id=?
12:56:35.101 [main] DEBUG o.h.p.entity.AbstractEntityPersister - Static SQL for entity: Abstract.TicketSeller
12:56:35.101 [main] DEBUG o.h.p.entity.AbstractEntityPersister -  Version select: select id from TicketSeller where id =?
12:56:35.101 [main] DEBUG o.h.p.entity.AbstractEntityPersister -  Snapshot select: select ticketsell_.id, ticketsell_.seller_name as seller_n3_3_ from TicketSeller ticketsell_ where ticketsell_.id=?
12:56:35.101 [main] DEBUG o.h.p.entity.AbstractEntityPersister -  Insert 0: insert into TicketSeller (seller_name, type, id) values (?, 'TicketSeller', ?)
12:56:35.101 [main] DEBUG o.h.p.entity.AbstractEntityPersister -  Update 0: update TicketSeller set seller_name=? where id=?
12:56:35.101 [main] DEBUG o.h.p.entity.AbstractEntityPersister -  Delete 0: delete from TicketSeller where id=?
12:56:35.113 [main] DEBUG o.h.l.p.b.i.spaces.QuerySpacesImpl - Adding QuerySpace : uid = <gen:0> -> org.hibernate.loader.plan.build.internal.spaces.EntityQuerySpaceImpl@6f1b8544]
12:56:35.114 [main] DEBUG o.h.p.w.spi.MetamodelGraphWalker - Visiting attribute path : name
12:56:35.114 [main] DEBUG o.h.p.w.spi.MetamodelGraphWalker - Visiting attribute path : passes
12:56:35.116 [main] DEBUG o.h.l.p.b.i.spaces.QuerySpacesImpl - Adding QuerySpace : uid = <gen:1> -> org.hibernate.loader.plan.build.internal.spaces.CollectionQuerySpaceImpl@b46e103]
12:56:35.117 [main] DEBUG o.h.l.p.b.i.spaces.QuerySpacesImpl - Adding QuerySpace : uid = <gen:2> -> org.hibernate.loader.plan.build.internal.spaces.EntityQuerySpaceImpl@4a2e7bcb]
12:56:35.117 [main] DEBUG o.h.p.w.spi.MetamodelGraphWalker - Visiting attribute path : tickets
12:56:35.117 [main] DEBUG o.h.l.p.b.i.spaces.QuerySpacesImpl - Adding QuerySpace : uid = <gen:3> -> org.hibernate.loader.plan.build.internal.spaces.CollectionQuerySpaceImpl@7c1447b5]
12:56:35.117 [main] DEBUG o.h.l.p.b.i.spaces.QuerySpacesImpl - Adding QuerySpace : uid = <gen:4> -> org.hibernate.loader.plan.build.internal.spaces.EntityQuerySpaceImpl@49e4c2d5]
12:56:35.117 [main] DEBUG o.h.p.w.spi.MetamodelGraphWalker - Visiting attribute path : people
12:56:35.117 [main] DEBUG o.h.l.p.b.i.spaces.QuerySpacesImpl - Adding QuerySpace : uid = <gen:5> -> org.hibernate.loader.plan.build.internal.spaces.CollectionQuerySpaceImpl@24a2e565]
12:56:35.117 [main] DEBUG o.h.l.p.b.i.spaces.QuerySpacesImpl - Adding QuerySpace : uid = <gen:6> -> org.hibernate.loader.plan.build.internal.spaces.EntityQuerySpaceImpl@3e36b7a0]
12:56:35.118 [main] DEBUG o.h.p.w.spi.MetamodelGraphWalker - Visiting attribute path : isWorking
12:56:35.118 [main] DEBUG o.h.l.p.b.i.FetchStyleLoadPlanBuildingAssociationVisitationStrategy - Building LoadPlan...
12:56:35.123 [main] DEBUG o.h.l.p.e.i.LoadQueryJoinAndFetchProcessor - processing queryspace <gen:0>
12:56:35.124 [main] DEBUG o.h.l.p.b.spi.LoadPlanTreePrinter - LoadPlan(entity=Abstract.TicketSeller)
    - Returns
       - EntityReturnImpl(entity=Abstract.TicketSeller, querySpaceUid=<gen:0>, path=Abstract.TicketSeller)
          - CollectionAttributeFetchImpl(collection=Abstract.TicketSeller.passes, querySpaceUid=<gen:1>, path=Abstract.TicketSeller.passes)
             - (collection element) CollectionFetchableElementEntityGraph(entity=Classes.Pass, querySpaceUid=<gen:2>, path=Abstract.TicketSeller.passes.<elements>)
          - CollectionAttributeFetchImpl(collection=Abstract.TicketSeller.tickets, querySpaceUid=<gen:3>, path=Abstract.TicketSeller.tickets)
             - (collection element) CollectionFetchableElementEntityGraph(entity=Classes.Ticket, querySpaceUid=<gen:4>, path=Abstract.TicketSeller.tickets.<elements>)
          - CollectionAttributeFetchImpl(collection=Classes.Shop.people, querySpaceUid=<gen:5>, path=Abstract.TicketSeller.people)
             - (collection element) CollectionFetchableElementEntityGraph(entity=Classes.Person, querySpaceUid=<gen:6>, path=Abstract.TicketSeller.people.<elements>)
    - QuerySpaces
       - EntityQuerySpaceImpl(uid=<gen:0>, entity=Abstract.TicketSeller)
          - SQL table alias mapping - ticketsell0_
          - alias suffix - 0_
          - suffixed key columns - {id2_3_0_}

12:56:35.125 [main] DEBUG o.h.loader.entity.plan.EntityLoader - Static select for entity Abstract.TicketSeller [NONE]: select ticketsell0_.id as id2_3_0_, ticketsell0_.seller_name as seller_n3_3_0_, ticketsell0_.isWorking as isworkin4_3_0_, ticketsell0_.type as type1_3_0_ from TicketSeller ticketsell0_ where ticketsell0_.id=?
12:56:35.126 [main] DEBUG o.h.p.entity.AbstractEntityPersister - Static SQL for entity: Classes.Card
12:56:35.126 [main] DEBUG o.h.p.entity.AbstractEntityPersister -  Version select: select id from Card where id =?
12:56:35.126 [main] DEBUG o.h.p.entity.AbstractEntityPersister -  Snapshot select: select card_.id, card_.emissionDate as emission2_0_, card_.expirationDate as expirati3_0_ from Card card_ where card_.id=?
12:56:35.126 [main] DEBUG o.h.p.entity.AbstractEntityPersister -  Insert 0: insert into Card (emissionDate, expirationDate, id) values (?, ?, ?)
12:56:35.126 [main] DEBUG o.h.p.entity.AbstractEntityPersister -  Update 0: update Card set emissionDate=?, expirationDate=? where id=?
12:56:35.126 [main] DEBUG o.h.p.entity.AbstractEntityPersister -  Delete 0: delete from Card where id=?
12:56:35.126 [main] DEBUG o.h.p.entity.AbstractEntityPersister -  Identity insert: insert into Card (emissionDate, expirationDate) values (?, ?)
12:56:35.126 [main] DEBUG o.h.l.p.b.i.spaces.QuerySpacesImpl - Adding QuerySpace : uid = <gen:0> -> org.hibernate.loader.plan.build.internal.spaces.EntityQuerySpaceImpl@1823b9c4]
12:56:35.126 [main] DEBUG o.h.p.w.spi.MetamodelGraphWalker - Visiting attribute path : emissionDate
12:56:35.126 [main] DEBUG o.h.p.w.spi.MetamodelGraphWalker - Visiting attribute path : expirationDate
12:56:35.126 [main] DEBUG o.h.p.w.spi.MetamodelGraphWalker - Visiting attribute path : person
12:56:35.126 [main] DEBUG o.h.l.p.b.i.spaces.QuerySpacesImpl - Adding QuerySpace : uid = <gen:1> -> org.hibernate.loader.plan.build.internal.spaces.EntityQuerySpaceImpl@7f4701b1]
12:56:35.127 [main] DEBUG o.h.p.w.spi.MetamodelGraphWalker - Visiting attribute path : person.birthdate
12:56:35.127 [main] DEBUG o.h.p.w.spi.MetamodelGraphWalker - Visiting attribute path : person.cardNum
12:56:35.127 [main] DEBUG o.h.p.w.spi.MetamodelGraphWalker - Property path deemed to be circular : person.cardNum
12:56:35.127 [main] DEBUG o.h.p.w.spi.MetamodelGraphWalker - Visiting attribute path : person.firstName
12:56:35.127 [main] DEBUG o.h.p.w.spi.MetamodelGraphWalker - Visiting attribute path : person.lastName
12:56:35.127 [main] DEBUG o.h.l.p.b.i.FetchStyleLoadPlanBuildingAssociationVisitationStrategy - Building LoadPlan...
12:56:35.127 [main] DEBUG o.h.l.p.e.i.LoadQueryJoinAndFetchProcessor - processing queryspace <gen:0>
12:56:35.128 [main] DEBUG o.h.l.p.b.spi.LoadPlanTreePrinter - LoadPlan(entity=Classes.Card)
    - Returns
       - EntityReturnImpl(entity=Classes.Card, querySpaceUid=<gen:0>, path=Classes.Card)
          - EntityAttributeFetchImpl(entity=Classes.Person, querySpaceUid=<gen:1>, path=Classes.Card.person)
    - QuerySpaces
       - EntityQuerySpaceImpl(uid=<gen:0>, entity=Classes.Card)
          - SQL table alias mapping - card0_
          - alias suffix - 0_
          - suffixed key columns - {id1_0_0_}
          - JOIN (JoinDefinedByMetadata(person)) : <gen:0> -> <gen:1>
             - EntityQuerySpaceImpl(uid=<gen:1>, entity=Classes.Person)
                - SQL table alias mapping - person1_
                - alias suffix - 1_
                - suffixed key columns - {id1_1_1_}

12:56:35.128 [main] DEBUG o.h.loader.entity.plan.EntityLoader - Static select for entity Classes.Card [NONE]: select card0_.id as id1_0_0_, card0_.emissionDate as emission2_0_0_, card0_.expirationDate as expirati3_0_0_, person1_.id as id1_1_1_, person1_.birthdate as birthdat2_1_1_, person1_.cardNum_id as cardnum_5_1_1_, person1_.firstName as firstnam3_1_1_, person1_.lastName as lastname4_1_1_ from Card card0_ left outer join Person person1_ on card0_.id=person1_.cardNum_id where card0_.id=?
12:56:35.128 [main] DEBUG o.h.p.entity.AbstractEntityPersister - Static SQL for entity: Classes.Person
12:56:35.128 [main] DEBUG o.h.p.entity.AbstractEntityPersister -  Version select: select id from Person where id =?
12:56:35.128 [main] DEBUG o.h.p.entity.AbstractEntityPersister -  Snapshot select: select person_.id, person_.birthdate as birthdat2_1_, person_.cardNum_id as cardnum_5_1_, person_.firstName as firstnam3_1_, person_.lastName as lastname4_1_ from Person person_ where person_.id=?
12:56:35.128 [main] DEBUG o.h.p.entity.AbstractEntityPersister -  Insert 0: insert into Person (birthdate, cardNum_id, firstName, lastName, id) values (?, ?, ?, ?, ?)
12:56:35.128 [main] DEBUG o.h.p.entity.AbstractEntityPersister -  Update 0: update Person set birthdate=?, cardNum_id=?, firstName=?, lastName=? where id=?
12:56:35.128 [main] DEBUG o.h.p.entity.AbstractEntityPersister -  Delete 0: delete from Person where id=?
12:56:35.128 [main] DEBUG o.h.p.entity.AbstractEntityPersister -  Identity insert: insert into Person (birthdate, cardNum_id, firstName, lastName) values (?, ?, ?, ?)
12:56:35.128 [main] DEBUG o.h.l.p.b.i.spaces.QuerySpacesImpl - Adding QuerySpace : uid = <gen:0> -> org.hibernate.loader.plan.build.internal.spaces.EntityQuerySpaceImpl@46039a21]
12:56:35.128 [main] DEBUG o.h.p.w.spi.MetamodelGraphWalker - Visiting attribute path : birthdate
12:56:35.128 [main] DEBUG o.h.p.w.spi.MetamodelGraphWalker - Visiting attribute path : cardNum
12:56:35.128 [main] DEBUG o.h.l.p.b.i.spaces.QuerySpacesImpl - Adding QuerySpace : uid = <gen:1> -> org.hibernate.loader.plan.build.internal.spaces.EntityQuerySpaceImpl@35c4e864]
12:56:35.128 [main] DEBUG o.h.p.w.spi.MetamodelGraphWalker - Visiting attribute path : cardNum.emissionDate
12:56:35.128 [main] DEBUG o.h.p.w.spi.MetamodelGraphWalker - Visiting attribute path : cardNum.expirationDate
12:56:35.128 [main] DEBUG o.h.p.w.spi.MetamodelGraphWalker - Visiting attribute path : cardNum.person
12:56:35.129 [main] DEBUG o.h.p.w.spi.MetamodelGraphWalker - Property path deemed to be circular : cardNum.person
12:56:35.129 [main] DEBUG o.h.p.w.spi.MetamodelGraphWalker - Visiting attribute path : firstName
12:56:35.129 [main] DEBUG o.h.p.w.spi.MetamodelGraphWalker - Visiting attribute path : lastName
12:56:35.129 [main] DEBUG o.h.l.p.b.i.FetchStyleLoadPlanBuildingAssociationVisitationStrategy - Building LoadPlan...
12:56:35.129 [main] DEBUG o.h.l.p.e.i.LoadQueryJoinAndFetchProcessor - processing queryspace <gen:0>
12:56:35.129 [main] DEBUG o.h.l.p.b.spi.LoadPlanTreePrinter - LoadPlan(entity=Classes.Person)
    - Returns
       - EntityReturnImpl(entity=Classes.Person, querySpaceUid=<gen:0>, path=Classes.Person)
          - EntityAttributeFetchImpl(entity=Classes.Card, querySpaceUid=<gen:1>, path=Classes.Person.cardNum)
    - QuerySpaces
       - EntityQuerySpaceImpl(uid=<gen:0>, entity=Classes.Person)
          - SQL table alias mapping - person0_
          - alias suffix - 0_
          - suffixed key columns - {id1_1_0_}
          - JOIN (JoinDefinedByMetadata(cardNum)) : <gen:0> -> <gen:1>
             - EntityQuerySpaceImpl(uid=<gen:1>, entity=Classes.Card)
                - SQL table alias mapping - card1_
                - alias suffix - 1_
                - suffixed key columns - {id1_0_1_}

12:56:35.129 [main] DEBUG o.h.loader.entity.plan.EntityLoader - Static select for entity Classes.Person [NONE]: select person0_.id as id1_1_0_, person0_.birthdate as birthdat2_1_0_, person0_.cardNum_id as cardnum_5_1_0_, person0_.firstName as firstnam3_1_0_, person0_.lastName as lastname4_1_0_, card1_.id as id1_0_1_, card1_.emissionDate as emission2_0_1_, card1_.expirationDate as expirati3_0_1_ from Person person0_ left outer join Card card1_ on person0_.cardNum_id=card1_.id where person0_.id=?
12:56:35.133 [main] DEBUG org.hibernate.loader.Loader - Static select for entity Classes.Person [NONE]: select person0_.id as id1_1_1_, person0_.birthdate as birthdat2_1_1_, person0_.cardNum_id as cardnum_5_1_1_, person0_.firstName as firstnam3_1_1_, person0_.lastName as lastname4_1_1_, card1_.id as id1_0_0_, card1_.emissionDate as emission2_0_0_, card1_.expirationDate as expirati3_0_0_ from Person person0_ left outer join Card card1_ on person0_.cardNum_id=card1_.id where person0_.cardNum_id=?
12:56:35.133 [main] DEBUG o.h.p.entity.AbstractEntityPersister - Static SQL for entity: Classes.Pass
12:56:35.133 [main] DEBUG o.h.p.entity.AbstractEntityPersister -  Version select: select id from Ticket where id =?
12:56:35.133 [main] DEBUG o.h.p.entity.AbstractEntityPersister -  Snapshot select: select pass_.id, pass_.seller_id as seller_i4_2_, pass_.person_id as person_i5_2_, pass_.sellers_id as sellers_6_2_, pass_.validity as validity3_2_ from Ticket pass_ where pass_.id=?
12:56:35.133 [main] DEBUG o.h.p.entity.AbstractEntityPersister -  Insert 0: insert into Ticket (seller_id, person_id, sellers_id, validity, DTYPE, id) values (?, ?, ?, ?, 'Pass', ?)
12:56:35.133 [main] DEBUG o.h.p.entity.AbstractEntityPersister -  Update 0: update Ticket set seller_id=?, person_id=?, sellers_id=?, validity=? where id=?
12:56:35.133 [main] DEBUG o.h.p.entity.AbstractEntityPersister -  Delete 0: delete from Ticket where id=?
12:56:35.133 [main] DEBUG o.h.p.entity.AbstractEntityPersister -  Identity insert: insert into Ticket (seller_id, person_id, sellers_id, validity, DTYPE) values (?, ?, ?, ?, 'Pass')
12:56:35.133 [main] DEBUG o.h.l.p.b.i.spaces.QuerySpacesImpl - Adding QuerySpace : uid = <gen:0> -> org.hibernate.loader.plan.build.internal.spaces.EntityQuerySpaceImpl@d3f4505]
12:56:35.133 [main] DEBUG o.h.p.w.spi.MetamodelGraphWalker - Visiting attribute path : seller
12:56:35.133 [main] DEBUG o.h.l.p.b.i.spaces.QuerySpacesImpl - Adding QuerySpace : uid = <gen:1> -> org.hibernate.loader.plan.build.internal.spaces.EntityQuerySpaceImpl@7fd987ef]
12:56:35.133 [main] DEBUG o.h.p.w.spi.MetamodelGraphWalker - Visiting attribute path : seller.name
12:56:35.133 [main] DEBUG o.h.p.w.spi.MetamodelGraphWalker - Visiting attribute path : seller.passes
12:56:35.133 [main] DEBUG o.h.l.p.b.i.spaces.QuerySpacesImpl - Adding QuerySpace : uid = <gen:2> -> org.hibernate.loader.plan.build.internal.spaces.CollectionQuerySpaceImpl@5e99b9c]
12:56:35.133 [main] DEBUG o.h.l.p.b.i.spaces.QuerySpacesImpl - Adding QuerySpace : uid = <gen:3> -> org.hibernate.loader.plan.build.internal.spaces.EntityQuerySpaceImpl@2fe74516]
12:56:35.133 [main] DEBUG o.h.p.w.spi.MetamodelGraphWalker - Visiting attribute path : seller.tickets
12:56:35.133 [main] DEBUG o.h.l.p.b.i.spaces.QuerySpacesImpl - Adding QuerySpace : uid = <gen:4> -> org.hibernate.loader.plan.build.internal.spaces.CollectionQuerySpaceImpl@1c3259fa]
12:56:35.133 [main] DEBUG o.h.l.p.b.i.spaces.QuerySpacesImpl - Adding QuerySpace : uid = <gen:5> -> org.hibernate.loader.plan.build.internal.spaces.EntityQuerySpaceImpl@217bf99e]
12:56:35.133 [main] DEBUG o.h.p.w.spi.MetamodelGraphWalker - Visiting attribute path : seller.people
12:56:35.134 [main] DEBUG o.h.l.p.b.i.spaces.QuerySpacesImpl - Adding QuerySpace : uid = <gen:6> -> org.hibernate.loader.plan.build.internal.spaces.CollectionQuerySpaceImpl@6807a356]
12:56:35.134 [main] DEBUG o.h.l.p.b.i.spaces.QuerySpacesImpl - Adding QuerySpace : uid = <gen:7> -> org.hibernate.loader.plan.build.internal.spaces.EntityQuerySpaceImpl@7ddd84b5]
12:56:35.134 [main] DEBUG o.h.p.w.spi.MetamodelGraphWalker - Visiting attribute path : seller.isWorking
12:56:35.134 [main] DEBUG o.h.p.w.spi.MetamodelGraphWalker - Visiting attribute path : person
12:56:35.134 [main] DEBUG o.h.l.p.b.i.spaces.QuerySpacesImpl - Adding QuerySpace : uid = <gen:8> -> org.hibernate.loader.plan.build.internal.spaces.EntityQuerySpaceImpl@73aeef7d]
12:56:35.134 [main] DEBUG o.h.p.w.spi.MetamodelGraphWalker - Visiting attribute path : person.birthdate
12:56:35.134 [main] DEBUG o.h.p.w.spi.MetamodelGraphWalker - Visiting attribute path : person.cardNum
12:56:35.134 [main] DEBUG o.h.l.p.b.i.spaces.QuerySpacesImpl - Adding QuerySpace : uid = <gen:9> -> org.hibernate.loader.plan.build.internal.spaces.EntityQuerySpaceImpl@58af5076]
12:56:35.134 [main] DEBUG o.h.p.w.spi.MetamodelGraphWalker - Visiting attribute path : person.cardNum.emissionDate
12:56:35.134 [main] DEBUG o.h.p.w.spi.MetamodelGraphWalker - Visiting attribute path : person.cardNum.expirationDate
12:56:35.134 [main] DEBUG o.h.p.w.spi.MetamodelGraphWalker - Visiting attribute path : person.cardNum.person
12:56:35.134 [main] DEBUG o.h.p.w.spi.MetamodelGraphWalker - Property path deemed to be circular : person.cardNum.person
12:56:35.134 [main] DEBUG o.h.p.w.spi.MetamodelGraphWalker - Visiting attribute path : person.firstName
12:56:35.134 [main] DEBUG o.h.p.w.spi.MetamodelGraphWalker - Visiting attribute path : person.lastName
12:56:35.134 [main] DEBUG o.h.p.w.spi.MetamodelGraphWalker - Visiting attribute path : sellers
12:56:35.134 [main] DEBUG o.h.l.p.b.i.spaces.QuerySpacesImpl - Adding QuerySpace : uid = <gen:10> -> org.hibernate.loader.plan.build.internal.spaces.EntityQuerySpaceImpl@4d9754a8]
12:56:35.134 [main] DEBUG o.h.p.w.spi.MetamodelGraphWalker - Visiting attribute path : sellers.name
12:56:35.134 [main] DEBUG o.h.p.w.spi.MetamodelGraphWalker - Visiting attribute path : sellers.passes
12:56:35.134 [main] DEBUG o.h.l.p.b.i.spaces.QuerySpacesImpl - Adding QuerySpace : uid = <gen:11> -> org.hibernate.loader.plan.build.internal.spaces.CollectionQuerySpaceImpl@58b5a2f3]
12:56:35.134 [main] DEBUG o.h.l.p.b.i.spaces.QuerySpacesImpl - Adding QuerySpace : uid = <gen:12> -> org.hibernate.loader.plan.build.internal.spaces.EntityQuerySpaceImpl@25f15f50]
12:56:35.134 [main] DEBUG o.h.p.w.spi.MetamodelGraphWalker - Visiting attribute path : sellers.tickets
12:56:35.134 [main] DEBUG o.h.l.p.b.i.spaces.QuerySpacesImpl - Adding QuerySpace : uid = <gen:13> -> org.hibernate.loader.plan.build.internal.spaces.CollectionQuerySpaceImpl@52b46d52]
12:56:35.134 [main] DEBUG o.h.l.p.b.i.spaces.QuerySpacesImpl - Adding QuerySpace : uid = <gen:14> -> org.hibernate.loader.plan.build.internal.spaces.EntityQuerySpaceImpl@7327a447]
12:56:35.134 [main] DEBUG o.h.p.w.spi.MetamodelGraphWalker - Visiting attribute path : sellers.people
12:56:35.134 [main] DEBUG o.h.l.p.b.i.spaces.QuerySpacesImpl - Adding QuerySpace : uid = <gen:15> -> org.hibernate.loader.plan.build.internal.spaces.CollectionQuerySpaceImpl@67022ea]
12:56:35.134 [main] DEBUG o.h.l.p.b.i.spaces.QuerySpacesImpl - Adding QuerySpace : uid = <gen:16> -> org.hibernate.loader.plan.build.internal.spaces.EntityQuerySpaceImpl@2954f6ab]
12:56:35.134 [main] DEBUG o.h.p.w.spi.MetamodelGraphWalker - Visiting attribute path : sellers.isWorking
12:56:35.134 [main] DEBUG o.h.p.w.spi.MetamodelGraphWalker - Visiting attribute path : validity
12:56:35.134 [main] DEBUG o.h.l.p.b.i.FetchStyleLoadPlanBuildingAssociationVisitationStrategy - Building LoadPlan...
12:56:35.134 [main] DEBUG o.h.l.p.e.i.LoadQueryJoinAndFetchProcessor - processing queryspace <gen:0>
12:56:35.136 [main] DEBUG o.h.l.p.b.spi.LoadPlanTreePrinter - LoadPlan(entity=Classes.Pass)
    - Returns
       - EntityReturnImpl(entity=Classes.Pass, querySpaceUid=<gen:0>, path=Classes.Pass)
          - EntityAttributeFetchImpl(entity=Abstract.TicketSeller, querySpaceUid=<gen:1>, path=Classes.Pass.seller)
             - CollectionAttributeFetchImpl(collection=Abstract.TicketSeller.passes, querySpaceUid=<gen:2>, path=Classes.Pass.seller.passes)
                - (collection element) CollectionFetchableElementEntityGraph(entity=Classes.Pass, querySpaceUid=<gen:3>, path=Classes.Pass.seller.passes.<elements>)
             - CollectionAttributeFetchImpl(collection=Abstract.TicketSeller.tickets, querySpaceUid=<gen:4>, path=Classes.Pass.seller.tickets)
                - (collection element) CollectionFetchableElementEntityGraph(entity=Classes.Ticket, querySpaceUid=<gen:5>, path=Classes.Pass.seller.tickets.<elements>)
             - CollectionAttributeFetchImpl(collection=Classes.Shop.people, querySpaceUid=<gen:6>, path=Classes.Pass.seller.people)
                - (collection element) CollectionFetchableElementEntityGraph(entity=Classes.Person, querySpaceUid=<gen:7>, path=Classes.Pass.seller.people.<elements>)
          - EntityAttributeFetchImpl(entity=Classes.Person, querySpaceUid=<gen:8>, path=Classes.Pass.person)
             - EntityAttributeFetchImpl(entity=Classes.Card, querySpaceUid=<gen:9>, path=Classes.Pass.person.cardNum)
          - EntityAttributeFetchImpl(entity=Abstract.TicketSeller, querySpaceUid=<gen:10>, path=Classes.Pass.sellers)
             - CollectionAttributeFetchImpl(collection=Abstract.TicketSeller.passes, querySpaceUid=<gen:11>, path=Classes.Pass.sellers.passes)
                - (collection element) CollectionFetchableElementEntityGraph(entity=Classes.Pass, querySpaceUid=<gen:12>, path=Classes.Pass.sellers.passes.<elements>)
             - CollectionAttributeFetchImpl(collection=Abstract.TicketSeller.tickets, querySpaceUid=<gen:13>, path=Classes.Pass.sellers.tickets)
                - (collection element) CollectionFetchableElementEntityGraph(entity=Classes.Ticket, querySpaceUid=<gen:14>, path=Classes.Pass.sellers.tickets.<elements>)
             - CollectionAttributeFetchImpl(collection=Classes.Shop.people, querySpaceUid=<gen:15>, path=Classes.Pass.sellers.people)
                - (collection element) CollectionFetchableElementEntityGraph(entity=Classes.Person, querySpaceUid=<gen:16>, path=Classes.Pass.sellers.people.<elements>)
    - QuerySpaces
       - EntityQuerySpaceImpl(uid=<gen:0>, entity=Classes.Pass)
          - SQL table alias mapping - pass0_
          - alias suffix - 0_
          - suffixed key columns - {id2_2_0_}
          - JOIN (JoinDefinedByMetadata(seller)) : <gen:0> -> <gen:1>
             - EntityQuerySpaceImpl(uid=<gen:1>, entity=Abstract.TicketSeller)
                - SQL table alias mapping - ticketsell1_
                - alias suffix - 1_
                - suffixed key columns - {id2_3_1_}
          - JOIN (JoinDefinedByMetadata(person)) : <gen:0> -> <gen:8>
             - EntityQuerySpaceImpl(uid=<gen:8>, entity=Classes.Person)
                - SQL table alias mapping - person2_
                - alias suffix - 2_
                - suffixed key columns - {id1_1_2_}
                - JOIN (JoinDefinedByMetadata(cardNum)) : <gen:8> -> <gen:9>
                   - EntityQuerySpaceImpl(uid=<gen:9>, entity=Classes.Card)
                      - SQL table alias mapping - card3_
                      - alias suffix - 3_
                      - suffixed key columns - {id1_0_3_}
          - JOIN (JoinDefinedByMetadata(sellers)) : <gen:0> -> <gen:10>
             - EntityQuerySpaceImpl(uid=<gen:10>, entity=Abstract.TicketSeller)
                - SQL table alias mapping - ticketsell4_
                - alias suffix - 4_
                - suffixed key columns - {id2_3_4_}

12:56:35.136 [main] DEBUG o.h.loader.entity.plan.EntityLoader - Static select for entity Classes.Pass [NONE]: select pass0_.id as id2_2_0_, pass0_.seller_id as seller_i4_2_0_, pass0_.person_id as person_i5_2_0_, pass0_.sellers_id as sellers_6_2_0_, pass0_.validity as validity3_2_0_, ticketsell1_.id as id2_3_1_, ticketsell1_.seller_name as seller_n3_3_1_, ticketsell1_.isWorking as isworkin4_3_1_, ticketsell1_.type as type1_3_1_, person2_.id as id1_1_2_, person2_.birthdate as birthdat2_1_2_, person2_.cardNum_id as cardnum_5_1_2_, person2_.firstName as firstnam3_1_2_, person2_.lastName as lastname4_1_2_, card3_.id as id1_0_3_, card3_.emissionDate as emission2_0_3_, card3_.expirationDate as expirati3_0_3_, ticketsell4_.id as id2_3_4_, ticketsell4_.seller_name as seller_n3_3_4_, ticketsell4_.isWorking as isworkin4_3_4_, ticketsell4_.type as type1_3_4_ from Ticket pass0_ left outer join TicketSeller ticketsell1_ on pass0_.seller_id=ticketsell1_.id left outer join Person person2_ on pass0_.person_id=person2_.id left outer join Card card3_ on person2_.cardNum_id=card3_.id left outer join TicketSeller ticketsell4_ on pass0_.sellers_id=ticketsell4_.id where pass0_.id=? and pass0_.DTYPE='Pass'
12:56:35.136 [main] DEBUG o.h.p.entity.AbstractEntityPersister - Static SQL for entity: Classes.Shop
12:56:35.136 [main] DEBUG o.h.p.entity.AbstractEntityPersister -  Version select: select id from TicketSeller where id =?
12:56:35.136 [main] DEBUG o.h.p.entity.AbstractEntityPersister -  Snapshot select: select shop_.id, shop_.seller_name as seller_n3_3_ from TicketSeller shop_ where shop_.id=?
12:56:35.136 [main] DEBUG o.h.p.entity.AbstractEntityPersister -  Insert 0: insert into TicketSeller (seller_name, type, id) values (?, 'shop', ?)
12:56:35.136 [main] DEBUG o.h.p.entity.AbstractEntityPersister -  Update 0: update TicketSeller set seller_name=? where id=?
12:56:35.136 [main] DEBUG o.h.p.entity.AbstractEntityPersister -  Delete 0: delete from TicketSeller where id=?
12:56:35.136 [main] DEBUG o.h.l.p.b.i.spaces.QuerySpacesImpl - Adding QuerySpace : uid = <gen:0> -> org.hibernate.loader.plan.build.internal.spaces.EntityQuerySpaceImpl@58fbd02e]
12:56:35.136 [main] DEBUG o.h.p.w.spi.MetamodelGraphWalker - Visiting attribute path : name
12:56:35.136 [main] DEBUG o.h.p.w.spi.MetamodelGraphWalker - Visiting attribute path : passes
12:56:35.136 [main] DEBUG o.h.l.p.b.i.spaces.QuerySpacesImpl - Adding QuerySpace : uid = <gen:1> -> org.hibernate.loader.plan.build.internal.spaces.CollectionQuerySpaceImpl@11d045b4]
12:56:35.136 [main] DEBUG o.h.l.p.b.i.spaces.QuerySpacesImpl - Adding QuerySpace : uid = <gen:2> -> org.hibernate.loader.plan.build.internal.spaces.EntityQuerySpaceImpl@1fbf088b]
12:56:35.136 [main] DEBUG o.h.p.w.spi.MetamodelGraphWalker - Visiting attribute path : tickets
12:56:35.136 [main] DEBUG o.h.l.p.b.i.spaces.QuerySpacesImpl - Adding QuerySpace : uid = <gen:3> -> org.hibernate.loader.plan.build.internal.spaces.CollectionQuerySpaceImpl@1943c1f2]
12:56:35.136 [main] DEBUG o.h.l.p.b.i.spaces.QuerySpacesImpl - Adding QuerySpace : uid = <gen:4> -> org.hibernate.loader.plan.build.internal.spaces.EntityQuerySpaceImpl@d70f722]
12:56:35.136 [main] DEBUG o.h.p.w.spi.MetamodelGraphWalker - Visiting attribute path : people
12:56:35.136 [main] DEBUG o.h.l.p.b.i.spaces.QuerySpacesImpl - Adding QuerySpace : uid = <gen:5> -> org.hibernate.loader.plan.build.internal.spaces.CollectionQuerySpaceImpl@1e1eeedd]
12:56:35.137 [main] DEBUG o.h.l.p.b.i.spaces.QuerySpacesImpl - Adding QuerySpace : uid = <gen:6> -> org.hibernate.loader.plan.build.internal.spaces.EntityQuerySpaceImpl@798256c5]
12:56:35.137 [main] DEBUG o.h.l.p.b.i.FetchStyleLoadPlanBuildingAssociationVisitationStrategy - Building LoadPlan...
12:56:35.137 [main] DEBUG o.h.l.p.e.i.LoadQueryJoinAndFetchProcessor - processing queryspace <gen:0>
12:56:35.137 [main] DEBUG o.h.l.p.b.spi.LoadPlanTreePrinter - LoadPlan(entity=Classes.Shop)
    - Returns
       - EntityReturnImpl(entity=Classes.Shop, querySpaceUid=<gen:0>, path=Classes.Shop)
          - CollectionAttributeFetchImpl(collection=Abstract.TicketSeller.passes, querySpaceUid=<gen:1>, path=Classes.Shop.passes)
             - (collection element) CollectionFetchableElementEntityGraph(entity=Classes.Pass, querySpaceUid=<gen:2>, path=Classes.Shop.passes.<elements>)
          - CollectionAttributeFetchImpl(collection=Abstract.TicketSeller.tickets, querySpaceUid=<gen:3>, path=Classes.Shop.tickets)
             - (collection element) CollectionFetchableElementEntityGraph(entity=Classes.Ticket, querySpaceUid=<gen:4>, path=Classes.Shop.tickets.<elements>)
          - CollectionAttributeFetchImpl(collection=Classes.Shop.people, querySpaceUid=<gen:5>, path=Classes.Shop.people)
             - (collection element) CollectionFetchableElementEntityGraph(entity=Classes.Person, querySpaceUid=<gen:6>, path=Classes.Shop.people.<elements>)
    - QuerySpaces
       - EntityQuerySpaceImpl(uid=<gen:0>, entity=Classes.Shop)
          - SQL table alias mapping - shop0_
          - alias suffix - 0_
          - suffixed key columns - {id2_3_0_}

12:56:35.137 [main] DEBUG o.h.loader.entity.plan.EntityLoader - Static select for entity Classes.Shop [NONE]: select shop0_.id as id2_3_0_, shop0_.seller_name as seller_n3_3_0_ from TicketSeller shop0_ where shop0_.id=? and shop0_.type='shop'
12:56:35.137 [main] DEBUG o.h.p.entity.AbstractEntityPersister - Static SQL for entity: Classes.Ticket
12:56:35.137 [main] DEBUG o.h.p.entity.AbstractEntityPersister -  Version select: select id from Ticket where id =?
12:56:35.137 [main] DEBUG o.h.p.entity.AbstractEntityPersister -  Snapshot select: select ticket_.id, ticket_.seller_id as seller_i4_2_ from Ticket ticket_ where ticket_.id=?
12:56:35.137 [main] DEBUG o.h.p.entity.AbstractEntityPersister -  Insert 0: insert into Ticket (seller_id, DTYPE, id) values (?, 'Ticket', ?)
12:56:35.137 [main] DEBUG o.h.p.entity.AbstractEntityPersister -  Update 0: update Ticket set seller_id=? where id=?
12:56:35.137 [main] DEBUG o.h.p.entity.AbstractEntityPersister -  Delete 0: delete from Ticket where id=?
12:56:35.137 [main] DEBUG o.h.p.entity.AbstractEntityPersister -  Identity insert: insert into Ticket (seller_id, DTYPE) values (?, 'Ticket')
12:56:35.137 [main] DEBUG o.h.l.p.b.i.spaces.QuerySpacesImpl - Adding QuerySpace : uid = <gen:0> -> org.hibernate.loader.plan.build.internal.spaces.EntityQuerySpaceImpl@7ec95456]
12:56:35.137 [main] DEBUG o.h.p.w.spi.MetamodelGraphWalker - Visiting attribute path : seller
12:56:35.137 [main] DEBUG o.h.l.p.b.i.spaces.QuerySpacesImpl - Adding QuerySpace : uid = <gen:1> -> org.hibernate.loader.plan.build.internal.spaces.EntityQuerySpaceImpl@1d8b0500]
12:56:35.137 [main] DEBUG o.h.p.w.spi.MetamodelGraphWalker - Visiting attribute path : seller.name
12:56:35.137 [main] DEBUG o.h.p.w.spi.MetamodelGraphWalker - Visiting attribute path : seller.passes
12:56:35.137 [main] DEBUG o.h.l.p.b.i.spaces.QuerySpacesImpl - Adding QuerySpace : uid = <gen:2> -> org.hibernate.loader.plan.build.internal.spaces.CollectionQuerySpaceImpl@428bdd72]
12:56:35.137 [main] DEBUG o.h.l.p.b.i.spaces.QuerySpacesImpl - Adding QuerySpace : uid = <gen:3> -> org.hibernate.loader.plan.build.internal.spaces.EntityQuerySpaceImpl@650c405c]
12:56:35.137 [main] DEBUG o.h.p.w.spi.MetamodelGraphWalker - Visiting attribute path : seller.tickets
12:56:35.137 [main] DEBUG o.h.l.p.b.i.spaces.QuerySpacesImpl - Adding QuerySpace : uid = <gen:4> -> org.hibernate.loader.plan.build.internal.spaces.CollectionQuerySpaceImpl@20eaeaf8]
12:56:35.137 [main] DEBUG o.h.l.p.b.i.spaces.QuerySpacesImpl - Adding QuerySpace : uid = <gen:5> -> org.hibernate.loader.plan.build.internal.spaces.EntityQuerySpaceImpl@748ac6f3]
12:56:35.137 [main] DEBUG o.h.p.w.spi.MetamodelGraphWalker - Visiting attribute path : seller.people
12:56:35.137 [main] DEBUG o.h.l.p.b.i.spaces.QuerySpacesImpl - Adding QuerySpace : uid = <gen:6> -> org.hibernate.loader.plan.build.internal.spaces.CollectionQuerySpaceImpl@68f6e55d]
12:56:35.137 [main] DEBUG o.h.l.p.b.i.spaces.QuerySpacesImpl - Adding QuerySpace : uid = <gen:7> -> org.hibernate.loader.plan.build.internal.spaces.EntityQuerySpaceImpl@6fff46bf]
12:56:35.137 [main] DEBUG o.h.p.w.spi.MetamodelGraphWalker - Visiting attribute path : seller.isWorking
12:56:35.137 [main] DEBUG o.h.p.w.spi.MetamodelGraphWalker - Visiting attribute path : person
12:56:35.137 [main] DEBUG o.h.l.p.b.i.spaces.QuerySpacesImpl - Adding QuerySpace : uid = <gen:8> -> org.hibernate.loader.plan.build.internal.spaces.EntityQuerySpaceImpl@1835dc92]
12:56:35.138 [main] DEBUG o.h.p.w.spi.MetamodelGraphWalker - Visiting attribute path : person.birthdate
12:56:35.138 [main] DEBUG o.h.p.w.spi.MetamodelGraphWalker - Visiting attribute path : person.cardNum
12:56:35.138 [main] DEBUG o.h.l.p.b.i.spaces.QuerySpacesImpl - Adding QuerySpace : uid = <gen:9> -> org.hibernate.loader.plan.build.internal.spaces.EntityQuerySpaceImpl@65a9ea3c]
12:56:35.138 [main] DEBUG o.h.p.w.spi.MetamodelGraphWalker - Visiting attribute path : person.cardNum.emissionDate
12:56:35.138 [main] DEBUG o.h.p.w.spi.MetamodelGraphWalker - Visiting attribute path : person.cardNum.expirationDate
12:56:35.138 [main] DEBUG o.h.p.w.spi.MetamodelGraphWalker - Visiting attribute path : person.cardNum.person
12:56:35.138 [main] DEBUG o.h.p.w.spi.MetamodelGraphWalker - Property path deemed to be circular : person.cardNum.person
12:56:35.138 [main] DEBUG o.h.p.w.spi.MetamodelGraphWalker - Visiting attribute path : person.firstName
12:56:35.138 [main] DEBUG o.h.p.w.spi.MetamodelGraphWalker - Visiting attribute path : person.lastName
12:56:35.138 [main] DEBUG o.h.p.w.spi.MetamodelGraphWalker - Visiting attribute path : sellers
12:56:35.138 [main] DEBUG o.h.l.p.b.i.spaces.QuerySpacesImpl - Adding QuerySpace : uid = <gen:10> -> org.hibernate.loader.plan.build.internal.spaces.EntityQuerySpaceImpl@46911148]
12:56:35.138 [main] DEBUG o.h.p.w.spi.MetamodelGraphWalker - Visiting attribute path : sellers.name
12:56:35.138 [main] DEBUG o.h.p.w.spi.MetamodelGraphWalker - Visiting attribute path : sellers.passes
12:56:35.138 [main] DEBUG o.h.l.p.b.i.spaces.QuerySpacesImpl - Adding QuerySpace : uid = <gen:11> -> org.hibernate.loader.plan.build.internal.spaces.CollectionQuerySpaceImpl@7e351d7]
12:56:35.138 [main] DEBUG o.h.l.p.b.i.spaces.QuerySpacesImpl - Adding QuerySpace : uid = <gen:12> -> org.hibernate.loader.plan.build.internal.spaces.EntityQuerySpaceImpl@43c57161]
12:56:35.138 [main] DEBUG o.h.p.w.spi.MetamodelGraphWalker - Visiting attribute path : sellers.tickets
12:56:35.138 [main] DEBUG o.h.l.p.b.i.spaces.QuerySpacesImpl - Adding QuerySpace : uid = <gen:13> -> org.hibernate.loader.plan.build.internal.spaces.CollectionQuerySpaceImpl@d902300]
12:56:35.138 [main] DEBUG o.h.l.p.b.i.spaces.QuerySpacesImpl - Adding QuerySpace : uid = <gen:14> -> org.hibernate.loader.plan.build.internal.spaces.EntityQuerySpaceImpl@2db33feb]
12:56:35.138 [main] DEBUG o.h.p.w.spi.MetamodelGraphWalker - Visiting attribute path : sellers.people
12:56:35.138 [main] DEBUG o.h.l.p.b.i.spaces.QuerySpacesImpl - Adding QuerySpace : uid = <gen:15> -> org.hibernate.loader.plan.build.internal.spaces.CollectionQuerySpaceImpl@30c3ae63]
12:56:35.138 [main] DEBUG o.h.l.p.b.i.spaces.QuerySpacesImpl - Adding QuerySpace : uid = <gen:16> -> org.hibernate.loader.plan.build.internal.spaces.EntityQuerySpaceImpl@58658f63]
12:56:35.138 [main] DEBUG o.h.p.w.spi.MetamodelGraphWalker - Visiting attribute path : sellers.isWorking
12:56:35.138 [main] DEBUG o.h.p.w.spi.MetamodelGraphWalker - Visiting attribute path : validity
12:56:35.138 [main] DEBUG o.h.l.p.b.i.FetchStyleLoadPlanBuildingAssociationVisitationStrategy - Building LoadPlan...
12:56:35.138 [main] DEBUG o.h.l.p.e.i.LoadQueryJoinAndFetchProcessor - processing queryspace <gen:0>
12:56:35.139 [main] DEBUG o.h.l.p.b.spi.LoadPlanTreePrinter - LoadPlan(entity=Classes.Ticket)
    - Returns
       - EntityReturnImpl(entity=Classes.Ticket, querySpaceUid=<gen:0>, path=Classes.Ticket)
          - EntityAttributeFetchImpl(entity=Abstract.TicketSeller, querySpaceUid=<gen:1>, path=Classes.Ticket.seller)
             - CollectionAttributeFetchImpl(collection=Abstract.TicketSeller.passes, querySpaceUid=<gen:2>, path=Classes.Ticket.seller.passes)
                - (collection element) CollectionFetchableElementEntityGraph(entity=Classes.Pass, querySpaceUid=<gen:3>, path=Classes.Ticket.seller.passes.<elements>)
             - CollectionAttributeFetchImpl(collection=Abstract.TicketSeller.tickets, querySpaceUid=<gen:4>, path=Classes.Ticket.seller.tickets)
                - (collection element) CollectionFetchableElementEntityGraph(entity=Classes.Ticket, querySpaceUid=<gen:5>, path=Classes.Ticket.seller.tickets.<elements>)
             - CollectionAttributeFetchImpl(collection=Classes.Shop.people, querySpaceUid=<gen:6>, path=Classes.Ticket.seller.people)
                - (collection element) CollectionFetchableElementEntityGraph(entity=Classes.Person, querySpaceUid=<gen:7>, path=Classes.Ticket.seller.people.<elements>)
          - EntityAttributeFetchImpl(entity=Classes.Person, querySpaceUid=<gen:8>, path=Classes.Ticket.person)
             - EntityAttributeFetchImpl(entity=Classes.Card, querySpaceUid=<gen:9>, path=Classes.Ticket.person.cardNum)
          - EntityAttributeFetchImpl(entity=Abstract.TicketSeller, querySpaceUid=<gen:10>, path=Classes.Ticket.sellers)
             - CollectionAttributeFetchImpl(collection=Abstract.TicketSeller.passes, querySpaceUid=<gen:11>, path=Classes.Ticket.sellers.passes)
                - (collection element) CollectionFetchableElementEntityGraph(entity=Classes.Pass, querySpaceUid=<gen:12>, path=Classes.Ticket.sellers.passes.<elements>)
             - CollectionAttributeFetchImpl(collection=Abstract.TicketSeller.tickets, querySpaceUid=<gen:13>, path=Classes.Ticket.sellers.tickets)
                - (collection element) CollectionFetchableElementEntityGraph(entity=Classes.Ticket, querySpaceUid=<gen:14>, path=Classes.Ticket.sellers.tickets.<elements>)
             - CollectionAttributeFetchImpl(collection=Classes.Shop.people, querySpaceUid=<gen:15>, path=Classes.Ticket.sellers.people)
                - (collection element) CollectionFetchableElementEntityGraph(entity=Classes.Person, querySpaceUid=<gen:16>, path=Classes.Ticket.sellers.people.<elements>)
    - QuerySpaces
       - EntityQuerySpaceImpl(uid=<gen:0>, entity=Classes.Ticket)
          - SQL table alias mapping - ticket0_
          - alias suffix - 0_
          - suffixed key columns - {id2_2_0_}
          - JOIN (JoinDefinedByMetadata(seller)) : <gen:0> -> <gen:1>
             - EntityQuerySpaceImpl(uid=<gen:1>, entity=Abstract.TicketSeller)
                - SQL table alias mapping - ticketsell1_
                - alias suffix - 1_
                - suffixed key columns - {id2_3_1_}
          - JOIN (JoinDefinedByMetadata(person)) : <gen:0> -> <gen:8>
             - EntityQuerySpaceImpl(uid=<gen:8>, entity=Classes.Person)
                - SQL table alias mapping - person2_
                - alias suffix - 2_
                - suffixed key columns - {id1_1_2_}
                - JOIN (JoinDefinedByMetadata(cardNum)) : <gen:8> -> <gen:9>
                   - EntityQuerySpaceImpl(uid=<gen:9>, entity=Classes.Card)
                      - SQL table alias mapping - card3_
                      - alias suffix - 3_
                      - suffixed key columns - {id1_0_3_}
          - JOIN (JoinDefinedByMetadata(sellers)) : <gen:0> -> <gen:10>
             - EntityQuerySpaceImpl(uid=<gen:10>, entity=Abstract.TicketSeller)
                - SQL table alias mapping - ticketsell4_
                - alias suffix - 4_
                - suffixed key columns - {id2_3_4_}

12:56:35.139 [main] DEBUG o.h.loader.entity.plan.EntityLoader - Static select for entity Classes.Ticket [NONE]: select ticket0_.id as id2_2_0_, ticket0_.seller_id as seller_i4_2_0_, ticket0_.person_id as person_i5_2_0_, ticket0_.sellers_id as sellers_6_2_0_, ticket0_.validity as validity3_2_0_, ticket0_.DTYPE as dtype1_2_0_, ticketsell1_.id as id2_3_1_, ticketsell1_.seller_name as seller_n3_3_1_, ticketsell1_.isWorking as isworkin4_3_1_, ticketsell1_.type as type1_3_1_, person2_.id as id1_1_2_, person2_.birthdate as birthdat2_1_2_, person2_.cardNum_id as cardnum_5_1_2_, person2_.firstName as firstnam3_1_2_, person2_.lastName as lastname4_1_2_, card3_.id as id1_0_3_, card3_.emissionDate as emission2_0_3_, card3_.expirationDate as expirati3_0_3_, ticketsell4_.id as id2_3_4_, ticketsell4_.seller_name as seller_n3_3_4_, ticketsell4_.isWorking as isworkin4_3_4_, ticketsell4_.type as type1_3_4_ from Ticket ticket0_ left outer join TicketSeller ticketsell1_ on ticket0_.seller_id=ticketsell1_.id left outer join Person person2_ on ticket0_.person_id=person2_.id left outer join Card card3_ on person2_.cardNum_id=card3_.id left outer join TicketSeller ticketsell4_ on ticket0_.sellers_id=ticketsell4_.id where ticket0_.id=?
12:56:35.139 [main] DEBUG o.h.p.entity.AbstractEntityPersister - Static SQL for entity: Classes.VendingMachine
12:56:35.139 [main] DEBUG o.h.p.entity.AbstractEntityPersister -  Version select: select id from TicketSeller where id =?
12:56:35.139 [main] DEBUG o.h.p.entity.AbstractEntityPersister -  Snapshot select: select vendingmac_.id, vendingmac_.seller_name as seller_n3_3_, vendingmac_.isWorking as isworkin4_3_ from TicketSeller vendingmac_ where vendingmac_.id=?
12:56:35.139 [main] DEBUG o.h.p.entity.AbstractEntityPersister -  Insert 0: insert into TicketSeller (seller_name, isWorking, type, id) values (?, ?, 'vending_machine', ?)
12:56:35.139 [main] DEBUG o.h.p.entity.AbstractEntityPersister -  Update 0: update TicketSeller set seller_name=?, isWorking=? where id=?
12:56:35.139 [main] DEBUG o.h.p.entity.AbstractEntityPersister -  Delete 0: delete from TicketSeller where id=?
12:56:35.139 [main] DEBUG o.h.l.p.b.i.spaces.QuerySpacesImpl - Adding QuerySpace : uid = <gen:0> -> org.hibernate.loader.plan.build.internal.spaces.EntityQuerySpaceImpl@54e12f4c]
12:56:35.139 [main] DEBUG o.h.p.w.spi.MetamodelGraphWalker - Visiting attribute path : name
12:56:35.139 [main] DEBUG o.h.p.w.spi.MetamodelGraphWalker - Visiting attribute path : passes
12:56:35.139 [main] DEBUG o.h.l.p.b.i.spaces.QuerySpacesImpl - Adding QuerySpace : uid = <gen:1> -> org.hibernate.loader.plan.build.internal.spaces.CollectionQuerySpaceImpl@4d84049a]
12:56:35.139 [main] DEBUG o.h.l.p.b.i.spaces.QuerySpacesImpl - Adding QuerySpace : uid = <gen:2> -> org.hibernate.loader.plan.build.internal.spaces.EntityQuerySpaceImpl@39ee94de]
12:56:35.139 [main] DEBUG o.h.p.w.spi.MetamodelGraphWalker - Visiting attribute path : tickets
12:56:35.139 [main] DEBUG o.h.l.p.b.i.spaces.QuerySpacesImpl - Adding QuerySpace : uid = <gen:3> -> org.hibernate.loader.plan.build.internal.spaces.CollectionQuerySpaceImpl@642857e0]
12:56:35.139 [main] DEBUG o.h.l.p.b.i.spaces.QuerySpacesImpl - Adding QuerySpace : uid = <gen:4> -> org.hibernate.loader.plan.build.internal.spaces.EntityQuerySpaceImpl@4c6b4ed7]
12:56:35.139 [main] DEBUG o.h.p.w.spi.MetamodelGraphWalker - Visiting attribute path : isWorking
12:56:35.139 [main] DEBUG o.h.l.p.b.i.FetchStyleLoadPlanBuildingAssociationVisitationStrategy - Building LoadPlan...
12:56:35.139 [main] DEBUG o.h.l.p.e.i.LoadQueryJoinAndFetchProcessor - processing queryspace <gen:0>
12:56:35.140 [main] DEBUG o.h.l.p.b.spi.LoadPlanTreePrinter - LoadPlan(entity=Classes.VendingMachine)
    - Returns
       - EntityReturnImpl(entity=Classes.VendingMachine, querySpaceUid=<gen:0>, path=Classes.VendingMachine)
          - CollectionAttributeFetchImpl(collection=Abstract.TicketSeller.passes, querySpaceUid=<gen:1>, path=Classes.VendingMachine.passes)
             - (collection element) CollectionFetchableElementEntityGraph(entity=Classes.Pass, querySpaceUid=<gen:2>, path=Classes.VendingMachine.passes.<elements>)
          - CollectionAttributeFetchImpl(collection=Abstract.TicketSeller.tickets, querySpaceUid=<gen:3>, path=Classes.VendingMachine.tickets)
             - (collection element) CollectionFetchableElementEntityGraph(entity=Classes.Ticket, querySpaceUid=<gen:4>, path=Classes.VendingMachine.tickets.<elements>)
    - QuerySpaces
       - EntityQuerySpaceImpl(uid=<gen:0>, entity=Classes.VendingMachine)
          - SQL table alias mapping - vendingmac0_
          - alias suffix - 0_
          - suffixed key columns - {id2_3_0_}

12:56:35.140 [main] DEBUG o.h.loader.entity.plan.EntityLoader - Static select for entity Classes.VendingMachine [NONE]: select vendingmac0_.id as id2_3_0_, vendingmac0_.seller_name as seller_n3_3_0_, vendingmac0_.isWorking as isworkin4_3_0_ from TicketSeller vendingmac0_ where vendingmac0_.id=? and vendingmac0_.type='vending_machine'
12:56:35.142 [main] DEBUG o.h.l.p.b.i.spaces.QuerySpacesImpl - Adding QuerySpace : uid = <gen:0> -> org.hibernate.loader.plan.build.internal.spaces.CollectionQuerySpaceImpl@29c17c3d]
12:56:35.142 [main] DEBUG o.h.l.p.b.i.spaces.QuerySpacesImpl - Adding QuerySpace : uid = <gen:1> -> org.hibernate.loader.plan.build.internal.spaces.EntityQuerySpaceImpl@250a9031]
12:56:35.142 [main] DEBUG o.h.p.w.spi.MetamodelGraphWalker - Visiting attribute path : seller
12:56:35.142 [main] DEBUG o.h.l.p.b.i.spaces.QuerySpacesImpl - Adding QuerySpace : uid = <gen:2> -> org.hibernate.loader.plan.build.internal.spaces.EntityQuerySpaceImpl@7efa3f63]
12:56:35.142 [main] DEBUG o.h.p.w.spi.MetamodelGraphWalker - Visiting attribute path : seller.name
12:56:35.142 [main] DEBUG o.h.p.w.spi.MetamodelGraphWalker - Visiting attribute path : seller.passes
12:56:35.142 [main] DEBUG o.h.p.w.spi.MetamodelGraphWalker - Property path deemed to be circular : seller.passes
12:56:35.142 [main] DEBUG o.h.p.w.spi.MetamodelGraphWalker - Visiting attribute path : seller.tickets
12:56:35.142 [main] DEBUG o.h.p.w.spi.MetamodelGraphWalker - Property path deemed to be circular : seller.tickets
12:56:35.142 [main] DEBUG o.h.p.w.spi.MetamodelGraphWalker - Visiting attribute path : seller.people
12:56:35.143 [main] DEBUG o.h.l.p.b.i.spaces.QuerySpacesImpl - Adding QuerySpace : uid = <gen:3> -> org.hibernate.loader.plan.build.internal.spaces.CollectionQuerySpaceImpl@2262d6d5]
12:56:35.143 [main] DEBUG o.h.l.p.b.i.spaces.QuerySpacesImpl - Adding QuerySpace : uid = <gen:4> -> org.hibernate.loader.plan.build.internal.spaces.EntityQuerySpaceImpl@40de8f93]
12:56:35.143 [main] DEBUG o.h.p.w.spi.MetamodelGraphWalker - Visiting attribute path : seller.isWorking
12:56:35.143 [main] DEBUG o.h.p.w.spi.MetamodelGraphWalker - Visiting attribute path : person
12:56:35.143 [main] DEBUG o.h.l.p.b.i.spaces.QuerySpacesImpl - Adding QuerySpace : uid = <gen:5> -> org.hibernate.loader.plan.build.internal.spaces.EntityQuerySpaceImpl@6ff0b1cc]
12:56:35.143 [main] DEBUG o.h.p.w.spi.MetamodelGraphWalker - Visiting attribute path : person.birthdate
12:56:35.143 [main] DEBUG o.h.p.w.spi.MetamodelGraphWalker - Visiting attribute path : person.cardNum
12:56:35.143 [main] DEBUG o.h.l.p.b.i.spaces.QuerySpacesImpl - Adding QuerySpace : uid = <gen:6> -> org.hibernate.loader.plan.build.internal.spaces.EntityQuerySpaceImpl@f3560d4]
12:56:35.143 [main] DEBUG o.h.p.w.spi.MetamodelGraphWalker - Visiting attribute path : person.cardNum.emissionDate
12:56:35.143 [main] DEBUG o.h.p.w.spi.MetamodelGraphWalker - Visiting attribute path : person.cardNum.expirationDate
12:56:35.143 [main] DEBUG o.h.p.w.spi.MetamodelGraphWalker - Visiting attribute path : person.cardNum.person
12:56:35.143 [main] DEBUG o.h.p.w.spi.MetamodelGraphWalker - Property path deemed to be circular : person.cardNum.person
12:56:35.143 [main] DEBUG o.h.p.w.spi.MetamodelGraphWalker - Visiting attribute path : person.firstName
12:56:35.143 [main] DEBUG o.h.p.w.spi.MetamodelGraphWalker - Visiting attribute path : person.lastName
12:56:35.143 [main] DEBUG o.h.p.w.spi.MetamodelGraphWalker - Visiting attribute path : sellers
12:56:35.143 [main] DEBUG o.h.l.p.b.i.spaces.QuerySpacesImpl - Adding QuerySpace : uid = <gen:7> -> org.hibernate.loader.plan.build.internal.spaces.EntityQuerySpaceImpl@51b77cdf]
12:56:35.143 [main] DEBUG o.h.p.w.spi.MetamodelGraphWalker - Visiting attribute path : sellers.name
12:56:35.143 [main] DEBUG o.h.p.w.spi.MetamodelGraphWalker - Visiting attribute path : sellers.passes
12:56:35.143 [main] DEBUG o.h.p.w.spi.MetamodelGraphWalker - Property path deemed to be circular : sellers.passes
12:56:35.143 [main] DEBUG o.h.p.w.spi.MetamodelGraphWalker - Visiting attribute path : sellers.tickets
12:56:35.143 [main] DEBUG o.h.p.w.spi.MetamodelGraphWalker - Property path deemed to be circular : sellers.tickets
12:56:35.143 [main] DEBUG o.h.p.w.spi.MetamodelGraphWalker - Visiting attribute path : sellers.people
12:56:35.143 [main] DEBUG o.h.l.p.b.i.spaces.QuerySpacesImpl - Adding QuerySpace : uid = <gen:8> -> org.hibernate.loader.plan.build.internal.spaces.CollectionQuerySpaceImpl@6088451e]
12:56:35.143 [main] DEBUG o.h.l.p.b.i.spaces.QuerySpacesImpl - Adding QuerySpace : uid = <gen:9> -> org.hibernate.loader.plan.build.internal.spaces.EntityQuerySpaceImpl@45ab3bdd]
12:56:35.143 [main] DEBUG o.h.p.w.spi.MetamodelGraphWalker - Visiting attribute path : sellers.isWorking
12:56:35.143 [main] DEBUG o.h.p.w.spi.MetamodelGraphWalker - Visiting attribute path : validity
12:56:35.143 [main] DEBUG o.h.l.p.b.i.FetchStyleLoadPlanBuildingAssociationVisitationStrategy - Building LoadPlan...
12:56:35.145 [main] DEBUG o.h.l.p.e.i.LoadQueryJoinAndFetchProcessor - processing queryspace <gen:0>
12:56:35.145 [main] DEBUG o.h.l.p.b.spi.LoadPlanTreePrinter - LoadPlan(collection=Abstract.TicketSeller.tickets)
    - Returns
       - CollectionReturnImpl(collection=Abstract.TicketSeller.tickets, querySpaceUid=<gen:0>, path=[Abstract.TicketSeller.tickets])
          - (collection element) CollectionFetchableElementEntityGraph(entity=Classes.Ticket, querySpaceUid=<gen:1>, path=[Abstract.TicketSeller.tickets].<elements>)
             - EntityAttributeFetchImpl(entity=Abstract.TicketSeller, querySpaceUid=<gen:2>, path=[Abstract.TicketSeller.tickets].<elements>.seller)
                - CollectionAttributeFetchImpl(collection=Classes.Shop.people, querySpaceUid=<gen:3>, path=[Abstract.TicketSeller.tickets].<elements>.seller.people)
                   - (collection element) CollectionFetchableElementEntityGraph(entity=Classes.Person, querySpaceUid=<gen:4>, path=[Abstract.TicketSeller.tickets].<elements>.seller.people.<elements>)
             - EntityAttributeFetchImpl(entity=Classes.Person, querySpaceUid=<gen:5>, path=[Abstract.TicketSeller.tickets].<elements>.person)
                - EntityAttributeFetchImpl(entity=Classes.Card, querySpaceUid=<gen:6>, path=[Abstract.TicketSeller.tickets].<elements>.person.cardNum)
             - EntityAttributeFetchImpl(entity=Abstract.TicketSeller, querySpaceUid=<gen:7>, path=[Abstract.TicketSeller.tickets].<elements>.sellers)
                - CollectionAttributeFetchImpl(collection=Classes.Shop.people, querySpaceUid=<gen:8>, path=[Abstract.TicketSeller.tickets].<elements>.sellers.people)
                   - (collection element) CollectionFetchableElementEntityGraph(entity=Classes.Person, querySpaceUid=<gen:9>, path=[Abstract.TicketSeller.tickets].<elements>.sellers.people.<elements>)
    - QuerySpaces
       - CollectionQuerySpaceImpl(uid=<gen:0>, collection=Abstract.TicketSeller.tickets)
          - SQL table alias mapping - tickets0_
          - alias suffix - 0_
          - suffixed key columns - {ticketse1_5_0_}
          - entity-element alias suffix - 1_
          - 1_entity-element suffixed key columns - id2_2_1_
          - JOIN (JoinDefinedByMetadata(elements)) : <gen:0> -> <gen:1>
             - EntityQuerySpaceImpl(uid=<gen:1>, entity=Classes.Ticket)
                - SQL table alias mapping - ticket1_
                - alias suffix - 1_
                - suffixed key columns - {id2_2_1_}
                - JOIN (JoinDefinedByMetadata(seller)) : <gen:1> -> <gen:2>
                   - EntityQuerySpaceImpl(uid=<gen:2>, entity=Abstract.TicketSeller)
                      - SQL table alias mapping - ticketsell2_
                      - alias suffix - 2_
                      - suffixed key columns - {id2_3_2_}
                - JOIN (JoinDefinedByMetadata(person)) : <gen:1> -> <gen:5>
                   - EntityQuerySpaceImpl(uid=<gen:5>, entity=Classes.Person)
                      - SQL table alias mapping - person3_
                      - alias suffix - 3_
                      - suffixed key columns - {id1_1_3_}
                      - JOIN (JoinDefinedByMetadata(cardNum)) : <gen:5> -> <gen:6>
                         - EntityQuerySpaceImpl(uid=<gen:6>, entity=Classes.Card)
                            - SQL table alias mapping - card4_
                            - alias suffix - 4_
                            - suffixed key columns - {id1_0_4_}
                - JOIN (JoinDefinedByMetadata(sellers)) : <gen:1> -> <gen:7>
                   - EntityQuerySpaceImpl(uid=<gen:7>, entity=Abstract.TicketSeller)
                      - SQL table alias mapping - ticketsell5_
                      - alias suffix - 5_
                      - suffixed key columns - {id2_3_5_}

12:56:35.145 [main] DEBUG o.h.l.c.plan.CollectionLoader - Static select for collection Abstract.TicketSeller.tickets: select tickets0_.TicketSeller_id as ticketse1_5_0_, tickets0_.tickets_id as tickets_2_5_0_, ticket1_.id as id2_2_1_, ticket1_.seller_id as seller_i4_2_1_, ticket1_.person_id as person_i5_2_1_, ticket1_.sellers_id as sellers_6_2_1_, ticket1_.validity as validity3_2_1_, ticket1_.DTYPE as dtype1_2_1_, ticketsell2_.id as id2_3_2_, ticketsell2_.seller_name as seller_n3_3_2_, ticketsell2_.isWorking as isworkin4_3_2_, ticketsell2_.type as type1_3_2_, person3_.id as id1_1_3_, person3_.birthdate as birthdat2_1_3_, person3_.cardNum_id as cardnum_5_1_3_, person3_.firstName as firstnam3_1_3_, person3_.lastName as lastname4_1_3_, card4_.id as id1_0_4_, card4_.emissionDate as emission2_0_4_, card4_.expirationDate as expirati3_0_4_, ticketsell5_.id as id2_3_5_, ticketsell5_.seller_name as seller_n3_3_5_, ticketsell5_.isWorking as isworkin4_3_5_, ticketsell5_.type as type1_3_5_ from TicketSeller_Ticket tickets0_ inner join Ticket ticket1_ on tickets0_.tickets_id=ticket1_.id left outer join TicketSeller ticketsell2_ on ticket1_.seller_id=ticketsell2_.id left outer join Person person3_ on ticket1_.person_id=person3_.id left outer join Card card4_ on person3_.cardNum_id=card4_.id left outer join TicketSeller ticketsell5_ on ticket1_.sellers_id=ticketsell5_.id where tickets0_.TicketSeller_id=?
12:56:35.145 [main] DEBUG o.h.l.p.b.i.spaces.QuerySpacesImpl - Adding QuerySpace : uid = <gen:0> -> org.hibernate.loader.plan.build.internal.spaces.CollectionQuerySpaceImpl@3f6bf8aa]
12:56:35.145 [main] DEBUG o.h.l.p.b.i.spaces.QuerySpacesImpl - Adding QuerySpace : uid = <gen:1> -> org.hibernate.loader.plan.build.internal.spaces.EntityQuerySpaceImpl@13c8ac77]
12:56:35.146 [main] DEBUG o.h.p.w.spi.MetamodelGraphWalker - Visiting attribute path : seller
12:56:35.146 [main] DEBUG o.h.l.p.b.i.spaces.QuerySpacesImpl - Adding QuerySpace : uid = <gen:2> -> org.hibernate.loader.plan.build.internal.spaces.EntityQuerySpaceImpl@2c63762b]
12:56:35.146 [main] DEBUG o.h.p.w.spi.MetamodelGraphWalker - Visiting attribute path : seller.name
12:56:35.146 [main] DEBUG o.h.p.w.spi.MetamodelGraphWalker - Visiting attribute path : seller.passes
12:56:35.146 [main] DEBUG o.h.p.w.spi.MetamodelGraphWalker - Property path deemed to be circular : seller.passes
12:56:35.146 [main] DEBUG o.h.p.w.spi.MetamodelGraphWalker - Visiting attribute path : seller.tickets
12:56:35.146 [main] DEBUG o.h.p.w.spi.MetamodelGraphWalker - Property path deemed to be circular : seller.tickets
12:56:35.146 [main] DEBUG o.h.p.w.spi.MetamodelGraphWalker - Visiting attribute path : seller.people
12:56:35.146 [main] DEBUG o.h.l.p.b.i.spaces.QuerySpacesImpl - Adding QuerySpace : uid = <gen:3> -> org.hibernate.loader.plan.build.internal.spaces.CollectionQuerySpaceImpl@78422efb]
12:56:35.146 [main] DEBUG o.h.l.p.b.i.spaces.QuerySpacesImpl - Adding QuerySpace : uid = <gen:4> -> org.hibernate.loader.plan.build.internal.spaces.EntityQuerySpaceImpl@5f05c8d6]
12:56:35.146 [main] DEBUG o.h.p.w.spi.MetamodelGraphWalker - Visiting attribute path : seller.isWorking
12:56:35.146 [main] DEBUG o.h.p.w.spi.MetamodelGraphWalker - Visiting attribute path : person
12:56:35.146 [main] DEBUG o.h.l.p.b.i.spaces.QuerySpacesImpl - Adding QuerySpace : uid = <gen:5> -> org.hibernate.loader.plan.build.internal.spaces.EntityQuerySpaceImpl@68e02f33]
12:56:35.146 [main] DEBUG o.h.p.w.spi.MetamodelGraphWalker - Visiting attribute path : person.birthdate
12:56:35.146 [main] DEBUG o.h.p.w.spi.MetamodelGraphWalker - Visiting attribute path : person.cardNum
12:56:35.146 [main] DEBUG o.h.l.p.b.i.spaces.QuerySpacesImpl - Adding QuerySpace : uid = <gen:6> -> org.hibernate.loader.plan.build.internal.spaces.EntityQuerySpaceImpl@d48e998]
12:56:35.146 [main] DEBUG o.h.p.w.spi.MetamodelGraphWalker - Visiting attribute path : person.cardNum.emissionDate
12:56:35.146 [main] DEBUG o.h.p.w.spi.MetamodelGraphWalker - Visiting attribute path : person.cardNum.expirationDate
12:56:35.146 [main] DEBUG o.h.p.w.spi.MetamodelGraphWalker - Visiting attribute path : person.cardNum.person
12:56:35.146 [main] DEBUG o.h.p.w.spi.MetamodelGraphWalker - Property path deemed to be circular : person.cardNum.person
12:56:35.146 [main] DEBUG o.h.p.w.spi.MetamodelGraphWalker - Visiting attribute path : person.firstName
12:56:35.146 [main] DEBUG o.h.p.w.spi.MetamodelGraphWalker - Visiting attribute path : person.lastName
12:56:35.146 [main] DEBUG o.h.p.w.spi.MetamodelGraphWalker - Visiting attribute path : sellers
12:56:35.146 [main] DEBUG o.h.l.p.b.i.spaces.QuerySpacesImpl - Adding QuerySpace : uid = <gen:7> -> org.hibernate.loader.plan.build.internal.spaces.EntityQuerySpaceImpl@158ae284]
12:56:35.146 [main] DEBUG o.h.p.w.spi.MetamodelGraphWalker - Visiting attribute path : sellers.name
12:56:35.146 [main] DEBUG o.h.p.w.spi.MetamodelGraphWalker - Visiting attribute path : sellers.passes
12:56:35.146 [main] DEBUG o.h.p.w.spi.MetamodelGraphWalker - Property path deemed to be circular : sellers.passes
12:56:35.146 [main] DEBUG o.h.p.w.spi.MetamodelGraphWalker - Visiting attribute path : sellers.tickets
12:56:35.146 [main] DEBUG o.h.p.w.spi.MetamodelGraphWalker - Property path deemed to be circular : sellers.tickets
12:56:35.146 [main] DEBUG o.h.p.w.spi.MetamodelGraphWalker - Visiting attribute path : sellers.people
12:56:35.146 [main] DEBUG o.h.l.p.b.i.spaces.QuerySpacesImpl - Adding QuerySpace : uid = <gen:8> -> org.hibernate.loader.plan.build.internal.spaces.CollectionQuerySpaceImpl@1a256d80]
12:56:35.146 [main] DEBUG o.h.l.p.b.i.spaces.QuerySpacesImpl - Adding QuerySpace : uid = <gen:9> -> org.hibernate.loader.plan.build.internal.spaces.EntityQuerySpaceImpl@3069a360]
12:56:35.146 [main] DEBUG o.h.p.w.spi.MetamodelGraphWalker - Visiting attribute path : sellers.isWorking
12:56:35.146 [main] DEBUG o.h.p.w.spi.MetamodelGraphWalker - Visiting attribute path : validity
12:56:35.146 [main] DEBUG o.h.l.p.b.i.FetchStyleLoadPlanBuildingAssociationVisitationStrategy - Building LoadPlan...
12:56:35.146 [main] DEBUG o.h.l.p.e.i.LoadQueryJoinAndFetchProcessor - processing queryspace <gen:0>
12:56:35.147 [main] DEBUG o.h.l.p.b.spi.LoadPlanTreePrinter - LoadPlan(collection=Abstract.TicketSeller.passes)
    - Returns
       - CollectionReturnImpl(collection=Abstract.TicketSeller.passes, querySpaceUid=<gen:0>, path=[Abstract.TicketSeller.passes])
          - (collection element) CollectionFetchableElementEntityGraph(entity=Classes.Pass, querySpaceUid=<gen:1>, path=[Abstract.TicketSeller.passes].<elements>)
             - EntityAttributeFetchImpl(entity=Abstract.TicketSeller, querySpaceUid=<gen:2>, path=[Abstract.TicketSeller.passes].<elements>.seller)
                - CollectionAttributeFetchImpl(collection=Classes.Shop.people, querySpaceUid=<gen:3>, path=[Abstract.TicketSeller.passes].<elements>.seller.people)
                   - (collection element) CollectionFetchableElementEntityGraph(entity=Classes.Person, querySpaceUid=<gen:4>, path=[Abstract.TicketSeller.passes].<elements>.seller.people.<elements>)
             - EntityAttributeFetchImpl(entity=Classes.Person, querySpaceUid=<gen:5>, path=[Abstract.TicketSeller.passes].<elements>.person)
                - EntityAttributeFetchImpl(entity=Classes.Card, querySpaceUid=<gen:6>, path=[Abstract.TicketSeller.passes].<elements>.person.cardNum)
             - EntityAttributeFetchImpl(entity=Abstract.TicketSeller, querySpaceUid=<gen:7>, path=[Abstract.TicketSeller.passes].<elements>.sellers)
                - CollectionAttributeFetchImpl(collection=Classes.Shop.people, querySpaceUid=<gen:8>, path=[Abstract.TicketSeller.passes].<elements>.sellers.people)
                   - (collection element) CollectionFetchableElementEntityGraph(entity=Classes.Person, querySpaceUid=<gen:9>, path=[Abstract.TicketSeller.passes].<elements>.sellers.people.<elements>)
    - QuerySpaces
       - CollectionQuerySpaceImpl(uid=<gen:0>, collection=Abstract.TicketSeller.passes)
          - SQL table alias mapping - passes0_
          - alias suffix - 0_
          - suffixed key columns - {ticketse1_5_0_}
          - entity-element alias suffix - 1_
          - 1_entity-element suffixed key columns - id2_2_1_
          - JOIN (JoinDefinedByMetadata(elements)) : <gen:0> -> <gen:1>
             - EntityQuerySpaceImpl(uid=<gen:1>, entity=Classes.Pass)
                - SQL table alias mapping - pass1_
                - alias suffix - 1_
                - suffixed key columns - {id2_2_1_}
                - JOIN (JoinDefinedByMetadata(seller)) : <gen:1> -> <gen:2>
                   - EntityQuerySpaceImpl(uid=<gen:2>, entity=Abstract.TicketSeller)
                      - SQL table alias mapping - ticketsell2_
                      - alias suffix - 2_
                      - suffixed key columns - {id2_3_2_}
                - JOIN (JoinDefinedByMetadata(person)) : <gen:1> -> <gen:5>
                   - EntityQuerySpaceImpl(uid=<gen:5>, entity=Classes.Person)
                      - SQL table alias mapping - person3_
                      - alias suffix - 3_
                      - suffixed key columns - {id1_1_3_}
                      - JOIN (JoinDefinedByMetadata(cardNum)) : <gen:5> -> <gen:6>
                         - EntityQuerySpaceImpl(uid=<gen:6>, entity=Classes.Card)
                            - SQL table alias mapping - card4_
                            - alias suffix - 4_
                            - suffixed key columns - {id1_0_4_}
                - JOIN (JoinDefinedByMetadata(sellers)) : <gen:1> -> <gen:7>
                   - EntityQuerySpaceImpl(uid=<gen:7>, entity=Abstract.TicketSeller)
                      - SQL table alias mapping - ticketsell5_
                      - alias suffix - 5_
                      - suffixed key columns - {id2_3_5_}

12:56:35.147 [main] DEBUG o.h.l.c.plan.CollectionLoader - Static select for collection Abstract.TicketSeller.passes: select passes0_.TicketSeller_id as ticketse1_5_0_, passes0_.passes_id as passes_i3_5_0_, pass1_.id as id2_2_1_, pass1_.seller_id as seller_i4_2_1_, pass1_.person_id as person_i5_2_1_, pass1_.sellers_id as sellers_6_2_1_, pass1_.validity as validity3_2_1_, ticketsell2_.id as id2_3_2_, ticketsell2_.seller_name as seller_n3_3_2_, ticketsell2_.isWorking as isworkin4_3_2_, ticketsell2_.type as type1_3_2_, person3_.id as id1_1_3_, person3_.birthdate as birthdat2_1_3_, person3_.cardNum_id as cardnum_5_1_3_, person3_.firstName as firstnam3_1_3_, person3_.lastName as lastname4_1_3_, card4_.id as id1_0_4_, card4_.emissionDate as emission2_0_4_, card4_.expirationDate as expirati3_0_4_, ticketsell5_.id as id2_3_5_, ticketsell5_.seller_name as seller_n3_3_5_, ticketsell5_.isWorking as isworkin4_3_5_, ticketsell5_.type as type1_3_5_ from TicketSeller_Ticket passes0_ inner join Ticket pass1_ on passes0_.passes_id=pass1_.id left outer join TicketSeller ticketsell2_ on pass1_.seller_id=ticketsell2_.id left outer join Person person3_ on pass1_.person_id=person3_.id left outer join Card card4_ on person3_.cardNum_id=card4_.id left outer join TicketSeller ticketsell5_ on pass1_.sellers_id=ticketsell5_.id where passes0_.TicketSeller_id=?
12:56:35.147 [main] DEBUG o.h.l.p.b.i.spaces.QuerySpacesImpl - Adding QuerySpace : uid = <gen:0> -> org.hibernate.loader.plan.build.internal.spaces.CollectionQuerySpaceImpl@7235f92b]
12:56:35.147 [main] DEBUG o.h.l.p.b.i.spaces.QuerySpacesImpl - Adding QuerySpace : uid = <gen:1> -> org.hibernate.loader.plan.build.internal.spaces.EntityQuerySpaceImpl@7885776b]
12:56:35.147 [main] DEBUG o.h.p.w.spi.MetamodelGraphWalker - Visiting attribute path : birthdate
12:56:35.147 [main] DEBUG o.h.p.w.spi.MetamodelGraphWalker - Visiting attribute path : cardNum
12:56:35.147 [main] DEBUG o.h.l.p.b.i.spaces.QuerySpacesImpl - Adding QuerySpace : uid = <gen:2> -> org.hibernate.loader.plan.build.internal.spaces.EntityQuerySpaceImpl@69d3cf7e]
12:56:35.147 [main] DEBUG o.h.p.w.spi.MetamodelGraphWalker - Visiting attribute path : cardNum.emissionDate
12:56:35.147 [main] DEBUG o.h.p.w.spi.MetamodelGraphWalker - Visiting attribute path : cardNum.expirationDate
12:56:35.147 [main] DEBUG o.h.p.w.spi.MetamodelGraphWalker - Visiting attribute path : cardNum.person
12:56:35.147 [main] DEBUG o.h.p.w.spi.MetamodelGraphWalker - Property path deemed to be circular : cardNum.person
12:56:35.147 [main] DEBUG o.h.p.w.spi.MetamodelGraphWalker - Visiting attribute path : firstName
12:56:35.147 [main] DEBUG o.h.p.w.spi.MetamodelGraphWalker - Visiting attribute path : lastName
12:56:35.147 [main] DEBUG o.h.l.p.b.i.FetchStyleLoadPlanBuildingAssociationVisitationStrategy - Building LoadPlan...
12:56:35.147 [main] DEBUG o.h.l.p.e.i.LoadQueryJoinAndFetchProcessor - processing queryspace <gen:0>
12:56:35.147 [main] DEBUG o.h.l.p.b.spi.LoadPlanTreePrinter - LoadPlan(collection=Classes.Shop.people)
    - Returns
       - CollectionReturnImpl(collection=Classes.Shop.people, querySpaceUid=<gen:0>, path=[Classes.Shop.people])
          - (collection element) CollectionFetchableElementEntityGraph(entity=Classes.Person, querySpaceUid=<gen:1>, path=[Classes.Shop.people].<elements>)
             - EntityAttributeFetchImpl(entity=Classes.Card, querySpaceUid=<gen:2>, path=[Classes.Shop.people].<elements>.cardNum)
    - QuerySpaces
       - CollectionQuerySpaceImpl(uid=<gen:0>, collection=Classes.Shop.people)
          - SQL table alias mapping - people0_
          - alias suffix - 0_
          - suffixed key columns - {shop_id1_4_0_}
          - entity-element alias suffix - 1_
          - 1_entity-element suffixed key columns - id1_1_1_
          - JOIN (JoinDefinedByMetadata(elements)) : <gen:0> -> <gen:1>
             - EntityQuerySpaceImpl(uid=<gen:1>, entity=Classes.Person)
                - SQL table alias mapping - person1_
                - alias suffix - 1_
                - suffixed key columns - {id1_1_1_}
                - JOIN (JoinDefinedByMetadata(cardNum)) : <gen:1> -> <gen:2>
                   - EntityQuerySpaceImpl(uid=<gen:2>, entity=Classes.Card)
                      - SQL table alias mapping - card2_
                      - alias suffix - 2_
                      - suffixed key columns - {id1_0_2_}

12:56:35.147 [main] DEBUG o.h.l.c.plan.CollectionLoader - Static select for collection Classes.Shop.people: select people0_.Shop_id as shop_id1_4_0_, people0_.people_id as people_i2_4_0_, person1_.id as id1_1_1_, person1_.birthdate as birthdat2_1_1_, person1_.cardNum_id as cardnum_5_1_1_, person1_.firstName as firstnam3_1_1_, person1_.lastName as lastname4_1_1_, card2_.id as id1_0_2_, card2_.emissionDate as emission2_0_2_, card2_.expirationDate as expirati3_0_2_ from TicketSeller_Person people0_ inner join Person person1_ on people0_.people_id=person1_.id left outer join Card card2_ on person1_.cardNum_id=card2_.id where people0_.Shop_id=?
12:56:35.171 [main] INFO  o.hibernate.orm.connections.access - HHH10001501: Connection obtained from JdbcConnectionAccess [org.hibernate.engine.jdbc.env.internal.JdbcEnvironmentInitiator$ConnectionProviderJdbcConnectionAccess@40bb4f87] for (non-JTA) DDL execution was not in auto-commit mode; the Connection 'local transaction' will be committed and the Connection will be set into auto-commit mode.
12:56:35.188 [main] DEBUG org.hibernate.mapping.Table - No alter strings for table : Card
12:56:35.189 [main] DEBUG org.hibernate.mapping.Table - No alter strings for table : Person
12:56:35.189 [main] DEBUG org.hibernate.mapping.Table - No alter strings for table : Ticket
12:56:35.189 [main] DEBUG org.hibernate.mapping.Table - No alter strings for table : TicketSeller
12:56:35.189 [main] DEBUG org.hibernate.mapping.Table - No alter strings for table : TicketSeller_Person
12:56:35.189 [main] DEBUG org.hibernate.mapping.Table - No alter strings for table : TicketSeller_Ticket
12:56:35.247 [main] DEBUG o.h.e.t.j.p.i.JtaPlatformInitiator - No JtaPlatform was specified, checking resolver
12:56:35.247 [main] DEBUG o.h.e.t.j.p.i.JtaPlatformResolverInitiator - No JtaPlatformResolver was specified, using default [org.hibernate.engine.transaction.jta.platform.internal.StandardJtaPlatformResolver]
12:56:35.250 [main] DEBUG o.h.e.t.j.p.i.StandardJtaPlatformResolver - Could not resolve JtaPlatform, using default [org.hibernate.engine.transaction.jta.platform.internal.NoJtaPlatform]
12:56:35.250 [main] INFO  o.h.e.t.j.p.i.JtaPlatformInitiator - HHH000490: Using JtaPlatform implementation: [org.hibernate.engine.transaction.jta.platform.internal.NoJtaPlatform]
12:56:35.254 [main] DEBUG o.h.s.i.SessionFactoryServiceRegistryImpl - EventListenerRegistry access via ServiceRegistry is deprecated.  Use `sessionFactory.getEventEngine().getListenerRegistry()` instead
12:56:35.255 [main] DEBUG o.h.h.i.QueryTranslatorFactoryInitiator - QueryTranslatorFactory: org.hibernate.hql.internal.ast.ASTQueryTranslatorFactory@6f5e16cf
12:56:35.257 [main] DEBUG o.h.query.spi.NamedQueryRepository - Checking 0 named HQL queries
12:56:35.257 [main] DEBUG o.h.query.spi.NamedQueryRepository - Checking 0 named SQL queries
12:56:35.259 [main] DEBUG o.h.internal.SessionFactoryRegistry - Initializing SessionFactoryRegistry : org.hibernate.internal.SessionFactoryRegistry@68b734a8
12:56:35.260 [main] DEBUG o.h.internal.SessionFactoryRegistry - Registering SessionFactory: d318c636-b784-41b3-9f60-34ca67908bd9 (<unnamed>)
12:56:35.260 [main] DEBUG o.h.internal.SessionFactoryRegistry - Not binding SessionFactory to JNDI, no JNDI name configured
12:56:35.288 [main] DEBUG o.h.s.internal.StatisticsInitiator - Statistics initialized [enabled=false]
12:56:35.291 [main] DEBUG o.h.e.t.internal.TransactionImpl - On TransactionImpl creation, JpaCompliance#isJpaTransactionComplianceEnabled == false
12:56:35.291 [main] DEBUG o.h.e.t.internal.TransactionImpl - begin
12:56:35.295 [main] DEBUG org.hibernate.SQL - select vendingmac0_.id as id2_3_0_, vendingmac0_.seller_name as seller_n3_3_0_, vendingmac0_.isWorking as isworkin4_3_0_ from TicketSeller vendingmac0_ where vendingmac0_.id=? and vendingmac0_.type='vending_machine'
12:56:35.298 [main] DEBUG o.h.l.p.e.p.i.EntityReferenceInitializerImpl - On call to EntityIdentifierReaderImpl#resolve, EntityKey was already known; should only happen on root returns with an optional identifier specified
12:56:35.303 [main] DEBUG o.h.engine.internal.TwoPhaseLoad - Resolving attributes for [Classes.VendingMachine#2]
12:56:35.303 [main] DEBUG o.h.engine.internal.TwoPhaseLoad - Processing attribute `name` : value = Vending DiGregorio
12:56:35.303 [main] DEBUG o.h.engine.internal.TwoPhaseLoad - Attribute (`name`)  - enhanced for lazy-loading? - false
12:56:35.303 [main] DEBUG o.h.engine.internal.TwoPhaseLoad - Processing attribute `passes` : value = NOT NULL COLLECTION
12:56:35.303 [main] DEBUG o.h.engine.internal.TwoPhaseLoad - Attribute (`passes`)  - enhanced for lazy-loading? - false
12:56:35.307 [main] DEBUG o.h.engine.internal.TwoPhaseLoad - Processing attribute `tickets` : value = NOT NULL COLLECTION
12:56:35.307 [main] DEBUG o.h.engine.internal.TwoPhaseLoad - Attribute (`tickets`)  - enhanced for lazy-loading? - false
12:56:35.307 [main] DEBUG o.h.engine.internal.TwoPhaseLoad - Processing attribute `isWorking` : value = true
12:56:35.307 [main] DEBUG o.h.engine.internal.TwoPhaseLoad - Attribute (`isWorking`)  - enhanced for lazy-loading? - false
12:56:35.308 [main] DEBUG o.h.engine.internal.TwoPhaseLoad - Done materializing entity [Classes.VendingMachine#2]
12:56:35.308 [main] DEBUG o.h.l.e.p.AbstractLoadPlanBasedEntityLoader - Done entity load : Classes.VendingMachine#2
12:56:35.309 [main] DEBUG o.h.e.t.internal.TransactionImpl - committing
12:56:35.309 [main] DEBUG o.h.e.i.AbstractFlushingEventListener - Processing flush-time cascades
12:56:35.311 [main] DEBUG o.h.e.i.AbstractFlushingEventListener - Dirty checking collections
12:56:35.315 [main] DEBUG o.h.engine.internal.Collections - Collection found: [Abstract.TicketSeller.passes#2], was: [Abstract.TicketSeller.passes#2] (uninitialized)
12:56:35.315 [main] DEBUG o.h.engine.internal.Collections - Collection found: [Abstract.TicketSeller.tickets#2], was: [Abstract.TicketSeller.tickets#2] (uninitialized)
12:56:35.317 [main] DEBUG o.h.e.i.AbstractFlushingEventListener - Flushed: 0 insertions, 1 updates, 0 deletions to 1 objects
12:56:35.317 [main] DEBUG o.h.e.i.AbstractFlushingEventListener - Flushed: 0 (re)creations, 0 updates, 0 removals to 2 collections
12:56:35.317 [main] DEBUG o.h.internal.util.EntityPrinter - Listing entities:
12:56:35.317 [main] DEBUG o.h.internal.util.EntityPrinter - Classes.VendingMachine{tickets=<uninitialized>, passes=<uninitialized>, name=Vending DiGregorio, id=2, isWorking=false}
12:56:35.320 [main] DEBUG org.hibernate.SQL - update TicketSeller set seller_name=?, isWorking=? where id=?
12:56:35.324 [main] DEBUG o.h.r.j.i.LogicalConnectionManagedImpl - Initiating JDBC connection release from afterTransaction
12:56:35.324 [main] DEBUG o.h.r.j.i.LogicalConnectionManagedImpl - Initiating JDBC connection release from afterTransaction
12:56:43.982 [main] DEBUG org.jboss.logging - Logging Provider: org.jboss.logging.Slf4jLoggerProvider
12:56:44.041 [main] DEBUG o.h.jpa.HibernatePersistenceProvider - Located and parsed 2 persistence units; checking each
12:56:44.041 [main] DEBUG o.h.jpa.HibernatePersistenceProvider - Checking persistence-unit [name=HomeworkS3D3, explicit-provider=null] against incoming persistence unit name [BuildWeek_4]
12:56:44.041 [main] DEBUG o.h.jpa.HibernatePersistenceProvider - Excluding from consideration due to name mis-match
12:56:44.041 [main] DEBUG o.h.jpa.HibernatePersistenceProvider - Checking persistence-unit [name=BuildWeek_4, explicit-provider=null] against incoming persistence unit name [BuildWeek_4]
12:56:44.041 [main] DEBUG o.h.jpa.boot.spi.ProviderChecker - No PersistenceProvider explicitly requested, assuming Hibernate
12:56:44.045 [main] DEBUG o.h.jpa.internal.util.LogHelper - PersistenceUnitInfo [
	name: BuildWeek_4
	persistence provider classname: null
	classloader: null
	excludeUnlistedClasses: false
	JTA datasource: null
	Non JTA datasource: null
	Transaction type: RESOURCE_LOCAL
	PU root URL: file:/C:/Users/total/Desktop/All/Epicode/fs0223-Luca-Sernicola-BackEnd/BuildWeek_4/target/classes/
	Shared Cache Mode: null
	Validation Mode: null
	Jar files URLs []
	Managed classes names []
	Mapping files names []
	Properties [
		javax.persistence.jdbc.driver: org.postgresql.Driver
		javax.persistence.jdbc.password: root
		hibernate.dialect: org.hibernate.dialect.PostgreSQLDialect
		javax.persistence.jdbc.url: jdbc:postgresql://localhost:5432/BuildWeek
		hibernate.hbm2ddl.auto: update
		javax.persistence.jdbc.user: postgres]
12:56:44.048 [main] DEBUG o.h.i.internal.IntegratorServiceImpl - Adding Integrator [org.hibernate.cfg.beanvalidation.BeanValidationIntegrator].
12:56:44.049 [main] DEBUG o.h.i.internal.IntegratorServiceImpl - Adding Integrator [org.hibernate.secure.spi.JaccIntegrator].
12:56:44.051 [main] DEBUG o.h.i.internal.IntegratorServiceImpl - Adding Integrator [org.hibernate.cache.internal.CollectionCacheInvalidator].
12:56:44.074 [main] INFO  org.hibernate.Version - HHH000412: Hibernate ORM core version 5.6.15.Final
12:56:44.075 [main] DEBUG org.hibernate.cfg.Environment - HHH000206: hibernate.properties not found
12:56:44.174 [main] DEBUG o.h.service.spi.ServiceBinding - Overriding existing service binding [org.hibernate.secure.spi.JaccService]
12:56:44.182 [main] DEBUG o.h.c.i.RegionFactoryInitiator - Cannot default RegionFactory based on registered strategies as `[]` RegionFactory strategies were registered
12:56:44.183 [main] DEBUG o.h.c.i.RegionFactoryInitiator - Cache region factory : org.hibernate.cache.internal.NoCachingRegionFactory
12:56:44.194 [main] INFO  o.h.annotations.common.Version - HCANN000001: Hibernate Commons Annotations {5.1.2.Final}
12:56:44.248 [main] DEBUG o.hibernate.type.BasicTypeRegistry - Adding type registration boolean -> org.hibernate.type.BooleanType@ea9b7c6
12:56:44.248 [main] DEBUG o.hibernate.type.BasicTypeRegistry - Adding type registration boolean -> org.hibernate.type.BooleanType@ea9b7c6
12:56:44.248 [main] DEBUG o.hibernate.type.BasicTypeRegistry - Adding type registration java.lang.Boolean -> org.hibernate.type.BooleanType@ea9b7c6
12:56:44.249 [main] DEBUG o.hibernate.type.BasicTypeRegistry - Adding type registration numeric_boolean -> org.hibernate.type.NumericBooleanType@3fffff43
12:56:44.249 [main] DEBUG o.hibernate.type.BasicTypeRegistry - Adding type registration true_false -> org.hibernate.type.TrueFalseType@7b324585
12:56:44.249 [main] DEBUG o.hibernate.type.BasicTypeRegistry - Adding type registration yes_no -> org.hibernate.type.YesNoType@fd8294b
12:56:44.251 [main] DEBUG o.hibernate.type.BasicTypeRegistry - Adding type registration byte -> org.hibernate.type.ByteType@4fbda97b
12:56:44.251 [main] DEBUG o.hibernate.type.BasicTypeRegistry - Adding type registration byte -> org.hibernate.type.ByteType@4fbda97b
12:56:44.251 [main] DEBUG o.hibernate.type.BasicTypeRegistry - Adding type registration java.lang.Byte -> org.hibernate.type.ByteType@4fbda97b
12:56:44.251 [main] DEBUG o.hibernate.type.BasicTypeRegistry - Adding type registration character -> org.hibernate.type.CharacterType@354fc8f0
12:56:44.252 [main] DEBUG o.hibernate.type.BasicTypeRegistry - Adding type registration char -> org.hibernate.type.CharacterType@354fc8f0
12:56:44.252 [main] DEBUG o.hibernate.type.BasicTypeRegistry - Adding type registration java.lang.Character -> org.hibernate.type.CharacterType@354fc8f0
12:56:44.252 [main] DEBUG o.hibernate.type.BasicTypeRegistry - Adding type registration short -> org.hibernate.type.ShortType@a4b2d8f
12:56:44.252 [main] DEBUG o.hibernate.type.BasicTypeRegistry - Adding type registration short -> org.hibernate.type.ShortType@a4b2d8f
12:56:44.252 [main] DEBUG o.hibernate.type.BasicTypeRegistry - Adding type registration java.lang.Short -> org.hibernate.type.ShortType@a4b2d8f
12:56:44.253 [main] DEBUG o.hibernate.type.BasicTypeRegistry - Adding type registration integer -> org.hibernate.type.IntegerType@51cd7ffc
12:56:44.253 [main] DEBUG o.hibernate.type.BasicTypeRegistry - Adding type registration int -> org.hibernate.type.IntegerType@51cd7ffc
12:56:44.253 [main] DEBUG o.hibernate.type.BasicTypeRegistry - Adding type registration java.lang.Integer -> org.hibernate.type.IntegerType@51cd7ffc
12:56:44.254 [main] DEBUG o.hibernate.type.BasicTypeRegistry - Adding type registration long -> org.hibernate.type.LongType@590c73d3
12:56:44.254 [main] DEBUG o.hibernate.type.BasicTypeRegistry - Adding type registration long -> org.hibernate.type.LongType@590c73d3
12:56:44.254 [main] DEBUG o.hibernate.type.BasicTypeRegistry - Adding type registration java.lang.Long -> org.hibernate.type.LongType@590c73d3
12:56:44.254 [main] DEBUG o.hibernate.type.BasicTypeRegistry - Adding type registration float -> org.hibernate.type.FloatType@79da1ec0
12:56:44.254 [main] DEBUG o.hibernate.type.BasicTypeRegistry - Adding type registration float -> org.hibernate.type.FloatType@79da1ec0
12:56:44.254 [main] DEBUG o.hibernate.type.BasicTypeRegistry - Adding type registration java.lang.Float -> org.hibernate.type.FloatType@79da1ec0
12:56:44.255 [main] DEBUG o.hibernate.type.BasicTypeRegistry - Adding type registration double -> org.hibernate.type.DoubleType@66ce957f
12:56:44.255 [main] DEBUG o.hibernate.type.BasicTypeRegistry - Adding type registration double -> org.hibernate.type.DoubleType@66ce957f
12:56:44.255 [main] DEBUG o.hibernate.type.BasicTypeRegistry - Adding type registration java.lang.Double -> org.hibernate.type.DoubleType@66ce957f
12:56:44.255 [main] DEBUG o.hibernate.type.BasicTypeRegistry - Adding type registration big_decimal -> org.hibernate.type.BigDecimalType@3b220bcb
12:56:44.255 [main] DEBUG o.hibernate.type.BasicTypeRegistry - Adding type registration java.math.BigDecimal -> org.hibernate.type.BigDecimalType@3b220bcb
12:56:44.255 [main] DEBUG o.hibernate.type.BasicTypeRegistry - Adding type registration big_integer -> org.hibernate.type.BigIntegerType@13e3c1c7
12:56:44.255 [main] DEBUG o.hibernate.type.BasicTypeRegistry - Adding type registration java.math.BigInteger -> org.hibernate.type.BigIntegerType@13e3c1c7
12:56:44.256 [main] DEBUG o.hibernate.type.BasicTypeRegistry - Adding type registration string -> org.hibernate.type.StringType@1d8062d2
12:56:44.256 [main] DEBUG o.hibernate.type.BasicTypeRegistry - Adding type registration java.lang.String -> org.hibernate.type.StringType@1d8062d2
12:56:44.256 [main] DEBUG o.hibernate.type.BasicTypeRegistry - Adding type registration nstring -> org.hibernate.type.StringNVarcharType@285c08c8
12:56:44.256 [main] DEBUG o.hibernate.type.BasicTypeRegistry - Adding type registration ncharacter -> org.hibernate.type.CharacterNCharType@64dafeed
12:56:44.257 [main] DEBUG o.hibernate.type.BasicTypeRegistry - Adding type registration url -> org.hibernate.type.UrlType@6111ba37
12:56:44.257 [main] DEBUG o.hibernate.type.BasicTypeRegistry - Adding type registration java.net.URL -> org.hibernate.type.UrlType@6111ba37
12:56:44.257 [main] DEBUG o.hibernate.type.BasicTypeRegistry - Adding type registration Duration -> org.hibernate.type.DurationType@4721d212
12:56:44.257 [main] DEBUG o.hibernate.type.BasicTypeRegistry - Adding type registration java.time.Duration -> org.hibernate.type.DurationType@4721d212
12:56:44.258 [main] DEBUG o.hibernate.type.BasicTypeRegistry - Adding type registration Instant -> org.hibernate.type.InstantType@654d8173
12:56:44.258 [main] DEBUG o.hibernate.type.BasicTypeRegistry - Adding type registration java.time.Instant -> org.hibernate.type.InstantType@654d8173
12:56:44.258 [main] DEBUG o.hibernate.type.BasicTypeRegistry - Adding type registration LocalDateTime -> org.hibernate.type.LocalDateTimeType@239b0f9d
12:56:44.258 [main] DEBUG o.hibernate.type.BasicTypeRegistry - Adding type registration java.time.LocalDateTime -> org.hibernate.type.LocalDateTimeType@239b0f9d
12:56:44.259 [main] DEBUG o.hibernate.type.BasicTypeRegistry - Adding type registration LocalDate -> org.hibernate.type.LocalDateType@650eab8
12:56:44.259 [main] DEBUG o.hibernate.type.BasicTypeRegistry - Adding type registration java.time.LocalDate -> org.hibernate.type.LocalDateType@650eab8
12:56:44.259 [main] DEBUG o.hibernate.type.BasicTypeRegistry - Adding type registration LocalTime -> org.hibernate.type.LocalTimeType@f0e995e
12:56:44.259 [main] DEBUG o.hibernate.type.BasicTypeRegistry - Adding type registration java.time.LocalTime -> org.hibernate.type.LocalTimeType@f0e995e
12:56:44.260 [main] DEBUG o.hibernate.type.BasicTypeRegistry - Adding type registration OffsetDateTime -> org.hibernate.type.OffsetDateTimeType@50fe837a
12:56:44.260 [main] DEBUG o.hibernate.type.BasicTypeRegistry - Adding type registration java.time.OffsetDateTime -> org.hibernate.type.OffsetDateTimeType@50fe837a
12:56:44.261 [main] DEBUG o.hibernate.type.BasicTypeRegistry - Adding type registration OffsetTime -> org.hibernate.type.OffsetTimeType@1623134f
12:56:44.261 [main] DEBUG o.hibernate.type.BasicTypeRegistry - Adding type registration java.time.OffsetTime -> org.hibernate.type.OffsetTimeType@1623134f
12:56:44.262 [main] DEBUG o.hibernate.type.BasicTypeRegistry - Adding type registration ZonedDateTime -> org.hibernate.type.ZonedDateTimeType@5ad10c1a
12:56:44.262 [main] DEBUG o.hibernate.type.BasicTypeRegistry - Adding type registration java.time.ZonedDateTime -> org.hibernate.type.ZonedDateTimeType@5ad10c1a
12:56:44.263 [main] DEBUG o.hibernate.type.BasicTypeRegistry - Adding type registration date -> org.hibernate.type.DateType@15eebbff
12:56:44.263 [main] DEBUG o.hibernate.type.BasicTypeRegistry - Adding type registration java.sql.Date -> org.hibernate.type.DateType@15eebbff
12:56:44.263 [main] DEBUG o.hibernate.type.BasicTypeRegistry - Adding type registration time -> org.hibernate.type.TimeType@3e34ace1
12:56:44.263 [main] DEBUG o.hibernate.type.BasicTypeRegistry - Adding type registration java.sql.Time -> org.hibernate.type.TimeType@3e34ace1
12:56:44.263 [main] DEBUG o.hibernate.type.BasicTypeRegistry - Adding type registration timestamp -> org.hibernate.type.TimestampType@6cbcf243
12:56:44.263 [main] DEBUG o.hibernate.type.BasicTypeRegistry - Adding type registration java.sql.Timestamp -> org.hibernate.type.TimestampType@6cbcf243
12:56:44.265 [main] DEBUG o.hibernate.type.BasicTypeRegistry - Adding type registration java.util.Date -> org.hibernate.type.TimestampType@6cbcf243
12:56:44.266 [main] DEBUG o.hibernate.type.BasicTypeRegistry - Adding type registration dbtimestamp -> org.hibernate.type.DbTimestampType@38be305c
12:56:44.267 [main] DEBUG o.hibernate.type.BasicTypeRegistry - Adding type registration calendar -> org.hibernate.type.CalendarType@26a4842b
12:56:44.267 [main] DEBUG o.hibernate.type.BasicTypeRegistry - Adding type registration java.util.Calendar -> org.hibernate.type.CalendarType@26a4842b
12:56:44.267 [main] DEBUG o.hibernate.type.BasicTypeRegistry - Adding type registration java.util.GregorianCalendar -> org.hibernate.type.CalendarType@26a4842b
12:56:44.267 [main] DEBUG o.hibernate.type.BasicTypeRegistry - Adding type registration calendar_date -> org.hibernate.type.CalendarDateType@a5b0b86
12:56:44.267 [main] DEBUG o.hibernate.type.BasicTypeRegistry - Adding type registration calendar_time -> org.hibernate.type.CalendarTimeType@2611b9a3
12:56:44.268 [main] DEBUG o.hibernate.type.BasicTypeRegistry - Adding type registration locale -> org.hibernate.type.LocaleType@5b64c4b7
12:56:44.268 [main] DEBUG o.hibernate.type.BasicTypeRegistry - Adding type registration java.util.Locale -> org.hibernate.type.LocaleType@5b64c4b7
12:56:44.269 [main] DEBUG o.hibernate.type.BasicTypeRegistry - Adding type registration currency -> org.hibernate.type.CurrencyType@1252b961
12:56:44.269 [main] DEBUG o.hibernate.type.BasicTypeRegistry - Adding type registration java.util.Currency -> org.hibernate.type.CurrencyType@1252b961
12:56:44.269 [main] DEBUG o.hibernate.type.BasicTypeRegistry - Adding type registration timezone -> org.hibernate.type.TimeZoneType@4d098f9b
12:56:44.269 [main] DEBUG o.hibernate.type.BasicTypeRegistry - Adding type registration java.util.TimeZone -> org.hibernate.type.TimeZoneType@4d098f9b
12:56:44.270 [main] DEBUG o.hibernate.type.BasicTypeRegistry - Adding type registration class -> org.hibernate.type.ClassType@7b64240d
12:56:44.270 [main] DEBUG o.hibernate.type.BasicTypeRegistry - Adding type registration java.lang.Class -> org.hibernate.type.ClassType@7b64240d
12:56:44.270 [main] DEBUG o.hibernate.type.BasicTypeRegistry - Adding type registration uuid-binary -> org.hibernate.type.UUIDBinaryType@6d24ffa1
12:56:44.270 [main] DEBUG o.hibernate.type.BasicTypeRegistry - Adding type registration java.util.UUID -> org.hibernate.type.UUIDBinaryType@6d24ffa1
12:56:44.270 [main] DEBUG o.hibernate.type.BasicTypeRegistry - Adding type registration uuid-char -> org.hibernate.type.UUIDCharType@426b6a74
12:56:44.271 [main] DEBUG o.hibernate.type.BasicTypeRegistry - Adding type registration binary -> org.hibernate.type.BinaryType@7d3430a7
12:56:44.271 [main] DEBUG o.hibernate.type.BasicTypeRegistry - Adding type registration byte[] -> org.hibernate.type.BinaryType@7d3430a7
12:56:44.271 [main] DEBUG o.hibernate.type.BasicTypeRegistry - Adding type registration [B -> org.hibernate.type.BinaryType@7d3430a7
12:56:44.272 [main] DEBUG o.hibernate.type.BasicTypeRegistry - Adding type registration wrapper-binary -> org.hibernate.type.WrapperBinaryType@5536379e
12:56:44.272 [main] DEBUG o.hibernate.type.BasicTypeRegistry - Adding type registration Byte[] -> org.hibernate.type.WrapperBinaryType@5536379e
12:56:44.272 [main] DEBUG o.hibernate.type.BasicTypeRegistry - Adding type registration [Ljava.lang.Byte; -> org.hibernate.type.WrapperBinaryType@5536379e
12:56:44.272 [main] DEBUG o.hibernate.type.BasicTypeRegistry - Adding type registration row_version -> org.hibernate.type.RowVersionType@2b491fee
12:56:44.272 [main] DEBUG o.hibernate.type.BasicTypeRegistry - Adding type registration image -> org.hibernate.type.ImageType@3e8f7922
12:56:44.273 [main] DEBUG o.hibernate.type.BasicTypeRegistry - Adding type registration characters -> org.hibernate.type.CharArrayType@6ca0256d
12:56:44.273 [main] DEBUG o.hibernate.type.BasicTypeRegistry - Adding type registration char[] -> org.hibernate.type.CharArrayType@6ca0256d
12:56:44.273 [main] DEBUG o.hibernate.type.BasicTypeRegistry - Adding type registration [C -> org.hibernate.type.CharArrayType@6ca0256d
12:56:44.273 [main] DEBUG o.hibernate.type.BasicTypeRegistry - Adding type registration wrapper-characters -> org.hibernate.type.CharacterArrayType@e260766
12:56:44.273 [main] DEBUG o.hibernate.type.BasicTypeRegistry - Adding type registration [Ljava.lang.Character; -> org.hibernate.type.CharacterArrayType@e260766
12:56:44.273 [main] DEBUG o.hibernate.type.BasicTypeRegistry - Adding type registration Character[] -> org.hibernate.type.CharacterArrayType@e260766
12:56:44.274 [main] DEBUG o.hibernate.type.BasicTypeRegistry - Adding type registration text -> org.hibernate.type.TextType@7c56e013
12:56:44.274 [main] DEBUG o.hibernate.type.BasicTypeRegistry - Adding type registration ntext -> org.hibernate.type.NTextType@6731787b
12:56:44.274 [main] DEBUG o.hibernate.type.BasicTypeRegistry - Adding type registration blob -> org.hibernate.type.BlobType@2cb3d0f7
12:56:44.275 [main] DEBUG o.hibernate.type.BasicTypeRegistry - Adding type registration java.sql.Blob -> org.hibernate.type.BlobType@2cb3d0f7
12:56:44.275 [main] DEBUG o.hibernate.type.BasicTypeRegistry - Adding type registration materialized_blob -> org.hibernate.type.MaterializedBlobType@5860f3d7
12:56:44.275 [main] DEBUG o.hibernate.type.BasicTypeRegistry - Adding type registration clob -> org.hibernate.type.ClobType@67389cb8
12:56:44.275 [main] DEBUG o.hibernate.type.BasicTypeRegistry - Adding type registration java.sql.Clob -> org.hibernate.type.ClobType@67389cb8
12:56:44.276 [main] DEBUG o.hibernate.type.BasicTypeRegistry - Adding type registration nclob -> org.hibernate.type.NClobType@74e47444
12:56:44.276 [main] DEBUG o.hibernate.type.BasicTypeRegistry - Adding type registration java.sql.NClob -> org.hibernate.type.NClobType@74e47444
12:56:44.276 [main] DEBUG o.hibernate.type.BasicTypeRegistry - Adding type registration materialized_clob -> org.hibernate.type.MaterializedClobType@6e4de19b
12:56:44.277 [main] DEBUG o.hibernate.type.BasicTypeRegistry - Adding type registration materialized_nclob -> org.hibernate.type.MaterializedNClobType@1991f767
12:56:44.277 [main] DEBUG o.hibernate.type.BasicTypeRegistry - Adding type registration serializable -> org.hibernate.type.SerializableType@7db82169
12:56:44.279 [main] DEBUG o.hibernate.type.BasicTypeRegistry - Adding type registration object -> org.hibernate.type.ObjectType@3a94964
12:56:44.279 [main] DEBUG o.hibernate.type.BasicTypeRegistry - Adding type registration java.lang.Object -> org.hibernate.type.ObjectType@3a94964
12:56:44.279 [main] DEBUG o.hibernate.type.BasicTypeRegistry - Adding type registration imm_date -> org.hibernate.type.AdaptedImmutableType@2a3591c5
12:56:44.279 [main] DEBUG o.hibernate.type.BasicTypeRegistry - Adding type registration imm_time -> org.hibernate.type.AdaptedImmutableType@34a75079
12:56:44.279 [main] DEBUG o.hibernate.type.BasicTypeRegistry - Adding type registration imm_timestamp -> org.hibernate.type.AdaptedImmutableType@346a361
12:56:44.279 [main] DEBUG o.hibernate.type.BasicTypeRegistry - Adding type registration imm_dbtimestamp -> org.hibernate.type.AdaptedImmutableType@107ed6fc
12:56:44.279 [main] DEBUG o.hibernate.type.BasicTypeRegistry - Adding type registration imm_calendar -> org.hibernate.type.AdaptedImmutableType@1643d68f
12:56:44.279 [main] DEBUG o.hibernate.type.BasicTypeRegistry - Adding type registration imm_calendar_date -> org.hibernate.type.AdaptedImmutableType@186978a6
12:56:44.279 [main] DEBUG o.hibernate.type.BasicTypeRegistry - Adding type registration imm_binary -> org.hibernate.type.AdaptedImmutableType@2e029d61
12:56:44.280 [main] DEBUG o.hibernate.type.BasicTypeRegistry - Adding type registration imm_serializable -> org.hibernate.type.AdaptedImmutableType@482d776b
12:56:44.287 [main] DEBUG o.h.b.internal.BootstrapContextImpl - Injecting ScanEnvironment [org.hibernate.jpa.boot.internal.StandardJpaScanEnvironmentImpl@649725e3] into BootstrapContext; was [null]
12:56:44.287 [main] DEBUG o.h.b.internal.BootstrapContextImpl - Injecting ScanOptions [org.hibernate.boot.archive.scan.internal.StandardScanOptions@3c0fae6c] into BootstrapContext; was [org.hibernate.boot.archive.scan.internal.StandardScanOptions@4c168660]
12:56:44.320 [main] DEBUG o.h.b.internal.BootstrapContextImpl - Injecting JPA temp ClassLoader [null] into BootstrapContext; was [null]
12:56:44.320 [main] DEBUG o.h.b.internal.ClassLoaderAccessImpl - ClassLoaderAccessImpl#injectTempClassLoader(null) [was null]
12:56:44.326 [main] DEBUG o.h.i.f.i.DefaultIdentifierGeneratorFactory - Registering IdentifierGenerator strategy [uuid2] -> [org.hibernate.id.UUIDGenerator]
12:56:44.326 [main] DEBUG o.h.i.f.i.DefaultIdentifierGeneratorFactory - Registering IdentifierGenerator strategy [guid] -> [org.hibernate.id.GUIDGenerator]
12:56:44.326 [main] DEBUG o.h.i.f.i.DefaultIdentifierGeneratorFactory - Registering IdentifierGenerator strategy [uuid] -> [org.hibernate.id.UUIDHexGenerator]
12:56:44.326 [main] DEBUG o.h.i.f.i.DefaultIdentifierGeneratorFactory - Registering IdentifierGenerator strategy [uuid.hex] -> [org.hibernate.id.UUIDHexGenerator]
12:56:44.327 [main] DEBUG o.h.i.f.i.DefaultIdentifierGeneratorFactory - Registering IdentifierGenerator strategy [assigned] -> [org.hibernate.id.Assigned]
12:56:44.327 [main] DEBUG o.h.i.f.i.DefaultIdentifierGeneratorFactory - Registering IdentifierGenerator strategy [identity] -> [org.hibernate.id.IdentityGenerator]
12:56:44.327 [main] DEBUG o.h.i.f.i.DefaultIdentifierGeneratorFactory - Registering IdentifierGenerator strategy [select] -> [org.hibernate.id.SelectGenerator]
12:56:44.328 [main] DEBUG o.h.i.f.i.DefaultIdentifierGeneratorFactory - Registering IdentifierGenerator strategy [sequence] -> [org.hibernate.id.enhanced.SequenceStyleGenerator]
12:56:44.328 [main] DEBUG o.h.i.f.i.DefaultIdentifierGeneratorFactory - Registering IdentifierGenerator strategy [seqhilo] -> [org.hibernate.id.SequenceHiLoGenerator]
12:56:44.329 [main] DEBUG o.h.i.f.i.DefaultIdentifierGeneratorFactory - Registering IdentifierGenerator strategy [increment] -> [org.hibernate.id.IncrementGenerator]
12:56:44.329 [main] DEBUG o.h.i.f.i.DefaultIdentifierGeneratorFactory - Registering IdentifierGenerator strategy [foreign] -> [org.hibernate.id.ForeignGenerator]
12:56:44.329 [main] DEBUG o.h.i.f.i.DefaultIdentifierGeneratorFactory - Registering IdentifierGenerator strategy [sequence-identity] -> [org.hibernate.id.SequenceIdentityGenerator]
12:56:44.329 [main] DEBUG o.h.i.f.i.DefaultIdentifierGeneratorFactory - Registering IdentifierGenerator strategy [enhanced-sequence] -> [org.hibernate.id.enhanced.SequenceStyleGenerator]
12:56:44.330 [main] DEBUG o.h.i.f.i.DefaultIdentifierGeneratorFactory - Registering IdentifierGenerator strategy [enhanced-table] -> [org.hibernate.id.enhanced.TableGenerator]
12:56:44.332 [main] WARN  o.hibernate.orm.connections.pooling - HHH10001002: Using Hibernate built-in connection pool (not for production use!)
12:56:44.334 [main] INFO  o.hibernate.orm.connections.pooling - HHH10001005: using driver [org.postgresql.Driver] at URL [jdbc:postgresql://localhost:5432/BuildWeek]
12:56:44.334 [main] INFO  o.hibernate.orm.connections.pooling - HHH10001001: Connection properties: {password=root, user=postgres}
12:56:44.334 [main] INFO  o.hibernate.orm.connections.pooling - HHH10001003: Autocommit mode: false
12:56:44.336 [main] DEBUG o.h.e.j.c.i.DriverManagerConnectionProviderImpl - Initializing Connection pool with 1 Connections
12:56:44.337 [main] INFO  o.h.e.j.c.i.DriverManagerConnectionProviderImpl - HHH000115: Hibernate connection pool size: 20 (min=1)
12:56:44.491 [main] DEBUG o.h.e.j.e.i.JdbcEnvironmentInitiator - Database ->
       name : PostgreSQL
    version : 15.3
      major : 15
      minor : 3
12:56:44.492 [main] DEBUG o.h.e.j.e.i.JdbcEnvironmentInitiator - Driver ->
       name : PostgreSQL JDBC Driver
    version : 42.6.0
      major : 42
      minor : 6
12:56:44.492 [main] DEBUG o.h.e.j.e.i.JdbcEnvironmentInitiator - JDBC version : 4.2
12:56:44.499 [main] INFO  org.hibernate.dialect.Dialect - HHH000400: Using dialect: org.hibernate.dialect.PostgreSQLDialect
12:56:44.507 [main] DEBUG o.h.e.j.e.s.IdentifierHelperBuilder - JDBC driver metadata reported database stores quoted identifiers in neither upper, lower nor mixed case
12:56:44.524 [main] DEBUG o.hibernate.type.BasicTypeRegistry - Adding type registration pg-uuid -> org.hibernate.type.PostgresUUIDType@21f9277b
12:56:44.526 [main] DEBUG o.hibernate.type.BasicTypeRegistry - Adding type registration java.util.UUID -> org.hibernate.type.PostgresUUIDType@21f9277b
12:56:44.526 [main] DEBUG o.hibernate.type.BasicTypeRegistry - HHH000270: Type registration [java.util.UUID] overrides previous : org.hibernate.type.UUIDBinaryType@6d24ffa1
12:56:44.527 [main] DEBUG o.h.type.spi.TypeConfiguration$Scope - Scoping TypeConfiguration [org.hibernate.type.spi.TypeConfiguration@66bfd864] to MetadataBuildingContext [org.hibernate.boot.internal.MetadataBuildingContextRootImpl@4aac85fa]
12:56:44.547 [main] DEBUG o.h.boot.model.relational.Namespace - Created database namespace [logicalName=Name{catalog=null, schema=null}, physicalName=Name{catalog=null, schema=null}]
12:56:44.555 [main] DEBUG org.hibernate.cfg.AnnotationBinder - Binding entity from annotated class: Abstract.TicketSeller
12:56:44.564 [main] DEBUG org.hibernate.cfg.Ejb3Column - Binding column: Ejb3DiscriminatorColumn{logicalColumnName'type', discriminatorTypeName='string'}
12:56:44.566 [main] DEBUG o.h.cfg.annotations.EntityBinder - Import with entity name TicketSeller
12:56:44.569 [main] DEBUG o.h.cfg.annotations.EntityBinder - Bind entity Abstract.TicketSeller on table TicketSeller
12:56:44.585 [main] DEBUG org.hibernate.cfg.Ejb3Column - Binding column: Ejb3Column{table=org.hibernate.mapping.Table(TicketSeller), mappingColumn=id, insertable=true, updatable=true, unique=false}
12:56:44.588 [main] DEBUG o.h.b.internal.ClassLoaderAccessImpl - Not known whether passed class name [Abstract.TicketSeller] is safe
12:56:44.588 [main] DEBUG o.h.b.internal.ClassLoaderAccessImpl - No temp ClassLoader provided; using live ClassLoader for loading potentially unsafe class : Abstract.TicketSeller
12:56:44.589 [main] DEBUG o.h.cfg.annotations.PropertyBinder - MetadataSourceProcessor property id with lazy=false
12:56:44.590 [main] DEBUG o.h.cfg.AbstractPropertyHolder - Attempting to locate auto-apply AttributeConverter for property [Abstract.TicketSeller:id]
12:56:44.591 [main] DEBUG o.h.c.annotations.SimpleValueBinder - building SimpleValue for id
12:56:44.591 [main] DEBUG o.h.cfg.annotations.PropertyBinder - Building property id
12:56:44.593 [main] DEBUG org.hibernate.cfg.BinderHelper - #makeIdGenerator(org.hibernate.mapping.SimpleValue([org.hibernate.mapping.Column(id)]), id, org.hibernate.id.enhanced.SequenceStyleGenerator, elCat_seq, ...)
12:56:44.595 [main] DEBUG org.hibernate.cfg.Ejb3Column - Binding column: Ejb3Column{table=org.hibernate.mapping.Table(TicketSeller), mappingColumn=seller_name, insertable=true, updatable=true, unique=false}
12:56:44.595 [main] DEBUG o.h.cfg.annotations.PropertyBinder - MetadataSourceProcessor property name with lazy=false
12:56:44.595 [main] DEBUG o.h.cfg.AbstractPropertyHolder - Attempting to locate auto-apply AttributeConverter for property [Abstract.TicketSeller:name]
12:56:44.595 [main] DEBUG o.h.c.annotations.SimpleValueBinder - building SimpleValue for name
12:56:44.595 [main] DEBUG o.h.cfg.annotations.PropertyBinder - Building property name
12:56:44.596 [main] DEBUG org.hibernate.cfg.Ejb3Column - Binding column: Ejb3JoinColumn{logicalColumnName='null', referencedColumn='null', mappedBy=''}
12:56:44.596 [main] DEBUG org.hibernate.cfg.Ejb3Column - Binding column: Ejb3Column{table=org.hibernate.mapping.Table(TicketSeller), mappingColumn=passes, insertable=true, updatable=true, unique=false}
12:56:44.597 [main] DEBUG org.hibernate.cfg.Ejb3Column - Binding column: Ejb3Column{table=org.hibernate.mapping.Table(TicketSeller), mappingColumn=null, insertable=true, updatable=true, unique=false}
12:56:44.602 [main] DEBUG org.hibernate.cfg.Ejb3Column - Binding column: Ejb3Column{table=org.hibernate.mapping.Table(TicketSeller), mappingColumn=element, insertable=true, updatable=true, unique=false}
12:56:44.602 [main] DEBUG org.hibernate.cfg.Ejb3Column - Binding column: Ejb3Column{table=org.hibernate.mapping.Table(TicketSeller), mappingColumn=passes_KEY, insertable=true, updatable=true, unique=false}
12:56:44.602 [main] DEBUG org.hibernate.cfg.Ejb3Column - Binding column: Ejb3JoinColumn{logicalColumnName='passes_KEY', referencedColumn='null', mappedBy='null'}
12:56:44.603 [main] DEBUG org.hibernate.cfg.Ejb3Column - Binding column: Ejb3JoinColumn{logicalColumnName='null', referencedColumn='null', mappedBy=''}
12:56:44.603 [main] DEBUG org.hibernate.cfg.Ejb3Column - Binding column: Ejb3JoinColumn{logicalColumnName='null', referencedColumn='null', mappedBy=''}
12:56:44.603 [main] DEBUG o.h.cfg.annotations.CollectionBinder - Collection role: Abstract.TicketSeller.passes
12:56:44.605 [main] DEBUG o.h.cfg.annotations.PropertyBinder - Building property passes
12:56:44.605 [main] DEBUG org.hibernate.cfg.Ejb3Column - Binding column: Ejb3JoinColumn{logicalColumnName='null', referencedColumn='null', mappedBy=''}
12:56:44.605 [main] DEBUG org.hibernate.cfg.Ejb3Column - Binding column: Ejb3Column{table=org.hibernate.mapping.Table(TicketSeller), mappingColumn=tickets, insertable=true, updatable=true, unique=false}
12:56:44.605 [main] DEBUG org.hibernate.cfg.Ejb3Column - Binding column: Ejb3Column{table=org.hibernate.mapping.Table(TicketSeller), mappingColumn=null, insertable=true, updatable=true, unique=false}
12:56:44.605 [main] DEBUG org.hibernate.cfg.Ejb3Column - Binding column: Ejb3Column{table=org.hibernate.mapping.Table(TicketSeller), mappingColumn=element, insertable=true, updatable=true, unique=false}
12:56:44.605 [main] DEBUG org.hibernate.cfg.Ejb3Column - Binding column: Ejb3Column{table=org.hibernate.mapping.Table(TicketSeller), mappingColumn=tickets_KEY, insertable=true, updatable=true, unique=false}
12:56:44.605 [main] DEBUG org.hibernate.cfg.Ejb3Column - Binding column: Ejb3JoinColumn{logicalColumnName='tickets_KEY', referencedColumn='null', mappedBy='null'}
12:56:44.605 [main] DEBUG org.hibernate.cfg.Ejb3Column - Binding column: Ejb3JoinColumn{logicalColumnName='null', referencedColumn='null', mappedBy=''}
12:56:44.605 [main] DEBUG org.hibernate.cfg.Ejb3Column - Binding column: Ejb3JoinColumn{logicalColumnName='null', referencedColumn='null', mappedBy=''}
12:56:44.606 [main] DEBUG o.h.cfg.annotations.CollectionBinder - Collection role: Abstract.TicketSeller.tickets
12:56:44.606 [main] DEBUG o.h.cfg.annotations.PropertyBinder - Building property tickets
12:56:44.609 [main] DEBUG org.hibernate.cfg.AnnotationBinder - Binding entity from annotated class: Classes.Card
12:56:44.609 [main] DEBUG org.hibernate.cfg.Ejb3Column - Binding column: Ejb3DiscriminatorColumn{logicalColumnName'DTYPE', discriminatorTypeName='string'}
12:56:44.609 [main] DEBUG o.h.cfg.annotations.EntityBinder - Import with entity name Card
12:56:44.609 [main] DEBUG o.h.cfg.annotations.EntityBinder - Bind entity Classes.Card on table Card
12:56:44.610 [main] DEBUG org.hibernate.cfg.Ejb3Column - Binding column: Ejb3Column{table=org.hibernate.mapping.Table(Card), mappingColumn=id, insertable=true, updatable=true, unique=false}
12:56:44.610 [main] DEBUG o.h.b.internal.ClassLoaderAccessImpl - Not known whether passed class name [Classes.Card] is safe
12:56:44.611 [main] DEBUG o.h.b.internal.ClassLoaderAccessImpl - No temp ClassLoader provided; using live ClassLoader for loading potentially unsafe class : Classes.Card
12:56:44.611 [main] DEBUG o.h.cfg.annotations.PropertyBinder - MetadataSourceProcessor property id with lazy=false
12:56:44.611 [main] DEBUG o.h.cfg.AbstractPropertyHolder - Attempting to locate auto-apply AttributeConverter for property [Classes.Card:id]
12:56:44.611 [main] DEBUG o.h.c.annotations.SimpleValueBinder - building SimpleValue for id
12:56:44.611 [main] DEBUG o.h.cfg.annotations.PropertyBinder - Building property id
12:56:44.611 [main] DEBUG org.hibernate.cfg.BinderHelper - #makeIdGenerator(org.hibernate.mapping.SimpleValue([org.hibernate.mapping.Column(id)]), id, identity, , ...)
12:56:44.611 [main] DEBUG org.hibernate.cfg.Ejb3Column - Binding column: Ejb3Column{table=org.hibernate.mapping.Table(Card), mappingColumn=emissionDate, insertable=true, updatable=true, unique=false}
12:56:44.611 [main] DEBUG o.h.cfg.annotations.PropertyBinder - MetadataSourceProcessor property emissionDate with lazy=false
12:56:44.611 [main] DEBUG o.h.cfg.AbstractPropertyHolder - Attempting to locate auto-apply AttributeConverter for property [Classes.Card:emissionDate]
12:56:44.611 [main] DEBUG o.h.c.annotations.SimpleValueBinder - building SimpleValue for emissionDate
12:56:44.611 [main] DEBUG o.h.cfg.annotations.PropertyBinder - Building property emissionDate
12:56:44.611 [main] DEBUG org.hibernate.cfg.Ejb3Column - Binding column: Ejb3Column{table=org.hibernate.mapping.Table(Card), mappingColumn=expirationDate, insertable=true, updatable=true, unique=false}
12:56:44.611 [main] DEBUG o.h.cfg.annotations.PropertyBinder - MetadataSourceProcessor property expirationDate with lazy=false
12:56:44.611 [main] DEBUG o.h.cfg.AbstractPropertyHolder - Attempting to locate auto-apply AttributeConverter for property [Classes.Card:expirationDate]
12:56:44.611 [main] DEBUG o.h.c.annotations.SimpleValueBinder - building SimpleValue for expirationDate
12:56:44.611 [main] DEBUG o.h.cfg.annotations.PropertyBinder - Building property expirationDate
12:56:44.611 [main] DEBUG org.hibernate.cfg.Ejb3Column - Binding column: Ejb3JoinColumn{logicalColumnName='null', referencedColumn='null', mappedBy='cardNum'}
12:56:44.612 [main] DEBUG org.hibernate.cfg.Ejb3Column - Binding column: Ejb3Column{table=org.hibernate.mapping.Table(Card), mappingColumn=person, insertable=true, updatable=true, unique=false}
12:56:44.613 [main] DEBUG org.hibernate.cfg.AnnotationBinder - Binding entity from annotated class: Classes.Person
12:56:44.613 [main] DEBUG org.hibernate.cfg.Ejb3Column - Binding column: Ejb3DiscriminatorColumn{logicalColumnName'DTYPE', discriminatorTypeName='string'}
12:56:44.613 [main] DEBUG o.h.cfg.annotations.EntityBinder - Import with entity name Person
12:56:44.614 [main] DEBUG o.h.cfg.annotations.EntityBinder - Bind entity Classes.Person on table Person
12:56:44.614 [main] DEBUG org.hibernate.cfg.Ejb3Column - Binding column: Ejb3Column{table=org.hibernate.mapping.Table(Person), mappingColumn=id, insertable=true, updatable=true, unique=false}
12:56:44.614 [main] DEBUG o.h.b.internal.ClassLoaderAccessImpl - Not known whether passed class name [Classes.Person] is safe
12:56:44.614 [main] DEBUG o.h.b.internal.ClassLoaderAccessImpl - No temp ClassLoader provided; using live ClassLoader for loading potentially unsafe class : Classes.Person
12:56:44.614 [main] DEBUG o.h.cfg.annotations.PropertyBinder - MetadataSourceProcessor property id with lazy=false
12:56:44.614 [main] DEBUG o.h.cfg.AbstractPropertyHolder - Attempting to locate auto-apply AttributeConverter for property [Classes.Person:id]
12:56:44.614 [main] DEBUG o.h.c.annotations.SimpleValueBinder - building SimpleValue for id
12:56:44.614 [main] DEBUG o.h.cfg.annotations.PropertyBinder - Building property id
12:56:44.614 [main] DEBUG org.hibernate.cfg.BinderHelper - #makeIdGenerator(org.hibernate.mapping.SimpleValue([org.hibernate.mapping.Column(id)]), id, identity, , ...)
12:56:44.615 [main] DEBUG org.hibernate.cfg.Ejb3Column - Binding column: Ejb3Column{table=org.hibernate.mapping.Table(Person), mappingColumn=birthdate, insertable=true, updatable=true, unique=false}
12:56:44.615 [main] DEBUG o.h.cfg.annotations.PropertyBinder - MetadataSourceProcessor property birthdate with lazy=false
12:56:44.615 [main] DEBUG o.h.cfg.AbstractPropertyHolder - Attempting to locate auto-apply AttributeConverter for property [Classes.Person:birthdate]
12:56:44.615 [main] DEBUG o.h.c.annotations.SimpleValueBinder - building SimpleValue for birthdate
12:56:44.615 [main] DEBUG o.h.cfg.annotations.PropertyBinder - Building property birthdate
12:56:44.615 [main] DEBUG org.hibernate.cfg.Ejb3Column - Binding column: Ejb3JoinColumn{logicalColumnName='null', referencedColumn='null', mappedBy=''}
12:56:44.615 [main] DEBUG org.hibernate.cfg.Ejb3Column - Binding column: Ejb3Column{table=org.hibernate.mapping.Table(Person), mappingColumn=cardNum, insertable=true, updatable=true, unique=false}
12:56:44.616 [main] DEBUG o.h.cfg.annotations.PropertyBinder - Building property cardNum
12:56:44.616 [main] DEBUG org.hibernate.cfg.Ejb3Column - Binding column: Ejb3Column{table=org.hibernate.mapping.Table(Person), mappingColumn=firstName, insertable=true, updatable=true, unique=false}
12:56:44.616 [main] DEBUG o.h.cfg.annotations.PropertyBinder - MetadataSourceProcessor property firstName with lazy=false
12:56:44.616 [main] DEBUG o.h.cfg.AbstractPropertyHolder - Attempting to locate auto-apply AttributeConverter for property [Classes.Person:firstName]
12:56:44.616 [main] DEBUG o.h.c.annotations.SimpleValueBinder - building SimpleValue for firstName
12:56:44.616 [main] DEBUG o.h.cfg.annotations.PropertyBinder - Building property firstName
12:56:44.616 [main] DEBUG org.hibernate.cfg.Ejb3Column - Binding column: Ejb3Column{table=org.hibernate.mapping.Table(Person), mappingColumn=lastName, insertable=true, updatable=true, unique=false}
12:56:44.616 [main] DEBUG o.h.cfg.annotations.PropertyBinder - MetadataSourceProcessor property lastName with lazy=false
12:56:44.616 [main] DEBUG o.h.cfg.AbstractPropertyHolder - Attempting to locate auto-apply AttributeConverter for property [Classes.Person:lastName]
12:56:44.616 [main] DEBUG o.h.c.annotations.SimpleValueBinder - building SimpleValue for lastName
12:56:44.616 [main] DEBUG o.h.cfg.annotations.PropertyBinder - Building property lastName
12:56:44.617 [main] DEBUG org.hibernate.cfg.AnnotationBinder - Binding entity from annotated class: Classes.Ticket
12:56:44.617 [main] DEBUG org.hibernate.cfg.Ejb3Column - Binding column: Ejb3DiscriminatorColumn{logicalColumnName'DTYPE', discriminatorTypeName='string'}
12:56:44.617 [main] DEBUG o.h.cfg.annotations.EntityBinder - Import with entity name Ticket
12:56:44.617 [main] DEBUG o.h.cfg.annotations.EntityBinder - Bind entity Classes.Ticket on table Ticket
12:56:44.618 [main] DEBUG org.hibernate.cfg.Ejb3Column - Binding column: Ejb3Column{table=org.hibernate.mapping.Table(Ticket), mappingColumn=id, insertable=true, updatable=true, unique=false}
12:56:44.618 [main] DEBUG o.h.b.internal.ClassLoaderAccessImpl - Not known whether passed class name [Classes.Ticket] is safe
12:56:44.618 [main] DEBUG o.h.b.internal.ClassLoaderAccessImpl - No temp ClassLoader provided; using live ClassLoader for loading potentially unsafe class : Classes.Ticket
12:56:44.618 [main] DEBUG o.h.cfg.annotations.PropertyBinder - MetadataSourceProcessor property id with lazy=false
12:56:44.618 [main] DEBUG o.h.cfg.AbstractPropertyHolder - Attempting to locate auto-apply AttributeConverter for property [Classes.Ticket:id]
12:56:44.619 [main] DEBUG o.h.c.annotations.SimpleValueBinder - building SimpleValue for id
12:56:44.619 [main] DEBUG o.h.cfg.annotations.PropertyBinder - Building property id
12:56:44.619 [main] DEBUG org.hibernate.cfg.BinderHelper - #makeIdGenerator(org.hibernate.mapping.SimpleValue([org.hibernate.mapping.Column(id)]), id, identity, , ...)
12:56:44.619 [main] DEBUG org.hibernate.cfg.Ejb3Column - Binding column: Ejb3JoinColumn{logicalColumnName='null', referencedColumn='null', mappedBy='null'}
12:56:44.619 [main] DEBUG org.hibernate.cfg.Ejb3Column - Binding column: Ejb3Column{table=org.hibernate.mapping.Table(Ticket), mappingColumn=seller, insertable=true, updatable=true, unique=false}
12:56:44.619 [main] DEBUG o.h.cfg.annotations.PropertyBinder - Building property seller
12:56:44.619 [main] DEBUG org.hibernate.cfg.AnnotationBinder - Binding entity from annotated class: Classes.Pass
12:56:44.620 [main] DEBUG o.h.cfg.annotations.EntityBinder - Import with entity name Pass
12:56:44.621 [main] DEBUG org.hibernate.cfg.Ejb3Column - Binding column: Ejb3JoinColumn{logicalColumnName='null', referencedColumn='null', mappedBy=''}
12:56:44.621 [main] DEBUG org.hibernate.cfg.Ejb3Column - Binding column: Ejb3Column{table=org.hibernate.mapping.Table(Ticket), mappingColumn=person, insertable=true, updatable=true, unique=false}
12:56:44.621 [main] DEBUG o.h.cfg.annotations.PropertyBinder - Building property person
12:56:44.621 [main] DEBUG org.hibernate.cfg.Ejb3Column - Binding column: Ejb3JoinColumn{logicalColumnName='null', referencedColumn='null', mappedBy='null'}
12:56:44.622 [main] DEBUG org.hibernate.cfg.Ejb3Column - Binding column: Ejb3Column{table=org.hibernate.mapping.Table(Ticket), mappingColumn=sellers, insertable=true, updatable=true, unique=false}
12:56:44.622 [main] DEBUG o.h.cfg.annotations.PropertyBinder - Building property sellers
12:56:44.622 [main] DEBUG org.hibernate.cfg.Ejb3Column - Binding column: Ejb3Column{table=org.hibernate.mapping.Table(Ticket), mappingColumn=validity, insertable=true, updatable=true, unique=false}
12:56:44.622 [main] DEBUG o.h.cfg.annotations.PropertyBinder - MetadataSourceProcessor property validity with lazy=false
12:56:44.622 [main] DEBUG o.h.cfg.AbstractPropertyHolder - Attempting to locate auto-apply AttributeConverter for property [Classes.Pass:validity]
12:56:44.623 [main] DEBUG o.h.c.annotations.SimpleValueBinder - building SimpleValue for validity
12:56:44.623 [main] DEBUG o.h.cfg.annotations.PropertyBinder - Building property validity
12:56:44.623 [main] DEBUG org.hibernate.cfg.AnnotationBinder - Binding entity from annotated class: Classes.Shop
12:56:44.623 [main] DEBUG o.h.cfg.annotations.EntityBinder - Import with entity name Shop
12:56:44.624 [main] DEBUG org.hibernate.cfg.AnnotationBinder - Skipping attribute [java.util.List : passes] as it was already processed as part of super hierarchy
12:56:44.624 [main] DEBUG org.hibernate.cfg.Ejb3Column - Binding column: Ejb3JoinColumn{logicalColumnName='null', referencedColumn='null', mappedBy=''}
12:56:44.624 [main] DEBUG org.hibernate.cfg.Ejb3Column - Binding column: Ejb3Column{table=org.hibernate.mapping.Table(TicketSeller), mappingColumn=people, insertable=true, updatable=true, unique=false}
12:56:44.624 [main] DEBUG org.hibernate.cfg.Ejb3Column - Binding column: Ejb3Column{table=org.hibernate.mapping.Table(TicketSeller), mappingColumn=null, insertable=true, updatable=true, unique=false}
12:56:44.624 [main] DEBUG org.hibernate.cfg.Ejb3Column - Binding column: Ejb3Column{table=org.hibernate.mapping.Table(TicketSeller), mappingColumn=element, insertable=true, updatable=true, unique=false}
12:56:44.624 [main] DEBUG org.hibernate.cfg.Ejb3Column - Binding column: Ejb3Column{table=org.hibernate.mapping.Table(TicketSeller), mappingColumn=people_KEY, insertable=true, updatable=true, unique=false}
12:56:44.624 [main] DEBUG org.hibernate.cfg.Ejb3Column - Binding column: Ejb3JoinColumn{logicalColumnName='people_KEY', referencedColumn='null', mappedBy='null'}
12:56:44.624 [main] DEBUG org.hibernate.cfg.Ejb3Column - Binding column: Ejb3JoinColumn{logicalColumnName='null', referencedColumn='null', mappedBy=''}
12:56:44.624 [main] DEBUG org.hibernate.cfg.Ejb3Column - Binding column: Ejb3JoinColumn{logicalColumnName='null', referencedColumn='null', mappedBy=''}
12:56:44.624 [main] DEBUG o.h.cfg.annotations.CollectionBinder - Collection role: Classes.Shop.people
12:56:44.624 [main] DEBUG o.h.cfg.annotations.PropertyBinder - Building property people
12:56:44.626 [main] DEBUG org.hibernate.cfg.AnnotationBinder - Skipping attribute [java.util.List : tickets] as it was already processed as part of super hierarchy
12:56:44.626 [main] DEBUG org.hibernate.cfg.AnnotationBinder - Binding entity from annotated class: Classes.VendingMachine
12:56:44.626 [main] DEBUG o.h.cfg.annotations.EntityBinder - Import with entity name VendingMachine
12:56:44.626 [main] DEBUG org.hibernate.cfg.Ejb3Column - Binding column: Ejb3Column{table=org.hibernate.mapping.Table(TicketSeller), mappingColumn=isWorking, insertable=true, updatable=true, unique=false}
12:56:44.626 [main] DEBUG o.h.cfg.annotations.PropertyBinder - MetadataSourceProcessor property isWorking with lazy=false
12:56:44.626 [main] DEBUG o.h.cfg.AbstractPropertyHolder - Attempting to locate auto-apply AttributeConverter for property [Classes.VendingMachine:isWorking]
12:56:44.626 [main] DEBUG o.h.c.annotations.SimpleValueBinder - building SimpleValue for isWorking
12:56:44.627 [main] DEBUG o.h.cfg.annotations.PropertyBinder - Building property isWorking
12:56:44.628 [main] DEBUG o.h.c.annotations.SimpleValueBinder - Starting fillSimpleValue for id
12:56:44.628 [main] DEBUG o.h.c.annotations.SimpleValueBinder - Starting fillSimpleValue for name
12:56:44.628 [main] DEBUG o.h.c.annotations.SimpleValueBinder - Starting fillSimpleValue for id
12:56:44.628 [main] DEBUG o.h.c.annotations.SimpleValueBinder - Starting fillSimpleValue for emissionDate
12:56:44.628 [main] DEBUG o.h.c.annotations.SimpleValueBinder - Starting fillSimpleValue for expirationDate
12:56:44.628 [main] DEBUG o.h.c.annotations.SimpleValueBinder - Starting fillSimpleValue for id
12:56:44.628 [main] DEBUG o.h.c.annotations.SimpleValueBinder - Starting fillSimpleValue for birthdate
12:56:44.628 [main] DEBUG o.h.c.annotations.SimpleValueBinder - Starting fillSimpleValue for firstName
12:56:44.628 [main] DEBUG o.h.c.annotations.SimpleValueBinder - Starting fillSimpleValue for lastName
12:56:44.628 [main] DEBUG o.h.c.annotations.SimpleValueBinder - Starting fillSimpleValue for id
12:56:44.628 [main] DEBUG o.h.c.annotations.SimpleValueBinder - Starting fillSimpleValue for validity
12:56:44.629 [main] DEBUG o.h.c.annotations.SimpleValueBinder - Starting fillSimpleValue for isWorking
12:56:44.632 [main] DEBUG org.hibernate.mapping.PrimaryKey - Forcing column [id] to be non-null as it is part of the primary key for table [ticketseller]
12:56:44.633 [main] DEBUG org.hibernate.mapping.PrimaryKey - Forcing column [id] to be non-null as it is part of the primary key for table [card]
12:56:44.633 [main] DEBUG org.hibernate.mapping.PrimaryKey - Forcing column [id] to be non-null as it is part of the primary key for table [person]
12:56:44.633 [main] DEBUG org.hibernate.mapping.PrimaryKey - Forcing column [id] to be non-null as it is part of the primary key for table [ticket]
12:56:44.633 [main] DEBUG o.hibernate.cfg.CollectionSecondPass - Second pass for collection: Classes.Shop.people
12:56:44.633 [main] DEBUG o.h.cfg.annotations.CollectionBinder - Binding a OneToMany: Classes.Shop.people through an association table
12:56:44.639 [main] DEBUG o.hibernate.cfg.CollectionSecondPass - Mapped collection key: Shop_id, element: people_id
12:56:44.639 [main] DEBUG o.hibernate.cfg.CollectionSecondPass - Second pass for collection: Abstract.TicketSeller.tickets
12:56:44.639 [main] DEBUG o.h.cfg.annotations.CollectionBinder - Binding a OneToMany: Abstract.TicketSeller.tickets through an association table
12:56:44.639 [main] DEBUG o.hibernate.cfg.CollectionSecondPass - Mapped collection key: TicketSeller_id, element: tickets_id
12:56:44.639 [main] DEBUG o.hibernate.cfg.CollectionSecondPass - Second pass for collection: Abstract.TicketSeller.passes
12:56:44.639 [main] DEBUG o.h.cfg.annotations.CollectionBinder - Binding a OneToMany: Abstract.TicketSeller.passes through an association table
12:56:44.640 [main] DEBUG o.hibernate.cfg.CollectionSecondPass - Mapped collection key: TicketSeller_id, element: passes_id
12:56:44.641 [main] DEBUG o.h.cfg.annotations.PropertyBinder - Building property person
12:56:44.641 [main] DEBUG o.h.b.i.InFlightMetadataCollectorImpl - Processing association property references
12:56:44.641 [main] DEBUG o.h.b.i.InFlightMetadataCollectorImpl - Resolving reference to class: Classes.Card
12:56:44.642 [main] DEBUG o.h.b.i.InFlightMetadataCollectorImpl - Resolving reference to class: Abstract.TicketSeller
12:56:44.642 [main] DEBUG o.h.b.i.InFlightMetadataCollectorImpl - Resolving reference to class: Classes.Person
12:56:44.643 [main] DEBUG o.h.b.i.InFlightMetadataCollectorImpl - Resolving reference to class: Abstract.TicketSeller
12:56:44.643 [main] DEBUG o.h.b.i.InFlightMetadataCollectorImpl - Resolving reference to class: Classes.Person
12:56:44.643 [main] DEBUG o.h.b.i.InFlightMetadataCollectorImpl - Resolving reference to class: Classes.Shop
12:56:44.643 [main] DEBUG o.h.b.i.InFlightMetadataCollectorImpl - Resolving reference to class: Classes.Ticket
12:56:44.643 [main] DEBUG o.h.b.i.InFlightMetadataCollectorImpl - Resolving reference to class: Abstract.TicketSeller
12:56:44.643 [main] DEBUG o.h.b.i.InFlightMetadataCollectorImpl - Resolving reference to class: Classes.Pass
12:56:44.644 [main] DEBUG o.h.b.i.InFlightMetadataCollectorImpl - Processing association property references
12:56:44.644 [main] DEBUG o.h.b.i.InFlightMetadataCollectorImpl - Resolving reference to class: Classes.Card
12:56:44.644 [main] DEBUG o.h.b.i.InFlightMetadataCollectorImpl - Resolving reference to class: Abstract.TicketSeller
12:56:44.644 [main] DEBUG o.h.b.i.InFlightMetadataCollectorImpl - Resolving reference to class: Classes.Person
12:56:44.644 [main] DEBUG o.h.b.i.InFlightMetadataCollectorImpl - Resolving reference to class: Abstract.TicketSeller
12:56:44.644 [main] DEBUG o.h.b.i.InFlightMetadataCollectorImpl - Resolving reference to class: Classes.Person
12:56:44.644 [main] DEBUG o.h.b.i.InFlightMetadataCollectorImpl - Resolving reference to class: Classes.Shop
12:56:44.644 [main] DEBUG o.h.b.i.InFlightMetadataCollectorImpl - Resolving reference to class: Classes.Ticket
12:56:44.644 [main] DEBUG o.h.b.i.InFlightMetadataCollectorImpl - Resolving reference to class: Abstract.TicketSeller
12:56:44.644 [main] DEBUG o.h.b.i.InFlightMetadataCollectorImpl - Resolving reference to class: Classes.Pass
12:56:44.673 [main] DEBUG o.h.internal.SessionFactoryImpl - Building session factory
12:56:44.673 [main] DEBUG org.hibernate.cfg.Settings - SessionFactory name : null
12:56:44.673 [main] DEBUG org.hibernate.cfg.Settings - Automatic flush during beforeCompletion(): enabled
12:56:44.673 [main] DEBUG org.hibernate.cfg.Settings - Automatic session close at end of transaction: disabled
12:56:44.673 [main] DEBUG org.hibernate.cfg.Settings - Statistics: disabled
12:56:44.673 [main] DEBUG org.hibernate.cfg.Settings - Deleted entity synthetic identifier rollback: disabled
12:56:44.673 [main] DEBUG org.hibernate.cfg.Settings - Default entity-mode: pojo
12:56:44.673 [main] DEBUG org.hibernate.cfg.Settings - Check Nullability in Core (should be disabled when Bean Validation is on): enabled
12:56:44.673 [main] DEBUG org.hibernate.cfg.Settings - Allow initialization of lazy state outside session : disabled
12:56:44.673 [main] DEBUG org.hibernate.cfg.Settings - Using BatchFetchStyle : LEGACY
12:56:44.673 [main] DEBUG org.hibernate.cfg.Settings - Default batch fetch size: -1
12:56:44.673 [main] DEBUG org.hibernate.cfg.Settings - Maximum outer join fetch depth: null
12:56:44.673 [main] DEBUG org.hibernate.cfg.Settings - Default null ordering: NONE
12:56:44.674 [main] DEBUG org.hibernate.cfg.Settings - Order SQL updates by primary key: disabled
12:56:44.674 [main] DEBUG org.hibernate.cfg.Settings - Order SQL inserts for batching: disabled
12:56:44.674 [main] DEBUG org.hibernate.cfg.Settings - multi-tenancy strategy : NONE
12:56:44.674 [main] DEBUG org.hibernate.cfg.Settings - JTA Track by Thread: enabled
12:56:44.674 [main] DEBUG org.hibernate.cfg.Settings - Query language substitutions: {}
12:56:44.674 [main] DEBUG org.hibernate.cfg.Settings - Named query checking : enabled
12:56:44.674 [main] DEBUG org.hibernate.cfg.Settings - Second-level cache: disabled
12:56:44.674 [main] DEBUG org.hibernate.cfg.Settings - Second-level query cache: disabled
12:56:44.674 [main] DEBUG org.hibernate.cfg.Settings - Second-level query cache factory: null
12:56:44.674 [main] DEBUG org.hibernate.cfg.Settings - Second-level cache region prefix: null
12:56:44.674 [main] DEBUG org.hibernate.cfg.Settings - Optimize second-level cache for minimal puts: disabled
12:56:44.674 [main] DEBUG org.hibernate.cfg.Settings - Structured second-level cache entries: disabled
12:56:44.674 [main] DEBUG org.hibernate.cfg.Settings - Second-level cache direct-reference entries: disabled
12:56:44.674 [main] DEBUG org.hibernate.cfg.Settings - Automatic eviction of collection cache: disabled
12:56:44.674 [main] DEBUG org.hibernate.cfg.Settings - JDBC batch size: 15
12:56:44.674 [main] DEBUG org.hibernate.cfg.Settings - JDBC batch updates for versioned data: enabled
12:56:44.674 [main] DEBUG org.hibernate.cfg.Settings - Scrollable result sets: enabled
12:56:44.674 [main] DEBUG org.hibernate.cfg.Settings - Wrap result sets: disabled
12:56:44.674 [main] DEBUG org.hibernate.cfg.Settings - JDBC3 getGeneratedKeys(): enabled
12:56:44.674 [main] DEBUG org.hibernate.cfg.Settings - JDBC result set fetch size: null
12:56:44.674 [main] DEBUG org.hibernate.cfg.Settings - Connection release mode: AFTER_TRANSACTION
12:56:44.674 [main] DEBUG org.hibernate.cfg.Settings - Generate SQL with comments: disabled
12:56:44.674 [main] DEBUG org.hibernate.cfg.Settings - JPA compliance - query : disabled
12:56:44.674 [main] DEBUG org.hibernate.cfg.Settings - JPA compliance - closed-handling : disabled
12:56:44.674 [main] DEBUG org.hibernate.cfg.Settings - JPA compliance - lists : disabled
12:56:44.674 [main] DEBUG org.hibernate.cfg.Settings - JPA compliance - transactions : disabled
12:56:44.680 [main] DEBUG o.h.b.internal.ClassLoaderAccessImpl - Not known whether passed class name [Classes.Pass] is safe
12:56:44.680 [main] DEBUG o.h.b.internal.ClassLoaderAccessImpl - No temp ClassLoader provided; using live ClassLoader for loading potentially unsafe class : Classes.Pass
12:56:44.680 [main] DEBUG o.h.b.internal.ClassLoaderAccessImpl - Not known whether passed class name [Classes.Shop] is safe
12:56:44.680 [main] DEBUG o.h.b.internal.ClassLoaderAccessImpl - No temp ClassLoader provided; using live ClassLoader for loading potentially unsafe class : Classes.Shop
12:56:44.680 [main] DEBUG o.h.b.internal.ClassLoaderAccessImpl - Not known whether passed class name [Classes.VendingMachine] is safe
12:56:44.680 [main] DEBUG o.h.b.internal.ClassLoaderAccessImpl - No temp ClassLoader provided; using live ClassLoader for loading potentially unsafe class : Classes.VendingMachine
12:56:44.707 [main] DEBUG o.h.s.i.SessionFactoryServiceRegistryImpl - EventListenerRegistry access via ServiceRegistry is deprecated.  Use `sessionFactory.getEventEngine().getListenerRegistry()` instead
12:56:44.707 [main] DEBUG o.h.s.i.SessionFactoryServiceRegistryImpl - EventListenerRegistry access via ServiceRegistry is deprecated.  Use `sessionFactory.getEventEngine().getListenerRegistry()` instead
12:56:44.716 [main] DEBUG o.h.internal.SessionFactoryImpl - Session factory constructed with filter configurations : {}
12:56:44.716 [main] DEBUG o.h.internal.SessionFactoryImpl - Instantiating session factory with properties: {java.specification.version=17, sun.cpu.isalist=amd64, sun.jnu.encoding=Cp1252, hibernate.dialect=org.hibernate.dialect.PostgreSQLDialect, java.class.path=C:\Users\total\Desktop\All\Epicode\fs0223-Luca-Sernicola-BackEnd\BuildWeek_4\target\classes;C:\Users\total\.m2\repository\ch\qos\logback\logback-classic\1.4.8\logback-classic-1.4.8.jar;C:\Users\total\.m2\repository\ch\qos\logback\logback-core\1.4.8\logback-core-1.4.8.jar;C:\Users\total\.m2\repository\org\slf4j\slf4j-api\2.0.7\slf4j-api-2.0.7.jar;C:\Users\total\.m2\repository\commons-io\commons-io\2.13.0\commons-io-2.13.0.jar;C:\Users\total\.m2\repository\org\postgresql\postgresql\42.6.0\postgresql-42.6.0.jar;C:\Users\total\.m2\repository\org\checkerframework\checker-qual\3.31.0\checker-qual-3.31.0.jar;C:\Users\total\.m2\repository\org\hibernate\hibernate-core\5.6.15.Final\hibernate-core-5.6.15.Final.jar;C:\Users\total\.m2\repository\org\jboss\logging\jboss-logging\3.4.3.Final\jboss-logging-3.4.3.Final.jar;C:\Users\total\.m2\repository\javax\persistence\javax.persistence-api\2.2\javax.persistence-api-2.2.jar;C:\Users\total\.m2\repository\net\bytebuddy\byte-buddy\1.12.18\byte-buddy-1.12.18.jar;C:\Users\total\.m2\repository\antlr\antlr\2.7.7\antlr-2.7.7.jar;C:\Users\total\.m2\repository\org\jboss\spec\javax\transaction\jboss-transaction-api_1.2_spec\1.1.1.Final\jboss-transaction-api_1.2_spec-1.1.1.Final.jar;C:\Users\total\.m2\repository\org\jboss\jandex\2.4.2.Final\jandex-2.4.2.Final.jar;C:\Users\total\.m2\repository\com\fasterxml\classmate\1.5.1\classmate-1.5.1.jar;C:\Users\total\.m2\repository\javax\activation\javax.activation-api\1.2.0\javax.activation-api-1.2.0.jar;C:\Users\total\.m2\repository\org\hibernate\common\hibernate-commons-annotations\5.1.2.Final\hibernate-commons-annotations-5.1.2.Final.jar;C:\Users\total\.m2\repository\javax\xml\bind\jaxb-api\2.3.1\jaxb-api-2.3.1.jar;C:\Users\total\.m2\repository\org\glassfish\jaxb\jaxb-runtime\2.3.1\jaxb-runtime-2.3.1.jar;C:\Users\total\.m2\repository\org\glassfish\jaxb\txw2\2.3.1\txw2-2.3.1.jar;C:\Users\total\.m2\repository\com\sun\istack\istack-commons-runtime\3.0.7\istack-commons-runtime-3.0.7.jar;C:\Users\total\.m2\repository\org\jvnet\staxex\stax-ex\1.8\stax-ex-1.8.jar;C:\Users\total\.m2\repository\com\sun\xml\fastinfoset\FastInfoset\1.2.15\FastInfoset-1.2.15.jar;C:\Users\total\Desktop\All\Epicode\fs0223-Luca-Sernicola-BackEnd\Homework_W3_D3\target\classes, java.vm.vendor=Eclipse Adoptium, sun.arch.data.model=64, user.variant=, java.vendor.url=https://adoptium.net/, user.timezone=Europe/Rome, javax.persistence.jdbc.url=jdbc:postgresql://localhost:5432/BuildWeek, javax.persistence.jdbc.user=****, java.vm.specification.version=17, os.name=Windows 11, jakarta.persistence.jdbc.password=****, sun.java.launcher=SUN_STANDARD, user.country=US, local.setting.IS_JTA_TXN_COORD=false, sun.boot.library.path=C:\Users\total\.p2\pool\plugins\org.eclipse.justj.openjdk.hotspot.jre.full.win32.x86_64_17.0.7.v20230425-1502\jre\bin, sun.java.command=MainClass.MainClass, jdk.debug=release, jakarta.persistence.jdbc.driver=org.postgresql.Driver, sun.cpu.endian=little, user.home=C:\Users\total, user.language=en, java.specification.vendor=Oracle Corporation, java.version.date=2023-04-18, java.home=C:\Users\total\.p2\pool\plugins\org.eclipse.justj.openjdk.hotspot.jre.full.win32.x86_64_17.0.7.v20230425-1502\jre, file.separator=\, java.vm.compressedOopsMode=Zero based, jakarta.persistence.jdbc.user=****, line.separator=
, hibernate.persistenceUnitName=BuildWeek_4, java.vm.specification.vendor=Oracle Corporation, java.specification.name=Java Platform API Specification, hibernate.transaction.coordinator_class=class org.hibernate.resource.transaction.backend.jdbc.internal.JdbcResourceLocalTransactionCoordinatorBuilderImpl, javax.persistence.jdbc.driver=org.postgresql.Driver, hibernate.hbm2ddl.auto=update, user.script=, sun.management.compiler=HotSpot 64-Bit Tiered Compilers, java.runtime.version=17.0.7+7, user.name=total, path.separator=;, hibernate.connection.username=****, os.version=10.0, java.runtime.name=OpenJDK Runtime Environment, hibernate.connection.url=jdbc:postgresql://localhost:5432/BuildWeek, file.encoding=UTF-8, hibernate.ejb.persistenceUnitName=BuildWeek_4, java.vm.name=OpenJDK 64-Bit Server VM, java.vendor.version=Temurin-17.0.7+7, hibernate.connection.driver_class=org.postgresql.Driver, java.vendor.url.bug=https://github.com/adoptium/adoptium-support/issues, java.io.tmpdir=C:\Users\total\AppData\Local\Temp\, java.version=17.0.7, user.dir=C:\Users\total\Desktop\All\Epicode\fs0223-Luca-Sernicola-BackEnd\BuildWeek_4, os.arch=amd64, java.vm.specification.name=Java Virtual Machine Specification, hibernate.connection.password=****, sun.os.patch.level=, jakarta.persistence.jdbc.url=jdbc:postgresql://localhost:5432/BuildWeek, hibernate.boot.CfgXmlAccessService.key=org.hibernate.boot.registry.StandardServiceRegistryBuilder$1@3872bc37, native.encoding=Cp1252, java.library.path=C:\Users\total\.p2\pool\plugins\org.eclipse.justj.openjdk.hotspot.jre.full.win32.x86_64_17.0.7.v20230425-1502\jre\bin;C:\windows\Sun\Java\bin;C:\windows\system32;C:\windows;C:/Users/total/.p2/pool/plugins/org.eclipse.justj.openjdk.hotspot.jre.full.win32.x86_64_17.0.7.v20230425-1502/jre/bin/server;C:/Users/total/.p2/pool/plugins/org.eclipse.justj.openjdk.hotspot.jre.full.win32.x86_64_17.0.7.v20230425-1502/jre/bin;C:\Program Files\Eclipse Adoptium\jdk-17.0.7.7-hotspot\bin;C:\Program Files (x86)\NVIDIA Corporation\PhysX\Common;C:\windows\system32;C:\windows;C:\windows\System32\Wbem;C:\windows\System32\WindowsPowerShell\v1.0\;C:\windows\System32\OpenSSH\;C:\Program Files\Git\cmd;C:\Program Files\nodejs\;C:\Users\total\AppData\Local\Microsoft\WindowsApps;C:\Users\total\AppData\Local\Programs\Microsoft VS Code\bin;C:\Users\total\AppData\Roaming\npm;C:\Users\total\AppData\Local\GitHubDesktop\bin;C:\windows\System32;;., java.vendor=Eclipse Adoptium, java.vm.info=mixed mode, java.vm.version=17.0.7+7, hibernate.bytecode.use_reflection_optimizer=false, sun.io.unicode.encoding=UnicodeLittle, javax.persistence.jdbc.password=****, java.class.version=61.0}
12:56:44.727 [main] DEBUG o.h.secure.spi.JaccIntegrator - Skipping JACC integration as it was not enabled
12:56:44.731 [main] DEBUG org.hibernate.type.EnumType - Using ORDINAL-based conversion for Enum Enums.Validity
12:56:44.732 [main] DEBUG o.h.internal.SessionFactoryImpl - Instantiated session factory
12:56:44.732 [main] DEBUG o.h.type.spi.TypeConfiguration$Scope - Scoping TypeConfiguration [org.hibernate.type.spi.TypeConfiguration@66bfd864] to SessionFactoryImpl [org.hibernate.internal.SessionFactoryImpl@7a7cc52c]
12:56:44.765 [main] DEBUG o.h.b.internal.ClassLoaderAccessImpl - Not known whether passed class name [Abstract.TicketSeller] is safe
12:56:44.765 [main] DEBUG o.h.b.internal.ClassLoaderAccessImpl - No temp ClassLoader provided; using live ClassLoader for loading potentially unsafe class : Abstract.TicketSeller
12:56:44.768 [main] DEBUG o.h.b.internal.ClassLoaderAccessImpl - Not known whether passed class name [Classes.Shop] is safe
12:56:44.768 [main] DEBUG o.h.b.internal.ClassLoaderAccessImpl - No temp ClassLoader provided; using live ClassLoader for loading potentially unsafe class : Classes.Shop
12:56:44.768 [main] DEBUG o.h.b.internal.ClassLoaderAccessImpl - Not known whether passed class name [Classes.VendingMachine] is safe
12:56:44.768 [main] DEBUG o.h.b.internal.ClassLoaderAccessImpl - No temp ClassLoader provided; using live ClassLoader for loading potentially unsafe class : Classes.VendingMachine
12:56:44.873 [main] DEBUG o.hibernate.orm.bytecode.interceptor - To-one property `Classes.Card#person` was mapped with LAZY + NO_PROXY but the class was not enhanced
12:56:44.874 [main] DEBUG o.hibernate.orm.bytecode.interceptor - To-one property `Classes.Card#person` was mapped with LAZY + NO_PROXY but the class was not enhanced
12:56:44.874 [main] DEBUG o.h.b.internal.ClassLoaderAccessImpl - Not known whether passed class name [Classes.Card] is safe
12:56:44.874 [main] DEBUG o.h.b.internal.ClassLoaderAccessImpl - No temp ClassLoader provided; using live ClassLoader for loading potentially unsafe class : Classes.Card
12:56:44.882 [main] DEBUG o.hibernate.orm.bytecode.interceptor - To-one property `Classes.Card#person` was mapped with LAZY + NO_PROXY but the class was not enhanced
12:56:44.882 [main] DEBUG o.hibernate.orm.bytecode.interceptor - To-one property `Classes.Card#person` was mapped with LAZY + NO_PROXY but the class was not enhanced
12:56:44.883 [main] DEBUG o.hibernate.orm.bytecode.interceptor - To-one property `Classes.Person#cardNum` was mapped with LAZY + NO_PROXY but the class was not enhanced
12:56:44.883 [main] DEBUG o.hibernate.orm.bytecode.interceptor - To-one property `Classes.Person#cardNum` was mapped with LAZY + NO_PROXY but the class was not enhanced
12:56:44.883 [main] DEBUG o.h.b.internal.ClassLoaderAccessImpl - Not known whether passed class name [Classes.Person] is safe
12:56:44.883 [main] DEBUG o.h.b.internal.ClassLoaderAccessImpl - No temp ClassLoader provided; using live ClassLoader for loading potentially unsafe class : Classes.Person
12:56:44.889 [main] DEBUG o.hibernate.orm.bytecode.interceptor - To-one property `Classes.Person#cardNum` was mapped with LAZY + NO_PROXY but the class was not enhanced
12:56:44.889 [main] DEBUG o.hibernate.orm.bytecode.interceptor - To-one property `Classes.Person#cardNum` was mapped with LAZY + NO_PROXY but the class was not enhanced
12:56:44.890 [main] DEBUG o.hibernate.orm.bytecode.interceptor - To-one property `Classes.Ticket#seller` was mapped with LAZY + NO_PROXY but the class was not enhanced
12:56:44.890 [main] DEBUG o.hibernate.orm.bytecode.interceptor - To-one property `Classes.Ticket#seller` was mapped with LAZY + NO_PROXY but the class was not enhanced
12:56:44.890 [main] DEBUG o.hibernate.orm.bytecode.interceptor - To-one property `Classes.Pass#person` was mapped with LAZY + NO_PROXY but the class was not enhanced
12:56:44.890 [main] DEBUG o.hibernate.orm.bytecode.interceptor - To-one property `Classes.Pass#person` was mapped with LAZY + NO_PROXY but the class was not enhanced
12:56:44.890 [main] DEBUG o.hibernate.orm.bytecode.interceptor - To-one property `Classes.Pass#sellers` was mapped with LAZY + NO_PROXY but the class was not enhanced
12:56:44.890 [main] DEBUG o.hibernate.orm.bytecode.interceptor - To-one property `Classes.Pass#sellers` was mapped with LAZY + NO_PROXY but the class was not enhanced
12:56:44.890 [main] DEBUG o.h.b.internal.ClassLoaderAccessImpl - Not known whether passed class name [Classes.Pass] is safe
12:56:44.890 [main] DEBUG o.h.b.internal.ClassLoaderAccessImpl - No temp ClassLoader provided; using live ClassLoader for loading potentially unsafe class : Classes.Pass
12:56:44.895 [main] DEBUG o.hibernate.orm.bytecode.interceptor - To-one property `Classes.Ticket#seller` was mapped with LAZY + NO_PROXY but the class was not enhanced
12:56:44.896 [main] DEBUG o.hibernate.orm.bytecode.interceptor - To-one property `Classes.Pass#person` was mapped with LAZY + NO_PROXY but the class was not enhanced
12:56:44.896 [main] DEBUG o.hibernate.orm.bytecode.interceptor - To-one property `Classes.Pass#sellers` was mapped with LAZY + NO_PROXY but the class was not enhanced
12:56:44.896 [main] DEBUG o.hibernate.orm.bytecode.interceptor - To-one property `Classes.Ticket#seller` was mapped with LAZY + NO_PROXY but the class was not enhanced
12:56:44.896 [main] DEBUG o.hibernate.orm.bytecode.interceptor - To-one property `Classes.Pass#person` was mapped with LAZY + NO_PROXY but the class was not enhanced
12:56:44.896 [main] DEBUG o.hibernate.orm.bytecode.interceptor - To-one property `Classes.Pass#sellers` was mapped with LAZY + NO_PROXY but the class was not enhanced
12:56:44.900 [main] DEBUG o.hibernate.orm.bytecode.interceptor - To-one property `Classes.Ticket#seller` was mapped with LAZY + NO_PROXY but the class was not enhanced
12:56:44.900 [main] DEBUG o.hibernate.orm.bytecode.interceptor - To-one property `Classes.Ticket#seller` was mapped with LAZY + NO_PROXY but the class was not enhanced
12:56:44.900 [main] DEBUG o.h.b.internal.ClassLoaderAccessImpl - Not known whether passed class name [Classes.Ticket] is safe
12:56:44.900 [main] DEBUG o.h.b.internal.ClassLoaderAccessImpl - No temp ClassLoader provided; using live ClassLoader for loading potentially unsafe class : Classes.Ticket
12:56:44.905 [main] DEBUG o.hibernate.orm.bytecode.interceptor - To-one property `Classes.Ticket#seller` was mapped with LAZY + NO_PROXY but the class was not enhanced
12:56:44.905 [main] DEBUG o.hibernate.orm.bytecode.interceptor - To-one property `Classes.Ticket#seller` was mapped with LAZY + NO_PROXY but the class was not enhanced
12:56:44.905 [main] DEBUG o.hibernate.orm.bytecode.interceptor - To-one property `Classes.Pass#person` was mapped with LAZY + NO_PROXY but the class was not enhanced
12:56:44.905 [main] DEBUG o.hibernate.orm.bytecode.interceptor - To-one property `Classes.Pass#sellers` was mapped with LAZY + NO_PROXY but the class was not enhanced
12:56:44.917 [main] DEBUG o.h.p.c.AbstractCollectionPersister - Static SQL for collection: Abstract.TicketSeller.tickets
12:56:44.917 [main] DEBUG o.h.p.c.AbstractCollectionPersister -  Row insert: insert into TicketSeller_Ticket (TicketSeller_id, tickets_id) values (?, ?)
12:56:44.917 [main] DEBUG o.h.p.c.AbstractCollectionPersister -  Row update: update TicketSeller_Ticket set tickets_id=? where TicketSeller_id=? and tickets_id=?
12:56:44.917 [main] DEBUG o.h.p.c.AbstractCollectionPersister -  Row delete: delete from TicketSeller_Ticket where TicketSeller_id=? and tickets_id=?
12:56:44.917 [main] DEBUG o.h.p.c.AbstractCollectionPersister -  One-shot delete: delete from TicketSeller_Ticket where TicketSeller_id=?
12:56:44.917 [main] DEBUG o.h.p.c.AbstractCollectionPersister - Static SQL for collection: Abstract.TicketSeller.passes
12:56:44.917 [main] DEBUG o.h.p.c.AbstractCollectionPersister -  Row insert: insert into TicketSeller_Ticket (TicketSeller_id, passes_id) values (?, ?)
12:56:44.917 [main] DEBUG o.h.p.c.AbstractCollectionPersister -  Row update: update TicketSeller_Ticket set passes_id=? where TicketSeller_id=? and passes_id=?
12:56:44.917 [main] DEBUG o.h.p.c.AbstractCollectionPersister -  Row delete: delete from TicketSeller_Ticket where TicketSeller_id=? and passes_id=?
12:56:44.917 [main] DEBUG o.h.p.c.AbstractCollectionPersister -  One-shot delete: delete from TicketSeller_Ticket where TicketSeller_id=?
12:56:44.918 [main] DEBUG o.h.p.c.AbstractCollectionPersister - Static SQL for collection: Classes.Shop.people
12:56:44.918 [main] DEBUG o.h.p.c.AbstractCollectionPersister -  Row insert: insert into TicketSeller_Person (Shop_id, people_id) values (?, ?)
12:56:44.918 [main] DEBUG o.h.p.c.AbstractCollectionPersister -  Row update: update TicketSeller_Person set people_id=? where Shop_id=? and people_id=?
12:56:44.918 [main] DEBUG o.h.p.c.AbstractCollectionPersister -  Row delete: delete from TicketSeller_Person where Shop_id=? and people_id=?
12:56:44.918 [main] DEBUG o.h.p.c.AbstractCollectionPersister -  One-shot delete: delete from TicketSeller_Person where Shop_id=?
12:56:44.920 [main] DEBUG o.h.p.entity.AbstractEntityPersister - Static SQL for entity: Abstract.TicketSeller
12:56:44.920 [main] DEBUG o.h.p.entity.AbstractEntityPersister -  Version select: select id from TicketSeller where id =?
12:56:44.920 [main] DEBUG o.h.p.entity.AbstractEntityPersister -  Snapshot select: select ticketsell_.id, ticketsell_.seller_name as seller_n3_3_ from TicketSeller ticketsell_ where ticketsell_.id=?
12:56:44.920 [main] DEBUG o.h.p.entity.AbstractEntityPersister -  Insert 0: insert into TicketSeller (seller_name, type, id) values (?, 'TicketSeller', ?)
12:56:44.920 [main] DEBUG o.h.p.entity.AbstractEntityPersister -  Update 0: update TicketSeller set seller_name=? where id=?
12:56:44.920 [main] DEBUG o.h.p.entity.AbstractEntityPersister -  Delete 0: delete from TicketSeller where id=?
12:56:44.931 [main] DEBUG o.h.l.p.b.i.spaces.QuerySpacesImpl - Adding QuerySpace : uid = <gen:0> -> org.hibernate.loader.plan.build.internal.spaces.EntityQuerySpaceImpl@6f1b8544]
12:56:44.932 [main] DEBUG o.h.p.w.spi.MetamodelGraphWalker - Visiting attribute path : name
12:56:44.932 [main] DEBUG o.h.p.w.spi.MetamodelGraphWalker - Visiting attribute path : passes
12:56:44.933 [main] DEBUG o.h.l.p.b.i.spaces.QuerySpacesImpl - Adding QuerySpace : uid = <gen:1> -> org.hibernate.loader.plan.build.internal.spaces.CollectionQuerySpaceImpl@b46e103]
12:56:44.934 [main] DEBUG o.h.l.p.b.i.spaces.QuerySpacesImpl - Adding QuerySpace : uid = <gen:2> -> org.hibernate.loader.plan.build.internal.spaces.EntityQuerySpaceImpl@4a2e7bcb]
12:56:44.934 [main] DEBUG o.h.p.w.spi.MetamodelGraphWalker - Visiting attribute path : tickets
12:56:44.934 [main] DEBUG o.h.l.p.b.i.spaces.QuerySpacesImpl - Adding QuerySpace : uid = <gen:3> -> org.hibernate.loader.plan.build.internal.spaces.CollectionQuerySpaceImpl@7c1447b5]
12:56:44.934 [main] DEBUG o.h.l.p.b.i.spaces.QuerySpacesImpl - Adding QuerySpace : uid = <gen:4> -> org.hibernate.loader.plan.build.internal.spaces.EntityQuerySpaceImpl@49e4c2d5]
12:56:44.934 [main] DEBUG o.h.p.w.spi.MetamodelGraphWalker - Visiting attribute path : people
12:56:44.934 [main] DEBUG o.h.l.p.b.i.spaces.QuerySpacesImpl - Adding QuerySpace : uid = <gen:5> -> org.hibernate.loader.plan.build.internal.spaces.CollectionQuerySpaceImpl@24a2e565]
12:56:44.934 [main] DEBUG o.h.l.p.b.i.spaces.QuerySpacesImpl - Adding QuerySpace : uid = <gen:6> -> org.hibernate.loader.plan.build.internal.spaces.EntityQuerySpaceImpl@3e36b7a0]
12:56:44.934 [main] DEBUG o.h.p.w.spi.MetamodelGraphWalker - Visiting attribute path : isWorking
12:56:44.934 [main] DEBUG o.h.l.p.b.i.FetchStyleLoadPlanBuildingAssociationVisitationStrategy - Building LoadPlan...
12:56:44.939 [main] DEBUG o.h.l.p.e.i.LoadQueryJoinAndFetchProcessor - processing queryspace <gen:0>
12:56:44.941 [main] DEBUG o.h.l.p.b.spi.LoadPlanTreePrinter - LoadPlan(entity=Abstract.TicketSeller)
    - Returns
       - EntityReturnImpl(entity=Abstract.TicketSeller, querySpaceUid=<gen:0>, path=Abstract.TicketSeller)
          - CollectionAttributeFetchImpl(collection=Abstract.TicketSeller.passes, querySpaceUid=<gen:1>, path=Abstract.TicketSeller.passes)
             - (collection element) CollectionFetchableElementEntityGraph(entity=Classes.Pass, querySpaceUid=<gen:2>, path=Abstract.TicketSeller.passes.<elements>)
          - CollectionAttributeFetchImpl(collection=Abstract.TicketSeller.tickets, querySpaceUid=<gen:3>, path=Abstract.TicketSeller.tickets)
             - (collection element) CollectionFetchableElementEntityGraph(entity=Classes.Ticket, querySpaceUid=<gen:4>, path=Abstract.TicketSeller.tickets.<elements>)
          - CollectionAttributeFetchImpl(collection=Classes.Shop.people, querySpaceUid=<gen:5>, path=Abstract.TicketSeller.people)
             - (collection element) CollectionFetchableElementEntityGraph(entity=Classes.Person, querySpaceUid=<gen:6>, path=Abstract.TicketSeller.people.<elements>)
    - QuerySpaces
       - EntityQuerySpaceImpl(uid=<gen:0>, entity=Abstract.TicketSeller)
          - SQL table alias mapping - ticketsell0_
          - alias suffix - 0_
          - suffixed key columns - {id2_3_0_}

12:56:44.942 [main] DEBUG o.h.loader.entity.plan.EntityLoader - Static select for entity Abstract.TicketSeller [NONE]: select ticketsell0_.id as id2_3_0_, ticketsell0_.seller_name as seller_n3_3_0_, ticketsell0_.isWorking as isworkin4_3_0_, ticketsell0_.type as type1_3_0_ from TicketSeller ticketsell0_ where ticketsell0_.id=?
12:56:44.943 [main] DEBUG o.h.p.entity.AbstractEntityPersister - Static SQL for entity: Classes.Card
12:56:44.943 [main] DEBUG o.h.p.entity.AbstractEntityPersister -  Version select: select id from Card where id =?
12:56:44.943 [main] DEBUG o.h.p.entity.AbstractEntityPersister -  Snapshot select: select card_.id, card_.emissionDate as emission2_0_, card_.expirationDate as expirati3_0_ from Card card_ where card_.id=?
12:56:44.943 [main] DEBUG o.h.p.entity.AbstractEntityPersister -  Insert 0: insert into Card (emissionDate, expirationDate, id) values (?, ?, ?)
12:56:44.943 [main] DEBUG o.h.p.entity.AbstractEntityPersister -  Update 0: update Card set emissionDate=?, expirationDate=? where id=?
12:56:44.943 [main] DEBUG o.h.p.entity.AbstractEntityPersister -  Delete 0: delete from Card where id=?
12:56:44.943 [main] DEBUG o.h.p.entity.AbstractEntityPersister -  Identity insert: insert into Card (emissionDate, expirationDate) values (?, ?)
12:56:44.943 [main] DEBUG o.h.l.p.b.i.spaces.QuerySpacesImpl - Adding QuerySpace : uid = <gen:0> -> org.hibernate.loader.plan.build.internal.spaces.EntityQuerySpaceImpl@1823b9c4]
12:56:44.943 [main] DEBUG o.h.p.w.spi.MetamodelGraphWalker - Visiting attribute path : emissionDate
12:56:44.943 [main] DEBUG o.h.p.w.spi.MetamodelGraphWalker - Visiting attribute path : expirationDate
12:56:44.943 [main] DEBUG o.h.p.w.spi.MetamodelGraphWalker - Visiting attribute path : person
12:56:44.943 [main] DEBUG o.h.l.p.b.i.spaces.QuerySpacesImpl - Adding QuerySpace : uid = <gen:1> -> org.hibernate.loader.plan.build.internal.spaces.EntityQuerySpaceImpl@7f4701b1]
12:56:44.943 [main] DEBUG o.h.p.w.spi.MetamodelGraphWalker - Visiting attribute path : person.birthdate
12:56:44.943 [main] DEBUG o.h.p.w.spi.MetamodelGraphWalker - Visiting attribute path : person.cardNum
12:56:44.943 [main] DEBUG o.h.p.w.spi.MetamodelGraphWalker - Property path deemed to be circular : person.cardNum
12:56:44.944 [main] DEBUG o.h.p.w.spi.MetamodelGraphWalker - Visiting attribute path : person.firstName
12:56:44.944 [main] DEBUG o.h.p.w.spi.MetamodelGraphWalker - Visiting attribute path : person.lastName
12:56:44.944 [main] DEBUG o.h.l.p.b.i.FetchStyleLoadPlanBuildingAssociationVisitationStrategy - Building LoadPlan...
12:56:44.944 [main] DEBUG o.h.l.p.e.i.LoadQueryJoinAndFetchProcessor - processing queryspace <gen:0>
12:56:44.944 [main] DEBUG o.h.l.p.b.spi.LoadPlanTreePrinter - LoadPlan(entity=Classes.Card)
    - Returns
       - EntityReturnImpl(entity=Classes.Card, querySpaceUid=<gen:0>, path=Classes.Card)
          - EntityAttributeFetchImpl(entity=Classes.Person, querySpaceUid=<gen:1>, path=Classes.Card.person)
    - QuerySpaces
       - EntityQuerySpaceImpl(uid=<gen:0>, entity=Classes.Card)
          - SQL table alias mapping - card0_
          - alias suffix - 0_
          - suffixed key columns - {id1_0_0_}
          - JOIN (JoinDefinedByMetadata(person)) : <gen:0> -> <gen:1>
             - EntityQuerySpaceImpl(uid=<gen:1>, entity=Classes.Person)
                - SQL table alias mapping - person1_
                - alias suffix - 1_
                - suffixed key columns - {id1_1_1_}

12:56:44.944 [main] DEBUG o.h.loader.entity.plan.EntityLoader - Static select for entity Classes.Card [NONE]: select card0_.id as id1_0_0_, card0_.emissionDate as emission2_0_0_, card0_.expirationDate as expirati3_0_0_, person1_.id as id1_1_1_, person1_.birthdate as birthdat2_1_1_, person1_.cardNum_id as cardnum_5_1_1_, person1_.firstName as firstnam3_1_1_, person1_.lastName as lastname4_1_1_ from Card card0_ left outer join Person person1_ on card0_.id=person1_.cardNum_id where card0_.id=?
12:56:44.944 [main] DEBUG o.h.p.entity.AbstractEntityPersister - Static SQL for entity: Classes.Person
12:56:44.944 [main] DEBUG o.h.p.entity.AbstractEntityPersister -  Version select: select id from Person where id =?
12:56:44.944 [main] DEBUG o.h.p.entity.AbstractEntityPersister -  Snapshot select: select person_.id, person_.birthdate as birthdat2_1_, person_.cardNum_id as cardnum_5_1_, person_.firstName as firstnam3_1_, person_.lastName as lastname4_1_ from Person person_ where person_.id=?
12:56:44.944 [main] DEBUG o.h.p.entity.AbstractEntityPersister -  Insert 0: insert into Person (birthdate, cardNum_id, firstName, lastName, id) values (?, ?, ?, ?, ?)
12:56:44.944 [main] DEBUG o.h.p.entity.AbstractEntityPersister -  Update 0: update Person set birthdate=?, cardNum_id=?, firstName=?, lastName=? where id=?
12:56:44.945 [main] DEBUG o.h.p.entity.AbstractEntityPersister -  Delete 0: delete from Person where id=?
12:56:44.945 [main] DEBUG o.h.p.entity.AbstractEntityPersister -  Identity insert: insert into Person (birthdate, cardNum_id, firstName, lastName) values (?, ?, ?, ?)
12:56:44.945 [main] DEBUG o.h.l.p.b.i.spaces.QuerySpacesImpl - Adding QuerySpace : uid = <gen:0> -> org.hibernate.loader.plan.build.internal.spaces.EntityQuerySpaceImpl@46039a21]
12:56:44.945 [main] DEBUG o.h.p.w.spi.MetamodelGraphWalker - Visiting attribute path : birthdate
12:56:44.945 [main] DEBUG o.h.p.w.spi.MetamodelGraphWalker - Visiting attribute path : cardNum
12:56:44.945 [main] DEBUG o.h.l.p.b.i.spaces.QuerySpacesImpl - Adding QuerySpace : uid = <gen:1> -> org.hibernate.loader.plan.build.internal.spaces.EntityQuerySpaceImpl@35c4e864]
12:56:44.945 [main] DEBUG o.h.p.w.spi.MetamodelGraphWalker - Visiting attribute path : cardNum.emissionDate
12:56:44.945 [main] DEBUG o.h.p.w.spi.MetamodelGraphWalker - Visiting attribute path : cardNum.expirationDate
12:56:44.945 [main] DEBUG o.h.p.w.spi.MetamodelGraphWalker - Visiting attribute path : cardNum.person
12:56:44.945 [main] DEBUG o.h.p.w.spi.MetamodelGraphWalker - Property path deemed to be circular : cardNum.person
12:56:44.945 [main] DEBUG o.h.p.w.spi.MetamodelGraphWalker - Visiting attribute path : firstName
12:56:44.945 [main] DEBUG o.h.p.w.spi.MetamodelGraphWalker - Visiting attribute path : lastName
12:56:44.945 [main] DEBUG o.h.l.p.b.i.FetchStyleLoadPlanBuildingAssociationVisitationStrategy - Building LoadPlan...
12:56:44.945 [main] DEBUG o.h.l.p.e.i.LoadQueryJoinAndFetchProcessor - processing queryspace <gen:0>
12:56:44.945 [main] DEBUG o.h.l.p.b.spi.LoadPlanTreePrinter - LoadPlan(entity=Classes.Person)
    - Returns
       - EntityReturnImpl(entity=Classes.Person, querySpaceUid=<gen:0>, path=Classes.Person)
          - EntityAttributeFetchImpl(entity=Classes.Card, querySpaceUid=<gen:1>, path=Classes.Person.cardNum)
    - QuerySpaces
       - EntityQuerySpaceImpl(uid=<gen:0>, entity=Classes.Person)
          - SQL table alias mapping - person0_
          - alias suffix - 0_
          - suffixed key columns - {id1_1_0_}
          - JOIN (JoinDefinedByMetadata(cardNum)) : <gen:0> -> <gen:1>
             - EntityQuerySpaceImpl(uid=<gen:1>, entity=Classes.Card)
                - SQL table alias mapping - card1_
                - alias suffix - 1_
                - suffixed key columns - {id1_0_1_}

12:56:44.945 [main] DEBUG o.h.loader.entity.plan.EntityLoader - Static select for entity Classes.Person [NONE]: select person0_.id as id1_1_0_, person0_.birthdate as birthdat2_1_0_, person0_.cardNum_id as cardnum_5_1_0_, person0_.firstName as firstnam3_1_0_, person0_.lastName as lastname4_1_0_, card1_.id as id1_0_1_, card1_.emissionDate as emission2_0_1_, card1_.expirationDate as expirati3_0_1_ from Person person0_ left outer join Card card1_ on person0_.cardNum_id=card1_.id where person0_.id=?
12:56:44.950 [main] DEBUG org.hibernate.loader.Loader - Static select for entity Classes.Person [NONE]: select person0_.id as id1_1_1_, person0_.birthdate as birthdat2_1_1_, person0_.cardNum_id as cardnum_5_1_1_, person0_.firstName as firstnam3_1_1_, person0_.lastName as lastname4_1_1_, card1_.id as id1_0_0_, card1_.emissionDate as emission2_0_0_, card1_.expirationDate as expirati3_0_0_ from Person person0_ left outer join Card card1_ on person0_.cardNum_id=card1_.id where person0_.cardNum_id=?
12:56:44.950 [main] DEBUG o.h.p.entity.AbstractEntityPersister - Static SQL for entity: Classes.Pass
12:56:44.950 [main] DEBUG o.h.p.entity.AbstractEntityPersister -  Version select: select id from Ticket where id =?
12:56:44.950 [main] DEBUG o.h.p.entity.AbstractEntityPersister -  Snapshot select: select pass_.id, pass_.seller_id as seller_i4_2_, pass_.person_id as person_i5_2_, pass_.sellers_id as sellers_6_2_, pass_.validity as validity3_2_ from Ticket pass_ where pass_.id=?
12:56:44.950 [main] DEBUG o.h.p.entity.AbstractEntityPersister -  Insert 0: insert into Ticket (seller_id, person_id, sellers_id, validity, DTYPE, id) values (?, ?, ?, ?, 'Pass', ?)
12:56:44.950 [main] DEBUG o.h.p.entity.AbstractEntityPersister -  Update 0: update Ticket set seller_id=?, person_id=?, sellers_id=?, validity=? where id=?
12:56:44.950 [main] DEBUG o.h.p.entity.AbstractEntityPersister -  Delete 0: delete from Ticket where id=?
12:56:44.950 [main] DEBUG o.h.p.entity.AbstractEntityPersister -  Identity insert: insert into Ticket (seller_id, person_id, sellers_id, validity, DTYPE) values (?, ?, ?, ?, 'Pass')
12:56:44.950 [main] DEBUG o.h.l.p.b.i.spaces.QuerySpacesImpl - Adding QuerySpace : uid = <gen:0> -> org.hibernate.loader.plan.build.internal.spaces.EntityQuerySpaceImpl@d3f4505]
12:56:44.950 [main] DEBUG o.h.p.w.spi.MetamodelGraphWalker - Visiting attribute path : seller
12:56:44.950 [main] DEBUG o.h.l.p.b.i.spaces.QuerySpacesImpl - Adding QuerySpace : uid = <gen:1> -> org.hibernate.loader.plan.build.internal.spaces.EntityQuerySpaceImpl@7fd987ef]
12:56:44.950 [main] DEBUG o.h.p.w.spi.MetamodelGraphWalker - Visiting attribute path : seller.name
12:56:44.950 [main] DEBUG o.h.p.w.spi.MetamodelGraphWalker - Visiting attribute path : seller.passes
12:56:44.950 [main] DEBUG o.h.l.p.b.i.spaces.QuerySpacesImpl - Adding QuerySpace : uid = <gen:2> -> org.hibernate.loader.plan.build.internal.spaces.CollectionQuerySpaceImpl@5e99b9c]
12:56:44.950 [main] DEBUG o.h.l.p.b.i.spaces.QuerySpacesImpl - Adding QuerySpace : uid = <gen:3> -> org.hibernate.loader.plan.build.internal.spaces.EntityQuerySpaceImpl@2fe74516]
12:56:44.950 [main] DEBUG o.h.p.w.spi.MetamodelGraphWalker - Visiting attribute path : seller.tickets
12:56:44.950 [main] DEBUG o.h.l.p.b.i.spaces.QuerySpacesImpl - Adding QuerySpace : uid = <gen:4> -> org.hibernate.loader.plan.build.internal.spaces.CollectionQuerySpaceImpl@1c3259fa]
12:56:44.950 [main] DEBUG o.h.l.p.b.i.spaces.QuerySpacesImpl - Adding QuerySpace : uid = <gen:5> -> org.hibernate.loader.plan.build.internal.spaces.EntityQuerySpaceImpl@217bf99e]
12:56:44.950 [main] DEBUG o.h.p.w.spi.MetamodelGraphWalker - Visiting attribute path : seller.people
12:56:44.950 [main] DEBUG o.h.l.p.b.i.spaces.QuerySpacesImpl - Adding QuerySpace : uid = <gen:6> -> org.hibernate.loader.plan.build.internal.spaces.CollectionQuerySpaceImpl@6807a356]
12:56:44.950 [main] DEBUG o.h.l.p.b.i.spaces.QuerySpacesImpl - Adding QuerySpace : uid = <gen:7> -> org.hibernate.loader.plan.build.internal.spaces.EntityQuerySpaceImpl@7ddd84b5]
12:56:44.950 [main] DEBUG o.h.p.w.spi.MetamodelGraphWalker - Visiting attribute path : seller.isWorking
12:56:44.950 [main] DEBUG o.h.p.w.spi.MetamodelGraphWalker - Visiting attribute path : person
12:56:44.950 [main] DEBUG o.h.l.p.b.i.spaces.QuerySpacesImpl - Adding QuerySpace : uid = <gen:8> -> org.hibernate.loader.plan.build.internal.spaces.EntityQuerySpaceImpl@73aeef7d]
12:56:44.950 [main] DEBUG o.h.p.w.spi.MetamodelGraphWalker - Visiting attribute path : person.birthdate
12:56:44.950 [main] DEBUG o.h.p.w.spi.MetamodelGraphWalker - Visiting attribute path : person.cardNum
12:56:44.951 [main] DEBUG o.h.l.p.b.i.spaces.QuerySpacesImpl - Adding QuerySpace : uid = <gen:9> -> org.hibernate.loader.plan.build.internal.spaces.EntityQuerySpaceImpl@58af5076]
12:56:44.951 [main] DEBUG o.h.p.w.spi.MetamodelGraphWalker - Visiting attribute path : person.cardNum.emissionDate
12:56:44.951 [main] DEBUG o.h.p.w.spi.MetamodelGraphWalker - Visiting attribute path : person.cardNum.expirationDate
12:56:44.951 [main] DEBUG o.h.p.w.spi.MetamodelGraphWalker - Visiting attribute path : person.cardNum.person
12:56:44.951 [main] DEBUG o.h.p.w.spi.MetamodelGraphWalker - Property path deemed to be circular : person.cardNum.person
12:56:44.951 [main] DEBUG o.h.p.w.spi.MetamodelGraphWalker - Visiting attribute path : person.firstName
12:56:44.951 [main] DEBUG o.h.p.w.spi.MetamodelGraphWalker - Visiting attribute path : person.lastName
12:56:44.951 [main] DEBUG o.h.p.w.spi.MetamodelGraphWalker - Visiting attribute path : sellers
12:56:44.951 [main] DEBUG o.h.l.p.b.i.spaces.QuerySpacesImpl - Adding QuerySpace : uid = <gen:10> -> org.hibernate.loader.plan.build.internal.spaces.EntityQuerySpaceImpl@4d9754a8]
12:56:44.951 [main] DEBUG o.h.p.w.spi.MetamodelGraphWalker - Visiting attribute path : sellers.name
12:56:44.951 [main] DEBUG o.h.p.w.spi.MetamodelGraphWalker - Visiting attribute path : sellers.passes
12:56:44.951 [main] DEBUG o.h.l.p.b.i.spaces.QuerySpacesImpl - Adding QuerySpace : uid = <gen:11> -> org.hibernate.loader.plan.build.internal.spaces.CollectionQuerySpaceImpl@58b5a2f3]
12:56:44.951 [main] DEBUG o.h.l.p.b.i.spaces.QuerySpacesImpl - Adding QuerySpace : uid = <gen:12> -> org.hibernate.loader.plan.build.internal.spaces.EntityQuerySpaceImpl@25f15f50]
12:56:44.951 [main] DEBUG o.h.p.w.spi.MetamodelGraphWalker - Visiting attribute path : sellers.tickets
12:56:44.951 [main] DEBUG o.h.l.p.b.i.spaces.QuerySpacesImpl - Adding QuerySpace : uid = <gen:13> -> org.hibernate.loader.plan.build.internal.spaces.CollectionQuerySpaceImpl@52b46d52]
12:56:44.951 [main] DEBUG o.h.l.p.b.i.spaces.QuerySpacesImpl - Adding QuerySpace : uid = <gen:14> -> org.hibernate.loader.plan.build.internal.spaces.EntityQuerySpaceImpl@7327a447]
12:56:44.951 [main] DEBUG o.h.p.w.spi.MetamodelGraphWalker - Visiting attribute path : sellers.people
12:56:44.951 [main] DEBUG o.h.l.p.b.i.spaces.QuerySpacesImpl - Adding QuerySpace : uid = <gen:15> -> org.hibernate.loader.plan.build.internal.spaces.CollectionQuerySpaceImpl@67022ea]
12:56:44.951 [main] DEBUG o.h.l.p.b.i.spaces.QuerySpacesImpl - Adding QuerySpace : uid = <gen:16> -> org.hibernate.loader.plan.build.internal.spaces.EntityQuerySpaceImpl@2954f6ab]
12:56:44.951 [main] DEBUG o.h.p.w.spi.MetamodelGraphWalker - Visiting attribute path : sellers.isWorking
12:56:44.951 [main] DEBUG o.h.p.w.spi.MetamodelGraphWalker - Visiting attribute path : validity
12:56:44.951 [main] DEBUG o.h.l.p.b.i.FetchStyleLoadPlanBuildingAssociationVisitationStrategy - Building LoadPlan...
12:56:44.951 [main] DEBUG o.h.l.p.e.i.LoadQueryJoinAndFetchProcessor - processing queryspace <gen:0>
12:56:44.952 [main] DEBUG o.h.l.p.b.spi.LoadPlanTreePrinter - LoadPlan(entity=Classes.Pass)
    - Returns
       - EntityReturnImpl(entity=Classes.Pass, querySpaceUid=<gen:0>, path=Classes.Pass)
          - EntityAttributeFetchImpl(entity=Abstract.TicketSeller, querySpaceUid=<gen:1>, path=Classes.Pass.seller)
             - CollectionAttributeFetchImpl(collection=Abstract.TicketSeller.passes, querySpaceUid=<gen:2>, path=Classes.Pass.seller.passes)
                - (collection element) CollectionFetchableElementEntityGraph(entity=Classes.Pass, querySpaceUid=<gen:3>, path=Classes.Pass.seller.passes.<elements>)
             - CollectionAttributeFetchImpl(collection=Abstract.TicketSeller.tickets, querySpaceUid=<gen:4>, path=Classes.Pass.seller.tickets)
                - (collection element) CollectionFetchableElementEntityGraph(entity=Classes.Ticket, querySpaceUid=<gen:5>, path=Classes.Pass.seller.tickets.<elements>)
             - CollectionAttributeFetchImpl(collection=Classes.Shop.people, querySpaceUid=<gen:6>, path=Classes.Pass.seller.people)
                - (collection element) CollectionFetchableElementEntityGraph(entity=Classes.Person, querySpaceUid=<gen:7>, path=Classes.Pass.seller.people.<elements>)
          - EntityAttributeFetchImpl(entity=Classes.Person, querySpaceUid=<gen:8>, path=Classes.Pass.person)
             - EntityAttributeFetchImpl(entity=Classes.Card, querySpaceUid=<gen:9>, path=Classes.Pass.person.cardNum)
          - EntityAttributeFetchImpl(entity=Abstract.TicketSeller, querySpaceUid=<gen:10>, path=Classes.Pass.sellers)
             - CollectionAttributeFetchImpl(collection=Abstract.TicketSeller.passes, querySpaceUid=<gen:11>, path=Classes.Pass.sellers.passes)
                - (collection element) CollectionFetchableElementEntityGraph(entity=Classes.Pass, querySpaceUid=<gen:12>, path=Classes.Pass.sellers.passes.<elements>)
             - CollectionAttributeFetchImpl(collection=Abstract.TicketSeller.tickets, querySpaceUid=<gen:13>, path=Classes.Pass.sellers.tickets)
                - (collection element) CollectionFetchableElementEntityGraph(entity=Classes.Ticket, querySpaceUid=<gen:14>, path=Classes.Pass.sellers.tickets.<elements>)
             - CollectionAttributeFetchImpl(collection=Classes.Shop.people, querySpaceUid=<gen:15>, path=Classes.Pass.sellers.people)
                - (collection element) CollectionFetchableElementEntityGraph(entity=Classes.Person, querySpaceUid=<gen:16>, path=Classes.Pass.sellers.people.<elements>)
    - QuerySpaces
       - EntityQuerySpaceImpl(uid=<gen:0>, entity=Classes.Pass)
          - SQL table alias mapping - pass0_
          - alias suffix - 0_
          - suffixed key columns - {id2_2_0_}
          - JOIN (JoinDefinedByMetadata(seller)) : <gen:0> -> <gen:1>
             - EntityQuerySpaceImpl(uid=<gen:1>, entity=Abstract.TicketSeller)
                - SQL table alias mapping - ticketsell1_
                - alias suffix - 1_
                - suffixed key columns - {id2_3_1_}
          - JOIN (JoinDefinedByMetadata(person)) : <gen:0> -> <gen:8>
             - EntityQuerySpaceImpl(uid=<gen:8>, entity=Classes.Person)
                - SQL table alias mapping - person2_
                - alias suffix - 2_
                - suffixed key columns - {id1_1_2_}
                - JOIN (JoinDefinedByMetadata(cardNum)) : <gen:8> -> <gen:9>
                   - EntityQuerySpaceImpl(uid=<gen:9>, entity=Classes.Card)
                      - SQL table alias mapping - card3_
                      - alias suffix - 3_
                      - suffixed key columns - {id1_0_3_}
          - JOIN (JoinDefinedByMetadata(sellers)) : <gen:0> -> <gen:10>
             - EntityQuerySpaceImpl(uid=<gen:10>, entity=Abstract.TicketSeller)
                - SQL table alias mapping - ticketsell4_
                - alias suffix - 4_
                - suffixed key columns - {id2_3_4_}

12:56:44.952 [main] DEBUG o.h.loader.entity.plan.EntityLoader - Static select for entity Classes.Pass [NONE]: select pass0_.id as id2_2_0_, pass0_.seller_id as seller_i4_2_0_, pass0_.person_id as person_i5_2_0_, pass0_.sellers_id as sellers_6_2_0_, pass0_.validity as validity3_2_0_, ticketsell1_.id as id2_3_1_, ticketsell1_.seller_name as seller_n3_3_1_, ticketsell1_.isWorking as isworkin4_3_1_, ticketsell1_.type as type1_3_1_, person2_.id as id1_1_2_, person2_.birthdate as birthdat2_1_2_, person2_.cardNum_id as cardnum_5_1_2_, person2_.firstName as firstnam3_1_2_, person2_.lastName as lastname4_1_2_, card3_.id as id1_0_3_, card3_.emissionDate as emission2_0_3_, card3_.expirationDate as expirati3_0_3_, ticketsell4_.id as id2_3_4_, ticketsell4_.seller_name as seller_n3_3_4_, ticketsell4_.isWorking as isworkin4_3_4_, ticketsell4_.type as type1_3_4_ from Ticket pass0_ left outer join TicketSeller ticketsell1_ on pass0_.seller_id=ticketsell1_.id left outer join Person person2_ on pass0_.person_id=person2_.id left outer join Card card3_ on person2_.cardNum_id=card3_.id left outer join TicketSeller ticketsell4_ on pass0_.sellers_id=ticketsell4_.id where pass0_.id=? and pass0_.DTYPE='Pass'
12:56:44.952 [main] DEBUG o.h.p.entity.AbstractEntityPersister - Static SQL for entity: Classes.Shop
12:56:44.952 [main] DEBUG o.h.p.entity.AbstractEntityPersister -  Version select: select id from TicketSeller where id =?
12:56:44.952 [main] DEBUG o.h.p.entity.AbstractEntityPersister -  Snapshot select: select shop_.id, shop_.seller_name as seller_n3_3_ from TicketSeller shop_ where shop_.id=?
12:56:44.952 [main] DEBUG o.h.p.entity.AbstractEntityPersister -  Insert 0: insert into TicketSeller (seller_name, type, id) values (?, 'shop', ?)
12:56:44.952 [main] DEBUG o.h.p.entity.AbstractEntityPersister -  Update 0: update TicketSeller set seller_name=? where id=?
12:56:44.952 [main] DEBUG o.h.p.entity.AbstractEntityPersister -  Delete 0: delete from TicketSeller where id=?
12:56:44.952 [main] DEBUG o.h.l.p.b.i.spaces.QuerySpacesImpl - Adding QuerySpace : uid = <gen:0> -> org.hibernate.loader.plan.build.internal.spaces.EntityQuerySpaceImpl@58fbd02e]
12:56:44.952 [main] DEBUG o.h.p.w.spi.MetamodelGraphWalker - Visiting attribute path : name
12:56:44.952 [main] DEBUG o.h.p.w.spi.MetamodelGraphWalker - Visiting attribute path : passes
12:56:44.952 [main] DEBUG o.h.l.p.b.i.spaces.QuerySpacesImpl - Adding QuerySpace : uid = <gen:1> -> org.hibernate.loader.plan.build.internal.spaces.CollectionQuerySpaceImpl@11d045b4]
12:56:44.952 [main] DEBUG o.h.l.p.b.i.spaces.QuerySpacesImpl - Adding QuerySpace : uid = <gen:2> -> org.hibernate.loader.plan.build.internal.spaces.EntityQuerySpaceImpl@1fbf088b]
12:56:44.952 [main] DEBUG o.h.p.w.spi.MetamodelGraphWalker - Visiting attribute path : tickets
12:56:44.952 [main] DEBUG o.h.l.p.b.i.spaces.QuerySpacesImpl - Adding QuerySpace : uid = <gen:3> -> org.hibernate.loader.plan.build.internal.spaces.CollectionQuerySpaceImpl@1943c1f2]
12:56:44.952 [main] DEBUG o.h.l.p.b.i.spaces.QuerySpacesImpl - Adding QuerySpace : uid = <gen:4> -> org.hibernate.loader.plan.build.internal.spaces.EntityQuerySpaceImpl@d70f722]
12:56:44.952 [main] DEBUG o.h.p.w.spi.MetamodelGraphWalker - Visiting attribute path : people
12:56:44.952 [main] DEBUG o.h.l.p.b.i.spaces.QuerySpacesImpl - Adding QuerySpace : uid = <gen:5> -> org.hibernate.loader.plan.build.internal.spaces.CollectionQuerySpaceImpl@1e1eeedd]
12:56:44.952 [main] DEBUG o.h.l.p.b.i.spaces.QuerySpacesImpl - Adding QuerySpace : uid = <gen:6> -> org.hibernate.loader.plan.build.internal.spaces.EntityQuerySpaceImpl@798256c5]
12:56:44.952 [main] DEBUG o.h.l.p.b.i.FetchStyleLoadPlanBuildingAssociationVisitationStrategy - Building LoadPlan...
12:56:44.952 [main] DEBUG o.h.l.p.e.i.LoadQueryJoinAndFetchProcessor - processing queryspace <gen:0>
12:56:44.952 [main] DEBUG o.h.l.p.b.spi.LoadPlanTreePrinter - LoadPlan(entity=Classes.Shop)
    - Returns
       - EntityReturnImpl(entity=Classes.Shop, querySpaceUid=<gen:0>, path=Classes.Shop)
          - CollectionAttributeFetchImpl(collection=Abstract.TicketSeller.passes, querySpaceUid=<gen:1>, path=Classes.Shop.passes)
             - (collection element) CollectionFetchableElementEntityGraph(entity=Classes.Pass, querySpaceUid=<gen:2>, path=Classes.Shop.passes.<elements>)
          - CollectionAttributeFetchImpl(collection=Abstract.TicketSeller.tickets, querySpaceUid=<gen:3>, path=Classes.Shop.tickets)
             - (collection element) CollectionFetchableElementEntityGraph(entity=Classes.Ticket, querySpaceUid=<gen:4>, path=Classes.Shop.tickets.<elements>)
          - CollectionAttributeFetchImpl(collection=Classes.Shop.people, querySpaceUid=<gen:5>, path=Classes.Shop.people)
             - (collection element) CollectionFetchableElementEntityGraph(entity=Classes.Person, querySpaceUid=<gen:6>, path=Classes.Shop.people.<elements>)
    - QuerySpaces
       - EntityQuerySpaceImpl(uid=<gen:0>, entity=Classes.Shop)
          - SQL table alias mapping - shop0_
          - alias suffix - 0_
          - suffixed key columns - {id2_3_0_}

12:56:44.952 [main] DEBUG o.h.loader.entity.plan.EntityLoader - Static select for entity Classes.Shop [NONE]: select shop0_.id as id2_3_0_, shop0_.seller_name as seller_n3_3_0_ from TicketSeller shop0_ where shop0_.id=? and shop0_.type='shop'
12:56:44.953 [main] DEBUG o.h.p.entity.AbstractEntityPersister - Static SQL for entity: Classes.Ticket
12:56:44.953 [main] DEBUG o.h.p.entity.AbstractEntityPersister -  Version select: select id from Ticket where id =?
12:56:44.953 [main] DEBUG o.h.p.entity.AbstractEntityPersister -  Snapshot select: select ticket_.id, ticket_.seller_id as seller_i4_2_ from Ticket ticket_ where ticket_.id=?
12:56:44.953 [main] DEBUG o.h.p.entity.AbstractEntityPersister -  Insert 0: insert into Ticket (seller_id, DTYPE, id) values (?, 'Ticket', ?)
12:56:44.953 [main] DEBUG o.h.p.entity.AbstractEntityPersister -  Update 0: update Ticket set seller_id=? where id=?
12:56:44.953 [main] DEBUG o.h.p.entity.AbstractEntityPersister -  Delete 0: delete from Ticket where id=?
12:56:44.953 [main] DEBUG o.h.p.entity.AbstractEntityPersister -  Identity insert: insert into Ticket (seller_id, DTYPE) values (?, 'Ticket')
12:56:44.953 [main] DEBUG o.h.l.p.b.i.spaces.QuerySpacesImpl - Adding QuerySpace : uid = <gen:0> -> org.hibernate.loader.plan.build.internal.spaces.EntityQuerySpaceImpl@7ec95456]
12:56:44.953 [main] DEBUG o.h.p.w.spi.MetamodelGraphWalker - Visiting attribute path : seller
12:56:44.953 [main] DEBUG o.h.l.p.b.i.spaces.QuerySpacesImpl - Adding QuerySpace : uid = <gen:1> -> org.hibernate.loader.plan.build.internal.spaces.EntityQuerySpaceImpl@1d8b0500]
12:56:44.953 [main] DEBUG o.h.p.w.spi.MetamodelGraphWalker - Visiting attribute path : seller.name
12:56:44.953 [main] DEBUG o.h.p.w.spi.MetamodelGraphWalker - Visiting attribute path : seller.passes
12:56:44.953 [main] DEBUG o.h.l.p.b.i.spaces.QuerySpacesImpl - Adding QuerySpace : uid = <gen:2> -> org.hibernate.loader.plan.build.internal.spaces.CollectionQuerySpaceImpl@428bdd72]
12:56:44.953 [main] DEBUG o.h.l.p.b.i.spaces.QuerySpacesImpl - Adding QuerySpace : uid = <gen:3> -> org.hibernate.loader.plan.build.internal.spaces.EntityQuerySpaceImpl@650c405c]
12:56:44.953 [main] DEBUG o.h.p.w.spi.MetamodelGraphWalker - Visiting attribute path : seller.tickets
12:56:44.953 [main] DEBUG o.h.l.p.b.i.spaces.QuerySpacesImpl - Adding QuerySpace : uid = <gen:4> -> org.hibernate.loader.plan.build.internal.spaces.CollectionQuerySpaceImpl@20eaeaf8]
12:56:44.953 [main] DEBUG o.h.l.p.b.i.spaces.QuerySpacesImpl - Adding QuerySpace : uid = <gen:5> -> org.hibernate.loader.plan.build.internal.spaces.EntityQuerySpaceImpl@748ac6f3]
12:56:44.953 [main] DEBUG o.h.p.w.spi.MetamodelGraphWalker - Visiting attribute path : seller.people
12:56:44.953 [main] DEBUG o.h.l.p.b.i.spaces.QuerySpacesImpl - Adding QuerySpace : uid = <gen:6> -> org.hibernate.loader.plan.build.internal.spaces.CollectionQuerySpaceImpl@68f6e55d]
12:56:44.953 [main] DEBUG o.h.l.p.b.i.spaces.QuerySpacesImpl - Adding QuerySpace : uid = <gen:7> -> org.hibernate.loader.plan.build.internal.spaces.EntityQuerySpaceImpl@6fff46bf]
12:56:44.953 [main] DEBUG o.h.p.w.spi.MetamodelGraphWalker - Visiting attribute path : seller.isWorking
12:56:44.953 [main] DEBUG o.h.p.w.spi.MetamodelGraphWalker - Visiting attribute path : person
12:56:44.953 [main] DEBUG o.h.l.p.b.i.spaces.QuerySpacesImpl - Adding QuerySpace : uid = <gen:8> -> org.hibernate.loader.plan.build.internal.spaces.EntityQuerySpaceImpl@1835dc92]
12:56:44.953 [main] DEBUG o.h.p.w.spi.MetamodelGraphWalker - Visiting attribute path : person.birthdate
12:56:44.953 [main] DEBUG o.h.p.w.spi.MetamodelGraphWalker - Visiting attribute path : person.cardNum
12:56:44.953 [main] DEBUG o.h.l.p.b.i.spaces.QuerySpacesImpl - Adding QuerySpace : uid = <gen:9> -> org.hibernate.loader.plan.build.internal.spaces.EntityQuerySpaceImpl@65a9ea3c]
12:56:44.953 [main] DEBUG o.h.p.w.spi.MetamodelGraphWalker - Visiting attribute path : person.cardNum.emissionDate
12:56:44.953 [main] DEBUG o.h.p.w.spi.MetamodelGraphWalker - Visiting attribute path : person.cardNum.expirationDate
12:56:44.953 [main] DEBUG o.h.p.w.spi.MetamodelGraphWalker - Visiting attribute path : person.cardNum.person
12:56:44.953 [main] DEBUG o.h.p.w.spi.MetamodelGraphWalker - Property path deemed to be circular : person.cardNum.person
12:56:44.953 [main] DEBUG o.h.p.w.spi.MetamodelGraphWalker - Visiting attribute path : person.firstName
12:56:44.953 [main] DEBUG o.h.p.w.spi.MetamodelGraphWalker - Visiting attribute path : person.lastName
12:56:44.953 [main] DEBUG o.h.p.w.spi.MetamodelGraphWalker - Visiting attribute path : sellers
12:56:44.953 [main] DEBUG o.h.l.p.b.i.spaces.QuerySpacesImpl - Adding QuerySpace : uid = <gen:10> -> org.hibernate.loader.plan.build.internal.spaces.EntityQuerySpaceImpl@46911148]
12:56:44.953 [main] DEBUG o.h.p.w.spi.MetamodelGraphWalker - Visiting attribute path : sellers.name
12:56:44.953 [main] DEBUG o.h.p.w.spi.MetamodelGraphWalker - Visiting attribute path : sellers.passes
12:56:44.953 [main] DEBUG o.h.l.p.b.i.spaces.QuerySpacesImpl - Adding QuerySpace : uid = <gen:11> -> org.hibernate.loader.plan.build.internal.spaces.CollectionQuerySpaceImpl@7e351d7]
12:56:44.954 [main] DEBUG o.h.l.p.b.i.spaces.QuerySpacesImpl - Adding QuerySpace : uid = <gen:12> -> org.hibernate.loader.plan.build.internal.spaces.EntityQuerySpaceImpl@43c57161]
12:56:44.954 [main] DEBUG o.h.p.w.spi.MetamodelGraphWalker - Visiting attribute path : sellers.tickets
12:56:44.954 [main] DEBUG o.h.l.p.b.i.spaces.QuerySpacesImpl - Adding QuerySpace : uid = <gen:13> -> org.hibernate.loader.plan.build.internal.spaces.CollectionQuerySpaceImpl@d902300]
12:56:44.954 [main] DEBUG o.h.l.p.b.i.spaces.QuerySpacesImpl - Adding QuerySpace : uid = <gen:14> -> org.hibernate.loader.plan.build.internal.spaces.EntityQuerySpaceImpl@2db33feb]
12:56:44.954 [main] DEBUG o.h.p.w.spi.MetamodelGraphWalker - Visiting attribute path : sellers.people
12:56:44.954 [main] DEBUG o.h.l.p.b.i.spaces.QuerySpacesImpl - Adding QuerySpace : uid = <gen:15> -> org.hibernate.loader.plan.build.internal.spaces.CollectionQuerySpaceImpl@30c3ae63]
12:56:44.954 [main] DEBUG o.h.l.p.b.i.spaces.QuerySpacesImpl - Adding QuerySpace : uid = <gen:16> -> org.hibernate.loader.plan.build.internal.spaces.EntityQuerySpaceImpl@58658f63]
12:56:44.954 [main] DEBUG o.h.p.w.spi.MetamodelGraphWalker - Visiting attribute path : sellers.isWorking
12:56:44.954 [main] DEBUG o.h.p.w.spi.MetamodelGraphWalker - Visiting attribute path : validity
12:56:44.954 [main] DEBUG o.h.l.p.b.i.FetchStyleLoadPlanBuildingAssociationVisitationStrategy - Building LoadPlan...
12:56:44.954 [main] DEBUG o.h.l.p.e.i.LoadQueryJoinAndFetchProcessor - processing queryspace <gen:0>
12:56:44.954 [main] DEBUG o.h.l.p.b.spi.LoadPlanTreePrinter - LoadPlan(entity=Classes.Ticket)
    - Returns
       - EntityReturnImpl(entity=Classes.Ticket, querySpaceUid=<gen:0>, path=Classes.Ticket)
          - EntityAttributeFetchImpl(entity=Abstract.TicketSeller, querySpaceUid=<gen:1>, path=Classes.Ticket.seller)
             - CollectionAttributeFetchImpl(collection=Abstract.TicketSeller.passes, querySpaceUid=<gen:2>, path=Classes.Ticket.seller.passes)
                - (collection element) CollectionFetchableElementEntityGraph(entity=Classes.Pass, querySpaceUid=<gen:3>, path=Classes.Ticket.seller.passes.<elements>)
             - CollectionAttributeFetchImpl(collection=Abstract.TicketSeller.tickets, querySpaceUid=<gen:4>, path=Classes.Ticket.seller.tickets)
                - (collection element) CollectionFetchableElementEntityGraph(entity=Classes.Ticket, querySpaceUid=<gen:5>, path=Classes.Ticket.seller.tickets.<elements>)
             - CollectionAttributeFetchImpl(collection=Classes.Shop.people, querySpaceUid=<gen:6>, path=Classes.Ticket.seller.people)
                - (collection element) CollectionFetchableElementEntityGraph(entity=Classes.Person, querySpaceUid=<gen:7>, path=Classes.Ticket.seller.people.<elements>)
          - EntityAttributeFetchImpl(entity=Classes.Person, querySpaceUid=<gen:8>, path=Classes.Ticket.person)
             - EntityAttributeFetchImpl(entity=Classes.Card, querySpaceUid=<gen:9>, path=Classes.Ticket.person.cardNum)
          - EntityAttributeFetchImpl(entity=Abstract.TicketSeller, querySpaceUid=<gen:10>, path=Classes.Ticket.sellers)
             - CollectionAttributeFetchImpl(collection=Abstract.TicketSeller.passes, querySpaceUid=<gen:11>, path=Classes.Ticket.sellers.passes)
                - (collection element) CollectionFetchableElementEntityGraph(entity=Classes.Pass, querySpaceUid=<gen:12>, path=Classes.Ticket.sellers.passes.<elements>)
             - CollectionAttributeFetchImpl(collection=Abstract.TicketSeller.tickets, querySpaceUid=<gen:13>, path=Classes.Ticket.sellers.tickets)
                - (collection element) CollectionFetchableElementEntityGraph(entity=Classes.Ticket, querySpaceUid=<gen:14>, path=Classes.Ticket.sellers.tickets.<elements>)
             - CollectionAttributeFetchImpl(collection=Classes.Shop.people, querySpaceUid=<gen:15>, path=Classes.Ticket.sellers.people)
                - (collection element) CollectionFetchableElementEntityGraph(entity=Classes.Person, querySpaceUid=<gen:16>, path=Classes.Ticket.sellers.people.<elements>)
    - QuerySpaces
       - EntityQuerySpaceImpl(uid=<gen:0>, entity=Classes.Ticket)
          - SQL table alias mapping - ticket0_
          - alias suffix - 0_
          - suffixed key columns - {id2_2_0_}
          - JOIN (JoinDefinedByMetadata(seller)) : <gen:0> -> <gen:1>
             - EntityQuerySpaceImpl(uid=<gen:1>, entity=Abstract.TicketSeller)
                - SQL table alias mapping - ticketsell1_
                - alias suffix - 1_
                - suffixed key columns - {id2_3_1_}
          - JOIN (JoinDefinedByMetadata(person)) : <gen:0> -> <gen:8>
             - EntityQuerySpaceImpl(uid=<gen:8>, entity=Classes.Person)
                - SQL table alias mapping - person2_
                - alias suffix - 2_
                - suffixed key columns - {id1_1_2_}
                - JOIN (JoinDefinedByMetadata(cardNum)) : <gen:8> -> <gen:9>
                   - EntityQuerySpaceImpl(uid=<gen:9>, entity=Classes.Card)
                      - SQL table alias mapping - card3_
                      - alias suffix - 3_
                      - suffixed key columns - {id1_0_3_}
          - JOIN (JoinDefinedByMetadata(sellers)) : <gen:0> -> <gen:10>
             - EntityQuerySpaceImpl(uid=<gen:10>, entity=Abstract.TicketSeller)
                - SQL table alias mapping - ticketsell4_
                - alias suffix - 4_
                - suffixed key columns - {id2_3_4_}

12:56:44.954 [main] DEBUG o.h.loader.entity.plan.EntityLoader - Static select for entity Classes.Ticket [NONE]: select ticket0_.id as id2_2_0_, ticket0_.seller_id as seller_i4_2_0_, ticket0_.person_id as person_i5_2_0_, ticket0_.sellers_id as sellers_6_2_0_, ticket0_.validity as validity3_2_0_, ticket0_.DTYPE as dtype1_2_0_, ticketsell1_.id as id2_3_1_, ticketsell1_.seller_name as seller_n3_3_1_, ticketsell1_.isWorking as isworkin4_3_1_, ticketsell1_.type as type1_3_1_, person2_.id as id1_1_2_, person2_.birthdate as birthdat2_1_2_, person2_.cardNum_id as cardnum_5_1_2_, person2_.firstName as firstnam3_1_2_, person2_.lastName as lastname4_1_2_, card3_.id as id1_0_3_, card3_.emissionDate as emission2_0_3_, card3_.expirationDate as expirati3_0_3_, ticketsell4_.id as id2_3_4_, ticketsell4_.seller_name as seller_n3_3_4_, ticketsell4_.isWorking as isworkin4_3_4_, ticketsell4_.type as type1_3_4_ from Ticket ticket0_ left outer join TicketSeller ticketsell1_ on ticket0_.seller_id=ticketsell1_.id left outer join Person person2_ on ticket0_.person_id=person2_.id left outer join Card card3_ on person2_.cardNum_id=card3_.id left outer join TicketSeller ticketsell4_ on ticket0_.sellers_id=ticketsell4_.id where ticket0_.id=?
12:56:44.954 [main] DEBUG o.h.p.entity.AbstractEntityPersister - Static SQL for entity: Classes.VendingMachine
12:56:44.954 [main] DEBUG o.h.p.entity.AbstractEntityPersister -  Version select: select id from TicketSeller where id =?
12:56:44.954 [main] DEBUG o.h.p.entity.AbstractEntityPersister -  Snapshot select: select vendingmac_.id, vendingmac_.seller_name as seller_n3_3_, vendingmac_.isWorking as isworkin4_3_ from TicketSeller vendingmac_ where vendingmac_.id=?
12:56:44.954 [main] DEBUG o.h.p.entity.AbstractEntityPersister -  Insert 0: insert into TicketSeller (seller_name, isWorking, type, id) values (?, ?, 'vending_machine', ?)
12:56:44.954 [main] DEBUG o.h.p.entity.AbstractEntityPersister -  Update 0: update TicketSeller set seller_name=?, isWorking=? where id=?
12:56:44.954 [main] DEBUG o.h.p.entity.AbstractEntityPersister -  Delete 0: delete from TicketSeller where id=?
12:56:44.956 [main] DEBUG o.h.l.p.b.i.spaces.QuerySpacesImpl - Adding QuerySpace : uid = <gen:0> -> org.hibernate.loader.plan.build.internal.spaces.EntityQuerySpaceImpl@54e12f4c]
12:56:44.956 [main] DEBUG o.h.p.w.spi.MetamodelGraphWalker - Visiting attribute path : name
12:56:44.956 [main] DEBUG o.h.p.w.spi.MetamodelGraphWalker - Visiting attribute path : passes
12:56:44.956 [main] DEBUG o.h.l.p.b.i.spaces.QuerySpacesImpl - Adding QuerySpace : uid = <gen:1> -> org.hibernate.loader.plan.build.internal.spaces.CollectionQuerySpaceImpl@4d84049a]
12:56:44.956 [main] DEBUG o.h.l.p.b.i.spaces.QuerySpacesImpl - Adding QuerySpace : uid = <gen:2> -> org.hibernate.loader.plan.build.internal.spaces.EntityQuerySpaceImpl@39ee94de]
12:56:44.956 [main] DEBUG o.h.p.w.spi.MetamodelGraphWalker - Visiting attribute path : tickets
12:56:44.956 [main] DEBUG o.h.l.p.b.i.spaces.QuerySpacesImpl - Adding QuerySpace : uid = <gen:3> -> org.hibernate.loader.plan.build.internal.spaces.CollectionQuerySpaceImpl@642857e0]
12:56:44.956 [main] DEBUG o.h.l.p.b.i.spaces.QuerySpacesImpl - Adding QuerySpace : uid = <gen:4> -> org.hibernate.loader.plan.build.internal.spaces.EntityQuerySpaceImpl@4c6b4ed7]
12:56:44.956 [main] DEBUG o.h.p.w.spi.MetamodelGraphWalker - Visiting attribute path : isWorking
12:56:44.956 [main] DEBUG o.h.l.p.b.i.FetchStyleLoadPlanBuildingAssociationVisitationStrategy - Building LoadPlan...
12:56:44.956 [main] DEBUG o.h.l.p.e.i.LoadQueryJoinAndFetchProcessor - processing queryspace <gen:0>
12:56:44.956 [main] DEBUG o.h.l.p.b.spi.LoadPlanTreePrinter - LoadPlan(entity=Classes.VendingMachine)
    - Returns
       - EntityReturnImpl(entity=Classes.VendingMachine, querySpaceUid=<gen:0>, path=Classes.VendingMachine)
          - CollectionAttributeFetchImpl(collection=Abstract.TicketSeller.passes, querySpaceUid=<gen:1>, path=Classes.VendingMachine.passes)
             - (collection element) CollectionFetchableElementEntityGraph(entity=Classes.Pass, querySpaceUid=<gen:2>, path=Classes.VendingMachine.passes.<elements>)
          - CollectionAttributeFetchImpl(collection=Abstract.TicketSeller.tickets, querySpaceUid=<gen:3>, path=Classes.VendingMachine.tickets)
             - (collection element) CollectionFetchableElementEntityGraph(entity=Classes.Ticket, querySpaceUid=<gen:4>, path=Classes.VendingMachine.tickets.<elements>)
    - QuerySpaces
       - EntityQuerySpaceImpl(uid=<gen:0>, entity=Classes.VendingMachine)
          - SQL table alias mapping - vendingmac0_
          - alias suffix - 0_
          - suffixed key columns - {id2_3_0_}

12:56:44.956 [main] DEBUG o.h.loader.entity.plan.EntityLoader - Static select for entity Classes.VendingMachine [NONE]: select vendingmac0_.id as id2_3_0_, vendingmac0_.seller_name as seller_n3_3_0_, vendingmac0_.isWorking as isworkin4_3_0_ from TicketSeller vendingmac0_ where vendingmac0_.id=? and vendingmac0_.type='vending_machine'
12:56:44.959 [main] DEBUG o.h.l.p.b.i.spaces.QuerySpacesImpl - Adding QuerySpace : uid = <gen:0> -> org.hibernate.loader.plan.build.internal.spaces.CollectionQuerySpaceImpl@29c17c3d]
12:56:44.959 [main] DEBUG o.h.l.p.b.i.spaces.QuerySpacesImpl - Adding QuerySpace : uid = <gen:1> -> org.hibernate.loader.plan.build.internal.spaces.EntityQuerySpaceImpl@250a9031]
12:56:44.960 [main] DEBUG o.h.p.w.spi.MetamodelGraphWalker - Visiting attribute path : seller
12:56:44.960 [main] DEBUG o.h.l.p.b.i.spaces.QuerySpacesImpl - Adding QuerySpace : uid = <gen:2> -> org.hibernate.loader.plan.build.internal.spaces.EntityQuerySpaceImpl@7efa3f63]
12:56:44.960 [main] DEBUG o.h.p.w.spi.MetamodelGraphWalker - Visiting attribute path : seller.name
12:56:44.960 [main] DEBUG o.h.p.w.spi.MetamodelGraphWalker - Visiting attribute path : seller.passes
12:56:44.960 [main] DEBUG o.h.p.w.spi.MetamodelGraphWalker - Property path deemed to be circular : seller.passes
12:56:44.960 [main] DEBUG o.h.p.w.spi.MetamodelGraphWalker - Visiting attribute path : seller.tickets
12:56:44.960 [main] DEBUG o.h.p.w.spi.MetamodelGraphWalker - Property path deemed to be circular : seller.tickets
12:56:44.960 [main] DEBUG o.h.p.w.spi.MetamodelGraphWalker - Visiting attribute path : seller.people
12:56:44.960 [main] DEBUG o.h.l.p.b.i.spaces.QuerySpacesImpl - Adding QuerySpace : uid = <gen:3> -> org.hibernate.loader.plan.build.internal.spaces.CollectionQuerySpaceImpl@2262d6d5]
12:56:44.960 [main] DEBUG o.h.l.p.b.i.spaces.QuerySpacesImpl - Adding QuerySpace : uid = <gen:4> -> org.hibernate.loader.plan.build.internal.spaces.EntityQuerySpaceImpl@40de8f93]
12:56:44.960 [main] DEBUG o.h.p.w.spi.MetamodelGraphWalker - Visiting attribute path : seller.isWorking
12:56:44.960 [main] DEBUG o.h.p.w.spi.MetamodelGraphWalker - Visiting attribute path : person
12:56:44.960 [main] DEBUG o.h.l.p.b.i.spaces.QuerySpacesImpl - Adding QuerySpace : uid = <gen:5> -> org.hibernate.loader.plan.build.internal.spaces.EntityQuerySpaceImpl@6ff0b1cc]
12:56:44.960 [main] DEBUG o.h.p.w.spi.MetamodelGraphWalker - Visiting attribute path : person.birthdate
12:56:44.960 [main] DEBUG o.h.p.w.spi.MetamodelGraphWalker - Visiting attribute path : person.cardNum
12:56:44.960 [main] DEBUG o.h.l.p.b.i.spaces.QuerySpacesImpl - Adding QuerySpace : uid = <gen:6> -> org.hibernate.loader.plan.build.internal.spaces.EntityQuerySpaceImpl@f3560d4]
12:56:44.960 [main] DEBUG o.h.p.w.spi.MetamodelGraphWalker - Visiting attribute path : person.cardNum.emissionDate
12:56:44.960 [main] DEBUG o.h.p.w.spi.MetamodelGraphWalker - Visiting attribute path : person.cardNum.expirationDate
12:56:44.960 [main] DEBUG o.h.p.w.spi.MetamodelGraphWalker - Visiting attribute path : person.cardNum.person
12:56:44.960 [main] DEBUG o.h.p.w.spi.MetamodelGraphWalker - Property path deemed to be circular : person.cardNum.person
12:56:44.960 [main] DEBUG o.h.p.w.spi.MetamodelGraphWalker - Visiting attribute path : person.firstName
12:56:44.960 [main] DEBUG o.h.p.w.spi.MetamodelGraphWalker - Visiting attribute path : person.lastName
12:56:44.960 [main] DEBUG o.h.p.w.spi.MetamodelGraphWalker - Visiting attribute path : sellers
12:56:44.960 [main] DEBUG o.h.l.p.b.i.spaces.QuerySpacesImpl - Adding QuerySpace : uid = <gen:7> -> org.hibernate.loader.plan.build.internal.spaces.EntityQuerySpaceImpl@51b77cdf]
12:56:44.960 [main] DEBUG o.h.p.w.spi.MetamodelGraphWalker - Visiting attribute path : sellers.name
12:56:44.960 [main] DEBUG o.h.p.w.spi.MetamodelGraphWalker - Visiting attribute path : sellers.passes
12:56:44.960 [main] DEBUG o.h.p.w.spi.MetamodelGraphWalker - Property path deemed to be circular : sellers.passes
12:56:44.961 [main] DEBUG o.h.p.w.spi.MetamodelGraphWalker - Visiting attribute path : sellers.tickets
12:56:44.961 [main] DEBUG o.h.p.w.spi.MetamodelGraphWalker - Property path deemed to be circular : sellers.tickets
12:56:44.961 [main] DEBUG o.h.p.w.spi.MetamodelGraphWalker - Visiting attribute path : sellers.people
12:56:44.961 [main] DEBUG o.h.l.p.b.i.spaces.QuerySpacesImpl - Adding QuerySpace : uid = <gen:8> -> org.hibernate.loader.plan.build.internal.spaces.CollectionQuerySpaceImpl@6088451e]
12:56:44.961 [main] DEBUG o.h.l.p.b.i.spaces.QuerySpacesImpl - Adding QuerySpace : uid = <gen:9> -> org.hibernate.loader.plan.build.internal.spaces.EntityQuerySpaceImpl@45ab3bdd]
12:56:44.961 [main] DEBUG o.h.p.w.spi.MetamodelGraphWalker - Visiting attribute path : sellers.isWorking
12:56:44.961 [main] DEBUG o.h.p.w.spi.MetamodelGraphWalker - Visiting attribute path : validity
12:56:44.961 [main] DEBUG o.h.l.p.b.i.FetchStyleLoadPlanBuildingAssociationVisitationStrategy - Building LoadPlan...
12:56:44.962 [main] DEBUG o.h.l.p.e.i.LoadQueryJoinAndFetchProcessor - processing queryspace <gen:0>
12:56:44.963 [main] DEBUG o.h.l.p.b.spi.LoadPlanTreePrinter - LoadPlan(collection=Abstract.TicketSeller.tickets)
    - Returns
       - CollectionReturnImpl(collection=Abstract.TicketSeller.tickets, querySpaceUid=<gen:0>, path=[Abstract.TicketSeller.tickets])
          - (collection element) CollectionFetchableElementEntityGraph(entity=Classes.Ticket, querySpaceUid=<gen:1>, path=[Abstract.TicketSeller.tickets].<elements>)
             - EntityAttributeFetchImpl(entity=Abstract.TicketSeller, querySpaceUid=<gen:2>, path=[Abstract.TicketSeller.tickets].<elements>.seller)
                - CollectionAttributeFetchImpl(collection=Classes.Shop.people, querySpaceUid=<gen:3>, path=[Abstract.TicketSeller.tickets].<elements>.seller.people)
                   - (collection element) CollectionFetchableElementEntityGraph(entity=Classes.Person, querySpaceUid=<gen:4>, path=[Abstract.TicketSeller.tickets].<elements>.seller.people.<elements>)
             - EntityAttributeFetchImpl(entity=Classes.Person, querySpaceUid=<gen:5>, path=[Abstract.TicketSeller.tickets].<elements>.person)
                - EntityAttributeFetchImpl(entity=Classes.Card, querySpaceUid=<gen:6>, path=[Abstract.TicketSeller.tickets].<elements>.person.cardNum)
             - EntityAttributeFetchImpl(entity=Abstract.TicketSeller, querySpaceUid=<gen:7>, path=[Abstract.TicketSeller.tickets].<elements>.sellers)
                - CollectionAttributeFetchImpl(collection=Classes.Shop.people, querySpaceUid=<gen:8>, path=[Abstract.TicketSeller.tickets].<elements>.sellers.people)
                   - (collection element) CollectionFetchableElementEntityGraph(entity=Classes.Person, querySpaceUid=<gen:9>, path=[Abstract.TicketSeller.tickets].<elements>.sellers.people.<elements>)
    - QuerySpaces
       - CollectionQuerySpaceImpl(uid=<gen:0>, collection=Abstract.TicketSeller.tickets)
          - SQL table alias mapping - tickets0_
          - alias suffix - 0_
          - suffixed key columns - {ticketse1_5_0_}
          - entity-element alias suffix - 1_
          - 1_entity-element suffixed key columns - id2_2_1_
          - JOIN (JoinDefinedByMetadata(elements)) : <gen:0> -> <gen:1>
             - EntityQuerySpaceImpl(uid=<gen:1>, entity=Classes.Ticket)
                - SQL table alias mapping - ticket1_
                - alias suffix - 1_
                - suffixed key columns - {id2_2_1_}
                - JOIN (JoinDefinedByMetadata(seller)) : <gen:1> -> <gen:2>
                   - EntityQuerySpaceImpl(uid=<gen:2>, entity=Abstract.TicketSeller)
                      - SQL table alias mapping - ticketsell2_
                      - alias suffix - 2_
                      - suffixed key columns - {id2_3_2_}
                - JOIN (JoinDefinedByMetadata(person)) : <gen:1> -> <gen:5>
                   - EntityQuerySpaceImpl(uid=<gen:5>, entity=Classes.Person)
                      - SQL table alias mapping - person3_
                      - alias suffix - 3_
                      - suffixed key columns - {id1_1_3_}
                      - JOIN (JoinDefinedByMetadata(cardNum)) : <gen:5> -> <gen:6>
                         - EntityQuerySpaceImpl(uid=<gen:6>, entity=Classes.Card)
                            - SQL table alias mapping - card4_
                            - alias suffix - 4_
                            - suffixed key columns - {id1_0_4_}
                - JOIN (JoinDefinedByMetadata(sellers)) : <gen:1> -> <gen:7>
                   - EntityQuerySpaceImpl(uid=<gen:7>, entity=Abstract.TicketSeller)
                      - SQL table alias mapping - ticketsell5_
                      - alias suffix - 5_
                      - suffixed key columns - {id2_3_5_}

12:56:44.963 [main] DEBUG o.h.l.c.plan.CollectionLoader - Static select for collection Abstract.TicketSeller.tickets: select tickets0_.TicketSeller_id as ticketse1_5_0_, tickets0_.tickets_id as tickets_2_5_0_, ticket1_.id as id2_2_1_, ticket1_.seller_id as seller_i4_2_1_, ticket1_.person_id as person_i5_2_1_, ticket1_.sellers_id as sellers_6_2_1_, ticket1_.validity as validity3_2_1_, ticket1_.DTYPE as dtype1_2_1_, ticketsell2_.id as id2_3_2_, ticketsell2_.seller_name as seller_n3_3_2_, ticketsell2_.isWorking as isworkin4_3_2_, ticketsell2_.type as type1_3_2_, person3_.id as id1_1_3_, person3_.birthdate as birthdat2_1_3_, person3_.cardNum_id as cardnum_5_1_3_, person3_.firstName as firstnam3_1_3_, person3_.lastName as lastname4_1_3_, card4_.id as id1_0_4_, card4_.emissionDate as emission2_0_4_, card4_.expirationDate as expirati3_0_4_, ticketsell5_.id as id2_3_5_, ticketsell5_.seller_name as seller_n3_3_5_, ticketsell5_.isWorking as isworkin4_3_5_, ticketsell5_.type as type1_3_5_ from TicketSeller_Ticket tickets0_ inner join Ticket ticket1_ on tickets0_.tickets_id=ticket1_.id left outer join TicketSeller ticketsell2_ on ticket1_.seller_id=ticketsell2_.id left outer join Person person3_ on ticket1_.person_id=person3_.id left outer join Card card4_ on person3_.cardNum_id=card4_.id left outer join TicketSeller ticketsell5_ on ticket1_.sellers_id=ticketsell5_.id where tickets0_.TicketSeller_id=?
12:56:44.963 [main] DEBUG o.h.l.p.b.i.spaces.QuerySpacesImpl - Adding QuerySpace : uid = <gen:0> -> org.hibernate.loader.plan.build.internal.spaces.CollectionQuerySpaceImpl@3f6bf8aa]
12:56:44.963 [main] DEBUG o.h.l.p.b.i.spaces.QuerySpacesImpl - Adding QuerySpace : uid = <gen:1> -> org.hibernate.loader.plan.build.internal.spaces.EntityQuerySpaceImpl@13c8ac77]
12:56:44.963 [main] DEBUG o.h.p.w.spi.MetamodelGraphWalker - Visiting attribute path : seller
12:56:44.963 [main] DEBUG o.h.l.p.b.i.spaces.QuerySpacesImpl - Adding QuerySpace : uid = <gen:2> -> org.hibernate.loader.plan.build.internal.spaces.EntityQuerySpaceImpl@2c63762b]
12:56:44.963 [main] DEBUG o.h.p.w.spi.MetamodelGraphWalker - Visiting attribute path : seller.name
12:56:44.963 [main] DEBUG o.h.p.w.spi.MetamodelGraphWalker - Visiting attribute path : seller.passes
12:56:44.963 [main] DEBUG o.h.p.w.spi.MetamodelGraphWalker - Property path deemed to be circular : seller.passes
12:56:44.963 [main] DEBUG o.h.p.w.spi.MetamodelGraphWalker - Visiting attribute path : seller.tickets
12:56:44.963 [main] DEBUG o.h.p.w.spi.MetamodelGraphWalker - Property path deemed to be circular : seller.tickets
12:56:44.963 [main] DEBUG o.h.p.w.spi.MetamodelGraphWalker - Visiting attribute path : seller.people
12:56:44.963 [main] DEBUG o.h.l.p.b.i.spaces.QuerySpacesImpl - Adding QuerySpace : uid = <gen:3> -> org.hibernate.loader.plan.build.internal.spaces.CollectionQuerySpaceImpl@78422efb]
12:56:44.963 [main] DEBUG o.h.l.p.b.i.spaces.QuerySpacesImpl - Adding QuerySpace : uid = <gen:4> -> org.hibernate.loader.plan.build.internal.spaces.EntityQuerySpaceImpl@5f05c8d6]
12:56:44.964 [main] DEBUG o.h.p.w.spi.MetamodelGraphWalker - Visiting attribute path : seller.isWorking
12:56:44.964 [main] DEBUG o.h.p.w.spi.MetamodelGraphWalker - Visiting attribute path : person
12:56:44.964 [main] DEBUG o.h.l.p.b.i.spaces.QuerySpacesImpl - Adding QuerySpace : uid = <gen:5> -> org.hibernate.loader.plan.build.internal.spaces.EntityQuerySpaceImpl@68e02f33]
12:56:44.964 [main] DEBUG o.h.p.w.spi.MetamodelGraphWalker - Visiting attribute path : person.birthdate
12:56:44.964 [main] DEBUG o.h.p.w.spi.MetamodelGraphWalker - Visiting attribute path : person.cardNum
12:56:44.964 [main] DEBUG o.h.l.p.b.i.spaces.QuerySpacesImpl - Adding QuerySpace : uid = <gen:6> -> org.hibernate.loader.plan.build.internal.spaces.EntityQuerySpaceImpl@d48e998]
12:56:44.964 [main] DEBUG o.h.p.w.spi.MetamodelGraphWalker - Visiting attribute path : person.cardNum.emissionDate
12:56:44.964 [main] DEBUG o.h.p.w.spi.MetamodelGraphWalker - Visiting attribute path : person.cardNum.expirationDate
12:56:44.964 [main] DEBUG o.h.p.w.spi.MetamodelGraphWalker - Visiting attribute path : person.cardNum.person
12:56:44.964 [main] DEBUG o.h.p.w.spi.MetamodelGraphWalker - Property path deemed to be circular : person.cardNum.person
12:56:44.964 [main] DEBUG o.h.p.w.spi.MetamodelGraphWalker - Visiting attribute path : person.firstName
12:56:44.964 [main] DEBUG o.h.p.w.spi.MetamodelGraphWalker - Visiting attribute path : person.lastName
12:56:44.964 [main] DEBUG o.h.p.w.spi.MetamodelGraphWalker - Visiting attribute path : sellers
12:56:44.964 [main] DEBUG o.h.l.p.b.i.spaces.QuerySpacesImpl - Adding QuerySpace : uid = <gen:7> -> org.hibernate.loader.plan.build.internal.spaces.EntityQuerySpaceImpl@158ae284]
12:56:44.964 [main] DEBUG o.h.p.w.spi.MetamodelGraphWalker - Visiting attribute path : sellers.name
12:56:44.964 [main] DEBUG o.h.p.w.spi.MetamodelGraphWalker - Visiting attribute path : sellers.passes
12:56:44.964 [main] DEBUG o.h.p.w.spi.MetamodelGraphWalker - Property path deemed to be circular : sellers.passes
12:56:44.964 [main] DEBUG o.h.p.w.spi.MetamodelGraphWalker - Visiting attribute path : sellers.tickets
12:56:44.964 [main] DEBUG o.h.p.w.spi.MetamodelGraphWalker - Property path deemed to be circular : sellers.tickets
12:56:44.964 [main] DEBUG o.h.p.w.spi.MetamodelGraphWalker - Visiting attribute path : sellers.people
12:56:44.964 [main] DEBUG o.h.l.p.b.i.spaces.QuerySpacesImpl - Adding QuerySpace : uid = <gen:8> -> org.hibernate.loader.plan.build.internal.spaces.CollectionQuerySpaceImpl@1a256d80]
12:56:44.964 [main] DEBUG o.h.l.p.b.i.spaces.QuerySpacesImpl - Adding QuerySpace : uid = <gen:9> -> org.hibernate.loader.plan.build.internal.spaces.EntityQuerySpaceImpl@3069a360]
12:56:44.964 [main] DEBUG o.h.p.w.spi.MetamodelGraphWalker - Visiting attribute path : sellers.isWorking
12:56:44.964 [main] DEBUG o.h.p.w.spi.MetamodelGraphWalker - Visiting attribute path : validity
12:56:44.964 [main] DEBUG o.h.l.p.b.i.FetchStyleLoadPlanBuildingAssociationVisitationStrategy - Building LoadPlan...
12:56:44.964 [main] DEBUG o.h.l.p.e.i.LoadQueryJoinAndFetchProcessor - processing queryspace <gen:0>
12:56:44.965 [main] DEBUG o.h.l.p.b.spi.LoadPlanTreePrinter - LoadPlan(collection=Abstract.TicketSeller.passes)
    - Returns
       - CollectionReturnImpl(collection=Abstract.TicketSeller.passes, querySpaceUid=<gen:0>, path=[Abstract.TicketSeller.passes])
          - (collection element) CollectionFetchableElementEntityGraph(entity=Classes.Pass, querySpaceUid=<gen:1>, path=[Abstract.TicketSeller.passes].<elements>)
             - EntityAttributeFetchImpl(entity=Abstract.TicketSeller, querySpaceUid=<gen:2>, path=[Abstract.TicketSeller.passes].<elements>.seller)
                - CollectionAttributeFetchImpl(collection=Classes.Shop.people, querySpaceUid=<gen:3>, path=[Abstract.TicketSeller.passes].<elements>.seller.people)
                   - (collection element) CollectionFetchableElementEntityGraph(entity=Classes.Person, querySpaceUid=<gen:4>, path=[Abstract.TicketSeller.passes].<elements>.seller.people.<elements>)
             - EntityAttributeFetchImpl(entity=Classes.Person, querySpaceUid=<gen:5>, path=[Abstract.TicketSeller.passes].<elements>.person)
                - EntityAttributeFetchImpl(entity=Classes.Card, querySpaceUid=<gen:6>, path=[Abstract.TicketSeller.passes].<elements>.person.cardNum)
             - EntityAttributeFetchImpl(entity=Abstract.TicketSeller, querySpaceUid=<gen:7>, path=[Abstract.TicketSeller.passes].<elements>.sellers)
                - CollectionAttributeFetchImpl(collection=Classes.Shop.people, querySpaceUid=<gen:8>, path=[Abstract.TicketSeller.passes].<elements>.sellers.people)
                   - (collection element) CollectionFetchableElementEntityGraph(entity=Classes.Person, querySpaceUid=<gen:9>, path=[Abstract.TicketSeller.passes].<elements>.sellers.people.<elements>)
    - QuerySpaces
       - CollectionQuerySpaceImpl(uid=<gen:0>, collection=Abstract.TicketSeller.passes)
          - SQL table alias mapping - passes0_
          - alias suffix - 0_
          - suffixed key columns - {ticketse1_5_0_}
          - entity-element alias suffix - 1_
          - 1_entity-element suffixed key columns - id2_2_1_
          - JOIN (JoinDefinedByMetadata(elements)) : <gen:0> -> <gen:1>
             - EntityQuerySpaceImpl(uid=<gen:1>, entity=Classes.Pass)
                - SQL table alias mapping - pass1_
                - alias suffix - 1_
                - suffixed key columns - {id2_2_1_}
                - JOIN (JoinDefinedByMetadata(seller)) : <gen:1> -> <gen:2>
                   - EntityQuerySpaceImpl(uid=<gen:2>, entity=Abstract.TicketSeller)
                      - SQL table alias mapping - ticketsell2_
                      - alias suffix - 2_
                      - suffixed key columns - {id2_3_2_}
                - JOIN (JoinDefinedByMetadata(person)) : <gen:1> -> <gen:5>
                   - EntityQuerySpaceImpl(uid=<gen:5>, entity=Classes.Person)
                      - SQL table alias mapping - person3_
                      - alias suffix - 3_
                      - suffixed key columns - {id1_1_3_}
                      - JOIN (JoinDefinedByMetadata(cardNum)) : <gen:5> -> <gen:6>
                         - EntityQuerySpaceImpl(uid=<gen:6>, entity=Classes.Card)
                            - SQL table alias mapping - card4_
                            - alias suffix - 4_
                            - suffixed key columns - {id1_0_4_}
                - JOIN (JoinDefinedByMetadata(sellers)) : <gen:1> -> <gen:7>
                   - EntityQuerySpaceImpl(uid=<gen:7>, entity=Abstract.TicketSeller)
                      - SQL table alias mapping - ticketsell5_
                      - alias suffix - 5_
                      - suffixed key columns - {id2_3_5_}

12:56:44.965 [main] DEBUG o.h.l.c.plan.CollectionLoader - Static select for collection Abstract.TicketSeller.passes: select passes0_.TicketSeller_id as ticketse1_5_0_, passes0_.passes_id as passes_i3_5_0_, pass1_.id as id2_2_1_, pass1_.seller_id as seller_i4_2_1_, pass1_.person_id as person_i5_2_1_, pass1_.sellers_id as sellers_6_2_1_, pass1_.validity as validity3_2_1_, ticketsell2_.id as id2_3_2_, ticketsell2_.seller_name as seller_n3_3_2_, ticketsell2_.isWorking as isworkin4_3_2_, ticketsell2_.type as type1_3_2_, person3_.id as id1_1_3_, person3_.birthdate as birthdat2_1_3_, person3_.cardNum_id as cardnum_5_1_3_, person3_.firstName as firstnam3_1_3_, person3_.lastName as lastname4_1_3_, card4_.id as id1_0_4_, card4_.emissionDate as emission2_0_4_, card4_.expirationDate as expirati3_0_4_, ticketsell5_.id as id2_3_5_, ticketsell5_.seller_name as seller_n3_3_5_, ticketsell5_.isWorking as isworkin4_3_5_, ticketsell5_.type as type1_3_5_ from TicketSeller_Ticket passes0_ inner join Ticket pass1_ on passes0_.passes_id=pass1_.id left outer join TicketSeller ticketsell2_ on pass1_.seller_id=ticketsell2_.id left outer join Person person3_ on pass1_.person_id=person3_.id left outer join Card card4_ on person3_.cardNum_id=card4_.id left outer join TicketSeller ticketsell5_ on pass1_.sellers_id=ticketsell5_.id where passes0_.TicketSeller_id=?
12:56:44.965 [main] DEBUG o.h.l.p.b.i.spaces.QuerySpacesImpl - Adding QuerySpace : uid = <gen:0> -> org.hibernate.loader.plan.build.internal.spaces.CollectionQuerySpaceImpl@7235f92b]
12:56:44.965 [main] DEBUG o.h.l.p.b.i.spaces.QuerySpacesImpl - Adding QuerySpace : uid = <gen:1> -> org.hibernate.loader.plan.build.internal.spaces.EntityQuerySpaceImpl@7885776b]
12:56:44.965 [main] DEBUG o.h.p.w.spi.MetamodelGraphWalker - Visiting attribute path : birthdate
12:56:44.965 [main] DEBUG o.h.p.w.spi.MetamodelGraphWalker - Visiting attribute path : cardNum
12:56:44.965 [main] DEBUG o.h.l.p.b.i.spaces.QuerySpacesImpl - Adding QuerySpace : uid = <gen:2> -> org.hibernate.loader.plan.build.internal.spaces.EntityQuerySpaceImpl@69d3cf7e]
12:56:44.965 [main] DEBUG o.h.p.w.spi.MetamodelGraphWalker - Visiting attribute path : cardNum.emissionDate
12:56:44.965 [main] DEBUG o.h.p.w.spi.MetamodelGraphWalker - Visiting attribute path : cardNum.expirationDate
12:56:44.965 [main] DEBUG o.h.p.w.spi.MetamodelGraphWalker - Visiting attribute path : cardNum.person
12:56:44.965 [main] DEBUG o.h.p.w.spi.MetamodelGraphWalker - Property path deemed to be circular : cardNum.person
12:56:44.965 [main] DEBUG o.h.p.w.spi.MetamodelGraphWalker - Visiting attribute path : firstName
12:56:44.965 [main] DEBUG o.h.p.w.spi.MetamodelGraphWalker - Visiting attribute path : lastName
12:56:44.965 [main] DEBUG o.h.l.p.b.i.FetchStyleLoadPlanBuildingAssociationVisitationStrategy - Building LoadPlan...
12:56:44.965 [main] DEBUG o.h.l.p.e.i.LoadQueryJoinAndFetchProcessor - processing queryspace <gen:0>
12:56:44.965 [main] DEBUG o.h.l.p.b.spi.LoadPlanTreePrinter - LoadPlan(collection=Classes.Shop.people)
    - Returns
       - CollectionReturnImpl(collection=Classes.Shop.people, querySpaceUid=<gen:0>, path=[Classes.Shop.people])
          - (collection element) CollectionFetchableElementEntityGraph(entity=Classes.Person, querySpaceUid=<gen:1>, path=[Classes.Shop.people].<elements>)
             - EntityAttributeFetchImpl(entity=Classes.Card, querySpaceUid=<gen:2>, path=[Classes.Shop.people].<elements>.cardNum)
    - QuerySpaces
       - CollectionQuerySpaceImpl(uid=<gen:0>, collection=Classes.Shop.people)
          - SQL table alias mapping - people0_
          - alias suffix - 0_
          - suffixed key columns - {shop_id1_4_0_}
          - entity-element alias suffix - 1_
          - 1_entity-element suffixed key columns - id1_1_1_
          - JOIN (JoinDefinedByMetadata(elements)) : <gen:0> -> <gen:1>
             - EntityQuerySpaceImpl(uid=<gen:1>, entity=Classes.Person)
                - SQL table alias mapping - person1_
                - alias suffix - 1_
                - suffixed key columns - {id1_1_1_}
                - JOIN (JoinDefinedByMetadata(cardNum)) : <gen:1> -> <gen:2>
                   - EntityQuerySpaceImpl(uid=<gen:2>, entity=Classes.Card)
                      - SQL table alias mapping - card2_
                      - alias suffix - 2_
                      - suffixed key columns - {id1_0_2_}

12:56:44.965 [main] DEBUG o.h.l.c.plan.CollectionLoader - Static select for collection Classes.Shop.people: select people0_.Shop_id as shop_id1_4_0_, people0_.people_id as people_i2_4_0_, person1_.id as id1_1_1_, person1_.birthdate as birthdat2_1_1_, person1_.cardNum_id as cardnum_5_1_1_, person1_.firstName as firstnam3_1_1_, person1_.lastName as lastname4_1_1_, card2_.id as id1_0_2_, card2_.emissionDate as emission2_0_2_, card2_.expirationDate as expirati3_0_2_ from TicketSeller_Person people0_ inner join Person person1_ on people0_.people_id=person1_.id left outer join Card card2_ on person1_.cardNum_id=card2_.id where people0_.Shop_id=?
12:56:44.988 [main] INFO  o.hibernate.orm.connections.access - HHH10001501: Connection obtained from JdbcConnectionAccess [org.hibernate.engine.jdbc.env.internal.JdbcEnvironmentInitiator$ConnectionProviderJdbcConnectionAccess@40bb4f87] for (non-JTA) DDL execution was not in auto-commit mode; the Connection 'local transaction' will be committed and the Connection will be set into auto-commit mode.
12:56:45.005 [main] DEBUG org.hibernate.mapping.Table - No alter strings for table : Card
12:56:45.005 [main] DEBUG org.hibernate.mapping.Table - No alter strings for table : Person
12:56:45.005 [main] DEBUG org.hibernate.mapping.Table - No alter strings for table : Ticket
12:56:45.005 [main] DEBUG org.hibernate.mapping.Table - No alter strings for table : TicketSeller
12:56:45.005 [main] DEBUG org.hibernate.mapping.Table - No alter strings for table : TicketSeller_Person
12:56:45.005 [main] DEBUG org.hibernate.mapping.Table - No alter strings for table : TicketSeller_Ticket
12:56:45.064 [main] DEBUG o.h.e.t.j.p.i.JtaPlatformInitiator - No JtaPlatform was specified, checking resolver
12:56:45.065 [main] DEBUG o.h.e.t.j.p.i.JtaPlatformResolverInitiator - No JtaPlatformResolver was specified, using default [org.hibernate.engine.transaction.jta.platform.internal.StandardJtaPlatformResolver]
12:56:45.068 [main] DEBUG o.h.e.t.j.p.i.StandardJtaPlatformResolver - Could not resolve JtaPlatform, using default [org.hibernate.engine.transaction.jta.platform.internal.NoJtaPlatform]
12:56:45.068 [main] INFO  o.h.e.t.j.p.i.JtaPlatformInitiator - HHH000490: Using JtaPlatform implementation: [org.hibernate.engine.transaction.jta.platform.internal.NoJtaPlatform]
12:56:45.070 [main] DEBUG o.h.s.i.SessionFactoryServiceRegistryImpl - EventListenerRegistry access via ServiceRegistry is deprecated.  Use `sessionFactory.getEventEngine().getListenerRegistry()` instead
12:56:45.071 [main] DEBUG o.h.h.i.QueryTranslatorFactoryInitiator - QueryTranslatorFactory: org.hibernate.hql.internal.ast.ASTQueryTranslatorFactory@6f5e16cf
12:56:45.075 [main] DEBUG o.h.query.spi.NamedQueryRepository - Checking 0 named HQL queries
12:56:45.076 [main] DEBUG o.h.query.spi.NamedQueryRepository - Checking 0 named SQL queries
12:56:45.076 [main] DEBUG o.h.internal.SessionFactoryRegistry - Initializing SessionFactoryRegistry : org.hibernate.internal.SessionFactoryRegistry@68b734a8
12:56:45.077 [main] DEBUG o.h.internal.SessionFactoryRegistry - Registering SessionFactory: bee84046-442d-4d6b-93a6-46b17cf29d80 (<unnamed>)
12:56:45.077 [main] DEBUG o.h.internal.SessionFactoryRegistry - Not binding SessionFactory to JNDI, no JNDI name configured
12:56:45.106 [main] DEBUG o.h.s.internal.StatisticsInitiator - Statistics initialized [enabled=false]
12:56:45.110 [main] DEBUG o.h.e.t.internal.TransactionImpl - On TransactionImpl creation, JpaCompliance#isJpaTransactionComplianceEnabled == false
12:56:45.110 [main] DEBUG o.h.e.t.internal.TransactionImpl - begin
12:56:45.114 [main] DEBUG org.hibernate.SQL - select vendingmac0_.id as id2_3_0_, vendingmac0_.seller_name as seller_n3_3_0_, vendingmac0_.isWorking as isworkin4_3_0_ from TicketSeller vendingmac0_ where vendingmac0_.id=? and vendingmac0_.type='vending_machine'
12:56:45.118 [main] DEBUG o.h.l.p.e.p.i.EntityReferenceInitializerImpl - On call to EntityIdentifierReaderImpl#resolve, EntityKey was already known; should only happen on root returns with an optional identifier specified
12:56:45.122 [main] DEBUG o.h.engine.internal.TwoPhaseLoad - Resolving attributes for [Classes.VendingMachine#2]
12:56:45.123 [main] DEBUG o.h.engine.internal.TwoPhaseLoad - Processing attribute `name` : value = Vending DiGregorio
12:56:45.123 [main] DEBUG o.h.engine.internal.TwoPhaseLoad - Attribute (`name`)  - enhanced for lazy-loading? - false
12:56:45.123 [main] DEBUG o.h.engine.internal.TwoPhaseLoad - Processing attribute `passes` : value = NOT NULL COLLECTION
12:56:45.123 [main] DEBUG o.h.engine.internal.TwoPhaseLoad - Attribute (`passes`)  - enhanced for lazy-loading? - false
12:56:45.126 [main] DEBUG o.h.engine.internal.TwoPhaseLoad - Processing attribute `tickets` : value = NOT NULL COLLECTION
12:56:45.127 [main] DEBUG o.h.engine.internal.TwoPhaseLoad - Attribute (`tickets`)  - enhanced for lazy-loading? - false
12:56:45.127 [main] DEBUG o.h.engine.internal.TwoPhaseLoad - Processing attribute `isWorking` : value = false
12:56:45.127 [main] DEBUG o.h.engine.internal.TwoPhaseLoad - Attribute (`isWorking`)  - enhanced for lazy-loading? - false
12:56:45.127 [main] DEBUG o.h.engine.internal.TwoPhaseLoad - Done materializing entity [Classes.VendingMachine#2]
12:56:45.128 [main] DEBUG o.h.l.e.p.AbstractLoadPlanBasedEntityLoader - Done entity load : Classes.VendingMachine#2
12:56:45.128 [main] DEBUG o.h.e.t.internal.TransactionImpl - committing
12:56:45.128 [main] DEBUG o.h.e.i.AbstractFlushingEventListener - Processing flush-time cascades
12:56:45.131 [main] DEBUG o.h.e.i.AbstractFlushingEventListener - Dirty checking collections
12:56:45.134 [main] DEBUG o.h.engine.internal.Collections - Collection found: [Abstract.TicketSeller.passes#2], was: [Abstract.TicketSeller.passes#2] (uninitialized)
12:56:45.134 [main] DEBUG o.h.engine.internal.Collections - Collection found: [Abstract.TicketSeller.tickets#2], was: [Abstract.TicketSeller.tickets#2] (uninitialized)
12:56:45.135 [main] DEBUG o.h.e.i.AbstractFlushingEventListener - Flushed: 0 insertions, 1 updates, 0 deletions to 1 objects
12:56:45.135 [main] DEBUG o.h.e.i.AbstractFlushingEventListener - Flushed: 0 (re)creations, 0 updates, 0 removals to 2 collections
12:56:45.136 [main] DEBUG o.h.internal.util.EntityPrinter - Listing entities:
12:56:45.136 [main] DEBUG o.h.internal.util.EntityPrinter - Classes.VendingMachine{tickets=<uninitialized>, passes=<uninitialized>, name=Vending DiGregorio, id=2, isWorking=true}
12:56:45.138 [main] DEBUG org.hibernate.SQL - update TicketSeller set seller_name=?, isWorking=? where id=?
12:56:45.143 [main] DEBUG o.h.r.j.i.LogicalConnectionManagedImpl - Initiating JDBC connection release from afterTransaction
12:56:45.143 [main] DEBUG o.h.r.j.i.LogicalConnectionManagedImpl - Initiating JDBC connection release from afterTransaction
12:57:21.915 [main] DEBUG org.jboss.logging - Logging Provider: org.jboss.logging.Slf4jLoggerProvider
12:57:21.975 [main] DEBUG o.h.jpa.HibernatePersistenceProvider - Located and parsed 2 persistence units; checking each
12:57:21.975 [main] DEBUG o.h.jpa.HibernatePersistenceProvider - Checking persistence-unit [name=HomeworkS3D3, explicit-provider=null] against incoming persistence unit name [BuildWeek_4]
12:57:21.976 [main] DEBUG o.h.jpa.HibernatePersistenceProvider - Excluding from consideration due to name mis-match
12:57:21.976 [main] DEBUG o.h.jpa.HibernatePersistenceProvider - Checking persistence-unit [name=BuildWeek_4, explicit-provider=null] against incoming persistence unit name [BuildWeek_4]
12:57:21.976 [main] DEBUG o.h.jpa.boot.spi.ProviderChecker - No PersistenceProvider explicitly requested, assuming Hibernate
12:57:21.979 [main] DEBUG o.h.jpa.internal.util.LogHelper - PersistenceUnitInfo [
	name: BuildWeek_4
	persistence provider classname: null
	classloader: null
	excludeUnlistedClasses: false
	JTA datasource: null
	Non JTA datasource: null
	Transaction type: RESOURCE_LOCAL
	PU root URL: file:/C:/Users/total/Desktop/All/Epicode/fs0223-Luca-Sernicola-BackEnd/BuildWeek_4/target/classes/
	Shared Cache Mode: null
	Validation Mode: null
	Jar files URLs []
	Managed classes names []
	Mapping files names []
	Properties [
		javax.persistence.jdbc.driver: org.postgresql.Driver
		javax.persistence.jdbc.password: root
		hibernate.dialect: org.hibernate.dialect.PostgreSQLDialect
		javax.persistence.jdbc.url: jdbc:postgresql://localhost:5432/BuildWeek
		hibernate.hbm2ddl.auto: update
		javax.persistence.jdbc.user: postgres]
12:57:21.982 [main] DEBUG o.h.i.internal.IntegratorServiceImpl - Adding Integrator [org.hibernate.cfg.beanvalidation.BeanValidationIntegrator].
12:57:21.982 [main] DEBUG o.h.i.internal.IntegratorServiceImpl - Adding Integrator [org.hibernate.secure.spi.JaccIntegrator].
12:57:21.985 [main] DEBUG o.h.i.internal.IntegratorServiceImpl - Adding Integrator [org.hibernate.cache.internal.CollectionCacheInvalidator].
12:57:22.009 [main] INFO  org.hibernate.Version - HHH000412: Hibernate ORM core version 5.6.15.Final
12:57:22.010 [main] DEBUG org.hibernate.cfg.Environment - HHH000206: hibernate.properties not found
12:57:22.108 [main] DEBUG o.h.service.spi.ServiceBinding - Overriding existing service binding [org.hibernate.secure.spi.JaccService]
12:57:22.116 [main] DEBUG o.h.c.i.RegionFactoryInitiator - Cannot default RegionFactory based on registered strategies as `[]` RegionFactory strategies were registered
12:57:22.117 [main] DEBUG o.h.c.i.RegionFactoryInitiator - Cache region factory : org.hibernate.cache.internal.NoCachingRegionFactory
12:57:22.128 [main] INFO  o.h.annotations.common.Version - HCANN000001: Hibernate Commons Annotations {5.1.2.Final}
12:57:22.182 [main] DEBUG o.hibernate.type.BasicTypeRegistry - Adding type registration boolean -> org.hibernate.type.BooleanType@ea9b7c6
12:57:22.182 [main] DEBUG o.hibernate.type.BasicTypeRegistry - Adding type registration boolean -> org.hibernate.type.BooleanType@ea9b7c6
12:57:22.182 [main] DEBUG o.hibernate.type.BasicTypeRegistry - Adding type registration java.lang.Boolean -> org.hibernate.type.BooleanType@ea9b7c6
12:57:22.182 [main] DEBUG o.hibernate.type.BasicTypeRegistry - Adding type registration numeric_boolean -> org.hibernate.type.NumericBooleanType@3fffff43
12:57:22.182 [main] DEBUG o.hibernate.type.BasicTypeRegistry - Adding type registration true_false -> org.hibernate.type.TrueFalseType@7b324585
12:57:22.182 [main] DEBUG o.hibernate.type.BasicTypeRegistry - Adding type registration yes_no -> org.hibernate.type.YesNoType@fd8294b
12:57:22.184 [main] DEBUG o.hibernate.type.BasicTypeRegistry - Adding type registration byte -> org.hibernate.type.ByteType@4fbda97b
12:57:22.184 [main] DEBUG o.hibernate.type.BasicTypeRegistry - Adding type registration byte -> org.hibernate.type.ByteType@4fbda97b
12:57:22.184 [main] DEBUG o.hibernate.type.BasicTypeRegistry - Adding type registration java.lang.Byte -> org.hibernate.type.ByteType@4fbda97b
12:57:22.185 [main] DEBUG o.hibernate.type.BasicTypeRegistry - Adding type registration character -> org.hibernate.type.CharacterType@354fc8f0
12:57:22.185 [main] DEBUG o.hibernate.type.BasicTypeRegistry - Adding type registration char -> org.hibernate.type.CharacterType@354fc8f0
12:57:22.185 [main] DEBUG o.hibernate.type.BasicTypeRegistry - Adding type registration java.lang.Character -> org.hibernate.type.CharacterType@354fc8f0
12:57:22.186 [main] DEBUG o.hibernate.type.BasicTypeRegistry - Adding type registration short -> org.hibernate.type.ShortType@a4b2d8f
12:57:22.186 [main] DEBUG o.hibernate.type.BasicTypeRegistry - Adding type registration short -> org.hibernate.type.ShortType@a4b2d8f
12:57:22.186 [main] DEBUG o.hibernate.type.BasicTypeRegistry - Adding type registration java.lang.Short -> org.hibernate.type.ShortType@a4b2d8f
12:57:22.186 [main] DEBUG o.hibernate.type.BasicTypeRegistry - Adding type registration integer -> org.hibernate.type.IntegerType@51cd7ffc
12:57:22.186 [main] DEBUG o.hibernate.type.BasicTypeRegistry - Adding type registration int -> org.hibernate.type.IntegerType@51cd7ffc
12:57:22.187 [main] DEBUG o.hibernate.type.BasicTypeRegistry - Adding type registration java.lang.Integer -> org.hibernate.type.IntegerType@51cd7ffc
12:57:22.187 [main] DEBUG o.hibernate.type.BasicTypeRegistry - Adding type registration long -> org.hibernate.type.LongType@590c73d3
12:57:22.187 [main] DEBUG o.hibernate.type.BasicTypeRegistry - Adding type registration long -> org.hibernate.type.LongType@590c73d3
12:57:22.187 [main] DEBUG o.hibernate.type.BasicTypeRegistry - Adding type registration java.lang.Long -> org.hibernate.type.LongType@590c73d3
12:57:22.188 [main] DEBUG o.hibernate.type.BasicTypeRegistry - Adding type registration float -> org.hibernate.type.FloatType@79da1ec0
12:57:22.188 [main] DEBUG o.hibernate.type.BasicTypeRegistry - Adding type registration float -> org.hibernate.type.FloatType@79da1ec0
12:57:22.188 [main] DEBUG o.hibernate.type.BasicTypeRegistry - Adding type registration java.lang.Float -> org.hibernate.type.FloatType@79da1ec0
12:57:22.188 [main] DEBUG o.hibernate.type.BasicTypeRegistry - Adding type registration double -> org.hibernate.type.DoubleType@66ce957f
12:57:22.188 [main] DEBUG o.hibernate.type.BasicTypeRegistry - Adding type registration double -> org.hibernate.type.DoubleType@66ce957f
12:57:22.188 [main] DEBUG o.hibernate.type.BasicTypeRegistry - Adding type registration java.lang.Double -> org.hibernate.type.DoubleType@66ce957f
12:57:22.189 [main] DEBUG o.hibernate.type.BasicTypeRegistry - Adding type registration big_decimal -> org.hibernate.type.BigDecimalType@3b220bcb
12:57:22.189 [main] DEBUG o.hibernate.type.BasicTypeRegistry - Adding type registration java.math.BigDecimal -> org.hibernate.type.BigDecimalType@3b220bcb
12:57:22.189 [main] DEBUG o.hibernate.type.BasicTypeRegistry - Adding type registration big_integer -> org.hibernate.type.BigIntegerType@13e3c1c7
12:57:22.189 [main] DEBUG o.hibernate.type.BasicTypeRegistry - Adding type registration java.math.BigInteger -> org.hibernate.type.BigIntegerType@13e3c1c7
12:57:22.190 [main] DEBUG o.hibernate.type.BasicTypeRegistry - Adding type registration string -> org.hibernate.type.StringType@1d8062d2
12:57:22.190 [main] DEBUG o.hibernate.type.BasicTypeRegistry - Adding type registration java.lang.String -> org.hibernate.type.StringType@1d8062d2
12:57:22.190 [main] DEBUG o.hibernate.type.BasicTypeRegistry - Adding type registration nstring -> org.hibernate.type.StringNVarcharType@285c08c8
12:57:22.190 [main] DEBUG o.hibernate.type.BasicTypeRegistry - Adding type registration ncharacter -> org.hibernate.type.CharacterNCharType@64dafeed
12:57:22.191 [main] DEBUG o.hibernate.type.BasicTypeRegistry - Adding type registration url -> org.hibernate.type.UrlType@6111ba37
12:57:22.191 [main] DEBUG o.hibernate.type.BasicTypeRegistry - Adding type registration java.net.URL -> org.hibernate.type.UrlType@6111ba37
12:57:22.191 [main] DEBUG o.hibernate.type.BasicTypeRegistry - Adding type registration Duration -> org.hibernate.type.DurationType@4721d212
12:57:22.191 [main] DEBUG o.hibernate.type.BasicTypeRegistry - Adding type registration java.time.Duration -> org.hibernate.type.DurationType@4721d212
12:57:22.192 [main] DEBUG o.hibernate.type.BasicTypeRegistry - Adding type registration Instant -> org.hibernate.type.InstantType@654d8173
12:57:22.192 [main] DEBUG o.hibernate.type.BasicTypeRegistry - Adding type registration java.time.Instant -> org.hibernate.type.InstantType@654d8173
12:57:22.193 [main] DEBUG o.hibernate.type.BasicTypeRegistry - Adding type registration LocalDateTime -> org.hibernate.type.LocalDateTimeType@239b0f9d
12:57:22.193 [main] DEBUG o.hibernate.type.BasicTypeRegistry - Adding type registration java.time.LocalDateTime -> org.hibernate.type.LocalDateTimeType@239b0f9d
12:57:22.193 [main] DEBUG o.hibernate.type.BasicTypeRegistry - Adding type registration LocalDate -> org.hibernate.type.LocalDateType@650eab8
12:57:22.193 [main] DEBUG o.hibernate.type.BasicTypeRegistry - Adding type registration java.time.LocalDate -> org.hibernate.type.LocalDateType@650eab8
12:57:22.194 [main] DEBUG o.hibernate.type.BasicTypeRegistry - Adding type registration LocalTime -> org.hibernate.type.LocalTimeType@f0e995e
12:57:22.194 [main] DEBUG o.hibernate.type.BasicTypeRegistry - Adding type registration java.time.LocalTime -> org.hibernate.type.LocalTimeType@f0e995e
12:57:22.194 [main] DEBUG o.hibernate.type.BasicTypeRegistry - Adding type registration OffsetDateTime -> org.hibernate.type.OffsetDateTimeType@50fe837a
12:57:22.194 [main] DEBUG o.hibernate.type.BasicTypeRegistry - Adding type registration java.time.OffsetDateTime -> org.hibernate.type.OffsetDateTimeType@50fe837a
12:57:22.195 [main] DEBUG o.hibernate.type.BasicTypeRegistry - Adding type registration OffsetTime -> org.hibernate.type.OffsetTimeType@1623134f
12:57:22.195 [main] DEBUG o.hibernate.type.BasicTypeRegistry - Adding type registration java.time.OffsetTime -> org.hibernate.type.OffsetTimeType@1623134f
12:57:22.195 [main] DEBUG o.hibernate.type.BasicTypeRegistry - Adding type registration ZonedDateTime -> org.hibernate.type.ZonedDateTimeType@5ad10c1a
12:57:22.195 [main] DEBUG o.hibernate.type.BasicTypeRegistry - Adding type registration java.time.ZonedDateTime -> org.hibernate.type.ZonedDateTimeType@5ad10c1a
12:57:22.197 [main] DEBUG o.hibernate.type.BasicTypeRegistry - Adding type registration date -> org.hibernate.type.DateType@15eebbff
12:57:22.197 [main] DEBUG o.hibernate.type.BasicTypeRegistry - Adding type registration java.sql.Date -> org.hibernate.type.DateType@15eebbff
12:57:22.197 [main] DEBUG o.hibernate.type.BasicTypeRegistry - Adding type registration time -> org.hibernate.type.TimeType@3e34ace1
12:57:22.197 [main] DEBUG o.hibernate.type.BasicTypeRegistry - Adding type registration java.sql.Time -> org.hibernate.type.TimeType@3e34ace1
12:57:22.198 [main] DEBUG o.hibernate.type.BasicTypeRegistry - Adding type registration timestamp -> org.hibernate.type.TimestampType@6cbcf243
12:57:22.198 [main] DEBUG o.hibernate.type.BasicTypeRegistry - Adding type registration java.sql.Timestamp -> org.hibernate.type.TimestampType@6cbcf243
12:57:22.198 [main] DEBUG o.hibernate.type.BasicTypeRegistry - Adding type registration java.util.Date -> org.hibernate.type.TimestampType@6cbcf243
12:57:22.199 [main] DEBUG o.hibernate.type.BasicTypeRegistry - Adding type registration dbtimestamp -> org.hibernate.type.DbTimestampType@38be305c
12:57:22.200 [main] DEBUG o.hibernate.type.BasicTypeRegistry - Adding type registration calendar -> org.hibernate.type.CalendarType@26a4842b
12:57:22.200 [main] DEBUG o.hibernate.type.BasicTypeRegistry - Adding type registration java.util.Calendar -> org.hibernate.type.CalendarType@26a4842b
12:57:22.200 [main] DEBUG o.hibernate.type.BasicTypeRegistry - Adding type registration java.util.GregorianCalendar -> org.hibernate.type.CalendarType@26a4842b
12:57:22.201 [main] DEBUG o.hibernate.type.BasicTypeRegistry - Adding type registration calendar_date -> org.hibernate.type.CalendarDateType@a5b0b86
12:57:22.201 [main] DEBUG o.hibernate.type.BasicTypeRegistry - Adding type registration calendar_time -> org.hibernate.type.CalendarTimeType@2611b9a3
12:57:22.201 [main] DEBUG o.hibernate.type.BasicTypeRegistry - Adding type registration locale -> org.hibernate.type.LocaleType@5b64c4b7
12:57:22.201 [main] DEBUG o.hibernate.type.BasicTypeRegistry - Adding type registration java.util.Locale -> org.hibernate.type.LocaleType@5b64c4b7
12:57:22.202 [main] DEBUG o.hibernate.type.BasicTypeRegistry - Adding type registration currency -> org.hibernate.type.CurrencyType@1252b961
12:57:22.202 [main] DEBUG o.hibernate.type.BasicTypeRegistry - Adding type registration java.util.Currency -> org.hibernate.type.CurrencyType@1252b961
12:57:22.202 [main] DEBUG o.hibernate.type.BasicTypeRegistry - Adding type registration timezone -> org.hibernate.type.TimeZoneType@4d098f9b
12:57:22.202 [main] DEBUG o.hibernate.type.BasicTypeRegistry - Adding type registration java.util.TimeZone -> org.hibernate.type.TimeZoneType@4d098f9b
12:57:22.202 [main] DEBUG o.hibernate.type.BasicTypeRegistry - Adding type registration class -> org.hibernate.type.ClassType@7b64240d
12:57:22.202 [main] DEBUG o.hibernate.type.BasicTypeRegistry - Adding type registration java.lang.Class -> org.hibernate.type.ClassType@7b64240d
12:57:22.204 [main] DEBUG o.hibernate.type.BasicTypeRegistry - Adding type registration uuid-binary -> org.hibernate.type.UUIDBinaryType@6d24ffa1
12:57:22.204 [main] DEBUG o.hibernate.type.BasicTypeRegistry - Adding type registration java.util.UUID -> org.hibernate.type.UUIDBinaryType@6d24ffa1
12:57:22.204 [main] DEBUG o.hibernate.type.BasicTypeRegistry - Adding type registration uuid-char -> org.hibernate.type.UUIDCharType@426b6a74
12:57:22.205 [main] DEBUG o.hibernate.type.BasicTypeRegistry - Adding type registration binary -> org.hibernate.type.BinaryType@7d3430a7
12:57:22.205 [main] DEBUG o.hibernate.type.BasicTypeRegistry - Adding type registration byte[] -> org.hibernate.type.BinaryType@7d3430a7
12:57:22.205 [main] DEBUG o.hibernate.type.BasicTypeRegistry - Adding type registration [B -> org.hibernate.type.BinaryType@7d3430a7
12:57:22.205 [main] DEBUG o.hibernate.type.BasicTypeRegistry - Adding type registration wrapper-binary -> org.hibernate.type.WrapperBinaryType@5536379e
12:57:22.205 [main] DEBUG o.hibernate.type.BasicTypeRegistry - Adding type registration Byte[] -> org.hibernate.type.WrapperBinaryType@5536379e
12:57:22.205 [main] DEBUG o.hibernate.type.BasicTypeRegistry - Adding type registration [Ljava.lang.Byte; -> org.hibernate.type.WrapperBinaryType@5536379e
12:57:22.206 [main] DEBUG o.hibernate.type.BasicTypeRegistry - Adding type registration row_version -> org.hibernate.type.RowVersionType@2b491fee
12:57:22.206 [main] DEBUG o.hibernate.type.BasicTypeRegistry - Adding type registration image -> org.hibernate.type.ImageType@3e8f7922
12:57:22.206 [main] DEBUG o.hibernate.type.BasicTypeRegistry - Adding type registration characters -> org.hibernate.type.CharArrayType@6ca0256d
12:57:22.206 [main] DEBUG o.hibernate.type.BasicTypeRegistry - Adding type registration char[] -> org.hibernate.type.CharArrayType@6ca0256d
12:57:22.206 [main] DEBUG o.hibernate.type.BasicTypeRegistry - Adding type registration [C -> org.hibernate.type.CharArrayType@6ca0256d
12:57:22.207 [main] DEBUG o.hibernate.type.BasicTypeRegistry - Adding type registration wrapper-characters -> org.hibernate.type.CharacterArrayType@e260766
12:57:22.207 [main] DEBUG o.hibernate.type.BasicTypeRegistry - Adding type registration [Ljava.lang.Character; -> org.hibernate.type.CharacterArrayType@e260766
12:57:22.207 [main] DEBUG o.hibernate.type.BasicTypeRegistry - Adding type registration Character[] -> org.hibernate.type.CharacterArrayType@e260766
12:57:22.207 [main] DEBUG o.hibernate.type.BasicTypeRegistry - Adding type registration text -> org.hibernate.type.TextType@7c56e013
12:57:22.207 [main] DEBUG o.hibernate.type.BasicTypeRegistry - Adding type registration ntext -> org.hibernate.type.NTextType@6731787b
12:57:22.208 [main] DEBUG o.hibernate.type.BasicTypeRegistry - Adding type registration blob -> org.hibernate.type.BlobType@2cb3d0f7
12:57:22.208 [main] DEBUG o.hibernate.type.BasicTypeRegistry - Adding type registration java.sql.Blob -> org.hibernate.type.BlobType@2cb3d0f7
12:57:22.209 [main] DEBUG o.hibernate.type.BasicTypeRegistry - Adding type registration materialized_blob -> org.hibernate.type.MaterializedBlobType@5860f3d7
12:57:22.209 [main] DEBUG o.hibernate.type.BasicTypeRegistry - Adding type registration clob -> org.hibernate.type.ClobType@67389cb8
12:57:22.209 [main] DEBUG o.hibernate.type.BasicTypeRegistry - Adding type registration java.sql.Clob -> org.hibernate.type.ClobType@67389cb8
12:57:22.210 [main] DEBUG o.hibernate.type.BasicTypeRegistry - Adding type registration nclob -> org.hibernate.type.NClobType@74e47444
12:57:22.210 [main] DEBUG o.hibernate.type.BasicTypeRegistry - Adding type registration java.sql.NClob -> org.hibernate.type.NClobType@74e47444
12:57:22.210 [main] DEBUG o.hibernate.type.BasicTypeRegistry - Adding type registration materialized_clob -> org.hibernate.type.MaterializedClobType@6e4de19b
12:57:22.210 [main] DEBUG o.hibernate.type.BasicTypeRegistry - Adding type registration materialized_nclob -> org.hibernate.type.MaterializedNClobType@1991f767
12:57:22.211 [main] DEBUG o.hibernate.type.BasicTypeRegistry - Adding type registration serializable -> org.hibernate.type.SerializableType@7db82169
12:57:22.212 [main] DEBUG o.hibernate.type.BasicTypeRegistry - Adding type registration object -> org.hibernate.type.ObjectType@3a94964
12:57:22.212 [main] DEBUG o.hibernate.type.BasicTypeRegistry - Adding type registration java.lang.Object -> org.hibernate.type.ObjectType@3a94964
12:57:22.214 [main] DEBUG o.hibernate.type.BasicTypeRegistry - Adding type registration imm_date -> org.hibernate.type.AdaptedImmutableType@2a3591c5
12:57:22.214 [main] DEBUG o.hibernate.type.BasicTypeRegistry - Adding type registration imm_time -> org.hibernate.type.AdaptedImmutableType@34a75079
12:57:22.214 [main] DEBUG o.hibernate.type.BasicTypeRegistry - Adding type registration imm_timestamp -> org.hibernate.type.AdaptedImmutableType@346a361
12:57:22.214 [main] DEBUG o.hibernate.type.BasicTypeRegistry - Adding type registration imm_dbtimestamp -> org.hibernate.type.AdaptedImmutableType@107ed6fc
12:57:22.214 [main] DEBUG o.hibernate.type.BasicTypeRegistry - Adding type registration imm_calendar -> org.hibernate.type.AdaptedImmutableType@1643d68f
12:57:22.214 [main] DEBUG o.hibernate.type.BasicTypeRegistry - Adding type registration imm_calendar_date -> org.hibernate.type.AdaptedImmutableType@186978a6
12:57:22.214 [main] DEBUG o.hibernate.type.BasicTypeRegistry - Adding type registration imm_binary -> org.hibernate.type.AdaptedImmutableType@2e029d61
12:57:22.214 [main] DEBUG o.hibernate.type.BasicTypeRegistry - Adding type registration imm_serializable -> org.hibernate.type.AdaptedImmutableType@482d776b
12:57:22.221 [main] DEBUG o.h.b.internal.BootstrapContextImpl - Injecting ScanEnvironment [org.hibernate.jpa.boot.internal.StandardJpaScanEnvironmentImpl@649725e3] into BootstrapContext; was [null]
12:57:22.221 [main] DEBUG o.h.b.internal.BootstrapContextImpl - Injecting ScanOptions [org.hibernate.boot.archive.scan.internal.StandardScanOptions@3c0fae6c] into BootstrapContext; was [org.hibernate.boot.archive.scan.internal.StandardScanOptions@4c168660]
12:57:22.253 [main] DEBUG o.h.b.internal.BootstrapContextImpl - Injecting JPA temp ClassLoader [null] into BootstrapContext; was [null]
12:57:22.254 [main] DEBUG o.h.b.internal.ClassLoaderAccessImpl - ClassLoaderAccessImpl#injectTempClassLoader(null) [was null]
12:57:22.259 [main] DEBUG o.h.i.f.i.DefaultIdentifierGeneratorFactory - Registering IdentifierGenerator strategy [uuid2] -> [org.hibernate.id.UUIDGenerator]
12:57:22.260 [main] DEBUG o.h.i.f.i.DefaultIdentifierGeneratorFactory - Registering IdentifierGenerator strategy [guid] -> [org.hibernate.id.GUIDGenerator]
12:57:22.260 [main] DEBUG o.h.i.f.i.DefaultIdentifierGeneratorFactory - Registering IdentifierGenerator strategy [uuid] -> [org.hibernate.id.UUIDHexGenerator]
12:57:22.260 [main] DEBUG o.h.i.f.i.DefaultIdentifierGeneratorFactory - Registering IdentifierGenerator strategy [uuid.hex] -> [org.hibernate.id.UUIDHexGenerator]
12:57:22.260 [main] DEBUG o.h.i.f.i.DefaultIdentifierGeneratorFactory - Registering IdentifierGenerator strategy [assigned] -> [org.hibernate.id.Assigned]
12:57:22.261 [main] DEBUG o.h.i.f.i.DefaultIdentifierGeneratorFactory - Registering IdentifierGenerator strategy [identity] -> [org.hibernate.id.IdentityGenerator]
12:57:22.261 [main] DEBUG o.h.i.f.i.DefaultIdentifierGeneratorFactory - Registering IdentifierGenerator strategy [select] -> [org.hibernate.id.SelectGenerator]
12:57:22.261 [main] DEBUG o.h.i.f.i.DefaultIdentifierGeneratorFactory - Registering IdentifierGenerator strategy [sequence] -> [org.hibernate.id.enhanced.SequenceStyleGenerator]
12:57:22.262 [main] DEBUG o.h.i.f.i.DefaultIdentifierGeneratorFactory - Registering IdentifierGenerator strategy [seqhilo] -> [org.hibernate.id.SequenceHiLoGenerator]
12:57:22.262 [main] DEBUG o.h.i.f.i.DefaultIdentifierGeneratorFactory - Registering IdentifierGenerator strategy [increment] -> [org.hibernate.id.IncrementGenerator]
12:57:22.262 [main] DEBUG o.h.i.f.i.DefaultIdentifierGeneratorFactory - Registering IdentifierGenerator strategy [foreign] -> [org.hibernate.id.ForeignGenerator]
12:57:22.262 [main] DEBUG o.h.i.f.i.DefaultIdentifierGeneratorFactory - Registering IdentifierGenerator strategy [sequence-identity] -> [org.hibernate.id.SequenceIdentityGenerator]
12:57:22.262 [main] DEBUG o.h.i.f.i.DefaultIdentifierGeneratorFactory - Registering IdentifierGenerator strategy [enhanced-sequence] -> [org.hibernate.id.enhanced.SequenceStyleGenerator]
12:57:22.264 [main] DEBUG o.h.i.f.i.DefaultIdentifierGeneratorFactory - Registering IdentifierGenerator strategy [enhanced-table] -> [org.hibernate.id.enhanced.TableGenerator]
12:57:22.266 [main] WARN  o.hibernate.orm.connections.pooling - HHH10001002: Using Hibernate built-in connection pool (not for production use!)
12:57:22.269 [main] INFO  o.hibernate.orm.connections.pooling - HHH10001005: using driver [org.postgresql.Driver] at URL [jdbc:postgresql://localhost:5432/BuildWeek]
12:57:22.269 [main] INFO  o.hibernate.orm.connections.pooling - HHH10001001: Connection properties: {password=root, user=postgres}
12:57:22.269 [main] INFO  o.hibernate.orm.connections.pooling - HHH10001003: Autocommit mode: false
12:57:22.271 [main] DEBUG o.h.e.j.c.i.DriverManagerConnectionProviderImpl - Initializing Connection pool with 1 Connections
12:57:22.271 [main] INFO  o.h.e.j.c.i.DriverManagerConnectionProviderImpl - HHH000115: Hibernate connection pool size: 20 (min=1)
12:57:22.425 [main] DEBUG o.h.e.j.e.i.JdbcEnvironmentInitiator - Database ->
       name : PostgreSQL
    version : 15.3
      major : 15
      minor : 3
12:57:22.425 [main] DEBUG o.h.e.j.e.i.JdbcEnvironmentInitiator - Driver ->
       name : PostgreSQL JDBC Driver
    version : 42.6.0
      major : 42
      minor : 6
12:57:22.425 [main] DEBUG o.h.e.j.e.i.JdbcEnvironmentInitiator - JDBC version : 4.2
12:57:22.432 [main] INFO  org.hibernate.dialect.Dialect - HHH000400: Using dialect: org.hibernate.dialect.PostgreSQLDialect
12:57:22.440 [main] DEBUG o.h.e.j.e.s.IdentifierHelperBuilder - JDBC driver metadata reported database stores quoted identifiers in neither upper, lower nor mixed case
12:57:22.460 [main] DEBUG o.hibernate.type.BasicTypeRegistry - Adding type registration pg-uuid -> org.hibernate.type.PostgresUUIDType@22fba58c
12:57:22.460 [main] DEBUG o.hibernate.type.BasicTypeRegistry - Adding type registration java.util.UUID -> org.hibernate.type.PostgresUUIDType@22fba58c
12:57:22.460 [main] DEBUG o.hibernate.type.BasicTypeRegistry - HHH000270: Type registration [java.util.UUID] overrides previous : org.hibernate.type.UUIDBinaryType@6d24ffa1
12:57:22.462 [main] DEBUG o.h.type.spi.TypeConfiguration$Scope - Scoping TypeConfiguration [org.hibernate.type.spi.TypeConfiguration@189b5fb1] to MetadataBuildingContext [org.hibernate.boot.internal.MetadataBuildingContextRootImpl@783ec989]
12:57:22.484 [main] DEBUG o.h.boot.model.relational.Namespace - Created database namespace [logicalName=Name{catalog=null, schema=null}, physicalName=Name{catalog=null, schema=null}]
12:57:22.492 [main] DEBUG org.hibernate.cfg.AnnotationBinder - Binding entity from annotated class: Abstract.TicketSeller
12:57:22.501 [main] DEBUG org.hibernate.cfg.Ejb3Column - Binding column: Ejb3DiscriminatorColumn{logicalColumnName'type', discriminatorTypeName='string'}
12:57:22.504 [main] DEBUG o.h.cfg.annotations.EntityBinder - Import with entity name TicketSeller
12:57:22.506 [main] DEBUG o.h.cfg.annotations.EntityBinder - Bind entity Abstract.TicketSeller on table TicketSeller
12:57:22.523 [main] DEBUG org.hibernate.cfg.Ejb3Column - Binding column: Ejb3Column{table=org.hibernate.mapping.Table(TicketSeller), mappingColumn=id, insertable=true, updatable=true, unique=false}
12:57:22.524 [main] DEBUG o.h.b.internal.ClassLoaderAccessImpl - Not known whether passed class name [Abstract.TicketSeller] is safe
12:57:22.524 [main] DEBUG o.h.b.internal.ClassLoaderAccessImpl - No temp ClassLoader provided; using live ClassLoader for loading potentially unsafe class : Abstract.TicketSeller
12:57:22.525 [main] DEBUG o.h.cfg.annotations.PropertyBinder - MetadataSourceProcessor property id with lazy=false
12:57:22.527 [main] DEBUG o.h.cfg.AbstractPropertyHolder - Attempting to locate auto-apply AttributeConverter for property [Abstract.TicketSeller:id]
12:57:22.528 [main] DEBUG o.h.c.annotations.SimpleValueBinder - building SimpleValue for id
12:57:22.528 [main] DEBUG o.h.cfg.annotations.PropertyBinder - Building property id
12:57:22.531 [main] DEBUG org.hibernate.cfg.BinderHelper - #makeIdGenerator(org.hibernate.mapping.SimpleValue([org.hibernate.mapping.Column(id)]), id, org.hibernate.id.enhanced.SequenceStyleGenerator, elCat_seq, ...)
12:57:22.532 [main] DEBUG org.hibernate.cfg.Ejb3Column - Binding column: Ejb3Column{table=org.hibernate.mapping.Table(TicketSeller), mappingColumn=seller_name, insertable=true, updatable=true, unique=false}
12:57:22.532 [main] DEBUG o.h.cfg.annotations.PropertyBinder - MetadataSourceProcessor property name with lazy=false
12:57:22.532 [main] DEBUG o.h.cfg.AbstractPropertyHolder - Attempting to locate auto-apply AttributeConverter for property [Abstract.TicketSeller:name]
12:57:22.532 [main] DEBUG o.h.c.annotations.SimpleValueBinder - building SimpleValue for name
12:57:22.532 [main] DEBUG o.h.cfg.annotations.PropertyBinder - Building property name
12:57:22.532 [main] DEBUG org.hibernate.cfg.Ejb3Column - Binding column: Ejb3JoinColumn{logicalColumnName='null', referencedColumn='null', mappedBy=''}
12:57:22.532 [main] DEBUG org.hibernate.cfg.Ejb3Column - Binding column: Ejb3Column{table=org.hibernate.mapping.Table(TicketSeller), mappingColumn=passes, insertable=true, updatable=true, unique=false}
12:57:22.534 [main] DEBUG org.hibernate.cfg.Ejb3Column - Binding column: Ejb3Column{table=org.hibernate.mapping.Table(TicketSeller), mappingColumn=null, insertable=true, updatable=true, unique=false}
12:57:22.539 [main] DEBUG org.hibernate.cfg.Ejb3Column - Binding column: Ejb3Column{table=org.hibernate.mapping.Table(TicketSeller), mappingColumn=element, insertable=true, updatable=true, unique=false}
12:57:22.539 [main] DEBUG org.hibernate.cfg.Ejb3Column - Binding column: Ejb3Column{table=org.hibernate.mapping.Table(TicketSeller), mappingColumn=passes_KEY, insertable=true, updatable=true, unique=false}
12:57:22.539 [main] DEBUG org.hibernate.cfg.Ejb3Column - Binding column: Ejb3JoinColumn{logicalColumnName='passes_KEY', referencedColumn='null', mappedBy='null'}
12:57:22.540 [main] DEBUG org.hibernate.cfg.Ejb3Column - Binding column: Ejb3JoinColumn{logicalColumnName='null', referencedColumn='null', mappedBy=''}
12:57:22.540 [main] DEBUG org.hibernate.cfg.Ejb3Column - Binding column: Ejb3JoinColumn{logicalColumnName='null', referencedColumn='null', mappedBy=''}
12:57:22.541 [main] DEBUG o.h.cfg.annotations.CollectionBinder - Collection role: Abstract.TicketSeller.passes
12:57:22.542 [main] DEBUG o.h.cfg.annotations.PropertyBinder - Building property passes
12:57:22.542 [main] DEBUG org.hibernate.cfg.Ejb3Column - Binding column: Ejb3JoinColumn{logicalColumnName='null', referencedColumn='null', mappedBy=''}
12:57:22.542 [main] DEBUG org.hibernate.cfg.Ejb3Column - Binding column: Ejb3Column{table=org.hibernate.mapping.Table(TicketSeller), mappingColumn=tickets, insertable=true, updatable=true, unique=false}
12:57:22.542 [main] DEBUG org.hibernate.cfg.Ejb3Column - Binding column: Ejb3Column{table=org.hibernate.mapping.Table(TicketSeller), mappingColumn=null, insertable=true, updatable=true, unique=false}
12:57:22.542 [main] DEBUG org.hibernate.cfg.Ejb3Column - Binding column: Ejb3Column{table=org.hibernate.mapping.Table(TicketSeller), mappingColumn=element, insertable=true, updatable=true, unique=false}
12:57:22.542 [main] DEBUG org.hibernate.cfg.Ejb3Column - Binding column: Ejb3Column{table=org.hibernate.mapping.Table(TicketSeller), mappingColumn=tickets_KEY, insertable=true, updatable=true, unique=false}
12:57:22.542 [main] DEBUG org.hibernate.cfg.Ejb3Column - Binding column: Ejb3JoinColumn{logicalColumnName='tickets_KEY', referencedColumn='null', mappedBy='null'}
12:57:22.542 [main] DEBUG org.hibernate.cfg.Ejb3Column - Binding column: Ejb3JoinColumn{logicalColumnName='null', referencedColumn='null', mappedBy=''}
12:57:22.542 [main] DEBUG org.hibernate.cfg.Ejb3Column - Binding column: Ejb3JoinColumn{logicalColumnName='null', referencedColumn='null', mappedBy=''}
12:57:22.542 [main] DEBUG o.h.cfg.annotations.CollectionBinder - Collection role: Abstract.TicketSeller.tickets
12:57:22.542 [main] DEBUG o.h.cfg.annotations.PropertyBinder - Building property tickets
12:57:22.545 [main] DEBUG org.hibernate.cfg.AnnotationBinder - Binding entity from annotated class: Classes.Card
12:57:22.545 [main] DEBUG org.hibernate.cfg.Ejb3Column - Binding column: Ejb3DiscriminatorColumn{logicalColumnName'DTYPE', discriminatorTypeName='string'}
12:57:22.545 [main] DEBUG o.h.cfg.annotations.EntityBinder - Import with entity name Card
12:57:22.545 [main] DEBUG o.h.cfg.annotations.EntityBinder - Bind entity Classes.Card on table Card
12:57:22.547 [main] DEBUG org.hibernate.cfg.Ejb3Column - Binding column: Ejb3Column{table=org.hibernate.mapping.Table(Card), mappingColumn=id, insertable=true, updatable=true, unique=false}
12:57:22.547 [main] DEBUG o.h.b.internal.ClassLoaderAccessImpl - Not known whether passed class name [Classes.Card] is safe
12:57:22.547 [main] DEBUG o.h.b.internal.ClassLoaderAccessImpl - No temp ClassLoader provided; using live ClassLoader for loading potentially unsafe class : Classes.Card
12:57:22.547 [main] DEBUG o.h.cfg.annotations.PropertyBinder - MetadataSourceProcessor property id with lazy=false
12:57:22.547 [main] DEBUG o.h.cfg.AbstractPropertyHolder - Attempting to locate auto-apply AttributeConverter for property [Classes.Card:id]
12:57:22.547 [main] DEBUG o.h.c.annotations.SimpleValueBinder - building SimpleValue for id
12:57:22.547 [main] DEBUG o.h.cfg.annotations.PropertyBinder - Building property id
12:57:22.547 [main] DEBUG org.hibernate.cfg.BinderHelper - #makeIdGenerator(org.hibernate.mapping.SimpleValue([org.hibernate.mapping.Column(id)]), id, identity, , ...)
12:57:22.547 [main] DEBUG org.hibernate.cfg.Ejb3Column - Binding column: Ejb3Column{table=org.hibernate.mapping.Table(Card), mappingColumn=emissionDate, insertable=true, updatable=true, unique=false}
12:57:22.547 [main] DEBUG o.h.cfg.annotations.PropertyBinder - MetadataSourceProcessor property emissionDate with lazy=false
12:57:22.547 [main] DEBUG o.h.cfg.AbstractPropertyHolder - Attempting to locate auto-apply AttributeConverter for property [Classes.Card:emissionDate]
12:57:22.547 [main] DEBUG o.h.c.annotations.SimpleValueBinder - building SimpleValue for emissionDate
12:57:22.548 [main] DEBUG o.h.cfg.annotations.PropertyBinder - Building property emissionDate
12:57:22.548 [main] DEBUG org.hibernate.cfg.Ejb3Column - Binding column: Ejb3Column{table=org.hibernate.mapping.Table(Card), mappingColumn=expirationDate, insertable=true, updatable=true, unique=false}
12:57:22.548 [main] DEBUG o.h.cfg.annotations.PropertyBinder - MetadataSourceProcessor property expirationDate with lazy=false
12:57:22.548 [main] DEBUG o.h.cfg.AbstractPropertyHolder - Attempting to locate auto-apply AttributeConverter for property [Classes.Card:expirationDate]
12:57:22.548 [main] DEBUG o.h.c.annotations.SimpleValueBinder - building SimpleValue for expirationDate
12:57:22.548 [main] DEBUG o.h.cfg.annotations.PropertyBinder - Building property expirationDate
12:57:22.548 [main] DEBUG org.hibernate.cfg.Ejb3Column - Binding column: Ejb3JoinColumn{logicalColumnName='null', referencedColumn='null', mappedBy='cardNum'}
12:57:22.548 [main] DEBUG org.hibernate.cfg.Ejb3Column - Binding column: Ejb3Column{table=org.hibernate.mapping.Table(Card), mappingColumn=person, insertable=true, updatable=true, unique=false}
12:57:22.549 [main] DEBUG org.hibernate.cfg.AnnotationBinder - Binding entity from annotated class: Classes.Person
12:57:22.550 [main] DEBUG org.hibernate.cfg.Ejb3Column - Binding column: Ejb3DiscriminatorColumn{logicalColumnName'DTYPE', discriminatorTypeName='string'}
12:57:22.550 [main] DEBUG o.h.cfg.annotations.EntityBinder - Import with entity name Person
12:57:22.550 [main] DEBUG o.h.cfg.annotations.EntityBinder - Bind entity Classes.Person on table Person
12:57:22.550 [main] DEBUG org.hibernate.cfg.Ejb3Column - Binding column: Ejb3Column{table=org.hibernate.mapping.Table(Person), mappingColumn=id, insertable=true, updatable=true, unique=false}
12:57:22.550 [main] DEBUG o.h.b.internal.ClassLoaderAccessImpl - Not known whether passed class name [Classes.Person] is safe
12:57:22.550 [main] DEBUG o.h.b.internal.ClassLoaderAccessImpl - No temp ClassLoader provided; using live ClassLoader for loading potentially unsafe class : Classes.Person
12:57:22.550 [main] DEBUG o.h.cfg.annotations.PropertyBinder - MetadataSourceProcessor property id with lazy=false
12:57:22.550 [main] DEBUG o.h.cfg.AbstractPropertyHolder - Attempting to locate auto-apply AttributeConverter for property [Classes.Person:id]
12:57:22.550 [main] DEBUG o.h.c.annotations.SimpleValueBinder - building SimpleValue for id
12:57:22.550 [main] DEBUG o.h.cfg.annotations.PropertyBinder - Building property id
12:57:22.551 [main] DEBUG org.hibernate.cfg.BinderHelper - #makeIdGenerator(org.hibernate.mapping.SimpleValue([org.hibernate.mapping.Column(id)]), id, identity, , ...)
12:57:22.551 [main] DEBUG org.hibernate.cfg.Ejb3Column - Binding column: Ejb3Column{table=org.hibernate.mapping.Table(Person), mappingColumn=birthdate, insertable=true, updatable=true, unique=false}
12:57:22.551 [main] DEBUG o.h.cfg.annotations.PropertyBinder - MetadataSourceProcessor property birthdate with lazy=false
12:57:22.551 [main] DEBUG o.h.cfg.AbstractPropertyHolder - Attempting to locate auto-apply AttributeConverter for property [Classes.Person:birthdate]
12:57:22.551 [main] DEBUG o.h.c.annotations.SimpleValueBinder - building SimpleValue for birthdate
12:57:22.551 [main] DEBUG o.h.cfg.annotations.PropertyBinder - Building property birthdate
12:57:22.551 [main] DEBUG org.hibernate.cfg.Ejb3Column - Binding column: Ejb3JoinColumn{logicalColumnName='null', referencedColumn='null', mappedBy=''}
12:57:22.551 [main] DEBUG org.hibernate.cfg.Ejb3Column - Binding column: Ejb3Column{table=org.hibernate.mapping.Table(Person), mappingColumn=cardNum, insertable=true, updatable=true, unique=false}
12:57:22.552 [main] DEBUG o.h.cfg.annotations.PropertyBinder - Building property cardNum
12:57:22.552 [main] DEBUG org.hibernate.cfg.Ejb3Column - Binding column: Ejb3Column{table=org.hibernate.mapping.Table(Person), mappingColumn=firstName, insertable=true, updatable=true, unique=false}
12:57:22.552 [main] DEBUG o.h.cfg.annotations.PropertyBinder - MetadataSourceProcessor property firstName with lazy=false
12:57:22.552 [main] DEBUG o.h.cfg.AbstractPropertyHolder - Attempting to locate auto-apply AttributeConverter for property [Classes.Person:firstName]
12:57:22.552 [main] DEBUG o.h.c.annotations.SimpleValueBinder - building SimpleValue for firstName
12:57:22.552 [main] DEBUG o.h.cfg.annotations.PropertyBinder - Building property firstName
12:57:22.552 [main] DEBUG org.hibernate.cfg.Ejb3Column - Binding column: Ejb3Column{table=org.hibernate.mapping.Table(Person), mappingColumn=lastName, insertable=true, updatable=true, unique=false}
12:57:22.552 [main] DEBUG o.h.cfg.annotations.PropertyBinder - MetadataSourceProcessor property lastName with lazy=false
12:57:22.552 [main] DEBUG o.h.cfg.AbstractPropertyHolder - Attempting to locate auto-apply AttributeConverter for property [Classes.Person:lastName]
12:57:22.552 [main] DEBUG o.h.c.annotations.SimpleValueBinder - building SimpleValue for lastName
12:57:22.552 [main] DEBUG o.h.cfg.annotations.PropertyBinder - Building property lastName
12:57:22.552 [main] DEBUG org.hibernate.cfg.AnnotationBinder - Binding entity from annotated class: Classes.Ticket
12:57:22.552 [main] DEBUG org.hibernate.cfg.Ejb3Column - Binding column: Ejb3DiscriminatorColumn{logicalColumnName'DTYPE', discriminatorTypeName='string'}
12:57:22.552 [main] DEBUG o.h.cfg.annotations.EntityBinder - Import with entity name Ticket
12:57:22.552 [main] DEBUG o.h.cfg.annotations.EntityBinder - Bind entity Classes.Ticket on table Ticket
12:57:22.554 [main] DEBUG org.hibernate.cfg.Ejb3Column - Binding column: Ejb3Column{table=org.hibernate.mapping.Table(Ticket), mappingColumn=id, insertable=true, updatable=true, unique=false}
12:57:22.554 [main] DEBUG o.h.b.internal.ClassLoaderAccessImpl - Not known whether passed class name [Classes.Ticket] is safe
12:57:22.555 [main] DEBUG o.h.b.internal.ClassLoaderAccessImpl - No temp ClassLoader provided; using live ClassLoader for loading potentially unsafe class : Classes.Ticket
12:57:22.555 [main] DEBUG o.h.cfg.annotations.PropertyBinder - MetadataSourceProcessor property id with lazy=false
12:57:22.555 [main] DEBUG o.h.cfg.AbstractPropertyHolder - Attempting to locate auto-apply AttributeConverter for property [Classes.Ticket:id]
12:57:22.555 [main] DEBUG o.h.c.annotations.SimpleValueBinder - building SimpleValue for id
12:57:22.555 [main] DEBUG o.h.cfg.annotations.PropertyBinder - Building property id
12:57:22.555 [main] DEBUG org.hibernate.cfg.BinderHelper - #makeIdGenerator(org.hibernate.mapping.SimpleValue([org.hibernate.mapping.Column(id)]), id, identity, , ...)
12:57:22.555 [main] DEBUG org.hibernate.cfg.Ejb3Column - Binding column: Ejb3JoinColumn{logicalColumnName='null', referencedColumn='null', mappedBy='null'}
12:57:22.555 [main] DEBUG org.hibernate.cfg.Ejb3Column - Binding column: Ejb3Column{table=org.hibernate.mapping.Table(Ticket), mappingColumn=seller, insertable=true, updatable=true, unique=false}
12:57:22.555 [main] DEBUG o.h.cfg.annotations.PropertyBinder - Building property seller
12:57:22.555 [main] DEBUG org.hibernate.cfg.AnnotationBinder - Binding entity from annotated class: Classes.Pass
12:57:22.556 [main] DEBUG o.h.cfg.annotations.EntityBinder - Import with entity name Pass
12:57:22.557 [main] DEBUG org.hibernate.cfg.Ejb3Column - Binding column: Ejb3JoinColumn{logicalColumnName='null', referencedColumn='null', mappedBy=''}
12:57:22.557 [main] DEBUG org.hibernate.cfg.Ejb3Column - Binding column: Ejb3Column{table=org.hibernate.mapping.Table(Ticket), mappingColumn=person, insertable=true, updatable=true, unique=false}
12:57:22.557 [main] DEBUG o.h.cfg.annotations.PropertyBinder - Building property person
12:57:22.557 [main] DEBUG org.hibernate.cfg.Ejb3Column - Binding column: Ejb3JoinColumn{logicalColumnName='null', referencedColumn='null', mappedBy='null'}
12:57:22.557 [main] DEBUG org.hibernate.cfg.Ejb3Column - Binding column: Ejb3Column{table=org.hibernate.mapping.Table(Ticket), mappingColumn=sellers, insertable=true, updatable=true, unique=false}
12:57:22.557 [main] DEBUG o.h.cfg.annotations.PropertyBinder - Building property sellers
12:57:22.557 [main] DEBUG org.hibernate.cfg.Ejb3Column - Binding column: Ejb3Column{table=org.hibernate.mapping.Table(Ticket), mappingColumn=validity, insertable=true, updatable=true, unique=false}
12:57:22.557 [main] DEBUG o.h.cfg.annotations.PropertyBinder - MetadataSourceProcessor property validity with lazy=false
12:57:22.557 [main] DEBUG o.h.cfg.AbstractPropertyHolder - Attempting to locate auto-apply AttributeConverter for property [Classes.Pass:validity]
12:57:22.558 [main] DEBUG o.h.c.annotations.SimpleValueBinder - building SimpleValue for validity
12:57:22.558 [main] DEBUG o.h.cfg.annotations.PropertyBinder - Building property validity
12:57:22.559 [main] DEBUG org.hibernate.cfg.AnnotationBinder - Binding entity from annotated class: Classes.Shop
12:57:22.559 [main] DEBUG o.h.cfg.annotations.EntityBinder - Import with entity name Shop
12:57:22.559 [main] DEBUG org.hibernate.cfg.AnnotationBinder - Skipping attribute [java.util.List : passes] as it was already processed as part of super hierarchy
12:57:22.559 [main] DEBUG org.hibernate.cfg.Ejb3Column - Binding column: Ejb3JoinColumn{logicalColumnName='null', referencedColumn='null', mappedBy=''}
12:57:22.559 [main] DEBUG org.hibernate.cfg.Ejb3Column - Binding column: Ejb3Column{table=org.hibernate.mapping.Table(TicketSeller), mappingColumn=people, insertable=true, updatable=true, unique=false}
12:57:22.559 [main] DEBUG org.hibernate.cfg.Ejb3Column - Binding column: Ejb3Column{table=org.hibernate.mapping.Table(TicketSeller), mappingColumn=null, insertable=true, updatable=true, unique=false}
12:57:22.560 [main] DEBUG org.hibernate.cfg.Ejb3Column - Binding column: Ejb3Column{table=org.hibernate.mapping.Table(TicketSeller), mappingColumn=element, insertable=true, updatable=true, unique=false}
12:57:22.560 [main] DEBUG org.hibernate.cfg.Ejb3Column - Binding column: Ejb3Column{table=org.hibernate.mapping.Table(TicketSeller), mappingColumn=people_KEY, insertable=true, updatable=true, unique=false}
12:57:22.560 [main] DEBUG org.hibernate.cfg.Ejb3Column - Binding column: Ejb3JoinColumn{logicalColumnName='people_KEY', referencedColumn='null', mappedBy='null'}
12:57:22.560 [main] DEBUG org.hibernate.cfg.Ejb3Column - Binding column: Ejb3JoinColumn{logicalColumnName='null', referencedColumn='null', mappedBy=''}
12:57:22.560 [main] DEBUG org.hibernate.cfg.Ejb3Column - Binding column: Ejb3JoinColumn{logicalColumnName='null', referencedColumn='null', mappedBy=''}
12:57:22.560 [main] DEBUG o.h.cfg.annotations.CollectionBinder - Collection role: Classes.Shop.people
12:57:22.560 [main] DEBUG o.h.cfg.annotations.PropertyBinder - Building property people
12:57:22.560 [main] DEBUG org.hibernate.cfg.AnnotationBinder - Skipping attribute [java.util.List : tickets] as it was already processed as part of super hierarchy
12:57:22.560 [main] DEBUG org.hibernate.cfg.AnnotationBinder - Binding entity from annotated class: Classes.VendingMachine
12:57:22.560 [main] DEBUG o.h.cfg.annotations.EntityBinder - Import with entity name VendingMachine
12:57:22.560 [main] DEBUG org.hibernate.cfg.Ejb3Column - Binding column: Ejb3Column{table=org.hibernate.mapping.Table(TicketSeller), mappingColumn=isWorking, insertable=true, updatable=true, unique=false}
12:57:22.561 [main] DEBUG o.h.cfg.annotations.PropertyBinder - MetadataSourceProcessor property isWorking with lazy=false
12:57:22.561 [main] DEBUG o.h.cfg.AbstractPropertyHolder - Attempting to locate auto-apply AttributeConverter for property [Classes.VendingMachine:isWorking]
12:57:22.561 [main] DEBUG o.h.c.annotations.SimpleValueBinder - building SimpleValue for isWorking
12:57:22.561 [main] DEBUG o.h.cfg.annotations.PropertyBinder - Building property isWorking
12:57:22.562 [main] DEBUG o.h.c.annotations.SimpleValueBinder - Starting fillSimpleValue for id
12:57:22.562 [main] DEBUG o.h.c.annotations.SimpleValueBinder - Starting fillSimpleValue for name
12:57:22.562 [main] DEBUG o.h.c.annotations.SimpleValueBinder - Starting fillSimpleValue for id
12:57:22.562 [main] DEBUG o.h.c.annotations.SimpleValueBinder - Starting fillSimpleValue for emissionDate
12:57:22.562 [main] DEBUG o.h.c.annotations.SimpleValueBinder - Starting fillSimpleValue for expirationDate
12:57:22.562 [main] DEBUG o.h.c.annotations.SimpleValueBinder - Starting fillSimpleValue for id
12:57:22.562 [main] DEBUG o.h.c.annotations.SimpleValueBinder - Starting fillSimpleValue for birthdate
12:57:22.562 [main] DEBUG o.h.c.annotations.SimpleValueBinder - Starting fillSimpleValue for firstName
12:57:22.562 [main] DEBUG o.h.c.annotations.SimpleValueBinder - Starting fillSimpleValue for lastName
12:57:22.562 [main] DEBUG o.h.c.annotations.SimpleValueBinder - Starting fillSimpleValue for id
12:57:22.562 [main] DEBUG o.h.c.annotations.SimpleValueBinder - Starting fillSimpleValue for validity
12:57:22.562 [main] DEBUG o.h.c.annotations.SimpleValueBinder - Starting fillSimpleValue for isWorking
12:57:22.565 [main] DEBUG org.hibernate.mapping.PrimaryKey - Forcing column [id] to be non-null as it is part of the primary key for table [ticketseller]
12:57:22.565 [main] DEBUG org.hibernate.mapping.PrimaryKey - Forcing column [id] to be non-null as it is part of the primary key for table [card]
12:57:22.565 [main] DEBUG org.hibernate.mapping.PrimaryKey - Forcing column [id] to be non-null as it is part of the primary key for table [person]
12:57:22.565 [main] DEBUG org.hibernate.mapping.PrimaryKey - Forcing column [id] to be non-null as it is part of the primary key for table [ticket]
12:57:22.565 [main] DEBUG o.hibernate.cfg.CollectionSecondPass - Second pass for collection: Classes.Shop.people
12:57:22.565 [main] DEBUG o.h.cfg.annotations.CollectionBinder - Binding a OneToMany: Classes.Shop.people through an association table
12:57:22.571 [main] DEBUG o.hibernate.cfg.CollectionSecondPass - Mapped collection key: Shop_id, element: people_id
12:57:22.571 [main] DEBUG o.hibernate.cfg.CollectionSecondPass - Second pass for collection: Abstract.TicketSeller.tickets
12:57:22.571 [main] DEBUG o.h.cfg.annotations.CollectionBinder - Binding a OneToMany: Abstract.TicketSeller.tickets through an association table
12:57:22.571 [main] DEBUG o.hibernate.cfg.CollectionSecondPass - Mapped collection key: TicketSeller_id, element: tickets_id
12:57:22.571 [main] DEBUG o.hibernate.cfg.CollectionSecondPass - Second pass for collection: Abstract.TicketSeller.passes
12:57:22.571 [main] DEBUG o.h.cfg.annotations.CollectionBinder - Binding a OneToMany: Abstract.TicketSeller.passes through an association table
12:57:22.571 [main] DEBUG o.hibernate.cfg.CollectionSecondPass - Mapped collection key: TicketSeller_id, element: passes_id
12:57:22.572 [main] DEBUG o.h.cfg.annotations.PropertyBinder - Building property person
12:57:22.572 [main] DEBUG o.h.b.i.InFlightMetadataCollectorImpl - Processing association property references
12:57:22.572 [main] DEBUG o.h.b.i.InFlightMetadataCollectorImpl - Resolving reference to class: Classes.Card
12:57:22.574 [main] DEBUG o.h.b.i.InFlightMetadataCollectorImpl - Resolving reference to class: Abstract.TicketSeller
12:57:22.574 [main] DEBUG o.h.b.i.InFlightMetadataCollectorImpl - Resolving reference to class: Classes.Person
12:57:22.574 [main] DEBUG o.h.b.i.InFlightMetadataCollectorImpl - Resolving reference to class: Abstract.TicketSeller
12:57:22.575 [main] DEBUG o.h.b.i.InFlightMetadataCollectorImpl - Resolving reference to class: Classes.Person
12:57:22.575 [main] DEBUG o.h.b.i.InFlightMetadataCollectorImpl - Resolving reference to class: Classes.Shop
12:57:22.575 [main] DEBUG o.h.b.i.InFlightMetadataCollectorImpl - Resolving reference to class: Classes.Ticket
12:57:22.575 [main] DEBUG o.h.b.i.InFlightMetadataCollectorImpl - Resolving reference to class: Abstract.TicketSeller
12:57:22.575 [main] DEBUG o.h.b.i.InFlightMetadataCollectorImpl - Resolving reference to class: Classes.Pass
12:57:22.576 [main] DEBUG o.h.b.i.InFlightMetadataCollectorImpl - Processing association property references
12:57:22.576 [main] DEBUG o.h.b.i.InFlightMetadataCollectorImpl - Resolving reference to class: Classes.Card
12:57:22.577 [main] DEBUG o.h.b.i.InFlightMetadataCollectorImpl - Resolving reference to class: Abstract.TicketSeller
12:57:22.577 [main] DEBUG o.h.b.i.InFlightMetadataCollectorImpl - Resolving reference to class: Classes.Person
12:57:22.577 [main] DEBUG o.h.b.i.InFlightMetadataCollectorImpl - Resolving reference to class: Abstract.TicketSeller
12:57:22.577 [main] DEBUG o.h.b.i.InFlightMetadataCollectorImpl - Resolving reference to class: Classes.Person
12:57:22.577 [main] DEBUG o.h.b.i.InFlightMetadataCollectorImpl - Resolving reference to class: Classes.Shop
12:57:22.577 [main] DEBUG o.h.b.i.InFlightMetadataCollectorImpl - Resolving reference to class: Classes.Ticket
12:57:22.577 [main] DEBUG o.h.b.i.InFlightMetadataCollectorImpl - Resolving reference to class: Abstract.TicketSeller
12:57:22.577 [main] DEBUG o.h.b.i.InFlightMetadataCollectorImpl - Resolving reference to class: Classes.Pass
12:57:22.603 [main] DEBUG o.h.internal.SessionFactoryImpl - Building session factory
12:57:22.603 [main] DEBUG org.hibernate.cfg.Settings - SessionFactory name : null
12:57:22.603 [main] DEBUG org.hibernate.cfg.Settings - Automatic flush during beforeCompletion(): enabled
12:57:22.604 [main] DEBUG org.hibernate.cfg.Settings - Automatic session close at end of transaction: disabled
12:57:22.604 [main] DEBUG org.hibernate.cfg.Settings - Statistics: disabled
12:57:22.604 [main] DEBUG org.hibernate.cfg.Settings - Deleted entity synthetic identifier rollback: disabled
12:57:22.604 [main] DEBUG org.hibernate.cfg.Settings - Default entity-mode: pojo
12:57:22.604 [main] DEBUG org.hibernate.cfg.Settings - Check Nullability in Core (should be disabled when Bean Validation is on): enabled
12:57:22.604 [main] DEBUG org.hibernate.cfg.Settings - Allow initialization of lazy state outside session : disabled
12:57:22.604 [main] DEBUG org.hibernate.cfg.Settings - Using BatchFetchStyle : LEGACY
12:57:22.604 [main] DEBUG org.hibernate.cfg.Settings - Default batch fetch size: -1
12:57:22.604 [main] DEBUG org.hibernate.cfg.Settings - Maximum outer join fetch depth: null
12:57:22.604 [main] DEBUG org.hibernate.cfg.Settings - Default null ordering: NONE
12:57:22.604 [main] DEBUG org.hibernate.cfg.Settings - Order SQL updates by primary key: disabled
12:57:22.604 [main] DEBUG org.hibernate.cfg.Settings - Order SQL inserts for batching: disabled
12:57:22.604 [main] DEBUG org.hibernate.cfg.Settings - multi-tenancy strategy : NONE
12:57:22.604 [main] DEBUG org.hibernate.cfg.Settings - JTA Track by Thread: enabled
12:57:22.604 [main] DEBUG org.hibernate.cfg.Settings - Query language substitutions: {}
12:57:22.604 [main] DEBUG org.hibernate.cfg.Settings - Named query checking : enabled
12:57:22.604 [main] DEBUG org.hibernate.cfg.Settings - Second-level cache: disabled
12:57:22.604 [main] DEBUG org.hibernate.cfg.Settings - Second-level query cache: disabled
12:57:22.604 [main] DEBUG org.hibernate.cfg.Settings - Second-level query cache factory: null
12:57:22.604 [main] DEBUG org.hibernate.cfg.Settings - Second-level cache region prefix: null
12:57:22.604 [main] DEBUG org.hibernate.cfg.Settings - Optimize second-level cache for minimal puts: disabled
12:57:22.604 [main] DEBUG org.hibernate.cfg.Settings - Structured second-level cache entries: disabled
12:57:22.604 [main] DEBUG org.hibernate.cfg.Settings - Second-level cache direct-reference entries: disabled
12:57:22.604 [main] DEBUG org.hibernate.cfg.Settings - Automatic eviction of collection cache: disabled
12:57:22.604 [main] DEBUG org.hibernate.cfg.Settings - JDBC batch size: 15
12:57:22.604 [main] DEBUG org.hibernate.cfg.Settings - JDBC batch updates for versioned data: enabled
12:57:22.604 [main] DEBUG org.hibernate.cfg.Settings - Scrollable result sets: enabled
12:57:22.604 [main] DEBUG org.hibernate.cfg.Settings - Wrap result sets: disabled
12:57:22.604 [main] DEBUG org.hibernate.cfg.Settings - JDBC3 getGeneratedKeys(): enabled
12:57:22.604 [main] DEBUG org.hibernate.cfg.Settings - JDBC result set fetch size: null
12:57:22.604 [main] DEBUG org.hibernate.cfg.Settings - Connection release mode: AFTER_TRANSACTION
12:57:22.604 [main] DEBUG org.hibernate.cfg.Settings - Generate SQL with comments: disabled
12:57:22.604 [main] DEBUG org.hibernate.cfg.Settings - JPA compliance - query : disabled
12:57:22.605 [main] DEBUG org.hibernate.cfg.Settings - JPA compliance - closed-handling : disabled
12:57:22.605 [main] DEBUG org.hibernate.cfg.Settings - JPA compliance - lists : disabled
12:57:22.605 [main] DEBUG org.hibernate.cfg.Settings - JPA compliance - transactions : disabled
12:57:22.611 [main] DEBUG o.h.b.internal.ClassLoaderAccessImpl - Not known whether passed class name [Classes.Pass] is safe
12:57:22.611 [main] DEBUG o.h.b.internal.ClassLoaderAccessImpl - No temp ClassLoader provided; using live ClassLoader for loading potentially unsafe class : Classes.Pass
12:57:22.611 [main] DEBUG o.h.b.internal.ClassLoaderAccessImpl - Not known whether passed class name [Classes.Shop] is safe
12:57:22.611 [main] DEBUG o.h.b.internal.ClassLoaderAccessImpl - No temp ClassLoader provided; using live ClassLoader for loading potentially unsafe class : Classes.Shop
12:57:22.611 [main] DEBUG o.h.b.internal.ClassLoaderAccessImpl - Not known whether passed class name [Classes.VendingMachine] is safe
12:57:22.611 [main] DEBUG o.h.b.internal.ClassLoaderAccessImpl - No temp ClassLoader provided; using live ClassLoader for loading potentially unsafe class : Classes.VendingMachine
12:57:22.640 [main] DEBUG o.h.s.i.SessionFactoryServiceRegistryImpl - EventListenerRegistry access via ServiceRegistry is deprecated.  Use `sessionFactory.getEventEngine().getListenerRegistry()` instead
12:57:22.641 [main] DEBUG o.h.s.i.SessionFactoryServiceRegistryImpl - EventListenerRegistry access via ServiceRegistry is deprecated.  Use `sessionFactory.getEventEngine().getListenerRegistry()` instead
12:57:22.650 [main] DEBUG o.h.internal.SessionFactoryImpl - Session factory constructed with filter configurations : {}
12:57:22.650 [main] DEBUG o.h.internal.SessionFactoryImpl - Instantiating session factory with properties: {java.specification.version=17, sun.cpu.isalist=amd64, sun.jnu.encoding=Cp1252, hibernate.dialect=org.hibernate.dialect.PostgreSQLDialect, java.class.path=C:\Users\total\Desktop\All\Epicode\fs0223-Luca-Sernicola-BackEnd\BuildWeek_4\target\classes;C:\Users\total\.m2\repository\ch\qos\logback\logback-classic\1.4.8\logback-classic-1.4.8.jar;C:\Users\total\.m2\repository\ch\qos\logback\logback-core\1.4.8\logback-core-1.4.8.jar;C:\Users\total\.m2\repository\org\slf4j\slf4j-api\2.0.7\slf4j-api-2.0.7.jar;C:\Users\total\.m2\repository\commons-io\commons-io\2.13.0\commons-io-2.13.0.jar;C:\Users\total\.m2\repository\org\postgresql\postgresql\42.6.0\postgresql-42.6.0.jar;C:\Users\total\.m2\repository\org\checkerframework\checker-qual\3.31.0\checker-qual-3.31.0.jar;C:\Users\total\.m2\repository\org\hibernate\hibernate-core\5.6.15.Final\hibernate-core-5.6.15.Final.jar;C:\Users\total\.m2\repository\org\jboss\logging\jboss-logging\3.4.3.Final\jboss-logging-3.4.3.Final.jar;C:\Users\total\.m2\repository\javax\persistence\javax.persistence-api\2.2\javax.persistence-api-2.2.jar;C:\Users\total\.m2\repository\net\bytebuddy\byte-buddy\1.12.18\byte-buddy-1.12.18.jar;C:\Users\total\.m2\repository\antlr\antlr\2.7.7\antlr-2.7.7.jar;C:\Users\total\.m2\repository\org\jboss\spec\javax\transaction\jboss-transaction-api_1.2_spec\1.1.1.Final\jboss-transaction-api_1.2_spec-1.1.1.Final.jar;C:\Users\total\.m2\repository\org\jboss\jandex\2.4.2.Final\jandex-2.4.2.Final.jar;C:\Users\total\.m2\repository\com\fasterxml\classmate\1.5.1\classmate-1.5.1.jar;C:\Users\total\.m2\repository\javax\activation\javax.activation-api\1.2.0\javax.activation-api-1.2.0.jar;C:\Users\total\.m2\repository\org\hibernate\common\hibernate-commons-annotations\5.1.2.Final\hibernate-commons-annotations-5.1.2.Final.jar;C:\Users\total\.m2\repository\javax\xml\bind\jaxb-api\2.3.1\jaxb-api-2.3.1.jar;C:\Users\total\.m2\repository\org\glassfish\jaxb\jaxb-runtime\2.3.1\jaxb-runtime-2.3.1.jar;C:\Users\total\.m2\repository\org\glassfish\jaxb\txw2\2.3.1\txw2-2.3.1.jar;C:\Users\total\.m2\repository\com\sun\istack\istack-commons-runtime\3.0.7\istack-commons-runtime-3.0.7.jar;C:\Users\total\.m2\repository\org\jvnet\staxex\stax-ex\1.8\stax-ex-1.8.jar;C:\Users\total\.m2\repository\com\sun\xml\fastinfoset\FastInfoset\1.2.15\FastInfoset-1.2.15.jar;C:\Users\total\Desktop\All\Epicode\fs0223-Luca-Sernicola-BackEnd\Homework_W3_D3\target\classes, java.vm.vendor=Eclipse Adoptium, sun.arch.data.model=64, user.variant=, java.vendor.url=https://adoptium.net/, user.timezone=Europe/Rome, javax.persistence.jdbc.url=jdbc:postgresql://localhost:5432/BuildWeek, javax.persistence.jdbc.user=****, java.vm.specification.version=17, os.name=Windows 11, jakarta.persistence.jdbc.password=****, sun.java.launcher=SUN_STANDARD, user.country=US, local.setting.IS_JTA_TXN_COORD=false, sun.boot.library.path=C:\Users\total\.p2\pool\plugins\org.eclipse.justj.openjdk.hotspot.jre.full.win32.x86_64_17.0.7.v20230425-1502\jre\bin, sun.java.command=MainClass.MainClass, jdk.debug=release, jakarta.persistence.jdbc.driver=org.postgresql.Driver, sun.cpu.endian=little, user.home=C:\Users\total, user.language=en, java.specification.vendor=Oracle Corporation, java.version.date=2023-04-18, java.home=C:\Users\total\.p2\pool\plugins\org.eclipse.justj.openjdk.hotspot.jre.full.win32.x86_64_17.0.7.v20230425-1502\jre, file.separator=\, java.vm.compressedOopsMode=Zero based, jakarta.persistence.jdbc.user=****, line.separator=
, hibernate.persistenceUnitName=BuildWeek_4, java.vm.specification.vendor=Oracle Corporation, java.specification.name=Java Platform API Specification, hibernate.transaction.coordinator_class=class org.hibernate.resource.transaction.backend.jdbc.internal.JdbcResourceLocalTransactionCoordinatorBuilderImpl, javax.persistence.jdbc.driver=org.postgresql.Driver, hibernate.hbm2ddl.auto=update, user.script=, sun.management.compiler=HotSpot 64-Bit Tiered Compilers, java.runtime.version=17.0.7+7, user.name=total, path.separator=;, hibernate.connection.username=****, os.version=10.0, java.runtime.name=OpenJDK Runtime Environment, hibernate.connection.url=jdbc:postgresql://localhost:5432/BuildWeek, file.encoding=UTF-8, hibernate.ejb.persistenceUnitName=BuildWeek_4, java.vm.name=OpenJDK 64-Bit Server VM, java.vendor.version=Temurin-17.0.7+7, hibernate.connection.driver_class=org.postgresql.Driver, java.vendor.url.bug=https://github.com/adoptium/adoptium-support/issues, java.io.tmpdir=C:\Users\total\AppData\Local\Temp\, java.version=17.0.7, user.dir=C:\Users\total\Desktop\All\Epicode\fs0223-Luca-Sernicola-BackEnd\BuildWeek_4, os.arch=amd64, java.vm.specification.name=Java Virtual Machine Specification, hibernate.connection.password=****, sun.os.patch.level=, jakarta.persistence.jdbc.url=jdbc:postgresql://localhost:5432/BuildWeek, hibernate.boot.CfgXmlAccessService.key=org.hibernate.boot.registry.StandardServiceRegistryBuilder$1@3e3861d7, native.encoding=Cp1252, java.library.path=C:\Users\total\.p2\pool\plugins\org.eclipse.justj.openjdk.hotspot.jre.full.win32.x86_64_17.0.7.v20230425-1502\jre\bin;C:\windows\Sun\Java\bin;C:\windows\system32;C:\windows;C:/Users/total/.p2/pool/plugins/org.eclipse.justj.openjdk.hotspot.jre.full.win32.x86_64_17.0.7.v20230425-1502/jre/bin/server;C:/Users/total/.p2/pool/plugins/org.eclipse.justj.openjdk.hotspot.jre.full.win32.x86_64_17.0.7.v20230425-1502/jre/bin;C:\Program Files\Eclipse Adoptium\jdk-17.0.7.7-hotspot\bin;C:\Program Files (x86)\NVIDIA Corporation\PhysX\Common;C:\windows\system32;C:\windows;C:\windows\System32\Wbem;C:\windows\System32\WindowsPowerShell\v1.0\;C:\windows\System32\OpenSSH\;C:\Program Files\Git\cmd;C:\Program Files\nodejs\;C:\Users\total\AppData\Local\Microsoft\WindowsApps;C:\Users\total\AppData\Local\Programs\Microsoft VS Code\bin;C:\Users\total\AppData\Roaming\npm;C:\Users\total\AppData\Local\GitHubDesktop\bin;C:\windows\System32;;., java.vendor=Eclipse Adoptium, java.vm.info=mixed mode, java.vm.version=17.0.7+7, hibernate.bytecode.use_reflection_optimizer=false, sun.io.unicode.encoding=UnicodeLittle, javax.persistence.jdbc.password=****, java.class.version=61.0}
12:57:22.662 [main] DEBUG o.h.secure.spi.JaccIntegrator - Skipping JACC integration as it was not enabled
12:57:22.666 [main] DEBUG org.hibernate.type.EnumType - Using ORDINAL-based conversion for Enum Enums.Validity
12:57:22.668 [main] DEBUG o.h.internal.SessionFactoryImpl - Instantiated session factory
12:57:22.668 [main] DEBUG o.h.type.spi.TypeConfiguration$Scope - Scoping TypeConfiguration [org.hibernate.type.spi.TypeConfiguration@189b5fb1] to SessionFactoryImpl [org.hibernate.internal.SessionFactoryImpl@1416cf9f]
12:57:22.703 [main] DEBUG o.h.b.internal.ClassLoaderAccessImpl - Not known whether passed class name [Abstract.TicketSeller] is safe
12:57:22.704 [main] DEBUG o.h.b.internal.ClassLoaderAccessImpl - No temp ClassLoader provided; using live ClassLoader for loading potentially unsafe class : Abstract.TicketSeller
12:57:22.705 [main] DEBUG o.h.b.internal.ClassLoaderAccessImpl - Not known whether passed class name [Classes.Shop] is safe
12:57:22.705 [main] DEBUG o.h.b.internal.ClassLoaderAccessImpl - No temp ClassLoader provided; using live ClassLoader for loading potentially unsafe class : Classes.Shop
12:57:22.705 [main] DEBUG o.h.b.internal.ClassLoaderAccessImpl - Not known whether passed class name [Classes.VendingMachine] is safe
12:57:22.705 [main] DEBUG o.h.b.internal.ClassLoaderAccessImpl - No temp ClassLoader provided; using live ClassLoader for loading potentially unsafe class : Classes.VendingMachine
12:57:22.812 [main] DEBUG o.hibernate.orm.bytecode.interceptor - To-one property `Classes.Card#person` was mapped with LAZY + NO_PROXY but the class was not enhanced
12:57:22.814 [main] DEBUG o.hibernate.orm.bytecode.interceptor - To-one property `Classes.Card#person` was mapped with LAZY + NO_PROXY but the class was not enhanced
12:57:22.814 [main] DEBUG o.h.b.internal.ClassLoaderAccessImpl - Not known whether passed class name [Classes.Card] is safe
12:57:22.814 [main] DEBUG o.h.b.internal.ClassLoaderAccessImpl - No temp ClassLoader provided; using live ClassLoader for loading potentially unsafe class : Classes.Card
12:57:22.822 [main] DEBUG o.hibernate.orm.bytecode.interceptor - To-one property `Classes.Card#person` was mapped with LAZY + NO_PROXY but the class was not enhanced
12:57:22.822 [main] DEBUG o.hibernate.orm.bytecode.interceptor - To-one property `Classes.Card#person` was mapped with LAZY + NO_PROXY but the class was not enhanced
12:57:22.822 [main] DEBUG o.hibernate.orm.bytecode.interceptor - To-one property `Classes.Person#cardNum` was mapped with LAZY + NO_PROXY but the class was not enhanced
12:57:22.822 [main] DEBUG o.hibernate.orm.bytecode.interceptor - To-one property `Classes.Person#cardNum` was mapped with LAZY + NO_PROXY but the class was not enhanced
12:57:22.822 [main] DEBUG o.h.b.internal.ClassLoaderAccessImpl - Not known whether passed class name [Classes.Person] is safe
12:57:22.822 [main] DEBUG o.h.b.internal.ClassLoaderAccessImpl - No temp ClassLoader provided; using live ClassLoader for loading potentially unsafe class : Classes.Person
12:57:22.829 [main] DEBUG o.hibernate.orm.bytecode.interceptor - To-one property `Classes.Person#cardNum` was mapped with LAZY + NO_PROXY but the class was not enhanced
12:57:22.829 [main] DEBUG o.hibernate.orm.bytecode.interceptor - To-one property `Classes.Person#cardNum` was mapped with LAZY + NO_PROXY but the class was not enhanced
12:57:22.829 [main] DEBUG o.hibernate.orm.bytecode.interceptor - To-one property `Classes.Ticket#seller` was mapped with LAZY + NO_PROXY but the class was not enhanced
12:57:22.829 [main] DEBUG o.hibernate.orm.bytecode.interceptor - To-one property `Classes.Ticket#seller` was mapped with LAZY + NO_PROXY but the class was not enhanced
12:57:22.829 [main] DEBUG o.hibernate.orm.bytecode.interceptor - To-one property `Classes.Pass#person` was mapped with LAZY + NO_PROXY but the class was not enhanced
12:57:22.829 [main] DEBUG o.hibernate.orm.bytecode.interceptor - To-one property `Classes.Pass#person` was mapped with LAZY + NO_PROXY but the class was not enhanced
12:57:22.829 [main] DEBUG o.hibernate.orm.bytecode.interceptor - To-one property `Classes.Pass#sellers` was mapped with LAZY + NO_PROXY but the class was not enhanced
12:57:22.829 [main] DEBUG o.hibernate.orm.bytecode.interceptor - To-one property `Classes.Pass#sellers` was mapped with LAZY + NO_PROXY but the class was not enhanced
12:57:22.829 [main] DEBUG o.h.b.internal.ClassLoaderAccessImpl - Not known whether passed class name [Classes.Pass] is safe
12:57:22.829 [main] DEBUG o.h.b.internal.ClassLoaderAccessImpl - No temp ClassLoader provided; using live ClassLoader for loading potentially unsafe class : Classes.Pass
12:57:22.835 [main] DEBUG o.hibernate.orm.bytecode.interceptor - To-one property `Classes.Ticket#seller` was mapped with LAZY + NO_PROXY but the class was not enhanced
12:57:22.835 [main] DEBUG o.hibernate.orm.bytecode.interceptor - To-one property `Classes.Pass#person` was mapped with LAZY + NO_PROXY but the class was not enhanced
12:57:22.835 [main] DEBUG o.hibernate.orm.bytecode.interceptor - To-one property `Classes.Pass#sellers` was mapped with LAZY + NO_PROXY but the class was not enhanced
12:57:22.835 [main] DEBUG o.hibernate.orm.bytecode.interceptor - To-one property `Classes.Ticket#seller` was mapped with LAZY + NO_PROXY but the class was not enhanced
12:57:22.835 [main] DEBUG o.hibernate.orm.bytecode.interceptor - To-one property `Classes.Pass#person` was mapped with LAZY + NO_PROXY but the class was not enhanced
12:57:22.835 [main] DEBUG o.hibernate.orm.bytecode.interceptor - To-one property `Classes.Pass#sellers` was mapped with LAZY + NO_PROXY but the class was not enhanced
12:57:22.840 [main] DEBUG o.hibernate.orm.bytecode.interceptor - To-one property `Classes.Ticket#seller` was mapped with LAZY + NO_PROXY but the class was not enhanced
12:57:22.840 [main] DEBUG o.hibernate.orm.bytecode.interceptor - To-one property `Classes.Ticket#seller` was mapped with LAZY + NO_PROXY but the class was not enhanced
12:57:22.840 [main] DEBUG o.h.b.internal.ClassLoaderAccessImpl - Not known whether passed class name [Classes.Ticket] is safe
12:57:22.840 [main] DEBUG o.h.b.internal.ClassLoaderAccessImpl - No temp ClassLoader provided; using live ClassLoader for loading potentially unsafe class : Classes.Ticket
12:57:22.844 [main] DEBUG o.hibernate.orm.bytecode.interceptor - To-one property `Classes.Ticket#seller` was mapped with LAZY + NO_PROXY but the class was not enhanced
12:57:22.844 [main] DEBUG o.hibernate.orm.bytecode.interceptor - To-one property `Classes.Ticket#seller` was mapped with LAZY + NO_PROXY but the class was not enhanced
12:57:22.844 [main] DEBUG o.hibernate.orm.bytecode.interceptor - To-one property `Classes.Pass#person` was mapped with LAZY + NO_PROXY but the class was not enhanced
12:57:22.844 [main] DEBUG o.hibernate.orm.bytecode.interceptor - To-one property `Classes.Pass#sellers` was mapped with LAZY + NO_PROXY but the class was not enhanced
12:57:22.854 [main] DEBUG o.h.p.c.AbstractCollectionPersister - Static SQL for collection: Abstract.TicketSeller.tickets
12:57:22.855 [main] DEBUG o.h.p.c.AbstractCollectionPersister -  Row insert: insert into TicketSeller_Ticket (TicketSeller_id, tickets_id) values (?, ?)
12:57:22.855 [main] DEBUG o.h.p.c.AbstractCollectionPersister -  Row update: update TicketSeller_Ticket set tickets_id=? where TicketSeller_id=? and tickets_id=?
12:57:22.855 [main] DEBUG o.h.p.c.AbstractCollectionPersister -  Row delete: delete from TicketSeller_Ticket where TicketSeller_id=? and tickets_id=?
12:57:22.855 [main] DEBUG o.h.p.c.AbstractCollectionPersister -  One-shot delete: delete from TicketSeller_Ticket where TicketSeller_id=?
12:57:22.855 [main] DEBUG o.h.p.c.AbstractCollectionPersister - Static SQL for collection: Abstract.TicketSeller.passes
12:57:22.855 [main] DEBUG o.h.p.c.AbstractCollectionPersister -  Row insert: insert into TicketSeller_Ticket (TicketSeller_id, passes_id) values (?, ?)
12:57:22.855 [main] DEBUG o.h.p.c.AbstractCollectionPersister -  Row update: update TicketSeller_Ticket set passes_id=? where TicketSeller_id=? and passes_id=?
12:57:22.855 [main] DEBUG o.h.p.c.AbstractCollectionPersister -  Row delete: delete from TicketSeller_Ticket where TicketSeller_id=? and passes_id=?
12:57:22.855 [main] DEBUG o.h.p.c.AbstractCollectionPersister -  One-shot delete: delete from TicketSeller_Ticket where TicketSeller_id=?
12:57:22.855 [main] DEBUG o.h.p.c.AbstractCollectionPersister - Static SQL for collection: Classes.Shop.people
12:57:22.855 [main] DEBUG o.h.p.c.AbstractCollectionPersister -  Row insert: insert into TicketSeller_Person (Shop_id, people_id) values (?, ?)
12:57:22.855 [main] DEBUG o.h.p.c.AbstractCollectionPersister -  Row update: update TicketSeller_Person set people_id=? where Shop_id=? and people_id=?
12:57:22.855 [main] DEBUG o.h.p.c.AbstractCollectionPersister -  Row delete: delete from TicketSeller_Person where Shop_id=? and people_id=?
12:57:22.855 [main] DEBUG o.h.p.c.AbstractCollectionPersister -  One-shot delete: delete from TicketSeller_Person where Shop_id=?
12:57:22.857 [main] DEBUG o.h.p.entity.AbstractEntityPersister - Static SQL for entity: Abstract.TicketSeller
12:57:22.857 [main] DEBUG o.h.p.entity.AbstractEntityPersister -  Version select: select id from TicketSeller where id =?
12:57:22.857 [main] DEBUG o.h.p.entity.AbstractEntityPersister -  Snapshot select: select ticketsell_.id, ticketsell_.seller_name as seller_n3_3_ from TicketSeller ticketsell_ where ticketsell_.id=?
12:57:22.857 [main] DEBUG o.h.p.entity.AbstractEntityPersister -  Insert 0: insert into TicketSeller (seller_name, type, id) values (?, 'TicketSeller', ?)
12:57:22.857 [main] DEBUG o.h.p.entity.AbstractEntityPersister -  Update 0: update TicketSeller set seller_name=? where id=?
12:57:22.857 [main] DEBUG o.h.p.entity.AbstractEntityPersister -  Delete 0: delete from TicketSeller where id=?
12:57:22.867 [main] DEBUG o.h.l.p.b.i.spaces.QuerySpacesImpl - Adding QuerySpace : uid = <gen:0> -> org.hibernate.loader.plan.build.internal.spaces.EntityQuerySpaceImpl@b5de58f]
12:57:22.868 [main] DEBUG o.h.p.w.spi.MetamodelGraphWalker - Visiting attribute path : name
12:57:22.868 [main] DEBUG o.h.p.w.spi.MetamodelGraphWalker - Visiting attribute path : passes
12:57:22.870 [main] DEBUG o.h.l.p.b.i.spaces.QuerySpacesImpl - Adding QuerySpace : uid = <gen:1> -> org.hibernate.loader.plan.build.internal.spaces.CollectionQuerySpaceImpl@40729f01]
12:57:22.871 [main] DEBUG o.h.l.p.b.i.spaces.QuerySpacesImpl - Adding QuerySpace : uid = <gen:2> -> org.hibernate.loader.plan.build.internal.spaces.EntityQuerySpaceImpl@f5cf29b]
12:57:22.871 [main] DEBUG o.h.p.w.spi.MetamodelGraphWalker - Visiting attribute path : tickets
12:57:22.871 [main] DEBUG o.h.l.p.b.i.spaces.QuerySpacesImpl - Adding QuerySpace : uid = <gen:3> -> org.hibernate.loader.plan.build.internal.spaces.CollectionQuerySpaceImpl@3d0cac1f]
12:57:22.871 [main] DEBUG o.h.l.p.b.i.spaces.QuerySpacesImpl - Adding QuerySpace : uid = <gen:4> -> org.hibernate.loader.plan.build.internal.spaces.EntityQuerySpaceImpl@3e8b3b79]
12:57:22.871 [main] DEBUG o.h.p.w.spi.MetamodelGraphWalker - Visiting attribute path : people
12:57:22.871 [main] DEBUG o.h.l.p.b.i.spaces.QuerySpacesImpl - Adding QuerySpace : uid = <gen:5> -> org.hibernate.loader.plan.build.internal.spaces.CollectionQuerySpaceImpl@d257579]
12:57:22.871 [main] DEBUG o.h.l.p.b.i.spaces.QuerySpacesImpl - Adding QuerySpace : uid = <gen:6> -> org.hibernate.loader.plan.build.internal.spaces.EntityQuerySpaceImpl@518ddd3b]
12:57:22.871 [main] DEBUG o.h.p.w.spi.MetamodelGraphWalker - Visiting attribute path : isWorking
12:57:22.871 [main] DEBUG o.h.l.p.b.i.FetchStyleLoadPlanBuildingAssociationVisitationStrategy - Building LoadPlan...
12:57:22.877 [main] DEBUG o.h.l.p.e.i.LoadQueryJoinAndFetchProcessor - processing queryspace <gen:0>
12:57:22.879 [main] DEBUG o.h.l.p.b.spi.LoadPlanTreePrinter - LoadPlan(entity=Abstract.TicketSeller)
    - Returns
       - EntityReturnImpl(entity=Abstract.TicketSeller, querySpaceUid=<gen:0>, path=Abstract.TicketSeller)
          - CollectionAttributeFetchImpl(collection=Abstract.TicketSeller.passes, querySpaceUid=<gen:1>, path=Abstract.TicketSeller.passes)
             - (collection element) CollectionFetchableElementEntityGraph(entity=Classes.Pass, querySpaceUid=<gen:2>, path=Abstract.TicketSeller.passes.<elements>)
          - CollectionAttributeFetchImpl(collection=Abstract.TicketSeller.tickets, querySpaceUid=<gen:3>, path=Abstract.TicketSeller.tickets)
             - (collection element) CollectionFetchableElementEntityGraph(entity=Classes.Ticket, querySpaceUid=<gen:4>, path=Abstract.TicketSeller.tickets.<elements>)
          - CollectionAttributeFetchImpl(collection=Classes.Shop.people, querySpaceUid=<gen:5>, path=Abstract.TicketSeller.people)
             - (collection element) CollectionFetchableElementEntityGraph(entity=Classes.Person, querySpaceUid=<gen:6>, path=Abstract.TicketSeller.people.<elements>)
    - QuerySpaces
       - EntityQuerySpaceImpl(uid=<gen:0>, entity=Abstract.TicketSeller)
          - SQL table alias mapping - ticketsell0_
          - alias suffix - 0_
          - suffixed key columns - {id2_3_0_}

12:57:22.880 [main] DEBUG o.h.loader.entity.plan.EntityLoader - Static select for entity Abstract.TicketSeller [NONE]: select ticketsell0_.id as id2_3_0_, ticketsell0_.seller_name as seller_n3_3_0_, ticketsell0_.isWorking as isworkin4_3_0_, ticketsell0_.type as type1_3_0_ from TicketSeller ticketsell0_ where ticketsell0_.id=?
12:57:22.881 [main] DEBUG o.h.p.entity.AbstractEntityPersister - Static SQL for entity: Classes.Card
12:57:22.881 [main] DEBUG o.h.p.entity.AbstractEntityPersister -  Version select: select id from Card where id =?
12:57:22.881 [main] DEBUG o.h.p.entity.AbstractEntityPersister -  Snapshot select: select card_.id, card_.emissionDate as emission2_0_, card_.expirationDate as expirati3_0_ from Card card_ where card_.id=?
12:57:22.881 [main] DEBUG o.h.p.entity.AbstractEntityPersister -  Insert 0: insert into Card (emissionDate, expirationDate, id) values (?, ?, ?)
12:57:22.881 [main] DEBUG o.h.p.entity.AbstractEntityPersister -  Update 0: update Card set emissionDate=?, expirationDate=? where id=?
12:57:22.881 [main] DEBUG o.h.p.entity.AbstractEntityPersister -  Delete 0: delete from Card where id=?
12:57:22.881 [main] DEBUG o.h.p.entity.AbstractEntityPersister -  Identity insert: insert into Card (emissionDate, expirationDate) values (?, ?)
12:57:22.881 [main] DEBUG o.h.l.p.b.i.spaces.QuerySpacesImpl - Adding QuerySpace : uid = <gen:0> -> org.hibernate.loader.plan.build.internal.spaces.EntityQuerySpaceImpl@12a2585b]
12:57:22.881 [main] DEBUG o.h.p.w.spi.MetamodelGraphWalker - Visiting attribute path : emissionDate
12:57:22.881 [main] DEBUG o.h.p.w.spi.MetamodelGraphWalker - Visiting attribute path : expirationDate
12:57:22.881 [main] DEBUG o.h.p.w.spi.MetamodelGraphWalker - Visiting attribute path : person
12:57:22.881 [main] DEBUG o.h.l.p.b.i.spaces.QuerySpacesImpl - Adding QuerySpace : uid = <gen:1> -> org.hibernate.loader.plan.build.internal.spaces.EntityQuerySpaceImpl@309cedb6]
12:57:22.882 [main] DEBUG o.h.p.w.spi.MetamodelGraphWalker - Visiting attribute path : person.birthdate
12:57:22.882 [main] DEBUG o.h.p.w.spi.MetamodelGraphWalker - Visiting attribute path : person.cardNum
12:57:22.882 [main] DEBUG o.h.p.w.spi.MetamodelGraphWalker - Property path deemed to be circular : person.cardNum
12:57:22.883 [main] DEBUG o.h.p.w.spi.MetamodelGraphWalker - Visiting attribute path : person.firstName
12:57:22.884 [main] DEBUG o.h.p.w.spi.MetamodelGraphWalker - Visiting attribute path : person.lastName
12:57:22.884 [main] DEBUG o.h.l.p.b.i.FetchStyleLoadPlanBuildingAssociationVisitationStrategy - Building LoadPlan...
12:57:22.884 [main] DEBUG o.h.l.p.e.i.LoadQueryJoinAndFetchProcessor - processing queryspace <gen:0>
12:57:22.884 [main] DEBUG o.h.l.p.b.spi.LoadPlanTreePrinter - LoadPlan(entity=Classes.Card)
    - Returns
       - EntityReturnImpl(entity=Classes.Card, querySpaceUid=<gen:0>, path=Classes.Card)
          - EntityAttributeFetchImpl(entity=Classes.Person, querySpaceUid=<gen:1>, path=Classes.Card.person)
    - QuerySpaces
       - EntityQuerySpaceImpl(uid=<gen:0>, entity=Classes.Card)
          - SQL table alias mapping - card0_
          - alias suffix - 0_
          - suffixed key columns - {id1_0_0_}
          - JOIN (JoinDefinedByMetadata(person)) : <gen:0> -> <gen:1>
             - EntityQuerySpaceImpl(uid=<gen:1>, entity=Classes.Person)
                - SQL table alias mapping - person1_
                - alias suffix - 1_
                - suffixed key columns - {id1_1_1_}

12:57:22.884 [main] DEBUG o.h.loader.entity.plan.EntityLoader - Static select for entity Classes.Card [NONE]: select card0_.id as id1_0_0_, card0_.emissionDate as emission2_0_0_, card0_.expirationDate as expirati3_0_0_, person1_.id as id1_1_1_, person1_.birthdate as birthdat2_1_1_, person1_.cardNum_id as cardnum_5_1_1_, person1_.firstName as firstnam3_1_1_, person1_.lastName as lastname4_1_1_ from Card card0_ left outer join Person person1_ on card0_.id=person1_.cardNum_id where card0_.id=?
12:57:22.884 [main] DEBUG o.h.p.entity.AbstractEntityPersister - Static SQL for entity: Classes.Person
12:57:22.885 [main] DEBUG o.h.p.entity.AbstractEntityPersister -  Version select: select id from Person where id =?
12:57:22.885 [main] DEBUG o.h.p.entity.AbstractEntityPersister -  Snapshot select: select person_.id, person_.birthdate as birthdat2_1_, person_.cardNum_id as cardnum_5_1_, person_.firstName as firstnam3_1_, person_.lastName as lastname4_1_ from Person person_ where person_.id=?
12:57:22.885 [main] DEBUG o.h.p.entity.AbstractEntityPersister -  Insert 0: insert into Person (birthdate, cardNum_id, firstName, lastName, id) values (?, ?, ?, ?, ?)
12:57:22.885 [main] DEBUG o.h.p.entity.AbstractEntityPersister -  Update 0: update Person set birthdate=?, cardNum_id=?, firstName=?, lastName=? where id=?
12:57:22.885 [main] DEBUG o.h.p.entity.AbstractEntityPersister -  Delete 0: delete from Person where id=?
12:57:22.885 [main] DEBUG o.h.p.entity.AbstractEntityPersister -  Identity insert: insert into Person (birthdate, cardNum_id, firstName, lastName) values (?, ?, ?, ?)
12:57:22.885 [main] DEBUG o.h.l.p.b.i.spaces.QuerySpacesImpl - Adding QuerySpace : uid = <gen:0> -> org.hibernate.loader.plan.build.internal.spaces.EntityQuerySpaceImpl@6d0be7ab]
12:57:22.885 [main] DEBUG o.h.p.w.spi.MetamodelGraphWalker - Visiting attribute path : birthdate
12:57:22.885 [main] DEBUG o.h.p.w.spi.MetamodelGraphWalker - Visiting attribute path : cardNum
12:57:22.885 [main] DEBUG o.h.l.p.b.i.spaces.QuerySpacesImpl - Adding QuerySpace : uid = <gen:1> -> org.hibernate.loader.plan.build.internal.spaces.EntityQuerySpaceImpl@6ef60295]
12:57:22.885 [main] DEBUG o.h.p.w.spi.MetamodelGraphWalker - Visiting attribute path : cardNum.emissionDate
12:57:22.885 [main] DEBUG o.h.p.w.spi.MetamodelGraphWalker - Visiting attribute path : cardNum.expirationDate
12:57:22.885 [main] DEBUG o.h.p.w.spi.MetamodelGraphWalker - Visiting attribute path : cardNum.person
12:57:22.885 [main] DEBUG o.h.p.w.spi.MetamodelGraphWalker - Property path deemed to be circular : cardNum.person
12:57:22.885 [main] DEBUG o.h.p.w.spi.MetamodelGraphWalker - Visiting attribute path : firstName
12:57:22.885 [main] DEBUG o.h.p.w.spi.MetamodelGraphWalker - Visiting attribute path : lastName
12:57:22.885 [main] DEBUG o.h.l.p.b.i.FetchStyleLoadPlanBuildingAssociationVisitationStrategy - Building LoadPlan...
12:57:22.885 [main] DEBUG o.h.l.p.e.i.LoadQueryJoinAndFetchProcessor - processing queryspace <gen:0>
12:57:22.885 [main] DEBUG o.h.l.p.b.spi.LoadPlanTreePrinter - LoadPlan(entity=Classes.Person)
    - Returns
       - EntityReturnImpl(entity=Classes.Person, querySpaceUid=<gen:0>, path=Classes.Person)
          - EntityAttributeFetchImpl(entity=Classes.Card, querySpaceUid=<gen:1>, path=Classes.Person.cardNum)
    - QuerySpaces
       - EntityQuerySpaceImpl(uid=<gen:0>, entity=Classes.Person)
          - SQL table alias mapping - person0_
          - alias suffix - 0_
          - suffixed key columns - {id1_1_0_}
          - JOIN (JoinDefinedByMetadata(cardNum)) : <gen:0> -> <gen:1>
             - EntityQuerySpaceImpl(uid=<gen:1>, entity=Classes.Card)
                - SQL table alias mapping - card1_
                - alias suffix - 1_
                - suffixed key columns - {id1_0_1_}

12:57:22.885 [main] DEBUG o.h.loader.entity.plan.EntityLoader - Static select for entity Classes.Person [NONE]: select person0_.id as id1_1_0_, person0_.birthdate as birthdat2_1_0_, person0_.cardNum_id as cardnum_5_1_0_, person0_.firstName as firstnam3_1_0_, person0_.lastName as lastname4_1_0_, card1_.id as id1_0_1_, card1_.emissionDate as emission2_0_1_, card1_.expirationDate as expirati3_0_1_ from Person person0_ left outer join Card card1_ on person0_.cardNum_id=card1_.id where person0_.id=?
12:57:22.890 [main] DEBUG org.hibernate.loader.Loader - Static select for entity Classes.Person [NONE]: select person0_.id as id1_1_1_, person0_.birthdate as birthdat2_1_1_, person0_.cardNum_id as cardnum_5_1_1_, person0_.firstName as firstnam3_1_1_, person0_.lastName as lastname4_1_1_, card1_.id as id1_0_0_, card1_.emissionDate as emission2_0_0_, card1_.expirationDate as expirati3_0_0_ from Person person0_ left outer join Card card1_ on person0_.cardNum_id=card1_.id where person0_.cardNum_id=?
12:57:22.890 [main] DEBUG o.h.p.entity.AbstractEntityPersister - Static SQL for entity: Classes.Pass
12:57:22.890 [main] DEBUG o.h.p.entity.AbstractEntityPersister -  Version select: select id from Ticket where id =?
12:57:22.890 [main] DEBUG o.h.p.entity.AbstractEntityPersister -  Snapshot select: select pass_.id, pass_.seller_id as seller_i4_2_, pass_.person_id as person_i5_2_, pass_.sellers_id as sellers_6_2_, pass_.validity as validity3_2_ from Ticket pass_ where pass_.id=?
12:57:22.890 [main] DEBUG o.h.p.entity.AbstractEntityPersister -  Insert 0: insert into Ticket (seller_id, person_id, sellers_id, validity, DTYPE, id) values (?, ?, ?, ?, 'Pass', ?)
12:57:22.890 [main] DEBUG o.h.p.entity.AbstractEntityPersister -  Update 0: update Ticket set seller_id=?, person_id=?, sellers_id=?, validity=? where id=?
12:57:22.890 [main] DEBUG o.h.p.entity.AbstractEntityPersister -  Delete 0: delete from Ticket where id=?
12:57:22.890 [main] DEBUG o.h.p.entity.AbstractEntityPersister -  Identity insert: insert into Ticket (seller_id, person_id, sellers_id, validity, DTYPE) values (?, ?, ?, ?, 'Pass')
12:57:22.891 [main] DEBUG o.h.l.p.b.i.spaces.QuerySpacesImpl - Adding QuerySpace : uid = <gen:0> -> org.hibernate.loader.plan.build.internal.spaces.EntityQuerySpaceImpl@73aeef7d]
12:57:22.891 [main] DEBUG o.h.p.w.spi.MetamodelGraphWalker - Visiting attribute path : seller
12:57:22.891 [main] DEBUG o.h.l.p.b.i.spaces.QuerySpacesImpl - Adding QuerySpace : uid = <gen:1> -> org.hibernate.loader.plan.build.internal.spaces.EntityQuerySpaceImpl@58af5076]
12:57:22.891 [main] DEBUG o.h.p.w.spi.MetamodelGraphWalker - Visiting attribute path : seller.name
12:57:22.891 [main] DEBUG o.h.p.w.spi.MetamodelGraphWalker - Visiting attribute path : seller.passes
12:57:22.891 [main] DEBUG o.h.l.p.b.i.spaces.QuerySpacesImpl - Adding QuerySpace : uid = <gen:2> -> org.hibernate.loader.plan.build.internal.spaces.CollectionQuerySpaceImpl@4d9754a8]
12:57:22.891 [main] DEBUG o.h.l.p.b.i.spaces.QuerySpacesImpl - Adding QuerySpace : uid = <gen:3> -> org.hibernate.loader.plan.build.internal.spaces.EntityQuerySpaceImpl@7a3b7122]
12:57:22.891 [main] DEBUG o.h.p.w.spi.MetamodelGraphWalker - Visiting attribute path : seller.tickets
12:57:22.891 [main] DEBUG o.h.l.p.b.i.spaces.QuerySpacesImpl - Adding QuerySpace : uid = <gen:4> -> org.hibernate.loader.plan.build.internal.spaces.CollectionQuerySpaceImpl@58b5a2f3]
12:57:22.891 [main] DEBUG o.h.l.p.b.i.spaces.QuerySpacesImpl - Adding QuerySpace : uid = <gen:5> -> org.hibernate.loader.plan.build.internal.spaces.EntityQuerySpaceImpl@25f15f50]
12:57:22.891 [main] DEBUG o.h.p.w.spi.MetamodelGraphWalker - Visiting attribute path : seller.people
12:57:22.891 [main] DEBUG o.h.l.p.b.i.spaces.QuerySpacesImpl - Adding QuerySpace : uid = <gen:6> -> org.hibernate.loader.plan.build.internal.spaces.CollectionQuerySpaceImpl@52b46d52]
12:57:22.891 [main] DEBUG o.h.l.p.b.i.spaces.QuerySpacesImpl - Adding QuerySpace : uid = <gen:7> -> org.hibernate.loader.plan.build.internal.spaces.EntityQuerySpaceImpl@7327a447]
12:57:22.891 [main] DEBUG o.h.p.w.spi.MetamodelGraphWalker - Visiting attribute path : seller.isWorking
12:57:22.891 [main] DEBUG o.h.p.w.spi.MetamodelGraphWalker - Visiting attribute path : person
12:57:22.891 [main] DEBUG o.h.l.p.b.i.spaces.QuerySpacesImpl - Adding QuerySpace : uid = <gen:8> -> org.hibernate.loader.plan.build.internal.spaces.EntityQuerySpaceImpl@67022ea]
12:57:22.891 [main] DEBUG o.h.p.w.spi.MetamodelGraphWalker - Visiting attribute path : person.birthdate
12:57:22.891 [main] DEBUG o.h.p.w.spi.MetamodelGraphWalker - Visiting attribute path : person.cardNum
12:57:22.891 [main] DEBUG o.h.l.p.b.i.spaces.QuerySpacesImpl - Adding QuerySpace : uid = <gen:9> -> org.hibernate.loader.plan.build.internal.spaces.EntityQuerySpaceImpl@58fbd02e]
12:57:22.891 [main] DEBUG o.h.p.w.spi.MetamodelGraphWalker - Visiting attribute path : person.cardNum.emissionDate
12:57:22.891 [main] DEBUG o.h.p.w.spi.MetamodelGraphWalker - Visiting attribute path : person.cardNum.expirationDate
12:57:22.891 [main] DEBUG o.h.p.w.spi.MetamodelGraphWalker - Visiting attribute path : person.cardNum.person
12:57:22.891 [main] DEBUG o.h.p.w.spi.MetamodelGraphWalker - Property path deemed to be circular : person.cardNum.person
12:57:22.891 [main] DEBUG o.h.p.w.spi.MetamodelGraphWalker - Visiting attribute path : person.firstName
12:57:22.891 [main] DEBUG o.h.p.w.spi.MetamodelGraphWalker - Visiting attribute path : person.lastName
12:57:22.891 [main] DEBUG o.h.p.w.spi.MetamodelGraphWalker - Visiting attribute path : sellers
12:57:22.891 [main] DEBUG o.h.l.p.b.i.spaces.QuerySpacesImpl - Adding QuerySpace : uid = <gen:10> -> org.hibernate.loader.plan.build.internal.spaces.EntityQuerySpaceImpl@11d045b4]
12:57:22.891 [main] DEBUG o.h.p.w.spi.MetamodelGraphWalker - Visiting attribute path : sellers.name
12:57:22.891 [main] DEBUG o.h.p.w.spi.MetamodelGraphWalker - Visiting attribute path : sellers.passes
12:57:22.891 [main] DEBUG o.h.l.p.b.i.spaces.QuerySpacesImpl - Adding QuerySpace : uid = <gen:11> -> org.hibernate.loader.plan.build.internal.spaces.CollectionQuerySpaceImpl@1943c1f2]
12:57:22.891 [main] DEBUG o.h.l.p.b.i.spaces.QuerySpacesImpl - Adding QuerySpace : uid = <gen:12> -> org.hibernate.loader.plan.build.internal.spaces.EntityQuerySpaceImpl@d70f722]
12:57:22.891 [main] DEBUG o.h.p.w.spi.MetamodelGraphWalker - Visiting attribute path : sellers.tickets
12:57:22.891 [main] DEBUG o.h.l.p.b.i.spaces.QuerySpacesImpl - Adding QuerySpace : uid = <gen:13> -> org.hibernate.loader.plan.build.internal.spaces.CollectionQuerySpaceImpl@1e1eeedd]
12:57:22.891 [main] DEBUG o.h.l.p.b.i.spaces.QuerySpacesImpl - Adding QuerySpace : uid = <gen:14> -> org.hibernate.loader.plan.build.internal.spaces.EntityQuerySpaceImpl@798256c5]
12:57:22.891 [main] DEBUG o.h.p.w.spi.MetamodelGraphWalker - Visiting attribute path : sellers.people
12:57:22.892 [main] DEBUG o.h.l.p.b.i.spaces.QuerySpacesImpl - Adding QuerySpace : uid = <gen:15> -> org.hibernate.loader.plan.build.internal.spaces.CollectionQuerySpaceImpl@7ec95456]
12:57:22.892 [main] DEBUG o.h.l.p.b.i.spaces.QuerySpacesImpl - Adding QuerySpace : uid = <gen:16> -> org.hibernate.loader.plan.build.internal.spaces.EntityQuerySpaceImpl@748a654a]
12:57:22.892 [main] DEBUG o.h.p.w.spi.MetamodelGraphWalker - Visiting attribute path : sellers.isWorking
12:57:22.892 [main] DEBUG o.h.p.w.spi.MetamodelGraphWalker - Visiting attribute path : validity
12:57:22.892 [main] DEBUG o.h.l.p.b.i.FetchStyleLoadPlanBuildingAssociationVisitationStrategy - Building LoadPlan...
12:57:22.892 [main] DEBUG o.h.l.p.e.i.LoadQueryJoinAndFetchProcessor - processing queryspace <gen:0>
12:57:22.892 [main] DEBUG o.h.l.p.b.spi.LoadPlanTreePrinter - LoadPlan(entity=Classes.Pass)
    - Returns
       - EntityReturnImpl(entity=Classes.Pass, querySpaceUid=<gen:0>, path=Classes.Pass)
          - EntityAttributeFetchImpl(entity=Abstract.TicketSeller, querySpaceUid=<gen:1>, path=Classes.Pass.seller)
             - CollectionAttributeFetchImpl(collection=Abstract.TicketSeller.passes, querySpaceUid=<gen:2>, path=Classes.Pass.seller.passes)
                - (collection element) CollectionFetchableElementEntityGraph(entity=Classes.Pass, querySpaceUid=<gen:3>, path=Classes.Pass.seller.passes.<elements>)
             - CollectionAttributeFetchImpl(collection=Abstract.TicketSeller.tickets, querySpaceUid=<gen:4>, path=Classes.Pass.seller.tickets)
                - (collection element) CollectionFetchableElementEntityGraph(entity=Classes.Ticket, querySpaceUid=<gen:5>, path=Classes.Pass.seller.tickets.<elements>)
             - CollectionAttributeFetchImpl(collection=Classes.Shop.people, querySpaceUid=<gen:6>, path=Classes.Pass.seller.people)
                - (collection element) CollectionFetchableElementEntityGraph(entity=Classes.Person, querySpaceUid=<gen:7>, path=Classes.Pass.seller.people.<elements>)
          - EntityAttributeFetchImpl(entity=Classes.Person, querySpaceUid=<gen:8>, path=Classes.Pass.person)
             - EntityAttributeFetchImpl(entity=Classes.Card, querySpaceUid=<gen:9>, path=Classes.Pass.person.cardNum)
          - EntityAttributeFetchImpl(entity=Abstract.TicketSeller, querySpaceUid=<gen:10>, path=Classes.Pass.sellers)
             - CollectionAttributeFetchImpl(collection=Abstract.TicketSeller.passes, querySpaceUid=<gen:11>, path=Classes.Pass.sellers.passes)
                - (collection element) CollectionFetchableElementEntityGraph(entity=Classes.Pass, querySpaceUid=<gen:12>, path=Classes.Pass.sellers.passes.<elements>)
             - CollectionAttributeFetchImpl(collection=Abstract.TicketSeller.tickets, querySpaceUid=<gen:13>, path=Classes.Pass.sellers.tickets)
                - (collection element) CollectionFetchableElementEntityGraph(entity=Classes.Ticket, querySpaceUid=<gen:14>, path=Classes.Pass.sellers.tickets.<elements>)
             - CollectionAttributeFetchImpl(collection=Classes.Shop.people, querySpaceUid=<gen:15>, path=Classes.Pass.sellers.people)
                - (collection element) CollectionFetchableElementEntityGraph(entity=Classes.Person, querySpaceUid=<gen:16>, path=Classes.Pass.sellers.people.<elements>)
    - QuerySpaces
       - EntityQuerySpaceImpl(uid=<gen:0>, entity=Classes.Pass)
          - SQL table alias mapping - pass0_
          - alias suffix - 0_
          - suffixed key columns - {id2_2_0_}
          - JOIN (JoinDefinedByMetadata(seller)) : <gen:0> -> <gen:1>
             - EntityQuerySpaceImpl(uid=<gen:1>, entity=Abstract.TicketSeller)
                - SQL table alias mapping - ticketsell1_
                - alias suffix - 1_
                - suffixed key columns - {id2_3_1_}
          - JOIN (JoinDefinedByMetadata(person)) : <gen:0> -> <gen:8>
             - EntityQuerySpaceImpl(uid=<gen:8>, entity=Classes.Person)
                - SQL table alias mapping - person2_
                - alias suffix - 2_
                - suffixed key columns - {id1_1_2_}
                - JOIN (JoinDefinedByMetadata(cardNum)) : <gen:8> -> <gen:9>
                   - EntityQuerySpaceImpl(uid=<gen:9>, entity=Classes.Card)
                      - SQL table alias mapping - card3_
                      - alias suffix - 3_
                      - suffixed key columns - {id1_0_3_}
          - JOIN (JoinDefinedByMetadata(sellers)) : <gen:0> -> <gen:10>
             - EntityQuerySpaceImpl(uid=<gen:10>, entity=Abstract.TicketSeller)
                - SQL table alias mapping - ticketsell4_
                - alias suffix - 4_
                - suffixed key columns - {id2_3_4_}

12:57:22.892 [main] DEBUG o.h.loader.entity.plan.EntityLoader - Static select for entity Classes.Pass [NONE]: select pass0_.id as id2_2_0_, pass0_.seller_id as seller_i4_2_0_, pass0_.person_id as person_i5_2_0_, pass0_.sellers_id as sellers_6_2_0_, pass0_.validity as validity3_2_0_, ticketsell1_.id as id2_3_1_, ticketsell1_.seller_name as seller_n3_3_1_, ticketsell1_.isWorking as isworkin4_3_1_, ticketsell1_.type as type1_3_1_, person2_.id as id1_1_2_, person2_.birthdate as birthdat2_1_2_, person2_.cardNum_id as cardnum_5_1_2_, person2_.firstName as firstnam3_1_2_, person2_.lastName as lastname4_1_2_, card3_.id as id1_0_3_, card3_.emissionDate as emission2_0_3_, card3_.expirationDate as expirati3_0_3_, ticketsell4_.id as id2_3_4_, ticketsell4_.seller_name as seller_n3_3_4_, ticketsell4_.isWorking as isworkin4_3_4_, ticketsell4_.type as type1_3_4_ from Ticket pass0_ left outer join TicketSeller ticketsell1_ on pass0_.seller_id=ticketsell1_.id left outer join Person person2_ on pass0_.person_id=person2_.id left outer join Card card3_ on person2_.cardNum_id=card3_.id left outer join TicketSeller ticketsell4_ on pass0_.sellers_id=ticketsell4_.id where pass0_.id=? and pass0_.DTYPE='Pass'
12:57:22.892 [main] DEBUG o.h.p.entity.AbstractEntityPersister - Static SQL for entity: Classes.Shop
12:57:22.892 [main] DEBUG o.h.p.entity.AbstractEntityPersister -  Version select: select id from TicketSeller where id =?
12:57:22.892 [main] DEBUG o.h.p.entity.AbstractEntityPersister -  Snapshot select: select shop_.id, shop_.seller_name as seller_n3_3_ from TicketSeller shop_ where shop_.id=?
12:57:22.892 [main] DEBUG o.h.p.entity.AbstractEntityPersister -  Insert 0: insert into TicketSeller (seller_name, type, id) values (?, 'shop', ?)
12:57:22.892 [main] DEBUG o.h.p.entity.AbstractEntityPersister -  Update 0: update TicketSeller set seller_name=? where id=?
12:57:22.892 [main] DEBUG o.h.p.entity.AbstractEntityPersister -  Delete 0: delete from TicketSeller where id=?
12:57:22.892 [main] DEBUG o.h.l.p.b.i.spaces.QuerySpacesImpl - Adding QuerySpace : uid = <gen:0> -> org.hibernate.loader.plan.build.internal.spaces.EntityQuerySpaceImpl@1d8b0500]
12:57:22.893 [main] DEBUG o.h.p.w.spi.MetamodelGraphWalker - Visiting attribute path : name
12:57:22.893 [main] DEBUG o.h.p.w.spi.MetamodelGraphWalker - Visiting attribute path : passes
12:57:22.893 [main] DEBUG o.h.l.p.b.i.spaces.QuerySpacesImpl - Adding QuerySpace : uid = <gen:1> -> org.hibernate.loader.plan.build.internal.spaces.CollectionQuerySpaceImpl@428bdd72]
12:57:22.893 [main] DEBUG o.h.l.p.b.i.spaces.QuerySpacesImpl - Adding QuerySpace : uid = <gen:2> -> org.hibernate.loader.plan.build.internal.spaces.EntityQuerySpaceImpl@650c405c]
12:57:22.893 [main] DEBUG o.h.p.w.spi.MetamodelGraphWalker - Visiting attribute path : tickets
12:57:22.893 [main] DEBUG o.h.l.p.b.i.spaces.QuerySpacesImpl - Adding QuerySpace : uid = <gen:3> -> org.hibernate.loader.plan.build.internal.spaces.CollectionQuerySpaceImpl@20eaeaf8]
12:57:22.893 [main] DEBUG o.h.l.p.b.i.spaces.QuerySpacesImpl - Adding QuerySpace : uid = <gen:4> -> org.hibernate.loader.plan.build.internal.spaces.EntityQuerySpaceImpl@748ac6f3]
12:57:22.893 [main] DEBUG o.h.p.w.spi.MetamodelGraphWalker - Visiting attribute path : people
12:57:22.893 [main] DEBUG o.h.l.p.b.i.spaces.QuerySpacesImpl - Adding QuerySpace : uid = <gen:5> -> org.hibernate.loader.plan.build.internal.spaces.CollectionQuerySpaceImpl@68f6e55d]
12:57:22.893 [main] DEBUG o.h.l.p.b.i.spaces.QuerySpacesImpl - Adding QuerySpace : uid = <gen:6> -> org.hibernate.loader.plan.build.internal.spaces.EntityQuerySpaceImpl@6fff46bf]
12:57:22.893 [main] DEBUG o.h.l.p.b.i.FetchStyleLoadPlanBuildingAssociationVisitationStrategy - Building LoadPlan...
12:57:22.893 [main] DEBUG o.h.l.p.e.i.LoadQueryJoinAndFetchProcessor - processing queryspace <gen:0>
12:57:22.893 [main] DEBUG o.h.l.p.b.spi.LoadPlanTreePrinter - LoadPlan(entity=Classes.Shop)
    - Returns
       - EntityReturnImpl(entity=Classes.Shop, querySpaceUid=<gen:0>, path=Classes.Shop)
          - CollectionAttributeFetchImpl(collection=Abstract.TicketSeller.passes, querySpaceUid=<gen:1>, path=Classes.Shop.passes)
             - (collection element) CollectionFetchableElementEntityGraph(entity=Classes.Pass, querySpaceUid=<gen:2>, path=Classes.Shop.passes.<elements>)
          - CollectionAttributeFetchImpl(collection=Abstract.TicketSeller.tickets, querySpaceUid=<gen:3>, path=Classes.Shop.tickets)
             - (collection element) CollectionFetchableElementEntityGraph(entity=Classes.Ticket, querySpaceUid=<gen:4>, path=Classes.Shop.tickets.<elements>)
          - CollectionAttributeFetchImpl(collection=Classes.Shop.people, querySpaceUid=<gen:5>, path=Classes.Shop.people)
             - (collection element) CollectionFetchableElementEntityGraph(entity=Classes.Person, querySpaceUid=<gen:6>, path=Classes.Shop.people.<elements>)
    - QuerySpaces
       - EntityQuerySpaceImpl(uid=<gen:0>, entity=Classes.Shop)
          - SQL table alias mapping - shop0_
          - alias suffix - 0_
          - suffixed key columns - {id2_3_0_}

12:57:22.893 [main] DEBUG o.h.loader.entity.plan.EntityLoader - Static select for entity Classes.Shop [NONE]: select shop0_.id as id2_3_0_, shop0_.seller_name as seller_n3_3_0_ from TicketSeller shop0_ where shop0_.id=? and shop0_.type='shop'
12:57:22.893 [main] DEBUG o.h.p.entity.AbstractEntityPersister - Static SQL for entity: Classes.Ticket
12:57:22.893 [main] DEBUG o.h.p.entity.AbstractEntityPersister -  Version select: select id from Ticket where id =?
12:57:22.893 [main] DEBUG o.h.p.entity.AbstractEntityPersister -  Snapshot select: select ticket_.id, ticket_.seller_id as seller_i4_2_ from Ticket ticket_ where ticket_.id=?
12:57:22.893 [main] DEBUG o.h.p.entity.AbstractEntityPersister -  Insert 0: insert into Ticket (seller_id, DTYPE, id) values (?, 'Ticket', ?)
12:57:22.893 [main] DEBUG o.h.p.entity.AbstractEntityPersister -  Update 0: update Ticket set seller_id=? where id=?
12:57:22.893 [main] DEBUG o.h.p.entity.AbstractEntityPersister -  Delete 0: delete from Ticket where id=?
12:57:22.893 [main] DEBUG o.h.p.entity.AbstractEntityPersister -  Identity insert: insert into Ticket (seller_id, DTYPE) values (?, 'Ticket')
12:57:22.893 [main] DEBUG o.h.l.p.b.i.spaces.QuerySpacesImpl - Adding QuerySpace : uid = <gen:0> -> org.hibernate.loader.plan.build.internal.spaces.EntityQuerySpaceImpl@1835dc92]
12:57:22.893 [main] DEBUG o.h.p.w.spi.MetamodelGraphWalker - Visiting attribute path : seller
12:57:22.893 [main] DEBUG o.h.l.p.b.i.spaces.QuerySpacesImpl - Adding QuerySpace : uid = <gen:1> -> org.hibernate.loader.plan.build.internal.spaces.EntityQuerySpaceImpl@65a9ea3c]
12:57:22.893 [main] DEBUG o.h.p.w.spi.MetamodelGraphWalker - Visiting attribute path : seller.name
12:57:22.893 [main] DEBUG o.h.p.w.spi.MetamodelGraphWalker - Visiting attribute path : seller.passes
12:57:22.893 [main] DEBUG o.h.l.p.b.i.spaces.QuerySpacesImpl - Adding QuerySpace : uid = <gen:2> -> org.hibernate.loader.plan.build.internal.spaces.CollectionQuerySpaceImpl@46911148]
12:57:22.893 [main] DEBUG o.h.l.p.b.i.spaces.QuerySpacesImpl - Adding QuerySpace : uid = <gen:3> -> org.hibernate.loader.plan.build.internal.spaces.EntityQuerySpaceImpl@2db1b657]
12:57:22.893 [main] DEBUG o.h.p.w.spi.MetamodelGraphWalker - Visiting attribute path : seller.tickets
12:57:22.893 [main] DEBUG o.h.l.p.b.i.spaces.QuerySpacesImpl - Adding QuerySpace : uid = <gen:4> -> org.hibernate.loader.plan.build.internal.spaces.CollectionQuerySpaceImpl@7e351d7]
12:57:22.893 [main] DEBUG o.h.l.p.b.i.spaces.QuerySpacesImpl - Adding QuerySpace : uid = <gen:5> -> org.hibernate.loader.plan.build.internal.spaces.EntityQuerySpaceImpl@43c57161]
12:57:22.894 [main] DEBUG o.h.p.w.spi.MetamodelGraphWalker - Visiting attribute path : seller.people
12:57:22.894 [main] DEBUG o.h.l.p.b.i.spaces.QuerySpacesImpl - Adding QuerySpace : uid = <gen:6> -> org.hibernate.loader.plan.build.internal.spaces.CollectionQuerySpaceImpl@d902300]
12:57:22.894 [main] DEBUG o.h.l.p.b.i.spaces.QuerySpacesImpl - Adding QuerySpace : uid = <gen:7> -> org.hibernate.loader.plan.build.internal.spaces.EntityQuerySpaceImpl@2db33feb]
12:57:22.894 [main] DEBUG o.h.p.w.spi.MetamodelGraphWalker - Visiting attribute path : seller.isWorking
12:57:22.894 [main] DEBUG o.h.p.w.spi.MetamodelGraphWalker - Visiting attribute path : person
12:57:22.894 [main] DEBUG o.h.l.p.b.i.spaces.QuerySpacesImpl - Adding QuerySpace : uid = <gen:8> -> org.hibernate.loader.plan.build.internal.spaces.EntityQuerySpaceImpl@30c3ae63]
12:57:22.894 [main] DEBUG o.h.p.w.spi.MetamodelGraphWalker - Visiting attribute path : person.birthdate
12:57:22.894 [main] DEBUG o.h.p.w.spi.MetamodelGraphWalker - Visiting attribute path : person.cardNum
12:57:22.894 [main] DEBUG o.h.l.p.b.i.spaces.QuerySpacesImpl - Adding QuerySpace : uid = <gen:9> -> org.hibernate.loader.plan.build.internal.spaces.EntityQuerySpaceImpl@54e12f4c]
12:57:22.894 [main] DEBUG o.h.p.w.spi.MetamodelGraphWalker - Visiting attribute path : person.cardNum.emissionDate
12:57:22.894 [main] DEBUG o.h.p.w.spi.MetamodelGraphWalker - Visiting attribute path : person.cardNum.expirationDate
12:57:22.894 [main] DEBUG o.h.p.w.spi.MetamodelGraphWalker - Visiting attribute path : person.cardNum.person
12:57:22.894 [main] DEBUG o.h.p.w.spi.MetamodelGraphWalker - Property path deemed to be circular : person.cardNum.person
12:57:22.894 [main] DEBUG o.h.p.w.spi.MetamodelGraphWalker - Visiting attribute path : person.firstName
12:57:22.894 [main] DEBUG o.h.p.w.spi.MetamodelGraphWalker - Visiting attribute path : person.lastName
12:57:22.894 [main] DEBUG o.h.p.w.spi.MetamodelGraphWalker - Visiting attribute path : sellers
12:57:22.894 [main] DEBUG o.h.l.p.b.i.spaces.QuerySpacesImpl - Adding QuerySpace : uid = <gen:10> -> org.hibernate.loader.plan.build.internal.spaces.EntityQuerySpaceImpl@4d84049a]
12:57:22.894 [main] DEBUG o.h.p.w.spi.MetamodelGraphWalker - Visiting attribute path : sellers.name
12:57:22.894 [main] DEBUG o.h.p.w.spi.MetamodelGraphWalker - Visiting attribute path : sellers.passes
12:57:22.894 [main] DEBUG o.h.l.p.b.i.spaces.QuerySpacesImpl - Adding QuerySpace : uid = <gen:11> -> org.hibernate.loader.plan.build.internal.spaces.CollectionQuerySpaceImpl@642857e0]
12:57:22.894 [main] DEBUG o.h.l.p.b.i.spaces.QuerySpacesImpl - Adding QuerySpace : uid = <gen:12> -> org.hibernate.loader.plan.build.internal.spaces.EntityQuerySpaceImpl@4c6b4ed7]
12:57:22.894 [main] DEBUG o.h.p.w.spi.MetamodelGraphWalker - Visiting attribute path : sellers.tickets
12:57:22.894 [main] DEBUG o.h.l.p.b.i.spaces.QuerySpacesImpl - Adding QuerySpace : uid = <gen:13> -> org.hibernate.loader.plan.build.internal.spaces.CollectionQuerySpaceImpl@21263314]
12:57:22.894 [main] DEBUG o.h.l.p.b.i.spaces.QuerySpacesImpl - Adding QuerySpace : uid = <gen:14> -> org.hibernate.loader.plan.build.internal.spaces.EntityQuerySpaceImpl@6ca30b8a]
12:57:22.894 [main] DEBUG o.h.p.w.spi.MetamodelGraphWalker - Visiting attribute path : sellers.people
12:57:22.894 [main] DEBUG o.h.l.p.b.i.spaces.QuerySpacesImpl - Adding QuerySpace : uid = <gen:15> -> org.hibernate.loader.plan.build.internal.spaces.CollectionQuerySpaceImpl@4a92c6a9]
12:57:22.894 [main] DEBUG o.h.l.p.b.i.spaces.QuerySpacesImpl - Adding QuerySpace : uid = <gen:16> -> org.hibernate.loader.plan.build.internal.spaces.EntityQuerySpaceImpl@5c9934da]
12:57:22.894 [main] DEBUG o.h.p.w.spi.MetamodelGraphWalker - Visiting attribute path : sellers.isWorking
12:57:22.894 [main] DEBUG o.h.p.w.spi.MetamodelGraphWalker - Visiting attribute path : validity
12:57:22.894 [main] DEBUG o.h.l.p.b.i.FetchStyleLoadPlanBuildingAssociationVisitationStrategy - Building LoadPlan...
12:57:22.894 [main] DEBUG o.h.l.p.e.i.LoadQueryJoinAndFetchProcessor - processing queryspace <gen:0>
12:57:22.895 [main] DEBUG o.h.l.p.b.spi.LoadPlanTreePrinter - LoadPlan(entity=Classes.Ticket)
    - Returns
       - EntityReturnImpl(entity=Classes.Ticket, querySpaceUid=<gen:0>, path=Classes.Ticket)
          - EntityAttributeFetchImpl(entity=Abstract.TicketSeller, querySpaceUid=<gen:1>, path=Classes.Ticket.seller)
             - CollectionAttributeFetchImpl(collection=Abstract.TicketSeller.passes, querySpaceUid=<gen:2>, path=Classes.Ticket.seller.passes)
                - (collection element) CollectionFetchableElementEntityGraph(entity=Classes.Pass, querySpaceUid=<gen:3>, path=Classes.Ticket.seller.passes.<elements>)
             - CollectionAttributeFetchImpl(collection=Abstract.TicketSeller.tickets, querySpaceUid=<gen:4>, path=Classes.Ticket.seller.tickets)
                - (collection element) CollectionFetchableElementEntityGraph(entity=Classes.Ticket, querySpaceUid=<gen:5>, path=Classes.Ticket.seller.tickets.<elements>)
             - CollectionAttributeFetchImpl(collection=Classes.Shop.people, querySpaceUid=<gen:6>, path=Classes.Ticket.seller.people)
                - (collection element) CollectionFetchableElementEntityGraph(entity=Classes.Person, querySpaceUid=<gen:7>, path=Classes.Ticket.seller.people.<elements>)
          - EntityAttributeFetchImpl(entity=Classes.Person, querySpaceUid=<gen:8>, path=Classes.Ticket.person)
             - EntityAttributeFetchImpl(entity=Classes.Card, querySpaceUid=<gen:9>, path=Classes.Ticket.person.cardNum)
          - EntityAttributeFetchImpl(entity=Abstract.TicketSeller, querySpaceUid=<gen:10>, path=Classes.Ticket.sellers)
             - CollectionAttributeFetchImpl(collection=Abstract.TicketSeller.passes, querySpaceUid=<gen:11>, path=Classes.Ticket.sellers.passes)
                - (collection element) CollectionFetchableElementEntityGraph(entity=Classes.Pass, querySpaceUid=<gen:12>, path=Classes.Ticket.sellers.passes.<elements>)
             - CollectionAttributeFetchImpl(collection=Abstract.TicketSeller.tickets, querySpaceUid=<gen:13>, path=Classes.Ticket.sellers.tickets)
                - (collection element) CollectionFetchableElementEntityGraph(entity=Classes.Ticket, querySpaceUid=<gen:14>, path=Classes.Ticket.sellers.tickets.<elements>)
             - CollectionAttributeFetchImpl(collection=Classes.Shop.people, querySpaceUid=<gen:15>, path=Classes.Ticket.sellers.people)
                - (collection element) CollectionFetchableElementEntityGraph(entity=Classes.Person, querySpaceUid=<gen:16>, path=Classes.Ticket.sellers.people.<elements>)
    - QuerySpaces
       - EntityQuerySpaceImpl(uid=<gen:0>, entity=Classes.Ticket)
          - SQL table alias mapping - ticket0_
          - alias suffix - 0_
          - suffixed key columns - {id2_2_0_}
          - JOIN (JoinDefinedByMetadata(seller)) : <gen:0> -> <gen:1>
             - EntityQuerySpaceImpl(uid=<gen:1>, entity=Abstract.TicketSeller)
                - SQL table alias mapping - ticketsell1_
                - alias suffix - 1_
                - suffixed key columns - {id2_3_1_}
          - JOIN (JoinDefinedByMetadata(person)) : <gen:0> -> <gen:8>
             - EntityQuerySpaceImpl(uid=<gen:8>, entity=Classes.Person)
                - SQL table alias mapping - person2_
                - alias suffix - 2_
                - suffixed key columns - {id1_1_2_}
                - JOIN (JoinDefinedByMetadata(cardNum)) : <gen:8> -> <gen:9>
                   - EntityQuerySpaceImpl(uid=<gen:9>, entity=Classes.Card)
                      - SQL table alias mapping - card3_
                      - alias suffix - 3_
                      - suffixed key columns - {id1_0_3_}
          - JOIN (JoinDefinedByMetadata(sellers)) : <gen:0> -> <gen:10>
             - EntityQuerySpaceImpl(uid=<gen:10>, entity=Abstract.TicketSeller)
                - SQL table alias mapping - ticketsell4_
                - alias suffix - 4_
                - suffixed key columns - {id2_3_4_}

12:57:22.895 [main] DEBUG o.h.loader.entity.plan.EntityLoader - Static select for entity Classes.Ticket [NONE]: select ticket0_.id as id2_2_0_, ticket0_.seller_id as seller_i4_2_0_, ticket0_.person_id as person_i5_2_0_, ticket0_.sellers_id as sellers_6_2_0_, ticket0_.validity as validity3_2_0_, ticket0_.DTYPE as dtype1_2_0_, ticketsell1_.id as id2_3_1_, ticketsell1_.seller_name as seller_n3_3_1_, ticketsell1_.isWorking as isworkin4_3_1_, ticketsell1_.type as type1_3_1_, person2_.id as id1_1_2_, person2_.birthdate as birthdat2_1_2_, person2_.cardNum_id as cardnum_5_1_2_, person2_.firstName as firstnam3_1_2_, person2_.lastName as lastname4_1_2_, card3_.id as id1_0_3_, card3_.emissionDate as emission2_0_3_, card3_.expirationDate as expirati3_0_3_, ticketsell4_.id as id2_3_4_, ticketsell4_.seller_name as seller_n3_3_4_, ticketsell4_.isWorking as isworkin4_3_4_, ticketsell4_.type as type1_3_4_ from Ticket ticket0_ left outer join TicketSeller ticketsell1_ on ticket0_.seller_id=ticketsell1_.id left outer join Person person2_ on ticket0_.person_id=person2_.id left outer join Card card3_ on person2_.cardNum_id=card3_.id left outer join TicketSeller ticketsell4_ on ticket0_.sellers_id=ticketsell4_.id where ticket0_.id=?
12:57:22.895 [main] DEBUG o.h.p.entity.AbstractEntityPersister - Static SQL for entity: Classes.VendingMachine
12:57:22.895 [main] DEBUG o.h.p.entity.AbstractEntityPersister -  Version select: select id from TicketSeller where id =?
12:57:22.895 [main] DEBUG o.h.p.entity.AbstractEntityPersister -  Snapshot select: select vendingmac_.id, vendingmac_.seller_name as seller_n3_3_, vendingmac_.isWorking as isworkin4_3_ from TicketSeller vendingmac_ where vendingmac_.id=?
12:57:22.895 [main] DEBUG o.h.p.entity.AbstractEntityPersister -  Insert 0: insert into TicketSeller (seller_name, isWorking, type, id) values (?, ?, 'vending_machine', ?)
12:57:22.895 [main] DEBUG o.h.p.entity.AbstractEntityPersister -  Update 0: update TicketSeller set seller_name=?, isWorking=? where id=?
12:57:22.895 [main] DEBUG o.h.p.entity.AbstractEntityPersister -  Delete 0: delete from TicketSeller where id=?
12:57:22.895 [main] DEBUG o.h.l.p.b.i.spaces.QuerySpacesImpl - Adding QuerySpace : uid = <gen:0> -> org.hibernate.loader.plan.build.internal.spaces.EntityQuerySpaceImpl@4cb702ce]
12:57:22.895 [main] DEBUG o.h.p.w.spi.MetamodelGraphWalker - Visiting attribute path : name
12:57:22.895 [main] DEBUG o.h.p.w.spi.MetamodelGraphWalker - Visiting attribute path : passes
12:57:22.895 [main] DEBUG o.h.l.p.b.i.spaces.QuerySpacesImpl - Adding QuerySpace : uid = <gen:1> -> org.hibernate.loader.plan.build.internal.spaces.CollectionQuerySpaceImpl@64c781a9]
12:57:22.895 [main] DEBUG o.h.l.p.b.i.spaces.QuerySpacesImpl - Adding QuerySpace : uid = <gen:2> -> org.hibernate.loader.plan.build.internal.spaces.EntityQuerySpaceImpl@71ed560f]
12:57:22.895 [main] DEBUG o.h.p.w.spi.MetamodelGraphWalker - Visiting attribute path : tickets
12:57:22.895 [main] DEBUG o.h.l.p.b.i.spaces.QuerySpacesImpl - Adding QuerySpace : uid = <gen:3> -> org.hibernate.loader.plan.build.internal.spaces.CollectionQuerySpaceImpl@5b88b8e]
12:57:22.895 [main] DEBUG o.h.l.p.b.i.spaces.QuerySpacesImpl - Adding QuerySpace : uid = <gen:4> -> org.hibernate.loader.plan.build.internal.spaces.EntityQuerySpaceImpl@58253c57]
12:57:22.895 [main] DEBUG o.h.p.w.spi.MetamodelGraphWalker - Visiting attribute path : isWorking
12:57:22.895 [main] DEBUG o.h.l.p.b.i.FetchStyleLoadPlanBuildingAssociationVisitationStrategy - Building LoadPlan...
12:57:22.895 [main] DEBUG o.h.l.p.e.i.LoadQueryJoinAndFetchProcessor - processing queryspace <gen:0>
12:57:22.895 [main] DEBUG o.h.l.p.b.spi.LoadPlanTreePrinter - LoadPlan(entity=Classes.VendingMachine)
    - Returns
       - EntityReturnImpl(entity=Classes.VendingMachine, querySpaceUid=<gen:0>, path=Classes.VendingMachine)
          - CollectionAttributeFetchImpl(collection=Abstract.TicketSeller.passes, querySpaceUid=<gen:1>, path=Classes.VendingMachine.passes)
             - (collection element) CollectionFetchableElementEntityGraph(entity=Classes.Pass, querySpaceUid=<gen:2>, path=Classes.VendingMachine.passes.<elements>)
          - CollectionAttributeFetchImpl(collection=Abstract.TicketSeller.tickets, querySpaceUid=<gen:3>, path=Classes.VendingMachine.tickets)
             - (collection element) CollectionFetchableElementEntityGraph(entity=Classes.Ticket, querySpaceUid=<gen:4>, path=Classes.VendingMachine.tickets.<elements>)
    - QuerySpaces
       - EntityQuerySpaceImpl(uid=<gen:0>, entity=Classes.VendingMachine)
          - SQL table alias mapping - vendingmac0_
          - alias suffix - 0_
          - suffixed key columns - {id2_3_0_}

12:57:22.895 [main] DEBUG o.h.loader.entity.plan.EntityLoader - Static select for entity Classes.VendingMachine [NONE]: select vendingmac0_.id as id2_3_0_, vendingmac0_.seller_name as seller_n3_3_0_, vendingmac0_.isWorking as isworkin4_3_0_ from TicketSeller vendingmac0_ where vendingmac0_.id=? and vendingmac0_.type='vending_machine'
12:57:22.898 [main] DEBUG o.h.l.p.b.i.spaces.QuerySpacesImpl - Adding QuerySpace : uid = <gen:0> -> org.hibernate.loader.plan.build.internal.spaces.CollectionQuerySpaceImpl@7efa3f63]
12:57:22.898 [main] DEBUG o.h.l.p.b.i.spaces.QuerySpacesImpl - Adding QuerySpace : uid = <gen:1> -> org.hibernate.loader.plan.build.internal.spaces.EntityQuerySpaceImpl@7134b8a7]
12:57:22.898 [main] DEBUG o.h.p.w.spi.MetamodelGraphWalker - Visiting attribute path : seller
12:57:22.898 [main] DEBUG o.h.l.p.b.i.spaces.QuerySpacesImpl - Adding QuerySpace : uid = <gen:2> -> org.hibernate.loader.plan.build.internal.spaces.EntityQuerySpaceImpl@6088451e]
12:57:22.898 [main] DEBUG o.h.p.w.spi.MetamodelGraphWalker - Visiting attribute path : seller.name
12:57:22.898 [main] DEBUG o.h.p.w.spi.MetamodelGraphWalker - Visiting attribute path : seller.passes
12:57:22.898 [main] DEBUG o.h.p.w.spi.MetamodelGraphWalker - Property path deemed to be circular : seller.passes
12:57:22.898 [main] DEBUG o.h.p.w.spi.MetamodelGraphWalker - Visiting attribute path : seller.tickets
12:57:22.898 [main] DEBUG o.h.p.w.spi.MetamodelGraphWalker - Property path deemed to be circular : seller.tickets
12:57:22.898 [main] DEBUG o.h.p.w.spi.MetamodelGraphWalker - Visiting attribute path : seller.people
12:57:22.898 [main] DEBUG o.h.l.p.b.i.spaces.QuerySpacesImpl - Adding QuerySpace : uid = <gen:3> -> org.hibernate.loader.plan.build.internal.spaces.CollectionQuerySpaceImpl@2f10f633]
12:57:22.898 [main] DEBUG o.h.l.p.b.i.spaces.QuerySpacesImpl - Adding QuerySpace : uid = <gen:4> -> org.hibernate.loader.plan.build.internal.spaces.EntityQuerySpaceImpl@1642eeae]
12:57:22.898 [main] DEBUG o.h.p.w.spi.MetamodelGraphWalker - Visiting attribute path : seller.isWorking
12:57:22.898 [main] DEBUG o.h.p.w.spi.MetamodelGraphWalker - Visiting attribute path : person
12:57:22.898 [main] DEBUG o.h.l.p.b.i.spaces.QuerySpacesImpl - Adding QuerySpace : uid = <gen:5> -> org.hibernate.loader.plan.build.internal.spaces.EntityQuerySpaceImpl@3440e9cd]
12:57:22.898 [main] DEBUG o.h.p.w.spi.MetamodelGraphWalker - Visiting attribute path : person.birthdate
12:57:22.898 [main] DEBUG o.h.p.w.spi.MetamodelGraphWalker - Visiting attribute path : person.cardNum
12:57:22.898 [main] DEBUG o.h.l.p.b.i.spaces.QuerySpacesImpl - Adding QuerySpace : uid = <gen:6> -> org.hibernate.loader.plan.build.internal.spaces.EntityQuerySpaceImpl@a09303]
12:57:22.898 [main] DEBUG o.h.p.w.spi.MetamodelGraphWalker - Visiting attribute path : person.cardNum.emissionDate
12:57:22.898 [main] DEBUG o.h.p.w.spi.MetamodelGraphWalker - Visiting attribute path : person.cardNum.expirationDate
12:57:22.898 [main] DEBUG o.h.p.w.spi.MetamodelGraphWalker - Visiting attribute path : person.cardNum.person
12:57:22.898 [main] DEBUG o.h.p.w.spi.MetamodelGraphWalker - Property path deemed to be circular : person.cardNum.person
12:57:22.898 [main] DEBUG o.h.p.w.spi.MetamodelGraphWalker - Visiting attribute path : person.firstName
12:57:22.898 [main] DEBUG o.h.p.w.spi.MetamodelGraphWalker - Visiting attribute path : person.lastName
12:57:22.898 [main] DEBUG o.h.p.w.spi.MetamodelGraphWalker - Visiting attribute path : sellers
12:57:22.898 [main] DEBUG o.h.l.p.b.i.spaces.QuerySpacesImpl - Adding QuerySpace : uid = <gen:7> -> org.hibernate.loader.plan.build.internal.spaces.EntityQuerySpaceImpl@322ba549]
12:57:22.898 [main] DEBUG o.h.p.w.spi.MetamodelGraphWalker - Visiting attribute path : sellers.name
12:57:22.898 [main] DEBUG o.h.p.w.spi.MetamodelGraphWalker - Visiting attribute path : sellers.passes
12:57:22.898 [main] DEBUG o.h.p.w.spi.MetamodelGraphWalker - Property path deemed to be circular : sellers.passes
12:57:22.898 [main] DEBUG o.h.p.w.spi.MetamodelGraphWalker - Visiting attribute path : sellers.tickets
12:57:22.898 [main] DEBUG o.h.p.w.spi.MetamodelGraphWalker - Property path deemed to be circular : sellers.tickets
12:57:22.898 [main] DEBUG o.h.p.w.spi.MetamodelGraphWalker - Visiting attribute path : sellers.people
12:57:22.898 [main] DEBUG o.h.l.p.b.i.spaces.QuerySpacesImpl - Adding QuerySpace : uid = <gen:8> -> org.hibernate.loader.plan.build.internal.spaces.CollectionQuerySpaceImpl@5416f8db]
12:57:22.898 [main] DEBUG o.h.l.p.b.i.spaces.QuerySpacesImpl - Adding QuerySpace : uid = <gen:9> -> org.hibernate.loader.plan.build.internal.spaces.EntityQuerySpaceImpl@64e1377c]
12:57:22.898 [main] DEBUG o.h.p.w.spi.MetamodelGraphWalker - Visiting attribute path : sellers.isWorking
12:57:22.898 [main] DEBUG o.h.p.w.spi.MetamodelGraphWalker - Visiting attribute path : validity
12:57:22.898 [main] DEBUG o.h.l.p.b.i.FetchStyleLoadPlanBuildingAssociationVisitationStrategy - Building LoadPlan...
12:57:22.901 [main] DEBUG o.h.l.p.e.i.LoadQueryJoinAndFetchProcessor - processing queryspace <gen:0>
12:57:22.902 [main] DEBUG o.h.l.p.b.spi.LoadPlanTreePrinter - LoadPlan(collection=Abstract.TicketSeller.tickets)
    - Returns
       - CollectionReturnImpl(collection=Abstract.TicketSeller.tickets, querySpaceUid=<gen:0>, path=[Abstract.TicketSeller.tickets])
          - (collection element) CollectionFetchableElementEntityGraph(entity=Classes.Ticket, querySpaceUid=<gen:1>, path=[Abstract.TicketSeller.tickets].<elements>)
             - EntityAttributeFetchImpl(entity=Abstract.TicketSeller, querySpaceUid=<gen:2>, path=[Abstract.TicketSeller.tickets].<elements>.seller)
                - CollectionAttributeFetchImpl(collection=Classes.Shop.people, querySpaceUid=<gen:3>, path=[Abstract.TicketSeller.tickets].<elements>.seller.people)
                   - (collection element) CollectionFetchableElementEntityGraph(entity=Classes.Person, querySpaceUid=<gen:4>, path=[Abstract.TicketSeller.tickets].<elements>.seller.people.<elements>)
             - EntityAttributeFetchImpl(entity=Classes.Person, querySpaceUid=<gen:5>, path=[Abstract.TicketSeller.tickets].<elements>.person)
                - EntityAttributeFetchImpl(entity=Classes.Card, querySpaceUid=<gen:6>, path=[Abstract.TicketSeller.tickets].<elements>.person.cardNum)
             - EntityAttributeFetchImpl(entity=Abstract.TicketSeller, querySpaceUid=<gen:7>, path=[Abstract.TicketSeller.tickets].<elements>.sellers)
                - CollectionAttributeFetchImpl(collection=Classes.Shop.people, querySpaceUid=<gen:8>, path=[Abstract.TicketSeller.tickets].<elements>.sellers.people)
                   - (collection element) CollectionFetchableElementEntityGraph(entity=Classes.Person, querySpaceUid=<gen:9>, path=[Abstract.TicketSeller.tickets].<elements>.sellers.people.<elements>)
    - QuerySpaces
       - CollectionQuerySpaceImpl(uid=<gen:0>, collection=Abstract.TicketSeller.tickets)
          - SQL table alias mapping - tickets0_
          - alias suffix - 0_
          - suffixed key columns - {ticketse1_5_0_}
          - entity-element alias suffix - 1_
          - 1_entity-element suffixed key columns - id2_2_1_
          - JOIN (JoinDefinedByMetadata(elements)) : <gen:0> -> <gen:1>
             - EntityQuerySpaceImpl(uid=<gen:1>, entity=Classes.Ticket)
                - SQL table alias mapping - ticket1_
                - alias suffix - 1_
                - suffixed key columns - {id2_2_1_}
                - JOIN (JoinDefinedByMetadata(seller)) : <gen:1> -> <gen:2>
                   - EntityQuerySpaceImpl(uid=<gen:2>, entity=Abstract.TicketSeller)
                      - SQL table alias mapping - ticketsell2_
                      - alias suffix - 2_
                      - suffixed key columns - {id2_3_2_}
                - JOIN (JoinDefinedByMetadata(person)) : <gen:1> -> <gen:5>
                   - EntityQuerySpaceImpl(uid=<gen:5>, entity=Classes.Person)
                      - SQL table alias mapping - person3_
                      - alias suffix - 3_
                      - suffixed key columns - {id1_1_3_}
                      - JOIN (JoinDefinedByMetadata(cardNum)) : <gen:5> -> <gen:6>
                         - EntityQuerySpaceImpl(uid=<gen:6>, entity=Classes.Card)
                            - SQL table alias mapping - card4_
                            - alias suffix - 4_
                            - suffixed key columns - {id1_0_4_}
                - JOIN (JoinDefinedByMetadata(sellers)) : <gen:1> -> <gen:7>
                   - EntityQuerySpaceImpl(uid=<gen:7>, entity=Abstract.TicketSeller)
                      - SQL table alias mapping - ticketsell5_
                      - alias suffix - 5_
                      - suffixed key columns - {id2_3_5_}

12:57:22.902 [main] DEBUG o.h.l.c.plan.CollectionLoader - Static select for collection Abstract.TicketSeller.tickets: select tickets0_.TicketSeller_id as ticketse1_5_0_, tickets0_.tickets_id as tickets_2_5_0_, ticket1_.id as id2_2_1_, ticket1_.seller_id as seller_i4_2_1_, ticket1_.person_id as person_i5_2_1_, ticket1_.sellers_id as sellers_6_2_1_, ticket1_.validity as validity3_2_1_, ticket1_.DTYPE as dtype1_2_1_, ticketsell2_.id as id2_3_2_, ticketsell2_.seller_name as seller_n3_3_2_, ticketsell2_.isWorking as isworkin4_3_2_, ticketsell2_.type as type1_3_2_, person3_.id as id1_1_3_, person3_.birthdate as birthdat2_1_3_, person3_.cardNum_id as cardnum_5_1_3_, person3_.firstName as firstnam3_1_3_, person3_.lastName as lastname4_1_3_, card4_.id as id1_0_4_, card4_.emissionDate as emission2_0_4_, card4_.expirationDate as expirati3_0_4_, ticketsell5_.id as id2_3_5_, ticketsell5_.seller_name as seller_n3_3_5_, ticketsell5_.isWorking as isworkin4_3_5_, ticketsell5_.type as type1_3_5_ from TicketSeller_Ticket tickets0_ inner join Ticket ticket1_ on tickets0_.tickets_id=ticket1_.id left outer join TicketSeller ticketsell2_ on ticket1_.seller_id=ticketsell2_.id left outer join Person person3_ on ticket1_.person_id=person3_.id left outer join Card card4_ on person3_.cardNum_id=card4_.id left outer join TicketSeller ticketsell5_ on ticket1_.sellers_id=ticketsell5_.id where tickets0_.TicketSeller_id=?
12:57:22.902 [main] DEBUG o.h.l.p.b.i.spaces.QuerySpacesImpl - Adding QuerySpace : uid = <gen:0> -> org.hibernate.loader.plan.build.internal.spaces.CollectionQuerySpaceImpl@d48e998]
12:57:22.902 [main] DEBUG o.h.l.p.b.i.spaces.QuerySpacesImpl - Adding QuerySpace : uid = <gen:1> -> org.hibernate.loader.plan.build.internal.spaces.EntityQuerySpaceImpl@7cfac39f]
12:57:22.902 [main] DEBUG o.h.p.w.spi.MetamodelGraphWalker - Visiting attribute path : seller
12:57:22.902 [main] DEBUG o.h.l.p.b.i.spaces.QuerySpacesImpl - Adding QuerySpace : uid = <gen:2> -> org.hibernate.loader.plan.build.internal.spaces.EntityQuerySpaceImpl@1a256d80]
12:57:22.902 [main] DEBUG o.h.p.w.spi.MetamodelGraphWalker - Visiting attribute path : seller.name
12:57:22.902 [main] DEBUG o.h.p.w.spi.MetamodelGraphWalker - Visiting attribute path : seller.passes
12:57:22.902 [main] DEBUG o.h.p.w.spi.MetamodelGraphWalker - Property path deemed to be circular : seller.passes
12:57:22.902 [main] DEBUG o.h.p.w.spi.MetamodelGraphWalker - Visiting attribute path : seller.tickets
12:57:22.902 [main] DEBUG o.h.p.w.spi.MetamodelGraphWalker - Property path deemed to be circular : seller.tickets
12:57:22.902 [main] DEBUG o.h.p.w.spi.MetamodelGraphWalker - Visiting attribute path : seller.people
12:57:22.902 [main] DEBUG o.h.l.p.b.i.spaces.QuerySpacesImpl - Adding QuerySpace : uid = <gen:3> -> org.hibernate.loader.plan.build.internal.spaces.CollectionQuerySpaceImpl@7235f92b]
12:57:22.902 [main] DEBUG o.h.l.p.b.i.spaces.QuerySpacesImpl - Adding QuerySpace : uid = <gen:4> -> org.hibernate.loader.plan.build.internal.spaces.EntityQuerySpaceImpl@7885776b]
12:57:22.902 [main] DEBUG o.h.p.w.spi.MetamodelGraphWalker - Visiting attribute path : seller.isWorking
12:57:22.902 [main] DEBUG o.h.p.w.spi.MetamodelGraphWalker - Visiting attribute path : person
12:57:22.902 [main] DEBUG o.h.l.p.b.i.spaces.QuerySpacesImpl - Adding QuerySpace : uid = <gen:5> -> org.hibernate.loader.plan.build.internal.spaces.EntityQuerySpaceImpl@497d4c96]
12:57:22.903 [main] DEBUG o.h.p.w.spi.MetamodelGraphWalker - Visiting attribute path : person.birthdate
12:57:22.903 [main] DEBUG o.h.p.w.spi.MetamodelGraphWalker - Visiting attribute path : person.cardNum
12:57:22.903 [main] DEBUG o.h.l.p.b.i.spaces.QuerySpacesImpl - Adding QuerySpace : uid = <gen:6> -> org.hibernate.loader.plan.build.internal.spaces.EntityQuerySpaceImpl@69d3cf7e]
12:57:22.903 [main] DEBUG o.h.p.w.spi.MetamodelGraphWalker - Visiting attribute path : person.cardNum.emissionDate
12:57:22.903 [main] DEBUG o.h.p.w.spi.MetamodelGraphWalker - Visiting attribute path : person.cardNum.expirationDate
12:57:22.903 [main] DEBUG o.h.p.w.spi.MetamodelGraphWalker - Visiting attribute path : person.cardNum.person
12:57:22.903 [main] DEBUG o.h.p.w.spi.MetamodelGraphWalker - Property path deemed to be circular : person.cardNum.person
12:57:22.903 [main] DEBUG o.h.p.w.spi.MetamodelGraphWalker - Visiting attribute path : person.firstName
12:57:22.903 [main] DEBUG o.h.p.w.spi.MetamodelGraphWalker - Visiting attribute path : person.lastName
12:57:22.903 [main] DEBUG o.h.p.w.spi.MetamodelGraphWalker - Visiting attribute path : sellers
12:57:22.903 [main] DEBUG o.h.l.p.b.i.spaces.QuerySpacesImpl - Adding QuerySpace : uid = <gen:7> -> org.hibernate.loader.plan.build.internal.spaces.EntityQuerySpaceImpl@1984212d]
12:57:22.903 [main] DEBUG o.h.p.w.spi.MetamodelGraphWalker - Visiting attribute path : sellers.name
12:57:22.903 [main] DEBUG o.h.p.w.spi.MetamodelGraphWalker - Visiting attribute path : sellers.passes
12:57:22.903 [main] DEBUG o.h.p.w.spi.MetamodelGraphWalker - Property path deemed to be circular : sellers.passes
12:57:22.903 [main] DEBUG o.h.p.w.spi.MetamodelGraphWalker - Visiting attribute path : sellers.tickets
12:57:22.903 [main] DEBUG o.h.p.w.spi.MetamodelGraphWalker - Property path deemed to be circular : sellers.tickets
12:57:22.903 [main] DEBUG o.h.p.w.spi.MetamodelGraphWalker - Visiting attribute path : sellers.people
12:57:22.903 [main] DEBUG o.h.l.p.b.i.spaces.QuerySpacesImpl - Adding QuerySpace : uid = <gen:8> -> org.hibernate.loader.plan.build.internal.spaces.CollectionQuerySpaceImpl@4eaa375c]
12:57:22.903 [main] DEBUG o.h.l.p.b.i.spaces.QuerySpacesImpl - Adding QuerySpace : uid = <gen:9> -> org.hibernate.loader.plan.build.internal.spaces.EntityQuerySpaceImpl@2404b5a]
12:57:22.903 [main] DEBUG o.h.p.w.spi.MetamodelGraphWalker - Visiting attribute path : sellers.isWorking
12:57:22.903 [main] DEBUG o.h.p.w.spi.MetamodelGraphWalker - Visiting attribute path : validity
12:57:22.903 [main] DEBUG o.h.l.p.b.i.FetchStyleLoadPlanBuildingAssociationVisitationStrategy - Building LoadPlan...
12:57:22.903 [main] DEBUG o.h.l.p.e.i.LoadQueryJoinAndFetchProcessor - processing queryspace <gen:0>
12:57:22.904 [main] DEBUG o.h.l.p.b.spi.LoadPlanTreePrinter - LoadPlan(collection=Abstract.TicketSeller.passes)
    - Returns
       - CollectionReturnImpl(collection=Abstract.TicketSeller.passes, querySpaceUid=<gen:0>, path=[Abstract.TicketSeller.passes])
          - (collection element) CollectionFetchableElementEntityGraph(entity=Classes.Pass, querySpaceUid=<gen:1>, path=[Abstract.TicketSeller.passes].<elements>)
             - EntityAttributeFetchImpl(entity=Abstract.TicketSeller, querySpaceUid=<gen:2>, path=[Abstract.TicketSeller.passes].<elements>.seller)
                - CollectionAttributeFetchImpl(collection=Classes.Shop.people, querySpaceUid=<gen:3>, path=[Abstract.TicketSeller.passes].<elements>.seller.people)
                   - (collection element) CollectionFetchableElementEntityGraph(entity=Classes.Person, querySpaceUid=<gen:4>, path=[Abstract.TicketSeller.passes].<elements>.seller.people.<elements>)
             - EntityAttributeFetchImpl(entity=Classes.Person, querySpaceUid=<gen:5>, path=[Abstract.TicketSeller.passes].<elements>.person)
                - EntityAttributeFetchImpl(entity=Classes.Card, querySpaceUid=<gen:6>, path=[Abstract.TicketSeller.passes].<elements>.person.cardNum)
             - EntityAttributeFetchImpl(entity=Abstract.TicketSeller, querySpaceUid=<gen:7>, path=[Abstract.TicketSeller.passes].<elements>.sellers)
                - CollectionAttributeFetchImpl(collection=Classes.Shop.people, querySpaceUid=<gen:8>, path=[Abstract.TicketSeller.passes].<elements>.sellers.people)
                   - (collection element) CollectionFetchableElementEntityGraph(entity=Classes.Person, querySpaceUid=<gen:9>, path=[Abstract.TicketSeller.passes].<elements>.sellers.people.<elements>)
    - QuerySpaces
       - CollectionQuerySpaceImpl(uid=<gen:0>, collection=Abstract.TicketSeller.passes)
          - SQL table alias mapping - passes0_
          - alias suffix - 0_
          - suffixed key columns - {ticketse1_5_0_}
          - entity-element alias suffix - 1_
          - 1_entity-element suffixed key columns - id2_2_1_
          - JOIN (JoinDefinedByMetadata(elements)) : <gen:0> -> <gen:1>
             - EntityQuerySpaceImpl(uid=<gen:1>, entity=Classes.Pass)
                - SQL table alias mapping - pass1_
                - alias suffix - 1_
                - suffixed key columns - {id2_2_1_}
                - JOIN (JoinDefinedByMetadata(seller)) : <gen:1> -> <gen:2>
                   - EntityQuerySpaceImpl(uid=<gen:2>, entity=Abstract.TicketSeller)
                      - SQL table alias mapping - ticketsell2_
                      - alias suffix - 2_
                      - suffixed key columns - {id2_3_2_}
                - JOIN (JoinDefinedByMetadata(person)) : <gen:1> -> <gen:5>
                   - EntityQuerySpaceImpl(uid=<gen:5>, entity=Classes.Person)
                      - SQL table alias mapping - person3_
                      - alias suffix - 3_
                      - suffixed key columns - {id1_1_3_}
                      - JOIN (JoinDefinedByMetadata(cardNum)) : <gen:5> -> <gen:6>
                         - EntityQuerySpaceImpl(uid=<gen:6>, entity=Classes.Card)
                            - SQL table alias mapping - card4_
                            - alias suffix - 4_
                            - suffixed key columns - {id1_0_4_}
                - JOIN (JoinDefinedByMetadata(sellers)) : <gen:1> -> <gen:7>
                   - EntityQuerySpaceImpl(uid=<gen:7>, entity=Abstract.TicketSeller)
                      - SQL table alias mapping - ticketsell5_
                      - alias suffix - 5_
                      - suffixed key columns - {id2_3_5_}

12:57:22.904 [main] DEBUG o.h.l.c.plan.CollectionLoader - Static select for collection Abstract.TicketSeller.passes: select passes0_.TicketSeller_id as ticketse1_5_0_, passes0_.passes_id as passes_i3_5_0_, pass1_.id as id2_2_1_, pass1_.seller_id as seller_i4_2_1_, pass1_.person_id as person_i5_2_1_, pass1_.sellers_id as sellers_6_2_1_, pass1_.validity as validity3_2_1_, ticketsell2_.id as id2_3_2_, ticketsell2_.seller_name as seller_n3_3_2_, ticketsell2_.isWorking as isworkin4_3_2_, ticketsell2_.type as type1_3_2_, person3_.id as id1_1_3_, person3_.birthdate as birthdat2_1_3_, person3_.cardNum_id as cardnum_5_1_3_, person3_.firstName as firstnam3_1_3_, person3_.lastName as lastname4_1_3_, card4_.id as id1_0_4_, card4_.emissionDate as emission2_0_4_, card4_.expirationDate as expirati3_0_4_, ticketsell5_.id as id2_3_5_, ticketsell5_.seller_name as seller_n3_3_5_, ticketsell5_.isWorking as isworkin4_3_5_, ticketsell5_.type as type1_3_5_ from TicketSeller_Ticket passes0_ inner join Ticket pass1_ on passes0_.passes_id=pass1_.id left outer join TicketSeller ticketsell2_ on pass1_.seller_id=ticketsell2_.id left outer join Person person3_ on pass1_.person_id=person3_.id left outer join Card card4_ on person3_.cardNum_id=card4_.id left outer join TicketSeller ticketsell5_ on pass1_.sellers_id=ticketsell5_.id where passes0_.TicketSeller_id=?
12:57:22.904 [main] DEBUG o.h.l.p.b.i.spaces.QuerySpacesImpl - Adding QuerySpace : uid = <gen:0> -> org.hibernate.loader.plan.build.internal.spaces.CollectionQuerySpaceImpl@3af58f76]
12:57:22.904 [main] DEBUG o.h.l.p.b.i.spaces.QuerySpacesImpl - Adding QuerySpace : uid = <gen:1> -> org.hibernate.loader.plan.build.internal.spaces.EntityQuerySpaceImpl@2ead6ba4]
12:57:22.904 [main] DEBUG o.h.p.w.spi.MetamodelGraphWalker - Visiting attribute path : birthdate
12:57:22.904 [main] DEBUG o.h.p.w.spi.MetamodelGraphWalker - Visiting attribute path : cardNum
12:57:22.904 [main] DEBUG o.h.l.p.b.i.spaces.QuerySpacesImpl - Adding QuerySpace : uid = <gen:2> -> org.hibernate.loader.plan.build.internal.spaces.EntityQuerySpaceImpl@27a09971]
12:57:22.904 [main] DEBUG o.h.p.w.spi.MetamodelGraphWalker - Visiting attribute path : cardNum.emissionDate
12:57:22.904 [main] DEBUG o.h.p.w.spi.MetamodelGraphWalker - Visiting attribute path : cardNum.expirationDate
12:57:22.904 [main] DEBUG o.h.p.w.spi.MetamodelGraphWalker - Visiting attribute path : cardNum.person
12:57:22.904 [main] DEBUG o.h.p.w.spi.MetamodelGraphWalker - Property path deemed to be circular : cardNum.person
12:57:22.904 [main] DEBUG o.h.p.w.spi.MetamodelGraphWalker - Visiting attribute path : firstName
12:57:22.904 [main] DEBUG o.h.p.w.spi.MetamodelGraphWalker - Visiting attribute path : lastName
12:57:22.904 [main] DEBUG o.h.l.p.b.i.FetchStyleLoadPlanBuildingAssociationVisitationStrategy - Building LoadPlan...
12:57:22.904 [main] DEBUG o.h.l.p.e.i.LoadQueryJoinAndFetchProcessor - processing queryspace <gen:0>
12:57:22.904 [main] DEBUG o.h.l.p.b.spi.LoadPlanTreePrinter - LoadPlan(collection=Classes.Shop.people)
    - Returns
       - CollectionReturnImpl(collection=Classes.Shop.people, querySpaceUid=<gen:0>, path=[Classes.Shop.people])
          - (collection element) CollectionFetchableElementEntityGraph(entity=Classes.Person, querySpaceUid=<gen:1>, path=[Classes.Shop.people].<elements>)
             - EntityAttributeFetchImpl(entity=Classes.Card, querySpaceUid=<gen:2>, path=[Classes.Shop.people].<elements>.cardNum)
    - QuerySpaces
       - CollectionQuerySpaceImpl(uid=<gen:0>, collection=Classes.Shop.people)
          - SQL table alias mapping - people0_
          - alias suffix - 0_
          - suffixed key columns - {shop_id1_4_0_}
          - entity-element alias suffix - 1_
          - 1_entity-element suffixed key columns - id1_1_1_
          - JOIN (JoinDefinedByMetadata(elements)) : <gen:0> -> <gen:1>
             - EntityQuerySpaceImpl(uid=<gen:1>, entity=Classes.Person)
                - SQL table alias mapping - person1_
                - alias suffix - 1_
                - suffixed key columns - {id1_1_1_}
                - JOIN (JoinDefinedByMetadata(cardNum)) : <gen:1> -> <gen:2>
                   - EntityQuerySpaceImpl(uid=<gen:2>, entity=Classes.Card)
                      - SQL table alias mapping - card2_
                      - alias suffix - 2_
                      - suffixed key columns - {id1_0_2_}

12:57:22.904 [main] DEBUG o.h.l.c.plan.CollectionLoader - Static select for collection Classes.Shop.people: select people0_.Shop_id as shop_id1_4_0_, people0_.people_id as people_i2_4_0_, person1_.id as id1_1_1_, person1_.birthdate as birthdat2_1_1_, person1_.cardNum_id as cardnum_5_1_1_, person1_.firstName as firstnam3_1_1_, person1_.lastName as lastname4_1_1_, card2_.id as id1_0_2_, card2_.emissionDate as emission2_0_2_, card2_.expirationDate as expirati3_0_2_ from TicketSeller_Person people0_ inner join Person person1_ on people0_.people_id=person1_.id left outer join Card card2_ on person1_.cardNum_id=card2_.id where people0_.Shop_id=?
12:57:22.928 [main] INFO  o.hibernate.orm.connections.access - HHH10001501: Connection obtained from JdbcConnectionAccess [org.hibernate.engine.jdbc.env.internal.JdbcEnvironmentInitiator$ConnectionProviderJdbcConnectionAccess@63f9b562] for (non-JTA) DDL execution was not in auto-commit mode; the Connection 'local transaction' will be committed and the Connection will be set into auto-commit mode.
12:57:22.944 [main] DEBUG org.hibernate.mapping.Table - No alter strings for table : Card
12:57:22.944 [main] DEBUG org.hibernate.mapping.Table - No alter strings for table : Person
12:57:22.944 [main] DEBUG org.hibernate.mapping.Table - No alter strings for table : Ticket
12:57:22.944 [main] DEBUG org.hibernate.mapping.Table - No alter strings for table : TicketSeller
12:57:22.944 [main] DEBUG org.hibernate.mapping.Table - No alter strings for table : TicketSeller_Person
12:57:22.944 [main] DEBUG org.hibernate.mapping.Table - No alter strings for table : TicketSeller_Ticket
12:57:23.004 [main] DEBUG o.h.e.t.j.p.i.JtaPlatformInitiator - No JtaPlatform was specified, checking resolver
12:57:23.004 [main] DEBUG o.h.e.t.j.p.i.JtaPlatformResolverInitiator - No JtaPlatformResolver was specified, using default [org.hibernate.engine.transaction.jta.platform.internal.StandardJtaPlatformResolver]
12:57:23.007 [main] DEBUG o.h.e.t.j.p.i.StandardJtaPlatformResolver - Could not resolve JtaPlatform, using default [org.hibernate.engine.transaction.jta.platform.internal.NoJtaPlatform]
12:57:23.007 [main] INFO  o.h.e.t.j.p.i.JtaPlatformInitiator - HHH000490: Using JtaPlatform implementation: [org.hibernate.engine.transaction.jta.platform.internal.NoJtaPlatform]
12:57:23.009 [main] DEBUG o.h.s.i.SessionFactoryServiceRegistryImpl - EventListenerRegistry access via ServiceRegistry is deprecated.  Use `sessionFactory.getEventEngine().getListenerRegistry()` instead
12:57:23.011 [main] DEBUG o.h.h.i.QueryTranslatorFactoryInitiator - QueryTranslatorFactory: org.hibernate.hql.internal.ast.ASTQueryTranslatorFactory@484149eb
12:57:23.014 [main] DEBUG o.h.query.spi.NamedQueryRepository - Checking 0 named HQL queries
12:57:23.014 [main] DEBUG o.h.query.spi.NamedQueryRepository - Checking 0 named SQL queries
12:57:23.016 [main] DEBUG o.h.internal.SessionFactoryRegistry - Initializing SessionFactoryRegistry : org.hibernate.internal.SessionFactoryRegistry@6411504a
12:57:23.017 [main] DEBUG o.h.internal.SessionFactoryRegistry - Registering SessionFactory: 1e64a762-aa49-43df-a475-c859a0666fc3 (<unnamed>)
12:57:23.017 [main] DEBUG o.h.internal.SessionFactoryRegistry - Not binding SessionFactory to JNDI, no JNDI name configured
12:57:23.042 [main] DEBUG o.h.s.internal.StatisticsInitiator - Statistics initialized [enabled=false]
12:57:23.047 [main] DEBUG o.h.e.t.internal.TransactionImpl - On TransactionImpl creation, JpaCompliance#isJpaTransactionComplianceEnabled == false
12:57:23.047 [main] DEBUG o.h.e.t.internal.TransactionImpl - begin
12:57:23.051 [main] DEBUG org.hibernate.SQL - select vendingmac0_.id as id2_3_0_, vendingmac0_.seller_name as seller_n3_3_0_, vendingmac0_.isWorking as isworkin4_3_0_ from TicketSeller vendingmac0_ where vendingmac0_.id=? and vendingmac0_.type='vending_machine'
12:57:23.054 [main] DEBUG o.h.l.p.e.p.i.EntityReferenceInitializerImpl - On call to EntityIdentifierReaderImpl#resolve, EntityKey was already known; should only happen on root returns with an optional identifier specified
12:57:23.058 [main] DEBUG o.h.engine.internal.TwoPhaseLoad - Resolving attributes for [Classes.VendingMachine#2]
12:57:23.059 [main] DEBUG o.h.engine.internal.TwoPhaseLoad - Processing attribute `name` : value = Vending DiGregorio
12:57:23.059 [main] DEBUG o.h.engine.internal.TwoPhaseLoad - Attribute (`name`)  - enhanced for lazy-loading? - false
12:57:23.059 [main] DEBUG o.h.engine.internal.TwoPhaseLoad - Processing attribute `passes` : value = NOT NULL COLLECTION
12:57:23.059 [main] DEBUG o.h.engine.internal.TwoPhaseLoad - Attribute (`passes`)  - enhanced for lazy-loading? - false
12:57:23.062 [main] DEBUG o.h.engine.internal.TwoPhaseLoad - Processing attribute `tickets` : value = NOT NULL COLLECTION
12:57:23.062 [main] DEBUG o.h.engine.internal.TwoPhaseLoad - Attribute (`tickets`)  - enhanced for lazy-loading? - false
12:57:23.062 [main] DEBUG o.h.engine.internal.TwoPhaseLoad - Processing attribute `isWorking` : value = true
12:57:23.062 [main] DEBUG o.h.engine.internal.TwoPhaseLoad - Attribute (`isWorking`)  - enhanced for lazy-loading? - false
12:57:23.063 [main] DEBUG o.h.engine.internal.TwoPhaseLoad - Done materializing entity [Classes.VendingMachine#2]
12:57:23.064 [main] DEBUG o.h.l.e.p.AbstractLoadPlanBasedEntityLoader - Done entity load : Classes.VendingMachine#2
12:57:23.064 [main] DEBUG o.h.e.t.internal.TransactionImpl - committing
12:57:23.064 [main] DEBUG o.h.e.i.AbstractFlushingEventListener - Processing flush-time cascades
12:57:23.067 [main] DEBUG o.h.e.i.AbstractFlushingEventListener - Dirty checking collections
12:57:23.071 [main] DEBUG o.h.engine.internal.Collections - Collection found: [Abstract.TicketSeller.passes#2], was: [Abstract.TicketSeller.passes#2] (uninitialized)
12:57:23.071 [main] DEBUG o.h.engine.internal.Collections - Collection found: [Abstract.TicketSeller.tickets#2], was: [Abstract.TicketSeller.tickets#2] (uninitialized)
12:57:23.072 [main] DEBUG o.h.e.i.AbstractFlushingEventListener - Flushed: 0 insertions, 1 updates, 0 deletions to 1 objects
12:57:23.072 [main] DEBUG o.h.e.i.AbstractFlushingEventListener - Flushed: 0 (re)creations, 0 updates, 0 removals to 2 collections
12:57:23.072 [main] DEBUG o.h.internal.util.EntityPrinter - Listing entities:
12:57:23.072 [main] DEBUG o.h.internal.util.EntityPrinter - Classes.VendingMachine{tickets=<uninitialized>, passes=<uninitialized>, name=Vending DiGregorio, id=2, isWorking=false}
12:57:23.075 [main] DEBUG org.hibernate.SQL - update TicketSeller set seller_name=?, isWorking=? where id=?
12:57:23.080 [main] DEBUG o.h.r.j.i.LogicalConnectionManagedImpl - Initiating JDBC connection release from afterTransaction
12:57:23.080 [main] DEBUG o.h.r.j.i.LogicalConnectionManagedImpl - Initiating JDBC connection release from afterTransaction
12:57:29.569 [main] DEBUG org.jboss.logging - Logging Provider: org.jboss.logging.Slf4jLoggerProvider
12:57:29.627 [main] DEBUG o.h.jpa.HibernatePersistenceProvider - Located and parsed 2 persistence units; checking each
12:57:29.628 [main] DEBUG o.h.jpa.HibernatePersistenceProvider - Checking persistence-unit [name=HomeworkS3D3, explicit-provider=null] against incoming persistence unit name [BuildWeek_4]
12:57:29.628 [main] DEBUG o.h.jpa.HibernatePersistenceProvider - Excluding from consideration due to name mis-match
12:57:29.628 [main] DEBUG o.h.jpa.HibernatePersistenceProvider - Checking persistence-unit [name=BuildWeek_4, explicit-provider=null] against incoming persistence unit name [BuildWeek_4]
12:57:29.628 [main] DEBUG o.h.jpa.boot.spi.ProviderChecker - No PersistenceProvider explicitly requested, assuming Hibernate
12:57:29.631 [main] DEBUG o.h.jpa.internal.util.LogHelper - PersistenceUnitInfo [
	name: BuildWeek_4
	persistence provider classname: null
	classloader: null
	excludeUnlistedClasses: false
	JTA datasource: null
	Non JTA datasource: null
	Transaction type: RESOURCE_LOCAL
	PU root URL: file:/C:/Users/total/Desktop/All/Epicode/fs0223-Luca-Sernicola-BackEnd/BuildWeek_4/target/classes/
	Shared Cache Mode: null
	Validation Mode: null
	Jar files URLs []
	Managed classes names []
	Mapping files names []
	Properties [
		javax.persistence.jdbc.driver: org.postgresql.Driver
		javax.persistence.jdbc.password: root
		hibernate.dialect: org.hibernate.dialect.PostgreSQLDialect
		javax.persistence.jdbc.url: jdbc:postgresql://localhost:5432/BuildWeek
		hibernate.hbm2ddl.auto: update
		javax.persistence.jdbc.user: postgres]
12:57:29.634 [main] DEBUG o.h.i.internal.IntegratorServiceImpl - Adding Integrator [org.hibernate.cfg.beanvalidation.BeanValidationIntegrator].
12:57:29.635 [main] DEBUG o.h.i.internal.IntegratorServiceImpl - Adding Integrator [org.hibernate.secure.spi.JaccIntegrator].
12:57:29.637 [main] DEBUG o.h.i.internal.IntegratorServiceImpl - Adding Integrator [org.hibernate.cache.internal.CollectionCacheInvalidator].
12:57:29.661 [main] INFO  org.hibernate.Version - HHH000412: Hibernate ORM core version 5.6.15.Final
12:57:29.662 [main] DEBUG org.hibernate.cfg.Environment - HHH000206: hibernate.properties not found
12:57:29.761 [main] DEBUG o.h.service.spi.ServiceBinding - Overriding existing service binding [org.hibernate.secure.spi.JaccService]
12:57:29.770 [main] DEBUG o.h.c.i.RegionFactoryInitiator - Cannot default RegionFactory based on registered strategies as `[]` RegionFactory strategies were registered
12:57:29.771 [main] DEBUG o.h.c.i.RegionFactoryInitiator - Cache region factory : org.hibernate.cache.internal.NoCachingRegionFactory
12:57:29.782 [main] INFO  o.h.annotations.common.Version - HCANN000001: Hibernate Commons Annotations {5.1.2.Final}
12:57:29.836 [main] DEBUG o.hibernate.type.BasicTypeRegistry - Adding type registration boolean -> org.hibernate.type.BooleanType@ea9b7c6
12:57:29.837 [main] DEBUG o.hibernate.type.BasicTypeRegistry - Adding type registration boolean -> org.hibernate.type.BooleanType@ea9b7c6
12:57:29.837 [main] DEBUG o.hibernate.type.BasicTypeRegistry - Adding type registration java.lang.Boolean -> org.hibernate.type.BooleanType@ea9b7c6
12:57:29.837 [main] DEBUG o.hibernate.type.BasicTypeRegistry - Adding type registration numeric_boolean -> org.hibernate.type.NumericBooleanType@3fffff43
12:57:29.837 [main] DEBUG o.hibernate.type.BasicTypeRegistry - Adding type registration true_false -> org.hibernate.type.TrueFalseType@7b324585
12:57:29.838 [main] DEBUG o.hibernate.type.BasicTypeRegistry - Adding type registration yes_no -> org.hibernate.type.YesNoType@fd8294b
12:57:29.838 [main] DEBUG o.hibernate.type.BasicTypeRegistry - Adding type registration byte -> org.hibernate.type.ByteType@4fbda97b
12:57:29.838 [main] DEBUG o.hibernate.type.BasicTypeRegistry - Adding type registration byte -> org.hibernate.type.ByteType@4fbda97b
12:57:29.838 [main] DEBUG o.hibernate.type.BasicTypeRegistry - Adding type registration java.lang.Byte -> org.hibernate.type.ByteType@4fbda97b
12:57:29.839 [main] DEBUG o.hibernate.type.BasicTypeRegistry - Adding type registration character -> org.hibernate.type.CharacterType@354fc8f0
12:57:29.839 [main] DEBUG o.hibernate.type.BasicTypeRegistry - Adding type registration char -> org.hibernate.type.CharacterType@354fc8f0
12:57:29.839 [main] DEBUG o.hibernate.type.BasicTypeRegistry - Adding type registration java.lang.Character -> org.hibernate.type.CharacterType@354fc8f0
12:57:29.840 [main] DEBUG o.hibernate.type.BasicTypeRegistry - Adding type registration short -> org.hibernate.type.ShortType@a4b2d8f
12:57:29.840 [main] DEBUG o.hibernate.type.BasicTypeRegistry - Adding type registration short -> org.hibernate.type.ShortType@a4b2d8f
12:57:29.840 [main] DEBUG o.hibernate.type.BasicTypeRegistry - Adding type registration java.lang.Short -> org.hibernate.type.ShortType@a4b2d8f
12:57:29.840 [main] DEBUG o.hibernate.type.BasicTypeRegistry - Adding type registration integer -> org.hibernate.type.IntegerType@51cd7ffc
12:57:29.841 [main] DEBUG o.hibernate.type.BasicTypeRegistry - Adding type registration int -> org.hibernate.type.IntegerType@51cd7ffc
12:57:29.841 [main] DEBUG o.hibernate.type.BasicTypeRegistry - Adding type registration java.lang.Integer -> org.hibernate.type.IntegerType@51cd7ffc
12:57:29.841 [main] DEBUG o.hibernate.type.BasicTypeRegistry - Adding type registration long -> org.hibernate.type.LongType@590c73d3
12:57:29.841 [main] DEBUG o.hibernate.type.BasicTypeRegistry - Adding type registration long -> org.hibernate.type.LongType@590c73d3
12:57:29.841 [main] DEBUG o.hibernate.type.BasicTypeRegistry - Adding type registration java.lang.Long -> org.hibernate.type.LongType@590c73d3
12:57:29.842 [main] DEBUG o.hibernate.type.BasicTypeRegistry - Adding type registration float -> org.hibernate.type.FloatType@79da1ec0
12:57:29.842 [main] DEBUG o.hibernate.type.BasicTypeRegistry - Adding type registration float -> org.hibernate.type.FloatType@79da1ec0
12:57:29.842 [main] DEBUG o.hibernate.type.BasicTypeRegistry - Adding type registration java.lang.Float -> org.hibernate.type.FloatType@79da1ec0
12:57:29.842 [main] DEBUG o.hibernate.type.BasicTypeRegistry - Adding type registration double -> org.hibernate.type.DoubleType@66ce957f
12:57:29.842 [main] DEBUG o.hibernate.type.BasicTypeRegistry - Adding type registration double -> org.hibernate.type.DoubleType@66ce957f
12:57:29.842 [main] DEBUG o.hibernate.type.BasicTypeRegistry - Adding type registration java.lang.Double -> org.hibernate.type.DoubleType@66ce957f
12:57:29.842 [main] DEBUG o.hibernate.type.BasicTypeRegistry - Adding type registration big_decimal -> org.hibernate.type.BigDecimalType@3b220bcb
12:57:29.842 [main] DEBUG o.hibernate.type.BasicTypeRegistry - Adding type registration java.math.BigDecimal -> org.hibernate.type.BigDecimalType@3b220bcb
12:57:29.844 [main] DEBUG o.hibernate.type.BasicTypeRegistry - Adding type registration big_integer -> org.hibernate.type.BigIntegerType@13e3c1c7
12:57:29.844 [main] DEBUG o.hibernate.type.BasicTypeRegistry - Adding type registration java.math.BigInteger -> org.hibernate.type.BigIntegerType@13e3c1c7
12:57:29.844 [main] DEBUG o.hibernate.type.BasicTypeRegistry - Adding type registration string -> org.hibernate.type.StringType@1d8062d2
12:57:29.844 [main] DEBUG o.hibernate.type.BasicTypeRegistry - Adding type registration java.lang.String -> org.hibernate.type.StringType@1d8062d2
12:57:29.844 [main] DEBUG o.hibernate.type.BasicTypeRegistry - Adding type registration nstring -> org.hibernate.type.StringNVarcharType@285c08c8
12:57:29.845 [main] DEBUG o.hibernate.type.BasicTypeRegistry - Adding type registration ncharacter -> org.hibernate.type.CharacterNCharType@64dafeed
12:57:29.845 [main] DEBUG o.hibernate.type.BasicTypeRegistry - Adding type registration url -> org.hibernate.type.UrlType@6111ba37
12:57:29.845 [main] DEBUG o.hibernate.type.BasicTypeRegistry - Adding type registration java.net.URL -> org.hibernate.type.UrlType@6111ba37
12:57:29.846 [main] DEBUG o.hibernate.type.BasicTypeRegistry - Adding type registration Duration -> org.hibernate.type.DurationType@4721d212
12:57:29.846 [main] DEBUG o.hibernate.type.BasicTypeRegistry - Adding type registration java.time.Duration -> org.hibernate.type.DurationType@4721d212
12:57:29.846 [main] DEBUG o.hibernate.type.BasicTypeRegistry - Adding type registration Instant -> org.hibernate.type.InstantType@654d8173
12:57:29.846 [main] DEBUG o.hibernate.type.BasicTypeRegistry - Adding type registration java.time.Instant -> org.hibernate.type.InstantType@654d8173
12:57:29.847 [main] DEBUG o.hibernate.type.BasicTypeRegistry - Adding type registration LocalDateTime -> org.hibernate.type.LocalDateTimeType@239b0f9d
12:57:29.847 [main] DEBUG o.hibernate.type.BasicTypeRegistry - Adding type registration java.time.LocalDateTime -> org.hibernate.type.LocalDateTimeType@239b0f9d
12:57:29.847 [main] DEBUG o.hibernate.type.BasicTypeRegistry - Adding type registration LocalDate -> org.hibernate.type.LocalDateType@650eab8
12:57:29.847 [main] DEBUG o.hibernate.type.BasicTypeRegistry - Adding type registration java.time.LocalDate -> org.hibernate.type.LocalDateType@650eab8
12:57:29.848 [main] DEBUG o.hibernate.type.BasicTypeRegistry - Adding type registration LocalTime -> org.hibernate.type.LocalTimeType@f0e995e
12:57:29.848 [main] DEBUG o.hibernate.type.BasicTypeRegistry - Adding type registration java.time.LocalTime -> org.hibernate.type.LocalTimeType@f0e995e
12:57:29.849 [main] DEBUG o.hibernate.type.BasicTypeRegistry - Adding type registration OffsetDateTime -> org.hibernate.type.OffsetDateTimeType@50fe837a
12:57:29.849 [main] DEBUG o.hibernate.type.BasicTypeRegistry - Adding type registration java.time.OffsetDateTime -> org.hibernate.type.OffsetDateTimeType@50fe837a
12:57:29.850 [main] DEBUG o.hibernate.type.BasicTypeRegistry - Adding type registration OffsetTime -> org.hibernate.type.OffsetTimeType@1623134f
12:57:29.850 [main] DEBUG o.hibernate.type.BasicTypeRegistry - Adding type registration java.time.OffsetTime -> org.hibernate.type.OffsetTimeType@1623134f
12:57:29.850 [main] DEBUG o.hibernate.type.BasicTypeRegistry - Adding type registration ZonedDateTime -> org.hibernate.type.ZonedDateTimeType@5ad10c1a
12:57:29.850 [main] DEBUG o.hibernate.type.BasicTypeRegistry - Adding type registration java.time.ZonedDateTime -> org.hibernate.type.ZonedDateTimeType@5ad10c1a
12:57:29.851 [main] DEBUG o.hibernate.type.BasicTypeRegistry - Adding type registration date -> org.hibernate.type.DateType@15eebbff
12:57:29.852 [main] DEBUG o.hibernate.type.BasicTypeRegistry - Adding type registration java.sql.Date -> org.hibernate.type.DateType@15eebbff
12:57:29.852 [main] DEBUG o.hibernate.type.BasicTypeRegistry - Adding type registration time -> org.hibernate.type.TimeType@3e34ace1
12:57:29.852 [main] DEBUG o.hibernate.type.BasicTypeRegistry - Adding type registration java.sql.Time -> org.hibernate.type.TimeType@3e34ace1
12:57:29.852 [main] DEBUG o.hibernate.type.BasicTypeRegistry - Adding type registration timestamp -> org.hibernate.type.TimestampType@6cbcf243
12:57:29.852 [main] DEBUG o.hibernate.type.BasicTypeRegistry - Adding type registration java.sql.Timestamp -> org.hibernate.type.TimestampType@6cbcf243
12:57:29.852 [main] DEBUG o.hibernate.type.BasicTypeRegistry - Adding type registration java.util.Date -> org.hibernate.type.TimestampType@6cbcf243
12:57:29.854 [main] DEBUG o.hibernate.type.BasicTypeRegistry - Adding type registration dbtimestamp -> org.hibernate.type.DbTimestampType@38be305c
12:57:29.856 [main] DEBUG o.hibernate.type.BasicTypeRegistry - Adding type registration calendar -> org.hibernate.type.CalendarType@26a4842b
12:57:29.856 [main] DEBUG o.hibernate.type.BasicTypeRegistry - Adding type registration java.util.Calendar -> org.hibernate.type.CalendarType@26a4842b
12:57:29.856 [main] DEBUG o.hibernate.type.BasicTypeRegistry - Adding type registration java.util.GregorianCalendar -> org.hibernate.type.CalendarType@26a4842b
12:57:29.856 [main] DEBUG o.hibernate.type.BasicTypeRegistry - Adding type registration calendar_date -> org.hibernate.type.CalendarDateType@a5b0b86
12:57:29.857 [main] DEBUG o.hibernate.type.BasicTypeRegistry - Adding type registration calendar_time -> org.hibernate.type.CalendarTimeType@2611b9a3
12:57:29.857 [main] DEBUG o.hibernate.type.BasicTypeRegistry - Adding type registration locale -> org.hibernate.type.LocaleType@5b64c4b7
12:57:29.857 [main] DEBUG o.hibernate.type.BasicTypeRegistry - Adding type registration java.util.Locale -> org.hibernate.type.LocaleType@5b64c4b7
12:57:29.858 [main] DEBUG o.hibernate.type.BasicTypeRegistry - Adding type registration currency -> org.hibernate.type.CurrencyType@1252b961
12:57:29.858 [main] DEBUG o.hibernate.type.BasicTypeRegistry - Adding type registration java.util.Currency -> org.hibernate.type.CurrencyType@1252b961
12:57:29.858 [main] DEBUG o.hibernate.type.BasicTypeRegistry - Adding type registration timezone -> org.hibernate.type.TimeZoneType@4d098f9b
12:57:29.858 [main] DEBUG o.hibernate.type.BasicTypeRegistry - Adding type registration java.util.TimeZone -> org.hibernate.type.TimeZoneType@4d098f9b
12:57:29.859 [main] DEBUG o.hibernate.type.BasicTypeRegistry - Adding type registration class -> org.hibernate.type.ClassType@7b64240d
12:57:29.859 [main] DEBUG o.hibernate.type.BasicTypeRegistry - Adding type registration java.lang.Class -> org.hibernate.type.ClassType@7b64240d
12:57:29.859 [main] DEBUG o.hibernate.type.BasicTypeRegistry - Adding type registration uuid-binary -> org.hibernate.type.UUIDBinaryType@6d24ffa1
12:57:29.859 [main] DEBUG o.hibernate.type.BasicTypeRegistry - Adding type registration java.util.UUID -> org.hibernate.type.UUIDBinaryType@6d24ffa1
12:57:29.860 [main] DEBUG o.hibernate.type.BasicTypeRegistry - Adding type registration uuid-char -> org.hibernate.type.UUIDCharType@426b6a74
12:57:29.860 [main] DEBUG o.hibernate.type.BasicTypeRegistry - Adding type registration binary -> org.hibernate.type.BinaryType@7d3430a7
12:57:29.860 [main] DEBUG o.hibernate.type.BasicTypeRegistry - Adding type registration byte[] -> org.hibernate.type.BinaryType@7d3430a7
12:57:29.860 [main] DEBUG o.hibernate.type.BasicTypeRegistry - Adding type registration [B -> org.hibernate.type.BinaryType@7d3430a7
12:57:29.861 [main] DEBUG o.hibernate.type.BasicTypeRegistry - Adding type registration wrapper-binary -> org.hibernate.type.WrapperBinaryType@5536379e
12:57:29.861 [main] DEBUG o.hibernate.type.BasicTypeRegistry - Adding type registration Byte[] -> org.hibernate.type.WrapperBinaryType@5536379e
12:57:29.861 [main] DEBUG o.hibernate.type.BasicTypeRegistry - Adding type registration [Ljava.lang.Byte; -> org.hibernate.type.WrapperBinaryType@5536379e
12:57:29.861 [main] DEBUG o.hibernate.type.BasicTypeRegistry - Adding type registration row_version -> org.hibernate.type.RowVersionType@2b491fee
12:57:29.861 [main] DEBUG o.hibernate.type.BasicTypeRegistry - Adding type registration image -> org.hibernate.type.ImageType@3e8f7922
12:57:29.862 [main] DEBUG o.hibernate.type.BasicTypeRegistry - Adding type registration characters -> org.hibernate.type.CharArrayType@6ca0256d
12:57:29.862 [main] DEBUG o.hibernate.type.BasicTypeRegistry - Adding type registration char[] -> org.hibernate.type.CharArrayType@6ca0256d
12:57:29.862 [main] DEBUG o.hibernate.type.BasicTypeRegistry - Adding type registration [C -> org.hibernate.type.CharArrayType@6ca0256d
12:57:29.863 [main] DEBUG o.hibernate.type.BasicTypeRegistry - Adding type registration wrapper-characters -> org.hibernate.type.CharacterArrayType@e260766
12:57:29.863 [main] DEBUG o.hibernate.type.BasicTypeRegistry - Adding type registration [Ljava.lang.Character; -> org.hibernate.type.CharacterArrayType@e260766
12:57:29.863 [main] DEBUG o.hibernate.type.BasicTypeRegistry - Adding type registration Character[] -> org.hibernate.type.CharacterArrayType@e260766
12:57:29.863 [main] DEBUG o.hibernate.type.BasicTypeRegistry - Adding type registration text -> org.hibernate.type.TextType@7c56e013
12:57:29.863 [main] DEBUG o.hibernate.type.BasicTypeRegistry - Adding type registration ntext -> org.hibernate.type.NTextType@6731787b
12:57:29.864 [main] DEBUG o.hibernate.type.BasicTypeRegistry - Adding type registration blob -> org.hibernate.type.BlobType@2cb3d0f7
12:57:29.864 [main] DEBUG o.hibernate.type.BasicTypeRegistry - Adding type registration java.sql.Blob -> org.hibernate.type.BlobType@2cb3d0f7
12:57:29.864 [main] DEBUG o.hibernate.type.BasicTypeRegistry - Adding type registration materialized_blob -> org.hibernate.type.MaterializedBlobType@5860f3d7
12:57:29.864 [main] DEBUG o.hibernate.type.BasicTypeRegistry - Adding type registration clob -> org.hibernate.type.ClobType@67389cb8
12:57:29.864 [main] DEBUG o.hibernate.type.BasicTypeRegistry - Adding type registration java.sql.Clob -> org.hibernate.type.ClobType@67389cb8
12:57:29.866 [main] DEBUG o.hibernate.type.BasicTypeRegistry - Adding type registration nclob -> org.hibernate.type.NClobType@74e47444
12:57:29.866 [main] DEBUG o.hibernate.type.BasicTypeRegistry - Adding type registration java.sql.NClob -> org.hibernate.type.NClobType@74e47444
12:57:29.866 [main] DEBUG o.hibernate.type.BasicTypeRegistry - Adding type registration materialized_clob -> org.hibernate.type.MaterializedClobType@6e4de19b
12:57:29.866 [main] DEBUG o.hibernate.type.BasicTypeRegistry - Adding type registration materialized_nclob -> org.hibernate.type.MaterializedNClobType@1991f767
12:57:29.867 [main] DEBUG o.hibernate.type.BasicTypeRegistry - Adding type registration serializable -> org.hibernate.type.SerializableType@7db82169
12:57:29.869 [main] DEBUG o.hibernate.type.BasicTypeRegistry - Adding type registration object -> org.hibernate.type.ObjectType@3a94964
12:57:29.869 [main] DEBUG o.hibernate.type.BasicTypeRegistry - Adding type registration java.lang.Object -> org.hibernate.type.ObjectType@3a94964
12:57:29.869 [main] DEBUG o.hibernate.type.BasicTypeRegistry - Adding type registration imm_date -> org.hibernate.type.AdaptedImmutableType@2a3591c5
12:57:29.869 [main] DEBUG o.hibernate.type.BasicTypeRegistry - Adding type registration imm_time -> org.hibernate.type.AdaptedImmutableType@34a75079
12:57:29.869 [main] DEBUG o.hibernate.type.BasicTypeRegistry - Adding type registration imm_timestamp -> org.hibernate.type.AdaptedImmutableType@346a361
12:57:29.869 [main] DEBUG o.hibernate.type.BasicTypeRegistry - Adding type registration imm_dbtimestamp -> org.hibernate.type.AdaptedImmutableType@107ed6fc
12:57:29.869 [main] DEBUG o.hibernate.type.BasicTypeRegistry - Adding type registration imm_calendar -> org.hibernate.type.AdaptedImmutableType@1643d68f
12:57:29.869 [main] DEBUG o.hibernate.type.BasicTypeRegistry - Adding type registration imm_calendar_date -> org.hibernate.type.AdaptedImmutableType@186978a6
12:57:29.869 [main] DEBUG o.hibernate.type.BasicTypeRegistry - Adding type registration imm_binary -> org.hibernate.type.AdaptedImmutableType@2e029d61
12:57:29.869 [main] DEBUG o.hibernate.type.BasicTypeRegistry - Adding type registration imm_serializable -> org.hibernate.type.AdaptedImmutableType@482d776b
12:57:29.876 [main] DEBUG o.h.b.internal.BootstrapContextImpl - Injecting ScanEnvironment [org.hibernate.jpa.boot.internal.StandardJpaScanEnvironmentImpl@649725e3] into BootstrapContext; was [null]
12:57:29.877 [main] DEBUG o.h.b.internal.BootstrapContextImpl - Injecting ScanOptions [org.hibernate.boot.archive.scan.internal.StandardScanOptions@3c0fae6c] into BootstrapContext; was [org.hibernate.boot.archive.scan.internal.StandardScanOptions@4c168660]
12:57:29.910 [main] DEBUG o.h.b.internal.BootstrapContextImpl - Injecting JPA temp ClassLoader [null] into BootstrapContext; was [null]
12:57:29.910 [main] DEBUG o.h.b.internal.ClassLoaderAccessImpl - ClassLoaderAccessImpl#injectTempClassLoader(null) [was null]
12:57:29.915 [main] DEBUG o.h.i.f.i.DefaultIdentifierGeneratorFactory - Registering IdentifierGenerator strategy [uuid2] -> [org.hibernate.id.UUIDGenerator]
12:57:29.916 [main] DEBUG o.h.i.f.i.DefaultIdentifierGeneratorFactory - Registering IdentifierGenerator strategy [guid] -> [org.hibernate.id.GUIDGenerator]
12:57:29.916 [main] DEBUG o.h.i.f.i.DefaultIdentifierGeneratorFactory - Registering IdentifierGenerator strategy [uuid] -> [org.hibernate.id.UUIDHexGenerator]
12:57:29.916 [main] DEBUG o.h.i.f.i.DefaultIdentifierGeneratorFactory - Registering IdentifierGenerator strategy [uuid.hex] -> [org.hibernate.id.UUIDHexGenerator]
12:57:29.916 [main] DEBUG o.h.i.f.i.DefaultIdentifierGeneratorFactory - Registering IdentifierGenerator strategy [assigned] -> [org.hibernate.id.Assigned]
12:57:29.917 [main] DEBUG o.h.i.f.i.DefaultIdentifierGeneratorFactory - Registering IdentifierGenerator strategy [identity] -> [org.hibernate.id.IdentityGenerator]
12:57:29.917 [main] DEBUG o.h.i.f.i.DefaultIdentifierGeneratorFactory - Registering IdentifierGenerator strategy [select] -> [org.hibernate.id.SelectGenerator]
12:57:29.918 [main] DEBUG o.h.i.f.i.DefaultIdentifierGeneratorFactory - Registering IdentifierGenerator strategy [sequence] -> [org.hibernate.id.enhanced.SequenceStyleGenerator]
12:57:29.918 [main] DEBUG o.h.i.f.i.DefaultIdentifierGeneratorFactory - Registering IdentifierGenerator strategy [seqhilo] -> [org.hibernate.id.SequenceHiLoGenerator]
12:57:29.919 [main] DEBUG o.h.i.f.i.DefaultIdentifierGeneratorFactory - Registering IdentifierGenerator strategy [increment] -> [org.hibernate.id.IncrementGenerator]
12:57:29.919 [main] DEBUG o.h.i.f.i.DefaultIdentifierGeneratorFactory - Registering IdentifierGenerator strategy [foreign] -> [org.hibernate.id.ForeignGenerator]
12:57:29.919 [main] DEBUG o.h.i.f.i.DefaultIdentifierGeneratorFactory - Registering IdentifierGenerator strategy [sequence-identity] -> [org.hibernate.id.SequenceIdentityGenerator]
12:57:29.919 [main] DEBUG o.h.i.f.i.DefaultIdentifierGeneratorFactory - Registering IdentifierGenerator strategy [enhanced-sequence] -> [org.hibernate.id.enhanced.SequenceStyleGenerator]
12:57:29.920 [main] DEBUG o.h.i.f.i.DefaultIdentifierGeneratorFactory - Registering IdentifierGenerator strategy [enhanced-table] -> [org.hibernate.id.enhanced.TableGenerator]
12:57:29.922 [main] WARN  o.hibernate.orm.connections.pooling - HHH10001002: Using Hibernate built-in connection pool (not for production use!)
12:57:29.925 [main] INFO  o.hibernate.orm.connections.pooling - HHH10001005: using driver [org.postgresql.Driver] at URL [jdbc:postgresql://localhost:5432/BuildWeek]
12:57:29.925 [main] INFO  o.hibernate.orm.connections.pooling - HHH10001001: Connection properties: {password=root, user=postgres}
12:57:29.925 [main] INFO  o.hibernate.orm.connections.pooling - HHH10001003: Autocommit mode: false
12:57:29.927 [main] DEBUG o.h.e.j.c.i.DriverManagerConnectionProviderImpl - Initializing Connection pool with 1 Connections
12:57:29.927 [main] INFO  o.h.e.j.c.i.DriverManagerConnectionProviderImpl - HHH000115: Hibernate connection pool size: 20 (min=1)
12:57:30.083 [main] DEBUG o.h.e.j.e.i.JdbcEnvironmentInitiator - Database ->
       name : PostgreSQL
    version : 15.3
      major : 15
      minor : 3
12:57:30.083 [main] DEBUG o.h.e.j.e.i.JdbcEnvironmentInitiator - Driver ->
       name : PostgreSQL JDBC Driver
    version : 42.6.0
      major : 42
      minor : 6
12:57:30.083 [main] DEBUG o.h.e.j.e.i.JdbcEnvironmentInitiator - JDBC version : 4.2
12:57:30.090 [main] INFO  org.hibernate.dialect.Dialect - HHH000400: Using dialect: org.hibernate.dialect.PostgreSQLDialect
12:57:30.098 [main] DEBUG o.h.e.j.e.s.IdentifierHelperBuilder - JDBC driver metadata reported database stores quoted identifiers in neither upper, lower nor mixed case
12:57:30.115 [main] DEBUG o.hibernate.type.BasicTypeRegistry - Adding type registration pg-uuid -> org.hibernate.type.PostgresUUIDType@4f20a5e0
12:57:30.115 [main] DEBUG o.hibernate.type.BasicTypeRegistry - Adding type registration java.util.UUID -> org.hibernate.type.PostgresUUIDType@4f20a5e0
12:57:30.115 [main] DEBUG o.hibernate.type.BasicTypeRegistry - HHH000270: Type registration [java.util.UUID] overrides previous : org.hibernate.type.UUIDBinaryType@6d24ffa1
12:57:30.117 [main] DEBUG o.h.type.spi.TypeConfiguration$Scope - Scoping TypeConfiguration [org.hibernate.type.spi.TypeConfiguration@30cecdca] to MetadataBuildingContext [org.hibernate.boot.internal.MetadataBuildingContextRootImpl@6edc4161]
12:57:30.140 [main] DEBUG o.h.boot.model.relational.Namespace - Created database namespace [logicalName=Name{catalog=null, schema=null}, physicalName=Name{catalog=null, schema=null}]
12:57:30.148 [main] DEBUG org.hibernate.cfg.AnnotationBinder - Binding entity from annotated class: Abstract.TicketSeller
12:57:30.158 [main] DEBUG org.hibernate.cfg.Ejb3Column - Binding column: Ejb3DiscriminatorColumn{logicalColumnName'type', discriminatorTypeName='string'}
12:57:30.161 [main] DEBUG o.h.cfg.annotations.EntityBinder - Import with entity name TicketSeller
12:57:30.164 [main] DEBUG o.h.cfg.annotations.EntityBinder - Bind entity Abstract.TicketSeller on table TicketSeller
12:57:30.180 [main] DEBUG org.hibernate.cfg.Ejb3Column - Binding column: Ejb3Column{table=org.hibernate.mapping.Table(TicketSeller), mappingColumn=id, insertable=true, updatable=true, unique=false}
12:57:30.181 [main] DEBUG o.h.b.internal.ClassLoaderAccessImpl - Not known whether passed class name [Abstract.TicketSeller] is safe
12:57:30.181 [main] DEBUG o.h.b.internal.ClassLoaderAccessImpl - No temp ClassLoader provided; using live ClassLoader for loading potentially unsafe class : Abstract.TicketSeller
12:57:30.182 [main] DEBUG o.h.cfg.annotations.PropertyBinder - MetadataSourceProcessor property id with lazy=false
12:57:30.184 [main] DEBUG o.h.cfg.AbstractPropertyHolder - Attempting to locate auto-apply AttributeConverter for property [Abstract.TicketSeller:id]
12:57:30.185 [main] DEBUG o.h.c.annotations.SimpleValueBinder - building SimpleValue for id
12:57:30.185 [main] DEBUG o.h.cfg.annotations.PropertyBinder - Building property id
12:57:30.188 [main] DEBUG org.hibernate.cfg.BinderHelper - #makeIdGenerator(org.hibernate.mapping.SimpleValue([org.hibernate.mapping.Column(id)]), id, org.hibernate.id.enhanced.SequenceStyleGenerator, elCat_seq, ...)
12:57:30.189 [main] DEBUG org.hibernate.cfg.Ejb3Column - Binding column: Ejb3Column{table=org.hibernate.mapping.Table(TicketSeller), mappingColumn=seller_name, insertable=true, updatable=true, unique=false}
12:57:30.190 [main] DEBUG o.h.cfg.annotations.PropertyBinder - MetadataSourceProcessor property name with lazy=false
12:57:30.190 [main] DEBUG o.h.cfg.AbstractPropertyHolder - Attempting to locate auto-apply AttributeConverter for property [Abstract.TicketSeller:name]
12:57:30.190 [main] DEBUG o.h.c.annotations.SimpleValueBinder - building SimpleValue for name
12:57:30.190 [main] DEBUG o.h.cfg.annotations.PropertyBinder - Building property name
12:57:30.190 [main] DEBUG org.hibernate.cfg.Ejb3Column - Binding column: Ejb3JoinColumn{logicalColumnName='null', referencedColumn='null', mappedBy=''}
12:57:30.191 [main] DEBUG org.hibernate.cfg.Ejb3Column - Binding column: Ejb3Column{table=org.hibernate.mapping.Table(TicketSeller), mappingColumn=passes, insertable=true, updatable=true, unique=false}
12:57:30.192 [main] DEBUG org.hibernate.cfg.Ejb3Column - Binding column: Ejb3Column{table=org.hibernate.mapping.Table(TicketSeller), mappingColumn=null, insertable=true, updatable=true, unique=false}
12:57:30.196 [main] DEBUG org.hibernate.cfg.Ejb3Column - Binding column: Ejb3Column{table=org.hibernate.mapping.Table(TicketSeller), mappingColumn=element, insertable=true, updatable=true, unique=false}
12:57:30.196 [main] DEBUG org.hibernate.cfg.Ejb3Column - Binding column: Ejb3Column{table=org.hibernate.mapping.Table(TicketSeller), mappingColumn=passes_KEY, insertable=true, updatable=true, unique=false}
12:57:30.197 [main] DEBUG org.hibernate.cfg.Ejb3Column - Binding column: Ejb3JoinColumn{logicalColumnName='passes_KEY', referencedColumn='null', mappedBy='null'}
12:57:30.197 [main] DEBUG org.hibernate.cfg.Ejb3Column - Binding column: Ejb3JoinColumn{logicalColumnName='null', referencedColumn='null', mappedBy=''}
12:57:30.197 [main] DEBUG org.hibernate.cfg.Ejb3Column - Binding column: Ejb3JoinColumn{logicalColumnName='null', referencedColumn='null', mappedBy=''}
12:57:30.198 [main] DEBUG o.h.cfg.annotations.CollectionBinder - Collection role: Abstract.TicketSeller.passes
12:57:30.199 [main] DEBUG o.h.cfg.annotations.PropertyBinder - Building property passes
12:57:30.199 [main] DEBUG org.hibernate.cfg.Ejb3Column - Binding column: Ejb3JoinColumn{logicalColumnName='null', referencedColumn='null', mappedBy=''}
12:57:30.199 [main] DEBUG org.hibernate.cfg.Ejb3Column - Binding column: Ejb3Column{table=org.hibernate.mapping.Table(TicketSeller), mappingColumn=tickets, insertable=true, updatable=true, unique=false}
12:57:30.199 [main] DEBUG org.hibernate.cfg.Ejb3Column - Binding column: Ejb3Column{table=org.hibernate.mapping.Table(TicketSeller), mappingColumn=null, insertable=true, updatable=true, unique=false}
12:57:30.199 [main] DEBUG org.hibernate.cfg.Ejb3Column - Binding column: Ejb3Column{table=org.hibernate.mapping.Table(TicketSeller), mappingColumn=element, insertable=true, updatable=true, unique=false}
12:57:30.199 [main] DEBUG org.hibernate.cfg.Ejb3Column - Binding column: Ejb3Column{table=org.hibernate.mapping.Table(TicketSeller), mappingColumn=tickets_KEY, insertable=true, updatable=true, unique=false}
12:57:30.200 [main] DEBUG org.hibernate.cfg.Ejb3Column - Binding column: Ejb3JoinColumn{logicalColumnName='tickets_KEY', referencedColumn='null', mappedBy='null'}
12:57:30.200 [main] DEBUG org.hibernate.cfg.Ejb3Column - Binding column: Ejb3JoinColumn{logicalColumnName='null', referencedColumn='null', mappedBy=''}
12:57:30.200 [main] DEBUG org.hibernate.cfg.Ejb3Column - Binding column: Ejb3JoinColumn{logicalColumnName='null', referencedColumn='null', mappedBy=''}
12:57:30.200 [main] DEBUG o.h.cfg.annotations.CollectionBinder - Collection role: Abstract.TicketSeller.tickets
12:57:30.200 [main] DEBUG o.h.cfg.annotations.PropertyBinder - Building property tickets
12:57:30.204 [main] DEBUG org.hibernate.cfg.AnnotationBinder - Binding entity from annotated class: Classes.Card
12:57:30.204 [main] DEBUG org.hibernate.cfg.Ejb3Column - Binding column: Ejb3DiscriminatorColumn{logicalColumnName'DTYPE', discriminatorTypeName='string'}
12:57:30.204 [main] DEBUG o.h.cfg.annotations.EntityBinder - Import with entity name Card
12:57:30.205 [main] DEBUG o.h.cfg.annotations.EntityBinder - Bind entity Classes.Card on table Card
12:57:30.206 [main] DEBUG org.hibernate.cfg.Ejb3Column - Binding column: Ejb3Column{table=org.hibernate.mapping.Table(Card), mappingColumn=id, insertable=true, updatable=true, unique=false}
12:57:30.206 [main] DEBUG o.h.b.internal.ClassLoaderAccessImpl - Not known whether passed class name [Classes.Card] is safe
12:57:30.206 [main] DEBUG o.h.b.internal.ClassLoaderAccessImpl - No temp ClassLoader provided; using live ClassLoader for loading potentially unsafe class : Classes.Card
12:57:30.206 [main] DEBUG o.h.cfg.annotations.PropertyBinder - MetadataSourceProcessor property id with lazy=false
12:57:30.206 [main] DEBUG o.h.cfg.AbstractPropertyHolder - Attempting to locate auto-apply AttributeConverter for property [Classes.Card:id]
12:57:30.206 [main] DEBUG o.h.c.annotations.SimpleValueBinder - building SimpleValue for id
12:57:30.206 [main] DEBUG o.h.cfg.annotations.PropertyBinder - Building property id
12:57:30.207 [main] DEBUG org.hibernate.cfg.BinderHelper - #makeIdGenerator(org.hibernate.mapping.SimpleValue([org.hibernate.mapping.Column(id)]), id, identity, , ...)
12:57:30.207 [main] DEBUG org.hibernate.cfg.Ejb3Column - Binding column: Ejb3Column{table=org.hibernate.mapping.Table(Card), mappingColumn=emissionDate, insertable=true, updatable=true, unique=false}
12:57:30.207 [main] DEBUG o.h.cfg.annotations.PropertyBinder - MetadataSourceProcessor property emissionDate with lazy=false
12:57:30.207 [main] DEBUG o.h.cfg.AbstractPropertyHolder - Attempting to locate auto-apply AttributeConverter for property [Classes.Card:emissionDate]
12:57:30.207 [main] DEBUG o.h.c.annotations.SimpleValueBinder - building SimpleValue for emissionDate
12:57:30.207 [main] DEBUG o.h.cfg.annotations.PropertyBinder - Building property emissionDate
12:57:30.207 [main] DEBUG org.hibernate.cfg.Ejb3Column - Binding column: Ejb3Column{table=org.hibernate.mapping.Table(Card), mappingColumn=expirationDate, insertable=true, updatable=true, unique=false}
12:57:30.207 [main] DEBUG o.h.cfg.annotations.PropertyBinder - MetadataSourceProcessor property expirationDate with lazy=false
12:57:30.207 [main] DEBUG o.h.cfg.AbstractPropertyHolder - Attempting to locate auto-apply AttributeConverter for property [Classes.Card:expirationDate]
12:57:30.207 [main] DEBUG o.h.c.annotations.SimpleValueBinder - building SimpleValue for expirationDate
12:57:30.207 [main] DEBUG o.h.cfg.annotations.PropertyBinder - Building property expirationDate
12:57:30.207 [main] DEBUG org.hibernate.cfg.Ejb3Column - Binding column: Ejb3JoinColumn{logicalColumnName='null', referencedColumn='null', mappedBy='cardNum'}
12:57:30.207 [main] DEBUG org.hibernate.cfg.Ejb3Column - Binding column: Ejb3Column{table=org.hibernate.mapping.Table(Card), mappingColumn=person, insertable=true, updatable=true, unique=false}
12:57:30.209 [main] DEBUG org.hibernate.cfg.AnnotationBinder - Binding entity from annotated class: Classes.Person
12:57:30.209 [main] DEBUG org.hibernate.cfg.Ejb3Column - Binding column: Ejb3DiscriminatorColumn{logicalColumnName'DTYPE', discriminatorTypeName='string'}
12:57:30.209 [main] DEBUG o.h.cfg.annotations.EntityBinder - Import with entity name Person
12:57:30.209 [main] DEBUG o.h.cfg.annotations.EntityBinder - Bind entity Classes.Person on table Person
12:57:30.210 [main] DEBUG org.hibernate.cfg.Ejb3Column - Binding column: Ejb3Column{table=org.hibernate.mapping.Table(Person), mappingColumn=id, insertable=true, updatable=true, unique=false}
12:57:30.210 [main] DEBUG o.h.b.internal.ClassLoaderAccessImpl - Not known whether passed class name [Classes.Person] is safe
12:57:30.210 [main] DEBUG o.h.b.internal.ClassLoaderAccessImpl - No temp ClassLoader provided; using live ClassLoader for loading potentially unsafe class : Classes.Person
12:57:30.210 [main] DEBUG o.h.cfg.annotations.PropertyBinder - MetadataSourceProcessor property id with lazy=false
12:57:30.210 [main] DEBUG o.h.cfg.AbstractPropertyHolder - Attempting to locate auto-apply AttributeConverter for property [Classes.Person:id]
12:57:30.210 [main] DEBUG o.h.c.annotations.SimpleValueBinder - building SimpleValue for id
12:57:30.210 [main] DEBUG o.h.cfg.annotations.PropertyBinder - Building property id
12:57:30.210 [main] DEBUG org.hibernate.cfg.BinderHelper - #makeIdGenerator(org.hibernate.mapping.SimpleValue([org.hibernate.mapping.Column(id)]), id, identity, , ...)
12:57:30.210 [main] DEBUG org.hibernate.cfg.Ejb3Column - Binding column: Ejb3Column{table=org.hibernate.mapping.Table(Person), mappingColumn=birthdate, insertable=true, updatable=true, unique=false}
12:57:30.210 [main] DEBUG o.h.cfg.annotations.PropertyBinder - MetadataSourceProcessor property birthdate with lazy=false
12:57:30.210 [main] DEBUG o.h.cfg.AbstractPropertyHolder - Attempting to locate auto-apply AttributeConverter for property [Classes.Person:birthdate]
12:57:30.210 [main] DEBUG o.h.c.annotations.SimpleValueBinder - building SimpleValue for birthdate
12:57:30.210 [main] DEBUG o.h.cfg.annotations.PropertyBinder - Building property birthdate
12:57:30.210 [main] DEBUG org.hibernate.cfg.Ejb3Column - Binding column: Ejb3JoinColumn{logicalColumnName='null', referencedColumn='null', mappedBy=''}
12:57:30.210 [main] DEBUG org.hibernate.cfg.Ejb3Column - Binding column: Ejb3Column{table=org.hibernate.mapping.Table(Person), mappingColumn=cardNum, insertable=true, updatable=true, unique=false}
12:57:30.211 [main] DEBUG o.h.cfg.annotations.PropertyBinder - Building property cardNum
12:57:30.211 [main] DEBUG org.hibernate.cfg.Ejb3Column - Binding column: Ejb3Column{table=org.hibernate.mapping.Table(Person), mappingColumn=firstName, insertable=true, updatable=true, unique=false}
12:57:30.212 [main] DEBUG o.h.cfg.annotations.PropertyBinder - MetadataSourceProcessor property firstName with lazy=false
12:57:30.212 [main] DEBUG o.h.cfg.AbstractPropertyHolder - Attempting to locate auto-apply AttributeConverter for property [Classes.Person:firstName]
12:57:30.212 [main] DEBUG o.h.c.annotations.SimpleValueBinder - building SimpleValue for firstName
12:57:30.212 [main] DEBUG o.h.cfg.annotations.PropertyBinder - Building property firstName
12:57:30.212 [main] DEBUG org.hibernate.cfg.Ejb3Column - Binding column: Ejb3Column{table=org.hibernate.mapping.Table(Person), mappingColumn=lastName, insertable=true, updatable=true, unique=false}
12:57:30.212 [main] DEBUG o.h.cfg.annotations.PropertyBinder - MetadataSourceProcessor property lastName with lazy=false
12:57:30.212 [main] DEBUG o.h.cfg.AbstractPropertyHolder - Attempting to locate auto-apply AttributeConverter for property [Classes.Person:lastName]
12:57:30.212 [main] DEBUG o.h.c.annotations.SimpleValueBinder - building SimpleValue for lastName
12:57:30.212 [main] DEBUG o.h.cfg.annotations.PropertyBinder - Building property lastName
12:57:30.212 [main] DEBUG org.hibernate.cfg.AnnotationBinder - Binding entity from annotated class: Classes.Ticket
12:57:30.212 [main] DEBUG org.hibernate.cfg.Ejb3Column - Binding column: Ejb3DiscriminatorColumn{logicalColumnName'DTYPE', discriminatorTypeName='string'}
12:57:30.213 [main] DEBUG o.h.cfg.annotations.EntityBinder - Import with entity name Ticket
12:57:30.213 [main] DEBUG o.h.cfg.annotations.EntityBinder - Bind entity Classes.Ticket on table Ticket
12:57:30.214 [main] DEBUG org.hibernate.cfg.Ejb3Column - Binding column: Ejb3Column{table=org.hibernate.mapping.Table(Ticket), mappingColumn=id, insertable=true, updatable=true, unique=false}
12:57:30.214 [main] DEBUG o.h.b.internal.ClassLoaderAccessImpl - Not known whether passed class name [Classes.Ticket] is safe
12:57:30.214 [main] DEBUG o.h.b.internal.ClassLoaderAccessImpl - No temp ClassLoader provided; using live ClassLoader for loading potentially unsafe class : Classes.Ticket
12:57:30.214 [main] DEBUG o.h.cfg.annotations.PropertyBinder - MetadataSourceProcessor property id with lazy=false
12:57:30.214 [main] DEBUG o.h.cfg.AbstractPropertyHolder - Attempting to locate auto-apply AttributeConverter for property [Classes.Ticket:id]
12:57:30.214 [main] DEBUG o.h.c.annotations.SimpleValueBinder - building SimpleValue for id
12:57:30.214 [main] DEBUG o.h.cfg.annotations.PropertyBinder - Building property id
12:57:30.214 [main] DEBUG org.hibernate.cfg.BinderHelper - #makeIdGenerator(org.hibernate.mapping.SimpleValue([org.hibernate.mapping.Column(id)]), id, identity, , ...)
12:57:30.214 [main] DEBUG org.hibernate.cfg.Ejb3Column - Binding column: Ejb3JoinColumn{logicalColumnName='null', referencedColumn='null', mappedBy='null'}
12:57:30.214 [main] DEBUG org.hibernate.cfg.Ejb3Column - Binding column: Ejb3Column{table=org.hibernate.mapping.Table(Ticket), mappingColumn=seller, insertable=true, updatable=true, unique=false}
12:57:30.216 [main] DEBUG o.h.cfg.annotations.PropertyBinder - Building property seller
12:57:30.216 [main] DEBUG org.hibernate.cfg.AnnotationBinder - Binding entity from annotated class: Classes.Pass
12:57:30.216 [main] DEBUG o.h.cfg.annotations.EntityBinder - Import with entity name Pass
12:57:30.218 [main] DEBUG org.hibernate.cfg.Ejb3Column - Binding column: Ejb3JoinColumn{logicalColumnName='null', referencedColumn='null', mappedBy=''}
12:57:30.218 [main] DEBUG org.hibernate.cfg.Ejb3Column - Binding column: Ejb3Column{table=org.hibernate.mapping.Table(Ticket), mappingColumn=person, insertable=true, updatable=true, unique=false}
12:57:30.218 [main] DEBUG o.h.cfg.annotations.PropertyBinder - Building property person
12:57:30.218 [main] DEBUG org.hibernate.cfg.Ejb3Column - Binding column: Ejb3JoinColumn{logicalColumnName='null', referencedColumn='null', mappedBy='null'}
12:57:30.218 [main] DEBUG org.hibernate.cfg.Ejb3Column - Binding column: Ejb3Column{table=org.hibernate.mapping.Table(Ticket), mappingColumn=sellers, insertable=true, updatable=true, unique=false}
12:57:30.218 [main] DEBUG o.h.cfg.annotations.PropertyBinder - Building property sellers
12:57:30.218 [main] DEBUG org.hibernate.cfg.Ejb3Column - Binding column: Ejb3Column{table=org.hibernate.mapping.Table(Ticket), mappingColumn=validity, insertable=true, updatable=true, unique=false}
12:57:30.218 [main] DEBUG o.h.cfg.annotations.PropertyBinder - MetadataSourceProcessor property validity with lazy=false
12:57:30.218 [main] DEBUG o.h.cfg.AbstractPropertyHolder - Attempting to locate auto-apply AttributeConverter for property [Classes.Pass:validity]
12:57:30.219 [main] DEBUG o.h.c.annotations.SimpleValueBinder - building SimpleValue for validity
12:57:30.220 [main] DEBUG o.h.cfg.annotations.PropertyBinder - Building property validity
12:57:30.220 [main] DEBUG org.hibernate.cfg.AnnotationBinder - Binding entity from annotated class: Classes.Shop
12:57:30.220 [main] DEBUG o.h.cfg.annotations.EntityBinder - Import with entity name Shop
12:57:30.220 [main] DEBUG org.hibernate.cfg.AnnotationBinder - Skipping attribute [java.util.List : passes] as it was already processed as part of super hierarchy
12:57:30.220 [main] DEBUG org.hibernate.cfg.Ejb3Column - Binding column: Ejb3JoinColumn{logicalColumnName='null', referencedColumn='null', mappedBy=''}
12:57:30.220 [main] DEBUG org.hibernate.cfg.Ejb3Column - Binding column: Ejb3Column{table=org.hibernate.mapping.Table(TicketSeller), mappingColumn=people, insertable=true, updatable=true, unique=false}
12:57:30.220 [main] DEBUG org.hibernate.cfg.Ejb3Column - Binding column: Ejb3Column{table=org.hibernate.mapping.Table(TicketSeller), mappingColumn=null, insertable=true, updatable=true, unique=false}
12:57:30.221 [main] DEBUG org.hibernate.cfg.Ejb3Column - Binding column: Ejb3Column{table=org.hibernate.mapping.Table(TicketSeller), mappingColumn=element, insertable=true, updatable=true, unique=false}
12:57:30.221 [main] DEBUG org.hibernate.cfg.Ejb3Column - Binding column: Ejb3Column{table=org.hibernate.mapping.Table(TicketSeller), mappingColumn=people_KEY, insertable=true, updatable=true, unique=false}
12:57:30.221 [main] DEBUG org.hibernate.cfg.Ejb3Column - Binding column: Ejb3JoinColumn{logicalColumnName='people_KEY', referencedColumn='null', mappedBy='null'}
12:57:30.221 [main] DEBUG org.hibernate.cfg.Ejb3Column - Binding column: Ejb3JoinColumn{logicalColumnName='null', referencedColumn='null', mappedBy=''}
12:57:30.221 [main] DEBUG org.hibernate.cfg.Ejb3Column - Binding column: Ejb3JoinColumn{logicalColumnName='null', referencedColumn='null', mappedBy=''}
12:57:30.221 [main] DEBUG o.h.cfg.annotations.CollectionBinder - Collection role: Classes.Shop.people
12:57:30.221 [main] DEBUG o.h.cfg.annotations.PropertyBinder - Building property people
12:57:30.221 [main] DEBUG org.hibernate.cfg.AnnotationBinder - Skipping attribute [java.util.List : tickets] as it was already processed as part of super hierarchy
12:57:30.222 [main] DEBUG org.hibernate.cfg.AnnotationBinder - Binding entity from annotated class: Classes.VendingMachine
12:57:30.222 [main] DEBUG o.h.cfg.annotations.EntityBinder - Import with entity name VendingMachine
12:57:30.222 [main] DEBUG org.hibernate.cfg.Ejb3Column - Binding column: Ejb3Column{table=org.hibernate.mapping.Table(TicketSeller), mappingColumn=isWorking, insertable=true, updatable=true, unique=false}
12:57:30.222 [main] DEBUG o.h.cfg.annotations.PropertyBinder - MetadataSourceProcessor property isWorking with lazy=false
12:57:30.222 [main] DEBUG o.h.cfg.AbstractPropertyHolder - Attempting to locate auto-apply AttributeConverter for property [Classes.VendingMachine:isWorking]
12:57:30.222 [main] DEBUG o.h.c.annotations.SimpleValueBinder - building SimpleValue for isWorking
12:57:30.222 [main] DEBUG o.h.cfg.annotations.PropertyBinder - Building property isWorking
12:57:30.223 [main] DEBUG o.h.c.annotations.SimpleValueBinder - Starting fillSimpleValue for id
12:57:30.223 [main] DEBUG o.h.c.annotations.SimpleValueBinder - Starting fillSimpleValue for name
12:57:30.224 [main] DEBUG o.h.c.annotations.SimpleValueBinder - Starting fillSimpleValue for id
12:57:30.224 [main] DEBUG o.h.c.annotations.SimpleValueBinder - Starting fillSimpleValue for emissionDate
12:57:30.224 [main] DEBUG o.h.c.annotations.SimpleValueBinder - Starting fillSimpleValue for expirationDate
12:57:30.224 [main] DEBUG o.h.c.annotations.SimpleValueBinder - Starting fillSimpleValue for id
12:57:30.224 [main] DEBUG o.h.c.annotations.SimpleValueBinder - Starting fillSimpleValue for birthdate
12:57:30.224 [main] DEBUG o.h.c.annotations.SimpleValueBinder - Starting fillSimpleValue for firstName
12:57:30.224 [main] DEBUG o.h.c.annotations.SimpleValueBinder - Starting fillSimpleValue for lastName
12:57:30.224 [main] DEBUG o.h.c.annotations.SimpleValueBinder - Starting fillSimpleValue for id
12:57:30.224 [main] DEBUG o.h.c.annotations.SimpleValueBinder - Starting fillSimpleValue for validity
12:57:30.225 [main] DEBUG o.h.c.annotations.SimpleValueBinder - Starting fillSimpleValue for isWorking
12:57:30.227 [main] DEBUG org.hibernate.mapping.PrimaryKey - Forcing column [id] to be non-null as it is part of the primary key for table [ticketseller]
12:57:30.228 [main] DEBUG org.hibernate.mapping.PrimaryKey - Forcing column [id] to be non-null as it is part of the primary key for table [card]
12:57:30.228 [main] DEBUG org.hibernate.mapping.PrimaryKey - Forcing column [id] to be non-null as it is part of the primary key for table [person]
12:57:30.228 [main] DEBUG org.hibernate.mapping.PrimaryKey - Forcing column [id] to be non-null as it is part of the primary key for table [ticket]
12:57:30.228 [main] DEBUG o.hibernate.cfg.CollectionSecondPass - Second pass for collection: Classes.Shop.people
12:57:30.228 [main] DEBUG o.h.cfg.annotations.CollectionBinder - Binding a OneToMany: Classes.Shop.people through an association table
12:57:30.233 [main] DEBUG o.hibernate.cfg.CollectionSecondPass - Mapped collection key: Shop_id, element: people_id
12:57:30.233 [main] DEBUG o.hibernate.cfg.CollectionSecondPass - Second pass for collection: Abstract.TicketSeller.tickets
12:57:30.233 [main] DEBUG o.h.cfg.annotations.CollectionBinder - Binding a OneToMany: Abstract.TicketSeller.tickets through an association table
12:57:30.233 [main] DEBUG o.hibernate.cfg.CollectionSecondPass - Mapped collection key: TicketSeller_id, element: tickets_id
12:57:30.233 [main] DEBUG o.hibernate.cfg.CollectionSecondPass - Second pass for collection: Abstract.TicketSeller.passes
12:57:30.233 [main] DEBUG o.h.cfg.annotations.CollectionBinder - Binding a OneToMany: Abstract.TicketSeller.passes through an association table
12:57:30.233 [main] DEBUG o.hibernate.cfg.CollectionSecondPass - Mapped collection key: TicketSeller_id, element: passes_id
12:57:30.234 [main] DEBUG o.h.cfg.annotations.PropertyBinder - Building property person
12:57:30.234 [main] DEBUG o.h.b.i.InFlightMetadataCollectorImpl - Processing association property references
12:57:30.234 [main] DEBUG o.h.b.i.InFlightMetadataCollectorImpl - Resolving reference to class: Classes.Card
12:57:30.236 [main] DEBUG o.h.b.i.InFlightMetadataCollectorImpl - Resolving reference to class: Abstract.TicketSeller
12:57:30.236 [main] DEBUG o.h.b.i.InFlightMetadataCollectorImpl - Resolving reference to class: Classes.Person
12:57:30.236 [main] DEBUG o.h.b.i.InFlightMetadataCollectorImpl - Resolving reference to class: Abstract.TicketSeller
12:57:30.236 [main] DEBUG o.h.b.i.InFlightMetadataCollectorImpl - Resolving reference to class: Classes.Person
12:57:30.236 [main] DEBUG o.h.b.i.InFlightMetadataCollectorImpl - Resolving reference to class: Classes.Shop
12:57:30.236 [main] DEBUG o.h.b.i.InFlightMetadataCollectorImpl - Resolving reference to class: Classes.Ticket
12:57:30.236 [main] DEBUG o.h.b.i.InFlightMetadataCollectorImpl - Resolving reference to class: Abstract.TicketSeller
12:57:30.236 [main] DEBUG o.h.b.i.InFlightMetadataCollectorImpl - Resolving reference to class: Classes.Pass
12:57:30.237 [main] DEBUG o.h.b.i.InFlightMetadataCollectorImpl - Processing association property references
12:57:30.238 [main] DEBUG o.h.b.i.InFlightMetadataCollectorImpl - Resolving reference to class: Classes.Card
12:57:30.238 [main] DEBUG o.h.b.i.InFlightMetadataCollectorImpl - Resolving reference to class: Abstract.TicketSeller
12:57:30.238 [main] DEBUG o.h.b.i.InFlightMetadataCollectorImpl - Resolving reference to class: Classes.Person
12:57:30.238 [main] DEBUG o.h.b.i.InFlightMetadataCollectorImpl - Resolving reference to class: Abstract.TicketSeller
12:57:30.238 [main] DEBUG o.h.b.i.InFlightMetadataCollectorImpl - Resolving reference to class: Classes.Person
12:57:30.238 [main] DEBUG o.h.b.i.InFlightMetadataCollectorImpl - Resolving reference to class: Classes.Shop
12:57:30.238 [main] DEBUG o.h.b.i.InFlightMetadataCollectorImpl - Resolving reference to class: Classes.Ticket
12:57:30.238 [main] DEBUG o.h.b.i.InFlightMetadataCollectorImpl - Resolving reference to class: Abstract.TicketSeller
12:57:30.238 [main] DEBUG o.h.b.i.InFlightMetadataCollectorImpl - Resolving reference to class: Classes.Pass
12:57:30.265 [main] DEBUG o.h.internal.SessionFactoryImpl - Building session factory
12:57:30.266 [main] DEBUG org.hibernate.cfg.Settings - SessionFactory name : null
12:57:30.266 [main] DEBUG org.hibernate.cfg.Settings - Automatic flush during beforeCompletion(): enabled
12:57:30.266 [main] DEBUG org.hibernate.cfg.Settings - Automatic session close at end of transaction: disabled
12:57:30.266 [main] DEBUG org.hibernate.cfg.Settings - Statistics: disabled
12:57:30.266 [main] DEBUG org.hibernate.cfg.Settings - Deleted entity synthetic identifier rollback: disabled
12:57:30.266 [main] DEBUG org.hibernate.cfg.Settings - Default entity-mode: pojo
12:57:30.266 [main] DEBUG org.hibernate.cfg.Settings - Check Nullability in Core (should be disabled when Bean Validation is on): enabled
12:57:30.266 [main] DEBUG org.hibernate.cfg.Settings - Allow initialization of lazy state outside session : disabled
12:57:30.266 [main] DEBUG org.hibernate.cfg.Settings - Using BatchFetchStyle : LEGACY
12:57:30.266 [main] DEBUG org.hibernate.cfg.Settings - Default batch fetch size: -1
12:57:30.266 [main] DEBUG org.hibernate.cfg.Settings - Maximum outer join fetch depth: null
12:57:30.266 [main] DEBUG org.hibernate.cfg.Settings - Default null ordering: NONE
12:57:30.266 [main] DEBUG org.hibernate.cfg.Settings - Order SQL updates by primary key: disabled
12:57:30.266 [main] DEBUG org.hibernate.cfg.Settings - Order SQL inserts for batching: disabled
12:57:30.266 [main] DEBUG org.hibernate.cfg.Settings - multi-tenancy strategy : NONE
12:57:30.266 [main] DEBUG org.hibernate.cfg.Settings - JTA Track by Thread: enabled
12:57:30.266 [main] DEBUG org.hibernate.cfg.Settings - Query language substitutions: {}
12:57:30.266 [main] DEBUG org.hibernate.cfg.Settings - Named query checking : enabled
12:57:30.266 [main] DEBUG org.hibernate.cfg.Settings - Second-level cache: disabled
12:57:30.266 [main] DEBUG org.hibernate.cfg.Settings - Second-level query cache: disabled
12:57:30.266 [main] DEBUG org.hibernate.cfg.Settings - Second-level query cache factory: null
12:57:30.266 [main] DEBUG org.hibernate.cfg.Settings - Second-level cache region prefix: null
12:57:30.266 [main] DEBUG org.hibernate.cfg.Settings - Optimize second-level cache for minimal puts: disabled
12:57:30.266 [main] DEBUG org.hibernate.cfg.Settings - Structured second-level cache entries: disabled
12:57:30.266 [main] DEBUG org.hibernate.cfg.Settings - Second-level cache direct-reference entries: disabled
12:57:30.266 [main] DEBUG org.hibernate.cfg.Settings - Automatic eviction of collection cache: disabled
12:57:30.266 [main] DEBUG org.hibernate.cfg.Settings - JDBC batch size: 15
12:57:30.266 [main] DEBUG org.hibernate.cfg.Settings - JDBC batch updates for versioned data: enabled
12:57:30.267 [main] DEBUG org.hibernate.cfg.Settings - Scrollable result sets: enabled
12:57:30.267 [main] DEBUG org.hibernate.cfg.Settings - Wrap result sets: disabled
12:57:30.267 [main] DEBUG org.hibernate.cfg.Settings - JDBC3 getGeneratedKeys(): enabled
12:57:30.267 [main] DEBUG org.hibernate.cfg.Settings - JDBC result set fetch size: null
12:57:30.267 [main] DEBUG org.hibernate.cfg.Settings - Connection release mode: AFTER_TRANSACTION
12:57:30.267 [main] DEBUG org.hibernate.cfg.Settings - Generate SQL with comments: disabled
12:57:30.267 [main] DEBUG org.hibernate.cfg.Settings - JPA compliance - query : disabled
12:57:30.267 [main] DEBUG org.hibernate.cfg.Settings - JPA compliance - closed-handling : disabled
12:57:30.267 [main] DEBUG org.hibernate.cfg.Settings - JPA compliance - lists : disabled
12:57:30.267 [main] DEBUG org.hibernate.cfg.Settings - JPA compliance - transactions : disabled
12:57:30.272 [main] DEBUG o.h.b.internal.ClassLoaderAccessImpl - Not known whether passed class name [Classes.Pass] is safe
12:57:30.272 [main] DEBUG o.h.b.internal.ClassLoaderAccessImpl - No temp ClassLoader provided; using live ClassLoader for loading potentially unsafe class : Classes.Pass
12:57:30.272 [main] DEBUG o.h.b.internal.ClassLoaderAccessImpl - Not known whether passed class name [Classes.Shop] is safe
12:57:30.272 [main] DEBUG o.h.b.internal.ClassLoaderAccessImpl - No temp ClassLoader provided; using live ClassLoader for loading potentially unsafe class : Classes.Shop
12:57:30.272 [main] DEBUG o.h.b.internal.ClassLoaderAccessImpl - Not known whether passed class name [Classes.VendingMachine] is safe
12:57:30.272 [main] DEBUG o.h.b.internal.ClassLoaderAccessImpl - No temp ClassLoader provided; using live ClassLoader for loading potentially unsafe class : Classes.VendingMachine
12:57:30.302 [main] DEBUG o.h.s.i.SessionFactoryServiceRegistryImpl - EventListenerRegistry access via ServiceRegistry is deprecated.  Use `sessionFactory.getEventEngine().getListenerRegistry()` instead
12:57:30.302 [main] DEBUG o.h.s.i.SessionFactoryServiceRegistryImpl - EventListenerRegistry access via ServiceRegistry is deprecated.  Use `sessionFactory.getEventEngine().getListenerRegistry()` instead
12:57:30.310 [main] DEBUG o.h.internal.SessionFactoryImpl - Session factory constructed with filter configurations : {}
12:57:30.310 [main] DEBUG o.h.internal.SessionFactoryImpl - Instantiating session factory with properties: {java.specification.version=17, sun.cpu.isalist=amd64, sun.jnu.encoding=Cp1252, hibernate.dialect=org.hibernate.dialect.PostgreSQLDialect, java.class.path=C:\Users\total\Desktop\All\Epicode\fs0223-Luca-Sernicola-BackEnd\BuildWeek_4\target\classes;C:\Users\total\.m2\repository\ch\qos\logback\logback-classic\1.4.8\logback-classic-1.4.8.jar;C:\Users\total\.m2\repository\ch\qos\logback\logback-core\1.4.8\logback-core-1.4.8.jar;C:\Users\total\.m2\repository\org\slf4j\slf4j-api\2.0.7\slf4j-api-2.0.7.jar;C:\Users\total\.m2\repository\commons-io\commons-io\2.13.0\commons-io-2.13.0.jar;C:\Users\total\.m2\repository\org\postgresql\postgresql\42.6.0\postgresql-42.6.0.jar;C:\Users\total\.m2\repository\org\checkerframework\checker-qual\3.31.0\checker-qual-3.31.0.jar;C:\Users\total\.m2\repository\org\hibernate\hibernate-core\5.6.15.Final\hibernate-core-5.6.15.Final.jar;C:\Users\total\.m2\repository\org\jboss\logging\jboss-logging\3.4.3.Final\jboss-logging-3.4.3.Final.jar;C:\Users\total\.m2\repository\javax\persistence\javax.persistence-api\2.2\javax.persistence-api-2.2.jar;C:\Users\total\.m2\repository\net\bytebuddy\byte-buddy\1.12.18\byte-buddy-1.12.18.jar;C:\Users\total\.m2\repository\antlr\antlr\2.7.7\antlr-2.7.7.jar;C:\Users\total\.m2\repository\org\jboss\spec\javax\transaction\jboss-transaction-api_1.2_spec\1.1.1.Final\jboss-transaction-api_1.2_spec-1.1.1.Final.jar;C:\Users\total\.m2\repository\org\jboss\jandex\2.4.2.Final\jandex-2.4.2.Final.jar;C:\Users\total\.m2\repository\com\fasterxml\classmate\1.5.1\classmate-1.5.1.jar;C:\Users\total\.m2\repository\javax\activation\javax.activation-api\1.2.0\javax.activation-api-1.2.0.jar;C:\Users\total\.m2\repository\org\hibernate\common\hibernate-commons-annotations\5.1.2.Final\hibernate-commons-annotations-5.1.2.Final.jar;C:\Users\total\.m2\repository\javax\xml\bind\jaxb-api\2.3.1\jaxb-api-2.3.1.jar;C:\Users\total\.m2\repository\org\glassfish\jaxb\jaxb-runtime\2.3.1\jaxb-runtime-2.3.1.jar;C:\Users\total\.m2\repository\org\glassfish\jaxb\txw2\2.3.1\txw2-2.3.1.jar;C:\Users\total\.m2\repository\com\sun\istack\istack-commons-runtime\3.0.7\istack-commons-runtime-3.0.7.jar;C:\Users\total\.m2\repository\org\jvnet\staxex\stax-ex\1.8\stax-ex-1.8.jar;C:\Users\total\.m2\repository\com\sun\xml\fastinfoset\FastInfoset\1.2.15\FastInfoset-1.2.15.jar;C:\Users\total\Desktop\All\Epicode\fs0223-Luca-Sernicola-BackEnd\Homework_W3_D3\target\classes, java.vm.vendor=Eclipse Adoptium, sun.arch.data.model=64, user.variant=, java.vendor.url=https://adoptium.net/, user.timezone=Europe/Rome, javax.persistence.jdbc.url=jdbc:postgresql://localhost:5432/BuildWeek, javax.persistence.jdbc.user=****, java.vm.specification.version=17, os.name=Windows 11, jakarta.persistence.jdbc.password=****, sun.java.launcher=SUN_STANDARD, user.country=US, local.setting.IS_JTA_TXN_COORD=false, sun.boot.library.path=C:\Users\total\.p2\pool\plugins\org.eclipse.justj.openjdk.hotspot.jre.full.win32.x86_64_17.0.7.v20230425-1502\jre\bin, sun.java.command=MainClass.MainClass, jdk.debug=release, jakarta.persistence.jdbc.driver=org.postgresql.Driver, sun.cpu.endian=little, user.home=C:\Users\total, user.language=en, java.specification.vendor=Oracle Corporation, java.version.date=2023-04-18, java.home=C:\Users\total\.p2\pool\plugins\org.eclipse.justj.openjdk.hotspot.jre.full.win32.x86_64_17.0.7.v20230425-1502\jre, file.separator=\, java.vm.compressedOopsMode=Zero based, jakarta.persistence.jdbc.user=****, line.separator=
, hibernate.persistenceUnitName=BuildWeek_4, java.vm.specification.vendor=Oracle Corporation, java.specification.name=Java Platform API Specification, hibernate.transaction.coordinator_class=class org.hibernate.resource.transaction.backend.jdbc.internal.JdbcResourceLocalTransactionCoordinatorBuilderImpl, javax.persistence.jdbc.driver=org.postgresql.Driver, hibernate.hbm2ddl.auto=update, user.script=, sun.management.compiler=HotSpot 64-Bit Tiered Compilers, java.runtime.version=17.0.7+7, user.name=total, path.separator=;, hibernate.connection.username=****, os.version=10.0, java.runtime.name=OpenJDK Runtime Environment, hibernate.connection.url=jdbc:postgresql://localhost:5432/BuildWeek, file.encoding=UTF-8, hibernate.ejb.persistenceUnitName=BuildWeek_4, java.vm.name=OpenJDK 64-Bit Server VM, java.vendor.version=Temurin-17.0.7+7, hibernate.connection.driver_class=org.postgresql.Driver, java.vendor.url.bug=https://github.com/adoptium/adoptium-support/issues, java.io.tmpdir=C:\Users\total\AppData\Local\Temp\, java.version=17.0.7, user.dir=C:\Users\total\Desktop\All\Epicode\fs0223-Luca-Sernicola-BackEnd\BuildWeek_4, os.arch=amd64, java.vm.specification.name=Java Virtual Machine Specification, hibernate.connection.password=****, sun.os.patch.level=, jakarta.persistence.jdbc.url=jdbc:postgresql://localhost:5432/BuildWeek, hibernate.boot.CfgXmlAccessService.key=org.hibernate.boot.registry.StandardServiceRegistryBuilder$1@6ecab872, native.encoding=Cp1252, java.library.path=C:\Users\total\.p2\pool\plugins\org.eclipse.justj.openjdk.hotspot.jre.full.win32.x86_64_17.0.7.v20230425-1502\jre\bin;C:\windows\Sun\Java\bin;C:\windows\system32;C:\windows;C:/Users/total/.p2/pool/plugins/org.eclipse.justj.openjdk.hotspot.jre.full.win32.x86_64_17.0.7.v20230425-1502/jre/bin/server;C:/Users/total/.p2/pool/plugins/org.eclipse.justj.openjdk.hotspot.jre.full.win32.x86_64_17.0.7.v20230425-1502/jre/bin;C:\Program Files\Eclipse Adoptium\jdk-17.0.7.7-hotspot\bin;C:\Program Files (x86)\NVIDIA Corporation\PhysX\Common;C:\windows\system32;C:\windows;C:\windows\System32\Wbem;C:\windows\System32\WindowsPowerShell\v1.0\;C:\windows\System32\OpenSSH\;C:\Program Files\Git\cmd;C:\Program Files\nodejs\;C:\Users\total\AppData\Local\Microsoft\WindowsApps;C:\Users\total\AppData\Local\Programs\Microsoft VS Code\bin;C:\Users\total\AppData\Roaming\npm;C:\Users\total\AppData\Local\GitHubDesktop\bin;C:\windows\System32;;., java.vendor=Eclipse Adoptium, java.vm.info=mixed mode, java.vm.version=17.0.7+7, hibernate.bytecode.use_reflection_optimizer=false, sun.io.unicode.encoding=UnicodeLittle, javax.persistence.jdbc.password=****, java.class.version=61.0}
12:57:30.321 [main] DEBUG o.h.secure.spi.JaccIntegrator - Skipping JACC integration as it was not enabled
12:57:30.324 [main] DEBUG org.hibernate.type.EnumType - Using ORDINAL-based conversion for Enum Enums.Validity
12:57:30.325 [main] DEBUG o.h.internal.SessionFactoryImpl - Instantiated session factory
12:57:30.325 [main] DEBUG o.h.type.spi.TypeConfiguration$Scope - Scoping TypeConfiguration [org.hibernate.type.spi.TypeConfiguration@30cecdca] to SessionFactoryImpl [org.hibernate.internal.SessionFactoryImpl@7173ae5b]
12:57:30.359 [main] DEBUG o.h.b.internal.ClassLoaderAccessImpl - Not known whether passed class name [Abstract.TicketSeller] is safe
12:57:30.359 [main] DEBUG o.h.b.internal.ClassLoaderAccessImpl - No temp ClassLoader provided; using live ClassLoader for loading potentially unsafe class : Abstract.TicketSeller
12:57:30.361 [main] DEBUG o.h.b.internal.ClassLoaderAccessImpl - Not known whether passed class name [Classes.Shop] is safe
12:57:30.361 [main] DEBUG o.h.b.internal.ClassLoaderAccessImpl - No temp ClassLoader provided; using live ClassLoader for loading potentially unsafe class : Classes.Shop
12:57:30.361 [main] DEBUG o.h.b.internal.ClassLoaderAccessImpl - Not known whether passed class name [Classes.VendingMachine] is safe
12:57:30.361 [main] DEBUG o.h.b.internal.ClassLoaderAccessImpl - No temp ClassLoader provided; using live ClassLoader for loading potentially unsafe class : Classes.VendingMachine
12:57:30.464 [main] DEBUG o.hibernate.orm.bytecode.interceptor - To-one property `Classes.Card#person` was mapped with LAZY + NO_PROXY but the class was not enhanced
12:57:30.464 [main] DEBUG o.hibernate.orm.bytecode.interceptor - To-one property `Classes.Card#person` was mapped with LAZY + NO_PROXY but the class was not enhanced
12:57:30.464 [main] DEBUG o.h.b.internal.ClassLoaderAccessImpl - Not known whether passed class name [Classes.Card] is safe
12:57:30.464 [main] DEBUG o.h.b.internal.ClassLoaderAccessImpl - No temp ClassLoader provided; using live ClassLoader for loading potentially unsafe class : Classes.Card
12:57:30.473 [main] DEBUG o.hibernate.orm.bytecode.interceptor - To-one property `Classes.Card#person` was mapped with LAZY + NO_PROXY but the class was not enhanced
12:57:30.473 [main] DEBUG o.hibernate.orm.bytecode.interceptor - To-one property `Classes.Card#person` was mapped with LAZY + NO_PROXY but the class was not enhanced
12:57:30.473 [main] DEBUG o.hibernate.orm.bytecode.interceptor - To-one property `Classes.Person#cardNum` was mapped with LAZY + NO_PROXY but the class was not enhanced
12:57:30.473 [main] DEBUG o.hibernate.orm.bytecode.interceptor - To-one property `Classes.Person#cardNum` was mapped with LAZY + NO_PROXY but the class was not enhanced
12:57:30.473 [main] DEBUG o.h.b.internal.ClassLoaderAccessImpl - Not known whether passed class name [Classes.Person] is safe
12:57:30.473 [main] DEBUG o.h.b.internal.ClassLoaderAccessImpl - No temp ClassLoader provided; using live ClassLoader for loading potentially unsafe class : Classes.Person
12:57:30.479 [main] DEBUG o.hibernate.orm.bytecode.interceptor - To-one property `Classes.Person#cardNum` was mapped with LAZY + NO_PROXY but the class was not enhanced
12:57:30.480 [main] DEBUG o.hibernate.orm.bytecode.interceptor - To-one property `Classes.Person#cardNum` was mapped with LAZY + NO_PROXY but the class was not enhanced
12:57:30.480 [main] DEBUG o.hibernate.orm.bytecode.interceptor - To-one property `Classes.Ticket#seller` was mapped with LAZY + NO_PROXY but the class was not enhanced
12:57:30.480 [main] DEBUG o.hibernate.orm.bytecode.interceptor - To-one property `Classes.Ticket#seller` was mapped with LAZY + NO_PROXY but the class was not enhanced
12:57:30.480 [main] DEBUG o.hibernate.orm.bytecode.interceptor - To-one property `Classes.Pass#person` was mapped with LAZY + NO_PROXY but the class was not enhanced
12:57:30.480 [main] DEBUG o.hibernate.orm.bytecode.interceptor - To-one property `Classes.Pass#person` was mapped with LAZY + NO_PROXY but the class was not enhanced
12:57:30.480 [main] DEBUG o.hibernate.orm.bytecode.interceptor - To-one property `Classes.Pass#sellers` was mapped with LAZY + NO_PROXY but the class was not enhanced
12:57:30.480 [main] DEBUG o.hibernate.orm.bytecode.interceptor - To-one property `Classes.Pass#sellers` was mapped with LAZY + NO_PROXY but the class was not enhanced
12:57:30.480 [main] DEBUG o.h.b.internal.ClassLoaderAccessImpl - Not known whether passed class name [Classes.Pass] is safe
12:57:30.480 [main] DEBUG o.h.b.internal.ClassLoaderAccessImpl - No temp ClassLoader provided; using live ClassLoader for loading potentially unsafe class : Classes.Pass
12:57:30.486 [main] DEBUG o.hibernate.orm.bytecode.interceptor - To-one property `Classes.Ticket#seller` was mapped with LAZY + NO_PROXY but the class was not enhanced
12:57:30.486 [main] DEBUG o.hibernate.orm.bytecode.interceptor - To-one property `Classes.Pass#person` was mapped with LAZY + NO_PROXY but the class was not enhanced
12:57:30.486 [main] DEBUG o.hibernate.orm.bytecode.interceptor - To-one property `Classes.Pass#sellers` was mapped with LAZY + NO_PROXY but the class was not enhanced
12:57:30.486 [main] DEBUG o.hibernate.orm.bytecode.interceptor - To-one property `Classes.Ticket#seller` was mapped with LAZY + NO_PROXY but the class was not enhanced
12:57:30.486 [main] DEBUG o.hibernate.orm.bytecode.interceptor - To-one property `Classes.Pass#person` was mapped with LAZY + NO_PROXY but the class was not enhanced
12:57:30.486 [main] DEBUG o.hibernate.orm.bytecode.interceptor - To-one property `Classes.Pass#sellers` was mapped with LAZY + NO_PROXY but the class was not enhanced
12:57:30.490 [main] DEBUG o.hibernate.orm.bytecode.interceptor - To-one property `Classes.Ticket#seller` was mapped with LAZY + NO_PROXY but the class was not enhanced
12:57:30.490 [main] DEBUG o.hibernate.orm.bytecode.interceptor - To-one property `Classes.Ticket#seller` was mapped with LAZY + NO_PROXY but the class was not enhanced
12:57:30.490 [main] DEBUG o.h.b.internal.ClassLoaderAccessImpl - Not known whether passed class name [Classes.Ticket] is safe
12:57:30.490 [main] DEBUG o.h.b.internal.ClassLoaderAccessImpl - No temp ClassLoader provided; using live ClassLoader for loading potentially unsafe class : Classes.Ticket
12:57:30.494 [main] DEBUG o.hibernate.orm.bytecode.interceptor - To-one property `Classes.Ticket#seller` was mapped with LAZY + NO_PROXY but the class was not enhanced
12:57:30.494 [main] DEBUG o.hibernate.orm.bytecode.interceptor - To-one property `Classes.Ticket#seller` was mapped with LAZY + NO_PROXY but the class was not enhanced
12:57:30.494 [main] DEBUG o.hibernate.orm.bytecode.interceptor - To-one property `Classes.Pass#person` was mapped with LAZY + NO_PROXY but the class was not enhanced
12:57:30.494 [main] DEBUG o.hibernate.orm.bytecode.interceptor - To-one property `Classes.Pass#sellers` was mapped with LAZY + NO_PROXY but the class was not enhanced
12:57:30.505 [main] DEBUG o.h.p.c.AbstractCollectionPersister - Static SQL for collection: Abstract.TicketSeller.tickets
12:57:30.505 [main] DEBUG o.h.p.c.AbstractCollectionPersister -  Row insert: insert into TicketSeller_Ticket (TicketSeller_id, tickets_id) values (?, ?)
12:57:30.505 [main] DEBUG o.h.p.c.AbstractCollectionPersister -  Row update: update TicketSeller_Ticket set tickets_id=? where TicketSeller_id=? and tickets_id=?
12:57:30.505 [main] DEBUG o.h.p.c.AbstractCollectionPersister -  Row delete: delete from TicketSeller_Ticket where TicketSeller_id=? and tickets_id=?
12:57:30.505 [main] DEBUG o.h.p.c.AbstractCollectionPersister -  One-shot delete: delete from TicketSeller_Ticket where TicketSeller_id=?
12:57:30.505 [main] DEBUG o.h.p.c.AbstractCollectionPersister - Static SQL for collection: Abstract.TicketSeller.passes
12:57:30.505 [main] DEBUG o.h.p.c.AbstractCollectionPersister -  Row insert: insert into TicketSeller_Ticket (TicketSeller_id, passes_id) values (?, ?)
12:57:30.505 [main] DEBUG o.h.p.c.AbstractCollectionPersister -  Row update: update TicketSeller_Ticket set passes_id=? where TicketSeller_id=? and passes_id=?
12:57:30.505 [main] DEBUG o.h.p.c.AbstractCollectionPersister -  Row delete: delete from TicketSeller_Ticket where TicketSeller_id=? and passes_id=?
12:57:30.505 [main] DEBUG o.h.p.c.AbstractCollectionPersister -  One-shot delete: delete from TicketSeller_Ticket where TicketSeller_id=?
12:57:30.505 [main] DEBUG o.h.p.c.AbstractCollectionPersister - Static SQL for collection: Classes.Shop.people
12:57:30.505 [main] DEBUG o.h.p.c.AbstractCollectionPersister -  Row insert: insert into TicketSeller_Person (Shop_id, people_id) values (?, ?)
12:57:30.505 [main] DEBUG o.h.p.c.AbstractCollectionPersister -  Row update: update TicketSeller_Person set people_id=? where Shop_id=? and people_id=?
12:57:30.505 [main] DEBUG o.h.p.c.AbstractCollectionPersister -  Row delete: delete from TicketSeller_Person where Shop_id=? and people_id=?
12:57:30.505 [main] DEBUG o.h.p.c.AbstractCollectionPersister -  One-shot delete: delete from TicketSeller_Person where Shop_id=?
12:57:30.507 [main] DEBUG o.h.p.entity.AbstractEntityPersister - Static SQL for entity: Abstract.TicketSeller
12:57:30.507 [main] DEBUG o.h.p.entity.AbstractEntityPersister -  Version select: select id from TicketSeller where id =?
12:57:30.507 [main] DEBUG o.h.p.entity.AbstractEntityPersister -  Snapshot select: select ticketsell_.id, ticketsell_.seller_name as seller_n3_3_ from TicketSeller ticketsell_ where ticketsell_.id=?
12:57:30.507 [main] DEBUG o.h.p.entity.AbstractEntityPersister -  Insert 0: insert into TicketSeller (seller_name, type, id) values (?, 'TicketSeller', ?)
12:57:30.507 [main] DEBUG o.h.p.entity.AbstractEntityPersister -  Update 0: update TicketSeller set seller_name=? where id=?
12:57:30.507 [main] DEBUG o.h.p.entity.AbstractEntityPersister -  Delete 0: delete from TicketSeller where id=?
12:57:30.520 [main] DEBUG o.h.l.p.b.i.spaces.QuerySpacesImpl - Adding QuerySpace : uid = <gen:0> -> org.hibernate.loader.plan.build.internal.spaces.EntityQuerySpaceImpl@303c55fa]
12:57:30.521 [main] DEBUG o.h.p.w.spi.MetamodelGraphWalker - Visiting attribute path : name
12:57:30.521 [main] DEBUG o.h.p.w.spi.MetamodelGraphWalker - Visiting attribute path : passes
12:57:30.522 [main] DEBUG o.h.l.p.b.i.spaces.QuerySpacesImpl - Adding QuerySpace : uid = <gen:1> -> org.hibernate.loader.plan.build.internal.spaces.CollectionQuerySpaceImpl@506aabf6]
12:57:30.523 [main] DEBUG o.h.l.p.b.i.spaces.QuerySpacesImpl - Adding QuerySpace : uid = <gen:2> -> org.hibernate.loader.plan.build.internal.spaces.EntityQuerySpaceImpl@7c1447b5]
12:57:30.523 [main] DEBUG o.h.p.w.spi.MetamodelGraphWalker - Visiting attribute path : tickets
12:57:30.523 [main] DEBUG o.h.l.p.b.i.spaces.QuerySpacesImpl - Adding QuerySpace : uid = <gen:3> -> org.hibernate.loader.plan.build.internal.spaces.CollectionQuerySpaceImpl@f5cf29b]
12:57:30.523 [main] DEBUG o.h.l.p.b.i.spaces.QuerySpacesImpl - Adding QuerySpace : uid = <gen:4> -> org.hibernate.loader.plan.build.internal.spaces.EntityQuerySpaceImpl@3c66b7d8]
12:57:30.523 [main] DEBUG o.h.p.w.spi.MetamodelGraphWalker - Visiting attribute path : people
12:57:30.523 [main] DEBUG o.h.l.p.b.i.spaces.QuerySpacesImpl - Adding QuerySpace : uid = <gen:5> -> org.hibernate.loader.plan.build.internal.spaces.CollectionQuerySpaceImpl@37e69c43]
12:57:30.523 [main] DEBUG o.h.l.p.b.i.spaces.QuerySpacesImpl - Adding QuerySpace : uid = <gen:6> -> org.hibernate.loader.plan.build.internal.spaces.EntityQuerySpaceImpl@5c7dfc05]
12:57:30.523 [main] DEBUG o.h.p.w.spi.MetamodelGraphWalker - Visiting attribute path : isWorking
12:57:30.523 [main] DEBUG o.h.l.p.b.i.FetchStyleLoadPlanBuildingAssociationVisitationStrategy - Building LoadPlan...
12:57:30.528 [main] DEBUG o.h.l.p.e.i.LoadQueryJoinAndFetchProcessor - processing queryspace <gen:0>
12:57:30.530 [main] DEBUG o.h.l.p.b.spi.LoadPlanTreePrinter - LoadPlan(entity=Abstract.TicketSeller)
    - Returns
       - EntityReturnImpl(entity=Abstract.TicketSeller, querySpaceUid=<gen:0>, path=Abstract.TicketSeller)
          - CollectionAttributeFetchImpl(collection=Abstract.TicketSeller.passes, querySpaceUid=<gen:1>, path=Abstract.TicketSeller.passes)
             - (collection element) CollectionFetchableElementEntityGraph(entity=Classes.Pass, querySpaceUid=<gen:2>, path=Abstract.TicketSeller.passes.<elements>)
          - CollectionAttributeFetchImpl(collection=Abstract.TicketSeller.tickets, querySpaceUid=<gen:3>, path=Abstract.TicketSeller.tickets)
             - (collection element) CollectionFetchableElementEntityGraph(entity=Classes.Ticket, querySpaceUid=<gen:4>, path=Abstract.TicketSeller.tickets.<elements>)
          - CollectionAttributeFetchImpl(collection=Classes.Shop.people, querySpaceUid=<gen:5>, path=Abstract.TicketSeller.people)
             - (collection element) CollectionFetchableElementEntityGraph(entity=Classes.Person, querySpaceUid=<gen:6>, path=Abstract.TicketSeller.people.<elements>)
    - QuerySpaces
       - EntityQuerySpaceImpl(uid=<gen:0>, entity=Abstract.TicketSeller)
          - SQL table alias mapping - ticketsell0_
          - alias suffix - 0_
          - suffixed key columns - {id2_3_0_}

12:57:30.531 [main] DEBUG o.h.loader.entity.plan.EntityLoader - Static select for entity Abstract.TicketSeller [NONE]: select ticketsell0_.id as id2_3_0_, ticketsell0_.seller_name as seller_n3_3_0_, ticketsell0_.isWorking as isworkin4_3_0_, ticketsell0_.type as type1_3_0_ from TicketSeller ticketsell0_ where ticketsell0_.id=?
12:57:30.532 [main] DEBUG o.h.p.entity.AbstractEntityPersister - Static SQL for entity: Classes.Card
12:57:30.532 [main] DEBUG o.h.p.entity.AbstractEntityPersister -  Version select: select id from Card where id =?
12:57:30.532 [main] DEBUG o.h.p.entity.AbstractEntityPersister -  Snapshot select: select card_.id, card_.emissionDate as emission2_0_, card_.expirationDate as expirati3_0_ from Card card_ where card_.id=?
12:57:30.532 [main] DEBUG o.h.p.entity.AbstractEntityPersister -  Insert 0: insert into Card (emissionDate, expirationDate, id) values (?, ?, ?)
12:57:30.532 [main] DEBUG o.h.p.entity.AbstractEntityPersister -  Update 0: update Card set emissionDate=?, expirationDate=? where id=?
12:57:30.532 [main] DEBUG o.h.p.entity.AbstractEntityPersister -  Delete 0: delete from Card where id=?
12:57:30.532 [main] DEBUG o.h.p.entity.AbstractEntityPersister -  Identity insert: insert into Card (emissionDate, expirationDate) values (?, ?)
12:57:30.532 [main] DEBUG o.h.l.p.b.i.spaces.QuerySpacesImpl - Adding QuerySpace : uid = <gen:0> -> org.hibernate.loader.plan.build.internal.spaces.EntityQuerySpaceImpl@3a2e9f5b]
12:57:30.532 [main] DEBUG o.h.p.w.spi.MetamodelGraphWalker - Visiting attribute path : emissionDate
12:57:30.532 [main] DEBUG o.h.p.w.spi.MetamodelGraphWalker - Visiting attribute path : expirationDate
12:57:30.532 [main] DEBUG o.h.p.w.spi.MetamodelGraphWalker - Visiting attribute path : person
12:57:30.532 [main] DEBUG o.h.l.p.b.i.spaces.QuerySpacesImpl - Adding QuerySpace : uid = <gen:1> -> org.hibernate.loader.plan.build.internal.spaces.EntityQuerySpaceImpl@10c47c79]
12:57:30.533 [main] DEBUG o.h.p.w.spi.MetamodelGraphWalker - Visiting attribute path : person.birthdate
12:57:30.533 [main] DEBUG o.h.p.w.spi.MetamodelGraphWalker - Visiting attribute path : person.cardNum
12:57:30.533 [main] DEBUG o.h.p.w.spi.MetamodelGraphWalker - Property path deemed to be circular : person.cardNum
12:57:30.533 [main] DEBUG o.h.p.w.spi.MetamodelGraphWalker - Visiting attribute path : person.firstName
12:57:30.533 [main] DEBUG o.h.p.w.spi.MetamodelGraphWalker - Visiting attribute path : person.lastName
12:57:30.533 [main] DEBUG o.h.l.p.b.i.FetchStyleLoadPlanBuildingAssociationVisitationStrategy - Building LoadPlan...
12:57:30.533 [main] DEBUG o.h.l.p.e.i.LoadQueryJoinAndFetchProcessor - processing queryspace <gen:0>
12:57:30.534 [main] DEBUG o.h.l.p.b.spi.LoadPlanTreePrinter - LoadPlan(entity=Classes.Card)
    - Returns
       - EntityReturnImpl(entity=Classes.Card, querySpaceUid=<gen:0>, path=Classes.Card)
          - EntityAttributeFetchImpl(entity=Classes.Person, querySpaceUid=<gen:1>, path=Classes.Card.person)
    - QuerySpaces
       - EntityQuerySpaceImpl(uid=<gen:0>, entity=Classes.Card)
          - SQL table alias mapping - card0_
          - alias suffix - 0_
          - suffixed key columns - {id1_0_0_}
          - JOIN (JoinDefinedByMetadata(person)) : <gen:0> -> <gen:1>
             - EntityQuerySpaceImpl(uid=<gen:1>, entity=Classes.Person)
                - SQL table alias mapping - person1_
                - alias suffix - 1_
                - suffixed key columns - {id1_1_1_}

12:57:30.534 [main] DEBUG o.h.loader.entity.plan.EntityLoader - Static select for entity Classes.Card [NONE]: select card0_.id as id1_0_0_, card0_.emissionDate as emission2_0_0_, card0_.expirationDate as expirati3_0_0_, person1_.id as id1_1_1_, person1_.birthdate as birthdat2_1_1_, person1_.cardNum_id as cardnum_5_1_1_, person1_.firstName as firstnam3_1_1_, person1_.lastName as lastname4_1_1_ from Card card0_ left outer join Person person1_ on card0_.id=person1_.cardNum_id where card0_.id=?
12:57:30.534 [main] DEBUG o.h.p.entity.AbstractEntityPersister - Static SQL for entity: Classes.Person
12:57:30.534 [main] DEBUG o.h.p.entity.AbstractEntityPersister -  Version select: select id from Person where id =?
12:57:30.534 [main] DEBUG o.h.p.entity.AbstractEntityPersister -  Snapshot select: select person_.id, person_.birthdate as birthdat2_1_, person_.cardNum_id as cardnum_5_1_, person_.firstName as firstnam3_1_, person_.lastName as lastname4_1_ from Person person_ where person_.id=?
12:57:30.534 [main] DEBUG o.h.p.entity.AbstractEntityPersister -  Insert 0: insert into Person (birthdate, cardNum_id, firstName, lastName, id) values (?, ?, ?, ?, ?)
12:57:30.534 [main] DEBUG o.h.p.entity.AbstractEntityPersister -  Update 0: update Person set birthdate=?, cardNum_id=?, firstName=?, lastName=? where id=?
12:57:30.534 [main] DEBUG o.h.p.entity.AbstractEntityPersister -  Delete 0: delete from Person where id=?
12:57:30.534 [main] DEBUG o.h.p.entity.AbstractEntityPersister -  Identity insert: insert into Person (birthdate, cardNum_id, firstName, lastName) values (?, ?, ?, ?)
12:57:30.534 [main] DEBUG o.h.l.p.b.i.spaces.QuerySpacesImpl - Adding QuerySpace : uid = <gen:0> -> org.hibernate.loader.plan.build.internal.spaces.EntityQuerySpaceImpl@5f36c8e3]
12:57:30.534 [main] DEBUG o.h.p.w.spi.MetamodelGraphWalker - Visiting attribute path : birthdate
12:57:30.534 [main] DEBUG o.h.p.w.spi.MetamodelGraphWalker - Visiting attribute path : cardNum
12:57:30.534 [main] DEBUG o.h.l.p.b.i.spaces.QuerySpacesImpl - Adding QuerySpace : uid = <gen:1> -> org.hibernate.loader.plan.build.internal.spaces.EntityQuerySpaceImpl@6a9344f5]
12:57:30.534 [main] DEBUG o.h.p.w.spi.MetamodelGraphWalker - Visiting attribute path : cardNum.emissionDate
12:57:30.534 [main] DEBUG o.h.p.w.spi.MetamodelGraphWalker - Visiting attribute path : cardNum.expirationDate
12:57:30.535 [main] DEBUG o.h.p.w.spi.MetamodelGraphWalker - Visiting attribute path : cardNum.person
12:57:30.535 [main] DEBUG o.h.p.w.spi.MetamodelGraphWalker - Property path deemed to be circular : cardNum.person
12:57:30.535 [main] DEBUG o.h.p.w.spi.MetamodelGraphWalker - Visiting attribute path : firstName
12:57:30.535 [main] DEBUG o.h.p.w.spi.MetamodelGraphWalker - Visiting attribute path : lastName
12:57:30.535 [main] DEBUG o.h.l.p.b.i.FetchStyleLoadPlanBuildingAssociationVisitationStrategy - Building LoadPlan...
12:57:30.535 [main] DEBUG o.h.l.p.e.i.LoadQueryJoinAndFetchProcessor - processing queryspace <gen:0>
12:57:30.535 [main] DEBUG o.h.l.p.b.spi.LoadPlanTreePrinter - LoadPlan(entity=Classes.Person)
    - Returns
       - EntityReturnImpl(entity=Classes.Person, querySpaceUid=<gen:0>, path=Classes.Person)
          - EntityAttributeFetchImpl(entity=Classes.Card, querySpaceUid=<gen:1>, path=Classes.Person.cardNum)
    - QuerySpaces
       - EntityQuerySpaceImpl(uid=<gen:0>, entity=Classes.Person)
          - SQL table alias mapping - person0_
          - alias suffix - 0_
          - suffixed key columns - {id1_1_0_}
          - JOIN (JoinDefinedByMetadata(cardNum)) : <gen:0> -> <gen:1>
             - EntityQuerySpaceImpl(uid=<gen:1>, entity=Classes.Card)
                - SQL table alias mapping - card1_
                - alias suffix - 1_
                - suffixed key columns - {id1_0_1_}

12:57:30.535 [main] DEBUG o.h.loader.entity.plan.EntityLoader - Static select for entity Classes.Person [NONE]: select person0_.id as id1_1_0_, person0_.birthdate as birthdat2_1_0_, person0_.cardNum_id as cardnum_5_1_0_, person0_.firstName as firstnam3_1_0_, person0_.lastName as lastname4_1_0_, card1_.id as id1_0_1_, card1_.emissionDate as emission2_0_1_, card1_.expirationDate as expirati3_0_1_ from Person person0_ left outer join Card card1_ on person0_.cardNum_id=card1_.id where person0_.id=?
12:57:30.539 [main] DEBUG org.hibernate.loader.Loader - Static select for entity Classes.Person [NONE]: select person0_.id as id1_1_1_, person0_.birthdate as birthdat2_1_1_, person0_.cardNum_id as cardnum_5_1_1_, person0_.firstName as firstnam3_1_1_, person0_.lastName as lastname4_1_1_, card1_.id as id1_0_0_, card1_.emissionDate as emission2_0_0_, card1_.expirationDate as expirati3_0_0_ from Person person0_ left outer join Card card1_ on person0_.cardNum_id=card1_.id where person0_.cardNum_id=?
12:57:30.539 [main] DEBUG o.h.p.entity.AbstractEntityPersister - Static SQL for entity: Classes.Pass
12:57:30.539 [main] DEBUG o.h.p.entity.AbstractEntityPersister -  Version select: select id from Ticket where id =?
12:57:30.539 [main] DEBUG o.h.p.entity.AbstractEntityPersister -  Snapshot select: select pass_.id, pass_.seller_id as seller_i4_2_, pass_.person_id as person_i5_2_, pass_.sellers_id as sellers_6_2_, pass_.validity as validity3_2_ from Ticket pass_ where pass_.id=?
12:57:30.539 [main] DEBUG o.h.p.entity.AbstractEntityPersister -  Insert 0: insert into Ticket (seller_id, person_id, sellers_id, validity, DTYPE, id) values (?, ?, ?, ?, 'Pass', ?)
12:57:30.539 [main] DEBUG o.h.p.entity.AbstractEntityPersister -  Update 0: update Ticket set seller_id=?, person_id=?, sellers_id=?, validity=? where id=?
12:57:30.539 [main] DEBUG o.h.p.entity.AbstractEntityPersister -  Delete 0: delete from Ticket where id=?
12:57:30.539 [main] DEBUG o.h.p.entity.AbstractEntityPersister -  Identity insert: insert into Ticket (seller_id, person_id, sellers_id, validity, DTYPE) values (?, ?, ?, ?, 'Pass')
12:57:30.539 [main] DEBUG o.h.l.p.b.i.spaces.QuerySpacesImpl - Adding QuerySpace : uid = <gen:0> -> org.hibernate.loader.plan.build.internal.spaces.EntityQuerySpaceImpl@2fe74516]
12:57:30.539 [main] DEBUG o.h.p.w.spi.MetamodelGraphWalker - Visiting attribute path : seller
12:57:30.540 [main] DEBUG o.h.l.p.b.i.spaces.QuerySpacesImpl - Adding QuerySpace : uid = <gen:1> -> org.hibernate.loader.plan.build.internal.spaces.EntityQuerySpaceImpl@217bf99e]
12:57:30.540 [main] DEBUG o.h.p.w.spi.MetamodelGraphWalker - Visiting attribute path : seller.name
12:57:30.540 [main] DEBUG o.h.p.w.spi.MetamodelGraphWalker - Visiting attribute path : seller.passes
12:57:30.540 [main] DEBUG o.h.l.p.b.i.spaces.QuerySpacesImpl - Adding QuerySpace : uid = <gen:2> -> org.hibernate.loader.plan.build.internal.spaces.CollectionQuerySpaceImpl@7ddd84b5]
12:57:30.540 [main] DEBUG o.h.l.p.b.i.spaces.QuerySpacesImpl - Adding QuerySpace : uid = <gen:3> -> org.hibernate.loader.plan.build.internal.spaces.EntityQuerySpaceImpl@73aeef7d]
12:57:30.540 [main] DEBUG o.h.p.w.spi.MetamodelGraphWalker - Visiting attribute path : seller.tickets
12:57:30.540 [main] DEBUG o.h.l.p.b.i.spaces.QuerySpacesImpl - Adding QuerySpace : uid = <gen:4> -> org.hibernate.loader.plan.build.internal.spaces.CollectionQuerySpaceImpl@d675f9f]
12:57:30.540 [main] DEBUG o.h.l.p.b.i.spaces.QuerySpacesImpl - Adding QuerySpace : uid = <gen:5> -> org.hibernate.loader.plan.build.internal.spaces.EntityQuerySpaceImpl@58af5076]
12:57:30.540 [main] DEBUG o.h.p.w.spi.MetamodelGraphWalker - Visiting attribute path : seller.people
12:57:30.540 [main] DEBUG o.h.l.p.b.i.spaces.QuerySpacesImpl - Adding QuerySpace : uid = <gen:6> -> org.hibernate.loader.plan.build.internal.spaces.CollectionQuerySpaceImpl@49469ffa]
12:57:30.540 [main] DEBUG o.h.l.p.b.i.spaces.QuerySpacesImpl - Adding QuerySpace : uid = <gen:7> -> org.hibernate.loader.plan.build.internal.spaces.EntityQuerySpaceImpl@4d9754a8]
12:57:30.540 [main] DEBUG o.h.p.w.spi.MetamodelGraphWalker - Visiting attribute path : seller.isWorking
12:57:30.540 [main] DEBUG o.h.p.w.spi.MetamodelGraphWalker - Visiting attribute path : person
12:57:30.540 [main] DEBUG o.h.l.p.b.i.spaces.QuerySpacesImpl - Adding QuerySpace : uid = <gen:8> -> org.hibernate.loader.plan.build.internal.spaces.EntityQuerySpaceImpl@7a3b7122]
12:57:30.540 [main] DEBUG o.h.p.w.spi.MetamodelGraphWalker - Visiting attribute path : person.birthdate
12:57:30.540 [main] DEBUG o.h.p.w.spi.MetamodelGraphWalker - Visiting attribute path : person.cardNum
12:57:30.540 [main] DEBUG o.h.l.p.b.i.spaces.QuerySpacesImpl - Adding QuerySpace : uid = <gen:9> -> org.hibernate.loader.plan.build.internal.spaces.EntityQuerySpaceImpl@25f15f50]
12:57:30.540 [main] DEBUG o.h.p.w.spi.MetamodelGraphWalker - Visiting attribute path : person.cardNum.emissionDate
12:57:30.540 [main] DEBUG o.h.p.w.spi.MetamodelGraphWalker - Visiting attribute path : person.cardNum.expirationDate
12:57:30.540 [main] DEBUG o.h.p.w.spi.MetamodelGraphWalker - Visiting attribute path : person.cardNum.person
12:57:30.540 [main] DEBUG o.h.p.w.spi.MetamodelGraphWalker - Property path deemed to be circular : person.cardNum.person
12:57:30.540 [main] DEBUG o.h.p.w.spi.MetamodelGraphWalker - Visiting attribute path : person.firstName
12:57:30.540 [main] DEBUG o.h.p.w.spi.MetamodelGraphWalker - Visiting attribute path : person.lastName
12:57:30.540 [main] DEBUG o.h.p.w.spi.MetamodelGraphWalker - Visiting attribute path : sellers
12:57:30.540 [main] DEBUG o.h.l.p.b.i.spaces.QuerySpacesImpl - Adding QuerySpace : uid = <gen:10> -> org.hibernate.loader.plan.build.internal.spaces.EntityQuerySpaceImpl@7327a447]
12:57:30.540 [main] DEBUG o.h.p.w.spi.MetamodelGraphWalker - Visiting attribute path : sellers.name
12:57:30.540 [main] DEBUG o.h.p.w.spi.MetamodelGraphWalker - Visiting attribute path : sellers.passes
12:57:30.540 [main] DEBUG o.h.l.p.b.i.spaces.QuerySpacesImpl - Adding QuerySpace : uid = <gen:11> -> org.hibernate.loader.plan.build.internal.spaces.CollectionQuerySpaceImpl@2954f6ab]
12:57:30.540 [main] DEBUG o.h.l.p.b.i.spaces.QuerySpacesImpl - Adding QuerySpace : uid = <gen:12> -> org.hibernate.loader.plan.build.internal.spaces.EntityQuerySpaceImpl@58fbd02e]
12:57:30.540 [main] DEBUG o.h.p.w.spi.MetamodelGraphWalker - Visiting attribute path : sellers.tickets
12:57:30.540 [main] DEBUG o.h.l.p.b.i.spaces.QuerySpacesImpl - Adding QuerySpace : uid = <gen:13> -> org.hibernate.loader.plan.build.internal.spaces.CollectionQuerySpaceImpl@163042ea]
12:57:30.540 [main] DEBUG o.h.l.p.b.i.spaces.QuerySpacesImpl - Adding QuerySpace : uid = <gen:14> -> org.hibernate.loader.plan.build.internal.spaces.EntityQuerySpaceImpl@11d045b4]
12:57:30.541 [main] DEBUG o.h.p.w.spi.MetamodelGraphWalker - Visiting attribute path : sellers.people
12:57:30.541 [main] DEBUG o.h.l.p.b.i.spaces.QuerySpacesImpl - Adding QuerySpace : uid = <gen:15> -> org.hibernate.loader.plan.build.internal.spaces.CollectionQuerySpaceImpl@1fbf088b]
12:57:30.541 [main] DEBUG o.h.l.p.b.i.spaces.QuerySpacesImpl - Adding QuerySpace : uid = <gen:16> -> org.hibernate.loader.plan.build.internal.spaces.EntityQuerySpaceImpl@1943c1f2]
12:57:30.541 [main] DEBUG o.h.p.w.spi.MetamodelGraphWalker - Visiting attribute path : sellers.isWorking
12:57:30.541 [main] DEBUG o.h.p.w.spi.MetamodelGraphWalker - Visiting attribute path : validity
12:57:30.541 [main] DEBUG o.h.l.p.b.i.FetchStyleLoadPlanBuildingAssociationVisitationStrategy - Building LoadPlan...
12:57:30.541 [main] DEBUG o.h.l.p.e.i.LoadQueryJoinAndFetchProcessor - processing queryspace <gen:0>
12:57:30.541 [main] DEBUG o.h.l.p.b.spi.LoadPlanTreePrinter - LoadPlan(entity=Classes.Pass)
    - Returns
       - EntityReturnImpl(entity=Classes.Pass, querySpaceUid=<gen:0>, path=Classes.Pass)
          - EntityAttributeFetchImpl(entity=Abstract.TicketSeller, querySpaceUid=<gen:1>, path=Classes.Pass.seller)
             - CollectionAttributeFetchImpl(collection=Abstract.TicketSeller.passes, querySpaceUid=<gen:2>, path=Classes.Pass.seller.passes)
                - (collection element) CollectionFetchableElementEntityGraph(entity=Classes.Pass, querySpaceUid=<gen:3>, path=Classes.Pass.seller.passes.<elements>)
             - CollectionAttributeFetchImpl(collection=Abstract.TicketSeller.tickets, querySpaceUid=<gen:4>, path=Classes.Pass.seller.tickets)
                - (collection element) CollectionFetchableElementEntityGraph(entity=Classes.Ticket, querySpaceUid=<gen:5>, path=Classes.Pass.seller.tickets.<elements>)
             - CollectionAttributeFetchImpl(collection=Classes.Shop.people, querySpaceUid=<gen:6>, path=Classes.Pass.seller.people)
                - (collection element) CollectionFetchableElementEntityGraph(entity=Classes.Person, querySpaceUid=<gen:7>, path=Classes.Pass.seller.people.<elements>)
          - EntityAttributeFetchImpl(entity=Classes.Person, querySpaceUid=<gen:8>, path=Classes.Pass.person)
             - EntityAttributeFetchImpl(entity=Classes.Card, querySpaceUid=<gen:9>, path=Classes.Pass.person.cardNum)
          - EntityAttributeFetchImpl(entity=Abstract.TicketSeller, querySpaceUid=<gen:10>, path=Classes.Pass.sellers)
             - CollectionAttributeFetchImpl(collection=Abstract.TicketSeller.passes, querySpaceUid=<gen:11>, path=Classes.Pass.sellers.passes)
                - (collection element) CollectionFetchableElementEntityGraph(entity=Classes.Pass, querySpaceUid=<gen:12>, path=Classes.Pass.sellers.passes.<elements>)
             - CollectionAttributeFetchImpl(collection=Abstract.TicketSeller.tickets, querySpaceUid=<gen:13>, path=Classes.Pass.sellers.tickets)
                - (collection element) CollectionFetchableElementEntityGraph(entity=Classes.Ticket, querySpaceUid=<gen:14>, path=Classes.Pass.sellers.tickets.<elements>)
             - CollectionAttributeFetchImpl(collection=Classes.Shop.people, querySpaceUid=<gen:15>, path=Classes.Pass.sellers.people)
                - (collection element) CollectionFetchableElementEntityGraph(entity=Classes.Person, querySpaceUid=<gen:16>, path=Classes.Pass.sellers.people.<elements>)
    - QuerySpaces
       - EntityQuerySpaceImpl(uid=<gen:0>, entity=Classes.Pass)
          - SQL table alias mapping - pass0_
          - alias suffix - 0_
          - suffixed key columns - {id2_2_0_}
          - JOIN (JoinDefinedByMetadata(seller)) : <gen:0> -> <gen:1>
             - EntityQuerySpaceImpl(uid=<gen:1>, entity=Abstract.TicketSeller)
                - SQL table alias mapping - ticketsell1_
                - alias suffix - 1_
                - suffixed key columns - {id2_3_1_}
          - JOIN (JoinDefinedByMetadata(person)) : <gen:0> -> <gen:8>
             - EntityQuerySpaceImpl(uid=<gen:8>, entity=Classes.Person)
                - SQL table alias mapping - person2_
                - alias suffix - 2_
                - suffixed key columns - {id1_1_2_}
                - JOIN (JoinDefinedByMetadata(cardNum)) : <gen:8> -> <gen:9>
                   - EntityQuerySpaceImpl(uid=<gen:9>, entity=Classes.Card)
                      - SQL table alias mapping - card3_
                      - alias suffix - 3_
                      - suffixed key columns - {id1_0_3_}
          - JOIN (JoinDefinedByMetadata(sellers)) : <gen:0> -> <gen:10>
             - EntityQuerySpaceImpl(uid=<gen:10>, entity=Abstract.TicketSeller)
                - SQL table alias mapping - ticketsell4_
                - alias suffix - 4_
                - suffixed key columns - {id2_3_4_}

12:57:30.541 [main] DEBUG o.h.loader.entity.plan.EntityLoader - Static select for entity Classes.Pass [NONE]: select pass0_.id as id2_2_0_, pass0_.seller_id as seller_i4_2_0_, pass0_.person_id as person_i5_2_0_, pass0_.sellers_id as sellers_6_2_0_, pass0_.validity as validity3_2_0_, ticketsell1_.id as id2_3_1_, ticketsell1_.seller_name as seller_n3_3_1_, ticketsell1_.isWorking as isworkin4_3_1_, ticketsell1_.type as type1_3_1_, person2_.id as id1_1_2_, person2_.birthdate as birthdat2_1_2_, person2_.cardNum_id as cardnum_5_1_2_, person2_.firstName as firstnam3_1_2_, person2_.lastName as lastname4_1_2_, card3_.id as id1_0_3_, card3_.emissionDate as emission2_0_3_, card3_.expirationDate as expirati3_0_3_, ticketsell4_.id as id2_3_4_, ticketsell4_.seller_name as seller_n3_3_4_, ticketsell4_.isWorking as isworkin4_3_4_, ticketsell4_.type as type1_3_4_ from Ticket pass0_ left outer join TicketSeller ticketsell1_ on pass0_.seller_id=ticketsell1_.id left outer join Person person2_ on pass0_.person_id=person2_.id left outer join Card card3_ on person2_.cardNum_id=card3_.id left outer join TicketSeller ticketsell4_ on pass0_.sellers_id=ticketsell4_.id where pass0_.id=? and pass0_.DTYPE='Pass'
12:57:30.541 [main] DEBUG o.h.p.entity.AbstractEntityPersister - Static SQL for entity: Classes.Shop
12:57:30.541 [main] DEBUG o.h.p.entity.AbstractEntityPersister -  Version select: select id from TicketSeller where id =?
12:57:30.541 [main] DEBUG o.h.p.entity.AbstractEntityPersister -  Snapshot select: select shop_.id, shop_.seller_name as seller_n3_3_ from TicketSeller shop_ where shop_.id=?
12:57:30.541 [main] DEBUG o.h.p.entity.AbstractEntityPersister -  Insert 0: insert into TicketSeller (seller_name, type, id) values (?, 'shop', ?)
12:57:30.541 [main] DEBUG o.h.p.entity.AbstractEntityPersister -  Update 0: update TicketSeller set seller_name=? where id=?
12:57:30.542 [main] DEBUG o.h.p.entity.AbstractEntityPersister -  Delete 0: delete from TicketSeller where id=?
12:57:30.542 [main] DEBUG o.h.l.p.b.i.spaces.QuerySpacesImpl - Adding QuerySpace : uid = <gen:0> -> org.hibernate.loader.plan.build.internal.spaces.EntityQuerySpaceImpl@d70f722]
12:57:30.542 [main] DEBUG o.h.p.w.spi.MetamodelGraphWalker - Visiting attribute path : name
12:57:30.542 [main] DEBUG o.h.p.w.spi.MetamodelGraphWalker - Visiting attribute path : passes
12:57:30.542 [main] DEBUG o.h.l.p.b.i.spaces.QuerySpacesImpl - Adding QuerySpace : uid = <gen:1> -> org.hibernate.loader.plan.build.internal.spaces.CollectionQuerySpaceImpl@798256c5]
12:57:30.542 [main] DEBUG o.h.l.p.b.i.spaces.QuerySpacesImpl - Adding QuerySpace : uid = <gen:2> -> org.hibernate.loader.plan.build.internal.spaces.EntityQuerySpaceImpl@7ec95456]
12:57:30.542 [main] DEBUG o.h.p.w.spi.MetamodelGraphWalker - Visiting attribute path : tickets
12:57:30.542 [main] DEBUG o.h.l.p.b.i.spaces.QuerySpacesImpl - Adding QuerySpace : uid = <gen:3> -> org.hibernate.loader.plan.build.internal.spaces.CollectionQuerySpaceImpl@748a654a]
12:57:30.542 [main] DEBUG o.h.l.p.b.i.spaces.QuerySpacesImpl - Adding QuerySpace : uid = <gen:4> -> org.hibernate.loader.plan.build.internal.spaces.EntityQuerySpaceImpl@1d8b0500]
12:57:30.542 [main] DEBUG o.h.p.w.spi.MetamodelGraphWalker - Visiting attribute path : people
12:57:30.542 [main] DEBUG o.h.l.p.b.i.spaces.QuerySpacesImpl - Adding QuerySpace : uid = <gen:5> -> org.hibernate.loader.plan.build.internal.spaces.CollectionQuerySpaceImpl@76544c0a]
12:57:30.542 [main] DEBUG o.h.l.p.b.i.spaces.QuerySpacesImpl - Adding QuerySpace : uid = <gen:6> -> org.hibernate.loader.plan.build.internal.spaces.EntityQuerySpaceImpl@428bdd72]
12:57:30.542 [main] DEBUG o.h.l.p.b.i.FetchStyleLoadPlanBuildingAssociationVisitationStrategy - Building LoadPlan...
12:57:30.542 [main] DEBUG o.h.l.p.e.i.LoadQueryJoinAndFetchProcessor - processing queryspace <gen:0>
12:57:30.542 [main] DEBUG o.h.l.p.b.spi.LoadPlanTreePrinter - LoadPlan(entity=Classes.Shop)
    - Returns
       - EntityReturnImpl(entity=Classes.Shop, querySpaceUid=<gen:0>, path=Classes.Shop)
          - CollectionAttributeFetchImpl(collection=Abstract.TicketSeller.passes, querySpaceUid=<gen:1>, path=Classes.Shop.passes)
             - (collection element) CollectionFetchableElementEntityGraph(entity=Classes.Pass, querySpaceUid=<gen:2>, path=Classes.Shop.passes.<elements>)
          - CollectionAttributeFetchImpl(collection=Abstract.TicketSeller.tickets, querySpaceUid=<gen:3>, path=Classes.Shop.tickets)
             - (collection element) CollectionFetchableElementEntityGraph(entity=Classes.Ticket, querySpaceUid=<gen:4>, path=Classes.Shop.tickets.<elements>)
          - CollectionAttributeFetchImpl(collection=Classes.Shop.people, querySpaceUid=<gen:5>, path=Classes.Shop.people)
             - (collection element) CollectionFetchableElementEntityGraph(entity=Classes.Person, querySpaceUid=<gen:6>, path=Classes.Shop.people.<elements>)
    - QuerySpaces
       - EntityQuerySpaceImpl(uid=<gen:0>, entity=Classes.Shop)
          - SQL table alias mapping - shop0_
          - alias suffix - 0_
          - suffixed key columns - {id2_3_0_}

12:57:30.542 [main] DEBUG o.h.loader.entity.plan.EntityLoader - Static select for entity Classes.Shop [NONE]: select shop0_.id as id2_3_0_, shop0_.seller_name as seller_n3_3_0_ from TicketSeller shop0_ where shop0_.id=? and shop0_.type='shop'
12:57:30.542 [main] DEBUG o.h.p.entity.AbstractEntityPersister - Static SQL for entity: Classes.Ticket
12:57:30.542 [main] DEBUG o.h.p.entity.AbstractEntityPersister -  Version select: select id from Ticket where id =?
12:57:30.542 [main] DEBUG o.h.p.entity.AbstractEntityPersister -  Snapshot select: select ticket_.id, ticket_.seller_id as seller_i4_2_ from Ticket ticket_ where ticket_.id=?
12:57:30.542 [main] DEBUG o.h.p.entity.AbstractEntityPersister -  Insert 0: insert into Ticket (seller_id, DTYPE, id) values (?, 'Ticket', ?)
12:57:30.542 [main] DEBUG o.h.p.entity.AbstractEntityPersister -  Update 0: update Ticket set seller_id=? where id=?
12:57:30.542 [main] DEBUG o.h.p.entity.AbstractEntityPersister -  Delete 0: delete from Ticket where id=?
12:57:30.542 [main] DEBUG o.h.p.entity.AbstractEntityPersister -  Identity insert: insert into Ticket (seller_id, DTYPE) values (?, 'Ticket')
12:57:30.542 [main] DEBUG o.h.l.p.b.i.spaces.QuerySpacesImpl - Adding QuerySpace : uid = <gen:0> -> org.hibernate.loader.plan.build.internal.spaces.EntityQuerySpaceImpl@650c405c]
12:57:30.542 [main] DEBUG o.h.p.w.spi.MetamodelGraphWalker - Visiting attribute path : seller
12:57:30.542 [main] DEBUG o.h.l.p.b.i.spaces.QuerySpacesImpl - Adding QuerySpace : uid = <gen:1> -> org.hibernate.loader.plan.build.internal.spaces.EntityQuerySpaceImpl@748ac6f3]
12:57:30.542 [main] DEBUG o.h.p.w.spi.MetamodelGraphWalker - Visiting attribute path : seller.name
12:57:30.542 [main] DEBUG o.h.p.w.spi.MetamodelGraphWalker - Visiting attribute path : seller.passes
12:57:30.542 [main] DEBUG o.h.l.p.b.i.spaces.QuerySpacesImpl - Adding QuerySpace : uid = <gen:2> -> org.hibernate.loader.plan.build.internal.spaces.CollectionQuerySpaceImpl@6fff46bf]
12:57:30.543 [main] DEBUG o.h.l.p.b.i.spaces.QuerySpacesImpl - Adding QuerySpace : uid = <gen:3> -> org.hibernate.loader.plan.build.internal.spaces.EntityQuerySpaceImpl@1835dc92]
12:57:30.543 [main] DEBUG o.h.p.w.spi.MetamodelGraphWalker - Visiting attribute path : seller.tickets
12:57:30.543 [main] DEBUG o.h.l.p.b.i.spaces.QuerySpacesImpl - Adding QuerySpace : uid = <gen:4> -> org.hibernate.loader.plan.build.internal.spaces.CollectionQuerySpaceImpl@3aaa3c39]
12:57:30.543 [main] DEBUG o.h.l.p.b.i.spaces.QuerySpacesImpl - Adding QuerySpace : uid = <gen:5> -> org.hibernate.loader.plan.build.internal.spaces.EntityQuerySpaceImpl@65a9ea3c]
12:57:30.543 [main] DEBUG o.h.p.w.spi.MetamodelGraphWalker - Visiting attribute path : seller.people
12:57:30.543 [main] DEBUG o.h.l.p.b.i.spaces.QuerySpacesImpl - Adding QuerySpace : uid = <gen:6> -> org.hibernate.loader.plan.build.internal.spaces.CollectionQuerySpaceImpl@70f68288]
12:57:30.543 [main] DEBUG o.h.l.p.b.i.spaces.QuerySpacesImpl - Adding QuerySpace : uid = <gen:7> -> org.hibernate.loader.plan.build.internal.spaces.EntityQuerySpaceImpl@46911148]
12:57:30.543 [main] DEBUG o.h.p.w.spi.MetamodelGraphWalker - Visiting attribute path : seller.isWorking
12:57:30.543 [main] DEBUG o.h.p.w.spi.MetamodelGraphWalker - Visiting attribute path : person
12:57:30.543 [main] DEBUG o.h.l.p.b.i.spaces.QuerySpacesImpl - Adding QuerySpace : uid = <gen:8> -> org.hibernate.loader.plan.build.internal.spaces.EntityQuerySpaceImpl@2db1b657]
12:57:30.543 [main] DEBUG o.h.p.w.spi.MetamodelGraphWalker - Visiting attribute path : person.birthdate
12:57:30.543 [main] DEBUG o.h.p.w.spi.MetamodelGraphWalker - Visiting attribute path : person.cardNum
12:57:30.543 [main] DEBUG o.h.l.p.b.i.spaces.QuerySpacesImpl - Adding QuerySpace : uid = <gen:9> -> org.hibernate.loader.plan.build.internal.spaces.EntityQuerySpaceImpl@43c57161]
12:57:30.543 [main] DEBUG o.h.p.w.spi.MetamodelGraphWalker - Visiting attribute path : person.cardNum.emissionDate
12:57:30.543 [main] DEBUG o.h.p.w.spi.MetamodelGraphWalker - Visiting attribute path : person.cardNum.expirationDate
12:57:30.543 [main] DEBUG o.h.p.w.spi.MetamodelGraphWalker - Visiting attribute path : person.cardNum.person
12:57:30.543 [main] DEBUG o.h.p.w.spi.MetamodelGraphWalker - Property path deemed to be circular : person.cardNum.person
12:57:30.543 [main] DEBUG o.h.p.w.spi.MetamodelGraphWalker - Visiting attribute path : person.firstName
12:57:30.543 [main] DEBUG o.h.p.w.spi.MetamodelGraphWalker - Visiting attribute path : person.lastName
12:57:30.543 [main] DEBUG o.h.p.w.spi.MetamodelGraphWalker - Visiting attribute path : sellers
12:57:30.543 [main] DEBUG o.h.l.p.b.i.spaces.QuerySpacesImpl - Adding QuerySpace : uid = <gen:10> -> org.hibernate.loader.plan.build.internal.spaces.EntityQuerySpaceImpl@2db33feb]
12:57:30.543 [main] DEBUG o.h.p.w.spi.MetamodelGraphWalker - Visiting attribute path : sellers.name
12:57:30.543 [main] DEBUG o.h.p.w.spi.MetamodelGraphWalker - Visiting attribute path : sellers.passes
12:57:30.543 [main] DEBUG o.h.l.p.b.i.spaces.QuerySpacesImpl - Adding QuerySpace : uid = <gen:11> -> org.hibernate.loader.plan.build.internal.spaces.CollectionQuerySpaceImpl@58658f63]
12:57:30.543 [main] DEBUG o.h.l.p.b.i.spaces.QuerySpacesImpl - Adding QuerySpace : uid = <gen:12> -> org.hibernate.loader.plan.build.internal.spaces.EntityQuerySpaceImpl@54e12f4c]
12:57:30.543 [main] DEBUG o.h.p.w.spi.MetamodelGraphWalker - Visiting attribute path : sellers.tickets
12:57:30.543 [main] DEBUG o.h.l.p.b.i.spaces.QuerySpacesImpl - Adding QuerySpace : uid = <gen:13> -> org.hibernate.loader.plan.build.internal.spaces.CollectionQuerySpaceImpl@60990e5c]
12:57:30.543 [main] DEBUG o.h.l.p.b.i.spaces.QuerySpacesImpl - Adding QuerySpace : uid = <gen:14> -> org.hibernate.loader.plan.build.internal.spaces.EntityQuerySpaceImpl@4d84049a]
12:57:30.543 [main] DEBUG o.h.p.w.spi.MetamodelGraphWalker - Visiting attribute path : sellers.people
12:57:30.543 [main] DEBUG o.h.l.p.b.i.spaces.QuerySpacesImpl - Adding QuerySpace : uid = <gen:15> -> org.hibernate.loader.plan.build.internal.spaces.CollectionQuerySpaceImpl@39ee94de]
12:57:30.543 [main] DEBUG o.h.l.p.b.i.spaces.QuerySpacesImpl - Adding QuerySpace : uid = <gen:16> -> org.hibernate.loader.plan.build.internal.spaces.EntityQuerySpaceImpl@642857e0]
12:57:30.543 [main] DEBUG o.h.p.w.spi.MetamodelGraphWalker - Visiting attribute path : sellers.isWorking
12:57:30.543 [main] DEBUG o.h.p.w.spi.MetamodelGraphWalker - Visiting attribute path : validity
12:57:30.543 [main] DEBUG o.h.l.p.b.i.FetchStyleLoadPlanBuildingAssociationVisitationStrategy - Building LoadPlan...
12:57:30.543 [main] DEBUG o.h.l.p.e.i.LoadQueryJoinAndFetchProcessor - processing queryspace <gen:0>
12:57:30.544 [main] DEBUG o.h.l.p.b.spi.LoadPlanTreePrinter - LoadPlan(entity=Classes.Ticket)
    - Returns
       - EntityReturnImpl(entity=Classes.Ticket, querySpaceUid=<gen:0>, path=Classes.Ticket)
          - EntityAttributeFetchImpl(entity=Abstract.TicketSeller, querySpaceUid=<gen:1>, path=Classes.Ticket.seller)
             - CollectionAttributeFetchImpl(collection=Abstract.TicketSeller.passes, querySpaceUid=<gen:2>, path=Classes.Ticket.seller.passes)
                - (collection element) CollectionFetchableElementEntityGraph(entity=Classes.Pass, querySpaceUid=<gen:3>, path=Classes.Ticket.seller.passes.<elements>)
             - CollectionAttributeFetchImpl(collection=Abstract.TicketSeller.tickets, querySpaceUid=<gen:4>, path=Classes.Ticket.seller.tickets)
                - (collection element) CollectionFetchableElementEntityGraph(entity=Classes.Ticket, querySpaceUid=<gen:5>, path=Classes.Ticket.seller.tickets.<elements>)
             - CollectionAttributeFetchImpl(collection=Classes.Shop.people, querySpaceUid=<gen:6>, path=Classes.Ticket.seller.people)
                - (collection element) CollectionFetchableElementEntityGraph(entity=Classes.Person, querySpaceUid=<gen:7>, path=Classes.Ticket.seller.people.<elements>)
          - EntityAttributeFetchImpl(entity=Classes.Person, querySpaceUid=<gen:8>, path=Classes.Ticket.person)
             - EntityAttributeFetchImpl(entity=Classes.Card, querySpaceUid=<gen:9>, path=Classes.Ticket.person.cardNum)
          - EntityAttributeFetchImpl(entity=Abstract.TicketSeller, querySpaceUid=<gen:10>, path=Classes.Ticket.sellers)
             - CollectionAttributeFetchImpl(collection=Abstract.TicketSeller.passes, querySpaceUid=<gen:11>, path=Classes.Ticket.sellers.passes)
                - (collection element) CollectionFetchableElementEntityGraph(entity=Classes.Pass, querySpaceUid=<gen:12>, path=Classes.Ticket.sellers.passes.<elements>)
             - CollectionAttributeFetchImpl(collection=Abstract.TicketSeller.tickets, querySpaceUid=<gen:13>, path=Classes.Ticket.sellers.tickets)
                - (collection element) CollectionFetchableElementEntityGraph(entity=Classes.Ticket, querySpaceUid=<gen:14>, path=Classes.Ticket.sellers.tickets.<elements>)
             - CollectionAttributeFetchImpl(collection=Classes.Shop.people, querySpaceUid=<gen:15>, path=Classes.Ticket.sellers.people)
                - (collection element) CollectionFetchableElementEntityGraph(entity=Classes.Person, querySpaceUid=<gen:16>, path=Classes.Ticket.sellers.people.<elements>)
    - QuerySpaces
       - EntityQuerySpaceImpl(uid=<gen:0>, entity=Classes.Ticket)
          - SQL table alias mapping - ticket0_
          - alias suffix - 0_
          - suffixed key columns - {id2_2_0_}
          - JOIN (JoinDefinedByMetadata(seller)) : <gen:0> -> <gen:1>
             - EntityQuerySpaceImpl(uid=<gen:1>, entity=Abstract.TicketSeller)
                - SQL table alias mapping - ticketsell1_
                - alias suffix - 1_
                - suffixed key columns - {id2_3_1_}
          - JOIN (JoinDefinedByMetadata(person)) : <gen:0> -> <gen:8>
             - EntityQuerySpaceImpl(uid=<gen:8>, entity=Classes.Person)
                - SQL table alias mapping - person2_
                - alias suffix - 2_
                - suffixed key columns - {id1_1_2_}
                - JOIN (JoinDefinedByMetadata(cardNum)) : <gen:8> -> <gen:9>
                   - EntityQuerySpaceImpl(uid=<gen:9>, entity=Classes.Card)
                      - SQL table alias mapping - card3_
                      - alias suffix - 3_
                      - suffixed key columns - {id1_0_3_}
          - JOIN (JoinDefinedByMetadata(sellers)) : <gen:0> -> <gen:10>
             - EntityQuerySpaceImpl(uid=<gen:10>, entity=Abstract.TicketSeller)
                - SQL table alias mapping - ticketsell4_
                - alias suffix - 4_
                - suffixed key columns - {id2_3_4_}

12:57:30.544 [main] DEBUG o.h.loader.entity.plan.EntityLoader - Static select for entity Classes.Ticket [NONE]: select ticket0_.id as id2_2_0_, ticket0_.seller_id as seller_i4_2_0_, ticket0_.person_id as person_i5_2_0_, ticket0_.sellers_id as sellers_6_2_0_, ticket0_.validity as validity3_2_0_, ticket0_.DTYPE as dtype1_2_0_, ticketsell1_.id as id2_3_1_, ticketsell1_.seller_name as seller_n3_3_1_, ticketsell1_.isWorking as isworkin4_3_1_, ticketsell1_.type as type1_3_1_, person2_.id as id1_1_2_, person2_.birthdate as birthdat2_1_2_, person2_.cardNum_id as cardnum_5_1_2_, person2_.firstName as firstnam3_1_2_, person2_.lastName as lastname4_1_2_, card3_.id as id1_0_3_, card3_.emissionDate as emission2_0_3_, card3_.expirationDate as expirati3_0_3_, ticketsell4_.id as id2_3_4_, ticketsell4_.seller_name as seller_n3_3_4_, ticketsell4_.isWorking as isworkin4_3_4_, ticketsell4_.type as type1_3_4_ from Ticket ticket0_ left outer join TicketSeller ticketsell1_ on ticket0_.seller_id=ticketsell1_.id left outer join Person person2_ on ticket0_.person_id=person2_.id left outer join Card card3_ on person2_.cardNum_id=card3_.id left outer join TicketSeller ticketsell4_ on ticket0_.sellers_id=ticketsell4_.id where ticket0_.id=?
12:57:30.544 [main] DEBUG o.h.p.entity.AbstractEntityPersister - Static SQL for entity: Classes.VendingMachine
12:57:30.544 [main] DEBUG o.h.p.entity.AbstractEntityPersister -  Version select: select id from TicketSeller where id =?
12:57:30.544 [main] DEBUG o.h.p.entity.AbstractEntityPersister -  Snapshot select: select vendingmac_.id, vendingmac_.seller_name as seller_n3_3_, vendingmac_.isWorking as isworkin4_3_ from TicketSeller vendingmac_ where vendingmac_.id=?
12:57:30.544 [main] DEBUG o.h.p.entity.AbstractEntityPersister -  Insert 0: insert into TicketSeller (seller_name, isWorking, type, id) values (?, ?, 'vending_machine', ?)
12:57:30.544 [main] DEBUG o.h.p.entity.AbstractEntityPersister -  Update 0: update TicketSeller set seller_name=?, isWorking=? where id=?
12:57:30.544 [main] DEBUG o.h.p.entity.AbstractEntityPersister -  Delete 0: delete from TicketSeller where id=?
12:57:30.544 [main] DEBUG o.h.l.p.b.i.spaces.QuerySpacesImpl - Adding QuerySpace : uid = <gen:0> -> org.hibernate.loader.plan.build.internal.spaces.EntityQuerySpaceImpl@4c6b4ed7]
12:57:30.544 [main] DEBUG o.h.p.w.spi.MetamodelGraphWalker - Visiting attribute path : name
12:57:30.544 [main] DEBUG o.h.p.w.spi.MetamodelGraphWalker - Visiting attribute path : passes
12:57:30.544 [main] DEBUG o.h.l.p.b.i.spaces.QuerySpacesImpl - Adding QuerySpace : uid = <gen:1> -> org.hibernate.loader.plan.build.internal.spaces.CollectionQuerySpaceImpl@6ca30b8a]
12:57:30.544 [main] DEBUG o.h.l.p.b.i.spaces.QuerySpacesImpl - Adding QuerySpace : uid = <gen:2> -> org.hibernate.loader.plan.build.internal.spaces.EntityQuerySpaceImpl@4a92c6a9]
12:57:30.544 [main] DEBUG o.h.p.w.spi.MetamodelGraphWalker - Visiting attribute path : tickets
12:57:30.544 [main] DEBUG o.h.l.p.b.i.spaces.QuerySpacesImpl - Adding QuerySpace : uid = <gen:3> -> org.hibernate.loader.plan.build.internal.spaces.CollectionQuerySpaceImpl@5c9934da]
12:57:30.544 [main] DEBUG o.h.l.p.b.i.spaces.QuerySpacesImpl - Adding QuerySpace : uid = <gen:4> -> org.hibernate.loader.plan.build.internal.spaces.EntityQuerySpaceImpl@4cb702ce]
12:57:30.544 [main] DEBUG o.h.p.w.spi.MetamodelGraphWalker - Visiting attribute path : isWorking
12:57:30.544 [main] DEBUG o.h.l.p.b.i.FetchStyleLoadPlanBuildingAssociationVisitationStrategy - Building LoadPlan...
12:57:30.544 [main] DEBUG o.h.l.p.e.i.LoadQueryJoinAndFetchProcessor - processing queryspace <gen:0>
12:57:30.544 [main] DEBUG o.h.l.p.b.spi.LoadPlanTreePrinter - LoadPlan(entity=Classes.VendingMachine)
    - Returns
       - EntityReturnImpl(entity=Classes.VendingMachine, querySpaceUid=<gen:0>, path=Classes.VendingMachine)
          - CollectionAttributeFetchImpl(collection=Abstract.TicketSeller.passes, querySpaceUid=<gen:1>, path=Classes.VendingMachine.passes)
             - (collection element) CollectionFetchableElementEntityGraph(entity=Classes.Pass, querySpaceUid=<gen:2>, path=Classes.VendingMachine.passes.<elements>)
          - CollectionAttributeFetchImpl(collection=Abstract.TicketSeller.tickets, querySpaceUid=<gen:3>, path=Classes.VendingMachine.tickets)
             - (collection element) CollectionFetchableElementEntityGraph(entity=Classes.Ticket, querySpaceUid=<gen:4>, path=Classes.VendingMachine.tickets.<elements>)
    - QuerySpaces
       - EntityQuerySpaceImpl(uid=<gen:0>, entity=Classes.VendingMachine)
          - SQL table alias mapping - vendingmac0_
          - alias suffix - 0_
          - suffixed key columns - {id2_3_0_}

12:57:30.544 [main] DEBUG o.h.loader.entity.plan.EntityLoader - Static select for entity Classes.VendingMachine [NONE]: select vendingmac0_.id as id2_3_0_, vendingmac0_.seller_name as seller_n3_3_0_, vendingmac0_.isWorking as isworkin4_3_0_ from TicketSeller vendingmac0_ where vendingmac0_.id=? and vendingmac0_.type='vending_machine'
12:57:30.546 [main] DEBUG o.h.l.p.b.i.spaces.QuerySpacesImpl - Adding QuerySpace : uid = <gen:0> -> org.hibernate.loader.plan.build.internal.spaces.CollectionQuerySpaceImpl@3e1fd62b]
12:57:30.546 [main] DEBUG o.h.l.p.b.i.spaces.QuerySpacesImpl - Adding QuerySpace : uid = <gen:1> -> org.hibernate.loader.plan.build.internal.spaces.EntityQuerySpaceImpl@7112ce6]
12:57:30.547 [main] DEBUG o.h.p.w.spi.MetamodelGraphWalker - Visiting attribute path : seller
12:57:30.547 [main] DEBUG o.h.l.p.b.i.spaces.QuerySpacesImpl - Adding QuerySpace : uid = <gen:2> -> org.hibernate.loader.plan.build.internal.spaces.EntityQuerySpaceImpl@3b55dd15]
12:57:30.547 [main] DEBUG o.h.p.w.spi.MetamodelGraphWalker - Visiting attribute path : seller.name
12:57:30.547 [main] DEBUG o.h.p.w.spi.MetamodelGraphWalker - Visiting attribute path : seller.passes
12:57:30.547 [main] DEBUG o.h.p.w.spi.MetamodelGraphWalker - Property path deemed to be circular : seller.passes
12:57:30.547 [main] DEBUG o.h.p.w.spi.MetamodelGraphWalker - Visiting attribute path : seller.tickets
12:57:30.547 [main] DEBUG o.h.p.w.spi.MetamodelGraphWalker - Property path deemed to be circular : seller.tickets
12:57:30.547 [main] DEBUG o.h.p.w.spi.MetamodelGraphWalker - Visiting attribute path : seller.people
12:57:30.547 [main] DEBUG o.h.l.p.b.i.spaces.QuerySpacesImpl - Adding QuerySpace : uid = <gen:3> -> org.hibernate.loader.plan.build.internal.spaces.CollectionQuerySpaceImpl@3ba3d4b6]
12:57:30.547 [main] DEBUG o.h.l.p.b.i.spaces.QuerySpacesImpl - Adding QuerySpace : uid = <gen:4> -> org.hibernate.loader.plan.build.internal.spaces.EntityQuerySpaceImpl@51b77cdf]
12:57:30.547 [main] DEBUG o.h.p.w.spi.MetamodelGraphWalker - Visiting attribute path : seller.isWorking
12:57:30.547 [main] DEBUG o.h.p.w.spi.MetamodelGraphWalker - Visiting attribute path : person
12:57:30.547 [main] DEBUG o.h.l.p.b.i.spaces.QuerySpacesImpl - Adding QuerySpace : uid = <gen:5> -> org.hibernate.loader.plan.build.internal.spaces.EntityQuerySpaceImpl@441fbe89]
12:57:30.547 [main] DEBUG o.h.p.w.spi.MetamodelGraphWalker - Visiting attribute path : person.birthdate
12:57:30.547 [main] DEBUG o.h.p.w.spi.MetamodelGraphWalker - Visiting attribute path : person.cardNum
12:57:30.547 [main] DEBUG o.h.l.p.b.i.spaces.QuerySpacesImpl - Adding QuerySpace : uid = <gen:6> -> org.hibernate.loader.plan.build.internal.spaces.EntityQuerySpaceImpl@45ab3bdd]
12:57:30.547 [main] DEBUG o.h.p.w.spi.MetamodelGraphWalker - Visiting attribute path : person.cardNum.emissionDate
12:57:30.547 [main] DEBUG o.h.p.w.spi.MetamodelGraphWalker - Visiting attribute path : person.cardNum.expirationDate
12:57:30.547 [main] DEBUG o.h.p.w.spi.MetamodelGraphWalker - Visiting attribute path : person.cardNum.person
12:57:30.547 [main] DEBUG o.h.p.w.spi.MetamodelGraphWalker - Property path deemed to be circular : person.cardNum.person
12:57:30.547 [main] DEBUG o.h.p.w.spi.MetamodelGraphWalker - Visiting attribute path : person.firstName
12:57:30.547 [main] DEBUG o.h.p.w.spi.MetamodelGraphWalker - Visiting attribute path : person.lastName
12:57:30.547 [main] DEBUG o.h.p.w.spi.MetamodelGraphWalker - Visiting attribute path : sellers
12:57:30.547 [main] DEBUG o.h.l.p.b.i.spaces.QuerySpacesImpl - Adding QuerySpace : uid = <gen:7> -> org.hibernate.loader.plan.build.internal.spaces.EntityQuerySpaceImpl@1642eeae]
12:57:30.547 [main] DEBUG o.h.p.w.spi.MetamodelGraphWalker - Visiting attribute path : sellers.name
12:57:30.548 [main] DEBUG o.h.p.w.spi.MetamodelGraphWalker - Visiting attribute path : sellers.passes
12:57:30.548 [main] DEBUG o.h.p.w.spi.MetamodelGraphWalker - Property path deemed to be circular : sellers.passes
12:57:30.548 [main] DEBUG o.h.p.w.spi.MetamodelGraphWalker - Visiting attribute path : sellers.tickets
12:57:30.548 [main] DEBUG o.h.p.w.spi.MetamodelGraphWalker - Property path deemed to be circular : sellers.tickets
12:57:30.548 [main] DEBUG o.h.p.w.spi.MetamodelGraphWalker - Visiting attribute path : sellers.people
12:57:30.548 [main] DEBUG o.h.l.p.b.i.spaces.QuerySpacesImpl - Adding QuerySpace : uid = <gen:8> -> org.hibernate.loader.plan.build.internal.spaces.CollectionQuerySpaceImpl@28a9494b]
12:57:30.548 [main] DEBUG o.h.l.p.b.i.spaces.QuerySpacesImpl - Adding QuerySpace : uid = <gen:9> -> org.hibernate.loader.plan.build.internal.spaces.EntityQuerySpaceImpl@a09303]
12:57:30.548 [main] DEBUG o.h.p.w.spi.MetamodelGraphWalker - Visiting attribute path : sellers.isWorking
12:57:30.548 [main] DEBUG o.h.p.w.spi.MetamodelGraphWalker - Visiting attribute path : validity
12:57:30.548 [main] DEBUG o.h.l.p.b.i.FetchStyleLoadPlanBuildingAssociationVisitationStrategy - Building LoadPlan...
12:57:30.549 [main] DEBUG o.h.l.p.e.i.LoadQueryJoinAndFetchProcessor - processing queryspace <gen:0>
12:57:30.550 [main] DEBUG o.h.l.p.b.spi.LoadPlanTreePrinter - LoadPlan(collection=Abstract.TicketSeller.tickets)
    - Returns
       - CollectionReturnImpl(collection=Abstract.TicketSeller.tickets, querySpaceUid=<gen:0>, path=[Abstract.TicketSeller.tickets])
          - (collection element) CollectionFetchableElementEntityGraph(entity=Classes.Ticket, querySpaceUid=<gen:1>, path=[Abstract.TicketSeller.tickets].<elements>)
             - EntityAttributeFetchImpl(entity=Abstract.TicketSeller, querySpaceUid=<gen:2>, path=[Abstract.TicketSeller.tickets].<elements>.seller)
                - CollectionAttributeFetchImpl(collection=Classes.Shop.people, querySpaceUid=<gen:3>, path=[Abstract.TicketSeller.tickets].<elements>.seller.people)
                   - (collection element) CollectionFetchableElementEntityGraph(entity=Classes.Person, querySpaceUid=<gen:4>, path=[Abstract.TicketSeller.tickets].<elements>.seller.people.<elements>)
             - EntityAttributeFetchImpl(entity=Classes.Person, querySpaceUid=<gen:5>, path=[Abstract.TicketSeller.tickets].<elements>.person)
                - EntityAttributeFetchImpl(entity=Classes.Card, querySpaceUid=<gen:6>, path=[Abstract.TicketSeller.tickets].<elements>.person.cardNum)
             - EntityAttributeFetchImpl(entity=Abstract.TicketSeller, querySpaceUid=<gen:7>, path=[Abstract.TicketSeller.tickets].<elements>.sellers)
                - CollectionAttributeFetchImpl(collection=Classes.Shop.people, querySpaceUid=<gen:8>, path=[Abstract.TicketSeller.tickets].<elements>.sellers.people)
                   - (collection element) CollectionFetchableElementEntityGraph(entity=Classes.Person, querySpaceUid=<gen:9>, path=[Abstract.TicketSeller.tickets].<elements>.sellers.people.<elements>)
    - QuerySpaces
       - CollectionQuerySpaceImpl(uid=<gen:0>, collection=Abstract.TicketSeller.tickets)
          - SQL table alias mapping - tickets0_
          - alias suffix - 0_
          - suffixed key columns - {ticketse1_5_0_}
          - entity-element alias suffix - 1_
          - 1_entity-element suffixed key columns - id2_2_1_
          - JOIN (JoinDefinedByMetadata(elements)) : <gen:0> -> <gen:1>
             - EntityQuerySpaceImpl(uid=<gen:1>, entity=Classes.Ticket)
                - SQL table alias mapping - ticket1_
                - alias suffix - 1_
                - suffixed key columns - {id2_2_1_}
                - JOIN (JoinDefinedByMetadata(seller)) : <gen:1> -> <gen:2>
                   - EntityQuerySpaceImpl(uid=<gen:2>, entity=Abstract.TicketSeller)
                      - SQL table alias mapping - ticketsell2_
                      - alias suffix - 2_
                      - suffixed key columns - {id2_3_2_}
                - JOIN (JoinDefinedByMetadata(person)) : <gen:1> -> <gen:5>
                   - EntityQuerySpaceImpl(uid=<gen:5>, entity=Classes.Person)
                      - SQL table alias mapping - person3_
                      - alias suffix - 3_
                      - suffixed key columns - {id1_1_3_}
                      - JOIN (JoinDefinedByMetadata(cardNum)) : <gen:5> -> <gen:6>
                         - EntityQuerySpaceImpl(uid=<gen:6>, entity=Classes.Card)
                            - SQL table alias mapping - card4_
                            - alias suffix - 4_
                            - suffixed key columns - {id1_0_4_}
                - JOIN (JoinDefinedByMetadata(sellers)) : <gen:1> -> <gen:7>
                   - EntityQuerySpaceImpl(uid=<gen:7>, entity=Abstract.TicketSeller)
                      - SQL table alias mapping - ticketsell5_
                      - alias suffix - 5_
                      - suffixed key columns - {id2_3_5_}

12:57:30.550 [main] DEBUG o.h.l.c.plan.CollectionLoader - Static select for collection Abstract.TicketSeller.tickets: select tickets0_.TicketSeller_id as ticketse1_5_0_, tickets0_.tickets_id as tickets_2_5_0_, ticket1_.id as id2_2_1_, ticket1_.seller_id as seller_i4_2_1_, ticket1_.person_id as person_i5_2_1_, ticket1_.sellers_id as sellers_6_2_1_, ticket1_.validity as validity3_2_1_, ticket1_.DTYPE as dtype1_2_1_, ticketsell2_.id as id2_3_2_, ticketsell2_.seller_name as seller_n3_3_2_, ticketsell2_.isWorking as isworkin4_3_2_, ticketsell2_.type as type1_3_2_, person3_.id as id1_1_3_, person3_.birthdate as birthdat2_1_3_, person3_.cardNum_id as cardnum_5_1_3_, person3_.firstName as firstnam3_1_3_, person3_.lastName as lastname4_1_3_, card4_.id as id1_0_4_, card4_.emissionDate as emission2_0_4_, card4_.expirationDate as expirati3_0_4_, ticketsell5_.id as id2_3_5_, ticketsell5_.seller_name as seller_n3_3_5_, ticketsell5_.isWorking as isworkin4_3_5_, ticketsell5_.type as type1_3_5_ from TicketSeller_Ticket tickets0_ inner join Ticket ticket1_ on tickets0_.tickets_id=ticket1_.id left outer join TicketSeller ticketsell2_ on ticket1_.seller_id=ticketsell2_.id left outer join Person person3_ on ticket1_.person_id=person3_.id left outer join Card card4_ on person3_.cardNum_id=card4_.id left outer join TicketSeller ticketsell5_ on ticket1_.sellers_id=ticketsell5_.id where tickets0_.TicketSeller_id=?
12:57:30.550 [main] DEBUG o.h.l.p.b.i.spaces.QuerySpacesImpl - Adding QuerySpace : uid = <gen:0> -> org.hibernate.loader.plan.build.internal.spaces.CollectionQuerySpaceImpl@7a9eccc4]
12:57:30.550 [main] DEBUG o.h.l.p.b.i.spaces.QuerySpacesImpl - Adding QuerySpace : uid = <gen:1> -> org.hibernate.loader.plan.build.internal.spaces.EntityQuerySpaceImpl@78422efb]
12:57:30.550 [main] DEBUG o.h.p.w.spi.MetamodelGraphWalker - Visiting attribute path : seller
12:57:30.550 [main] DEBUG o.h.l.p.b.i.spaces.QuerySpacesImpl - Adding QuerySpace : uid = <gen:2> -> org.hibernate.loader.plan.build.internal.spaces.EntityQuerySpaceImpl@64942607]
12:57:30.550 [main] DEBUG o.h.p.w.spi.MetamodelGraphWalker - Visiting attribute path : seller.name
12:57:30.550 [main] DEBUG o.h.p.w.spi.MetamodelGraphWalker - Visiting attribute path : seller.passes
12:57:30.550 [main] DEBUG o.h.p.w.spi.MetamodelGraphWalker - Property path deemed to be circular : seller.passes
12:57:30.550 [main] DEBUG o.h.p.w.spi.MetamodelGraphWalker - Visiting attribute path : seller.tickets
12:57:30.551 [main] DEBUG o.h.p.w.spi.MetamodelGraphWalker - Property path deemed to be circular : seller.tickets
12:57:30.551 [main] DEBUG o.h.p.w.spi.MetamodelGraphWalker - Visiting attribute path : seller.people
12:57:30.551 [main] DEBUG o.h.l.p.b.i.spaces.QuerySpacesImpl - Adding QuerySpace : uid = <gen:3> -> org.hibernate.loader.plan.build.internal.spaces.CollectionQuerySpaceImpl@7cfac39f]
12:57:30.551 [main] DEBUG o.h.l.p.b.i.spaces.QuerySpacesImpl - Adding QuerySpace : uid = <gen:4> -> org.hibernate.loader.plan.build.internal.spaces.EntityQuerySpaceImpl@158ae284]
12:57:30.551 [main] DEBUG o.h.p.w.spi.MetamodelGraphWalker - Visiting attribute path : seller.isWorking
12:57:30.551 [main] DEBUG o.h.p.w.spi.MetamodelGraphWalker - Visiting attribute path : person
12:57:30.551 [main] DEBUG o.h.l.p.b.i.spaces.QuerySpacesImpl - Adding QuerySpace : uid = <gen:5> -> org.hibernate.loader.plan.build.internal.spaces.EntityQuerySpaceImpl@50eb4a2c]
12:57:30.551 [main] DEBUG o.h.p.w.spi.MetamodelGraphWalker - Visiting attribute path : person.birthdate
12:57:30.551 [main] DEBUG o.h.p.w.spi.MetamodelGraphWalker - Visiting attribute path : person.cardNum
12:57:30.551 [main] DEBUG o.h.l.p.b.i.spaces.QuerySpacesImpl - Adding QuerySpace : uid = <gen:6> -> org.hibernate.loader.plan.build.internal.spaces.EntityQuerySpaceImpl@3069a360]
12:57:30.551 [main] DEBUG o.h.p.w.spi.MetamodelGraphWalker - Visiting attribute path : person.cardNum.emissionDate
12:57:30.551 [main] DEBUG o.h.p.w.spi.MetamodelGraphWalker - Visiting attribute path : person.cardNum.expirationDate
12:57:30.551 [main] DEBUG o.h.p.w.spi.MetamodelGraphWalker - Visiting attribute path : person.cardNum.person
12:57:30.551 [main] DEBUG o.h.p.w.spi.MetamodelGraphWalker - Property path deemed to be circular : person.cardNum.person
12:57:30.551 [main] DEBUG o.h.p.w.spi.MetamodelGraphWalker - Visiting attribute path : person.firstName
12:57:30.551 [main] DEBUG o.h.p.w.spi.MetamodelGraphWalker - Visiting attribute path : person.lastName
12:57:30.551 [main] DEBUG o.h.p.w.spi.MetamodelGraphWalker - Visiting attribute path : sellers
12:57:30.551 [main] DEBUG o.h.l.p.b.i.spaces.QuerySpacesImpl - Adding QuerySpace : uid = <gen:7> -> org.hibernate.loader.plan.build.internal.spaces.EntityQuerySpaceImpl@7885776b]
12:57:30.551 [main] DEBUG o.h.p.w.spi.MetamodelGraphWalker - Visiting attribute path : sellers.name
12:57:30.551 [main] DEBUG o.h.p.w.spi.MetamodelGraphWalker - Visiting attribute path : sellers.passes
12:57:30.551 [main] DEBUG o.h.p.w.spi.MetamodelGraphWalker - Property path deemed to be circular : sellers.passes
12:57:30.551 [main] DEBUG o.h.p.w.spi.MetamodelGraphWalker - Visiting attribute path : sellers.tickets
12:57:30.551 [main] DEBUG o.h.p.w.spi.MetamodelGraphWalker - Property path deemed to be circular : sellers.tickets
12:57:30.551 [main] DEBUG o.h.p.w.spi.MetamodelGraphWalker - Visiting attribute path : sellers.people
12:57:30.551 [main] DEBUG o.h.l.p.b.i.spaces.QuerySpacesImpl - Adding QuerySpace : uid = <gen:8> -> org.hibernate.loader.plan.build.internal.spaces.CollectionQuerySpaceImpl@3472947a]
12:57:30.551 [main] DEBUG o.h.l.p.b.i.spaces.QuerySpacesImpl - Adding QuerySpace : uid = <gen:9> -> org.hibernate.loader.plan.build.internal.spaces.EntityQuerySpaceImpl@69d3cf7e]
12:57:30.551 [main] DEBUG o.h.p.w.spi.MetamodelGraphWalker - Visiting attribute path : sellers.isWorking
12:57:30.551 [main] DEBUG o.h.p.w.spi.MetamodelGraphWalker - Visiting attribute path : validity
12:57:30.551 [main] DEBUG o.h.l.p.b.i.FetchStyleLoadPlanBuildingAssociationVisitationStrategy - Building LoadPlan...
12:57:30.551 [main] DEBUG o.h.l.p.e.i.LoadQueryJoinAndFetchProcessor - processing queryspace <gen:0>
12:57:30.552 [main] DEBUG o.h.l.p.b.spi.LoadPlanTreePrinter - LoadPlan(collection=Abstract.TicketSeller.passes)
    - Returns
       - CollectionReturnImpl(collection=Abstract.TicketSeller.passes, querySpaceUid=<gen:0>, path=[Abstract.TicketSeller.passes])
          - (collection element) CollectionFetchableElementEntityGraph(entity=Classes.Pass, querySpaceUid=<gen:1>, path=[Abstract.TicketSeller.passes].<elements>)
             - EntityAttributeFetchImpl(entity=Abstract.TicketSeller, querySpaceUid=<gen:2>, path=[Abstract.TicketSeller.passes].<elements>.seller)
                - CollectionAttributeFetchImpl(collection=Classes.Shop.people, querySpaceUid=<gen:3>, path=[Abstract.TicketSeller.passes].<elements>.seller.people)
                   - (collection element) CollectionFetchableElementEntityGraph(entity=Classes.Person, querySpaceUid=<gen:4>, path=[Abstract.TicketSeller.passes].<elements>.seller.people.<elements>)
             - EntityAttributeFetchImpl(entity=Classes.Person, querySpaceUid=<gen:5>, path=[Abstract.TicketSeller.passes].<elements>.person)
                - EntityAttributeFetchImpl(entity=Classes.Card, querySpaceUid=<gen:6>, path=[Abstract.TicketSeller.passes].<elements>.person.cardNum)
             - EntityAttributeFetchImpl(entity=Abstract.TicketSeller, querySpaceUid=<gen:7>, path=[Abstract.TicketSeller.passes].<elements>.sellers)
                - CollectionAttributeFetchImpl(collection=Classes.Shop.people, querySpaceUid=<gen:8>, path=[Abstract.TicketSeller.passes].<elements>.sellers.people)
                   - (collection element) CollectionFetchableElementEntityGraph(entity=Classes.Person, querySpaceUid=<gen:9>, path=[Abstract.TicketSeller.passes].<elements>.sellers.people.<elements>)
    - QuerySpaces
       - CollectionQuerySpaceImpl(uid=<gen:0>, collection=Abstract.TicketSeller.passes)
          - SQL table alias mapping - passes0_
          - alias suffix - 0_
          - suffixed key columns - {ticketse1_5_0_}
          - entity-element alias suffix - 1_
          - 1_entity-element suffixed key columns - id2_2_1_
          - JOIN (JoinDefinedByMetadata(elements)) : <gen:0> -> <gen:1>
             - EntityQuerySpaceImpl(uid=<gen:1>, entity=Classes.Pass)
                - SQL table alias mapping - pass1_
                - alias suffix - 1_
                - suffixed key columns - {id2_2_1_}
                - JOIN (JoinDefinedByMetadata(seller)) : <gen:1> -> <gen:2>
                   - EntityQuerySpaceImpl(uid=<gen:2>, entity=Abstract.TicketSeller)
                      - SQL table alias mapping - ticketsell2_
                      - alias suffix - 2_
                      - suffixed key columns - {id2_3_2_}
                - JOIN (JoinDefinedByMetadata(person)) : <gen:1> -> <gen:5>
                   - EntityQuerySpaceImpl(uid=<gen:5>, entity=Classes.Person)
                      - SQL table alias mapping - person3_
                      - alias suffix - 3_
                      - suffixed key columns - {id1_1_3_}
                      - JOIN (JoinDefinedByMetadata(cardNum)) : <gen:5> -> <gen:6>
                         - EntityQuerySpaceImpl(uid=<gen:6>, entity=Classes.Card)
                            - SQL table alias mapping - card4_
                            - alias suffix - 4_
                            - suffixed key columns - {id1_0_4_}
                - JOIN (JoinDefinedByMetadata(sellers)) : <gen:1> -> <gen:7>
                   - EntityQuerySpaceImpl(uid=<gen:7>, entity=Abstract.TicketSeller)
                      - SQL table alias mapping - ticketsell5_
                      - alias suffix - 5_
                      - suffixed key columns - {id2_3_5_}

12:57:30.552 [main] DEBUG o.h.l.c.plan.CollectionLoader - Static select for collection Abstract.TicketSeller.passes: select passes0_.TicketSeller_id as ticketse1_5_0_, passes0_.passes_id as passes_i3_5_0_, pass1_.id as id2_2_1_, pass1_.seller_id as seller_i4_2_1_, pass1_.person_id as person_i5_2_1_, pass1_.sellers_id as sellers_6_2_1_, pass1_.validity as validity3_2_1_, ticketsell2_.id as id2_3_2_, ticketsell2_.seller_name as seller_n3_3_2_, ticketsell2_.isWorking as isworkin4_3_2_, ticketsell2_.type as type1_3_2_, person3_.id as id1_1_3_, person3_.birthdate as birthdat2_1_3_, person3_.cardNum_id as cardnum_5_1_3_, person3_.firstName as firstnam3_1_3_, person3_.lastName as lastname4_1_3_, card4_.id as id1_0_4_, card4_.emissionDate as emission2_0_4_, card4_.expirationDate as expirati3_0_4_, ticketsell5_.id as id2_3_5_, ticketsell5_.seller_name as seller_n3_3_5_, ticketsell5_.isWorking as isworkin4_3_5_, ticketsell5_.type as type1_3_5_ from TicketSeller_Ticket passes0_ inner join Ticket pass1_ on passes0_.passes_id=pass1_.id left outer join TicketSeller ticketsell2_ on pass1_.seller_id=ticketsell2_.id left outer join Person person3_ on pass1_.person_id=person3_.id left outer join Card card4_ on person3_.cardNum_id=card4_.id left outer join TicketSeller ticketsell5_ on pass1_.sellers_id=ticketsell5_.id where passes0_.TicketSeller_id=?
12:57:30.552 [main] DEBUG o.h.l.p.b.i.spaces.QuerySpacesImpl - Adding QuerySpace : uid = <gen:0> -> org.hibernate.loader.plan.build.internal.spaces.CollectionQuerySpaceImpl@3a3ed300]
12:57:30.552 [main] DEBUG o.h.l.p.b.i.spaces.QuerySpacesImpl - Adding QuerySpace : uid = <gen:1> -> org.hibernate.loader.plan.build.internal.spaces.EntityQuerySpaceImpl@1984212d]
12:57:30.552 [main] DEBUG o.h.p.w.spi.MetamodelGraphWalker - Visiting attribute path : birthdate
12:57:30.552 [main] DEBUG o.h.p.w.spi.MetamodelGraphWalker - Visiting attribute path : cardNum
12:57:30.552 [main] DEBUG o.h.l.p.b.i.spaces.QuerySpacesImpl - Adding QuerySpace : uid = <gen:2> -> org.hibernate.loader.plan.build.internal.spaces.EntityQuerySpaceImpl@2404b5a]
12:57:30.552 [main] DEBUG o.h.p.w.spi.MetamodelGraphWalker - Visiting attribute path : cardNum.emissionDate
12:57:30.552 [main] DEBUG o.h.p.w.spi.MetamodelGraphWalker - Visiting attribute path : cardNum.expirationDate
12:57:30.552 [main] DEBUG o.h.p.w.spi.MetamodelGraphWalker - Visiting attribute path : cardNum.person
12:57:30.552 [main] DEBUG o.h.p.w.spi.MetamodelGraphWalker - Property path deemed to be circular : cardNum.person
12:57:30.552 [main] DEBUG o.h.p.w.spi.MetamodelGraphWalker - Visiting attribute path : firstName
12:57:30.552 [main] DEBUG o.h.p.w.spi.MetamodelGraphWalker - Visiting attribute path : lastName
12:57:30.552 [main] DEBUG o.h.l.p.b.i.FetchStyleLoadPlanBuildingAssociationVisitationStrategy - Building LoadPlan...
12:57:30.552 [main] DEBUG o.h.l.p.e.i.LoadQueryJoinAndFetchProcessor - processing queryspace <gen:0>
12:57:30.552 [main] DEBUG o.h.l.p.b.spi.LoadPlanTreePrinter - LoadPlan(collection=Classes.Shop.people)
    - Returns
       - CollectionReturnImpl(collection=Classes.Shop.people, querySpaceUid=<gen:0>, path=[Classes.Shop.people])
          - (collection element) CollectionFetchableElementEntityGraph(entity=Classes.Person, querySpaceUid=<gen:1>, path=[Classes.Shop.people].<elements>)
             - EntityAttributeFetchImpl(entity=Classes.Card, querySpaceUid=<gen:2>, path=[Classes.Shop.people].<elements>.cardNum)
    - QuerySpaces
       - CollectionQuerySpaceImpl(uid=<gen:0>, collection=Classes.Shop.people)
          - SQL table alias mapping - people0_
          - alias suffix - 0_
          - suffixed key columns - {shop_id1_4_0_}
          - entity-element alias suffix - 1_
          - 1_entity-element suffixed key columns - id1_1_1_
          - JOIN (JoinDefinedByMetadata(elements)) : <gen:0> -> <gen:1>
             - EntityQuerySpaceImpl(uid=<gen:1>, entity=Classes.Person)
                - SQL table alias mapping - person1_
                - alias suffix - 1_
                - suffixed key columns - {id1_1_1_}
                - JOIN (JoinDefinedByMetadata(cardNum)) : <gen:1> -> <gen:2>
                   - EntityQuerySpaceImpl(uid=<gen:2>, entity=Classes.Card)
                      - SQL table alias mapping - card2_
                      - alias suffix - 2_
                      - suffixed key columns - {id1_0_2_}

12:57:30.552 [main] DEBUG o.h.l.c.plan.CollectionLoader - Static select for collection Classes.Shop.people: select people0_.Shop_id as shop_id1_4_0_, people0_.people_id as people_i2_4_0_, person1_.id as id1_1_1_, person1_.birthdate as birthdat2_1_1_, person1_.cardNum_id as cardnum_5_1_1_, person1_.firstName as firstnam3_1_1_, person1_.lastName as lastname4_1_1_, card2_.id as id1_0_2_, card2_.emissionDate as emission2_0_2_, card2_.expirationDate as expirati3_0_2_ from TicketSeller_Person people0_ inner join Person person1_ on people0_.people_id=person1_.id left outer join Card card2_ on person1_.cardNum_id=card2_.id where people0_.Shop_id=?
12:57:30.575 [main] INFO  o.hibernate.orm.connections.access - HHH10001501: Connection obtained from JdbcConnectionAccess [org.hibernate.engine.jdbc.env.internal.JdbcEnvironmentInitiator$ConnectionProviderJdbcConnectionAccess@158e9f6e] for (non-JTA) DDL execution was not in auto-commit mode; the Connection 'local transaction' will be committed and the Connection will be set into auto-commit mode.
12:57:30.592 [main] DEBUG org.hibernate.mapping.Table - No alter strings for table : Card
12:57:30.592 [main] DEBUG org.hibernate.mapping.Table - No alter strings for table : Person
12:57:30.593 [main] DEBUG org.hibernate.mapping.Table - No alter strings for table : Ticket
12:57:30.593 [main] DEBUG org.hibernate.mapping.Table - No alter strings for table : TicketSeller
12:57:30.593 [main] DEBUG org.hibernate.mapping.Table - No alter strings for table : TicketSeller_Person
12:57:30.593 [main] DEBUG org.hibernate.mapping.Table - No alter strings for table : TicketSeller_Ticket
12:57:30.652 [main] DEBUG o.h.e.t.j.p.i.JtaPlatformInitiator - No JtaPlatform was specified, checking resolver
12:57:30.652 [main] DEBUG o.h.e.t.j.p.i.JtaPlatformResolverInitiator - No JtaPlatformResolver was specified, using default [org.hibernate.engine.transaction.jta.platform.internal.StandardJtaPlatformResolver]
12:57:30.656 [main] DEBUG o.h.e.t.j.p.i.StandardJtaPlatformResolver - Could not resolve JtaPlatform, using default [org.hibernate.engine.transaction.jta.platform.internal.NoJtaPlatform]
12:57:30.656 [main] INFO  o.h.e.t.j.p.i.JtaPlatformInitiator - HHH000490: Using JtaPlatform implementation: [org.hibernate.engine.transaction.jta.platform.internal.NoJtaPlatform]
12:57:30.659 [main] DEBUG o.h.s.i.SessionFactoryServiceRegistryImpl - EventListenerRegistry access via ServiceRegistry is deprecated.  Use `sessionFactory.getEventEngine().getListenerRegistry()` instead
12:57:30.659 [main] DEBUG o.h.h.i.QueryTranslatorFactoryInitiator - QueryTranslatorFactory: org.hibernate.hql.internal.ast.ASTQueryTranslatorFactory@6cfbbff7
12:57:30.663 [main] DEBUG o.h.query.spi.NamedQueryRepository - Checking 0 named HQL queries
12:57:30.663 [main] DEBUG o.h.query.spi.NamedQueryRepository - Checking 0 named SQL queries
12:57:30.664 [main] DEBUG o.h.internal.SessionFactoryRegistry - Initializing SessionFactoryRegistry : org.hibernate.internal.SessionFactoryRegistry@259b85d6
12:57:30.664 [main] DEBUG o.h.internal.SessionFactoryRegistry - Registering SessionFactory: 9a367343-4a85-4767-821d-c392c7d2f715 (<unnamed>)
12:57:30.664 [main] DEBUG o.h.internal.SessionFactoryRegistry - Not binding SessionFactory to JNDI, no JNDI name configured
12:57:30.692 [main] DEBUG o.h.s.internal.StatisticsInitiator - Statistics initialized [enabled=false]
12:57:30.696 [main] DEBUG o.h.e.t.internal.TransactionImpl - On TransactionImpl creation, JpaCompliance#isJpaTransactionComplianceEnabled == false
12:57:30.696 [main] DEBUG o.h.e.t.internal.TransactionImpl - begin
12:57:30.700 [main] DEBUG org.hibernate.SQL - select vendingmac0_.id as id2_3_0_, vendingmac0_.seller_name as seller_n3_3_0_, vendingmac0_.isWorking as isworkin4_3_0_ from TicketSeller vendingmac0_ where vendingmac0_.id=? and vendingmac0_.type='vending_machine'
12:57:30.702 [main] DEBUG o.h.l.p.e.p.i.EntityReferenceInitializerImpl - On call to EntityIdentifierReaderImpl#resolve, EntityKey was already known; should only happen on root returns with an optional identifier specified
12:57:30.708 [main] DEBUG o.h.engine.internal.TwoPhaseLoad - Resolving attributes for [Classes.VendingMachine#2]
12:57:30.708 [main] DEBUG o.h.engine.internal.TwoPhaseLoad - Processing attribute `name` : value = Vending DiGregorio
12:57:30.708 [main] DEBUG o.h.engine.internal.TwoPhaseLoad - Attribute (`name`)  - enhanced for lazy-loading? - false
12:57:30.708 [main] DEBUG o.h.engine.internal.TwoPhaseLoad - Processing attribute `passes` : value = NOT NULL COLLECTION
12:57:30.708 [main] DEBUG o.h.engine.internal.TwoPhaseLoad - Attribute (`passes`)  - enhanced for lazy-loading? - false
12:57:30.712 [main] DEBUG o.h.engine.internal.TwoPhaseLoad - Processing attribute `tickets` : value = NOT NULL COLLECTION
12:57:30.712 [main] DEBUG o.h.engine.internal.TwoPhaseLoad - Attribute (`tickets`)  - enhanced for lazy-loading? - false
12:57:30.712 [main] DEBUG o.h.engine.internal.TwoPhaseLoad - Processing attribute `isWorking` : value = false
12:57:30.712 [main] DEBUG o.h.engine.internal.TwoPhaseLoad - Attribute (`isWorking`)  - enhanced for lazy-loading? - false
12:57:30.713 [main] DEBUG o.h.engine.internal.TwoPhaseLoad - Done materializing entity [Classes.VendingMachine#2]
12:57:30.713 [main] DEBUG o.h.l.e.p.AbstractLoadPlanBasedEntityLoader - Done entity load : Classes.VendingMachine#2
12:57:30.714 [main] DEBUG o.h.e.t.internal.TransactionImpl - committing
12:57:30.714 [main] DEBUG o.h.e.i.AbstractFlushingEventListener - Processing flush-time cascades
12:57:30.717 [main] DEBUG o.h.e.i.AbstractFlushingEventListener - Dirty checking collections
12:57:30.721 [main] DEBUG o.h.engine.internal.Collections - Collection found: [Abstract.TicketSeller.passes#2], was: [Abstract.TicketSeller.passes#2] (uninitialized)
12:57:30.722 [main] DEBUG o.h.engine.internal.Collections - Collection found: [Abstract.TicketSeller.tickets#2], was: [Abstract.TicketSeller.tickets#2] (uninitialized)
12:57:30.723 [main] DEBUG o.h.e.i.AbstractFlushingEventListener - Flushed: 0 insertions, 1 updates, 0 deletions to 1 objects
12:57:30.723 [main] DEBUG o.h.e.i.AbstractFlushingEventListener - Flushed: 0 (re)creations, 0 updates, 0 removals to 2 collections
12:57:30.723 [main] DEBUG o.h.internal.util.EntityPrinter - Listing entities:
12:57:30.723 [main] DEBUG o.h.internal.util.EntityPrinter - Classes.VendingMachine{tickets=<uninitialized>, passes=<uninitialized>, name=Vending DiGregorio, id=2, isWorking=true}
12:57:30.725 [main] DEBUG org.hibernate.SQL - update TicketSeller set seller_name=?, isWorking=? where id=?
12:57:30.729 [main] DEBUG o.h.r.j.i.LogicalConnectionManagedImpl - Initiating JDBC connection release from afterTransaction
12:57:30.729 [main] DEBUG o.h.r.j.i.LogicalConnectionManagedImpl - Initiating JDBC connection release from afterTransaction
13:05:22.794 [main] DEBUG org.jboss.logging - Logging Provider: org.jboss.logging.Slf4jLoggerProvider
13:05:22.854 [main] DEBUG o.h.jpa.HibernatePersistenceProvider - Located and parsed 2 persistence units; checking each
13:05:22.854 [main] DEBUG o.h.jpa.HibernatePersistenceProvider - Checking persistence-unit [name=HomeworkS3D3, explicit-provider=null] against incoming persistence unit name [BuildWeek_4]
13:05:22.854 [main] DEBUG o.h.jpa.HibernatePersistenceProvider - Excluding from consideration due to name mis-match
13:05:22.854 [main] DEBUG o.h.jpa.HibernatePersistenceProvider - Checking persistence-unit [name=BuildWeek_4, explicit-provider=null] against incoming persistence unit name [BuildWeek_4]
13:05:22.854 [main] DEBUG o.h.jpa.boot.spi.ProviderChecker - No PersistenceProvider explicitly requested, assuming Hibernate
13:05:22.857 [main] DEBUG o.h.jpa.internal.util.LogHelper - PersistenceUnitInfo [
	name: BuildWeek_4
	persistence provider classname: null
	classloader: null
	excludeUnlistedClasses: false
	JTA datasource: null
	Non JTA datasource: null
	Transaction type: RESOURCE_LOCAL
	PU root URL: file:/C:/Users/total/Desktop/All/Epicode/fs0223-Luca-Sernicola-BackEnd/BuildWeek_4/target/classes/
	Shared Cache Mode: null
	Validation Mode: null
	Jar files URLs []
	Managed classes names []
	Mapping files names []
	Properties [
		javax.persistence.jdbc.driver: org.postgresql.Driver
		javax.persistence.jdbc.password: root
		hibernate.dialect: org.hibernate.dialect.PostgreSQLDialect
		javax.persistence.jdbc.url: jdbc:postgresql://localhost:5432/BuildWeek
		hibernate.hbm2ddl.auto: update
		javax.persistence.jdbc.user: postgres]
13:05:22.860 [main] DEBUG o.h.i.internal.IntegratorServiceImpl - Adding Integrator [org.hibernate.cfg.beanvalidation.BeanValidationIntegrator].
13:05:22.861 [main] DEBUG o.h.i.internal.IntegratorServiceImpl - Adding Integrator [org.hibernate.secure.spi.JaccIntegrator].
13:05:22.863 [main] DEBUG o.h.i.internal.IntegratorServiceImpl - Adding Integrator [org.hibernate.cache.internal.CollectionCacheInvalidator].
13:05:22.887 [main] INFO  org.hibernate.Version - HHH000412: Hibernate ORM core version 5.6.15.Final
13:05:22.888 [main] DEBUG org.hibernate.cfg.Environment - HHH000206: hibernate.properties not found
13:05:22.987 [main] DEBUG o.h.service.spi.ServiceBinding - Overriding existing service binding [org.hibernate.secure.spi.JaccService]
13:05:22.995 [main] DEBUG o.h.c.i.RegionFactoryInitiator - Cannot default RegionFactory based on registered strategies as `[]` RegionFactory strategies were registered
13:05:22.995 [main] DEBUG o.h.c.i.RegionFactoryInitiator - Cache region factory : org.hibernate.cache.internal.NoCachingRegionFactory
13:05:23.007 [main] INFO  o.h.annotations.common.Version - HCANN000001: Hibernate Commons Annotations {5.1.2.Final}
13:05:23.062 [main] DEBUG o.hibernate.type.BasicTypeRegistry - Adding type registration boolean -> org.hibernate.type.BooleanType@e077866
13:05:23.062 [main] DEBUG o.hibernate.type.BasicTypeRegistry - Adding type registration boolean -> org.hibernate.type.BooleanType@e077866
13:05:23.062 [main] DEBUG o.hibernate.type.BasicTypeRegistry - Adding type registration java.lang.Boolean -> org.hibernate.type.BooleanType@e077866
13:05:23.062 [main] DEBUG o.hibernate.type.BasicTypeRegistry - Adding type registration numeric_boolean -> org.hibernate.type.NumericBooleanType@a8e6492
13:05:23.063 [main] DEBUG o.hibernate.type.BasicTypeRegistry - Adding type registration true_false -> org.hibernate.type.TrueFalseType@2e11485
13:05:23.063 [main] DEBUG o.hibernate.type.BasicTypeRegistry - Adding type registration yes_no -> org.hibernate.type.YesNoType@5974109
13:05:23.063 [main] DEBUG o.hibernate.type.BasicTypeRegistry - Adding type registration byte -> org.hibernate.type.ByteType@75f5fd58
13:05:23.063 [main] DEBUG o.hibernate.type.BasicTypeRegistry - Adding type registration byte -> org.hibernate.type.ByteType@75f5fd58
13:05:23.063 [main] DEBUG o.hibernate.type.BasicTypeRegistry - Adding type registration java.lang.Byte -> org.hibernate.type.ByteType@75f5fd58
13:05:23.065 [main] DEBUG o.hibernate.type.BasicTypeRegistry - Adding type registration character -> org.hibernate.type.CharacterType@41813449
13:05:23.065 [main] DEBUG o.hibernate.type.BasicTypeRegistry - Adding type registration char -> org.hibernate.type.CharacterType@41813449
13:05:23.065 [main] DEBUG o.hibernate.type.BasicTypeRegistry - Adding type registration java.lang.Character -> org.hibernate.type.CharacterType@41813449
13:05:23.066 [main] DEBUG o.hibernate.type.BasicTypeRegistry - Adding type registration short -> org.hibernate.type.ShortType@dcfda20
13:05:23.066 [main] DEBUG o.hibernate.type.BasicTypeRegistry - Adding type registration short -> org.hibernate.type.ShortType@dcfda20
13:05:23.066 [main] DEBUG o.hibernate.type.BasicTypeRegistry - Adding type registration java.lang.Short -> org.hibernate.type.ShortType@dcfda20
13:05:23.066 [main] DEBUG o.hibernate.type.BasicTypeRegistry - Adding type registration integer -> org.hibernate.type.IntegerType@30d4b288
13:05:23.066 [main] DEBUG o.hibernate.type.BasicTypeRegistry - Adding type registration int -> org.hibernate.type.IntegerType@30d4b288
13:05:23.066 [main] DEBUG o.hibernate.type.BasicTypeRegistry - Adding type registration java.lang.Integer -> org.hibernate.type.IntegerType@30d4b288
13:05:23.067 [main] DEBUG o.hibernate.type.BasicTypeRegistry - Adding type registration long -> org.hibernate.type.LongType@6b9ce1bf
13:05:23.067 [main] DEBUG o.hibernate.type.BasicTypeRegistry - Adding type registration long -> org.hibernate.type.LongType@6b9ce1bf
13:05:23.067 [main] DEBUG o.hibernate.type.BasicTypeRegistry - Adding type registration java.lang.Long -> org.hibernate.type.LongType@6b9ce1bf
13:05:23.067 [main] DEBUG o.hibernate.type.BasicTypeRegistry - Adding type registration float -> org.hibernate.type.FloatType@19fb8826
13:05:23.067 [main] DEBUG o.hibernate.type.BasicTypeRegistry - Adding type registration float -> org.hibernate.type.FloatType@19fb8826
13:05:23.067 [main] DEBUG o.hibernate.type.BasicTypeRegistry - Adding type registration java.lang.Float -> org.hibernate.type.FloatType@19fb8826
13:05:23.067 [main] DEBUG o.hibernate.type.BasicTypeRegistry - Adding type registration double -> org.hibernate.type.DoubleType@55b5f5d2
13:05:23.067 [main] DEBUG o.hibernate.type.BasicTypeRegistry - Adding type registration double -> org.hibernate.type.DoubleType@55b5f5d2
13:05:23.067 [main] DEBUG o.hibernate.type.BasicTypeRegistry - Adding type registration java.lang.Double -> org.hibernate.type.DoubleType@55b5f5d2
13:05:23.069 [main] DEBUG o.hibernate.type.BasicTypeRegistry - Adding type registration big_decimal -> org.hibernate.type.BigDecimalType@2b95e48b
13:05:23.069 [main] DEBUG o.hibernate.type.BasicTypeRegistry - Adding type registration java.math.BigDecimal -> org.hibernate.type.BigDecimalType@2b95e48b
13:05:23.069 [main] DEBUG o.hibernate.type.BasicTypeRegistry - Adding type registration big_integer -> org.hibernate.type.BigIntegerType@5316e95f
13:05:23.069 [main] DEBUG o.hibernate.type.BasicTypeRegistry - Adding type registration java.math.BigInteger -> org.hibernate.type.BigIntegerType@5316e95f
13:05:23.070 [main] DEBUG o.hibernate.type.BasicTypeRegistry - Adding type registration string -> org.hibernate.type.StringType@1e63ec0b
13:05:23.070 [main] DEBUG o.hibernate.type.BasicTypeRegistry - Adding type registration java.lang.String -> org.hibernate.type.StringType@1e63ec0b
13:05:23.070 [main] DEBUG o.hibernate.type.BasicTypeRegistry - Adding type registration nstring -> org.hibernate.type.StringNVarcharType@295eaa7c
13:05:23.070 [main] DEBUG o.hibernate.type.BasicTypeRegistry - Adding type registration ncharacter -> org.hibernate.type.CharacterNCharType@388ba540
13:05:23.071 [main] DEBUG o.hibernate.type.BasicTypeRegistry - Adding type registration url -> org.hibernate.type.UrlType@7be58f16
13:05:23.071 [main] DEBUG o.hibernate.type.BasicTypeRegistry - Adding type registration java.net.URL -> org.hibernate.type.UrlType@7be58f16
13:05:23.071 [main] DEBUG o.hibernate.type.BasicTypeRegistry - Adding type registration Duration -> org.hibernate.type.DurationType@1b065145
13:05:23.071 [main] DEBUG o.hibernate.type.BasicTypeRegistry - Adding type registration java.time.Duration -> org.hibernate.type.DurationType@1b065145
13:05:23.072 [main] DEBUG o.hibernate.type.BasicTypeRegistry - Adding type registration Instant -> org.hibernate.type.InstantType@56c9bbd8
13:05:23.072 [main] DEBUG o.hibernate.type.BasicTypeRegistry - Adding type registration java.time.Instant -> org.hibernate.type.InstantType@56c9bbd8
13:05:23.073 [main] DEBUG o.hibernate.type.BasicTypeRegistry - Adding type registration LocalDateTime -> org.hibernate.type.LocalDateTimeType@619bfe29
13:05:23.073 [main] DEBUG o.hibernate.type.BasicTypeRegistry - Adding type registration java.time.LocalDateTime -> org.hibernate.type.LocalDateTimeType@619bfe29
13:05:23.073 [main] DEBUG o.hibernate.type.BasicTypeRegistry - Adding type registration LocalDate -> org.hibernate.type.LocalDateType@30f5a68a
13:05:23.073 [main] DEBUG o.hibernate.type.BasicTypeRegistry - Adding type registration java.time.LocalDate -> org.hibernate.type.LocalDateType@30f5a68a
13:05:23.074 [main] DEBUG o.hibernate.type.BasicTypeRegistry - Adding type registration LocalTime -> org.hibernate.type.LocalTimeType@4c37b5b
13:05:23.074 [main] DEBUG o.hibernate.type.BasicTypeRegistry - Adding type registration java.time.LocalTime -> org.hibernate.type.LocalTimeType@4c37b5b
13:05:23.075 [main] DEBUG o.hibernate.type.BasicTypeRegistry - Adding type registration OffsetDateTime -> org.hibernate.type.OffsetDateTimeType@3a62c01e
13:05:23.075 [main] DEBUG o.hibernate.type.BasicTypeRegistry - Adding type registration java.time.OffsetDateTime -> org.hibernate.type.OffsetDateTimeType@3a62c01e
13:05:23.075 [main] DEBUG o.hibernate.type.BasicTypeRegistry - Adding type registration OffsetTime -> org.hibernate.type.OffsetTimeType@7a527389
13:05:23.075 [main] DEBUG o.hibernate.type.BasicTypeRegistry - Adding type registration java.time.OffsetTime -> org.hibernate.type.OffsetTimeType@7a527389
13:05:23.076 [main] DEBUG o.hibernate.type.BasicTypeRegistry - Adding type registration ZonedDateTime -> org.hibernate.type.ZonedDateTimeType@6bb75258
13:05:23.076 [main] DEBUG o.hibernate.type.BasicTypeRegistry - Adding type registration java.time.ZonedDateTime -> org.hibernate.type.ZonedDateTimeType@6bb75258
13:05:23.077 [main] DEBUG o.hibernate.type.BasicTypeRegistry - Adding type registration date -> org.hibernate.type.DateType@22d6f11
13:05:23.077 [main] DEBUG o.hibernate.type.BasicTypeRegistry - Adding type registration java.sql.Date -> org.hibernate.type.DateType@22d6f11
13:05:23.078 [main] DEBUG o.hibernate.type.BasicTypeRegistry - Adding type registration time -> org.hibernate.type.TimeType@62fe6067
13:05:23.078 [main] DEBUG o.hibernate.type.BasicTypeRegistry - Adding type registration java.sql.Time -> org.hibernate.type.TimeType@62fe6067
13:05:23.078 [main] DEBUG o.hibernate.type.BasicTypeRegistry - Adding type registration timestamp -> org.hibernate.type.TimestampType@29e6eb25
13:05:23.078 [main] DEBUG o.hibernate.type.BasicTypeRegistry - Adding type registration java.sql.Timestamp -> org.hibernate.type.TimestampType@29e6eb25
13:05:23.078 [main] DEBUG o.hibernate.type.BasicTypeRegistry - Adding type registration java.util.Date -> org.hibernate.type.TimestampType@29e6eb25
13:05:23.079 [main] DEBUG o.hibernate.type.BasicTypeRegistry - Adding type registration dbtimestamp -> org.hibernate.type.DbTimestampType@269f4bad
13:05:23.081 [main] DEBUG o.hibernate.type.BasicTypeRegistry - Adding type registration calendar -> org.hibernate.type.CalendarType@7e38a7fe
13:05:23.081 [main] DEBUG o.hibernate.type.BasicTypeRegistry - Adding type registration java.util.Calendar -> org.hibernate.type.CalendarType@7e38a7fe
13:05:23.081 [main] DEBUG o.hibernate.type.BasicTypeRegistry - Adding type registration java.util.GregorianCalendar -> org.hibernate.type.CalendarType@7e38a7fe
13:05:23.081 [main] DEBUG o.hibernate.type.BasicTypeRegistry - Adding type registration calendar_date -> org.hibernate.type.CalendarDateType@4b3c354a
13:05:23.081 [main] DEBUG o.hibernate.type.BasicTypeRegistry - Adding type registration calendar_time -> org.hibernate.type.CalendarTimeType@54227100
13:05:23.082 [main] DEBUG o.hibernate.type.BasicTypeRegistry - Adding type registration locale -> org.hibernate.type.LocaleType@4763c727
13:05:23.082 [main] DEBUG o.hibernate.type.BasicTypeRegistry - Adding type registration java.util.Locale -> org.hibernate.type.LocaleType@4763c727
13:05:23.082 [main] DEBUG o.hibernate.type.BasicTypeRegistry - Adding type registration currency -> org.hibernate.type.CurrencyType@9ed238c
13:05:23.083 [main] DEBUG o.hibernate.type.BasicTypeRegistry - Adding type registration java.util.Currency -> org.hibernate.type.CurrencyType@9ed238c
13:05:23.083 [main] DEBUG o.hibernate.type.BasicTypeRegistry - Adding type registration timezone -> org.hibernate.type.TimeZoneType@2dbf4cbd
13:05:23.083 [main] DEBUG o.hibernate.type.BasicTypeRegistry - Adding type registration java.util.TimeZone -> org.hibernate.type.TimeZoneType@2dbf4cbd
13:05:23.084 [main] DEBUG o.hibernate.type.BasicTypeRegistry - Adding type registration class -> org.hibernate.type.ClassType@62fad19
13:05:23.084 [main] DEBUG o.hibernate.type.BasicTypeRegistry - Adding type registration java.lang.Class -> org.hibernate.type.ClassType@62fad19
13:05:23.084 [main] DEBUG o.hibernate.type.BasicTypeRegistry - Adding type registration uuid-binary -> org.hibernate.type.UUIDBinaryType@65a4798f
13:05:23.084 [main] DEBUG o.hibernate.type.BasicTypeRegistry - Adding type registration java.util.UUID -> org.hibernate.type.UUIDBinaryType@65a4798f
13:05:23.084 [main] DEBUG o.hibernate.type.BasicTypeRegistry - Adding type registration uuid-char -> org.hibernate.type.UUIDCharType@4c51bb7
13:05:23.085 [main] DEBUG o.hibernate.type.BasicTypeRegistry - Adding type registration binary -> org.hibernate.type.BinaryType@6f603e89
13:05:23.085 [main] DEBUG o.hibernate.type.BasicTypeRegistry - Adding type registration byte[] -> org.hibernate.type.BinaryType@6f603e89
13:05:23.085 [main] DEBUG o.hibernate.type.BasicTypeRegistry - Adding type registration [B -> org.hibernate.type.BinaryType@6f603e89
13:05:23.085 [main] DEBUG o.hibernate.type.BasicTypeRegistry - Adding type registration wrapper-binary -> org.hibernate.type.WrapperBinaryType@277f7dd3
13:05:23.085 [main] DEBUG o.hibernate.type.BasicTypeRegistry - Adding type registration Byte[] -> org.hibernate.type.WrapperBinaryType@277f7dd3
13:05:23.085 [main] DEBUG o.hibernate.type.BasicTypeRegistry - Adding type registration [Ljava.lang.Byte; -> org.hibernate.type.WrapperBinaryType@277f7dd3
13:05:23.086 [main] DEBUG o.hibernate.type.BasicTypeRegistry - Adding type registration row_version -> org.hibernate.type.RowVersionType@3f1c5af9
13:05:23.086 [main] DEBUG o.hibernate.type.BasicTypeRegistry - Adding type registration image -> org.hibernate.type.ImageType@63192798
13:05:23.087 [main] DEBUG o.hibernate.type.BasicTypeRegistry - Adding type registration characters -> org.hibernate.type.CharArrayType@5ef0d29e
13:05:23.087 [main] DEBUG o.hibernate.type.BasicTypeRegistry - Adding type registration char[] -> org.hibernate.type.CharArrayType@5ef0d29e
13:05:23.087 [main] DEBUG o.hibernate.type.BasicTypeRegistry - Adding type registration [C -> org.hibernate.type.CharArrayType@5ef0d29e
13:05:23.087 [main] DEBUG o.hibernate.type.BasicTypeRegistry - Adding type registration wrapper-characters -> org.hibernate.type.CharacterArrayType@2c3dec30
13:05:23.087 [main] DEBUG o.hibernate.type.BasicTypeRegistry - Adding type registration [Ljava.lang.Character; -> org.hibernate.type.CharacterArrayType@2c3dec30
13:05:23.087 [main] DEBUG o.hibernate.type.BasicTypeRegistry - Adding type registration Character[] -> org.hibernate.type.CharacterArrayType@2c3dec30
13:05:23.087 [main] DEBUG o.hibernate.type.BasicTypeRegistry - Adding type registration text -> org.hibernate.type.TextType@3fc9dfc5
13:05:23.088 [main] DEBUG o.hibernate.type.BasicTypeRegistry - Adding type registration ntext -> org.hibernate.type.NTextType@16f7b4af
13:05:23.088 [main] DEBUG o.hibernate.type.BasicTypeRegistry - Adding type registration blob -> org.hibernate.type.BlobType@4e517165
13:05:23.088 [main] DEBUG o.hibernate.type.BasicTypeRegistry - Adding type registration java.sql.Blob -> org.hibernate.type.BlobType@4e517165
13:05:23.088 [main] DEBUG o.hibernate.type.BasicTypeRegistry - Adding type registration materialized_blob -> org.hibernate.type.MaterializedBlobType@1d7f7be7
13:05:23.089 [main] DEBUG o.hibernate.type.BasicTypeRegistry - Adding type registration clob -> org.hibernate.type.ClobType@419a20a6
13:05:23.089 [main] DEBUG o.hibernate.type.BasicTypeRegistry - Adding type registration java.sql.Clob -> org.hibernate.type.ClobType@419a20a6
13:05:23.090 [main] DEBUG o.hibernate.type.BasicTypeRegistry - Adding type registration nclob -> org.hibernate.type.NClobType@9bd0fa6
13:05:23.090 [main] DEBUG o.hibernate.type.BasicTypeRegistry - Adding type registration java.sql.NClob -> org.hibernate.type.NClobType@9bd0fa6
13:05:23.090 [main] DEBUG o.hibernate.type.BasicTypeRegistry - Adding type registration materialized_clob -> org.hibernate.type.MaterializedClobType@f6c03cb
13:05:23.091 [main] DEBUG o.hibernate.type.BasicTypeRegistry - Adding type registration materialized_nclob -> org.hibernate.type.MaterializedNClobType@768ccdc5
13:05:23.091 [main] DEBUG o.hibernate.type.BasicTypeRegistry - Adding type registration serializable -> org.hibernate.type.SerializableType@1992eaf4
13:05:23.093 [main] DEBUG o.hibernate.type.BasicTypeRegistry - Adding type registration object -> org.hibernate.type.ObjectType@5049d8b2
13:05:23.093 [main] DEBUG o.hibernate.type.BasicTypeRegistry - Adding type registration java.lang.Object -> org.hibernate.type.ObjectType@5049d8b2
13:05:23.093 [main] DEBUG o.hibernate.type.BasicTypeRegistry - Adding type registration imm_date -> org.hibernate.type.AdaptedImmutableType@34a75079
13:05:23.093 [main] DEBUG o.hibernate.type.BasicTypeRegistry - Adding type registration imm_time -> org.hibernate.type.AdaptedImmutableType@346a361
13:05:23.093 [main] DEBUG o.hibernate.type.BasicTypeRegistry - Adding type registration imm_timestamp -> org.hibernate.type.AdaptedImmutableType@107ed6fc
13:05:23.093 [main] DEBUG o.hibernate.type.BasicTypeRegistry - Adding type registration imm_dbtimestamp -> org.hibernate.type.AdaptedImmutableType@1643d68f
13:05:23.093 [main] DEBUG o.hibernate.type.BasicTypeRegistry - Adding type registration imm_calendar -> org.hibernate.type.AdaptedImmutableType@186978a6
13:05:23.093 [main] DEBUG o.hibernate.type.BasicTypeRegistry - Adding type registration imm_calendar_date -> org.hibernate.type.AdaptedImmutableType@2e029d61
13:05:23.093 [main] DEBUG o.hibernate.type.BasicTypeRegistry - Adding type registration imm_binary -> org.hibernate.type.AdaptedImmutableType@482d776b
13:05:23.093 [main] DEBUG o.hibernate.type.BasicTypeRegistry - Adding type registration imm_serializable -> org.hibernate.type.AdaptedImmutableType@4052274f
13:05:23.101 [main] DEBUG o.h.b.internal.BootstrapContextImpl - Injecting ScanEnvironment [org.hibernate.jpa.boot.internal.StandardJpaScanEnvironmentImpl@3c0fae6c] into BootstrapContext; was [null]
13:05:23.101 [main] DEBUG o.h.b.internal.BootstrapContextImpl - Injecting ScanOptions [org.hibernate.boot.archive.scan.internal.StandardScanOptions@4c168660] into BootstrapContext; was [org.hibernate.boot.archive.scan.internal.StandardScanOptions@52b56a3e]
13:05:23.134 [main] DEBUG o.h.b.internal.BootstrapContextImpl - Injecting JPA temp ClassLoader [null] into BootstrapContext; was [null]
13:05:23.134 [main] DEBUG o.h.b.internal.ClassLoaderAccessImpl - ClassLoaderAccessImpl#injectTempClassLoader(null) [was null]
13:05:23.140 [main] DEBUG o.h.i.f.i.DefaultIdentifierGeneratorFactory - Registering IdentifierGenerator strategy [uuid2] -> [org.hibernate.id.UUIDGenerator]
13:05:23.140 [main] DEBUG o.h.i.f.i.DefaultIdentifierGeneratorFactory - Registering IdentifierGenerator strategy [guid] -> [org.hibernate.id.GUIDGenerator]
13:05:23.140 [main] DEBUG o.h.i.f.i.DefaultIdentifierGeneratorFactory - Registering IdentifierGenerator strategy [uuid] -> [org.hibernate.id.UUIDHexGenerator]
13:05:23.140 [main] DEBUG o.h.i.f.i.DefaultIdentifierGeneratorFactory - Registering IdentifierGenerator strategy [uuid.hex] -> [org.hibernate.id.UUIDHexGenerator]
13:05:23.141 [main] DEBUG o.h.i.f.i.DefaultIdentifierGeneratorFactory - Registering IdentifierGenerator strategy [assigned] -> [org.hibernate.id.Assigned]
13:05:23.141 [main] DEBUG o.h.i.f.i.DefaultIdentifierGeneratorFactory - Registering IdentifierGenerator strategy [identity] -> [org.hibernate.id.IdentityGenerator]
13:05:23.141 [main] DEBUG o.h.i.f.i.DefaultIdentifierGeneratorFactory - Registering IdentifierGenerator strategy [select] -> [org.hibernate.id.SelectGenerator]
13:05:23.142 [main] DEBUG o.h.i.f.i.DefaultIdentifierGeneratorFactory - Registering IdentifierGenerator strategy [sequence] -> [org.hibernate.id.enhanced.SequenceStyleGenerator]
13:05:23.142 [main] DEBUG o.h.i.f.i.DefaultIdentifierGeneratorFactory - Registering IdentifierGenerator strategy [seqhilo] -> [org.hibernate.id.SequenceHiLoGenerator]
13:05:23.143 [main] DEBUG o.h.i.f.i.DefaultIdentifierGeneratorFactory - Registering IdentifierGenerator strategy [increment] -> [org.hibernate.id.IncrementGenerator]
13:05:23.143 [main] DEBUG o.h.i.f.i.DefaultIdentifierGeneratorFactory - Registering IdentifierGenerator strategy [foreign] -> [org.hibernate.id.ForeignGenerator]
13:05:23.143 [main] DEBUG o.h.i.f.i.DefaultIdentifierGeneratorFactory - Registering IdentifierGenerator strategy [sequence-identity] -> [org.hibernate.id.SequenceIdentityGenerator]
13:05:23.143 [main] DEBUG o.h.i.f.i.DefaultIdentifierGeneratorFactory - Registering IdentifierGenerator strategy [enhanced-sequence] -> [org.hibernate.id.enhanced.SequenceStyleGenerator]
13:05:23.144 [main] DEBUG o.h.i.f.i.DefaultIdentifierGeneratorFactory - Registering IdentifierGenerator strategy [enhanced-table] -> [org.hibernate.id.enhanced.TableGenerator]
13:05:23.147 [main] WARN  o.hibernate.orm.connections.pooling - HHH10001002: Using Hibernate built-in connection pool (not for production use!)
13:05:23.149 [main] INFO  o.hibernate.orm.connections.pooling - HHH10001005: using driver [org.postgresql.Driver] at URL [jdbc:postgresql://localhost:5432/BuildWeek]
13:05:23.149 [main] INFO  o.hibernate.orm.connections.pooling - HHH10001001: Connection properties: {password=root, user=postgres}
13:05:23.149 [main] INFO  o.hibernate.orm.connections.pooling - HHH10001003: Autocommit mode: false
13:05:23.152 [main] DEBUG o.h.e.j.c.i.DriverManagerConnectionProviderImpl - Initializing Connection pool with 1 Connections
13:05:23.152 [main] INFO  o.h.e.j.c.i.DriverManagerConnectionProviderImpl - HHH000115: Hibernate connection pool size: 20 (min=1)
13:05:23.305 [main] DEBUG o.h.e.j.e.i.JdbcEnvironmentInitiator - Database ->
       name : PostgreSQL
    version : 15.3
      major : 15
      minor : 3
13:05:23.305 [main] DEBUG o.h.e.j.e.i.JdbcEnvironmentInitiator - Driver ->
       name : PostgreSQL JDBC Driver
    version : 42.6.0
      major : 42
      minor : 6
13:05:23.305 [main] DEBUG o.h.e.j.e.i.JdbcEnvironmentInitiator - JDBC version : 4.2
13:05:23.312 [main] INFO  org.hibernate.dialect.Dialect - HHH000400: Using dialect: org.hibernate.dialect.PostgreSQLDialect
13:05:23.320 [main] DEBUG o.h.e.j.e.s.IdentifierHelperBuilder - JDBC driver metadata reported database stores quoted identifiers in neither upper, lower nor mixed case
13:05:23.338 [main] DEBUG o.hibernate.type.BasicTypeRegistry - Adding type registration pg-uuid -> org.hibernate.type.PostgresUUIDType@5e3a39cd
13:05:23.338 [main] DEBUG o.hibernate.type.BasicTypeRegistry - Adding type registration java.util.UUID -> org.hibernate.type.PostgresUUIDType@5e3a39cd
13:05:23.338 [main] DEBUG o.hibernate.type.BasicTypeRegistry - HHH000270: Type registration [java.util.UUID] overrides previous : org.hibernate.type.UUIDBinaryType@65a4798f
13:05:23.340 [main] DEBUG o.h.type.spi.TypeConfiguration$Scope - Scoping TypeConfiguration [org.hibernate.type.spi.TypeConfiguration@1917d90f] to MetadataBuildingContext [org.hibernate.boot.internal.MetadataBuildingContextRootImpl@66bfd864]
13:05:23.362 [main] DEBUG o.h.boot.model.relational.Namespace - Created database namespace [logicalName=Name{catalog=null, schema=null}, physicalName=Name{catalog=null, schema=null}]
13:05:23.369 [main] DEBUG org.hibernate.cfg.AnnotationBinder - Binding entity from annotated class: Abstract.TicketSeller
13:05:23.378 [main] DEBUG org.hibernate.cfg.Ejb3Column - Binding column: Ejb3DiscriminatorColumn{logicalColumnName'type', discriminatorTypeName='string'}
13:05:23.381 [main] DEBUG o.h.cfg.annotations.EntityBinder - Import with entity name TicketSeller
13:05:23.384 [main] DEBUG o.h.cfg.annotations.EntityBinder - Bind entity Abstract.TicketSeller on table TicketSeller
13:05:23.400 [main] DEBUG org.hibernate.cfg.Ejb3Column - Binding column: Ejb3Column{table=org.hibernate.mapping.Table(TicketSeller), mappingColumn=id, insertable=true, updatable=true, unique=false}
13:05:23.403 [main] DEBUG o.h.b.internal.ClassLoaderAccessImpl - Not known whether passed class name [Abstract.TicketSeller] is safe
13:05:23.403 [main] DEBUG o.h.b.internal.ClassLoaderAccessImpl - No temp ClassLoader provided; using live ClassLoader for loading potentially unsafe class : Abstract.TicketSeller
13:05:23.404 [main] DEBUG o.h.cfg.annotations.PropertyBinder - MetadataSourceProcessor property id with lazy=false
13:05:23.405 [main] DEBUG o.h.cfg.AbstractPropertyHolder - Attempting to locate auto-apply AttributeConverter for property [Abstract.TicketSeller:id]
13:05:23.406 [main] DEBUG o.h.c.annotations.SimpleValueBinder - building SimpleValue for id
13:05:23.406 [main] DEBUG o.h.cfg.annotations.PropertyBinder - Building property id
13:05:23.409 [main] DEBUG org.hibernate.cfg.BinderHelper - #makeIdGenerator(org.hibernate.mapping.SimpleValue([org.hibernate.mapping.Column(id)]), id, org.hibernate.id.enhanced.SequenceStyleGenerator, elCat_seq, ...)
13:05:23.410 [main] DEBUG org.hibernate.cfg.Ejb3Column - Binding column: Ejb3Column{table=org.hibernate.mapping.Table(TicketSeller), mappingColumn=seller_name, insertable=true, updatable=true, unique=false}
13:05:23.410 [main] DEBUG o.h.cfg.annotations.PropertyBinder - MetadataSourceProcessor property name with lazy=false
13:05:23.410 [main] DEBUG o.h.cfg.AbstractPropertyHolder - Attempting to locate auto-apply AttributeConverter for property [Abstract.TicketSeller:name]
13:05:23.411 [main] DEBUG o.h.c.annotations.SimpleValueBinder - building SimpleValue for name
13:05:23.411 [main] DEBUG o.h.cfg.annotations.PropertyBinder - Building property name
13:05:23.411 [main] DEBUG org.hibernate.cfg.Ejb3Column - Binding column: Ejb3JoinColumn{logicalColumnName='null', referencedColumn='null', mappedBy=''}
13:05:23.412 [main] DEBUG org.hibernate.cfg.Ejb3Column - Binding column: Ejb3Column{table=org.hibernate.mapping.Table(TicketSeller), mappingColumn=passes, insertable=true, updatable=true, unique=false}
13:05:23.413 [main] DEBUG org.hibernate.cfg.Ejb3Column - Binding column: Ejb3Column{table=org.hibernate.mapping.Table(TicketSeller), mappingColumn=null, insertable=true, updatable=true, unique=false}
13:05:23.417 [main] DEBUG org.hibernate.cfg.Ejb3Column - Binding column: Ejb3Column{table=org.hibernate.mapping.Table(TicketSeller), mappingColumn=element, insertable=true, updatable=true, unique=false}
13:05:23.418 [main] DEBUG org.hibernate.cfg.Ejb3Column - Binding column: Ejb3Column{table=org.hibernate.mapping.Table(TicketSeller), mappingColumn=passes_KEY, insertable=true, updatable=true, unique=false}
13:05:23.418 [main] DEBUG org.hibernate.cfg.Ejb3Column - Binding column: Ejb3JoinColumn{logicalColumnName='passes_KEY', referencedColumn='null', mappedBy='null'}
13:05:23.419 [main] DEBUG org.hibernate.cfg.Ejb3Column - Binding column: Ejb3JoinColumn{logicalColumnName='null', referencedColumn='null', mappedBy=''}
13:05:23.419 [main] DEBUG org.hibernate.cfg.Ejb3Column - Binding column: Ejb3JoinColumn{logicalColumnName='null', referencedColumn='null', mappedBy=''}
13:05:23.419 [main] DEBUG o.h.cfg.annotations.CollectionBinder - Collection role: Abstract.TicketSeller.passes
13:05:23.420 [main] DEBUG o.h.cfg.annotations.PropertyBinder - Building property passes
13:05:23.421 [main] DEBUG org.hibernate.cfg.Ejb3Column - Binding column: Ejb3JoinColumn{logicalColumnName='null', referencedColumn='null', mappedBy=''}
13:05:23.421 [main] DEBUG org.hibernate.cfg.Ejb3Column - Binding column: Ejb3Column{table=org.hibernate.mapping.Table(TicketSeller), mappingColumn=tickets, insertable=true, updatable=true, unique=false}
13:05:23.421 [main] DEBUG org.hibernate.cfg.Ejb3Column - Binding column: Ejb3Column{table=org.hibernate.mapping.Table(TicketSeller), mappingColumn=null, insertable=true, updatable=true, unique=false}
13:05:23.421 [main] DEBUG org.hibernate.cfg.Ejb3Column - Binding column: Ejb3Column{table=org.hibernate.mapping.Table(TicketSeller), mappingColumn=element, insertable=true, updatable=true, unique=false}
13:05:23.421 [main] DEBUG org.hibernate.cfg.Ejb3Column - Binding column: Ejb3Column{table=org.hibernate.mapping.Table(TicketSeller), mappingColumn=tickets_KEY, insertable=true, updatable=true, unique=false}
13:05:23.421 [main] DEBUG org.hibernate.cfg.Ejb3Column - Binding column: Ejb3JoinColumn{logicalColumnName='tickets_KEY', referencedColumn='null', mappedBy='null'}
13:05:23.421 [main] DEBUG org.hibernate.cfg.Ejb3Column - Binding column: Ejb3JoinColumn{logicalColumnName='null', referencedColumn='null', mappedBy=''}
13:05:23.421 [main] DEBUG org.hibernate.cfg.Ejb3Column - Binding column: Ejb3JoinColumn{logicalColumnName='null', referencedColumn='null', mappedBy=''}
13:05:23.421 [main] DEBUG o.h.cfg.annotations.CollectionBinder - Collection role: Abstract.TicketSeller.tickets
13:05:23.421 [main] DEBUG o.h.cfg.annotations.PropertyBinder - Building property tickets
13:05:23.424 [main] DEBUG org.hibernate.cfg.AnnotationBinder - Binding entity from annotated class: Classes.Card
13:05:23.425 [main] DEBUG org.hibernate.cfg.Ejb3Column - Binding column: Ejb3DiscriminatorColumn{logicalColumnName'DTYPE', discriminatorTypeName='string'}
13:05:23.425 [main] DEBUG o.h.cfg.annotations.EntityBinder - Import with entity name Card
13:05:23.425 [main] DEBUG o.h.cfg.annotations.EntityBinder - Bind entity Classes.Card on table Card
13:05:23.426 [main] DEBUG org.hibernate.cfg.Ejb3Column - Binding column: Ejb3Column{table=org.hibernate.mapping.Table(Card), mappingColumn=id, insertable=true, updatable=true, unique=false}
13:05:23.426 [main] DEBUG o.h.b.internal.ClassLoaderAccessImpl - Not known whether passed class name [Classes.Card] is safe
13:05:23.426 [main] DEBUG o.h.b.internal.ClassLoaderAccessImpl - No temp ClassLoader provided; using live ClassLoader for loading potentially unsafe class : Classes.Card
13:05:23.426 [main] DEBUG o.h.cfg.annotations.PropertyBinder - MetadataSourceProcessor property id with lazy=false
13:05:23.426 [main] DEBUG o.h.cfg.AbstractPropertyHolder - Attempting to locate auto-apply AttributeConverter for property [Classes.Card:id]
13:05:23.426 [main] DEBUG o.h.c.annotations.SimpleValueBinder - building SimpleValue for id
13:05:23.426 [main] DEBUG o.h.cfg.annotations.PropertyBinder - Building property id
13:05:23.426 [main] DEBUG org.hibernate.cfg.BinderHelper - #makeIdGenerator(org.hibernate.mapping.SimpleValue([org.hibernate.mapping.Column(id)]), id, identity, , ...)
13:05:23.426 [main] DEBUG org.hibernate.cfg.Ejb3Column - Binding column: Ejb3Column{table=org.hibernate.mapping.Table(Card), mappingColumn=emissionDate, insertable=true, updatable=true, unique=false}
13:05:23.427 [main] DEBUG o.h.cfg.annotations.PropertyBinder - MetadataSourceProcessor property emissionDate with lazy=false
13:05:23.427 [main] DEBUG o.h.cfg.AbstractPropertyHolder - Attempting to locate auto-apply AttributeConverter for property [Classes.Card:emissionDate]
13:05:23.427 [main] DEBUG o.h.c.annotations.SimpleValueBinder - building SimpleValue for emissionDate
13:05:23.427 [main] DEBUG o.h.cfg.annotations.PropertyBinder - Building property emissionDate
13:05:23.427 [main] DEBUG org.hibernate.cfg.Ejb3Column - Binding column: Ejb3Column{table=org.hibernate.mapping.Table(Card), mappingColumn=expirationDate, insertable=true, updatable=true, unique=false}
13:05:23.427 [main] DEBUG o.h.cfg.annotations.PropertyBinder - MetadataSourceProcessor property expirationDate with lazy=false
13:05:23.427 [main] DEBUG o.h.cfg.AbstractPropertyHolder - Attempting to locate auto-apply AttributeConverter for property [Classes.Card:expirationDate]
13:05:23.427 [main] DEBUG o.h.c.annotations.SimpleValueBinder - building SimpleValue for expirationDate
13:05:23.427 [main] DEBUG o.h.cfg.annotations.PropertyBinder - Building property expirationDate
13:05:23.427 [main] DEBUG org.hibernate.cfg.Ejb3Column - Binding column: Ejb3JoinColumn{logicalColumnName='null', referencedColumn='null', mappedBy='cardNum'}
13:05:23.427 [main] DEBUG org.hibernate.cfg.Ejb3Column - Binding column: Ejb3Column{table=org.hibernate.mapping.Table(Card), mappingColumn=person, insertable=true, updatable=true, unique=false}
13:05:23.428 [main] DEBUG org.hibernate.cfg.AnnotationBinder - Binding entity from annotated class: Classes.Person
13:05:23.428 [main] DEBUG org.hibernate.cfg.Ejb3Column - Binding column: Ejb3DiscriminatorColumn{logicalColumnName'DTYPE', discriminatorTypeName='string'}
13:05:23.429 [main] DEBUG o.h.cfg.annotations.EntityBinder - Import with entity name Person
13:05:23.429 [main] DEBUG o.h.cfg.annotations.EntityBinder - Bind entity Classes.Person on table Person
13:05:23.429 [main] DEBUG org.hibernate.cfg.Ejb3Column - Binding column: Ejb3Column{table=org.hibernate.mapping.Table(Person), mappingColumn=id, insertable=true, updatable=true, unique=false}
13:05:23.429 [main] DEBUG o.h.b.internal.ClassLoaderAccessImpl - Not known whether passed class name [Classes.Person] is safe
13:05:23.429 [main] DEBUG o.h.b.internal.ClassLoaderAccessImpl - No temp ClassLoader provided; using live ClassLoader for loading potentially unsafe class : Classes.Person
13:05:23.429 [main] DEBUG o.h.cfg.annotations.PropertyBinder - MetadataSourceProcessor property id with lazy=false
13:05:23.429 [main] DEBUG o.h.cfg.AbstractPropertyHolder - Attempting to locate auto-apply AttributeConverter for property [Classes.Person:id]
13:05:23.429 [main] DEBUG o.h.c.annotations.SimpleValueBinder - building SimpleValue for id
13:05:23.429 [main] DEBUG o.h.cfg.annotations.PropertyBinder - Building property id
13:05:23.430 [main] DEBUG org.hibernate.cfg.BinderHelper - #makeIdGenerator(org.hibernate.mapping.SimpleValue([org.hibernate.mapping.Column(id)]), id, identity, , ...)
13:05:23.430 [main] DEBUG org.hibernate.cfg.Ejb3Column - Binding column: Ejb3Column{table=org.hibernate.mapping.Table(Person), mappingColumn=birthdate, insertable=true, updatable=true, unique=false}
13:05:23.430 [main] DEBUG o.h.cfg.annotations.PropertyBinder - MetadataSourceProcessor property birthdate with lazy=false
13:05:23.430 [main] DEBUG o.h.cfg.AbstractPropertyHolder - Attempting to locate auto-apply AttributeConverter for property [Classes.Person:birthdate]
13:05:23.430 [main] DEBUG o.h.c.annotations.SimpleValueBinder - building SimpleValue for birthdate
13:05:23.430 [main] DEBUG o.h.cfg.annotations.PropertyBinder - Building property birthdate
13:05:23.430 [main] DEBUG org.hibernate.cfg.Ejb3Column - Binding column: Ejb3JoinColumn{logicalColumnName='null', referencedColumn='null', mappedBy=''}
13:05:23.430 [main] DEBUG org.hibernate.cfg.Ejb3Column - Binding column: Ejb3Column{table=org.hibernate.mapping.Table(Person), mappingColumn=cardNum, insertable=true, updatable=true, unique=false}
13:05:23.431 [main] DEBUG o.h.cfg.annotations.PropertyBinder - Building property cardNum
13:05:23.431 [main] DEBUG org.hibernate.cfg.Ejb3Column - Binding column: Ejb3Column{table=org.hibernate.mapping.Table(Person), mappingColumn=firstName, insertable=true, updatable=true, unique=false}
13:05:23.431 [main] DEBUG o.h.cfg.annotations.PropertyBinder - MetadataSourceProcessor property firstName with lazy=false
13:05:23.431 [main] DEBUG o.h.cfg.AbstractPropertyHolder - Attempting to locate auto-apply AttributeConverter for property [Classes.Person:firstName]
13:05:23.431 [main] DEBUG o.h.c.annotations.SimpleValueBinder - building SimpleValue for firstName
13:05:23.432 [main] DEBUG o.h.cfg.annotations.PropertyBinder - Building property firstName
13:05:23.432 [main] DEBUG org.hibernate.cfg.Ejb3Column - Binding column: Ejb3Column{table=org.hibernate.mapping.Table(Person), mappingColumn=lastName, insertable=true, updatable=true, unique=false}
13:05:23.432 [main] DEBUG o.h.cfg.annotations.PropertyBinder - MetadataSourceProcessor property lastName with lazy=false
13:05:23.432 [main] DEBUG o.h.cfg.AbstractPropertyHolder - Attempting to locate auto-apply AttributeConverter for property [Classes.Person:lastName]
13:05:23.432 [main] DEBUG o.h.c.annotations.SimpleValueBinder - building SimpleValue for lastName
13:05:23.432 [main] DEBUG o.h.cfg.annotations.PropertyBinder - Building property lastName
13:05:23.432 [main] DEBUG org.hibernate.cfg.AnnotationBinder - Binding entity from annotated class: Classes.Ticket
13:05:23.432 [main] DEBUG org.hibernate.cfg.Ejb3Column - Binding column: Ejb3DiscriminatorColumn{logicalColumnName'DTYPE', discriminatorTypeName='string'}
13:05:23.432 [main] DEBUG o.h.cfg.annotations.EntityBinder - Import with entity name Ticket
13:05:23.432 [main] DEBUG o.h.cfg.annotations.EntityBinder - Bind entity Classes.Ticket on table Ticket
13:05:23.433 [main] DEBUG org.hibernate.cfg.Ejb3Column - Binding column: Ejb3Column{table=org.hibernate.mapping.Table(Ticket), mappingColumn=id, insertable=true, updatable=true, unique=false}
13:05:23.433 [main] DEBUG o.h.b.internal.ClassLoaderAccessImpl - Not known whether passed class name [Classes.Ticket] is safe
13:05:23.433 [main] DEBUG o.h.b.internal.ClassLoaderAccessImpl - No temp ClassLoader provided; using live ClassLoader for loading potentially unsafe class : Classes.Ticket
13:05:23.434 [main] DEBUG o.h.cfg.annotations.PropertyBinder - MetadataSourceProcessor property id with lazy=false
13:05:23.434 [main] DEBUG o.h.cfg.AbstractPropertyHolder - Attempting to locate auto-apply AttributeConverter for property [Classes.Ticket:id]
13:05:23.434 [main] DEBUG o.h.c.annotations.SimpleValueBinder - building SimpleValue for id
13:05:23.434 [main] DEBUG o.h.cfg.annotations.PropertyBinder - Building property id
13:05:23.434 [main] DEBUG org.hibernate.cfg.BinderHelper - #makeIdGenerator(org.hibernate.mapping.SimpleValue([org.hibernate.mapping.Column(id)]), id, identity, , ...)
13:05:23.434 [main] DEBUG org.hibernate.cfg.Ejb3Column - Binding column: Ejb3JoinColumn{logicalColumnName='null', referencedColumn='null', mappedBy='null'}
13:05:23.434 [main] DEBUG org.hibernate.cfg.Ejb3Column - Binding column: Ejb3Column{table=org.hibernate.mapping.Table(Ticket), mappingColumn=seller, insertable=true, updatable=true, unique=false}
13:05:23.434 [main] DEBUG o.h.cfg.annotations.PropertyBinder - Building property seller
13:05:23.434 [main] DEBUG org.hibernate.cfg.AnnotationBinder - Binding entity from annotated class: Classes.Pass
13:05:23.435 [main] DEBUG o.h.cfg.annotations.EntityBinder - Import with entity name Pass
13:05:23.435 [main] DEBUG org.hibernate.cfg.Ejb3Column - Binding column: Ejb3JoinColumn{logicalColumnName='null', referencedColumn='null', mappedBy=''}
13:05:23.435 [main] DEBUG org.hibernate.cfg.Ejb3Column - Binding column: Ejb3Column{table=org.hibernate.mapping.Table(Ticket), mappingColumn=person, insertable=true, updatable=true, unique=false}
13:05:23.437 [main] DEBUG o.h.cfg.annotations.PropertyBinder - Building property person
13:05:23.437 [main] DEBUG org.hibernate.cfg.Ejb3Column - Binding column: Ejb3JoinColumn{logicalColumnName='null', referencedColumn='null', mappedBy='null'}
13:05:23.437 [main] DEBUG org.hibernate.cfg.Ejb3Column - Binding column: Ejb3Column{table=org.hibernate.mapping.Table(Ticket), mappingColumn=sellers, insertable=true, updatable=true, unique=false}
13:05:23.437 [main] DEBUG o.h.cfg.annotations.PropertyBinder - Building property sellers
13:05:23.437 [main] DEBUG org.hibernate.cfg.Ejb3Column - Binding column: Ejb3Column{table=org.hibernate.mapping.Table(Ticket), mappingColumn=validity, insertable=true, updatable=true, unique=false}
13:05:23.437 [main] DEBUG o.h.cfg.annotations.PropertyBinder - MetadataSourceProcessor property validity with lazy=false
13:05:23.437 [main] DEBUG o.h.cfg.AbstractPropertyHolder - Attempting to locate auto-apply AttributeConverter for property [Classes.Pass:validity]
13:05:23.438 [main] DEBUG o.h.c.annotations.SimpleValueBinder - building SimpleValue for validity
13:05:23.438 [main] DEBUG o.h.cfg.annotations.PropertyBinder - Building property validity
13:05:23.438 [main] DEBUG org.hibernate.cfg.AnnotationBinder - Binding entity from annotated class: Classes.Shop
13:05:23.439 [main] DEBUG o.h.cfg.annotations.EntityBinder - Import with entity name Shop
13:05:23.439 [main] DEBUG org.hibernate.cfg.AnnotationBinder - Skipping attribute [java.util.List : passes] as it was already processed as part of super hierarchy
13:05:23.439 [main] DEBUG org.hibernate.cfg.Ejb3Column - Binding column: Ejb3JoinColumn{logicalColumnName='null', referencedColumn='null', mappedBy=''}
13:05:23.439 [main] DEBUG org.hibernate.cfg.Ejb3Column - Binding column: Ejb3Column{table=org.hibernate.mapping.Table(TicketSeller), mappingColumn=people, insertable=true, updatable=true, unique=false}
13:05:23.439 [main] DEBUG org.hibernate.cfg.Ejb3Column - Binding column: Ejb3Column{table=org.hibernate.mapping.Table(TicketSeller), mappingColumn=null, insertable=true, updatable=true, unique=false}
13:05:23.439 [main] DEBUG org.hibernate.cfg.Ejb3Column - Binding column: Ejb3Column{table=org.hibernate.mapping.Table(TicketSeller), mappingColumn=element, insertable=true, updatable=true, unique=false}
13:05:23.439 [main] DEBUG org.hibernate.cfg.Ejb3Column - Binding column: Ejb3Column{table=org.hibernate.mapping.Table(TicketSeller), mappingColumn=people_KEY, insertable=true, updatable=true, unique=false}
13:05:23.439 [main] DEBUG org.hibernate.cfg.Ejb3Column - Binding column: Ejb3JoinColumn{logicalColumnName='people_KEY', referencedColumn='null', mappedBy='null'}
13:05:23.439 [main] DEBUG org.hibernate.cfg.Ejb3Column - Binding column: Ejb3JoinColumn{logicalColumnName='null', referencedColumn='null', mappedBy=''}
13:05:23.439 [main] DEBUG org.hibernate.cfg.Ejb3Column - Binding column: Ejb3JoinColumn{logicalColumnName='null', referencedColumn='null', mappedBy=''}
13:05:23.439 [main] DEBUG o.h.cfg.annotations.CollectionBinder - Collection role: Classes.Shop.people
13:05:23.440 [main] DEBUG o.h.cfg.annotations.PropertyBinder - Building property people
13:05:23.440 [main] DEBUG org.hibernate.cfg.AnnotationBinder - Skipping attribute [java.util.List : tickets] as it was already processed as part of super hierarchy
13:05:23.440 [main] DEBUG org.hibernate.cfg.AnnotationBinder - Binding entity from annotated class: Classes.VendingMachine
13:05:23.440 [main] DEBUG o.h.cfg.annotations.EntityBinder - Import with entity name VendingMachine
13:05:23.440 [main] DEBUG org.hibernate.cfg.Ejb3Column - Binding column: Ejb3Column{table=org.hibernate.mapping.Table(TicketSeller), mappingColumn=isWorking, insertable=true, updatable=true, unique=false}
13:05:23.440 [main] DEBUG o.h.cfg.annotations.PropertyBinder - MetadataSourceProcessor property isWorking with lazy=false
13:05:23.440 [main] DEBUG o.h.cfg.AbstractPropertyHolder - Attempting to locate auto-apply AttributeConverter for property [Classes.VendingMachine:isWorking]
13:05:23.440 [main] DEBUG o.h.c.annotations.SimpleValueBinder - building SimpleValue for isWorking
13:05:23.440 [main] DEBUG o.h.cfg.annotations.PropertyBinder - Building property isWorking
13:05:23.441 [main] DEBUG o.h.c.annotations.SimpleValueBinder - Starting fillSimpleValue for id
13:05:23.441 [main] DEBUG o.h.c.annotations.SimpleValueBinder - Starting fillSimpleValue for name
13:05:23.441 [main] DEBUG o.h.c.annotations.SimpleValueBinder - Starting fillSimpleValue for id
13:05:23.441 [main] DEBUG o.h.c.annotations.SimpleValueBinder - Starting fillSimpleValue for emissionDate
13:05:23.441 [main] DEBUG o.h.c.annotations.SimpleValueBinder - Starting fillSimpleValue for expirationDate
13:05:23.441 [main] DEBUG o.h.c.annotations.SimpleValueBinder - Starting fillSimpleValue for id
13:05:23.441 [main] DEBUG o.h.c.annotations.SimpleValueBinder - Starting fillSimpleValue for birthdate
13:05:23.442 [main] DEBUG o.h.c.annotations.SimpleValueBinder - Starting fillSimpleValue for firstName
13:05:23.442 [main] DEBUG o.h.c.annotations.SimpleValueBinder - Starting fillSimpleValue for lastName
13:05:23.442 [main] DEBUG o.h.c.annotations.SimpleValueBinder - Starting fillSimpleValue for id
13:05:23.442 [main] DEBUG o.h.c.annotations.SimpleValueBinder - Starting fillSimpleValue for validity
13:05:23.442 [main] DEBUG o.h.c.annotations.SimpleValueBinder - Starting fillSimpleValue for isWorking
13:05:23.445 [main] DEBUG org.hibernate.mapping.PrimaryKey - Forcing column [id] to be non-null as it is part of the primary key for table [ticketseller]
13:05:23.445 [main] DEBUG org.hibernate.mapping.PrimaryKey - Forcing column [id] to be non-null as it is part of the primary key for table [card]
13:05:23.445 [main] DEBUG org.hibernate.mapping.PrimaryKey - Forcing column [id] to be non-null as it is part of the primary key for table [person]
13:05:23.445 [main] DEBUG org.hibernate.mapping.PrimaryKey - Forcing column [id] to be non-null as it is part of the primary key for table [ticket]
13:05:23.445 [main] DEBUG o.hibernate.cfg.CollectionSecondPass - Second pass for collection: Classes.Shop.people
13:05:23.445 [main] DEBUG o.h.cfg.annotations.CollectionBinder - Binding a OneToMany: Classes.Shop.people through an association table
13:05:23.449 [main] DEBUG o.hibernate.cfg.CollectionSecondPass - Mapped collection key: Shop_id, element: people_id
13:05:23.449 [main] DEBUG o.hibernate.cfg.CollectionSecondPass - Second pass for collection: Abstract.TicketSeller.tickets
13:05:23.449 [main] DEBUG o.h.cfg.annotations.CollectionBinder - Binding a OneToMany: Abstract.TicketSeller.tickets through an association table
13:05:23.449 [main] DEBUG o.hibernate.cfg.CollectionSecondPass - Mapped collection key: TicketSeller_id, element: tickets_id
13:05:23.450 [main] DEBUG o.hibernate.cfg.CollectionSecondPass - Second pass for collection: Abstract.TicketSeller.passes
13:05:23.450 [main] DEBUG o.h.cfg.annotations.CollectionBinder - Binding a OneToMany: Abstract.TicketSeller.passes through an association table
13:05:23.450 [main] DEBUG o.hibernate.cfg.CollectionSecondPass - Mapped collection key: TicketSeller_id, element: passes_id
13:05:23.451 [main] DEBUG o.h.cfg.annotations.PropertyBinder - Building property person
13:05:23.451 [main] DEBUG o.h.b.i.InFlightMetadataCollectorImpl - Processing association property references
13:05:23.451 [main] DEBUG o.h.b.i.InFlightMetadataCollectorImpl - Resolving reference to class: Classes.Card
13:05:23.452 [main] DEBUG o.h.b.i.InFlightMetadataCollectorImpl - Resolving reference to class: Abstract.TicketSeller
13:05:23.452 [main] DEBUG o.h.b.i.InFlightMetadataCollectorImpl - Resolving reference to class: Classes.Person
13:05:23.452 [main] DEBUG o.h.b.i.InFlightMetadataCollectorImpl - Resolving reference to class: Abstract.TicketSeller
13:05:23.453 [main] DEBUG o.h.b.i.InFlightMetadataCollectorImpl - Resolving reference to class: Classes.Person
13:05:23.453 [main] DEBUG o.h.b.i.InFlightMetadataCollectorImpl - Resolving reference to class: Classes.Shop
13:05:23.453 [main] DEBUG o.h.b.i.InFlightMetadataCollectorImpl - Resolving reference to class: Classes.Ticket
13:05:23.453 [main] DEBUG o.h.b.i.InFlightMetadataCollectorImpl - Resolving reference to class: Abstract.TicketSeller
13:05:23.453 [main] DEBUG o.h.b.i.InFlightMetadataCollectorImpl - Resolving reference to class: Classes.Pass
13:05:23.454 [main] DEBUG o.h.b.i.InFlightMetadataCollectorImpl - Processing association property references
13:05:23.454 [main] DEBUG o.h.b.i.InFlightMetadataCollectorImpl - Resolving reference to class: Classes.Card
13:05:23.454 [main] DEBUG o.h.b.i.InFlightMetadataCollectorImpl - Resolving reference to class: Abstract.TicketSeller
13:05:23.454 [main] DEBUG o.h.b.i.InFlightMetadataCollectorImpl - Resolving reference to class: Classes.Person
13:05:23.454 [main] DEBUG o.h.b.i.InFlightMetadataCollectorImpl - Resolving reference to class: Abstract.TicketSeller
13:05:23.454 [main] DEBUG o.h.b.i.InFlightMetadataCollectorImpl - Resolving reference to class: Classes.Person
13:05:23.454 [main] DEBUG o.h.b.i.InFlightMetadataCollectorImpl - Resolving reference to class: Classes.Shop
13:05:23.454 [main] DEBUG o.h.b.i.InFlightMetadataCollectorImpl - Resolving reference to class: Classes.Ticket
13:05:23.454 [main] DEBUG o.h.b.i.InFlightMetadataCollectorImpl - Resolving reference to class: Abstract.TicketSeller
13:05:23.454 [main] DEBUG o.h.b.i.InFlightMetadataCollectorImpl - Resolving reference to class: Classes.Pass
13:05:23.483 [main] DEBUG o.h.internal.SessionFactoryImpl - Building session factory
13:05:23.484 [main] DEBUG org.hibernate.cfg.Settings - SessionFactory name : null
13:05:23.484 [main] DEBUG org.hibernate.cfg.Settings - Automatic flush during beforeCompletion(): enabled
13:05:23.484 [main] DEBUG org.hibernate.cfg.Settings - Automatic session close at end of transaction: disabled
13:05:23.484 [main] DEBUG org.hibernate.cfg.Settings - Statistics: disabled
13:05:23.484 [main] DEBUG org.hibernate.cfg.Settings - Deleted entity synthetic identifier rollback: disabled
13:05:23.484 [main] DEBUG org.hibernate.cfg.Settings - Default entity-mode: pojo
13:05:23.484 [main] DEBUG org.hibernate.cfg.Settings - Check Nullability in Core (should be disabled when Bean Validation is on): enabled
13:05:23.484 [main] DEBUG org.hibernate.cfg.Settings - Allow initialization of lazy state outside session : disabled
13:05:23.484 [main] DEBUG org.hibernate.cfg.Settings - Using BatchFetchStyle : LEGACY
13:05:23.484 [main] DEBUG org.hibernate.cfg.Settings - Default batch fetch size: -1
13:05:23.484 [main] DEBUG org.hibernate.cfg.Settings - Maximum outer join fetch depth: null
13:05:23.484 [main] DEBUG org.hibernate.cfg.Settings - Default null ordering: NONE
13:05:23.484 [main] DEBUG org.hibernate.cfg.Settings - Order SQL updates by primary key: disabled
13:05:23.484 [main] DEBUG org.hibernate.cfg.Settings - Order SQL inserts for batching: disabled
13:05:23.484 [main] DEBUG org.hibernate.cfg.Settings - multi-tenancy strategy : NONE
13:05:23.484 [main] DEBUG org.hibernate.cfg.Settings - JTA Track by Thread: enabled
13:05:23.484 [main] DEBUG org.hibernate.cfg.Settings - Query language substitutions: {}
13:05:23.484 [main] DEBUG org.hibernate.cfg.Settings - Named query checking : enabled
13:05:23.484 [main] DEBUG org.hibernate.cfg.Settings - Second-level cache: disabled
13:05:23.484 [main] DEBUG org.hibernate.cfg.Settings - Second-level query cache: disabled
13:05:23.484 [main] DEBUG org.hibernate.cfg.Settings - Second-level query cache factory: null
13:05:23.484 [main] DEBUG org.hibernate.cfg.Settings - Second-level cache region prefix: null
13:05:23.484 [main] DEBUG org.hibernate.cfg.Settings - Optimize second-level cache for minimal puts: disabled
13:05:23.484 [main] DEBUG org.hibernate.cfg.Settings - Structured second-level cache entries: disabled
13:05:23.484 [main] DEBUG org.hibernate.cfg.Settings - Second-level cache direct-reference entries: disabled
13:05:23.484 [main] DEBUG org.hibernate.cfg.Settings - Automatic eviction of collection cache: disabled
13:05:23.484 [main] DEBUG org.hibernate.cfg.Settings - JDBC batch size: 15
13:05:23.484 [main] DEBUG org.hibernate.cfg.Settings - JDBC batch updates for versioned data: enabled
13:05:23.484 [main] DEBUG org.hibernate.cfg.Settings - Scrollable result sets: enabled
13:05:23.484 [main] DEBUG org.hibernate.cfg.Settings - Wrap result sets: disabled
13:05:23.485 [main] DEBUG org.hibernate.cfg.Settings - JDBC3 getGeneratedKeys(): enabled
13:05:23.485 [main] DEBUG org.hibernate.cfg.Settings - JDBC result set fetch size: null
13:05:23.485 [main] DEBUG org.hibernate.cfg.Settings - Connection release mode: AFTER_TRANSACTION
13:05:23.485 [main] DEBUG org.hibernate.cfg.Settings - Generate SQL with comments: disabled
13:05:23.485 [main] DEBUG org.hibernate.cfg.Settings - JPA compliance - query : disabled
13:05:23.485 [main] DEBUG org.hibernate.cfg.Settings - JPA compliance - closed-handling : disabled
13:05:23.485 [main] DEBUG org.hibernate.cfg.Settings - JPA compliance - lists : disabled
13:05:23.485 [main] DEBUG org.hibernate.cfg.Settings - JPA compliance - transactions : disabled
13:05:23.490 [main] DEBUG o.h.b.internal.ClassLoaderAccessImpl - Not known whether passed class name [Classes.Pass] is safe
13:05:23.490 [main] DEBUG o.h.b.internal.ClassLoaderAccessImpl - No temp ClassLoader provided; using live ClassLoader for loading potentially unsafe class : Classes.Pass
13:05:23.490 [main] DEBUG o.h.b.internal.ClassLoaderAccessImpl - Not known whether passed class name [Classes.Shop] is safe
13:05:23.490 [main] DEBUG o.h.b.internal.ClassLoaderAccessImpl - No temp ClassLoader provided; using live ClassLoader for loading potentially unsafe class : Classes.Shop
13:05:23.490 [main] DEBUG o.h.b.internal.ClassLoaderAccessImpl - Not known whether passed class name [Classes.VendingMachine] is safe
13:05:23.490 [main] DEBUG o.h.b.internal.ClassLoaderAccessImpl - No temp ClassLoader provided; using live ClassLoader for loading potentially unsafe class : Classes.VendingMachine
13:05:23.515 [main] DEBUG o.h.s.i.SessionFactoryServiceRegistryImpl - EventListenerRegistry access via ServiceRegistry is deprecated.  Use `sessionFactory.getEventEngine().getListenerRegistry()` instead
13:05:23.517 [main] DEBUG o.h.s.i.SessionFactoryServiceRegistryImpl - EventListenerRegistry access via ServiceRegistry is deprecated.  Use `sessionFactory.getEventEngine().getListenerRegistry()` instead
13:05:23.524 [main] DEBUG o.h.internal.SessionFactoryImpl - Session factory constructed with filter configurations : {}
13:05:23.527 [main] DEBUG o.h.internal.SessionFactoryImpl - Instantiating session factory with properties: {java.specification.version=17, sun.cpu.isalist=amd64, sun.jnu.encoding=Cp1252, hibernate.dialect=org.hibernate.dialect.PostgreSQLDialect, java.class.path=C:\Users\total\Desktop\All\Epicode\fs0223-Luca-Sernicola-BackEnd\BuildWeek_4\target\classes;C:\Users\total\.m2\repository\ch\qos\logback\logback-classic\1.4.8\logback-classic-1.4.8.jar;C:\Users\total\.m2\repository\ch\qos\logback\logback-core\1.4.8\logback-core-1.4.8.jar;C:\Users\total\.m2\repository\org\slf4j\slf4j-api\2.0.7\slf4j-api-2.0.7.jar;C:\Users\total\.m2\repository\commons-io\commons-io\2.13.0\commons-io-2.13.0.jar;C:\Users\total\.m2\repository\org\postgresql\postgresql\42.6.0\postgresql-42.6.0.jar;C:\Users\total\.m2\repository\org\checkerframework\checker-qual\3.31.0\checker-qual-3.31.0.jar;C:\Users\total\.m2\repository\org\hibernate\hibernate-core\5.6.15.Final\hibernate-core-5.6.15.Final.jar;C:\Users\total\.m2\repository\org\jboss\logging\jboss-logging\3.4.3.Final\jboss-logging-3.4.3.Final.jar;C:\Users\total\.m2\repository\javax\persistence\javax.persistence-api\2.2\javax.persistence-api-2.2.jar;C:\Users\total\.m2\repository\net\bytebuddy\byte-buddy\1.12.18\byte-buddy-1.12.18.jar;C:\Users\total\.m2\repository\antlr\antlr\2.7.7\antlr-2.7.7.jar;C:\Users\total\.m2\repository\org\jboss\spec\javax\transaction\jboss-transaction-api_1.2_spec\1.1.1.Final\jboss-transaction-api_1.2_spec-1.1.1.Final.jar;C:\Users\total\.m2\repository\org\jboss\jandex\2.4.2.Final\jandex-2.4.2.Final.jar;C:\Users\total\.m2\repository\com\fasterxml\classmate\1.5.1\classmate-1.5.1.jar;C:\Users\total\.m2\repository\javax\activation\javax.activation-api\1.2.0\javax.activation-api-1.2.0.jar;C:\Users\total\.m2\repository\org\hibernate\common\hibernate-commons-annotations\5.1.2.Final\hibernate-commons-annotations-5.1.2.Final.jar;C:\Users\total\.m2\repository\javax\xml\bind\jaxb-api\2.3.1\jaxb-api-2.3.1.jar;C:\Users\total\.m2\repository\org\glassfish\jaxb\jaxb-runtime\2.3.1\jaxb-runtime-2.3.1.jar;C:\Users\total\.m2\repository\org\glassfish\jaxb\txw2\2.3.1\txw2-2.3.1.jar;C:\Users\total\.m2\repository\com\sun\istack\istack-commons-runtime\3.0.7\istack-commons-runtime-3.0.7.jar;C:\Users\total\.m2\repository\org\jvnet\staxex\stax-ex\1.8\stax-ex-1.8.jar;C:\Users\total\.m2\repository\com\sun\xml\fastinfoset\FastInfoset\1.2.15\FastInfoset-1.2.15.jar;C:\Users\total\Desktop\All\Epicode\fs0223-Luca-Sernicola-BackEnd\Homework_W3_D3\target\classes, java.vm.vendor=Eclipse Adoptium, sun.arch.data.model=64, user.variant=, java.vendor.url=https://adoptium.net/, user.timezone=Europe/Rome, javax.persistence.jdbc.url=jdbc:postgresql://localhost:5432/BuildWeek, javax.persistence.jdbc.user=****, java.vm.specification.version=17, os.name=Windows 11, jakarta.persistence.jdbc.password=****, sun.java.launcher=SUN_STANDARD, user.country=US, local.setting.IS_JTA_TXN_COORD=false, sun.boot.library.path=C:\Users\total\.p2\pool\plugins\org.eclipse.justj.openjdk.hotspot.jre.full.win32.x86_64_17.0.7.v20230425-1502\jre\bin, sun.java.command=MainClass.MainClass, jdk.debug=release, jakarta.persistence.jdbc.driver=org.postgresql.Driver, sun.cpu.endian=little, user.home=C:\Users\total, user.language=en, java.specification.vendor=Oracle Corporation, java.version.date=2023-04-18, java.home=C:\Users\total\.p2\pool\plugins\org.eclipse.justj.openjdk.hotspot.jre.full.win32.x86_64_17.0.7.v20230425-1502\jre, file.separator=\, java.vm.compressedOopsMode=Zero based, jakarta.persistence.jdbc.user=****, line.separator=
, hibernate.persistenceUnitName=BuildWeek_4, java.vm.specification.vendor=Oracle Corporation, java.specification.name=Java Platform API Specification, hibernate.transaction.coordinator_class=class org.hibernate.resource.transaction.backend.jdbc.internal.JdbcResourceLocalTransactionCoordinatorBuilderImpl, javax.persistence.jdbc.driver=org.postgresql.Driver, hibernate.hbm2ddl.auto=update, user.script=, sun.management.compiler=HotSpot 64-Bit Tiered Compilers, java.runtime.version=17.0.7+7, user.name=total, path.separator=;, hibernate.connection.username=****, os.version=10.0, java.runtime.name=OpenJDK Runtime Environment, hibernate.connection.url=jdbc:postgresql://localhost:5432/BuildWeek, file.encoding=UTF-8, hibernate.ejb.persistenceUnitName=BuildWeek_4, java.vm.name=OpenJDK 64-Bit Server VM, java.vendor.version=Temurin-17.0.7+7, hibernate.connection.driver_class=org.postgresql.Driver, java.vendor.url.bug=https://github.com/adoptium/adoptium-support/issues, java.io.tmpdir=C:\Users\total\AppData\Local\Temp\, java.version=17.0.7, user.dir=C:\Users\total\Desktop\All\Epicode\fs0223-Luca-Sernicola-BackEnd\BuildWeek_4, os.arch=amd64, java.vm.specification.name=Java Virtual Machine Specification, hibernate.connection.password=****, sun.os.patch.level=, jakarta.persistence.jdbc.url=jdbc:postgresql://localhost:5432/BuildWeek, hibernate.boot.CfgXmlAccessService.key=org.hibernate.boot.registry.StandardServiceRegistryBuilder$1@58496c97, native.encoding=Cp1252, java.library.path=C:\Users\total\.p2\pool\plugins\org.eclipse.justj.openjdk.hotspot.jre.full.win32.x86_64_17.0.7.v20230425-1502\jre\bin;C:\windows\Sun\Java\bin;C:\windows\system32;C:\windows;C:/Users/total/.p2/pool/plugins/org.eclipse.justj.openjdk.hotspot.jre.full.win32.x86_64_17.0.7.v20230425-1502/jre/bin/server;C:/Users/total/.p2/pool/plugins/org.eclipse.justj.openjdk.hotspot.jre.full.win32.x86_64_17.0.7.v20230425-1502/jre/bin;C:\Program Files\Eclipse Adoptium\jdk-17.0.7.7-hotspot\bin;C:\Program Files (x86)\NVIDIA Corporation\PhysX\Common;C:\windows\system32;C:\windows;C:\windows\System32\Wbem;C:\windows\System32\WindowsPowerShell\v1.0\;C:\windows\System32\OpenSSH\;C:\Program Files\Git\cmd;C:\Program Files\nodejs\;C:\Users\total\AppData\Local\Microsoft\WindowsApps;C:\Users\total\AppData\Local\Programs\Microsoft VS Code\bin;C:\Users\total\AppData\Roaming\npm;C:\Users\total\AppData\Local\GitHubDesktop\bin;C:\windows\System32;;., java.vendor=Eclipse Adoptium, java.vm.info=mixed mode, java.vm.version=17.0.7+7, hibernate.bytecode.use_reflection_optimizer=false, sun.io.unicode.encoding=UnicodeLittle, javax.persistence.jdbc.password=****, java.class.version=61.0}
13:05:23.535 [main] DEBUG o.h.secure.spi.JaccIntegrator - Skipping JACC integration as it was not enabled
13:05:23.539 [main] DEBUG org.hibernate.type.EnumType - Using ORDINAL-based conversion for Enum Enums.Validity
13:05:23.540 [main] DEBUG o.h.internal.SessionFactoryImpl - Instantiated session factory
13:05:23.540 [main] DEBUG o.h.type.spi.TypeConfiguration$Scope - Scoping TypeConfiguration [org.hibernate.type.spi.TypeConfiguration@1917d90f] to SessionFactoryImpl [org.hibernate.internal.SessionFactoryImpl@4e1ce44]
13:05:23.573 [main] DEBUG o.h.b.internal.ClassLoaderAccessImpl - Not known whether passed class name [Abstract.TicketSeller] is safe
13:05:23.573 [main] DEBUG o.h.b.internal.ClassLoaderAccessImpl - No temp ClassLoader provided; using live ClassLoader for loading potentially unsafe class : Abstract.TicketSeller
13:05:23.575 [main] DEBUG o.h.b.internal.ClassLoaderAccessImpl - Not known whether passed class name [Classes.Shop] is safe
13:05:23.575 [main] DEBUG o.h.b.internal.ClassLoaderAccessImpl - No temp ClassLoader provided; using live ClassLoader for loading potentially unsafe class : Classes.Shop
13:05:23.575 [main] DEBUG o.h.b.internal.ClassLoaderAccessImpl - Not known whether passed class name [Classes.VendingMachine] is safe
13:05:23.575 [main] DEBUG o.h.b.internal.ClassLoaderAccessImpl - No temp ClassLoader provided; using live ClassLoader for loading potentially unsafe class : Classes.VendingMachine
13:05:23.678 [main] DEBUG o.hibernate.orm.bytecode.interceptor - To-one property `Classes.Card#person` was mapped with LAZY + NO_PROXY but the class was not enhanced
13:05:23.679 [main] DEBUG o.hibernate.orm.bytecode.interceptor - To-one property `Classes.Card#person` was mapped with LAZY + NO_PROXY but the class was not enhanced
13:05:23.679 [main] DEBUG o.h.b.internal.ClassLoaderAccessImpl - Not known whether passed class name [Classes.Card] is safe
13:05:23.679 [main] DEBUG o.h.b.internal.ClassLoaderAccessImpl - No temp ClassLoader provided; using live ClassLoader for loading potentially unsafe class : Classes.Card
13:05:23.687 [main] DEBUG o.hibernate.orm.bytecode.interceptor - To-one property `Classes.Card#person` was mapped with LAZY + NO_PROXY but the class was not enhanced
13:05:23.687 [main] DEBUG o.hibernate.orm.bytecode.interceptor - To-one property `Classes.Card#person` was mapped with LAZY + NO_PROXY but the class was not enhanced
13:05:23.687 [main] DEBUG o.hibernate.orm.bytecode.interceptor - To-one property `Classes.Person#cardNum` was mapped with LAZY + NO_PROXY but the class was not enhanced
13:05:23.687 [main] DEBUG o.hibernate.orm.bytecode.interceptor - To-one property `Classes.Person#cardNum` was mapped with LAZY + NO_PROXY but the class was not enhanced
13:05:23.687 [main] DEBUG o.h.b.internal.ClassLoaderAccessImpl - Not known whether passed class name [Classes.Person] is safe
13:05:23.687 [main] DEBUG o.h.b.internal.ClassLoaderAccessImpl - No temp ClassLoader provided; using live ClassLoader for loading potentially unsafe class : Classes.Person
13:05:23.693 [main] DEBUG o.hibernate.orm.bytecode.interceptor - To-one property `Classes.Person#cardNum` was mapped with LAZY + NO_PROXY but the class was not enhanced
13:05:23.693 [main] DEBUG o.hibernate.orm.bytecode.interceptor - To-one property `Classes.Person#cardNum` was mapped with LAZY + NO_PROXY but the class was not enhanced
13:05:23.694 [main] DEBUG o.hibernate.orm.bytecode.interceptor - To-one property `Classes.Ticket#seller` was mapped with LAZY + NO_PROXY but the class was not enhanced
13:05:23.694 [main] DEBUG o.hibernate.orm.bytecode.interceptor - To-one property `Classes.Ticket#seller` was mapped with LAZY + NO_PROXY but the class was not enhanced
13:05:23.694 [main] DEBUG o.hibernate.orm.bytecode.interceptor - To-one property `Classes.Pass#person` was mapped with LAZY + NO_PROXY but the class was not enhanced
13:05:23.694 [main] DEBUG o.hibernate.orm.bytecode.interceptor - To-one property `Classes.Pass#person` was mapped with LAZY + NO_PROXY but the class was not enhanced
13:05:23.694 [main] DEBUG o.hibernate.orm.bytecode.interceptor - To-one property `Classes.Pass#sellers` was mapped with LAZY + NO_PROXY but the class was not enhanced
13:05:23.694 [main] DEBUG o.hibernate.orm.bytecode.interceptor - To-one property `Classes.Pass#sellers` was mapped with LAZY + NO_PROXY but the class was not enhanced
13:05:23.694 [main] DEBUG o.h.b.internal.ClassLoaderAccessImpl - Not known whether passed class name [Classes.Pass] is safe
13:05:23.694 [main] DEBUG o.h.b.internal.ClassLoaderAccessImpl - No temp ClassLoader provided; using live ClassLoader for loading potentially unsafe class : Classes.Pass
13:05:23.700 [main] DEBUG o.hibernate.orm.bytecode.interceptor - To-one property `Classes.Ticket#seller` was mapped with LAZY + NO_PROXY but the class was not enhanced
13:05:23.700 [main] DEBUG o.hibernate.orm.bytecode.interceptor - To-one property `Classes.Pass#person` was mapped with LAZY + NO_PROXY but the class was not enhanced
13:05:23.700 [main] DEBUG o.hibernate.orm.bytecode.interceptor - To-one property `Classes.Pass#sellers` was mapped with LAZY + NO_PROXY but the class was not enhanced
13:05:23.700 [main] DEBUG o.hibernate.orm.bytecode.interceptor - To-one property `Classes.Ticket#seller` was mapped with LAZY + NO_PROXY but the class was not enhanced
13:05:23.700 [main] DEBUG o.hibernate.orm.bytecode.interceptor - To-one property `Classes.Pass#person` was mapped with LAZY + NO_PROXY but the class was not enhanced
13:05:23.700 [main] DEBUG o.hibernate.orm.bytecode.interceptor - To-one property `Classes.Pass#sellers` was mapped with LAZY + NO_PROXY but the class was not enhanced
13:05:23.704 [main] DEBUG o.hibernate.orm.bytecode.interceptor - To-one property `Classes.Ticket#seller` was mapped with LAZY + NO_PROXY but the class was not enhanced
13:05:23.704 [main] DEBUG o.hibernate.orm.bytecode.interceptor - To-one property `Classes.Ticket#seller` was mapped with LAZY + NO_PROXY but the class was not enhanced
13:05:23.704 [main] DEBUG o.h.b.internal.ClassLoaderAccessImpl - Not known whether passed class name [Classes.Ticket] is safe
13:05:23.704 [main] DEBUG o.h.b.internal.ClassLoaderAccessImpl - No temp ClassLoader provided; using live ClassLoader for loading potentially unsafe class : Classes.Ticket
13:05:23.708 [main] DEBUG o.hibernate.orm.bytecode.interceptor - To-one property `Classes.Ticket#seller` was mapped with LAZY + NO_PROXY but the class was not enhanced
13:05:23.708 [main] DEBUG o.hibernate.orm.bytecode.interceptor - To-one property `Classes.Ticket#seller` was mapped with LAZY + NO_PROXY but the class was not enhanced
13:05:23.708 [main] DEBUG o.hibernate.orm.bytecode.interceptor - To-one property `Classes.Pass#person` was mapped with LAZY + NO_PROXY but the class was not enhanced
13:05:23.708 [main] DEBUG o.hibernate.orm.bytecode.interceptor - To-one property `Classes.Pass#sellers` was mapped with LAZY + NO_PROXY but the class was not enhanced
13:05:23.718 [main] DEBUG o.h.p.c.AbstractCollectionPersister - Static SQL for collection: Abstract.TicketSeller.tickets
13:05:23.718 [main] DEBUG o.h.p.c.AbstractCollectionPersister -  Row insert: insert into TicketSeller_Ticket (TicketSeller_id, tickets_id) values (?, ?)
13:05:23.719 [main] DEBUG o.h.p.c.AbstractCollectionPersister -  Row update: update TicketSeller_Ticket set tickets_id=? where TicketSeller_id=? and tickets_id=?
13:05:23.719 [main] DEBUG o.h.p.c.AbstractCollectionPersister -  Row delete: delete from TicketSeller_Ticket where TicketSeller_id=? and tickets_id=?
13:05:23.719 [main] DEBUG o.h.p.c.AbstractCollectionPersister -  One-shot delete: delete from TicketSeller_Ticket where TicketSeller_id=?
13:05:23.719 [main] DEBUG o.h.p.c.AbstractCollectionPersister - Static SQL for collection: Abstract.TicketSeller.passes
13:05:23.719 [main] DEBUG o.h.p.c.AbstractCollectionPersister -  Row insert: insert into TicketSeller_Ticket (TicketSeller_id, passes_id) values (?, ?)
13:05:23.719 [main] DEBUG o.h.p.c.AbstractCollectionPersister -  Row update: update TicketSeller_Ticket set passes_id=? where TicketSeller_id=? and passes_id=?
13:05:23.719 [main] DEBUG o.h.p.c.AbstractCollectionPersister -  Row delete: delete from TicketSeller_Ticket where TicketSeller_id=? and passes_id=?
13:05:23.719 [main] DEBUG o.h.p.c.AbstractCollectionPersister -  One-shot delete: delete from TicketSeller_Ticket where TicketSeller_id=?
13:05:23.719 [main] DEBUG o.h.p.c.AbstractCollectionPersister - Static SQL for collection: Classes.Shop.people
13:05:23.719 [main] DEBUG o.h.p.c.AbstractCollectionPersister -  Row insert: insert into TicketSeller_Person (Shop_id, people_id) values (?, ?)
13:05:23.719 [main] DEBUG o.h.p.c.AbstractCollectionPersister -  Row update: update TicketSeller_Person set people_id=? where Shop_id=? and people_id=?
13:05:23.719 [main] DEBUG o.h.p.c.AbstractCollectionPersister -  Row delete: delete from TicketSeller_Person where Shop_id=? and people_id=?
13:05:23.719 [main] DEBUG o.h.p.c.AbstractCollectionPersister -  One-shot delete: delete from TicketSeller_Person where Shop_id=?
13:05:23.721 [main] DEBUG o.h.p.entity.AbstractEntityPersister - Static SQL for entity: Abstract.TicketSeller
13:05:23.721 [main] DEBUG o.h.p.entity.AbstractEntityPersister -  Version select: select id from TicketSeller where id =?
13:05:23.721 [main] DEBUG o.h.p.entity.AbstractEntityPersister -  Snapshot select: select ticketsell_.id, ticketsell_.seller_name as seller_n3_3_ from TicketSeller ticketsell_ where ticketsell_.id=?
13:05:23.721 [main] DEBUG o.h.p.entity.AbstractEntityPersister -  Insert 0: insert into TicketSeller (seller_name, type, id) values (?, 'TicketSeller', ?)
13:05:23.721 [main] DEBUG o.h.p.entity.AbstractEntityPersister -  Update 0: update TicketSeller set seller_name=? where id=?
13:05:23.721 [main] DEBUG o.h.p.entity.AbstractEntityPersister -  Delete 0: delete from TicketSeller where id=?
13:05:23.732 [main] DEBUG o.h.l.p.b.i.spaces.QuerySpacesImpl - Adding QuerySpace : uid = <gen:0> -> org.hibernate.loader.plan.build.internal.spaces.EntityQuerySpaceImpl@76e9f00b]
13:05:23.733 [main] DEBUG o.h.p.w.spi.MetamodelGraphWalker - Visiting attribute path : name
13:05:23.733 [main] DEBUG o.h.p.w.spi.MetamodelGraphWalker - Visiting attribute path : passes
13:05:23.735 [main] DEBUG o.h.l.p.b.i.spaces.QuerySpacesImpl - Adding QuerySpace : uid = <gen:1> -> org.hibernate.loader.plan.build.internal.spaces.CollectionQuerySpaceImpl@3138953b]
13:05:23.735 [main] DEBUG o.h.l.p.b.i.spaces.QuerySpacesImpl - Adding QuerySpace : uid = <gen:2> -> org.hibernate.loader.plan.build.internal.spaces.EntityQuerySpaceImpl@9e54c59]
13:05:23.735 [main] DEBUG o.h.p.w.spi.MetamodelGraphWalker - Visiting attribute path : tickets
13:05:23.735 [main] DEBUG o.h.l.p.b.i.spaces.QuerySpacesImpl - Adding QuerySpace : uid = <gen:3> -> org.hibernate.loader.plan.build.internal.spaces.CollectionQuerySpaceImpl@73c3cd09]
13:05:23.735 [main] DEBUG o.h.l.p.b.i.spaces.QuerySpacesImpl - Adding QuerySpace : uid = <gen:4> -> org.hibernate.loader.plan.build.internal.spaces.EntityQuerySpaceImpl@4a8a0099]
13:05:23.735 [main] DEBUG o.h.p.w.spi.MetamodelGraphWalker - Visiting attribute path : people
13:05:23.735 [main] DEBUG o.h.l.p.b.i.spaces.QuerySpacesImpl - Adding QuerySpace : uid = <gen:5> -> org.hibernate.loader.plan.build.internal.spaces.CollectionQuerySpaceImpl@7c1447b5]
13:05:23.735 [main] DEBUG o.h.l.p.b.i.spaces.QuerySpacesImpl - Adding QuerySpace : uid = <gen:6> -> org.hibernate.loader.plan.build.internal.spaces.EntityQuerySpaceImpl@49e4c2d5]
13:05:23.735 [main] DEBUG o.h.p.w.spi.MetamodelGraphWalker - Visiting attribute path : isWorking
13:05:23.737 [main] DEBUG o.h.l.p.b.i.FetchStyleLoadPlanBuildingAssociationVisitationStrategy - Building LoadPlan...
13:05:23.742 [main] DEBUG o.h.l.p.e.i.LoadQueryJoinAndFetchProcessor - processing queryspace <gen:0>
13:05:23.743 [main] DEBUG o.h.l.p.b.spi.LoadPlanTreePrinter - LoadPlan(entity=Abstract.TicketSeller)
    - Returns
       - EntityReturnImpl(entity=Abstract.TicketSeller, querySpaceUid=<gen:0>, path=Abstract.TicketSeller)
          - CollectionAttributeFetchImpl(collection=Abstract.TicketSeller.passes, querySpaceUid=<gen:1>, path=Abstract.TicketSeller.passes)
             - (collection element) CollectionFetchableElementEntityGraph(entity=Classes.Pass, querySpaceUid=<gen:2>, path=Abstract.TicketSeller.passes.<elements>)
          - CollectionAttributeFetchImpl(collection=Abstract.TicketSeller.tickets, querySpaceUid=<gen:3>, path=Abstract.TicketSeller.tickets)
             - (collection element) CollectionFetchableElementEntityGraph(entity=Classes.Ticket, querySpaceUid=<gen:4>, path=Abstract.TicketSeller.tickets.<elements>)
          - CollectionAttributeFetchImpl(collection=Classes.Shop.people, querySpaceUid=<gen:5>, path=Abstract.TicketSeller.people)
             - (collection element) CollectionFetchableElementEntityGraph(entity=Classes.Person, querySpaceUid=<gen:6>, path=Abstract.TicketSeller.people.<elements>)
    - QuerySpaces
       - EntityQuerySpaceImpl(uid=<gen:0>, entity=Abstract.TicketSeller)
          - SQL table alias mapping - ticketsell0_
          - alias suffix - 0_
          - suffixed key columns - {id2_3_0_}

13:05:23.744 [main] DEBUG o.h.loader.entity.plan.EntityLoader - Static select for entity Abstract.TicketSeller [NONE]: select ticketsell0_.id as id2_3_0_, ticketsell0_.seller_name as seller_n3_3_0_, ticketsell0_.isWorking as isworkin4_3_0_, ticketsell0_.type as type1_3_0_ from TicketSeller ticketsell0_ where ticketsell0_.id=?
13:05:23.745 [main] DEBUG o.h.p.entity.AbstractEntityPersister - Static SQL for entity: Classes.Card
13:05:23.745 [main] DEBUG o.h.p.entity.AbstractEntityPersister -  Version select: select id from Card where id =?
13:05:23.745 [main] DEBUG o.h.p.entity.AbstractEntityPersister -  Snapshot select: select card_.id, card_.emissionDate as emission2_0_, card_.expirationDate as expirati3_0_ from Card card_ where card_.id=?
13:05:23.745 [main] DEBUG o.h.p.entity.AbstractEntityPersister -  Insert 0: insert into Card (emissionDate, expirationDate, id) values (?, ?, ?)
13:05:23.745 [main] DEBUG o.h.p.entity.AbstractEntityPersister -  Update 0: update Card set emissionDate=?, expirationDate=? where id=?
13:05:23.745 [main] DEBUG o.h.p.entity.AbstractEntityPersister -  Delete 0: delete from Card where id=?
13:05:23.745 [main] DEBUG o.h.p.entity.AbstractEntityPersister -  Identity insert: insert into Card (emissionDate, expirationDate) values (?, ?)
13:05:23.745 [main] DEBUG o.h.l.p.b.i.spaces.QuerySpacesImpl - Adding QuerySpace : uid = <gen:0> -> org.hibernate.loader.plan.build.internal.spaces.EntityQuerySpaceImpl@68699afc]
13:05:23.745 [main] DEBUG o.h.p.w.spi.MetamodelGraphWalker - Visiting attribute path : emissionDate
13:05:23.746 [main] DEBUG o.h.p.w.spi.MetamodelGraphWalker - Visiting attribute path : expirationDate
13:05:23.746 [main] DEBUG o.h.p.w.spi.MetamodelGraphWalker - Visiting attribute path : person
13:05:23.746 [main] DEBUG o.h.l.p.b.i.spaces.QuerySpacesImpl - Adding QuerySpace : uid = <gen:1> -> org.hibernate.loader.plan.build.internal.spaces.EntityQuerySpaceImpl@1823b9c4]
13:05:23.746 [main] DEBUG o.h.p.w.spi.MetamodelGraphWalker - Visiting attribute path : person.birthdate
13:05:23.746 [main] DEBUG o.h.p.w.spi.MetamodelGraphWalker - Visiting attribute path : person.cardNum
13:05:23.746 [main] DEBUG o.h.p.w.spi.MetamodelGraphWalker - Property path deemed to be circular : person.cardNum
13:05:23.747 [main] DEBUG o.h.p.w.spi.MetamodelGraphWalker - Visiting attribute path : person.firstName
13:05:23.747 [main] DEBUG o.h.p.w.spi.MetamodelGraphWalker - Visiting attribute path : person.lastName
13:05:23.747 [main] DEBUG o.h.l.p.b.i.FetchStyleLoadPlanBuildingAssociationVisitationStrategy - Building LoadPlan...
13:05:23.747 [main] DEBUG o.h.l.p.e.i.LoadQueryJoinAndFetchProcessor - processing queryspace <gen:0>
13:05:23.747 [main] DEBUG o.h.l.p.b.spi.LoadPlanTreePrinter - LoadPlan(entity=Classes.Card)
    - Returns
       - EntityReturnImpl(entity=Classes.Card, querySpaceUid=<gen:0>, path=Classes.Card)
          - EntityAttributeFetchImpl(entity=Classes.Person, querySpaceUid=<gen:1>, path=Classes.Card.person)
    - QuerySpaces
       - EntityQuerySpaceImpl(uid=<gen:0>, entity=Classes.Card)
          - SQL table alias mapping - card0_
          - alias suffix - 0_
          - suffixed key columns - {id1_0_0_}
          - JOIN (JoinDefinedByMetadata(person)) : <gen:0> -> <gen:1>
             - EntityQuerySpaceImpl(uid=<gen:1>, entity=Classes.Person)
                - SQL table alias mapping - person1_
                - alias suffix - 1_
                - suffixed key columns - {id1_1_1_}

13:05:23.747 [main] DEBUG o.h.loader.entity.plan.EntityLoader - Static select for entity Classes.Card [NONE]: select card0_.id as id1_0_0_, card0_.emissionDate as emission2_0_0_, card0_.expirationDate as expirati3_0_0_, person1_.id as id1_1_1_, person1_.birthdate as birthdat2_1_1_, person1_.cardNum_id as cardnum_5_1_1_, person1_.firstName as firstnam3_1_1_, person1_.lastName as lastname4_1_1_ from Card card0_ left outer join Person person1_ on card0_.id=person1_.cardNum_id where card0_.id=?
13:05:23.747 [main] DEBUG o.h.p.entity.AbstractEntityPersister - Static SQL for entity: Classes.Person
13:05:23.747 [main] DEBUG o.h.p.entity.AbstractEntityPersister -  Version select: select id from Person where id =?
13:05:23.747 [main] DEBUG o.h.p.entity.AbstractEntityPersister -  Snapshot select: select person_.id, person_.birthdate as birthdat2_1_, person_.cardNum_id as cardnum_5_1_, person_.firstName as firstnam3_1_, person_.lastName as lastname4_1_ from Person person_ where person_.id=?
13:05:23.747 [main] DEBUG o.h.p.entity.AbstractEntityPersister -  Insert 0: insert into Person (birthdate, cardNum_id, firstName, lastName, id) values (?, ?, ?, ?, ?)
13:05:23.747 [main] DEBUG o.h.p.entity.AbstractEntityPersister -  Update 0: update Person set birthdate=?, cardNum_id=?, firstName=?, lastName=? where id=?
13:05:23.747 [main] DEBUG o.h.p.entity.AbstractEntityPersister -  Delete 0: delete from Person where id=?
13:05:23.747 [main] DEBUG o.h.p.entity.AbstractEntityPersister -  Identity insert: insert into Person (birthdate, cardNum_id, firstName, lastName) values (?, ?, ?, ?)
13:05:23.747 [main] DEBUG o.h.l.p.b.i.spaces.QuerySpacesImpl - Adding QuerySpace : uid = <gen:0> -> org.hibernate.loader.plan.build.internal.spaces.EntityQuerySpaceImpl@2ffb3aec]
13:05:23.747 [main] DEBUG o.h.p.w.spi.MetamodelGraphWalker - Visiting attribute path : birthdate
13:05:23.747 [main] DEBUG o.h.p.w.spi.MetamodelGraphWalker - Visiting attribute path : cardNum
13:05:23.747 [main] DEBUG o.h.l.p.b.i.spaces.QuerySpacesImpl - Adding QuerySpace : uid = <gen:1> -> org.hibernate.loader.plan.build.internal.spaces.EntityQuerySpaceImpl@46039a21]
13:05:23.748 [main] DEBUG o.h.p.w.spi.MetamodelGraphWalker - Visiting attribute path : cardNum.emissionDate
13:05:23.748 [main] DEBUG o.h.p.w.spi.MetamodelGraphWalker - Visiting attribute path : cardNum.expirationDate
13:05:23.748 [main] DEBUG o.h.p.w.spi.MetamodelGraphWalker - Visiting attribute path : cardNum.person
13:05:23.748 [main] DEBUG o.h.p.w.spi.MetamodelGraphWalker - Property path deemed to be circular : cardNum.person
13:05:23.748 [main] DEBUG o.h.p.w.spi.MetamodelGraphWalker - Visiting attribute path : firstName
13:05:23.748 [main] DEBUG o.h.p.w.spi.MetamodelGraphWalker - Visiting attribute path : lastName
13:05:23.748 [main] DEBUG o.h.l.p.b.i.FetchStyleLoadPlanBuildingAssociationVisitationStrategy - Building LoadPlan...
13:05:23.748 [main] DEBUG o.h.l.p.e.i.LoadQueryJoinAndFetchProcessor - processing queryspace <gen:0>
13:05:23.748 [main] DEBUG o.h.l.p.b.spi.LoadPlanTreePrinter - LoadPlan(entity=Classes.Person)
    - Returns
       - EntityReturnImpl(entity=Classes.Person, querySpaceUid=<gen:0>, path=Classes.Person)
          - EntityAttributeFetchImpl(entity=Classes.Card, querySpaceUid=<gen:1>, path=Classes.Person.cardNum)
    - QuerySpaces
       - EntityQuerySpaceImpl(uid=<gen:0>, entity=Classes.Person)
          - SQL table alias mapping - person0_
          - alias suffix - 0_
          - suffixed key columns - {id1_1_0_}
          - JOIN (JoinDefinedByMetadata(cardNum)) : <gen:0> -> <gen:1>
             - EntityQuerySpaceImpl(uid=<gen:1>, entity=Classes.Card)
                - SQL table alias mapping - card1_
                - alias suffix - 1_
                - suffixed key columns - {id1_0_1_}

13:05:23.748 [main] DEBUG o.h.loader.entity.plan.EntityLoader - Static select for entity Classes.Person [NONE]: select person0_.id as id1_1_0_, person0_.birthdate as birthdat2_1_0_, person0_.cardNum_id as cardnum_5_1_0_, person0_.firstName as firstnam3_1_0_, person0_.lastName as lastname4_1_0_, card1_.id as id1_0_1_, card1_.emissionDate as emission2_0_1_, card1_.expirationDate as expirati3_0_1_ from Person person0_ left outer join Card card1_ on person0_.cardNum_id=card1_.id where person0_.id=?
13:05:23.752 [main] DEBUG org.hibernate.loader.Loader - Static select for entity Classes.Person [NONE]: select person0_.id as id1_1_1_, person0_.birthdate as birthdat2_1_1_, person0_.cardNum_id as cardnum_5_1_1_, person0_.firstName as firstnam3_1_1_, person0_.lastName as lastname4_1_1_, card1_.id as id1_0_0_, card1_.emissionDate as emission2_0_0_, card1_.expirationDate as expirati3_0_0_ from Person person0_ left outer join Card card1_ on person0_.cardNum_id=card1_.id where person0_.cardNum_id=?
13:05:23.752 [main] DEBUG o.h.p.entity.AbstractEntityPersister - Static SQL for entity: Classes.Pass
13:05:23.752 [main] DEBUG o.h.p.entity.AbstractEntityPersister -  Version select: select id from Ticket where id =?
13:05:23.752 [main] DEBUG o.h.p.entity.AbstractEntityPersister -  Snapshot select: select pass_.id, pass_.seller_id as seller_i4_2_, pass_.person_id as person_i5_2_, pass_.sellers_id as sellers_6_2_, pass_.validity as validity3_2_ from Ticket pass_ where pass_.id=?
13:05:23.752 [main] DEBUG o.h.p.entity.AbstractEntityPersister -  Insert 0: insert into Ticket (seller_id, person_id, sellers_id, validity, DTYPE, id) values (?, ?, ?, ?, 'Pass', ?)
13:05:23.752 [main] DEBUG o.h.p.entity.AbstractEntityPersister -  Update 0: update Ticket set seller_id=?, person_id=?, sellers_id=?, validity=? where id=?
13:05:23.752 [main] DEBUG o.h.p.entity.AbstractEntityPersister -  Delete 0: delete from Ticket where id=?
13:05:23.752 [main] DEBUG o.h.p.entity.AbstractEntityPersister -  Identity insert: insert into Ticket (seller_id, person_id, sellers_id, validity, DTYPE) values (?, ?, ?, ?, 'Pass')
13:05:23.752 [main] DEBUG o.h.l.p.b.i.spaces.QuerySpacesImpl - Adding QuerySpace : uid = <gen:0> -> org.hibernate.loader.plan.build.internal.spaces.EntityQuerySpaceImpl@276cc8dc]
13:05:23.752 [main] DEBUG o.h.p.w.spi.MetamodelGraphWalker - Visiting attribute path : seller
13:05:23.753 [main] DEBUG o.h.l.p.b.i.spaces.QuerySpacesImpl - Adding QuerySpace : uid = <gen:1> -> org.hibernate.loader.plan.build.internal.spaces.EntityQuerySpaceImpl@d3f4505]
13:05:23.753 [main] DEBUG o.h.p.w.spi.MetamodelGraphWalker - Visiting attribute path : seller.name
13:05:23.753 [main] DEBUG o.h.p.w.spi.MetamodelGraphWalker - Visiting attribute path : seller.passes
13:05:23.753 [main] DEBUG o.h.l.p.b.i.spaces.QuerySpacesImpl - Adding QuerySpace : uid = <gen:2> -> org.hibernate.loader.plan.build.internal.spaces.CollectionQuerySpaceImpl@7fd987ef]
13:05:23.753 [main] DEBUG o.h.l.p.b.i.spaces.QuerySpacesImpl - Adding QuerySpace : uid = <gen:3> -> org.hibernate.loader.plan.build.internal.spaces.EntityQuerySpaceImpl@7209ffb5]
13:05:23.753 [main] DEBUG o.h.p.w.spi.MetamodelGraphWalker - Visiting attribute path : seller.tickets
13:05:23.753 [main] DEBUG o.h.l.p.b.i.spaces.QuerySpacesImpl - Adding QuerySpace : uid = <gen:4> -> org.hibernate.loader.plan.build.internal.spaces.CollectionQuerySpaceImpl@5e99b9c]
13:05:23.753 [main] DEBUG o.h.l.p.b.i.spaces.QuerySpacesImpl - Adding QuerySpace : uid = <gen:5> -> org.hibernate.loader.plan.build.internal.spaces.EntityQuerySpaceImpl@2fe74516]
13:05:23.753 [main] DEBUG o.h.p.w.spi.MetamodelGraphWalker - Visiting attribute path : seller.people
13:05:23.753 [main] DEBUG o.h.l.p.b.i.spaces.QuerySpacesImpl - Adding QuerySpace : uid = <gen:6> -> org.hibernate.loader.plan.build.internal.spaces.CollectionQuerySpaceImpl@1c3259fa]
13:05:23.753 [main] DEBUG o.h.l.p.b.i.spaces.QuerySpacesImpl - Adding QuerySpace : uid = <gen:7> -> org.hibernate.loader.plan.build.internal.spaces.EntityQuerySpaceImpl@217bf99e]
13:05:23.753 [main] DEBUG o.h.p.w.spi.MetamodelGraphWalker - Visiting attribute path : seller.isWorking
13:05:23.753 [main] DEBUG o.h.p.w.spi.MetamodelGraphWalker - Visiting attribute path : person
13:05:23.753 [main] DEBUG o.h.l.p.b.i.spaces.QuerySpacesImpl - Adding QuerySpace : uid = <gen:8> -> org.hibernate.loader.plan.build.internal.spaces.EntityQuerySpaceImpl@6807a356]
13:05:23.753 [main] DEBUG o.h.p.w.spi.MetamodelGraphWalker - Visiting attribute path : person.birthdate
13:05:23.753 [main] DEBUG o.h.p.w.spi.MetamodelGraphWalker - Visiting attribute path : person.cardNum
13:05:23.753 [main] DEBUG o.h.l.p.b.i.spaces.QuerySpacesImpl - Adding QuerySpace : uid = <gen:9> -> org.hibernate.loader.plan.build.internal.spaces.EntityQuerySpaceImpl@73aeef7d]
13:05:23.753 [main] DEBUG o.h.p.w.spi.MetamodelGraphWalker - Visiting attribute path : person.cardNum.emissionDate
13:05:23.753 [main] DEBUG o.h.p.w.spi.MetamodelGraphWalker - Visiting attribute path : person.cardNum.expirationDate
13:05:23.753 [main] DEBUG o.h.p.w.spi.MetamodelGraphWalker - Visiting attribute path : person.cardNum.person
13:05:23.753 [main] DEBUG o.h.p.w.spi.MetamodelGraphWalker - Property path deemed to be circular : person.cardNum.person
13:05:23.753 [main] DEBUG o.h.p.w.spi.MetamodelGraphWalker - Visiting attribute path : person.firstName
13:05:23.753 [main] DEBUG o.h.p.w.spi.MetamodelGraphWalker - Visiting attribute path : person.lastName
13:05:23.753 [main] DEBUG o.h.p.w.spi.MetamodelGraphWalker - Visiting attribute path : sellers
13:05:23.753 [main] DEBUG o.h.l.p.b.i.spaces.QuerySpacesImpl - Adding QuerySpace : uid = <gen:10> -> org.hibernate.loader.plan.build.internal.spaces.EntityQuerySpaceImpl@58af5076]
13:05:23.753 [main] DEBUG o.h.p.w.spi.MetamodelGraphWalker - Visiting attribute path : sellers.name
13:05:23.753 [main] DEBUG o.h.p.w.spi.MetamodelGraphWalker - Visiting attribute path : sellers.passes
13:05:23.753 [main] DEBUG o.h.l.p.b.i.spaces.QuerySpacesImpl - Adding QuerySpace : uid = <gen:11> -> org.hibernate.loader.plan.build.internal.spaces.CollectionQuerySpaceImpl@4d9754a8]
13:05:23.753 [main] DEBUG o.h.l.p.b.i.spaces.QuerySpacesImpl - Adding QuerySpace : uid = <gen:12> -> org.hibernate.loader.plan.build.internal.spaces.EntityQuerySpaceImpl@7a3b7122]
13:05:23.753 [main] DEBUG o.h.p.w.spi.MetamodelGraphWalker - Visiting attribute path : sellers.tickets
13:05:23.753 [main] DEBUG o.h.l.p.b.i.spaces.QuerySpacesImpl - Adding QuerySpace : uid = <gen:13> -> org.hibernate.loader.plan.build.internal.spaces.CollectionQuerySpaceImpl@58b5a2f3]
13:05:23.753 [main] DEBUG o.h.l.p.b.i.spaces.QuerySpacesImpl - Adding QuerySpace : uid = <gen:14> -> org.hibernate.loader.plan.build.internal.spaces.EntityQuerySpaceImpl@25f15f50]
13:05:23.753 [main] DEBUG o.h.p.w.spi.MetamodelGraphWalker - Visiting attribute path : sellers.people
13:05:23.753 [main] DEBUG o.h.l.p.b.i.spaces.QuerySpacesImpl - Adding QuerySpace : uid = <gen:15> -> org.hibernate.loader.plan.build.internal.spaces.CollectionQuerySpaceImpl@52b46d52]
13:05:23.754 [main] DEBUG o.h.l.p.b.i.spaces.QuerySpacesImpl - Adding QuerySpace : uid = <gen:16> -> org.hibernate.loader.plan.build.internal.spaces.EntityQuerySpaceImpl@7327a447]
13:05:23.754 [main] DEBUG o.h.p.w.spi.MetamodelGraphWalker - Visiting attribute path : sellers.isWorking
13:05:23.754 [main] DEBUG o.h.p.w.spi.MetamodelGraphWalker - Visiting attribute path : validity
13:05:23.754 [main] DEBUG o.h.l.p.b.i.FetchStyleLoadPlanBuildingAssociationVisitationStrategy - Building LoadPlan...
13:05:23.754 [main] DEBUG o.h.l.p.e.i.LoadQueryJoinAndFetchProcessor - processing queryspace <gen:0>
13:05:23.754 [main] DEBUG o.h.l.p.b.spi.LoadPlanTreePrinter - LoadPlan(entity=Classes.Pass)
    - Returns
       - EntityReturnImpl(entity=Classes.Pass, querySpaceUid=<gen:0>, path=Classes.Pass)
          - EntityAttributeFetchImpl(entity=Abstract.TicketSeller, querySpaceUid=<gen:1>, path=Classes.Pass.seller)
             - CollectionAttributeFetchImpl(collection=Abstract.TicketSeller.passes, querySpaceUid=<gen:2>, path=Classes.Pass.seller.passes)
                - (collection element) CollectionFetchableElementEntityGraph(entity=Classes.Pass, querySpaceUid=<gen:3>, path=Classes.Pass.seller.passes.<elements>)
             - CollectionAttributeFetchImpl(collection=Abstract.TicketSeller.tickets, querySpaceUid=<gen:4>, path=Classes.Pass.seller.tickets)
                - (collection element) CollectionFetchableElementEntityGraph(entity=Classes.Ticket, querySpaceUid=<gen:5>, path=Classes.Pass.seller.tickets.<elements>)
             - CollectionAttributeFetchImpl(collection=Classes.Shop.people, querySpaceUid=<gen:6>, path=Classes.Pass.seller.people)
                - (collection element) CollectionFetchableElementEntityGraph(entity=Classes.Person, querySpaceUid=<gen:7>, path=Classes.Pass.seller.people.<elements>)
          - EntityAttributeFetchImpl(entity=Classes.Person, querySpaceUid=<gen:8>, path=Classes.Pass.person)
             - EntityAttributeFetchImpl(entity=Classes.Card, querySpaceUid=<gen:9>, path=Classes.Pass.person.cardNum)
          - EntityAttributeFetchImpl(entity=Abstract.TicketSeller, querySpaceUid=<gen:10>, path=Classes.Pass.sellers)
             - CollectionAttributeFetchImpl(collection=Abstract.TicketSeller.passes, querySpaceUid=<gen:11>, path=Classes.Pass.sellers.passes)
                - (collection element) CollectionFetchableElementEntityGraph(entity=Classes.Pass, querySpaceUid=<gen:12>, path=Classes.Pass.sellers.passes.<elements>)
             - CollectionAttributeFetchImpl(collection=Abstract.TicketSeller.tickets, querySpaceUid=<gen:13>, path=Classes.Pass.sellers.tickets)
                - (collection element) CollectionFetchableElementEntityGraph(entity=Classes.Ticket, querySpaceUid=<gen:14>, path=Classes.Pass.sellers.tickets.<elements>)
             - CollectionAttributeFetchImpl(collection=Classes.Shop.people, querySpaceUid=<gen:15>, path=Classes.Pass.sellers.people)
                - (collection element) CollectionFetchableElementEntityGraph(entity=Classes.Person, querySpaceUid=<gen:16>, path=Classes.Pass.sellers.people.<elements>)
    - QuerySpaces
       - EntityQuerySpaceImpl(uid=<gen:0>, entity=Classes.Pass)
          - SQL table alias mapping - pass0_
          - alias suffix - 0_
          - suffixed key columns - {id2_2_0_}
          - JOIN (JoinDefinedByMetadata(seller)) : <gen:0> -> <gen:1>
             - EntityQuerySpaceImpl(uid=<gen:1>, entity=Abstract.TicketSeller)
                - SQL table alias mapping - ticketsell1_
                - alias suffix - 1_
                - suffixed key columns - {id2_3_1_}
          - JOIN (JoinDefinedByMetadata(person)) : <gen:0> -> <gen:8>
             - EntityQuerySpaceImpl(uid=<gen:8>, entity=Classes.Person)
                - SQL table alias mapping - person2_
                - alias suffix - 2_
                - suffixed key columns - {id1_1_2_}
                - JOIN (JoinDefinedByMetadata(cardNum)) : <gen:8> -> <gen:9>
                   - EntityQuerySpaceImpl(uid=<gen:9>, entity=Classes.Card)
                      - SQL table alias mapping - card3_
                      - alias suffix - 3_
                      - suffixed key columns - {id1_0_3_}
          - JOIN (JoinDefinedByMetadata(sellers)) : <gen:0> -> <gen:10>
             - EntityQuerySpaceImpl(uid=<gen:10>, entity=Abstract.TicketSeller)
                - SQL table alias mapping - ticketsell4_
                - alias suffix - 4_
                - suffixed key columns - {id2_3_4_}

13:05:23.754 [main] DEBUG o.h.loader.entity.plan.EntityLoader - Static select for entity Classes.Pass [NONE]: select pass0_.id as id2_2_0_, pass0_.seller_id as seller_i4_2_0_, pass0_.person_id as person_i5_2_0_, pass0_.sellers_id as sellers_6_2_0_, pass0_.validity as validity3_2_0_, ticketsell1_.id as id2_3_1_, ticketsell1_.seller_name as seller_n3_3_1_, ticketsell1_.isWorking as isworkin4_3_1_, ticketsell1_.type as type1_3_1_, person2_.id as id1_1_2_, person2_.birthdate as birthdat2_1_2_, person2_.cardNum_id as cardnum_5_1_2_, person2_.firstName as firstnam3_1_2_, person2_.lastName as lastname4_1_2_, card3_.id as id1_0_3_, card3_.emissionDate as emission2_0_3_, card3_.expirationDate as expirati3_0_3_, ticketsell4_.id as id2_3_4_, ticketsell4_.seller_name as seller_n3_3_4_, ticketsell4_.isWorking as isworkin4_3_4_, ticketsell4_.type as type1_3_4_ from Ticket pass0_ left outer join TicketSeller ticketsell1_ on pass0_.seller_id=ticketsell1_.id left outer join Person person2_ on pass0_.person_id=person2_.id left outer join Card card3_ on person2_.cardNum_id=card3_.id left outer join TicketSeller ticketsell4_ on pass0_.sellers_id=ticketsell4_.id where pass0_.id=? and pass0_.DTYPE='Pass'
13:05:23.754 [main] DEBUG o.h.p.entity.AbstractEntityPersister - Static SQL for entity: Classes.Shop
13:05:23.754 [main] DEBUG o.h.p.entity.AbstractEntityPersister -  Version select: select id from TicketSeller where id =?
13:05:23.754 [main] DEBUG o.h.p.entity.AbstractEntityPersister -  Snapshot select: select shop_.id, shop_.seller_name as seller_n3_3_ from TicketSeller shop_ where shop_.id=?
13:05:23.754 [main] DEBUG o.h.p.entity.AbstractEntityPersister -  Insert 0: insert into TicketSeller (seller_name, type, id) values (?, 'shop', ?)
13:05:23.754 [main] DEBUG o.h.p.entity.AbstractEntityPersister -  Update 0: update TicketSeller set seller_name=? where id=?
13:05:23.754 [main] DEBUG o.h.p.entity.AbstractEntityPersister -  Delete 0: delete from TicketSeller where id=?
13:05:23.754 [main] DEBUG o.h.l.p.b.i.spaces.QuerySpacesImpl - Adding QuerySpace : uid = <gen:0> -> org.hibernate.loader.plan.build.internal.spaces.EntityQuerySpaceImpl@67022ea]
13:05:23.754 [main] DEBUG o.h.p.w.spi.MetamodelGraphWalker - Visiting attribute path : name
13:05:23.754 [main] DEBUG o.h.p.w.spi.MetamodelGraphWalker - Visiting attribute path : passes
13:05:23.755 [main] DEBUG o.h.l.p.b.i.spaces.QuerySpacesImpl - Adding QuerySpace : uid = <gen:1> -> org.hibernate.loader.plan.build.internal.spaces.CollectionQuerySpaceImpl@58fbd02e]
13:05:23.755 [main] DEBUG o.h.l.p.b.i.spaces.QuerySpacesImpl - Adding QuerySpace : uid = <gen:2> -> org.hibernate.loader.plan.build.internal.spaces.EntityQuerySpaceImpl@163042ea]
13:05:23.755 [main] DEBUG o.h.p.w.spi.MetamodelGraphWalker - Visiting attribute path : tickets
13:05:23.755 [main] DEBUG o.h.l.p.b.i.spaces.QuerySpacesImpl - Adding QuerySpace : uid = <gen:3> -> org.hibernate.loader.plan.build.internal.spaces.CollectionQuerySpaceImpl@11d045b4]
13:05:23.755 [main] DEBUG o.h.l.p.b.i.spaces.QuerySpacesImpl - Adding QuerySpace : uid = <gen:4> -> org.hibernate.loader.plan.build.internal.spaces.EntityQuerySpaceImpl@1fbf088b]
13:05:23.755 [main] DEBUG o.h.p.w.spi.MetamodelGraphWalker - Visiting attribute path : people
13:05:23.755 [main] DEBUG o.h.l.p.b.i.spaces.QuerySpacesImpl - Adding QuerySpace : uid = <gen:5> -> org.hibernate.loader.plan.build.internal.spaces.CollectionQuerySpaceImpl@1943c1f2]
13:05:23.755 [main] DEBUG o.h.l.p.b.i.spaces.QuerySpacesImpl - Adding QuerySpace : uid = <gen:6> -> org.hibernate.loader.plan.build.internal.spaces.EntityQuerySpaceImpl@d70f722]
13:05:23.755 [main] DEBUG o.h.l.p.b.i.FetchStyleLoadPlanBuildingAssociationVisitationStrategy - Building LoadPlan...
13:05:23.755 [main] DEBUG o.h.l.p.e.i.LoadQueryJoinAndFetchProcessor - processing queryspace <gen:0>
13:05:23.755 [main] DEBUG o.h.l.p.b.spi.LoadPlanTreePrinter - LoadPlan(entity=Classes.Shop)
    - Returns
       - EntityReturnImpl(entity=Classes.Shop, querySpaceUid=<gen:0>, path=Classes.Shop)
          - CollectionAttributeFetchImpl(collection=Abstract.TicketSeller.passes, querySpaceUid=<gen:1>, path=Classes.Shop.passes)
             - (collection element) CollectionFetchableElementEntityGraph(entity=Classes.Pass, querySpaceUid=<gen:2>, path=Classes.Shop.passes.<elements>)
          - CollectionAttributeFetchImpl(collection=Abstract.TicketSeller.tickets, querySpaceUid=<gen:3>, path=Classes.Shop.tickets)
             - (collection element) CollectionFetchableElementEntityGraph(entity=Classes.Ticket, querySpaceUid=<gen:4>, path=Classes.Shop.tickets.<elements>)
          - CollectionAttributeFetchImpl(collection=Classes.Shop.people, querySpaceUid=<gen:5>, path=Classes.Shop.people)
             - (collection element) CollectionFetchableElementEntityGraph(entity=Classes.Person, querySpaceUid=<gen:6>, path=Classes.Shop.people.<elements>)
    - QuerySpaces
       - EntityQuerySpaceImpl(uid=<gen:0>, entity=Classes.Shop)
          - SQL table alias mapping - shop0_
          - alias suffix - 0_
          - suffixed key columns - {id2_3_0_}

13:05:23.755 [main] DEBUG o.h.loader.entity.plan.EntityLoader - Static select for entity Classes.Shop [NONE]: select shop0_.id as id2_3_0_, shop0_.seller_name as seller_n3_3_0_ from TicketSeller shop0_ where shop0_.id=? and shop0_.type='shop'
13:05:23.755 [main] DEBUG o.h.p.entity.AbstractEntityPersister - Static SQL for entity: Classes.Ticket
13:05:23.755 [main] DEBUG o.h.p.entity.AbstractEntityPersister -  Version select: select id from Ticket where id =?
13:05:23.755 [main] DEBUG o.h.p.entity.AbstractEntityPersister -  Snapshot select: select ticket_.id, ticket_.seller_id as seller_i4_2_ from Ticket ticket_ where ticket_.id=?
13:05:23.755 [main] DEBUG o.h.p.entity.AbstractEntityPersister -  Insert 0: insert into Ticket (seller_id, DTYPE, id) values (?, 'Ticket', ?)
13:05:23.755 [main] DEBUG o.h.p.entity.AbstractEntityPersister -  Update 0: update Ticket set seller_id=? where id=?
13:05:23.755 [main] DEBUG o.h.p.entity.AbstractEntityPersister -  Delete 0: delete from Ticket where id=?
13:05:23.755 [main] DEBUG o.h.p.entity.AbstractEntityPersister -  Identity insert: insert into Ticket (seller_id, DTYPE) values (?, 'Ticket')
13:05:23.755 [main] DEBUG o.h.l.p.b.i.spaces.QuerySpacesImpl - Adding QuerySpace : uid = <gen:0> -> org.hibernate.loader.plan.build.internal.spaces.EntityQuerySpaceImpl@1e1eeedd]
13:05:23.755 [main] DEBUG o.h.p.w.spi.MetamodelGraphWalker - Visiting attribute path : seller
13:05:23.755 [main] DEBUG o.h.l.p.b.i.spaces.QuerySpacesImpl - Adding QuerySpace : uid = <gen:1> -> org.hibernate.loader.plan.build.internal.spaces.EntityQuerySpaceImpl@7ec95456]
13:05:23.755 [main] DEBUG o.h.p.w.spi.MetamodelGraphWalker - Visiting attribute path : seller.name
13:05:23.755 [main] DEBUG o.h.p.w.spi.MetamodelGraphWalker - Visiting attribute path : seller.passes
13:05:23.755 [main] DEBUG o.h.l.p.b.i.spaces.QuerySpacesImpl - Adding QuerySpace : uid = <gen:2> -> org.hibernate.loader.plan.build.internal.spaces.CollectionQuerySpaceImpl@1d8b0500]
13:05:23.755 [main] DEBUG o.h.l.p.b.i.spaces.QuerySpacesImpl - Adding QuerySpace : uid = <gen:3> -> org.hibernate.loader.plan.build.internal.spaces.EntityQuerySpaceImpl@76544c0a]
13:05:23.755 [main] DEBUG o.h.p.w.spi.MetamodelGraphWalker - Visiting attribute path : seller.tickets
13:05:23.755 [main] DEBUG o.h.l.p.b.i.spaces.QuerySpacesImpl - Adding QuerySpace : uid = <gen:4> -> org.hibernate.loader.plan.build.internal.spaces.CollectionQuerySpaceImpl@428bdd72]
13:05:23.755 [main] DEBUG o.h.l.p.b.i.spaces.QuerySpacesImpl - Adding QuerySpace : uid = <gen:5> -> org.hibernate.loader.plan.build.internal.spaces.EntityQuerySpaceImpl@650c405c]
13:05:23.755 [main] DEBUG o.h.p.w.spi.MetamodelGraphWalker - Visiting attribute path : seller.people
13:05:23.755 [main] DEBUG o.h.l.p.b.i.spaces.QuerySpacesImpl - Adding QuerySpace : uid = <gen:6> -> org.hibernate.loader.plan.build.internal.spaces.CollectionQuerySpaceImpl@20eaeaf8]
13:05:23.755 [main] DEBUG o.h.l.p.b.i.spaces.QuerySpacesImpl - Adding QuerySpace : uid = <gen:7> -> org.hibernate.loader.plan.build.internal.spaces.EntityQuerySpaceImpl@748ac6f3]
13:05:23.755 [main] DEBUG o.h.p.w.spi.MetamodelGraphWalker - Visiting attribute path : seller.isWorking
13:05:23.755 [main] DEBUG o.h.p.w.spi.MetamodelGraphWalker - Visiting attribute path : person
13:05:23.755 [main] DEBUG o.h.l.p.b.i.spaces.QuerySpacesImpl - Adding QuerySpace : uid = <gen:8> -> org.hibernate.loader.plan.build.internal.spaces.EntityQuerySpaceImpl@68f6e55d]
13:05:23.755 [main] DEBUG o.h.p.w.spi.MetamodelGraphWalker - Visiting attribute path : person.birthdate
13:05:23.755 [main] DEBUG o.h.p.w.spi.MetamodelGraphWalker - Visiting attribute path : person.cardNum
13:05:23.755 [main] DEBUG o.h.l.p.b.i.spaces.QuerySpacesImpl - Adding QuerySpace : uid = <gen:9> -> org.hibernate.loader.plan.build.internal.spaces.EntityQuerySpaceImpl@1835dc92]
13:05:23.755 [main] DEBUG o.h.p.w.spi.MetamodelGraphWalker - Visiting attribute path : person.cardNum.emissionDate
13:05:23.755 [main] DEBUG o.h.p.w.spi.MetamodelGraphWalker - Visiting attribute path : person.cardNum.expirationDate
13:05:23.755 [main] DEBUG o.h.p.w.spi.MetamodelGraphWalker - Visiting attribute path : person.cardNum.person
13:05:23.755 [main] DEBUG o.h.p.w.spi.MetamodelGraphWalker - Property path deemed to be circular : person.cardNum.person
13:05:23.755 [main] DEBUG o.h.p.w.spi.MetamodelGraphWalker - Visiting attribute path : person.firstName
13:05:23.755 [main] DEBUG o.h.p.w.spi.MetamodelGraphWalker - Visiting attribute path : person.lastName
13:05:23.755 [main] DEBUG o.h.p.w.spi.MetamodelGraphWalker - Visiting attribute path : sellers
13:05:23.755 [main] DEBUG o.h.l.p.b.i.spaces.QuerySpacesImpl - Adding QuerySpace : uid = <gen:10> -> org.hibernate.loader.plan.build.internal.spaces.EntityQuerySpaceImpl@65a9ea3c]
13:05:23.755 [main] DEBUG o.h.p.w.spi.MetamodelGraphWalker - Visiting attribute path : sellers.name
13:05:23.755 [main] DEBUG o.h.p.w.spi.MetamodelGraphWalker - Visiting attribute path : sellers.passes
13:05:23.755 [main] DEBUG o.h.l.p.b.i.spaces.QuerySpacesImpl - Adding QuerySpace : uid = <gen:11> -> org.hibernate.loader.plan.build.internal.spaces.CollectionQuerySpaceImpl@46911148]
13:05:23.755 [main] DEBUG o.h.l.p.b.i.spaces.QuerySpacesImpl - Adding QuerySpace : uid = <gen:12> -> org.hibernate.loader.plan.build.internal.spaces.EntityQuerySpaceImpl@2db1b657]
13:05:23.755 [main] DEBUG o.h.p.w.spi.MetamodelGraphWalker - Visiting attribute path : sellers.tickets
13:05:23.757 [main] DEBUG o.h.l.p.b.i.spaces.QuerySpacesImpl - Adding QuerySpace : uid = <gen:13> -> org.hibernate.loader.plan.build.internal.spaces.CollectionQuerySpaceImpl@7e351d7]
13:05:23.757 [main] DEBUG o.h.l.p.b.i.spaces.QuerySpacesImpl - Adding QuerySpace : uid = <gen:14> -> org.hibernate.loader.plan.build.internal.spaces.EntityQuerySpaceImpl@43c57161]
13:05:23.757 [main] DEBUG o.h.p.w.spi.MetamodelGraphWalker - Visiting attribute path : sellers.people
13:05:23.757 [main] DEBUG o.h.l.p.b.i.spaces.QuerySpacesImpl - Adding QuerySpace : uid = <gen:15> -> org.hibernate.loader.plan.build.internal.spaces.CollectionQuerySpaceImpl@d902300]
13:05:23.757 [main] DEBUG o.h.l.p.b.i.spaces.QuerySpacesImpl - Adding QuerySpace : uid = <gen:16> -> org.hibernate.loader.plan.build.internal.spaces.EntityQuerySpaceImpl@2db33feb]
13:05:23.757 [main] DEBUG o.h.p.w.spi.MetamodelGraphWalker - Visiting attribute path : sellers.isWorking
13:05:23.757 [main] DEBUG o.h.p.w.spi.MetamodelGraphWalker - Visiting attribute path : validity
13:05:23.757 [main] DEBUG o.h.l.p.b.i.FetchStyleLoadPlanBuildingAssociationVisitationStrategy - Building LoadPlan...
13:05:23.757 [main] DEBUG o.h.l.p.e.i.LoadQueryJoinAndFetchProcessor - processing queryspace <gen:0>
13:05:23.757 [main] DEBUG o.h.l.p.b.spi.LoadPlanTreePrinter - LoadPlan(entity=Classes.Ticket)
    - Returns
       - EntityReturnImpl(entity=Classes.Ticket, querySpaceUid=<gen:0>, path=Classes.Ticket)
          - EntityAttributeFetchImpl(entity=Abstract.TicketSeller, querySpaceUid=<gen:1>, path=Classes.Ticket.seller)
             - CollectionAttributeFetchImpl(collection=Abstract.TicketSeller.passes, querySpaceUid=<gen:2>, path=Classes.Ticket.seller.passes)
                - (collection element) CollectionFetchableElementEntityGraph(entity=Classes.Pass, querySpaceUid=<gen:3>, path=Classes.Ticket.seller.passes.<elements>)
             - CollectionAttributeFetchImpl(collection=Abstract.TicketSeller.tickets, querySpaceUid=<gen:4>, path=Classes.Ticket.seller.tickets)
                - (collection element) CollectionFetchableElementEntityGraph(entity=Classes.Ticket, querySpaceUid=<gen:5>, path=Classes.Ticket.seller.tickets.<elements>)
             - CollectionAttributeFetchImpl(collection=Classes.Shop.people, querySpaceUid=<gen:6>, path=Classes.Ticket.seller.people)
                - (collection element) CollectionFetchableElementEntityGraph(entity=Classes.Person, querySpaceUid=<gen:7>, path=Classes.Ticket.seller.people.<elements>)
          - EntityAttributeFetchImpl(entity=Classes.Person, querySpaceUid=<gen:8>, path=Classes.Ticket.person)
             - EntityAttributeFetchImpl(entity=Classes.Card, querySpaceUid=<gen:9>, path=Classes.Ticket.person.cardNum)
          - EntityAttributeFetchImpl(entity=Abstract.TicketSeller, querySpaceUid=<gen:10>, path=Classes.Ticket.sellers)
             - CollectionAttributeFetchImpl(collection=Abstract.TicketSeller.passes, querySpaceUid=<gen:11>, path=Classes.Ticket.sellers.passes)
                - (collection element) CollectionFetchableElementEntityGraph(entity=Classes.Pass, querySpaceUid=<gen:12>, path=Classes.Ticket.sellers.passes.<elements>)
             - CollectionAttributeFetchImpl(collection=Abstract.TicketSeller.tickets, querySpaceUid=<gen:13>, path=Classes.Ticket.sellers.tickets)
                - (collection element) CollectionFetchableElementEntityGraph(entity=Classes.Ticket, querySpaceUid=<gen:14>, path=Classes.Ticket.sellers.tickets.<elements>)
             - CollectionAttributeFetchImpl(collection=Classes.Shop.people, querySpaceUid=<gen:15>, path=Classes.Ticket.sellers.people)
                - (collection element) CollectionFetchableElementEntityGraph(entity=Classes.Person, querySpaceUid=<gen:16>, path=Classes.Ticket.sellers.people.<elements>)
    - QuerySpaces
       - EntityQuerySpaceImpl(uid=<gen:0>, entity=Classes.Ticket)
          - SQL table alias mapping - ticket0_
          - alias suffix - 0_
          - suffixed key columns - {id2_2_0_}
          - JOIN (JoinDefinedByMetadata(seller)) : <gen:0> -> <gen:1>
             - EntityQuerySpaceImpl(uid=<gen:1>, entity=Abstract.TicketSeller)
                - SQL table alias mapping - ticketsell1_
                - alias suffix - 1_
                - suffixed key columns - {id2_3_1_}
          - JOIN (JoinDefinedByMetadata(person)) : <gen:0> -> <gen:8>
             - EntityQuerySpaceImpl(uid=<gen:8>, entity=Classes.Person)
                - SQL table alias mapping - person2_
                - alias suffix - 2_
                - suffixed key columns - {id1_1_2_}
                - JOIN (JoinDefinedByMetadata(cardNum)) : <gen:8> -> <gen:9>
                   - EntityQuerySpaceImpl(uid=<gen:9>, entity=Classes.Card)
                      - SQL table alias mapping - card3_
                      - alias suffix - 3_
                      - suffixed key columns - {id1_0_3_}
          - JOIN (JoinDefinedByMetadata(sellers)) : <gen:0> -> <gen:10>
             - EntityQuerySpaceImpl(uid=<gen:10>, entity=Abstract.TicketSeller)
                - SQL table alias mapping - ticketsell4_
                - alias suffix - 4_
                - suffixed key columns - {id2_3_4_}

13:05:23.757 [main] DEBUG o.h.loader.entity.plan.EntityLoader - Static select for entity Classes.Ticket [NONE]: select ticket0_.id as id2_2_0_, ticket0_.seller_id as seller_i4_2_0_, ticket0_.person_id as person_i5_2_0_, ticket0_.sellers_id as sellers_6_2_0_, ticket0_.validity as validity3_2_0_, ticket0_.DTYPE as dtype1_2_0_, ticketsell1_.id as id2_3_1_, ticketsell1_.seller_name as seller_n3_3_1_, ticketsell1_.isWorking as isworkin4_3_1_, ticketsell1_.type as type1_3_1_, person2_.id as id1_1_2_, person2_.birthdate as birthdat2_1_2_, person2_.cardNum_id as cardnum_5_1_2_, person2_.firstName as firstnam3_1_2_, person2_.lastName as lastname4_1_2_, card3_.id as id1_0_3_, card3_.emissionDate as emission2_0_3_, card3_.expirationDate as expirati3_0_3_, ticketsell4_.id as id2_3_4_, ticketsell4_.seller_name as seller_n3_3_4_, ticketsell4_.isWorking as isworkin4_3_4_, ticketsell4_.type as type1_3_4_ from Ticket ticket0_ left outer join TicketSeller ticketsell1_ on ticket0_.seller_id=ticketsell1_.id left outer join Person person2_ on ticket0_.person_id=person2_.id left outer join Card card3_ on person2_.cardNum_id=card3_.id left outer join TicketSeller ticketsell4_ on ticket0_.sellers_id=ticketsell4_.id where ticket0_.id=?
13:05:23.757 [main] DEBUG o.h.p.entity.AbstractEntityPersister - Static SQL for entity: Classes.VendingMachine
13:05:23.757 [main] DEBUG o.h.p.entity.AbstractEntityPersister -  Version select: select id from TicketSeller where id =?
13:05:23.757 [main] DEBUG o.h.p.entity.AbstractEntityPersister -  Snapshot select: select vendingmac_.id, vendingmac_.seller_name as seller_n3_3_, vendingmac_.isWorking as isworkin4_3_ from TicketSeller vendingmac_ where vendingmac_.id=?
13:05:23.757 [main] DEBUG o.h.p.entity.AbstractEntityPersister -  Insert 0: insert into TicketSeller (seller_name, isWorking, type, id) values (?, ?, 'vending_machine', ?)
13:05:23.757 [main] DEBUG o.h.p.entity.AbstractEntityPersister -  Update 0: update TicketSeller set seller_name=?, isWorking=? where id=?
13:05:23.757 [main] DEBUG o.h.p.entity.AbstractEntityPersister -  Delete 0: delete from TicketSeller where id=?
13:05:23.757 [main] DEBUG o.h.l.p.b.i.spaces.QuerySpacesImpl - Adding QuerySpace : uid = <gen:0> -> org.hibernate.loader.plan.build.internal.spaces.EntityQuerySpaceImpl@30c3ae63]
13:05:23.757 [main] DEBUG o.h.p.w.spi.MetamodelGraphWalker - Visiting attribute path : name
13:05:23.757 [main] DEBUG o.h.p.w.spi.MetamodelGraphWalker - Visiting attribute path : passes
13:05:23.758 [main] DEBUG o.h.l.p.b.i.spaces.QuerySpacesImpl - Adding QuerySpace : uid = <gen:1> -> org.hibernate.loader.plan.build.internal.spaces.CollectionQuerySpaceImpl@54e12f4c]
13:05:23.758 [main] DEBUG o.h.l.p.b.i.spaces.QuerySpacesImpl - Adding QuerySpace : uid = <gen:2> -> org.hibernate.loader.plan.build.internal.spaces.EntityQuerySpaceImpl@60990e5c]
13:05:23.758 [main] DEBUG o.h.p.w.spi.MetamodelGraphWalker - Visiting attribute path : tickets
13:05:23.758 [main] DEBUG o.h.l.p.b.i.spaces.QuerySpacesImpl - Adding QuerySpace : uid = <gen:3> -> org.hibernate.loader.plan.build.internal.spaces.CollectionQuerySpaceImpl@4d84049a]
13:05:23.758 [main] DEBUG o.h.l.p.b.i.spaces.QuerySpacesImpl - Adding QuerySpace : uid = <gen:4> -> org.hibernate.loader.plan.build.internal.spaces.EntityQuerySpaceImpl@39ee94de]
13:05:23.758 [main] DEBUG o.h.p.w.spi.MetamodelGraphWalker - Visiting attribute path : isWorking
13:05:23.758 [main] DEBUG o.h.l.p.b.i.FetchStyleLoadPlanBuildingAssociationVisitationStrategy - Building LoadPlan...
13:05:23.758 [main] DEBUG o.h.l.p.e.i.LoadQueryJoinAndFetchProcessor - processing queryspace <gen:0>
13:05:23.758 [main] DEBUG o.h.l.p.b.spi.LoadPlanTreePrinter - LoadPlan(entity=Classes.VendingMachine)
    - Returns
       - EntityReturnImpl(entity=Classes.VendingMachine, querySpaceUid=<gen:0>, path=Classes.VendingMachine)
          - CollectionAttributeFetchImpl(collection=Abstract.TicketSeller.passes, querySpaceUid=<gen:1>, path=Classes.VendingMachine.passes)
             - (collection element) CollectionFetchableElementEntityGraph(entity=Classes.Pass, querySpaceUid=<gen:2>, path=Classes.VendingMachine.passes.<elements>)
          - CollectionAttributeFetchImpl(collection=Abstract.TicketSeller.tickets, querySpaceUid=<gen:3>, path=Classes.VendingMachine.tickets)
             - (collection element) CollectionFetchableElementEntityGraph(entity=Classes.Ticket, querySpaceUid=<gen:4>, path=Classes.VendingMachine.tickets.<elements>)
    - QuerySpaces
       - EntityQuerySpaceImpl(uid=<gen:0>, entity=Classes.VendingMachine)
          - SQL table alias mapping - vendingmac0_
          - alias suffix - 0_
          - suffixed key columns - {id2_3_0_}

13:05:23.758 [main] DEBUG o.h.loader.entity.plan.EntityLoader - Static select for entity Classes.VendingMachine [NONE]: select vendingmac0_.id as id2_3_0_, vendingmac0_.seller_name as seller_n3_3_0_, vendingmac0_.isWorking as isworkin4_3_0_ from TicketSeller vendingmac0_ where vendingmac0_.id=? and vendingmac0_.type='vending_machine'
13:05:23.760 [main] DEBUG o.h.l.p.b.i.spaces.QuerySpacesImpl - Adding QuerySpace : uid = <gen:0> -> org.hibernate.loader.plan.build.internal.spaces.CollectionQuerySpaceImpl@6bcb12e6]
13:05:23.760 [main] DEBUG o.h.l.p.b.i.spaces.QuerySpacesImpl - Adding QuerySpace : uid = <gen:1> -> org.hibernate.loader.plan.build.internal.spaces.EntityQuerySpaceImpl@111d5c97]
13:05:23.761 [main] DEBUG o.h.p.w.spi.MetamodelGraphWalker - Visiting attribute path : seller
13:05:23.761 [main] DEBUG o.h.l.p.b.i.spaces.QuerySpacesImpl - Adding QuerySpace : uid = <gen:2> -> org.hibernate.loader.plan.build.internal.spaces.EntityQuerySpaceImpl@30ec7d21]
13:05:23.761 [main] DEBUG o.h.p.w.spi.MetamodelGraphWalker - Visiting attribute path : seller.name
13:05:23.761 [main] DEBUG o.h.p.w.spi.MetamodelGraphWalker - Visiting attribute path : seller.passes
13:05:23.761 [main] DEBUG o.h.p.w.spi.MetamodelGraphWalker - Property path deemed to be circular : seller.passes
13:05:23.761 [main] DEBUG o.h.p.w.spi.MetamodelGraphWalker - Visiting attribute path : seller.tickets
13:05:23.761 [main] DEBUG o.h.p.w.spi.MetamodelGraphWalker - Property path deemed to be circular : seller.tickets
13:05:23.761 [main] DEBUG o.h.p.w.spi.MetamodelGraphWalker - Visiting attribute path : seller.people
13:05:23.761 [main] DEBUG o.h.l.p.b.i.spaces.QuerySpacesImpl - Adding QuerySpace : uid = <gen:3> -> org.hibernate.loader.plan.build.internal.spaces.CollectionQuerySpaceImpl@7efa3f63]
13:05:23.761 [main] DEBUG o.h.l.p.b.i.spaces.QuerySpacesImpl - Adding QuerySpace : uid = <gen:4> -> org.hibernate.loader.plan.build.internal.spaces.EntityQuerySpaceImpl@7134b8a7]
13:05:23.761 [main] DEBUG o.h.p.w.spi.MetamodelGraphWalker - Visiting attribute path : seller.isWorking
13:05:23.761 [main] DEBUG o.h.p.w.spi.MetamodelGraphWalker - Visiting attribute path : person
13:05:23.761 [main] DEBUG o.h.l.p.b.i.spaces.QuerySpacesImpl - Adding QuerySpace : uid = <gen:5> -> org.hibernate.loader.plan.build.internal.spaces.EntityQuerySpaceImpl@2262d6d5]
13:05:23.761 [main] DEBUG o.h.p.w.spi.MetamodelGraphWalker - Visiting attribute path : person.birthdate
13:05:23.761 [main] DEBUG o.h.p.w.spi.MetamodelGraphWalker - Visiting attribute path : person.cardNum
13:05:23.761 [main] DEBUG o.h.l.p.b.i.spaces.QuerySpacesImpl - Adding QuerySpace : uid = <gen:6> -> org.hibernate.loader.plan.build.internal.spaces.EntityQuerySpaceImpl@6ff0b1cc]
13:05:23.761 [main] DEBUG o.h.p.w.spi.MetamodelGraphWalker - Visiting attribute path : person.cardNum.emissionDate
13:05:23.761 [main] DEBUG o.h.p.w.spi.MetamodelGraphWalker - Visiting attribute path : person.cardNum.expirationDate
13:05:23.761 [main] DEBUG o.h.p.w.spi.MetamodelGraphWalker - Visiting attribute path : person.cardNum.person
13:05:23.761 [main] DEBUG o.h.p.w.spi.MetamodelGraphWalker - Property path deemed to be circular : person.cardNum.person
13:05:23.761 [main] DEBUG o.h.p.w.spi.MetamodelGraphWalker - Visiting attribute path : person.firstName
13:05:23.761 [main] DEBUG o.h.p.w.spi.MetamodelGraphWalker - Visiting attribute path : person.lastName
13:05:23.761 [main] DEBUG o.h.p.w.spi.MetamodelGraphWalker - Visiting attribute path : sellers
13:05:23.761 [main] DEBUG o.h.l.p.b.i.spaces.QuerySpacesImpl - Adding QuerySpace : uid = <gen:7> -> org.hibernate.loader.plan.build.internal.spaces.EntityQuerySpaceImpl@f3560d4]
13:05:23.761 [main] DEBUG o.h.p.w.spi.MetamodelGraphWalker - Visiting attribute path : sellers.name
13:05:23.761 [main] DEBUG o.h.p.w.spi.MetamodelGraphWalker - Visiting attribute path : sellers.passes
13:05:23.761 [main] DEBUG o.h.p.w.spi.MetamodelGraphWalker - Property path deemed to be circular : sellers.passes
13:05:23.761 [main] DEBUG o.h.p.w.spi.MetamodelGraphWalker - Visiting attribute path : sellers.tickets
13:05:23.761 [main] DEBUG o.h.p.w.spi.MetamodelGraphWalker - Property path deemed to be circular : sellers.tickets
13:05:23.761 [main] DEBUG o.h.p.w.spi.MetamodelGraphWalker - Visiting attribute path : sellers.people
13:05:23.761 [main] DEBUG o.h.l.p.b.i.spaces.QuerySpacesImpl - Adding QuerySpace : uid = <gen:8> -> org.hibernate.loader.plan.build.internal.spaces.CollectionQuerySpaceImpl@51b77cdf]
13:05:23.761 [main] DEBUG o.h.l.p.b.i.spaces.QuerySpacesImpl - Adding QuerySpace : uid = <gen:9> -> org.hibernate.loader.plan.build.internal.spaces.EntityQuerySpaceImpl@441fbe89]
13:05:23.761 [main] DEBUG o.h.p.w.spi.MetamodelGraphWalker - Visiting attribute path : sellers.isWorking
13:05:23.761 [main] DEBUG o.h.p.w.spi.MetamodelGraphWalker - Visiting attribute path : validity
13:05:23.761 [main] DEBUG o.h.l.p.b.i.FetchStyleLoadPlanBuildingAssociationVisitationStrategy - Building LoadPlan...
13:05:23.763 [main] DEBUG o.h.l.p.e.i.LoadQueryJoinAndFetchProcessor - processing queryspace <gen:0>
13:05:23.764 [main] DEBUG o.h.l.p.b.spi.LoadPlanTreePrinter - LoadPlan(collection=Abstract.TicketSeller.tickets)
    - Returns
       - CollectionReturnImpl(collection=Abstract.TicketSeller.tickets, querySpaceUid=<gen:0>, path=[Abstract.TicketSeller.tickets])
          - (collection element) CollectionFetchableElementEntityGraph(entity=Classes.Ticket, querySpaceUid=<gen:1>, path=[Abstract.TicketSeller.tickets].<elements>)
             - EntityAttributeFetchImpl(entity=Abstract.TicketSeller, querySpaceUid=<gen:2>, path=[Abstract.TicketSeller.tickets].<elements>.seller)
                - CollectionAttributeFetchImpl(collection=Classes.Shop.people, querySpaceUid=<gen:3>, path=[Abstract.TicketSeller.tickets].<elements>.seller.people)
                   - (collection element) CollectionFetchableElementEntityGraph(entity=Classes.Person, querySpaceUid=<gen:4>, path=[Abstract.TicketSeller.tickets].<elements>.seller.people.<elements>)
             - EntityAttributeFetchImpl(entity=Classes.Person, querySpaceUid=<gen:5>, path=[Abstract.TicketSeller.tickets].<elements>.person)
                - EntityAttributeFetchImpl(entity=Classes.Card, querySpaceUid=<gen:6>, path=[Abstract.TicketSeller.tickets].<elements>.person.cardNum)
             - EntityAttributeFetchImpl(entity=Abstract.TicketSeller, querySpaceUid=<gen:7>, path=[Abstract.TicketSeller.tickets].<elements>.sellers)
                - CollectionAttributeFetchImpl(collection=Classes.Shop.people, querySpaceUid=<gen:8>, path=[Abstract.TicketSeller.tickets].<elements>.sellers.people)
                   - (collection element) CollectionFetchableElementEntityGraph(entity=Classes.Person, querySpaceUid=<gen:9>, path=[Abstract.TicketSeller.tickets].<elements>.sellers.people.<elements>)
    - QuerySpaces
       - CollectionQuerySpaceImpl(uid=<gen:0>, collection=Abstract.TicketSeller.tickets)
          - SQL table alias mapping - tickets0_
          - alias suffix - 0_
          - suffixed key columns - {ticketse1_5_0_}
          - entity-element alias suffix - 1_
          - 1_entity-element suffixed key columns - id2_2_1_
          - JOIN (JoinDefinedByMetadata(elements)) : <gen:0> -> <gen:1>
             - EntityQuerySpaceImpl(uid=<gen:1>, entity=Classes.Ticket)
                - SQL table alias mapping - ticket1_
                - alias suffix - 1_
                - suffixed key columns - {id2_2_1_}
                - JOIN (JoinDefinedByMetadata(seller)) : <gen:1> -> <gen:2>
                   - EntityQuerySpaceImpl(uid=<gen:2>, entity=Abstract.TicketSeller)
                      - SQL table alias mapping - ticketsell2_
                      - alias suffix - 2_
                      - suffixed key columns - {id2_3_2_}
                - JOIN (JoinDefinedByMetadata(person)) : <gen:1> -> <gen:5>
                   - EntityQuerySpaceImpl(uid=<gen:5>, entity=Classes.Person)
                      - SQL table alias mapping - person3_
                      - alias suffix - 3_
                      - suffixed key columns - {id1_1_3_}
                      - JOIN (JoinDefinedByMetadata(cardNum)) : <gen:5> -> <gen:6>
                         - EntityQuerySpaceImpl(uid=<gen:6>, entity=Classes.Card)
                            - SQL table alias mapping - card4_
                            - alias suffix - 4_
                            - suffixed key columns - {id1_0_4_}
                - JOIN (JoinDefinedByMetadata(sellers)) : <gen:1> -> <gen:7>
                   - EntityQuerySpaceImpl(uid=<gen:7>, entity=Abstract.TicketSeller)
                      - SQL table alias mapping - ticketsell5_
                      - alias suffix - 5_
                      - suffixed key columns - {id2_3_5_}

13:05:23.764 [main] DEBUG o.h.l.c.plan.CollectionLoader - Static select for collection Abstract.TicketSeller.tickets: select tickets0_.TicketSeller_id as ticketse1_5_0_, tickets0_.tickets_id as tickets_2_5_0_, ticket1_.id as id2_2_1_, ticket1_.seller_id as seller_i4_2_1_, ticket1_.person_id as person_i5_2_1_, ticket1_.sellers_id as sellers_6_2_1_, ticket1_.validity as validity3_2_1_, ticket1_.DTYPE as dtype1_2_1_, ticketsell2_.id as id2_3_2_, ticketsell2_.seller_name as seller_n3_3_2_, ticketsell2_.isWorking as isworkin4_3_2_, ticketsell2_.type as type1_3_2_, person3_.id as id1_1_3_, person3_.birthdate as birthdat2_1_3_, person3_.cardNum_id as cardnum_5_1_3_, person3_.firstName as firstnam3_1_3_, person3_.lastName as lastname4_1_3_, card4_.id as id1_0_4_, card4_.emissionDate as emission2_0_4_, card4_.expirationDate as expirati3_0_4_, ticketsell5_.id as id2_3_5_, ticketsell5_.seller_name as seller_n3_3_5_, ticketsell5_.isWorking as isworkin4_3_5_, ticketsell5_.type as type1_3_5_ from TicketSeller_Ticket tickets0_ inner join Ticket ticket1_ on tickets0_.tickets_id=ticket1_.id left outer join TicketSeller ticketsell2_ on ticket1_.seller_id=ticketsell2_.id left outer join Person person3_ on ticket1_.person_id=person3_.id left outer join Card card4_ on person3_.cardNum_id=card4_.id left outer join TicketSeller ticketsell5_ on ticket1_.sellers_id=ticketsell5_.id where tickets0_.TicketSeller_id=?
13:05:23.764 [main] DEBUG o.h.l.p.b.i.spaces.QuerySpacesImpl - Adding QuerySpace : uid = <gen:0> -> org.hibernate.loader.plan.build.internal.spaces.CollectionQuerySpaceImpl@5568c66f]
13:05:23.764 [main] DEBUG o.h.l.p.b.i.spaces.QuerySpacesImpl - Adding QuerySpace : uid = <gen:1> -> org.hibernate.loader.plan.build.internal.spaces.EntityQuerySpaceImpl@e784320]
13:05:23.764 [main] DEBUG o.h.p.w.spi.MetamodelGraphWalker - Visiting attribute path : seller
13:05:23.764 [main] DEBUG o.h.l.p.b.i.spaces.QuerySpacesImpl - Adding QuerySpace : uid = <gen:2> -> org.hibernate.loader.plan.build.internal.spaces.EntityQuerySpaceImpl@4bdf]
13:05:23.764 [main] DEBUG o.h.p.w.spi.MetamodelGraphWalker - Visiting attribute path : seller.name
13:05:23.764 [main] DEBUG o.h.p.w.spi.MetamodelGraphWalker - Visiting attribute path : seller.passes
13:05:23.764 [main] DEBUG o.h.p.w.spi.MetamodelGraphWalker - Property path deemed to be circular : seller.passes
13:05:23.764 [main] DEBUG o.h.p.w.spi.MetamodelGraphWalker - Visiting attribute path : seller.tickets
13:05:23.764 [main] DEBUG o.h.p.w.spi.MetamodelGraphWalker - Property path deemed to be circular : seller.tickets
13:05:23.764 [main] DEBUG o.h.p.w.spi.MetamodelGraphWalker - Visiting attribute path : seller.people
13:05:23.764 [main] DEBUG o.h.l.p.b.i.spaces.QuerySpacesImpl - Adding QuerySpace : uid = <gen:3> -> org.hibernate.loader.plan.build.internal.spaces.CollectionQuerySpaceImpl@2c63762b]
13:05:23.764 [main] DEBUG o.h.l.p.b.i.spaces.QuerySpacesImpl - Adding QuerySpace : uid = <gen:4> -> org.hibernate.loader.plan.build.internal.spaces.EntityQuerySpaceImpl@7a9eccc4]
13:05:23.764 [main] DEBUG o.h.p.w.spi.MetamodelGraphWalker - Visiting attribute path : seller.isWorking
13:05:23.764 [main] DEBUG o.h.p.w.spi.MetamodelGraphWalker - Visiting attribute path : person
13:05:23.764 [main] DEBUG o.h.l.p.b.i.spaces.QuerySpacesImpl - Adding QuerySpace : uid = <gen:5> -> org.hibernate.loader.plan.build.internal.spaces.EntityQuerySpaceImpl@78422efb]
13:05:23.764 [main] DEBUG o.h.p.w.spi.MetamodelGraphWalker - Visiting attribute path : person.birthdate
13:05:23.764 [main] DEBUG o.h.p.w.spi.MetamodelGraphWalker - Visiting attribute path : person.cardNum
13:05:23.764 [main] DEBUG o.h.l.p.b.i.spaces.QuerySpacesImpl - Adding QuerySpace : uid = <gen:6> -> org.hibernate.loader.plan.build.internal.spaces.EntityQuerySpaceImpl@68e02f33]
13:05:23.764 [main] DEBUG o.h.p.w.spi.MetamodelGraphWalker - Visiting attribute path : person.cardNum.emissionDate
13:05:23.764 [main] DEBUG o.h.p.w.spi.MetamodelGraphWalker - Visiting attribute path : person.cardNum.expirationDate
13:05:23.764 [main] DEBUG o.h.p.w.spi.MetamodelGraphWalker - Visiting attribute path : person.cardNum.person
13:05:23.764 [main] DEBUG o.h.p.w.spi.MetamodelGraphWalker - Property path deemed to be circular : person.cardNum.person
13:05:23.764 [main] DEBUG o.h.p.w.spi.MetamodelGraphWalker - Visiting attribute path : person.firstName
13:05:23.764 [main] DEBUG o.h.p.w.spi.MetamodelGraphWalker - Visiting attribute path : person.lastName
13:05:23.764 [main] DEBUG o.h.p.w.spi.MetamodelGraphWalker - Visiting attribute path : sellers
13:05:23.764 [main] DEBUG o.h.l.p.b.i.spaces.QuerySpacesImpl - Adding QuerySpace : uid = <gen:7> -> org.hibernate.loader.plan.build.internal.spaces.EntityQuerySpaceImpl@d48e998]
13:05:23.764 [main] DEBUG o.h.p.w.spi.MetamodelGraphWalker - Visiting attribute path : sellers.name
13:05:23.764 [main] DEBUG o.h.p.w.spi.MetamodelGraphWalker - Visiting attribute path : sellers.passes
13:05:23.764 [main] DEBUG o.h.p.w.spi.MetamodelGraphWalker - Property path deemed to be circular : sellers.passes
13:05:23.764 [main] DEBUG o.h.p.w.spi.MetamodelGraphWalker - Visiting attribute path : sellers.tickets
13:05:23.764 [main] DEBUG o.h.p.w.spi.MetamodelGraphWalker - Property path deemed to be circular : sellers.tickets
13:05:23.764 [main] DEBUG o.h.p.w.spi.MetamodelGraphWalker - Visiting attribute path : sellers.people
13:05:23.764 [main] DEBUG o.h.l.p.b.i.spaces.QuerySpacesImpl - Adding QuerySpace : uid = <gen:8> -> org.hibernate.loader.plan.build.internal.spaces.CollectionQuerySpaceImpl@158ae284]
13:05:23.764 [main] DEBUG o.h.l.p.b.i.spaces.QuerySpacesImpl - Adding QuerySpace : uid = <gen:9> -> org.hibernate.loader.plan.build.internal.spaces.EntityQuerySpaceImpl@50eb4a2c]
13:05:23.764 [main] DEBUG o.h.p.w.spi.MetamodelGraphWalker - Visiting attribute path : sellers.isWorking
13:05:23.764 [main] DEBUG o.h.p.w.spi.MetamodelGraphWalker - Visiting attribute path : validity
13:05:23.765 [main] DEBUG o.h.l.p.b.i.FetchStyleLoadPlanBuildingAssociationVisitationStrategy - Building LoadPlan...
13:05:23.765 [main] DEBUG o.h.l.p.e.i.LoadQueryJoinAndFetchProcessor - processing queryspace <gen:0>
13:05:23.765 [main] DEBUG o.h.l.p.b.spi.LoadPlanTreePrinter - LoadPlan(collection=Abstract.TicketSeller.passes)
    - Returns
       - CollectionReturnImpl(collection=Abstract.TicketSeller.passes, querySpaceUid=<gen:0>, path=[Abstract.TicketSeller.passes])
          - (collection element) CollectionFetchableElementEntityGraph(entity=Classes.Pass, querySpaceUid=<gen:1>, path=[Abstract.TicketSeller.passes].<elements>)
             - EntityAttributeFetchImpl(entity=Abstract.TicketSeller, querySpaceUid=<gen:2>, path=[Abstract.TicketSeller.passes].<elements>.seller)
                - CollectionAttributeFetchImpl(collection=Classes.Shop.people, querySpaceUid=<gen:3>, path=[Abstract.TicketSeller.passes].<elements>.seller.people)
                   - (collection element) CollectionFetchableElementEntityGraph(entity=Classes.Person, querySpaceUid=<gen:4>, path=[Abstract.TicketSeller.passes].<elements>.seller.people.<elements>)
             - EntityAttributeFetchImpl(entity=Classes.Person, querySpaceUid=<gen:5>, path=[Abstract.TicketSeller.passes].<elements>.person)
                - EntityAttributeFetchImpl(entity=Classes.Card, querySpaceUid=<gen:6>, path=[Abstract.TicketSeller.passes].<elements>.person.cardNum)
             - EntityAttributeFetchImpl(entity=Abstract.TicketSeller, querySpaceUid=<gen:7>, path=[Abstract.TicketSeller.passes].<elements>.sellers)
                - CollectionAttributeFetchImpl(collection=Classes.Shop.people, querySpaceUid=<gen:8>, path=[Abstract.TicketSeller.passes].<elements>.sellers.people)
                   - (collection element) CollectionFetchableElementEntityGraph(entity=Classes.Person, querySpaceUid=<gen:9>, path=[Abstract.TicketSeller.passes].<elements>.sellers.people.<elements>)
    - QuerySpaces
       - CollectionQuerySpaceImpl(uid=<gen:0>, collection=Abstract.TicketSeller.passes)
          - SQL table alias mapping - passes0_
          - alias suffix - 0_
          - suffixed key columns - {ticketse1_5_0_}
          - entity-element alias suffix - 1_
          - 1_entity-element suffixed key columns - id2_2_1_
          - JOIN (JoinDefinedByMetadata(elements)) : <gen:0> -> <gen:1>
             - EntityQuerySpaceImpl(uid=<gen:1>, entity=Classes.Pass)
                - SQL table alias mapping - pass1_
                - alias suffix - 1_
                - suffixed key columns - {id2_2_1_}
                - JOIN (JoinDefinedByMetadata(seller)) : <gen:1> -> <gen:2>
                   - EntityQuerySpaceImpl(uid=<gen:2>, entity=Abstract.TicketSeller)
                      - SQL table alias mapping - ticketsell2_
                      - alias suffix - 2_
                      - suffixed key columns - {id2_3_2_}
                - JOIN (JoinDefinedByMetadata(person)) : <gen:1> -> <gen:5>
                   - EntityQuerySpaceImpl(uid=<gen:5>, entity=Classes.Person)
                      - SQL table alias mapping - person3_
                      - alias suffix - 3_
                      - suffixed key columns - {id1_1_3_}
                      - JOIN (JoinDefinedByMetadata(cardNum)) : <gen:5> -> <gen:6>
                         - EntityQuerySpaceImpl(uid=<gen:6>, entity=Classes.Card)
                            - SQL table alias mapping - card4_
                            - alias suffix - 4_
                            - suffixed key columns - {id1_0_4_}
                - JOIN (JoinDefinedByMetadata(sellers)) : <gen:1> -> <gen:7>
                   - EntityQuerySpaceImpl(uid=<gen:7>, entity=Abstract.TicketSeller)
                      - SQL table alias mapping - ticketsell5_
                      - alias suffix - 5_
                      - suffixed key columns - {id2_3_5_}

13:05:23.765 [main] DEBUG o.h.l.c.plan.CollectionLoader - Static select for collection Abstract.TicketSeller.passes: select passes0_.TicketSeller_id as ticketse1_5_0_, passes0_.passes_id as passes_i3_5_0_, pass1_.id as id2_2_1_, pass1_.seller_id as seller_i4_2_1_, pass1_.person_id as person_i5_2_1_, pass1_.sellers_id as sellers_6_2_1_, pass1_.validity as validity3_2_1_, ticketsell2_.id as id2_3_2_, ticketsell2_.seller_name as seller_n3_3_2_, ticketsell2_.isWorking as isworkin4_3_2_, ticketsell2_.type as type1_3_2_, person3_.id as id1_1_3_, person3_.birthdate as birthdat2_1_3_, person3_.cardNum_id as cardnum_5_1_3_, person3_.firstName as firstnam3_1_3_, person3_.lastName as lastname4_1_3_, card4_.id as id1_0_4_, card4_.emissionDate as emission2_0_4_, card4_.expirationDate as expirati3_0_4_, ticketsell5_.id as id2_3_5_, ticketsell5_.seller_name as seller_n3_3_5_, ticketsell5_.isWorking as isworkin4_3_5_, ticketsell5_.type as type1_3_5_ from TicketSeller_Ticket passes0_ inner join Ticket pass1_ on passes0_.passes_id=pass1_.id left outer join TicketSeller ticketsell2_ on pass1_.seller_id=ticketsell2_.id left outer join Person person3_ on pass1_.person_id=person3_.id left outer join Card card4_ on person3_.cardNum_id=card4_.id left outer join TicketSeller ticketsell5_ on pass1_.sellers_id=ticketsell5_.id where passes0_.TicketSeller_id=?
13:05:23.765 [main] DEBUG o.h.l.p.b.i.spaces.QuerySpacesImpl - Adding QuerySpace : uid = <gen:0> -> org.hibernate.loader.plan.build.internal.spaces.CollectionQuerySpaceImpl@1a256d80]
13:05:23.765 [main] DEBUG o.h.l.p.b.i.spaces.QuerySpacesImpl - Adding QuerySpace : uid = <gen:1> -> org.hibernate.loader.plan.build.internal.spaces.EntityQuerySpaceImpl@3069a360]
13:05:23.765 [main] DEBUG o.h.p.w.spi.MetamodelGraphWalker - Visiting attribute path : birthdate
13:05:23.765 [main] DEBUG o.h.p.w.spi.MetamodelGraphWalker - Visiting attribute path : cardNum
13:05:23.765 [main] DEBUG o.h.l.p.b.i.spaces.QuerySpacesImpl - Adding QuerySpace : uid = <gen:2> -> org.hibernate.loader.plan.build.internal.spaces.EntityQuerySpaceImpl@497d4c96]
13:05:23.765 [main] DEBUG o.h.p.w.spi.MetamodelGraphWalker - Visiting attribute path : cardNum.emissionDate
13:05:23.765 [main] DEBUG o.h.p.w.spi.MetamodelGraphWalker - Visiting attribute path : cardNum.expirationDate
13:05:23.765 [main] DEBUG o.h.p.w.spi.MetamodelGraphWalker - Visiting attribute path : cardNum.person
13:05:23.765 [main] DEBUG o.h.p.w.spi.MetamodelGraphWalker - Property path deemed to be circular : cardNum.person
13:05:23.765 [main] DEBUG o.h.p.w.spi.MetamodelGraphWalker - Visiting attribute path : firstName
13:05:23.765 [main] DEBUG o.h.p.w.spi.MetamodelGraphWalker - Visiting attribute path : lastName
13:05:23.765 [main] DEBUG o.h.l.p.b.i.FetchStyleLoadPlanBuildingAssociationVisitationStrategy - Building LoadPlan...
13:05:23.765 [main] DEBUG o.h.l.p.e.i.LoadQueryJoinAndFetchProcessor - processing queryspace <gen:0>
13:05:23.765 [main] DEBUG o.h.l.p.b.spi.LoadPlanTreePrinter - LoadPlan(collection=Classes.Shop.people)
    - Returns
       - CollectionReturnImpl(collection=Classes.Shop.people, querySpaceUid=<gen:0>, path=[Classes.Shop.people])
          - (collection element) CollectionFetchableElementEntityGraph(entity=Classes.Person, querySpaceUid=<gen:1>, path=[Classes.Shop.people].<elements>)
             - EntityAttributeFetchImpl(entity=Classes.Card, querySpaceUid=<gen:2>, path=[Classes.Shop.people].<elements>.cardNum)
    - QuerySpaces
       - CollectionQuerySpaceImpl(uid=<gen:0>, collection=Classes.Shop.people)
          - SQL table alias mapping - people0_
          - alias suffix - 0_
          - suffixed key columns - {shop_id1_4_0_}
          - entity-element alias suffix - 1_
          - 1_entity-element suffixed key columns - id1_1_1_
          - JOIN (JoinDefinedByMetadata(elements)) : <gen:0> -> <gen:1>
             - EntityQuerySpaceImpl(uid=<gen:1>, entity=Classes.Person)
                - SQL table alias mapping - person1_
                - alias suffix - 1_
                - suffixed key columns - {id1_1_1_}
                - JOIN (JoinDefinedByMetadata(cardNum)) : <gen:1> -> <gen:2>
                   - EntityQuerySpaceImpl(uid=<gen:2>, entity=Classes.Card)
                      - SQL table alias mapping - card2_
                      - alias suffix - 2_
                      - suffixed key columns - {id1_0_2_}

13:05:23.765 [main] DEBUG o.h.l.c.plan.CollectionLoader - Static select for collection Classes.Shop.people: select people0_.Shop_id as shop_id1_4_0_, people0_.people_id as people_i2_4_0_, person1_.id as id1_1_1_, person1_.birthdate as birthdat2_1_1_, person1_.cardNum_id as cardnum_5_1_1_, person1_.firstName as firstnam3_1_1_, person1_.lastName as lastname4_1_1_, card2_.id as id1_0_2_, card2_.emissionDate as emission2_0_2_, card2_.expirationDate as expirati3_0_2_ from TicketSeller_Person people0_ inner join Person person1_ on people0_.people_id=person1_.id left outer join Card card2_ on person1_.cardNum_id=card2_.id where people0_.Shop_id=?
13:05:23.789 [main] INFO  o.hibernate.orm.connections.access - HHH10001501: Connection obtained from JdbcConnectionAccess [org.hibernate.engine.jdbc.env.internal.JdbcEnvironmentInitiator$ConnectionProviderJdbcConnectionAccess@220c9a63] for (non-JTA) DDL execution was not in auto-commit mode; the Connection 'local transaction' will be committed and the Connection will be set into auto-commit mode.
13:05:23.805 [main] DEBUG org.hibernate.mapping.Table - No alter strings for table : Card
13:05:23.805 [main] DEBUG org.hibernate.mapping.Table - No alter strings for table : Person
13:05:23.805 [main] DEBUG org.hibernate.mapping.Table - No alter strings for table : Ticket
13:05:23.805 [main] DEBUG org.hibernate.mapping.Table - No alter strings for table : TicketSeller
13:05:23.805 [main] DEBUG org.hibernate.mapping.Table - No alter strings for table : TicketSeller_Person
13:05:23.805 [main] DEBUG org.hibernate.mapping.Table - No alter strings for table : TicketSeller_Ticket
13:05:23.863 [main] DEBUG o.h.e.t.j.p.i.JtaPlatformInitiator - No JtaPlatform was specified, checking resolver
13:05:23.863 [main] DEBUG o.h.e.t.j.p.i.JtaPlatformResolverInitiator - No JtaPlatformResolver was specified, using default [org.hibernate.engine.transaction.jta.platform.internal.StandardJtaPlatformResolver]
13:05:23.867 [main] DEBUG o.h.e.t.j.p.i.StandardJtaPlatformResolver - Could not resolve JtaPlatform, using default [org.hibernate.engine.transaction.jta.platform.internal.NoJtaPlatform]
13:05:23.867 [main] INFO  o.h.e.t.j.p.i.JtaPlatformInitiator - HHH000490: Using JtaPlatform implementation: [org.hibernate.engine.transaction.jta.platform.internal.NoJtaPlatform]
13:05:23.869 [main] DEBUG o.h.s.i.SessionFactoryServiceRegistryImpl - EventListenerRegistry access via ServiceRegistry is deprecated.  Use `sessionFactory.getEventEngine().getListenerRegistry()` instead
13:05:23.870 [main] DEBUG o.h.h.i.QueryTranslatorFactoryInitiator - QueryTranslatorFactory: org.hibernate.hql.internal.ast.ASTQueryTranslatorFactory@66fb45e5
13:05:23.874 [main] DEBUG o.h.query.spi.NamedQueryRepository - Checking 0 named HQL queries
13:05:23.874 [main] DEBUG o.h.query.spi.NamedQueryRepository - Checking 0 named SQL queries
13:05:23.874 [main] DEBUG o.h.internal.SessionFactoryRegistry - Initializing SessionFactoryRegistry : org.hibernate.internal.SessionFactoryRegistry@3e3cd6fe
13:05:23.875 [main] DEBUG o.h.internal.SessionFactoryRegistry - Registering SessionFactory: 19f3f015-65d4-4490-81fc-742dbcf828d7 (<unnamed>)
13:05:23.875 [main] DEBUG o.h.internal.SessionFactoryRegistry - Not binding SessionFactory to JNDI, no JNDI name configured
13:05:23.904 [main] DEBUG o.h.s.internal.StatisticsInitiator - Statistics initialized [enabled=false]
13:05:23.907 [main] DEBUG o.h.e.t.internal.TransactionImpl - On TransactionImpl creation, JpaCompliance#isJpaTransactionComplianceEnabled == false
13:05:23.907 [main] DEBUG o.h.e.t.internal.TransactionImpl - begin
13:05:23.915 [main] DEBUG o.hibernate.engine.spi.ActionQueue - Executing identity-insert immediately
13:05:23.917 [main] DEBUG org.hibernate.SQL - insert into Ticket (seller_id, DTYPE) values (?, 'Ticket')
13:05:23.918 [main] DEBUG o.h.id.IdentifierGeneratorHelper - Natively generated identity: 1
13:05:23.918 [main] DEBUG o.h.r.j.i.ResourceRegistryStandardImpl - HHH000387: ResultSet's statement was not registered
13:05:23.920 [main] DEBUG o.h.e.t.internal.TransactionImpl - committing
13:05:23.920 [main] DEBUG o.h.e.i.AbstractFlushingEventListener - Processing flush-time cascades
13:05:23.922 [main] DEBUG o.h.r.t.b.j.i.JdbcResourceLocalTransactionCoordinatorImpl - JDBC transaction marked for rollback-only (exception provided for stack trace)
java.lang.Exception: exception just for purpose of providing stack trace
	at org.hibernate.resource.transaction.backend.jdbc.internal.JdbcResourceLocalTransactionCoordinatorImpl$TransactionDriverControlImpl.markRollbackOnly(JdbcResourceLocalTransactionCoordinatorImpl.java:324)
	at org.hibernate.engine.transaction.internal.TransactionImpl.markRollbackOnly(TransactionImpl.java:203)
	at org.hibernate.internal.AbstractSharedSessionContract.markForRollbackOnly(AbstractSharedSessionContract.java:428)
	at org.hibernate.internal.ExceptionConverterImpl.convert(ExceptionConverterImpl.java:145)
	at org.hibernate.internal.ExceptionConverterImpl.convert(ExceptionConverterImpl.java:181)
	at org.hibernate.internal.ExceptionConverterImpl.convert(ExceptionConverterImpl.java:188)
	at org.hibernate.internal.SessionImpl.doFlush(SessionImpl.java:1411)
	at org.hibernate.internal.SessionImpl.managedFlush(SessionImpl.java:489)
	at org.hibernate.internal.SessionImpl.flushBeforeTransactionCompletion(SessionImpl.java:3303)
	at org.hibernate.internal.SessionImpl.beforeTransactionCompletion(SessionImpl.java:2438)
	at org.hibernate.engine.jdbc.internal.JdbcCoordinatorImpl.beforeTransactionCompletion(JdbcCoordinatorImpl.java:449)
	at org.hibernate.resource.transaction.backend.jdbc.internal.JdbcResourceLocalTransactionCoordinatorImpl.beforeCompletionCallback(JdbcResourceLocalTransactionCoordinatorImpl.java:183)
	at org.hibernate.resource.transaction.backend.jdbc.internal.JdbcResourceLocalTransactionCoordinatorImpl.access$300(JdbcResourceLocalTransactionCoordinatorImpl.java:40)
	at org.hibernate.resource.transaction.backend.jdbc.internal.JdbcResourceLocalTransactionCoordinatorImpl$TransactionDriverControlImpl.commit(JdbcResourceLocalTransactionCoordinatorImpl.java:281)
	at org.hibernate.engine.transaction.internal.TransactionImpl.commit(TransactionImpl.java:101)
	at ClassesDAO.TicketDAO.saveTicket(TicketDAO.java:20)
	at MainClass.MainClass.main(MainClass.java:32)
13:05:23.923 [main] DEBUG o.h.r.t.b.j.i.JdbcResourceLocalTransactionCoordinatorImpl - JDBC transaction marked for rollback-only (exception provided for stack trace)
java.lang.Exception: exception just for purpose of providing stack trace
	at org.hibernate.resource.transaction.backend.jdbc.internal.JdbcResourceLocalTransactionCoordinatorImpl$TransactionDriverControlImpl.markRollbackOnly(JdbcResourceLocalTransactionCoordinatorImpl.java:324)
	at org.hibernate.resource.transaction.backend.jdbc.internal.JdbcResourceLocalTransactionCoordinatorImpl.beforeCompletionCallback(JdbcResourceLocalTransactionCoordinatorImpl.java:192)
	at org.hibernate.resource.transaction.backend.jdbc.internal.JdbcResourceLocalTransactionCoordinatorImpl.access$300(JdbcResourceLocalTransactionCoordinatorImpl.java:40)
	at org.hibernate.resource.transaction.backend.jdbc.internal.JdbcResourceLocalTransactionCoordinatorImpl$TransactionDriverControlImpl.commit(JdbcResourceLocalTransactionCoordinatorImpl.java:281)
	at org.hibernate.engine.transaction.internal.TransactionImpl.commit(TransactionImpl.java:101)
	at ClassesDAO.TicketDAO.saveTicket(TicketDAO.java:20)
	at MainClass.MainClass.main(MainClass.java:32)
13:05:23.923 [main] DEBUG o.h.r.j.i.LogicalConnectionManagedImpl - Initiating JDBC connection release from afterTransaction
13:05:23.923 [main] DEBUG o.h.r.j.i.LogicalConnectionManagedImpl - Initiating JDBC connection release from afterTransaction
13:05:23.924 [main] DEBUG o.h.e.t.internal.TransactionImpl - rollback() called on an inactive transaction
